C:[16/08/2013 09:07:20.95][190.201.175.202][1138] SELECT pre_cod_asig1,pre_cod_asig2,pre_cod_asig3,pre_cod_asig4,pre_cod_asig5,pre_cod_asig6,pre_cod_asig7 FROM tblaca009 WHERE pensum='5' AND c_uni_ca='5' AND c_asigna='355696' [1][0] OK
C:[16/08/2013 09:07:20.95][190.201.175.202][1151] SELECT c_asigna FROM dace004 WHERE exp_e='10-22831144' AND c_asigna='355570' AND status IN ('0','3','B','C') [1][0] OK
C:[16/08/2013 09:07:20.95][190.201.175.202][1151] SELECT c_asigna FROM dace004 WHERE exp_e='10-22831144' AND c_asigna='355571' AND status IN ('0','3','B','C') [1][0] OK
C:[16/08/2013 09:07:20.32][190.201.175.202][1182] SELECT par_cod_asig1,par_cod_asig2,par_cod_asig3 FROM tblaca009 WHERE pensum='5' AND c_uni_ca='5' AND c_asigna='355696' [1][0] OK
C:[16/08/2013 09:07:20.46][190.201.175.202][1312] SELECT horas_lab FROM tblaca008 WHERE c_asigna='355696' AND horas_teoricas > 0 [1][0] OK
C:[16/08/2013 09:07:27.25][190.201.5.156][1138] SELECT pre_cod_asig1,pre_cod_asig2,pre_cod_asig3,pre_cod_asig4,pre_cod_asig5,pre_cod_asig6,pre_cod_asig7 FROM tblaca009 WHERE pensum='5' AND c_uni_ca='5' AND c_asigna='355722' [1][0] OK
C:[16/08/2013 09:07:27.25][190.201.5.156][1151] SELECT c_asigna FROM dace004 WHERE exp_e='09-19622290' AND c_asigna='355691' AND status IN ('0','3','B','C') [1][0] OK
C:[16/08/2013 09:07:27.25][190.201.5.156][1151] SELECT c_asigna FROM dace004 WHERE exp_e='09-19622290' AND c_asigna='355595' AND status IN ('0','3','B','C') [1][0] OK
C:[16/08/2013 09:07:27.76][190.201.5.156][1182] SELECT par_cod_asig1,par_cod_asig2,par_cod_asig3 FROM tblaca009 WHERE pensum='5' AND c_uni_ca='5' AND c_asigna='355722' [1][0] OK
C:[16/08/2013 09:07:27.89][190.201.5.156][1312] SELECT horas_lab FROM tblaca008 WHERE c_asigna='355722' AND horas_teoricas > 0 [1][0] OK
C:[16/08/2013 09:07:33.61][190.77.250.134][1138] SELECT pre_cod_asig1,pre_cod_asig2,pre_cod_asig3,pre_cod_asig4,pre_cod_asig5,pre_cod_asig6,pre_cod_asig7 FROM tblaca009 WHERE pensum='5' AND c_uni_ca='3' AND c_asigna='300870' [1][0] OK
C:[16/08/2013 09:07:33.27][190.77.250.134][1182] SELECT par_cod_asig1,par_cod_asig2,par_cod_asig3 FROM tblaca009 WHERE pensum='5' AND c_uni_ca='3' AND c_asigna='300870' [1][0] OK
C:[16/08/2013 09:07:33.41][190.77.250.134][1312] SELECT horas_lab FROM tblaca008 WHERE c_asigna='300870' AND horas_teoricas > 0 [1][0] OK
C:[16/08/2013 09:07:50.06][172.17.172.32][1138] SELECT pre_cod_asig1,pre_cod_asig2,pre_cod_asig3,pre_cod_asig4,pre_cod_asig5,pre_cod_asig6,pre_cod_asig7 FROM tblaca009 WHERE pensum='5' AND c_uni_ca='5' AND c_asigna='351451' [1][0] OK
C:[16/08/2013 09:07:50.06][172.17.172.32][1151] SELECT c_asigna FROM dace004 WHERE exp_e='11-21247479' AND c_asigna='351330' AND status IN ('0','3','B','C') [1][0] OK
C:[16/08/2013 09:07:50.06][172.17.172.32][1151] SELECT c_asigna FROM dace004 WHERE exp_e='11-21247479' AND c_asigna='355350' AND status IN ('0','3','B','C') [1][0] OK
C:[16/08/2013 09:07:50.06][172.17.172.32][1151] SELECT c_asigna FROM dace004 WHERE exp_e='11-21247479' AND c_asigna='300318' AND status IN ('0','3','B','C') [1][0] OK
C:[16/08/2013 09:07:50.06][172.17.172.32][1151] SELECT c_asigna FROM dace004 WHERE exp_e='11-21247479' AND c_asigna='300209' AND status IN ('0','3','B','C') [1][0] OK
C:[16/08/2013 09:07:50.06][172.17.172.32][1151] SELECT c_asigna FROM dace004 WHERE exp_e='11-21247479' AND c_asigna='300222' AND status IN ('0','3','B','C') [1][0] OK
C:[16/08/2013 09:07:50.93][172.17.172.32][1182] SELECT par_cod_asig1,par_cod_asig2,par_cod_asig3 FROM tblaca009 WHERE pensum='5' AND c_uni_ca='5' AND c_asigna='351451' [1][0] OK
C:[16/08/2013 09:07:50.07][172.17.172.32][1312] SELECT horas_lab FROM tblaca008 WHERE c_asigna='351451' AND horas_teoricas > 0 [1][0] OK
C:[16/08/2013 09:09:39.93][190.201.175.202][1138] SELECT pre_cod_asig1,pre_cod_asig2,pre_cod_asig3,pre_cod_asig4,pre_cod_asig5,pre_cod_asig6,pre_cod_asig7 FROM tblaca009 WHERE pensum='5' AND c_uni_ca='3' AND c_asigna='300207' [1][0] OK
C:[16/08/2013 09:09:39.93][190.201.175.202][1151] SELECT c_asigna FROM dace004 WHERE exp_e='12-24412385' AND c_asigna='300101' AND status IN ('0','3','B','C') [1][0] OK
C:[16/08/2013 09:09:39.30][190.201.175.202][1182] SELECT par_cod_asig1,par_cod_asig2,par_cod_asig3 FROM tblaca009 WHERE pensum='5' AND c_uni_ca='3' AND c_asigna='300207' [1][0] OK
C:[16/08/2013 09:09:39.44][190.201.175.202][1312] SELECT horas_lab FROM tblaca008 WHERE c_asigna='300207' AND horas_teoricas > 0 [1][0] OK
C:[16/08/2013 09:10:03.89][172.17.172.33][1138] SELECT pre_cod_asig1,pre_cod_asig2,pre_cod_asig3,pre_cod_asig4,pre_cod_asig5,pre_cod_asig6,pre_cod_asig7 FROM tblaca009 WHERE pensum='5' AND c_uni_ca='5' AND c_asigna='351451' [1][0] OK
C:[16/08/2013 09:10:03.89][172.17.172.33][1151] SELECT c_asigna FROM dace004 WHERE exp_e='11-24511254' AND c_asigna='351330' AND status IN ('0','3','B','C') [1][0] OK
C:[16/08/2013 09:10:03.89][172.17.172.33][1151] SELECT c_asigna FROM dace004 WHERE exp_e='11-24511254' AND c_asigna='355350' AND status IN ('0','3','B','C') [1][0] OK
C:[16/08/2013 09:10:03.89][172.17.172.33][1151] SELECT c_asigna FROM dace004 WHERE exp_e='11-24511254' AND c_asigna='300318' AND status IN ('0','3','B','C') [1][0] OK
C:[16/08/2013 09:10:03.89][172.17.172.33][1151] SELECT c_asigna FROM dace004 WHERE exp_e='11-24511254' AND c_asigna='300209' AND status IN ('0','3','B','C') [1][0] OK
C:[16/08/2013 09:10:03.89][172.17.172.33][1151] SELECT c_asigna FROM dace004 WHERE exp_e='11-24511254' AND c_asigna='300222' AND status IN ('0','3','B','C') [1][0] OK
C:[16/08/2013 09:10:04.76][172.17.172.33][1182] SELECT par_cod_asig1,par_cod_asig2,par_cod_asig3 FROM tblaca009 WHERE pensum='5' AND c_uni_ca='5' AND c_asigna='351451' [1][0] OK
C:[16/08/2013 09:10:04.91][172.17.172.33][1312] SELECT horas_lab FROM tblaca008 WHERE c_asigna='351451' AND horas_teoricas > 0 [1][0] OK
C:[16/08/2013 09:11:55.88][190.201.175.202][1138] SELECT pre_cod_asig1,pre_cod_asig2,pre_cod_asig3,pre_cod_asig4,pre_cod_asig5,pre_cod_asig6,pre_cod_asig7 FROM tblaca009 WHERE pensum='5' AND c_uni_ca='3' AND c_asigna='311673' [1][0] OK
C:[16/08/2013 09:11:55.88][190.201.175.202][1151] SELECT c_asigna FROM dace004 WHERE exp_e='09-20507854' AND c_asigna='311551' AND status IN ('0','3','B','C') [1][0] OK
C:[16/08/2013 09:11:55.88][190.201.175.202][1151] SELECT c_asigna FROM dace004 WHERE exp_e='09-20507854' AND c_asigna='311554' AND status IN ('0','3','B','C') [1][0] OK
C:[16/08/2013 09:11:55.88][190.201.175.202][1151] SELECT c_asigna FROM dace004 WHERE exp_e='09-20507854' AND c_asigna='311320' AND status IN ('0','3','B','C') [1][0] OK
C:[16/08/2013 09:11:56.58][190.201.175.202][1182] SELECT par_cod_asig1,par_cod_asig2,par_cod_asig3 FROM tblaca009 WHERE pensum='5' AND c_uni_ca='3' AND c_asigna='311673' [1][0] OK
C:[16/08/2013 09:11:56.66][190.201.175.202][1312] SELECT horas_lab FROM tblaca008 WHERE c_asigna='311673' AND horas_teoricas > 0 [1][0] OK
C:[16/08/2013 09:12:22.57][186.88.164.14][1138] SELECT pre_cod_asig1,pre_cod_asig2,pre_cod_asig3,pre_cod_asig4,pre_cod_asig5,pre_cod_asig6,pre_cod_asig7 FROM tblaca009 WHERE pensum='5' AND c_uni_ca='2' AND c_asigna='322702' [1][0] OK
C:[16/08/2013 09:12:22.57][186.88.164.14][1151] SELECT c_asigna FROM dace004 WHERE exp_e='09-20557100' AND c_asigna='322683' AND status IN ('0','3','B','C') [1][0] OK
C:[16/08/2013 09:12:22.57][186.88.164.14][1151] SELECT c_asigna FROM dace004 WHERE exp_e='09-20557100' AND c_asigna='300313' AND status IN ('0','3','B','C') [1][0] OK
C:[16/08/2013 09:12:22.07][186.88.164.14][1182] SELECT par_cod_asig1,par_cod_asig2,par_cod_asig3 FROM tblaca009 WHERE pensum='5' AND c_uni_ca='2' AND c_asigna='322702' [1][0] OK
C:[16/08/2013 09:12:22.21][186.88.164.14][1312] SELECT horas_lab FROM tblaca008 WHERE c_asigna='322702' AND horas_teoricas > 0 [1][0] OK
C:[16/08/2013 09:12:23.17][172.17.172.32][1138] SELECT pre_cod_asig1,pre_cod_asig2,pre_cod_asig3,pre_cod_asig4,pre_cod_asig5,pre_cod_asig6,pre_cod_asig7 FROM tblaca009 WHERE pensum='5' AND c_uni_ca='5' AND c_asigna='351451' [1][0] OK
C:[16/08/2013 09:12:23.17][172.17.172.32][1151] SELECT c_asigna FROM dace004 WHERE exp_e='11-21250530' AND c_asigna='351330' AND status IN ('0','3','B','C') [1][0] OK
C:[16/08/2013 09:12:23.17][172.17.172.32][1151] SELECT c_asigna FROM dace004 WHERE exp_e='11-21250530' AND c_asigna='355350' AND status IN ('0','3','B','C') [1][0] OK
C:[16/08/2013 09:12:23.17][172.17.172.32][1151] SELECT c_asigna FROM dace004 WHERE exp_e='11-21250530' AND c_asigna='300318' AND status IN ('0','3','B','C') [1][0] OK
C:[16/08/2013 09:12:23.17][172.17.172.32][1151] SELECT c_asigna FROM dace004 WHERE exp_e='11-21250530' AND c_asigna='300209' AND status IN ('0','3','B','C') [1][0] OK
C:[16/08/2013 09:12:23.17][172.17.172.32][1151] SELECT c_asigna FROM dace004 WHERE exp_e='11-21250530' AND c_asigna='300222' AND status IN ('0','3','B','C') [1][0] OK
C:[16/08/2013 09:12:23.92][172.17.172.32][1182] SELECT par_cod_asig1,par_cod_asig2,par_cod_asig3 FROM tblaca009 WHERE pensum='5' AND c_uni_ca='5' AND c_asigna='351451' [1][0] OK
C:[16/08/2013 09:12:23.06][172.17.172.32][1312] SELECT horas_lab FROM tblaca008 WHERE c_asigna='351451' AND horas_teoricas > 0 [1][0] OK
C:[16/08/2013 09:12:27.57][186.89.145.233][1138] SELECT pre_cod_asig1,pre_cod_asig2,pre_cod_asig3,pre_cod_asig4,pre_cod_asig5,pre_cod_asig6,pre_cod_asig7 FROM tblaca009 WHERE pensum='5' AND c_uni_ca='4' AND c_asigna='333809' [1][0] OK
C:[16/08/2013 09:12:27.57][186.89.145.233][1151] SELECT c_asigna FROM dace004 WHERE exp_e='09-20805420' AND c_asigna='333683' AND status IN ('0','3','B','C') [1][0] OK
C:[16/08/2013 09:12:27.57][186.89.145.233][1151] SELECT c_asigna FROM dace004 WHERE exp_e='09-20805420' AND c_asigna='333710' AND status IN ('0','3','B','C') [1][0] OK
C:[16/08/2013 09:12:27.08][186.89.145.233][1182] SELECT par_cod_asig1,par_cod_asig2,par_cod_asig3 FROM tblaca009 WHERE pensum='5' AND c_uni_ca='4' AND c_asigna='333809' [1][0] OK
C:[16/08/2013 09:12:27.20][186.89.145.233][1312] SELECT horas_lab FROM tblaca008 WHERE c_asigna='333809' AND horas_teoricas > 0 [1][0] OK
C:[16/08/2013 09:12:38.47][172.17.172.31][1138] SELECT pre_cod_asig1,pre_cod_asig2,pre_cod_asig3,pre_cod_asig4,pre_cod_asig5,pre_cod_asig6,pre_cod_asig7 FROM tblaca009 WHERE pensum='5' AND c_uni_ca='3' AND c_asigna='310548' [1][0] OK
C:[16/08/2013 09:12:38.47][172.17.172.31][1151] SELECT c_asigna FROM dace004 WHERE exp_e='11-20808108' AND c_asigna='300428' AND status IN ('0','3','B','C') [1][0] OK
C:[16/08/2013 09:12:38.47][172.17.172.31][1151] SELECT c_asigna FROM dace004 WHERE exp_e='11-20808108' AND c_asigna='300313' AND status IN ('0','3','B','C') [1][0] OK
C:[16/08/2013 09:12:38.47][172.17.172.31][1151] SELECT c_asigna FROM dace004 WHERE exp_e='11-20808108' AND c_asigna='300222' AND status IN ('0','3','B','C') [1][0] OK
C:[16/08/2013 09:12:38.47][172.17.172.31][1151] SELECT c_asigna FROM dace004 WHERE exp_e='11-20808108' AND c_asigna='300226' AND status IN ('0','3','B','C') [1][0] OK
C:[16/08/2013 09:12:38.47][172.17.172.31][1151] SELECT c_asigna FROM dace004 WHERE exp_e='11-20808108' AND c_asigna='300209' AND status IN ('0','3','B','C') [1][0] OK
C:[16/08/2013 09:12:38.47][172.17.172.31][1138] SELECT pre_cod_asig1,pre_cod_asig2,pre_cod_asig3,pre_cod_asig4,pre_cod_asig5,pre_cod_asig6,pre_cod_asig7 FROM tblaca009 WHERE pensum='5' AND c_uni_ca='3' AND c_asigna='311554' [1][0] OK
C:[16/08/2013 09:12:38.47][172.17.172.31][1151] SELECT c_asigna FROM dace004 WHERE exp_e='11-20808108' AND c_asigna='300318' AND status IN ('0','3','B','C') [1][0] OK
C:[16/08/2013 09:12:38.47][172.17.172.31][1151] SELECT c_asigna FROM dace004 WHERE exp_e='11-20808108' AND c_asigna='300428' AND status IN ('0','3','B','C') [1][0] OK
C:[16/08/2013 09:12:39.76][172.17.172.31][1182] SELECT par_cod_asig1,par_cod_asig2,par_cod_asig3 FROM tblaca009 WHERE pensum='5' AND c_uni_ca='3' AND c_asigna='310548' [1][0] OK
C:[16/08/2013 09:12:39.76][172.17.172.31][1182] SELECT par_cod_asig1,par_cod_asig2,par_cod_asig3 FROM tblaca009 WHERE pensum='5' AND c_uni_ca='3' AND c_asigna='311554' [1][0] OK
C:[16/08/2013 09:12:39.99][172.17.172.31][1312] SELECT horas_lab FROM tblaca008 WHERE c_asigna='310548' AND horas_teoricas > 0 [1][0] OK
C:[16/08/2013 09:12:39.99][172.17.172.31][1312] SELECT horas_lab FROM tblaca008 WHERE c_asigna='311554' AND horas_teoricas > 0 [1][0] OK
C:[16/08/2013 09:12:39.06][186.90.112.147][1138] SELECT pre_cod_asig1,pre_cod_asig2,pre_cod_asig3,pre_cod_asig4,pre_cod_asig5,pre_cod_asig6,pre_cod_asig7 FROM tblaca009 WHERE pensum='5' AND c_uni_ca='6' AND c_asigna='300207' [1][0] OK
C:[16/08/2013 09:12:39.06][186.90.112.147][1151] SELECT c_asigna FROM dace004 WHERE exp_e='12-25696742' AND c_asigna='300101' AND status IN ('0','3','B','C') [1][0] OK
C:[16/08/2013 09:12:39.06][186.90.112.147][1138] SELECT pre_cod_asig1,pre_cod_asig2,pre_cod_asig3,pre_cod_asig4,pre_cod_asig5,pre_cod_asig6,pre_cod_asig7 FROM tblaca009 WHERE pensum='5' AND c_uni_ca='6' AND c_asigna='300209' [1][0] OK
C:[16/08/2013 09:12:39.06][186.90.112.147][1151] SELECT c_asigna FROM dace004 WHERE exp_e='12-25696742' AND c_asigna='300101' AND status IN ('0','3','B','C') [1][0] OK
C:[16/08/2013 09:12:39.54][186.90.112.147][1182] SELECT par_cod_asig1,par_cod_asig2,par_cod_asig3 FROM tblaca009 WHERE pensum='5' AND c_uni_ca='6' AND c_asigna='300207' [1][0] OK
C:[16/08/2013 09:12:39.54][186.90.112.147][1182] SELECT par_cod_asig1,par_cod_asig2,par_cod_asig3 FROM tblaca009 WHERE pensum='5' AND c_uni_ca='6' AND c_asigna='300209' [1][0] OK
C:[16/08/2013 09:12:39.80][186.90.112.147][1312] SELECT horas_lab FROM tblaca008 WHERE c_asigna='300207' AND horas_teoricas > 0 [1][0] OK
C:[16/08/2013 09:12:39.80][186.90.112.147][1312] SELECT horas_lab FROM tblaca008 WHERE c_asigna='300209' AND horas_teoricas > 0 [1][0] OK
C:[16/08/2013 09:14:33.15][190.201.175.202][1138] SELECT pre_cod_asig1,pre_cod_asig2,pre_cod_asig3,pre_cod_asig4,pre_cod_asig5,pre_cod_asig6,pre_cod_asig7 FROM tblaca009 WHERE pensum='5' AND c_uni_ca='2' AND c_asigna='300228' [1][0] OK
C:[16/08/2013 09:14:33.15][190.201.175.202][1151] SELECT c_asigna FROM dace004 WHERE exp_e='12-24964688' AND c_asigna='300101' AND status IN ('0','3','B','C') [1][0] OK
C:[16/08/2013 09:14:33.53][190.201.175.202][1182] SELECT par_cod_asig1,par_cod_asig2,par_cod_asig3 FROM tblaca009 WHERE pensum='5' AND c_uni_ca='2' AND c_asigna='300228' [1][0] OK
C:[16/08/2013 09:14:33.67][190.201.175.202][1312] SELECT horas_lab FROM tblaca008 WHERE c_asigna='300228' AND horas_teoricas > 0 [1][0] OK
C:[16/08/2013 09:15:14.47][190.201.175.202][1138] SELECT pre_cod_asig1,pre_cod_asig2,pre_cod_asig3,pre_cod_asig4,pre_cod_asig5,pre_cod_asig6,pre_cod_asig7 FROM tblaca009 WHERE pensum='5' AND c_uni_ca='5' AND c_asigna='355696' [1][0] OK
C:[16/08/2013 09:15:14.47][190.201.175.202][1151] SELECT c_asigna FROM dace004 WHERE exp_e='10-21248134' AND c_asigna='355570' AND status IN ('0','3','B','C') [1][0] OK
C:[16/08/2013 09:15:14.47][190.201.175.202][1151] SELECT c_asigna FROM dace004 WHERE exp_e='10-21248134' AND c_asigna='355571' AND status IN ('0','3','B','C') [1][0] OK
C:[16/08/2013 09:15:14.98][190.201.175.202][1182] SELECT par_cod_asig1,par_cod_asig2,par_cod_asig3 FROM tblaca009 WHERE pensum='5' AND c_uni_ca='5' AND c_asigna='355696' [1][0] OK
C:[16/08/2013 09:15:14.11][190.201.175.202][1312] SELECT horas_lab FROM tblaca008 WHERE c_asigna='355696' AND horas_teoricas > 0 [1][0] OK
C:[16/08/2013 09:15:24.21][190.201.175.202][1138] SELECT pre_cod_asig1,pre_cod_asig2,pre_cod_asig3,pre_cod_asig4,pre_cod_asig5,pre_cod_asig6,pre_cod_asig7 FROM tblaca009 WHERE pensum='5' AND c_uni_ca='5' AND c_asigna='300209' [1][0] OK
C:[16/08/2013 09:15:24.21][190.201.175.202][1151] SELECT c_asigna FROM dace004 WHERE exp_e='12-22820686' AND c_asigna='300101' AND status IN ('0','3','B','C') [1][0] OK
C:[16/08/2013 09:15:24.21][190.201.175.202][1138] SELECT pre_cod_asig1,pre_cod_asig2,pre_cod_asig3,pre_cod_asig4,pre_cod_asig5,pre_cod_asig6,pre_cod_asig7 FROM tblaca009 WHERE pensum='5' AND c_uni_ca='5' AND c_asigna='300226' [1][0] OK
C:[16/08/2013 09:15:24.21][190.201.175.202][1151] SELECT c_asigna FROM dace004 WHERE exp_e='12-22820686' AND c_asigna='300116' AND status IN ('0','3','B','C') [1][0] OK
C:[16/08/2013 09:15:24.72][190.201.175.202][1182] SELECT par_cod_asig1,par_cod_asig2,par_cod_asig3 FROM tblaca009 WHERE pensum='5' AND c_uni_ca='5' AND c_asigna='300209' [1][0] OK
C:[16/08/2013 09:15:24.72][190.201.175.202][1182] SELECT par_cod_asig1,par_cod_asig2,par_cod_asig3 FROM tblaca009 WHERE pensum='5' AND c_uni_ca='5' AND c_asigna='300226' [1][0] OK
C:[16/08/2013 09:15:24.98][190.201.175.202][1312] SELECT horas_lab FROM tblaca008 WHERE c_asigna='300209' AND horas_teoricas > 0 [1][0] OK
C:[16/08/2013 09:15:24.98][190.201.175.202][1312] SELECT horas_lab FROM tblaca008 WHERE c_asigna='300226' AND horas_teoricas > 0 [1][0] OK
C:[16/08/2013 09:15:26.29][172.17.172.32][1138] SELECT pre_cod_asig1,pre_cod_asig2,pre_cod_asig3,pre_cod_asig4,pre_cod_asig5,pre_cod_asig6,pre_cod_asig7 FROM tblaca009 WHERE pensum='5' AND c_uni_ca='5' AND c_asigna='351451' [1][0] OK
C:[16/08/2013 09:15:26.29][172.17.172.32][1151] SELECT c_asigna FROM dace004 WHERE exp_e='11-24559482' AND c_asigna='351330' AND status IN ('0','3','B','C') [1][0] OK
C:[16/08/2013 09:15:26.29][172.17.172.32][1151] SELECT c_asigna FROM dace004 WHERE exp_e='11-24559482' AND c_asigna='355350' AND status IN ('0','3','B','C') [1][0] OK
C:[16/08/2013 09:15:26.29][172.17.172.32][1151] SELECT c_asigna FROM dace004 WHERE exp_e='11-24559482' AND c_asigna='300318' AND status IN ('0','3','B','C') [1][0] OK
C:[16/08/2013 09:15:26.29][172.17.172.32][1151] SELECT c_asigna FROM dace004 WHERE exp_e='11-24559482' AND c_asigna='300209' AND status IN ('0','3','B','C') [1][0] OK
C:[16/08/2013 09:15:26.29][172.17.172.32][1151] SELECT c_asigna FROM dace004 WHERE exp_e='11-24559482' AND c_asigna='300222' AND status IN ('0','3','B','C') [1][0] OK
C:[16/08/2013 09:15:26.04][172.17.172.32][1182] SELECT par_cod_asig1,par_cod_asig2,par_cod_asig3 FROM tblaca009 WHERE pensum='5' AND c_uni_ca='5' AND c_asigna='351451' [1][0] OK
C:[16/08/2013 09:15:26.17][172.17.172.32][1312] SELECT horas_lab FROM tblaca008 WHERE c_asigna='351451' AND horas_teoricas > 0 [1][0] OK
C:[16/08/2013 09:16:59.38][190.74.180.126][1138] SELECT pre_cod_asig1,pre_cod_asig2,pre_cod_asig3,pre_cod_asig4,pre_cod_asig5,pre_cod_asig6,pre_cod_asig7 FROM tblaca009 WHERE pensum='5' AND c_uni_ca='2' AND c_asigna='300956' [1][0] OK
C:[16/08/2013 09:16:59.38][190.74.180.126][1151] SELECT c_asigna FROM dace004 WHERE exp_e='09-20547303' AND c_asigna='300422' AND status IN ('0','3','B','C') [1][0] OK
C:[16/08/2013 09:16:59.38][190.74.180.126][1151] SELECT c_asigna FROM dace004 WHERE exp_e='09-20547303' AND c_asigna='300105' AND status IN ('0','3','B','C') [1][0] OK
C:[16/08/2013 09:16:59.38][190.74.180.126][1151] SELECT c_asigna FROM dace004 WHERE exp_e='09-20547303' AND c_asigna='300314' AND status IN ('0','3','B','C') [1][0] OK
C:[16/08/2013 09:16:59.38][190.74.180.126][1138] SELECT pre_cod_asig1,pre_cod_asig2,pre_cod_asig3,pre_cod_asig4,pre_cod_asig5,pre_cod_asig6,pre_cod_asig7 FROM tblaca009 WHERE pensum='5' AND c_uni_ca='2' AND c_asigna='322041' [1][0] OK
C:[16/08/2013 09:16:59.14][190.74.180.126][1182] SELECT par_cod_asig1,par_cod_asig2,par_cod_asig3 FROM tblaca009 WHERE pensum='5' AND c_uni_ca='2' AND c_asigna='300956' [1][0] OK
C:[16/08/2013 09:16:59.14][190.74.180.126][1182] SELECT par_cod_asig1,par_cod_asig2,par_cod_asig3 FROM tblaca009 WHERE pensum='5' AND c_uni_ca='2' AND c_asigna='322041' [1][0] OK
C:[16/08/2013 09:16:59.40][190.74.180.126][1312] SELECT horas_lab FROM tblaca008 WHERE c_asigna='300956' AND horas_teoricas > 0 [1][0] OK
C:[16/08/2013 09:16:59.40][190.74.180.126][1312] SELECT horas_lab FROM tblaca008 WHERE c_asigna='322041' AND horas_teoricas > 0 [1][0] OK
C:[16/08/2013 09:18:08.60][190.201.175.202][1138] SELECT pre_cod_asig1,pre_cod_asig2,pre_cod_asig3,pre_cod_asig4,pre_cod_asig5,pre_cod_asig6,pre_cod_asig7 FROM tblaca009 WHERE pensum='5' AND c_uni_ca='4' AND c_asigna='300222' [1][0] OK
C:[16/08/2013 09:18:08.60][190.201.175.202][1151] SELECT c_asigna FROM dace004 WHERE exp_e='12-22812724' AND c_asigna='300112' AND status IN ('0','3','B','C') [1][0] OK
C:[16/08/2013 09:18:08.60][190.201.175.202][1138] SELECT pre_cod_asig1,pre_cod_asig2,pre_cod_asig3,pre_cod_asig4,pre_cod_asig5,pre_cod_asig6,pre_cod_asig7 FROM tblaca009 WHERE pensum='5' AND c_uni_ca='4' AND c_asigna='300226' [1][0] OK
C:[16/08/2013 09:18:08.60][190.201.175.202][1151] SELECT c_asigna FROM dace004 WHERE exp_e='12-22812724' AND c_asigna='300116' AND status IN ('0','3','B','C') [1][0] OK
C:[16/08/2013 09:18:08.22][190.201.175.202][1182] SELECT par_cod_asig1,par_cod_asig2,par_cod_asig3 FROM tblaca009 WHERE pensum='5' AND c_uni_ca='4' AND c_asigna='300222' [1][0] OK
C:[16/08/2013 09:18:08.22][190.201.175.202][1182] SELECT par_cod_asig1,par_cod_asig2,par_cod_asig3 FROM tblaca009 WHERE pensum='5' AND c_uni_ca='4' AND c_asigna='300226' [1][0] OK
C:[16/08/2013 09:18:08.49][190.201.175.202][1312] SELECT horas_lab FROM tblaca008 WHERE c_asigna='300222' AND horas_teoricas > 0 [1][0] OK
C:[16/08/2013 09:18:08.49][190.201.175.202][1312] SELECT horas_lab FROM tblaca008 WHERE c_asigna='300226' AND horas_teoricas > 0 [1][0] OK
C:[16/08/2013 09:20:11.73][172.17.172.31][1138] SELECT pre_cod_asig1,pre_cod_asig2,pre_cod_asig3,pre_cod_asig4,pre_cod_asig5,pre_cod_asig6,pre_cod_asig7 FROM tblaca009 WHERE pensum='5' AND c_uni_ca='3' AND c_asigna='311430' [1][0] OK
C:[16/08/2013 09:20:11.73][172.17.172.31][1151] SELECT c_asigna FROM dace004 WHERE exp_e='11-21250046' AND c_asigna='300317' AND status IN ('0','3','B','C') [1][0] OK
C:[16/08/2013 09:20:11.73][172.17.172.31][1151] SELECT c_asigna FROM dace004 WHERE exp_e='11-21250046' AND c_asigna='300318' AND status IN ('0','3','B','C') [1][0] OK
C:[16/08/2013 09:20:11.73][172.17.172.31][1151] SELECT c_asigna FROM dace004 WHERE exp_e='11-21250046' AND c_asigna='300313' AND status IN ('0','3','B','C') [1][0] OK
C:[16/08/2013 09:20:11.73][172.17.172.31][1151] SELECT c_asigna FROM dace004 WHERE exp_e='11-21250046' AND c_asigna='300222' AND status IN ('0','3','B','C') [1][0] OK
C:[16/08/2013 09:20:11.73][172.17.172.31][1151] SELECT c_asigna FROM dace004 WHERE exp_e='11-21250046' AND c_asigna='300226' AND status IN ('0','3','B','C') [1][0] OK
C:[16/08/2013 09:20:11.73][172.17.172.31][1151] SELECT c_asigna FROM dace004 WHERE exp_e='11-21250046' AND c_asigna='300209' AND status IN ('0','3','B','C') [1][0] OK
C:[16/08/2013 09:20:11.73][172.17.172.31][1138] SELECT pre_cod_asig1,pre_cod_asig2,pre_cod_asig3,pre_cod_asig4,pre_cod_asig5,pre_cod_asig6,pre_cod_asig7 FROM tblaca009 WHERE pensum='5' AND c_uni_ca='3' AND c_asigna='311554' [1][0] OK
C:[16/08/2013 09:20:11.73][172.17.172.31][1151] SELECT c_asigna FROM dace004 WHERE exp_e='11-21250046' AND c_asigna='300318' AND status IN ('0','3','B','C') [1][0] OK
C:[16/08/2013 09:20:11.73][172.17.172.31][1151] SELECT c_asigna FROM dace004 WHERE exp_e='11-21250046' AND c_asigna='300428' AND status IN ('0','3','B','C') [1][0] OK
C:[16/08/2013 09:20:12.54][172.17.172.31][1182] SELECT par_cod_asig1,par_cod_asig2,par_cod_asig3 FROM tblaca009 WHERE pensum='5' AND c_uni_ca='3' AND c_asigna='311430' [1][0] OK
C:[16/08/2013 09:20:12.54][172.17.172.31][1182] SELECT par_cod_asig1,par_cod_asig2,par_cod_asig3 FROM tblaca009 WHERE pensum='5' AND c_uni_ca='3' AND c_asigna='311554' [1][0] OK
C:[16/08/2013 09:20:12.80][172.17.172.31][1312] SELECT horas_lab FROM tblaca008 WHERE c_asigna='311430' AND horas_teoricas > 0 [1][0] OK
C:[16/08/2013 09:20:12.80][172.17.172.31][1312] SELECT horas_lab FROM tblaca008 WHERE c_asigna='311554' AND horas_teoricas > 0 [1][0] OK
C:[16/08/2013 09:21:50.10][190.198.182.250][1138] SELECT pre_cod_asig1,pre_cod_asig2,pre_cod_asig3,pre_cod_asig4,pre_cod_asig5,pre_cod_asig6,pre_cod_asig7 FROM tblaca009 WHERE pensum='5' AND c_uni_ca='5' AND c_asigna='300209' [1][0] OK
C:[16/08/2013 09:21:50.10][190.198.182.250][1151] SELECT c_asigna FROM dace004 WHERE exp_e='12-25849842' AND c_asigna='300101' AND status IN ('0','3','B','C') [1][0] OK
C:[16/08/2013 09:21:50.90][190.198.182.250][1182] SELECT par_cod_asig1,par_cod_asig2,par_cod_asig3 FROM tblaca009 WHERE pensum='5' AND c_uni_ca='5' AND c_asigna='300209' [1][0] OK
C:[16/08/2013 09:21:50.04][190.198.182.250][1312] SELECT horas_lab FROM tblaca008 WHERE c_asigna='300209' AND horas_teoricas > 0 [1][0] OK
C:[16/08/2013 09:22:42.79][190.74.180.126][1138] SELECT pre_cod_asig1,pre_cod_asig2,pre_cod_asig3,pre_cod_asig4,pre_cod_asig5,pre_cod_asig6,pre_cod_asig7 FROM tblaca009 WHERE pensum='5' AND c_uni_ca='2' AND c_asigna='300956' [1][0] OK
C:[16/08/2013 09:22:42.79][190.74.180.126][1151] SELECT c_asigna FROM dace004 WHERE exp_e='09-20547303' AND c_asigna='300422' AND status IN ('0','3','B','C') [1][0] OK
C:[16/08/2013 09:22:42.79][190.74.180.126][1151] SELECT c_asigna FROM dace004 WHERE exp_e='09-20547303' AND c_asigna='300105' AND status IN ('0','3','B','C') [1][0] OK
C:[16/08/2013 09:22:42.79][190.74.180.126][1151] SELECT c_asigna FROM dace004 WHERE exp_e='09-20547303' AND c_asigna='300314' AND status IN ('0','3','B','C') [1][0] OK
C:[16/08/2013 09:22:42.79][190.74.180.126][1138] SELECT pre_cod_asig1,pre_cod_asig2,pre_cod_asig3,pre_cod_asig4,pre_cod_asig5,pre_cod_asig6,pre_cod_asig7 FROM tblaca009 WHERE pensum='5' AND c_uni_ca='2' AND c_asigna='322041' [1][0] OK
C:[16/08/2013 09:22:42.53][190.74.180.126][1182] SELECT par_cod_asig1,par_cod_asig2,par_cod_asig3 FROM tblaca009 WHERE pensum='5' AND c_uni_ca='2' AND c_asigna='300956' [1][0] OK
C:[16/08/2013 09:22:42.53][190.74.180.126][1182] SELECT par_cod_asig1,par_cod_asig2,par_cod_asig3 FROM tblaca009 WHERE pensum='5' AND c_uni_ca='2' AND c_asigna='322041' [1][0] OK
C:[16/08/2013 09:22:42.81][190.74.180.126][1312] SELECT horas_lab FROM tblaca008 WHERE c_asigna='300956' AND horas_teoricas > 0 [1][0] OK
C:[16/08/2013 09:22:42.81][190.74.180.126][1312] SELECT horas_lab FROM tblaca008 WHERE c_asigna='322041' AND horas_teoricas > 0 [1][0] OK
C:[16/08/2013 09:23:57.18][172.17.135.249][1138] SELECT pre_cod_asig1,pre_cod_asig2,pre_cod_asig3,pre_cod_asig4,pre_cod_asig5,pre_cod_asig6,pre_cod_asig7 FROM tblaca009 WHERE pensum='5' AND c_uni_ca='2' AND c_asigna='322801' [1][0] OK
C:[16/08/2013 09:23:57.18][172.17.135.249][1151] SELECT c_asigna FROM dace004 WHERE exp_e='10-20171856' AND c_asigna='322780' AND status IN ('0','3','B','C') [1][0] OK
C:[16/08/2013 09:23:57.18][172.17.135.249][1151] SELECT c_asigna FROM dace004 WHERE exp_e='10-20171856' AND c_asigna='322605' AND status IN ('0','3','B','C') [1][0] OK
C:[16/08/2013 09:23:57.67][172.17.135.249][1182] SELECT par_cod_asig1,par_cod_asig2,par_cod_asig3 FROM tblaca009 WHERE pensum='5' AND c_uni_ca='2' AND c_asigna='322801' [1][0] OK
C:[16/08/2013 09:23:57.80][172.17.135.249][1312] SELECT horas_lab FROM tblaca008 WHERE c_asigna='322801' AND horas_teoricas > 0 [1][0] OK
C:[16/08/2013 09:24:29.17][190.201.175.202][1138] SELECT pre_cod_asig1,pre_cod_asig2,pre_cod_asig3,pre_cod_asig4,pre_cod_asig5,pre_cod_asig6,pre_cod_asig7 FROM tblaca009 WHERE pensum='5' AND c_uni_ca='5' AND c_asigna='355696' [1][0] OK
C:[16/08/2013 09:24:29.17][190.201.175.202][1151] SELECT c_asigna FROM dace004 WHERE exp_e='10-21684474' AND c_asigna='355570' AND status IN ('0','3','B','C') [1][0] OK
C:[16/08/2013 09:24:29.17][190.201.175.202][1151] SELECT c_asigna FROM dace004 WHERE exp_e='10-21684474' AND c_asigna='355571' AND status IN ('0','3','B','C') [1][0] OK
C:[16/08/2013 09:24:29.67][190.201.175.202][1182] SELECT par_cod_asig1,par_cod_asig2,par_cod_asig3 FROM tblaca009 WHERE pensum='5' AND c_uni_ca='5' AND c_asigna='355696' [1][0] OK
C:[16/08/2013 09:24:29.81][190.201.175.202][1312] SELECT horas_lab FROM tblaca008 WHERE c_asigna='355696' AND horas_teoricas > 0 [1][0] OK
C:[16/08/2013 09:25:47.33][172.17.172.31][1138] SELECT pre_cod_asig1,pre_cod_asig2,pre_cod_asig3,pre_cod_asig4,pre_cod_asig5,pre_cod_asig6,pre_cod_asig7 FROM tblaca009 WHERE pensum='5' AND c_uni_ca='3' AND c_asigna='311430' [1][0] OK
C:[16/08/2013 09:25:47.33][172.17.172.31][1151] SELECT c_asigna FROM dace004 WHERE exp_e='11-24036180' AND c_asigna='300317' AND status IN ('0','3','B','C') [1][0] OK
C:[16/08/2013 09:25:47.33][172.17.172.31][1151] SELECT c_asigna FROM dace004 WHERE exp_e='11-24036180' AND c_asigna='300318' AND status IN ('0','3','B','C') [1][0] OK
C:[16/08/2013 09:25:47.33][172.17.172.31][1151] SELECT c_asigna FROM dace004 WHERE exp_e='11-24036180' AND c_asigna='300313' AND status IN ('0','3','B','C') [1][0] OK
C:[16/08/2013 09:25:47.33][172.17.172.31][1151] SELECT c_asigna FROM dace004 WHERE exp_e='11-24036180' AND c_asigna='300222' AND status IN ('0','3','B','C') [1][0] OK
C:[16/08/2013 09:25:47.33][172.17.172.31][1151] SELECT c_asigna FROM dace004 WHERE exp_e='11-24036180' AND c_asigna='300226' AND status IN ('0','3','B','C') [1][0] OK
C:[16/08/2013 09:25:47.33][172.17.172.31][1151] SELECT c_asigna FROM dace004 WHERE exp_e='11-24036180' AND c_asigna='300209' AND status IN ('0','3','B','C') [1][0] OK
C:[16/08/2013 09:25:47.33][172.17.172.31][1138] SELECT pre_cod_asig1,pre_cod_asig2,pre_cod_asig3,pre_cod_asig4,pre_cod_asig5,pre_cod_asig6,pre_cod_asig7 FROM tblaca009 WHERE pensum='5' AND c_uni_ca='3' AND c_asigna='311554' [1][0] OK
C:[16/08/2013 09:25:47.33][172.17.172.31][1151] SELECT c_asigna FROM dace004 WHERE exp_e='11-24036180' AND c_asigna='300318' AND status IN ('0','3','B','C') [1][0] OK
C:[16/08/2013 09:25:47.33][172.17.172.31][1151] SELECT c_asigna FROM dace004 WHERE exp_e='11-24036180' AND c_asigna='300428' AND status IN ('0','3','B','C') [1][0] OK
C:[16/08/2013 09:25:47.86][172.17.172.31][1182] SELECT par_cod_asig1,par_cod_asig2,par_cod_asig3 FROM tblaca009 WHERE pensum='5' AND c_uni_ca='3' AND c_asigna='311430' [1][0] OK
C:[16/08/2013 09:25:47.86][172.17.172.31][1182] SELECT par_cod_asig1,par_cod_asig2,par_cod_asig3 FROM tblaca009 WHERE pensum='5' AND c_uni_ca='3' AND c_asigna='311554' [1][0] OK
C:[16/08/2013 09:25:47.97][172.17.172.31][1312] SELECT horas_lab FROM tblaca008 WHERE c_asigna='311430' AND horas_teoricas > 0 [1][0] OK
C:[16/08/2013 09:25:47.97][172.17.172.31][1312] SELECT horas_lab FROM tblaca008 WHERE c_asigna='311554' AND horas_teoricas > 0 [1][0] OK
C:[16/08/2013 09:27:20.91][190.200.53.254][1138] SELECT pre_cod_asig1,pre_cod_asig2,pre_cod_asig3,pre_cod_asig4,pre_cod_asig5,pre_cod_asig6,pre_cod_asig7 FROM tblaca009 WHERE pensum='5' AND c_uni_ca='3' AND c_asigna='300870' [1][0] OK
C:[16/08/2013 09:27:20.17][190.200.53.254][1182] SELECT par_cod_asig1,par_cod_asig2,par_cod_asig3 FROM tblaca009 WHERE pensum='5' AND c_uni_ca='3' AND c_asigna='300870' [1][0] OK
C:[16/08/2013 09:27:20.30][190.200.53.254][1312] SELECT horas_lab FROM tblaca008 WHERE c_asigna='300870' AND horas_teoricas > 0 [1][0] OK
C:[16/08/2013 09:28:02.32][172.17.172.33][1138] SELECT pre_cod_asig1,pre_cod_asig2,pre_cod_asig3,pre_cod_asig4,pre_cod_asig5,pre_cod_asig6,pre_cod_asig7 FROM tblaca009 WHERE pensum='5' AND c_uni_ca='3' AND c_asigna='311430' [1][0] OK
C:[16/08/2013 09:28:02.32][172.17.172.33][1151] SELECT c_asigna FROM dace004 WHERE exp_e='11-21250523' AND c_asigna='300317' AND status IN ('0','3','B','C') [1][0] OK
C:[16/08/2013 09:28:02.32][172.17.172.33][1151] SELECT c_asigna FROM dace004 WHERE exp_e='11-21250523' AND c_asigna='300318' AND status IN ('0','3','B','C') [1][0] OK
C:[16/08/2013 09:28:02.32][172.17.172.33][1151] SELECT c_asigna FROM dace004 WHERE exp_e='11-21250523' AND c_asigna='300313' AND status IN ('0','3','B','C') [1][0] OK
C:[16/08/2013 09:28:02.32][172.17.172.33][1151] SELECT c_asigna FROM dace004 WHERE exp_e='11-21250523' AND c_asigna='300222' AND status IN ('0','3','B','C') [1][0] OK
C:[16/08/2013 09:28:02.32][172.17.172.33][1151] SELECT c_asigna FROM dace004 WHERE exp_e='11-21250523' AND c_asigna='300226' AND status IN ('0','3','B','C') [1][0] OK
C:[16/08/2013 09:28:02.32][172.17.172.33][1151] SELECT c_asigna FROM dace004 WHERE exp_e='11-21250523' AND c_asigna='300209' AND status IN ('0','3','B','C') [1][0] OK
C:[16/08/2013 09:28:02.32][172.17.172.33][1138] SELECT pre_cod_asig1,pre_cod_asig2,pre_cod_asig3,pre_cod_asig4,pre_cod_asig5,pre_cod_asig6,pre_cod_asig7 FROM tblaca009 WHERE pensum='5' AND c_uni_ca='3' AND c_asigna='311554' [1][0] OK
C:[16/08/2013 09:28:02.32][172.17.172.33][1151] SELECT c_asigna FROM dace004 WHERE exp_e='11-21250523' AND c_asigna='300318' AND status IN ('0','3','B','C') [1][0] OK
C:[16/08/2013 09:28:02.32][172.17.172.33][1151] SELECT c_asigna FROM dace004 WHERE exp_e='11-21250523' AND c_asigna='300428' AND status IN ('0','3','B','C') [1][0] OK
C:[16/08/2013 09:28:03.69][172.17.172.33][1182] SELECT par_cod_asig1,par_cod_asig2,par_cod_asig3 FROM tblaca009 WHERE pensum='5' AND c_uni_ca='3' AND c_asigna='311430' [1][0] OK
C:[16/08/2013 09:28:03.69][172.17.172.33][1182] SELECT par_cod_asig1,par_cod_asig2,par_cod_asig3 FROM tblaca009 WHERE pensum='5' AND c_uni_ca='3' AND c_asigna='311554' [1][0] OK
C:[16/08/2013 09:28:03.17][172.17.172.33][1312] SELECT horas_lab FROM tblaca008 WHERE c_asigna='311430' AND horas_teoricas > 0 [1][0] OK
C:[16/08/2013 09:28:03.17][172.17.172.33][1312] SELECT horas_lab FROM tblaca008 WHERE c_asigna='311554' AND horas_teoricas > 0 [1][0] OK
C:[16/08/2013 09:28:55.78][74.82.64.161][1138] SELECT pre_cod_asig1,pre_cod_asig2,pre_cod_asig3,pre_cod_asig4,pre_cod_asig5,pre_cod_asig6,pre_cod_asig7 FROM tblaca009 WHERE pensum='5' AND c_uni_ca='4' AND c_asigna='300870' [1][0] OK
C:[16/08/2013 09:28:55.02][74.82.64.161][1182] SELECT par_cod_asig1,par_cod_asig2,par_cod_asig3 FROM tblaca009 WHERE pensum='5' AND c_uni_ca='4' AND c_asigna='300870' [1][0] OK
C:[16/08/2013 09:28:55.16][74.82.64.161][1312] SELECT horas_lab FROM tblaca008 WHERE c_asigna='300870' AND horas_teoricas > 0 [1][0] OK
C:[16/08/2013 09:29:20.31][190.36.23.26][1138] SELECT pre_cod_asig1,pre_cod_asig2,pre_cod_asig3,pre_cod_asig4,pre_cod_asig5,pre_cod_asig6,pre_cod_asig7 FROM tblaca009 WHERE pensum='5' AND c_uni_ca='4' AND c_asigna='333585' [1][0] OK
C:[16/08/2013 09:29:20.31][190.36.23.26][1151] SELECT c_asigna FROM dace004 WHERE exp_e='11-22822628' AND c_asigna='333440' AND status IN ('0','3','B','C') [1][0] OK
C:[16/08/2013 09:29:20.31][190.36.23.26][1151] SELECT c_asigna FROM dace004 WHERE exp_e='11-22822628' AND c_asigna='333441' AND status IN ('0','3','B','C') [1][0] OK
C:[16/08/2013 09:29:20.31][190.36.23.26][1151] SELECT c_asigna FROM dace004 WHERE exp_e='11-22822628' AND c_asigna='300209' AND status IN ('0','3','B','C') [1][0] OK
C:[16/08/2013 09:29:20.93][190.36.23.26][1182] SELECT par_cod_asig1,par_cod_asig2,par_cod_asig3 FROM tblaca009 WHERE pensum='5' AND c_uni_ca='4' AND c_asigna='333585' [1][0] OK
C:[16/08/2013 09:29:20.07][190.36.23.26][1312] SELECT horas_lab FROM tblaca008 WHERE c_asigna='333585' AND horas_teoricas > 0 [1][0] OK
C:[16/08/2013 09:30:11.89][172.17.172.31][1138] SELECT pre_cod_asig1,pre_cod_asig2,pre_cod_asig3,pre_cod_asig4,pre_cod_asig5,pre_cod_asig6,pre_cod_asig7 FROM tblaca009 WHERE pensum='5' AND c_uni_ca='3' AND c_asigna='311430' [1][0] OK
C:[16/08/2013 09:30:11.89][172.17.172.31][1151] SELECT c_asigna FROM dace004 WHERE exp_e='11-24559491' AND c_asigna='300317' AND status IN ('0','3','B','C') [1][0] OK
C:[16/08/2013 09:30:11.89][172.17.172.31][1151] SELECT c_asigna FROM dace004 WHERE exp_e='11-24559491' AND c_asigna='300318' AND status IN ('0','3','B','C') [1][0] OK
C:[16/08/2013 09:30:11.89][172.17.172.31][1151] SELECT c_asigna FROM dace004 WHERE exp_e='11-24559491' AND c_asigna='300313' AND status IN ('0','3','B','C') [1][0] OK
C:[16/08/2013 09:30:11.89][172.17.172.31][1151] SELECT c_asigna FROM dace004 WHERE exp_e='11-24559491' AND c_asigna='300222' AND status IN ('0','3','B','C') [1][0] OK
C:[16/08/2013 09:30:11.89][172.17.172.31][1151] SELECT c_asigna FROM dace004 WHERE exp_e='11-24559491' AND c_asigna='300226' AND status IN ('0','3','B','C') [1][0] OK
C:[16/08/2013 09:30:11.89][172.17.172.31][1151] SELECT c_asigna FROM dace004 WHERE exp_e='11-24559491' AND c_asigna='300209' AND status IN ('0','3','B','C') [1][0] OK
C:[16/08/2013 09:30:11.89][172.17.172.31][1138] SELECT pre_cod_asig1,pre_cod_asig2,pre_cod_asig3,pre_cod_asig4,pre_cod_asig5,pre_cod_asig6,pre_cod_asig7 FROM tblaca009 WHERE pensum='5' AND c_uni_ca='3' AND c_asigna='311554' [1][0] OK
C:[16/08/2013 09:30:11.89][172.17.172.31][1151] SELECT c_asigna FROM dace004 WHERE exp_e='11-24559491' AND c_asigna='300318' AND status IN ('0','3','B','C') [1][0] OK
C:[16/08/2013 09:30:11.89][172.17.172.31][1151] SELECT c_asigna FROM dace004 WHERE exp_e='11-24559491' AND c_asigna='300428' AND status IN ('0','3','B','C') [1][0] OK
C:[16/08/2013 09:30:12.26][172.17.172.31][1182] SELECT par_cod_asig1,par_cod_asig2,par_cod_asig3 FROM tblaca009 WHERE pensum='5' AND c_uni_ca='3' AND c_asigna='311430' [1][0] OK
C:[16/08/2013 09:30:12.26][172.17.172.31][1182] SELECT par_cod_asig1,par_cod_asig2,par_cod_asig3 FROM tblaca009 WHERE pensum='5' AND c_uni_ca='3' AND c_asigna='311554' [1][0] OK
C:[16/08/2013 09:30:12.54][172.17.172.31][1312] SELECT horas_lab FROM tblaca008 WHERE c_asigna='311430' AND horas_teoricas > 0 [1][0] OK
C:[16/08/2013 09:30:12.54][172.17.172.31][1312] SELECT horas_lab FROM tblaca008 WHERE c_asigna='311554' AND horas_teoricas > 0 [1][0] OK
C:[16/08/2013 09:34:06.45][190.74.180.126][1138] SELECT pre_cod_asig1,pre_cod_asig2,pre_cod_asig3,pre_cod_asig4,pre_cod_asig5,pre_cod_asig6,pre_cod_asig7 FROM tblaca009 WHERE pensum='5' AND c_uni_ca='2' AND c_asigna='322041' [1][0] OK
C:[16/08/2013 09:34:06.72][190.74.180.126][1182] SELECT par_cod_asig1,par_cod_asig2,par_cod_asig3 FROM tblaca009 WHERE pensum='5' AND c_uni_ca='2' AND c_asigna='322041' [1][0] OK
C:[16/08/2013 09:34:06.84][190.74.180.126][1312] SELECT horas_lab FROM tblaca008 WHERE c_asigna='322041' AND horas_teoricas > 0 [1][0] OK
C:[16/08/2013 09:35:22.85][190.201.168.55][1138] SELECT pre_cod_asig1,pre_cod_asig2,pre_cod_asig3,pre_cod_asig4,pre_cod_asig5,pre_cod_asig6,pre_cod_asig7 FROM tblaca009 WHERE pensum='5' AND c_uni_ca='2' AND c_asigna='320323' [1][0] OK
C:[16/08/2013 09:35:22.85][190.201.168.55][1151] SELECT c_asigna FROM dace004 WHERE exp_e='12-24559640' AND c_asigna='300228' AND status IN ('0','3','B','C') [1][0] OK
C:[16/08/2013 09:35:22.85][190.201.168.55][1151] SELECT c_asigna FROM dace004 WHERE exp_e='12-24559640' AND c_asigna='300218' AND status IN ('0','3','B','C') [1][0] OK
C:[16/08/2013 09:35:22.85][190.201.168.55][1138] SELECT pre_cod_asig1,pre_cod_asig2,pre_cod_asig3,pre_cod_asig4,pre_cod_asig5,pre_cod_asig6,pre_cod_asig7 FROM tblaca009 WHERE pensum='5' AND c_uni_ca='2' AND c_asigna='300428' [1][0] OK
C:[16/08/2013 09:35:22.85][190.201.168.55][1151] SELECT c_asigna FROM dace004 WHERE exp_e='12-24559640' AND c_asigna='300317' AND status IN ('0','3','B','C') [1][0] OK
C:[16/08/2013 09:35:22.85][190.201.168.55][1151] SELECT c_asigna FROM dace004 WHERE exp_e='12-24559640' AND c_asigna='300209' AND status IN ('0','3','B','C') [1][0] OK
C:[16/08/2013 09:35:22.27][190.201.168.55][1182] SELECT par_cod_asig1,par_cod_asig2,par_cod_asig3 FROM tblaca009 WHERE pensum='5' AND c_uni_ca='2' AND c_asigna='320323' [1][0] OK
C:[16/08/2013 09:35:22.27][190.201.168.55][1182] SELECT par_cod_asig1,par_cod_asig2,par_cod_asig3 FROM tblaca009 WHERE pensum='5' AND c_uni_ca='2' AND c_asigna='300428' [1][0] OK
C:[16/08/2013 09:35:22.54][190.201.168.55][1312] SELECT horas_lab FROM tblaca008 WHERE c_asigna='320323' AND horas_teoricas > 0 [1][0] OK
C:[16/08/2013 09:35:22.54][190.201.168.55][1312] SELECT horas_lab FROM tblaca008 WHERE c_asigna='300428' AND horas_teoricas > 0 [1][0] OK
C:[16/08/2013 09:35:53.74][190.198.128.33][1138] SELECT pre_cod_asig1,pre_cod_asig2,pre_cod_asig3,pre_cod_asig4,pre_cod_asig5,pre_cod_asig6,pre_cod_asig7 FROM tblaca009 WHERE pensum='5' AND c_uni_ca='2' AND c_asigna='322550' [1][0] OK
C:[16/08/2013 09:35:53.74][190.198.128.33][1151] SELECT c_asigna FROM dace004 WHERE exp_e='09-19703141' AND c_asigna='322433' AND status IN ('0','3','B','C') [1][0] OK
C:[16/08/2013 09:35:53.11][190.198.128.33][1182] SELECT par_cod_asig1,par_cod_asig2,par_cod_asig3 FROM tblaca009 WHERE pensum='5' AND c_uni_ca='2' AND c_asigna='322550' [1][0] OK
C:[16/08/2013 09:35:53.25][190.198.128.33][1312] SELECT horas_lab FROM tblaca008 WHERE c_asigna='322550' AND horas_teoricas > 0 [1][0] OK
C:[16/08/2013 09:36:12.52][190.201.175.202][1138] SELECT pre_cod_asig1,pre_cod_asig2,pre_cod_asig3,pre_cod_asig4,pre_cod_asig5,pre_cod_asig6,pre_cod_asig7 FROM tblaca009 WHERE pensum='5' AND c_uni_ca='3' AND c_asigna='300222' [1][0] OK
C:[16/08/2013 09:36:12.52][190.201.175.202][1151] SELECT c_asigna FROM dace004 WHERE exp_e='12-24701277' AND c_asigna='300112' AND status IN ('0','3','B','C') [1][0] OK
C:[16/08/2013 09:36:12.89][190.201.175.202][1182] SELECT par_cod_asig1,par_cod_asig2,par_cod_asig3 FROM tblaca009 WHERE pensum='5' AND c_uni_ca='3' AND c_asigna='300222' [1][0] OK
C:[16/08/2013 09:36:12.02][190.201.175.202][1312] SELECT horas_lab FROM tblaca008 WHERE c_asigna='300222' AND horas_teoricas > 0 [1][0] OK
C:[16/08/2013 09:36:44.52][181.185.165.166][1138] SELECT pre_cod_asig1,pre_cod_asig2,pre_cod_asig3,pre_cod_asig4,pre_cod_asig5,pre_cod_asig6,pre_cod_asig7 FROM tblaca009 WHERE pensum='5' AND c_uni_ca='6' AND c_asigna='344715' [1][0] OK
C:[16/08/2013 09:36:44.52][181.185.165.166][1151] SELECT c_asigna FROM dace004 WHERE exp_e='08-19905912' AND c_asigna='344688' AND status IN ('0','3','B','C') [1][0] OK
C:[16/08/2013 09:36:44.52][181.185.165.166][1151] SELECT c_asigna FROM dace004 WHERE exp_e='08-19905912' AND c_asigna='344613' AND status IN ('0','3','B','C') [1][0] OK
C:[16/08/2013 09:36:44.02][181.185.165.166][1182] SELECT par_cod_asig1,par_cod_asig2,par_cod_asig3 FROM tblaca009 WHERE pensum='5' AND c_uni_ca='6' AND c_asigna='344715' [1][0] OK
C:[16/08/2013 09:36:44.16][181.185.165.166][1312] SELECT horas_lab FROM tblaca008 WHERE c_asigna='344715' AND horas_teoricas > 0 [1][0] OK
C:[16/08/2013 09:37:15.93][186.88.160.191][1138] SELECT pre_cod_asig1,pre_cod_asig2,pre_cod_asig3,pre_cod_asig4,pre_cod_asig5,pre_cod_asig6,pre_cod_asig7 FROM tblaca009 WHERE pensum='5' AND c_uni_ca='3' AND c_asigna='300218' [1][0] OK
C:[16/08/2013 09:37:15.93][186.88.160.191][1151] SELECT c_asigna FROM dace004 WHERE exp_e='08-13911412' AND c_asigna='300101' AND status IN ('0','3','B','C') [1][0] OK
C:[16/08/2013 09:37:15.30][186.88.160.191][1182] SELECT par_cod_asig1,par_cod_asig2,par_cod_asig3 FROM tblaca009 WHERE pensum='5' AND c_uni_ca='3' AND c_asigna='300218' [1][0] OK
C:[16/08/2013 09:37:15.30][186.88.160.191][1196] SELECT c_asigna FROM dace004 WHERE exp_e='08-13911412' AND c_asigna='300228' AND status IN ('0','3','B','C') [0][0] OK
C:[16/08/2013 09:37:15.69][186.88.160.191][1312] SELECT horas_lab FROM tblaca008 WHERE c_asigna='300218' AND horas_teoricas > 0 [0][0] OK
C:[16/08/2013 09:37:59.29][190.201.175.202][1138] SELECT pre_cod_asig1,pre_cod_asig2,pre_cod_asig3,pre_cod_asig4,pre_cod_asig5,pre_cod_asig6,pre_cod_asig7 FROM tblaca009 WHERE pensum='5' AND c_uni_ca='6' AND c_asigna='300313' [1][0] OK
C:[16/08/2013 09:37:59.29][190.201.175.202][1151] SELECT c_asigna FROM dace004 WHERE exp_e='00-16173262' AND c_asigna='300213' AND status IN ('0','3','B','C') [1][0] OK
C:[16/08/2013 09:37:59.29][190.201.175.202][1151] SELECT c_asigna FROM dace004 WHERE exp_e='00-16173262' AND c_asigna='300226' AND status IN ('0','3','B','C') [1][0] OK
C:[16/08/2013 09:37:59.29][190.201.175.202][1151] SELECT c_asigna FROM dace004 WHERE exp_e='00-16173262' AND c_asigna='300222' AND status IN ('0','3','B','C') [1][0] OK
C:[16/08/2013 09:37:59.29][190.201.175.202][1151] SELECT c_asigna FROM dace004 WHERE exp_e='00-16173262' AND c_asigna='300209' AND status IN ('0','3','B','C') [1][0] OK
C:[16/08/2013 09:37:59.29][190.201.175.202][1138] SELECT pre_cod_asig1,pre_cod_asig2,pre_cod_asig3,pre_cod_asig4,pre_cod_asig5,pre_cod_asig6,pre_cod_asig7 FROM tblaca009 WHERE pensum='5' AND c_uni_ca='6' AND c_asigna='340327' [1][0] OK
C:[16/08/2013 09:37:59.29][190.201.175.202][1151] SELECT c_asigna FROM dace004 WHERE exp_e='00-16173262' AND c_asigna='300013' AND status IN ('0','3','B','C') [1][0] OK
C:[16/08/2013 09:37:59.29][190.201.175.202][1151] SELECT c_asigna FROM dace004 WHERE exp_e='00-16173262' AND c_asigna='300113' AND status IN ('0','3','B','C') [1][0] OK
C:[16/08/2013 09:37:59.41][190.201.175.202][1182] SELECT par_cod_asig1,par_cod_asig2,par_cod_asig3 FROM tblaca009 WHERE pensum='5' AND c_uni_ca='6' AND c_asigna='300313' [1][0] OK
C:[16/08/2013 09:37:59.41][190.201.175.202][1182] SELECT par_cod_asig1,par_cod_asig2,par_cod_asig3 FROM tblaca009 WHERE pensum='5' AND c_uni_ca='6' AND c_asigna='340327' [1][0] OK
C:[16/08/2013 09:37:59.68][190.201.175.202][1312] SELECT horas_lab FROM tblaca008 WHERE c_asigna='300313' AND horas_teoricas > 0 [1][0] OK
C:[16/08/2013 09:37:59.68][190.201.175.202][1312] SELECT horas_lab FROM tblaca008 WHERE c_asigna='340327' AND horas_teoricas > 0 [1][0] OK
C:[16/08/2013 09:39:03.36][190.201.175.202][1138] SELECT pre_cod_asig1,pre_cod_asig2,pre_cod_asig3,pre_cod_asig4,pre_cod_asig5,pre_cod_asig6,pre_cod_asig7 FROM tblaca009 WHERE pensum='5' AND c_uni_ca='5' AND c_asigna='355722' [1][0] OK
C:[16/08/2013 09:39:03.36][190.201.175.202][1151] SELECT c_asigna FROM dace004 WHERE exp_e='08-19513763' AND c_asigna='355691' AND status IN ('0','3','B','C') [1][0] OK
C:[16/08/2013 09:39:03.36][190.201.175.202][1151] SELECT c_asigna FROM dace004 WHERE exp_e='08-19513763' AND c_asigna='355595' AND status IN ('0','3','B','C') [1][0] OK
C:[16/08/2013 09:39:03.86][190.201.175.202][1182] SELECT par_cod_asig1,par_cod_asig2,par_cod_asig3 FROM tblaca009 WHERE pensum='5' AND c_uni_ca='5' AND c_asigna='355722' [1][0] OK
C:[16/08/2013 09:39:04.00][190.201.175.202][1312] SELECT horas_lab FROM tblaca008 WHERE c_asigna='355722' AND horas_teoricas > 0 [1][0] OK
C:[16/08/2013 09:40:26.39][186.90.186.113][1138] SELECT pre_cod_asig1,pre_cod_asig2,pre_cod_asig3,pre_cod_asig4,pre_cod_asig5,pre_cod_asig6,pre_cod_asig7 FROM tblaca009 WHERE pensum='5' AND c_uni_ca='2' AND c_asigna='322605' [1][0] OK
C:[16/08/2013 09:40:26.39][186.90.186.113][1151] SELECT c_asigna FROM dace004 WHERE exp_e='10-22587180' AND c_asigna='322436' AND status IN ('0','3','B','C') [1][0] OK
C:[16/08/2013 09:40:26.75][186.90.186.113][1182] SELECT par_cod_asig1,par_cod_asig2,par_cod_asig3 FROM tblaca009 WHERE pensum='5' AND c_uni_ca='2' AND c_asigna='322605' [1][0] OK
C:[16/08/2013 09:40:26.88][186.90.186.113][1312] SELECT horas_lab FROM tblaca008 WHERE c_asigna='322605' AND horas_teoricas > 0 [1][0] OK
C:[16/08/2013 09:41:34.98][172.17.172.32][1138] SELECT pre_cod_asig1,pre_cod_asig2,pre_cod_asig3,pre_cod_asig4,pre_cod_asig5,pre_cod_asig6,pre_cod_asig7 FROM tblaca009 WHERE pensum='5' AND c_uni_ca='5' AND c_asigna='351451' [1][0] OK
C:[16/08/2013 09:41:34.98][172.17.172.32][1151] SELECT c_asigna FROM dace004 WHERE exp_e='11-26138582' AND c_asigna='351330' AND status IN ('0','3','B','C') [1][0] OK
C:[16/08/2013 09:41:34.98][172.17.172.32][1151] SELECT c_asigna FROM dace004 WHERE exp_e='11-26138582' AND c_asigna='355350' AND status IN ('0','3','B','C') [1][0] OK
C:[16/08/2013 09:41:34.98][172.17.172.32][1151] SELECT c_asigna FROM dace004 WHERE exp_e='11-26138582' AND c_asigna='300318' AND status IN ('0','3','B','C') [1][0] OK
C:[16/08/2013 09:41:34.98][172.17.172.32][1151] SELECT c_asigna FROM dace004 WHERE exp_e='11-26138582' AND c_asigna='300209' AND status IN ('0','3','B','C') [1][0] OK
C:[16/08/2013 09:41:34.98][172.17.172.32][1151] SELECT c_asigna FROM dace004 WHERE exp_e='11-26138582' AND c_asigna='300222' AND status IN ('0','3','B','C') [1][0] OK
C:[16/08/2013 09:41:34.98][172.17.172.32][1138] SELECT pre_cod_asig1,pre_cod_asig2,pre_cod_asig3,pre_cod_asig4,pre_cod_asig5,pre_cod_asig6,pre_cod_asig7 FROM tblaca009 WHERE pensum='5' AND c_uni_ca='5' AND c_asigna='355448' [1][0] OK
C:[16/08/2013 09:41:34.98][172.17.172.32][1151] SELECT c_asigna FROM dace004 WHERE exp_e='11-26138582' AND c_asigna='300313' AND status IN ('0','3','B','C') [1][0] OK
C:[16/08/2013 09:41:34.98][172.17.172.32][1151] SELECT c_asigna FROM dace004 WHERE exp_e='11-26138582' AND c_asigna='300209' AND status IN ('0','3','B','C') [1][0] OK
C:[16/08/2013 09:41:34.98][172.17.172.32][1151] SELECT c_asigna FROM dace004 WHERE exp_e='11-26138582' AND c_asigna='300226' AND status IN ('0','3','B','C') [1][0] OK
C:[16/08/2013 09:41:34.98][172.17.172.32][1151] SELECT c_asigna FROM dace004 WHERE exp_e='11-26138582' AND c_asigna='300222' AND status IN ('0','3','B','C') [1][0] OK
C:[16/08/2013 09:41:34.48][172.17.172.32][1182] SELECT par_cod_asig1,par_cod_asig2,par_cod_asig3 FROM tblaca009 WHERE pensum='5' AND c_uni_ca='5' AND c_asigna='351451' [1][0] OK
C:[16/08/2013 09:41:34.48][172.17.172.32][1182] SELECT par_cod_asig1,par_cod_asig2,par_cod_asig3 FROM tblaca009 WHERE pensum='5' AND c_uni_ca='5' AND c_asigna='355448' [1][0] OK
C:[16/08/2013 09:41:34.75][172.17.172.32][1312] SELECT horas_lab FROM tblaca008 WHERE c_asigna='351451' AND horas_teoricas > 0 [1][0] OK
C:[16/08/2013 09:41:34.75][172.17.172.32][1312] SELECT horas_lab FROM tblaca008 WHERE c_asigna='355448' AND horas_teoricas > 0 [1][0] OK
C:[16/08/2013 09:41:51.38][190.201.175.202][1138] SELECT pre_cod_asig1,pre_cod_asig2,pre_cod_asig3,pre_cod_asig4,pre_cod_asig5,pre_cod_asig6,pre_cod_asig7 FROM tblaca009 WHERE pensum='5' AND c_uni_ca='2' AND c_asigna='300209' [1][0] OK
C:[16/08/2013 09:41:51.38][190.201.175.202][1151] SELECT c_asigna FROM dace004 WHERE exp_e='12-25324619' AND c_asigna='300101' AND status IN ('0','3','B','C') [1][0] OK
C:[16/08/2013 09:41:51.38][190.201.175.202][1138] SELECT pre_cod_asig1,pre_cod_asig2,pre_cod_asig3,pre_cod_asig4,pre_cod_asig5,pre_cod_asig6,pre_cod_asig7 FROM tblaca009 WHERE pensum='5' AND c_uni_ca='2' AND c_asigna='300222' [1][0] OK
C:[16/08/2013 09:41:51.38][190.201.175.202][1151] SELECT c_asigna FROM dace004 WHERE exp_e='12-25324619' AND c_asigna='300112' AND status IN ('0','3','B','C') [1][0] OK
C:[16/08/2013 09:41:51.38][190.201.175.202][1138] SELECT pre_cod_asig1,pre_cod_asig2,pre_cod_asig3,pre_cod_asig4,pre_cod_asig5,pre_cod_asig6,pre_cod_asig7 FROM tblaca009 WHERE pensum='5' AND c_uni_ca='2' AND c_asigna='300226' [1][0] OK
C:[16/08/2013 09:41:51.38][190.201.175.202][1151] SELECT c_asigna FROM dace004 WHERE exp_e='12-25324619' AND c_asigna='300116' AND status IN ('0','3','B','C') [1][0] OK
C:[16/08/2013 09:41:51.32][190.201.175.202][1182] SELECT par_cod_asig1,par_cod_asig2,par_cod_asig3 FROM tblaca009 WHERE pensum='5' AND c_uni_ca='2' AND c_asigna='300209' [1][0] OK
C:[16/08/2013 09:41:51.32][190.201.175.202][1182] SELECT par_cod_asig1,par_cod_asig2,par_cod_asig3 FROM tblaca009 WHERE pensum='5' AND c_uni_ca='2' AND c_asigna='300222' [1][0] OK
C:[16/08/2013 09:41:51.32][190.201.175.202][1182] SELECT par_cod_asig1,par_cod_asig2,par_cod_asig3 FROM tblaca009 WHERE pensum='5' AND c_uni_ca='2' AND c_asigna='300226' [1][0] OK
C:[16/08/2013 09:41:51.70][190.201.175.202][1312] SELECT horas_lab FROM tblaca008 WHERE c_asigna='300209' AND horas_teoricas > 0 [1][0] OK
C:[16/08/2013 09:41:51.70][190.201.175.202][1312] SELECT horas_lab FROM tblaca008 WHERE c_asigna='300222' AND horas_teoricas > 0 [1][0] OK
C:[16/08/2013 09:41:51.70][190.201.175.202][1312] SELECT horas_lab FROM tblaca008 WHERE c_asigna='300226' AND horas_teoricas > 0 [1][0] OK
C:[16/08/2013 09:43:22.82][190.201.175.202][1138] SELECT pre_cod_asig1,pre_cod_asig2,pre_cod_asig3,pre_cod_asig4,pre_cod_asig5,pre_cod_asig6,pre_cod_asig7 FROM tblaca009 WHERE pensum='5' AND c_uni_ca='4' AND c_asigna='300318' [1][0] OK
C:[16/08/2013 09:43:22.82][190.201.175.202][1151] SELECT c_asigna FROM dace004 WHERE exp_e='10-22824070' AND c_asigna='300228' AND status IN ('0','3','B','C') [1][0] OK
C:[16/08/2013 09:43:22.82][190.201.175.202][1151] SELECT c_asigna FROM dace004 WHERE exp_e='10-22824070' AND c_asigna='300207' AND status IN ('0','3','B','C') [1][0] OK
C:[16/08/2013 09:43:22.82][190.201.175.202][1151] SELECT c_asigna FROM dace004 WHERE exp_e='10-22824070' AND c_asigna='300218' AND status IN ('0','3','B','C') [1][0] OK
C:[16/08/2013 09:43:22.46][190.201.175.202][1182] SELECT par_cod_asig1,par_cod_asig2,par_cod_asig3 FROM tblaca009 WHERE pensum='5' AND c_uni_ca='4' AND c_asigna='300318' [1][0] OK
C:[16/08/2013 09:43:22.63][190.201.175.202][1312] SELECT horas_lab FROM tblaca008 WHERE c_asigna='300318' AND horas_teoricas > 0 [1][0] OK
C:[16/08/2013 09:43:23.92][190.201.175.202][1138] SELECT pre_cod_asig1,pre_cod_asig2,pre_cod_asig3,pre_cod_asig4,pre_cod_asig5,pre_cod_asig6,pre_cod_asig7 FROM tblaca009 WHERE pensum='5' AND c_uni_ca='5' AND c_asigna='355696' [1][0] OK
C:[16/08/2013 09:43:23.92][190.201.175.202][1151] SELECT c_asigna FROM dace004 WHERE exp_e='10-20593758' AND c_asigna='355570' AND status IN ('0','3','B','C') [1][0] OK
C:[16/08/2013 09:43:23.92][190.201.175.202][1151] SELECT c_asigna FROM dace004 WHERE exp_e='10-20593758' AND c_asigna='355571' AND status IN ('0','3','B','C') [1][0] OK
C:[16/08/2013 09:43:23.30][190.201.175.202][1182] SELECT par_cod_asig1,par_cod_asig2,par_cod_asig3 FROM tblaca009 WHERE pensum='5' AND c_uni_ca='5' AND c_asigna='355696' [1][0] OK
C:[16/08/2013 09:43:24.43][190.201.175.202][1312] SELECT horas_lab FROM tblaca008 WHERE c_asigna='355696' AND horas_teoricas > 0 [1][0] OK
C:[16/08/2013 09:44:45.77][172.16.4.254][1138] SELECT pre_cod_asig1,pre_cod_asig2,pre_cod_asig3,pre_cod_asig4,pre_cod_asig5,pre_cod_asig6,pre_cod_asig7 FROM tblaca009 WHERE pensum='5' AND c_uni_ca='5' AND c_asigna='300317' [1][0] OK
C:[16/08/2013 09:44:45.77][172.16.4.254][1151] SELECT c_asigna FROM dace004 WHERE exp_e='11-22824707' AND c_asigna='300207' AND status IN ('0','3','B','C') [1][0] OK
C:[16/08/2013 09:44:45.77][172.16.4.254][1151] SELECT c_asigna FROM dace004 WHERE exp_e='11-22824707' AND c_asigna='300209' AND status IN ('0','3','B','C') [1][0] OK
C:[16/08/2013 09:44:45.28][172.16.4.254][1182] SELECT par_cod_asig1,par_cod_asig2,par_cod_asig3 FROM tblaca009 WHERE pensum='5' AND c_uni_ca='5' AND c_asigna='300317' [1][0] OK
C:[16/08/2013 09:44:45.41][172.16.4.254][1312] SELECT horas_lab FROM tblaca008 WHERE c_asigna='300317' AND horas_teoricas > 0 [1][0] OK
C:[16/08/2013 09:44:56.68][181.183.162.250][1138] SELECT pre_cod_asig1,pre_cod_asig2,pre_cod_asig3,pre_cod_asig4,pre_cod_asig5,pre_cod_asig6,pre_cod_asig7 FROM tblaca009 WHERE pensum='5' AND c_uni_ca='2' AND c_asigna='322669' [1][0] OK
C:[16/08/2013 09:44:56.68][181.183.162.250][1151] SELECT c_asigna FROM dace004 WHERE exp_e='10-24845958' AND c_asigna='322558' AND status IN ('0','3','B','C') [1][0] OK
C:[16/08/2013 09:44:56.68][181.183.162.250][1151] SELECT c_asigna FROM dace004 WHERE exp_e='10-24845958' AND c_asigna='323528' AND status IN ('0','3','B','C') [1][0] OK
C:[16/08/2013 09:44:57.02][181.183.162.250][1182] SELECT par_cod_asig1,par_cod_asig2,par_cod_asig3 FROM tblaca009 WHERE pensum='5' AND c_uni_ca='2' AND c_asigna='322669' [1][0] OK
C:[16/08/2013 09:44:57.16][181.183.162.250][1312] SELECT horas_lab FROM tblaca008 WHERE c_asigna='322669' AND horas_teoricas > 0 [1][0] OK
C:[16/08/2013 09:49:02.60][190.74.180.126][1138] SELECT pre_cod_asig1,pre_cod_asig2,pre_cod_asig3,pre_cod_asig4,pre_cod_asig5,pre_cod_asig6,pre_cod_asig7 FROM tblaca009 WHERE pensum='5' AND c_uni_ca='2' AND c_asigna='322041' [1][0] OK
C:[16/08/2013 09:49:02.85][190.74.180.126][1182] SELECT par_cod_asig1,par_cod_asig2,par_cod_asig3 FROM tblaca009 WHERE pensum='5' AND c_uni_ca='2' AND c_asigna='322041' [1][0] OK
C:[16/08/2013 09:49:02.00][190.74.180.126][1312] SELECT horas_lab FROM tblaca008 WHERE c_asigna='322041' AND horas_teoricas > 0 [1][0] OK
C:[16/08/2013 09:49:07.20][186.88.131.74][1138] SELECT pre_cod_asig1,pre_cod_asig2,pre_cod_asig3,pre_cod_asig4,pre_cod_asig5,pre_cod_asig6,pre_cod_asig7 FROM tblaca009 WHERE pensum='5' AND c_uni_ca='6' AND c_asigna='300222' [1][0] OK
C:[16/08/2013 09:49:07.20][186.88.131.74][1151] SELECT c_asigna FROM dace004 WHERE exp_e='07-19419400' AND c_asigna='300112' AND status IN ('0','3','B','C') [1][0] OK
C:[16/08/2013 09:49:07.20][186.88.131.74][1138] SELECT pre_cod_asig1,pre_cod_asig2,pre_cod_asig3,pre_cod_asig4,pre_cod_asig5,pre_cod_asig6,pre_cod_asig7 FROM tblaca009 WHERE pensum='5' AND c_uni_ca='6' AND c_asigna='300226' [1][0] OK
C:[16/08/2013 09:49:07.20][186.88.131.74][1151] SELECT c_asigna FROM dace004 WHERE exp_e='07-19419400' AND c_asigna='300116' AND status IN ('0','3','B','C') [1][0] OK
C:[16/08/2013 09:49:07.71][186.88.131.74][1182] SELECT par_cod_asig1,par_cod_asig2,par_cod_asig3 FROM tblaca009 WHERE pensum='5' AND c_uni_ca='6' AND c_asigna='300222' [1][0] OK
C:[16/08/2013 09:49:07.71][186.88.131.74][1182] SELECT par_cod_asig1,par_cod_asig2,par_cod_asig3 FROM tblaca009 WHERE pensum='5' AND c_uni_ca='6' AND c_asigna='300226' [1][0] OK
C:[16/08/2013 09:49:07.98][186.88.131.74][1312] SELECT horas_lab FROM tblaca008 WHERE c_asigna='300222' AND horas_teoricas > 0 [1][0] OK
C:[16/08/2013 09:49:07.98][186.88.131.74][1312] SELECT horas_lab FROM tblaca008 WHERE c_asigna='300226' AND horas_teoricas > 0 [1][0] OK
C:[16/08/2013 09:49:45.86][172.16.4.244][1138] SELECT pre_cod_asig1,pre_cod_asig2,pre_cod_asig3,pre_cod_asig4,pre_cod_asig5,pre_cod_asig6,pre_cod_asig7 FROM tblaca009 WHERE pensum='5' AND c_uni_ca='5' AND c_asigna='355720' [1][0] OK
C:[16/08/2013 09:49:45.86][172.16.4.244][1151] SELECT c_asigna FROM dace004 WHERE exp_e='10-19804363' AND c_asigna='355692' AND status IN ('0','3','B','C') [1][0] OK
C:[16/08/2013 09:49:45.86][172.16.4.244][1151] SELECT c_asigna FROM dace004 WHERE exp_e='10-19804363' AND c_asigna='355696' AND status IN ('0','3','B','C') [1][0] OK
C:[16/08/2013 09:49:46.38][172.16.4.244][1182] SELECT par_cod_asig1,par_cod_asig2,par_cod_asig3 FROM tblaca009 WHERE pensum='5' AND c_uni_ca='5' AND c_asigna='355720' [1][0] OK
C:[16/08/2013 09:49:46.50][172.16.4.244][1312] SELECT horas_lab FROM tblaca008 WHERE c_asigna='355720' AND horas_teoricas > 0 [1][0] OK
C:[16/08/2013 09:50:09.28][186.167.242.76][1138] SELECT pre_cod_asig1,pre_cod_asig2,pre_cod_asig3,pre_cod_asig4,pre_cod_asig5,pre_cod_asig6,pre_cod_asig7 FROM tblaca009 WHERE pensum='5' AND c_uni_ca='4' AND c_asigna='333809' [1][0] OK
C:[16/08/2013 09:50:09.28][186.167.242.76][1151] SELECT c_asigna FROM dace004 WHERE exp_e='08-17476590' AND c_asigna='333683' AND status IN ('0','3','B','C') [1][0] OK
C:[16/08/2013 09:50:09.28][186.167.242.76][1151] SELECT c_asigna FROM dace004 WHERE exp_e='08-17476590' AND c_asigna='333710' AND status IN ('0','3','B','C') [1][0] OK
C:[16/08/2013 09:50:09.77][186.167.242.76][1182] SELECT par_cod_asig1,par_cod_asig2,par_cod_asig3 FROM tblaca009 WHERE pensum='5' AND c_uni_ca='4' AND c_asigna='333809' [1][0] OK
C:[16/08/2013 09:50:10.90][186.167.242.76][1312] SELECT horas_lab FROM tblaca008 WHERE c_asigna='333809' AND horas_teoricas > 0 [1][0] OK
C:[16/08/2013 09:51:54.90][190.201.175.202][1138] SELECT pre_cod_asig1,pre_cod_asig2,pre_cod_asig3,pre_cod_asig4,pre_cod_asig5,pre_cod_asig6,pre_cod_asig7 FROM tblaca009 WHERE pensum='5' AND c_uni_ca='3' AND c_asigna='311673' [1][0] OK
C:[16/08/2013 09:51:54.90][190.201.175.202][1151] SELECT c_asigna FROM dace004 WHERE exp_e='10-20504300' AND c_asigna='311551' AND status IN ('0','3','B','C') [1][0] OK
C:[16/08/2013 09:51:54.90][190.201.175.202][1151] SELECT c_asigna FROM dace004 WHERE exp_e='10-20504300' AND c_asigna='311554' AND status IN ('0','3','B','C') [1][0] OK
C:[16/08/2013 09:51:54.90][190.201.175.202][1151] SELECT c_asigna FROM dace004 WHERE exp_e='10-20504300' AND c_asigna='311320' AND status IN ('0','3','B','C') [1][0] OK
C:[16/08/2013 09:51:54.52][190.201.175.202][1182] SELECT par_cod_asig1,par_cod_asig2,par_cod_asig3 FROM tblaca009 WHERE pensum='5' AND c_uni_ca='3' AND c_asigna='311673' [1][0] OK
C:[16/08/2013 09:51:54.70][190.201.175.202][1312] SELECT horas_lab FROM tblaca008 WHERE c_asigna='311673' AND horas_teoricas > 0 [1][0] OK
C:[16/08/2013 09:52:09.24][172.17.172.32][1138] SELECT pre_cod_asig1,pre_cod_asig2,pre_cod_asig3,pre_cod_asig4,pre_cod_asig5,pre_cod_asig6,pre_cod_asig7 FROM tblaca009 WHERE pensum='5' AND c_uni_ca='5' AND c_asigna='351451' [1][0] OK
C:[16/08/2013 09:52:09.24][172.17.172.32][1151] SELECT c_asigna FROM dace004 WHERE exp_e='11-25278114' AND c_asigna='351330' AND status IN ('0','3','B','C') [1][0] OK
C:[16/08/2013 09:52:09.24][172.17.172.32][1151] SELECT c_asigna FROM dace004 WHERE exp_e='11-25278114' AND c_asigna='355350' AND status IN ('0','3','B','C') [1][0] OK
C:[16/08/2013 09:52:09.24][172.17.172.32][1151] SELECT c_asigna FROM dace004 WHERE exp_e='11-25278114' AND c_asigna='300318' AND status IN ('0','3','B','C') [1][0] OK
C:[16/08/2013 09:52:09.24][172.17.172.32][1151] SELECT c_asigna FROM dace004 WHERE exp_e='11-25278114' AND c_asigna='300209' AND status IN ('0','3','B','C') [1][0] OK
C:[16/08/2013 09:52:09.24][172.17.172.32][1151] SELECT c_asigna FROM dace004 WHERE exp_e='11-25278114' AND c_asigna='300222' AND status IN ('0','3','B','C') [1][0] OK
C:[16/08/2013 09:52:09.24][172.17.172.32][1138] SELECT pre_cod_asig1,pre_cod_asig2,pre_cod_asig3,pre_cod_asig4,pre_cod_asig5,pre_cod_asig6,pre_cod_asig7 FROM tblaca009 WHERE pensum='5' AND c_uni_ca='5' AND c_asigna='355448' [1][0] OK
C:[16/08/2013 09:52:09.24][172.17.172.32][1151] SELECT c_asigna FROM dace004 WHERE exp_e='11-25278114' AND c_asigna='300313' AND status IN ('0','3','B','C') [1][0] OK
C:[16/08/2013 09:52:09.24][172.17.172.32][1151] SELECT c_asigna FROM dace004 WHERE exp_e='11-25278114' AND c_asigna='300209' AND status IN ('0','3','B','C') [1][0] OK
C:[16/08/2013 09:52:09.24][172.17.172.32][1151] SELECT c_asigna FROM dace004 WHERE exp_e='11-25278114' AND c_asigna='300226' AND status IN ('0','3','B','C') [1][0] OK
C:[16/08/2013 09:52:09.24][172.17.172.32][1151] SELECT c_asigna FROM dace004 WHERE exp_e='11-25278114' AND c_asigna='300222' AND status IN ('0','3','B','C') [1][0] OK
C:[16/08/2013 09:52:10.74][172.17.172.32][1182] SELECT par_cod_asig1,par_cod_asig2,par_cod_asig3 FROM tblaca009 WHERE pensum='5' AND c_uni_ca='5' AND c_asigna='351451' [1][0] OK
C:[16/08/2013 09:52:10.74][172.17.172.32][1182] SELECT par_cod_asig1,par_cod_asig2,par_cod_asig3 FROM tblaca009 WHERE pensum='5' AND c_uni_ca='5' AND c_asigna='355448' [1][0] OK
C:[16/08/2013 09:52:10.00][172.17.172.32][1312] SELECT horas_lab FROM tblaca008 WHERE c_asigna='351451' AND horas_teoricas > 0 [1][0] OK
C:[16/08/2013 09:52:10.00][172.17.172.32][1312] SELECT horas_lab FROM tblaca008 WHERE c_asigna='355448' AND horas_teoricas > 0 [1][0] OK
C:[16/08/2013 09:53:34.49][190.201.175.202][1138] SELECT pre_cod_asig1,pre_cod_asig2,pre_cod_asig3,pre_cod_asig4,pre_cod_asig5,pre_cod_asig6,pre_cod_asig7 FROM tblaca009 WHERE pensum='5' AND c_uni_ca='6' AND c_asigna='344715' [1][0] OK
C:[16/08/2013 09:53:34.49][190.201.175.202][1151] SELECT c_asigna FROM dace004 WHERE exp_e='07-19333590' AND c_asigna='344688' AND status IN ('0','3','B','C') [1][0] OK
C:[16/08/2013 09:53:34.49][190.201.175.202][1151] SELECT c_asigna FROM dace004 WHERE exp_e='07-19333590' AND c_asigna='344613' AND status IN ('0','3','B','C') [1][0] OK
C:[16/08/2013 09:53:34.49][190.201.175.202][1138] SELECT pre_cod_asig1,pre_cod_asig2,pre_cod_asig3,pre_cod_asig4,pre_cod_asig5,pre_cod_asig6,pre_cod_asig7 FROM tblaca009 WHERE pensum='5' AND c_uni_ca='6' AND c_asigna='344733' [1][0] OK
C:[16/08/2013 09:53:34.12][190.201.175.202][1182] SELECT par_cod_asig1,par_cod_asig2,par_cod_asig3 FROM tblaca009 WHERE pensum='5' AND c_uni_ca='6' AND c_asigna='344715' [1][0] OK
C:[16/08/2013 09:53:34.12][190.201.175.202][1182] SELECT par_cod_asig1,par_cod_asig2,par_cod_asig3 FROM tblaca009 WHERE pensum='5' AND c_uni_ca='6' AND c_asigna='344733' [1][0] OK
C:[16/08/2013 09:53:34.39][190.201.175.202][1312] SELECT horas_lab FROM tblaca008 WHERE c_asigna='344715' AND horas_teoricas > 0 [1][0] OK
C:[16/08/2013 09:53:34.39][190.201.175.202][1312] SELECT horas_lab FROM tblaca008 WHERE c_asigna='344733' AND horas_teoricas > 0 [1][0] OK
C:[16/08/2013 10:00:35.40][190.201.169.89][1138] SELECT pre_cod_asig1,pre_cod_asig2,pre_cod_asig3,pre_cod_asig4,pre_cod_asig5,pre_cod_asig6,pre_cod_asig7 FROM tblaca009 WHERE pensum='5' AND c_uni_ca='3' AND c_asigna='311673' [1][0] OK
C:[16/08/2013 10:00:35.40][190.201.169.89][1151] SELECT c_asigna FROM dace004 WHERE exp_e='09-19804620' AND c_asigna='311551' AND status IN ('0','3','B','C') [1][0] OK
C:[16/08/2013 10:00:35.40][190.201.169.89][1151] SELECT c_asigna FROM dace004 WHERE exp_e='09-19804620' AND c_asigna='311554' AND status IN ('0','3','B','C') [1][0] OK
C:[16/08/2013 10:00:35.40][190.201.169.89][1151] SELECT c_asigna FROM dace004 WHERE exp_e='09-19804620' AND c_asigna='311320' AND status IN ('0','3','B','C') [1][0] OK
C:[16/08/2013 10:00:35.02][190.201.169.89][1182] SELECT par_cod_asig1,par_cod_asig2,par_cod_asig3 FROM tblaca009 WHERE pensum='5' AND c_uni_ca='3' AND c_asigna='311673' [1][0] OK
C:[16/08/2013 10:00:35.16][190.201.169.89][1312] SELECT horas_lab FROM tblaca008 WHERE c_asigna='311673' AND horas_teoricas > 0 [1][0] OK
C:[16/08/2013 10:00:52.39][172.16.4.254][1138] SELECT pre_cod_asig1,pre_cod_asig2,pre_cod_asig3,pre_cod_asig4,pre_cod_asig5,pre_cod_asig6,pre_cod_asig7 FROM tblaca009 WHERE pensum='5' AND c_uni_ca='2' AND c_asigna='300428' [1][0] OK
C:[16/08/2013 10:00:52.39][172.16.4.254][1151] SELECT c_asigna FROM dace004 WHERE exp_e='11-24848220' AND c_asigna='300317' AND status IN ('0','3','B','C') [1][0] OK
C:[16/08/2013 10:00:52.39][172.16.4.254][1151] SELECT c_asigna FROM dace004 WHERE exp_e='11-24848220' AND c_asigna='300209' AND status IN ('0','3','B','C') [1][0] OK
C:[16/08/2013 10:00:52.89][172.16.4.254][1182] SELECT par_cod_asig1,par_cod_asig2,par_cod_asig3 FROM tblaca009 WHERE pensum='5' AND c_uni_ca='2' AND c_asigna='300428' [1][0] OK
C:[16/08/2013 10:00:52.03][172.16.4.254][1312] SELECT horas_lab FROM tblaca008 WHERE c_asigna='300428' AND horas_teoricas > 0 [1][0] OK
C:[16/08/2013 10:03:00.34][190.201.175.202][1138] SELECT pre_cod_asig1,pre_cod_asig2,pre_cod_asig3,pre_cod_asig4,pre_cod_asig5,pre_cod_asig6,pre_cod_asig7 FROM tblaca009 WHERE pensum='5' AND c_uni_ca='3' AND c_asigna='311430' [1][0] OK
C:[16/08/2013 10:03:00.34][190.201.175.202][1151] SELECT c_asigna FROM dace004 WHERE exp_e='10-24035759' AND c_asigna='300317' AND status IN ('0','3','B','C') [1][0] OK
C:[16/08/2013 10:03:00.34][190.201.175.202][1151] SELECT c_asigna FROM dace004 WHERE exp_e='10-24035759' AND c_asigna='300318' AND status IN ('0','3','B','C') [1][0] OK
C:[16/08/2013 10:03:00.34][190.201.175.202][1151] SELECT c_asigna FROM dace004 WHERE exp_e='10-24035759' AND c_asigna='300313' AND status IN ('0','3','B','C') [1][0] OK
C:[16/08/2013 10:03:00.34][190.201.175.202][1151] SELECT c_asigna FROM dace004 WHERE exp_e='10-24035759' AND c_asigna='300222' AND status IN ('0','3','B','C') [1][0] OK
C:[16/08/2013 10:03:00.34][190.201.175.202][1151] SELECT c_asigna FROM dace004 WHERE exp_e='10-24035759' AND c_asigna='300226' AND status IN ('0','3','B','C') [1][0] OK
C:[16/08/2013 10:03:00.34][190.201.175.202][1151] SELECT c_asigna FROM dace004 WHERE exp_e='10-24035759' AND c_asigna='300209' AND status IN ('0','3','B','C') [1][0] OK
C:[16/08/2013 10:03:00.34][190.201.175.202][1138] SELECT pre_cod_asig1,pre_cod_asig2,pre_cod_asig3,pre_cod_asig4,pre_cod_asig5,pre_cod_asig6,pre_cod_asig7 FROM tblaca009 WHERE pensum='5' AND c_uni_ca='3' AND c_asigna='311554' [1][0] OK
C:[16/08/2013 10:03:00.34][190.201.175.202][1151] SELECT c_asigna FROM dace004 WHERE exp_e='10-24035759' AND c_asigna='300318' AND status IN ('0','3','B','C') [1][0] OK
C:[16/08/2013 10:03:00.34][190.201.175.202][1151] SELECT c_asigna FROM dace004 WHERE exp_e='10-24035759' AND c_asigna='300428' AND status IN ('0','3','B','C') [1][0] OK
C:[16/08/2013 10:03:00.71][190.201.175.202][1182] SELECT par_cod_asig1,par_cod_asig2,par_cod_asig3 FROM tblaca009 WHERE pensum='5' AND c_uni_ca='3' AND c_asigna='311430' [1][0] OK
C:[16/08/2013 10:03:00.71][190.201.175.202][1182] SELECT par_cod_asig1,par_cod_asig2,par_cod_asig3 FROM tblaca009 WHERE pensum='5' AND c_uni_ca='3' AND c_asigna='311554' [1][0] OK
C:[16/08/2013 10:03:01.97][190.201.175.202][1312] SELECT horas_lab FROM tblaca008 WHERE c_asigna='311430' AND horas_teoricas > 0 [1][0] OK
C:[16/08/2013 10:03:01.97][190.201.175.202][1312] SELECT horas_lab FROM tblaca008 WHERE c_asigna='311554' AND horas_teoricas > 0 [1][0] OK
C:[16/08/2013 10:03:28.16][190.202.81.201][1138] SELECT pre_cod_asig1,pre_cod_asig2,pre_cod_asig3,pre_cod_asig4,pre_cod_asig5,pre_cod_asig6,pre_cod_asig7 FROM tblaca009 WHERE pensum='5' AND c_uni_ca='3' AND c_asigna='311554' [1][0] OK
C:[16/08/2013 10:03:28.16][190.202.81.201][1151] SELECT c_asigna FROM dace004 WHERE exp_e='12-18806107' AND c_asigna='300318' AND status IN ('0','3','B','C') [1][0] OK
C:[16/08/2013 10:03:28.16][190.202.81.201][1151] SELECT c_asigna FROM dace004 WHERE exp_e='12-18806107' AND c_asigna='300428' AND status IN ('0','3','B','C') [1][0] OK
C:[16/08/2013 10:03:28.66][190.202.81.201][1182] SELECT par_cod_asig1,par_cod_asig2,par_cod_asig3 FROM tblaca009 WHERE pensum='5' AND c_uni_ca='3' AND c_asigna='311554' [1][0] OK
C:[16/08/2013 10:03:28.83][190.202.81.201][1312] SELECT horas_lab FROM tblaca008 WHERE c_asigna='311554' AND horas_teoricas > 0 [1][0] OK
C:[16/08/2013 10:04:56.34][190.201.175.202][1138] SELECT pre_cod_asig1,pre_cod_asig2,pre_cod_asig3,pre_cod_asig4,pre_cod_asig5,pre_cod_asig6,pre_cod_asig7 FROM tblaca009 WHERE pensum='5' AND c_uni_ca='5' AND c_asigna='300318' [1][0] OK
C:[16/08/2013 10:04:56.34][190.201.175.202][1151] SELECT c_asigna FROM dace004 WHERE exp_e='12-24823589' AND c_asigna='300228' AND status IN ('0','3','B','C') [1][0] OK
C:[16/08/2013 10:04:56.34][190.201.175.202][1151] SELECT c_asigna FROM dace004 WHERE exp_e='12-24823589' AND c_asigna='300207' AND status IN ('0','3','B','C') [1][0] OK
C:[16/08/2013 10:04:56.34][190.201.175.202][1151] SELECT c_asigna FROM dace004 WHERE exp_e='12-24823589' AND c_asigna='300218' AND status IN ('0','3','B','C') [1][0] OK
C:[16/08/2013 10:04:56.97][190.201.175.202][1182] SELECT par_cod_asig1,par_cod_asig2,par_cod_asig3 FROM tblaca009 WHERE pensum='5' AND c_uni_ca='5' AND c_asigna='300318' [1][0] OK
C:[16/08/2013 10:04:56.10][190.201.175.202][1312] SELECT horas_lab FROM tblaca008 WHERE c_asigna='300318' AND horas_teoricas > 0 [1][0] OK
C:[16/08/2013 10:06:43.84][181.184.148.42][1138] SELECT pre_cod_asig1,pre_cod_asig2,pre_cod_asig3,pre_cod_asig4,pre_cod_asig5,pre_cod_asig6,pre_cod_asig7 FROM tblaca009 WHERE pensum='5' AND c_uni_ca='6' AND c_asigna='344715' [1][0] OK
C:[16/08/2013 10:06:43.84][181.184.148.42][1151] SELECT c_asigna FROM dace004 WHERE exp_e='08-20285933' AND c_asigna='344688' AND status IN ('0','3','B','C') [1][0] OK
C:[16/08/2013 10:06:43.84][181.184.148.42][1151] SELECT c_asigna FROM dace004 WHERE exp_e='08-20285933' AND c_asigna='344613' AND status IN ('0','3','B','C') [1][0] OK
C:[16/08/2013 10:06:43.35][181.184.148.42][1182] SELECT par_cod_asig1,par_cod_asig2,par_cod_asig3 FROM tblaca009 WHERE pensum='5' AND c_uni_ca='6' AND c_asigna='344715' [1][0] OK
C:[16/08/2013 10:06:43.47][181.184.148.42][1312] SELECT horas_lab FROM tblaca008 WHERE c_asigna='344715' AND horas_teoricas > 0 [1][0] OK
C:[16/08/2013 10:07:27.69][190.201.188.33][1138] SELECT pre_cod_asig1,pre_cod_asig2,pre_cod_asig3,pre_cod_asig4,pre_cod_asig5,pre_cod_asig6,pre_cod_asig7 FROM tblaca009 WHERE pensum='5' AND c_uni_ca='2' AND c_asigna='322904' [1][0] OK
C:[16/08/2013 10:07:27.69][190.201.188.33][1151] SELECT c_asigna FROM dace004 WHERE exp_e='91-11729248' AND c_asigna='322782' AND status IN ('0','3','B','C') [1][0] OK
C:[16/08/2013 10:07:27.69][190.201.188.33][1151] SELECT c_asigna FROM dace004 WHERE exp_e='91-11729248' AND c_asigna='322801' AND status IN ('0','3','B','C') [1][0] OK
C:[16/08/2013 10:07:27.18][190.201.188.33][1182] SELECT par_cod_asig1,par_cod_asig2,par_cod_asig3 FROM tblaca009 WHERE pensum='5' AND c_uni_ca='2' AND c_asigna='322904' [1][0] OK
C:[16/08/2013 10:07:27.32][190.201.188.33][1312] SELECT horas_lab FROM tblaca008 WHERE c_asigna='322904' AND horas_teoricas > 0 [1][0] OK
C:[16/08/2013 10:11:17.62][172.17.172.32][1138] SELECT pre_cod_asig1,pre_cod_asig2,pre_cod_asig3,pre_cod_asig4,pre_cod_asig5,pre_cod_asig6,pre_cod_asig7 FROM tblaca009 WHERE pensum='5' AND c_uni_ca='5' AND c_asigna='351330' [1][0] OK
C:[16/08/2013 10:11:17.62][172.17.172.32][1151] SELECT c_asigna FROM dace004 WHERE exp_e='11-21725843' AND c_asigna='300218' AND status IN ('0','3','B','C') [1][0] OK
C:[16/08/2013 10:11:17.43][172.17.172.32][1182] SELECT par_cod_asig1,par_cod_asig2,par_cod_asig3 FROM tblaca009 WHERE pensum='5' AND c_uni_ca='5' AND c_asigna='351330' [1][0] OK
C:[16/08/2013 10:11:17.43][172.17.172.32][1196] SELECT c_asigna FROM dace004 WHERE exp_e='11-21725843' AND c_asigna='300318' AND status IN ('0','3','B','C') [0][0] OK
C:[16/08/2013 10:11:17.43][172.17.172.32][1196] SELECT c_asigna FROM dace004 WHERE exp_e='11-21725843' AND c_asigna='300317' AND status IN ('0','3','B','C') [0][0] OK
C:[16/08/2013 10:11:17.82][172.17.172.32][1312] SELECT horas_lab FROM tblaca008 WHERE c_asigna='351330' AND horas_teoricas > 0 [1][0] OK
C:[16/08/2013 10:11:38.36][190.201.175.202][1138] SELECT pre_cod_asig1,pre_cod_asig2,pre_cod_asig3,pre_cod_asig4,pre_cod_asig5,pre_cod_asig6,pre_cod_asig7 FROM tblaca009 WHERE pensum='5' AND c_uni_ca='6' AND c_asigna='300318' [1][0] OK
C:[16/08/2013 10:11:38.36][190.201.175.202][1151] SELECT c_asigna FROM dace004 WHERE exp_e='11-23872173' AND c_asigna='300228' AND status IN ('0','3','B','C') [1][0] OK
C:[16/08/2013 10:11:38.36][190.201.175.202][1151] SELECT c_asigna FROM dace004 WHERE exp_e='11-23872173' AND c_asigna='300207' AND status IN ('0','3','B','C') [1][0] OK
C:[16/08/2013 10:11:38.36][190.201.175.202][1151] SELECT c_asigna FROM dace004 WHERE exp_e='11-23872173' AND c_asigna='300218' AND status IN ('0','3','B','C') [1][0] OK
C:[16/08/2013 10:11:38.43][190.201.175.202][1182] SELECT par_cod_asig1,par_cod_asig2,par_cod_asig3 FROM tblaca009 WHERE pensum='5' AND c_uni_ca='6' AND c_asigna='300318' [1][0] OK
C:[16/08/2013 10:11:38.56][190.201.175.202][1312] SELECT horas_lab FROM tblaca008 WHERE c_asigna='300318' AND horas_teoricas > 0 [1][0] OK
C:[16/08/2013 10:11:53.89][172.16.4.254][1138] SELECT pre_cod_asig1,pre_cod_asig2,pre_cod_asig3,pre_cod_asig4,pre_cod_asig5,pre_cod_asig6,pre_cod_asig7 FROM tblaca009 WHERE pensum='5' AND c_uni_ca='2' AND c_asigna='300207' [1][0] OK
C:[16/08/2013 10:11:53.89][172.16.4.254][1151] SELECT c_asigna FROM dace004 WHERE exp_e='11-24411683' AND c_asigna='300101' AND status IN ('0','3','B','C') [1][0] OK
C:[16/08/2013 10:11:53.70][172.16.4.254][1182] SELECT par_cod_asig1,par_cod_asig2,par_cod_asig3 FROM tblaca009 WHERE pensum='5' AND c_uni_ca='2' AND c_asigna='300207' [1][0] OK
C:[16/08/2013 10:11:53.84][172.16.4.254][1312] SELECT horas_lab FROM tblaca008 WHERE c_asigna='300207' AND horas_teoricas > 0 [1][0] OK
C:[16/08/2013 10:18:01.43][190.201.175.202][1138] SELECT pre_cod_asig1,pre_cod_asig2,pre_cod_asig3,pre_cod_asig4,pre_cod_asig5,pre_cod_asig6,pre_cod_asig7 FROM tblaca009 WHERE pensum='5' AND c_uni_ca='3' AND c_asigna='312333' [1][0] OK
C:[16/08/2013 10:18:01.43][190.201.175.202][1151] SELECT c_asigna FROM dace004 WHERE exp_e='11-22820828' AND c_asigna='300228' AND status IN ('0','3','B','C') [1][0] OK
C:[16/08/2013 10:18:01.25][190.201.175.202][1182] SELECT par_cod_asig1,par_cod_asig2,par_cod_asig3 FROM tblaca009 WHERE pensum='5' AND c_uni_ca='3' AND c_asigna='312333' [1][0] OK
C:[16/08/2013 10:18:01.38][190.201.175.202][1312] SELECT horas_lab FROM tblaca008 WHERE c_asigna='312333' AND horas_teoricas > 0 [1][0] OK
C:[16/08/2013 10:19:01.13][190.198.183.54][1138] SELECT pre_cod_asig1,pre_cod_asig2,pre_cod_asig3,pre_cod_asig4,pre_cod_asig5,pre_cod_asig6,pre_cod_asig7 FROM tblaca009 WHERE pensum='5' AND c_uni_ca='2' AND c_asigna='322550' [1][0] OK
C:[16/08/2013 10:19:01.13][190.198.183.54][1151] SELECT c_asigna FROM dace004 WHERE exp_e='08-19871054' AND c_asigna='322433' AND status IN ('0','3','B','C') [1][0] OK
C:[16/08/2013 10:19:01.13][190.198.183.54][1138] SELECT pre_cod_asig1,pre_cod_asig2,pre_cod_asig3,pre_cod_asig4,pre_cod_asig5,pre_cod_asig6,pre_cod_asig7 FROM tblaca009 WHERE pensum='5' AND c_uni_ca='2' AND c_asigna='322605' [1][0] OK
C:[16/08/2013 10:19:01.13][190.198.183.54][1151] SELECT c_asigna FROM dace004 WHERE exp_e='08-19871054' AND c_asigna='322436' AND status IN ('0','3','B','C') [1][0] OK
C:[16/08/2013 10:19:01.13][190.198.183.54][1138] SELECT pre_cod_asig1,pre_cod_asig2,pre_cod_asig3,pre_cod_asig4,pre_cod_asig5,pre_cod_asig6,pre_cod_asig7 FROM tblaca009 WHERE pensum='5' AND c_uni_ca='2' AND c_asigna='322678' [1][0] OK
C:[16/08/2013 10:19:01.13][190.198.183.54][1151] SELECT c_asigna FROM dace004 WHERE exp_e='08-19871054' AND c_asigna='322559' AND status IN ('0','3','B','C') [1][0] OK
C:[16/08/2013 10:19:02.44][190.198.183.54][1182] SELECT par_cod_asig1,par_cod_asig2,par_cod_asig3 FROM tblaca009 WHERE pensum='5' AND c_uni_ca='2' AND c_asigna='322550' [1][0] OK
C:[16/08/2013 10:19:02.44][190.198.183.54][1182] SELECT par_cod_asig1,par_cod_asig2,par_cod_asig3 FROM tblaca009 WHERE pensum='5' AND c_uni_ca='2' AND c_asigna='322605' [1][0] OK
C:[16/08/2013 10:19:02.44][190.198.183.54][1182] SELECT par_cod_asig1,par_cod_asig2,par_cod_asig3 FROM tblaca009 WHERE pensum='5' AND c_uni_ca='2' AND c_asigna='322678' [1][0] OK
C:[16/08/2013 10:19:02.82][190.198.183.54][1312] SELECT horas_lab FROM tblaca008 WHERE c_asigna='322550' AND horas_teoricas > 0 [1][0] OK
C:[16/08/2013 10:19:02.82][190.198.183.54][1312] SELECT horas_lab FROM tblaca008 WHERE c_asigna='322605' AND horas_teoricas > 0 [1][0] OK
C:[16/08/2013 10:19:02.82][190.198.183.54][1312] SELECT horas_lab FROM tblaca008 WHERE c_asigna='322678' AND horas_teoricas > 0 [1][0] OK
C:[16/08/2013 10:21:47.57][190.200.53.254][1138] SELECT pre_cod_asig1,pre_cod_asig2,pre_cod_asig3,pre_cod_asig4,pre_cod_asig5,pre_cod_asig6,pre_cod_asig7 FROM tblaca009 WHERE pensum='5' AND c_uni_ca='3' AND c_asigna='300870' [1][0] OK
C:[16/08/2013 10:21:47.27][190.200.53.254][1182] SELECT par_cod_asig1,par_cod_asig2,par_cod_asig3 FROM tblaca009 WHERE pensum='5' AND c_uni_ca='3' AND c_asigna='300870' [1][0] OK
C:[16/08/2013 10:21:47.40][190.200.53.254][1312] SELECT horas_lab FROM tblaca008 WHERE c_asigna='300870' AND horas_teoricas > 0 [1][0] OK
C:[16/08/2013 10:22:12.73][172.16.4.254][1138] SELECT pre_cod_asig1,pre_cod_asig2,pre_cod_asig3,pre_cod_asig4,pre_cod_asig5,pre_cod_asig6,pre_cod_asig7 FROM tblaca009 WHERE pensum='5' AND c_uni_ca='5' AND c_asigna='351330' [1][0] OK
C:[16/08/2013 10:22:12.73][172.16.4.254][1151] SELECT c_asigna FROM dace004 WHERE exp_e='11-21250831' AND c_asigna='300218' AND status IN ('0','3','B','C') [1][0] OK
C:[16/08/2013 10:22:12.73][172.16.4.254][1138] SELECT pre_cod_asig1,pre_cod_asig2,pre_cod_asig3,pre_cod_asig4,pre_cod_asig5,pre_cod_asig6,pre_cod_asig7 FROM tblaca009 WHERE pensum='5' AND c_uni_ca='5' AND c_asigna='355573' [1][0] OK
C:[16/08/2013 10:22:12.73][172.16.4.254][1151] SELECT c_asigna FROM dace004 WHERE exp_e='11-21250831' AND c_asigna='355448' AND status IN ('0','3','B','C') [1][0] OK
C:[16/08/2013 10:22:12.40][172.16.4.254][1182] SELECT par_cod_asig1,par_cod_asig2,par_cod_asig3 FROM tblaca009 WHERE pensum='5' AND c_uni_ca='5' AND c_asigna='351330' [1][0] OK
C:[16/08/2013 10:22:12.40][172.16.4.254][1196] SELECT c_asigna FROM dace004 WHERE exp_e='11-21250831' AND c_asigna='300318' AND status IN ('0','3','B','C') [0][0] OK
C:[16/08/2013 10:22:12.40][172.16.4.254][1196] SELECT c_asigna FROM dace004 WHERE exp_e='11-21250831' AND c_asigna='300317' AND status IN ('0','3','B','C') [0][0] OK
C:[16/08/2013 10:22:12.40][172.16.4.254][1182] SELECT par_cod_asig1,par_cod_asig2,par_cod_asig3 FROM tblaca009 WHERE pensum='5' AND c_uni_ca='5' AND c_asigna='355573' [1][0] OK
C:[16/08/2013 10:22:12.61][172.16.4.254][1312] SELECT horas_lab FROM tblaca008 WHERE c_asigna='351330' AND horas_teoricas > 0 [1][0] OK
C:[16/08/2013 10:22:12.61][172.16.4.254][1312] SELECT horas_lab FROM tblaca008 WHERE c_asigna='355573' AND horas_teoricas > 0 [1][0] OK
C:[16/08/2013 10:22:51.86][172.16.4.254][1138] SELECT pre_cod_asig1,pre_cod_asig2,pre_cod_asig3,pre_cod_asig4,pre_cod_asig5,pre_cod_asig6,pre_cod_asig7 FROM tblaca009 WHERE pensum='5' AND c_uni_ca='2' AND c_asigna='300428' [1][0] OK
C:[16/08/2013 10:22:51.86][172.16.4.254][1151] SELECT c_asigna FROM dace004 WHERE exp_e='11-23749095' AND c_asigna='300317' AND status IN ('0','3','B','C') [1][0] OK
C:[16/08/2013 10:22:51.86][172.16.4.254][1151] SELECT c_asigna FROM dace004 WHERE exp_e='11-23749095' AND c_asigna='300209' AND status IN ('0','3','B','C') [1][0] OK
C:[16/08/2013 10:22:51.86][172.16.4.254][1138] SELECT pre_cod_asig1,pre_cod_asig2,pre_cod_asig3,pre_cod_asig4,pre_cod_asig5,pre_cod_asig6,pre_cod_asig7 FROM tblaca009 WHERE pensum='5' AND c_uni_ca='2' AND c_asigna='311561' [1][0] OK
C:[16/08/2013 10:22:51.86][172.16.4.254][1151] SELECT c_asigna FROM dace004 WHERE exp_e='11-23749095' AND c_asigna='300318' AND status IN ('0','3','B','C') [1][0] OK
C:[16/08/2013 10:22:51.07][172.16.4.254][1182] SELECT par_cod_asig1,par_cod_asig2,par_cod_asig3 FROM tblaca009 WHERE pensum='5' AND c_uni_ca='2' AND c_asigna='300428' [1][0] OK
C:[16/08/2013 10:22:51.07][172.16.4.254][1182] SELECT par_cod_asig1,par_cod_asig2,par_cod_asig3 FROM tblaca009 WHERE pensum='5' AND c_uni_ca='2' AND c_asigna='311561' [1][0] OK
C:[16/08/2013 10:22:51.31][172.16.4.254][1312] SELECT horas_lab FROM tblaca008 WHERE c_asigna='300428' AND horas_teoricas > 0 [1][0] OK
C:[16/08/2013 10:22:51.31][172.16.4.254][1312] SELECT horas_lab FROM tblaca008 WHERE c_asigna='311561' AND horas_teoricas > 0 [1][0] OK
C:[16/08/2013 10:23:48.01][172.17.172.31][1138] SELECT pre_cod_asig1,pre_cod_asig2,pre_cod_asig3,pre_cod_asig4,pre_cod_asig5,pre_cod_asig6,pre_cod_asig7 FROM tblaca009 WHERE pensum='5' AND c_uni_ca='5' AND c_asigna='351451' [1][0] OK
C:[16/08/2013 10:23:48.01][172.17.172.31][1151] SELECT c_asigna FROM dace004 WHERE exp_e='11-24847287' AND c_asigna='351330' AND status IN ('0','3','B','C') [1][0] OK
C:[16/08/2013 10:23:48.01][172.17.172.31][1151] SELECT c_asigna FROM dace004 WHERE exp_e='11-24847287' AND c_asigna='355350' AND status IN ('0','3','B','C') [1][0] OK
C:[16/08/2013 10:23:48.01][172.17.172.31][1151] SELECT c_asigna FROM dace004 WHERE exp_e='11-24847287' AND c_asigna='300318' AND status IN ('0','3','B','C') [1][0] OK
C:[16/08/2013 10:23:48.01][172.17.172.31][1151] SELECT c_asigna FROM dace004 WHERE exp_e='11-24847287' AND c_asigna='300209' AND status IN ('0','3','B','C') [1][0] OK
C:[16/08/2013 10:23:48.01][172.17.172.31][1151] SELECT c_asigna FROM dace004 WHERE exp_e='11-24847287' AND c_asigna='300222' AND status IN ('0','3','B','C') [1][0] OK
C:[16/08/2013 10:23:48.01][172.17.172.31][1138] SELECT pre_cod_asig1,pre_cod_asig2,pre_cod_asig3,pre_cod_asig4,pre_cod_asig5,pre_cod_asig6,pre_cod_asig7 FROM tblaca009 WHERE pensum='5' AND c_uni_ca='5' AND c_asigna='355448' [1][0] OK
C:[16/08/2013 10:23:48.01][172.17.172.31][1151] SELECT c_asigna FROM dace004 WHERE exp_e='11-24847287' AND c_asigna='300313' AND status IN ('0','3','B','C') [1][0] OK
C:[16/08/2013 10:23:48.01][172.17.172.31][1151] SELECT c_asigna FROM dace004 WHERE exp_e='11-24847287' AND c_asigna='300209' AND status IN ('0','3','B','C') [1][0] OK
C:[16/08/2013 10:23:48.01][172.17.172.31][1151] SELECT c_asigna FROM dace004 WHERE exp_e='11-24847287' AND c_asigna='300226' AND status IN ('0','3','B','C') [1][0] OK
C:[16/08/2013 10:23:48.01][172.17.172.31][1151] SELECT c_asigna FROM dace004 WHERE exp_e='11-24847287' AND c_asigna='300222' AND status IN ('0','3','B','C') [1][0] OK
C:[16/08/2013 10:23:48.95][172.17.172.31][1182] SELECT par_cod_asig1,par_cod_asig2,par_cod_asig3 FROM tblaca009 WHERE pensum='5' AND c_uni_ca='5' AND c_asigna='351451' [1][0] OK
C:[16/08/2013 10:23:48.95][172.17.172.31][1182] SELECT par_cod_asig1,par_cod_asig2,par_cod_asig3 FROM tblaca009 WHERE pensum='5' AND c_uni_ca='5' AND c_asigna='355448' [1][0] OK
C:[16/08/2013 10:23:49.21][172.17.172.31][1312] SELECT horas_lab FROM tblaca008 WHERE c_asigna='351451' AND horas_teoricas > 0 [1][0] OK
C:[16/08/2013 10:23:49.21][172.17.172.31][1312] SELECT horas_lab FROM tblaca008 WHERE c_asigna='355448' AND horas_teoricas > 0 [1][0] OK
C:[16/08/2013 10:23:57.47][172.17.172.33][1138] SELECT pre_cod_asig1,pre_cod_asig2,pre_cod_asig3,pre_cod_asig4,pre_cod_asig5,pre_cod_asig6,pre_cod_asig7 FROM tblaca009 WHERE pensum='5' AND c_uni_ca='3' AND c_asigna='311430' [1][0] OK
C:[16/08/2013 10:23:57.47][172.17.172.33][1151] SELECT c_asigna FROM dace004 WHERE exp_e='11-22818933' AND c_asigna='300317' AND status IN ('0','3','B','C') [1][0] OK
C:[16/08/2013 10:23:57.47][172.17.172.33][1151] SELECT c_asigna FROM dace004 WHERE exp_e='11-22818933' AND c_asigna='300318' AND status IN ('0','3','B','C') [1][0] OK
C:[16/08/2013 10:23:57.47][172.17.172.33][1151] SELECT c_asigna FROM dace004 WHERE exp_e='11-22818933' AND c_asigna='300313' AND status IN ('0','3','B','C') [1][0] OK
C:[16/08/2013 10:23:57.47][172.17.172.33][1151] SELECT c_asigna FROM dace004 WHERE exp_e='11-22818933' AND c_asigna='300222' AND status IN ('0','3','B','C') [1][0] OK
C:[16/08/2013 10:23:57.47][172.17.172.33][1151] SELECT c_asigna FROM dace004 WHERE exp_e='11-22818933' AND c_asigna='300226' AND status IN ('0','3','B','C') [1][0] OK
C:[16/08/2013 10:23:57.47][172.17.172.33][1151] SELECT c_asigna FROM dace004 WHERE exp_e='11-22818933' AND c_asigna='300209' AND status IN ('0','3','B','C') [1][0] OK
C:[16/08/2013 10:23:58.27][172.17.172.33][1182] SELECT par_cod_asig1,par_cod_asig2,par_cod_asig3 FROM tblaca009 WHERE pensum='5' AND c_uni_ca='3' AND c_asigna='311430' [1][0] OK
C:[16/08/2013 10:23:58.40][172.17.172.33][1312] SELECT horas_lab FROM tblaca008 WHERE c_asigna='311430' AND horas_teoricas > 0 [1][0] OK
C:[16/08/2013 10:24:47.33][172.16.4.254][1138] SELECT pre_cod_asig1,pre_cod_asig2,pre_cod_asig3,pre_cod_asig4,pre_cod_asig5,pre_cod_asig6,pre_cod_asig7 FROM tblaca009 WHERE pensum='5' AND c_uni_ca='5' AND c_asigna='351451' [1][0] OK
C:[16/08/2013 10:24:47.33][172.16.4.254][1151] SELECT c_asigna FROM dace004 WHERE exp_e='11-24890040' AND c_asigna='351330' AND status IN ('0','3','B','C') [1][0] OK
C:[16/08/2013 10:24:47.33][172.16.4.254][1151] SELECT c_asigna FROM dace004 WHERE exp_e='11-24890040' AND c_asigna='355350' AND status IN ('0','3','B','C') [1][0] OK
C:[16/08/2013 10:24:47.33][172.16.4.254][1151] SELECT c_asigna FROM dace004 WHERE exp_e='11-24890040' AND c_asigna='300318' AND status IN ('0','3','B','C') [1][0] OK
C:[16/08/2013 10:24:47.33][172.16.4.254][1151] SELECT c_asigna FROM dace004 WHERE exp_e='11-24890040' AND c_asigna='300209' AND status IN ('0','3','B','C') [1][0] OK
C:[16/08/2013 10:24:47.33][172.16.4.254][1151] SELECT c_asigna FROM dace004 WHERE exp_e='11-24890040' AND c_asigna='300222' AND status IN ('0','3','B','C') [1][0] OK
C:[16/08/2013 10:24:47.64][172.16.4.254][1182] SELECT par_cod_asig1,par_cod_asig2,par_cod_asig3 FROM tblaca009 WHERE pensum='5' AND c_uni_ca='5' AND c_asigna='351451' [1][0] OK
C:[16/08/2013 10:24:47.79][172.16.4.254][1312] SELECT horas_lab FROM tblaca008 WHERE c_asigna='351451' AND horas_teoricas > 0 [1][0] OK
C:[16/08/2013 10:25:20.85][172.16.4.254][1138] SELECT pre_cod_asig1,pre_cod_asig2,pre_cod_asig3,pre_cod_asig4,pre_cod_asig5,pre_cod_asig6,pre_cod_asig7 FROM tblaca009 WHERE pensum='5' AND c_uni_ca='3' AND c_asigna='311673' [1][0] OK
C:[16/08/2013 10:25:20.85][172.16.4.254][1151] SELECT c_asigna FROM dace004 WHERE exp_e='09-20853741' AND c_asigna='311551' AND status IN ('0','3','B','C') [1][0] OK
C:[16/08/2013 10:25:20.85][172.16.4.254][1151] SELECT c_asigna FROM dace004 WHERE exp_e='09-20853741' AND c_asigna='311554' AND status IN ('0','3','B','C') [1][0] OK
C:[16/08/2013 10:25:20.85][172.16.4.254][1151] SELECT c_asigna FROM dace004 WHERE exp_e='09-20853741' AND c_asigna='311320' AND status IN ('0','3','B','C') [1][0] OK
C:[16/08/2013 10:25:20.85][172.16.4.254][1138] SELECT pre_cod_asig1,pre_cod_asig2,pre_cod_asig3,pre_cod_asig4,pre_cod_asig5,pre_cod_asig6,pre_cod_asig7 FROM tblaca009 WHERE pensum='5' AND c_uni_ca='3' AND c_asigna='311796' [1][0] OK
C:[16/08/2013 10:25:20.85][172.16.4.254][1151] SELECT c_asigna FROM dace004 WHERE exp_e='09-20853741' AND c_asigna='315671' AND status IN ('0','3','B','C') [1][0] OK
C:[16/08/2013 10:25:20.18][172.16.4.254][1182] SELECT par_cod_asig1,par_cod_asig2,par_cod_asig3 FROM tblaca009 WHERE pensum='5' AND c_uni_ca='3' AND c_asigna='311673' [1][0] OK
C:[16/08/2013 10:25:20.18][172.16.4.254][1182] SELECT par_cod_asig1,par_cod_asig2,par_cod_asig3 FROM tblaca009 WHERE pensum='5' AND c_uni_ca='3' AND c_asigna='311796' [1][0] OK
C:[16/08/2013 10:25:20.43][172.16.4.254][1312] SELECT horas_lab FROM tblaca008 WHERE c_asigna='311673' AND horas_teoricas > 0 [1][0] OK
C:[16/08/2013 10:25:20.43][172.16.4.254][1312] SELECT horas_lab FROM tblaca008 WHERE c_asigna='311796' AND horas_teoricas > 0 [1][0] OK
C:[16/08/2013 10:26:20.62][172.16.4.254][1138] SELECT pre_cod_asig1,pre_cod_asig2,pre_cod_asig3,pre_cod_asig4,pre_cod_asig5,pre_cod_asig6,pre_cod_asig7 FROM tblaca009 WHERE pensum='5' AND c_uni_ca='2' AND c_asigna='300207' [1][0] OK
C:[16/08/2013 10:26:20.62][172.16.4.254][1151] SELECT c_asigna FROM dace004 WHERE exp_e='11-24848460' AND c_asigna='300101' AND status IN ('0','3','B','C') [1][0] OK
C:[16/08/2013 10:26:20.43][172.16.4.254][1182] SELECT par_cod_asig1,par_cod_asig2,par_cod_asig3 FROM tblaca009 WHERE pensum='5' AND c_uni_ca='2' AND c_asigna='300207' [1][0] OK
C:[16/08/2013 10:26:20.56][172.16.4.254][1312] SELECT horas_lab FROM tblaca008 WHERE c_asigna='300207' AND horas_teoricas > 0 [1][0] OK
C:[16/08/2013 10:28:51.42][190.78.107.232][1138] SELECT pre_cod_asig1,pre_cod_asig2,pre_cod_asig3,pre_cod_asig4,pre_cod_asig5,pre_cod_asig6,pre_cod_asig7 FROM tblaca009 WHERE pensum='5' AND c_uni_ca='6' AND c_asigna='300313' [1][0] OK
C:[16/08/2013 10:28:51.42][190.78.107.232][1151] SELECT c_asigna FROM dace004 WHERE exp_e='92-12005913' AND c_asigna='300213' AND status IN ('0','3','B','C') [1][0] OK
C:[16/08/2013 10:28:51.42][190.78.107.232][1151] SELECT c_asigna FROM dace004 WHERE exp_e='92-12005913' AND c_asigna='300226' AND status IN ('0','3','B','C') [1][0] OK
C:[16/08/2013 10:28:51.42][190.78.107.232][1151] SELECT c_asigna FROM dace004 WHERE exp_e='92-12005913' AND c_asigna='300222' AND status IN ('0','3','B','C') [1][0] OK
C:[16/08/2013 10:28:51.42][190.78.107.232][1151] SELECT c_asigna FROM dace004 WHERE exp_e='92-12005913' AND c_asigna='300209' AND status IN ('0','3','B','C') [1][0] OK
C:[16/08/2013 10:28:51.61][190.78.107.232][1182] SELECT par_cod_asig1,par_cod_asig2,par_cod_asig3 FROM tblaca009 WHERE pensum='5' AND c_uni_ca='6' AND c_asigna='300313' [1][0] OK
C:[16/08/2013 10:28:51.74][190.78.107.232][1312] SELECT horas_lab FROM tblaca008 WHERE c_asigna='300313' AND horas_teoricas > 0 [1][0] OK
C:[16/08/2013 10:30:58.02][186.90.126.183][1138] SELECT pre_cod_asig1,pre_cod_asig2,pre_cod_asig3,pre_cod_asig4,pre_cod_asig5,pre_cod_asig6,pre_cod_asig7 FROM tblaca009 WHERE pensum='5' AND c_uni_ca='6' AND c_asigna='344843' [1][0] OK
C:[16/08/2013 10:30:58.02][186.90.126.183][1151] SELECT c_asigna FROM dace004 WHERE exp_e='07-18805287' AND c_asigna='344714' AND status IN ('0','3','B','C') [1][0] OK
C:[16/08/2013 10:30:58.02][186.90.126.183][1151] SELECT c_asigna FROM dace004 WHERE exp_e='07-18805287' AND c_asigna='344715' AND status IN ('0','3','B','C') [1][0] OK
C:[16/08/2013 10:30:58.02][186.90.126.183][1151] SELECT c_asigna FROM dace004 WHERE exp_e='07-18805287' AND c_asigna='300313' AND status IN ('0','3','B','C') [1][0] OK
C:[16/08/2013 10:30:58.07][186.90.126.183][1182] SELECT par_cod_asig1,par_cod_asig2,par_cod_asig3 FROM tblaca009 WHERE pensum='5' AND c_uni_ca='6' AND c_asigna='344843' [1][0] OK
C:[16/08/2013 10:30:58.21][186.90.126.183][1312] SELECT horas_lab FROM tblaca008 WHERE c_asigna='344843' AND horas_teoricas > 0 [1][0] OK
C:[16/08/2013 10:31:43.30][190.201.175.202][1138] SELECT pre_cod_asig1,pre_cod_asig2,pre_cod_asig3,pre_cod_asig4,pre_cod_asig5,pre_cod_asig6,pre_cod_asig7 FROM tblaca009 WHERE pensum='5' AND c_uni_ca='5' AND c_asigna='351330' [1][0] OK
C:[16/08/2013 10:31:43.30][190.201.175.202][1151] SELECT c_asigna FROM dace004 WHERE exp_e='10-22858247' AND c_asigna='300218' AND status IN ('0','3','B','C') [1][0] OK
C:[16/08/2013 10:31:43.11][190.201.175.202][1182] SELECT par_cod_asig1,par_cod_asig2,par_cod_asig3 FROM tblaca009 WHERE pensum='5' AND c_uni_ca='5' AND c_asigna='351330' [1][0] OK
C:[16/08/2013 10:31:43.11][190.201.175.202][1196] SELECT c_asigna FROM dace004 WHERE exp_e='10-22858247' AND c_asigna='300318' AND status IN ('0','3','B','C') [1][0] OK
C:[16/08/2013 10:31:43.11][190.201.175.202][1196] SELECT c_asigna FROM dace004 WHERE exp_e='10-22858247' AND c_asigna='300317' AND status IN ('0','3','B','C') [1][0] OK
C:[16/08/2013 10:31:43.50][190.201.175.202][1312] SELECT horas_lab FROM tblaca008 WHERE c_asigna='351330' AND horas_teoricas > 0 [1][0] OK
C:[16/08/2013 10:31:54.23][200.84.73.31][1138] SELECT pre_cod_asig1,pre_cod_asig2,pre_cod_asig3,pre_cod_asig4,pre_cod_asig5,pre_cod_asig6,pre_cod_asig7 FROM tblaca009 WHERE pensum='5' AND c_uni_ca='3' AND c_asigna='311673' [1][0] OK
C:[16/08/2013 10:31:54.23][200.84.73.31][1151] SELECT c_asigna FROM dace004 WHERE exp_e='09-22616482' AND c_asigna='311551' AND status IN ('0','3','B','C') [1][0] OK
C:[16/08/2013 10:31:54.23][200.84.73.31][1151] SELECT c_asigna FROM dace004 WHERE exp_e='09-22616482' AND c_asigna='311554' AND status IN ('0','3','B','C') [1][0] OK
C:[16/08/2013 10:31:54.23][200.84.73.31][1151] SELECT c_asigna FROM dace004 WHERE exp_e='09-22616482' AND c_asigna='311320' AND status IN ('0','3','B','C') [1][0] OK
C:[16/08/2013 10:31:54.72][200.84.73.31][1182] SELECT par_cod_asig1,par_cod_asig2,par_cod_asig3 FROM tblaca009 WHERE pensum='5' AND c_uni_ca='3' AND c_asigna='311673' [1][0] OK
C:[16/08/2013 10:31:54.86][200.84.73.31][1312] SELECT horas_lab FROM tblaca008 WHERE c_asigna='311673' AND horas_teoricas > 0 [1][0] OK
C:[16/08/2013 10:33:02.42][172.16.4.254][1138] SELECT pre_cod_asig1,pre_cod_asig2,pre_cod_asig3,pre_cod_asig4,pre_cod_asig5,pre_cod_asig6,pre_cod_asig7 FROM tblaca009 WHERE pensum='5' AND c_uni_ca='5' AND c_asigna='351451' [1][0] OK
C:[16/08/2013 10:33:02.42][172.16.4.254][1151] SELECT c_asigna FROM dace004 WHERE exp_e='11-23503883' AND c_asigna='351330' AND status IN ('0','3','B','C') [1][0] OK
C:[16/08/2013 10:33:02.42][172.16.4.254][1151] SELECT c_asigna FROM dace004 WHERE exp_e='11-23503883' AND c_asigna='355350' AND status IN ('0','3','B','C') [1][0] OK
C:[16/08/2013 10:33:02.42][172.16.4.254][1151] SELECT c_asigna FROM dace004 WHERE exp_e='11-23503883' AND c_asigna='300318' AND status IN ('0','3','B','C') [1][0] OK
C:[16/08/2013 10:33:02.42][172.16.4.254][1151] SELECT c_asigna FROM dace004 WHERE exp_e='11-23503883' AND c_asigna='300209' AND status IN ('0','3','B','C') [1][0] OK
C:[16/08/2013 10:33:02.42][172.16.4.254][1151] SELECT c_asigna FROM dace004 WHERE exp_e='11-23503883' AND c_asigna='300222' AND status IN ('0','3','B','C') [1][0] OK
C:[16/08/2013 10:33:02.73][172.16.4.254][1182] SELECT par_cod_asig1,par_cod_asig2,par_cod_asig3 FROM tblaca009 WHERE pensum='5' AND c_uni_ca='5' AND c_asigna='351451' [1][0] OK
C:[16/08/2013 10:33:02.86][172.16.4.254][1312] SELECT horas_lab FROM tblaca008 WHERE c_asigna='351451' AND horas_teoricas > 0 [1][0] OK
C:[16/08/2013 10:36:45.20][186.89.184.241][1138] SELECT pre_cod_asig1,pre_cod_asig2,pre_cod_asig3,pre_cod_asig4,pre_cod_asig5,pre_cod_asig6,pre_cod_asig7 FROM tblaca009 WHERE pensum='5' AND c_uni_ca='4' AND c_asigna='300226' [1][0] OK
C:[16/08/2013 10:36:45.20][186.89.184.241][1151] SELECT c_asigna FROM dace004 WHERE exp_e='09-20138495' AND c_asigna='300116' AND status IN ('0','3','B','C') [1][0] OK
C:[16/08/2013 10:36:45.20][186.89.184.241][1138] SELECT pre_cod_asig1,pre_cod_asig2,pre_cod_asig3,pre_cod_asig4,pre_cod_asig5,pre_cod_asig6,pre_cod_asig7 FROM tblaca009 WHERE pensum='5' AND c_uni_ca='4' AND c_asigna='333809' [1][0] OK
C:[16/08/2013 10:36:45.20][186.89.184.241][1151] SELECT c_asigna FROM dace004 WHERE exp_e='09-20138495' AND c_asigna='333683' AND status IN ('0','3','B','C') [1][0] OK
C:[16/08/2013 10:36:45.20][186.89.184.241][1151] SELECT c_asigna FROM dace004 WHERE exp_e='09-20138495' AND c_asigna='333710' AND status IN ('0','3','B','C') [1][0] OK
C:[16/08/2013 10:36:45.39][186.89.184.241][1182] SELECT par_cod_asig1,par_cod_asig2,par_cod_asig3 FROM tblaca009 WHERE pensum='5' AND c_uni_ca='4' AND c_asigna='300226' [1][0] OK
C:[16/08/2013 10:36:45.39][186.89.184.241][1182] SELECT par_cod_asig1,par_cod_asig2,par_cod_asig3 FROM tblaca009 WHERE pensum='5' AND c_uni_ca='4' AND c_asigna='333809' [1][0] OK
C:[16/08/2013 10:36:45.67][186.89.184.241][1312] SELECT horas_lab FROM tblaca008 WHERE c_asigna='300226' AND horas_teoricas > 0 [1][0] OK
C:[16/08/2013 10:36:45.67][186.89.184.241][1312] SELECT horas_lab FROM tblaca008 WHERE c_asigna='333809' AND horas_teoricas > 0 [1][0] OK
C:[16/08/2013 10:37:13.77][172.17.172.32][1138] SELECT pre_cod_asig1,pre_cod_asig2,pre_cod_asig3,pre_cod_asig4,pre_cod_asig5,pre_cod_asig6,pre_cod_asig7 FROM tblaca009 WHERE pensum='5' AND c_uni_ca='4' AND c_asigna='333440' [1][0] OK
C:[16/08/2013 10:37:13.77][172.17.172.32][1151] SELECT c_asigna FROM dace004 WHERE exp_e='11-24039598' AND c_asigna='300317' AND status IN ('0','3','B','C') [1][0] OK
C:[16/08/2013 10:37:13.77][172.17.172.32][1151] SELECT c_asigna FROM dace004 WHERE exp_e='11-24039598' AND c_asigna='330310' AND status IN ('0','3','B','C') [1][0] OK
C:[16/08/2013 10:37:13.77][172.17.172.32][1151] SELECT c_asigna FROM dace004 WHERE exp_e='11-24039598' AND c_asigna='300209' AND status IN ('0','3','B','C') [1][0] OK
C:[16/08/2013 10:37:14.08][172.17.172.32][1182] SELECT par_cod_asig1,par_cod_asig2,par_cod_asig3 FROM tblaca009 WHERE pensum='5' AND c_uni_ca='4' AND c_asigna='333440' [1][0] OK
C:[16/08/2013 10:37:14.08][172.17.172.32][1196] SELECT c_asigna FROM dace004 WHERE exp_e='11-24039598' AND c_asigna='333441' AND status IN ('0','3','B','C') [0][0] OK
C:[16/08/2013 10:37:14.34][172.17.172.32][1312] SELECT horas_lab FROM tblaca008 WHERE c_asigna='333440' AND horas_teoricas > 0 [1][0] OK
C:[16/08/2013 10:37:29.18][172.16.4.254][1138] SELECT pre_cod_asig1,pre_cod_asig2,pre_cod_asig3,pre_cod_asig4,pre_cod_asig5,pre_cod_asig6,pre_cod_asig7 FROM tblaca009 WHERE pensum='5' AND c_uni_ca='5' AND c_asigna='351330' [1][0] OK
C:[16/08/2013 10:37:29.18][172.16.4.254][1151] SELECT c_asigna FROM dace004 WHERE exp_e='11-21250831' AND c_asigna='300218' AND status IN ('0','3','B','C') [1][0] OK
C:[16/08/2013 10:37:29.18][172.16.4.254][1138] SELECT pre_cod_asig1,pre_cod_asig2,pre_cod_asig3,pre_cod_asig4,pre_cod_asig5,pre_cod_asig6,pre_cod_asig7 FROM tblaca009 WHERE pensum='5' AND c_uni_ca='5' AND c_asigna='355573' [1][0] OK
C:[16/08/2013 10:37:29.18][172.16.4.254][1151] SELECT c_asigna FROM dace004 WHERE exp_e='11-21250831' AND c_asigna='355448' AND status IN ('0','3','B','C') [1][0] OK
C:[16/08/2013 10:37:30.80][172.16.4.254][1182] SELECT par_cod_asig1,par_cod_asig2,par_cod_asig3 FROM tblaca009 WHERE pensum='5' AND c_uni_ca='5' AND c_asigna='351330' [1][0] OK
C:[16/08/2013 10:37:30.80][172.16.4.254][1196] SELECT c_asigna FROM dace004 WHERE exp_e='11-21250831' AND c_asigna='300318' AND status IN ('0','3','B','C') [0][0] OK
C:[16/08/2013 10:37:30.80][172.16.4.254][1196] SELECT c_asigna FROM dace004 WHERE exp_e='11-21250831' AND c_asigna='300317' AND status IN ('0','3','B','C') [0][0] OK
C:[16/08/2013 10:37:30.80][172.16.4.254][1182] SELECT par_cod_asig1,par_cod_asig2,par_cod_asig3 FROM tblaca009 WHERE pensum='5' AND c_uni_ca='5' AND c_asigna='355573' [1][0] OK
C:[16/08/2013 10:37:30.31][172.16.4.254][1312] SELECT horas_lab FROM tblaca008 WHERE c_asigna='351330' AND horas_teoricas > 0 [1][0] OK
C:[16/08/2013 10:37:30.31][172.16.4.254][1312] SELECT horas_lab FROM tblaca008 WHERE c_asigna='355573' AND horas_teoricas > 0 [1][0] OK
C:[16/08/2013 10:40:43.91][190.73.234.116][1138] SELECT pre_cod_asig1,pre_cod_asig2,pre_cod_asig3,pre_cod_asig4,pre_cod_asig5,pre_cod_asig6,pre_cod_asig7 FROM tblaca009 WHERE pensum='5' AND c_uni_ca='6' AND c_asigna='344843' [1][0] OK
C:[16/08/2013 10:40:43.91][190.73.234.116][1151] SELECT c_asigna FROM dace004 WHERE exp_e='06-19804691' AND c_asigna='344714' AND status IN ('0','3','B','C') [1][0] OK
C:[16/08/2013 10:40:43.91][190.73.234.116][1151] SELECT c_asigna FROM dace004 WHERE exp_e='06-19804691' AND c_asigna='344715' AND status IN ('0','3','B','C') [1][0] OK
C:[16/08/2013 10:40:43.91][190.73.234.116][1151] SELECT c_asigna FROM dace004 WHERE exp_e='06-19804691' AND c_asigna='300313' AND status IN ('0','3','B','C') [1][0] OK
C:[16/08/2013 10:40:43.91][190.73.234.116][1138] SELECT pre_cod_asig1,pre_cod_asig2,pre_cod_asig3,pre_cod_asig4,pre_cod_asig5,pre_cod_asig6,pre_cod_asig7 FROM tblaca009 WHERE pensum='5' AND c_uni_ca='6' AND c_asigna='300956' [1][0] OK
C:[16/08/2013 10:40:43.91][190.73.234.116][1151] SELECT c_asigna FROM dace004 WHERE exp_e='06-19804691' AND c_asigna='300422' AND status IN ('0','3','B','C') [1][0] OK
C:[16/08/2013 10:40:43.91][190.73.234.116][1151] SELECT c_asigna FROM dace004 WHERE exp_e='06-19804691' AND c_asigna='300105' AND status IN ('0','3','B','C') [1][0] OK
C:[16/08/2013 10:40:43.91][190.73.234.116][1151] SELECT c_asigna FROM dace004 WHERE exp_e='06-19804691' AND c_asigna='300314' AND status IN ('0','3','B','C') [1][0] OK
C:[16/08/2013 10:40:44.03][190.73.234.116][1182] SELECT par_cod_asig1,par_cod_asig2,par_cod_asig3 FROM tblaca009 WHERE pensum='5' AND c_uni_ca='6' AND c_asigna='344843' [1][0] OK
C:[16/08/2013 10:40:44.03][190.73.234.116][1182] SELECT par_cod_asig1,par_cod_asig2,par_cod_asig3 FROM tblaca009 WHERE pensum='5' AND c_uni_ca='6' AND c_asigna='300956' [1][0] OK
C:[16/08/2013 10:40:44.30][190.73.234.116][1312] SELECT horas_lab FROM tblaca008 WHERE c_asigna='344843' AND horas_teoricas > 0 [1][0] OK
C:[16/08/2013 10:40:44.30][190.73.234.116][1312] SELECT horas_lab FROM tblaca008 WHERE c_asigna='300956' AND horas_teoricas > 0 [1][0] OK
C:[16/08/2013 10:43:32.62][190.37.39.179][1138] SELECT pre_cod_asig1,pre_cod_asig2,pre_cod_asig3,pre_cod_asig4,pre_cod_asig5,pre_cod_asig6,pre_cod_asig7 FROM tblaca009 WHERE pensum='5' AND c_uni_ca='2' AND c_asigna='322703' [1][0] OK
C:[16/08/2013 10:43:32.62][190.37.39.179][1151] SELECT c_asigna FROM dace004 WHERE exp_e='95-12503861' AND c_asigna='322669' AND status IN ('0','3','B','C') [1][0] OK
C:[16/08/2013 10:43:32.99][190.37.39.179][1182] SELECT par_cod_asig1,par_cod_asig2,par_cod_asig3 FROM tblaca009 WHERE pensum='5' AND c_uni_ca='2' AND c_asigna='322703' [1][0] OK
C:[16/08/2013 10:43:32.13][190.37.39.179][1312] SELECT horas_lab FROM tblaca008 WHERE c_asigna='322703' AND horas_teoricas > 0 [1][0] OK
C:[16/08/2013 10:43:55.89][190.74.180.126][1138] SELECT pre_cod_asig1,pre_cod_asig2,pre_cod_asig3,pre_cod_asig4,pre_cod_asig5,pre_cod_asig6,pre_cod_asig7 FROM tblaca009 WHERE pensum='5' AND c_uni_ca='2' AND c_asigna='322041' [1][0] OK
C:[16/08/2013 10:43:55.15][190.74.180.126][1182] SELECT par_cod_asig1,par_cod_asig2,par_cod_asig3 FROM tblaca009 WHERE pensum='5' AND c_uni_ca='2' AND c_asigna='322041' [1][0] OK
C:[16/08/2013 10:43:55.28][190.74.180.126][1312] SELECT horas_lab FROM tblaca008 WHERE c_asigna='322041' AND horas_teoricas > 0 [1][0] OK
C:[16/08/2013 10:45:19.75][190.201.175.202][1138] SELECT pre_cod_asig1,pre_cod_asig2,pre_cod_asig3,pre_cod_asig4,pre_cod_asig5,pre_cod_asig6,pre_cod_asig7 FROM tblaca009 WHERE pensum='5' AND c_uni_ca='6' AND c_asigna='344715' [1][0] OK
C:[16/08/2013 10:45:19.75][190.201.175.202][1151] SELECT c_asigna FROM dace004 WHERE exp_e='07-19333590' AND c_asigna='344688' AND status IN ('0','3','B','C') [1][0] OK
C:[16/08/2013 10:45:19.75][190.201.175.202][1151] SELECT c_asigna FROM dace004 WHERE exp_e='07-19333590' AND c_asigna='344613' AND status IN ('0','3','B','C') [1][0] OK
C:[16/08/2013 10:45:19.75][190.201.175.202][1138] SELECT pre_cod_asig1,pre_cod_asig2,pre_cod_asig3,pre_cod_asig4,pre_cod_asig5,pre_cod_asig6,pre_cod_asig7 FROM tblaca009 WHERE pensum='5' AND c_uni_ca='6' AND c_asigna='344733' [1][0] OK
C:[16/08/2013 10:45:19.38][190.201.175.202][1182] SELECT par_cod_asig1,par_cod_asig2,par_cod_asig3 FROM tblaca009 WHERE pensum='5' AND c_uni_ca='6' AND c_asigna='344715' [1][0] OK
C:[16/08/2013 10:45:19.38][190.201.175.202][1182] SELECT par_cod_asig1,par_cod_asig2,par_cod_asig3 FROM tblaca009 WHERE pensum='5' AND c_uni_ca='6' AND c_asigna='344733' [1][0] OK
C:[16/08/2013 10:45:19.64][190.201.175.202][1312] SELECT horas_lab FROM tblaca008 WHERE c_asigna='344715' AND horas_teoricas > 0 [1][0] OK
C:[16/08/2013 10:45:19.64][190.201.175.202][1312] SELECT horas_lab FROM tblaca008 WHERE c_asigna='344733' AND horas_teoricas > 0 [1][0] OK
C:[16/08/2013 10:45:57.91][172.16.4.254][1138] SELECT pre_cod_asig1,pre_cod_asig2,pre_cod_asig3,pre_cod_asig4,pre_cod_asig5,pre_cod_asig6,pre_cod_asig7 FROM tblaca009 WHERE pensum='5' AND c_uni_ca='2' AND c_asigna='300317' [1][0] OK
C:[16/08/2013 10:45:57.91][172.16.4.254][1151] SELECT c_asigna FROM dace004 WHERE exp_e='11-24848366' AND c_asigna='300207' AND status IN ('0','3','B','C') [1][0] OK
C:[16/08/2013 10:45:57.91][172.16.4.254][1151] SELECT c_asigna FROM dace004 WHERE exp_e='11-24848366' AND c_asigna='300209' AND status IN ('0','3','B','C') [1][0] OK
C:[16/08/2013 10:45:57.42][172.16.4.254][1182] SELECT par_cod_asig1,par_cod_asig2,par_cod_asig3 FROM tblaca009 WHERE pensum='5' AND c_uni_ca='2' AND c_asigna='300317' [1][0] OK
C:[16/08/2013 10:45:57.56][172.16.4.254][1312] SELECT horas_lab FROM tblaca008 WHERE c_asigna='300317' AND horas_teoricas > 0 [1][0] OK
C:[16/08/2013 10:45:58.30][190.77.252.135][1138] SELECT pre_cod_asig1,pre_cod_asig2,pre_cod_asig3,pre_cod_asig4,pre_cod_asig5,pre_cod_asig6,pre_cod_asig7 FROM tblaca009 WHERE pensum='5' AND c_uni_ca='3' AND c_asigna='311822' [1][0] OK
C:[16/08/2013 10:45:58.30][190.77.252.135][1151] SELECT c_asigna FROM dace004 WHERE exp_e='09-20702391' AND c_asigna='311795' AND status IN ('0','3','B','C') [1][0] OK
C:[16/08/2013 10:45:58.54][190.77.252.135][1182] SELECT par_cod_asig1,par_cod_asig2,par_cod_asig3 FROM tblaca009 WHERE pensum='5' AND c_uni_ca='3' AND c_asigna='311822' [1][0] OK
C:[16/08/2013 10:45:58.67][190.77.252.135][1312] SELECT horas_lab FROM tblaca008 WHERE c_asigna='311822' AND horas_teoricas > 0 [1][0] OK
C:[16/08/2013 10:46:04.26][172.17.172.32][1138] SELECT pre_cod_asig1,pre_cod_asig2,pre_cod_asig3,pre_cod_asig4,pre_cod_asig5,pre_cod_asig6,pre_cod_asig7 FROM tblaca009 WHERE pensum='5' AND c_uni_ca='2' AND c_asigna='322436' [1][0] OK
C:[16/08/2013 10:46:04.26][172.17.172.32][1151] SELECT c_asigna FROM dace004 WHERE exp_e='11-23502990' AND c_asigna='300317' AND status IN ('0','3','B','C') [1][0] OK
C:[16/08/2013 10:46:04.26][172.17.172.32][1151] SELECT c_asigna FROM dace004 WHERE exp_e='11-23502990' AND c_asigna='320311' AND status IN ('0','3','B','C') [1][0] OK
C:[16/08/2013 10:46:04.64][172.17.172.32][1182] SELECT par_cod_asig1,par_cod_asig2,par_cod_asig3 FROM tblaca009 WHERE pensum='5' AND c_uni_ca='2' AND c_asigna='322436' [1][0] OK
C:[16/08/2013 10:46:04.77][172.17.172.32][1312] SELECT horas_lab FROM tblaca008 WHERE c_asigna='322436' AND horas_teoricas > 0 [1][0] OK
C:[16/08/2013 10:52:09.49][200.84.79.199][1138] SELECT pre_cod_asig1,pre_cod_asig2,pre_cod_asig3,pre_cod_asig4,pre_cod_asig5,pre_cod_asig6,pre_cod_asig7 FROM tblaca009 WHERE pensum='5' AND c_uni_ca='2' AND c_asigna='322703' [1][0] OK
C:[16/08/2013 10:52:09.49][200.84.79.199][1151] SELECT c_asigna FROM dace004 WHERE exp_e='95-12503861' AND c_asigna='322669' AND status IN ('0','3','B','C') [1][0] OK
C:[16/08/2013 10:52:09.86][200.84.79.199][1182] SELECT par_cod_asig1,par_cod_asig2,par_cod_asig3 FROM tblaca009 WHERE pensum='5' AND c_uni_ca='2' AND c_asigna='322703' [1][0] OK
C:[16/08/2013 10:52:09.00][200.84.79.199][1312] SELECT horas_lab FROM tblaca008 WHERE c_asigna='322703' AND horas_teoricas > 0 [1][0] OK
C:[16/08/2013 10:52:54.59][190.201.169.157][1138] SELECT pre_cod_asig1,pre_cod_asig2,pre_cod_asig3,pre_cod_asig4,pre_cod_asig5,pre_cod_asig6,pre_cod_asig7 FROM tblaca009 WHERE pensum='5' AND c_uni_ca='3' AND c_asigna='311551' [1][0] OK
C:[16/08/2013 10:52:54.59][190.201.169.157][1151] SELECT c_asigna FROM dace004 WHERE exp_e='11-21175578' AND c_asigna='311430' AND status IN ('0','3','B','C') [1][0] OK
C:[16/08/2013 10:52:54.59][190.201.169.157][1151] SELECT c_asigna FROM dace004 WHERE exp_e='11-21175578' AND c_asigna='311431' AND status IN ('0','3','B','C') [1][0] OK
C:[16/08/2013 10:52:54.59][190.201.169.157][1151] SELECT c_asigna FROM dace004 WHERE exp_e='11-21175578' AND c_asigna='300222' AND status IN ('0','3','B','C') [1][0] OK
C:[16/08/2013 10:52:54.59][190.201.169.157][1151] SELECT c_asigna FROM dace004 WHERE exp_e='11-21175578' AND c_asigna='300226' AND status IN ('0','3','B','C') [1][0] OK
C:[16/08/2013 10:52:54.59][190.201.169.157][1151] SELECT c_asigna FROM dace004 WHERE exp_e='11-21175578' AND c_asigna='300209' AND status IN ('0','3','B','C') [1][0] OK
C:[16/08/2013 10:52:54.59][190.201.169.157][1151] SELECT c_asigna FROM dace004 WHERE exp_e='11-21175578' AND c_asigna='311320' AND status IN ('0','3','B','C') [1][0] OK
C:[16/08/2013 10:52:55.58][190.201.169.157][1182] SELECT par_cod_asig1,par_cod_asig2,par_cod_asig3 FROM tblaca009 WHERE pensum='5' AND c_uni_ca='3' AND c_asigna='311551' [1][0] OK
C:[16/08/2013 10:52:55.72][190.201.169.157][1312] SELECT horas_lab FROM tblaca008 WHERE c_asigna='311551' AND horas_teoricas > 0 [1][0] OK
C:[16/08/2013 10:53:03.50][190.94.234.168][1138] SELECT pre_cod_asig1,pre_cod_asig2,pre_cod_asig3,pre_cod_asig4,pre_cod_asig5,pre_cod_asig6,pre_cod_asig7 FROM tblaca009 WHERE pensum='5' AND c_uni_ca='5' AND c_asigna='355571' [1][0] OK
C:[16/08/2013 10:53:03.50][190.94.234.168][1151] SELECT c_asigna FROM dace004 WHERE exp_e='08-20607964' AND c_asigna='355447' AND status IN ('0','3','B','C') [1][0] OK
C:[16/08/2013 10:53:03.75][190.94.234.168][1182] SELECT par_cod_asig1,par_cod_asig2,par_cod_asig3 FROM tblaca009 WHERE pensum='5' AND c_uni_ca='5' AND c_asigna='355571' [1][0] OK
C:[16/08/2013 10:53:03.89][190.94.234.168][1312] SELECT horas_lab FROM tblaca008 WHERE c_asigna='355571' AND horas_teoricas > 0 [1][0] OK
C:[16/08/2013 10:55:31.83][172.16.4.254][1138] SELECT pre_cod_asig1,pre_cod_asig2,pre_cod_asig3,pre_cod_asig4,pre_cod_asig5,pre_cod_asig6,pre_cod_asig7 FROM tblaca009 WHERE pensum='5' AND c_uni_ca='3' AND c_asigna='311554' [1][0] OK
C:[16/08/2013 10:55:31.83][172.16.4.254][1151] SELECT c_asigna FROM dace004 WHERE exp_e='11-24890927' AND c_asigna='300318' AND status IN ('0','3','B','C') [1][0] OK
C:[16/08/2013 10:55:31.83][172.16.4.254][1151] SELECT c_asigna FROM dace004 WHERE exp_e='11-24890927' AND c_asigna='300428' AND status IN ('0','3','B','C') [1][0] OK
C:[16/08/2013 10:55:32.33][172.16.4.254][1182] SELECT par_cod_asig1,par_cod_asig2,par_cod_asig3 FROM tblaca009 WHERE pensum='5' AND c_uni_ca='3' AND c_asigna='311554' [1][0] OK
C:[16/08/2013 10:55:32.48][172.16.4.254][1312] SELECT horas_lab FROM tblaca008 WHERE c_asigna='311554' AND horas_teoricas > 0 [1][0] OK
C:[16/08/2013 10:57:24.98][190.207.43.222][1138] SELECT pre_cod_asig1,pre_cod_asig2,pre_cod_asig3,pre_cod_asig4,pre_cod_asig5,pre_cod_asig6,pre_cod_asig7 FROM tblaca009 WHERE pensum='5' AND c_uni_ca='3' AND c_asigna='311554' [1][0] OK
C:[16/08/2013 10:57:24.98][190.207.43.222][1151] SELECT c_asigna FROM dace004 WHERE exp_e='09-20286788' AND c_asigna='300318' AND status IN ('0','3','B','C') [1][0] OK
C:[16/08/2013 10:57:24.98][190.207.43.222][1151] SELECT c_asigna FROM dace004 WHERE exp_e='09-20286788' AND c_asigna='300428' AND status IN ('0','3','B','C') [1][0] OK
C:[16/08/2013 10:57:24.47][190.207.43.222][1182] SELECT par_cod_asig1,par_cod_asig2,par_cod_asig3 FROM tblaca009 WHERE pensum='5' AND c_uni_ca='3' AND c_asigna='311554' [1][0] OK
C:[16/08/2013 10:57:24.62][190.207.43.222][1312] SELECT horas_lab FROM tblaca008 WHERE c_asigna='311554' AND horas_teoricas > 0 [1][0] OK
C:[16/08/2013 10:57:28.09][200.84.73.31][1138] SELECT pre_cod_asig1,pre_cod_asig2,pre_cod_asig3,pre_cod_asig4,pre_cod_asig5,pre_cod_asig6,pre_cod_asig7 FROM tblaca009 WHERE pensum='5' AND c_uni_ca='5' AND c_asigna='355691' [1][0] OK
C:[16/08/2013 10:57:28.09][200.84.73.31][1151] SELECT c_asigna FROM dace004 WHERE exp_e='09-20703221' AND c_asigna='355571' AND status IN ('0','3','B','C') [1][0] OK
C:[16/08/2013 10:57:28.34][200.84.73.31][1182] SELECT par_cod_asig1,par_cod_asig2,par_cod_asig3 FROM tblaca009 WHERE pensum='5' AND c_uni_ca='5' AND c_asigna='355691' [1][0] OK
C:[16/08/2013 10:57:28.48][200.84.73.31][1312] SELECT horas_lab FROM tblaca008 WHERE c_asigna='355691' AND horas_teoricas > 0 [1][0] OK
C:[16/08/2013 10:57:43.22][186.88.169.166][1138] SELECT pre_cod_asig1,pre_cod_asig2,pre_cod_asig3,pre_cod_asig4,pre_cod_asig5,pre_cod_asig6,pre_cod_asig7 FROM tblaca009 WHERE pensum='5' AND c_uni_ca='2' AND c_asigna='322703' [1][0] OK
C:[16/08/2013 10:57:43.22][186.88.169.166][1151] SELECT c_asigna FROM dace004 WHERE exp_e='95-12503861' AND c_asigna='322669' AND status IN ('0','3','B','C') [1][0] OK
C:[16/08/2013 10:57:43.60][186.88.169.166][1182] SELECT par_cod_asig1,par_cod_asig2,par_cod_asig3 FROM tblaca009 WHERE pensum='5' AND c_uni_ca='2' AND c_asigna='322703' [1][0] OK
C:[16/08/2013 10:57:43.74][186.88.169.166][1312] SELECT horas_lab FROM tblaca008 WHERE c_asigna='322703' AND horas_teoricas > 0 [1][0] OK
C:[16/08/2013 10:58:31.00][190.39.5.74][1138] SELECT pre_cod_asig1,pre_cod_asig2,pre_cod_asig3,pre_cod_asig4,pre_cod_asig5,pre_cod_asig6,pre_cod_asig7 FROM tblaca009 WHERE pensum='5' AND c_uni_ca='2' AND c_asigna='300313' [1][0] OK
C:[16/08/2013 10:58:31.00][190.39.5.74][1151] SELECT c_asigna FROM dace004 WHERE exp_e='08-17624807' AND c_asigna='300213' AND status IN ('0','3','B','C') [1][0] OK
C:[16/08/2013 10:58:31.00][190.39.5.74][1151] SELECT c_asigna FROM dace004 WHERE exp_e='08-17624807' AND c_asigna='300226' AND status IN ('0','3','B','C') [1][0] OK
C:[16/08/2013 10:58:31.00][190.39.5.74][1151] SELECT c_asigna FROM dace004 WHERE exp_e='08-17624807' AND c_asigna='300209' AND status IN ('0','3','B','C') [1][0] OK
C:[16/08/2013 10:58:31.75][190.39.5.74][1182] SELECT par_cod_asig1,par_cod_asig2,par_cod_asig3 FROM tblaca009 WHERE pensum='5' AND c_uni_ca='2' AND c_asigna='300313' [1][0] OK
C:[16/08/2013 10:58:31.90][190.39.5.74][1312] SELECT horas_lab FROM tblaca008 WHERE c_asigna='300313' AND horas_teoricas > 0 [1][0] OK
C:[16/08/2013 10:58:53.96][172.17.115.114][1138] SELECT pre_cod_asig1,pre_cod_asig2,pre_cod_asig3,pre_cod_asig4,pre_cod_asig5,pre_cod_asig6,pre_cod_asig7 FROM tblaca009 WHERE pensum='5' AND c_uni_ca='5' AND c_asigna='300870' [1][0] OK
C:[16/08/2013 10:58:53.64][172.17.115.114][1182] SELECT par_cod_asig1,par_cod_asig2,par_cod_asig3 FROM tblaca009 WHERE pensum='5' AND c_uni_ca='5' AND c_asigna='300870' [1][0] OK
C:[16/08/2013 10:58:53.78][172.17.115.114][1312] SELECT horas_lab FROM tblaca008 WHERE c_asigna='300870' AND horas_teoricas > 0 [1][0] OK
C:[16/08/2013 10:58:56.11][190.207.42.192][1138] SELECT pre_cod_asig1,pre_cod_asig2,pre_cod_asig3,pre_cod_asig4,pre_cod_asig5,pre_cod_asig6,pre_cod_asig7 FROM tblaca009 WHERE pensum='5' AND c_uni_ca='5' AND c_asigna='355722' [1][0] OK
C:[16/08/2013 10:58:56.11][190.207.42.192][1151] SELECT c_asigna FROM dace004 WHERE exp_e='09-21250780' AND c_asigna='355691' AND status IN ('0','3','B','C') [1][0] OK
C:[16/08/2013 10:58:56.11][190.207.42.192][1151] SELECT c_asigna FROM dace004 WHERE exp_e='09-21250780' AND c_asigna='355595' AND status IN ('0','3','B','C') [1][0] OK
C:[16/08/2013 10:58:57.48][190.207.42.192][1182] SELECT par_cod_asig1,par_cod_asig2,par_cod_asig3 FROM tblaca009 WHERE pensum='5' AND c_uni_ca='5' AND c_asigna='355722' [1][0] OK
C:[16/08/2013 10:58:57.62][190.207.42.192][1312] SELECT horas_lab FROM tblaca008 WHERE c_asigna='355722' AND horas_teoricas > 0 [1][0] OK
C:[16/08/2013 10:59:23.35][172.16.4.254][1138] SELECT pre_cod_asig1,pre_cod_asig2,pre_cod_asig3,pre_cod_asig4,pre_cod_asig5,pre_cod_asig6,pre_cod_asig7 FROM tblaca009 WHERE pensum='5' AND c_uni_ca='5' AND c_asigna='300428' [1][0] OK
C:[16/08/2013 10:59:23.35][172.16.4.254][1151] SELECT c_asigna FROM dace004 WHERE exp_e='11-22822890' AND c_asigna='300317' AND status IN ('0','3','B','C') [1][0] OK
C:[16/08/2013 10:59:23.35][172.16.4.254][1151] SELECT c_asigna FROM dace004 WHERE exp_e='11-22822890' AND c_asigna='300209' AND status IN ('0','3','B','C') [1][0] OK
C:[16/08/2013 10:59:23.35][172.16.4.254][1138] SELECT pre_cod_asig1,pre_cod_asig2,pre_cod_asig3,pre_cod_asig4,pre_cod_asig5,pre_cod_asig6,pre_cod_asig7 FROM tblaca009 WHERE pensum='5' AND c_uni_ca='5' AND c_asigna='351451' [1][0] OK
C:[16/08/2013 10:59:23.35][172.16.4.254][1151] SELECT c_asigna FROM dace004 WHERE exp_e='11-22822890' AND c_asigna='351330' AND status IN ('0','3','B','C') [1][0] OK
C:[16/08/2013 10:59:23.35][172.16.4.254][1151] SELECT c_asigna FROM dace004 WHERE exp_e='11-22822890' AND c_asigna='355350' AND status IN ('0','3','B','C') [1][0] OK
C:[16/08/2013 10:59:23.35][172.16.4.254][1151] SELECT c_asigna FROM dace004 WHERE exp_e='11-22822890' AND c_asigna='300318' AND status IN ('0','3','B','C') [1][0] OK
C:[16/08/2013 10:59:23.35][172.16.4.254][1151] SELECT c_asigna FROM dace004 WHERE exp_e='11-22822890' AND c_asigna='300209' AND status IN ('0','3','B','C') [1][0] OK
C:[16/08/2013 10:59:23.35][172.16.4.254][1151] SELECT c_asigna FROM dace004 WHERE exp_e='11-22822890' AND c_asigna='300222' AND status IN ('0','3','B','C') [1][0] OK
C:[16/08/2013 10:59:24.05][172.16.4.254][1182] SELECT par_cod_asig1,par_cod_asig2,par_cod_asig3 FROM tblaca009 WHERE pensum='5' AND c_uni_ca='5' AND c_asigna='300428' [1][0] OK
C:[16/08/2013 10:59:24.05][172.16.4.254][1182] SELECT par_cod_asig1,par_cod_asig2,par_cod_asig3 FROM tblaca009 WHERE pensum='5' AND c_uni_ca='5' AND c_asigna='351451' [1][0] OK
C:[16/08/2013 10:59:24.30][172.16.4.254][1312] SELECT horas_lab FROM tblaca008 WHERE c_asigna='300428' AND horas_teoricas > 0 [1][0] OK
C:[16/08/2013 10:59:24.30][172.16.4.254][1312] SELECT horas_lab FROM tblaca008 WHERE c_asigna='351451' AND horas_teoricas > 0 [1][0] OK
C:[16/08/2013 11:00:28.39][190.73.234.116][1138] SELECT pre_cod_asig1,pre_cod_asig2,pre_cod_asig3,pre_cod_asig4,pre_cod_asig5,pre_cod_asig6,pre_cod_asig7 FROM tblaca009 WHERE pensum='5' AND c_uni_ca='6' AND c_asigna='344843' [1][0] OK
C:[16/08/2013 11:00:28.39][190.73.234.116][1151] SELECT c_asigna FROM dace004 WHERE exp_e='08-20916626' AND c_asigna='344714' AND status IN ('0','3','B','C') [1][0] OK
C:[16/08/2013 11:00:28.39][190.73.234.116][1151] SELECT c_asigna FROM dace004 WHERE exp_e='08-20916626' AND c_asigna='344715' AND status IN ('0','3','B','C') [1][0] OK
C:[16/08/2013 11:00:28.39][190.73.234.116][1151] SELECT c_asigna FROM dace004 WHERE exp_e='08-20916626' AND c_asigna='300313' AND status IN ('0','3','B','C') [1][0] OK
C:[16/08/2013 11:00:28.39][190.73.234.116][1138] SELECT pre_cod_asig1,pre_cod_asig2,pre_cod_asig3,pre_cod_asig4,pre_cod_asig5,pre_cod_asig6,pre_cod_asig7 FROM tblaca009 WHERE pensum='5' AND c_uni_ca='6' AND c_asigna='300956' [1][0] OK
C:[16/08/2013 11:00:28.39][190.73.234.116][1151] SELECT c_asigna FROM dace004 WHERE exp_e='08-20916626' AND c_asigna='300422' AND status IN ('0','3','B','C') [1][0] OK
C:[16/08/2013 11:00:28.39][190.73.234.116][1151] SELECT c_asigna FROM dace004 WHERE exp_e='08-20916626' AND c_asigna='300105' AND status IN ('0','3','B','C') [1][0] OK
C:[16/08/2013 11:00:28.39][190.73.234.116][1151] SELECT c_asigna FROM dace004 WHERE exp_e='08-20916626' AND c_asigna='300314' AND status IN ('0','3','B','C') [1][0] OK
C:[16/08/2013 11:00:29.53][190.73.234.116][1182] SELECT par_cod_asig1,par_cod_asig2,par_cod_asig3 FROM tblaca009 WHERE pensum='5' AND c_uni_ca='6' AND c_asigna='344843' [1][0] OK
C:[16/08/2013 11:00:29.53][190.73.234.116][1182] SELECT par_cod_asig1,par_cod_asig2,par_cod_asig3 FROM tblaca009 WHERE pensum='5' AND c_uni_ca='6' AND c_asigna='300956' [1][0] OK
C:[16/08/2013 11:00:29.05][190.73.234.116][1312] SELECT horas_lab FROM tblaca008 WHERE c_asigna='344843' AND horas_teoricas > 0 [1][0] OK
C:[16/08/2013 11:00:29.05][190.73.234.116][1312] SELECT horas_lab FROM tblaca008 WHERE c_asigna='300956' AND horas_teoricas > 0 [1][0] OK
C:[16/08/2013 11:02:17.33][190.78.115.37][1138] SELECT pre_cod_asig1,pre_cod_asig2,pre_cod_asig3,pre_cod_asig4,pre_cod_asig5,pre_cod_asig6,pre_cod_asig7 FROM tblaca009 WHERE pensum='5' AND c_uni_ca='2' AND c_asigna='322780' [1][0] OK
C:[16/08/2013 11:02:17.33][190.78.115.37][1151] SELECT c_asigna FROM dace004 WHERE exp_e='09-20124263' AND c_asigna='322678' AND status IN ('0','3','B','C') [1][0] OK
C:[16/08/2013 11:02:18.71][190.78.115.37][1182] SELECT par_cod_asig1,par_cod_asig2,par_cod_asig3 FROM tblaca009 WHERE pensum='5' AND c_uni_ca='2' AND c_asigna='322780' [1][0] OK
C:[16/08/2013 11:02:18.85][190.78.115.37][1312] SELECT horas_lab FROM tblaca008 WHERE c_asigna='322780' AND horas_teoricas > 0 [1][0] OK
C:[16/08/2013 11:02:40.63][190.206.45.201][1138] SELECT pre_cod_asig1,pre_cod_asig2,pre_cod_asig3,pre_cod_asig4,pre_cod_asig5,pre_cod_asig6,pre_cod_asig7 FROM tblaca009 WHERE pensum='5' AND c_uni_ca='2' AND c_asigna='322703' [1][0] OK
C:[16/08/2013 11:02:40.63][190.206.45.201][1151] SELECT c_asigna FROM dace004 WHERE exp_e='95-12503861' AND c_asigna='322669' AND status IN ('0','3','B','C') [1][0] OK
C:[16/08/2013 11:02:40.44][190.206.45.201][1182] SELECT par_cod_asig1,par_cod_asig2,par_cod_asig3 FROM tblaca009 WHERE pensum='5' AND c_uni_ca='2' AND c_asigna='322703' [1][0] OK
C:[16/08/2013 11:02:40.59][190.206.45.201][1312] SELECT horas_lab FROM tblaca008 WHERE c_asigna='322703' AND horas_teoricas > 0 [1][0] OK
C:[16/08/2013 11:03:10.00][172.16.4.254][1138] SELECT pre_cod_asig1,pre_cod_asig2,pre_cod_asig3,pre_cod_asig4,pre_cod_asig5,pre_cod_asig6,pre_cod_asig7 FROM tblaca009 WHERE pensum='5' AND c_uni_ca='5' AND c_asigna='300317' [1][0] OK
C:[16/08/2013 11:03:10.00][172.16.4.254][1151] SELECT c_asigna FROM dace004 WHERE exp_e='11-24523639' AND c_asigna='300207' AND status IN ('0','3','B','C') [1][0] OK
C:[16/08/2013 11:03:10.00][172.16.4.254][1151] SELECT c_asigna FROM dace004 WHERE exp_e='11-24523639' AND c_asigna='300209' AND status IN ('0','3','B','C') [1][0] OK
C:[16/08/2013 11:03:10.00][172.16.4.254][1138] SELECT pre_cod_asig1,pre_cod_asig2,pre_cod_asig3,pre_cod_asig4,pre_cod_asig5,pre_cod_asig6,pre_cod_asig7 FROM tblaca009 WHERE pensum='5' AND c_uni_ca='5' AND c_asigna='351330' [1][0] OK
C:[16/08/2013 11:03:10.00][172.16.4.254][1151] SELECT c_asigna FROM dace004 WHERE exp_e='11-24523639' AND c_asigna='300218' AND status IN ('0','3','B','C') [1][0] OK
C:[16/08/2013 11:03:10.75][172.16.4.254][1182] SELECT par_cod_asig1,par_cod_asig2,par_cod_asig3 FROM tblaca009 WHERE pensum='5' AND c_uni_ca='5' AND c_asigna='300317' [1][0] OK
C:[16/08/2013 11:03:10.75][172.16.4.254][1182] SELECT par_cod_asig1,par_cod_asig2,par_cod_asig3 FROM tblaca009 WHERE pensum='5' AND c_uni_ca='5' AND c_asigna='351330' [1][0] OK
C:[16/08/2013 11:03:10.75][172.16.4.254][1196] SELECT c_asigna FROM dace004 WHERE exp_e='11-24523639' AND c_asigna='300318' AND status IN ('0','3','B','C') [1][0] OK
C:[16/08/2013 11:03:10.75][172.16.4.254][1196] SELECT c_asigna FROM dace004 WHERE exp_e='11-24523639' AND c_asigna='300317' AND status IN ('0','3','B','C') [0][0] OK
C:[16/08/2013 11:03:10.26][172.16.4.254][1312] SELECT horas_lab FROM tblaca008 WHERE c_asigna='300317' AND horas_teoricas > 0 [1][0] OK
C:[16/08/2013 11:03:10.26][172.16.4.254][1312] SELECT horas_lab FROM tblaca008 WHERE c_asigna='351330' AND horas_teoricas > 0 [1][0] OK
C:[16/08/2013 11:06:12.05][190.36.10.110][1138] SELECT pre_cod_asig1,pre_cod_asig2,pre_cod_asig3,pre_cod_asig4,pre_cod_asig5,pre_cod_asig6,pre_cod_asig7 FROM tblaca009 WHERE pensum='5' AND c_uni_ca='3' AND c_asigna='300228' [1][0] OK
C:[16/08/2013 11:06:12.05][190.36.10.110][1151] SELECT c_asigna FROM dace004 WHERE exp_e='12-22830682' AND c_asigna='300101' AND status IN ('0','3','B','C') [1][0] OK
C:[16/08/2013 11:06:12.42][190.36.10.110][1182] SELECT par_cod_asig1,par_cod_asig2,par_cod_asig3 FROM tblaca009 WHERE pensum='5' AND c_uni_ca='3' AND c_asigna='300228' [1][0] OK
C:[16/08/2013 11:06:12.56][190.36.10.110][1312] SELECT horas_lab FROM tblaca008 WHERE c_asigna='300228' AND horas_teoricas > 0 [1][0] OK
C:[16/08/2013 11:06:34.95][200.84.79.220][1138] SELECT pre_cod_asig1,pre_cod_asig2,pre_cod_asig3,pre_cod_asig4,pre_cod_asig5,pre_cod_asig6,pre_cod_asig7 FROM tblaca009 WHERE pensum='5' AND c_uni_ca='4' AND c_asigna='333585' [1][0] OK
C:[16/08/2013 11:06:34.95][200.84.79.220][1151] SELECT c_asigna FROM dace004 WHERE exp_e='10-27158919' AND c_asigna='333440' AND status IN ('0','3','B','C') [1][0] OK
C:[16/08/2013 11:06:34.95][200.84.79.220][1151] SELECT c_asigna FROM dace004 WHERE exp_e='10-27158919' AND c_asigna='333441' AND status IN ('0','3','B','C') [1][0] OK
C:[16/08/2013 11:06:34.95][200.84.79.220][1151] SELECT c_asigna FROM dace004 WHERE exp_e='10-27158919' AND c_asigna='300209' AND status IN ('0','3','B','C') [1][0] OK
C:[16/08/2013 11:06:34.56][200.84.79.220][1182] SELECT par_cod_asig1,par_cod_asig2,par_cod_asig3 FROM tblaca009 WHERE pensum='5' AND c_uni_ca='4' AND c_asigna='333585' [1][0] OK
C:[16/08/2013 11:06:34.71][200.84.79.220][1312] SELECT horas_lab FROM tblaca008 WHERE c_asigna='333585' AND horas_teoricas > 0 [1][0] OK
C:[16/08/2013 11:07:22.63][190.201.175.202][1138] SELECT pre_cod_asig1,pre_cod_asig2,pre_cod_asig3,pre_cod_asig4,pre_cod_asig5,pre_cod_asig6,pre_cod_asig7 FROM tblaca009 WHERE pensum='5' AND c_uni_ca='3' AND c_asigna='300207' [1][0] OK
C:[16/08/2013 11:07:22.63][190.201.175.202][1151] SELECT c_asigna FROM dace004 WHERE exp_e='11-22593372' AND c_asigna='300101' AND status IN ('0','3','B','C') [1][0] OK
C:[16/08/2013 11:07:22.63][190.201.175.202][1138] SELECT pre_cod_asig1,pre_cod_asig2,pre_cod_asig3,pre_cod_asig4,pre_cod_asig5,pre_cod_asig6,pre_cod_asig7 FROM tblaca009 WHERE pensum='5' AND c_uni_ca='3' AND c_asigna='312333' [1][0] OK
C:[16/08/2013 11:07:22.63][190.201.175.202][1151] SELECT c_asigna FROM dace004 WHERE exp_e='11-22593372' AND c_asigna='300228' AND status IN ('0','3','B','C') [1][0] OK
C:[16/08/2013 11:07:22.77][190.201.175.202][1182] SELECT par_cod_asig1,par_cod_asig2,par_cod_asig3 FROM tblaca009 WHERE pensum='5' AND c_uni_ca='3' AND c_asigna='300207' [1][0] OK
C:[16/08/2013 11:07:22.77][190.201.175.202][1182] SELECT par_cod_asig1,par_cod_asig2,par_cod_asig3 FROM tblaca009 WHERE pensum='5' AND c_uni_ca='3' AND c_asigna='312333' [1][0] OK
C:[16/08/2013 11:07:22.94][190.201.175.202][1312] SELECT horas_lab FROM tblaca008 WHERE c_asigna='300207' AND horas_teoricas > 0 [1][0] OK
C:[16/08/2013 11:07:22.94][190.201.175.202][1312] SELECT horas_lab FROM tblaca008 WHERE c_asigna='312333' AND horas_teoricas > 0 [1][0] OK
C:[16/08/2013 11:08:54.38][200.90.106.172][1138] SELECT pre_cod_asig1,pre_cod_asig2,pre_cod_asig3,pre_cod_asig4,pre_cod_asig5,pre_cod_asig6,pre_cod_asig7 FROM tblaca009 WHERE pensum='5' AND c_uni_ca='6' AND c_asigna='344733' [1][0] OK
C:[16/08/2013 11:08:54.06][200.90.106.172][1182] SELECT par_cod_asig1,par_cod_asig2,par_cod_asig3 FROM tblaca009 WHERE pensum='5' AND c_uni_ca='6' AND c_asigna='344733' [1][0] OK
C:[16/08/2013 11:08:54.20][200.90.106.172][1312] SELECT horas_lab FROM tblaca008 WHERE c_asigna='344733' AND horas_teoricas > 0 [1][0] OK
C:[16/08/2013 11:09:44.85][190.74.180.126][1138] SELECT pre_cod_asig1,pre_cod_asig2,pre_cod_asig3,pre_cod_asig4,pre_cod_asig5,pre_cod_asig6,pre_cod_asig7 FROM tblaca009 WHERE pensum='5' AND c_uni_ca='2' AND c_asigna='322041' [1][0] OK
C:[16/08/2013 11:09:44.07][190.74.180.126][1182] SELECT par_cod_asig1,par_cod_asig2,par_cod_asig3 FROM tblaca009 WHERE pensum='5' AND c_uni_ca='2' AND c_asigna='322041' [1][0] OK
C:[16/08/2013 11:09:44.20][190.74.180.126][1312] SELECT horas_lab FROM tblaca008 WHERE c_asigna='322041' AND horas_teoricas > 0 [1][0] OK
C:[16/08/2013 11:09:59.20][190.198.182.250][1138] SELECT pre_cod_asig1,pre_cod_asig2,pre_cod_asig3,pre_cod_asig4,pre_cod_asig5,pre_cod_asig6,pre_cod_asig7 FROM tblaca009 WHERE pensum='5' AND c_uni_ca='4' AND c_asigna='300228' [1][0] OK
C:[16/08/2013 11:09:59.20][190.198.182.250][1151] SELECT c_asigna FROM dace004 WHERE exp_e='12-25301169' AND c_asigna='300101' AND status IN ('0','3','B','C') [1][0] OK
C:[16/08/2013 11:09:59.45][190.198.182.250][1182] SELECT par_cod_asig1,par_cod_asig2,par_cod_asig3 FROM tblaca009 WHERE pensum='5' AND c_uni_ca='4' AND c_asigna='300228' [1][0] OK
C:[16/08/2013 11:09:59.62][190.198.182.250][1312] SELECT horas_lab FROM tblaca008 WHERE c_asigna='300228' AND horas_teoricas > 0 [1][0] OK
C:[16/08/2013 11:11:04.13][186.90.179.133][1138] SELECT pre_cod_asig1,pre_cod_asig2,pre_cod_asig3,pre_cod_asig4,pre_cod_asig5,pre_cod_asig6,pre_cod_asig7 FROM tblaca009 WHERE pensum='5' AND c_uni_ca='2' AND c_asigna='300318' [1][0] OK
C:[16/08/2013 11:11:04.13][186.90.179.133][1151] SELECT c_asigna FROM dace004 WHERE exp_e='10-25086396' AND c_asigna='300228' AND status IN ('0','3','B','C') [1][0] OK
C:[16/08/2013 11:11:04.13][186.90.179.133][1151] SELECT c_asigna FROM dace004 WHERE exp_e='10-25086396' AND c_asigna='300207' AND status IN ('0','3','B','C') [1][0] OK
C:[16/08/2013 11:11:04.13][186.90.179.133][1151] SELECT c_asigna FROM dace004 WHERE exp_e='10-25086396' AND c_asigna='300218' AND status IN ('0','3','B','C') [1][0] OK
C:[16/08/2013 11:11:04.75][186.90.179.133][1182] SELECT par_cod_asig1,par_cod_asig2,par_cod_asig3 FROM tblaca009 WHERE pensum='5' AND c_uni_ca='2' AND c_asigna='300318' [1][0] OK
C:[16/08/2013 11:11:04.90][186.90.179.133][1312] SELECT horas_lab FROM tblaca008 WHERE c_asigna='300318' AND horas_teoricas > 0 [1][0] OK
C:[16/08/2013 11:12:34.23][186.167.243.56][1138] SELECT pre_cod_asig1,pre_cod_asig2,pre_cod_asig3,pre_cod_asig4,pre_cod_asig5,pre_cod_asig6,pre_cod_asig7 FROM tblaca009 WHERE pensum='5' AND c_uni_ca='6' AND c_asigna='342679' [1][0] OK
C:[16/08/2013 11:12:34.23][186.167.243.56][1151] SELECT c_asigna FROM dace004 WHERE exp_e='07-19419469' AND c_asigna='342567' AND status IN ('0','3','B','C') [1][0] OK
C:[16/08/2013 11:12:34.23][186.167.243.56][1138] SELECT pre_cod_asig1,pre_cod_asig2,pre_cod_asig3,pre_cod_asig4,pre_cod_asig5,pre_cod_asig6,pre_cod_asig7 FROM tblaca009 WHERE pensum='5' AND c_uni_ca='6' AND c_asigna='344688' [1][0] OK
C:[16/08/2013 11:12:34.23][186.167.243.56][1151] SELECT c_asigna FROM dace004 WHERE exp_e='07-19419469' AND c_asigna='342567' AND status IN ('0','3','B','C') [1][0] OK
C:[16/08/2013 11:12:34.23][186.167.243.56][1151] SELECT c_asigna FROM dace004 WHERE exp_e='07-19419469' AND c_asigna='344565' AND status IN ('0','3','B','C') [1][0] OK
C:[16/08/2013 11:12:34.41][186.167.243.56][1182] SELECT par_cod_asig1,par_cod_asig2,par_cod_asig3 FROM tblaca009 WHERE pensum='5' AND c_uni_ca='6' AND c_asigna='342679' [1][0] OK
C:[16/08/2013 11:12:34.41][186.167.243.56][1182] SELECT par_cod_asig1,par_cod_asig2,par_cod_asig3 FROM tblaca009 WHERE pensum='5' AND c_uni_ca='6' AND c_asigna='344688' [1][0] OK
C:[16/08/2013 11:12:34.67][186.167.243.56][1312] SELECT horas_lab FROM tblaca008 WHERE c_asigna='342679' AND horas_teoricas > 0 [1][0] OK
C:[16/08/2013 11:12:34.67][186.167.243.56][1312] SELECT horas_lab FROM tblaca008 WHERE c_asigna='344688' AND horas_teoricas > 0 [1][0] OK
C:[16/08/2013 11:12:44.27][172.16.4.254][1138] SELECT pre_cod_asig1,pre_cod_asig2,pre_cod_asig3,pre_cod_asig4,pre_cod_asig5,pre_cod_asig6,pre_cod_asig7 FROM tblaca009 WHERE pensum='5' AND c_uni_ca='5' AND c_asigna='351330' [1][0] OK
C:[16/08/2013 11:12:44.27][172.16.4.254][1151] SELECT c_asigna FROM dace004 WHERE exp_e='11-21250831' AND c_asigna='300218' AND status IN ('0','3','B','C') [1][0] OK
C:[16/08/2013 11:12:44.27][172.16.4.254][1138] SELECT pre_cod_asig1,pre_cod_asig2,pre_cod_asig3,pre_cod_asig4,pre_cod_asig5,pre_cod_asig6,pre_cod_asig7 FROM tblaca009 WHERE pensum='5' AND c_uni_ca='5' AND c_asigna='355573' [1][0] OK
C:[16/08/2013 11:12:44.27][172.16.4.254][1151] SELECT c_asigna FROM dace004 WHERE exp_e='11-21250831' AND c_asigna='355448' AND status IN ('0','3','B','C') [1][0] OK
C:[16/08/2013 11:12:44.75][172.16.4.254][1182] SELECT par_cod_asig1,par_cod_asig2,par_cod_asig3 FROM tblaca009 WHERE pensum='5' AND c_uni_ca='5' AND c_asigna='351330' [1][0] OK
C:[16/08/2013 11:12:44.75][172.16.4.254][1196] SELECT c_asigna FROM dace004 WHERE exp_e='11-21250831' AND c_asigna='300318' AND status IN ('0','3','B','C') [0][0] OK
C:[16/08/2013 11:12:44.75][172.16.4.254][1196] SELECT c_asigna FROM dace004 WHERE exp_e='11-21250831' AND c_asigna='300317' AND status IN ('0','3','B','C') [0][0] OK
C:[16/08/2013 11:12:44.75][172.16.4.254][1182] SELECT par_cod_asig1,par_cod_asig2,par_cod_asig3 FROM tblaca009 WHERE pensum='5' AND c_uni_ca='5' AND c_asigna='355573' [1][0] OK
C:[16/08/2013 11:12:45.26][172.16.4.254][1312] SELECT horas_lab FROM tblaca008 WHERE c_asigna='351330' AND horas_teoricas > 0 [1][0] OK
C:[16/08/2013 11:12:45.26][172.16.4.254][1312] SELECT horas_lab FROM tblaca008 WHERE c_asigna='355573' AND horas_teoricas > 0 [1][0] OK
C:[16/08/2013 11:13:27.41][190.37.37.142][1138] SELECT pre_cod_asig1,pre_cod_asig2,pre_cod_asig3,pre_cod_asig4,pre_cod_asig5,pre_cod_asig6,pre_cod_asig7 FROM tblaca009 WHERE pensum='5' AND c_uni_ca='3' AND c_asigna='311551' [1][0] OK
C:[16/08/2013 11:13:27.41][190.37.37.142][1151] SELECT c_asigna FROM dace004 WHERE exp_e='09-21084358' AND c_asigna='311430' AND status IN ('0','3','B','C') [1][0] OK
C:[16/08/2013 11:13:27.41][190.37.37.142][1151] SELECT c_asigna FROM dace004 WHERE exp_e='09-21084358' AND c_asigna='311431' AND status IN ('0','3','B','C') [1][0] OK
C:[16/08/2013 11:13:27.41][190.37.37.142][1151] SELECT c_asigna FROM dace004 WHERE exp_e='09-21084358' AND c_asigna='300222' AND status IN ('0','3','B','C') [1][0] OK
C:[16/08/2013 11:13:27.41][190.37.37.142][1151] SELECT c_asigna FROM dace004 WHERE exp_e='09-21084358' AND c_asigna='300226' AND status IN ('0','3','B','C') [1][0] OK
C:[16/08/2013 11:13:27.41][190.37.37.142][1151] SELECT c_asigna FROM dace004 WHERE exp_e='09-21084358' AND c_asigna='300209' AND status IN ('0','3','B','C') [1][0] OK
C:[16/08/2013 11:13:27.41][190.37.37.142][1151] SELECT c_asigna FROM dace004 WHERE exp_e='09-21084358' AND c_asigna='311320' AND status IN ('0','3','B','C') [1][0] OK
C:[16/08/2013 11:13:27.84][190.37.37.142][1182] SELECT par_cod_asig1,par_cod_asig2,par_cod_asig3 FROM tblaca009 WHERE pensum='5' AND c_uni_ca='3' AND c_asigna='311551' [1][0] OK
C:[16/08/2013 11:13:27.97][190.37.37.142][1312] SELECT horas_lab FROM tblaca008 WHERE c_asigna='311551' AND horas_teoricas > 0 [1][0] OK
C:[16/08/2013 11:14:31.85][186.94.90.253][1138] SELECT pre_cod_asig1,pre_cod_asig2,pre_cod_asig3,pre_cod_asig4,pre_cod_asig5,pre_cod_asig6,pre_cod_asig7 FROM tblaca009 WHERE pensum='5' AND c_uni_ca='6' AND c_asigna='342559' [1][0] OK
C:[16/08/2013 11:14:31.85][186.94.90.253][1151] SELECT c_asigna FROM dace004 WHERE exp_e='07-19332580' AND c_asigna='342436' AND status IN ('0','3','B','C') [1][0] OK
C:[16/08/2013 11:14:31.22][186.94.90.253][1182] SELECT par_cod_asig1,par_cod_asig2,par_cod_asig3 FROM tblaca009 WHERE pensum='5' AND c_uni_ca='6' AND c_asigna='342559' [1][0] OK
C:[16/08/2013 11:14:31.36][186.94.90.253][1312] SELECT horas_lab FROM tblaca008 WHERE c_asigna='342559' AND horas_teoricas > 0 [1][0] OK
C:[16/08/2013 11:14:44.25][190.205.17.69][1138] SELECT pre_cod_asig1,pre_cod_asig2,pre_cod_asig3,pre_cod_asig4,pre_cod_asig5,pre_cod_asig6,pre_cod_asig7 FROM tblaca009 WHERE pensum='5' AND c_uni_ca='6' AND c_asigna='344715' [1][0] OK
C:[16/08/2013 11:14:44.25][190.205.17.69][1151] SELECT c_asigna FROM dace004 WHERE exp_e='06-18885746' AND c_asigna='344688' AND status IN ('0','3','B','C') [1][0] OK
C:[16/08/2013 11:14:44.25][190.205.17.69][1151] SELECT c_asigna FROM dace004 WHERE exp_e='06-18885746' AND c_asigna='344613' AND status IN ('0','3','B','C') [1][0] OK
C:[16/08/2013 11:14:44.63][190.205.17.69][1182] SELECT par_cod_asig1,par_cod_asig2,par_cod_asig3 FROM tblaca009 WHERE pensum='5' AND c_uni_ca='6' AND c_asigna='344715' [1][0] OK
C:[16/08/2013 11:14:44.76][190.205.17.69][1312] SELECT horas_lab FROM tblaca008 WHERE c_asigna='344715' AND horas_teoricas > 0 [1][0] OK
C:[16/08/2013 11:15:09.09][190.201.4.11][1138] SELECT pre_cod_asig1,pre_cod_asig2,pre_cod_asig3,pre_cod_asig4,pre_cod_asig5,pre_cod_asig6,pre_cod_asig7 FROM tblaca009 WHERE pensum='5' AND c_uni_ca='2' AND c_asigna='322780' [1][0] OK
C:[16/08/2013 11:15:09.09][190.201.4.11][1151] SELECT c_asigna FROM dace004 WHERE exp_e='09-19804069' AND c_asigna='322678' AND status IN ('0','3','B','C') [1][0] OK
C:[16/08/2013 11:15:09.46][190.201.4.11][1182] SELECT par_cod_asig1,par_cod_asig2,par_cod_asig3 FROM tblaca009 WHERE pensum='5' AND c_uni_ca='2' AND c_asigna='322780' [1][0] OK
C:[16/08/2013 11:15:09.60][190.201.4.11][1312] SELECT horas_lab FROM tblaca008 WHERE c_asigna='322780' AND horas_teoricas > 0 [1][0] OK
C:[16/08/2013 11:15:37.52][190.94.234.168][1138] SELECT pre_cod_asig1,pre_cod_asig2,pre_cod_asig3,pre_cod_asig4,pre_cod_asig5,pre_cod_asig6,pre_cod_asig7 FROM tblaca009 WHERE pensum='5' AND c_uni_ca='5' AND c_asigna='355696' [1][0] OK
C:[16/08/2013 11:15:37.52][190.94.234.168][1151] SELECT c_asigna FROM dace004 WHERE exp_e='09-19803385' AND c_asigna='355570' AND status IN ('0','3','B','C') [1][0] OK
C:[16/08/2013 11:15:37.52][190.94.234.168][1151] SELECT c_asigna FROM dace004 WHERE exp_e='09-19803385' AND c_asigna='355571' AND status IN ('0','3','B','C') [1][0] OK
C:[16/08/2013 11:15:37.03][190.94.234.168][1182] SELECT par_cod_asig1,par_cod_asig2,par_cod_asig3 FROM tblaca009 WHERE pensum='5' AND c_uni_ca='5' AND c_asigna='355696' [1][0] OK
C:[16/08/2013 11:15:37.19][190.94.234.168][1312] SELECT horas_lab FROM tblaca008 WHERE c_asigna='355696' AND horas_teoricas > 0 [1][0] OK
C:[16/08/2013 11:16:06.67][172.16.3.75][1138] SELECT pre_cod_asig1,pre_cod_asig2,pre_cod_asig3,pre_cod_asig4,pre_cod_asig5,pre_cod_asig6,pre_cod_asig7 FROM tblaca009 WHERE pensum='5' AND c_uni_ca='6' AND c_asigna='344715' [1][0] OK
C:[16/08/2013 11:16:06.67][172.16.3.75][1151] SELECT c_asigna FROM dace004 WHERE exp_e='08-20224032' AND c_asigna='344688' AND status IN ('0','3','B','C') [1][0] OK
C:[16/08/2013 11:16:06.67][172.16.3.75][1151] SELECT c_asigna FROM dace004 WHERE exp_e='08-20224032' AND c_asigna='344613' AND status IN ('0','3','B','C') [1][0] OK
C:[16/08/2013 11:16:06.61][172.16.3.75][1182] SELECT par_cod_asig1,par_cod_asig2,par_cod_asig3 FROM tblaca009 WHERE pensum='5' AND c_uni_ca='6' AND c_asigna='344715' [1][0] OK
C:[16/08/2013 11:16:06.74][172.16.3.75][1312] SELECT horas_lab FROM tblaca008 WHERE c_asigna='344715' AND horas_teoricas > 0 [1][0] OK
C:[16/08/2013 11:16:27.98][190.74.180.126][1138] SELECT pre_cod_asig1,pre_cod_asig2,pre_cod_asig3,pre_cod_asig4,pre_cod_asig5,pre_cod_asig6,pre_cod_asig7 FROM tblaca009 WHERE pensum='5' AND c_uni_ca='2' AND c_asigna='322826' [1][0] OK
C:[16/08/2013 11:16:27.98][190.74.180.126][1151] SELECT c_asigna FROM dace004 WHERE exp_e='09-21177578' AND c_asigna='322702' AND status IN ('0','3','B','C') [1][0] OK
C:[16/08/2013 11:16:27.98][190.74.180.126][1138] SELECT pre_cod_asig1,pre_cod_asig2,pre_cod_asig3,pre_cod_asig4,pre_cod_asig5,pre_cod_asig6,pre_cod_asig7 FROM tblaca009 WHERE pensum='5' AND c_uni_ca='2' AND c_asigna='322041' [1][0] OK
C:[16/08/2013 11:16:27.92][190.74.180.126][1182] SELECT par_cod_asig1,par_cod_asig2,par_cod_asig3 FROM tblaca009 WHERE pensum='5' AND c_uni_ca='2' AND c_asigna='322826' [1][0] OK
C:[16/08/2013 11:16:27.92][190.74.180.126][1182] SELECT par_cod_asig1,par_cod_asig2,par_cod_asig3 FROM tblaca009 WHERE pensum='5' AND c_uni_ca='2' AND c_asigna='322041' [1][0] OK
C:[16/08/2013 11:16:28.75][190.74.180.126][1312] SELECT horas_lab FROM tblaca008 WHERE c_asigna='322826' AND horas_teoricas > 0 [1][0] OK
C:[16/08/2013 11:16:28.75][190.74.180.126][1312] SELECT horas_lab FROM tblaca008 WHERE c_asigna='322041' AND horas_teoricas > 0 [1][0] OK
C:[16/08/2013 11:16:59.26][190.78.115.37][1138] SELECT pre_cod_asig1,pre_cod_asig2,pre_cod_asig3,pre_cod_asig4,pre_cod_asig5,pre_cod_asig6,pre_cod_asig7 FROM tblaca009 WHERE pensum='5' AND c_uni_ca='3' AND c_asigna='311551' [1][0] OK
C:[16/08/2013 11:16:59.26][190.78.115.37][1151] SELECT c_asigna FROM dace004 WHERE exp_e='09-20808341' AND c_asigna='311430' AND status IN ('0','3','B','C') [1][0] OK
C:[16/08/2013 11:16:59.26][190.78.115.37][1151] SELECT c_asigna FROM dace004 WHERE exp_e='09-20808341' AND c_asigna='311431' AND status IN ('0','3','B','C') [1][0] OK
C:[16/08/2013 11:16:59.26][190.78.115.37][1151] SELECT c_asigna FROM dace004 WHERE exp_e='09-20808341' AND c_asigna='300222' AND status IN ('0','3','B','C') [1][0] OK
C:[16/08/2013 11:16:59.26][190.78.115.37][1151] SELECT c_asigna FROM dace004 WHERE exp_e='09-20808341' AND c_asigna='300226' AND status IN ('0','3','B','C') [1][0] OK
C:[16/08/2013 11:16:59.26][190.78.115.37][1151] SELECT c_asigna FROM dace004 WHERE exp_e='09-20808341' AND c_asigna='300209' AND status IN ('0','3','B','C') [1][0] OK
C:[16/08/2013 11:16:59.26][190.78.115.37][1151] SELECT c_asigna FROM dace004 WHERE exp_e='09-20808341' AND c_asigna='311320' AND status IN ('0','3','B','C') [1][0] OK
C:[16/08/2013 11:16:59.26][190.78.115.37][1182] SELECT par_cod_asig1,par_cod_asig2,par_cod_asig3 FROM tblaca009 WHERE pensum='5' AND c_uni_ca='3' AND c_asigna='311551' [1][0] OK
C:[16/08/2013 11:16:59.42][190.78.115.37][1312] SELECT horas_lab FROM tblaca008 WHERE c_asigna='311551' AND horas_teoricas > 0 [1][0] OK
C:[16/08/2013 11:17:08.83][172.16.4.234][1138] SELECT pre_cod_asig1,pre_cod_asig2,pre_cod_asig3,pre_cod_asig4,pre_cod_asig5,pre_cod_asig6,pre_cod_asig7 FROM tblaca009 WHERE pensum='5' AND c_uni_ca='3' AND c_asigna='311551' [1][0] OK
C:[16/08/2013 11:17:08.83][172.16.4.234][1151] SELECT c_asigna FROM dace004 WHERE exp_e='09-20885700' AND c_asigna='311430' AND status IN ('0','3','B','C') [1][0] OK
C:[16/08/2013 11:17:08.83][172.16.4.234][1151] SELECT c_asigna FROM dace004 WHERE exp_e='09-20885700' AND c_asigna='311431' AND status IN ('0','3','B','C') [1][0] OK
C:[16/08/2013 11:17:08.83][172.16.4.234][1151] SELECT c_asigna FROM dace004 WHERE exp_e='09-20885700' AND c_asigna='300222' AND status IN ('0','3','B','C') [1][0] OK
C:[16/08/2013 11:17:08.83][172.16.4.234][1151] SELECT c_asigna FROM dace004 WHERE exp_e='09-20885700' AND c_asigna='300226' AND status IN ('0','3','B','C') [1][0] OK
C:[16/08/2013 11:17:08.83][172.16.4.234][1151] SELECT c_asigna FROM dace004 WHERE exp_e='09-20885700' AND c_asigna='300209' AND status IN ('0','3','B','C') [1][0] OK
C:[16/08/2013 11:17:08.83][172.16.4.234][1151] SELECT c_asigna FROM dace004 WHERE exp_e='09-20885700' AND c_asigna='311320' AND status IN ('0','3','B','C') [1][0] OK
C:[16/08/2013 11:17:08.83][172.16.4.234][1138] SELECT pre_cod_asig1,pre_cod_asig2,pre_cod_asig3,pre_cod_asig4,pre_cod_asig5,pre_cod_asig6,pre_cod_asig7 FROM tblaca009 WHERE pensum='5' AND c_uni_ca='3' AND c_asigna='311775' [1][0] OK
C:[16/08/2013 11:17:08.83][172.16.4.234][1151] SELECT c_asigna FROM dace004 WHERE exp_e='09-20885700' AND c_asigna='311655' AND status IN ('0','3','B','C') [1][0] OK
C:[16/08/2013 11:17:09.52][172.16.4.234][1182] SELECT par_cod_asig1,par_cod_asig2,par_cod_asig3 FROM tblaca009 WHERE pensum='5' AND c_uni_ca='3' AND c_asigna='311551' [1][0] OK
C:[16/08/2013 11:17:09.52][172.16.4.234][1182] SELECT par_cod_asig1,par_cod_asig2,par_cod_asig3 FROM tblaca009 WHERE pensum='5' AND c_uni_ca='3' AND c_asigna='311775' [1][0] OK
C:[16/08/2013 11:17:09.77][172.16.4.234][1312] SELECT horas_lab FROM tblaca008 WHERE c_asigna='311551' AND horas_teoricas > 0 [1][0] OK
C:[16/08/2013 11:17:09.77][172.16.4.234][1312] SELECT horas_lab FROM tblaca008 WHERE c_asigna='311775' AND horas_teoricas > 0 [1][0] OK
C:[16/08/2013 11:17:29.75][190.77.252.135][1138] SELECT pre_cod_asig1,pre_cod_asig2,pre_cod_asig3,pre_cod_asig4,pre_cod_asig5,pre_cod_asig6,pre_cod_asig7 FROM tblaca009 WHERE pensum='5' AND c_uni_ca='3' AND c_asigna='311822' [1][0] OK
C:[16/08/2013 11:17:29.75][190.77.252.135][1151] SELECT c_asigna FROM dace004 WHERE exp_e='07-19094892' AND c_asigna='311795' AND status IN ('0','3','B','C') [1][0] OK
C:[16/08/2013 11:17:29.56][190.77.252.135][1182] SELECT par_cod_asig1,par_cod_asig2,par_cod_asig3 FROM tblaca009 WHERE pensum='5' AND c_uni_ca='3' AND c_asigna='311822' [1][0] OK
C:[16/08/2013 11:17:30.70][190.77.252.135][1312] SELECT horas_lab FROM tblaca008 WHERE c_asigna='311822' AND horas_teoricas > 0 [1][0] OK
C:[16/08/2013 11:18:10.34][190.206.232.150][1138] SELECT pre_cod_asig1,pre_cod_asig2,pre_cod_asig3,pre_cod_asig4,pre_cod_asig5,pre_cod_asig6,pre_cod_asig7 FROM tblaca009 WHERE pensum='5' AND c_uni_ca='2' AND c_asigna='322436' [1][0] OK
C:[16/08/2013 11:18:10.34][190.206.232.150][1151] SELECT c_asigna FROM dace004 WHERE exp_e='11-20507984' AND c_asigna='300317' AND status IN ('0','3','B','C') [1][0] OK
C:[16/08/2013 11:18:10.34][190.206.232.150][1151] SELECT c_asigna FROM dace004 WHERE exp_e='11-20507984' AND c_asigna='320311' AND status IN ('0','3','B','C') [1][0] OK
C:[16/08/2013 11:18:10.27][190.206.232.150][1182] SELECT par_cod_asig1,par_cod_asig2,par_cod_asig3 FROM tblaca009 WHERE pensum='5' AND c_uni_ca='2' AND c_asigna='322436' [1][0] OK
C:[16/08/2013 11:18:11.41][190.206.232.150][1312] SELECT horas_lab FROM tblaca008 WHERE c_asigna='322436' AND horas_teoricas > 0 [1][0] OK
C:[16/08/2013 11:18:46.92][172.16.4.234][1138] SELECT pre_cod_asig1,pre_cod_asig2,pre_cod_asig3,pre_cod_asig4,pre_cod_asig5,pre_cod_asig6,pre_cod_asig7 FROM tblaca009_p_int WHERE pensum='5' AND c_uni_ca='3' AND c_asigna='311551' [1][0] OK
C:[16/08/2013 11:18:46.92][172.16.4.234][1151] SELECT c_asigna FROM dace004 WHERE exp_e='09-20885700' AND c_asigna='311430' AND status IN ('0','3','B','C') [1][0] OK
C:[16/08/2013 11:18:46.92][172.16.4.234][1138] SELECT pre_cod_asig1,pre_cod_asig2,pre_cod_asig3,pre_cod_asig4,pre_cod_asig5,pre_cod_asig6,pre_cod_asig7 FROM tblaca009_p_int WHERE pensum='5' AND c_uni_ca='3' AND c_asigna='311775' [1][0] OK
C:[16/08/2013 11:18:46.92][172.16.4.234][1151] SELECT c_asigna FROM dace004 WHERE exp_e='09-20885700' AND c_asigna='311655' AND status IN ('0','3','B','C') [1][0] OK
C:[16/08/2013 11:18:46.98][172.16.4.234][1182] SELECT par_cod_asig1,par_cod_asig2,par_cod_asig3 FROM tblaca009_p_int WHERE pensum='5' AND c_uni_ca='3' AND c_asigna='311551' [1][0] OK
C:[16/08/2013 11:18:46.98][172.16.4.234][1182] SELECT par_cod_asig1,par_cod_asig2,par_cod_asig3 FROM tblaca009_p_int WHERE pensum='5' AND c_uni_ca='3' AND c_asigna='311775' [1][0] OK
C:[16/08/2013 11:18:46.25][172.16.4.234][1312] SELECT horas_lab FROM tblaca008 WHERE c_asigna='311551' AND horas_teoricas > 0 [1][0] OK
C:[16/08/2013 11:18:46.25][172.16.4.234][1312] SELECT horas_lab FROM tblaca008 WHERE c_asigna='311775' AND horas_teoricas > 0 [1][0] OK
C:[16/08/2013 11:18:55.83][172.17.115.114][1138] SELECT pre_cod_asig1,pre_cod_asig2,pre_cod_asig3,pre_cod_asig4,pre_cod_asig5,pre_cod_asig6,pre_cod_asig7 FROM tblaca009_p_int WHERE pensum='5' AND c_uni_ca='3' AND c_asigna='311551' [1][0] OK
C:[16/08/2013 11:18:55.83][172.17.115.114][1151] SELECT c_asigna FROM dace004 WHERE exp_e='10-16164144' AND c_asigna='311430' AND status IN ('0','3','B','C') [1][0] OK
C:[16/08/2013 11:18:55.83][172.17.115.114][1138] SELECT pre_cod_asig1,pre_cod_asig2,pre_cod_asig3,pre_cod_asig4,pre_cod_asig5,pre_cod_asig6,pre_cod_asig7 FROM tblaca009_p_int WHERE pensum='5' AND c_uni_ca='3' AND c_asigna='315671' [1][0] OK
C:[16/08/2013 11:18:55.83][172.17.115.114][1151] SELECT c_asigna FROM dace004 WHERE exp_e='10-16164144' AND c_asigna='315552' AND status IN ('0','3','B','C') [1][0] OK
C:[16/08/2013 11:18:55.32][172.17.115.114][1182] SELECT par_cod_asig1,par_cod_asig2,par_cod_asig3 FROM tblaca009_p_int WHERE pensum='5' AND c_uni_ca='3' AND c_asigna='311551' [1][0] OK
C:[16/08/2013 11:18:55.32][172.17.115.114][1182] SELECT par_cod_asig1,par_cod_asig2,par_cod_asig3 FROM tblaca009_p_int WHERE pensum='5' AND c_uni_ca='3' AND c_asigna='315671' [1][0] OK
C:[16/08/2013 11:18:55.59][172.17.115.114][1312] SELECT horas_lab FROM tblaca008 WHERE c_asigna='311551' AND horas_teoricas > 0 [1][0] OK
C:[16/08/2013 11:18:55.59][172.17.115.114][1312] SELECT horas_lab FROM tblaca008 WHERE c_asigna='315671' AND horas_teoricas > 0 [1][0] OK
C:[16/08/2013 11:19:12.25][190.200.53.254][1138] SELECT pre_cod_asig1,pre_cod_asig2,pre_cod_asig3,pre_cod_asig4,pre_cod_asig5,pre_cod_asig6,pre_cod_asig7 FROM tblaca009_p_int WHERE pensum='5' AND c_uni_ca='3' AND c_asigna='300870' [1][0] OK
C:[16/08/2013 11:19:12.95][190.200.53.254][1182] SELECT par_cod_asig1,par_cod_asig2,par_cod_asig3 FROM tblaca009_p_int WHERE pensum='5' AND c_uni_ca='3' AND c_asigna='300870' [1][0] OK
C:[16/08/2013 11:19:12.07][190.200.53.254][1312] SELECT horas_lab FROM tblaca008 WHERE c_asigna='300870' AND horas_teoricas > 0 [1][0] OK
C:[16/08/2013 11:20:21.22][190.94.250.207][1138] SELECT pre_cod_asig1,pre_cod_asig2,pre_cod_asig3,pre_cod_asig4,pre_cod_asig5,pre_cod_asig6,pre_cod_asig7 FROM tblaca009_p_int WHERE pensum='5' AND c_uni_ca='5' AND c_asigna='351330' [1][0] OK
C:[16/08/2013 11:20:21.22][190.94.250.207][1151] SELECT c_asigna FROM dace004 WHERE exp_e='11-21251227' AND c_asigna='300218' AND status IN ('0','3','B','C') [1][0] OK
C:[16/08/2013 11:20:21.60][190.94.250.207][1182] SELECT par_cod_asig1,par_cod_asig2,par_cod_asig3 FROM tblaca009_p_int WHERE pensum='5' AND c_uni_ca='5' AND c_asigna='351330' [1][0] OK
C:[16/08/2013 11:20:21.60][190.94.250.207][1196] SELECT c_asigna FROM dace004 WHERE exp_e='11-21251227' AND c_asigna='300317' AND status IN ('0','3','B','C') [1][0] OK
C:[16/08/2013 11:20:21.86][190.94.250.207][1312] SELECT horas_lab FROM tblaca008 WHERE c_asigna='351330' AND horas_teoricas > 0 [1][0] OK
C:[16/08/2013 11:22:14.82][172.16.4.254][1138] SELECT pre_cod_asig1,pre_cod_asig2,pre_cod_asig3,pre_cod_asig4,pre_cod_asig5,pre_cod_asig6,pre_cod_asig7 FROM tblaca009_p_int WHERE pensum='5' AND c_uni_ca='3' AND c_asigna='311551' [1][0] OK
C:[16/08/2013 11:22:14.82][172.16.4.254][1151] SELECT c_asigna FROM dace004 WHERE exp_e='07-19159177' AND c_asigna='311430' AND status IN ('0','3','B','C') [1][0] OK
C:[16/08/2013 11:22:14.64][172.16.4.254][1182] SELECT par_cod_asig1,par_cod_asig2,par_cod_asig3 FROM tblaca009_p_int WHERE pensum='5' AND c_uni_ca='3' AND c_asigna='311551' [1][0] OK
C:[16/08/2013 11:22:14.77][172.16.4.254][1312] SELECT horas_lab FROM tblaca008 WHERE c_asigna='311551' AND horas_teoricas > 0 [1][0] OK
C:[16/08/2013 11:23:26.31][190.201.175.202][1138] SELECT pre_cod_asig1,pre_cod_asig2,pre_cod_asig3,pre_cod_asig4,pre_cod_asig5,pre_cod_asig6,pre_cod_asig7 FROM tblaca009_p_int WHERE pensum='5' AND c_uni_ca='2' AND c_asigna='300207' [1][0] OK
C:[16/08/2013 11:23:26.31][190.201.175.202][1151] SELECT c_asigna FROM dace004 WHERE exp_e='12-26154145' AND c_asigna='300101' AND status IN ('0','3','B','C') [1][0] OK
C:[16/08/2013 11:23:26.13][190.201.175.202][1182] SELECT par_cod_asig1,par_cod_asig2,par_cod_asig3 FROM tblaca009_p_int WHERE pensum='5' AND c_uni_ca='2' AND c_asigna='300207' [1][0] OK
C:[16/08/2013 11:23:26.26][190.201.175.202][1312] SELECT horas_lab FROM tblaca008 WHERE c_asigna='300207' AND horas_teoricas > 0 [1][0] OK
C:[16/08/2013 11:24:48.72][190.201.4.11][1138] SELECT pre_cod_asig1,pre_cod_asig2,pre_cod_asig3,pre_cod_asig4,pre_cod_asig5,pre_cod_asig6,pre_cod_asig7 FROM tblaca009_p_int WHERE pensum='5' AND c_uni_ca='2' AND c_asigna='322780' [1][0] OK
C:[16/08/2013 11:24:48.72][190.201.4.11][1151] SELECT c_asigna FROM dace004 WHERE exp_e='09-20804252' AND c_asigna='322678' AND status IN ('0','3','B','C') [1][0] OK
C:[16/08/2013 11:24:48.53][190.201.4.11][1182] SELECT par_cod_asig1,par_cod_asig2,par_cod_asig3 FROM tblaca009_p_int WHERE pensum='5' AND c_uni_ca='2' AND c_asigna='322780' [1][0] OK
C:[16/08/2013 11:24:48.67][190.201.4.11][1312] SELECT horas_lab FROM tblaca008 WHERE c_asigna='322780' AND horas_teoricas > 0 [1][0] OK
C:[16/08/2013 11:25:30.07][186.90.218.100][1138] SELECT pre_cod_asig1,pre_cod_asig2,pre_cod_asig3,pre_cod_asig4,pre_cod_asig5,pre_cod_asig6,pre_cod_asig7 FROM tblaca009_p_int WHERE pensum='5' AND c_uni_ca='5' AND c_asigna='300207' [1][0] OK
C:[16/08/2013 11:25:30.07][186.90.218.100][1151] SELECT c_asigna FROM dace004 WHERE exp_e='12-24040480' AND c_asigna='300101' AND status IN ('0','3','B','C') [1][0] OK
C:[16/08/2013 11:25:30.88][186.90.218.100][1182] SELECT par_cod_asig1,par_cod_asig2,par_cod_asig3 FROM tblaca009_p_int WHERE pensum='5' AND c_uni_ca='5' AND c_asigna='300207' [1][0] OK
C:[16/08/2013 11:25:30.01][186.90.218.100][1312] SELECT horas_lab FROM tblaca008 WHERE c_asigna='300207' AND horas_teoricas > 0 [1][0] OK
C:[16/08/2013 11:26:20.20][190.201.169.157][1138] SELECT pre_cod_asig1,pre_cod_asig2,pre_cod_asig3,pre_cod_asig4,pre_cod_asig5,pre_cod_asig6,pre_cod_asig7 FROM tblaca009_p_int WHERE pensum='5' AND c_uni_ca='2' AND c_asigna='322605' [1][0] OK
C:[16/08/2013 11:26:20.20][190.201.169.157][1151] SELECT c_asigna FROM dace004 WHERE exp_e='11-20915460' AND c_asigna='322436' AND status IN ('0','3','B','C') [1][0] OK
C:[16/08/2013 11:26:20.02][190.201.169.157][1182] SELECT par_cod_asig1,par_cod_asig2,par_cod_asig3 FROM tblaca009_p_int WHERE pensum='5' AND c_uni_ca='2' AND c_asigna='322605' [1][0] OK
C:[16/08/2013 11:26:20.16][190.201.169.157][1312] SELECT horas_lab FROM tblaca008 WHERE c_asigna='322605' AND horas_teoricas > 0 [1][0] OK
C:[16/08/2013 11:27:08.65][190.78.96.88][1138] SELECT pre_cod_asig1,pre_cod_asig2,pre_cod_asig3,pre_cod_asig4,pre_cod_asig5,pre_cod_asig6,pre_cod_asig7 FROM tblaca009_p_int WHERE pensum='5' AND c_uni_ca='3' AND c_asigna='311430' [1][0] OK
C:[16/08/2013 11:27:08.65][190.78.96.88][1151] SELECT c_asigna FROM dace004 WHERE exp_e='10-20565807' AND c_asigna='300317' AND status IN ('0','3','B','C') [1][0] OK
C:[16/08/2013 11:27:08.65][190.78.96.88][1151] SELECT c_asigna FROM dace004 WHERE exp_e='10-20565807' AND c_asigna='300318' AND status IN ('0','3','B','C') [1][0] OK
C:[16/08/2013 11:27:08.65][190.78.96.88][1138] SELECT pre_cod_asig1,pre_cod_asig2,pre_cod_asig3,pre_cod_asig4,pre_cod_asig5,pre_cod_asig6,pre_cod_asig7 FROM tblaca009_p_int WHERE pensum='5' AND c_uni_ca='3' AND c_asigna='311431' [1][0] OK
C:[16/08/2013 11:27:08.65][190.78.96.88][1151] SELECT c_asigna FROM dace004 WHERE exp_e='10-20565807' AND c_asigna='300317' AND status IN ('0','3','B','C') [1][0] OK
C:[16/08/2013 11:27:08.65][190.78.96.88][1151] SELECT c_asigna FROM dace004 WHERE exp_e='10-20565807' AND c_asigna='300318' AND status IN ('0','3','B','C') [1][0] OK
C:[16/08/2013 11:27:08.65][190.78.96.88][1138] SELECT pre_cod_asig1,pre_cod_asig2,pre_cod_asig3,pre_cod_asig4,pre_cod_asig5,pre_cod_asig6,pre_cod_asig7 FROM tblaca009_p_int WHERE pensum='5' AND c_uni_ca='3' AND c_asigna='311434' [1][0] OK
C:[16/08/2013 11:27:08.65][190.78.96.88][1151] SELECT c_asigna FROM dace004 WHERE exp_e='10-20565807' AND c_asigna='300317' AND status IN ('0','3','B','C') [1][0] OK
C:[16/08/2013 11:27:08.65][190.78.96.88][1151] SELECT c_asigna FROM dace004 WHERE exp_e='10-20565807' AND c_asigna='300318' AND status IN ('0','3','B','C') [1][0] OK
C:[16/08/2013 11:27:08.33][190.78.96.88][1182] SELECT par_cod_asig1,par_cod_asig2,par_cod_asig3 FROM tblaca009_p_int WHERE pensum='5' AND c_uni_ca='3' AND c_asigna='311430' [1][0] OK
C:[16/08/2013 11:27:08.33][190.78.96.88][1182] SELECT par_cod_asig1,par_cod_asig2,par_cod_asig3 FROM tblaca009_p_int WHERE pensum='5' AND c_uni_ca='3' AND c_asigna='311431' [1][0] OK
C:[16/08/2013 11:27:08.33][190.78.96.88][1182] SELECT par_cod_asig1,par_cod_asig2,par_cod_asig3 FROM tblaca009_p_int WHERE pensum='5' AND c_uni_ca='3' AND c_asigna='311434' [1][0] OK
C:[16/08/2013 11:27:08.72][190.78.96.88][1312] SELECT horas_lab FROM tblaca008 WHERE c_asigna='311430' AND horas_teoricas > 0 [1][0] OK
C:[16/08/2013 11:27:08.72][190.78.96.88][1312] SELECT horas_lab FROM tblaca008 WHERE c_asigna='311431' AND horas_teoricas > 0 [1][0] OK
C:[16/08/2013 11:27:08.72][190.78.96.88][1312] SELECT horas_lab FROM tblaca008 WHERE c_asigna='311434' AND horas_teoricas > 0 [0][0] OK
C:[16/08/2013 11:28:46.65][172.16.4.254][1138] SELECT pre_cod_asig1,pre_cod_asig2,pre_cod_asig3,pre_cod_asig4,pre_cod_asig5,pre_cod_asig6,pre_cod_asig7 FROM tblaca009_p_int WHERE pensum='5' AND c_uni_ca='5' AND c_asigna='351330' [1][0] OK
C:[16/08/2013 11:28:46.65][172.16.4.254][1151] SELECT c_asigna FROM dace004 WHERE exp_e='11-21250831' AND c_asigna='300218' AND status IN ('0','3','B','C') [1][0] OK
C:[16/08/2013 11:28:46.65][172.16.4.254][1138] SELECT pre_cod_asig1,pre_cod_asig2,pre_cod_asig3,pre_cod_asig4,pre_cod_asig5,pre_cod_asig6,pre_cod_asig7 FROM tblaca009_p_int WHERE pensum='5' AND c_uni_ca='5' AND c_asigna='355573' [1][0] OK
C:[16/08/2013 11:28:46.65][172.16.4.254][1151] SELECT c_asigna FROM dace004 WHERE exp_e='11-21250831' AND c_asigna='355448' AND status IN ('0','3','B','C') [1][0] OK
C:[16/08/2013 11:28:46.27][172.16.4.254][1182] SELECT par_cod_asig1,par_cod_asig2,par_cod_asig3 FROM tblaca009_p_int WHERE pensum='5' AND c_uni_ca='5' AND c_asigna='351330' [1][0] OK
C:[16/08/2013 11:28:46.27][172.16.4.254][1196] SELECT c_asigna FROM dace004 WHERE exp_e='11-21250831' AND c_asigna='300317' AND status IN ('0','3','B','C') [0][0] OK
C:[16/08/2013 11:28:46.27][172.16.4.254][1182] SELECT par_cod_asig1,par_cod_asig2,par_cod_asig3 FROM tblaca009_p_int WHERE pensum='5' AND c_uni_ca='5' AND c_asigna='355573' [1][0] OK
C:[16/08/2013 11:28:46.66][172.16.4.254][1312] SELECT horas_lab FROM tblaca008 WHERE c_asigna='351330' AND horas_teoricas > 0 [1][0] OK
C:[16/08/2013 11:28:46.66][172.16.4.254][1312] SELECT horas_lab FROM tblaca008 WHERE c_asigna='355573' AND horas_teoricas > 0 [1][0] OK
C:[16/08/2013 11:29:00.39][172.16.3.75][1138] SELECT pre_cod_asig1,pre_cod_asig2,pre_cod_asig3,pre_cod_asig4,pre_cod_asig5,pre_cod_asig6,pre_cod_asig7 FROM tblaca009_p_int WHERE pensum='5' AND c_uni_ca='3' AND c_asigna='311822' [1][0] OK
C:[16/08/2013 11:29:00.39][172.16.3.75][1151] SELECT c_asigna FROM dace004 WHERE exp_e='04-15907780' AND c_asigna='311795' AND status IN ('0','3','B','C') [1][0] OK
C:[16/08/2013 11:29:00.77][172.16.3.75][1182] SELECT par_cod_asig1,par_cod_asig2,par_cod_asig3 FROM tblaca009_p_int WHERE pensum='5' AND c_uni_ca='3' AND c_asigna='311822' [1][0] OK
C:[16/08/2013 11:29:00.90][172.16.3.75][1312] SELECT horas_lab FROM tblaca008 WHERE c_asigna='311822' AND horas_teoricas > 0 [1][0] OK
C:[16/08/2013 11:30:37.32][190.76.55.0][1138] SELECT pre_cod_asig1,pre_cod_asig2,pre_cod_asig3,pre_cod_asig4,pre_cod_asig5,pre_cod_asig6,pre_cod_asig7 FROM tblaca009_p_int WHERE pensum='5' AND c_uni_ca='2' AND c_asigna='322436' [1][0] OK
C:[16/08/2013 11:30:37.32][190.76.55.0][1151] SELECT c_asigna FROM dace004 WHERE exp_e='11-25017790' AND c_asigna='320311' AND status IN ('0','3','B','C') [1][0] OK
C:[16/08/2013 11:30:37.69][190.76.55.0][1182] SELECT par_cod_asig1,par_cod_asig2,par_cod_asig3 FROM tblaca009_p_int WHERE pensum='5' AND c_uni_ca='2' AND c_asigna='322436' [1][0] OK
C:[16/08/2013 11:30:37.83][190.76.55.0][1312] SELECT horas_lab FROM tblaca008 WHERE c_asigna='322436' AND horas_teoricas > 0 [1][0] OK
C:[16/08/2013 11:30:44.06][190.207.50.240][1138] SELECT pre_cod_asig1,pre_cod_asig2,pre_cod_asig3,pre_cod_asig4,pre_cod_asig5,pre_cod_asig6,pre_cod_asig7 FROM tblaca009_p_int WHERE pensum='5' AND c_uni_ca='6' AND c_asigna='344688' [1][0] OK
C:[16/08/2013 11:30:44.06][190.207.50.240][1151] SELECT c_asigna FROM dace004 WHERE exp_e='08-19622585' AND c_asigna='344565' AND status IN ('0','3','B','C') [1][0] OK
C:[16/08/2013 11:30:44.31][190.207.50.240][1182] SELECT par_cod_asig1,par_cod_asig2,par_cod_asig3 FROM tblaca009_p_int WHERE pensum='5' AND c_uni_ca='6' AND c_asigna='344688' [1][0] OK
C:[16/08/2013 11:30:44.44][190.207.50.240][1312] SELECT horas_lab FROM tblaca008 WHERE c_asigna='344688' AND horas_teoricas > 0 [1][0] OK
C:[16/08/2013 11:30:57.92][190.206.42.162][1138] SELECT pre_cod_asig1,pre_cod_asig2,pre_cod_asig3,pre_cod_asig4,pre_cod_asig5,pre_cod_asig6,pre_cod_asig7 FROM tblaca009_p_int WHERE pensum='5' AND c_uni_ca='4' AND c_asigna='300956' [1][0] OK
C:[16/08/2013 11:30:57.92][190.206.42.162][1151] SELECT c_asigna FROM dace004 WHERE exp_e='05-18623877' AND c_asigna='300422' AND status IN ('0','3','B','C') [1][0] OK
C:[16/08/2013 11:30:57.29][190.206.42.162][1182] SELECT par_cod_asig1,par_cod_asig2,par_cod_asig3 FROM tblaca009_p_int WHERE pensum='5' AND c_uni_ca='4' AND c_asigna='300956' [1][0] OK
C:[16/08/2013 11:30:57.43][190.206.42.162][1312] SELECT horas_lab FROM tblaca008 WHERE c_asigna='300956' AND horas_teoricas > 0 [1][0] OK
C:[16/08/2013 11:31:19.00][190.78.115.37][1138] SELECT pre_cod_asig1,pre_cod_asig2,pre_cod_asig3,pre_cod_asig4,pre_cod_asig5,pre_cod_asig6,pre_cod_asig7 FROM tblaca009_p_int WHERE pensum='5' AND c_uni_ca='2' AND c_asigna='322780' [1][0] OK
C:[16/08/2013 11:31:19.00][190.78.115.37][1151] SELECT c_asigna FROM dace004 WHERE exp_e='08-20549389' AND c_asigna='322678' AND status IN ('0','3','B','C') [1][0] OK
C:[16/08/2013 11:31:19.37][190.78.115.37][1182] SELECT par_cod_asig1,par_cod_asig2,par_cod_asig3 FROM tblaca009_p_int WHERE pensum='5' AND c_uni_ca='2' AND c_asigna='322780' [1][0] OK
C:[16/08/2013 11:31:19.51][190.78.115.37][1312] SELECT horas_lab FROM tblaca008 WHERE c_asigna='322780' AND horas_teoricas > 0 [1][0] OK
C:[16/08/2013 11:32:40.45][190.200.27.200][1138] SELECT pre_cod_asig1,pre_cod_asig2,pre_cod_asig3,pre_cod_asig4,pre_cod_asig5,pre_cod_asig6,pre_cod_asig7 FROM tblaca009_p_int WHERE pensum='5' AND c_uni_ca='3' AND c_asigna='311673' [1][0] OK
C:[16/08/2013 11:32:40.45][190.200.27.200][1151] SELECT c_asigna FROM dace004 WHERE exp_e='07-20136232' AND c_asigna='311551' AND status IN ('0','3','B','C') [1][0] OK
C:[16/08/2013 11:32:40.83][190.200.27.200][1182] SELECT par_cod_asig1,par_cod_asig2,par_cod_asig3 FROM tblaca009_p_int WHERE pensum='5' AND c_uni_ca='3' AND c_asigna='311673' [1][0] OK
C:[16/08/2013 11:32:40.96][190.200.27.200][1312] SELECT horas_lab FROM tblaca008 WHERE c_asigna='311673' AND horas_teoricas > 0 [1][0] OK
C:[16/08/2013 11:34:23.90][190.77.252.135][1138] SELECT pre_cod_asig1,pre_cod_asig2,pre_cod_asig3,pre_cod_asig4,pre_cod_asig5,pre_cod_asig6,pre_cod_asig7 FROM tblaca009_p_int WHERE pensum='5' AND c_uni_ca='3' AND c_asigna='311822' [1][0] OK
C:[16/08/2013 11:34:23.90][190.77.252.135][1151] SELECT c_asigna FROM dace004 WHERE exp_e='09-20020278' AND c_asigna='311795' AND status IN ('0','3','B','C') [1][0] OK
C:[16/08/2013 11:34:23.90][190.77.252.135][1138] SELECT pre_cod_asig1,pre_cod_asig2,pre_cod_asig3,pre_cod_asig4,pre_cod_asig5,pre_cod_asig6,pre_cod_asig7 FROM tblaca009_p_int WHERE pensum='5' AND c_uni_ca='3' AND c_asigna='311824' [1][0] OK
C:[16/08/2013 11:34:23.90][190.77.252.135][1151] SELECT c_asigna FROM dace004 WHERE exp_e='09-20020278' AND c_asigna='311796' AND status IN ('0','3','B','C') [1][0] OK
C:[16/08/2013 11:34:23.52][190.77.252.135][1182] SELECT par_cod_asig1,par_cod_asig2,par_cod_asig3 FROM tblaca009_p_int WHERE pensum='5' AND c_uni_ca='3' AND c_asigna='311822' [1][0] OK
C:[16/08/2013 11:34:23.52][190.77.252.135][1182] SELECT par_cod_asig1,par_cod_asig2,par_cod_asig3 FROM tblaca009_p_int WHERE pensum='5' AND c_uni_ca='3' AND c_asigna='311824' [1][0] OK
C:[16/08/2013 11:34:23.79][190.77.252.135][1312] SELECT horas_lab FROM tblaca008 WHERE c_asigna='311822' AND horas_teoricas > 0 [1][0] OK
C:[16/08/2013 11:34:23.79][190.77.252.135][1312] SELECT horas_lab FROM tblaca008 WHERE c_asigna='311824' AND horas_teoricas > 0 [1][0] OK
C:[16/08/2013 11:34:26.89][172.16.3.67][1138] SELECT pre_cod_asig1,pre_cod_asig2,pre_cod_asig3,pre_cod_asig4,pre_cod_asig5,pre_cod_asig6,pre_cod_asig7 FROM tblaca009_p_int WHERE pensum='5' AND c_uni_ca='3' AND c_asigna='312333' [1][0] OK
C:[16/08/2013 11:34:26.89][172.16.3.67][1151] SELECT c_asigna FROM dace004 WHERE exp_e='11-20703641' AND c_asigna='300228' AND status IN ('0','3','B','C') [1][0] OK
C:[16/08/2013 11:34:27.71][172.16.3.67][1182] SELECT par_cod_asig1,par_cod_asig2,par_cod_asig3 FROM tblaca009_p_int WHERE pensum='5' AND c_uni_ca='3' AND c_asigna='312333' [1][0] OK
C:[16/08/2013 11:34:27.84][172.16.3.67][1312] SELECT horas_lab FROM tblaca008 WHERE c_asigna='312333' AND horas_teoricas > 0 [1][0] OK
C:[16/08/2013 11:35:00.91][186.167.243.7][1138] SELECT pre_cod_asig1,pre_cod_asig2,pre_cod_asig3,pre_cod_asig4,pre_cod_asig5,pre_cod_asig6,pre_cod_asig7 FROM tblaca009_p_int WHERE pensum='5' AND c_uni_ca='3' AND c_asigna='300222' [1][0] OK
C:[16/08/2013 11:35:00.91][186.167.243.7][1151] SELECT c_asigna FROM dace004 WHERE exp_e='11-24541639' AND c_asigna='300112' AND status IN ('0','3','B','C') [1][0] OK
C:[16/08/2013 11:35:00.28][186.167.243.7][1182] SELECT par_cod_asig1,par_cod_asig2,par_cod_asig3 FROM tblaca009_p_int WHERE pensum='5' AND c_uni_ca='3' AND c_asigna='300222' [1][0] OK
C:[16/08/2013 11:35:00.43][186.167.243.7][1312] SELECT horas_lab FROM tblaca008 WHERE c_asigna='300222' AND horas_teoricas > 0 [1][0] OK
C:[16/08/2013 11:37:35.74][172.16.4.254][1138] SELECT pre_cod_asig1,pre_cod_asig2,pre_cod_asig3,pre_cod_asig4,pre_cod_asig5,pre_cod_asig6,pre_cod_asig7 FROM tblaca009_p_int WHERE pensum='5' AND c_uni_ca='5' AND c_asigna='355571' [1][0] OK
C:[16/08/2013 11:37:35.74][172.16.4.254][1151] SELECT c_asigna FROM dace004 WHERE exp_e='10-23872409' AND c_asigna='355447' AND status IN ('0','3','B','C') [1][0] OK
C:[16/08/2013 11:37:35.12][172.16.4.254][1182] SELECT par_cod_asig1,par_cod_asig2,par_cod_asig3 FROM tblaca009_p_int WHERE pensum='5' AND c_uni_ca='5' AND c_asigna='355571' [1][0] OK
C:[16/08/2013 11:37:35.26][172.16.4.254][1312] SELECT horas_lab FROM tblaca008 WHERE c_asigna='355571' AND horas_teoricas > 0 [1][0] OK
C:[16/08/2013 11:38:43.95][186.90.186.143][1138] SELECT pre_cod_asig1,pre_cod_asig2,pre_cod_asig3,pre_cod_asig4,pre_cod_asig5,pre_cod_asig6,pre_cod_asig7 FROM tblaca009_p_int WHERE pensum='5' AND c_uni_ca='5' AND c_asigna='355693' [1][0] OK
C:[16/08/2013 11:38:43.95][186.90.186.143][1151] SELECT c_asigna FROM dace004 WHERE exp_e='06-18452731' AND c_asigna='355572' AND status IN ('0','3','B','C') [1][0] OK
C:[16/08/2013 11:38:43.95][186.90.186.143][1151] SELECT c_asigna FROM dace004 WHERE exp_e='06-18452731' AND c_asigna='352440' AND status IN ('0','3','B','C') [1][0] OK
C:[16/08/2013 11:38:43.95][186.90.186.143][1151] SELECT c_asigna FROM dace004 WHERE exp_e='06-18452731' AND c_asigna='355573' AND status IN ('0','3','B','C') [1][0] OK
C:[16/08/2013 11:38:43.95][186.90.186.143][1138] SELECT pre_cod_asig1,pre_cod_asig2,pre_cod_asig3,pre_cod_asig4,pre_cod_asig5,pre_cod_asig6,pre_cod_asig7 FROM tblaca009_p_int WHERE pensum='5' AND c_uni_ca='5' AND c_asigna='355722' [1][0] OK
C:[16/08/2013 11:38:43.95][186.90.186.143][1151] SELECT c_asigna FROM dace004 WHERE exp_e='06-18452731' AND c_asigna='355691' AND status IN ('0','3','B','C') [1][0] OK
C:[16/08/2013 11:38:43.95][186.90.186.143][1151] SELECT c_asigna FROM dace004 WHERE exp_e='06-18452731' AND c_asigna='355595' AND status IN ('0','3','B','C') [1][0] OK
C:[16/08/2013 11:38:44.96][186.90.186.143][1182] SELECT par_cod_asig1,par_cod_asig2,par_cod_asig3 FROM tblaca009_p_int WHERE pensum='5' AND c_uni_ca='5' AND c_asigna='355693' [1][0] OK
C:[16/08/2013 11:38:44.96][186.90.186.143][1182] SELECT par_cod_asig1,par_cod_asig2,par_cod_asig3 FROM tblaca009_p_int WHERE pensum='5' AND c_uni_ca='5' AND c_asigna='355722' [1][0] OK
C:[16/08/2013 11:38:44.22][186.90.186.143][1312] SELECT horas_lab FROM tblaca008 WHERE c_asigna='355693' AND horas_teoricas > 0 [1][0] OK
C:[16/08/2013 11:38:44.22][186.90.186.143][1312] SELECT horas_lab FROM tblaca008 WHERE c_asigna='355722' AND horas_teoricas > 0 [1][0] OK
C:[16/08/2013 11:39:03.40][190.200.27.200][1138] SELECT pre_cod_asig1,pre_cod_asig2,pre_cod_asig3,pre_cod_asig4,pre_cod_asig5,pre_cod_asig6,pre_cod_asig7 FROM tblaca009_p_int WHERE pensum='5' AND c_uni_ca='3' AND c_asigna='311673' [1][0] OK
C:[16/08/2013 11:39:03.40][190.200.27.200][1151] SELECT c_asigna FROM dace004 WHERE exp_e='07-20136232' AND c_asigna='311551' AND status IN ('0','3','B','C') [1][0] OK
C:[16/08/2013 11:39:03.80][190.200.27.200][1182] SELECT par_cod_asig1,par_cod_asig2,par_cod_asig3 FROM tblaca009_p_int WHERE pensum='5' AND c_uni_ca='3' AND c_asigna='311673' [1][0] OK
C:[16/08/2013 11:39:04.04][190.200.27.200][1312] SELECT horas_lab FROM tblaca008 WHERE c_asigna='311673' AND horas_teoricas > 0 [1][0] OK
C:[16/08/2013 11:39:33.49][201.249.196.214][1138] SELECT pre_cod_asig1,pre_cod_asig2,pre_cod_asig3,pre_cod_asig4,pre_cod_asig5,pre_cod_asig6,pre_cod_asig7 FROM tblaca009_p_int WHERE pensum='5' AND c_uni_ca='3' AND c_asigna='300870' [1][0] OK
C:[16/08/2013 11:39:34.76][201.249.196.214][1182] SELECT par_cod_asig1,par_cod_asig2,par_cod_asig3 FROM tblaca009_p_int WHERE pensum='5' AND c_uni_ca='3' AND c_asigna='300870' [1][0] OK
C:[16/08/2013 11:39:34.88][201.249.196.214][1312] SELECT horas_lab FROM tblaca008 WHERE c_asigna='300870' AND horas_teoricas > 0 [1][0] OK
C:[16/08/2013 11:39:51.04][186.90.222.243][1138] SELECT pre_cod_asig1,pre_cod_asig2,pre_cod_asig3,pre_cod_asig4,pre_cod_asig5,pre_cod_asig6,pre_cod_asig7 FROM tblaca009_p_int WHERE pensum='5' AND c_uni_ca='5' AND c_asigna='351451' [1][0] OK
C:[16/08/2013 11:39:51.04][186.90.222.243][1151] SELECT c_asigna FROM dace004 WHERE exp_e='09-20806224' AND c_asigna='351330' AND status IN ('0','3','B','C') [1][0] OK
C:[16/08/2013 11:39:51.04][186.90.222.243][1151] SELECT c_asigna FROM dace004 WHERE exp_e='09-20806224' AND c_asigna='355350' AND status IN ('0','3','B','C') [1][0] OK
C:[16/08/2013 11:39:51.04][186.90.222.243][1151] SELECT c_asigna FROM dace004 WHERE exp_e='09-20806224' AND c_asigna='300318' AND status IN ('0','3','B','C') [1][0] OK
C:[16/08/2013 11:39:51.68][186.90.222.243][1182] SELECT par_cod_asig1,par_cod_asig2,par_cod_asig3 FROM tblaca009_p_int WHERE pensum='5' AND c_uni_ca='5' AND c_asigna='351451' [1][0] OK
C:[16/08/2013 11:39:51.81][186.90.222.243][1312] SELECT horas_lab FROM tblaca008 WHERE c_asigna='351451' AND horas_teoricas > 0 [1][0] OK
C:[16/08/2013 11:41:18.56][190.201.175.202][1138] SELECT pre_cod_asig1,pre_cod_asig2,pre_cod_asig3,pre_cod_asig4,pre_cod_asig5,pre_cod_asig6,pre_cod_asig7 FROM tblaca009_p_int WHERE pensum='5' AND c_uni_ca='4' AND c_asigna='300318' [1][0] OK
C:[16/08/2013 11:41:18.56][190.201.175.202][1151] SELECT c_asigna FROM dace004 WHERE exp_e='10-22822704' AND c_asigna='300228' AND status IN ('0','3','B','C') [1][0] OK
C:[16/08/2013 11:41:18.56][190.201.175.202][1151] SELECT c_asigna FROM dace004 WHERE exp_e='10-22822704' AND c_asigna='300207' AND status IN ('0','3','B','C') [1][0] OK
C:[16/08/2013 11:41:18.56][190.201.175.202][1151] SELECT c_asigna FROM dace004 WHERE exp_e='10-22822704' AND c_asigna='300218' AND status IN ('0','3','B','C') [1][0] OK
C:[16/08/2013 11:41:18.17][190.201.175.202][1182] SELECT par_cod_asig1,par_cod_asig2,par_cod_asig3 FROM tblaca009_p_int WHERE pensum='5' AND c_uni_ca='4' AND c_asigna='300318' [1][0] OK
C:[16/08/2013 11:41:18.32][190.201.175.202][1312] SELECT horas_lab FROM tblaca008 WHERE c_asigna='300318' AND horas_teoricas > 0 [1][0] OK
C:[16/08/2013 11:42:08.00][190.201.175.202][1138] SELECT pre_cod_asig1,pre_cod_asig2,pre_cod_asig3,pre_cod_asig4,pre_cod_asig5,pre_cod_asig6,pre_cod_asig7 FROM tblaca009_p_int WHERE pensum='5' AND c_uni_ca='6' AND c_asigna='300207' [1][0] OK
C:[16/08/2013 11:42:08.00][190.201.175.202][1151] SELECT c_asigna FROM dace004 WHERE exp_e='12-24035856' AND c_asigna='300101' AND status IN ('0','3','B','C') [1][0] OK
C:[16/08/2013 11:42:08.37][190.201.175.202][1182] SELECT par_cod_asig1,par_cod_asig2,par_cod_asig3 FROM tblaca009_p_int WHERE pensum='5' AND c_uni_ca='6' AND c_asigna='300207' [1][0] OK
C:[16/08/2013 11:42:08.51][190.201.175.202][1312] SELECT horas_lab FROM tblaca008 WHERE c_asigna='300207' AND horas_teoricas > 0 [1][0] OK
C:[16/08/2013 11:43:50.71][186.89.152.145][1138] SELECT pre_cod_asig1,pre_cod_asig2,pre_cod_asig3,pre_cod_asig4,pre_cod_asig5,pre_cod_asig6,pre_cod_asig7 FROM tblaca009_p_int WHERE pensum='5' AND c_uni_ca='6' AND c_asigna='344688' [1][0] OK
C:[16/08/2013 11:43:50.71][186.89.152.145][1151] SELECT c_asigna FROM dace004 WHERE exp_e='07-20887732' AND c_asigna='344565' AND status IN ('0','3','B','C') [1][0] OK
C:[16/08/2013 11:43:50.09][186.89.152.145][1182] SELECT par_cod_asig1,par_cod_asig2,par_cod_asig3 FROM tblaca009_p_int WHERE pensum='5' AND c_uni_ca='6' AND c_asigna='344688' [1][0] OK
C:[16/08/2013 11:43:50.22][186.89.152.145][1312] SELECT horas_lab FROM tblaca008 WHERE c_asigna='344688' AND horas_teoricas > 0 [1][0] OK
C:[16/08/2013 11:44:49.21][190.74.180.126][1138] SELECT pre_cod_asig1,pre_cod_asig2,pre_cod_asig3,pre_cod_asig4,pre_cod_asig5,pre_cod_asig6,pre_cod_asig7 FROM tblaca009_p_int WHERE pensum='5' AND c_uni_ca='2' AND c_asigna='322826' [1][0] OK
C:[16/08/2013 11:44:49.21][190.74.180.126][1151] SELECT c_asigna FROM dace004 WHERE exp_e='09-20646624' AND c_asigna='322683' AND status IN ('0','3','B','C') [1][0] OK
C:[16/08/2013 11:44:49.21][190.74.180.126][1138] SELECT pre_cod_asig1,pre_cod_asig2,pre_cod_asig3,pre_cod_asig4,pre_cod_asig5,pre_cod_asig6,pre_cod_asig7 FROM tblaca009_p_int WHERE pensum='5' AND c_uni_ca='2' AND c_asigna='322041' [1][0] OK
C:[16/08/2013 11:44:49.71][190.74.180.126][1182] SELECT par_cod_asig1,par_cod_asig2,par_cod_asig3 FROM tblaca009_p_int WHERE pensum='5' AND c_uni_ca='2' AND c_asigna='322826' [1][0] OK
C:[16/08/2013 11:44:49.71][190.74.180.126][1182] SELECT par_cod_asig1,par_cod_asig2,par_cod_asig3 FROM tblaca009_p_int WHERE pensum='5' AND c_uni_ca='2' AND c_asigna='322041' [1][0] OK
C:[16/08/2013 11:44:49.97][190.74.180.126][1312] SELECT horas_lab FROM tblaca008 WHERE c_asigna='322826' AND horas_teoricas > 0 [1][0] OK
C:[16/08/2013 11:44:49.97][190.74.180.126][1312] SELECT horas_lab FROM tblaca008 WHERE c_asigna='322041' AND horas_teoricas > 0 [1][0] OK
C:[16/08/2013 11:44:51.30][190.201.175.202][1138] SELECT pre_cod_asig1,pre_cod_asig2,pre_cod_asig3,pre_cod_asig4,pre_cod_asig5,pre_cod_asig6,pre_cod_asig7 FROM tblaca009_p_int WHERE pensum='5' AND c_uni_ca='3' AND c_asigna='300226' [1][0] OK
C:[16/08/2013 11:44:51.30][190.201.175.202][1151] SELECT c_asigna FROM dace004 WHERE exp_e='12-23502157' AND c_asigna='300116' AND status IN ('0','3','B','C') [1][0] OK
C:[16/08/2013 11:44:51.55][190.201.175.202][1182] SELECT par_cod_asig1,par_cod_asig2,par_cod_asig3 FROM tblaca009_p_int WHERE pensum='5' AND c_uni_ca='3' AND c_asigna='300226' [1][0] OK
C:[16/08/2013 11:44:51.69][190.201.175.202][1312] SELECT horas_lab FROM tblaca008 WHERE c_asigna='300226' AND horas_teoricas > 0 [1][0] OK
C:[16/08/2013 11:45:28.19][190.201.175.202][1138] SELECT pre_cod_asig1,pre_cod_asig2,pre_cod_asig3,pre_cod_asig4,pre_cod_asig5,pre_cod_asig6,pre_cod_asig7 FROM tblaca009_p_int WHERE pensum='5' AND c_uni_ca='4' AND c_asigna='300318' [1][0] OK
C:[16/08/2013 11:45:28.19][190.201.175.202][1151] SELECT c_asigna FROM dace004 WHERE exp_e='10-24560052' AND c_asigna='300228' AND status IN ('0','3','B','C') [1][0] OK
C:[16/08/2013 11:45:28.19][190.201.175.202][1151] SELECT c_asigna FROM dace004 WHERE exp_e='10-24560052' AND c_asigna='300207' AND status IN ('0','3','B','C') [1][0] OK
C:[16/08/2013 11:45:28.19][190.201.175.202][1151] SELECT c_asigna FROM dace004 WHERE exp_e='10-24560052' AND c_asigna='300218' AND status IN ('0','3','B','C') [1][0] OK
C:[16/08/2013 11:45:28.83][190.201.175.202][1182] SELECT par_cod_asig1,par_cod_asig2,par_cod_asig3 FROM tblaca009_p_int WHERE pensum='5' AND c_uni_ca='4' AND c_asigna='300318' [1][0] OK
C:[16/08/2013 11:45:29.00][190.201.175.202][1312] SELECT horas_lab FROM tblaca008 WHERE c_asigna='300318' AND horas_teoricas > 0 [1][0] OK
C:[16/08/2013 11:47:44.39][190.201.4.11][1138] SELECT pre_cod_asig1,pre_cod_asig2,pre_cod_asig3,pre_cod_asig4,pre_cod_asig5,pre_cod_asig6,pre_cod_asig7 FROM tblaca009_p_int WHERE pensum='5' AND c_uni_ca='2' AND c_asigna='300313' [1][0] OK
C:[16/08/2013 11:47:44.39][190.201.4.11][1151] SELECT c_asigna FROM dace004 WHERE exp_e='09-20299554' AND c_asigna='300213' AND status IN ('0','3','B','C') [1][0] OK
C:[16/08/2013 11:47:44.64][190.201.4.11][1182] SELECT par_cod_asig1,par_cod_asig2,par_cod_asig3 FROM tblaca009_p_int WHERE pensum='5' AND c_uni_ca='2' AND c_asigna='300313' [1][0] OK
C:[16/08/2013 11:47:44.78][190.201.4.11][1312] SELECT horas_lab FROM tblaca008 WHERE c_asigna='300313' AND horas_teoricas > 0 [1][0] OK
C:[16/08/2013 11:47:50.34][190.206.228.73][1138] SELECT pre_cod_asig1,pre_cod_asig2,pre_cod_asig3,pre_cod_asig4,pre_cod_asig5,pre_cod_asig6,pre_cod_asig7 FROM tblaca009_p_int WHERE pensum='5' AND c_uni_ca='3' AND c_asigna='311673' [1][0] OK
C:[16/08/2013 11:47:50.34][190.206.228.73][1151] SELECT c_asigna FROM dace004 WHERE exp_e='07-20013087' AND c_asigna='311551' AND status IN ('0','3','B','C') [1][0] OK
C:[16/08/2013 11:47:50.61][190.206.228.73][1182] SELECT par_cod_asig1,par_cod_asig2,par_cod_asig3 FROM tblaca009_p_int WHERE pensum='5' AND c_uni_ca='3' AND c_asigna='311673' [1][0] OK
C:[16/08/2013 11:47:51.72][190.206.228.73][1312] SELECT horas_lab FROM tblaca008 WHERE c_asigna='311673' AND horas_teoricas > 0 [1][0] OK
C:[16/08/2013 11:49:38.96][190.39.5.74][1138] SELECT pre_cod_asig1,pre_cod_asig2,pre_cod_asig3,pre_cod_asig4,pre_cod_asig5,pre_cod_asig6,pre_cod_asig7 FROM tblaca009_p_int WHERE pensum='5' AND c_uni_ca='3' AND c_asigna='311431' [1][0] OK
C:[16/08/2013 11:49:38.96][190.39.5.74][1151] SELECT c_asigna FROM dace004 WHERE exp_e='11-21109621' AND c_asigna='300317' AND status IN ('0','3','B','C') [1][0] OK
C:[16/08/2013 11:49:38.96][190.39.5.74][1151] SELECT c_asigna FROM dace004 WHERE exp_e='11-21109621' AND c_asigna='300318' AND status IN ('0','3','B','C') [1][0] OK
C:[16/08/2013 11:49:39.56][190.39.5.74][1182] SELECT par_cod_asig1,par_cod_asig2,par_cod_asig3 FROM tblaca009_p_int WHERE pensum='5' AND c_uni_ca='3' AND c_asigna='311431' [1][0] OK
C:[16/08/2013 11:49:39.70][190.39.5.74][1312] SELECT horas_lab FROM tblaca008 WHERE c_asigna='311431' AND horas_teoricas > 0 [1][0] OK
C:[16/08/2013 11:50:53.97][190.205.156.82][1138] SELECT pre_cod_asig1,pre_cod_asig2,pre_cod_asig3,pre_cod_asig4,pre_cod_asig5,pre_cod_asig6,pre_cod_asig7 FROM tblaca009_p_int WHERE pensum='5' AND c_uni_ca='4' AND c_asigna='300105' [1][0] OK
C:[16/08/2013 11:50:53.23][190.205.156.82][1182] SELECT par_cod_asig1,par_cod_asig2,par_cod_asig3 FROM tblaca009_p_int WHERE pensum='5' AND c_uni_ca='4' AND c_asigna='300105' [1][0] OK
C:[16/08/2013 11:50:53.37][190.205.156.82][1312] SELECT horas_lab FROM tblaca008 WHERE c_asigna='300105' AND horas_teoricas > 0 [1][0] OK
C:[16/08/2013 11:50:59.04][200.90.99.102][1138] SELECT pre_cod_asig1,pre_cod_asig2,pre_cod_asig3,pre_cod_asig4,pre_cod_asig5,pre_cod_asig6,pre_cod_asig7 FROM tblaca009_p_int WHERE pensum='5' AND c_uni_ca='3' AND c_asigna='300207' [1][0] OK
C:[16/08/2013 11:50:59.04][200.90.99.102][1151] SELECT c_asigna FROM dace004 WHERE exp_e='11-21248975' AND c_asigna='300101' AND status IN ('0','3','B','C') [1][0] OK
C:[16/08/2013 11:50:59.29][200.90.99.102][1182] SELECT par_cod_asig1,par_cod_asig2,par_cod_asig3 FROM tblaca009_p_int WHERE pensum='5' AND c_uni_ca='3' AND c_asigna='300207' [1][0] OK
C:[16/08/2013 11:51:00.43][200.90.99.102][1312] SELECT horas_lab FROM tblaca008 WHERE c_asigna='300207' AND horas_teoricas > 0 [1][0] OK
C:[16/08/2013 11:51:43.14][190.76.0.66][1138] SELECT pre_cod_asig1,pre_cod_asig2,pre_cod_asig3,pre_cod_asig4,pre_cod_asig5,pre_cod_asig6,pre_cod_asig7 FROM tblaca009_p_int WHERE pensum='5' AND c_uni_ca='3' AND c_asigna='300317' [1][0] OK
C:[16/08/2013 11:51:43.14][190.76.0.66][1151] SELECT c_asigna FROM dace004 WHERE exp_e='10-20106569' AND c_asigna='300207' AND status IN ('0','3','B','C') [1][0] OK
C:[16/08/2013 11:51:43.14][190.76.0.66][1151] SELECT c_asigna FROM dace004 WHERE exp_e='10-20106569' AND c_asigna='300209' AND status IN ('0','3','B','C') [1][0] OK
C:[16/08/2013 11:51:43.64][190.76.0.66][1182] SELECT par_cod_asig1,par_cod_asig2,par_cod_asig3 FROM tblaca009_p_int WHERE pensum='5' AND c_uni_ca='3' AND c_asigna='300317' [1][0] OK
C:[16/08/2013 11:51:43.81][190.76.0.66][1312] SELECT horas_lab FROM tblaca008 WHERE c_asigna='300317' AND horas_teoricas > 0 [1][0] OK
C:[16/08/2013 11:53:51.16][190.201.175.202][1138] SELECT pre_cod_asig1,pre_cod_asig2,pre_cod_asig3,pre_cod_asig4,pre_cod_asig5,pre_cod_asig6,pre_cod_asig7 FROM tblaca009_p_int WHERE pensum='5' AND c_uni_ca='2' AND c_asigna='300228' [1][0] OK
C:[16/08/2013 11:53:51.16][190.201.175.202][1151] SELECT c_asigna FROM dace004 WHERE exp_e='12-25040701' AND c_asigna='300101' AND status IN ('0','3','B','C') [1][0] OK
C:[16/08/2013 11:53:51.52][190.201.175.202][1182] SELECT par_cod_asig1,par_cod_asig2,par_cod_asig3 FROM tblaca009_p_int WHERE pensum='5' AND c_uni_ca='2' AND c_asigna='300228' [1][0] OK
C:[16/08/2013 11:53:52.67][190.201.175.202][1312] SELECT horas_lab FROM tblaca008 WHERE c_asigna='300228' AND horas_teoricas > 0 [1][0] OK
C:[16/08/2013 11:54:29.53][190.94.234.168][1138] SELECT pre_cod_asig1,pre_cod_asig2,pre_cod_asig3,pre_cod_asig4,pre_cod_asig5,pre_cod_asig6,pre_cod_asig7 FROM tblaca009_p_int WHERE pensum='5' AND c_uni_ca='5' AND c_asigna='355696' [1][0] OK
C:[16/08/2013 11:54:29.53][190.94.234.168][1151] SELECT c_asigna FROM dace004 WHERE exp_e='09-19803385' AND c_asigna='355570' AND status IN ('0','3','B','C') [1][0] OK
C:[16/08/2013 11:54:29.53][190.94.234.168][1151] SELECT c_asigna FROM dace004 WHERE exp_e='09-19803385' AND c_asigna='355571' AND status IN ('0','3','B','C') [1][0] OK
C:[16/08/2013 11:54:29.03][190.94.234.168][1182] SELECT par_cod_asig1,par_cod_asig2,par_cod_asig3 FROM tblaca009_p_int WHERE pensum='5' AND c_uni_ca='5' AND c_asigna='355696' [1][0] OK
C:[16/08/2013 11:54:29.17][190.94.234.168][1312] SELECT horas_lab FROM tblaca008 WHERE c_asigna='355696' AND horas_teoricas > 0 [1][0] OK
C:[16/08/2013 11:55:16.61][186.167.243.99][1138] SELECT pre_cod_asig1,pre_cod_asig2,pre_cod_asig3,pre_cod_asig4,pre_cod_asig5,pre_cod_asig6,pre_cod_asig7 FROM tblaca009_p_int WHERE pensum='5' AND c_uni_ca='2' AND c_asigna='300213' [1][0] OK
C:[16/08/2013 11:55:16.61][186.167.243.99][1151] SELECT c_asigna FROM dace004 WHERE exp_e='12-24118742' AND c_asigna='300101' AND status IN ('0','3','B','C') [1][0] OK
C:[16/08/2013 11:55:16.61][186.167.243.99][1138] SELECT pre_cod_asig1,pre_cod_asig2,pre_cod_asig3,pre_cod_asig4,pre_cod_asig5,pre_cod_asig6,pre_cod_asig7 FROM tblaca009_p_int WHERE pensum='5' AND c_uni_ca='2' AND c_asigna='300228' [1][0] OK
C:[16/08/2013 11:55:16.61][186.167.243.99][1151] SELECT c_asigna FROM dace004 WHERE exp_e='12-24118742' AND c_asigna='300101' AND status IN ('0','3','B','C') [1][0] OK
C:[16/08/2013 11:55:17.24][186.167.243.99][1182] SELECT par_cod_asig1,par_cod_asig2,par_cod_asig3 FROM tblaca009_p_int WHERE pensum='5' AND c_uni_ca='2' AND c_asigna='300213' [1][0] OK
C:[16/08/2013 11:55:17.24][186.167.243.99][1182] SELECT par_cod_asig1,par_cod_asig2,par_cod_asig3 FROM tblaca009_p_int WHERE pensum='5' AND c_uni_ca='2' AND c_asigna='300228' [1][0] OK
C:[16/08/2013 11:55:17.50][186.167.243.99][1312] SELECT horas_lab FROM tblaca008 WHERE c_asigna='300213' AND horas_teoricas > 0 [1][0] OK
C:[16/08/2013 11:55:17.50][186.167.243.99][1312] SELECT horas_lab FROM tblaca008 WHERE c_asigna='300228' AND horas_teoricas > 0 [1][0] OK
C:[16/08/2013 11:56:19.57][190.201.175.202][1138] SELECT pre_cod_asig1,pre_cod_asig2,pre_cod_asig3,pre_cod_asig4,pre_cod_asig5,pre_cod_asig6,pre_cod_asig7 FROM tblaca009_p_int WHERE pensum='5' AND c_uni_ca='6' AND c_asigna='340327' [1][0] OK
C:[16/08/2013 11:56:19.57][190.201.175.202][1151] SELECT c_asigna FROM dace004 WHERE exp_e='11-21250094' AND c_asigna='300013' AND status IN ('0','3','B','C') [1][0] OK
C:[16/08/2013 11:56:19.57][190.201.175.202][1151] SELECT c_asigna FROM dace004 WHERE exp_e='11-21250094' AND c_asigna='300113' AND status IN ('0','3','B','C') [1][0] OK
C:[16/08/2013 11:56:19.09][190.201.175.202][1182] SELECT par_cod_asig1,par_cod_asig2,par_cod_asig3 FROM tblaca009_p_int WHERE pensum='5' AND c_uni_ca='6' AND c_asigna='340327' [1][0] OK
C:[16/08/2013 11:56:19.21][190.201.175.202][1312] SELECT horas_lab FROM tblaca008 WHERE c_asigna='340327' AND horas_teoricas > 0 [1][0] OK
C:[16/08/2013 12:02:20.76][190.201.175.202][1138] SELECT pre_cod_asig1,pre_cod_asig2,pre_cod_asig3,pre_cod_asig4,pre_cod_asig5,pre_cod_asig6,pre_cod_asig7 FROM tblaca009_p_int WHERE pensum='5' AND c_uni_ca='3' AND c_asigna='311551' [1][0] OK
C:[16/08/2013 12:02:20.76][190.201.175.202][1151] SELECT c_asigna FROM dace004 WHERE exp_e='10-22818842' AND c_asigna='311430' AND status IN ('0','3','B','C') [1][0] OK
C:[16/08/2013 12:02:20.20][190.201.175.202][1182] SELECT par_cod_asig1,par_cod_asig2,par_cod_asig3 FROM tblaca009_p_int WHERE pensum='5' AND c_uni_ca='3' AND c_asigna='311551' [1][0] OK
C:[16/08/2013 12:02:20.33][190.201.175.202][1312] SELECT horas_lab FROM tblaca008 WHERE c_asigna='311551' AND horas_teoricas > 0 [1][0] OK
C:[16/08/2013 12:03:30.92][190.78.107.228][1138] SELECT pre_cod_asig1,pre_cod_asig2,pre_cod_asig3,pre_cod_asig4,pre_cod_asig5,pre_cod_asig6,pre_cod_asig7 FROM tblaca009_p_int WHERE pensum='5' AND c_uni_ca='6' AND c_asigna='344565' [1][0] OK
C:[16/08/2013 12:03:30.92][190.78.107.228][1151] SELECT c_asigna FROM dace004 WHERE exp_e='07-19804107' AND c_asigna='344445' AND status IN ('0','3','B','C') [1][0] OK
C:[16/08/2013 12:03:30.74][190.78.107.228][1182] SELECT par_cod_asig1,par_cod_asig2,par_cod_asig3 FROM tblaca009_p_int WHERE pensum='5' AND c_uni_ca='6' AND c_asigna='344565' [1][0] OK
C:[16/08/2013 12:03:30.87][190.78.107.228][1312] SELECT horas_lab FROM tblaca008 WHERE c_asigna='344565' AND horas_teoricas > 0 [1][0] OK
C:[16/08/2013 12:04:23.98][216.72.128.102][1138] SELECT pre_cod_asig1,pre_cod_asig2,pre_cod_asig3,pre_cod_asig4,pre_cod_asig5,pre_cod_asig6,pre_cod_asig7 FROM tblaca009_p_int WHERE pensum='5' AND c_uni_ca='6' AND c_asigna='344688' [1][0] OK
C:[16/08/2013 12:04:23.98][216.72.128.102][1151] SELECT c_asigna FROM dace004 WHERE exp_e='10-22590763' AND c_asigna='344565' AND status IN ('0','3','B','C') [1][0] OK
C:[16/08/2013 12:04:23.79][216.72.128.102][1182] SELECT par_cod_asig1,par_cod_asig2,par_cod_asig3 FROM tblaca009_p_int WHERE pensum='5' AND c_uni_ca='6' AND c_asigna='344688' [1][0] OK
C:[16/08/2013 12:04:23.93][216.72.128.102][1312] SELECT horas_lab FROM tblaca008 WHERE c_asigna='344688' AND horas_teoricas > 0 [1][0] OK
C:[16/08/2013 12:04:50.69][190.201.175.202][1138] SELECT pre_cod_asig1,pre_cod_asig2,pre_cod_asig3,pre_cod_asig4,pre_cod_asig5,pre_cod_asig6,pre_cod_asig7 FROM tblaca009_p_int WHERE pensum='5' AND c_uni_ca='3' AND c_asigna='311551' [1][0] OK
C:[16/08/2013 12:04:50.69][190.201.175.202][1151] SELECT c_asigna FROM dace004 WHERE exp_e='10-22824029' AND c_asigna='311430' AND status IN ('0','3','B','C') [1][0] OK
C:[16/08/2013 12:04:50.69][190.201.175.202][1138] SELECT pre_cod_asig1,pre_cod_asig2,pre_cod_asig3,pre_cod_asig4,pre_cod_asig5,pre_cod_asig6,pre_cod_asig7 FROM tblaca009_p_int WHERE pensum='5' AND c_uni_ca='3' AND c_asigna='315671' [1][0] OK
C:[16/08/2013 12:04:50.69][190.201.175.202][1151] SELECT c_asigna FROM dace004 WHERE exp_e='10-22824029' AND c_asigna='315552' AND status IN ('0','3','B','C') [1][0] OK
C:[16/08/2013 12:04:51.44][190.201.175.202][1182] SELECT par_cod_asig1,par_cod_asig2,par_cod_asig3 FROM tblaca009_p_int WHERE pensum='5' AND c_uni_ca='3' AND c_asigna='311551' [1][0] OK
C:[16/08/2013 12:04:51.44][190.201.175.202][1182] SELECT par_cod_asig1,par_cod_asig2,par_cod_asig3 FROM tblaca009_p_int WHERE pensum='5' AND c_uni_ca='3' AND c_asigna='315671' [1][0] OK
C:[16/08/2013 12:04:51.70][190.201.175.202][1312] SELECT horas_lab FROM tblaca008 WHERE c_asigna='311551' AND horas_teoricas > 0 [1][0] OK
C:[16/08/2013 12:04:51.70][190.201.175.202][1312] SELECT horas_lab FROM tblaca008 WHERE c_asigna='315671' AND horas_teoricas > 0 [1][0] OK
C:[16/08/2013 12:05:32.22][190.37.184.198][1138] SELECT pre_cod_asig1,pre_cod_asig2,pre_cod_asig3,pre_cod_asig4,pre_cod_asig5,pre_cod_asig6,pre_cod_asig7 FROM tblaca009_p_int WHERE pensum='5' AND c_uni_ca='6' AND c_asigna='342679' [1][0] OK
C:[16/08/2013 12:05:32.22][190.37.184.198][1151] SELECT c_asigna FROM dace004 WHERE exp_e='08-20702007' AND c_asigna='342567' AND status IN ('0','3','B','C') [1][0] OK
C:[16/08/2013 12:05:32.02][190.37.184.198][1182] SELECT par_cod_asig1,par_cod_asig2,par_cod_asig3 FROM tblaca009_p_int WHERE pensum='5' AND c_uni_ca='6' AND c_asigna='342679' [1][0] OK
C:[16/08/2013 12:05:32.16][190.37.184.198][1312] SELECT horas_lab FROM tblaca008 WHERE c_asigna='342679' AND horas_teoricas > 0 [1][0] OK
C:[16/08/2013 12:05:52.61][190.201.175.202][1138] SELECT pre_cod_asig1,pre_cod_asig2,pre_cod_asig3,pre_cod_asig4,pre_cod_asig5,pre_cod_asig6,pre_cod_asig7 FROM tblaca009_p_int WHERE pensum='5' AND c_uni_ca='6' AND c_asigna='300213' [1][0] OK
C:[16/08/2013 12:05:52.61][190.201.175.202][1151] SELECT c_asigna FROM dace004 WHERE exp_e='12-25511363' AND c_asigna='300101' AND status IN ('0','3','B','C') [1][0] OK
C:[16/08/2013 12:05:52.41][190.201.175.202][1182] SELECT par_cod_asig1,par_cod_asig2,par_cod_asig3 FROM tblaca009_p_int WHERE pensum='5' AND c_uni_ca='6' AND c_asigna='300213' [1][0] OK
C:[16/08/2013 12:05:52.56][190.201.175.202][1312] SELECT horas_lab FROM tblaca008 WHERE c_asigna='300213' AND horas_teoricas > 0 [1][0] OK
C:[16/08/2013 12:06:01.79][200.84.73.31][1138] SELECT pre_cod_asig1,pre_cod_asig2,pre_cod_asig3,pre_cod_asig4,pre_cod_asig5,pre_cod_asig6,pre_cod_asig7 FROM tblaca009_p_int WHERE pensum='5' AND c_uni_ca='5' AND c_asigna='355571' [1][0] OK
C:[16/08/2013 12:06:01.79][200.84.73.31][1151] SELECT c_asigna FROM dace004 WHERE exp_e='10-20298085' AND c_asigna='355447' AND status IN ('0','3','B','C') [1][0] OK
C:[16/08/2013 12:06:01.79][200.84.73.31][1138] SELECT pre_cod_asig1,pre_cod_asig2,pre_cod_asig3,pre_cod_asig4,pre_cod_asig5,pre_cod_asig6,pre_cod_asig7 FROM tblaca009_p_int WHERE pensum='5' AND c_uni_ca='5' AND c_asigna='355572' [1][0] OK
C:[16/08/2013 12:06:01.79][200.84.73.31][1151] SELECT c_asigna FROM dace004 WHERE exp_e='10-20298085' AND c_asigna='300428' AND status IN ('0','3','B','C') [1][0] OK
C:[16/08/2013 12:06:01.29][200.84.73.31][1182] SELECT par_cod_asig1,par_cod_asig2,par_cod_asig3 FROM tblaca009_p_int WHERE pensum='5' AND c_uni_ca='5' AND c_asigna='355571' [1][0] OK
C:[16/08/2013 12:06:01.29][200.84.73.31][1182] SELECT par_cod_asig1,par_cod_asig2,par_cod_asig3 FROM tblaca009_p_int WHERE pensum='5' AND c_uni_ca='5' AND c_asigna='355572' [1][0] OK
C:[16/08/2013 12:06:01.55][200.84.73.31][1312] SELECT horas_lab FROM tblaca008 WHERE c_asigna='355571' AND horas_teoricas > 0 [1][0] OK
C:[16/08/2013 12:06:01.55][200.84.73.31][1312] SELECT horas_lab FROM tblaca008 WHERE c_asigna='355572' AND horas_teoricas > 0 [1][0] OK
C:[16/08/2013 12:07:52.02][186.90.186.143][1138] SELECT pre_cod_asig1,pre_cod_asig2,pre_cod_asig3,pre_cod_asig4,pre_cod_asig5,pre_cod_asig6,pre_cod_asig7 FROM tblaca009_p_int WHERE pensum='5' AND c_uni_ca='5' AND c_asigna='355722' [1][0] OK
C:[16/08/2013 12:07:52.02][186.90.186.143][1151] SELECT c_asigna FROM dace004 WHERE exp_e='06-19910816' AND c_asigna='355691' AND status IN ('0','3','B','C') [1][0] OK
C:[16/08/2013 12:07:52.02][186.90.186.143][1151] SELECT c_asigna FROM dace004 WHERE exp_e='06-19910816' AND c_asigna='355595' AND status IN ('0','3','B','C') [1][0] OK
C:[16/08/2013 12:07:52.96][186.90.186.143][1182] SELECT par_cod_asig1,par_cod_asig2,par_cod_asig3 FROM tblaca009_p_int WHERE pensum='5' AND c_uni_ca='5' AND c_asigna='355722' [1][0] OK
C:[16/08/2013 12:07:52.10][186.90.186.143][1312] SELECT horas_lab FROM tblaca008 WHERE c_asigna='355722' AND horas_teoricas > 0 [1][0] OK
C:[16/08/2013 12:08:01.02][190.94.239.194][1138] SELECT pre_cod_asig1,pre_cod_asig2,pre_cod_asig3,pre_cod_asig4,pre_cod_asig5,pre_cod_asig6,pre_cod_asig7 FROM tblaca009_p_int WHERE pensum='5' AND c_uni_ca='2' AND c_asigna='322436' [1][0] OK
C:[16/08/2013 12:08:01.02][190.94.239.194][1151] SELECT c_asigna FROM dace004 WHERE exp_e='11-24560927' AND c_asigna='320311' AND status IN ('0','3','B','C') [1][0] OK
C:[16/08/2013 12:08:01.28][190.94.239.194][1182] SELECT par_cod_asig1,par_cod_asig2,par_cod_asig3 FROM tblaca009_p_int WHERE pensum='5' AND c_uni_ca='2' AND c_asigna='322436' [1][0] OK
C:[16/08/2013 12:08:01.41][190.94.239.194][1312] SELECT horas_lab FROM tblaca008 WHERE c_asigna='322436' AND horas_teoricas > 0 [1][0] OK
C:[16/08/2013 12:08:02.90][200.90.124.190][1138] SELECT pre_cod_asig1,pre_cod_asig2,pre_cod_asig3,pre_cod_asig4,pre_cod_asig5,pre_cod_asig6,pre_cod_asig7 FROM tblaca009_p_int WHERE pensum='5' AND c_uni_ca='5' AND c_asigna='355720' [1][0] OK
C:[16/08/2013 12:08:02.90][200.90.124.190][1151] SELECT c_asigna FROM dace004 WHERE exp_e='06-84273313' AND c_asigna='355692' AND status IN ('0','3','B','C') [1][0] OK
C:[16/08/2013 12:08:02.90][200.90.124.190][1151] SELECT c_asigna FROM dace004 WHERE exp_e='06-84273313' AND c_asigna='355696' AND status IN ('0','3','B','C') [1][0] OK
C:[16/08/2013 12:08:02.27][200.90.124.190][1182] SELECT par_cod_asig1,par_cod_asig2,par_cod_asig3 FROM tblaca009_p_int WHERE pensum='5' AND c_uni_ca='5' AND c_asigna='355720' [1][0] OK
C:[16/08/2013 12:08:02.41][200.90.124.190][1312] SELECT horas_lab FROM tblaca008 WHERE c_asigna='355720' AND horas_teoricas > 0 [1][0] OK
C:[16/08/2013 12:08:38.34][190.207.43.222][1138] SELECT pre_cod_asig1,pre_cod_asig2,pre_cod_asig3,pre_cod_asig4,pre_cod_asig5,pre_cod_asig6,pre_cod_asig7 FROM tblaca009_p_int WHERE pensum='5' AND c_uni_ca='6' AND c_asigna='300101' [1][0] OK
C:[16/08/2013 12:08:38.02][190.207.43.222][1182] SELECT par_cod_asig1,par_cod_asig2,par_cod_asig3 FROM tblaca009_p_int WHERE pensum='5' AND c_uni_ca='6' AND c_asigna='300101' [1][0] OK
C:[16/08/2013 12:08:38.16][190.207.43.222][1312] SELECT horas_lab FROM tblaca008 WHERE c_asigna='300101' AND horas_teoricas > 0 [1][0] OK
C:[16/08/2013 12:09:23.53][74.82.64.160][1138] SELECT pre_cod_asig1,pre_cod_asig2,pre_cod_asig3,pre_cod_asig4,pre_cod_asig5,pre_cod_asig6,pre_cod_asig7 FROM tblaca009_p_int WHERE pensum='5' AND c_uni_ca='5' AND c_asigna='300870' [1][0] OK
C:[16/08/2013 12:09:23.23][74.82.64.160][1182] SELECT par_cod_asig1,par_cod_asig2,par_cod_asig3 FROM tblaca009_p_int WHERE pensum='5' AND c_uni_ca='5' AND c_asigna='300870' [1][0] OK
C:[16/08/2013 12:09:23.58][74.82.64.160][1312] SELECT horas_lab FROM tblaca008 WHERE c_asigna='300870' AND horas_teoricas > 0 [1][0] OK
C:[16/08/2013 12:10:12.11][172.16.4.254][1138] SELECT pre_cod_asig1,pre_cod_asig2,pre_cod_asig3,pre_cod_asig4,pre_cod_asig5,pre_cod_asig6,pre_cod_asig7 FROM tblaca009_p_int WHERE pensum='5' AND c_uni_ca='6' AND c_asigna='300013' [1][0] OK
C:[16/08/2013 12:10:12.11][172.16.4.254][1138] SELECT pre_cod_asig1,pre_cod_asig2,pre_cod_asig3,pre_cod_asig4,pre_cod_asig5,pre_cod_asig6,pre_cod_asig7 FROM tblaca009_p_int WHERE pensum='5' AND c_uni_ca='6' AND c_asigna='300113' [1][0] OK
C:[16/08/2013 12:10:13.18][172.16.4.254][1182] SELECT par_cod_asig1,par_cod_asig2,par_cod_asig3 FROM tblaca009_p_int WHERE pensum='5' AND c_uni_ca='6' AND c_asigna='300013' [1][0] OK
C:[16/08/2013 12:10:13.18][172.16.4.254][1182] SELECT par_cod_asig1,par_cod_asig2,par_cod_asig3 FROM tblaca009_p_int WHERE pensum='5' AND c_uni_ca='6' AND c_asigna='300113' [1][0] OK
C:[16/08/2013 12:10:13.18][172.16.4.254][1196] SELECT c_asigna FROM dace004 WHERE exp_e='10-25324093' AND c_asigna='300013' AND status IN ('0','3','B','C') [0][0] OK
C:[16/08/2013 12:10:13.57][172.16.4.254][1312] SELECT horas_lab FROM tblaca008 WHERE c_asigna='300013' AND horas_teoricas > 0 [1][0] OK
C:[16/08/2013 12:10:13.57][172.16.4.254][1312] SELECT horas_lab FROM tblaca008 WHERE c_asigna='300113' AND horas_teoricas > 0 [0][0] OK
C:[16/08/2013 12:11:21.57][190.201.175.202][1138] SELECT pre_cod_asig1,pre_cod_asig2,pre_cod_asig3,pre_cod_asig4,pre_cod_asig5,pre_cod_asig6,pre_cod_asig7 FROM tblaca009_p_int WHERE pensum='5' AND c_uni_ca='2' AND c_asigna='300313' [1][0] OK
C:[16/08/2013 12:11:21.57][190.201.175.202][1151] SELECT c_asigna FROM dace004 WHERE exp_e='11-25085346' AND c_asigna='300213' AND status IN ('0','3','B','C') [1][0] OK
C:[16/08/2013 12:11:21.57][190.201.175.202][1138] SELECT pre_cod_asig1,pre_cod_asig2,pre_cod_asig3,pre_cod_asig4,pre_cod_asig5,pre_cod_asig6,pre_cod_asig7 FROM tblaca009_p_int WHERE pensum='5' AND c_uni_ca='2' AND c_asigna='300428' [1][0] OK
C:[16/08/2013 12:11:21.57][190.201.175.202][1151] SELECT c_asigna FROM dace004 WHERE exp_e='11-25085346' AND c_asigna='300317' AND status IN ('0','3','B','C') [1][0] OK
C:[16/08/2013 12:11:21.57][190.201.175.202][1138] SELECT pre_cod_asig1,pre_cod_asig2,pre_cod_asig3,pre_cod_asig4,pre_cod_asig5,pre_cod_asig6,pre_cod_asig7 FROM tblaca009_p_int WHERE pensum='5' AND c_uni_ca='2' AND c_asigna='322449' [1][0] OK
C:[16/08/2013 12:11:21.57][190.201.175.202][1151] SELECT c_asigna FROM dace004 WHERE exp_e='11-25085346' AND c_asigna='300222' AND status IN ('0','3','B','C') [1][0] OK
C:[16/08/2013 12:11:21.88][190.201.175.202][1182] SELECT par_cod_asig1,par_cod_asig2,par_cod_asig3 FROM tblaca009_p_int WHERE pensum='5' AND c_uni_ca='2' AND c_asigna='300313' [1][0] OK
C:[16/08/2013 12:11:21.88][190.201.175.202][1182] SELECT par_cod_asig1,par_cod_asig2,par_cod_asig3 FROM tblaca009_p_int WHERE pensum='5' AND c_uni_ca='2' AND c_asigna='300428' [1][0] OK
C:[16/08/2013 12:11:21.88][190.201.175.202][1182] SELECT par_cod_asig1,par_cod_asig2,par_cod_asig3 FROM tblaca009_p_int WHERE pensum='5' AND c_uni_ca='2' AND c_asigna='322449' [1][0] OK
C:[16/08/2013 12:11:21.29][190.201.175.202][1312] SELECT horas_lab FROM tblaca008 WHERE c_asigna='300313' AND horas_teoricas > 0 [1][0] OK
C:[16/08/2013 12:11:21.29][190.201.175.202][1312] SELECT horas_lab FROM tblaca008 WHERE c_asigna='300428' AND horas_teoricas > 0 [1][0] OK
C:[16/08/2013 12:11:21.29][190.201.175.202][1312] SELECT horas_lab FROM tblaca008 WHERE c_asigna='322449' AND horas_teoricas > 0 [1][0] OK
C:[16/08/2013 12:11:44.39][186.89.156.62][1138] SELECT pre_cod_asig1,pre_cod_asig2,pre_cod_asig3,pre_cod_asig4,pre_cod_asig5,pre_cod_asig6,pre_cod_asig7 FROM tblaca009_p_int WHERE pensum='5' AND c_uni_ca='4' AND c_asigna='300313' [1][0] OK
C:[16/08/2013 12:11:44.39][186.89.156.62][1151] SELECT c_asigna FROM dace004 WHERE exp_e='01-15613916' AND c_asigna='300213' AND status IN ('0','3','B','C') [1][0] OK
C:[16/08/2013 12:11:44.45][186.89.156.62][1182] SELECT par_cod_asig1,par_cod_asig2,par_cod_asig3 FROM tblaca009_p_int WHERE pensum='5' AND c_uni_ca='4' AND c_asigna='300313' [1][0] OK
C:[16/08/2013 12:11:44.58][186.89.156.62][1312] SELECT horas_lab FROM tblaca008 WHERE c_asigna='300313' AND horas_teoricas > 0 [1][0] OK
C:[16/08/2013 12:12:10.17][190.39.2.103][1138] SELECT pre_cod_asig1,pre_cod_asig2,pre_cod_asig3,pre_cod_asig4,pre_cod_asig5,pre_cod_asig6,pre_cod_asig7 FROM tblaca009_p_int WHERE pensum='5' AND c_uni_ca='3' AND c_asigna='312333' [1][0] OK
C:[16/08/2013 12:12:10.17][190.39.2.103][1151] SELECT c_asigna FROM dace004 WHERE exp_e='11-25559197' AND c_asigna='300228' AND status IN ('0','3','B','C') [1][0] OK
C:[16/08/2013 12:12:10.99][190.39.2.103][1182] SELECT par_cod_asig1,par_cod_asig2,par_cod_asig3 FROM tblaca009_p_int WHERE pensum='5' AND c_uni_ca='3' AND c_asigna='312333' [1][0] OK
C:[16/08/2013 12:12:10.12][190.39.2.103][1312] SELECT horas_lab FROM tblaca008 WHERE c_asigna='312333' AND horas_teoricas > 0 [1][0] OK
C:[16/08/2013 12:12:38.41][190.37.200.246][1138] SELECT pre_cod_asig1,pre_cod_asig2,pre_cod_asig3,pre_cod_asig4,pre_cod_asig5,pre_cod_asig6,pre_cod_asig7 FROM tblaca009_p_int WHERE pensum='5' AND c_uni_ca='2' AND c_asigna='300318' [1][0] OK
C:[16/08/2013 12:12:38.41][190.37.200.246][1151] SELECT c_asigna FROM dace004 WHERE exp_e='10-22593268' AND c_asigna='300228' AND status IN ('0','3','B','C') [1][0] OK
C:[16/08/2013 12:12:38.41][190.37.200.246][1151] SELECT c_asigna FROM dace004 WHERE exp_e='10-22593268' AND c_asigna='300207' AND status IN ('0','3','B','C') [1][0] OK
C:[16/08/2013 12:12:38.41][190.37.200.246][1151] SELECT c_asigna FROM dace004 WHERE exp_e='10-22593268' AND c_asigna='300218' AND status IN ('0','3','B','C') [1][0] OK
C:[16/08/2013 12:12:38.41][190.37.200.246][1138] SELECT pre_cod_asig1,pre_cod_asig2,pre_cod_asig3,pre_cod_asig4,pre_cod_asig5,pre_cod_asig6,pre_cod_asig7 FROM tblaca009_p_int WHERE pensum='5' AND c_uni_ca='2' AND c_asigna='300428' [1][0] OK
C:[16/08/2013 12:12:38.41][190.37.200.246][1151] SELECT c_asigna FROM dace004 WHERE exp_e='10-22593268' AND c_asigna='300317' AND status IN ('0','3','B','C') [1][0] OK
C:[16/08/2013 12:12:38.85][190.37.200.246][1182] SELECT par_cod_asig1,par_cod_asig2,par_cod_asig3 FROM tblaca009_p_int WHERE pensum='5' AND c_uni_ca='2' AND c_asigna='300318' [1][0] OK
C:[16/08/2013 12:12:38.85][190.37.200.246][1182] SELECT par_cod_asig1,par_cod_asig2,par_cod_asig3 FROM tblaca009_p_int WHERE pensum='5' AND c_uni_ca='2' AND c_asigna='300428' [1][0] OK
C:[16/08/2013 12:12:38.11][190.37.200.246][1312] SELECT horas_lab FROM tblaca008 WHERE c_asigna='300318' AND horas_teoricas > 0 [1][0] OK
C:[16/08/2013 12:12:38.11][190.37.200.246][1312] SELECT horas_lab FROM tblaca008 WHERE c_asigna='300428' AND horas_teoricas > 0 [1][0] OK
C:[16/08/2013 12:13:04.31][172.16.4.254][1138] SELECT pre_cod_asig1,pre_cod_asig2,pre_cod_asig3,pre_cod_asig4,pre_cod_asig5,pre_cod_asig6,pre_cod_asig7 FROM tblaca009_p_int WHERE pensum='5' AND c_uni_ca='2' AND c_asigna='300112' [1][0] OK
C:[16/08/2013 12:13:04.31][172.16.4.254][1138] SELECT pre_cod_asig1,pre_cod_asig2,pre_cod_asig3,pre_cod_asig4,pre_cod_asig5,pre_cod_asig6,pre_cod_asig7 FROM tblaca009_p_int WHERE pensum='5' AND c_uni_ca='2' AND c_asigna='300313' [1][0] OK
C:[16/08/2013 12:13:04.31][172.16.4.254][1151] SELECT c_asigna FROM dace004 WHERE exp_e='07-20207293' AND c_asigna='300213' AND status IN ('0','3','B','C') [1][0] OK
C:[16/08/2013 12:13:04.25][172.16.4.254][1182] SELECT par_cod_asig1,par_cod_asig2,par_cod_asig3 FROM tblaca009_p_int WHERE pensum='5' AND c_uni_ca='2' AND c_asigna='300112' [1][0] OK
C:[16/08/2013 12:13:04.25][172.16.4.254][1182] SELECT par_cod_asig1,par_cod_asig2,par_cod_asig3 FROM tblaca009_p_int WHERE pensum='5' AND c_uni_ca='2' AND c_asigna='300313' [1][0] OK
C:[16/08/2013 12:13:04.51][172.16.4.254][1312] SELECT horas_lab FROM tblaca008 WHERE c_asigna='300112' AND horas_teoricas > 0 [1][0] OK
C:[16/08/2013 12:13:04.51][172.16.4.254][1312] SELECT horas_lab FROM tblaca008 WHERE c_asigna='300313' AND horas_teoricas > 0 [1][0] OK
C:[16/08/2013 12:14:39.08][190.207.50.240][1138] SELECT pre_cod_asig1,pre_cod_asig2,pre_cod_asig3,pre_cod_asig4,pre_cod_asig5,pre_cod_asig6,pre_cod_asig7 FROM tblaca009_p_int WHERE pensum='5' AND c_uni_ca='6' AND c_asigna='344688' [1][0] OK
C:[16/08/2013 12:14:39.08][190.207.50.240][1151] SELECT c_asigna FROM dace004 WHERE exp_e='09-20625507' AND c_asigna='344565' AND status IN ('0','3','B','C') [1][0] OK
C:[16/08/2013 12:14:39.89][190.207.50.240][1182] SELECT par_cod_asig1,par_cod_asig2,par_cod_asig3 FROM tblaca009_p_int WHERE pensum='5' AND c_uni_ca='6' AND c_asigna='344688' [1][0] OK
C:[16/08/2013 12:14:39.03][190.207.50.240][1312] SELECT horas_lab FROM tblaca008 WHERE c_asigna='344688' AND horas_teoricas > 0 [1][0] OK
C:[16/08/2013 12:14:41.27][190.201.175.202][1138] SELECT pre_cod_asig1,pre_cod_asig2,pre_cod_asig3,pre_cod_asig4,pre_cod_asig5,pre_cod_asig6,pre_cod_asig7 FROM tblaca009_p_int WHERE pensum='5' AND c_uni_ca='3' AND c_asigna='311551' [1][0] OK
C:[16/08/2013 12:14:41.27][190.201.175.202][1151] SELECT c_asigna FROM dace004 WHERE exp_e='10-20702196' AND c_asigna='311430' AND status IN ('0','3','B','C') [1][0] OK
C:[16/08/2013 12:14:41.48][190.201.175.202][1182] SELECT par_cod_asig1,par_cod_asig2,par_cod_asig3 FROM tblaca009_p_int WHERE pensum='5' AND c_uni_ca='3' AND c_asigna='311551' [1][0] OK
C:[16/08/2013 12:14:41.62][190.201.175.202][1312] SELECT horas_lab FROM tblaca008 WHERE c_asigna='311551' AND horas_teoricas > 0 [1][0] OK
C:[16/08/2013 12:16:37.07][190.201.175.202][1138] SELECT pre_cod_asig1,pre_cod_asig2,pre_cod_asig3,pre_cod_asig4,pre_cod_asig5,pre_cod_asig6,pre_cod_asig7 FROM tblaca009_p_int WHERE pensum='5' AND c_uni_ca='3' AND c_asigna='311822' [1][0] OK
C:[16/08/2013 12:16:37.07][190.201.175.202][1151] SELECT c_asigna FROM dace004 WHERE exp_e='10-20285255' AND c_asigna='311795' AND status IN ('0','3','B','C') [1][0] OK
C:[16/08/2013 12:16:37.88][190.201.175.202][1182] SELECT par_cod_asig1,par_cod_asig2,par_cod_asig3 FROM tblaca009_p_int WHERE pensum='5' AND c_uni_ca='3' AND c_asigna='311822' [1][0] OK
C:[16/08/2013 12:16:37.71][190.201.175.202][1312] SELECT horas_lab FROM tblaca008 WHERE c_asigna='311822' AND horas_teoricas > 0 [1][0] OK
C:[16/08/2013 12:16:58.98][190.37.47.224][1138] SELECT pre_cod_asig1,pre_cod_asig2,pre_cod_asig3,pre_cod_asig4,pre_cod_asig5,pre_cod_asig6,pre_cod_asig7 FROM tblaca009_p_int WHERE pensum='5' AND c_uni_ca='5' AND c_asigna='351330' [1][0] OK
C:[16/08/2013 12:16:58.98][190.37.47.224][1151] SELECT c_asigna FROM dace004 WHERE exp_e='10-21235789' AND c_asigna='300218' AND status IN ('0','3','B','C') [1][0] OK
C:[16/08/2013 12:16:58.98][190.37.47.224][1138] SELECT pre_cod_asig1,pre_cod_asig2,pre_cod_asig3,pre_cod_asig4,pre_cod_asig5,pre_cod_asig6,pre_cod_asig7 FROM tblaca009_p_int WHERE pensum='5' AND c_uni_ca='5' AND c_asigna='355448' [1][0] OK
C:[16/08/2013 12:16:58.98][190.37.47.224][1151] SELECT c_asigna FROM dace004 WHERE exp_e='10-21235789' AND c_asigna='300313' AND status IN ('0','3','B','C') [1][0] OK
C:[16/08/2013 12:16:58.04][190.37.47.224][1182] SELECT par_cod_asig1,par_cod_asig2,par_cod_asig3 FROM tblaca009_p_int WHERE pensum='5' AND c_uni_ca='5' AND c_asigna='351330' [1][0] OK
C:[16/08/2013 12:16:58.04][190.37.47.224][1196] SELECT c_asigna FROM dace004 WHERE exp_e='10-21235789' AND c_asigna='300317' AND status IN ('0','3','B','C') [0][0] OK
C:[16/08/2013 12:16:58.04][190.37.47.224][1182] SELECT par_cod_asig1,par_cod_asig2,par_cod_asig3 FROM tblaca009_p_int WHERE pensum='5' AND c_uni_ca='5' AND c_asigna='355448' [1][0] OK
C:[16/08/2013 12:16:58.67][190.37.47.224][1312] SELECT horas_lab FROM tblaca008 WHERE c_asigna='351330' AND horas_teoricas > 0 [1][0] OK
C:[16/08/2013 12:16:58.67][190.37.47.224][1312] SELECT horas_lab FROM tblaca008 WHERE c_asigna='355448' AND horas_teoricas > 0 [1][0] OK
C:[16/08/2013 12:17:15.90][190.201.175.202][1138] SELECT pre_cod_asig1,pre_cod_asig2,pre_cod_asig3,pre_cod_asig4,pre_cod_asig5,pre_cod_asig6,pre_cod_asig7 FROM tblaca009_p_int WHERE pensum='5' AND c_uni_ca='5' AND c_asigna='300226' [1][0] OK
C:[16/08/2013 12:17:15.90][190.201.175.202][1151] SELECT c_asigna FROM dace004 WHERE exp_e='11-25933094' AND c_asigna='300116' AND status IN ('0','3','B','C') [1][0] OK
C:[16/08/2013 12:17:15.84][190.201.175.202][1182] SELECT par_cod_asig1,par_cod_asig2,par_cod_asig3 FROM tblaca009_p_int WHERE pensum='5' AND c_uni_ca='5' AND c_asigna='300226' [1][0] OK
C:[16/08/2013 12:17:15.97][190.201.175.202][1312] SELECT horas_lab FROM tblaca008 WHERE c_asigna='300226' AND horas_teoricas > 0 [1][0] OK
C:[16/08/2013 12:19:38.41][190.201.175.202][1138] SELECT pre_cod_asig1,pre_cod_asig2,pre_cod_asig3,pre_cod_asig4,pre_cod_asig5,pre_cod_asig6,pre_cod_asig7 FROM tblaca009_p_int WHERE pensum='5' AND c_uni_ca='5' AND c_asigna='300209' [1][0] OK
C:[16/08/2013 12:19:38.41][190.201.175.202][1151] SELECT c_asigna FROM dace004 WHERE exp_e='09-21197522' AND c_asigna='300101' AND status IN ('0','3','B','C') [1][0] OK
C:[16/08/2013 12:19:38.23][190.201.175.202][1182] SELECT par_cod_asig1,par_cod_asig2,par_cod_asig3 FROM tblaca009_p_int WHERE pensum='5' AND c_uni_ca='5' AND c_asigna='300209' [1][0] OK
C:[16/08/2013 12:19:38.36][190.201.175.202][1312] SELECT horas_lab FROM tblaca008 WHERE c_asigna='300209' AND horas_teoricas > 0 [1][0] OK
C:[16/08/2013 12:21:56.11][186.167.242.226][1138] SELECT pre_cod_asig1,pre_cod_asig2,pre_cod_asig3,pre_cod_asig4,pre_cod_asig5,pre_cod_asig6,pre_cod_asig7 FROM tblaca009_p_int WHERE pensum='5' AND c_uni_ca='6' AND c_asigna='342559' [1][0] OK
C:[16/08/2013 12:21:56.11][186.167.242.226][1151] SELECT c_asigna FROM dace004 WHERE exp_e='09-20505483' AND c_asigna='342436' AND status IN ('0','3','B','C') [1][0] OK
C:[16/08/2013 12:21:56.11][186.167.242.226][1138] SELECT pre_cod_asig1,pre_cod_asig2,pre_cod_asig3,pre_cod_asig4,pre_cod_asig5,pre_cod_asig6,pre_cod_asig7 FROM tblaca009_p_int WHERE pensum='5' AND c_uni_ca='6' AND c_asigna='344687' [1][0] OK
C:[16/08/2013 12:21:56.11][186.167.242.226][1151] SELECT c_asigna FROM dace004 WHERE exp_e='09-20505483' AND c_asigna='344565' AND status IN ('0','3','B','C') [1][0] OK
C:[16/08/2013 12:21:56.17][186.167.242.226][1182] SELECT par_cod_asig1,par_cod_asig2,par_cod_asig3 FROM tblaca009_p_int WHERE pensum='5' AND c_uni_ca='6' AND c_asigna='342559' [1][0] OK
C:[16/08/2013 12:21:56.17][186.167.242.226][1182] SELECT par_cod_asig1,par_cod_asig2,par_cod_asig3 FROM tblaca009_p_int WHERE pensum='5' AND c_uni_ca='6' AND c_asigna='344687' [1][0] OK
C:[16/08/2013 12:21:57.45][186.167.242.226][1312] SELECT horas_lab FROM tblaca008 WHERE c_asigna='342559' AND horas_teoricas > 0 [1][0] OK
C:[16/08/2013 12:21:57.45][186.167.242.226][1312] SELECT horas_lab FROM tblaca008 WHERE c_asigna='344687' AND horas_teoricas > 0 [1][0] OK
C:[16/08/2013 12:22:08.02][172.16.3.75][1138] SELECT pre_cod_asig1,pre_cod_asig2,pre_cod_asig3,pre_cod_asig4,pre_cod_asig5,pre_cod_asig6,pre_cod_asig7 FROM tblaca009_p_int WHERE pensum='5' AND c_uni_ca='6' AND c_asigna='300209' [1][0] OK
C:[16/08/2013 12:22:08.02][172.16.3.75][1151] SELECT c_asigna FROM dace004 WHERE exp_e='11-20286969' AND c_asigna='300101' AND status IN ('0','3','B','C') [1][0] OK
C:[16/08/2013 12:22:08.02][172.16.3.75][1138] SELECT pre_cod_asig1,pre_cod_asig2,pre_cod_asig3,pre_cod_asig4,pre_cod_asig5,pre_cod_asig6,pre_cod_asig7 FROM tblaca009_p_int WHERE pensum='5' AND c_uni_ca='6' AND c_asigna='300213' [1][0] OK
C:[16/08/2013 12:22:08.02][172.16.3.75][1151] SELECT c_asigna FROM dace004 WHERE exp_e='11-20286969' AND c_asigna='300101' AND status IN ('0','3','B','C') [1][0] OK
C:[16/08/2013 12:22:08.02][172.16.3.75][1138] SELECT pre_cod_asig1,pre_cod_asig2,pre_cod_asig3,pre_cod_asig4,pre_cod_asig5,pre_cod_asig6,pre_cod_asig7 FROM tblaca009_p_int WHERE pensum='5' AND c_uni_ca='6' AND c_asigna='300226' [1][0] OK
C:[16/08/2013 12:22:08.02][172.16.3.75][1151] SELECT c_asigna FROM dace004 WHERE exp_e='11-20286969' AND c_asigna='300116' AND status IN ('0','3','B','C') [1][0] OK
C:[16/08/2013 12:22:09.78][172.16.3.75][1182] SELECT par_cod_asig1,par_cod_asig2,par_cod_asig3 FROM tblaca009_p_int WHERE pensum='5' AND c_uni_ca='6' AND c_asigna='300209' [1][0] OK
C:[16/08/2013 12:22:09.78][172.16.3.75][1182] SELECT par_cod_asig1,par_cod_asig2,par_cod_asig3 FROM tblaca009_p_int WHERE pensum='5' AND c_uni_ca='6' AND c_asigna='300213' [1][0] OK
C:[16/08/2013 12:22:09.78][172.16.3.75][1182] SELECT par_cod_asig1,par_cod_asig2,par_cod_asig3 FROM tblaca009_p_int WHERE pensum='5' AND c_uni_ca='6' AND c_asigna='300226' [1][0] OK
C:[16/08/2013 12:22:09.17][172.16.3.75][1312] SELECT horas_lab FROM tblaca008 WHERE c_asigna='300209' AND horas_teoricas > 0 [1][0] OK
C:[16/08/2013 12:22:09.17][172.16.3.75][1312] SELECT horas_lab FROM tblaca008 WHERE c_asigna='300213' AND horas_teoricas > 0 [1][0] OK
C:[16/08/2013 12:22:09.17][172.16.3.75][1312] SELECT horas_lab FROM tblaca008 WHERE c_asigna='300226' AND horas_teoricas > 0 [1][0] OK
C:[16/08/2013 12:23:28.15][181.183.124.70][1138] SELECT pre_cod_asig1,pre_cod_asig2,pre_cod_asig3,pre_cod_asig4,pre_cod_asig5,pre_cod_asig6,pre_cod_asig7 FROM tblaca009_p_int WHERE pensum='5' AND c_uni_ca='6' AND c_asigna='344687' [1][0] OK
C:[16/08/2013 12:23:28.15][181.183.124.70][1151] SELECT c_asigna FROM dace004 WHERE exp_e='08-19302921' AND c_asigna='344565' AND status IN ('0','3','B','C') [1][0] OK
C:[16/08/2013 12:23:28.96][181.183.124.70][1182] SELECT par_cod_asig1,par_cod_asig2,par_cod_asig3 FROM tblaca009_p_int WHERE pensum='5' AND c_uni_ca='6' AND c_asigna='344687' [1][0] OK
C:[16/08/2013 12:23:28.10][181.183.124.70][1312] SELECT horas_lab FROM tblaca008 WHERE c_asigna='344687' AND horas_teoricas > 0 [1][0] OK
C:[16/08/2013 12:23:48.85][186.89.149.163][1138] SELECT pre_cod_asig1,pre_cod_asig2,pre_cod_asig3,pre_cod_asig4,pre_cod_asig5,pre_cod_asig6,pre_cod_asig7 FROM tblaca009_p_int WHERE pensum='5' AND c_uni_ca='4' AND c_asigna='333809' [1][0] OK
C:[16/08/2013 12:23:48.85][186.89.149.163][1151] SELECT c_asigna FROM dace004 WHERE exp_e='08-20805352' AND c_asigna='333683' AND status IN ('0','3','B','C') [1][0] OK
C:[16/08/2013 12:23:48.85][186.89.149.163][1151] SELECT c_asigna FROM dace004 WHERE exp_e='08-20805352' AND c_asigna='333710' AND status IN ('0','3','B','C') [1][0] OK
C:[16/08/2013 12:23:48.78][186.89.149.163][1182] SELECT par_cod_asig1,par_cod_asig2,par_cod_asig3 FROM tblaca009_p_int WHERE pensum='5' AND c_uni_ca='4' AND c_asigna='333809' [1][0] OK
C:[16/08/2013 12:23:48.91][186.89.149.163][1312] SELECT horas_lab FROM tblaca008 WHERE c_asigna='333809' AND horas_teoricas > 0 [1][0] OK
C:[16/08/2013 12:25:41.68][190.73.234.116][1138] SELECT pre_cod_asig1,pre_cod_asig2,pre_cod_asig3,pre_cod_asig4,pre_cod_asig5,pre_cod_asig6,pre_cod_asig7 FROM tblaca009_p_int WHERE pensum='5' AND c_uni_ca='3' AND c_asigna='311824' [1][0] OK
C:[16/08/2013 12:25:41.68][190.73.234.116][1151] SELECT c_asigna FROM dace004 WHERE exp_e='08-20224634' AND c_asigna='311796' AND status IN ('0','3','B','C') [1][0] OK
C:[16/08/2013 12:25:41.49][190.73.234.116][1182] SELECT par_cod_asig1,par_cod_asig2,par_cod_asig3 FROM tblaca009_p_int WHERE pensum='5' AND c_uni_ca='3' AND c_asigna='311824' [1][0] OK
C:[16/08/2013 12:25:41.63][190.73.234.116][1312] SELECT horas_lab FROM tblaca008 WHERE c_asigna='311824' AND horas_teoricas > 0 [1][0] OK
C:[16/08/2013 12:25:56.94][190.201.4.11][1138] SELECT pre_cod_asig1,pre_cod_asig2,pre_cod_asig3,pre_cod_asig4,pre_cod_asig5,pre_cod_asig6,pre_cod_asig7 FROM tblaca009_p_int WHERE pensum='5' AND c_uni_ca='2' AND c_asigna='300213' [1][0] OK
C:[16/08/2013 12:25:56.94][190.201.4.11][1151] SELECT c_asigna FROM dace004 WHERE exp_e='11-20883888' AND c_asigna='300101' AND status IN ('0','3','B','C') [1][0] OK
C:[16/08/2013 12:25:56.94][190.201.4.11][1138] SELECT pre_cod_asig1,pre_cod_asig2,pre_cod_asig3,pre_cod_asig4,pre_cod_asig5,pre_cod_asig6,pre_cod_asig7 FROM tblaca009_p_int WHERE pensum='5' AND c_uni_ca='2' AND c_asigna='300226' [1][0] OK
C:[16/08/2013 12:25:56.94][190.201.4.11][1151] SELECT c_asigna FROM dace004 WHERE exp_e='11-20883888' AND c_asigna='300116' AND status IN ('0','3','B','C') [1][0] OK
C:[16/08/2013 12:25:56.43][190.201.4.11][1182] SELECT par_cod_asig1,par_cod_asig2,par_cod_asig3 FROM tblaca009_p_int WHERE pensum='5' AND c_uni_ca='2' AND c_asigna='300213' [1][0] OK
C:[16/08/2013 12:25:56.43][190.201.4.11][1182] SELECT par_cod_asig1,par_cod_asig2,par_cod_asig3 FROM tblaca009_p_int WHERE pensum='5' AND c_uni_ca='2' AND c_asigna='300226' [1][0] OK
C:[16/08/2013 12:25:56.70][190.201.4.11][1312] SELECT horas_lab FROM tblaca008 WHERE c_asigna='300213' AND horas_teoricas > 0 [1][0] OK
C:[16/08/2013 12:25:56.70][190.201.4.11][1312] SELECT horas_lab FROM tblaca008 WHERE c_asigna='300226' AND horas_teoricas > 0 [1][0] OK
C:[16/08/2013 12:26:16.25][190.201.175.202][1138] SELECT pre_cod_asig1,pre_cod_asig2,pre_cod_asig3,pre_cod_asig4,pre_cod_asig5,pre_cod_asig6,pre_cod_asig7 FROM tblaca009_p_int WHERE pensum='5' AND c_uni_ca='3' AND c_asigna='311551' [1][0] OK
C:[16/08/2013 12:26:16.25][190.201.175.202][1151] SELECT c_asigna FROM dace004 WHERE exp_e='09-20506713' AND c_asigna='311430' AND status IN ('0','3','B','C') [1][0] OK
C:[16/08/2013 12:26:16.07][190.201.175.202][1182] SELECT par_cod_asig1,par_cod_asig2,par_cod_asig3 FROM tblaca009_p_int WHERE pensum='5' AND c_uni_ca='3' AND c_asigna='311551' [1][0] OK
C:[16/08/2013 12:26:16.20][190.201.175.202][1312] SELECT horas_lab FROM tblaca008 WHERE c_asigna='311551' AND horas_teoricas > 0 [1][0] OK
C:[16/08/2013 12:27:20.30][190.201.175.202][1138] SELECT pre_cod_asig1,pre_cod_asig2,pre_cod_asig3,pre_cod_asig4,pre_cod_asig5,pre_cod_asig6,pre_cod_asig7 FROM tblaca009_p_int WHERE pensum='5' AND c_uni_ca='3' AND c_asigna='300317' [1][0] OK
C:[16/08/2013 12:27:20.30][190.201.175.202][1151] SELECT c_asigna FROM dace004 WHERE exp_e='08-20505839' AND c_asigna='300207' AND status IN ('0','3','B','C') [1][0] OK
C:[16/08/2013 12:27:20.30][190.201.175.202][1151] SELECT c_asigna FROM dace004 WHERE exp_e='08-20505839' AND c_asigna='300209' AND status IN ('0','3','B','C') [1][0] OK
C:[16/08/2013 12:27:20.24][190.201.175.202][1182] SELECT par_cod_asig1,par_cod_asig2,par_cod_asig3 FROM tblaca009_p_int WHERE pensum='5' AND c_uni_ca='3' AND c_asigna='300317' [1][0] OK
C:[16/08/2013 12:27:20.38][190.201.175.202][1312] SELECT horas_lab FROM tblaca008 WHERE c_asigna='300317' AND horas_teoricas > 0 [1][0] OK
C:[16/08/2013 12:28:24.27][186.90.173.233][1138] SELECT pre_cod_asig1,pre_cod_asig2,pre_cod_asig3,pre_cod_asig4,pre_cod_asig5,pre_cod_asig6,pre_cod_asig7 FROM tblaca009_p_int WHERE pensum='5' AND c_uni_ca='3' AND c_asigna='312333' [1][0] OK
C:[16/08/2013 12:28:24.27][186.90.173.233][1151] SELECT c_asigna FROM dace004 WHERE exp_e='10-20704091' AND c_asigna='300228' AND status IN ('0','3','B','C') [1][0] OK
C:[16/08/2013 12:28:24.10][186.90.173.233][1182] SELECT par_cod_asig1,par_cod_asig2,par_cod_asig3 FROM tblaca009_p_int WHERE pensum='5' AND c_uni_ca='3' AND c_asigna='312333' [1][0] OK
C:[16/08/2013 12:28:24.23][186.90.173.233][1312] SELECT horas_lab FROM tblaca008 WHERE c_asigna='312333' AND horas_teoricas > 0 [1][0] OK
C:[16/08/2013 12:28:42.14][186.167.243.228][1138] SELECT pre_cod_asig1,pre_cod_asig2,pre_cod_asig3,pre_cod_asig4,pre_cod_asig5,pre_cod_asig6,pre_cod_asig7 FROM tblaca009_p_int WHERE pensum='5' AND c_uni_ca='5' AND c_asigna='300101' [1][0] OK
C:[16/08/2013 12:28:42.82][186.167.243.228][1182] SELECT par_cod_asig1,par_cod_asig2,par_cod_asig3 FROM tblaca009_p_int WHERE pensum='5' AND c_uni_ca='5' AND c_asigna='300101' [1][0] OK
C:[16/08/2013 12:28:42.96][186.167.243.228][1312] SELECT horas_lab FROM tblaca008 WHERE c_asigna='300101' AND horas_teoricas > 0 [1][0] OK
C:[16/08/2013 12:29:32.51][190.201.175.202][1138] SELECT pre_cod_asig1,pre_cod_asig2,pre_cod_asig3,pre_cod_asig4,pre_cod_asig5,pre_cod_asig6,pre_cod_asig7 FROM tblaca009_p_int WHERE pensum='5' AND c_uni_ca='4' AND c_asigna='300313' [1][0] OK
C:[16/08/2013 12:29:32.51][190.201.175.202][1151] SELECT c_asigna FROM dace004 WHERE exp_e='10-23500944' AND c_asigna='300213' AND status IN ('0','3','B','C') [1][0] OK
C:[16/08/2013 12:29:32.32][190.201.175.202][1182] SELECT par_cod_asig1,par_cod_asig2,par_cod_asig3 FROM tblaca009_p_int WHERE pensum='5' AND c_uni_ca='4' AND c_asigna='300313' [1][0] OK
C:[16/08/2013 12:29:32.46][190.201.175.202][1312] SELECT horas_lab FROM tblaca008 WHERE c_asigna='300313' AND horas_teoricas > 0 [1][0] OK
C:[16/08/2013 12:30:29.02][190.76.0.66][1138] SELECT pre_cod_asig1,pre_cod_asig2,pre_cod_asig3,pre_cod_asig4,pre_cod_asig5,pre_cod_asig6,pre_cod_asig7 FROM tblaca009_p_int WHERE pensum='5' AND c_uni_ca='3' AND c_asigna='300317' [1][0] OK
C:[16/08/2013 12:30:29.02][190.76.0.66][1151] SELECT c_asigna FROM dace004 WHERE exp_e='10-20106569' AND c_asigna='300207' AND status IN ('0','3','B','C') [1][0] OK
C:[16/08/2013 12:30:29.02][190.76.0.66][1151] SELECT c_asigna FROM dace004 WHERE exp_e='10-20106569' AND c_asigna='300209' AND status IN ('0','3','B','C') [1][0] OK
C:[16/08/2013 12:30:29.02][190.76.0.66][1138] SELECT pre_cod_asig1,pre_cod_asig2,pre_cod_asig3,pre_cod_asig4,pre_cod_asig5,pre_cod_asig6,pre_cod_asig7 FROM tblaca009_p_int WHERE pensum='5' AND c_uni_ca='3' AND c_asigna='312333' [1][0] OK
C:[16/08/2013 12:30:29.02][190.76.0.66][1151] SELECT c_asigna FROM dace004 WHERE exp_e='10-20106569' AND c_asigna='300228' AND status IN ('0','3','B','C') [1][0] OK
C:[16/08/2013 12:30:30.21][190.76.0.66][1182] SELECT par_cod_asig1,par_cod_asig2,par_cod_asig3 FROM tblaca009_p_int WHERE pensum='5' AND c_uni_ca='3' AND c_asigna='300317' [1][0] OK
C:[16/08/2013 12:30:30.21][190.76.0.66][1182] SELECT par_cod_asig1,par_cod_asig2,par_cod_asig3 FROM tblaca009_p_int WHERE pensum='5' AND c_uni_ca='3' AND c_asigna='312333' [1][0] OK
C:[16/08/2013 12:30:30.48][190.76.0.66][1312] SELECT horas_lab FROM tblaca008 WHERE c_asigna='300317' AND horas_teoricas > 0 [1][0] OK
C:[16/08/2013 12:30:30.48][190.76.0.66][1312] SELECT horas_lab FROM tblaca008 WHERE c_asigna='312333' AND horas_teoricas > 0 [1][0] OK
C:[16/08/2013 12:30:36.50][190.37.110.126][1138] SELECT pre_cod_asig1,pre_cod_asig2,pre_cod_asig3,pre_cod_asig4,pre_cod_asig5,pre_cod_asig6,pre_cod_asig7 FROM tblaca009_p_int WHERE pensum='5' AND c_uni_ca='4' AND c_asigna='300428' [1][0] OK
C:[16/08/2013 12:30:36.50][190.37.110.126][1151] SELECT c_asigna FROM dace004 WHERE exp_e='06-18666838' AND c_asigna='300317' AND status IN ('0','3','B','C') [1][0] OK
C:[16/08/2013 12:30:36.75][190.37.110.126][1182] SELECT par_cod_asig1,par_cod_asig2,par_cod_asig3 FROM tblaca009_p_int WHERE pensum='5' AND c_uni_ca='4' AND c_asigna='300428' [1][0] OK
C:[16/08/2013 12:30:36.89][190.37.110.126][1312] SELECT horas_lab FROM tblaca008 WHERE c_asigna='300428' AND horas_teoricas > 0 [1][0] OK
C:[16/08/2013 12:30:49.29][190.201.175.202][1138] SELECT pre_cod_asig1,pre_cod_asig2,pre_cod_asig3,pre_cod_asig4,pre_cod_asig5,pre_cod_asig6,pre_cod_asig7 FROM tblaca009_p_int WHERE pensum='5' AND c_uni_ca='4' AND c_asigna='300313' [1][0] OK
C:[16/08/2013 12:30:49.29][190.201.175.202][1151] SELECT c_asigna FROM dace004 WHERE exp_e='11-23605878' AND c_asigna='300213' AND status IN ('0','3','B','C') [1][0] OK
C:[16/08/2013 12:30:49.29][190.201.175.202][1138] SELECT pre_cod_asig1,pre_cod_asig2,pre_cod_asig3,pre_cod_asig4,pre_cod_asig5,pre_cod_asig6,pre_cod_asig7 FROM tblaca009_p_int WHERE pensum='5' AND c_uni_ca='4' AND c_asigna='300317' [1][0] OK
C:[16/08/2013 12:30:49.29][190.201.175.202][1151] SELECT c_asigna FROM dace004 WHERE exp_e='11-23605878' AND c_asigna='300207' AND status IN ('0','3','B','C') [1][0] OK
C:[16/08/2013 12:30:49.29][190.201.175.202][1151] SELECT c_asigna FROM dace004 WHERE exp_e='11-23605878' AND c_asigna='300209' AND status IN ('0','3','B','C') [1][0] OK
C:[16/08/2013 12:30:49.47][190.201.175.202][1182] SELECT par_cod_asig1,par_cod_asig2,par_cod_asig3 FROM tblaca009_p_int WHERE pensum='5' AND c_uni_ca='4' AND c_asigna='300313' [1][0] OK
C:[16/08/2013 12:30:49.47][190.201.175.202][1182] SELECT par_cod_asig1,par_cod_asig2,par_cod_asig3 FROM tblaca009_p_int WHERE pensum='5' AND c_uni_ca='4' AND c_asigna='300317' [1][0] OK
C:[16/08/2013 12:30:49.74][190.201.175.202][1312] SELECT horas_lab FROM tblaca008 WHERE c_asigna='300313' AND horas_teoricas > 0 [1][0] OK
C:[16/08/2013 12:30:49.74][190.201.175.202][1312] SELECT horas_lab FROM tblaca008 WHERE c_asigna='300317' AND horas_teoricas > 0 [1][0] OK
C:[16/08/2013 12:31:09.21][190.38.208.2][1138] SELECT pre_cod_asig1,pre_cod_asig2,pre_cod_asig3,pre_cod_asig4,pre_cod_asig5,pre_cod_asig6,pre_cod_asig7 FROM tblaca009_p_int WHERE pensum='5' AND c_uni_ca='6' AND c_asigna='344688' [1][0] OK
C:[16/08/2013 12:31:09.21][190.38.208.2][1151] SELECT c_asigna FROM dace004 WHERE exp_e='04-17750191' AND c_asigna='344565' AND status IN ('0','3','B','C') [1][0] OK
C:[16/08/2013 12:31:09.03][190.38.208.2][1182] SELECT par_cod_asig1,par_cod_asig2,par_cod_asig3 FROM tblaca009_p_int WHERE pensum='5' AND c_uni_ca='6' AND c_asigna='344688' [1][0] OK
C:[16/08/2013 12:31:09.16][190.38.208.2][1312] SELECT horas_lab FROM tblaca008 WHERE c_asigna='344688' AND horas_teoricas > 0 [1][0] OK
C:[16/08/2013 12:31:26.17][190.201.1.101][1138] SELECT pre_cod_asig1,pre_cod_asig2,pre_cod_asig3,pre_cod_asig4,pre_cod_asig5,pre_cod_asig6,pre_cod_asig7 FROM tblaca009_p_int WHERE pensum='5' AND c_uni_ca='4' AND c_asigna='333683' [1][0] OK
C:[16/08/2013 12:31:26.17][190.201.1.101][1151] SELECT c_asigna FROM dace004 WHERE exp_e='07-18114560' AND c_asigna='333564' AND status IN ('0','3','B','C') [1][0] OK
C:[16/08/2013 12:31:26.67][190.201.1.101][1182] SELECT par_cod_asig1,par_cod_asig2,par_cod_asig3 FROM tblaca009_p_int WHERE pensum='5' AND c_uni_ca='4' AND c_asigna='333683' [1][0] OK
C:[16/08/2013 12:31:26.68][190.201.1.101][1312] SELECT horas_lab FROM tblaca008 WHERE c_asigna='333683' AND horas_teoricas > 0 [1][0] OK
C:[16/08/2013 12:31:47.62][190.201.175.202][1138] SELECT pre_cod_asig1,pre_cod_asig2,pre_cod_asig3,pre_cod_asig4,pre_cod_asig5,pre_cod_asig6,pre_cod_asig7 FROM tblaca009_p_int WHERE pensum='5' AND c_uni_ca='2' AND c_asigna='300318' [1][0] OK
C:[16/08/2013 12:31:47.62][190.201.175.202][1151] SELECT c_asigna FROM dace004 WHERE exp_e='10-24481265' AND c_asigna='300228' AND status IN ('0','3','B','C') [1][0] OK
C:[16/08/2013 12:31:47.62][190.201.175.202][1151] SELECT c_asigna FROM dace004 WHERE exp_e='10-24481265' AND c_asigna='300207' AND status IN ('0','3','B','C') [1][0] OK
C:[16/08/2013 12:31:47.62][190.201.175.202][1151] SELECT c_asigna FROM dace004 WHERE exp_e='10-24481265' AND c_asigna='300218' AND status IN ('0','3','B','C') [1][0] OK
C:[16/08/2013 12:31:47.69][190.201.175.202][1182] SELECT par_cod_asig1,par_cod_asig2,par_cod_asig3 FROM tblaca009_p_int WHERE pensum='5' AND c_uni_ca='2' AND c_asigna='300318' [1][0] OK
C:[16/08/2013 12:31:47.81][190.201.175.202][1312] SELECT horas_lab FROM tblaca008 WHERE c_asigna='300318' AND horas_teoricas > 0 [1][0] OK
C:[16/08/2013 12:32:17.12][190.201.175.202][1138] SELECT pre_cod_asig1,pre_cod_asig2,pre_cod_asig3,pre_cod_asig4,pre_cod_asig5,pre_cod_asig6,pre_cod_asig7 FROM tblaca009_p_int WHERE pensum='5' AND c_uni_ca='6' AND c_asigna='344688' [1][0] OK
C:[16/08/2013 12:32:17.12][190.201.175.202][1151] SELECT c_asigna FROM dace004 WHERE exp_e='09-20625507' AND c_asigna='344565' AND status IN ('0','3','B','C') [1][0] OK
C:[16/08/2013 12:32:17.92][190.201.175.202][1182] SELECT par_cod_asig1,par_cod_asig2,par_cod_asig3 FROM tblaca009_p_int WHERE pensum='5' AND c_uni_ca='6' AND c_asigna='344688' [1][0] OK
C:[16/08/2013 12:32:17.06][190.201.175.202][1312] SELECT horas_lab FROM tblaca008 WHERE c_asigna='344688' AND horas_teoricas > 0 [1][0] OK
C:[16/08/2013 12:33:44.74][190.37.110.126][1138] SELECT pre_cod_asig1,pre_cod_asig2,pre_cod_asig3,pre_cod_asig4,pre_cod_asig5,pre_cod_asig6,pre_cod_asig7 FROM tblaca009_p_int WHERE pensum='5' AND c_uni_ca='4' AND c_asigna='300213' [1][0] OK
C:[16/08/2013 12:33:44.74][190.37.110.126][1151] SELECT c_asigna FROM dace004 WHERE exp_e='06-18666838' AND c_asigna='300101' AND status IN ('0','3','B','C') [1][0] OK
C:[16/08/2013 12:33:44.74][190.37.110.126][1138] SELECT pre_cod_asig1,pre_cod_asig2,pre_cod_asig3,pre_cod_asig4,pre_cod_asig5,pre_cod_asig6,pre_cod_asig7 FROM tblaca009_p_int WHERE pensum='5' AND c_uni_ca='4' AND c_asigna='300428' [1][0] OK
C:[16/08/2013 12:33:44.74][190.37.110.126][1151] SELECT c_asigna FROM dace004 WHERE exp_e='06-18666838' AND c_asigna='300317' AND status IN ('0','3','B','C') [1][0] OK
C:[16/08/2013 12:33:44.81][190.37.110.126][1182] SELECT par_cod_asig1,par_cod_asig2,par_cod_asig3 FROM tblaca009_p_int WHERE pensum='5' AND c_uni_ca='4' AND c_asigna='300213' [1][0] OK
C:[16/08/2013 12:33:44.81][190.37.110.126][1182] SELECT par_cod_asig1,par_cod_asig2,par_cod_asig3 FROM tblaca009_p_int WHERE pensum='5' AND c_uni_ca='4' AND c_asigna='300428' [1][0] OK
C:[16/08/2013 12:33:44.07][190.37.110.126][1312] SELECT horas_lab FROM tblaca008 WHERE c_asigna='300213' AND horas_teoricas > 0 [1][0] OK
C:[16/08/2013 12:33:44.07][190.37.110.126][1312] SELECT horas_lab FROM tblaca008 WHERE c_asigna='300428' AND horas_teoricas > 0 [1][0] OK
C:[16/08/2013 12:33:51.39][186.167.243.228][1138] SELECT pre_cod_asig1,pre_cod_asig2,pre_cod_asig3,pre_cod_asig4,pre_cod_asig5,pre_cod_asig6,pre_cod_asig7 FROM tblaca009_p_int WHERE pensum='5' AND c_uni_ca='5' AND c_asigna='300101' [1][0] OK
C:[16/08/2013 12:33:51.50][186.167.243.228][1182] SELECT par_cod_asig1,par_cod_asig2,par_cod_asig3 FROM tblaca009_p_int WHERE pensum='5' AND c_uni_ca='5' AND c_asigna='300101' [1][0] OK
C:[16/08/2013 12:33:51.65][186.167.243.228][1312] SELECT horas_lab FROM tblaca008 WHERE c_asigna='300101' AND horas_teoricas > 0 [1][0] OK
C:[16/08/2013 12:34:31.56][190.201.175.202][1138] SELECT pre_cod_asig1,pre_cod_asig2,pre_cod_asig3,pre_cod_asig4,pre_cod_asig5,pre_cod_asig6,pre_cod_asig7 FROM tblaca009_p_int WHERE pensum='5' AND c_uni_ca='6' AND c_asigna='300101' [1][0] OK
C:[16/08/2013 12:34:31.25][190.201.175.202][1182] SELECT par_cod_asig1,par_cod_asig2,par_cod_asig3 FROM tblaca009_p_int WHERE pensum='5' AND c_uni_ca='6' AND c_asigna='300101' [1][0] OK
C:[16/08/2013 12:34:31.40][190.201.175.202][1312] SELECT horas_lab FROM tblaca008 WHERE c_asigna='300101' AND horas_teoricas > 0 [1][0] OK
C:[16/08/2013 12:35:10.88][190.77.213.252][1138] SELECT pre_cod_asig1,pre_cod_asig2,pre_cod_asig3,pre_cod_asig4,pre_cod_asig5,pre_cod_asig6,pre_cod_asig7 FROM tblaca009_p_int WHERE pensum='5' AND c_uni_ca='3' AND c_asigna='300101' [1][0] OK
C:[16/08/2013 12:35:10.57][190.77.213.252][1182] SELECT par_cod_asig1,par_cod_asig2,par_cod_asig3 FROM tblaca009_p_int WHERE pensum='5' AND c_uni_ca='3' AND c_asigna='300101' [1][0] OK
C:[16/08/2013 12:35:10.72][190.77.213.252][1312] SELECT horas_lab FROM tblaca008 WHERE c_asigna='300101' AND horas_teoricas > 0 [1][0] OK
C:[16/08/2013 12:35:12.85][190.201.175.202][1138] SELECT pre_cod_asig1,pre_cod_asig2,pre_cod_asig3,pre_cod_asig4,pre_cod_asig5,pre_cod_asig6,pre_cod_asig7 FROM tblaca009_p_int WHERE pensum='5' AND c_uni_ca='3' AND c_asigna='311551' [1][0] OK
C:[16/08/2013 12:35:12.85][190.201.175.202][1151] SELECT c_asigna FROM dace004 WHERE exp_e='10-19621609' AND c_asigna='311430' AND status IN ('0','3','B','C') [1][0] OK
C:[16/08/2013 12:35:12.10][190.201.175.202][1182] SELECT par_cod_asig1,par_cod_asig2,par_cod_asig3 FROM tblaca009_p_int WHERE pensum='5' AND c_uni_ca='3' AND c_asigna='311551' [1][0] OK
C:[16/08/2013 12:35:12.24][190.201.175.202][1312] SELECT horas_lab FROM tblaca008 WHERE c_asigna='311551' AND horas_teoricas > 0 [1][0] OK
C:[16/08/2013 12:35:18.68][186.88.131.74][1138] SELECT pre_cod_asig1,pre_cod_asig2,pre_cod_asig3,pre_cod_asig4,pre_cod_asig5,pre_cod_asig6,pre_cod_asig7 FROM tblaca009_p_int WHERE pensum='5' AND c_uni_ca='2' AND c_asigna='322436' [1][0] OK
C:[16/08/2013 12:35:18.68][186.88.131.74][1151] SELECT c_asigna FROM dace004 WHERE exp_e='10-21338475' AND c_asigna='320311' AND status IN ('0','3','B','C') [1][0] OK
C:[16/08/2013 12:35:18.93][186.88.131.74][1182] SELECT par_cod_asig1,par_cod_asig2,par_cod_asig3 FROM tblaca009_p_int WHERE pensum='5' AND c_uni_ca='2' AND c_asigna='322436' [1][0] OK
C:[16/08/2013 12:35:18.07][186.88.131.74][1312] SELECT horas_lab FROM tblaca008 WHERE c_asigna='322436' AND horas_teoricas > 0 [1][0] OK
C:[16/08/2013 12:35:20.06][190.206.62.90][1138] SELECT pre_cod_asig1,pre_cod_asig2,pre_cod_asig3,pre_cod_asig4,pre_cod_asig5,pre_cod_asig6,pre_cod_asig7 FROM tblaca009_p_int WHERE pensum='5' AND c_uni_ca='6' AND c_asigna='300317' [1][0] OK
C:[16/08/2013 12:35:20.06][190.206.62.90][1151] SELECT c_asigna FROM dace004 WHERE exp_e='12-23017007' AND c_asigna='300207' AND status IN ('0','3','B','C') [1][0] OK
C:[16/08/2013 12:35:20.06][190.206.62.90][1151] SELECT c_asigna FROM dace004 WHERE exp_e='12-23017007' AND c_asigna='300209' AND status IN ('0','3','B','C') [1][0] OK
C:[16/08/2013 12:35:20.35][190.206.62.90][1182] SELECT par_cod_asig1,par_cod_asig2,par_cod_asig3 FROM tblaca009_p_int WHERE pensum='5' AND c_uni_ca='6' AND c_asigna='300317' [1][0] OK
C:[16/08/2013 12:35:20.50][190.206.62.90][1312] SELECT horas_lab FROM tblaca008 WHERE c_asigna='300317' AND horas_teoricas > 0 [1][0] OK
C:[16/08/2013 12:35:24.23][190.201.175.202][1138] SELECT pre_cod_asig1,pre_cod_asig2,pre_cod_asig3,pre_cod_asig4,pre_cod_asig5,pre_cod_asig6,pre_cod_asig7 FROM tblaca009_p_int WHERE pensum='5' AND c_uni_ca='3' AND c_asigna='311551' [1][0] OK
C:[16/08/2013 12:35:24.23][190.201.175.202][1151] SELECT c_asigna FROM dace004 WHERE exp_e='10-24035763' AND c_asigna='311430' AND status IN ('0','3','B','C') [1][0] OK
C:[16/08/2013 12:35:24.48][190.201.175.202][1182] SELECT par_cod_asig1,par_cod_asig2,par_cod_asig3 FROM tblaca009_p_int WHERE pensum='5' AND c_uni_ca='3' AND c_asigna='311551' [1][0] OK
C:[16/08/2013 12:35:24.62][190.201.175.202][1312] SELECT horas_lab FROM tblaca008 WHERE c_asigna='311551' AND horas_teoricas > 0 [1][0] OK
C:[16/08/2013 12:35:29.72][172.16.3.75][1138] SELECT pre_cod_asig1,pre_cod_asig2,pre_cod_asig3,pre_cod_asig4,pre_cod_asig5,pre_cod_asig6,pre_cod_asig7 FROM tblaca009_p_int WHERE pensum='5' AND c_uni_ca='2' AND c_asigna='322436' [1][0] OK
C:[16/08/2013 12:35:29.72][172.16.3.75][1151] SELECT c_asigna FROM dace004 WHERE exp_e='08-20403599' AND c_asigna='320311' AND status IN ('0','3','B','C') [1][0] OK
C:[16/08/2013 12:35:29.72][172.16.3.75][1138] SELECT pre_cod_asig1,pre_cod_asig2,pre_cod_asig3,pre_cod_asig4,pre_cod_asig5,pre_cod_asig6,pre_cod_asig7 FROM tblaca009_p_int WHERE pensum='5' AND c_uni_ca='2' AND c_asigna='322560' [1][0] OK
C:[16/08/2013 12:35:30.66][172.16.3.75][1182] SELECT par_cod_asig1,par_cod_asig2,par_cod_asig3 FROM tblaca009_p_int WHERE pensum='5' AND c_uni_ca='2' AND c_asigna='322436' [1][0] OK
C:[16/08/2013 12:35:30.66][172.16.3.75][1182] SELECT par_cod_asig1,par_cod_asig2,par_cod_asig3 FROM tblaca009_p_int WHERE pensum='5' AND c_uni_ca='2' AND c_asigna='322560' [1][0] OK
C:[16/08/2013 12:35:30.66][172.16.3.75][1196] SELECT c_asigna FROM dace004 WHERE exp_e='08-20403599' AND c_asigna='323528' AND status IN ('0','3','B','C') [0][0] OK
C:[16/08/2013 12:35:30.05][172.16.3.75][1312] SELECT horas_lab FROM tblaca008 WHERE c_asigna='322436' AND horas_teoricas > 0 [1][0] OK
C:[16/08/2013 12:35:30.05][172.16.3.75][1312] SELECT horas_lab FROM tblaca008 WHERE c_asigna='322560' AND horas_teoricas > 0 [1][0] OK
C:[16/08/2013 12:36:10.75][190.201.175.202][1138] SELECT pre_cod_asig1,pre_cod_asig2,pre_cod_asig3,pre_cod_asig4,pre_cod_asig5,pre_cod_asig6,pre_cod_asig7 FROM tblaca009_p_int WHERE pensum='5' AND c_uni_ca='2' AND c_asigna='300207' [1][0] OK
C:[16/08/2013 12:36:10.75][190.201.175.202][1151] SELECT c_asigna FROM dace004 WHERE exp_e='12-24830613' AND c_asigna='300101' AND status IN ('0','3','B','C') [1][0] OK
C:[16/08/2013 12:36:10.75][190.201.175.202][1138] SELECT pre_cod_asig1,pre_cod_asig2,pre_cod_asig3,pre_cod_asig4,pre_cod_asig5,pre_cod_asig6,pre_cod_asig7 FROM tblaca009_p_int WHERE pensum='5' AND c_uni_ca='2' AND c_asigna='300209' [1][0] OK
C:[16/08/2013 12:36:10.75][190.201.175.202][1151] SELECT c_asigna FROM dace004 WHERE exp_e='12-24830613' AND c_asigna='300101' AND status IN ('0','3','B','C') [1][0] OK
C:[16/08/2013 12:36:11.80][190.201.175.202][1182] SELECT par_cod_asig1,par_cod_asig2,par_cod_asig3 FROM tblaca009_p_int WHERE pensum='5' AND c_uni_ca='2' AND c_asigna='300207' [1][0] OK
C:[16/08/2013 12:36:11.80][190.201.175.202][1182] SELECT par_cod_asig1,par_cod_asig2,par_cod_asig3 FROM tblaca009_p_int WHERE pensum='5' AND c_uni_ca='2' AND c_asigna='300209' [1][0] OK
C:[16/08/2013 12:36:11.06][190.201.175.202][1312] SELECT horas_lab FROM tblaca008 WHERE c_asigna='300207' AND horas_teoricas > 0 [1][0] OK
C:[16/08/2013 12:36:11.06][190.201.175.202][1312] SELECT horas_lab FROM tblaca008 WHERE c_asigna='300209' AND horas_teoricas > 0 [1][0] OK
C:[16/08/2013 12:36:13.11][190.201.175.202][1138] SELECT pre_cod_asig1,pre_cod_asig2,pre_cod_asig3,pre_cod_asig4,pre_cod_asig5,pre_cod_asig6,pre_cod_asig7 FROM tblaca009_p_int WHERE pensum='5' AND c_uni_ca='2' AND c_asigna='320323' [1][0] OK
C:[16/08/2013 12:36:13.11][190.201.175.202][1151] SELECT c_asigna FROM dace004 WHERE exp_e='10-21011310' AND c_asigna='300228' AND status IN ('0','3','B','C') [1][0] OK
C:[16/08/2013 12:36:13.11][190.201.175.202][1151] SELECT c_asigna FROM dace004 WHERE exp_e='10-21011310' AND c_asigna='300218' AND status IN ('0','3','B','C') [1][0] OK
C:[16/08/2013 12:36:13.11][190.201.175.202][1138] SELECT pre_cod_asig1,pre_cod_asig2,pre_cod_asig3,pre_cod_asig4,pre_cod_asig5,pre_cod_asig6,pre_cod_asig7 FROM tblaca009_p_int WHERE pensum='5' AND c_uni_ca='2' AND c_asigna='322449' [1][0] OK
C:[16/08/2013 12:36:13.11][190.201.175.202][1151] SELECT c_asigna FROM dace004 WHERE exp_e='10-21011310' AND c_asigna='300222' AND status IN ('0','3','B','C') [1][0] OK
C:[16/08/2013 12:36:13.74][190.201.175.202][1182] SELECT par_cod_asig1,par_cod_asig2,par_cod_asig3 FROM tblaca009_p_int WHERE pensum='5' AND c_uni_ca='2' AND c_asigna='320323' [1][0] OK
C:[16/08/2013 12:36:13.74][190.201.175.202][1182] SELECT par_cod_asig1,par_cod_asig2,par_cod_asig3 FROM tblaca009_p_int WHERE pensum='5' AND c_uni_ca='2' AND c_asigna='322449' [1][0] OK
C:[16/08/2013 12:36:13.00][190.201.175.202][1312] SELECT horas_lab FROM tblaca008 WHERE c_asigna='320323' AND horas_teoricas > 0 [1][0] OK
C:[16/08/2013 12:36:13.00][190.201.175.202][1312] SELECT horas_lab FROM tblaca008 WHERE c_asigna='322449' AND horas_teoricas > 0 [1][0] OK
C:[16/08/2013 12:36:21.09][190.201.175.202][1138] SELECT pre_cod_asig1,pre_cod_asig2,pre_cod_asig3,pre_cod_asig4,pre_cod_asig5,pre_cod_asig6,pre_cod_asig7 FROM tblaca009_p_int WHERE pensum='5' AND c_uni_ca='4' AND c_asigna='300318' [1][0] OK
C:[16/08/2013 12:36:21.09][190.201.175.202][1151] SELECT c_asigna FROM dace004 WHERE exp_e='12-24579973' AND c_asigna='300228' AND status IN ('0','3','B','C') [1][0] OK
C:[16/08/2013 12:36:21.09][190.201.175.202][1151] SELECT c_asigna FROM dace004 WHERE exp_e='12-24579973' AND c_asigna='300207' AND status IN ('0','3','B','C') [1][0] OK
C:[16/08/2013 12:36:21.09][190.201.175.202][1151] SELECT c_asigna FROM dace004 WHERE exp_e='12-24579973' AND c_asigna='300218' AND status IN ('0','3','B','C') [1][0] OK
C:[16/08/2013 12:36:21.50][190.201.175.202][1182] SELECT par_cod_asig1,par_cod_asig2,par_cod_asig3 FROM tblaca009_p_int WHERE pensum='5' AND c_uni_ca='4' AND c_asigna='300318' [1][0] OK
C:[16/08/2013 12:36:21.63][190.201.175.202][1312] SELECT horas_lab FROM tblaca008 WHERE c_asigna='300318' AND horas_teoricas > 0 [1][0] OK
C:[16/08/2013 12:36:42.95][190.207.43.222][1138] SELECT pre_cod_asig1,pre_cod_asig2,pre_cod_asig3,pre_cod_asig4,pre_cod_asig5,pre_cod_asig6,pre_cod_asig7 FROM tblaca009_p_int WHERE pensum='5' AND c_uni_ca='6' AND c_asigna='300101' [1][0] OK
C:[16/08/2013 12:36:43.66][190.207.43.222][1182] SELECT par_cod_asig1,par_cod_asig2,par_cod_asig3 FROM tblaca009_p_int WHERE pensum='5' AND c_uni_ca='6' AND c_asigna='300101' [1][0] OK
C:[16/08/2013 12:36:43.78][190.207.43.222][1312] SELECT horas_lab FROM tblaca008 WHERE c_asigna='300101' AND horas_teoricas > 0 [1][0] OK
C:[16/08/2013 12:36:56.96][186.90.186.143][1138] SELECT pre_cod_asig1,pre_cod_asig2,pre_cod_asig3,pre_cod_asig4,pre_cod_asig5,pre_cod_asig6,pre_cod_asig7 FROM tblaca009_p_int WHERE pensum='5' AND c_uni_ca='5' AND c_asigna='355693' [1][0] OK
C:[16/08/2013 12:36:56.96][186.90.186.143][1151] SELECT c_asigna FROM dace004 WHERE exp_e='07-19748864' AND c_asigna='355572' AND status IN ('0','3','B','C') [1][0] OK
C:[16/08/2013 12:36:56.96][186.90.186.143][1151] SELECT c_asigna FROM dace004 WHERE exp_e='07-19748864' AND c_asigna='352440' AND status IN ('0','3','B','C') [1][0] OK
C:[16/08/2013 12:36:56.96][186.90.186.143][1151] SELECT c_asigna FROM dace004 WHERE exp_e='07-19748864' AND c_asigna='355573' AND status IN ('0','3','B','C') [1][0] OK
C:[16/08/2013 12:36:56.96][186.90.186.143][1138] SELECT pre_cod_asig1,pre_cod_asig2,pre_cod_asig3,pre_cod_asig4,pre_cod_asig5,pre_cod_asig6,pre_cod_asig7 FROM tblaca009_p_int WHERE pensum='5' AND c_uni_ca='5' AND c_asigna='355722' [1][0] OK
C:[16/08/2013 12:36:56.96][186.90.186.143][1151] SELECT c_asigna FROM dace004 WHERE exp_e='07-19748864' AND c_asigna='355691' AND status IN ('0','3','B','C') [1][0] OK
C:[16/08/2013 12:36:56.96][186.90.186.143][1151] SELECT c_asigna FROM dace004 WHERE exp_e='07-19748864' AND c_asigna='355595' AND status IN ('0','3','B','C') [1][0] OK
C:[16/08/2013 12:36:57.84][186.90.186.143][1182] SELECT par_cod_asig1,par_cod_asig2,par_cod_asig3 FROM tblaca009_p_int WHERE pensum='5' AND c_uni_ca='5' AND c_asigna='355693' [1][0] OK
C:[16/08/2013 12:36:57.84][186.90.186.143][1182] SELECT par_cod_asig1,par_cod_asig2,par_cod_asig3 FROM tblaca009_p_int WHERE pensum='5' AND c_uni_ca='5' AND c_asigna='355722' [1][0] OK
C:[16/08/2013 12:36:57.12][186.90.186.143][1312] SELECT horas_lab FROM tblaca008 WHERE c_asigna='355693' AND horas_teoricas > 0 [1][0] OK
C:[16/08/2013 12:36:57.12][186.90.186.143][1312] SELECT horas_lab FROM tblaca008 WHERE c_asigna='355722' AND horas_teoricas > 0 [1][0] OK
C:[16/08/2013 12:37:23.06][190.77.213.252][1138] SELECT pre_cod_asig1,pre_cod_asig2,pre_cod_asig3,pre_cod_asig4,pre_cod_asig5,pre_cod_asig6,pre_cod_asig7 FROM tblaca009_p_int WHERE pensum='5' AND c_uni_ca='3' AND c_asigna='300101' [1][0] OK
C:[16/08/2013 12:37:23.75][190.77.213.252][1182] SELECT par_cod_asig1,par_cod_asig2,par_cod_asig3 FROM tblaca009_p_int WHERE pensum='5' AND c_uni_ca='3' AND c_asigna='300101' [1][0] OK
C:[16/08/2013 12:37:23.88][190.77.213.252][1312] SELECT horas_lab FROM tblaca008 WHERE c_asigna='300101' AND horas_teoricas > 0 [1][0] OK
C:[16/08/2013 12:37:44.14][190.201.1.101][1138] SELECT pre_cod_asig1,pre_cod_asig2,pre_cod_asig3,pre_cod_asig4,pre_cod_asig5,pre_cod_asig6,pre_cod_asig7 FROM tblaca009_p_int WHERE pensum='5' AND c_uni_ca='3' AND c_asigna='311554' [1][0] OK
C:[16/08/2013 12:37:44.14][190.201.1.101][1151] SELECT c_asigna FROM dace004 WHERE exp_e='05-18248843' AND c_asigna='300318' AND status IN ('0','3','B','C') [1][0] OK
C:[16/08/2013 12:37:44.96][190.201.1.101][1182] SELECT par_cod_asig1,par_cod_asig2,par_cod_asig3 FROM tblaca009_p_int WHERE pensum='5' AND c_uni_ca='3' AND c_asigna='311554' [1][0] OK
C:[16/08/2013 12:37:44.10][190.201.1.101][1312] SELECT horas_lab FROM tblaca008 WHERE c_asigna='311554' AND horas_teoricas > 0 [1][0] OK
C:[16/08/2013 12:38:17.73][190.201.171.79][1138] SELECT pre_cod_asig1,pre_cod_asig2,pre_cod_asig3,pre_cod_asig4,pre_cod_asig5,pre_cod_asig6,pre_cod_asig7 FROM tblaca009_p_int WHERE pensum='5' AND c_uni_ca='3' AND c_asigna='300101' [1][0] OK
C:[16/08/2013 12:38:17.42][190.201.171.79][1182] SELECT par_cod_asig1,par_cod_asig2,par_cod_asig3 FROM tblaca009_p_int WHERE pensum='5' AND c_uni_ca='3' AND c_asigna='300101' [1][0] OK
C:[16/08/2013 12:38:17.57][190.201.171.79][1312] SELECT horas_lab FROM tblaca008 WHERE c_asigna='300101' AND horas_teoricas > 0 [1][0] OK
C:[16/08/2013 12:38:24.03][190.77.213.252][1138] SELECT pre_cod_asig1,pre_cod_asig2,pre_cod_asig3,pre_cod_asig4,pre_cod_asig5,pre_cod_asig6,pre_cod_asig7 FROM tblaca009_p_int WHERE pensum='5' AND c_uni_ca='3' AND c_asigna='300101' [1][0] OK
C:[16/08/2013 12:38:24.16][190.77.213.252][1182] SELECT par_cod_asig1,par_cod_asig2,par_cod_asig3 FROM tblaca009_p_int WHERE pensum='5' AND c_uni_ca='3' AND c_asigna='300101' [1][0] OK
C:[16/08/2013 12:38:24.29][190.77.213.252][1312] SELECT horas_lab FROM tblaca008 WHERE c_asigna='300101' AND horas_teoricas > 0 [1][0] OK
C:[16/08/2013 12:38:30.34][190.206.56.109][1138] SELECT pre_cod_asig1,pre_cod_asig2,pre_cod_asig3,pre_cod_asig4,pre_cod_asig5,pre_cod_asig6,pre_cod_asig7 FROM tblaca009_p_int WHERE pensum='5' AND c_uni_ca='3' AND c_asigna='300313' [1][0] OK
C:[16/08/2013 12:38:30.34][190.206.56.109][1151] SELECT c_asigna FROM dace004 WHERE exp_e='11-25393777' AND c_asigna='300213' AND status IN ('0','3','B','C') [1][0] OK
C:[16/08/2013 12:38:30.34][190.206.56.109][1138] SELECT pre_cod_asig1,pre_cod_asig2,pre_cod_asig3,pre_cod_asig4,pre_cod_asig5,pre_cod_asig6,pre_cod_asig7 FROM tblaca009_p_int WHERE pensum='5' AND c_uni_ca='3' AND c_asigna='300317' [1][0] OK
C:[16/08/2013 12:38:30.34][190.206.56.109][1151] SELECT c_asigna FROM dace004 WHERE exp_e='11-25393777' AND c_asigna='300207' AND status IN ('0','3','B','C') [1][0] OK
C:[16/08/2013 12:38:30.34][190.206.56.109][1151] SELECT c_asigna FROM dace004 WHERE exp_e='11-25393777' AND c_asigna='300209' AND status IN ('0','3','B','C') [1][0] OK
C:[16/08/2013 12:38:30.96][190.206.56.109][1182] SELECT par_cod_asig1,par_cod_asig2,par_cod_asig3 FROM tblaca009_p_int WHERE pensum='5' AND c_uni_ca='3' AND c_asigna='300313' [1][0] OK
C:[16/08/2013 12:38:30.96][190.206.56.109][1182] SELECT par_cod_asig1,par_cod_asig2,par_cod_asig3 FROM tblaca009_p_int WHERE pensum='5' AND c_uni_ca='3' AND c_asigna='300317' [1][0] OK
C:[16/08/2013 12:38:30.24][190.206.56.109][1312] SELECT horas_lab FROM tblaca008 WHERE c_asigna='300313' AND horas_teoricas > 0 [1][0] OK
C:[16/08/2013 12:38:30.24][190.206.56.109][1312] SELECT horas_lab FROM tblaca008 WHERE c_asigna='300317' AND horas_teoricas > 0 [1][0] OK
C:[16/08/2013 12:39:02.57][172.16.4.254][1138] SELECT pre_cod_asig1,pre_cod_asig2,pre_cod_asig3,pre_cod_asig4,pre_cod_asig5,pre_cod_asig6,pre_cod_asig7 FROM tblaca009_p_int WHERE pensum='5' AND c_uni_ca='5' AND c_asigna='351451' [1][0] [MERANT][ODBC SQLBase driver][SQLBase]01801 LKM DLK Application deadlock
C:[16/08/2013 12:39:02.57][172.16.4.254][1151] SELECT c_asigna FROM dace004 WHERE exp_e='08-20374432' AND c_asigna='351330' AND status IN ('0','3','B','C') [1][0] [MERANT][ODBC SQLBase driver][SQLBase]01801 LKM DLK Application deadlock
C:[16/08/2013 12:39:02.57][172.16.4.254][1151] SELECT c_asigna FROM dace004 WHERE exp_e='08-20374432' AND c_asigna='355350' AND status IN ('0','3','B','C') [1][0] [MERANT][ODBC SQLBase driver][SQLBase]01801 LKM DLK Application deadlock
C:[16/08/2013 12:39:02.57][172.16.4.254][1151] SELECT c_asigna FROM dace004 WHERE exp_e='08-20374432' AND c_asigna='300318' AND status IN ('0','3','B','C') [1][0] [MERANT][ODBC SQLBase driver][SQLBase]01801 LKM DLK Application deadlock
C:[16/08/2013 12:39:02.57][172.16.4.254][1138] SELECT pre_cod_asig1,pre_cod_asig2,pre_cod_asig3,pre_cod_asig4,pre_cod_asig5,pre_cod_asig6,pre_cod_asig7 FROM tblaca009_p_int WHERE pensum='5' AND c_uni_ca='5' AND c_asigna='355572' [1][0] [MERANT][ODBC SQLBase driver][SQLBase]01801 LKM DLK Application deadlock
C:[16/08/2013 12:39:02.57][172.16.4.254][1151] SELECT c_asigna FROM dace004 WHERE exp_e='08-20374432' AND c_asigna='300428' AND status IN ('0','3','B','C') [1][0] [MERANT][ODBC SQLBase driver][SQLBase]01801 LKM DLK Application deadlock
C:[16/08/2013 12:39:02.88][172.16.4.254][1182] SELECT par_cod_asig1,par_cod_asig2,par_cod_asig3 FROM tblaca009_p_int WHERE pensum='5' AND c_uni_ca='5' AND c_asigna='351451' [1][0] [MERANT][ODBC SQLBase driver][SQLBase]01801 LKM DLK Application deadlock
C:[16/08/2013 12:39:02.88][172.16.4.254][1182] SELECT par_cod_asig1,par_cod_asig2,par_cod_asig3 FROM tblaca009_p_int WHERE pensum='5' AND c_uni_ca='5' AND c_asigna='355572' [1][0] [MERANT][ODBC SQLBase driver][SQLBase]01801 LKM DLK Application deadlock
C:[16/08/2013 12:39:02.15][172.16.4.254][1312] SELECT horas_lab FROM tblaca008 WHERE c_asigna='351451' AND horas_teoricas > 0 [1][0] [MERANT][ODBC SQLBase driver][SQLBase]01801 LKM DLK Application deadlock
C:[16/08/2013 12:39:02.15][172.16.4.254][1312] SELECT horas_lab FROM tblaca008 WHERE c_asigna='355572' AND horas_teoricas > 0 [1][0] [MERANT][ODBC SQLBase driver][SQLBase]01801 LKM DLK Application deadlock
C:[16/08/2013 12:39:08.60][190.201.175.202][1138] SELECT pre_cod_asig1,pre_cod_asig2,pre_cod_asig3,pre_cod_asig4,pre_cod_asig5,pre_cod_asig6,pre_cod_asig7 FROM tblaca009_p_int WHERE pensum='5' AND c_uni_ca='2' AND c_asigna='300207' [1][0] OK
C:[16/08/2013 12:39:08.60][190.201.175.202][1151] SELECT c_asigna FROM dace004 WHERE exp_e='11-24037575' AND c_asigna='300101' AND status IN ('0','3','B','C') [1][0] OK
C:[16/08/2013 12:39:08.85][190.201.175.202][1182] SELECT par_cod_asig1,par_cod_asig2,par_cod_asig3 FROM tblaca009_p_int WHERE pensum='5' AND c_uni_ca='2' AND c_asigna='300207' [1][0] OK
C:[16/08/2013 12:39:08.99][190.201.175.202][1312] SELECT horas_lab FROM tblaca008 WHERE c_asigna='300207' AND horas_teoricas > 0 [1][0] OK
C:[16/08/2013 12:39:17.62][190.73.234.116][1138] SELECT pre_cod_asig1,pre_cod_asig2,pre_cod_asig3,pre_cod_asig4,pre_cod_asig5,pre_cod_asig6,pre_cod_asig7 FROM tblaca009_p_int WHERE pensum='5' AND c_uni_ca='6' AND c_asigna='344843' [1][0] OK
C:[16/08/2013 12:39:17.62][190.73.234.116][1151] SELECT c_asigna FROM dace004 WHERE exp_e='08-20916626' AND c_asigna='344714' AND status IN ('0','3','B','C') [1][0] OK
C:[16/08/2013 12:39:17.62][190.73.234.116][1138] SELECT pre_cod_asig1,pre_cod_asig2,pre_cod_asig3,pre_cod_asig4,pre_cod_asig5,pre_cod_asig6,pre_cod_asig7 FROM tblaca009_p_int WHERE pensum='5' AND c_uni_ca='6' AND c_asigna='300956' [1][0] OK
C:[16/08/2013 12:39:17.62][190.73.234.116][1151] SELECT c_asigna FROM dace004 WHERE exp_e='08-20916626' AND c_asigna='300422' AND status IN ('0','3','B','C') [1][0] OK
C:[16/08/2013 12:39:17.68][190.73.234.116][1182] SELECT par_cod_asig1,par_cod_asig2,par_cod_asig3 FROM tblaca009_p_int WHERE pensum='5' AND c_uni_ca='6' AND c_asigna='344843' [1][0] OK
C:[16/08/2013 12:39:17.68][190.73.234.116][1182] SELECT par_cod_asig1,par_cod_asig2,par_cod_asig3 FROM tblaca009_p_int WHERE pensum='5' AND c_uni_ca='6' AND c_asigna='300956' [1][0] OK
C:[16/08/2013 12:39:17.95][190.73.234.116][1312] SELECT horas_lab FROM tblaca008 WHERE c_asigna='344843' AND horas_teoricas > 0 [1][0] OK
C:[16/08/2013 12:39:17.95][190.73.234.116][1312] SELECT horas_lab FROM tblaca008 WHERE c_asigna='300956' AND horas_teoricas > 0 [1][0] OK
C:[16/08/2013 12:39:37.30][190.39.5.74][1138] SELECT pre_cod_asig1,pre_cod_asig2,pre_cod_asig3,pre_cod_asig4,pre_cod_asig5,pre_cod_asig6,pre_cod_asig7 FROM tblaca009_p_int WHERE pensum='5' AND c_uni_ca='3' AND c_asigna='311431' [1][0] OK
C:[16/08/2013 12:39:37.30][190.39.5.74][1151] SELECT c_asigna FROM dace004 WHERE exp_e='11-21109621' AND c_asigna='300317' AND status IN ('0','3','B','C') [1][0] OK
C:[16/08/2013 12:39:37.30][190.39.5.74][1151] SELECT c_asigna FROM dace004 WHERE exp_e='11-21109621' AND c_asigna='300318' AND status IN ('0','3','B','C') [1][0] OK
C:[16/08/2013 12:39:37.30][190.39.5.74][1138] SELECT pre_cod_asig1,pre_cod_asig2,pre_cod_asig3,pre_cod_asig4,pre_cod_asig5,pre_cod_asig6,pre_cod_asig7 FROM tblaca009_p_int WHERE pensum='5' AND c_uni_ca='3' AND c_asigna='310548' [1][0] OK
C:[16/08/2013 12:39:37.30][190.39.5.74][1151] SELECT c_asigna FROM dace004 WHERE exp_e='11-21109621' AND c_asigna='300428' AND status IN ('0','3','B','C') [1][0] OK
C:[16/08/2013 12:39:37.14][190.39.5.74][1182] SELECT par_cod_asig1,par_cod_asig2,par_cod_asig3 FROM tblaca009_p_int WHERE pensum='5' AND c_uni_ca='3' AND c_asigna='311431' [1][0] OK
C:[16/08/2013 12:39:37.14][190.39.5.74][1182] SELECT par_cod_asig1,par_cod_asig2,par_cod_asig3 FROM tblaca009_p_int WHERE pensum='5' AND c_uni_ca='3' AND c_asigna='310548' [1][0] OK
C:[16/08/2013 12:39:37.31][190.39.5.74][1312] SELECT horas_lab FROM tblaca008 WHERE c_asigna='311431' AND horas_teoricas > 0 [1][0] OK
C:[16/08/2013 12:39:37.31][190.39.5.74][1312] SELECT horas_lab FROM tblaca008 WHERE c_asigna='310548' AND horas_teoricas > 0 [1][0] OK
C:[16/08/2013 12:40:05.88][190.37.47.224][1138] SELECT pre_cod_asig1,pre_cod_asig2,pre_cod_asig3,pre_cod_asig4,pre_cod_asig5,pre_cod_asig6,pre_cod_asig7 FROM tblaca009_p_int WHERE pensum='5' AND c_uni_ca='2' AND c_asigna='320323' [1][0] OK
C:[16/08/2013 12:40:05.88][190.37.47.224][1151] SELECT c_asigna FROM dace004 WHERE exp_e='10-21235593' AND c_asigna='300228' AND status IN ('0','3','B','C') [1][0] OK
C:[16/08/2013 12:40:05.88][190.37.47.224][1151] SELECT c_asigna FROM dace004 WHERE exp_e='10-21235593' AND c_asigna='300218' AND status IN ('0','3','B','C') [1][0] OK
C:[16/08/2013 12:40:05.82][190.37.47.224][1182] SELECT par_cod_asig1,par_cod_asig2,par_cod_asig3 FROM tblaca009_p_int WHERE pensum='5' AND c_uni_ca='2' AND c_asigna='320323' [1][0] OK
C:[16/08/2013 12:40:05.96][190.37.47.224][1312] SELECT horas_lab FROM tblaca008 WHERE c_asigna='320323' AND horas_teoricas > 0 [1][0] OK
C:[16/08/2013 12:40:17.47][190.37.142.178][1138] SELECT pre_cod_asig1,pre_cod_asig2,pre_cod_asig3,pre_cod_asig4,pre_cod_asig5,pre_cod_asig6,pre_cod_asig7 FROM tblaca009_p_int WHERE pensum='5' AND c_uni_ca='4' AND c_asigna='333639' [1][0] OK
C:[16/08/2013 12:40:17.47][190.37.142.178][1151] SELECT c_asigna FROM dace004 WHERE exp_e='10-20841125' AND c_asigna='333585' AND status IN ('0','3','B','C') [1][0] OK
C:[16/08/2013 12:40:17.76][190.37.142.178][1182] SELECT par_cod_asig1,par_cod_asig2,par_cod_asig3 FROM tblaca009_p_int WHERE pensum='5' AND c_uni_ca='4' AND c_asigna='333639' [1][0] OK
C:[16/08/2013 12:40:17.85][190.37.142.178][1312] SELECT horas_lab FROM tblaca008 WHERE c_asigna='333639' AND horas_teoricas > 0 [1][0] OK
C:[16/08/2013 12:40:45.10][190.201.175.202][1138] SELECT pre_cod_asig1,pre_cod_asig2,pre_cod_asig3,pre_cod_asig4,pre_cod_asig5,pre_cod_asig6,pre_cod_asig7 FROM tblaca009_p_int WHERE pensum='5' AND c_uni_ca='2' AND c_asigna='322449' [1][0] OK
C:[16/08/2013 12:40:45.10][190.201.175.202][1151] SELECT c_asigna FROM dace004 WHERE exp_e='10-20013109' AND c_asigna='300222' AND status IN ('0','3','B','C') [1][0] OK
C:[16/08/2013 12:40:45.87][190.201.175.202][1182] SELECT par_cod_asig1,par_cod_asig2,par_cod_asig3 FROM tblaca009_p_int WHERE pensum='5' AND c_uni_ca='2' AND c_asigna='322449' [1][0] OK
C:[16/08/2013 12:40:45.00][190.201.175.202][1312] SELECT horas_lab FROM tblaca008 WHERE c_asigna='322449' AND horas_teoricas > 0 [1][0] OK
C:[16/08/2013 12:41:08.92][190.37.160.231][1138] SELECT pre_cod_asig1,pre_cod_asig2,pre_cod_asig3,pre_cod_asig4,pre_cod_asig5,pre_cod_asig6,pre_cod_asig7 FROM tblaca009_p_int WHERE pensum='5' AND c_uni_ca='6' AND c_asigna='300113' [1][0] OK
C:[16/08/2013 12:41:08.92][190.37.160.231][1138] SELECT pre_cod_asig1,pre_cod_asig2,pre_cod_asig3,pre_cod_asig4,pre_cod_asig5,pre_cod_asig6,pre_cod_asig7 FROM tblaca009_p_int WHERE pensum='5' AND c_uni_ca='6' AND c_asigna='300222' [1][0] OK
C:[16/08/2013 12:41:08.92][190.37.160.231][1151] SELECT c_asigna FROM dace004 WHERE exp_e='12-23503397' AND c_asigna='300112' AND status IN ('0','3','B','C') [1][0] OK
C:[16/08/2013 12:41:08.86][190.37.160.231][1182] SELECT par_cod_asig1,par_cod_asig2,par_cod_asig3 FROM tblaca009_p_int WHERE pensum='5' AND c_uni_ca='6' AND c_asigna='300113' [1][0] OK
C:[16/08/2013 12:41:08.86][190.37.160.231][1196] SELECT c_asigna FROM dace004 WHERE exp_e='12-23503397' AND c_asigna='300013' AND status IN ('0','3','B','C') [1][0] OK
C:[16/08/2013 12:41:08.86][190.37.160.231][1182] SELECT par_cod_asig1,par_cod_asig2,par_cod_asig3 FROM tblaca009_p_int WHERE pensum='5' AND c_uni_ca='6' AND c_asigna='300222' [1][0] OK
C:[16/08/2013 12:41:08.26][190.37.160.231][1312] SELECT horas_lab FROM tblaca008 WHERE c_asigna='300113' AND horas_teoricas > 0 [0][0] OK
C:[16/08/2013 12:41:08.26][190.37.160.231][1312] SELECT horas_lab FROM tblaca008 WHERE c_asigna='300222' AND horas_teoricas > 0 [1][0] OK
C:[16/08/2013 12:41:53.99][190.201.175.202][1138] SELECT pre_cod_asig1,pre_cod_asig2,pre_cod_asig3,pre_cod_asig4,pre_cod_asig5,pre_cod_asig6,pre_cod_asig7 FROM tblaca009_p_int WHERE pensum='5' AND c_uni_ca='2' AND c_asigna='322449' [1][0] OK
C:[16/08/2013 12:41:53.99][190.201.175.202][1151] SELECT c_asigna FROM dace004 WHERE exp_e='10-20013109' AND c_asigna='300222' AND status IN ('0','3','B','C') [1][0] OK
C:[16/08/2013 12:41:53.81][190.201.175.202][1182] SELECT par_cod_asig1,par_cod_asig2,par_cod_asig3 FROM tblaca009_p_int WHERE pensum='5' AND c_uni_ca='2' AND c_asigna='322449' [1][0] OK
C:[16/08/2013 12:41:53.94][190.201.175.202][1312] SELECT horas_lab FROM tblaca008 WHERE c_asigna='322449' AND horas_teoricas > 0 [1][0] OK
C:[16/08/2013 12:41:54.09][200.84.72.16][1138] SELECT pre_cod_asig1,pre_cod_asig2,pre_cod_asig3,pre_cod_asig4,pre_cod_asig5,pre_cod_asig6,pre_cod_asig7 FROM tblaca009_p_int WHERE pensum='5' AND c_uni_ca='6' AND c_asigna='344688' [1][0] OK
C:[16/08/2013 12:41:54.09][200.84.72.16][1151] SELECT c_asigna FROM dace004 WHERE exp_e='10-21338158' AND c_asigna='344565' AND status IN ('0','3','B','C') [1][0] OK
C:[16/08/2013 12:41:54.34][200.84.72.16][1182] SELECT par_cod_asig1,par_cod_asig2,par_cod_asig3 FROM tblaca009_p_int WHERE pensum='5' AND c_uni_ca='6' AND c_asigna='344688' [1][0] OK
C:[16/08/2013 12:41:54.48][200.84.72.16][1312] SELECT horas_lab FROM tblaca008 WHERE c_asigna='344688' AND horas_teoricas > 0 [1][0] OK
C:[16/08/2013 12:42:14.10][190.200.22.249][1138] SELECT pre_cod_asig1,pre_cod_asig2,pre_cod_asig3,pre_cod_asig4,pre_cod_asig5,pre_cod_asig6,pre_cod_asig7 FROM tblaca009_p_int WHERE pensum='5' AND c_uni_ca='6' AND c_asigna='300317' [1][0] OK
C:[16/08/2013 12:42:14.10][190.200.22.249][1151] SELECT c_asigna FROM dace004 WHERE exp_e='09-22588130' AND c_asigna='300207' AND status IN ('0','3','B','C') [1][0] OK
C:[16/08/2013 12:42:14.10][190.200.22.249][1151] SELECT c_asigna FROM dace004 WHERE exp_e='09-22588130' AND c_asigna='300209' AND status IN ('0','3','B','C') [1][0] OK
C:[16/08/2013 12:42:14.02][190.200.22.249][1182] SELECT par_cod_asig1,par_cod_asig2,par_cod_asig3 FROM tblaca009_p_int WHERE pensum='5' AND c_uni_ca='6' AND c_asigna='300317' [1][0] OK
C:[16/08/2013 12:42:14.17][190.200.22.249][1312] SELECT horas_lab FROM tblaca008 WHERE c_asigna='300317' AND horas_teoricas > 0 [1][0] OK
C:[16/08/2013 12:42:28.21][190.75.138.206][1138] SELECT pre_cod_asig1,pre_cod_asig2,pre_cod_asig3,pre_cod_asig4,pre_cod_asig5,pre_cod_asig6,pre_cod_asig7 FROM tblaca009_p_int WHERE pensum='5' AND c_uni_ca='4' AND c_asigna='300207' [1][0] OK
C:[16/08/2013 12:42:28.21][190.75.138.206][1151] SELECT c_asigna FROM dace004 WHERE exp_e='11-23505104' AND c_asigna='300101' AND status IN ('0','3','B','C') [1][0] OK
C:[16/08/2013 12:42:28.46][190.75.138.206][1182] SELECT par_cod_asig1,par_cod_asig2,par_cod_asig3 FROM tblaca009_p_int WHERE pensum='5' AND c_uni_ca='4' AND c_asigna='300207' [1][0] OK
C:[16/08/2013 12:42:28.59][190.75.138.206][1312] SELECT horas_lab FROM tblaca008 WHERE c_asigna='300207' AND horas_teoricas > 0 [1][0] OK
C:[16/08/2013 12:43:31.90][190.199.95.200][1138] SELECT pre_cod_asig1,pre_cod_asig2,pre_cod_asig3,pre_cod_asig4,pre_cod_asig5,pre_cod_asig6,pre_cod_asig7 FROM tblaca009_p_int WHERE pensum='5' AND c_uni_ca='3' AND c_asigna='300209' [1][0] OK
C:[16/08/2013 12:43:31.90][190.199.95.200][1151] SELECT c_asigna FROM dace004 WHERE exp_e='12-20035534' AND c_asigna='300101' AND status IN ('0','3','B','C') [1][0] OK
C:[16/08/2013 12:43:31.73][190.199.95.200][1182] SELECT par_cod_asig1,par_cod_asig2,par_cod_asig3 FROM tblaca009_p_int WHERE pensum='5' AND c_uni_ca='3' AND c_asigna='300209' [1][0] OK
C:[16/08/2013 12:43:32.86][190.199.95.200][1312] SELECT horas_lab FROM tblaca008 WHERE c_asigna='300209' AND horas_teoricas > 0 [1][0] OK
C:[16/08/2013 12:43:58.76][186.94.90.253][1138] SELECT pre_cod_asig1,pre_cod_asig2,pre_cod_asig3,pre_cod_asig4,pre_cod_asig5,pre_cod_asig6,pre_cod_asig7 FROM tblaca009_p_int WHERE pensum='5' AND c_uni_ca='6' AND c_asigna='344715' [1][0] OK
C:[16/08/2013 12:43:58.76][186.94.90.253][1151] SELECT c_asigna FROM dace004 WHERE exp_e='08-14188859' AND c_asigna='344688' AND status IN ('0','3','B','C') [1][0] OK
C:[16/08/2013 12:43:58.76][186.94.90.253][1151] SELECT c_asigna FROM dace004 WHERE exp_e='08-14188859' AND c_asigna='344613' AND status IN ('0','3','B','C') [1][0] OK
C:[16/08/2013 12:43:58.69][186.94.90.253][1182] SELECT par_cod_asig1,par_cod_asig2,par_cod_asig3 FROM tblaca009_p_int WHERE pensum='5' AND c_uni_ca='6' AND c_asigna='344715' [1][0] OK
C:[16/08/2013 12:43:58.83][186.94.90.253][1312] SELECT horas_lab FROM tblaca008 WHERE c_asigna='344715' AND horas_teoricas > 0 [1][0] OK
C:[16/08/2013 12:44:18.90][200.84.65.147][1138] SELECT pre_cod_asig1,pre_cod_asig2,pre_cod_asig3,pre_cod_asig4,pre_cod_asig5,pre_cod_asig6,pre_cod_asig7 FROM tblaca009_p_int WHERE pensum='5' AND c_uni_ca='5' AND c_asigna='300101' [1][0] OK
C:[16/08/2013 12:44:18.60][200.84.65.147][1182] SELECT par_cod_asig1,par_cod_asig2,par_cod_asig3 FROM tblaca009_p_int WHERE pensum='5' AND c_uni_ca='5' AND c_asigna='300101' [1][0] OK
C:[16/08/2013 12:44:18.73][200.84.65.147][1312] SELECT horas_lab FROM tblaca008 WHERE c_asigna='300101' AND horas_teoricas > 0 [1][0] OK
C:[16/08/2013 12:44:21.07][190.36.3.225][1138] SELECT pre_cod_asig1,pre_cod_asig2,pre_cod_asig3,pre_cod_asig4,pre_cod_asig5,pre_cod_asig6,pre_cod_asig7 FROM tblaca009_p_int WHERE pensum='5' AND c_uni_ca='3' AND c_asigna='311823' [1][0] OK
C:[16/08/2013 12:44:21.07][190.36.3.225][1151] SELECT c_asigna FROM dace004 WHERE exp_e='08-18665516' AND c_asigna='311795' AND status IN ('0','3','B','C') [1][0] OK
C:[16/08/2013 12:44:21.33][190.36.3.225][1182] SELECT par_cod_asig1,par_cod_asig2,par_cod_asig3 FROM tblaca009_p_int WHERE pensum='5' AND c_uni_ca='3' AND c_asigna='311823' [1][0] OK
C:[16/08/2013 12:44:21.55][190.36.3.225][1312] SELECT horas_lab FROM tblaca008 WHERE c_asigna='311823' AND horas_teoricas > 0 [1][0] OK
C:[16/08/2013 12:46:28.12][190.200.18.179][1138] SELECT pre_cod_asig1,pre_cod_asig2,pre_cod_asig3,pre_cod_asig4,pre_cod_asig5,pre_cod_asig6,pre_cod_asig7 FROM tblaca009_p_int WHERE pensum='5' AND c_uni_ca='4' AND c_asigna='300101' [1][0] OK
C:[16/08/2013 12:46:28.80][190.200.18.179][1182] SELECT par_cod_asig1,par_cod_asig2,par_cod_asig3 FROM tblaca009_p_int WHERE pensum='5' AND c_uni_ca='4' AND c_asigna='300101' [1][0] OK
C:[16/08/2013 12:46:28.04][190.200.18.179][1312] SELECT horas_lab FROM tblaca008 WHERE c_asigna='300101' AND horas_teoricas > 0 [1][0] OK
C:[16/08/2013 12:47:26.35][172.16.4.254][1138] SELECT pre_cod_asig1,pre_cod_asig2,pre_cod_asig3,pre_cod_asig4,pre_cod_asig5,pre_cod_asig6,pre_cod_asig7 FROM tblaca009_p_int WHERE pensum='5' AND c_uni_ca='3' AND c_asigna='300222' [1][0] OK
C:[16/08/2013 12:47:26.35][172.16.4.254][1151] SELECT c_asigna FROM dace004 WHERE exp_e='11-21111165' AND c_asigna='300112' AND status IN ('0','3','B','C') [1][0] OK
C:[16/08/2013 12:47:26.16][172.16.4.254][1182] SELECT par_cod_asig1,par_cod_asig2,par_cod_asig3 FROM tblaca009_p_int WHERE pensum='5' AND c_uni_ca='3' AND c_asigna='300222' [1][0] OK
C:[16/08/2013 12:47:26.30][172.16.4.254][1312] SELECT horas_lab FROM tblaca008 WHERE c_asigna='300222' AND horas_teoricas > 0 [1][0] OK
C:[16/08/2013 12:47:42.19][190.201.175.202][1138] SELECT pre_cod_asig1,pre_cod_asig2,pre_cod_asig3,pre_cod_asig4,pre_cod_asig5,pre_cod_asig6,pre_cod_asig7 FROM tblaca009_p_int WHERE pensum='5' AND c_uni_ca='6' AND c_asigna='300207' [1][0] OK
C:[16/08/2013 12:47:42.19][190.201.175.202][1151] SELECT c_asigna FROM dace004 WHERE exp_e='10-20702241' AND c_asigna='300101' AND status IN ('0','3','B','C') [1][0] OK
C:[16/08/2013 12:47:42.89][190.201.175.202][1182] SELECT par_cod_asig1,par_cod_asig2,par_cod_asig3 FROM tblaca009_p_int WHERE pensum='5' AND c_uni_ca='6' AND c_asigna='300207' [1][0] OK
C:[16/08/2013 12:47:42.04][190.201.175.202][1312] SELECT horas_lab FROM tblaca008 WHERE c_asigna='300207' AND horas_teoricas > 0 [1][0] OK
C:[16/08/2013 12:49:11.27][190.76.100.189][1138] SELECT pre_cod_asig1,pre_cod_asig2,pre_cod_asig3,pre_cod_asig4,pre_cod_asig5,pre_cod_asig6,pre_cod_asig7 FROM tblaca009_p_int WHERE pensum='5' AND c_uni_ca='5' AND c_asigna='351451' [1][0] OK
C:[16/08/2013 12:49:11.27][190.76.100.189][1151] SELECT c_asigna FROM dace004 WHERE exp_e='11-24541069' AND c_asigna='351330' AND status IN ('0','3','B','C') [1][0] OK
C:[16/08/2013 12:49:11.27][190.76.100.189][1151] SELECT c_asigna FROM dace004 WHERE exp_e='11-24541069' AND c_asigna='355350' AND status IN ('0','3','B','C') [1][0] OK
C:[16/08/2013 12:49:11.27][190.76.100.189][1151] SELECT c_asigna FROM dace004 WHERE exp_e='11-24541069' AND c_asigna='300318' AND status IN ('0','3','B','C') [1][0] OK
C:[16/08/2013 12:49:11.27][190.76.100.189][1138] SELECT pre_cod_asig1,pre_cod_asig2,pre_cod_asig3,pre_cod_asig4,pre_cod_asig5,pre_cod_asig6,pre_cod_asig7 FROM tblaca009_p_int WHERE pensum='5' AND c_uni_ca='5' AND c_asigna='355572' [1][0] OK
C:[16/08/2013 12:49:11.27][190.76.100.189][1151] SELECT c_asigna FROM dace004 WHERE exp_e='11-24541069' AND c_asigna='300428' AND status IN ('0','3','B','C') [1][0] OK
C:[16/08/2013 12:49:11.67][190.76.100.189][1182] SELECT par_cod_asig1,par_cod_asig2,par_cod_asig3 FROM tblaca009_p_int WHERE pensum='5' AND c_uni_ca='5' AND c_asigna='351451' [1][0] OK
C:[16/08/2013 12:49:11.67][190.76.100.189][1182] SELECT par_cod_asig1,par_cod_asig2,par_cod_asig3 FROM tblaca009_p_int WHERE pensum='5' AND c_uni_ca='5' AND c_asigna='355572' [1][0] OK
C:[16/08/2013 12:49:11.85][190.76.100.189][1312] SELECT horas_lab FROM tblaca008 WHERE c_asigna='351451' AND horas_teoricas > 0 [1][0] OK
C:[16/08/2013 12:49:11.85][190.76.100.189][1312] SELECT horas_lab FROM tblaca008 WHERE c_asigna='355572' AND horas_teoricas > 0 [1][0] OK
C:[16/08/2013 12:49:26.84][190.201.175.202][1138] SELECT pre_cod_asig1,pre_cod_asig2,pre_cod_asig3,pre_cod_asig4,pre_cod_asig5,pre_cod_asig6,pre_cod_asig7 FROM tblaca009_p_int WHERE pensum='5' AND c_uni_ca='4' AND c_asigna='300207' [1][0] OK
C:[16/08/2013 12:49:26.84][190.201.175.202][1151] SELECT c_asigna FROM dace004 WHERE exp_e='11-25393577' AND c_asigna='300101' AND status IN ('0','3','B','C') [1][0] OK
C:[16/08/2013 12:49:27.65][190.201.175.202][1182] SELECT par_cod_asig1,par_cod_asig2,par_cod_asig3 FROM tblaca009_p_int WHERE pensum='5' AND c_uni_ca='4' AND c_asigna='300207' [1][0] OK
C:[16/08/2013 12:49:27.88][190.201.175.202][1312] SELECT horas_lab FROM tblaca008 WHERE c_asigna='300207' AND horas_teoricas > 0 [1][0] OK
C:[16/08/2013 12:50:05.05][190.201.175.202][1138] SELECT pre_cod_asig1,pre_cod_asig2,pre_cod_asig3,pre_cod_asig4,pre_cod_asig5,pre_cod_asig6,pre_cod_asig7 FROM tblaca009_p_int WHERE pensum='5' AND c_uni_ca='2' AND c_asigna='320311' [1][0] OK
C:[16/08/2013 12:50:05.05][190.201.175.202][1151] SELECT c_asigna FROM dace004 WHERE exp_e='11-24701291' AND c_asigna='300013' AND status IN ('0','3','B','C') [1][0] OK
C:[16/08/2013 12:50:05.05][190.201.175.202][1151] SELECT c_asigna FROM dace004 WHERE exp_e='11-24701291' AND c_asigna='300113' AND status IN ('0','3','B','C') [1][0] OK
C:[16/08/2013 12:50:05.05][190.201.175.202][1138] SELECT pre_cod_asig1,pre_cod_asig2,pre_cod_asig3,pre_cod_asig4,pre_cod_asig5,pre_cod_asig6,pre_cod_asig7 FROM tblaca009_p_int WHERE pensum='5' AND c_uni_ca='2' AND c_asigna='322449' [1][0] OK
C:[16/08/2013 12:50:05.05][190.201.175.202][1151] SELECT c_asigna FROM dace004 WHERE exp_e='11-24701291' AND c_asigna='300222' AND status IN ('0','3','B','C') [1][0] OK
C:[16/08/2013 12:50:05.32][190.201.175.202][1182] SELECT par_cod_asig1,par_cod_asig2,par_cod_asig3 FROM tblaca009_p_int WHERE pensum='5' AND c_uni_ca='2' AND c_asigna='320311' [1][0] OK
C:[16/08/2013 12:50:05.32][190.201.175.202][1182] SELECT par_cod_asig1,par_cod_asig2,par_cod_asig3 FROM tblaca009_p_int WHERE pensum='5' AND c_uni_ca='2' AND c_asigna='322449' [1][0] OK
C:[16/08/2013 12:50:05.50][190.201.175.202][1312] SELECT horas_lab FROM tblaca008 WHERE c_asigna='320311' AND horas_teoricas > 0 [1][0] OK
C:[16/08/2013 12:50:05.50][190.201.175.202][1312] SELECT horas_lab FROM tblaca008 WHERE c_asigna='322449' AND horas_teoricas > 0 [1][0] OK
C:[16/08/2013 12:50:25.77][190.201.175.202][1138] SELECT pre_cod_asig1,pre_cod_asig2,pre_cod_asig3,pre_cod_asig4,pre_cod_asig5,pre_cod_asig6,pre_cod_asig7 FROM tblaca009_p_int WHERE pensum='5' AND c_uni_ca='5' AND c_asigna='300218' [1][0] OK
C:[16/08/2013 12:50:25.77][190.201.175.202][1138] SELECT pre_cod_asig1,pre_cod_asig2,pre_cod_asig3,pre_cod_asig4,pre_cod_asig5,pre_cod_asig6,pre_cod_asig7 FROM tblaca009_p_int WHERE pensum='5' AND c_uni_ca='5' AND c_asigna='300228' [1][0] OK
C:[16/08/2013 12:50:25.77][190.201.175.202][1151] SELECT c_asigna FROM dace004 WHERE exp_e='12-24412250' AND c_asigna='300101' AND status IN ('0','3','B','C') [1][0] OK
C:[16/08/2013 12:50:25.77][190.201.175.202][1138] SELECT pre_cod_asig1,pre_cod_asig2,pre_cod_asig3,pre_cod_asig4,pre_cod_asig5,pre_cod_asig6,pre_cod_asig7 FROM tblaca009_p_int WHERE pensum='5' AND c_uni_ca='5' AND c_asigna='300207' [1][0] OK
C:[16/08/2013 12:50:25.77][190.201.175.202][1151] SELECT c_asigna FROM dace004 WHERE exp_e='12-24412250' AND c_asigna='300101' AND status IN ('0','3','B','C') [1][0] OK
C:[16/08/2013 12:50:25.97][190.201.175.202][1182] SELECT par_cod_asig1,par_cod_asig2,par_cod_asig3 FROM tblaca009_p_int WHERE pensum='5' AND c_uni_ca='5' AND c_asigna='300218' [1][0] OK
C:[16/08/2013 12:50:25.97][190.201.175.202][1196] SELECT c_asigna FROM dace004 WHERE exp_e='12-24412250' AND c_asigna='300228' AND status IN ('0','3','B','C') [0][0] OK
C:[16/08/2013 12:50:25.97][190.201.175.202][1182] SELECT par_cod_asig1,par_cod_asig2,par_cod_asig3 FROM tblaca009_p_int WHERE pensum='5' AND c_uni_ca='5' AND c_asigna='300228' [1][0] OK
C:[16/08/2013 12:50:25.97][190.201.175.202][1182] SELECT par_cod_asig1,par_cod_asig2,par_cod_asig3 FROM tblaca009_p_int WHERE pensum='5' AND c_uni_ca='5' AND c_asigna='300207' [1][0] OK
C:[16/08/2013 12:50:25.48][190.201.175.202][1312] SELECT horas_lab FROM tblaca008 WHERE c_asigna='300218' AND horas_teoricas > 0 [0][0] OK
C:[16/08/2013 12:50:25.48][190.201.175.202][1312] SELECT horas_lab FROM tblaca008 WHERE c_asigna='300228' AND horas_teoricas > 0 [1][0] OK
C:[16/08/2013 12:50:25.48][190.201.175.202][1312] SELECT horas_lab FROM tblaca008 WHERE c_asigna='300207' AND horas_teoricas > 0 [1][0] OK
C:[16/08/2013 12:53:18.83][200.84.65.147][1138] SELECT pre_cod_asig1,pre_cod_asig2,pre_cod_asig3,pre_cod_asig4,pre_cod_asig5,pre_cod_asig6,pre_cod_asig7 FROM tblaca009_p_int WHERE pensum='5' AND c_uni_ca='3' AND c_asigna='311551' [1][0] OK
C:[16/08/2013 12:53:18.83][200.84.65.147][1151] SELECT c_asigna FROM dace004 WHERE exp_e='09-20506713' AND c_asigna='311430' AND status IN ('0','3','B','C') [1][0] OK
C:[16/08/2013 12:53:18.64][200.84.65.147][1182] SELECT par_cod_asig1,par_cod_asig2,par_cod_asig3 FROM tblaca009_p_int WHERE pensum='5' AND c_uni_ca='3' AND c_asigna='311551' [1][0] OK
C:[16/08/2013 12:53:18.78][200.84.65.147][1312] SELECT horas_lab FROM tblaca008 WHERE c_asigna='311551' AND horas_teoricas > 0 [1][0] OK
C:[16/08/2013 12:53:19.94][201.249.229.4][1138] SELECT pre_cod_asig1,pre_cod_asig2,pre_cod_asig3,pre_cod_asig4,pre_cod_asig5,pre_cod_asig6,pre_cod_asig7 FROM tblaca009_p_int WHERE pensum='5' AND c_uni_ca='5' AND c_asigna='351451' [1][0] OK
C:[16/08/2013 12:53:19.94][201.249.229.4][1151] SELECT c_asigna FROM dace004 WHERE exp_e='11-19718005' AND c_asigna='351330' AND status IN ('0','3','B','C') [1][0] OK
C:[16/08/2013 12:53:19.94][201.249.229.4][1151] SELECT c_asigna FROM dace004 WHERE exp_e='11-19718005' AND c_asigna='355350' AND status IN ('0','3','B','C') [1][0] OK
C:[16/08/2013 12:53:19.94][201.249.229.4][1151] SELECT c_asigna FROM dace004 WHERE exp_e='11-19718005' AND c_asigna='300318' AND status IN ('0','3','B','C') [1][0] OK
C:[16/08/2013 12:53:19.44][201.249.229.4][1182] SELECT par_cod_asig1,par_cod_asig2,par_cod_asig3 FROM tblaca009_p_int WHERE pensum='5' AND c_uni_ca='5' AND c_asigna='351451' [1][0] OK
C:[16/08/2013 12:53:19.57][201.249.229.4][1312] SELECT horas_lab FROM tblaca008 WHERE c_asigna='351451' AND horas_teoricas > 0 [1][0] OK
C:[16/08/2013 12:54:42.51][172.16.4.254][1138] SELECT pre_cod_asig1,pre_cod_asig2,pre_cod_asig3,pre_cod_asig4,pre_cod_asig5,pre_cod_asig6,pre_cod_asig7 FROM tblaca009_p_int WHERE pensum='5' AND c_uni_ca='6' AND c_asigna='340327' [1][0] OK
C:[16/08/2013 12:54:42.51][172.16.4.254][1151] SELECT c_asigna FROM dace004 WHERE exp_e='10-18828057' AND c_asigna='300013' AND status IN ('0','3','B','C') [1][0] OK
C:[16/08/2013 12:54:42.51][172.16.4.254][1151] SELECT c_asigna FROM dace004 WHERE exp_e='10-18828057' AND c_asigna='300113' AND status IN ('0','3','B','C') [1][0] OK
C:[16/08/2013 12:54:42.51][172.16.4.254][1138] SELECT pre_cod_asig1,pre_cod_asig2,pre_cod_asig3,pre_cod_asig4,pre_cod_asig5,pre_cod_asig6,pre_cod_asig7 FROM tblaca009_p_int WHERE pensum='5' AND c_uni_ca='6' AND c_asigna='300428' [1][0] OK
C:[16/08/2013 12:54:42.51][172.16.4.254][1151] SELECT c_asigna FROM dace004 WHERE exp_e='10-18828057' AND c_asigna='300317' AND status IN ('0','3','B','C') [1][0] OK
C:[16/08/2013 12:54:42.70][172.16.4.254][1182] SELECT par_cod_asig1,par_cod_asig2,par_cod_asig3 FROM tblaca009_p_int WHERE pensum='5' AND c_uni_ca='6' AND c_asigna='340327' [1][0] OK
C:[16/08/2013 12:54:42.70][172.16.4.254][1182] SELECT par_cod_asig1,par_cod_asig2,par_cod_asig3 FROM tblaca009_p_int WHERE pensum='5' AND c_uni_ca='6' AND c_asigna='300428' [1][0] OK
C:[16/08/2013 12:54:42.99][172.16.4.254][1312] SELECT horas_lab FROM tblaca008 WHERE c_asigna='340327' AND horas_teoricas > 0 [1][0] OK
C:[16/08/2013 12:54:42.99][172.16.4.254][1312] SELECT horas_lab FROM tblaca008 WHERE c_asigna='300428' AND horas_teoricas > 0 [1][0] OK
C:[16/08/2013 12:55:55.56][201.249.229.4][1138] SELECT pre_cod_asig1,pre_cod_asig2,pre_cod_asig3,pre_cod_asig4,pre_cod_asig5,pre_cod_asig6,pre_cod_asig7 FROM tblaca009_p_int WHERE pensum='5' AND c_uni_ca='5' AND c_asigna='351451' [1][0] OK
C:[16/08/2013 12:55:55.56][201.249.229.4][1151] SELECT c_asigna FROM dace004 WHERE exp_e='11-19718005' AND c_asigna='351330' AND status IN ('0','3','B','C') [1][0] OK
C:[16/08/2013 12:55:55.56][201.249.229.4][1151] SELECT c_asigna FROM dace004 WHERE exp_e='11-19718005' AND c_asigna='355350' AND status IN ('0','3','B','C') [1][0] OK
C:[16/08/2013 12:55:55.56][201.249.229.4][1151] SELECT c_asigna FROM dace004 WHERE exp_e='11-19718005' AND c_asigna='300318' AND status IN ('0','3','B','C') [1][0] OK
C:[16/08/2013 12:55:55.62][201.249.229.4][1182] SELECT par_cod_asig1,par_cod_asig2,par_cod_asig3 FROM tblaca009_p_int WHERE pensum='5' AND c_uni_ca='5' AND c_asigna='351451' [1][0] OK
C:[16/08/2013 12:55:55.33][201.249.229.4][1312] SELECT horas_lab FROM tblaca008 WHERE c_asigna='351451' AND horas_teoricas > 0 [1][0] OK
C:[16/08/2013 12:55:58.59][181.185.89.133][1138] SELECT pre_cod_asig1,pre_cod_asig2,pre_cod_asig3,pre_cod_asig4,pre_cod_asig5,pre_cod_asig6,pre_cod_asig7 FROM tblaca009_p_int WHERE pensum='5' AND c_uni_ca='3' AND c_asigna='300116' [1][0] OK
C:[16/08/2013 12:55:58.71][181.185.89.133][1182] SELECT par_cod_asig1,par_cod_asig2,par_cod_asig3 FROM tblaca009_p_int WHERE pensum='5' AND c_uni_ca='3' AND c_asigna='300116' [1][0] OK
C:[16/08/2013 12:55:58.86][181.185.89.133][1312] SELECT horas_lab FROM tblaca008 WHERE c_asigna='300116' AND horas_teoricas > 0 [1][0] OK
C:[16/08/2013 12:57:02.95][190.39.5.74][1138] SELECT pre_cod_asig1,pre_cod_asig2,pre_cod_asig3,pre_cod_asig4,pre_cod_asig5,pre_cod_asig6,pre_cod_asig7 FROM tblaca009_p_int WHERE pensum='5' AND c_uni_ca='4' AND c_asigna='300228' [1][0] OK
C:[16/08/2013 12:57:02.95][190.39.5.74][1151] SELECT c_asigna FROM dace004 WHERE exp_e='08-20299434' AND c_asigna='300101' AND status IN ('0','3','B','C') [1][0] OK
C:[16/08/2013 12:57:02.76][190.39.5.74][1182] SELECT par_cod_asig1,par_cod_asig2,par_cod_asig3 FROM tblaca009_p_int WHERE pensum='5' AND c_uni_ca='4' AND c_asigna='300228' [1][0] OK
C:[16/08/2013 12:57:02.90][190.39.5.74][1312] SELECT horas_lab FROM tblaca008 WHERE c_asigna='300228' AND horas_teoricas > 0 [1][0] OK
C:[16/08/2013 12:58:58.40][190.207.40.176][1138] SELECT pre_cod_asig1,pre_cod_asig2,pre_cod_asig3,pre_cod_asig4,pre_cod_asig5,pre_cod_asig6,pre_cod_asig7 FROM tblaca009_p_int WHERE pensum='5' AND c_uni_ca='2' AND c_asigna='300209' [1][0] OK
C:[16/08/2013 12:58:58.40][190.207.40.176][1151] SELECT c_asigna FROM dace004 WHERE exp_e='09-20808087' AND c_asigna='300101' AND status IN ('0','3','B','C') [1][0] OK
C:[16/08/2013 12:58:58.23][190.207.40.176][1182] SELECT par_cod_asig1,par_cod_asig2,par_cod_asig3 FROM tblaca009_p_int WHERE pensum='5' AND c_uni_ca='2' AND c_asigna='300209' [1][0] OK
C:[16/08/2013 12:58:58.35][190.207.40.176][1312] SELECT horas_lab FROM tblaca008 WHERE c_asigna='300209' AND horas_teoricas > 0 [1][0] OK
C:[16/08/2013 12:59:14.72][190.77.213.252][1138] SELECT pre_cod_asig1,pre_cod_asig2,pre_cod_asig3,pre_cod_asig4,pre_cod_asig5,pre_cod_asig6,pre_cod_asig7 FROM tblaca009_p_int WHERE pensum='5' AND c_uni_ca='6' AND c_asigna='300101' [1][0] OK
C:[16/08/2013 12:59:14.40][190.77.213.252][1182] SELECT par_cod_asig1,par_cod_asig2,par_cod_asig3 FROM tblaca009_p_int WHERE pensum='5' AND c_uni_ca='6' AND c_asigna='300101' [1][0] OK
C:[16/08/2013 12:59:14.53][190.77.213.252][1312] SELECT horas_lab FROM tblaca008 WHERE c_asigna='300101' AND horas_teoricas > 0 [1][0] OK
C:[16/08/2013 13:01:39.18][190.37.160.231][1138] SELECT pre_cod_asig1,pre_cod_asig2,pre_cod_asig3,pre_cod_asig4,pre_cod_asig5,pre_cod_asig6,pre_cod_asig7 FROM tblaca009_p_int WHERE pensum='5' AND c_uni_ca='6' AND c_asigna='300222' [1][0] OK
C:[16/08/2013 13:01:39.18][190.37.160.231][1151] SELECT c_asigna FROM dace004 WHERE exp_e='12-25393370' AND c_asigna='300112' AND status IN ('0','3','B','C') [1][0] OK
C:[16/08/2013 13:01:39.99][190.37.160.231][1182] SELECT par_cod_asig1,par_cod_asig2,par_cod_asig3 FROM tblaca009_p_int WHERE pensum='5' AND c_uni_ca='6' AND c_asigna='300222' [1][0] OK
C:[16/08/2013 13:01:39.23][190.37.160.231][1312] SELECT horas_lab FROM tblaca008 WHERE c_asigna='300222' AND horas_teoricas > 0 [1][0] OK
C:[16/08/2013 13:02:05.90][172.16.4.254][1138] SELECT pre_cod_asig1,pre_cod_asig2,pre_cod_asig3,pre_cod_asig4,pre_cod_asig5,pre_cod_asig6,pre_cod_asig7 FROM tblaca009_p_int WHERE pensum='5' AND c_uni_ca='5' AND c_asigna='355722' [1][0] OK
C:[16/08/2013 13:02:05.90][172.16.4.254][1151] SELECT c_asigna FROM dace004 WHERE exp_e='09-18451867' AND c_asigna='355691' AND status IN ('0','3','B','C') [1][0] OK
C:[16/08/2013 13:02:05.90][172.16.4.254][1151] SELECT c_asigna FROM dace004 WHERE exp_e='09-18451867' AND c_asigna='355595' AND status IN ('0','3','B','C') [1][0] OK
C:[16/08/2013 13:02:05.84][172.16.4.254][1182] SELECT par_cod_asig1,par_cod_asig2,par_cod_asig3 FROM tblaca009_p_int WHERE pensum='5' AND c_uni_ca='5' AND c_asigna='355722' [1][0] OK
C:[16/08/2013 13:02:05.98][172.16.4.254][1312] SELECT horas_lab FROM tblaca008 WHERE c_asigna='355722' AND horas_teoricas > 0 [1][0] OK
C:[16/08/2013 13:02:07.83][190.201.175.202][1138] SELECT pre_cod_asig1,pre_cod_asig2,pre_cod_asig3,pre_cod_asig4,pre_cod_asig5,pre_cod_asig6,pre_cod_asig7 FROM tblaca009_p_int WHERE pensum='5' AND c_uni_ca='6' AND c_asigna='300112' [1][0] OK
C:[16/08/2013 13:02:07.95][190.201.175.202][1182] SELECT par_cod_asig1,par_cod_asig2,par_cod_asig3 FROM tblaca009_p_int WHERE pensum='5' AND c_uni_ca='6' AND c_asigna='300112' [1][0] OK
C:[16/08/2013 13:02:07.10][190.201.175.202][1312] SELECT horas_lab FROM tblaca008 WHERE c_asigna='300112' AND horas_teoricas > 0 [1][0] OK
C:[16/08/2013 13:02:52.92][186.89.210.61][1138] SELECT pre_cod_asig1,pre_cod_asig2,pre_cod_asig3,pre_cod_asig4,pre_cod_asig5,pre_cod_asig6,pre_cod_asig7 FROM tblaca009_p_int WHERE pensum='5' AND c_uni_ca='5' AND c_asigna='355693' [1][0] OK
C:[16/08/2013 13:02:52.92][186.89.210.61][1151] SELECT c_asigna FROM dace004 WHERE exp_e='09-24559768' AND c_asigna='355572' AND status IN ('0','3','B','C') [1][0] OK
C:[16/08/2013 13:02:52.92][186.89.210.61][1151] SELECT c_asigna FROM dace004 WHERE exp_e='09-24559768' AND c_asigna='352440' AND status IN ('0','3','B','C') [1][0] OK
C:[16/08/2013 13:02:52.92][186.89.210.61][1151] SELECT c_asigna FROM dace004 WHERE exp_e='09-24559768' AND c_asigna='355573' AND status IN ('0','3','B','C') [1][0] OK
C:[16/08/2013 13:02:52.92][186.89.210.61][1138] SELECT pre_cod_asig1,pre_cod_asig2,pre_cod_asig3,pre_cod_asig4,pre_cod_asig5,pre_cod_asig6,pre_cod_asig7 FROM tblaca009_p_int WHERE pensum='5' AND c_uni_ca='5' AND c_asigna='355696' [1][0] OK
C:[16/08/2013 13:02:52.92][186.89.210.61][1151] SELECT c_asigna FROM dace004 WHERE exp_e='09-24559768' AND c_asigna='355570' AND status IN ('0','3','B','C') [1][0] OK
C:[16/08/2013 13:02:52.92][186.89.210.61][1151] SELECT c_asigna FROM dace004 WHERE exp_e='09-24559768' AND c_asigna='355571' AND status IN ('0','3','B','C') [1][0] OK
C:[16/08/2013 13:02:52.36][186.89.210.61][1182] SELECT par_cod_asig1,par_cod_asig2,par_cod_asig3 FROM tblaca009_p_int WHERE pensum='5' AND c_uni_ca='5' AND c_asigna='355693' [1][0] OK
C:[16/08/2013 13:02:52.36][186.89.210.61][1182] SELECT par_cod_asig1,par_cod_asig2,par_cod_asig3 FROM tblaca009_p_int WHERE pensum='5' AND c_uni_ca='5' AND c_asigna='355696' [1][0] OK
C:[16/08/2013 13:02:52.63][186.89.210.61][1312] SELECT horas_lab FROM tblaca008 WHERE c_asigna='355693' AND horas_teoricas > 0 [1][0] OK
C:[16/08/2013 13:02:52.63][186.89.210.61][1312] SELECT horas_lab FROM tblaca008 WHERE c_asigna='355696' AND horas_teoricas > 0 [1][0] OK
C:[16/08/2013 13:02:58.67][172.16.4.254][1138] SELECT pre_cod_asig1,pre_cod_asig2,pre_cod_asig3,pre_cod_asig4,pre_cod_asig5,pre_cod_asig6,pre_cod_asig7 FROM tblaca009_p_int WHERE pensum='5' AND c_uni_ca='4' AND c_asigna='330310' [1][0] OK
C:[16/08/2013 13:02:58.67][172.16.4.254][1151] SELECT c_asigna FROM dace004 WHERE exp_e='12-24481190' AND c_asigna='300013' AND status IN ('0','3','B','C') [1][0] OK
C:[16/08/2013 13:02:58.67][172.16.4.254][1151] SELECT c_asigna FROM dace004 WHERE exp_e='12-24481190' AND c_asigna='300113' AND status IN ('0','3','B','C') [1][0] OK
C:[16/08/2013 13:02:58.07][172.16.4.254][1182] SELECT par_cod_asig1,par_cod_asig2,par_cod_asig3 FROM tblaca009_p_int WHERE pensum='5' AND c_uni_ca='4' AND c_asigna='330310' [1][0] OK
C:[16/08/2013 13:02:58.18][172.16.4.254][1312] SELECT horas_lab FROM tblaca008 WHERE c_asigna='330310' AND horas_teoricas > 0 [1][0] OK
C:[16/08/2013 13:03:16.37][172.17.150.96][1138] SELECT pre_cod_asig1,pre_cod_asig2,pre_cod_asig3,pre_cod_asig4,pre_cod_asig5,pre_cod_asig6,pre_cod_asig7 FROM tblaca009_p_int WHERE pensum='5' AND c_uni_ca='5' AND c_asigna='300207' [1][0] OK
C:[16/08/2013 13:03:16.37][172.17.150.96][1151] SELECT c_asigna FROM dace004 WHERE exp_e='12-25081182' AND c_asigna='300101' AND status IN ('0','3','B','C') [1][0] OK
C:[16/08/2013 13:03:16.37][172.17.150.96][1138] SELECT pre_cod_asig1,pre_cod_asig2,pre_cod_asig3,pre_cod_asig4,pre_cod_asig5,pre_cod_asig6,pre_cod_asig7 FROM tblaca009_p_int WHERE pensum='5' AND c_uni_ca='5' AND c_asigna='300222' [1][0] OK
C:[16/08/2013 13:03:16.37][172.17.150.96][1151] SELECT c_asigna FROM dace004 WHERE exp_e='12-25081182' AND c_asigna='300112' AND status IN ('0','3','B','C') [1][0] OK
C:[16/08/2013 13:03:16.44][172.17.150.96][1182] SELECT par_cod_asig1,par_cod_asig2,par_cod_asig3 FROM tblaca009_p_int WHERE pensum='5' AND c_uni_ca='5' AND c_asigna='300207' [1][0] OK
C:[16/08/2013 13:03:16.44][172.17.150.96][1182] SELECT par_cod_asig1,par_cod_asig2,par_cod_asig3 FROM tblaca009_p_int WHERE pensum='5' AND c_uni_ca='5' AND c_asigna='300222' [1][0] OK
C:[16/08/2013 13:03:16.70][172.17.150.96][1312] SELECT horas_lab FROM tblaca008 WHERE c_asigna='300207' AND horas_teoricas > 0 [1][0] OK
C:[16/08/2013 13:03:16.70][172.17.150.96][1312] SELECT horas_lab FROM tblaca008 WHERE c_asigna='300222' AND horas_teoricas > 0 [1][0] OK
C:[16/08/2013 13:03:36.84][190.201.175.202][1138] SELECT pre_cod_asig1,pre_cod_asig2,pre_cod_asig3,pre_cod_asig4,pre_cod_asig5,pre_cod_asig6,pre_cod_asig7 FROM tblaca009_p_int WHERE pensum='5' AND c_uni_ca='4' AND c_asigna='300207' [1][0] OK
C:[16/08/2013 13:03:36.84][190.201.175.202][1151] SELECT c_asigna FROM dace004 WHERE exp_e='11-20936918' AND c_asigna='300101' AND status IN ('0','3','B','C') [1][0] OK
C:[16/08/2013 13:03:36.30][190.201.175.202][1182] SELECT par_cod_asig1,par_cod_asig2,par_cod_asig3 FROM tblaca009_p_int WHERE pensum='5' AND c_uni_ca='4' AND c_asigna='300207' [1][0] OK
C:[16/08/2013 13:03:36.37][190.201.175.202][1312] SELECT horas_lab FROM tblaca008 WHERE c_asigna='300207' AND horas_teoricas > 0 [1][0] OK
C:[16/08/2013 13:04:14.74][190.206.63.16][1138] SELECT pre_cod_asig1,pre_cod_asig2,pre_cod_asig3,pre_cod_asig4,pre_cod_asig5,pre_cod_asig6,pre_cod_asig7 FROM tblaca009_p_int WHERE pensum='5' AND c_uni_ca='4' AND c_asigna='333809' [1][0] OK
C:[16/08/2013 13:04:14.74][190.206.63.16][1151] SELECT c_asigna FROM dace004 WHERE exp_e='08-20804737' AND c_asigna='333683' AND status IN ('0','3','B','C') [1][0] OK
C:[16/08/2013 13:04:14.74][190.206.63.16][1151] SELECT c_asigna FROM dace004 WHERE exp_e='08-20804737' AND c_asigna='333710' AND status IN ('0','3','B','C') [1][0] OK
C:[16/08/2013 13:04:14.24][190.206.63.16][1182] SELECT par_cod_asig1,par_cod_asig2,par_cod_asig3 FROM tblaca009_p_int WHERE pensum='5' AND c_uni_ca='4' AND c_asigna='333809' [1][0] OK
C:[16/08/2013 13:04:14.38][190.206.63.16][1312] SELECT horas_lab FROM tblaca008 WHERE c_asigna='333809' AND horas_teoricas > 0 [1][0] OK
C:[16/08/2013 13:04:33.65][172.16.3.75][1138] SELECT pre_cod_asig1,pre_cod_asig2,pre_cod_asig3,pre_cod_asig4,pre_cod_asig5,pre_cod_asig6,pre_cod_asig7 FROM tblaca009_p_int WHERE pensum='5' AND c_uni_ca='4' AND c_asigna='300101' [1][0] OK
C:[16/08/2013 13:04:33.37][172.16.3.75][1182] SELECT par_cod_asig1,par_cod_asig2,par_cod_asig3 FROM tblaca009_p_int WHERE pensum='5' AND c_uni_ca='4' AND c_asigna='300101' [1][0] OK
C:[16/08/2013 13:04:33.48][172.16.3.75][1312] SELECT horas_lab FROM tblaca008 WHERE c_asigna='300101' AND horas_teoricas > 0 [1][0] OK
C:[16/08/2013 13:05:19.59][190.201.175.202][1138] SELECT pre_cod_asig1,pre_cod_asig2,pre_cod_asig3,pre_cod_asig4,pre_cod_asig5,pre_cod_asig6,pre_cod_asig7 FROM tblaca009_p_int WHERE pensum='5' AND c_uni_ca='2' AND c_asigna='300318' [1][0] OK
C:[16/08/2013 13:05:19.59][190.201.175.202][1151] SELECT c_asigna FROM dace004 WHERE exp_e='10-24481265' AND c_asigna='300228' AND status IN ('0','3','B','C') [1][0] OK
C:[16/08/2013 13:05:19.59][190.201.175.202][1151] SELECT c_asigna FROM dace004 WHERE exp_e='10-24481265' AND c_asigna='300207' AND status IN ('0','3','B','C') [1][0] OK
C:[16/08/2013 13:05:19.59][190.201.175.202][1151] SELECT c_asigna FROM dace004 WHERE exp_e='10-24481265' AND c_asigna='300218' AND status IN ('0','3','B','C') [1][0] OK
C:[16/08/2013 13:05:19.59][190.201.175.202][1138] SELECT pre_cod_asig1,pre_cod_asig2,pre_cod_asig3,pre_cod_asig4,pre_cod_asig5,pre_cod_asig6,pre_cod_asig7 FROM tblaca009_p_int WHERE pensum='5' AND c_uni_ca='2' AND c_asigna='322436' [1][0] OK
C:[16/08/2013 13:05:19.59][190.201.175.202][1151] SELECT c_asigna FROM dace004 WHERE exp_e='10-24481265' AND c_asigna='320311' AND status IN ('0','3','B','C') [1][0] OK
C:[16/08/2013 13:05:19.90][190.201.175.202][1182] SELECT par_cod_asig1,par_cod_asig2,par_cod_asig3 FROM tblaca009_p_int WHERE pensum='5' AND c_uni_ca='2' AND c_asigna='300318' [1][0] OK
C:[16/08/2013 13:05:19.90][190.201.175.202][1182] SELECT par_cod_asig1,par_cod_asig2,par_cod_asig3 FROM tblaca009_p_int WHERE pensum='5' AND c_uni_ca='2' AND c_asigna='322436' [1][0] OK
C:[16/08/2013 13:05:19.17][190.201.175.202][1312] SELECT horas_lab FROM tblaca008 WHERE c_asigna='300318' AND horas_teoricas > 0 [1][0] OK
C:[16/08/2013 13:05:19.17][190.201.175.202][1312] SELECT horas_lab FROM tblaca008 WHERE c_asigna='322436' AND horas_teoricas > 0 [1][0] OK
C:[16/08/2013 13:05:19.32][200.109.202.136][1138] SELECT pre_cod_asig1,pre_cod_asig2,pre_cod_asig3,pre_cod_asig4,pre_cod_asig5,pre_cod_asig6,pre_cod_asig7 FROM tblaca009_p_int WHERE pensum='5' AND c_uni_ca='5' AND c_asigna='351451' [1][0] OK
C:[16/08/2013 13:05:19.32][200.109.202.136][1151] SELECT c_asigna FROM dace004 WHERE exp_e='08-19301771' AND c_asigna='351330' AND status IN ('0','3','B','C') [1][0] OK
C:[16/08/2013 13:05:19.32][200.109.202.136][1151] SELECT c_asigna FROM dace004 WHERE exp_e='08-19301771' AND c_asigna='355350' AND status IN ('0','3','B','C') [1][0] OK
C:[16/08/2013 13:05:19.32][200.109.202.136][1151] SELECT c_asigna FROM dace004 WHERE exp_e='08-19301771' AND c_asigna='300318' AND status IN ('0','3','B','C') [1][0] OK
C:[16/08/2013 13:05:19.32][200.109.202.136][1138] SELECT pre_cod_asig1,pre_cod_asig2,pre_cod_asig3,pre_cod_asig4,pre_cod_asig5,pre_cod_asig6,pre_cod_asig7 FROM tblaca009_p_int WHERE pensum='5' AND c_uni_ca='5' AND c_asigna='352440' [1][0] OK
C:[16/08/2013 13:05:19.32][200.109.202.136][1151] SELECT c_asigna FROM dace004 WHERE exp_e='08-19301771' AND c_asigna='300317' AND status IN ('0','3','B','C') [1][0] OK
C:[16/08/2013 13:05:19.32][200.109.202.136][1151] SELECT c_asigna FROM dace004 WHERE exp_e='08-19301771' AND c_asigna='300013' AND status IN ('0','3','B','C') [1][0] OK
C:[16/08/2013 13:05:19.20][200.109.202.136][1182] SELECT par_cod_asig1,par_cod_asig2,par_cod_asig3 FROM tblaca009_p_int WHERE pensum='5' AND c_uni_ca='5' AND c_asigna='351451' [1][0] OK
C:[16/08/2013 13:05:19.20][200.109.202.136][1182] SELECT par_cod_asig1,par_cod_asig2,par_cod_asig3 FROM tblaca009_p_int WHERE pensum='5' AND c_uni_ca='5' AND c_asigna='352440' [1][0] OK
C:[16/08/2013 13:05:20.47][200.109.202.136][1312] SELECT horas_lab FROM tblaca008 WHERE c_asigna='351451' AND horas_teoricas > 0 [1][0] OK
C:[16/08/2013 13:05:20.47][200.109.202.136][1312] SELECT horas_lab FROM tblaca008 WHERE c_asigna='352440' AND horas_teoricas > 0 [1][0] OK
C:[16/08/2013 13:05:23.23][181.182.104.187][1138] SELECT pre_cod_asig1,pre_cod_asig2,pre_cod_asig3,pre_cod_asig4,pre_cod_asig5,pre_cod_asig6,pre_cod_asig7 FROM tblaca009_p_int WHERE pensum='5' AND c_uni_ca='6' AND c_asigna='300213' [1][0] OK
C:[16/08/2013 13:05:23.23][181.182.104.187][1151] SELECT c_asigna FROM dace004 WHERE exp_e='08-20806760' AND c_asigna='300101' AND status IN ('0','3','B','C') [1][0] OK
C:[16/08/2013 13:05:23.48][181.182.104.187][1182] SELECT par_cod_asig1,par_cod_asig2,par_cod_asig3 FROM tblaca009_p_int WHERE pensum='5' AND c_uni_ca='6' AND c_asigna='300213' [1][0] OK
C:[16/08/2013 13:05:23.62][181.182.104.187][1312] SELECT horas_lab FROM tblaca008 WHERE c_asigna='300213' AND horas_teoricas > 0 [1][0] OK
C:[16/08/2013 13:05:23.39][186.167.243.228][1138] SELECT pre_cod_asig1,pre_cod_asig2,pre_cod_asig3,pre_cod_asig4,pre_cod_asig5,pre_cod_asig6,pre_cod_asig7 FROM tblaca009_p_int WHERE pensum='5' AND c_uni_ca='3' AND c_asigna='300112' [1][0] OK
C:[16/08/2013 13:05:23.52][186.167.243.228][1182] SELECT par_cod_asig1,par_cod_asig2,par_cod_asig3 FROM tblaca009_p_int WHERE pensum='5' AND c_uni_ca='3' AND c_asigna='300112' [1][0] OK
C:[16/08/2013 13:05:24.65][186.167.243.228][1312] SELECT horas_lab FROM tblaca008 WHERE c_asigna='300112' AND horas_teoricas > 0 [1][0] OK
C:[16/08/2013 13:05:46.22][190.199.94.182][1138] SELECT pre_cod_asig1,pre_cod_asig2,pre_cod_asig3,pre_cod_asig4,pre_cod_asig5,pre_cod_asig6,pre_cod_asig7 FROM tblaca009_p_int WHERE pensum='5' AND c_uni_ca='2' AND c_asigna='322436' [1][0] OK
C:[16/08/2013 13:05:46.22][190.199.94.182][1151] SELECT c_asigna FROM dace004 WHERE exp_e='07-19622114' AND c_asigna='320311' AND status IN ('0','3','B','C') [1][0] OK
C:[16/08/2013 13:05:46.03][190.199.94.182][1182] SELECT par_cod_asig1,par_cod_asig2,par_cod_asig3 FROM tblaca009_p_int WHERE pensum='5' AND c_uni_ca='2' AND c_asigna='322436' [1][0] OK
C:[16/08/2013 13:05:46.17][190.199.94.182][1312] SELECT horas_lab FROM tblaca008 WHERE c_asigna='322436' AND horas_teoricas > 0 [1][0] OK
C:[16/08/2013 13:05:46.16][190.94.235.176][1138] SELECT pre_cod_asig1,pre_cod_asig2,pre_cod_asig3,pre_cod_asig4,pre_cod_asig5,pre_cod_asig6,pre_cod_asig7 FROM tblaca009_p_int WHERE pensum='5' AND c_uni_ca='5' AND c_asigna='355692' [1][0] OK
C:[16/08/2013 13:05:46.16][190.94.235.176][1151] SELECT c_asigna FROM dace004 WHERE exp_e='09-21251005' AND c_asigna='355448' AND status IN ('0','3','B','C') [1][0] OK
C:[16/08/2013 13:05:46.16][190.94.235.176][1151] SELECT c_asigna FROM dace004 WHERE exp_e='09-21251005' AND c_asigna='355570' AND status IN ('0','3','B','C') [1][0] OK
C:[16/08/2013 13:05:46.54][190.94.235.176][1182] SELECT par_cod_asig1,par_cod_asig2,par_cod_asig3 FROM tblaca009_p_int WHERE pensum='5' AND c_uni_ca='5' AND c_asigna='355692' [1][0] OK
C:[16/08/2013 13:05:46.77][190.94.235.176][1312] SELECT horas_lab FROM tblaca008 WHERE c_asigna='355692' AND horas_teoricas > 0 [1][0] OK
C:[16/08/2013 13:06:27.46][190.37.225.40][1138] SELECT pre_cod_asig1,pre_cod_asig2,pre_cod_asig3,pre_cod_asig4,pre_cod_asig5,pre_cod_asig6,pre_cod_asig7 FROM tblaca009_p_int WHERE pensum='5' AND c_uni_ca='4' AND c_asigna='333683' [1][0] OK
C:[16/08/2013 13:06:27.46][190.37.225.40][1151] SELECT c_asigna FROM dace004 WHERE exp_e='09-20807086' AND c_asigna='333564' AND status IN ('0','3','B','C') [1][0] OK
C:[16/08/2013 13:06:27.25][190.37.225.40][1182] SELECT par_cod_asig1,par_cod_asig2,par_cod_asig3 FROM tblaca009_p_int WHERE pensum='5' AND c_uni_ca='4' AND c_asigna='333683' [1][0] OK
C:[16/08/2013 13:06:27.42][190.37.225.40][1312] SELECT horas_lab FROM tblaca008 WHERE c_asigna='333683' AND horas_teoricas > 0 [1][0] OK
C:[16/08/2013 13:06:32.74][172.16.4.254][1138] SELECT pre_cod_asig1,pre_cod_asig2,pre_cod_asig3,pre_cod_asig4,pre_cod_asig5,pre_cod_asig6,pre_cod_asig7 FROM tblaca009_p_int WHERE pensum='5' AND c_uni_ca='4' AND c_asigna='330310' [1][0] OK
C:[16/08/2013 13:06:32.74][172.16.4.254][1151] SELECT c_asigna FROM dace004 WHERE exp_e='12-24481190' AND c_asigna='300013' AND status IN ('0','3','B','C') [1][0] OK
C:[16/08/2013 13:06:32.74][172.16.4.254][1151] SELECT c_asigna FROM dace004 WHERE exp_e='12-24481190' AND c_asigna='300113' AND status IN ('0','3','B','C') [1][0] OK
C:[16/08/2013 13:06:32.13][172.16.4.254][1182] SELECT par_cod_asig1,par_cod_asig2,par_cod_asig3 FROM tblaca009_p_int WHERE pensum='5' AND c_uni_ca='4' AND c_asigna='330310' [1][0] OK
C:[16/08/2013 13:06:32.36][172.16.4.254][1312] SELECT horas_lab FROM tblaca008 WHERE c_asigna='330310' AND horas_teoricas > 0 [1][0] OK
C:[16/08/2013 13:06:44.03][190.201.171.79][1138] SELECT pre_cod_asig1,pre_cod_asig2,pre_cod_asig3,pre_cod_asig4,pre_cod_asig5,pre_cod_asig6,pre_cod_asig7 FROM tblaca009_p_int WHERE pensum='5' AND c_uni_ca='3' AND c_asigna='300013' [1][0] OK
C:[16/08/2013 13:06:44.03][190.201.171.79][1138] SELECT pre_cod_asig1,pre_cod_asig2,pre_cod_asig3,pre_cod_asig4,pre_cod_asig5,pre_cod_asig6,pre_cod_asig7 FROM tblaca009_p_int WHERE pensum='5' AND c_uni_ca='3' AND c_asigna='300207' [1][0] OK
C:[16/08/2013 13:06:44.03][190.201.171.79][1151] SELECT c_asigna FROM dace004 WHERE exp_e='12-24559409' AND c_asigna='300101' AND status IN ('0','3','B','C') [1][0] OK
C:[16/08/2013 13:06:44.96][190.201.171.79][1182] SELECT par_cod_asig1,par_cod_asig2,par_cod_asig3 FROM tblaca009_p_int WHERE pensum='5' AND c_uni_ca='3' AND c_asigna='300013' [1][0] OK
C:[16/08/2013 13:06:44.96][190.201.171.79][1182] SELECT par_cod_asig1,par_cod_asig2,par_cod_asig3 FROM tblaca009_p_int WHERE pensum='5' AND c_uni_ca='3' AND c_asigna='300207' [1][0] OK
C:[16/08/2013 13:06:45.23][190.201.171.79][1312] SELECT horas_lab FROM tblaca008 WHERE c_asigna='300013' AND horas_teoricas > 0 [1][0] OK
C:[16/08/2013 13:06:45.23][190.201.171.79][1312] SELECT horas_lab FROM tblaca008 WHERE c_asigna='300207' AND horas_teoricas > 0 [1][0] OK
C:[16/08/2013 13:06:54.18][186.88.129.241][1138] SELECT pre_cod_asig1,pre_cod_asig2,pre_cod_asig3,pre_cod_asig4,pre_cod_asig5,pre_cod_asig6,pre_cod_asig7 FROM tblaca009_p_int WHERE pensum='5' AND c_uni_ca='4' AND c_asigna='300209' [1][0] OK
C:[16/08/2013 13:06:54.18][186.88.129.241][1151] SELECT c_asigna FROM dace004 WHERE exp_e='12-24411289' AND c_asigna='300101' AND status IN ('0','3','B','C') [1][0] OK
C:[16/08/2013 13:06:54.18][186.88.129.241][1138] SELECT pre_cod_asig1,pre_cod_asig2,pre_cod_asig3,pre_cod_asig4,pre_cod_asig5,pre_cod_asig6,pre_cod_asig7 FROM tblaca009_p_int WHERE pensum='5' AND c_uni_ca='4' AND c_asigna='300213' [1][0] OK
C:[16/08/2013 13:06:54.18][186.88.129.241][1151] SELECT c_asigna FROM dace004 WHERE exp_e='12-24411289' AND c_asigna='300101' AND status IN ('0','3','B','C') [1][0] OK
C:[16/08/2013 13:06:54.68][186.88.129.241][1182] SELECT par_cod_asig1,par_cod_asig2,par_cod_asig3 FROM tblaca009_p_int WHERE pensum='5' AND c_uni_ca='4' AND c_asigna='300209' [1][0] OK
C:[16/08/2013 13:06:54.68][186.88.129.241][1182] SELECT par_cod_asig1,par_cod_asig2,par_cod_asig3 FROM tblaca009_p_int WHERE pensum='5' AND c_uni_ca='4' AND c_asigna='300213' [1][0] OK
C:[16/08/2013 13:06:54.95][186.88.129.241][1312] SELECT horas_lab FROM tblaca008 WHERE c_asigna='300209' AND horas_teoricas > 0 [1][0] OK
C:[16/08/2013 13:06:54.95][186.88.129.241][1312] SELECT horas_lab FROM tblaca008 WHERE c_asigna='300213' AND horas_teoricas > 0 [1][0] OK
C:[16/08/2013 13:08:24.28][186.89.252.105][1138] SELECT pre_cod_asig1,pre_cod_asig2,pre_cod_asig3,pre_cod_asig4,pre_cod_asig5,pre_cod_asig6,pre_cod_asig7 FROM tblaca009_p_int WHERE pensum='5' AND c_uni_ca='2' AND c_asigna='322436' [1][0] OK
C:[16/08/2013 13:08:24.28][186.89.252.105][1151] SELECT c_asigna FROM dace004 WHERE exp_e='09-20808632' AND c_asigna='320311' AND status IN ('0','3','B','C') [1][0] OK
C:[16/08/2013 13:08:24.09][186.89.252.105][1182] SELECT par_cod_asig1,par_cod_asig2,par_cod_asig3 FROM tblaca009_p_int WHERE pensum='5' AND c_uni_ca='2' AND c_asigna='322436' [1][0] OK
C:[16/08/2013 13:08:24.23][186.89.252.105][1312] SELECT horas_lab FROM tblaca008 WHERE c_asigna='322436' AND horas_teoricas > 0 [1][0] OK
C:[16/08/2013 13:08:34.93][190.205.17.69][1138] SELECT pre_cod_asig1,pre_cod_asig2,pre_cod_asig3,pre_cod_asig4,pre_cod_asig5,pre_cod_asig6,pre_cod_asig7 FROM tblaca009_p_int WHERE pensum='5' AND c_uni_ca='2' AND c_asigna='322904' [1][0] OK
C:[16/08/2013 13:08:34.06][190.205.17.69][1182] SELECT par_cod_asig1,par_cod_asig2,par_cod_asig3 FROM tblaca009_p_int WHERE pensum='5' AND c_uni_ca='2' AND c_asigna='322904' [1][0] OK
C:[16/08/2013 13:08:34.19][190.205.17.69][1312] SELECT horas_lab FROM tblaca008 WHERE c_asigna='322904' AND horas_teoricas > 0 [1][0] OK
C:[16/08/2013 13:08:48.65][190.201.175.202][1138] SELECT pre_cod_asig1,pre_cod_asig2,pre_cod_asig3,pre_cod_asig4,pre_cod_asig5,pre_cod_asig6,pre_cod_asig7 FROM tblaca009_p_int WHERE pensum='5' AND c_uni_ca='2' AND c_asigna='320323' [1][0] OK
C:[16/08/2013 13:08:48.65][190.201.175.202][1151] SELECT c_asigna FROM dace004 WHERE exp_e='10-21287820' AND c_asigna='300228' AND status IN ('0','3','B','C') [1][0] OK
C:[16/08/2013 13:08:48.65][190.201.175.202][1151] SELECT c_asigna FROM dace004 WHERE exp_e='10-21287820' AND c_asigna='300218' AND status IN ('0','3','B','C') [1][0] OK
C:[16/08/2013 13:08:48.59][190.201.175.202][1182] SELECT par_cod_asig1,par_cod_asig2,par_cod_asig3 FROM tblaca009_p_int WHERE pensum='5' AND c_uni_ca='2' AND c_asigna='320323' [1][0] OK
C:[16/08/2013 13:08:48.96][190.201.175.202][1312] SELECT horas_lab FROM tblaca008 WHERE c_asigna='320323' AND horas_teoricas > 0 [1][0] OK
C:[16/08/2013 13:10:35.33][190.38.208.2][1138] SELECT pre_cod_asig1,pre_cod_asig2,pre_cod_asig3,pre_cod_asig4,pre_cod_asig5,pre_cod_asig6,pre_cod_asig7 FROM tblaca009_p_int WHERE pensum='5' AND c_uni_ca='5' AND c_asigna='351451' [1][0] OK
C:[16/08/2013 13:10:35.33][190.38.208.2][1151] SELECT c_asigna FROM dace004 WHERE exp_e='06-18901509' AND c_asigna='351330' AND status IN ('0','3','B','C') [1][0] OK
C:[16/08/2013 13:10:35.33][190.38.208.2][1151] SELECT c_asigna FROM dace004 WHERE exp_e='06-18901509' AND c_asigna='355350' AND status IN ('0','3','B','C') [1][0] OK
C:[16/08/2013 13:10:35.33][190.38.208.2][1151] SELECT c_asigna FROM dace004 WHERE exp_e='06-18901509' AND c_asigna='300318' AND status IN ('0','3','B','C') [1][0] OK
C:[16/08/2013 13:10:35.33][190.38.208.2][1138] SELECT pre_cod_asig1,pre_cod_asig2,pre_cod_asig3,pre_cod_asig4,pre_cod_asig5,pre_cod_asig6,pre_cod_asig7 FROM tblaca009_p_int WHERE pensum='5' AND c_uni_ca='5' AND c_asigna='355571' [1][0] OK
C:[16/08/2013 13:10:35.33][190.38.208.2][1151] SELECT c_asigna FROM dace004 WHERE exp_e='06-18901509' AND c_asigna='355447' AND status IN ('0','3','B','C') [1][0] OK
C:[16/08/2013 13:10:35.22][190.38.208.2][1182] SELECT par_cod_asig1,par_cod_asig2,par_cod_asig3 FROM tblaca009_p_int WHERE pensum='5' AND c_uni_ca='5' AND c_asigna='351451' [1][0] OK
C:[16/08/2013 13:10:35.22][190.38.208.2][1182] SELECT par_cod_asig1,par_cod_asig2,par_cod_asig3 FROM tblaca009_p_int WHERE pensum='5' AND c_uni_ca='5' AND c_asigna='355571' [1][0] OK
C:[16/08/2013 13:10:35.47][190.38.208.2][1312] SELECT horas_lab FROM tblaca008 WHERE c_asigna='351451' AND horas_teoricas > 0 [1][0] OK
C:[16/08/2013 13:10:35.47][190.38.208.2][1312] SELECT horas_lab FROM tblaca008 WHERE c_asigna='355571' AND horas_teoricas > 0 [1][0] OK
C:[16/08/2013 13:11:10.22][190.37.237.99][1138] SELECT pre_cod_asig1,pre_cod_asig2,pre_cod_asig3,pre_cod_asig4,pre_cod_asig5,pre_cod_asig6,pre_cod_asig7 FROM tblaca009_p_int WHERE pensum='5' AND c_uni_ca='4' AND c_asigna='300207' [1][0] OK
C:[16/08/2013 13:11:10.22][190.37.237.99][1151] SELECT c_asigna FROM dace004 WHERE exp_e='12-24702272' AND c_asigna='300101' AND status IN ('0','3','B','C') [1][0] OK
C:[16/08/2013 13:11:10.22][190.37.237.99][1138] SELECT pre_cod_asig1,pre_cod_asig2,pre_cod_asig3,pre_cod_asig4,pre_cod_asig5,pre_cod_asig6,pre_cod_asig7 FROM tblaca009_p_int WHERE pensum='5' AND c_uni_ca='4' AND c_asigna='300228' [1][0] OK
C:[16/08/2013 13:11:10.22][190.37.237.99][1151] SELECT c_asigna FROM dace004 WHERE exp_e='12-24702272' AND c_asigna='300101' AND status IN ('0','3','B','C') [1][0] OK
C:[16/08/2013 13:11:10.27][190.37.237.99][1182] SELECT par_cod_asig1,par_cod_asig2,par_cod_asig3 FROM tblaca009_p_int WHERE pensum='5' AND c_uni_ca='4' AND c_asigna='300207' [1][0] OK
C:[16/08/2013 13:11:10.27][190.37.237.99][1182] SELECT par_cod_asig1,par_cod_asig2,par_cod_asig3 FROM tblaca009_p_int WHERE pensum='5' AND c_uni_ca='4' AND c_asigna='300228' [1][0] OK
C:[16/08/2013 13:11:10.62][190.37.237.99][1312] SELECT horas_lab FROM tblaca008 WHERE c_asigna='300207' AND horas_teoricas > 0 [1][0] OK
C:[16/08/2013 13:11:10.62][190.37.237.99][1312] SELECT horas_lab FROM tblaca008 WHERE c_asigna='300228' AND horas_teoricas > 0 [1][0] OK
C:[16/08/2013 13:13:26.51][186.167.243.228][1138] SELECT pre_cod_asig1,pre_cod_asig2,pre_cod_asig3,pre_cod_asig4,pre_cod_asig5,pre_cod_asig6,pre_cod_asig7 FROM tblaca009_p_int WHERE pensum='5' AND c_uni_ca='3' AND c_asigna='300112' [1][0] OK
C:[16/08/2013 13:13:27.20][186.167.243.228][1182] SELECT par_cod_asig1,par_cod_asig2,par_cod_asig3 FROM tblaca009_p_int WHERE pensum='5' AND c_uni_ca='3' AND c_asigna='300112' [1][0] OK
C:[16/08/2013 13:13:27.34][186.167.243.228][1312] SELECT horas_lab FROM tblaca008 WHERE c_asigna='300112' AND horas_teoricas > 0 [1][0] OK
C:[16/08/2013 13:13:36.01][172.16.3.75][1138] SELECT pre_cod_asig1,pre_cod_asig2,pre_cod_asig3,pre_cod_asig4,pre_cod_asig5,pre_cod_asig6,pre_cod_asig7 FROM tblaca009_p_int WHERE pensum='5' AND c_uni_ca='5' AND c_asigna='300116' [1][0] OK
C:[16/08/2013 13:13:36.14][172.16.3.75][1182] SELECT par_cod_asig1,par_cod_asig2,par_cod_asig3 FROM tblaca009_p_int WHERE pensum='5' AND c_uni_ca='5' AND c_asigna='300116' [1][0] OK
C:[16/08/2013 13:13:36.28][172.16.3.75][1312] SELECT horas_lab FROM tblaca008 WHERE c_asigna='300116' AND horas_teoricas > 0 [1][0] OK
C:[16/08/2013 13:13:49.16][190.201.175.202][1138] SELECT pre_cod_asig1,pre_cod_asig2,pre_cod_asig3,pre_cod_asig4,pre_cod_asig5,pre_cod_asig6,pre_cod_asig7 FROM tblaca009_p_int WHERE pensum='5' AND c_uni_ca='4' AND c_asigna='300112' [1][0] OK
C:[16/08/2013 13:13:49.85][190.201.175.202][1182] SELECT par_cod_asig1,par_cod_asig2,par_cod_asig3 FROM tblaca009_p_int WHERE pensum='5' AND c_uni_ca='4' AND c_asigna='300112' [1][0] OK
C:[16/08/2013 13:13:49.99][190.201.175.202][1312] SELECT horas_lab FROM tblaca008 WHERE c_asigna='300112' AND horas_teoricas > 0 [1][0] OK
C:[16/08/2013 13:14:17.63][190.201.175.202][1138] SELECT pre_cod_asig1,pre_cod_asig2,pre_cod_asig3,pre_cod_asig4,pre_cod_asig5,pre_cod_asig6,pre_cod_asig7 FROM tblaca009_p_int WHERE pensum='5' AND c_uni_ca='2' AND c_asigna='300213' [1][0] OK
C:[16/08/2013 13:14:17.63][190.201.175.202][1151] SELECT c_asigna FROM dace004 WHERE exp_e='12-25744860' AND c_asigna='300101' AND status IN ('0','3','B','C') [1][0] OK
C:[16/08/2013 13:14:17.63][190.201.175.202][1138] SELECT pre_cod_asig1,pre_cod_asig2,pre_cod_asig3,pre_cod_asig4,pre_cod_asig5,pre_cod_asig6,pre_cod_asig7 FROM tblaca009_p_int WHERE pensum='5' AND c_uni_ca='2' AND c_asigna='300226' [1][0] OK
C:[16/08/2013 13:14:17.63][190.201.175.202][1151] SELECT c_asigna FROM dace004 WHERE exp_e='12-25744860' AND c_asigna='300116' AND status IN ('0','3','B','C') [1][0] OK
C:[16/08/2013 13:14:18.67][190.201.175.202][1182] SELECT par_cod_asig1,par_cod_asig2,par_cod_asig3 FROM tblaca009_p_int WHERE pensum='5' AND c_uni_ca='2' AND c_asigna='300213' [1][0] OK
C:[16/08/2013 13:14:18.67][190.201.175.202][1182] SELECT par_cod_asig1,par_cod_asig2,par_cod_asig3 FROM tblaca009_p_int WHERE pensum='5' AND c_uni_ca='2' AND c_asigna='300226' [1][0] OK
C:[16/08/2013 13:14:18.93][190.201.175.202][1312] SELECT horas_lab FROM tblaca008 WHERE c_asigna='300213' AND horas_teoricas > 0 [1][0] OK
C:[16/08/2013 13:14:18.93][190.201.175.202][1312] SELECT horas_lab FROM tblaca008 WHERE c_asigna='300226' AND horas_teoricas > 0 [1][0] OK
C:[16/08/2013 13:14:38.99][190.201.175.202][1138] SELECT pre_cod_asig1,pre_cod_asig2,pre_cod_asig3,pre_cod_asig4,pre_cod_asig5,pre_cod_asig6,pre_cod_asig7 FROM tblaca009_p_int WHERE pensum='5' AND c_uni_ca='6' AND c_asigna='300013' [1][0] OK
C:[16/08/2013 13:14:38.71][190.201.175.202][1182] SELECT par_cod_asig1,par_cod_asig2,par_cod_asig3 FROM tblaca009_p_int WHERE pensum='5' AND c_uni_ca='6' AND c_asigna='300013' [1][0] OK
C:[16/08/2013 13:14:38.83][190.201.175.202][1312] SELECT horas_lab FROM tblaca008 WHERE c_asigna='300013' AND horas_teoricas > 0 [1][0] OK
C:[16/08/2013 13:15:53.33][172.16.4.254][1138] SELECT pre_cod_asig1,pre_cod_asig2,pre_cod_asig3,pre_cod_asig4,pre_cod_asig5,pre_cod_asig6,pre_cod_asig7 FROM tblaca009_p_int WHERE pensum='5' AND c_uni_ca='4' AND c_asigna='300101' [1][0] OK
C:[16/08/2013 13:15:53.03][172.16.4.254][1182] SELECT par_cod_asig1,par_cod_asig2,par_cod_asig3 FROM tblaca009_p_int WHERE pensum='5' AND c_uni_ca='4' AND c_asigna='300101' [1][0] OK
C:[16/08/2013 13:15:53.41][172.16.4.254][1312] SELECT horas_lab FROM tblaca008 WHERE c_asigna='300101' AND horas_teoricas > 0 [1][0] OK
C:[16/08/2013 13:16:07.29][190.79.23.122][1138] SELECT pre_cod_asig1,pre_cod_asig2,pre_cod_asig3,pre_cod_asig4,pre_cod_asig5,pre_cod_asig6,pre_cod_asig7 FROM tblaca009_p_int WHERE pensum='5' AND c_uni_ca='5' AND c_asigna='300207' [1][0] OK
C:[16/08/2013 13:16:07.29][190.79.23.122][1151] SELECT c_asigna FROM dace004 WHERE exp_e='11-24847691' AND c_asigna='300101' AND status IN ('0','3','B','C') [1][0] OK
C:[16/08/2013 13:16:07.29][190.79.23.122][1138] SELECT pre_cod_asig1,pre_cod_asig2,pre_cod_asig3,pre_cod_asig4,pre_cod_asig5,pre_cod_asig6,pre_cod_asig7 FROM tblaca009_p_int WHERE pensum='5' AND c_uni_ca='5' AND c_asigna='300313' [1][0] OK
C:[16/08/2013 13:16:07.29][190.79.23.122][1151] SELECT c_asigna FROM dace004 WHERE exp_e='11-24847691' AND c_asigna='300213' AND status IN ('0','3','B','C') [1][0] OK
C:[16/08/2013 13:16:07.36][190.79.23.122][1182] SELECT par_cod_asig1,par_cod_asig2,par_cod_asig3 FROM tblaca009_p_int WHERE pensum='5' AND c_uni_ca='5' AND c_asigna='300207' [1][0] OK
C:[16/08/2013 13:16:07.36][190.79.23.122][1182] SELECT par_cod_asig1,par_cod_asig2,par_cod_asig3 FROM tblaca009_p_int WHERE pensum='5' AND c_uni_ca='5' AND c_asigna='300313' [1][0] OK
C:[16/08/2013 13:16:07.70][190.79.23.122][1312] SELECT horas_lab FROM tblaca008 WHERE c_asigna='300207' AND horas_teoricas > 0 [1][0] OK
C:[16/08/2013 13:16:07.70][190.79.23.122][1312] SELECT horas_lab FROM tblaca008 WHERE c_asigna='300313' AND horas_teoricas > 0 [1][0] OK
C:[16/08/2013 13:16:33.62][190.36.3.225][1138] SELECT pre_cod_asig1,pre_cod_asig2,pre_cod_asig3,pre_cod_asig4,pre_cod_asig5,pre_cod_asig6,pre_cod_asig7 FROM tblaca009_p_int WHERE pensum='5' AND c_uni_ca='3' AND c_asigna='311822' [1][0] OK
C:[16/08/2013 13:16:33.62][190.36.3.225][1151] SELECT c_asigna FROM dace004 WHERE exp_e='08-18665516' AND c_asigna='311795' AND status IN ('0','3','B','C') [1][0] OK
C:[16/08/2013 13:16:33.62][190.36.3.225][1138] SELECT pre_cod_asig1,pre_cod_asig2,pre_cod_asig3,pre_cod_asig4,pre_cod_asig5,pre_cod_asig6,pre_cod_asig7 FROM tblaca009_p_int WHERE pensum='5' AND c_uni_ca='3' AND c_asigna='311823' [1][0] OK
C:[16/08/2013 13:16:33.62][190.36.3.225][1151] SELECT c_asigna FROM dace004 WHERE exp_e='08-18665516' AND c_asigna='311795' AND status IN ('0','3','B','C') [1][0] OK
C:[16/08/2013 13:16:33.14][190.36.3.225][1182] SELECT par_cod_asig1,par_cod_asig2,par_cod_asig3 FROM tblaca009_p_int WHERE pensum='5' AND c_uni_ca='3' AND c_asigna='311822' [1][0] OK
C:[16/08/2013 13:16:33.14][190.36.3.225][1182] SELECT par_cod_asig1,par_cod_asig2,par_cod_asig3 FROM tblaca009_p_int WHERE pensum='5' AND c_uni_ca='3' AND c_asigna='311823' [1][0] OK
C:[16/08/2013 13:16:33.50][190.36.3.225][1312] SELECT horas_lab FROM tblaca008 WHERE c_asigna='311822' AND horas_teoricas > 0 [1][0] OK
C:[16/08/2013 13:16:33.50][190.36.3.225][1312] SELECT horas_lab FROM tblaca008 WHERE c_asigna='311823' AND horas_teoricas > 0 [1][0] OK
C:[16/08/2013 13:17:11.85][190.200.54.129][1138] SELECT pre_cod_asig1,pre_cod_asig2,pre_cod_asig3,pre_cod_asig4,pre_cod_asig5,pre_cod_asig6,pre_cod_asig7 FROM tblaca009_p_int WHERE pensum='5' AND c_uni_ca='2' AND c_asigna='322669' [1][0] OK
C:[16/08/2013 13:17:11.85][190.200.54.129][1151] SELECT c_asigna FROM dace004 WHERE exp_e='11-22862501' AND c_asigna='322558' AND status IN ('0','3','B','C') [1][0] OK
C:[16/08/2013 13:17:11.75][190.200.54.129][1182] SELECT par_cod_asig1,par_cod_asig2,par_cod_asig3 FROM tblaca009_p_int WHERE pensum='5' AND c_uni_ca='2' AND c_asigna='322669' [1][0] OK
C:[16/08/2013 13:17:11.80][190.200.54.129][1312] SELECT horas_lab FROM tblaca008 WHERE c_asigna='322669' AND horas_teoricas > 0 [1][0] OK
C:[16/08/2013 13:18:00.07][190.201.175.202][1138] SELECT pre_cod_asig1,pre_cod_asig2,pre_cod_asig3,pre_cod_asig4,pre_cod_asig5,pre_cod_asig6,pre_cod_asig7 FROM tblaca009_p_int WHERE pensum='5' AND c_uni_ca='2' AND c_asigna='320311' [1][0] OK
C:[16/08/2013 13:18:00.07][190.201.175.202][1151] SELECT c_asigna FROM dace004 WHERE exp_e='10-23551744' AND c_asigna='300013' AND status IN ('0','3','B','C') [1][0] OK
C:[16/08/2013 13:18:00.07][190.201.175.202][1151] SELECT c_asigna FROM dace004 WHERE exp_e='10-23551744' AND c_asigna='300113' AND status IN ('0','3','B','C') [1][0] OK
C:[16/08/2013 13:18:00.00][190.201.175.202][1182] SELECT par_cod_asig1,par_cod_asig2,par_cod_asig3 FROM tblaca009_p_int WHERE pensum='5' AND c_uni_ca='2' AND c_asigna='320311' [1][0] OK
C:[16/08/2013 13:18:00.15][190.201.175.202][1312] SELECT horas_lab FROM tblaca008 WHERE c_asigna='320311' AND horas_teoricas > 0 [1][0] OK
C:[16/08/2013 13:18:20.05][190.39.5.74][1138] SELECT pre_cod_asig1,pre_cod_asig2,pre_cod_asig3,pre_cod_asig4,pre_cod_asig5,pre_cod_asig6,pre_cod_asig7 FROM tblaca009_p_int WHERE pensum='5' AND c_uni_ca='2' AND c_asigna='322703' [1][0] OK
C:[16/08/2013 13:18:20.05][190.39.5.74][1151] SELECT c_asigna FROM dace004 WHERE exp_e='07-20284875' AND c_asigna='322669' AND status IN ('0','3','B','C') [1][0] OK
C:[16/08/2013 13:18:20.90][190.39.5.74][1182] SELECT par_cod_asig1,par_cod_asig2,par_cod_asig3 FROM tblaca009_p_int WHERE pensum='5' AND c_uni_ca='2' AND c_asigna='322703' [1][0] OK
C:[16/08/2013 13:18:20.00][190.39.5.74][1312] SELECT horas_lab FROM tblaca008 WHERE c_asigna='322703' AND horas_teoricas > 0 [1][0] OK
C:[16/08/2013 13:18:23.78][186.88.129.241][1138] SELECT pre_cod_asig1,pre_cod_asig2,pre_cod_asig3,pre_cod_asig4,pre_cod_asig5,pre_cod_asig6,pre_cod_asig7 FROM tblaca009_p_int WHERE pensum='5' AND c_uni_ca='4' AND c_asigna='300209' [1][0] OK
C:[16/08/2013 13:18:23.78][186.88.129.241][1151] SELECT c_asigna FROM dace004 WHERE exp_e='12-24411289' AND c_asigna='300101' AND status IN ('0','3','B','C') [1][0] OK
C:[16/08/2013 13:18:23.78][186.88.129.241][1138] SELECT pre_cod_asig1,pre_cod_asig2,pre_cod_asig3,pre_cod_asig4,pre_cod_asig5,pre_cod_asig6,pre_cod_asig7 FROM tblaca009_p_int WHERE pensum='5' AND c_uni_ca='4' AND c_asigna='300213' [1][0] OK
C:[16/08/2013 13:18:23.78][186.88.129.241][1151] SELECT c_asigna FROM dace004 WHERE exp_e='12-24411289' AND c_asigna='300101' AND status IN ('0','3','B','C') [1][0] OK
C:[16/08/2013 13:18:23.27][186.88.129.241][1182] SELECT par_cod_asig1,par_cod_asig2,par_cod_asig3 FROM tblaca009_p_int WHERE pensum='5' AND c_uni_ca='4' AND c_asigna='300209' [1][0] OK
C:[16/08/2013 13:18:23.27][186.88.129.241][1182] SELECT par_cod_asig1,par_cod_asig2,par_cod_asig3 FROM tblaca009_p_int WHERE pensum='5' AND c_uni_ca='4' AND c_asigna='300213' [1][0] OK
C:[16/08/2013 13:18:23.55][186.88.129.241][1312] SELECT horas_lab FROM tblaca008 WHERE c_asigna='300209' AND horas_teoricas > 0 [1][0] OK
C:[16/08/2013 13:18:23.55][186.88.129.241][1312] SELECT horas_lab FROM tblaca008 WHERE c_asigna='300213' AND horas_teoricas > 0 [1][0] OK
C:[16/08/2013 13:19:46.04][181.185.255.25][1138] SELECT pre_cod_asig1,pre_cod_asig2,pre_cod_asig3,pre_cod_asig4,pre_cod_asig5,pre_cod_asig6,pre_cod_asig7 FROM tblaca009_p_int WHERE pensum='5' AND c_uni_ca='3' AND c_asigna='300116' [1][0] OK
C:[16/08/2013 13:19:46.73][181.185.255.25][1182] SELECT par_cod_asig1,par_cod_asig2,par_cod_asig3 FROM tblaca009_p_int WHERE pensum='5' AND c_uni_ca='3' AND c_asigna='300116' [1][0] OK
C:[16/08/2013 13:19:46.87][181.185.255.25][1312] SELECT horas_lab FROM tblaca008 WHERE c_asigna='300116' AND horas_teoricas > 0 [1][0] OK
C:[16/08/2013 13:20:13.46][172.16.4.254][1138] SELECT pre_cod_asig1,pre_cod_asig2,pre_cod_asig3,pre_cod_asig4,pre_cod_asig5,pre_cod_asig6,pre_cod_asig7 FROM tblaca009_p_int WHERE pensum='5' AND c_uni_ca='2' AND c_asigna='300101' [1][0] OK
C:[16/08/2013 13:20:13.60][172.16.4.254][1182] SELECT par_cod_asig1,par_cod_asig2,par_cod_asig3 FROM tblaca009_p_int WHERE pensum='5' AND c_uni_ca='2' AND c_asigna='300101' [1][0] OK
C:[16/08/2013 13:20:13.73][172.16.4.254][1312] SELECT horas_lab FROM tblaca008 WHERE c_asigna='300101' AND horas_teoricas > 0 [1][0] OK
C:[16/08/2013 13:20:35.75][190.201.175.202][1138] SELECT pre_cod_asig1,pre_cod_asig2,pre_cod_asig3,pre_cod_asig4,pre_cod_asig5,pre_cod_asig6,pre_cod_asig7 FROM tblaca009_p_int WHERE pensum='5' AND c_uni_ca='6' AND c_asigna='300317' [1][0] OK
C:[16/08/2013 13:20:35.75][190.201.175.202][1151] SELECT c_asigna FROM dace004 WHERE exp_e='11-24037113' AND c_asigna='300207' AND status IN ('0','3','B','C') [1][0] OK
C:[16/08/2013 13:20:35.75][190.201.175.202][1151] SELECT c_asigna FROM dace004 WHERE exp_e='11-24037113' AND c_asigna='300209' AND status IN ('0','3','B','C') [1][0] OK
C:[16/08/2013 13:20:35.69][190.201.175.202][1182] SELECT par_cod_asig1,par_cod_asig2,par_cod_asig3 FROM tblaca009_p_int WHERE pensum='5' AND c_uni_ca='6' AND c_asigna='300317' [1][0] OK
C:[16/08/2013 13:20:35.85][190.201.175.202][1312] SELECT horas_lab FROM tblaca008 WHERE c_asigna='300317' AND horas_teoricas > 0 [1][0] OK
C:[16/08/2013 13:20:39.86][186.167.243.231][1138] SELECT pre_cod_asig1,pre_cod_asig2,pre_cod_asig3,pre_cod_asig4,pre_cod_asig5,pre_cod_asig6,pre_cod_asig7 FROM tblaca009_p_int WHERE pensum='5' AND c_uni_ca='3' AND c_asigna='300116' [1][0] OK
C:[16/08/2013 13:20:39.86][186.167.243.231][1138] SELECT pre_cod_asig1,pre_cod_asig2,pre_cod_asig3,pre_cod_asig4,pre_cod_asig5,pre_cod_asig6,pre_cod_asig7 FROM tblaca009_p_int WHERE pensum='5' AND c_uni_ca='3' AND c_asigna='300209' [1][0] OK
C:[16/08/2013 13:20:39.86][186.167.243.231][1151] SELECT c_asigna FROM dace004 WHERE exp_e='11-23895849' AND c_asigna='300101' AND status IN ('0','3','B','C') [1][0] OK
C:[16/08/2013 13:20:40.23][186.167.243.231][1182] SELECT par_cod_asig1,par_cod_asig2,par_cod_asig3 FROM tblaca009_p_int WHERE pensum='5' AND c_uni_ca='3' AND c_asigna='300116' [1][0] OK
C:[16/08/2013 13:20:40.23][186.167.243.231][1182] SELECT par_cod_asig1,par_cod_asig2,par_cod_asig3 FROM tblaca009_p_int WHERE pensum='5' AND c_uni_ca='3' AND c_asigna='300209' [1][0] OK
C:[16/08/2013 13:20:40.50][186.167.243.231][1312] SELECT horas_lab FROM tblaca008 WHERE c_asigna='300116' AND horas_teoricas > 0 [1][0] OK
C:[16/08/2013 13:20:40.50][186.167.243.231][1312] SELECT horas_lab FROM tblaca008 WHERE c_asigna='300209' AND horas_teoricas > 0 [1][0] OK
C:[16/08/2013 13:20:43.60][190.201.175.202][1138] SELECT pre_cod_asig1,pre_cod_asig2,pre_cod_asig3,pre_cod_asig4,pre_cod_asig5,pre_cod_asig6,pre_cod_asig7 FROM tblaca009_p_int WHERE pensum='5' AND c_uni_ca='4' AND c_asigna='300013' [1][0] OK
C:[16/08/2013 13:20:43.83][190.201.175.202][1182] SELECT par_cod_asig1,par_cod_asig2,par_cod_asig3 FROM tblaca009_p_int WHERE pensum='5' AND c_uni_ca='4' AND c_asigna='300013' [1][0] OK
C:[16/08/2013 13:20:43.86][190.201.175.202][1312] SELECT horas_lab FROM tblaca008 WHERE c_asigna='300013' AND horas_teoricas > 0 [1][0] OK
C:[16/08/2013 13:21:05.29][190.206.254.175][1138] SELECT pre_cod_asig1,pre_cod_asig2,pre_cod_asig3,pre_cod_asig4,pre_cod_asig5,pre_cod_asig6,pre_cod_asig7 FROM tblaca009_p_int WHERE pensum='5' AND c_uni_ca='5' AND c_asigna='355692' [1][0] OK
C:[16/08/2013 13:21:05.29][190.206.254.175][1151] SELECT c_asigna FROM dace004 WHERE exp_e='02-17713074' AND c_asigna='355448' AND status IN ('0','3','B','C') [1][0] OK
C:[16/08/2013 13:21:05.29][190.206.254.175][1151] SELECT c_asigna FROM dace004 WHERE exp_e='02-17713074' AND c_asigna='355570' AND status IN ('0','3','B','C') [1][0] OK
C:[16/08/2013 13:21:05.23][190.206.254.175][1182] SELECT par_cod_asig1,par_cod_asig2,par_cod_asig3 FROM tblaca009_p_int WHERE pensum='5' AND c_uni_ca='5' AND c_asigna='355692' [1][0] OK
C:[16/08/2013 13:21:05.38][190.206.254.175][1312] SELECT horas_lab FROM tblaca008 WHERE c_asigna='355692' AND horas_teoricas > 0 [1][0] OK
C:[16/08/2013 13:21:09.81][186.187.255.121][1138] SELECT pre_cod_asig1,pre_cod_asig2,pre_cod_asig3,pre_cod_asig4,pre_cod_asig5,pre_cod_asig6,pre_cod_asig7 FROM tblaca009_p_int WHERE pensum='5' AND c_uni_ca='4' AND c_asigna='300207' [1][0] OK
C:[16/08/2013 13:21:09.81][186.187.255.121][1151] SELECT c_asigna FROM dace004 WHERE exp_e='11-25446973' AND c_asigna='300101' AND status IN ('0','3','B','C') [1][0] OK
C:[16/08/2013 13:21:09.81][186.187.255.121][1138] SELECT pre_cod_asig1,pre_cod_asig2,pre_cod_asig3,pre_cod_asig4,pre_cod_asig5,pre_cod_asig6,pre_cod_asig7 FROM tblaca009_p_int WHERE pensum='5' AND c_uni_ca='4' AND c_asigna='300213' [1][0] OK
C:[16/08/2013 13:21:09.81][186.187.255.121][1151] SELECT c_asigna FROM dace004 WHERE exp_e='11-25446973' AND c_asigna='300101' AND status IN ('0','3','B','C') [1][0] OK
C:[16/08/2013 13:21:09.81][186.187.255.121][1138] SELECT pre_cod_asig1,pre_cod_asig2,pre_cod_asig3,pre_cod_asig4,pre_cod_asig5,pre_cod_asig6,pre_cod_asig7 FROM tblaca009_p_int WHERE pensum='5' AND c_uni_ca='4' AND c_asigna='330310' [1][0] OK
C:[16/08/2013 13:21:09.81][186.187.255.121][1151] SELECT c_asigna FROM dace004 WHERE exp_e='11-25446973' AND c_asigna='300013' AND status IN ('0','3','B','C') [1][0] OK
C:[16/08/2013 13:21:09.81][186.187.255.121][1151] SELECT c_asigna FROM dace004 WHERE exp_e='11-25446973' AND c_asigna='300113' AND status IN ('0','3','B','C') [1][0] OK
C:[16/08/2013 13:21:09.68][186.187.255.121][1182] SELECT par_cod_asig1,par_cod_asig2,par_cod_asig3 FROM tblaca009_p_int WHERE pensum='5' AND c_uni_ca='4' AND c_asigna='300207' [1][0] OK
C:[16/08/2013 13:21:09.68][186.187.255.121][1182] SELECT par_cod_asig1,par_cod_asig2,par_cod_asig3 FROM tblaca009_p_int WHERE pensum='5' AND c_uni_ca='4' AND c_asigna='300213' [1][0] OK
C:[16/08/2013 13:21:09.68][186.187.255.121][1182] SELECT par_cod_asig1,par_cod_asig2,par_cod_asig3 FROM tblaca009_p_int WHERE pensum='5' AND c_uni_ca='4' AND c_asigna='330310' [1][0] OK
C:[16/08/2013 13:21:09.21][186.187.255.121][1312] SELECT horas_lab FROM tblaca008 WHERE c_asigna='300207' AND horas_teoricas > 0 [1][0] OK
C:[16/08/2013 13:21:09.21][186.187.255.121][1312] SELECT horas_lab FROM tblaca008 WHERE c_asigna='300213' AND horas_teoricas > 0 [1][0] OK
C:[16/08/2013 13:21:09.21][186.187.255.121][1312] SELECT horas_lab FROM tblaca008 WHERE c_asigna='330310' AND horas_teoricas > 0 [1][0] OK
C:[16/08/2013 13:21:20.60][172.16.4.254][1138] SELECT pre_cod_asig1,pre_cod_asig2,pre_cod_asig3,pre_cod_asig4,pre_cod_asig5,pre_cod_asig6,pre_cod_asig7 FROM tblaca009_p_int WHERE pensum='5' AND c_uni_ca='6' AND c_asigna='300213' [1][0] OK
C:[16/08/2013 13:21:20.60][172.16.4.254][1151] SELECT c_asigna FROM dace004 WHERE exp_e='05-15372063' AND c_asigna='300101' AND status IN ('0','3','B','C') [1][0] OK
C:[16/08/2013 13:21:20.60][172.16.4.254][1138] SELECT pre_cod_asig1,pre_cod_asig2,pre_cod_asig3,pre_cod_asig4,pre_cod_asig5,pre_cod_asig6,pre_cod_asig7 FROM tblaca009_p_int WHERE pensum='5' AND c_uni_ca='6' AND c_asigna='342444' [1][0] OK
C:[16/08/2013 13:21:20.60][172.16.4.254][1151] SELECT c_asigna FROM dace004 WHERE exp_e='05-15372063' AND c_asigna='340323' AND status IN ('0','3','B','C') [1][0] OK
C:[16/08/2013 13:21:20.67][172.16.4.254][1182] SELECT par_cod_asig1,par_cod_asig2,par_cod_asig3 FROM tblaca009_p_int WHERE pensum='5' AND c_uni_ca='6' AND c_asigna='300213' [1][0] OK
C:[16/08/2013 13:21:20.67][172.16.4.254][1182] SELECT par_cod_asig1,par_cod_asig2,par_cod_asig3 FROM tblaca009_p_int WHERE pensum='5' AND c_uni_ca='6' AND c_asigna='342444' [1][0] OK
C:[16/08/2013 13:21:20.02][172.16.4.254][1312] SELECT horas_lab FROM tblaca008 WHERE c_asigna='300213' AND horas_teoricas > 0 [1][0] OK
C:[16/08/2013 13:21:20.02][172.16.4.254][1312] SELECT horas_lab FROM tblaca008 WHERE c_asigna='342444' AND horas_teoricas > 0 [1][0] OK
C:[16/08/2013 13:21:34.57][190.198.0.187][1138] SELECT pre_cod_asig1,pre_cod_asig2,pre_cod_asig3,pre_cod_asig4,pre_cod_asig5,pre_cod_asig6,pre_cod_asig7 FROM tblaca009_p_int WHERE pensum='5' AND c_uni_ca='2' AND c_asigna='300112' [1][0] OK
C:[16/08/2013 13:21:34.57][190.198.0.187][1138] SELECT pre_cod_asig1,pre_cod_asig2,pre_cod_asig3,pre_cod_asig4,pre_cod_asig5,pre_cod_asig6,pre_cod_asig7 FROM tblaca009_p_int WHERE pensum='5' AND c_uni_ca='2' AND c_asigna='300207' [1][0] OK
C:[16/08/2013 13:21:34.57][190.198.0.187][1151] SELECT c_asigna FROM dace004 WHERE exp_e='12-24964632' AND c_asigna='300101' AND status IN ('0','3','B','C') [1][0] OK
C:[16/08/2013 13:21:34.32][190.198.0.187][1182] SELECT par_cod_asig1,par_cod_asig2,par_cod_asig3 FROM tblaca009_p_int WHERE pensum='5' AND c_uni_ca='2' AND c_asigna='300112' [1][0] OK
C:[16/08/2013 13:21:34.32][190.198.0.187][1182] SELECT par_cod_asig1,par_cod_asig2,par_cod_asig3 FROM tblaca009_p_int WHERE pensum='5' AND c_uni_ca='2' AND c_asigna='300207' [1][0] OK
C:[16/08/2013 13:21:34.58][190.198.0.187][1312] SELECT horas_lab FROM tblaca008 WHERE c_asigna='300112' AND horas_teoricas > 0 [1][0] OK
C:[16/08/2013 13:21:34.58][190.198.0.187][1312] SELECT horas_lab FROM tblaca008 WHERE c_asigna='300207' AND horas_teoricas > 0 [1][0] OK
C:[16/08/2013 13:21:54.17][190.201.162.127][1138] SELECT pre_cod_asig1,pre_cod_asig2,pre_cod_asig3,pre_cod_asig4,pre_cod_asig5,pre_cod_asig6,pre_cod_asig7 FROM tblaca009_p_int WHERE pensum='5' AND c_uni_ca='6' AND c_asigna='300207' [1][0] OK
C:[16/08/2013 13:21:54.17][190.201.162.127][1151] SELECT c_asigna FROM dace004 WHERE exp_e='06-19419436' AND c_asigna='300101' AND status IN ('0','3','B','C') [1][0] OK
C:[16/08/2013 13:21:54.98][190.201.162.127][1182] SELECT par_cod_asig1,par_cod_asig2,par_cod_asig3 FROM tblaca009_p_int WHERE pensum='5' AND c_uni_ca='6' AND c_asigna='300207' [1][0] OK
C:[16/08/2013 13:21:54.12][190.201.162.127][1312] SELECT horas_lab FROM tblaca008 WHERE c_asigna='300207' AND horas_teoricas > 0 [1][0] OK
C:[16/08/2013 13:22:12.83][190.78.106.187][1138] SELECT pre_cod_asig1,pre_cod_asig2,pre_cod_asig3,pre_cod_asig4,pre_cod_asig5,pre_cod_asig6,pre_cod_asig7 FROM tblaca009_p_int WHERE pensum='5' AND c_uni_ca='5' AND c_asigna='300676' [1][0] OK
C:[16/08/2013 13:22:12.54][190.78.106.187][1182] SELECT par_cod_asig1,par_cod_asig2,par_cod_asig3 FROM tblaca009_p_int WHERE pensum='5' AND c_uni_ca='5' AND c_asigna='300676' [1][0] OK
C:[16/08/2013 13:22:12.79][190.78.106.187][1312] SELECT horas_lab FROM tblaca008 WHERE c_asigna='300676' AND horas_teoricas > 0 [1][0] OK
C:[16/08/2013 13:23:09.05][186.89.245.27][1138] SELECT pre_cod_asig1,pre_cod_asig2,pre_cod_asig3,pre_cod_asig4,pre_cod_asig5,pre_cod_asig6,pre_cod_asig7 FROM tblaca009_p_int WHERE pensum='5' AND c_uni_ca='3' AND c_asigna='300101' [1][0] OK
C:[16/08/2013 13:23:09.74][186.89.245.27][1182] SELECT par_cod_asig1,par_cod_asig2,par_cod_asig3 FROM tblaca009_p_int WHERE pensum='5' AND c_uni_ca='3' AND c_asigna='300101' [1][0] OK
C:[16/08/2013 13:23:09.95][186.89.245.27][1312] SELECT horas_lab FROM tblaca008 WHERE c_asigna='300101' AND horas_teoricas > 0 [1][0] OK
C:[16/08/2013 13:23:22.22][190.73.225.166][1138] SELECT pre_cod_asig1,pre_cod_asig2,pre_cod_asig3,pre_cod_asig4,pre_cod_asig5,pre_cod_asig6,pre_cod_asig7 FROM tblaca009_p_int WHERE pensum='5' AND c_uni_ca='5' AND c_asigna='300101' [1][0] OK
C:[16/08/2013 13:23:22.26][190.73.225.166][1182] SELECT par_cod_asig1,par_cod_asig2,par_cod_asig3 FROM tblaca009_p_int WHERE pensum='5' AND c_uni_ca='5' AND c_asigna='300101' [1][0] OK
C:[16/08/2013 13:23:22.39][190.73.225.166][1312] SELECT horas_lab FROM tblaca008 WHERE c_asigna='300101' AND horas_teoricas > 0 [1][0] OK
C:[16/08/2013 13:23:32.15][200.82.181.23][1138] SELECT pre_cod_asig1,pre_cod_asig2,pre_cod_asig3,pre_cod_asig4,pre_cod_asig5,pre_cod_asig6,pre_cod_asig7 FROM tblaca009_p_int WHERE pensum='5' AND c_uni_ca='5' AND c_asigna='300207' [1][0] OK
C:[16/08/2013 13:23:32.15][200.82.181.23][1151] SELECT c_asigna FROM dace004 WHERE exp_e='09-21007407' AND c_asigna='300101' AND status IN ('0','3','B','C') [1][0] OK
C:[16/08/2013 13:23:32.15][200.82.181.23][1138] SELECT pre_cod_asig1,pre_cod_asig2,pre_cod_asig3,pre_cod_asig4,pre_cod_asig5,pre_cod_asig6,pre_cod_asig7 FROM tblaca009_p_int WHERE pensum='5' AND c_uni_ca='5' AND c_asigna='300228' [1][0] OK
C:[16/08/2013 13:23:32.15][200.82.181.23][1151] SELECT c_asigna FROM dace004 WHERE exp_e='09-21007407' AND c_asigna='300101' AND status IN ('0','3','B','C') [1][0] OK
C:[16/08/2013 13:23:33.24][200.82.181.23][1182] SELECT par_cod_asig1,par_cod_asig2,par_cod_asig3 FROM tblaca009_p_int WHERE pensum='5' AND c_uni_ca='5' AND c_asigna='300207' [1][0] OK
C:[16/08/2013 13:23:33.24][200.82.181.23][1182] SELECT par_cod_asig1,par_cod_asig2,par_cod_asig3 FROM tblaca009_p_int WHERE pensum='5' AND c_uni_ca='5' AND c_asigna='300228' [1][0] OK
C:[16/08/2013 13:23:33.48][200.82.181.23][1312] SELECT horas_lab FROM tblaca008 WHERE c_asigna='300207' AND horas_teoricas > 0 [1][0] OK
C:[16/08/2013 13:23:33.48][200.82.181.23][1312] SELECT horas_lab FROM tblaca008 WHERE c_asigna='300228' AND horas_teoricas > 0 [1][0] OK
C:[16/08/2013 13:23:47.84][190.37.98.22][1138] SELECT pre_cod_asig1,pre_cod_asig2,pre_cod_asig3,pre_cod_asig4,pre_cod_asig5,pre_cod_asig6,pre_cod_asig7 FROM tblaca009_p_int WHERE pensum='5' AND c_uni_ca='6' AND c_asigna='344688' [1][0] OK
C:[16/08/2013 13:23:47.84][190.37.98.22][1151] SELECT c_asigna FROM dace004 WHERE exp_e='07-20299536' AND c_asigna='344565' AND status IN ('0','3','B','C') [1][0] OK
C:[16/08/2013 13:23:47.93][190.37.98.22][1182] SELECT par_cod_asig1,par_cod_asig2,par_cod_asig3 FROM tblaca009_p_int WHERE pensum='5' AND c_uni_ca='6' AND c_asigna='344688' [1][0] OK
C:[16/08/2013 13:23:47.79][190.37.98.22][1312] SELECT horas_lab FROM tblaca008 WHERE c_asigna='344688' AND horas_teoricas > 0 [1][0] OK
C:[16/08/2013 13:24:06.92][190.39.5.74][1138] SELECT pre_cod_asig1,pre_cod_asig2,pre_cod_asig3,pre_cod_asig4,pre_cod_asig5,pre_cod_asig6,pre_cod_asig7 FROM tblaca009_p_int WHERE pensum='5' AND c_uni_ca='6' AND c_asigna='300013' [1][0] OK
C:[16/08/2013 13:24:06.61][190.39.5.74][1182] SELECT par_cod_asig1,par_cod_asig2,par_cod_asig3 FROM tblaca009_p_int WHERE pensum='5' AND c_uni_ca='6' AND c_asigna='300013' [1][0] OK
C:[16/08/2013 13:24:06.75][190.39.5.74][1312] SELECT horas_lab FROM tblaca008 WHERE c_asigna='300013' AND horas_teoricas > 0 [1][0] OK
C:[16/08/2013 13:24:14.17][190.201.175.202][1138] SELECT pre_cod_asig1,pre_cod_asig2,pre_cod_asig3,pre_cod_asig4,pre_cod_asig5,pre_cod_asig6,pre_cod_asig7 FROM tblaca009_p_int WHERE pensum='5' AND c_uni_ca='2' AND c_asigna='300209' [1][0] OK
C:[16/08/2013 13:24:14.17][190.201.175.202][1151] SELECT c_asigna FROM dace004 WHERE exp_e='11-25595306' AND c_asigna='300101' AND status IN ('0','3','B','C') [1][0] OK
C:[16/08/2013 13:24:14.43][190.201.175.202][1182] SELECT par_cod_asig1,par_cod_asig2,par_cod_asig3 FROM tblaca009_p_int WHERE pensum='5' AND c_uni_ca='2' AND c_asigna='300209' [1][0] OK
C:[16/08/2013 13:24:14.68][190.201.175.202][1312] SELECT horas_lab FROM tblaca008 WHERE c_asigna='300209' AND horas_teoricas > 0 [1][0] OK
C:[16/08/2013 13:24:22.98][190.201.175.202][1138] SELECT pre_cod_asig1,pre_cod_asig2,pre_cod_asig3,pre_cod_asig4,pre_cod_asig5,pre_cod_asig6,pre_cod_asig7 FROM tblaca009_p_int WHERE pensum='5' AND c_uni_ca='4' AND c_asigna='300113' [1][0] OK
C:[16/08/2013 13:24:22.66][190.201.175.202][1182] SELECT par_cod_asig1,par_cod_asig2,par_cod_asig3 FROM tblaca009_p_int WHERE pensum='5' AND c_uni_ca='4' AND c_asigna='300113' [1][0] OK
C:[16/08/2013 13:24:22.66][190.201.175.202][1196] SELECT c_asigna FROM dace004 WHERE exp_e='12-25744486' AND c_asigna='300013' AND status IN ('0','3','B','C') [1][0] OK
C:[16/08/2013 13:24:22.92][190.201.175.202][1312] SELECT horas_lab FROM tblaca008 WHERE c_asigna='300113' AND horas_teoricas > 0 [0][0] OK
C:[16/08/2013 13:24:23.07][190.201.175.202][1138] SELECT pre_cod_asig1,pre_cod_asig2,pre_cod_asig3,pre_cod_asig4,pre_cod_asig5,pre_cod_asig6,pre_cod_asig7 FROM tblaca009_p_int WHERE pensum='5' AND c_uni_ca='4' AND c_asigna='300116' [1][0] OK
C:[16/08/2013 13:24:23.19][190.201.175.202][1182] SELECT par_cod_asig1,par_cod_asig2,par_cod_asig3 FROM tblaca009_p_int WHERE pensum='5' AND c_uni_ca='4' AND c_asigna='300116' [1][0] OK
C:[16/08/2013 13:24:23.32][190.201.175.202][1312] SELECT horas_lab FROM tblaca008 WHERE c_asigna='300116' AND horas_teoricas > 0 [1][0] OK
C:[16/08/2013 13:24:31.53][186.89.184.241][1138] SELECT pre_cod_asig1,pre_cod_asig2,pre_cod_asig3,pre_cod_asig4,pre_cod_asig5,pre_cod_asig6,pre_cod_asig7 FROM tblaca009_p_int WHERE pensum='5' AND c_uni_ca='4' AND c_asigna='333563' [1][0] OK
C:[16/08/2013 13:24:31.53][186.89.184.241][1151] SELECT c_asigna FROM dace004 WHERE exp_e='08-18943596' AND c_asigna='333440' AND status IN ('0','3','B','C') [1][0] OK
C:[16/08/2013 13:24:31.53][186.89.184.241][1151] SELECT c_asigna FROM dace004 WHERE exp_e='08-18943596' AND c_asigna='333442' AND status IN ('0','3','B','C') [1][0] OK
C:[16/08/2013 13:24:31.87][186.89.184.241][1182] SELECT par_cod_asig1,par_cod_asig2,par_cod_asig3 FROM tblaca009_p_int WHERE pensum='5' AND c_uni_ca='4' AND c_asigna='333563' [1][0] OK
C:[16/08/2013 13:24:31.03][186.89.184.241][1312] SELECT horas_lab FROM tblaca008 WHERE c_asigna='333563' AND horas_teoricas > 0 [1][0] OK
C:[16/08/2013 13:24:54.49][186.89.155.151][1138] SELECT pre_cod_asig1,pre_cod_asig2,pre_cod_asig3,pre_cod_asig4,pre_cod_asig5,pre_cod_asig6,pre_cod_asig7 FROM tblaca009_p_int WHERE pensum='5' AND c_uni_ca='3' AND c_asigna='300112' [1][0] OK
C:[16/08/2013 13:24:54.49][186.89.155.151][1138] SELECT pre_cod_asig1,pre_cod_asig2,pre_cod_asig3,pre_cod_asig4,pre_cod_asig5,pre_cod_asig6,pre_cod_asig7 FROM tblaca009_p_int WHERE pensum='5' AND c_uni_ca='3' AND c_asigna='300207' [1][0] OK
C:[16/08/2013 13:24:54.49][186.89.155.151][1151] SELECT c_asigna FROM dace004 WHERE exp_e='11-23502725' AND c_asigna='300101' AND status IN ('0','3','B','C') [1][0] OK
C:[16/08/2013 13:24:54.42][186.89.155.151][1182] SELECT par_cod_asig1,par_cod_asig2,par_cod_asig3 FROM tblaca009_p_int WHERE pensum='5' AND c_uni_ca='3' AND c_asigna='300112' [1][0] OK
C:[16/08/2013 13:24:54.42][186.89.155.151][1182] SELECT par_cod_asig1,par_cod_asig2,par_cod_asig3 FROM tblaca009_p_int WHERE pensum='5' AND c_uni_ca='3' AND c_asigna='300207' [1][0] OK
C:[16/08/2013 13:24:54.68][186.89.155.151][1312] SELECT horas_lab FROM tblaca008 WHERE c_asigna='300112' AND horas_teoricas > 0 [1][0] OK
C:[16/08/2013 13:24:54.68][186.89.155.151][1312] SELECT horas_lab FROM tblaca008 WHERE c_asigna='300207' AND horas_teoricas > 0 [1][0] OK
C:[16/08/2013 13:25:08.41][200.90.98.86][1138] SELECT pre_cod_asig1,pre_cod_asig2,pre_cod_asig3,pre_cod_asig4,pre_cod_asig5,pre_cod_asig6,pre_cod_asig7 FROM tblaca009_p_int WHERE pensum='5' AND c_uni_ca='5' AND c_asigna='355570' [1][0] OK
C:[16/08/2013 13:25:08.41][200.90.98.86][1151] SELECT c_asigna FROM dace004 WHERE exp_e='10-20506402' AND c_asigna='355447' AND status IN ('0','3','B','C') [1][0] OK
C:[16/08/2013 13:25:09.31][200.90.98.86][1182] SELECT par_cod_asig1,par_cod_asig2,par_cod_asig3 FROM tblaca009_p_int WHERE pensum='5' AND c_uni_ca='5' AND c_asigna='355570' [1][0] OK
C:[16/08/2013 13:25:09.36][200.90.98.86][1312] SELECT horas_lab FROM tblaca008 WHERE c_asigna='355570' AND horas_teoricas > 0 [1][0] OK
C:[16/08/2013 13:25:48.56][172.17.129.62][1138] SELECT pre_cod_asig1,pre_cod_asig2,pre_cod_asig3,pre_cod_asig4,pre_cod_asig5,pre_cod_asig6,pre_cod_asig7 FROM tblaca009_p_int WHERE pensum='5' AND c_uni_ca='5' AND c_asigna='300209' [1][0] OK
C:[16/08/2013 13:25:48.56][172.17.129.62][1151] SELECT c_asigna FROM dace004 WHERE exp_e='10-20224595' AND c_asigna='300101' AND status IN ('0','3','B','C') [1][0] OK
C:[16/08/2013 13:25:48.30][172.17.129.62][1182] SELECT par_cod_asig1,par_cod_asig2,par_cod_asig3 FROM tblaca009_p_int WHERE pensum='5' AND c_uni_ca='5' AND c_asigna='300209' [1][0] OK
C:[16/08/2013 13:25:48.44][172.17.129.62][1312] SELECT horas_lab FROM tblaca008 WHERE c_asigna='300209' AND horas_teoricas > 0 [1][0] OK
C:[16/08/2013 13:25:53.42][190.201.175.202][1138] SELECT pre_cod_asig1,pre_cod_asig2,pre_cod_asig3,pre_cod_asig4,pre_cod_asig5,pre_cod_asig6,pre_cod_asig7 FROM tblaca009_p_int WHERE pensum='5' AND c_uni_ca='4' AND c_asigna='300207' [1][0] OK
C:[16/08/2013 13:25:53.42][190.201.175.202][1151] SELECT c_asigna FROM dace004 WHERE exp_e='11-20224278' AND c_asigna='300101' AND status IN ('0','3','B','C') [1][0] OK
C:[16/08/2013 13:25:53.42][190.201.175.202][1138] SELECT pre_cod_asig1,pre_cod_asig2,pre_cod_asig3,pre_cod_asig4,pre_cod_asig5,pre_cod_asig6,pre_cod_asig7 FROM tblaca009_p_int WHERE pensum='5' AND c_uni_ca='4' AND c_asigna='300209' [1][0] OK
C:[16/08/2013 13:25:53.42][190.201.175.202][1151] SELECT c_asigna FROM dace004 WHERE exp_e='11-20224278' AND c_asigna='300101' AND status IN ('0','3','B','C') [1][0] OK
C:[16/08/2013 13:25:54.01][190.201.175.202][1182] SELECT par_cod_asig1,par_cod_asig2,par_cod_asig3 FROM tblaca009_p_int WHERE pensum='5' AND c_uni_ca='4' AND c_asigna='300207' [1][0] OK
C:[16/08/2013 13:25:54.01][190.201.175.202][1182] SELECT par_cod_asig1,par_cod_asig2,par_cod_asig3 FROM tblaca009_p_int WHERE pensum='5' AND c_uni_ca='4' AND c_asigna='300209' [1][0] OK
C:[16/08/2013 13:25:54.20][190.201.175.202][1312] SELECT horas_lab FROM tblaca008 WHERE c_asigna='300207' AND horas_teoricas > 0 [1][0] OK
C:[16/08/2013 13:25:54.20][190.201.175.202][1312] SELECT horas_lab FROM tblaca008 WHERE c_asigna='300209' AND horas_teoricas > 0 [1][0] OK
C:[16/08/2013 13:26:12.06][190.38.211.131][1138] SELECT pre_cod_asig1,pre_cod_asig2,pre_cod_asig3,pre_cod_asig4,pre_cod_asig5,pre_cod_asig6,pre_cod_asig7 FROM tblaca009_p_int WHERE pensum='5' AND c_uni_ca='3' AND c_asigna='300207' [1][0] OK
C:[16/08/2013 13:26:12.06][190.38.211.131][1151] SELECT c_asigna FROM dace004 WHERE exp_e='11-22593252' AND c_asigna='300101' AND status IN ('0','3','B','C') [1][0] OK
C:[16/08/2013 13:26:12.86][190.38.211.131][1182] SELECT par_cod_asig1,par_cod_asig2,par_cod_asig3 FROM tblaca009_p_int WHERE pensum='5' AND c_uni_ca='3' AND c_asigna='300207' [1][0] OK
C:[16/08/2013 13:26:12.00][190.38.211.131][1312] SELECT horas_lab FROM tblaca008 WHERE c_asigna='300207' AND horas_teoricas > 0 [1][0] OK
C:[16/08/2013 13:26:57.26][181.182.104.187][1138] SELECT pre_cod_asig1,pre_cod_asig2,pre_cod_asig3,pre_cod_asig4,pre_cod_asig5,pre_cod_asig6,pre_cod_asig7 FROM tblaca009_p_int WHERE pensum='5' AND c_uni_ca='6' AND c_asigna='300101' [1][0] OK
C:[16/08/2013 13:26:57.96][181.182.104.187][1182] SELECT par_cod_asig1,par_cod_asig2,par_cod_asig3 FROM tblaca009_p_int WHERE pensum='5' AND c_uni_ca='6' AND c_asigna='300101' [1][0] OK
C:[16/08/2013 13:26:57.08][181.182.104.187][1312] SELECT horas_lab FROM tblaca008 WHERE c_asigna='300101' AND horas_teoricas > 0 [1][0] OK
C:[16/08/2013 13:27:13.72][190.204.200.144][1138] SELECT pre_cod_asig1,pre_cod_asig2,pre_cod_asig3,pre_cod_asig4,pre_cod_asig5,pre_cod_asig6,pre_cod_asig7 FROM tblaca009_p_int WHERE pensum='5' AND c_uni_ca='6' AND c_asigna='344733' [1][0] OK
C:[16/08/2013 13:27:13.42][190.204.200.144][1182] SELECT par_cod_asig1,par_cod_asig2,par_cod_asig3 FROM tblaca009_p_int WHERE pensum='5' AND c_uni_ca='6' AND c_asigna='344733' [1][0] OK
C:[16/08/2013 13:27:13.55][190.204.200.144][1312] SELECT horas_lab FROM tblaca008 WHERE c_asigna='344733' AND horas_teoricas > 0 [1][0] OK
C:[16/08/2013 13:27:41.84][190.94.235.176][1138] SELECT pre_cod_asig1,pre_cod_asig2,pre_cod_asig3,pre_cod_asig4,pre_cod_asig5,pre_cod_asig6,pre_cod_asig7 FROM tblaca009_p_int WHERE pensum='5' AND c_uni_ca='5' AND c_asigna='351451' [1][0] OK
C:[16/08/2013 13:27:41.84][190.94.235.176][1151] SELECT c_asigna FROM dace004 WHERE exp_e='09-20805720' AND c_asigna='351330' AND status IN ('0','3','B','C') [1][0] OK
C:[16/08/2013 13:27:41.84][190.94.235.176][1151] SELECT c_asigna FROM dace004 WHERE exp_e='09-20805720' AND c_asigna='355350' AND status IN ('0','3','B','C') [1][0] OK
C:[16/08/2013 13:27:41.84][190.94.235.176][1151] SELECT c_asigna FROM dace004 WHERE exp_e='09-20805720' AND c_asigna='300318' AND status IN ('0','3','B','C') [1][0] OK
C:[16/08/2013 13:27:41.84][190.94.235.176][1138] SELECT pre_cod_asig1,pre_cod_asig2,pre_cod_asig3,pre_cod_asig4,pre_cod_asig5,pre_cod_asig6,pre_cod_asig7 FROM tblaca009_p_int WHERE pensum='5' AND c_uni_ca='5' AND c_asigna='355573' [1][0] OK
C:[16/08/2013 13:27:41.84][190.94.235.176][1151] SELECT c_asigna FROM dace004 WHERE exp_e='09-20805720' AND c_asigna='355448' AND status IN ('0','3','B','C') [1][0] OK
C:[16/08/2013 13:27:41.13][190.94.235.176][1182] SELECT par_cod_asig1,par_cod_asig2,par_cod_asig3 FROM tblaca009_p_int WHERE pensum='5' AND c_uni_ca='5' AND c_asigna='351451' [1][0] OK
C:[16/08/2013 13:27:41.13][190.94.235.176][1182] SELECT par_cod_asig1,par_cod_asig2,par_cod_asig3 FROM tblaca009_p_int WHERE pensum='5' AND c_uni_ca='5' AND c_asigna='355573' [1][0] OK
C:[16/08/2013 13:27:41.41][190.94.235.176][1312] SELECT horas_lab FROM tblaca008 WHERE c_asigna='351451' AND horas_teoricas > 0 [1][0] OK
C:[16/08/2013 13:27:41.41][190.94.235.176][1312] SELECT horas_lab FROM tblaca008 WHERE c_asigna='355573' AND horas_teoricas > 0 [1][0] OK
C:[16/08/2013 13:27:53.64][186.88.131.74][1138] SELECT pre_cod_asig1,pre_cod_asig2,pre_cod_asig3,pre_cod_asig4,pre_cod_asig5,pre_cod_asig6,pre_cod_asig7 FROM tblaca009_p_int WHERE pensum='5' AND c_uni_ca='6' AND c_asigna='300313' [1][0] OK
C:[16/08/2013 13:27:53.64][186.88.131.74][1151] SELECT c_asigna FROM dace004 WHERE exp_e='10-21247659' AND c_asigna='300213' AND status IN ('0','3','B','C') [1][0] OK
C:[16/08/2013 13:27:53.64][186.88.131.74][1138] SELECT pre_cod_asig1,pre_cod_asig2,pre_cod_asig3,pre_cod_asig4,pre_cod_asig5,pre_cod_asig6,pre_cod_asig7 FROM tblaca009_p_int WHERE pensum='5' AND c_uni_ca='6' AND c_asigna='311561' [1][0] OK
C:[16/08/2013 13:27:53.64][186.88.131.74][1151] SELECT c_asigna FROM dace004 WHERE exp_e='10-21247659' AND c_asigna='300318' AND status IN ('0','3','B','C') [1][0] OK
C:[16/08/2013 13:27:53.72][186.88.131.74][1182] SELECT par_cod_asig1,par_cod_asig2,par_cod_asig3 FROM tblaca009_p_int WHERE pensum='5' AND c_uni_ca='6' AND c_asigna='300313' [1][0] OK
C:[16/08/2013 13:27:53.72][186.88.131.74][1182] SELECT par_cod_asig1,par_cod_asig2,par_cod_asig3 FROM tblaca009_p_int WHERE pensum='5' AND c_uni_ca='6' AND c_asigna='311561' [1][0] OK
C:[16/08/2013 13:27:53.97][186.88.131.74][1312] SELECT horas_lab FROM tblaca008 WHERE c_asigna='300313' AND horas_teoricas > 0 [1][0] OK
C:[16/08/2013 13:27:53.97][186.88.131.74][1312] SELECT horas_lab FROM tblaca008 WHERE c_asigna='311561' AND horas_teoricas > 0 [1][0] OK
C:[16/08/2013 13:28:50.71][190.205.156.82][1138] SELECT pre_cod_asig1,pre_cod_asig2,pre_cod_asig3,pre_cod_asig4,pre_cod_asig5,pre_cod_asig6,pre_cod_asig7 FROM tblaca009_p_int WHERE pensum='5' AND c_uni_ca='5' AND c_asigna='300218' [1][0] OK
C:[16/08/2013 13:28:50.71][190.205.156.82][1138] SELECT pre_cod_asig1,pre_cod_asig2,pre_cod_asig3,pre_cod_asig4,pre_cod_asig5,pre_cod_asig6,pre_cod_asig7 FROM tblaca009_p_int WHERE pensum='5' AND c_uni_ca='5' AND c_asigna='300228' [1][0] OK
C:[16/08/2013 13:28:50.71][190.205.156.82][1151] SELECT c_asigna FROM dace004 WHERE exp_e='10-20886820' AND c_asigna='300101' AND status IN ('0','3','B','C') [1][0] OK
C:[16/08/2013 13:28:50.22][190.205.156.82][1182] SELECT par_cod_asig1,par_cod_asig2,par_cod_asig3 FROM tblaca009_p_int WHERE pensum='5' AND c_uni_ca='5' AND c_asigna='300218' [1][0] OK
C:[16/08/2013 13:28:50.22][190.205.156.82][1196] SELECT c_asigna FROM dace004 WHERE exp_e='10-20886820' AND c_asigna='300228' AND status IN ('0','3','B','C') [0][0] OK
C:[16/08/2013 13:28:50.22][190.205.156.82][1182] SELECT par_cod_asig1,par_cod_asig2,par_cod_asig3 FROM tblaca009_p_int WHERE pensum='5' AND c_uni_ca='5' AND c_asigna='300228' [1][0] OK
C:[16/08/2013 13:28:50.61][190.205.156.82][1312] SELECT horas_lab FROM tblaca008 WHERE c_asigna='300218' AND horas_teoricas > 0 [0][0] OK
C:[16/08/2013 13:28:50.61][190.205.156.82][1312] SELECT horas_lab FROM tblaca008 WHERE c_asigna='300228' AND horas_teoricas > 0 [1][0] OK
C:[16/08/2013 13:33:01.33][190.201.175.202][1138] SELECT pre_cod_asig1,pre_cod_asig2,pre_cod_asig3,pre_cod_asig4,pre_cod_asig5,pre_cod_asig6,pre_cod_asig7 FROM tblaca009_p_int WHERE pensum='5' AND c_uni_ca='5' AND c_asigna='351451' [1][0] OK
C:[16/08/2013 13:33:01.33][190.201.175.202][1151] SELECT c_asigna FROM dace004 WHERE exp_e='08-19158741' AND c_asigna='351330' AND status IN ('0','3','B','C') [1][0] OK
C:[16/08/2013 13:33:01.33][190.201.175.202][1151] SELECT c_asigna FROM dace004 WHERE exp_e='08-19158741' AND c_asigna='355350' AND status IN ('0','3','B','C') [1][0] OK
C:[16/08/2013 13:33:01.33][190.201.175.202][1151] SELECT c_asigna FROM dace004 WHERE exp_e='08-19158741' AND c_asigna='300318' AND status IN ('0','3','B','C') [1][0] OK
C:[16/08/2013 13:33:01.49][190.201.175.202][1182] SELECT par_cod_asig1,par_cod_asig2,par_cod_asig3 FROM tblaca009_p_int WHERE pensum='5' AND c_uni_ca='5' AND c_asigna='351451' [1][0] OK
C:[16/08/2013 13:33:01.53][190.201.175.202][1312] SELECT horas_lab FROM tblaca008 WHERE c_asigna='351451' AND horas_teoricas > 0 [1][0] OK
C:[16/08/2013 13:35:15.38][190.94.235.176][1138] SELECT pre_cod_asig1,pre_cod_asig2,pre_cod_asig3,pre_cod_asig4,pre_cod_asig5,pre_cod_asig6,pre_cod_asig7 FROM tblaca009_p_int WHERE pensum='5' AND c_uni_ca='5' AND c_asigna='355692' [1][0] OK
C:[16/08/2013 13:35:15.38][190.94.235.176][1151] SELECT c_asigna FROM dace004 WHERE exp_e='09-21251005' AND c_asigna='355448' AND status IN ('0','3','B','C') [1][0] OK
C:[16/08/2013 13:35:15.38][190.94.235.176][1151] SELECT c_asigna FROM dace004 WHERE exp_e='09-21251005' AND c_asigna='355570' AND status IN ('0','3','B','C') [1][0] OK
C:[16/08/2013 13:35:15.21][190.94.235.176][1182] SELECT par_cod_asig1,par_cod_asig2,par_cod_asig3 FROM tblaca009_p_int WHERE pensum='5' AND c_uni_ca='5' AND c_asigna='355692' [1][0] OK
C:[16/08/2013 13:35:15.34][190.94.235.176][1312] SELECT horas_lab FROM tblaca008 WHERE c_asigna='355692' AND horas_teoricas > 0 [1][0] OK
C:[16/08/2013 13:35:49.32][190.38.208.2][1138] SELECT pre_cod_asig1,pre_cod_asig2,pre_cod_asig3,pre_cod_asig4,pre_cod_asig5,pre_cod_asig6,pre_cod_asig7 FROM tblaca009_p_int WHERE pensum='5' AND c_uni_ca='6' AND c_asigna='344688' [1][0] OK
C:[16/08/2013 13:35:49.32][190.38.208.2][1151] SELECT c_asigna FROM dace004 WHERE exp_e='08-20037992' AND c_asigna='344565' AND status IN ('0','3','B','C') [1][0] OK
C:[16/08/2013 13:35:49.32][190.38.208.2][1138] SELECT pre_cod_asig1,pre_cod_asig2,pre_cod_asig3,pre_cod_asig4,pre_cod_asig5,pre_cod_asig6,pre_cod_asig7 FROM tblaca009_p_int WHERE pensum='5' AND c_uni_ca='6' AND c_asigna='344733' [1][0] OK
C:[16/08/2013 13:35:49.36][190.38.208.2][1182] SELECT par_cod_asig1,par_cod_asig2,par_cod_asig3 FROM tblaca009_p_int WHERE pensum='5' AND c_uni_ca='6' AND c_asigna='344688' [1][0] OK
C:[16/08/2013 13:35:49.36][190.38.208.2][1182] SELECT par_cod_asig1,par_cod_asig2,par_cod_asig3 FROM tblaca009_p_int WHERE pensum='5' AND c_uni_ca='6' AND c_asigna='344733' [1][0] OK
C:[16/08/2013 13:35:49.62][190.38.208.2][1312] SELECT horas_lab FROM tblaca008 WHERE c_asigna='344688' AND horas_teoricas > 0 [1][0] OK
C:[16/08/2013 13:35:49.62][190.38.208.2][1312] SELECT horas_lab FROM tblaca008 WHERE c_asigna='344733' AND horas_teoricas > 0 [1][0] OK
C:[16/08/2013 13:36:13.93][190.201.175.202][1138] SELECT pre_cod_asig1,pre_cod_asig2,pre_cod_asig3,pre_cod_asig4,pre_cod_asig5,pre_cod_asig6,pre_cod_asig7 FROM tblaca009_p_int WHERE pensum='5' AND c_uni_ca='4' AND c_asigna='333564' [1][0] OK
C:[16/08/2013 13:36:13.93][190.201.175.202][1151] SELECT c_asigna FROM dace004 WHERE exp_e='09-20886787' AND c_asigna='333441' AND status IN ('0','3','B','C') [1][0] OK
C:[16/08/2013 13:36:13.93][190.201.175.202][1138] SELECT pre_cod_asig1,pre_cod_asig2,pre_cod_asig3,pre_cod_asig4,pre_cod_asig5,pre_cod_asig6,pre_cod_asig7 FROM tblaca009_p_int WHERE pensum='5' AND c_uni_ca='4' AND c_asigna='333584' [1][0] OK
C:[16/08/2013 13:36:13.93][190.201.175.202][1151] SELECT c_asigna FROM dace004 WHERE exp_e='09-20886787' AND c_asigna='300428' AND status IN ('0','3','B','C') [1][0] OK
C:[16/08/2013 13:36:13.93][190.201.175.202][1151] SELECT c_asigna FROM dace004 WHERE exp_e='09-20886787' AND c_asigna='333440' AND status IN ('0','3','B','C') [1][0] OK
C:[16/08/2013 13:36:13.93][190.201.175.202][1138] SELECT pre_cod_asig1,pre_cod_asig2,pre_cod_asig3,pre_cod_asig4,pre_cod_asig5,pre_cod_asig6,pre_cod_asig7 FROM tblaca009_p_int WHERE pensum='5' AND c_uni_ca='4' AND c_asigna='333585' [1][0] OK
C:[16/08/2013 13:36:13.93][190.201.175.202][1151] SELECT c_asigna FROM dace004 WHERE exp_e='09-20886787' AND c_asigna='333440' AND status IN ('0','3','B','C') [1][0] OK
C:[16/08/2013 13:36:13.93][190.201.175.202][1151] SELECT c_asigna FROM dace004 WHERE exp_e='09-20886787' AND c_asigna='333326' AND status IN ('0','3','B','C') [1][0] OK
C:[16/08/2013 13:36:13.50][190.201.175.202][1182] SELECT par_cod_asig1,par_cod_asig2,par_cod_asig3 FROM tblaca009_p_int WHERE pensum='5' AND c_uni_ca='4' AND c_asigna='333564' [1][0] OK
C:[16/08/2013 13:36:13.50][190.201.175.202][1182] SELECT par_cod_asig1,par_cod_asig2,par_cod_asig3 FROM tblaca009_p_int WHERE pensum='5' AND c_uni_ca='4' AND c_asigna='333584' [1][0] OK
C:[16/08/2013 13:36:13.50][190.201.175.202][1182] SELECT par_cod_asig1,par_cod_asig2,par_cod_asig3 FROM tblaca009_p_int WHERE pensum='5' AND c_uni_ca='4' AND c_asigna='333585' [1][0] OK
C:[16/08/2013 13:36:13.88][190.201.175.202][1312] SELECT horas_lab FROM tblaca008 WHERE c_asigna='333564' AND horas_teoricas > 0 [1][0] OK
C:[16/08/2013 13:36:13.88][190.201.175.202][1312] SELECT horas_lab FROM tblaca008 WHERE c_asigna='333584' AND horas_teoricas > 0 [1][0] OK
C:[16/08/2013 13:36:13.88][190.201.175.202][1312] SELECT horas_lab FROM tblaca008 WHERE c_asigna='333585' AND horas_teoricas > 0 [1][0] OK
C:[16/08/2013 13:37:03.82][190.201.175.202][1138] SELECT pre_cod_asig1,pre_cod_asig2,pre_cod_asig3,pre_cod_asig4,pre_cod_asig5,pre_cod_asig6,pre_cod_asig7 FROM tblaca009_p_int WHERE pensum='5' AND c_uni_ca='6' AND c_asigna='300207' [1][0] OK
C:[16/08/2013 13:37:03.82][190.201.175.202][1151] SELECT c_asigna FROM dace004 WHERE exp_e='10-24039559' AND c_asigna='300101' AND status IN ('0','3','B','C') [1][0] OK
C:[16/08/2013 13:37:03.82][190.201.175.202][1138] SELECT pre_cod_asig1,pre_cod_asig2,pre_cod_asig3,pre_cod_asig4,pre_cod_asig5,pre_cod_asig6,pre_cod_asig7 FROM tblaca009_p_int WHERE pensum='5' AND c_uni_ca='6' AND c_asigna='300228' [1][0] OK
C:[16/08/2013 13:37:03.82][190.201.175.202][1151] SELECT c_asigna FROM dace004 WHERE exp_e='10-24039559' AND c_asigna='300101' AND status IN ('0','3','B','C') [1][0] OK
C:[16/08/2013 13:37:04.44][190.201.175.202][1182] SELECT par_cod_asig1,par_cod_asig2,par_cod_asig3 FROM tblaca009_p_int WHERE pensum='5' AND c_uni_ca='6' AND c_asigna='300207' [1][0] OK
C:[16/08/2013 13:37:04.44][190.201.175.202][1182] SELECT par_cod_asig1,par_cod_asig2,par_cod_asig3 FROM tblaca009_p_int WHERE pensum='5' AND c_uni_ca='6' AND c_asigna='300228' [1][0] OK
C:[16/08/2013 13:37:04.71][190.201.175.202][1312] SELECT horas_lab FROM tblaca008 WHERE c_asigna='300207' AND horas_teoricas > 0 [1][0] OK
C:[16/08/2013 13:37:04.71][190.201.175.202][1312] SELECT horas_lab FROM tblaca008 WHERE c_asigna='300228' AND horas_teoricas > 0 [1][0] OK
C:[16/08/2013 13:37:17.20][186.89.245.27][1138] SELECT pre_cod_asig1,pre_cod_asig2,pre_cod_asig3,pre_cod_asig4,pre_cod_asig5,pre_cod_asig6,pre_cod_asig7 FROM tblaca009_p_int WHERE pensum='5' AND c_uni_ca='3' AND c_asigna='300101' [1][0] OK
C:[16/08/2013 13:37:17.42][186.89.245.27][1182] SELECT par_cod_asig1,par_cod_asig2,par_cod_asig3 FROM tblaca009_p_int WHERE pensum='5' AND c_uni_ca='3' AND c_asigna='300101' [1][0] OK
C:[16/08/2013 13:37:17.46][186.89.245.27][1312] SELECT horas_lab FROM tblaca008 WHERE c_asigna='300101' AND horas_teoricas > 0 [1][0] OK
C:[16/08/2013 13:37:44.24][172.16.4.254][1138] SELECT pre_cod_asig1,pre_cod_asig2,pre_cod_asig3,pre_cod_asig4,pre_cod_asig5,pre_cod_asig6,pre_cod_asig7 FROM tblaca009_p_int WHERE pensum='5' AND c_uni_ca='2' AND c_asigna='300226' [1][0] OK
C:[16/08/2013 13:37:44.24][172.16.4.254][1151] SELECT c_asigna FROM dace004 WHERE exp_e='08-19093841' AND c_asigna='300116' AND status IN ('0','3','B','C') [1][0] OK
C:[16/08/2013 13:37:44.24][172.16.4.254][1138] SELECT pre_cod_asig1,pre_cod_asig2,pre_cod_asig3,pre_cod_asig4,pre_cod_asig5,pre_cod_asig6,pre_cod_asig7 FROM tblaca009_p_int WHERE pensum='5' AND c_uni_ca='2' AND c_asigna='320311' [1][0] OK
C:[16/08/2013 13:37:44.24][172.16.4.254][1151] SELECT c_asigna FROM dace004 WHERE exp_e='08-19093841' AND c_asigna='300013' AND status IN ('0','3','B','C') [1][0] OK
C:[16/08/2013 13:37:44.24][172.16.4.254][1151] SELECT c_asigna FROM dace004 WHERE exp_e='08-19093841' AND c_asigna='300113' AND status IN ('0','3','B','C') [1][0] OK
C:[16/08/2013 13:37:44.44][172.16.4.254][1182] SELECT par_cod_asig1,par_cod_asig2,par_cod_asig3 FROM tblaca009_p_int WHERE pensum='5' AND c_uni_ca='2' AND c_asigna='300226' [1][0] OK
C:[16/08/2013 13:37:44.44][172.16.4.254][1182] SELECT par_cod_asig1,par_cod_asig2,par_cod_asig3 FROM tblaca009_p_int WHERE pensum='5' AND c_uni_ca='2' AND c_asigna='320311' [1][0] OK
C:[16/08/2013 13:37:44.69][172.16.4.254][1312] SELECT horas_lab FROM tblaca008 WHERE c_asigna='300226' AND horas_teoricas > 0 [1][0] OK
C:[16/08/2013 13:37:44.69][172.16.4.254][1312] SELECT horas_lab FROM tblaca008 WHERE c_asigna='320311' AND horas_teoricas > 0 [1][0] OK
C:[16/08/2013 13:37:51.74][190.207.50.240][1138] SELECT pre_cod_asig1,pre_cod_asig2,pre_cod_asig3,pre_cod_asig4,pre_cod_asig5,pre_cod_asig6,pre_cod_asig7 FROM tblaca009_p_int WHERE pensum='5' AND c_uni_ca='6' AND c_asigna='344688' [1][0] OK
C:[16/08/2013 13:37:51.74][190.207.50.240][1151] SELECT c_asigna FROM dace004 WHERE exp_e='07-20299536' AND c_asigna='344565' AND status IN ('0','3','B','C') [1][0] OK
C:[16/08/2013 13:37:51.99][190.207.50.240][1182] SELECT par_cod_asig1,par_cod_asig2,par_cod_asig3 FROM tblaca009_p_int WHERE pensum='5' AND c_uni_ca='6' AND c_asigna='344688' [1][0] OK
C:[16/08/2013 13:37:51.12][190.207.50.240][1312] SELECT horas_lab FROM tblaca008 WHERE c_asigna='344688' AND horas_teoricas > 0 [1][0] OK
C:[16/08/2013 13:38:13.06][190.38.112.219][1138] SELECT pre_cod_asig1,pre_cod_asig2,pre_cod_asig3,pre_cod_asig4,pre_cod_asig5,pre_cod_asig6,pre_cod_asig7 FROM tblaca009_p_int WHERE pensum='5' AND c_uni_ca='6' AND c_asigna='300101' [1][0] OK
C:[16/08/2013 13:38:13.76][190.38.112.219][1182] SELECT par_cod_asig1,par_cod_asig2,par_cod_asig3 FROM tblaca009_p_int WHERE pensum='5' AND c_uni_ca='6' AND c_asigna='300101' [1][0] OK
C:[16/08/2013 13:38:13.88][190.38.112.219][1312] SELECT horas_lab FROM tblaca008 WHERE c_asigna='300101' AND horas_teoricas > 0 [1][0] OK
C:[16/08/2013 13:38:21.53][190.201.175.202][1138] SELECT pre_cod_asig1,pre_cod_asig2,pre_cod_asig3,pre_cod_asig4,pre_cod_asig5,pre_cod_asig6,pre_cod_asig7 FROM tblaca009_p_int WHERE pensum='5' AND c_uni_ca='2' AND c_asigna='300222' [1][0] OK
C:[16/08/2013 13:38:21.53][190.201.175.202][1151] SELECT c_asigna FROM dace004 WHERE exp_e='11-24522274' AND c_asigna='300112' AND status IN ('0','3','B','C') [1][0] OK
C:[16/08/2013 13:38:22.78][190.201.175.202][1182] SELECT par_cod_asig1,par_cod_asig2,par_cod_asig3 FROM tblaca009_p_int WHERE pensum='5' AND c_uni_ca='2' AND c_asigna='300222' [1][0] OK
C:[16/08/2013 13:38:22.91][190.201.175.202][1312] SELECT horas_lab FROM tblaca008 WHERE c_asigna='300222' AND horas_teoricas > 0 [1][0] OK
C:[16/08/2013 13:38:23.72][190.201.175.202][1138] SELECT pre_cod_asig1,pre_cod_asig2,pre_cod_asig3,pre_cod_asig4,pre_cod_asig5,pre_cod_asig6,pre_cod_asig7 FROM tblaca009_p_int WHERE pensum='5' AND c_uni_ca='3' AND c_asigna='300013' [1][0] OK
C:[16/08/2013 13:38:23.72][190.201.175.202][1138] SELECT pre_cod_asig1,pre_cod_asig2,pre_cod_asig3,pre_cod_asig4,pre_cod_asig5,pre_cod_asig6,pre_cod_asig7 FROM tblaca009_p_int WHERE pensum='5' AND c_uni_ca='3' AND c_asigna='300113' [1][0] OK
C:[16/08/2013 13:38:23.98][190.201.175.202][1182] SELECT par_cod_asig1,par_cod_asig2,par_cod_asig3 FROM tblaca009_p_int WHERE pensum='5' AND c_uni_ca='3' AND c_asigna='300013' [1][0] OK
C:[16/08/2013 13:38:23.98][190.201.175.202][1182] SELECT par_cod_asig1,par_cod_asig2,par_cod_asig3 FROM tblaca009_p_int WHERE pensum='5' AND c_uni_ca='3' AND c_asigna='300113' [1][0] OK
C:[16/08/2013 13:38:23.98][190.201.175.202][1196] SELECT c_asigna FROM dace004 WHERE exp_e='13-25083120' AND c_asigna='300013' AND status IN ('0','3','B','C') [0][0] OK
C:[16/08/2013 13:38:23.36][190.201.175.202][1312] SELECT horas_lab FROM tblaca008 WHERE c_asigna='300013' AND horas_teoricas > 0 [1][0] OK
C:[16/08/2013 13:38:23.36][190.201.175.202][1312] SELECT horas_lab FROM tblaca008 WHERE c_asigna='300113' AND horas_teoricas > 0 [0][0] OK
C:[16/08/2013 13:38:29.92][190.201.175.202][1138] SELECT pre_cod_asig1,pre_cod_asig2,pre_cod_asig3,pre_cod_asig4,pre_cod_asig5,pre_cod_asig6,pre_cod_asig7 FROM tblaca009_p_int WHERE pensum='5' AND c_uni_ca='4' AND c_asigna='300222' [1][0] OK
C:[16/08/2013 13:38:29.92][190.201.175.202][1151] SELECT c_asigna FROM dace004 WHERE exp_e='09-21196098' AND c_asigna='300112' AND status IN ('0','3','B','C') [1][0] OK
C:[16/08/2013 13:38:29.65][190.201.175.202][1182] SELECT par_cod_asig1,par_cod_asig2,par_cod_asig3 FROM tblaca009_p_int WHERE pensum='5' AND c_uni_ca='4' AND c_asigna='300222' [1][0] OK
C:[16/08/2013 13:38:29.76][190.201.175.202][1312] SELECT horas_lab FROM tblaca008 WHERE c_asigna='300222' AND horas_teoricas > 0 [1][0] OK
C:[16/08/2013 13:38:37.41][200.109.197.204][1138] SELECT pre_cod_asig1,pre_cod_asig2,pre_cod_asig3,pre_cod_asig4,pre_cod_asig5,pre_cod_asig6,pre_cod_asig7 FROM tblaca009_p_int WHERE pensum='5' AND c_uni_ca='5' AND c_asigna='355720' [1][0] OK
C:[16/08/2013 13:38:37.41][200.109.197.204][1151] SELECT c_asigna FROM dace004 WHERE exp_e='92-14725594' AND c_asigna='355692' AND status IN ('0','3','B','C') [1][0] OK
C:[16/08/2013 13:38:37.41][200.109.197.204][1151] SELECT c_asigna FROM dace004 WHERE exp_e='92-14725594' AND c_asigna='355696' AND status IN ('0','3','B','C') [1][0] OK
C:[16/08/2013 13:38:37.81][200.109.197.204][1182] SELECT par_cod_asig1,par_cod_asig2,par_cod_asig3 FROM tblaca009_p_int WHERE pensum='5' AND c_uni_ca='5' AND c_asigna='355720' [1][0] OK
C:[16/08/2013 13:38:38.93][200.109.197.204][1312] SELECT horas_lab FROM tblaca008 WHERE c_asigna='355720' AND horas_teoricas > 0 [1][0] OK
C:[16/08/2013 13:39:08.28][190.78.117.64][1138] SELECT pre_cod_asig1,pre_cod_asig2,pre_cod_asig3,pre_cod_asig4,pre_cod_asig5,pre_cod_asig6,pre_cod_asig7 FROM tblaca009_p_int WHERE pensum='5' AND c_uni_ca='2' AND c_asigna='300101' [1][0] OK
C:[16/08/2013 13:39:08.28][190.78.117.64][1138] SELECT pre_cod_asig1,pre_cod_asig2,pre_cod_asig3,pre_cod_asig4,pre_cod_asig5,pre_cod_asig6,pre_cod_asig7 FROM tblaca009_p_int WHERE pensum='5' AND c_uni_ca='2' AND c_asigna='300112' [1][0] OK
C:[16/08/2013 13:39:08.09][190.78.117.64][1182] SELECT par_cod_asig1,par_cod_asig2,par_cod_asig3 FROM tblaca009_p_int WHERE pensum='5' AND c_uni_ca='2' AND c_asigna='300101' [1][0] OK
C:[16/08/2013 13:39:08.09][190.78.117.64][1182] SELECT par_cod_asig1,par_cod_asig2,par_cod_asig3 FROM tblaca009_p_int WHERE pensum='5' AND c_uni_ca='2' AND c_asigna='300112' [1][0] OK
C:[16/08/2013 13:39:08.38][190.78.117.64][1312] SELECT horas_lab FROM tblaca008 WHERE c_asigna='300101' AND horas_teoricas > 0 [1][0] OK
C:[16/08/2013 13:39:08.38][190.78.117.64][1312] SELECT horas_lab FROM tblaca008 WHERE c_asigna='300112' AND horas_teoricas > 0 [1][0] OK
C:[16/08/2013 13:39:40.83][190.201.175.202][1138] SELECT pre_cod_asig1,pre_cod_asig2,pre_cod_asig3,pre_cod_asig4,pre_cod_asig5,pre_cod_asig6,pre_cod_asig7 FROM tblaca009_p_int WHERE pensum='5' AND c_uni_ca='4' AND c_asigna='300207' [1][0] OK
C:[16/08/2013 13:39:40.83][190.201.175.202][1151] SELECT c_asigna FROM dace004 WHERE exp_e='12-25577072' AND c_asigna='300101' AND status IN ('0','3','B','C') [1][0] OK
C:[16/08/2013 13:39:40.83][190.201.175.202][1138] SELECT pre_cod_asig1,pre_cod_asig2,pre_cod_asig3,pre_cod_asig4,pre_cod_asig5,pre_cod_asig6,pre_cod_asig7 FROM tblaca009_p_int WHERE pensum='5' AND c_uni_ca='4' AND c_asigna='300209' [1][0] OK
C:[16/08/2013 13:39:40.83][190.201.175.202][1151] SELECT c_asigna FROM dace004 WHERE exp_e='12-25577072' AND c_asigna='300101' AND status IN ('0','3','B','C') [1][0] OK
C:[16/08/2013 13:39:41.89][190.201.175.202][1182] SELECT par_cod_asig1,par_cod_asig2,par_cod_asig3 FROM tblaca009_p_int WHERE pensum='5' AND c_uni_ca='4' AND c_asigna='300207' [1][0] OK
C:[16/08/2013 13:39:41.89][190.201.175.202][1182] SELECT par_cod_asig1,par_cod_asig2,par_cod_asig3 FROM tblaca009_p_int WHERE pensum='5' AND c_uni_ca='4' AND c_asigna='300209' [1][0] OK
C:[16/08/2013 13:39:41.25][190.201.175.202][1312] SELECT horas_lab FROM tblaca008 WHERE c_asigna='300207' AND horas_teoricas > 0 [1][0] OK
C:[16/08/2013 13:39:41.25][190.201.175.202][1312] SELECT horas_lab FROM tblaca008 WHERE c_asigna='300209' AND horas_teoricas > 0 [1][0] OK
C:[16/08/2013 13:39:45.19][190.201.175.202][1138] SELECT pre_cod_asig1,pre_cod_asig2,pre_cod_asig3,pre_cod_asig4,pre_cod_asig5,pre_cod_asig6,pre_cod_asig7 FROM tblaca009_p_int WHERE pensum='5' AND c_uni_ca='6' AND c_asigna='300101' [1][0] OK
C:[16/08/2013 13:39:45.23][190.201.175.202][1182] SELECT par_cod_asig1,par_cod_asig2,par_cod_asig3 FROM tblaca009_p_int WHERE pensum='5' AND c_uni_ca='6' AND c_asigna='300101' [1][0] OK
C:[16/08/2013 13:39:45.36][190.201.175.202][1312] SELECT horas_lab FROM tblaca008 WHERE c_asigna='300101' AND horas_teoricas > 0 [1][0] OK
C:[16/08/2013 13:39:59.87][190.39.5.74][1138] SELECT pre_cod_asig1,pre_cod_asig2,pre_cod_asig3,pre_cod_asig4,pre_cod_asig5,pre_cod_asig6,pre_cod_asig7 FROM tblaca009_p_int WHERE pensum='5' AND c_uni_ca='2' AND c_asigna='300112' [1][0] OK
C:[16/08/2013 13:39:59.55][190.39.5.74][1182] SELECT par_cod_asig1,par_cod_asig2,par_cod_asig3 FROM tblaca009_p_int WHERE pensum='5' AND c_uni_ca='2' AND c_asigna='300112' [1][0] OK
C:[16/08/2013 13:39:59.68][190.39.5.74][1312] SELECT horas_lab FROM tblaca008 WHERE c_asigna='300112' AND horas_teoricas > 0 [1][0] OK
C:[16/08/2013 13:40:25.06][190.36.10.110][1138] SELECT pre_cod_asig1,pre_cod_asig2,pre_cod_asig3,pre_cod_asig4,pre_cod_asig5,pre_cod_asig6,pre_cod_asig7 FROM tblaca009_p_int WHERE pensum='5' AND c_uni_ca='6' AND c_asigna='300101' [1][0] OK
C:[16/08/2013 13:40:25.76][190.36.10.110][1182] SELECT par_cod_asig1,par_cod_asig2,par_cod_asig3 FROM tblaca009_p_int WHERE pensum='5' AND c_uni_ca='6' AND c_asigna='300101' [1][0] OK
C:[16/08/2013 13:40:25.89][190.36.10.110][1312] SELECT horas_lab FROM tblaca008 WHERE c_asigna='300101' AND horas_teoricas > 0 [1][0] OK
C:[16/08/2013 13:40:56.87][190.39.5.74][1138] SELECT pre_cod_asig1,pre_cod_asig2,pre_cod_asig3,pre_cod_asig4,pre_cod_asig5,pre_cod_asig6,pre_cod_asig7 FROM tblaca009_p_int WHERE pensum='5' AND c_uni_ca='3' AND c_asigna='300101' [1][0] OK
C:[16/08/2013 13:40:56.65][190.39.5.74][1182] SELECT par_cod_asig1,par_cod_asig2,par_cod_asig3 FROM tblaca009_p_int WHERE pensum='5' AND c_uni_ca='3' AND c_asigna='300101' [1][0] OK
C:[16/08/2013 13:40:56.69][190.39.5.74][1312] SELECT horas_lab FROM tblaca008 WHERE c_asigna='300101' AND horas_teoricas > 0 [1][0] OK
C:[16/08/2013 13:41:04.13][190.201.175.202][1138] SELECT pre_cod_asig1,pre_cod_asig2,pre_cod_asig3,pre_cod_asig4,pre_cod_asig5,pre_cod_asig6,pre_cod_asig7 FROM tblaca009_p_int WHERE pensum='5' AND c_uni_ca='5' AND c_asigna='300112' [1][0] OK
C:[16/08/2013 13:41:04.16][190.201.175.202][1182] SELECT par_cod_asig1,par_cod_asig2,par_cod_asig3 FROM tblaca009_p_int WHERE pensum='5' AND c_uni_ca='5' AND c_asigna='300112' [1][0] OK
C:[16/08/2013 13:41:04.33][190.201.175.202][1312] SELECT horas_lab FROM tblaca008 WHERE c_asigna='300112' AND horas_teoricas > 0 [1][0] OK
C:[16/08/2013 13:41:09.38][172.16.3.75][1138] SELECT pre_cod_asig1,pre_cod_asig2,pre_cod_asig3,pre_cod_asig4,pre_cod_asig5,pre_cod_asig6,pre_cod_asig7 FROM tblaca009_p_int WHERE pensum='5' AND c_uni_ca='2' AND c_asigna='300428' [1][0] OK
C:[16/08/2013 13:41:09.38][172.16.3.75][1151] SELECT c_asigna FROM dace004 WHERE exp_e='08-20223561' AND c_asigna='300317' AND status IN ('0','3','B','C') [1][0] OK
C:[16/08/2013 13:41:09.16][172.16.3.75][1182] SELECT par_cod_asig1,par_cod_asig2,par_cod_asig3 FROM tblaca009_p_int WHERE pensum='5' AND c_uni_ca='2' AND c_asigna='300428' [1][0] OK
C:[16/08/2013 13:41:09.30][172.16.3.75][1312] SELECT horas_lab FROM tblaca008 WHERE c_asigna='300428' AND horas_teoricas > 0 [1][0] OK
C:[16/08/2013 13:41:16.17][190.73.225.166][1138] SELECT pre_cod_asig1,pre_cod_asig2,pre_cod_asig3,pre_cod_asig4,pre_cod_asig5,pre_cod_asig6,pre_cod_asig7 FROM tblaca009_p_int WHERE pensum='5' AND c_uni_ca='6' AND c_asigna='300101' [1][0] OK
C:[16/08/2013 13:41:16.17][190.73.225.166][1138] SELECT pre_cod_asig1,pre_cod_asig2,pre_cod_asig3,pre_cod_asig4,pre_cod_asig5,pre_cod_asig6,pre_cod_asig7 FROM tblaca009_p_int WHERE pensum='5' AND c_uni_ca='6' AND c_asigna='300222' [1][0] OK
C:[16/08/2013 13:41:16.17][190.73.225.166][1151] SELECT c_asigna FROM dace004 WHERE exp_e='11-22971909' AND c_asigna='300112' AND status IN ('0','3','B','C') [1][0] OK
C:[16/08/2013 13:41:16.54][190.73.225.166][1182] SELECT par_cod_asig1,par_cod_asig2,par_cod_asig3 FROM tblaca009_p_int WHERE pensum='5' AND c_uni_ca='6' AND c_asigna='300101' [1][0] OK
C:[16/08/2013 13:41:16.54][190.73.225.166][1182] SELECT par_cod_asig1,par_cod_asig2,par_cod_asig3 FROM tblaca009_p_int WHERE pensum='5' AND c_uni_ca='6' AND c_asigna='300222' [1][0] OK
C:[16/08/2013 13:41:16.83][190.73.225.166][1312] SELECT horas_lab FROM tblaca008 WHERE c_asigna='300101' AND horas_teoricas > 0 [1][0] OK
C:[16/08/2013 13:41:16.83][190.73.225.166][1312] SELECT horas_lab FROM tblaca008 WHERE c_asigna='300222' AND horas_teoricas > 0 [1][0] OK
C:[16/08/2013 13:42:39.11][190.94.236.223][1138] SELECT pre_cod_asig1,pre_cod_asig2,pre_cod_asig3,pre_cod_asig4,pre_cod_asig5,pre_cod_asig6,pre_cod_asig7 FROM tblaca009_p_int WHERE pensum='5' AND c_uni_ca='5' AND c_asigna='300207' [1][0] OK
C:[16/08/2013 13:42:39.11][190.94.236.223][1151] SELECT c_asigna FROM dace004 WHERE exp_e='11-21247544' AND c_asigna='300101' AND status IN ('0','3','B','C') [1][0] OK
C:[16/08/2013 13:42:39.92][190.94.236.223][1182] SELECT par_cod_asig1,par_cod_asig2,par_cod_asig3 FROM tblaca009_p_int WHERE pensum='5' AND c_uni_ca='5' AND c_asigna='300207' [1][0] OK
C:[16/08/2013 13:42:39.06][190.94.236.223][1312] SELECT horas_lab FROM tblaca008 WHERE c_asigna='300207' AND horas_teoricas > 0 [1][0] OK
C:[16/08/2013 13:42:43.91][190.201.175.202][1138] SELECT pre_cod_asig1,pre_cod_asig2,pre_cod_asig3,pre_cod_asig4,pre_cod_asig5,pre_cod_asig6,pre_cod_asig7 FROM tblaca009_p_int WHERE pensum='5' AND c_uni_ca='6' AND c_asigna='300101' [1][0] OK
C:[16/08/2013 13:42:43.03][190.201.175.202][1182] SELECT par_cod_asig1,par_cod_asig2,par_cod_asig3 FROM tblaca009_p_int WHERE pensum='5' AND c_uni_ca='6' AND c_asigna='300101' [1][0] OK
C:[16/08/2013 13:42:43.16][190.201.175.202][1312] SELECT horas_lab FROM tblaca008 WHERE c_asigna='300101' AND horas_teoricas > 0 [1][0] OK
C:[16/08/2013 13:43:08.51][190.207.43.222][1138] SELECT pre_cod_asig1,pre_cod_asig2,pre_cod_asig3,pre_cod_asig4,pre_cod_asig5,pre_cod_asig6,pre_cod_asig7 FROM tblaca009_p_int WHERE pensum='5' AND c_uni_ca='6' AND c_asigna='300101' [1][0] OK
C:[16/08/2013 13:43:08.51][190.207.43.222][1138] SELECT pre_cod_asig1,pre_cod_asig2,pre_cod_asig3,pre_cod_asig4,pre_cod_asig5,pre_cod_asig6,pre_cod_asig7 FROM tblaca009_p_int WHERE pensum='5' AND c_uni_ca='6' AND c_asigna='300222' [1][0] OK
C:[16/08/2013 13:43:08.51][190.207.43.222][1151] SELECT c_asigna FROM dace004 WHERE exp_e='12-24890309' AND c_asigna='300112' AND status IN ('0','3','B','C') [1][0] OK
C:[16/08/2013 13:43:08.45][190.207.43.222][1182] SELECT par_cod_asig1,par_cod_asig2,par_cod_asig3 FROM tblaca009_p_int WHERE pensum='5' AND c_uni_ca='6' AND c_asigna='300101' [1][0] OK
C:[16/08/2013 13:43:08.45][190.207.43.222][1182] SELECT par_cod_asig1,par_cod_asig2,par_cod_asig3 FROM tblaca009_p_int WHERE pensum='5' AND c_uni_ca='6' AND c_asigna='300222' [1][0] OK
C:[16/08/2013 13:43:08.71][190.207.43.222][1312] SELECT horas_lab FROM tblaca008 WHERE c_asigna='300101' AND horas_teoricas > 0 [1][0] OK
C:[16/08/2013 13:43:08.71][190.207.43.222][1312] SELECT horas_lab FROM tblaca008 WHERE c_asigna='300222' AND horas_teoricas > 0 [1][0] OK
C:[16/08/2013 13:43:16.81][186.88.129.241][1138] SELECT pre_cod_asig1,pre_cod_asig2,pre_cod_asig3,pre_cod_asig4,pre_cod_asig5,pre_cod_asig6,pre_cod_asig7 FROM tblaca009_p_int WHERE pensum='5' AND c_uni_ca='4' AND c_asigna='300209' [1][0] OK
C:[16/08/2013 13:43:16.81][186.88.129.241][1151] SELECT c_asigna FROM dace004 WHERE exp_e='12-24411289' AND c_asigna='300101' AND status IN ('0','3','B','C') [1][0] OK
C:[16/08/2013 13:43:16.81][186.88.129.241][1138] SELECT pre_cod_asig1,pre_cod_asig2,pre_cod_asig3,pre_cod_asig4,pre_cod_asig5,pre_cod_asig6,pre_cod_asig7 FROM tblaca009_p_int WHERE pensum='5' AND c_uni_ca='4' AND c_asigna='300213' [1][0] OK
C:[16/08/2013 13:43:16.81][186.88.129.241][1151] SELECT c_asigna FROM dace004 WHERE exp_e='12-24411289' AND c_asigna='300101' AND status IN ('0','3','B','C') [1][0] OK
C:[16/08/2013 13:43:16.41][186.88.129.241][1182] SELECT par_cod_asig1,par_cod_asig2,par_cod_asig3 FROM tblaca009_p_int WHERE pensum='5' AND c_uni_ca='4' AND c_asigna='300209' [1][0] OK
C:[16/08/2013 13:43:16.41][186.88.129.241][1182] SELECT par_cod_asig1,par_cod_asig2,par_cod_asig3 FROM tblaca009_p_int WHERE pensum='5' AND c_uni_ca='4' AND c_asigna='300213' [1][0] OK
C:[16/08/2013 13:43:16.65][186.88.129.241][1312] SELECT horas_lab FROM tblaca008 WHERE c_asigna='300209' AND horas_teoricas > 0 [1][0] OK
C:[16/08/2013 13:43:16.65][186.88.129.241][1312] SELECT horas_lab FROM tblaca008 WHERE c_asigna='300213' AND horas_teoricas > 0 [1][0] OK
C:[16/08/2013 13:43:16.66][190.37.200.246][1138] SELECT pre_cod_asig1,pre_cod_asig2,pre_cod_asig3,pre_cod_asig4,pre_cod_asig5,pre_cod_asig6,pre_cod_asig7 FROM tblaca009_p_int WHERE pensum='5' AND c_uni_ca='6' AND c_asigna='300218' [1][0] OK
C:[16/08/2013 13:43:16.66][190.37.200.246][1138] SELECT pre_cod_asig1,pre_cod_asig2,pre_cod_asig3,pre_cod_asig4,pre_cod_asig5,pre_cod_asig6,pre_cod_asig7 FROM tblaca009_p_int WHERE pensum='5' AND c_uni_ca='6' AND c_asigna='300228' [1][0] OK
C:[16/08/2013 13:43:16.66][190.37.200.246][1151] SELECT c_asigna FROM dace004 WHERE exp_e='10-20887019' AND c_asigna='300101' AND status IN ('0','3','B','C') [1][0] OK
C:[16/08/2013 13:43:16.03][190.37.200.246][1182] SELECT par_cod_asig1,par_cod_asig2,par_cod_asig3 FROM tblaca009_p_int WHERE pensum='5' AND c_uni_ca='6' AND c_asigna='300218' [1][0] OK
C:[16/08/2013 13:43:16.03][190.37.200.246][1196] SELECT c_asigna FROM dace004 WHERE exp_e='10-20887019' AND c_asigna='300228' AND status IN ('0','3','B','C') [0][0] OK
C:[16/08/2013 13:43:16.03][190.37.200.246][1182] SELECT par_cod_asig1,par_cod_asig2,par_cod_asig3 FROM tblaca009_p_int WHERE pensum='5' AND c_uni_ca='6' AND c_asigna='300228' [1][0] OK
C:[16/08/2013 13:43:16.43][190.37.200.246][1312] SELECT horas_lab FROM tblaca008 WHERE c_asigna='300218' AND horas_teoricas > 0 [0][0] OK
C:[16/08/2013 13:43:16.43][190.37.200.246][1312] SELECT horas_lab FROM tblaca008 WHERE c_asigna='300228' AND horas_teoricas > 0 [1][0] OK
C:[16/08/2013 13:43:52.75][190.198.149.194][1138] SELECT pre_cod_asig1,pre_cod_asig2,pre_cod_asig3,pre_cod_asig4,pre_cod_asig5,pre_cod_asig6,pre_cod_asig7 FROM tblaca009_p_int WHERE pensum='5' AND c_uni_ca='3' AND c_asigna='311824' [1][0] OK
C:[16/08/2013 13:43:52.75][190.198.149.194][1151] SELECT c_asigna FROM dace004 WHERE exp_e='07-20284042' AND c_asigna='311796' AND status IN ('0','3','B','C') [1][0] OK
C:[16/08/2013 13:43:52.56][190.198.149.194][1182] SELECT par_cod_asig1,par_cod_asig2,par_cod_asig3 FROM tblaca009_p_int WHERE pensum='5' AND c_uni_ca='3' AND c_asigna='311824' [1][0] OK
C:[16/08/2013 13:43:52.70][190.198.149.194][1312] SELECT horas_lab FROM tblaca008 WHERE c_asigna='311824' AND horas_teoricas > 0 [1][0] OK
C:[16/08/2013 13:44:13.25][190.201.175.202][1138] SELECT pre_cod_asig1,pre_cod_asig2,pre_cod_asig3,pre_cod_asig4,pre_cod_asig5,pre_cod_asig6,pre_cod_asig7 FROM tblaca009_p_int WHERE pensum='5' AND c_uni_ca='5' AND c_asigna='300101' [1][0] OK
C:[16/08/2013 13:44:13.53][190.201.175.202][1182] SELECT par_cod_asig1,par_cod_asig2,par_cod_asig3 FROM tblaca009_p_int WHERE pensum='5' AND c_uni_ca='5' AND c_asigna='300101' [1][0] OK
C:[16/08/2013 13:44:14.63][190.201.175.202][1312] SELECT horas_lab FROM tblaca008 WHERE c_asigna='300101' AND horas_teoricas > 0 [1][0] OK
C:[16/08/2013 13:44:14.87][190.200.25.160][1138] SELECT pre_cod_asig1,pre_cod_asig2,pre_cod_asig3,pre_cod_asig4,pre_cod_asig5,pre_cod_asig6,pre_cod_asig7 FROM tblaca009_p_int WHERE pensum='5' AND c_uni_ca='5' AND c_asigna='300013' [1][0] OK
C:[16/08/2013 13:44:14.87][190.200.25.160][1138] SELECT pre_cod_asig1,pre_cod_asig2,pre_cod_asig3,pre_cod_asig4,pre_cod_asig5,pre_cod_asig6,pre_cod_asig7 FROM tblaca009_p_int WHERE pensum='5' AND c_uni_ca='5' AND c_asigna='300209' [1][0] OK
C:[16/08/2013 13:44:14.87][190.200.25.160][1151] SELECT c_asigna FROM dace004 WHERE exp_e='11-23505086' AND c_asigna='300101' AND status IN ('0','3','B','C') [1][0] OK
C:[16/08/2013 13:44:14.24][190.200.25.160][1182] SELECT par_cod_asig1,par_cod_asig2,par_cod_asig3 FROM tblaca009_p_int WHERE pensum='5' AND c_uni_ca='5' AND c_asigna='300013' [1][0] OK
C:[16/08/2013 13:44:14.24][190.200.25.160][1182] SELECT par_cod_asig1,par_cod_asig2,par_cod_asig3 FROM tblaca009_p_int WHERE pensum='5' AND c_uni_ca='5' AND c_asigna='300209' [1][0] OK
C:[16/08/2013 13:44:14.50][190.200.25.160][1312] SELECT horas_lab FROM tblaca008 WHERE c_asigna='300013' AND horas_teoricas > 0 [1][0] OK
C:[16/08/2013 13:44:14.50][190.200.25.160][1312] SELECT horas_lab FROM tblaca008 WHERE c_asigna='300209' AND horas_teoricas > 0 [1][0] OK
C:[16/08/2013 13:44:21.09][190.38.221.4][1138] SELECT pre_cod_asig1,pre_cod_asig2,pre_cod_asig3,pre_cod_asig4,pre_cod_asig5,pre_cod_asig6,pre_cod_asig7 FROM tblaca009_p_int WHERE pensum='5' AND c_uni_ca='3' AND c_asigna='300101' [1][0] OK
C:[16/08/2013 13:44:21.21][190.38.221.4][1182] SELECT par_cod_asig1,par_cod_asig2,par_cod_asig3 FROM tblaca009_p_int WHERE pensum='5' AND c_uni_ca='3' AND c_asigna='300101' [1][0] OK
C:[16/08/2013 13:44:21.35][190.38.221.4][1312] SELECT horas_lab FROM tblaca008 WHERE c_asigna='300101' AND horas_teoricas > 0 [1][0] OK
C:[16/08/2013 13:44:57.04][190.37.180.72][1138] SELECT pre_cod_asig1,pre_cod_asig2,pre_cod_asig3,pre_cod_asig4,pre_cod_asig5,pre_cod_asig6,pre_cod_asig7 FROM tblaca009_p_int WHERE pensum='5' AND c_uni_ca='3' AND c_asigna='311430' [1][0] OK
C:[16/08/2013 13:44:57.04][190.37.180.72][1151] SELECT c_asigna FROM dace004 WHERE exp_e='06-19446698' AND c_asigna='300317' AND status IN ('0','3','B','C') [1][0] OK
C:[16/08/2013 13:44:57.04][190.37.180.72][1151] SELECT c_asigna FROM dace004 WHERE exp_e='06-19446698' AND c_asigna='300318' AND status IN ('0','3','B','C') [1][0] OK
C:[16/08/2013 13:44:57.04][190.37.180.72][1138] SELECT pre_cod_asig1,pre_cod_asig2,pre_cod_asig3,pre_cod_asig4,pre_cod_asig5,pre_cod_asig6,pre_cod_asig7 FROM tblaca009_p_int WHERE pensum='5' AND c_uni_ca='3' AND c_asigna='311554' [1][0] OK
C:[16/08/2013 13:44:57.04][190.37.180.72][1151] SELECT c_asigna FROM dace004 WHERE exp_e='06-19446698' AND c_asigna='300318' AND status IN ('0','3','B','C') [1][0] OK
C:[16/08/2013 13:44:57.80][190.37.180.72][1182] SELECT par_cod_asig1,par_cod_asig2,par_cod_asig3 FROM tblaca009_p_int WHERE pensum='5' AND c_uni_ca='3' AND c_asigna='311430' [1][0] OK
C:[16/08/2013 13:44:57.80][190.37.180.72][1182] SELECT par_cod_asig1,par_cod_asig2,par_cod_asig3 FROM tblaca009_p_int WHERE pensum='5' AND c_uni_ca='3' AND c_asigna='311554' [1][0] OK
C:[16/08/2013 13:44:57.08][190.37.180.72][1312] SELECT horas_lab FROM tblaca008 WHERE c_asigna='311430' AND horas_teoricas > 0 [1][0] OK
C:[16/08/2013 13:44:57.08][190.37.180.72][1312] SELECT horas_lab FROM tblaca008 WHERE c_asigna='311554' AND horas_teoricas > 0 [1][0] OK
C:[16/08/2013 13:44:59.87][190.39.5.74][1138] SELECT pre_cod_asig1,pre_cod_asig2,pre_cod_asig3,pre_cod_asig4,pre_cod_asig5,pre_cod_asig6,pre_cod_asig7 FROM tblaca009_p_int WHERE pensum='5' AND c_uni_ca='3' AND c_asigna='300209' [1][0] OK
C:[16/08/2013 13:44:59.87][190.39.5.74][1151] SELECT c_asigna FROM dace004 WHERE exp_e='10-21197714' AND c_asigna='300101' AND status IN ('0','3','B','C') [1][0] OK
C:[16/08/2013 13:44:59.12][190.39.5.74][1182] SELECT par_cod_asig1,par_cod_asig2,par_cod_asig3 FROM tblaca009_p_int WHERE pensum='5' AND c_uni_ca='3' AND c_asigna='300209' [1][0] OK
C:[16/08/2013 13:44:59.28][190.39.5.74][1312] SELECT horas_lab FROM tblaca008 WHERE c_asigna='300209' AND horas_teoricas > 0 [1][0] OK
C:[16/08/2013 13:45:15.18][190.201.175.202][1138] SELECT pre_cod_asig1,pre_cod_asig2,pre_cod_asig3,pre_cod_asig4,pre_cod_asig5,pre_cod_asig6,pre_cod_asig7 FROM tblaca009_p_int WHERE pensum='5' AND c_uni_ca='6' AND c_asigna='300101' [1][0] OK
C:[16/08/2013 13:45:15.42][190.201.175.202][1182] SELECT par_cod_asig1,par_cod_asig2,par_cod_asig3 FROM tblaca009_p_int WHERE pensum='5' AND c_uni_ca='6' AND c_asigna='300101' [1][0] OK
C:[16/08/2013 13:45:15.55][190.201.175.202][1312] SELECT horas_lab FROM tblaca008 WHERE c_asigna='300101' AND horas_teoricas > 0 [1][0] OK
C:[16/08/2013 13:45:20.24][190.201.175.202][1138] SELECT pre_cod_asig1,pre_cod_asig2,pre_cod_asig3,pre_cod_asig4,pre_cod_asig5,pre_cod_asig6,pre_cod_asig7 FROM tblaca009_p_int WHERE pensum='5' AND c_uni_ca='2' AND c_asigna='300112' [1][0] OK
C:[16/08/2013 13:45:20.38][190.201.175.202][1182] SELECT par_cod_asig1,par_cod_asig2,par_cod_asig3 FROM tblaca009_p_int WHERE pensum='5' AND c_uni_ca='2' AND c_asigna='300112' [1][0] OK
C:[16/08/2013 13:45:20.61][190.201.175.202][1312] SELECT horas_lab FROM tblaca008 WHERE c_asigna='300112' AND horas_teoricas > 0 [1][0] OK
C:[16/08/2013 13:45:21.40][190.204.212.167][1138] SELECT pre_cod_asig1,pre_cod_asig2,pre_cod_asig3,pre_cod_asig4,pre_cod_asig5,pre_cod_asig6,pre_cod_asig7 FROM tblaca009_p_int WHERE pensum='5' AND c_uni_ca='5' AND c_asigna='300101' [1][0] OK
C:[16/08/2013 13:45:21.53][190.204.212.167][1182] SELECT par_cod_asig1,par_cod_asig2,par_cod_asig3 FROM tblaca009_p_int WHERE pensum='5' AND c_uni_ca='5' AND c_asigna='300101' [1][0] OK
C:[16/08/2013 13:45:21.67][190.204.212.167][1312] SELECT horas_lab FROM tblaca008 WHERE c_asigna='300101' AND horas_teoricas > 0 [1][0] OK
C:[16/08/2013 13:45:26.56][200.11.197.110][1138] SELECT pre_cod_asig1,pre_cod_asig2,pre_cod_asig3,pre_cod_asig4,pre_cod_asig5,pre_cod_asig6,pre_cod_asig7 FROM tblaca009_p_int WHERE pensum='5' AND c_uni_ca='5' AND c_asigna='300228' [1][0] OK
C:[16/08/2013 13:45:26.56][200.11.197.110][1151] SELECT c_asigna FROM dace004 WHERE exp_e='12-25084150' AND c_asigna='300101' AND status IN ('0','3','B','C') [1][0] OK
C:[16/08/2013 13:45:26.81][200.11.197.110][1182] SELECT par_cod_asig1,par_cod_asig2,par_cod_asig3 FROM tblaca009_p_int WHERE pensum='5' AND c_uni_ca='5' AND c_asigna='300228' [1][0] OK
C:[16/08/2013 13:45:26.95][200.11.197.110][1312] SELECT horas_lab FROM tblaca008 WHERE c_asigna='300228' AND horas_teoricas > 0 [1][0] OK
C:[16/08/2013 13:45:27.19][200.90.98.86][1138] SELECT pre_cod_asig1,pre_cod_asig2,pre_cod_asig3,pre_cod_asig4,pre_cod_asig5,pre_cod_asig6,pre_cod_asig7 FROM tblaca009_p_int WHERE pensum='5' AND c_uni_ca='5' AND c_asigna='355570' [1][0] OK
C:[16/08/2013 13:45:27.19][200.90.98.86][1151] SELECT c_asigna FROM dace004 WHERE exp_e='10-20286560' AND c_asigna='355447' AND status IN ('0','3','B','C') [1][0] OK
C:[16/08/2013 13:45:27.55][200.90.98.86][1182] SELECT par_cod_asig1,par_cod_asig2,par_cod_asig3 FROM tblaca009_p_int WHERE pensum='5' AND c_uni_ca='5' AND c_asigna='355570' [1][0] OK
C:[16/08/2013 13:45:27.58][200.90.98.86][1312] SELECT horas_lab FROM tblaca008 WHERE c_asigna='355570' AND horas_teoricas > 0 [1][0] OK
C:[16/08/2013 13:45:34.19][190.201.175.202][1138] SELECT pre_cod_asig1,pre_cod_asig2,pre_cod_asig3,pre_cod_asig4,pre_cod_asig5,pre_cod_asig6,pre_cod_asig7 FROM tblaca009_p_int WHERE pensum='5' AND c_uni_ca='2' AND c_asigna='300222' [1][0] OK
C:[16/08/2013 13:45:34.19][190.201.175.202][1151] SELECT c_asigna FROM dace004 WHERE exp_e='12-22615866' AND c_asigna='300112' AND status IN ('0','3','B','C') [1][0] OK
C:[16/08/2013 13:45:34.56][190.201.175.202][1182] SELECT par_cod_asig1,par_cod_asig2,par_cod_asig3 FROM tblaca009_p_int WHERE pensum='5' AND c_uni_ca='2' AND c_asigna='300222' [1][0] OK
C:[16/08/2013 13:45:34.70][190.201.175.202][1312] SELECT horas_lab FROM tblaca008 WHERE c_asigna='300222' AND horas_teoricas > 0 [1][0] OK
C:[16/08/2013 13:45:42.33][186.88.134.164][1138] SELECT pre_cod_asig1,pre_cod_asig2,pre_cod_asig3,pre_cod_asig4,pre_cod_asig5,pre_cod_asig6,pre_cod_asig7 FROM tblaca009_p_int WHERE pensum='5' AND c_uni_ca='5' AND c_asigna='300428' [1][0] OK
C:[16/08/2013 13:45:42.33][186.88.134.164][1151] SELECT c_asigna FROM dace004 WHERE exp_e='10-20804763' AND c_asigna='300317' AND status IN ('0','3','B','C') [1][0] OK
C:[16/08/2013 13:45:42.58][186.88.134.164][1182] SELECT par_cod_asig1,par_cod_asig2,par_cod_asig3 FROM tblaca009_p_int WHERE pensum='5' AND c_uni_ca='5' AND c_asigna='300428' [1][0] OK
C:[16/08/2013 13:45:42.72][186.88.134.164][1312] SELECT horas_lab FROM tblaca008 WHERE c_asigna='300428' AND horas_teoricas > 0 [1][0] OK
C:[16/08/2013 13:46:07.20][190.201.161.67][1138] SELECT pre_cod_asig1,pre_cod_asig2,pre_cod_asig3,pre_cod_asig4,pre_cod_asig5,pre_cod_asig6,pre_cod_asig7 FROM tblaca009_p_int WHERE pensum='5' AND c_uni_ca='6' AND c_asigna='300101' [1][0] OK
C:[16/08/2013 13:46:07.89][190.201.161.67][1182] SELECT par_cod_asig1,par_cod_asig2,par_cod_asig3 FROM tblaca009_p_int WHERE pensum='5' AND c_uni_ca='6' AND c_asigna='300101' [1][0] OK
C:[16/08/2013 13:46:07.03][190.201.161.67][1312] SELECT horas_lab FROM tblaca008 WHERE c_asigna='300101' AND horas_teoricas > 0 [1][0] OK
C:[16/08/2013 13:46:46.86][181.182.104.187][1138] SELECT pre_cod_asig1,pre_cod_asig2,pre_cod_asig3,pre_cod_asig4,pre_cod_asig5,pre_cod_asig6,pre_cod_asig7 FROM tblaca009_p_int WHERE pensum='5' AND c_uni_ca='6' AND c_asigna='344687' [1][0] OK
C:[16/08/2013 13:46:46.86][181.182.104.187][1151] SELECT c_asigna FROM dace004 WHERE exp_e='08-19302921' AND c_asigna='344565' AND status IN ('0','3','B','C') [1][0] OK
C:[16/08/2013 13:46:47.33][181.182.104.187][1182] SELECT par_cod_asig1,par_cod_asig2,par_cod_asig3 FROM tblaca009_p_int WHERE pensum='5' AND c_uni_ca='6' AND c_asigna='344687' [1][0] OK
C:[16/08/2013 13:46:47.36][181.182.104.187][1312] SELECT horas_lab FROM tblaca008 WHERE c_asigna='344687' AND horas_teoricas > 0 [1][0] OK
C:[16/08/2013 13:47:14.33][186.167.242.181][1138] SELECT pre_cod_asig1,pre_cod_asig2,pre_cod_asig3,pre_cod_asig4,pre_cod_asig5,pre_cod_asig6,pre_cod_asig7 FROM tblaca009_p_int WHERE pensum='5' AND c_uni_ca='5' AND c_asigna='355691' [1][0] OK
C:[16/08/2013 13:47:14.33][186.167.242.181][1151] SELECT c_asigna FROM dace004 WHERE exp_e='08-20013556' AND c_asigna='355571' AND status IN ('0','3','B','C') [1][0] OK
C:[16/08/2013 13:47:14.14][186.167.242.181][1182] SELECT par_cod_asig1,par_cod_asig2,par_cod_asig3 FROM tblaca009_p_int WHERE pensum='5' AND c_uni_ca='5' AND c_asigna='355691' [1][0] OK
C:[16/08/2013 13:47:14.28][186.167.242.181][1312] SELECT horas_lab FROM tblaca008 WHERE c_asigna='355691' AND horas_teoricas > 0 [1][0] OK
C:[16/08/2013 13:47:33.00][190.39.5.74][1138] SELECT pre_cod_asig1,pre_cod_asig2,pre_cod_asig3,pre_cod_asig4,pre_cod_asig5,pre_cod_asig6,pre_cod_asig7 FROM tblaca009_p_int WHERE pensum='5' AND c_uni_ca='2' AND c_asigna='300101' [1][0] OK
C:[16/08/2013 13:47:33.26][190.39.5.74][1182] SELECT par_cod_asig1,par_cod_asig2,par_cod_asig3 FROM tblaca009_p_int WHERE pensum='5' AND c_uni_ca='2' AND c_asigna='300101' [1][0] OK
C:[16/08/2013 13:47:33.39][190.39.5.74][1312] SELECT horas_lab FROM tblaca008 WHERE c_asigna='300101' AND horas_teoricas > 0 [1][0] OK
C:[16/08/2013 13:47:44.63][190.201.175.202][1138] SELECT pre_cod_asig1,pre_cod_asig2,pre_cod_asig3,pre_cod_asig4,pre_cod_asig5,pre_cod_asig6,pre_cod_asig7 FROM tblaca009_p_int WHERE pensum='5' AND c_uni_ca='2' AND c_asigna='300207' [1][0] OK
C:[16/08/2013 13:47:44.63][190.201.175.202][1151] SELECT c_asigna FROM dace004 WHERE exp_e='11-22812857' AND c_asigna='300101' AND status IN ('0','3','B','C') [1][0] OK
C:[16/08/2013 13:47:44.87][190.201.175.202][1182] SELECT par_cod_asig1,par_cod_asig2,par_cod_asig3 FROM tblaca009_p_int WHERE pensum='5' AND c_uni_ca='2' AND c_asigna='300207' [1][0] OK
C:[16/08/2013 13:47:44.01][190.201.175.202][1312] SELECT horas_lab FROM tblaca008 WHERE c_asigna='300207' AND horas_teoricas > 0 [1][0] OK
C:[16/08/2013 13:47:57.74][186.89.252.105][1138] SELECT pre_cod_asig1,pre_cod_asig2,pre_cod_asig3,pre_cod_asig4,pre_cod_asig5,pre_cod_asig6,pre_cod_asig7 FROM tblaca009_p_int WHERE pensum='5' AND c_uni_ca='4' AND c_asigna='333442' [1][0] OK
C:[16/08/2013 13:47:57.74][186.89.252.105][1151] SELECT c_asigna FROM dace004 WHERE exp_e='11-20137911' AND c_asigna='330310' AND status IN ('0','3','B','C') [1][0] OK
C:[16/08/2013 13:47:57.74][186.89.252.105][1151] SELECT c_asigna FROM dace004 WHERE exp_e='11-20137911' AND c_asigna='333326' AND status IN ('0','3','B','C') [1][0] OK
C:[16/08/2013 13:47:57.80][186.89.252.105][1182] SELECT par_cod_asig1,par_cod_asig2,par_cod_asig3 FROM tblaca009_p_int WHERE pensum='5' AND c_uni_ca='4' AND c_asigna='333442' [1][0] OK
C:[16/08/2013 13:47:58.94][186.89.252.105][1312] SELECT horas_lab FROM tblaca008 WHERE c_asigna='333442' AND horas_teoricas > 0 [1][0] OK
C:[16/08/2013 13:48:00.70][190.201.175.202][1138] SELECT pre_cod_asig1,pre_cod_asig2,pre_cod_asig3,pre_cod_asig4,pre_cod_asig5,pre_cod_asig6,pre_cod_asig7 FROM tblaca009_p_int WHERE pensum='5' AND c_uni_ca='2' AND c_asigna='320323' [1][0] OK
C:[16/08/2013 13:48:00.70][190.201.175.202][1151] SELECT c_asigna FROM dace004 WHERE exp_e='10-21011310' AND c_asigna='300228' AND status IN ('0','3','B','C') [1][0] OK
C:[16/08/2013 13:48:00.70][190.201.175.202][1151] SELECT c_asigna FROM dace004 WHERE exp_e='10-21011310' AND c_asigna='300218' AND status IN ('0','3','B','C') [1][0] OK
C:[16/08/2013 13:48:00.70][190.201.175.202][1138] SELECT pre_cod_asig1,pre_cod_asig2,pre_cod_asig3,pre_cod_asig4,pre_cod_asig5,pre_cod_asig6,pre_cod_asig7 FROM tblaca009_p_int WHERE pensum='5' AND c_uni_ca='2' AND c_asigna='322449' [1][0] OK
C:[16/08/2013 13:48:00.70][190.201.175.202][1151] SELECT c_asigna FROM dace004 WHERE exp_e='10-21011310' AND c_asigna='300222' AND status IN ('0','3','B','C') [1][0] OK
C:[16/08/2013 13:48:00.34][190.201.175.202][1182] SELECT par_cod_asig1,par_cod_asig2,par_cod_asig3 FROM tblaca009_p_int WHERE pensum='5' AND c_uni_ca='2' AND c_asigna='320323' [1][0] OK
C:[16/08/2013 13:48:00.34][190.201.175.202][1182] SELECT par_cod_asig1,par_cod_asig2,par_cod_asig3 FROM tblaca009_p_int WHERE pensum='5' AND c_uni_ca='2' AND c_asigna='322449' [1][0] OK
C:[16/08/2013 13:48:00.59][190.201.175.202][1312] SELECT horas_lab FROM tblaca008 WHERE c_asigna='320323' AND horas_teoricas > 0 [1][0] OK
C:[16/08/2013 13:48:00.59][190.201.175.202][1312] SELECT horas_lab FROM tblaca008 WHERE c_asigna='322449' AND horas_teoricas > 0 [1][0] OK
C:[16/08/2013 13:48:24.80][190.94.239.178][1138] SELECT pre_cod_asig1,pre_cod_asig2,pre_cod_asig3,pre_cod_asig4,pre_cod_asig5,pre_cod_asig6,pre_cod_asig7 FROM tblaca009_p_int WHERE pensum='5' AND c_uni_ca='4' AND c_asigna='333809' [1][0] OK
C:[16/08/2013 13:48:24.80][190.94.239.178][1151] SELECT c_asigna FROM dace004 WHERE exp_e='09-20887341' AND c_asigna='333683' AND status IN ('0','3','B','C') [1][0] OK
C:[16/08/2013 13:48:24.80][190.94.239.178][1151] SELECT c_asigna FROM dace004 WHERE exp_e='09-20887341' AND c_asigna='333710' AND status IN ('0','3','B','C') [1][0] OK
C:[16/08/2013 13:48:24.55][190.94.239.178][1182] SELECT par_cod_asig1,par_cod_asig2,par_cod_asig3 FROM tblaca009_p_int WHERE pensum='5' AND c_uni_ca='4' AND c_asigna='333809' [1][0] OK
C:[16/08/2013 13:48:24.69][190.94.239.178][1312] SELECT horas_lab FROM tblaca008 WHERE c_asigna='333809' AND horas_teoricas > 0 [1][0] OK
C:[16/08/2013 13:48:29.60][186.88.129.241][1138] SELECT pre_cod_asig1,pre_cod_asig2,pre_cod_asig3,pre_cod_asig4,pre_cod_asig5,pre_cod_asig6,pre_cod_asig7 FROM tblaca009_p_int WHERE pensum='5' AND c_uni_ca='3' AND c_asigna='311431' [1][0] OK
C:[16/08/2013 13:48:29.60][186.88.129.241][1151] SELECT c_asigna FROM dace004 WHERE exp_e='11-24411287' AND c_asigna='300317' AND status IN ('0','3','B','C') [1][0] OK
C:[16/08/2013 13:48:29.60][186.88.129.241][1151] SELECT c_asigna FROM dace004 WHERE exp_e='11-24411287' AND c_asigna='300318' AND status IN ('0','3','B','C') [1][0] OK
C:[16/08/2013 13:48:29.97][186.88.129.241][1182] SELECT par_cod_asig1,par_cod_asig2,par_cod_asig3 FROM tblaca009_p_int WHERE pensum='5' AND c_uni_ca='3' AND c_asigna='311431' [1][0] OK
C:[16/08/2013 13:48:29.12][186.88.129.241][1312] SELECT horas_lab FROM tblaca008 WHERE c_asigna='311431' AND horas_teoricas > 0 [1][0] OK
C:[16/08/2013 13:49:10.36][190.201.175.202][1138] SELECT pre_cod_asig1,pre_cod_asig2,pre_cod_asig3,pre_cod_asig4,pre_cod_asig5,pre_cod_asig6,pre_cod_asig7 FROM tblaca009_p_int WHERE pensum='5' AND c_uni_ca='6' AND c_asigna='342559' [1][0] OK
C:[16/08/2013 13:49:10.36][190.201.175.202][1151] SELECT c_asigna FROM dace004 WHERE exp_e='07-19786113' AND c_asigna='342436' AND status IN ('0','3','B','C') [1][0] OK
C:[16/08/2013 13:49:10.87][190.201.175.202][1182] SELECT par_cod_asig1,par_cod_asig2,par_cod_asig3 FROM tblaca009_p_int WHERE pensum='5' AND c_uni_ca='6' AND c_asigna='342559' [1][0] OK
C:[16/08/2013 13:49:10.00][190.201.175.202][1312] SELECT horas_lab FROM tblaca008 WHERE c_asigna='342559' AND horas_teoricas > 0 [1][0] OK
C:[16/08/2013 13:49:18.89][190.201.175.202][1138] SELECT pre_cod_asig1,pre_cod_asig2,pre_cod_asig3,pre_cod_asig4,pre_cod_asig5,pre_cod_asig6,pre_cod_asig7 FROM tblaca009_p_int WHERE pensum='5' AND c_uni_ca='2' AND c_asigna='300207' [1][0] OK
C:[16/08/2013 13:49:18.89][190.201.175.202][1151] SELECT c_asigna FROM dace004 WHERE exp_e='11-20223616' AND c_asigna='300101' AND status IN ('0','3','B','C') [1][0] OK
C:[16/08/2013 13:49:18.89][190.201.175.202][1138] SELECT pre_cod_asig1,pre_cod_asig2,pre_cod_asig3,pre_cod_asig4,pre_cod_asig5,pre_cod_asig6,pre_cod_asig7 FROM tblaca009_p_int WHERE pensum='5' AND c_uni_ca='2' AND c_asigna='320323' [1][0] OK
C:[16/08/2013 13:49:18.89][190.201.175.202][1151] SELECT c_asigna FROM dace004 WHERE exp_e='11-20223616' AND c_asigna='300228' AND status IN ('0','3','B','C') [1][0] OK
C:[16/08/2013 13:49:18.89][190.201.175.202][1151] SELECT c_asigna FROM dace004 WHERE exp_e='11-20223616' AND c_asigna='300218' AND status IN ('0','3','B','C') [1][0] OK
C:[16/08/2013 13:49:18.52][190.201.175.202][1182] SELECT par_cod_asig1,par_cod_asig2,par_cod_asig3 FROM tblaca009_p_int WHERE pensum='5' AND c_uni_ca='2' AND c_asigna='300207' [1][0] OK
C:[16/08/2013 13:49:18.52][190.201.175.202][1182] SELECT par_cod_asig1,par_cod_asig2,par_cod_asig3 FROM tblaca009_p_int WHERE pensum='5' AND c_uni_ca='2' AND c_asigna='320323' [1][0] OK
C:[16/08/2013 13:49:18.78][190.201.175.202][1312] SELECT horas_lab FROM tblaca008 WHERE c_asigna='300207' AND horas_teoricas > 0 [1][0] OK
C:[16/08/2013 13:49:18.78][190.201.175.202][1312] SELECT horas_lab FROM tblaca008 WHERE c_asigna='320323' AND horas_teoricas > 0 [1][0] OK
C:[16/08/2013 13:49:27.76][200.47.180.142][1138] SELECT pre_cod_asig1,pre_cod_asig2,pre_cod_asig3,pre_cod_asig4,pre_cod_asig5,pre_cod_asig6,pre_cod_asig7 FROM tblaca009_p_int WHERE pensum='5' AND c_uni_ca='2' AND c_asigna='300112' [1][0] OK
C:[16/08/2013 13:49:27.76][200.47.180.142][1138] SELECT pre_cod_asig1,pre_cod_asig2,pre_cod_asig3,pre_cod_asig4,pre_cod_asig5,pre_cod_asig6,pre_cod_asig7 FROM tblaca009_p_int WHERE pensum='5' AND c_uni_ca='2' AND c_asigna='300116' [1][0] OK
C:[16/08/2013 13:49:27.59][200.47.180.142][1182] SELECT par_cod_asig1,par_cod_asig2,par_cod_asig3 FROM tblaca009_p_int WHERE pensum='5' AND c_uni_ca='2' AND c_asigna='300112' [1][0] OK
C:[16/08/2013 13:49:27.59][200.47.180.142][1182] SELECT par_cod_asig1,par_cod_asig2,par_cod_asig3 FROM tblaca009_p_int WHERE pensum='5' AND c_uni_ca='2' AND c_asigna='300116' [1][0] OK
C:[16/08/2013 13:49:27.84][200.47.180.142][1312] SELECT horas_lab FROM tblaca008 WHERE c_asigna='300112' AND horas_teoricas > 0 [1][0] OK
C:[16/08/2013 13:49:27.84][200.47.180.142][1312] SELECT horas_lab FROM tblaca008 WHERE c_asigna='300116' AND horas_teoricas > 0 [1][0] OK
C:[16/08/2013 13:49:28.69][190.205.6.172][1138] SELECT pre_cod_asig1,pre_cod_asig2,pre_cod_asig3,pre_cod_asig4,pre_cod_asig5,pre_cod_asig6,pre_cod_asig7 FROM tblaca009_p_int WHERE pensum='5' AND c_uni_ca='6' AND c_asigna='300956' [1][0] OK
C:[16/08/2013 13:49:28.69][190.205.6.172][1151] SELECT c_asigna FROM dace004 WHERE exp_e='09-20808692' AND c_asigna='300422' AND status IN ('0','3','B','C') [1][0] OK
C:[16/08/2013 13:49:28.94][190.205.6.172][1182] SELECT par_cod_asig1,par_cod_asig2,par_cod_asig3 FROM tblaca009_p_int WHERE pensum='5' AND c_uni_ca='6' AND c_asigna='300956' [1][0] OK
C:[16/08/2013 13:49:28.08][190.205.6.172][1312] SELECT horas_lab FROM tblaca008 WHERE c_asigna='300956' AND horas_teoricas > 0 [1][0] OK
C:[16/08/2013 13:50:27.86][190.201.175.202][1138] SELECT pre_cod_asig1,pre_cod_asig2,pre_cod_asig3,pre_cod_asig4,pre_cod_asig5,pre_cod_asig6,pre_cod_asig7 FROM tblaca009_p_int WHERE pensum='5' AND c_uni_ca='4' AND c_asigna='300207' [1][0] OK
C:[16/08/2013 13:50:27.86][190.201.175.202][1151] SELECT c_asigna FROM dace004 WHERE exp_e='12-25577072' AND c_asigna='300101' AND status IN ('0','3','B','C') [1][0] OK
C:[16/08/2013 13:50:27.86][190.201.175.202][1138] SELECT pre_cod_asig1,pre_cod_asig2,pre_cod_asig3,pre_cod_asig4,pre_cod_asig5,pre_cod_asig6,pre_cod_asig7 FROM tblaca009_p_int WHERE pensum='5' AND c_uni_ca='4' AND c_asigna='300209' [1][0] OK
C:[16/08/2013 13:50:27.86][190.201.175.202][1151] SELECT c_asigna FROM dace004 WHERE exp_e='12-25577072' AND c_asigna='300101' AND status IN ('0','3','B','C') [1][0] OK
C:[16/08/2013 13:50:27.92][190.201.175.202][1182] SELECT par_cod_asig1,par_cod_asig2,par_cod_asig3 FROM tblaca009_p_int WHERE pensum='5' AND c_uni_ca='4' AND c_asigna='300207' [1][0] OK
C:[16/08/2013 13:50:27.92][190.201.175.202][1182] SELECT par_cod_asig1,par_cod_asig2,par_cod_asig3 FROM tblaca009_p_int WHERE pensum='5' AND c_uni_ca='4' AND c_asigna='300209' [1][0] OK
C:[16/08/2013 13:50:27.19][190.201.175.202][1312] SELECT horas_lab FROM tblaca008 WHERE c_asigna='300207' AND horas_teoricas > 0 [1][0] OK
C:[16/08/2013 13:50:27.19][190.201.175.202][1312] SELECT horas_lab FROM tblaca008 WHERE c_asigna='300209' AND horas_teoricas > 0 [1][0] OK
C:[16/08/2013 13:50:38.31][190.37.36.102][1138] SELECT pre_cod_asig1,pre_cod_asig2,pre_cod_asig3,pre_cod_asig4,pre_cod_asig5,pre_cod_asig6,pre_cod_asig7 FROM tblaca009_p_int WHERE pensum='5' AND c_uni_ca='3' AND c_asigna='300213' [1][0] OK
C:[16/08/2013 13:50:38.31][190.37.36.102][1151] SELECT c_asigna FROM dace004 WHERE exp_e='02-82071054' AND c_asigna='300101' AND status IN ('0','3','B','C') [1][0] OK
C:[16/08/2013 13:50:38.56][190.37.36.102][1182] SELECT par_cod_asig1,par_cod_asig2,par_cod_asig3 FROM tblaca009_p_int WHERE pensum='5' AND c_uni_ca='3' AND c_asigna='300213' [1][0] OK
C:[16/08/2013 13:50:38.71][190.37.36.102][1312] SELECT horas_lab FROM tblaca008 WHERE c_asigna='300213' AND horas_teoricas > 0 [1][0] OK
C:[16/08/2013 13:51:15.74][190.201.161.67][1138] SELECT pre_cod_asig1,pre_cod_asig2,pre_cod_asig3,pre_cod_asig4,pre_cod_asig5,pre_cod_asig6,pre_cod_asig7 FROM tblaca009_p_int WHERE pensum='5' AND c_uni_ca='4' AND c_asigna='300101' [1][0] OK
C:[16/08/2013 13:51:15.43][190.201.161.67][1182] SELECT par_cod_asig1,par_cod_asig2,par_cod_asig3 FROM tblaca009_p_int WHERE pensum='5' AND c_uni_ca='4' AND c_asigna='300101' [1][0] OK
C:[16/08/2013 13:51:15.57][190.201.161.67][1312] SELECT horas_lab FROM tblaca008 WHERE c_asigna='300101' AND horas_teoricas > 0 [1][0] OK
C:[16/08/2013 13:51:16.77][190.201.175.202][1138] SELECT pre_cod_asig1,pre_cod_asig2,pre_cod_asig3,pre_cod_asig4,pre_cod_asig5,pre_cod_asig6,pre_cod_asig7 FROM tblaca009_p_int WHERE pensum='5' AND c_uni_ca='3' AND c_asigna='300101' [1][0] OK
C:[16/08/2013 13:51:16.88][190.201.175.202][1182] SELECT par_cod_asig1,par_cod_asig2,par_cod_asig3 FROM tblaca009_p_int WHERE pensum='5' AND c_uni_ca='3' AND c_asigna='300101' [1][0] OK
C:[16/08/2013 13:51:16.02][190.201.175.202][1312] SELECT horas_lab FROM tblaca008 WHERE c_asigna='300101' AND horas_teoricas > 0 [1][0] OK
C:[16/08/2013 13:51:51.20][190.205.4.39][1138] SELECT pre_cod_asig1,pre_cod_asig2,pre_cod_asig3,pre_cod_asig4,pre_cod_asig5,pre_cod_asig6,pre_cod_asig7 FROM tblaca009_p_int WHERE pensum='5' AND c_uni_ca='5' AND c_asigna='351451' [1][0] OK
C:[16/08/2013 13:51:51.20][190.205.4.39][1151] SELECT c_asigna FROM dace004 WHERE exp_e='11-23500652' AND c_asigna='351330' AND status IN ('0','3','B','C') [1][0] OK
C:[16/08/2013 13:51:51.20][190.205.4.39][1151] SELECT c_asigna FROM dace004 WHERE exp_e='11-23500652' AND c_asigna='355350' AND status IN ('0','3','B','C') [1][0] OK
C:[16/08/2013 13:51:51.20][190.205.4.39][1151] SELECT c_asigna FROM dace004 WHERE exp_e='11-23500652' AND c_asigna='300318' AND status IN ('0','3','B','C') [1][0] OK
C:[16/08/2013 13:51:51.20][190.205.4.39][1138] SELECT pre_cod_asig1,pre_cod_asig2,pre_cod_asig3,pre_cod_asig4,pre_cod_asig5,pre_cod_asig6,pre_cod_asig7 FROM tblaca009_p_int WHERE pensum='5' AND c_uni_ca='5' AND c_asigna='355570' [1][0] OK
C:[16/08/2013 13:51:51.20][190.205.4.39][1151] SELECT c_asigna FROM dace004 WHERE exp_e='11-23500652' AND c_asigna='355447' AND status IN ('0','3','B','C') [1][0] OK
C:[16/08/2013 13:51:51.52][190.205.4.39][1182] SELECT par_cod_asig1,par_cod_asig2,par_cod_asig3 FROM tblaca009_p_int WHERE pensum='5' AND c_uni_ca='5' AND c_asigna='351451' [1][0] OK
C:[16/08/2013 13:51:51.52][190.205.4.39][1182] SELECT par_cod_asig1,par_cod_asig2,par_cod_asig3 FROM tblaca009_p_int WHERE pensum='5' AND c_uni_ca='5' AND c_asigna='355570' [1][0] OK
C:[16/08/2013 13:51:51.78][190.205.4.39][1312] SELECT horas_lab FROM tblaca008 WHERE c_asigna='351451' AND horas_teoricas > 0 [1][0] OK
C:[16/08/2013 13:51:51.78][190.205.4.39][1312] SELECT horas_lab FROM tblaca008 WHERE c_asigna='355570' AND horas_teoricas > 0 [1][0] OK
C:[16/08/2013 13:52:29.02][190.204.212.167][1138] SELECT pre_cod_asig1,pre_cod_asig2,pre_cod_asig3,pre_cod_asig4,pre_cod_asig5,pre_cod_asig6,pre_cod_asig7 FROM tblaca009_p_int WHERE pensum='5' AND c_uni_ca='2' AND c_asigna='300101' [1][0] OK
C:[16/08/2013 13:52:29.76][190.204.212.167][1182] SELECT par_cod_asig1,par_cod_asig2,par_cod_asig3 FROM tblaca009_p_int WHERE pensum='5' AND c_uni_ca='2' AND c_asigna='300101' [1][0] OK
C:[16/08/2013 13:52:29.84][190.204.212.167][1312] SELECT horas_lab FROM tblaca008 WHERE c_asigna='300101' AND horas_teoricas > 0 [1][0] OK
C:[16/08/2013 13:52:32.29][190.37.37.142][1138] SELECT pre_cod_asig1,pre_cod_asig2,pre_cod_asig3,pre_cod_asig4,pre_cod_asig5,pre_cod_asig6,pre_cod_asig7 FROM tblaca009_p_int WHERE pensum='5' AND c_uni_ca='3' AND c_asigna='300101' [1][0] OK
C:[16/08/2013 13:52:32.41][190.37.37.142][1182] SELECT par_cod_asig1,par_cod_asig2,par_cod_asig3 FROM tblaca009_p_int WHERE pensum='5' AND c_uni_ca='3' AND c_asigna='300101' [1][0] OK
C:[16/08/2013 13:52:32.58][190.200.51.15][1138] SELECT pre_cod_asig1,pre_cod_asig2,pre_cod_asig3,pre_cod_asig4,pre_cod_asig5,pre_cod_asig6,pre_cod_asig7 FROM tblaca009_p_int WHERE pensum='5' AND c_uni_ca='2' AND c_asigna='300207' [1][0] OK
C:[16/08/2013 13:52:32.55][190.37.37.142][1312] SELECT horas_lab FROM tblaca008 WHERE c_asigna='300101' AND horas_teoricas > 0 [1][0] OK
C:[16/08/2013 13:52:32.58][190.200.51.15][1151] SELECT c_asigna FROM dace004 WHERE exp_e='10-20222069' AND c_asigna='300101' AND status IN ('0','3','B','C') [1][0] OK
C:[16/08/2013 13:52:32.58][190.200.51.15][1138] SELECT pre_cod_asig1,pre_cod_asig2,pre_cod_asig3,pre_cod_asig4,pre_cod_asig5,pre_cod_asig6,pre_cod_asig7 FROM tblaca009_p_int WHERE pensum='5' AND c_uni_ca='2' AND c_asigna='300222' [1][0] OK
C:[16/08/2013 13:52:32.58][190.200.51.15][1151] SELECT c_asigna FROM dace004 WHERE exp_e='10-20222069' AND c_asigna='300112' AND status IN ('0','3','B','C') [1][0] OK
C:[16/08/2013 13:52:32.08][190.200.51.15][1182] SELECT par_cod_asig1,par_cod_asig2,par_cod_asig3 FROM tblaca009_p_int WHERE pensum='5' AND c_uni_ca='2' AND c_asigna='300207' [1][0] OK
C:[16/08/2013 13:52:32.08][190.200.51.15][1182] SELECT par_cod_asig1,par_cod_asig2,par_cod_asig3 FROM tblaca009_p_int WHERE pensum='5' AND c_uni_ca='2' AND c_asigna='300222' [1][0] OK
C:[16/08/2013 13:52:32.34][190.200.51.15][1312] SELECT horas_lab FROM tblaca008 WHERE c_asigna='300207' AND horas_teoricas > 0 [1][0] OK
C:[16/08/2013 13:52:32.34][190.200.51.15][1312] SELECT horas_lab FROM tblaca008 WHERE c_asigna='300222' AND horas_teoricas > 0 [1][0] OK
C:[16/08/2013 13:52:44.11][190.94.235.176][1138] SELECT pre_cod_asig1,pre_cod_asig2,pre_cod_asig3,pre_cod_asig4,pre_cod_asig5,pre_cod_asig6,pre_cod_asig7 FROM tblaca009_p_int WHERE pensum='5' AND c_uni_ca='5' AND c_asigna='355570' [1][0] OK
C:[16/08/2013 13:52:44.11][190.94.235.176][1151] SELECT c_asigna FROM dace004 WHERE exp_e='09-20805719' AND c_asigna='355447' AND status IN ('0','3','B','C') [1][0] OK
C:[16/08/2013 13:52:44.11][190.94.235.176][1138] SELECT pre_cod_asig1,pre_cod_asig2,pre_cod_asig3,pre_cod_asig4,pre_cod_asig5,pre_cod_asig6,pre_cod_asig7 FROM tblaca009_p_int WHERE pensum='5' AND c_uni_ca='5' AND c_asigna='355573' [1][0] OK
C:[16/08/2013 13:52:44.11][190.94.235.176][1151] SELECT c_asigna FROM dace004 WHERE exp_e='09-20805719' AND c_asigna='355448' AND status IN ('0','3','B','C') [1][0] OK
C:[16/08/2013 13:52:44.17][190.94.235.176][1182] SELECT par_cod_asig1,par_cod_asig2,par_cod_asig3 FROM tblaca009_p_int WHERE pensum='5' AND c_uni_ca='5' AND c_asigna='355570' [1][0] OK
C:[16/08/2013 13:52:44.17][190.94.235.176][1182] SELECT par_cod_asig1,par_cod_asig2,par_cod_asig3 FROM tblaca009_p_int WHERE pensum='5' AND c_uni_ca='5' AND c_asigna='355573' [1][0] OK
C:[16/08/2013 13:52:44.43][190.94.235.176][1312] SELECT horas_lab FROM tblaca008 WHERE c_asigna='355570' AND horas_teoricas > 0 [1][0] OK
C:[16/08/2013 13:52:44.43][190.94.235.176][1312] SELECT horas_lab FROM tblaca008 WHERE c_asigna='355573' AND horas_teoricas > 0 [1][0] OK
C:[16/08/2013 13:52:51.00][172.16.3.75][1138] SELECT pre_cod_asig1,pre_cod_asig2,pre_cod_asig3,pre_cod_asig4,pre_cod_asig5,pre_cod_asig6,pre_cod_asig7 FROM tblaca009_p_int WHERE pensum='5' AND c_uni_ca='6' AND c_asigna='300313' [1][0] OK
C:[16/08/2013 13:52:51.00][172.16.3.75][1151] SELECT c_asigna FROM dace004 WHERE exp_e='09-18170983' AND c_asigna='300213' AND status IN ('0','3','B','C') [1][0] OK
C:[16/08/2013 13:52:51.26][172.16.3.75][1182] SELECT par_cod_asig1,par_cod_asig2,par_cod_asig3 FROM tblaca009_p_int WHERE pensum='5' AND c_uni_ca='6' AND c_asigna='300313' [1][0] OK
C:[16/08/2013 13:52:51.40][172.16.3.75][1312] SELECT horas_lab FROM tblaca008 WHERE c_asigna='300313' AND horas_teoricas > 0 [1][0] OK
C:[16/08/2013 13:53:03.11][190.201.175.202][1138] SELECT pre_cod_asig1,pre_cod_asig2,pre_cod_asig3,pre_cod_asig4,pre_cod_asig5,pre_cod_asig6,pre_cod_asig7 FROM tblaca009_p_int WHERE pensum='5' AND c_uni_ca='6' AND c_asigna='300313' [1][0] OK
C:[16/08/2013 13:53:03.11][190.201.175.202][1151] SELECT c_asigna FROM dace004 WHERE exp_e='06-19095510' AND c_asigna='300213' AND status IN ('0','3','B','C') [1][0] OK
C:[16/08/2013 13:53:03.92][190.201.175.202][1182] SELECT par_cod_asig1,par_cod_asig2,par_cod_asig3 FROM tblaca009_p_int WHERE pensum='5' AND c_uni_ca='6' AND c_asigna='300313' [1][0] OK
C:[16/08/2013 13:53:03.06][190.201.175.202][1312] SELECT horas_lab FROM tblaca008 WHERE c_asigna='300313' AND horas_teoricas > 0 [1][0] OK
C:[16/08/2013 13:53:20.83][190.73.225.166][1138] SELECT pre_cod_asig1,pre_cod_asig2,pre_cod_asig3,pre_cod_asig4,pre_cod_asig5,pre_cod_asig6,pre_cod_asig7 FROM tblaca009_p_int WHERE pensum='5' AND c_uni_ca='5' AND c_asigna='300101' [1][0] OK
C:[16/08/2013 13:53:20.83][190.73.225.166][1138] SELECT pre_cod_asig1,pre_cod_asig2,pre_cod_asig3,pre_cod_asig4,pre_cod_asig5,pre_cod_asig6,pre_cod_asig7 FROM tblaca009_p_int WHERE pensum='5' AND c_uni_ca='5' AND c_asigna='300222' [1][0] OK
C:[16/08/2013 13:53:20.83][190.73.225.166][1151] SELECT c_asigna FROM dace004 WHERE exp_e='11-24117090' AND c_asigna='300112' AND status IN ('0','3','B','C') [1][0] OK
C:[16/08/2013 13:53:20.76][190.73.225.166][1182] SELECT par_cod_asig1,par_cod_asig2,par_cod_asig3 FROM tblaca009_p_int WHERE pensum='5' AND c_uni_ca='5' AND c_asigna='300101' [1][0] OK
C:[16/08/2013 13:53:20.76][190.73.225.166][1182] SELECT par_cod_asig1,par_cod_asig2,par_cod_asig3 FROM tblaca009_p_int WHERE pensum='5' AND c_uni_ca='5' AND c_asigna='300222' [1][0] OK
C:[16/08/2013 13:53:20.03][190.73.225.166][1312] SELECT horas_lab FROM tblaca008 WHERE c_asigna='300101' AND horas_teoricas > 0 [1][0] OK
C:[16/08/2013 13:53:20.03][190.73.225.166][1312] SELECT horas_lab FROM tblaca008 WHERE c_asigna='300222' AND horas_teoricas > 0 [1][0] OK
C:[16/08/2013 13:53:40.81][190.201.175.202][1138] SELECT pre_cod_asig1,pre_cod_asig2,pre_cod_asig3,pre_cod_asig4,pre_cod_asig5,pre_cod_asig6,pre_cod_asig7 FROM tblaca009_p_int WHERE pensum='5' AND c_uni_ca='2' AND c_asigna='320311' [1][0] OK
C:[16/08/2013 13:53:40.81][190.201.175.202][1151] SELECT c_asigna FROM dace004 WHERE exp_e='10-23551744' AND c_asigna='300013' AND status IN ('0','3','B','C') [1][0] OK
C:[16/08/2013 13:53:40.81][190.201.175.202][1151] SELECT c_asigna FROM dace004 WHERE exp_e='10-23551744' AND c_asigna='300113' AND status IN ('0','3','B','C') [1][0] OK
C:[16/08/2013 13:53:40.81][190.201.175.202][1138] SELECT pre_cod_asig1,pre_cod_asig2,pre_cod_asig3,pre_cod_asig4,pre_cod_asig5,pre_cod_asig6,pre_cod_asig7 FROM tblaca009_p_int WHERE pensum='5' AND c_uni_ca='2' AND c_asigna='322449' [1][0] OK
C:[16/08/2013 13:53:40.81][190.201.175.202][1151] SELECT c_asigna FROM dace004 WHERE exp_e='10-23551744' AND c_asigna='300222' AND status IN ('0','3','B','C') [1][0] OK
C:[16/08/2013 13:53:40.01][190.201.175.202][1182] SELECT par_cod_asig1,par_cod_asig2,par_cod_asig3 FROM tblaca009_p_int WHERE pensum='5' AND c_uni_ca='2' AND c_asigna='320311' [1][0] OK
C:[16/08/2013 13:53:40.01][190.201.175.202][1182] SELECT par_cod_asig1,par_cod_asig2,par_cod_asig3 FROM tblaca009_p_int WHERE pensum='5' AND c_uni_ca='2' AND c_asigna='322449' [1][0] OK
C:[16/08/2013 13:53:40.90][190.216.245.20][1138] SELECT pre_cod_asig1,pre_cod_asig2,pre_cod_asig3,pre_cod_asig4,pre_cod_asig5,pre_cod_asig6,pre_cod_asig7 FROM tblaca009_p_int WHERE pensum='5' AND c_uni_ca='4' AND c_asigna='333809' [1][0] OK
C:[16/08/2013 13:53:40.90][190.216.245.20][1151] SELECT c_asigna FROM dace004 WHERE exp_e='08-20160424' AND c_asigna='333683' AND status IN ('0','3','B','C') [1][0] OK
C:[16/08/2013 13:53:40.26][190.201.175.202][1312] SELECT horas_lab FROM tblaca008 WHERE c_asigna='320311' AND horas_teoricas > 0 [1][0] OK
C:[16/08/2013 13:53:40.26][190.201.175.202][1312] SELECT horas_lab FROM tblaca008 WHERE c_asigna='322449' AND horas_teoricas > 0 [1][0] OK
C:[16/08/2013 13:53:40.90][190.216.245.20][1151] SELECT c_asigna FROM dace004 WHERE exp_e='08-20160424' AND c_asigna='333710' AND status IN ('0','3','B','C') [1][0] OK
C:[16/08/2013 13:53:40.27][190.216.245.20][1182] SELECT par_cod_asig1,par_cod_asig2,par_cod_asig3 FROM tblaca009_p_int WHERE pensum='5' AND c_uni_ca='4' AND c_asigna='333809' [1][0] OK
C:[16/08/2013 13:53:40.40][190.216.245.20][1312] SELECT horas_lab FROM tblaca008 WHERE c_asigna='333809' AND horas_teoricas > 0 [1][0] OK
C:[16/08/2013 13:53:42.70][190.201.175.202][1138] SELECT pre_cod_asig1,pre_cod_asig2,pre_cod_asig3,pre_cod_asig4,pre_cod_asig5,pre_cod_asig6,pre_cod_asig7 FROM tblaca009_p_int WHERE pensum='5' AND c_uni_ca='2' AND c_asigna='300213' [1][0] OK
C:[16/08/2013 13:53:42.70][190.201.175.202][1151] SELECT c_asigna FROM dace004 WHERE exp_e='06-17707843' AND c_asigna='300101' AND status IN ('0','3','B','C') [1][0] OK
C:[16/08/2013 13:53:42.93][190.201.175.202][1182] SELECT par_cod_asig1,par_cod_asig2,par_cod_asig3 FROM tblaca009_p_int WHERE pensum='5' AND c_uni_ca='2' AND c_asigna='300213' [1][0] OK
C:[16/08/2013 13:53:42.07][190.201.175.202][1312] SELECT horas_lab FROM tblaca008 WHERE c_asigna='300213' AND horas_teoricas > 0 [1][0] OK
C:[16/08/2013 13:53:51.13][186.90.24.222][1138] SELECT pre_cod_asig1,pre_cod_asig2,pre_cod_asig3,pre_cod_asig4,pre_cod_asig5,pre_cod_asig6,pre_cod_asig7 FROM tblaca009_p_int WHERE pensum='5' AND c_uni_ca='4' AND c_asigna='300222' [1][0] OK
C:[16/08/2013 13:53:51.13][186.90.24.222][1151] SELECT c_asigna FROM dace004 WHERE exp_e='10-18569066' AND c_asigna='300112' AND status IN ('0','3','B','C') [1][0] OK
C:[16/08/2013 13:53:51.13][186.90.24.222][1138] SELECT pre_cod_asig1,pre_cod_asig2,pre_cod_asig3,pre_cod_asig4,pre_cod_asig5,pre_cod_asig6,pre_cod_asig7 FROM tblaca009_p_int WHERE pensum='5' AND c_uni_ca='4' AND c_asigna='300228' [1][0] OK
C:[16/08/2013 13:53:51.13][186.90.24.222][1151] SELECT c_asigna FROM dace004 WHERE exp_e='10-18569066' AND c_asigna='300101' AND status IN ('0','3','B','C') [1][0] OK
C:[16/08/2013 13:53:51.19][186.90.24.222][1182] SELECT par_cod_asig1,par_cod_asig2,par_cod_asig3 FROM tblaca009_p_int WHERE pensum='5' AND c_uni_ca='4' AND c_asigna='300222' [1][0] OK
C:[16/08/2013 13:53:51.19][186.90.24.222][1182] SELECT par_cod_asig1,par_cod_asig2,par_cod_asig3 FROM tblaca009_p_int WHERE pensum='5' AND c_uni_ca='4' AND c_asigna='300228' [1][0] OK
C:[16/08/2013 13:53:51.45][186.90.24.222][1312] SELECT horas_lab FROM tblaca008 WHERE c_asigna='300222' AND horas_teoricas > 0 [1][0] OK
C:[16/08/2013 13:53:51.45][186.90.24.222][1312] SELECT horas_lab FROM tblaca008 WHERE c_asigna='300228' AND horas_teoricas > 0 [1][0] OK
C:[16/08/2013 13:53:55.44][190.201.162.127][1138] SELECT pre_cod_asig1,pre_cod_asig2,pre_cod_asig3,pre_cod_asig4,pre_cod_asig5,pre_cod_asig6,pre_cod_asig7 FROM tblaca009_p_int WHERE pensum='5' AND c_uni_ca='2' AND c_asigna='300113' [1][0] OK
C:[16/08/2013 13:53:55.44][190.201.162.127][1138] SELECT pre_cod_asig1,pre_cod_asig2,pre_cod_asig3,pre_cod_asig4,pre_cod_asig5,pre_cod_asig6,pre_cod_asig7 FROM tblaca009_p_int WHERE pensum='5' AND c_uni_ca='2' AND c_asigna='300428' [1][0] OK
C:[16/08/2013 13:53:55.38][190.206.254.175][1138] SELECT pre_cod_asig1,pre_cod_asig2,pre_cod_asig3,pre_cod_asig4,pre_cod_asig5,pre_cod_asig6,pre_cod_asig7 FROM tblaca009_p_int WHERE pensum='5' AND c_uni_ca='5' AND c_asigna='355692' [1][0] OK
C:[16/08/2013 13:53:55.44][190.201.162.127][1151] SELECT c_asigna FROM dace004 WHERE exp_e='07-20223699' AND c_asigna='300317' AND status IN ('0','3','B','C') [1][0] OK
C:[16/08/2013 13:53:55.38][190.206.254.175][1151] SELECT c_asigna FROM dace004 WHERE exp_e='03-17441373' AND c_asigna='355448' AND status IN ('0','3','B','C') [1][0] OK
C:[16/08/2013 13:53:55.82][190.201.162.127][1182] SELECT par_cod_asig1,par_cod_asig2,par_cod_asig3 FROM tblaca009_p_int WHERE pensum='5' AND c_uni_ca='2' AND c_asigna='300113' [1][0] OK
C:[16/08/2013 13:53:55.38][190.206.254.175][1151] SELECT c_asigna FROM dace004 WHERE exp_e='03-17441373' AND c_asigna='355570' AND status IN ('0','3','B','C') [1][0] OK
C:[16/08/2013 13:53:55.82][190.201.162.127][1196] SELECT c_asigna FROM dace004 WHERE exp_e='07-20223699' AND c_asigna='300013' AND status IN ('0','3','B','C') [1][0] OK
C:[16/08/2013 13:53:55.76][190.206.254.175][1182] SELECT par_cod_asig1,par_cod_asig2,par_cod_asig3 FROM tblaca009_p_int WHERE pensum='5' AND c_uni_ca='5' AND c_asigna='355692' [1][0] OK
C:[16/08/2013 13:53:55.82][190.201.162.127][1182] SELECT par_cod_asig1,par_cod_asig2,par_cod_asig3 FROM tblaca009_p_int WHERE pensum='5' AND c_uni_ca='2' AND c_asigna='300428' [1][0] OK
C:[16/08/2013 13:53:55.90][190.206.254.175][1312] SELECT horas_lab FROM tblaca008 WHERE c_asigna='355692' AND horas_teoricas > 0 [1][0] OK
C:[16/08/2013 13:53:55.20][190.201.162.127][1312] SELECT horas_lab FROM tblaca008 WHERE c_asigna='300113' AND horas_teoricas > 0 [0][0] OK
C:[16/08/2013 13:53:55.20][190.201.162.127][1312] SELECT horas_lab FROM tblaca008 WHERE c_asigna='300428' AND horas_teoricas > 0 [1][0] OK
C:[16/08/2013 13:53:57.35][200.109.205.120][1138] SELECT pre_cod_asig1,pre_cod_asig2,pre_cod_asig3,pre_cod_asig4,pre_cod_asig5,pre_cod_asig6,pre_cod_asig7 FROM tblaca009_p_int WHERE pensum='5' AND c_uni_ca='3' AND c_asigna='300226' [1][0] OK
C:[16/08/2013 13:53:57.35][200.109.205.120][1151] SELECT c_asigna FROM dace004 WHERE exp_e='12-22813050' AND c_asigna='300116' AND status IN ('0','3','B','C') [1][0] OK
C:[16/08/2013 13:53:57.60][200.109.205.120][1182] SELECT par_cod_asig1,par_cod_asig2,par_cod_asig3 FROM tblaca009_p_int WHERE pensum='5' AND c_uni_ca='3' AND c_asigna='300226' [1][0] OK
C:[16/08/2013 13:53:58.74][200.109.205.120][1312] SELECT horas_lab FROM tblaca008 WHERE c_asigna='300226' AND horas_teoricas > 0 [1][0] OK
C:[16/08/2013 13:54:40.99][190.94.237.45][1138] SELECT pre_cod_asig1,pre_cod_asig2,pre_cod_asig3,pre_cod_asig4,pre_cod_asig5,pre_cod_asig6,pre_cod_asig7 FROM tblaca009_p_int WHERE pensum='5' AND c_uni_ca='2' AND c_asigna='300013' [1][0] OK
C:[16/08/2013 13:54:40.99][190.94.237.45][1138] SELECT pre_cod_asig1,pre_cod_asig2,pre_cod_asig3,pre_cod_asig4,pre_cod_asig5,pre_cod_asig6,pre_cod_asig7 FROM tblaca009_p_int WHERE pensum='5' AND c_uni_ca='2' AND c_asigna='300101' [1][0] OK
C:[16/08/2013 13:54:40.80][190.94.237.45][1182] SELECT par_cod_asig1,par_cod_asig2,par_cod_asig3 FROM tblaca009_p_int WHERE pensum='5' AND c_uni_ca='2' AND c_asigna='300013' [1][0] OK
C:[16/08/2013 13:54:40.80][190.94.237.45][1182] SELECT par_cod_asig1,par_cod_asig2,par_cod_asig3 FROM tblaca009_p_int WHERE pensum='5' AND c_uni_ca='2' AND c_asigna='300101' [1][0] OK
C:[16/08/2013 13:54:40.06][190.94.237.45][1312] SELECT horas_lab FROM tblaca008 WHERE c_asigna='300013' AND horas_teoricas > 0 [1][0] OK
C:[16/08/2013 13:54:40.06][190.94.237.45][1312] SELECT horas_lab FROM tblaca008 WHERE c_asigna='300101' AND horas_teoricas > 0 [1][0] OK
C:[16/08/2013 13:54:44.00][190.201.175.202][1138] SELECT pre_cod_asig1,pre_cod_asig2,pre_cod_asig3,pre_cod_asig4,pre_cod_asig5,pre_cod_asig6,pre_cod_asig7 FROM tblaca009_p_int WHERE pensum='5' AND c_uni_ca='2' AND c_asigna='300112' [1][0] OK
C:[16/08/2013 13:54:44.12][190.201.175.202][1182] SELECT par_cod_asig1,par_cod_asig2,par_cod_asig3 FROM tblaca009_p_int WHERE pensum='5' AND c_uni_ca='2' AND c_asigna='300112' [1][0] OK
C:[16/08/2013 13:54:44.26][190.201.175.202][1312] SELECT horas_lab FROM tblaca008 WHERE c_asigna='300112' AND horas_teoricas > 0 [1][0] OK
C:[16/08/2013 13:54:45.90][190.207.51.217][1138] SELECT pre_cod_asig1,pre_cod_asig2,pre_cod_asig3,pre_cod_asig4,pre_cod_asig5,pre_cod_asig6,pre_cod_asig7 FROM tblaca009_p_int WHERE pensum='5' AND c_uni_ca='5' AND c_asigna='300222' [1][0] OK
C:[16/08/2013 13:54:45.90][190.207.51.217][1151] SELECT c_asigna FROM dace004 WHERE exp_e='11-21338137' AND c_asigna='300112' AND status IN ('0','3','B','C') [1][0] OK
C:[16/08/2013 13:54:45.15][190.207.51.217][1182] SELECT par_cod_asig1,par_cod_asig2,par_cod_asig3 FROM tblaca009_p_int WHERE pensum='5' AND c_uni_ca='5' AND c_asigna='300222' [1][0] OK
C:[16/08/2013 13:54:45.28][190.207.51.217][1312] SELECT horas_lab FROM tblaca008 WHERE c_asigna='300222' AND horas_teoricas > 0 [1][0] OK
C:[16/08/2013 13:54:49.18][190.77.213.252][1138] SELECT pre_cod_asig1,pre_cod_asig2,pre_cod_asig3,pre_cod_asig4,pre_cod_asig5,pre_cod_asig6,pre_cod_asig7 FROM tblaca009_p_int WHERE pensum='5' AND c_uni_ca='4' AND c_asigna='330310' [1][0] OK
C:[16/08/2013 13:54:49.18][190.77.213.252][1151] SELECT c_asigna FROM dace004 WHERE exp_e='11-24035704' AND c_asigna='300013' AND status IN ('0','3','B','C') [1][0] OK
C:[16/08/2013 13:54:49.18][190.77.213.252][1151] SELECT c_asigna FROM dace004 WHERE exp_e='11-24035704' AND c_asigna='300113' AND status IN ('0','3','B','C') [1][0] OK
C:[16/08/2013 13:54:49.54][190.77.213.252][1182] SELECT par_cod_asig1,par_cod_asig2,par_cod_asig3 FROM tblaca009_p_int WHERE pensum='5' AND c_uni_ca='4' AND c_asigna='330310' [1][0] OK
C:[16/08/2013 13:54:49.69][190.77.213.252][1312] SELECT horas_lab FROM tblaca008 WHERE c_asigna='330310' AND horas_teoricas > 0 [1][0] OK
C:[16/08/2013 13:54:50.57][190.94.236.223][1138] SELECT pre_cod_asig1,pre_cod_asig2,pre_cod_asig3,pre_cod_asig4,pre_cod_asig5,pre_cod_asig6,pre_cod_asig7 FROM tblaca009_p_int WHERE pensum='5' AND c_uni_ca='2' AND c_asigna='300207' [1][0] OK
C:[16/08/2013 13:54:50.57][190.94.236.223][1151] SELECT c_asigna FROM dace004 WHERE exp_e='11-21079485' AND c_asigna='300101' AND status IN ('0','3','B','C') [1][0] OK
C:[16/08/2013 13:54:50.81][190.94.236.223][1182] SELECT par_cod_asig1,par_cod_asig2,par_cod_asig3 FROM tblaca009_p_int WHERE pensum='5' AND c_uni_ca='2' AND c_asigna='300207' [1][0] OK
C:[16/08/2013 13:54:50.07][190.94.236.223][1312] SELECT horas_lab FROM tblaca008 WHERE c_asigna='300207' AND horas_teoricas > 0 [1][0] OK
C:[16/08/2013 13:55:01.73][201.249.229.4][1138] SELECT pre_cod_asig1,pre_cod_asig2,pre_cod_asig3,pre_cod_asig4,pre_cod_asig5,pre_cod_asig6,pre_cod_asig7 FROM tblaca009_p_int WHERE pensum='5' AND c_uni_ca='6' AND c_asigna='300101' [1][0] OK
C:[16/08/2013 13:55:02.42][201.249.229.4][1182] SELECT par_cod_asig1,par_cod_asig2,par_cod_asig3 FROM tblaca009_p_int WHERE pensum='5' AND c_uni_ca='6' AND c_asigna='300101' [1][0] OK
C:[16/08/2013 13:55:02.65][201.249.229.4][1312] SELECT horas_lab FROM tblaca008 WHERE c_asigna='300101' AND horas_teoricas > 0 [1][0] OK
C:[16/08/2013 13:55:15.23][190.201.175.202][1138] SELECT pre_cod_asig1,pre_cod_asig2,pre_cod_asig3,pre_cod_asig4,pre_cod_asig5,pre_cod_asig6,pre_cod_asig7 FROM tblaca009_p_int WHERE pensum='5' AND c_uni_ca='6' AND c_asigna='300101' [1][0] OK
C:[16/08/2013 13:55:15.49][190.201.175.202][1182] SELECT par_cod_asig1,par_cod_asig2,par_cod_asig3 FROM tblaca009_p_int WHERE pensum='5' AND c_uni_ca='6' AND c_asigna='300101' [1][0] OK
C:[16/08/2013 13:55:15.62][190.201.175.202][1312] SELECT horas_lab FROM tblaca008 WHERE c_asigna='300101' AND horas_teoricas > 0 [1][0] OK
C:[16/08/2013 13:55:19.12][190.201.8.70][1138] SELECT pre_cod_asig1,pre_cod_asig2,pre_cod_asig3,pre_cod_asig4,pre_cod_asig5,pre_cod_asig6,pre_cod_asig7 FROM tblaca009_p_int WHERE pensum='5' AND c_uni_ca='3' AND c_asigna='300112' [1][0] OK
C:[16/08/2013 13:55:19.29][190.201.8.70][1182] SELECT par_cod_asig1,par_cod_asig2,par_cod_asig3 FROM tblaca009_p_int WHERE pensum='5' AND c_uni_ca='3' AND c_asigna='300112' [1][0] OK
C:[16/08/2013 13:55:19.38][190.201.8.70][1312] SELECT horas_lab FROM tblaca008 WHERE c_asigna='300112' AND horas_teoricas > 0 [1][0] OK
C:[16/08/2013 13:55:43.98][200.90.99.102][1138] SELECT pre_cod_asig1,pre_cod_asig2,pre_cod_asig3,pre_cod_asig4,pre_cod_asig5,pre_cod_asig6,pre_cod_asig7 FROM tblaca009_p_int WHERE pensum='5' AND c_uni_ca='2' AND c_asigna='300209' [1][0] OK
C:[16/08/2013 13:55:43.98][200.90.99.102][1151] SELECT c_asigna FROM dace004 WHERE exp_e='11-21248976' AND c_asigna='300101' AND status IN ('0','3','B','C') [1][0] OK
C:[16/08/2013 13:55:43.79][200.90.99.102][1182] SELECT par_cod_asig1,par_cod_asig2,par_cod_asig3 FROM tblaca009_p_int WHERE pensum='5' AND c_uni_ca='2' AND c_asigna='300209' [1][0] OK
C:[16/08/2013 13:55:43.92][200.90.99.102][1312] SELECT horas_lab FROM tblaca008 WHERE c_asigna='300209' AND horas_teoricas > 0 [1][0] OK
C:[16/08/2013 13:56:12.94][190.201.175.202][1138] SELECT pre_cod_asig1,pre_cod_asig2,pre_cod_asig3,pre_cod_asig4,pre_cod_asig5,pre_cod_asig6,pre_cod_asig7 FROM tblaca009_p_int WHERE pensum='5' AND c_uni_ca='3' AND c_asigna='300213' [1][0] OK
C:[16/08/2013 13:56:12.94][190.201.175.202][1151] SELECT c_asigna FROM dace004 WHERE exp_e='10-22587910' AND c_asigna='300101' AND status IN ('0','3','B','C') [1][0] OK
C:[16/08/2013 13:56:12.94][190.201.175.202][1138] SELECT pre_cod_asig1,pre_cod_asig2,pre_cod_asig3,pre_cod_asig4,pre_cod_asig5,pre_cod_asig6,pre_cod_asig7 FROM tblaca009_p_int WHERE pensum='5' AND c_uni_ca='3' AND c_asigna='300222' [1][0] OK
C:[16/08/2013 13:56:12.94][190.201.175.202][1151] SELECT c_asigna FROM dace004 WHERE exp_e='10-22587910' AND c_asigna='300112' AND status IN ('0','3','B','C') [1][0] OK
C:[16/08/2013 13:56:13.00][190.201.175.202][1182] SELECT par_cod_asig1,par_cod_asig2,par_cod_asig3 FROM tblaca009_p_int WHERE pensum='5' AND c_uni_ca='3' AND c_asigna='300213' [1][0] OK
C:[16/08/2013 13:56:13.00][190.201.175.202][1182] SELECT par_cod_asig1,par_cod_asig2,par_cod_asig3 FROM tblaca009_p_int WHERE pensum='5' AND c_uni_ca='3' AND c_asigna='300222' [1][0] OK
C:[16/08/2013 13:56:13.27][190.201.175.202][1312] SELECT horas_lab FROM tblaca008 WHERE c_asigna='300213' AND horas_teoricas > 0 [1][0] OK
C:[16/08/2013 13:56:13.27][190.201.175.202][1312] SELECT horas_lab FROM tblaca008 WHERE c_asigna='300222' AND horas_teoricas > 0 [1][0] OK
C:[16/08/2013 13:56:30.36][190.201.175.202][1138] SELECT pre_cod_asig1,pre_cod_asig2,pre_cod_asig3,pre_cod_asig4,pre_cod_asig5,pre_cod_asig6,pre_cod_asig7 FROM tblaca009_p_int WHERE pensum='5' AND c_uni_ca='4' AND c_asigna='330310' [1][0] OK
C:[16/08/2013 13:56:30.36][190.201.175.202][1151] SELECT c_asigna FROM dace004 WHERE exp_e='12-24482344' AND c_asigna='300013' AND status IN ('0','3','B','C') [1][0] OK
C:[16/08/2013 13:56:30.36][190.201.175.202][1151] SELECT c_asigna FROM dace004 WHERE exp_e='12-24482344' AND c_asigna='300113' AND status IN ('0','3','B','C') [1][0] OK
C:[16/08/2013 13:56:31.29][190.201.175.202][1182] SELECT par_cod_asig1,par_cod_asig2,par_cod_asig3 FROM tblaca009_p_int WHERE pensum='5' AND c_uni_ca='4' AND c_asigna='330310' [1][0] OK
C:[16/08/2013 13:56:31.32][190.201.175.202][1312] SELECT horas_lab FROM tblaca008 WHERE c_asigna='330310' AND horas_teoricas > 0 [1][0] OK
C:[16/08/2013 13:56:44.68][190.39.5.74][1138] SELECT pre_cod_asig1,pre_cod_asig2,pre_cod_asig3,pre_cod_asig4,pre_cod_asig5,pre_cod_asig6,pre_cod_asig7 FROM tblaca009_p_int WHERE pensum='5' AND c_uni_ca='3' AND c_asigna='300101' [1][0] OK
C:[16/08/2013 13:56:44.81][190.39.5.74][1182] SELECT par_cod_asig1,par_cod_asig2,par_cod_asig3 FROM tblaca009_p_int WHERE pensum='5' AND c_uni_ca='3' AND c_asigna='300101' [1][0] OK
C:[16/08/2013 13:56:44.95][190.39.5.74][1312] SELECT horas_lab FROM tblaca008 WHERE c_asigna='300101' AND horas_teoricas > 0 [1][0] OK
C:[16/08/2013 13:56:56.40][190.37.37.142][1138] SELECT pre_cod_asig1,pre_cod_asig2,pre_cod_asig3,pre_cod_asig4,pre_cod_asig5,pre_cod_asig6,pre_cod_asig7 FROM tblaca009_p_int WHERE pensum='5' AND c_uni_ca='3' AND c_asigna='300101' [1][0] OK
C:[16/08/2013 13:56:56.09][190.37.37.142][1182] SELECT par_cod_asig1,par_cod_asig2,par_cod_asig3 FROM tblaca009_p_int WHERE pensum='5' AND c_uni_ca='3' AND c_asigna='300101' [1][0] OK
C:[16/08/2013 13:56:56.32][190.37.37.142][1312] SELECT horas_lab FROM tblaca008 WHERE c_asigna='300101' AND horas_teoricas > 0 [1][0] OK
C:[16/08/2013 13:57:18.17][186.167.243.122][1138] SELECT pre_cod_asig1,pre_cod_asig2,pre_cod_asig3,pre_cod_asig4,pre_cod_asig5,pre_cod_asig6,pre_cod_asig7 FROM tblaca009_p_int WHERE pensum='5' AND c_uni_ca='4' AND c_asigna='300890' [1][0] OK
C:[16/08/2013 13:57:18.86][186.167.243.122][1182] SELECT par_cod_asig1,par_cod_asig2,par_cod_asig3 FROM tblaca009_p_int WHERE pensum='5' AND c_uni_ca='4' AND c_asigna='300890' [1][0] OK
C:[16/08/2013 13:57:18.00][186.167.243.122][1312] SELECT horas_lab FROM tblaca008 WHERE c_asigna='300890' AND horas_teoricas > 0 [1][0] OK
C:[16/08/2013 13:57:46.06][190.216.252.53][1138] SELECT pre_cod_asig1,pre_cod_asig2,pre_cod_asig3,pre_cod_asig4,pre_cod_asig5,pre_cod_asig6,pre_cod_asig7 FROM tblaca009_p_int WHERE pensum='5' AND c_uni_ca='3' AND c_asigna='311823' [1][0] OK
C:[16/08/2013 13:57:46.06][190.216.252.53][1151] SELECT c_asigna FROM dace004 WHERE exp_e='02-16485278' AND c_asigna='311795' AND status IN ('0','3','B','C') [1][0] OK
C:[16/08/2013 13:57:46.87][190.216.252.53][1182] SELECT par_cod_asig1,par_cod_asig2,par_cod_asig3 FROM tblaca009_p_int WHERE pensum='5' AND c_uni_ca='3' AND c_asigna='311823' [1][0] OK
C:[16/08/2013 13:57:47.01][190.216.252.53][1312] SELECT horas_lab FROM tblaca008 WHERE c_asigna='311823' AND horas_teoricas > 0 [1][0] OK
C:[16/08/2013 13:58:14.59][186.167.243.91][1138] SELECT pre_cod_asig1,pre_cod_asig2,pre_cod_asig3,pre_cod_asig4,pre_cod_asig5,pre_cod_asig6,pre_cod_asig7 FROM tblaca009_p_int WHERE pensum='5' AND c_uni_ca='2' AND c_asigna='322702' [1][0] OK
C:[16/08/2013 13:58:14.59][186.167.243.91][1151] SELECT c_asigna FROM dace004 WHERE exp_e='05-14407396' AND c_asigna='322683' AND status IN ('0','3','B','C') [1][0] OK
C:[16/08/2013 13:58:14.59][186.167.243.91][1138] SELECT pre_cod_asig1,pre_cod_asig2,pre_cod_asig3,pre_cod_asig4,pre_cod_asig5,pre_cod_asig6,pre_cod_asig7 FROM tblaca009_p_int WHERE pensum='5' AND c_uni_ca='2' AND c_asigna='322780' [1][0] OK
C:[16/08/2013 13:58:14.59][186.167.243.91][1151] SELECT c_asigna FROM dace004 WHERE exp_e='05-14407396' AND c_asigna='322678' AND status IN ('0','3','B','C') [1][0] OK
C:[16/08/2013 13:58:14.67][186.167.243.91][1182] SELECT par_cod_asig1,par_cod_asig2,par_cod_asig3 FROM tblaca009_p_int WHERE pensum='5' AND c_uni_ca='2' AND c_asigna='322702' [1][0] OK
C:[16/08/2013 13:58:14.67][186.167.243.91][1182] SELECT par_cod_asig1,par_cod_asig2,par_cod_asig3 FROM tblaca009_p_int WHERE pensum='5' AND c_uni_ca='2' AND c_asigna='322780' [1][0] OK
C:[16/08/2013 13:58:14.90][186.167.243.91][1312] SELECT horas_lab FROM tblaca008 WHERE c_asigna='322702' AND horas_teoricas > 0 [1][0] OK
C:[16/08/2013 13:58:14.90][186.167.243.91][1312] SELECT horas_lab FROM tblaca008 WHERE c_asigna='322780' AND horas_teoricas > 0 [1][0] OK
C:[16/08/2013 13:58:19.32][190.38.221.4][1138] SELECT pre_cod_asig1,pre_cod_asig2,pre_cod_asig3,pre_cod_asig4,pre_cod_asig5,pre_cod_asig6,pre_cod_asig7 FROM tblaca009_p_int WHERE pensum='5' AND c_uni_ca='3' AND c_asigna='300101' [1][0] OK
C:[16/08/2013 13:58:19.45][190.38.221.4][1182] SELECT par_cod_asig1,par_cod_asig2,par_cod_asig3 FROM tblaca009_p_int WHERE pensum='5' AND c_uni_ca='3' AND c_asigna='300101' [1][0] OK
C:[16/08/2013 13:58:19.58][190.38.221.4][1312] SELECT horas_lab FROM tblaca008 WHERE c_asigna='300101' AND horas_teoricas > 0 [1][0] OK
C:[16/08/2013 13:58:30.04][190.204.212.167][1138] SELECT pre_cod_asig1,pre_cod_asig2,pre_cod_asig3,pre_cod_asig4,pre_cod_asig5,pre_cod_asig6,pre_cod_asig7 FROM tblaca009_p_int WHERE pensum='5' AND c_uni_ca='2' AND c_asigna='300101' [1][0] OK
C:[16/08/2013 13:58:30.75][190.204.212.167][1182] SELECT par_cod_asig1,par_cod_asig2,par_cod_asig3 FROM tblaca009_p_int WHERE pensum='5' AND c_uni_ca='2' AND c_asigna='300101' [1][0] OK
C:[16/08/2013 13:58:30.96][190.204.212.167][1312] SELECT horas_lab FROM tblaca008 WHERE c_asigna='300101' AND horas_teoricas > 0 [1][0] OK
C:[16/08/2013 13:58:45.10][190.201.1.101][1138] SELECT pre_cod_asig1,pre_cod_asig2,pre_cod_asig3,pre_cod_asig4,pre_cod_asig5,pre_cod_asig6,pre_cod_asig7 FROM tblaca009_p_int WHERE pensum='5' AND c_uni_ca='4' AND c_asigna='333639' [1][0] OK
C:[16/08/2013 13:58:45.10][190.201.1.101][1151] SELECT c_asigna FROM dace004 WHERE exp_e='08-19688147' AND c_asigna='333585' AND status IN ('0','3','B','C') [1][0] OK
C:[16/08/2013 13:58:45.10][190.201.1.101][1138] SELECT pre_cod_asig1,pre_cod_asig2,pre_cod_asig3,pre_cod_asig4,pre_cod_asig5,pre_cod_asig6,pre_cod_asig7 FROM tblaca009_p_int WHERE pensum='5' AND c_uni_ca='4' AND c_asigna='333838' [1][0] OK
C:[16/08/2013 13:58:45.10][190.201.1.101][1151] SELECT c_asigna FROM dace004 WHERE exp_e='08-19688147' AND c_asigna='333563' AND status IN ('0','3','B','C') [1][0] OK
C:[16/08/2013 13:58:45.10][190.201.1.101][1151] SELECT c_asigna FROM dace004 WHERE exp_e='08-19688147' AND c_asigna='333683' AND status IN ('0','3','B','C') [1][0] OK
C:[16/08/2013 13:58:45.28][190.201.1.101][1182] SELECT par_cod_asig1,par_cod_asig2,par_cod_asig3 FROM tblaca009_p_int WHERE pensum='5' AND c_uni_ca='4' AND c_asigna='333639' [1][0] OK
C:[16/08/2013 13:58:45.28][190.201.1.101][1182] SELECT par_cod_asig1,par_cod_asig2,par_cod_asig3 FROM tblaca009_p_int WHERE pensum='5' AND c_uni_ca='4' AND c_asigna='333838' [1][0] OK
C:[16/08/2013 13:58:45.54][190.201.1.101][1312] SELECT horas_lab FROM tblaca008 WHERE c_asigna='333639' AND horas_teoricas > 0 [1][0] OK
C:[16/08/2013 13:58:45.54][190.201.1.101][1312] SELECT horas_lab FROM tblaca008 WHERE c_asigna='333838' AND horas_teoricas > 0 [1][0] OK
C:[16/08/2013 13:58:49.90][190.199.88.72][1138] SELECT pre_cod_asig1,pre_cod_asig2,pre_cod_asig3,pre_cod_asig4,pre_cod_asig5,pre_cod_asig6,pre_cod_asig7 FROM tblaca009_p_int WHERE pensum='5' AND c_uni_ca='2' AND c_asigna='300209' [1][0] OK
C:[16/08/2013 13:58:49.90][190.199.88.72][1151] SELECT c_asigna FROM dace004 WHERE exp_e='12-25937705' AND c_asigna='300101' AND status IN ('0','3','B','C') [1][0] OK
C:[16/08/2013 13:58:49.05][190.199.88.72][1182] SELECT par_cod_asig1,par_cod_asig2,par_cod_asig3 FROM tblaca009_p_int WHERE pensum='5' AND c_uni_ca='2' AND c_asigna='300209' [1][0] OK
C:[16/08/2013 13:58:49.19][190.199.88.72][1312] SELECT horas_lab FROM tblaca008 WHERE c_asigna='300209' AND horas_teoricas > 0 [1][0] OK
C:[16/08/2013 13:59:39.63][190.205.6.172][1138] SELECT pre_cod_asig1,pre_cod_asig2,pre_cod_asig3,pre_cod_asig4,pre_cod_asig5,pre_cod_asig6,pre_cod_asig7 FROM tblaca009_p_int WHERE pensum='5' AND c_uni_ca='5' AND c_asigna='355722' [1][0] OK
C:[16/08/2013 13:59:39.63][190.205.6.172][1151] SELECT c_asigna FROM dace004 WHERE exp_e='09-20035960' AND c_asigna='355691' AND status IN ('0','3','B','C') [1][0] OK
C:[16/08/2013 13:59:39.63][190.205.6.172][1151] SELECT c_asigna FROM dace004 WHERE exp_e='09-20035960' AND c_asigna='355595' AND status IN ('0','3','B','C') [1][0] OK
C:[16/08/2013 13:59:39.46][190.205.6.172][1182] SELECT par_cod_asig1,par_cod_asig2,par_cod_asig3 FROM tblaca009_p_int WHERE pensum='5' AND c_uni_ca='5' AND c_asigna='355722' [1][0] OK
C:[16/08/2013 13:59:39.61][190.205.6.172][1312] SELECT horas_lab FROM tblaca008 WHERE c_asigna='355722' AND horas_teoricas > 0 [1][0] OK
C:[16/08/2013 13:59:40.36][190.201.175.202][1138] SELECT pre_cod_asig1,pre_cod_asig2,pre_cod_asig3,pre_cod_asig4,pre_cod_asig5,pre_cod_asig6,pre_cod_asig7 FROM tblaca009_p_int WHERE pensum='5' AND c_uni_ca='5' AND c_asigna='300228' [1][0] OK
C:[16/08/2013 13:59:40.36][190.201.175.202][1151] SELECT c_asigna FROM dace004 WHERE exp_e='11-25397880' AND c_asigna='300101' AND status IN ('0','3','B','C') [1][0] OK
C:[16/08/2013 13:59:40.61][190.201.175.202][1182] SELECT par_cod_asig1,par_cod_asig2,par_cod_asig3 FROM tblaca009_p_int WHERE pensum='5' AND c_uni_ca='5' AND c_asigna='300228' [1][0] OK
C:[16/08/2013 13:59:40.75][190.201.175.202][1312] SELECT horas_lab FROM tblaca008 WHERE c_asigna='300228' AND horas_teoricas > 0 [1][0] OK
C:[16/08/2013 13:59:46.35][186.90.186.143][1138] SELECT pre_cod_asig1,pre_cod_asig2,pre_cod_asig3,pre_cod_asig4,pre_cod_asig5,pre_cod_asig6,pre_cod_asig7 FROM tblaca009_p_int WHERE pensum='5' AND c_uni_ca='5' AND c_asigna='355693' [1][0] OK
C:[16/08/2013 13:59:46.35][186.90.186.143][1151] SELECT c_asigna FROM dace004 WHERE exp_e='05-18452539' AND c_asigna='355572' AND status IN ('0','3','B','C') [1][0] OK
C:[16/08/2013 13:59:46.35][186.90.186.143][1151] SELECT c_asigna FROM dace004 WHERE exp_e='05-18452539' AND c_asigna='352440' AND status IN ('0','3','B','C') [1][0] OK
C:[16/08/2013 13:59:46.35][186.90.186.143][1151] SELECT c_asigna FROM dace004 WHERE exp_e='05-18452539' AND c_asigna='355573' AND status IN ('0','3','B','C') [1][0] OK
C:[16/08/2013 13:59:46.85][186.90.186.143][1182] SELECT par_cod_asig1,par_cod_asig2,par_cod_asig3 FROM tblaca009_p_int WHERE pensum='5' AND c_uni_ca='5' AND c_asigna='355693' [1][0] OK
C:[16/08/2013 13:59:46.99][186.90.186.143][1312] SELECT horas_lab FROM tblaca008 WHERE c_asigna='355693' AND horas_teoricas > 0 [1][0] OK
C:[16/08/2013 13:59:46.56][190.77.213.252][1138] SELECT pre_cod_asig1,pre_cod_asig2,pre_cod_asig3,pre_cod_asig4,pre_cod_asig5,pre_cod_asig6,pre_cod_asig7 FROM tblaca009_p_int WHERE pensum='5' AND c_uni_ca='4' AND c_asigna='330310' [1][0] OK
C:[16/08/2013 13:59:46.56][190.77.213.252][1151] SELECT c_asigna FROM dace004 WHERE exp_e='12-24411198' AND c_asigna='300013' AND status IN ('0','3','B','C') [1][0] OK
C:[16/08/2013 13:59:46.56][190.77.213.252][1151] SELECT c_asigna FROM dace004 WHERE exp_e='12-24411198' AND c_asigna='300113' AND status IN ('0','3','B','C') [1][0] OK
C:[16/08/2013 13:59:46.03][190.77.213.252][1182] SELECT par_cod_asig1,par_cod_asig2,par_cod_asig3 FROM tblaca009_p_int WHERE pensum='5' AND c_uni_ca='4' AND c_asigna='330310' [1][0] OK
C:[16/08/2013 13:59:47.08][190.77.213.252][1312] SELECT horas_lab FROM tblaca008 WHERE c_asigna='330310' AND horas_teoricas > 0 [1][0] OK
C:[16/08/2013 14:00:07.61][190.206.228.220][1138] SELECT pre_cod_asig1,pre_cod_asig2,pre_cod_asig3,pre_cod_asig4,pre_cod_asig5,pre_cod_asig6,pre_cod_asig7 FROM tblaca009_p_int WHERE pensum='5' AND c_uni_ca='5' AND c_asigna='300112' [1][0] OK
C:[16/08/2013 14:00:07.61][190.206.228.220][1138] SELECT pre_cod_asig1,pre_cod_asig2,pre_cod_asig3,pre_cod_asig4,pre_cod_asig5,pre_cod_asig6,pre_cod_asig7 FROM tblaca009_p_int WHERE pensum='5' AND c_uni_ca='5' AND c_asigna='300116' [1][0] OK
C:[16/08/2013 14:00:07.89][190.206.228.220][1182] SELECT par_cod_asig1,par_cod_asig2,par_cod_asig3 FROM tblaca009_p_int WHERE pensum='5' AND c_uni_ca='5' AND c_asigna='300112' [1][0] OK
C:[16/08/2013 14:00:07.89][190.206.228.220][1182] SELECT par_cod_asig1,par_cod_asig2,par_cod_asig3 FROM tblaca009_p_int WHERE pensum='5' AND c_uni_ca='5' AND c_asigna='300116' [1][0] OK
C:[16/08/2013 14:00:07.15][190.206.228.220][1312] SELECT horas_lab FROM tblaca008 WHERE c_asigna='300112' AND horas_teoricas > 0 [1][0] OK
C:[16/08/2013 14:00:07.15][190.206.228.220][1312] SELECT horas_lab FROM tblaca008 WHERE c_asigna='300116' AND horas_teoricas > 0 [1][0] OK
C:[16/08/2013 14:00:18.15][190.38.208.2][1138] SELECT pre_cod_asig1,pre_cod_asig2,pre_cod_asig3,pre_cod_asig4,pre_cod_asig5,pre_cod_asig6,pre_cod_asig7 FROM tblaca009_p_int WHERE pensum='5' AND c_uni_ca='6' AND c_asigna='344688' [1][0] OK
C:[16/08/2013 14:00:18.15][190.38.208.2][1151] SELECT c_asigna FROM dace004 WHERE exp_e='08-20037992' AND c_asigna='344565' AND status IN ('0','3','B','C') [1][0] OK
C:[16/08/2013 14:00:18.15][190.38.208.2][1138] SELECT pre_cod_asig1,pre_cod_asig2,pre_cod_asig3,pre_cod_asig4,pre_cod_asig5,pre_cod_asig6,pre_cod_asig7 FROM tblaca009_p_int WHERE pensum='5' AND c_uni_ca='6' AND c_asigna='344733' [1][0] OK
C:[16/08/2013 14:00:18.53][190.38.208.2][1182] SELECT par_cod_asig1,par_cod_asig2,par_cod_asig3 FROM tblaca009_p_int WHERE pensum='5' AND c_uni_ca='6' AND c_asigna='344688' [1][0] OK
C:[16/08/2013 14:00:18.53][190.38.208.2][1182] SELECT par_cod_asig1,par_cod_asig2,par_cod_asig3 FROM tblaca009_p_int WHERE pensum='5' AND c_uni_ca='6' AND c_asigna='344733' [1][0] OK
C:[16/08/2013 14:00:18.78][190.38.208.2][1312] SELECT horas_lab FROM tblaca008 WHERE c_asigna='344688' AND horas_teoricas > 0 [1][0] OK
C:[16/08/2013 14:00:18.78][190.38.208.2][1312] SELECT horas_lab FROM tblaca008 WHERE c_asigna='344733' AND horas_teoricas > 0 [1][0] OK
C:[16/08/2013 14:00:20.21][190.73.134.200][1138] SELECT pre_cod_asig1,pre_cod_asig2,pre_cod_asig3,pre_cod_asig4,pre_cod_asig5,pre_cod_asig6,pre_cod_asig7 FROM tblaca009_p_int WHERE pensum='5' AND c_uni_ca='5' AND c_asigna='300228' [1][0] OK
C:[16/08/2013 14:00:20.21][190.73.134.200][1151] SELECT c_asigna FROM dace004 WHERE exp_e='10-22587149' AND c_asigna='300101' AND status IN ('0','3','B','C') [1][0] OK
C:[16/08/2013 14:00:20.46][190.73.134.200][1182] SELECT par_cod_asig1,par_cod_asig2,par_cod_asig3 FROM tblaca009_p_int WHERE pensum='5' AND c_uni_ca='5' AND c_asigna='300228' [1][0] OK
C:[16/08/2013 14:00:20.51][190.73.134.200][1312] SELECT horas_lab FROM tblaca008 WHERE c_asigna='300228' AND horas_teoricas > 0 [1][0] OK
C:[16/08/2013 14:00:24.03][190.207.36.22][1138] SELECT pre_cod_asig1,pre_cod_asig2,pre_cod_asig3,pre_cod_asig4,pre_cod_asig5,pre_cod_asig6,pre_cod_asig7 FROM tblaca009_p_int WHERE pensum='5' AND c_uni_ca='5' AND c_asigna='351451' [1][0] OK
C:[16/08/2013 14:00:24.03][190.207.36.22][1151] SELECT c_asigna FROM dace004 WHERE exp_e='09-20506101' AND c_asigna='351330' AND status IN ('0','3','B','C') [1][0] OK
C:[16/08/2013 14:00:24.03][190.207.36.22][1151] SELECT c_asigna FROM dace004 WHERE exp_e='09-20506101' AND c_asigna='355350' AND status IN ('0','3','B','C') [1][0] OK
C:[16/08/2013 14:00:24.03][190.207.36.22][1151] SELECT c_asigna FROM dace004 WHERE exp_e='09-20506101' AND c_asigna='300318' AND status IN ('0','3','B','C') [1][0] OK
C:[16/08/2013 14:00:24.03][190.207.36.22][1138] SELECT pre_cod_asig1,pre_cod_asig2,pre_cod_asig3,pre_cod_asig4,pre_cod_asig5,pre_cod_asig6,pre_cod_asig7 FROM tblaca009_p_int WHERE pensum='5' AND c_uni_ca='5' AND c_asigna='355571' [1][0] OK
C:[16/08/2013 14:00:24.03][190.207.36.22][1151] SELECT c_asigna FROM dace004 WHERE exp_e='09-20506101' AND c_asigna='355447' AND status IN ('0','3','B','C') [1][0] OK
C:[16/08/2013 14:00:24.78][190.207.36.22][1182] SELECT par_cod_asig1,par_cod_asig2,par_cod_asig3 FROM tblaca009_p_int WHERE pensum='5' AND c_uni_ca='5' AND c_asigna='351451' [1][0] OK
C:[16/08/2013 14:00:24.78][190.207.36.22][1182] SELECT par_cod_asig1,par_cod_asig2,par_cod_asig3 FROM tblaca009_p_int WHERE pensum='5' AND c_uni_ca='5' AND c_asigna='355571' [1][0] OK
C:[16/08/2013 14:00:24.13][190.207.36.22][1312] SELECT horas_lab FROM tblaca008 WHERE c_asigna='351451' AND horas_teoricas > 0 [1][0] OK
C:[16/08/2013 14:00:24.13][190.207.36.22][1312] SELECT horas_lab FROM tblaca008 WHERE c_asigna='355571' AND horas_teoricas > 0 [1][0] OK
C:[16/08/2013 14:00:32.24][190.201.175.202][1138] SELECT pre_cod_asig1,pre_cod_asig2,pre_cod_asig3,pre_cod_asig4,pre_cod_asig5,pre_cod_asig6,pre_cod_asig7 FROM tblaca009_p_int WHERE pensum='5' AND c_uni_ca='4' AND c_asigna='300222' [1][0] OK
C:[16/08/2013 14:00:32.24][190.201.175.202][1151] SELECT c_asigna FROM dace004 WHERE exp_e='09-21196098' AND c_asigna='300112' AND status IN ('0','3','B','C') [1][0] OK
C:[16/08/2013 14:00:32.24][190.201.175.202][1138] SELECT pre_cod_asig1,pre_cod_asig2,pre_cod_asig3,pre_cod_asig4,pre_cod_asig5,pre_cod_asig6,pre_cod_asig7 FROM tblaca009_p_int WHERE pensum='5' AND c_uni_ca='4' AND c_asigna='300228' [1][0] OK
C:[16/08/2013 14:00:32.24][190.201.175.202][1151] SELECT c_asigna FROM dace004 WHERE exp_e='09-21196098' AND c_asigna='300101' AND status IN ('0','3','B','C') [1][0] OK
C:[16/08/2013 14:00:32.84][190.201.175.202][1182] SELECT par_cod_asig1,par_cod_asig2,par_cod_asig3 FROM tblaca009_p_int WHERE pensum='5' AND c_uni_ca='4' AND c_asigna='300222' [1][0] OK
C:[16/08/2013 14:00:32.84][190.201.175.202][1182] SELECT par_cod_asig1,par_cod_asig2,par_cod_asig3 FROM tblaca009_p_int WHERE pensum='5' AND c_uni_ca='4' AND c_asigna='300228' [1][0] OK
C:[16/08/2013 14:00:32.13][190.201.175.202][1312] SELECT horas_lab FROM tblaca008 WHERE c_asigna='300222' AND horas_teoricas > 0 [1][0] OK
C:[16/08/2013 14:00:32.13][190.201.175.202][1312] SELECT horas_lab FROM tblaca008 WHERE c_asigna='300228' AND horas_teoricas > 0 [1][0] OK
C:[16/08/2013 14:00:32.33][74.82.68.161][1138] SELECT pre_cod_asig1,pre_cod_asig2,pre_cod_asig3,pre_cod_asig4,pre_cod_asig5,pre_cod_asig6,pre_cod_asig7 FROM tblaca009_p_int WHERE pensum='5' AND c_uni_ca='4' AND c_asigna='300209' [1][0] OK
C:[16/08/2013 14:00:32.33][74.82.68.161][1151] SELECT c_asigna FROM dace004 WHERE exp_e='10-20507845' AND c_asigna='300101' AND status IN ('0','3','B','C') [1][0] OK
C:[16/08/2013 14:00:32.58][74.82.68.161][1182] SELECT par_cod_asig1,par_cod_asig2,par_cod_asig3 FROM tblaca009_p_int WHERE pensum='5' AND c_uni_ca='4' AND c_asigna='300209' [1][0] OK
C:[16/08/2013 14:00:32.72][74.82.68.161][1312] SELECT horas_lab FROM tblaca008 WHERE c_asigna='300209' AND horas_teoricas > 0 [1][0] OK
C:[16/08/2013 14:00:34.83][190.36.21.96][1138] SELECT pre_cod_asig1,pre_cod_asig2,pre_cod_asig3,pre_cod_asig4,pre_cod_asig5,pre_cod_asig6,pre_cod_asig7 FROM tblaca009_p_int WHERE pensum='5' AND c_uni_ca='6' AND c_asigna='344715' [1][0] OK
C:[16/08/2013 14:00:34.83][190.36.21.96][1151] SELECT c_asigna FROM dace004 WHERE exp_e='07-20036331' AND c_asigna='344688' AND status IN ('0','3','B','C') [1][0] OK
C:[16/08/2013 14:00:34.83][190.36.21.96][1151] SELECT c_asigna FROM dace004 WHERE exp_e='07-20036331' AND c_asigna='344613' AND status IN ('0','3','B','C') [1][0] OK
C:[16/08/2013 14:00:34.07][190.36.21.96][1182] SELECT par_cod_asig1,par_cod_asig2,par_cod_asig3 FROM tblaca009_p_int WHERE pensum='5' AND c_uni_ca='6' AND c_asigna='344715' [1][0] OK
C:[16/08/2013 14:00:34.21][190.36.21.96][1312] SELECT horas_lab FROM tblaca008 WHERE c_asigna='344715' AND horas_teoricas > 0 [1][0] OK
C:[16/08/2013 14:00:39.51][190.201.175.202][1138] SELECT pre_cod_asig1,pre_cod_asig2,pre_cod_asig3,pre_cod_asig4,pre_cod_asig5,pre_cod_asig6,pre_cod_asig7 FROM tblaca009_p_int WHERE pensum='5' AND c_uni_ca='5' AND c_asigna='300207' [1][0] OK
C:[16/08/2013 14:00:39.51][190.201.175.202][1151] SELECT c_asigna FROM dace004 WHERE exp_e='12-25081425' AND c_asigna='300101' AND status IN ('0','3','B','C') [1][0] OK
C:[16/08/2013 14:00:39.76][190.201.175.202][1182] SELECT par_cod_asig1,par_cod_asig2,par_cod_asig3 FROM tblaca009_p_int WHERE pensum='5' AND c_uni_ca='5' AND c_asigna='300207' [1][0] OK
C:[16/08/2013 14:00:39.89][190.201.175.202][1312] SELECT horas_lab FROM tblaca008 WHERE c_asigna='300207' AND horas_teoricas > 0 [1][0] OK
C:[16/08/2013 14:00:42.33][186.167.243.122][1138] SELECT pre_cod_asig1,pre_cod_asig2,pre_cod_asig3,pre_cod_asig4,pre_cod_asig5,pre_cod_asig6,pre_cod_asig7 FROM tblaca009_p_int WHERE pensum='5' AND c_uni_ca='4' AND c_asigna='333809' [1][0] OK
C:[16/08/2013 14:00:42.33][186.167.243.122][1151] SELECT c_asigna FROM dace004 WHERE exp_e='08-20255327' AND c_asigna='333683' AND status IN ('0','3','B','C') [1][0] OK
C:[16/08/2013 14:00:42.33][186.167.243.122][1151] SELECT c_asigna FROM dace004 WHERE exp_e='08-20255327' AND c_asigna='333710' AND status IN ('0','3','B','C') [1][0] OK
C:[16/08/2013 14:00:42.33][186.167.243.122][1138] SELECT pre_cod_asig1,pre_cod_asig2,pre_cod_asig3,pre_cod_asig4,pre_cod_asig5,pre_cod_asig6,pre_cod_asig7 FROM tblaca009_p_int WHERE pensum='5' AND c_uni_ca='4' AND c_asigna='300890' [1][0] OK
C:[16/08/2013 14:00:42.83][186.167.243.122][1182] SELECT par_cod_asig1,par_cod_asig2,par_cod_asig3 FROM tblaca009_p_int WHERE pensum='5' AND c_uni_ca='4' AND c_asigna='333809' [1][0] OK
C:[16/08/2013 14:00:42.83][186.167.243.122][1182] SELECT par_cod_asig1,par_cod_asig2,par_cod_asig3 FROM tblaca009_p_int WHERE pensum='5' AND c_uni_ca='4' AND c_asigna='300890' [1][0] OK
C:[16/08/2013 14:00:42.10][186.167.243.122][1312] SELECT horas_lab FROM tblaca008 WHERE c_asigna='333809' AND horas_teoricas > 0 [1][0] OK
C:[16/08/2013 14:00:42.10][186.167.243.122][1312] SELECT horas_lab FROM tblaca008 WHERE c_asigna='300890' AND horas_teoricas > 0 [1][0] OK
C:[16/08/2013 14:00:56.37][190.201.175.202][1138] SELECT pre_cod_asig1,pre_cod_asig2,pre_cod_asig3,pre_cod_asig4,pre_cod_asig5,pre_cod_asig6,pre_cod_asig7 FROM tblaca009_p_int WHERE pensum='5' AND c_uni_ca='4' AND c_asigna='300207' [1][0] OK
C:[16/08/2013 14:00:56.37][190.201.175.202][1151] SELECT c_asigna FROM dace004 WHERE exp_e='11-20223051' AND c_asigna='300101' AND status IN ('0','3','B','C') [1][0] OK
C:[16/08/2013 14:00:56.18][190.201.175.202][1182] SELECT par_cod_asig1,par_cod_asig2,par_cod_asig3 FROM tblaca009_p_int WHERE pensum='5' AND c_uni_ca='4' AND c_asigna='300207' [1][0] OK
C:[16/08/2013 14:00:56.32][190.201.175.202][1312] SELECT horas_lab FROM tblaca008 WHERE c_asigna='300207' AND horas_teoricas > 0 [1][0] OK
C:[16/08/2013 14:01:21.87][190.39.5.74][1138] SELECT pre_cod_asig1,pre_cod_asig2,pre_cod_asig3,pre_cod_asig4,pre_cod_asig5,pre_cod_asig6,pre_cod_asig7 FROM tblaca009_p_int WHERE pensum='5' AND c_uni_ca='2' AND c_asigna='300101' [1][0] OK
C:[16/08/2013 14:01:21.46][190.39.5.74][1182] SELECT par_cod_asig1,par_cod_asig2,par_cod_asig3 FROM tblaca009_p_int WHERE pensum='5' AND c_uni_ca='2' AND c_asigna='300101' [1][0] OK
C:[16/08/2013 14:01:21.59][190.39.5.74][1312] SELECT horas_lab FROM tblaca008 WHERE c_asigna='300101' AND horas_teoricas > 0 [1][0] OK
C:[16/08/2013 14:01:24.65][190.201.175.202][1138] SELECT pre_cod_asig1,pre_cod_asig2,pre_cod_asig3,pre_cod_asig4,pre_cod_asig5,pre_cod_asig6,pre_cod_asig7 FROM tblaca009_p_int WHERE pensum='5' AND c_uni_ca='5' AND c_asigna='351330' [1][0] OK
C:[16/08/2013 14:01:24.65][190.201.175.202][1151] SELECT c_asigna FROM dace004 WHERE exp_e='11-23501967' AND c_asigna='300218' AND status IN ('0','3','B','C') [1][0] OK
C:[16/08/2013 14:01:24.65][190.201.175.202][1138] SELECT pre_cod_asig1,pre_cod_asig2,pre_cod_asig3,pre_cod_asig4,pre_cod_asig5,pre_cod_asig6,pre_cod_asig7 FROM tblaca009_p_int WHERE pensum='5' AND c_uni_ca='5' AND c_asigna='300428' [1][0] OK
C:[16/08/2013 14:01:24.65][190.201.175.202][1151] SELECT c_asigna FROM dace004 WHERE exp_e='11-23501967' AND c_asigna='300317' AND status IN ('0','3','B','C') [1][0] OK
C:[16/08/2013 14:01:24.29][190.201.175.202][1182] SELECT par_cod_asig1,par_cod_asig2,par_cod_asig3 FROM tblaca009_p_int WHERE pensum='5' AND c_uni_ca='5' AND c_asigna='351330' [1][0] OK
C:[16/08/2013 14:01:24.29][190.201.175.202][1196] SELECT c_asigna FROM dace004 WHERE exp_e='11-23501967' AND c_asigna='300317' AND status IN ('0','3','B','C') [1][0] OK
C:[16/08/2013 14:01:24.29][190.201.175.202][1182] SELECT par_cod_asig1,par_cod_asig2,par_cod_asig3 FROM tblaca009_p_int WHERE pensum='5' AND c_uni_ca='5' AND c_asigna='300428' [1][0] OK
C:[16/08/2013 14:01:24.66][190.201.175.202][1312] SELECT horas_lab FROM tblaca008 WHERE c_asigna='351330' AND horas_teoricas > 0 [1][0] OK
C:[16/08/2013 14:01:24.66][190.201.175.202][1312] SELECT horas_lab FROM tblaca008 WHERE c_asigna='300428' AND horas_teoricas > 0 [1][0] OK
C:[16/08/2013 14:01:28.41][190.94.239.178][1138] SELECT pre_cod_asig1,pre_cod_asig2,pre_cod_asig3,pre_cod_asig4,pre_cod_asig5,pre_cod_asig6,pre_cod_asig7 FROM tblaca009_p_int WHERE pensum='5' AND c_uni_ca='4' AND c_asigna='333809' [1][0] OK
C:[16/08/2013 14:01:28.41][190.94.239.178][1151] SELECT c_asigna FROM dace004 WHERE exp_e='09-23701022' AND c_asigna='333683' AND status IN ('0','3','B','C') [1][0] OK
C:[16/08/2013 14:01:28.41][190.94.239.178][1151] SELECT c_asigna FROM dace004 WHERE exp_e='09-23701022' AND c_asigna='333710' AND status IN ('0','3','B','C') [1][0] OK
C:[16/08/2013 14:01:28.78][190.94.239.178][1182] SELECT par_cod_asig1,par_cod_asig2,par_cod_asig3 FROM tblaca009_p_int WHERE pensum='5' AND c_uni_ca='4' AND c_asigna='333809' [1][0] OK
C:[16/08/2013 14:01:28.93][190.94.239.178][1312] SELECT horas_lab FROM tblaca008 WHERE c_asigna='333809' AND horas_teoricas > 0 [1][0] OK
C:[16/08/2013 14:01:36.70][190.201.175.202][1138] SELECT pre_cod_asig1,pre_cod_asig2,pre_cod_asig3,pre_cod_asig4,pre_cod_asig5,pre_cod_asig6,pre_cod_asig7 FROM tblaca009_p_int WHERE pensum='5' AND c_uni_ca='3' AND c_asigna='312333' [1][0] OK
C:[16/08/2013 14:01:36.70][190.201.175.202][1151] SELECT c_asigna FROM dace004 WHERE exp_e='11-24037407' AND c_asigna='300228' AND status IN ('0','3','B','C') [1][0] OK
C:[16/08/2013 14:01:36.96][190.201.175.202][1182] SELECT par_cod_asig1,par_cod_asig2,par_cod_asig3 FROM tblaca009_p_int WHERE pensum='5' AND c_uni_ca='3' AND c_asigna='312333' [1][0] OK
C:[16/08/2013 14:01:36.09][190.201.175.202][1312] SELECT horas_lab FROM tblaca008 WHERE c_asigna='312333' AND horas_teoricas > 0 [1][0] OK
C:[16/08/2013 14:02:04.24][190.39.5.74][1138] SELECT pre_cod_asig1,pre_cod_asig2,pre_cod_asig3,pre_cod_asig4,pre_cod_asig5,pre_cod_asig6,pre_cod_asig7 FROM tblaca009_p_int WHERE pensum='5' AND c_uni_ca='2' AND c_asigna='300112' [1][0] OK
C:[16/08/2013 14:02:04.24][190.39.5.74][1138] SELECT pre_cod_asig1,pre_cod_asig2,pre_cod_asig3,pre_cod_asig4,pre_cod_asig5,pre_cod_asig6,pre_cod_asig7 FROM tblaca009_p_int WHERE pensum='5' AND c_uni_ca='2' AND c_asigna='300113' [1][0] OK
C:[16/08/2013 14:02:04.05][190.39.5.74][1182] SELECT par_cod_asig1,par_cod_asig2,par_cod_asig3 FROM tblaca009_p_int WHERE pensum='5' AND c_uni_ca='2' AND c_asigna='300112' [1][0] OK
C:[16/08/2013 14:02:04.05][190.39.5.74][1182] SELECT par_cod_asig1,par_cod_asig2,par_cod_asig3 FROM tblaca009_p_int WHERE pensum='5' AND c_uni_ca='2' AND c_asigna='300113' [1][0] OK
C:[16/08/2013 14:02:04.05][190.39.5.74][1196] SELECT c_asigna FROM dace004 WHERE exp_e='10-21091369' AND c_asigna='300013' AND status IN ('0','3','B','C') [1][0] OK
C:[16/08/2013 14:02:04.44][190.39.5.74][1312] SELECT horas_lab FROM tblaca008 WHERE c_asigna='300112' AND horas_teoricas > 0 [1][0] OK
C:[16/08/2013 14:02:04.44][190.39.5.74][1312] SELECT horas_lab FROM tblaca008 WHERE c_asigna='300113' AND horas_teoricas > 0 [0][0] OK
C:[16/08/2013 14:02:17.23][186.167.243.20][1138] SELECT pre_cod_asig1,pre_cod_asig2,pre_cod_asig3,pre_cod_asig4,pre_cod_asig5,pre_cod_asig6,pre_cod_asig7 FROM tblaca009_p_int WHERE pensum='5' AND c_uni_ca='4' AND c_asigna='300222' [1][0] OK
C:[16/08/2013 14:02:17.23][186.167.243.20][1151] SELECT c_asigna FROM dace004 WHERE exp_e='12-23498236' AND c_asigna='300112' AND status IN ('0','3','B','C') [1][0] OK
C:[16/08/2013 14:02:17.48][186.167.243.20][1182] SELECT par_cod_asig1,par_cod_asig2,par_cod_asig3 FROM tblaca009_p_int WHERE pensum='5' AND c_uni_ca='4' AND c_asigna='300222' [1][0] OK
C:[16/08/2013 14:02:17.62][186.167.243.20][1312] SELECT horas_lab FROM tblaca008 WHERE c_asigna='300222' AND horas_teoricas > 0 [1][0] OK
C:[16/08/2013 14:02:17.59][190.39.5.74][1138] SELECT pre_cod_asig1,pre_cod_asig2,pre_cod_asig3,pre_cod_asig4,pre_cod_asig5,pre_cod_asig6,pre_cod_asig7 FROM tblaca009_p_int WHERE pensum='5' AND c_uni_ca='6' AND c_asigna='300112' [1][0] OK
C:[16/08/2013 14:02:17.59][190.39.5.74][1138] SELECT pre_cod_asig1,pre_cod_asig2,pre_cod_asig3,pre_cod_asig4,pre_cod_asig5,pre_cod_asig6,pre_cod_asig7 FROM tblaca009_p_int WHERE pensum='5' AND c_uni_ca='6' AND c_asigna='300116' [1][0] OK
C:[16/08/2013 14:02:17.87][190.39.5.74][1182] SELECT par_cod_asig1,par_cod_asig2,par_cod_asig3 FROM tblaca009_p_int WHERE pensum='5' AND c_uni_ca='6' AND c_asigna='300112' [1][0] OK
C:[16/08/2013 14:02:17.87][190.39.5.74][1182] SELECT par_cod_asig1,par_cod_asig2,par_cod_asig3 FROM tblaca009_p_int WHERE pensum='5' AND c_uni_ca='6' AND c_asigna='300116' [1][0] OK
C:[16/08/2013 14:02:17.07][190.39.5.74][1312] SELECT horas_lab FROM tblaca008 WHERE c_asigna='300112' AND horas_teoricas > 0 [1][0] OK
C:[16/08/2013 14:02:17.07][190.39.5.74][1312] SELECT horas_lab FROM tblaca008 WHERE c_asigna='300116' AND horas_teoricas > 0 [1][0] OK
C:[16/08/2013 14:02:30.98][190.38.204.122][1138] SELECT pre_cod_asig1,pre_cod_asig2,pre_cod_asig3,pre_cod_asig4,pre_cod_asig5,pre_cod_asig6,pre_cod_asig7 FROM tblaca009_p_int WHERE pensum='5' AND c_uni_ca='4' AND c_asigna='300101' [1][0] OK
C:[16/08/2013 14:02:30.67][190.38.204.122][1182] SELECT par_cod_asig1,par_cod_asig2,par_cod_asig3 FROM tblaca009_p_int WHERE pensum='5' AND c_uni_ca='4' AND c_asigna='300101' [1][0] OK
C:[16/08/2013 14:02:30.91][190.38.204.122][1312] SELECT horas_lab FROM tblaca008 WHERE c_asigna='300101' AND horas_teoricas > 0 [1][0] OK
C:[16/08/2013 14:02:33.17][190.206.42.162][1138] SELECT pre_cod_asig1,pre_cod_asig2,pre_cod_asig3,pre_cod_asig4,pre_cod_asig5,pre_cod_asig6,pre_cod_asig7 FROM tblaca009_p_int WHERE pensum='5' AND c_uni_ca='4' AND c_asigna='300870' [1][0] OK
C:[16/08/2013 14:02:33.32][190.206.42.162][1182] SELECT par_cod_asig1,par_cod_asig2,par_cod_asig3 FROM tblaca009_p_int WHERE pensum='5' AND c_uni_ca='4' AND c_asigna='300870' [1][0] OK
C:[16/08/2013 14:02:33.56][190.206.42.162][1312] SELECT horas_lab FROM tblaca008 WHERE c_asigna='300870' AND horas_teoricas > 0 [1][0] OK
C:[16/08/2013 14:02:36.40][190.201.175.202][1138] SELECT pre_cod_asig1,pre_cod_asig2,pre_cod_asig3,pre_cod_asig4,pre_cod_asig5,pre_cod_asig6,pre_cod_asig7 FROM tblaca009_p_int WHERE pensum='5' AND c_uni_ca='3' AND c_asigna='300013' [1][0] OK
C:[16/08/2013 14:02:36.40][190.201.175.202][1138] SELECT pre_cod_asig1,pre_cod_asig2,pre_cod_asig3,pre_cod_asig4,pre_cod_asig5,pre_cod_asig6,pre_cod_asig7 FROM tblaca009_p_int WHERE pensum='5' AND c_uni_ca='3' AND c_asigna='300113' [1][0] OK
C:[16/08/2013 14:02:36.65][190.201.175.202][1182] SELECT par_cod_asig1,par_cod_asig2,par_cod_asig3 FROM tblaca009_p_int WHERE pensum='5' AND c_uni_ca='3' AND c_asigna='300013' [1][0] OK
C:[16/08/2013 14:02:36.65][190.201.175.202][1182] SELECT par_cod_asig1,par_cod_asig2,par_cod_asig3 FROM tblaca009_p_int WHERE pensum='5' AND c_uni_ca='3' AND c_asigna='300113' [1][0] OK
C:[16/08/2013 14:02:36.65][190.201.175.202][1196] SELECT c_asigna FROM dace004 WHERE exp_e='13-25512955' AND c_asigna='300013' AND status IN ('0','3','B','C') [0][0] OK
C:[16/08/2013 14:02:36.03][190.201.175.202][1312] SELECT horas_lab FROM tblaca008 WHERE c_asigna='300013' AND horas_teoricas > 0 [1][0] OK
C:[16/08/2013 14:02:36.03][190.201.175.202][1312] SELECT horas_lab FROM tblaca008 WHERE c_asigna='300113' AND horas_teoricas > 0 [0][0] OK
C:[16/08/2013 14:02:39.17][186.90.185.41][1138] SELECT pre_cod_asig1,pre_cod_asig2,pre_cod_asig3,pre_cod_asig4,pre_cod_asig5,pre_cod_asig6,pre_cod_asig7 FROM tblaca009_p_int WHERE pensum='5' AND c_uni_ca='2' AND c_asigna='300226' [1][0] OK
C:[16/08/2013 14:02:39.17][186.90.185.41][1151] SELECT c_asigna FROM dace004 WHERE exp_e='08-17631777' AND c_asigna='300116' AND status IN ('0','3','B','C') [1][0] OK
C:[16/08/2013 14:02:39.17][186.90.185.41][1138] SELECT pre_cod_asig1,pre_cod_asig2,pre_cod_asig3,pre_cod_asig4,pre_cod_asig5,pre_cod_asig6,pre_cod_asig7 FROM tblaca009_p_int WHERE pensum='5' AND c_uni_ca='2' AND c_asigna='320311' [1][0] OK
C:[16/08/2013 14:02:39.17][186.90.185.41][1151] SELECT c_asigna FROM dace004 WHERE exp_e='08-17631777' AND c_asigna='300013' AND status IN ('0','3','B','C') [1][0] OK
C:[16/08/2013 14:02:39.17][186.90.185.41][1151] SELECT c_asigna FROM dace004 WHERE exp_e='08-17631777' AND c_asigna='300113' AND status IN ('0','3','B','C') [1][0] OK
C:[16/08/2013 14:02:39.80][186.90.185.41][1182] SELECT par_cod_asig1,par_cod_asig2,par_cod_asig3 FROM tblaca009_p_int WHERE pensum='5' AND c_uni_ca='2' AND c_asigna='300226' [1][0] OK
C:[16/08/2013 14:02:39.80][186.90.185.41][1182] SELECT par_cod_asig1,par_cod_asig2,par_cod_asig3 FROM tblaca009_p_int WHERE pensum='5' AND c_uni_ca='2' AND c_asigna='320311' [1][0] OK
C:[16/08/2013 14:02:40.06][186.90.185.41][1312] SELECT horas_lab FROM tblaca008 WHERE c_asigna='300226' AND horas_teoricas > 0 [1][0] OK
C:[16/08/2013 14:02:40.06][186.90.185.41][1312] SELECT horas_lab FROM tblaca008 WHERE c_asigna='320311' AND horas_teoricas > 0 [1][0] OK
C:[16/08/2013 14:03:39.17][190.94.235.176][1138] SELECT pre_cod_asig1,pre_cod_asig2,pre_cod_asig3,pre_cod_asig4,pre_cod_asig5,pre_cod_asig6,pre_cod_asig7 FROM tblaca009_p_int WHERE pensum='5' AND c_uni_ca='5' AND c_asigna='351451' [1][0] OK
C:[16/08/2013 14:03:39.17][190.94.235.176][1151] SELECT c_asigna FROM dace004 WHERE exp_e='09-20805720' AND c_asigna='351330' AND status IN ('0','3','B','C') [1][0] OK
C:[16/08/2013 14:03:39.17][190.94.235.176][1151] SELECT c_asigna FROM dace004 WHERE exp_e='09-20805720' AND c_asigna='355350' AND status IN ('0','3','B','C') [1][0] OK
C:[16/08/2013 14:03:39.17][190.94.235.176][1151] SELECT c_asigna FROM dace004 WHERE exp_e='09-20805720' AND c_asigna='300318' AND status IN ('0','3','B','C') [1][0] OK
C:[16/08/2013 14:03:39.17][190.94.235.176][1138] SELECT pre_cod_asig1,pre_cod_asig2,pre_cod_asig3,pre_cod_asig4,pre_cod_asig5,pre_cod_asig6,pre_cod_asig7 FROM tblaca009_p_int WHERE pensum='5' AND c_uni_ca='5' AND c_asigna='355573' [1][0] OK
C:[16/08/2013 14:03:39.17][190.94.235.176][1151] SELECT c_asigna FROM dace004 WHERE exp_e='09-20805720' AND c_asigna='355448' AND status IN ('0','3','B','C') [1][0] OK
C:[16/08/2013 14:03:39.51][190.94.235.176][1182] SELECT par_cod_asig1,par_cod_asig2,par_cod_asig3 FROM tblaca009_p_int WHERE pensum='5' AND c_uni_ca='5' AND c_asigna='351451' [1][0] OK
C:[16/08/2013 14:03:39.51][190.94.235.176][1182] SELECT par_cod_asig1,par_cod_asig2,par_cod_asig3 FROM tblaca009_p_int WHERE pensum='5' AND c_uni_ca='5' AND c_asigna='355573' [1][0] OK
C:[16/08/2013 14:03:39.33][190.94.235.176][1312] SELECT horas_lab FROM tblaca008 WHERE c_asigna='351451' AND horas_teoricas > 0 [1][0] OK
C:[16/08/2013 14:03:39.33][190.94.235.176][1312] SELECT horas_lab FROM tblaca008 WHERE c_asigna='355573' AND horas_teoricas > 0 [1][0] OK
C:[16/08/2013 14:04:05.01][190.39.5.74][1138] SELECT pre_cod_asig1,pre_cod_asig2,pre_cod_asig3,pre_cod_asig4,pre_cod_asig5,pre_cod_asig6,pre_cod_asig7 FROM tblaca009_p_int WHERE pensum='5' AND c_uni_ca='2' AND c_asigna='300101' [1][0] OK
C:[16/08/2013 14:04:05.69][190.39.5.74][1182] SELECT par_cod_asig1,par_cod_asig2,par_cod_asig3 FROM tblaca009_p_int WHERE pensum='5' AND c_uni_ca='2' AND c_asigna='300101' [1][0] OK
C:[16/08/2013 14:04:05.82][190.39.5.74][1312] SELECT horas_lab FROM tblaca008 WHERE c_asigna='300101' AND horas_teoricas > 0 [1][0] OK
C:[16/08/2013 14:04:18.47][190.201.175.202][1138] SELECT pre_cod_asig1,pre_cod_asig2,pre_cod_asig3,pre_cod_asig4,pre_cod_asig5,pre_cod_asig6,pre_cod_asig7 FROM tblaca009_p_int WHERE pensum='5' AND c_uni_ca='3' AND c_asigna='300209' [1][0] OK
C:[16/08/2013 14:04:18.47][190.201.175.202][1151] SELECT c_asigna FROM dace004 WHERE exp_e='11-21261713' AND c_asigna='300101' AND status IN ('0','3','B','C') [1][0] OK
C:[16/08/2013 14:04:18.71][190.201.175.202][1182] SELECT par_cod_asig1,par_cod_asig2,par_cod_asig3 FROM tblaca009_p_int WHERE pensum='5' AND c_uni_ca='3' AND c_asigna='300209' [1][0] OK
C:[16/08/2013 14:04:18.76][190.201.175.202][1312] SELECT horas_lab FROM tblaca008 WHERE c_asigna='300209' AND horas_teoricas > 0 [1][0] OK
C:[16/08/2013 14:04:28.20][190.77.213.252][1138] SELECT pre_cod_asig1,pre_cod_asig2,pre_cod_asig3,pre_cod_asig4,pre_cod_asig5,pre_cod_asig6,pre_cod_asig7 FROM tblaca009_p_int WHERE pensum='5' AND c_uni_ca='4' AND c_asigna='330310' [1][0] OK
C:[16/08/2013 14:04:28.20][190.77.213.252][1151] SELECT c_asigna FROM dace004 WHERE exp_e='12-24411198' AND c_asigna='300013' AND status IN ('0','3','B','C') [1][0] OK
C:[16/08/2013 14:04:28.20][190.77.213.252][1151] SELECT c_asigna FROM dace004 WHERE exp_e='12-24411198' AND c_asigna='300113' AND status IN ('0','3','B','C') [1][0] OK
C:[16/08/2013 14:04:29.14][190.77.213.252][1182] SELECT par_cod_asig1,par_cod_asig2,par_cod_asig3 FROM tblaca009_p_int WHERE pensum='5' AND c_uni_ca='4' AND c_asigna='330310' [1][0] OK
C:[16/08/2013 14:04:29.27][190.77.213.252][1312] SELECT horas_lab FROM tblaca008 WHERE c_asigna='330310' AND horas_teoricas > 0 [1][0] OK
C:[16/08/2013 14:04:43.59][65.49.14.163][1138] SELECT pre_cod_asig1,pre_cod_asig2,pre_cod_asig3,pre_cod_asig4,pre_cod_asig5,pre_cod_asig6,pre_cod_asig7 FROM tblaca009_p_int WHERE pensum='5' AND c_uni_ca='2' AND c_asigna='322780' [1][0] OK
C:[16/08/2013 14:04:43.59][65.49.14.163][1151] SELECT c_asigna FROM dace004 WHERE exp_e='04-18452153' AND c_asigna='322678' AND status IN ('0','3','B','C') [1][0] OK
C:[16/08/2013 14:04:43.40][65.49.14.163][1182] SELECT par_cod_asig1,par_cod_asig2,par_cod_asig3 FROM tblaca009_p_int WHERE pensum='5' AND c_uni_ca='2' AND c_asigna='322780' [1][0] OK
C:[16/08/2013 14:04:43.53][65.49.14.163][1312] SELECT horas_lab FROM tblaca008 WHERE c_asigna='322780' AND horas_teoricas > 0 [1][0] OK
C:[16/08/2013 14:04:44.03][190.77.245.32][1138] SELECT pre_cod_asig1,pre_cod_asig2,pre_cod_asig3,pre_cod_asig4,pre_cod_asig5,pre_cod_asig6,pre_cod_asig7 FROM tblaca009_p_int WHERE pensum='5' AND c_uni_ca='3' AND c_asigna='300101' [1][0] OK
C:[16/08/2013 14:04:44.03][190.77.245.32][1138] SELECT pre_cod_asig1,pre_cod_asig2,pre_cod_asig3,pre_cod_asig4,pre_cod_asig5,pre_cod_asig6,pre_cod_asig7 FROM tblaca009_p_int WHERE pensum='5' AND c_uni_ca='3' AND c_asigna='300112' [1][0] OK
C:[16/08/2013 14:04:44.27][190.77.245.32][1182] SELECT par_cod_asig1,par_cod_asig2,par_cod_asig3 FROM tblaca009_p_int WHERE pensum='5' AND c_uni_ca='3' AND c_asigna='300101' [1][0] OK
C:[16/08/2013 14:04:44.27][190.77.245.32][1182] SELECT par_cod_asig1,par_cod_asig2,par_cod_asig3 FROM tblaca009_p_int WHERE pensum='5' AND c_uni_ca='3' AND c_asigna='300112' [1][0] OK
C:[16/08/2013 14:04:44.54][190.77.245.32][1312] SELECT horas_lab FROM tblaca008 WHERE c_asigna='300101' AND horas_teoricas > 0 [1][0] OK
C:[16/08/2013 14:04:44.54][190.77.245.32][1312] SELECT horas_lab FROM tblaca008 WHERE c_asigna='300112' AND horas_teoricas > 0 [1][0] OK
C:[16/08/2013 14:04:44.81][190.37.32.176][1138] SELECT pre_cod_asig1,pre_cod_asig2,pre_cod_asig3,pre_cod_asig4,pre_cod_asig5,pre_cod_asig6,pre_cod_asig7 FROM tblaca009_p_int WHERE pensum='5' AND c_uni_ca='6' AND c_asigna='344733' [1][0] OK
C:[16/08/2013 14:04:44.89][190.37.32.176][1182] SELECT par_cod_asig1,par_cod_asig2,par_cod_asig3 FROM tblaca009_p_int WHERE pensum='5' AND c_uni_ca='6' AND c_asigna='344733' [1][0] OK
C:[16/08/2013 14:04:44.04][190.37.32.176][1312] SELECT horas_lab FROM tblaca008 WHERE c_asigna='344733' AND horas_teoricas > 0 [1][0] OK
C:[16/08/2013 14:04:58.64][190.204.200.144][1138] SELECT pre_cod_asig1,pre_cod_asig2,pre_cod_asig3,pre_cod_asig4,pre_cod_asig5,pre_cod_asig6,pre_cod_asig7 FROM tblaca009_p_int WHERE pensum='5' AND c_uni_ca='5' AND c_asigna='300318' [1][0] OK
C:[16/08/2013 14:04:58.64][190.204.200.144][1151] SELECT c_asigna FROM dace004 WHERE exp_e='07-19093773' AND c_asigna='300228' AND status IN ('0','3','B','C') [1][0] OK
C:[16/08/2013 14:04:58.64][190.204.200.144][1151] SELECT c_asigna FROM dace004 WHERE exp_e='07-19093773' AND c_asigna='300207' AND status IN ('0','3','B','C') [1][0] OK
C:[16/08/2013 14:04:58.64][190.204.200.144][1151] SELECT c_asigna FROM dace004 WHERE exp_e='07-19093773' AND c_asigna='300218' AND status IN ('0','3','B','C') [1][0] OK
C:[16/08/2013 14:04:58.64][190.204.200.144][1138] SELECT pre_cod_asig1,pre_cod_asig2,pre_cod_asig3,pre_cod_asig4,pre_cod_asig5,pre_cod_asig6,pre_cod_asig7 FROM tblaca009_p_int WHERE pensum='5' AND c_uni_ca='5' AND c_asigna='300428' [1][0] OK
C:[16/08/2013 14:04:58.64][190.204.200.144][1151] SELECT c_asigna FROM dace004 WHERE exp_e='07-19093773' AND c_asigna='300317' AND status IN ('0','3','B','C') [1][0] OK
C:[16/08/2013 14:04:58.51][190.204.200.144][1182] SELECT par_cod_asig1,par_cod_asig2,par_cod_asig3 FROM tblaca009_p_int WHERE pensum='5' AND c_uni_ca='5' AND c_asigna='300318' [1][0] OK
C:[16/08/2013 14:04:58.51][190.204.200.144][1182] SELECT par_cod_asig1,par_cod_asig2,par_cod_asig3 FROM tblaca009_p_int WHERE pensum='5' AND c_uni_ca='5' AND c_asigna='300428' [1][0] OK
C:[16/08/2013 14:04:59.78][190.204.200.144][1312] SELECT horas_lab FROM tblaca008 WHERE c_asigna='300318' AND horas_teoricas > 0 [1][0] OK
C:[16/08/2013 14:04:59.78][190.204.200.144][1312] SELECT horas_lab FROM tblaca008 WHERE c_asigna='300428' AND horas_teoricas > 0 [1][0] OK
C:[16/08/2013 14:05:25.02][190.200.28.112][1138] SELECT pre_cod_asig1,pre_cod_asig2,pre_cod_asig3,pre_cod_asig4,pre_cod_asig5,pre_cod_asig6,pre_cod_asig7 FROM tblaca009_p_int WHERE pensum='5' AND c_uni_ca='4' AND c_asigna='333809' [1][0] OK
C:[16/08/2013 14:05:25.02][190.200.28.112][1151] SELECT c_asigna FROM dace004 WHERE exp_e='08-19803800' AND c_asigna='333683' AND status IN ('0','3','B','C') [1][0] OK
C:[16/08/2013 14:05:25.02][190.200.28.112][1151] SELECT c_asigna FROM dace004 WHERE exp_e='08-19803800' AND c_asigna='333710' AND status IN ('0','3','B','C') [1][0] OK
C:[16/08/2013 14:05:25.50][190.200.28.112][1182] SELECT par_cod_asig1,par_cod_asig2,par_cod_asig3 FROM tblaca009_p_int WHERE pensum='5' AND c_uni_ca='4' AND c_asigna='333809' [1][0] OK
C:[16/08/2013 14:05:25.64][190.200.28.112][1312] SELECT horas_lab FROM tblaca008 WHERE c_asigna='333809' AND horas_teoricas > 0 [1][0] OK
C:[16/08/2013 14:05:30.76][172.16.3.75][1138] SELECT pre_cod_asig1,pre_cod_asig2,pre_cod_asig3,pre_cod_asig4,pre_cod_asig5,pre_cod_asig6,pre_cod_asig7 FROM tblaca009_p_int WHERE pensum='5' AND c_uni_ca='2' AND c_asigna='322436' [1][0] OK
C:[16/08/2013 14:05:30.76][172.16.3.75][1151] SELECT c_asigna FROM dace004 WHERE exp_e='08-20403599' AND c_asigna='320311' AND status IN ('0','3','B','C') [1][0] OK
C:[16/08/2013 14:05:30.76][172.16.3.75][1138] SELECT pre_cod_asig1,pre_cod_asig2,pre_cod_asig3,pre_cod_asig4,pre_cod_asig5,pre_cod_asig6,pre_cod_asig7 FROM tblaca009_p_int WHERE pensum='5' AND c_uni_ca='2' AND c_asigna='322560' [1][0] OK
C:[16/08/2013 14:05:30.13][172.16.3.75][1182] SELECT par_cod_asig1,par_cod_asig2,par_cod_asig3 FROM tblaca009_p_int WHERE pensum='5' AND c_uni_ca='2' AND c_asigna='322436' [1][0] OK
C:[16/08/2013 14:05:30.13][172.16.3.75][1182] SELECT par_cod_asig1,par_cod_asig2,par_cod_asig3 FROM tblaca009_p_int WHERE pensum='5' AND c_uni_ca='2' AND c_asigna='322560' [1][0] OK
C:[16/08/2013 14:05:30.13][172.16.3.75][1196] SELECT c_asigna FROM dace004 WHERE exp_e='08-20403599' AND c_asigna='323528' AND status IN ('0','3','B','C') [0][0] OK
C:[16/08/2013 14:05:30.52][172.16.3.75][1312] SELECT horas_lab FROM tblaca008 WHERE c_asigna='322436' AND horas_teoricas > 0 [1][0] OK
C:[16/08/2013 14:05:30.52][172.16.3.75][1312] SELECT horas_lab FROM tblaca008 WHERE c_asigna='322560' AND horas_teoricas > 0 [1][0] OK
C:[16/08/2013 14:05:33.14][190.204.199.31][1138] SELECT pre_cod_asig1,pre_cod_asig2,pre_cod_asig3,pre_cod_asig4,pre_cod_asig5,pre_cod_asig6,pre_cod_asig7 FROM tblaca009_p_int WHERE pensum='5' AND c_uni_ca='3' AND c_asigna='311673' [1][0] OK
C:[16/08/2013 14:05:33.14][190.204.199.31][1151] SELECT c_asigna FROM dace004 WHERE exp_e='07-18248546' AND c_asigna='311551' AND status IN ('0','3','B','C') [1][0] OK
C:[16/08/2013 14:05:33.14][190.204.199.31][1138] SELECT pre_cod_asig1,pre_cod_asig2,pre_cod_asig3,pre_cod_asig4,pre_cod_asig5,pre_cod_asig6,pre_cod_asig7 FROM tblaca009_p_int WHERE pensum='5' AND c_uni_ca='3' AND c_asigna='311796' [1][0] OK
C:[16/08/2013 14:05:33.14][190.204.199.31][1151] SELECT c_asigna FROM dace004 WHERE exp_e='07-18248546' AND c_asigna='315671' AND status IN ('0','3','B','C') [1][0] OK
C:[16/08/2013 14:05:33.78][190.204.199.31][1182] SELECT par_cod_asig1,par_cod_asig2,par_cod_asig3 FROM tblaca009_p_int WHERE pensum='5' AND c_uni_ca='3' AND c_asigna='311673' [1][0] OK
C:[16/08/2013 14:05:33.78][190.204.199.31][1182] SELECT par_cod_asig1,par_cod_asig2,par_cod_asig3 FROM tblaca009_p_int WHERE pensum='5' AND c_uni_ca='3' AND c_asigna='311796' [1][0] OK
C:[16/08/2013 14:05:33.05][190.204.199.31][1312] SELECT horas_lab FROM tblaca008 WHERE c_asigna='311673' AND horas_teoricas > 0 [1][0] OK
C:[16/08/2013 14:05:33.05][190.204.199.31][1312] SELECT horas_lab FROM tblaca008 WHERE c_asigna='311796' AND horas_teoricas > 0 [1][0] OK
C:[16/08/2013 14:05:35.37][190.206.35.35][1138] SELECT pre_cod_asig1,pre_cod_asig2,pre_cod_asig3,pre_cod_asig4,pre_cod_asig5,pre_cod_asig6,pre_cod_asig7 FROM tblaca009_p_int WHERE pensum='5' AND c_uni_ca='6' AND c_asigna='300013' [1][0] OK
C:[16/08/2013 14:05:35.45][190.206.35.35][1182] SELECT par_cod_asig1,par_cod_asig2,par_cod_asig3 FROM tblaca009_p_int WHERE pensum='5' AND c_uni_ca='6' AND c_asigna='300013' [1][0] OK
C:[16/08/2013 14:05:35.40][190.206.35.35][1312] SELECT horas_lab FROM tblaca008 WHERE c_asigna='300013' AND horas_teoricas > 0 [1][0] OK
C:[16/08/2013 14:05:39.42][190.77.243.172][1138] SELECT pre_cod_asig1,pre_cod_asig2,pre_cod_asig3,pre_cod_asig4,pre_cod_asig5,pre_cod_asig6,pre_cod_asig7 FROM tblaca009_p_int WHERE pensum='5' AND c_uni_ca='2' AND c_asigna='300318' [1][0] OK
C:[16/08/2013 14:05:39.42][190.77.243.172][1151] SELECT c_asigna FROM dace004 WHERE exp_e='11-22574644' AND c_asigna='300228' AND status IN ('0','3','B','C') [1][0] OK
C:[16/08/2013 14:05:39.42][190.77.243.172][1151] SELECT c_asigna FROM dace004 WHERE exp_e='11-22574644' AND c_asigna='300207' AND status IN ('0','3','B','C') [1][0] OK
C:[16/08/2013 14:05:39.42][190.77.243.172][1151] SELECT c_asigna FROM dace004 WHERE exp_e='11-22574644' AND c_asigna='300218' AND status IN ('0','3','B','C') [1][0] OK
C:[16/08/2013 14:05:39.42][190.77.243.172][1138] SELECT pre_cod_asig1,pre_cod_asig2,pre_cod_asig3,pre_cod_asig4,pre_cod_asig5,pre_cod_asig6,pre_cod_asig7 FROM tblaca009_p_int WHERE pensum='5' AND c_uni_ca='2' AND c_asigna='322436' [1][0] OK
C:[16/08/2013 14:05:39.42][190.77.243.172][1151] SELECT c_asigna FROM dace004 WHERE exp_e='11-22574644' AND c_asigna='320311' AND status IN ('0','3','B','C') [1][0] OK
C:[16/08/2013 14:05:39.08][190.77.243.172][1182] SELECT par_cod_asig1,par_cod_asig2,par_cod_asig3 FROM tblaca009_p_int WHERE pensum='5' AND c_uni_ca='2' AND c_asigna='300318' [1][0] OK
C:[16/08/2013 14:05:39.08][190.77.243.172][1182] SELECT par_cod_asig1,par_cod_asig2,par_cod_asig3 FROM tblaca009_p_int WHERE pensum='5' AND c_uni_ca='2' AND c_asigna='322436' [1][0] OK
C:[16/08/2013 14:05:39.33][190.77.243.172][1312] SELECT horas_lab FROM tblaca008 WHERE c_asigna='300318' AND horas_teoricas > 0 [1][0] OK
C:[16/08/2013 14:05:39.33][190.77.243.172][1312] SELECT horas_lab FROM tblaca008 WHERE c_asigna='322436' AND horas_teoricas > 0 [1][0] OK
C:[16/08/2013 14:06:06.23][190.206.60.118][1138] SELECT pre_cod_asig1,pre_cod_asig2,pre_cod_asig3,pre_cod_asig4,pre_cod_asig5,pre_cod_asig6,pre_cod_asig7 FROM tblaca009_p_int WHERE pensum='5' AND c_uni_ca='3' AND c_asigna='300213' [1][0] OK
C:[16/08/2013 14:06:06.23][190.206.60.118][1151] SELECT c_asigna FROM dace004 WHERE exp_e='12-21314879' AND c_asigna='300101' AND status IN ('0','3','B','C') [1][0] OK
C:[16/08/2013 14:06:06.60][190.206.60.118][1182] SELECT par_cod_asig1,par_cod_asig2,par_cod_asig3 FROM tblaca009_p_int WHERE pensum='5' AND c_uni_ca='3' AND c_asigna='300213' [1][0] OK
C:[16/08/2013 14:06:06.74][190.206.60.118][1312] SELECT horas_lab FROM tblaca008 WHERE c_asigna='300213' AND horas_teoricas > 0 [1][0] OK
C:[16/08/2013 14:06:19.82][190.38.126.92][1138] SELECT pre_cod_asig1,pre_cod_asig2,pre_cod_asig3,pre_cod_asig4,pre_cod_asig5,pre_cod_asig6,pre_cod_asig7 FROM tblaca009_p_int WHERE pensum='5' AND c_uni_ca='2' AND c_asigna='300207' [1][0] OK
C:[16/08/2013 14:06:19.82][190.38.126.92][1151] SELECT c_asigna FROM dace004 WHERE exp_e='09-18885006' AND c_asigna='300101' AND status IN ('0','3','B','C') [1][0] OK
C:[16/08/2013 14:06:19.07][190.38.126.92][1182] SELECT par_cod_asig1,par_cod_asig2,par_cod_asig3 FROM tblaca009_p_int WHERE pensum='5' AND c_uni_ca='2' AND c_asigna='300207' [1][0] OK
C:[16/08/2013 14:06:19.21][190.38.126.92][1312] SELECT horas_lab FROM tblaca008 WHERE c_asigna='300207' AND horas_teoricas > 0 [1][0] OK
C:[16/08/2013 14:06:22.66][190.39.5.74][1138] SELECT pre_cod_asig1,pre_cod_asig2,pre_cod_asig3,pre_cod_asig4,pre_cod_asig5,pre_cod_asig6,pre_cod_asig7 FROM tblaca009_p_int WHERE pensum='5' AND c_uni_ca='6' AND c_asigna='300101' [1][0] OK
C:[16/08/2013 14:06:22.78][190.39.5.74][1182] SELECT par_cod_asig1,par_cod_asig2,par_cod_asig3 FROM tblaca009_p_int WHERE pensum='5' AND c_uni_ca='6' AND c_asigna='300101' [1][0] OK
C:[16/08/2013 14:06:23.92][190.39.5.74][1312] SELECT horas_lab FROM tblaca008 WHERE c_asigna='300101' AND horas_teoricas > 0 [1][0] OK
C:[16/08/2013 14:06:29.27][181.182.230.34][1138] SELECT pre_cod_asig1,pre_cod_asig2,pre_cod_asig3,pre_cod_asig4,pre_cod_asig5,pre_cod_asig6,pre_cod_asig7 FROM tblaca009_p_int WHERE pensum='5' AND c_uni_ca='3' AND c_asigna='300317' [1][0] OK
C:[16/08/2013 14:06:29.27][181.182.230.34][1151] SELECT c_asigna FROM dace004 WHERE exp_e='10-24037426' AND c_asigna='300207' AND status IN ('0','3','B','C') [1][0] OK
C:[16/08/2013 14:06:29.27][181.182.230.34][1151] SELECT c_asigna FROM dace004 WHERE exp_e='10-24037426' AND c_asigna='300209' AND status IN ('0','3','B','C') [1][0] OK
C:[16/08/2013 14:06:29.77][181.182.230.34][1182] SELECT par_cod_asig1,par_cod_asig2,par_cod_asig3 FROM tblaca009_p_int WHERE pensum='5' AND c_uni_ca='3' AND c_asigna='300317' [1][0] OK
C:[16/08/2013 14:06:29.91][181.182.230.34][1312] SELECT horas_lab FROM tblaca008 WHERE c_asigna='300317' AND horas_teoricas > 0 [1][0] OK
C:[16/08/2013 14:06:31.66][190.201.175.202][1138] SELECT pre_cod_asig1,pre_cod_asig2,pre_cod_asig3,pre_cod_asig4,pre_cod_asig5,pre_cod_asig6,pre_cod_asig7 FROM tblaca009_p_int WHERE pensum='5' AND c_uni_ca='4' AND c_asigna='300207' [1][0] OK
C:[16/08/2013 14:06:31.66][190.201.175.202][1151] SELECT c_asigna FROM dace004 WHERE exp_e='10-20805508' AND c_asigna='300101' AND status IN ('0','3','B','C') [1][0] OK
C:[16/08/2013 14:06:31.91][190.201.175.202][1182] SELECT par_cod_asig1,par_cod_asig2,par_cod_asig3 FROM tblaca009_p_int WHERE pensum='5' AND c_uni_ca='4' AND c_asigna='300207' [1][0] OK
C:[16/08/2013 14:06:31.07][190.201.175.202][1312] SELECT horas_lab FROM tblaca008 WHERE c_asigna='300207' AND horas_teoricas > 0 [1][0] OK
C:[16/08/2013 14:06:42.93][190.205.149.156][1138] SELECT pre_cod_asig1,pre_cod_asig2,pre_cod_asig3,pre_cod_asig4,pre_cod_asig5,pre_cod_asig6,pre_cod_asig7 FROM tblaca009_p_int WHERE pensum='5' AND c_uni_ca='5' AND c_asigna='300101' [1][0] OK
C:[16/08/2013 14:06:42.04][190.205.149.156][1182] SELECT par_cod_asig1,par_cod_asig2,par_cod_asig3 FROM tblaca009_p_int WHERE pensum='5' AND c_uni_ca='5' AND c_asigna='300101' [1][0] OK
C:[16/08/2013 14:06:42.17][190.205.149.156][1312] SELECT horas_lab FROM tblaca008 WHERE c_asigna='300101' AND horas_teoricas > 0 [1][0] OK
C:[16/08/2013 14:06:43.47][201.242.56.18][1138] SELECT pre_cod_asig1,pre_cod_asig2,pre_cod_asig3,pre_cod_asig4,pre_cod_asig5,pre_cod_asig6,pre_cod_asig7 FROM tblaca009_p_int WHERE pensum='5' AND c_uni_ca='5' AND c_asigna='355722' [1][0] OK
C:[16/08/2013 14:06:43.47][201.242.56.18][1151] SELECT c_asigna FROM dace004 WHERE exp_e='06-20036224' AND c_asigna='355691' AND status IN ('0','3','B','C') [1][0] OK
C:[16/08/2013 14:06:43.47][201.242.56.18][1151] SELECT c_asigna FROM dace004 WHERE exp_e='06-20036224' AND c_asigna='355595' AND status IN ('0','3','B','C') [1][0] OK
C:[16/08/2013 14:06:44.83][201.242.56.18][1182] SELECT par_cod_asig1,par_cod_asig2,par_cod_asig3 FROM tblaca009_p_int WHERE pensum='5' AND c_uni_ca='5' AND c_asigna='355722' [1][0] OK
C:[16/08/2013 14:06:44.97][201.242.56.18][1312] SELECT horas_lab FROM tblaca008 WHERE c_asigna='355722' AND horas_teoricas > 0 [1][0] OK
C:[16/08/2013 14:06:48.33][190.38.209.21][1138] SELECT pre_cod_asig1,pre_cod_asig2,pre_cod_asig3,pre_cod_asig4,pre_cod_asig5,pre_cod_asig6,pre_cod_asig7 FROM tblaca009_p_int WHERE pensum='5' AND c_uni_ca='5' AND c_asigna='355692' [1][0] OK
C:[16/08/2013 14:06:48.33][190.38.209.21][1151] SELECT c_asigna FROM dace004 WHERE exp_e='06-19297141' AND c_asigna='355448' AND status IN ('0','3','B','C') [1][0] OK
C:[16/08/2013 14:06:48.33][190.38.209.21][1151] SELECT c_asigna FROM dace004 WHERE exp_e='06-19297141' AND c_asigna='355570' AND status IN ('0','3','B','C') [1][0] OK
C:[16/08/2013 14:06:48.96][190.38.209.21][1182] SELECT par_cod_asig1,par_cod_asig2,par_cod_asig3 FROM tblaca009_p_int WHERE pensum='5' AND c_uni_ca='5' AND c_asigna='355692' [1][0] OK
C:[16/08/2013 14:06:48.10][190.38.209.21][1312] SELECT horas_lab FROM tblaca008 WHERE c_asigna='355692' AND horas_teoricas > 0 [1][0] OK
C:[16/08/2013 14:07:22.10][190.201.175.202][1138] SELECT pre_cod_asig1,pre_cod_asig2,pre_cod_asig3,pre_cod_asig4,pre_cod_asig5,pre_cod_asig6,pre_cod_asig7 FROM tblaca009_p_int WHERE pensum='5' AND c_uni_ca='6' AND c_asigna='300213' [1][0] OK
C:[16/08/2013 14:07:22.10][190.201.175.202][1151] SELECT c_asigna FROM dace004 WHERE exp_e='05-15372063' AND c_asigna='300101' AND status IN ('0','3','B','C') [1][0] OK
C:[16/08/2013 14:07:22.10][190.201.175.202][1138] SELECT pre_cod_asig1,pre_cod_asig2,pre_cod_asig3,pre_cod_asig4,pre_cod_asig5,pre_cod_asig6,pre_cod_asig7 FROM tblaca009_p_int WHERE pensum='5' AND c_uni_ca='6' AND c_asigna='342444' [1][0] OK
C:[16/08/2013 14:07:22.10][190.201.175.202][1151] SELECT c_asigna FROM dace004 WHERE exp_e='05-15372063' AND c_asigna='340323' AND status IN ('0','3','B','C') [1][0] OK
C:[16/08/2013 14:07:23.80][190.201.175.202][1182] SELECT par_cod_asig1,par_cod_asig2,par_cod_asig3 FROM tblaca009_p_int WHERE pensum='5' AND c_uni_ca='6' AND c_asigna='300213' [1][0] OK
C:[16/08/2013 14:07:23.80][190.201.175.202][1182] SELECT par_cod_asig1,par_cod_asig2,par_cod_asig3 FROM tblaca009_p_int WHERE pensum='5' AND c_uni_ca='6' AND c_asigna='342444' [1][0] OK
C:[16/08/2013 14:07:23.55][190.201.175.202][1312] SELECT horas_lab FROM tblaca008 WHERE c_asigna='300213' AND horas_teoricas > 0 [1][0] OK
C:[16/08/2013 14:07:23.55][190.201.175.202][1312] SELECT horas_lab FROM tblaca008 WHERE c_asigna='342444' AND horas_teoricas > 0 [1][0] OK
C:[16/08/2013 14:07:31.67][186.89.155.151][1138] SELECT pre_cod_asig1,pre_cod_asig2,pre_cod_asig3,pre_cod_asig4,pre_cod_asig5,pre_cod_asig6,pre_cod_asig7 FROM tblaca009_p_int WHERE pensum='5' AND c_uni_ca='6' AND c_asigna='300113' [1][0] OK
C:[16/08/2013 14:07:31.67][186.89.155.151][1138] SELECT pre_cod_asig1,pre_cod_asig2,pre_cod_asig3,pre_cod_asig4,pre_cod_asig5,pre_cod_asig6,pre_cod_asig7 FROM tblaca009_p_int WHERE pensum='5' AND c_uni_ca='6' AND c_asigna='300207' [1][0] OK
C:[16/08/2013 14:07:31.67][186.89.155.151][1151] SELECT c_asigna FROM dace004 WHERE exp_e='09-21197649' AND c_asigna='300101' AND status IN ('0','3','B','C') [1][0] OK
C:[16/08/2013 14:07:31.44][200.109.192.223][1138] SELECT pre_cod_asig1,pre_cod_asig2,pre_cod_asig3,pre_cod_asig4,pre_cod_asig5,pre_cod_asig6,pre_cod_asig7 FROM tblaca009_p_int WHERE pensum='5' AND c_uni_ca='2' AND c_asigna='322904' [1][0] OK
C:[16/08/2013 14:07:31.04][186.89.155.151][1182] SELECT par_cod_asig1,par_cod_asig2,par_cod_asig3 FROM tblaca009_p_int WHERE pensum='5' AND c_uni_ca='6' AND c_asigna='300113' [1][0] OK
C:[16/08/2013 14:07:31.04][186.89.155.151][1196] SELECT c_asigna FROM dace004 WHERE exp_e='09-21197649' AND c_asigna='300013' AND status IN ('0','3','B','C') [0][0] OK
C:[16/08/2013 14:07:32.57][200.109.192.223][1182] SELECT par_cod_asig1,par_cod_asig2,par_cod_asig3 FROM tblaca009_p_int WHERE pensum='5' AND c_uni_ca='2' AND c_asigna='322904' [1][0] OK
C:[16/08/2013 14:07:31.04][186.89.155.151][1182] SELECT par_cod_asig1,par_cod_asig2,par_cod_asig3 FROM tblaca009_p_int WHERE pensum='5' AND c_uni_ca='6' AND c_asigna='300207' [1][0] OK
C:[16/08/2013 14:07:32.71][200.109.192.223][1312] SELECT horas_lab FROM tblaca008 WHERE c_asigna='322904' AND horas_teoricas > 0 [1][0] OK
C:[16/08/2013 14:07:32.43][186.89.155.151][1312] SELECT horas_lab FROM tblaca008 WHERE c_asigna='300113' AND horas_teoricas > 0 [0][0] OK
C:[16/08/2013 14:07:32.43][186.89.155.151][1312] SELECT horas_lab FROM tblaca008 WHERE c_asigna='300207' AND horas_teoricas > 0 [1][0] OK
C:[16/08/2013 14:07:32.65][186.90.223.197][1138] SELECT pre_cod_asig1,pre_cod_asig2,pre_cod_asig3,pre_cod_asig4,pre_cod_asig5,pre_cod_asig6,pre_cod_asig7 FROM tblaca009_p_int WHERE pensum='5' AND c_uni_ca='3' AND c_asigna='311551' [1][0] OK
C:[16/08/2013 14:07:32.65][186.90.223.197][1151] SELECT c_asigna FROM dace004 WHERE exp_e='11-24963856' AND c_asigna='311430' AND status IN ('0','3','B','C') [1][0] OK
C:[16/08/2013 14:07:32.83][186.90.223.197][1182] SELECT par_cod_asig1,par_cod_asig2,par_cod_asig3 FROM tblaca009_p_int WHERE pensum='5' AND c_uni_ca='3' AND c_asigna='311551' [1][0] OK
C:[16/08/2013 14:07:32.93][186.90.223.197][1312] SELECT horas_lab FROM tblaca008 WHERE c_asigna='311551' AND horas_teoricas > 0 [1][0] OK
C:[16/08/2013 14:07:45.86][200.71.186.131][1138] SELECT pre_cod_asig1,pre_cod_asig2,pre_cod_asig3,pre_cod_asig4,pre_cod_asig5,pre_cod_asig6,pre_cod_asig7 FROM tblaca009_p_int WHERE pensum='5' AND c_uni_ca='6' AND c_asigna='344566' [1][0] OK
C:[16/08/2013 14:07:45.86][200.71.186.131][1151] SELECT c_asigna FROM dace004 WHERE exp_e='07-19904152' AND c_asigna='344446' AND status IN ('0','3','B','C') [1][0] OK
C:[16/08/2013 14:07:45.86][200.71.186.131][1151] SELECT c_asigna FROM dace004 WHERE exp_e='07-19904152' AND c_asigna='300428' AND status IN ('0','3','B','C') [1][0] OK
C:[16/08/2013 14:07:45.86][200.71.186.131][1138] SELECT pre_cod_asig1,pre_cod_asig2,pre_cod_asig3,pre_cod_asig4,pre_cod_asig5,pre_cod_asig6,pre_cod_asig7 FROM tblaca009_p_int WHERE pensum='5' AND c_uni_ca='6' AND c_asigna='342559' [1][0] OK
C:[16/08/2013 14:07:45.86][200.71.186.131][1151] SELECT c_asigna FROM dace004 WHERE exp_e='07-19904152' AND c_asigna='342436' AND status IN ('0','3','B','C') [1][0] OK
C:[16/08/2013 14:07:45.53][200.71.186.131][1182] SELECT par_cod_asig1,par_cod_asig2,par_cod_asig3 FROM tblaca009_p_int WHERE pensum='5' AND c_uni_ca='6' AND c_asigna='344566' [1][0] OK
C:[16/08/2013 14:07:45.53][200.71.186.131][1182] SELECT par_cod_asig1,par_cod_asig2,par_cod_asig3 FROM tblaca009_p_int WHERE pensum='5' AND c_uni_ca='6' AND c_asigna='342559' [1][0] OK
C:[16/08/2013 14:07:45.90][200.71.186.131][1312] SELECT horas_lab FROM tblaca008 WHERE c_asigna='344566' AND horas_teoricas > 0 [1][0] OK
C:[16/08/2013 14:07:45.90][200.71.186.131][1312] SELECT horas_lab FROM tblaca008 WHERE c_asigna='342559' AND horas_teoricas > 0 [1][0] OK
C:[16/08/2013 14:07:58.26][190.36.27.222][1138] SELECT pre_cod_asig1,pre_cod_asig2,pre_cod_asig3,pre_cod_asig4,pre_cod_asig5,pre_cod_asig6,pre_cod_asig7 FROM tblaca009_p_int WHERE pensum='5' AND c_uni_ca='3' AND c_asigna='300101' [1][0] OK
C:[16/08/2013 14:07:59.50][190.36.27.222][1182] SELECT par_cod_asig1,par_cod_asig2,par_cod_asig3 FROM tblaca009_p_int WHERE pensum='5' AND c_uni_ca='3' AND c_asigna='300101' [1][0] OK
C:[16/08/2013 14:07:59.52][190.36.27.222][1312] SELECT horas_lab FROM tblaca008 WHERE c_asigna='300101' AND horas_teoricas > 0 [1][0] OK
C:[16/08/2013 14:08:01.53][186.90.24.222][1138] SELECT pre_cod_asig1,pre_cod_asig2,pre_cod_asig3,pre_cod_asig4,pre_cod_asig5,pre_cod_asig6,pre_cod_asig7 FROM tblaca009_p_int WHERE pensum='5' AND c_uni_ca='4' AND c_asigna='300222' [1][0] OK
C:[16/08/2013 14:08:01.53][186.90.24.222][1151] SELECT c_asigna FROM dace004 WHERE exp_e='10-18569066' AND c_asigna='300112' AND status IN ('0','3','B','C') [1][0] OK
C:[16/08/2013 14:08:01.53][186.90.24.222][1138] SELECT pre_cod_asig1,pre_cod_asig2,pre_cod_asig3,pre_cod_asig4,pre_cod_asig5,pre_cod_asig6,pre_cod_asig7 FROM tblaca009_p_int WHERE pensum='5' AND c_uni_ca='4' AND c_asigna='300228' [1][0] OK
C:[16/08/2013 14:08:01.53][186.90.24.222][1151] SELECT c_asigna FROM dace004 WHERE exp_e='10-18569066' AND c_asigna='300101' AND status IN ('0','3','B','C') [1][0] OK
C:[16/08/2013 14:08:01.91][186.90.24.222][1182] SELECT par_cod_asig1,par_cod_asig2,par_cod_asig3 FROM tblaca009_p_int WHERE pensum='5' AND c_uni_ca='4' AND c_asigna='300222' [1][0] OK
C:[16/08/2013 14:08:01.91][186.90.24.222][1182] SELECT par_cod_asig1,par_cod_asig2,par_cod_asig3 FROM tblaca009_p_int WHERE pensum='5' AND c_uni_ca='4' AND c_asigna='300228' [1][0] OK
C:[16/08/2013 14:08:01.17][186.90.24.222][1312] SELECT horas_lab FROM tblaca008 WHERE c_asigna='300222' AND horas_teoricas > 0 [1][0] OK
C:[16/08/2013 14:08:01.17][186.90.24.222][1312] SELECT horas_lab FROM tblaca008 WHERE c_asigna='300228' AND horas_teoricas > 0 [1][0] OK
C:[16/08/2013 14:08:09.59][190.200.59.195][1138] SELECT pre_cod_asig1,pre_cod_asig2,pre_cod_asig3,pre_cod_asig4,pre_cod_asig5,pre_cod_asig6,pre_cod_asig7 FROM tblaca009_p_int WHERE pensum='5' AND c_uni_ca='2' AND c_asigna='322433' [1][0] OK
C:[16/08/2013 14:08:09.59][190.200.59.195][1151] SELECT c_asigna FROM dace004 WHERE exp_e='11-24559667' AND c_asigna='320323' AND status IN ('0','3','B','C') [1][0] OK
C:[16/08/2013 14:08:09.59][190.200.59.195][1151] SELECT c_asigna FROM dace004 WHERE exp_e='11-24559667' AND c_asigna='300209' AND status IN ('0','3','B','C') [1][0] OK
C:[16/08/2013 14:08:09.59][190.200.59.195][1138] SELECT pre_cod_asig1,pre_cod_asig2,pre_cod_asig3,pre_cod_asig4,pre_cod_asig5,pre_cod_asig6,pre_cod_asig7 FROM tblaca009_p_int WHERE pensum='5' AND c_uni_ca='2' AND c_asigna='322436' [1][0] OK
C:[16/08/2013 14:08:09.59][190.200.59.195][1151] SELECT c_asigna FROM dace004 WHERE exp_e='11-24559667' AND c_asigna='320311' AND status IN ('0','3','B','C') [1][0] OK
C:[16/08/2013 14:08:09.22][190.200.59.195][1182] SELECT par_cod_asig1,par_cod_asig2,par_cod_asig3 FROM tblaca009_p_int WHERE pensum='5' AND c_uni_ca='2' AND c_asigna='322433' [1][0] OK
C:[16/08/2013 14:08:09.22][190.200.59.195][1182] SELECT par_cod_asig1,par_cod_asig2,par_cod_asig3 FROM tblaca009_p_int WHERE pensum='5' AND c_uni_ca='2' AND c_asigna='322436' [1][0] OK
C:[16/08/2013 14:08:09.48][190.200.59.195][1312] SELECT horas_lab FROM tblaca008 WHERE c_asigna='322433' AND horas_teoricas > 0 [1][0] OK
C:[16/08/2013 14:08:09.48][190.200.59.195][1312] SELECT horas_lab FROM tblaca008 WHERE c_asigna='322436' AND horas_teoricas > 0 [1][0] OK
C:[16/08/2013 14:08:19.31][190.75.166.186][1138] SELECT pre_cod_asig1,pre_cod_asig2,pre_cod_asig3,pre_cod_asig4,pre_cod_asig5,pre_cod_asig6,pre_cod_asig7 FROM tblaca009_p_int WHERE pensum='5' AND c_uni_ca='4' AND c_asigna='300207' [1][0] OK
C:[16/08/2013 14:08:19.31][190.75.166.186][1151] SELECT c_asigna FROM dace004 WHERE exp_e='11-23505104' AND c_asigna='300101' AND status IN ('0','3','B','C') [1][0] OK
C:[16/08/2013 14:08:19.95][190.75.166.186][1182] SELECT par_cod_asig1,par_cod_asig2,par_cod_asig3 FROM tblaca009_p_int WHERE pensum='5' AND c_uni_ca='4' AND c_asigna='300207' [1][0] OK
C:[16/08/2013 14:08:19.83][190.75.166.186][1312] SELECT horas_lab FROM tblaca008 WHERE c_asigna='300207' AND horas_teoricas > 0 [1][0] OK
C:[16/08/2013 14:08:20.26][190.198.80.137][1138] SELECT pre_cod_asig1,pre_cod_asig2,pre_cod_asig3,pre_cod_asig4,pre_cod_asig5,pre_cod_asig6,pre_cod_asig7 FROM tblaca009_p_int WHERE pensum='5' AND c_uni_ca='3' AND c_asigna='300101' [1][0] OK
C:[16/08/2013 14:08:20.26][190.198.80.137][1138] SELECT pre_cod_asig1,pre_cod_asig2,pre_cod_asig3,pre_cod_asig4,pre_cod_asig5,pre_cod_asig6,pre_cod_asig7 FROM tblaca009_p_int WHERE pensum='5' AND c_uni_ca='3' AND c_asigna='300116' [1][0] OK
C:[16/08/2013 14:08:20.52][190.198.80.137][1182] SELECT par_cod_asig1,par_cod_asig2,par_cod_asig3 FROM tblaca009_p_int WHERE pensum='5' AND c_uni_ca='3' AND c_asigna='300101' [1][0] OK
C:[16/08/2013 14:08:20.52][190.198.80.137][1182] SELECT par_cod_asig1,par_cod_asig2,par_cod_asig3 FROM tblaca009_p_int WHERE pensum='5' AND c_uni_ca='3' AND c_asigna='300116' [1][0] OK
C:[16/08/2013 14:08:20.78][190.198.80.137][1312] SELECT horas_lab FROM tblaca008 WHERE c_asigna='300101' AND horas_teoricas > 0 [1][0] OK
C:[16/08/2013 14:08:20.78][190.198.80.137][1312] SELECT horas_lab FROM tblaca008 WHERE c_asigna='300116' AND horas_teoricas > 0 [1][0] OK
C:[16/08/2013 14:08:23.89][190.201.175.202][1138] SELECT pre_cod_asig1,pre_cod_asig2,pre_cod_asig3,pre_cod_asig4,pre_cod_asig5,pre_cod_asig6,pre_cod_asig7 FROM tblaca009_p_int WHERE pensum='5' AND c_uni_ca='5' AND c_asigna='300013' [1][0] OK
C:[16/08/2013 14:08:23.01][190.201.175.202][1182] SELECT par_cod_asig1,par_cod_asig2,par_cod_asig3 FROM tblaca009_p_int WHERE pensum='5' AND c_uni_ca='5' AND c_asigna='300013' [1][0] OK
C:[16/08/2013 14:08:23.15][190.201.175.202][1312] SELECT horas_lab FROM tblaca008 WHERE c_asigna='300013' AND horas_teoricas > 0 [1][0] OK
C:[16/08/2013 14:08:34.50][190.201.175.202][1138] SELECT pre_cod_asig1,pre_cod_asig2,pre_cod_asig3,pre_cod_asig4,pre_cod_asig5,pre_cod_asig6,pre_cod_asig7 FROM tblaca009_p_int WHERE pensum='5' AND c_uni_ca='5' AND c_asigna='300113' [1][0] OK
C:[16/08/2013 14:08:34.76][190.201.175.202][1182] SELECT par_cod_asig1,par_cod_asig2,par_cod_asig3 FROM tblaca009_p_int WHERE pensum='5' AND c_uni_ca='5' AND c_asigna='300113' [1][0] OK
C:[16/08/2013 14:08:34.76][190.201.175.202][1196] SELECT c_asigna FROM dace004 WHERE exp_e='12-25445418' AND c_asigna='300013' AND status IN ('0','3','B','C') [0][0] OK
C:[16/08/2013 14:08:34.02][190.201.175.202][1312] SELECT horas_lab FROM tblaca008 WHERE c_asigna='300113' AND horas_teoricas > 0 [0][0] OK
C:[16/08/2013 14:08:37.21][190.77.255.118][1138] SELECT pre_cod_asig1,pre_cod_asig2,pre_cod_asig3,pre_cod_asig4,pre_cod_asig5,pre_cod_asig6,pre_cod_asig7 FROM tblaca009_p_int WHERE pensum='5' AND c_uni_ca='2' AND c_asigna='300209' [1][0] OK
C:[16/08/2013 14:08:37.21][190.77.255.118][1151] SELECT c_asigna FROM dace004 WHERE exp_e='07-20504298' AND c_asigna='300101' AND status IN ('0','3','B','C') [1][0] OK
C:[16/08/2013 14:08:37.46][190.77.255.118][1182] SELECT par_cod_asig1,par_cod_asig2,par_cod_asig3 FROM tblaca009_p_int WHERE pensum='5' AND c_uni_ca='2' AND c_asigna='300209' [1][0] OK
C:[16/08/2013 14:08:37.60][190.77.255.118][1312] SELECT horas_lab FROM tblaca008 WHERE c_asigna='300209' AND horas_teoricas > 0 [1][0] OK
C:[16/08/2013 14:08:43.72][190.205.6.172][1138] SELECT pre_cod_asig1,pre_cod_asig2,pre_cod_asig3,pre_cod_asig4,pre_cod_asig5,pre_cod_asig6,pre_cod_asig7 FROM tblaca009_p_int WHERE pensum='5' AND c_uni_ca='6' AND c_asigna='300956' [1][0] OK
C:[16/08/2013 14:08:43.72][190.205.6.172][1151] SELECT c_asigna FROM dace004 WHERE exp_e='09-21052156' AND c_asigna='300422' AND status IN ('0','3','B','C') [1][0] OK
C:[16/08/2013 14:08:43.98][190.205.6.172][1182] SELECT par_cod_asig1,par_cod_asig2,par_cod_asig3 FROM tblaca009_p_int WHERE pensum='5' AND c_uni_ca='6' AND c_asigna='300956' [1][0] OK
C:[16/08/2013 14:08:43.11][190.205.6.172][1312] SELECT horas_lab FROM tblaca008 WHERE c_asigna='300956' AND horas_teoricas > 0 [1][0] OK
C:[16/08/2013 14:08:49.68][186.167.243.32][1138] SELECT pre_cod_asig1,pre_cod_asig2,pre_cod_asig3,pre_cod_asig4,pre_cod_asig5,pre_cod_asig6,pre_cod_asig7 FROM tblaca009_p_int WHERE pensum='5' AND c_uni_ca='4' AND c_asigna='300101' [1][0] OK
C:[16/08/2013 14:08:49.93][186.167.243.32][1182] SELECT par_cod_asig1,par_cod_asig2,par_cod_asig3 FROM tblaca009_p_int WHERE pensum='5' AND c_uni_ca='4' AND c_asigna='300101' [1][0] OK
C:[16/08/2013 14:08:49.07][186.167.243.32][1312] SELECT horas_lab FROM tblaca008 WHERE c_asigna='300101' AND horas_teoricas > 0 [1][0] OK
C:[16/08/2013 14:08:52.89][186.88.129.241][1138] SELECT pre_cod_asig1,pre_cod_asig2,pre_cod_asig3,pre_cod_asig4,pre_cod_asig5,pre_cod_asig6,pre_cod_asig7 FROM tblaca009_p_int WHERE pensum='5' AND c_uni_ca='5' AND c_asigna='300213' [1][0] OK
C:[16/08/2013 14:08:52.89][186.88.129.241][1151] SELECT c_asigna FROM dace004 WHERE exp_e='12-24186977' AND c_asigna='300101' AND status IN ('0','3','B','C') [1][0] OK
C:[16/08/2013 14:08:52.04][186.88.129.241][1182] SELECT par_cod_asig1,par_cod_asig2,par_cod_asig3 FROM tblaca009_p_int WHERE pensum='5' AND c_uni_ca='5' AND c_asigna='300213' [1][0] OK
C:[16/08/2013 14:08:52.18][186.88.129.241][1312] SELECT horas_lab FROM tblaca008 WHERE c_asigna='300213' AND horas_teoricas > 0 [1][0] OK
C:[16/08/2013 14:09:01.85][190.200.24.237][1138] SELECT pre_cod_asig1,pre_cod_asig2,pre_cod_asig3,pre_cod_asig4,pre_cod_asig5,pre_cod_asig6,pre_cod_asig7 FROM tblaca009_p_int WHERE pensum='5' AND c_uni_ca='5' AND c_asigna='300207' [1][0] OK
C:[16/08/2013 14:09:01.85][190.200.24.237][1151] SELECT c_asigna FROM dace004 WHERE exp_e='12-25081182' AND c_asigna='300101' AND status IN ('0','3','B','C') [1][0] OK
C:[16/08/2013 14:09:01.85][190.200.24.237][1138] SELECT pre_cod_asig1,pre_cod_asig2,pre_cod_asig3,pre_cod_asig4,pre_cod_asig5,pre_cod_asig6,pre_cod_asig7 FROM tblaca009_p_int WHERE pensum='5' AND c_uni_ca='5' AND c_asigna='300222' [1][0] OK
C:[16/08/2013 14:09:01.85][190.200.24.237][1151] SELECT c_asigna FROM dace004 WHERE exp_e='12-25081182' AND c_asigna='300112' AND status IN ('0','3','B','C') [1][0] OK
C:[16/08/2013 14:09:01.33][190.200.24.237][1182] SELECT par_cod_asig1,par_cod_asig2,par_cod_asig3 FROM tblaca009_p_int WHERE pensum='5' AND c_uni_ca='5' AND c_asigna='300207' [1][0] OK
C:[16/08/2013 14:09:01.33][190.200.24.237][1182] SELECT par_cod_asig1,par_cod_asig2,par_cod_asig3 FROM tblaca009_p_int WHERE pensum='5' AND c_uni_ca='5' AND c_asigna='300222' [1][0] OK
C:[16/08/2013 14:09:01.60][190.200.24.237][1312] SELECT horas_lab FROM tblaca008 WHERE c_asigna='300207' AND horas_teoricas > 0 [1][0] OK
C:[16/08/2013 14:09:01.60][190.200.24.237][1312] SELECT horas_lab FROM tblaca008 WHERE c_asigna='300222' AND horas_teoricas > 0 [1][0] OK
C:[16/08/2013 14:09:05.02][190.39.5.74][1138] SELECT pre_cod_asig1,pre_cod_asig2,pre_cod_asig3,pre_cod_asig4,pre_cod_asig5,pre_cod_asig6,pre_cod_asig7 FROM tblaca009_p_int WHERE pensum='5' AND c_uni_ca='4' AND c_asigna='300101' [1][0] OK
C:[16/08/2013 14:09:05.14][190.39.5.74][1182] SELECT par_cod_asig1,par_cod_asig2,par_cod_asig3 FROM tblaca009_p_int WHERE pensum='5' AND c_uni_ca='4' AND c_asigna='300101' [1][0] OK
C:[16/08/2013 14:09:05.30][190.39.5.74][1312] SELECT horas_lab FROM tblaca008 WHERE c_asigna='300101' AND horas_teoricas > 0 [1][0] OK
C:[16/08/2013 14:09:07.86][190.199.88.72][1138] SELECT pre_cod_asig1,pre_cod_asig2,pre_cod_asig3,pre_cod_asig4,pre_cod_asig5,pre_cod_asig6,pre_cod_asig7 FROM tblaca009_p_int WHERE pensum='5' AND c_uni_ca='3' AND c_asigna='300209' [1][0] OK
C:[16/08/2013 14:09:07.86][190.199.88.72][1151] SELECT c_asigna FROM dace004 WHERE exp_e='12-25696070' AND c_asigna='300101' AND status IN ('0','3','B','C') [1][0] OK
C:[16/08/2013 14:09:07.11][190.199.88.72][1182] SELECT par_cod_asig1,par_cod_asig2,par_cod_asig3 FROM tblaca009_p_int WHERE pensum='5' AND c_uni_ca='3' AND c_asigna='300209' [1][0] OK
C:[16/08/2013 14:09:07.24][190.199.88.72][1312] SELECT horas_lab FROM tblaca008 WHERE c_asigna='300209' AND horas_teoricas > 0 [1][0] OK
C:[16/08/2013 14:10:03.78][190.94.233.166][1138] SELECT pre_cod_asig1,pre_cod_asig2,pre_cod_asig3,pre_cod_asig4,pre_cod_asig5,pre_cod_asig6,pre_cod_asig7 FROM tblaca009_p_int WHERE pensum='5' AND c_uni_ca='2' AND c_asigna='300101' [1][0] OK
C:[16/08/2013 14:10:03.78][190.94.233.166][1138] SELECT pre_cod_asig1,pre_cod_asig2,pre_cod_asig3,pre_cod_asig4,pre_cod_asig5,pre_cod_asig6,pre_cod_asig7 FROM tblaca009_p_int WHERE pensum='5' AND c_uni_ca='2' AND c_asigna='300112' [1][0] OK
C:[16/08/2013 14:10:03.63][190.94.233.166][1182] SELECT par_cod_asig1,par_cod_asig2,par_cod_asig3 FROM tblaca009_p_int WHERE pensum='5' AND c_uni_ca='2' AND c_asigna='300101' [1][0] OK
C:[16/08/2013 14:10:03.63][190.94.233.166][1182] SELECT par_cod_asig1,par_cod_asig2,par_cod_asig3 FROM tblaca009_p_int WHERE pensum='5' AND c_uni_ca='2' AND c_asigna='300112' [1][0] OK
C:[16/08/2013 14:10:03.89][190.94.233.166][1312] SELECT horas_lab FROM tblaca008 WHERE c_asigna='300101' AND horas_teoricas > 0 [1][0] OK
C:[16/08/2013 14:10:03.89][190.94.233.166][1312] SELECT horas_lab FROM tblaca008 WHERE c_asigna='300112' AND horas_teoricas > 0 [1][0] OK
C:[16/08/2013 14:10:04.38][190.39.5.74][1138] SELECT pre_cod_asig1,pre_cod_asig2,pre_cod_asig3,pre_cod_asig4,pre_cod_asig5,pre_cod_asig6,pre_cod_asig7 FROM tblaca009_p_int WHERE pensum='5' AND c_uni_ca='2' AND c_asigna='300112' [1][0] OK
C:[16/08/2013 14:10:04.59][190.39.5.74][1182] SELECT par_cod_asig1,par_cod_asig2,par_cod_asig3 FROM tblaca009_p_int WHERE pensum='5' AND c_uni_ca='2' AND c_asigna='300112' [1][0] OK
C:[16/08/2013 14:10:04.65][190.39.5.74][1312] SELECT horas_lab FROM tblaca008 WHERE c_asigna='300112' AND horas_teoricas > 0 [1][0] OK
C:[16/08/2013 14:10:08.45][190.39.5.74][1138] SELECT pre_cod_asig1,pre_cod_asig2,pre_cod_asig3,pre_cod_asig4,pre_cod_asig5,pre_cod_asig6,pre_cod_asig7 FROM tblaca009_p_int WHERE pensum='5' AND c_uni_ca='5' AND c_asigna='300101' [1][0] OK
C:[16/08/2013 14:10:08.55][190.39.5.74][1182] SELECT par_cod_asig1,par_cod_asig2,par_cod_asig3 FROM tblaca009_p_int WHERE pensum='5' AND c_uni_ca='5' AND c_asigna='300101' [1][0] OK
C:[16/08/2013 14:10:08.68][190.39.5.74][1312] SELECT horas_lab FROM tblaca008 WHERE c_asigna='300101' AND horas_teoricas > 0 [1][0] OK
C:[16/08/2013 14:10:08.80][190.201.175.202][1138] SELECT pre_cod_asig1,pre_cod_asig2,pre_cod_asig3,pre_cod_asig4,pre_cod_asig5,pre_cod_asig6,pre_cod_asig7 FROM tblaca009_p_int WHERE pensum='5' AND c_uni_ca='6' AND c_asigna='342559' [1][0] OK
C:[16/08/2013 14:10:08.80][190.201.175.202][1151] SELECT c_asigna FROM dace004 WHERE exp_e='05-19158909' AND c_asigna='342436' AND status IN ('0','3','B','C') [1][0] OK
C:[16/08/2013 14:10:08.05][190.201.175.202][1182] SELECT par_cod_asig1,par_cod_asig2,par_cod_asig3 FROM tblaca009_p_int WHERE pensum='5' AND c_uni_ca='6' AND c_asigna='342559' [1][0] OK
C:[16/08/2013 14:10:08.19][190.201.175.202][1312] SELECT horas_lab FROM tblaca008 WHERE c_asigna='342559' AND horas_teoricas > 0 [1][0] OK
C:[16/08/2013 14:10:10.35][190.39.5.74][1138] SELECT pre_cod_asig1,pre_cod_asig2,pre_cod_asig3,pre_cod_asig4,pre_cod_asig5,pre_cod_asig6,pre_cod_asig7 FROM tblaca009_p_int WHERE pensum='5' AND c_uni_ca='2' AND c_asigna='322558' [1][0] OK
C:[16/08/2013 14:10:10.35][190.39.5.74][1151] SELECT c_asigna FROM dace004 WHERE exp_e='11-22593464' AND c_asigna='320323' AND status IN ('0','3','B','C') [1][0] OK
C:[16/08/2013 14:10:10.35][190.39.5.74][1138] SELECT pre_cod_asig1,pre_cod_asig2,pre_cod_asig3,pre_cod_asig4,pre_cod_asig5,pre_cod_asig6,pre_cod_asig7 FROM tblaca009_p_int WHERE pensum='5' AND c_uni_ca='2' AND c_asigna='322559' [1][0] OK
C:[16/08/2013 14:10:10.35][190.39.5.74][1151] SELECT c_asigna FROM dace004 WHERE exp_e='11-22593464' AND c_asigna='300428' AND status IN ('0','3','B','C') [1][0] OK
C:[16/08/2013 14:10:10.35][190.39.5.74][1151] SELECT c_asigna FROM dace004 WHERE exp_e='11-22593464' AND c_asigna='322436' AND status IN ('0','3','B','C') [1][0] OK
C:[16/08/2013 14:10:10.97][190.39.5.74][1182] SELECT par_cod_asig1,par_cod_asig2,par_cod_asig3 FROM tblaca009_p_int WHERE pensum='5' AND c_uni_ca='2' AND c_asigna='322558' [1][0] OK
C:[16/08/2013 14:10:10.97][190.39.5.74][1182] SELECT par_cod_asig1,par_cod_asig2,par_cod_asig3 FROM tblaca009_p_int WHERE pensum='5' AND c_uni_ca='2' AND c_asigna='322559' [1][0] OK
C:[16/08/2013 14:10:10.47][190.39.5.74][1312] SELECT horas_lab FROM tblaca008 WHERE c_asigna='322558' AND horas_teoricas > 0 [1][0] OK
C:[16/08/2013 14:10:10.47][190.39.5.74][1312] SELECT horas_lab FROM tblaca008 WHERE c_asigna='322559' AND horas_teoricas > 0 [1][0] OK
C:[16/08/2013 14:10:13.93][190.39.5.74][1138] SELECT pre_cod_asig1,pre_cod_asig2,pre_cod_asig3,pre_cod_asig4,pre_cod_asig5,pre_cod_asig6,pre_cod_asig7 FROM tblaca009_p_int WHERE pensum='5' AND c_uni_ca='3' AND c_asigna='300101' [1][0] OK
C:[16/08/2013 14:10:13.06][190.39.5.74][1182] SELECT par_cod_asig1,par_cod_asig2,par_cod_asig3 FROM tblaca009_p_int WHERE pensum='5' AND c_uni_ca='3' AND c_asigna='300101' [1][0] OK
C:[16/08/2013 14:10:13.42][190.39.5.74][1312] SELECT horas_lab FROM tblaca008 WHERE c_asigna='300101' AND horas_teoricas > 0 [1][0] OK
C:[16/08/2013 14:10:13.01][190.94.250.110][1138] SELECT pre_cod_asig1,pre_cod_asig2,pre_cod_asig3,pre_cod_asig4,pre_cod_asig5,pre_cod_asig6,pre_cod_asig7 FROM tblaca009_p_int WHERE pensum='5' AND c_uni_ca='5' AND c_asigna='300226' [1][0] OK
C:[16/08/2013 14:10:13.01][190.94.250.110][1151] SELECT c_asigna FROM dace004 WHERE exp_e='05-18385979' AND c_asigna='300116' AND status IN ('0','3','B','C') [1][0] OK
C:[16/08/2013 14:10:13.01][190.94.250.110][1138] SELECT pre_cod_asig1,pre_cod_asig2,pre_cod_asig3,pre_cod_asig4,pre_cod_asig5,pre_cod_asig6,pre_cod_asig7 FROM tblaca009_p_int WHERE pensum='5' AND c_uni_ca='5' AND c_asigna='355696' [1][0] OK
C:[16/08/2013 14:10:13.01][190.94.250.110][1151] SELECT c_asigna FROM dace004 WHERE exp_e='05-18385979' AND c_asigna='355570' AND status IN ('0','3','B','C') [1][0] OK
C:[16/08/2013 14:10:13.01][190.94.250.110][1151] SELECT c_asigna FROM dace004 WHERE exp_e='05-18385979' AND c_asigna='355571' AND status IN ('0','3','B','C') [1][0] OK
C:[16/08/2013 14:10:13.63][190.94.250.110][1182] SELECT par_cod_asig1,par_cod_asig2,par_cod_asig3 FROM tblaca009_p_int WHERE pensum='5' AND c_uni_ca='5' AND c_asigna='300226' [1][0] OK
C:[16/08/2013 14:10:13.63][190.94.250.110][1182] SELECT par_cod_asig1,par_cod_asig2,par_cod_asig3 FROM tblaca009_p_int WHERE pensum='5' AND c_uni_ca='5' AND c_asigna='355696' [1][0] OK
C:[16/08/2013 14:10:13.91][190.94.250.110][1312] SELECT horas_lab FROM tblaca008 WHERE c_asigna='300226' AND horas_teoricas > 0 [1][0] OK
C:[16/08/2013 14:10:13.91][190.94.250.110][1312] SELECT horas_lab FROM tblaca008 WHERE c_asigna='355696' AND horas_teoricas > 0 [1][0] OK
C:[16/08/2013 14:10:59.72][190.204.204.12][1138] SELECT pre_cod_asig1,pre_cod_asig2,pre_cod_asig3,pre_cod_asig4,pre_cod_asig5,pre_cod_asig6,pre_cod_asig7 FROM tblaca009_p_int WHERE pensum='5' AND c_uni_ca='4' AND c_asigna='300116' [1][0] OK
C:[16/08/2013 14:10:59.99][190.204.204.12][1182] SELECT par_cod_asig1,par_cod_asig2,par_cod_asig3 FROM tblaca009_p_int WHERE pensum='5' AND c_uni_ca='4' AND c_asigna='300116' [1][0] OK
C:[16/08/2013 14:10:59.67][190.204.204.12][1312] SELECT horas_lab FROM tblaca008 WHERE c_asigna='300116' AND horas_teoricas > 0 [1][0] OK
C:[16/08/2013 14:10:59.06][190.75.176.68][1138] SELECT pre_cod_asig1,pre_cod_asig2,pre_cod_asig3,pre_cod_asig4,pre_cod_asig5,pre_cod_asig6,pre_cod_asig7 FROM tblaca009_p_int WHERE pensum='5' AND c_uni_ca='5' AND c_asigna='355720' [1][0] OK
C:[16/08/2013 14:10:59.06][190.75.176.68][1151] SELECT c_asigna FROM dace004 WHERE exp_e='09-20298284' AND c_asigna='355692' AND status IN ('0','3','B','C') [1][0] OK
C:[16/08/2013 14:10:59.06][190.75.176.68][1151] SELECT c_asigna FROM dace004 WHERE exp_e='09-20298284' AND c_asigna='355696' AND status IN ('0','3','B','C') [1][0] OK
C:[16/08/2013 14:10:59.44][190.75.176.68][1182] SELECT par_cod_asig1,par_cod_asig2,par_cod_asig3 FROM tblaca009_p_int WHERE pensum='5' AND c_uni_ca='5' AND c_asigna='355720' [1][0] OK
C:[16/08/2013 14:10:59.57][190.75.176.68][1312] SELECT horas_lab FROM tblaca008 WHERE c_asigna='355720' AND horas_teoricas > 0 [1][0] OK
C:[16/08/2013 14:11:20.94][201.242.56.18][1138] SELECT pre_cod_asig1,pre_cod_asig2,pre_cod_asig3,pre_cod_asig4,pre_cod_asig5,pre_cod_asig6,pre_cod_asig7 FROM tblaca009_p_int WHERE pensum='5' AND c_uni_ca='5' AND c_asigna='355722' [1][0] OK
C:[16/08/2013 14:11:20.94][201.242.56.18][1151] SELECT c_asigna FROM dace004 WHERE exp_e='06-20036224' AND c_asigna='355691' AND status IN ('0','3','B','C') [1][0] OK
C:[16/08/2013 14:11:20.94][201.242.56.18][1151] SELECT c_asigna FROM dace004 WHERE exp_e='06-20036224' AND c_asigna='355595' AND status IN ('0','3','B','C') [1][0] OK
C:[16/08/2013 14:11:20.53][201.242.56.18][1182] SELECT par_cod_asig1,par_cod_asig2,par_cod_asig3 FROM tblaca009_p_int WHERE pensum='5' AND c_uni_ca='5' AND c_asigna='355722' [1][0] OK
C:[16/08/2013 14:11:20.58][201.242.56.18][1312] SELECT horas_lab FROM tblaca008 WHERE c_asigna='355722' AND horas_teoricas > 0 [1][0] OK
C:[16/08/2013 14:11:22.32][201.242.63.154][1138] SELECT pre_cod_asig1,pre_cod_asig2,pre_cod_asig3,pre_cod_asig4,pre_cod_asig5,pre_cod_asig6,pre_cod_asig7 FROM tblaca009_p_int WHERE pensum='5' AND c_uni_ca='3' AND c_asigna='300218' [1][0] OK
C:[16/08/2013 14:11:22.32][201.242.63.154][1138] SELECT pre_cod_asig1,pre_cod_asig2,pre_cod_asig3,pre_cod_asig4,pre_cod_asig5,pre_cod_asig6,pre_cod_asig7 FROM tblaca009_p_int WHERE pensum='5' AND c_uni_ca='3' AND c_asigna='300228' [1][0] OK
C:[16/08/2013 14:11:22.32][201.242.63.154][1151] SELECT c_asigna FROM dace004 WHERE exp_e='11-21248442' AND c_asigna='300101' AND status IN ('0','3','B','C') [1][0] OK
C:[16/08/2013 14:11:22.62][201.242.63.154][1182] SELECT par_cod_asig1,par_cod_asig2,par_cod_asig3 FROM tblaca009_p_int WHERE pensum='5' AND c_uni_ca='3' AND c_asigna='300218' [1][0] OK
C:[16/08/2013 14:11:22.62][201.242.63.154][1196] SELECT c_asigna FROM dace004 WHERE exp_e='11-21248442' AND c_asigna='300228' AND status IN ('0','3','B','C') [0][0] OK
C:[16/08/2013 14:11:22.62][201.242.63.154][1182] SELECT par_cod_asig1,par_cod_asig2,par_cod_asig3 FROM tblaca009_p_int WHERE pensum='5' AND c_uni_ca='3' AND c_asigna='300228' [1][0] OK
C:[16/08/2013 14:11:23.01][201.242.63.154][1312] SELECT horas_lab FROM tblaca008 WHERE c_asigna='300218' AND horas_teoricas > 0 [0][0] OK
C:[16/08/2013 14:11:23.01][201.242.63.154][1312] SELECT horas_lab FROM tblaca008 WHERE c_asigna='300228' AND horas_teoricas > 0 [1][0] OK
C:[16/08/2013 14:11:38.47][190.39.5.74][1138] SELECT pre_cod_asig1,pre_cod_asig2,pre_cod_asig3,pre_cod_asig4,pre_cod_asig5,pre_cod_asig6,pre_cod_asig7 FROM tblaca009_p_int WHERE pensum='5' AND c_uni_ca='3' AND c_asigna='300101' [1][0] OK
C:[16/08/2013 14:11:38.41][190.39.5.74][1182] SELECT par_cod_asig1,par_cod_asig2,par_cod_asig3 FROM tblaca009_p_int WHERE pensum='5' AND c_uni_ca='3' AND c_asigna='300101' [1][0] OK
C:[16/08/2013 14:11:38.54][190.39.5.74][1312] SELECT horas_lab FROM tblaca008 WHERE c_asigna='300101' AND horas_teoricas > 0 [1][0] OK
C:[16/08/2013 14:11:45.06][190.74.191.232][1138] SELECT pre_cod_asig1,pre_cod_asig2,pre_cod_asig3,pre_cod_asig4,pre_cod_asig5,pre_cod_asig6,pre_cod_asig7 FROM tblaca009_p_int WHERE pensum='5' AND c_uni_ca='3' AND c_asigna='311551' [1][0] OK
C:[16/08/2013 14:11:45.06][190.74.191.232][1151] SELECT c_asigna FROM dace004 WHERE exp_e='10-22818842' AND c_asigna='311430' AND status IN ('0','3','B','C') [1][0] OK
C:[16/08/2013 14:11:45.37][190.74.191.232][1182] SELECT par_cod_asig1,par_cod_asig2,par_cod_asig3 FROM tblaca009_p_int WHERE pensum='5' AND c_uni_ca='3' AND c_asigna='311551' [1][0] OK
C:[16/08/2013 14:11:45.45][190.74.191.232][1312] SELECT horas_lab FROM tblaca008 WHERE c_asigna='311551' AND horas_teoricas > 0 [1][0] OK
C:[16/08/2013 14:11:46.38][190.77.213.252][1138] SELECT pre_cod_asig1,pre_cod_asig2,pre_cod_asig3,pre_cod_asig4,pre_cod_asig5,pre_cod_asig6,pre_cod_asig7 FROM tblaca009_p_int WHERE pensum='5' AND c_uni_ca='6' AND c_asigna='300101' [1][0] OK
C:[16/08/2013 14:11:46.49][190.77.213.252][1182] SELECT par_cod_asig1,par_cod_asig2,par_cod_asig3 FROM tblaca009_p_int WHERE pensum='5' AND c_uni_ca='6' AND c_asigna='300101' [1][0] OK
C:[16/08/2013 14:11:46.64][190.77.213.252][1312] SELECT horas_lab FROM tblaca008 WHERE c_asigna='300101' AND horas_teoricas > 0 [1][0] OK
C:[16/08/2013 14:11:46.11][74.82.68.161][1138] SELECT pre_cod_asig1,pre_cod_asig2,pre_cod_asig3,pre_cod_asig4,pre_cod_asig5,pre_cod_asig6,pre_cod_asig7 FROM tblaca009_p_int WHERE pensum='5' AND c_uni_ca='4' AND c_asigna='300101' [1][0] OK
C:[16/08/2013 14:11:46.25][74.82.68.161][1182] SELECT par_cod_asig1,par_cod_asig2,par_cod_asig3 FROM tblaca009_p_int WHERE pensum='5' AND c_uni_ca='4' AND c_asigna='300101' [1][0] OK
C:[16/08/2013 14:11:46.37][74.82.68.161][1312] SELECT horas_lab FROM tblaca008 WHERE c_asigna='300101' AND horas_teoricas > 0 [1][0] OK
C:[16/08/2013 14:11:48.91][190.201.175.202][1138] SELECT pre_cod_asig1,pre_cod_asig2,pre_cod_asig3,pre_cod_asig4,pre_cod_asig5,pre_cod_asig6,pre_cod_asig7 FROM tblaca009_p_int WHERE pensum='5' AND c_uni_ca='2' AND c_asigna='300112' [1][0] OK
C:[16/08/2013 14:11:48.91][190.201.175.202][1138] SELECT pre_cod_asig1,pre_cod_asig2,pre_cod_asig3,pre_cod_asig4,pre_cod_asig5,pre_cod_asig6,pre_cod_asig7 FROM tblaca009_p_int WHERE pensum='5' AND c_uni_ca='2' AND c_asigna='300116' [1][0] OK
C:[16/08/2013 14:11:48.15][190.201.175.202][1182] SELECT par_cod_asig1,par_cod_asig2,par_cod_asig3 FROM tblaca009_p_int WHERE pensum='5' AND c_uni_ca='2' AND c_asigna='300112' [1][0] OK
C:[16/08/2013 14:11:48.15][190.201.175.202][1182] SELECT par_cod_asig1,par_cod_asig2,par_cod_asig3 FROM tblaca009_p_int WHERE pensum='5' AND c_uni_ca='2' AND c_asigna='300116' [1][0] OK
C:[16/08/2013 14:11:48.51][190.201.175.202][1312] SELECT horas_lab FROM tblaca008 WHERE c_asigna='300112' AND horas_teoricas > 0 [1][0] OK
C:[16/08/2013 14:11:48.51][190.201.175.202][1312] SELECT horas_lab FROM tblaca008 WHERE c_asigna='300116' AND horas_teoricas > 0 [1][0] OK
C:[16/08/2013 14:11:49.68][190.198.249.184][1138] SELECT pre_cod_asig1,pre_cod_asig2,pre_cod_asig3,pre_cod_asig4,pre_cod_asig5,pre_cod_asig6,pre_cod_asig7 FROM tblaca009_p_int WHERE pensum='5' AND c_uni_ca='2' AND c_asigna='300428' [1][0] OK
C:[16/08/2013 14:11:49.68][190.198.249.184][1151] SELECT c_asigna FROM dace004 WHERE exp_e='11-21248043' AND c_asigna='300317' AND status IN ('0','3','B','C') [1][0] OK
C:[16/08/2013 14:11:49.68][190.198.249.184][1138] SELECT pre_cod_asig1,pre_cod_asig2,pre_cod_asig3,pre_cod_asig4,pre_cod_asig5,pre_cod_asig6,pre_cod_asig7 FROM tblaca009_p_int WHERE pensum='5' AND c_uni_ca='2' AND c_asigna='322436' [1][0] OK
C:[16/08/2013 14:11:49.68][190.198.249.184][1151] SELECT c_asigna FROM dace004 WHERE exp_e='11-21248043' AND c_asigna='320311' AND status IN ('0','3','B','C') [1][0] OK
C:[16/08/2013 14:11:49.10][190.198.249.184][1182] SELECT par_cod_asig1,par_cod_asig2,par_cod_asig3 FROM tblaca009_p_int WHERE pensum='5' AND c_uni_ca='2' AND c_asigna='300428' [1][0] OK
C:[16/08/2013 14:11:49.10][190.198.249.184][1182] SELECT par_cod_asig1,par_cod_asig2,par_cod_asig3 FROM tblaca009_p_int WHERE pensum='5' AND c_uni_ca='2' AND c_asigna='322436' [1][0] OK
C:[16/08/2013 14:11:49.36][190.198.249.184][1312] SELECT horas_lab FROM tblaca008 WHERE c_asigna='300428' AND horas_teoricas > 0 [1][0] OK
C:[16/08/2013 14:11:49.36][190.198.249.184][1312] SELECT horas_lab FROM tblaca008 WHERE c_asigna='322436' AND horas_teoricas > 0 [1][0] OK
C:[16/08/2013 14:11:54.41][181.184.105.179][1138] SELECT pre_cod_asig1,pre_cod_asig2,pre_cod_asig3,pre_cod_asig4,pre_cod_asig5,pre_cod_asig6,pre_cod_asig7 FROM tblaca009_p_int WHERE pensum='5' AND c_uni_ca='5' AND c_asigna='300105' [1][0] OK
C:[16/08/2013 14:11:54.54][181.184.105.179][1182] SELECT par_cod_asig1,par_cod_asig2,par_cod_asig3 FROM tblaca009_p_int WHERE pensum='5' AND c_uni_ca='5' AND c_asigna='300105' [1][0] OK
C:[16/08/2013 14:11:54.67][181.184.105.179][1312] SELECT horas_lab FROM tblaca008 WHERE c_asigna='300105' AND horas_teoricas > 0 [1][0] OK
C:[16/08/2013 14:12:43.39][190.201.175.202][1138] SELECT pre_cod_asig1,pre_cod_asig2,pre_cod_asig3,pre_cod_asig4,pre_cod_asig5,pre_cod_asig6,pre_cod_asig7 FROM tblaca009_p_int WHERE pensum='5' AND c_uni_ca='6' AND c_asigna='300101' [1][0] OK
C:[16/08/2013 14:12:43.45][190.201.175.202][1182] SELECT par_cod_asig1,par_cod_asig2,par_cod_asig3 FROM tblaca009_p_int WHERE pensum='5' AND c_uni_ca='6' AND c_asigna='300101' [1][0] OK
C:[16/08/2013 14:12:43.51][190.201.175.202][1312] SELECT horas_lab FROM tblaca008 WHERE c_asigna='300101' AND horas_teoricas > 0 [1][0] OK
C:[16/08/2013 14:12:58.97][190.201.175.202][1138] SELECT pre_cod_asig1,pre_cod_asig2,pre_cod_asig3,pre_cod_asig4,pre_cod_asig5,pre_cod_asig6,pre_cod_asig7 FROM tblaca009_p_int WHERE pensum='5' AND c_uni_ca='4' AND c_asigna='333809' [1][0] OK
C:[16/08/2013 14:12:58.97][190.201.175.202][1151] SELECT c_asigna FROM dace004 WHERE exp_e='07-19332209' AND c_asigna='333683' AND status IN ('0','3','B','C') [1][0] OK
C:[16/08/2013 14:12:58.97][190.201.175.202][1151] SELECT c_asigna FROM dace004 WHERE exp_e='07-19332209' AND c_asigna='333710' AND status IN ('0','3','B','C') [1][0] OK
C:[16/08/2013 14:12:58.35][190.201.175.202][1182] SELECT par_cod_asig1,par_cod_asig2,par_cod_asig3 FROM tblaca009_p_int WHERE pensum='5' AND c_uni_ca='4' AND c_asigna='333809' [1][0] OK
C:[16/08/2013 14:12:58.49][190.201.175.202][1312] SELECT horas_lab FROM tblaca008 WHERE c_asigna='333809' AND horas_teoricas > 0 [1][0] OK
C:[16/08/2013 14:13:07.41][190.36.27.222][1138] SELECT pre_cod_asig1,pre_cod_asig2,pre_cod_asig3,pre_cod_asig4,pre_cod_asig5,pre_cod_asig6,pre_cod_asig7 FROM tblaca009_p_int WHERE pensum='5' AND c_uni_ca='3' AND c_asigna='300101' [1][0] OK
C:[16/08/2013 14:13:07.10][190.36.27.222][1182] SELECT par_cod_asig1,par_cod_asig2,par_cod_asig3 FROM tblaca009_p_int WHERE pensum='5' AND c_uni_ca='3' AND c_asigna='300101' [1][0] OK
C:[16/08/2013 14:13:07.24][190.36.27.222][1312] SELECT horas_lab FROM tblaca008 WHERE c_asigna='300101' AND horas_teoricas > 0 [1][0] OK
C:[16/08/2013 14:13:09.00][190.206.94.229][1138] SELECT pre_cod_asig1,pre_cod_asig2,pre_cod_asig3,pre_cod_asig4,pre_cod_asig5,pre_cod_asig6,pre_cod_asig7 FROM tblaca009_p_int WHERE pensum='5' AND c_uni_ca='2' AND c_asigna='300112' [1][0] OK
C:[16/08/2013 14:13:09.00][190.206.94.229][1138] SELECT pre_cod_asig1,pre_cod_asig2,pre_cod_asig3,pre_cod_asig4,pre_cod_asig5,pre_cod_asig6,pre_cod_asig7 FROM tblaca009_p_int WHERE pensum='5' AND c_uni_ca='2' AND c_asigna='320323' [1][0] OK
C:[16/08/2013 14:13:09.00][190.206.94.229][1151] SELECT c_asigna FROM dace004 WHERE exp_e='10-22820598' AND c_asigna='300228' AND status IN ('0','3','B','C') [1][0] OK
C:[16/08/2013 14:13:09.00][190.206.94.229][1151] SELECT c_asigna FROM dace004 WHERE exp_e='10-22820598' AND c_asigna='300218' AND status IN ('0','3','B','C') [1][0] OK
C:[16/08/2013 14:13:09.51][190.206.94.229][1182] SELECT par_cod_asig1,par_cod_asig2,par_cod_asig3 FROM tblaca009_p_int WHERE pensum='5' AND c_uni_ca='2' AND c_asigna='300112' [1][0] OK
C:[16/08/2013 14:13:09.51][190.206.94.229][1182] SELECT par_cod_asig1,par_cod_asig2,par_cod_asig3 FROM tblaca009_p_int WHERE pensum='5' AND c_uni_ca='2' AND c_asigna='320323' [1][0] OK
C:[16/08/2013 14:13:09.76][190.206.94.229][1312] SELECT horas_lab FROM tblaca008 WHERE c_asigna='300112' AND horas_teoricas > 0 [1][0] OK
C:[16/08/2013 14:13:09.76][190.206.94.229][1312] SELECT horas_lab FROM tblaca008 WHERE c_asigna='320323' AND horas_teoricas > 0 [1][0] OK
C:[16/08/2013 14:13:24.40][190.74.180.126][1138] SELECT pre_cod_asig1,pre_cod_asig2,pre_cod_asig3,pre_cod_asig4,pre_cod_asig5,pre_cod_asig6,pre_cod_asig7 FROM tblaca009_p_int WHERE pensum='5' AND c_uni_ca='2' AND c_asigna='322702' [1][0] OK
C:[16/08/2013 14:13:24.40][190.74.180.126][1151] SELECT c_asigna FROM dace004 WHERE exp_e='08-20286750' AND c_asigna='322683' AND status IN ('0','3','B','C') [1][0] OK
C:[16/08/2013 14:13:24.72][190.74.180.126][1182] SELECT par_cod_asig1,par_cod_asig2,par_cod_asig3 FROM tblaca009_p_int WHERE pensum='5' AND c_uni_ca='2' AND c_asigna='322702' [1][0] OK
C:[16/08/2013 14:13:25.85][190.74.180.126][1312] SELECT horas_lab FROM tblaca008 WHERE c_asigna='322702' AND horas_teoricas > 0 [1][0] OK
C:[16/08/2013 14:13:25.57][190.39.5.74][1138] SELECT pre_cod_asig1,pre_cod_asig2,pre_cod_asig3,pre_cod_asig4,pre_cod_asig5,pre_cod_asig6,pre_cod_asig7 FROM tblaca009_p_int WHERE pensum='5' AND c_uni_ca='3' AND c_asigna='300101' [1][0] OK
C:[16/08/2013 14:13:25.71][190.39.5.74][1182] SELECT par_cod_asig1,par_cod_asig2,par_cod_asig3 FROM tblaca009_p_int WHERE pensum='5' AND c_uni_ca='3' AND c_asigna='300101' [1][0] OK
C:[16/08/2013 14:13:25.85][190.39.5.74][1312] SELECT horas_lab FROM tblaca008 WHERE c_asigna='300101' AND horas_teoricas > 0 [1][0] OK
C:[16/08/2013 14:13:25.65][172.16.3.75][1138] SELECT pre_cod_asig1,pre_cod_asig2,pre_cod_asig3,pre_cod_asig4,pre_cod_asig5,pre_cod_asig6,pre_cod_asig7 FROM tblaca009_p_int WHERE pensum='5' AND c_uni_ca='2' AND c_asigna='322436' [1][0] OK
C:[16/08/2013 14:13:25.65][172.16.3.75][1151] SELECT c_asigna FROM dace004 WHERE exp_e='08-20403599' AND c_asigna='320311' AND status IN ('0','3','B','C') [1][0] OK
C:[16/08/2013 14:13:25.65][172.16.3.75][1138] SELECT pre_cod_asig1,pre_cod_asig2,pre_cod_asig3,pre_cod_asig4,pre_cod_asig5,pre_cod_asig6,pre_cod_asig7 FROM tblaca009_p_int WHERE pensum='5' AND c_uni_ca='2' AND c_asigna='322560' [1][0] OK
C:[16/08/2013 14:13:25.02][172.16.3.75][1182] SELECT par_cod_asig1,par_cod_asig2,par_cod_asig3 FROM tblaca009_p_int WHERE pensum='5' AND c_uni_ca='2' AND c_asigna='322436' [1][0] OK
C:[16/08/2013 14:13:25.02][172.16.3.75][1182] SELECT par_cod_asig1,par_cod_asig2,par_cod_asig3 FROM tblaca009_p_int WHERE pensum='5' AND c_uni_ca='2' AND c_asigna='322560' [1][0] OK
C:[16/08/2013 14:13:25.02][172.16.3.75][1196] SELECT c_asigna FROM dace004 WHERE exp_e='08-20403599' AND c_asigna='323528' AND status IN ('0','3','B','C') [0][0] OK
C:[16/08/2013 14:13:25.42][172.16.3.75][1312] SELECT horas_lab FROM tblaca008 WHERE c_asigna='322436' AND horas_teoricas > 0 [1][0] OK
C:[16/08/2013 14:13:25.42][172.16.3.75][1312] SELECT horas_lab FROM tblaca008 WHERE c_asigna='322560' AND horas_teoricas > 0 [1][0] OK
C:[16/08/2013 14:13:29.38][186.14.195.243][1138] SELECT pre_cod_asig1,pre_cod_asig2,pre_cod_asig3,pre_cod_asig4,pre_cod_asig5,pre_cod_asig6,pre_cod_asig7 FROM tblaca009_p_int WHERE pensum='5' AND c_uni_ca='4' AND c_asigna='333639' [1][0] OK
C:[16/08/2013 14:13:29.38][186.14.195.243][1151] SELECT c_asigna FROM dace004 WHERE exp_e='10-21109624' AND c_asigna='333585' AND status IN ('0','3','B','C') [1][0] OK
C:[16/08/2013 14:13:29.61][186.14.195.243][1182] SELECT par_cod_asig1,par_cod_asig2,par_cod_asig3 FROM tblaca009_p_int WHERE pensum='5' AND c_uni_ca='4' AND c_asigna='333639' [1][0] OK
C:[16/08/2013 14:13:29.75][186.14.195.243][1312] SELECT horas_lab FROM tblaca008 WHERE c_asigna='333639' AND horas_teoricas > 0 [1][0] OK
C:[16/08/2013 14:13:47.98][201.243.111.233][1138] SELECT pre_cod_asig1,pre_cod_asig2,pre_cod_asig3,pre_cod_asig4,pre_cod_asig5,pre_cod_asig6,pre_cod_asig7 FROM tblaca009_p_int WHERE pensum='5' AND c_uni_ca='3' AND c_asigna='300870' [1][0] OK
C:[16/08/2013 14:13:47.67][201.243.111.233][1182] SELECT par_cod_asig1,par_cod_asig2,par_cod_asig3 FROM tblaca009_p_int WHERE pensum='5' AND c_uni_ca='3' AND c_asigna='300870' [1][0] OK
C:[16/08/2013 14:13:47.90][201.243.111.233][1312] SELECT horas_lab FROM tblaca008 WHERE c_asigna='300870' AND horas_teoricas > 0 [1][0] OK
C:[16/08/2013 14:14:01.44][186.94.82.133][1138] SELECT pre_cod_asig1,pre_cod_asig2,pre_cod_asig3,pre_cod_asig4,pre_cod_asig5,pre_cod_asig6,pre_cod_asig7 FROM tblaca009_p_int WHERE pensum='5' AND c_uni_ca='4' AND c_asigna='333611' [1][0] OK
C:[16/08/2013 14:14:01.44][186.94.82.133][1151] SELECT c_asigna FROM dace004 WHERE exp_e='07-18386626' AND c_asigna='333584' AND status IN ('0','3','B','C') [1][0] OK
C:[16/08/2013 14:14:01.44][186.94.82.133][1138] SELECT pre_cod_asig1,pre_cod_asig2,pre_cod_asig3,pre_cod_asig4,pre_cod_asig5,pre_cod_asig6,pre_cod_asig7 FROM tblaca009_p_int WHERE pensum='5' AND c_uni_ca='4' AND c_asigna='333683' [1][0] OK
C:[16/08/2013 14:14:01.44][186.94.82.133][1151] SELECT c_asigna FROM dace004 WHERE exp_e='07-18386626' AND c_asigna='333564' AND status IN ('0','3','B','C') [1][0] OK
C:[16/08/2013 14:14:01.04][186.94.82.133][1182] SELECT par_cod_asig1,par_cod_asig2,par_cod_asig3 FROM tblaca009_p_int WHERE pensum='5' AND c_uni_ca='4' AND c_asigna='333611' [1][0] OK
C:[16/08/2013 14:14:01.04][186.94.82.133][1182] SELECT par_cod_asig1,par_cod_asig2,par_cod_asig3 FROM tblaca009_p_int WHERE pensum='5' AND c_uni_ca='4' AND c_asigna='333683' [1][0] OK
C:[16/08/2013 14:14:01.33][186.94.82.133][1312] SELECT horas_lab FROM tblaca008 WHERE c_asigna='333611' AND horas_teoricas > 0 [1][0] OK
C:[16/08/2013 14:14:01.33][186.94.82.133][1312] SELECT horas_lab FROM tblaca008 WHERE c_asigna='333683' AND horas_teoricas > 0 [1][0] OK
C:[16/08/2013 14:14:01.78][190.204.199.31][1138] SELECT pre_cod_asig1,pre_cod_asig2,pre_cod_asig3,pre_cod_asig4,pre_cod_asig5,pre_cod_asig6,pre_cod_asig7 FROM tblaca009_p_int WHERE pensum='5' AND c_uni_ca='3' AND c_asigna='311796' [1][0] OK
C:[16/08/2013 14:14:01.78][190.204.199.31][1151] SELECT c_asigna FROM dace004 WHERE exp_e='06-19094261' AND c_asigna='315671' AND status IN ('0','3','B','C') [1][0] OK
C:[16/08/2013 14:14:01.94][190.204.199.31][1182] SELECT par_cod_asig1,par_cod_asig2,par_cod_asig3 FROM tblaca009_p_int WHERE pensum='5' AND c_uni_ca='3' AND c_asigna='311796' [1][0] OK
C:[16/08/2013 14:14:01.08][190.204.199.31][1312] SELECT horas_lab FROM tblaca008 WHERE c_asigna='311796' AND horas_teoricas > 0 [1][0] OK
C:[16/08/2013 14:14:10.84][186.89.178.19][1138] SELECT pre_cod_asig1,pre_cod_asig2,pre_cod_asig3,pre_cod_asig4,pre_cod_asig5,pre_cod_asig6,pre_cod_asig7 FROM tblaca009_p_int WHERE pensum='5' AND c_uni_ca='5' AND c_asigna='300226' [1][0] OK
C:[16/08/2013 14:14:10.84][186.89.178.19][1151] SELECT c_asigna FROM dace004 WHERE exp_e='00-15632304' AND c_asigna='300116' AND status IN ('0','3','B','C') [1][0] OK
C:[16/08/2013 14:14:11.25][186.89.178.19][1182] SELECT par_cod_asig1,par_cod_asig2,par_cod_asig3 FROM tblaca009_p_int WHERE pensum='5' AND c_uni_ca='5' AND c_asigna='300226' [1][0] OK
C:[16/08/2013 14:14:11.14][186.89.178.19][1312] SELECT horas_lab FROM tblaca008 WHERE c_asigna='300226' AND horas_teoricas > 0 [1][0] OK
C:[16/08/2013 14:14:14.19][186.88.129.241][1138] SELECT pre_cod_asig1,pre_cod_asig2,pre_cod_asig3,pre_cod_asig4,pre_cod_asig5,pre_cod_asig6,pre_cod_asig7 FROM tblaca009_p_int WHERE pensum='5' AND c_uni_ca='2' AND c_asigna='320311' [1][0] OK
C:[16/08/2013 14:14:14.19][186.88.129.241][1151] SELECT c_asigna FROM dace004 WHERE exp_e='11-25859351' AND c_asigna='300013' AND status IN ('0','3','B','C') [1][0] OK
C:[16/08/2013 14:14:14.19][186.88.129.241][1151] SELECT c_asigna FROM dace004 WHERE exp_e='11-25859351' AND c_asigna='300113' AND status IN ('0','3','B','C') [1][0] OK
C:[16/08/2013 14:14:14.56][186.88.129.241][1182] SELECT par_cod_asig1,par_cod_asig2,par_cod_asig3 FROM tblaca009_p_int WHERE pensum='5' AND c_uni_ca='2' AND c_asigna='320311' [1][0] OK
C:[16/08/2013 14:14:14.70][186.88.129.241][1312] SELECT horas_lab FROM tblaca008 WHERE c_asigna='320311' AND horas_teoricas > 0 [1][0] OK
C:[16/08/2013 14:14:15.39][190.201.175.202][1138] SELECT pre_cod_asig1,pre_cod_asig2,pre_cod_asig3,pre_cod_asig4,pre_cod_asig5,pre_cod_asig6,pre_cod_asig7 FROM tblaca009_p_int WHERE pensum='5' AND c_uni_ca='4' AND c_asigna='300105' [1][0] OK
C:[16/08/2013 14:14:15.39][190.201.175.202][1138] SELECT pre_cod_asig1,pre_cod_asig2,pre_cod_asig3,pre_cod_asig4,pre_cod_asig5,pre_cod_asig6,pre_cod_asig7 FROM tblaca009_p_int WHERE pensum='5' AND c_uni_ca='4' AND c_asigna='300112' [1][0] OK
C:[16/08/2013 14:14:15.39][190.201.175.202][1138] SELECT pre_cod_asig1,pre_cod_asig2,pre_cod_asig3,pre_cod_asig4,pre_cod_asig5,pre_cod_asig6,pre_cod_asig7 FROM tblaca009_p_int WHERE pensum='5' AND c_uni_ca='4' AND c_asigna='300116' [1][0] OK
C:[16/08/2013 14:14:15.77][190.201.175.202][1182] SELECT par_cod_asig1,par_cod_asig2,par_cod_asig3 FROM tblaca009_p_int WHERE pensum='5' AND c_uni_ca='4' AND c_asigna='300105' [1][0] OK
C:[16/08/2013 14:14:15.77][190.201.175.202][1182] SELECT par_cod_asig1,par_cod_asig2,par_cod_asig3 FROM tblaca009_p_int WHERE pensum='5' AND c_uni_ca='4' AND c_asigna='300112' [1][0] OK
C:[16/08/2013 14:14:15.77][190.201.175.202][1182] SELECT par_cod_asig1,par_cod_asig2,par_cod_asig3 FROM tblaca009_p_int WHERE pensum='5' AND c_uni_ca='4' AND c_asigna='300116' [1][0] OK
C:[16/08/2013 14:14:15.16][190.201.175.202][1312] SELECT horas_lab FROM tblaca008 WHERE c_asigna='300105' AND horas_teoricas > 0 [1][0] OK
C:[16/08/2013 14:14:15.16][190.201.175.202][1312] SELECT horas_lab FROM tblaca008 WHERE c_asigna='300112' AND horas_teoricas > 0 [1][0] OK
C:[16/08/2013 14:14:15.16][190.201.175.202][1312] SELECT horas_lab FROM tblaca008 WHERE c_asigna='300116' AND horas_teoricas > 0 [1][0] OK
C:[16/08/2013 14:14:19.88][190.201.175.202][1138] SELECT pre_cod_asig1,pre_cod_asig2,pre_cod_asig3,pre_cod_asig4,pre_cod_asig5,pre_cod_asig6,pre_cod_asig7 FROM tblaca009_p_int WHERE pensum='5' AND c_uni_ca='4' AND c_asigna='300101' [1][0] OK
C:[16/08/2013 14:14:19.01][190.201.175.202][1182] SELECT par_cod_asig1,par_cod_asig2,par_cod_asig3 FROM tblaca009_p_int WHERE pensum='5' AND c_uni_ca='4' AND c_asigna='300101' [1][0] OK
C:[16/08/2013 14:14:19.14][190.201.175.202][1312] SELECT horas_lab FROM tblaca008 WHERE c_asigna='300101' AND horas_teoricas > 0 [1][0] OK
C:[16/08/2013 14:14:19.82][186.167.242.52][1138] SELECT pre_cod_asig1,pre_cod_asig2,pre_cod_asig3,pre_cod_asig4,pre_cod_asig5,pre_cod_asig6,pre_cod_asig7 FROM tblaca009_p_int WHERE pensum='5' AND c_uni_ca='2' AND c_asigna='300013' [1][0] OK
C:[16/08/2013 14:14:19.94][186.167.242.52][1182] SELECT par_cod_asig1,par_cod_asig2,par_cod_asig3 FROM tblaca009_p_int WHERE pensum='5' AND c_uni_ca='2' AND c_asigna='300013' [1][0] OK
C:[16/08/2013 14:14:19.09][186.167.242.52][1312] SELECT horas_lab FROM tblaca008 WHERE c_asigna='300013' AND horas_teoricas > 0 [1][0] OK
C:[16/08/2013 14:14:23.03][190.37.45.41][1138] SELECT pre_cod_asig1,pre_cod_asig2,pre_cod_asig3,pre_cod_asig4,pre_cod_asig5,pre_cod_asig6,pre_cod_asig7 FROM tblaca009_p_int WHERE pensum='5' AND c_uni_ca='2' AND c_asigna='300222' [1][0] OK
C:[16/08/2013 14:14:23.03][190.37.45.41][1151] SELECT c_asigna FROM dace004 WHERE exp_e='11-19868874' AND c_asigna='300112' AND status IN ('0','3','B','C') [1][0] OK
C:[16/08/2013 14:14:23.28][190.37.45.41][1182] SELECT par_cod_asig1,par_cod_asig2,par_cod_asig3 FROM tblaca009_p_int WHERE pensum='5' AND c_uni_ca='2' AND c_asigna='300222' [1][0] OK
C:[16/08/2013 14:14:23.41][190.37.45.41][1312] SELECT horas_lab FROM tblaca008 WHERE c_asigna='300222' AND horas_teoricas > 0 [1][0] OK
C:[16/08/2013 14:14:37.04][190.37.32.176][1138] SELECT pre_cod_asig1,pre_cod_asig2,pre_cod_asig3,pre_cod_asig4,pre_cod_asig5,pre_cod_asig6,pre_cod_asig7 FROM tblaca009_p_int WHERE pensum='5' AND c_uni_ca='6' AND c_asigna='344733' [1][0] OK
C:[16/08/2013 14:14:37.73][190.37.32.176][1182] SELECT par_cod_asig1,par_cod_asig2,par_cod_asig3 FROM tblaca009_p_int WHERE pensum='5' AND c_uni_ca='6' AND c_asigna='344733' [1][0] OK
C:[16/08/2013 14:14:37.45][190.37.32.176][1312] SELECT horas_lab FROM tblaca008 WHERE c_asigna='344733' AND horas_teoricas > 0 [1][0] OK
C:[16/08/2013 14:15:03.43][190.198.145.87][1138] SELECT pre_cod_asig1,pre_cod_asig2,pre_cod_asig3,pre_cod_asig4,pre_cod_asig5,pre_cod_asig6,pre_cod_asig7 FROM tblaca009_p_int WHERE pensum='5' AND c_uni_ca='6' AND c_asigna='340323' [1][0] OK
C:[16/08/2013 14:15:03.43][190.198.145.87][1151] SELECT c_asigna FROM dace004 WHERE exp_e='07-19127171' AND c_asigna='300228' AND status IN ('0','3','B','C') [1][0] OK
C:[16/08/2013 14:15:03.43][190.198.145.87][1151] SELECT c_asigna FROM dace004 WHERE exp_e='07-19127171' AND c_asigna='300207' AND status IN ('0','3','B','C') [1][0] OK
C:[16/08/2013 14:15:03.43][190.198.145.87][1138] SELECT pre_cod_asig1,pre_cod_asig2,pre_cod_asig3,pre_cod_asig4,pre_cod_asig5,pre_cod_asig6,pre_cod_asig7 FROM tblaca009_p_int WHERE pensum='5' AND c_uni_ca='6' AND c_asigna='340327' [1][0] OK
C:[16/08/2013 14:15:03.43][190.198.145.87][1151] SELECT c_asigna FROM dace004 WHERE exp_e='07-19127171' AND c_asigna='300013' AND status IN ('0','3','B','C') [1][0] OK
C:[16/08/2013 14:15:03.43][190.198.145.87][1151] SELECT c_asigna FROM dace004 WHERE exp_e='07-19127171' AND c_asigna='300113' AND status IN ('0','3','B','C') [1][0] OK
C:[16/08/2013 14:15:03.65][190.198.145.87][1182] SELECT par_cod_asig1,par_cod_asig2,par_cod_asig3 FROM tblaca009_p_int WHERE pensum='5' AND c_uni_ca='6' AND c_asigna='340323' [1][0] OK
C:[16/08/2013 14:15:03.65][190.198.145.87][1182] SELECT par_cod_asig1,par_cod_asig2,par_cod_asig3 FROM tblaca009_p_int WHERE pensum='5' AND c_uni_ca='6' AND c_asigna='340327' [1][0] OK
C:[16/08/2013 14:15:03.91][190.198.145.87][1312] SELECT horas_lab FROM tblaca008 WHERE c_asigna='340323' AND horas_teoricas > 0 [1][0] OK
C:[16/08/2013 14:15:03.91][190.198.145.87][1312] SELECT horas_lab FROM tblaca008 WHERE c_asigna='340327' AND horas_teoricas > 0 [1][0] OK
C:[16/08/2013 14:15:11.59][190.74.191.232][1138] SELECT pre_cod_asig1,pre_cod_asig2,pre_cod_asig3,pre_cod_asig4,pre_cod_asig5,pre_cod_asig6,pre_cod_asig7 FROM tblaca009_p_int WHERE pensum='5' AND c_uni_ca='3' AND c_asigna='311551' [1][0] OK
C:[16/08/2013 14:15:11.59][190.74.191.232][1151] SELECT c_asigna FROM dace004 WHERE exp_e='10-22824029' AND c_asigna='311430' AND status IN ('0','3','B','C') [1][0] OK
C:[16/08/2013 14:15:11.59][190.74.191.232][1138] SELECT pre_cod_asig1,pre_cod_asig2,pre_cod_asig3,pre_cod_asig4,pre_cod_asig5,pre_cod_asig6,pre_cod_asig7 FROM tblaca009_p_int WHERE pensum='5' AND c_uni_ca='3' AND c_asigna='315671' [1][0] OK
C:[16/08/2013 14:15:11.59][190.74.191.232][1151] SELECT c_asigna FROM dace004 WHERE exp_e='10-22824029' AND c_asigna='315552' AND status IN ('0','3','B','C') [1][0] OK
C:[16/08/2013 14:15:11.09][190.74.191.232][1182] SELECT par_cod_asig1,par_cod_asig2,par_cod_asig3 FROM tblaca009_p_int WHERE pensum='5' AND c_uni_ca='3' AND c_asigna='311551' [1][0] OK
C:[16/08/2013 14:15:11.09][190.74.191.232][1182] SELECT par_cod_asig1,par_cod_asig2,par_cod_asig3 FROM tblaca009_p_int WHERE pensum='5' AND c_uni_ca='3' AND c_asigna='315671' [1][0] OK
C:[16/08/2013 14:15:11.35][190.74.191.232][1312] SELECT horas_lab FROM tblaca008 WHERE c_asigna='311551' AND horas_teoricas > 0 [1][0] OK
C:[16/08/2013 14:15:11.35][190.74.191.232][1312] SELECT horas_lab FROM tblaca008 WHERE c_asigna='315671' AND horas_teoricas > 0 [1][0] OK
C:[16/08/2013 14:15:20.20][190.199.68.101][1138] SELECT pre_cod_asig1,pre_cod_asig2,pre_cod_asig3,pre_cod_asig4,pre_cod_asig5,pre_cod_asig6,pre_cod_asig7 FROM tblaca009_p_int WHERE pensum='5' AND c_uni_ca='3' AND c_asigna='312333' [1][0] OK
C:[16/08/2013 14:15:20.20][190.199.68.101][1151] SELECT c_asigna FROM dace004 WHERE exp_e='06-18886419' AND c_asigna='300228' AND status IN ('0','3','B','C') [1][0] OK
C:[16/08/2013 14:15:20.20][190.199.68.101][1138] SELECT pre_cod_asig1,pre_cod_asig2,pre_cod_asig3,pre_cod_asig4,pre_cod_asig5,pre_cod_asig6,pre_cod_asig7 FROM tblaca009_p_int WHERE pensum='5' AND c_uni_ca='3' AND c_asigna='311673' [1][0] OK
C:[16/08/2013 14:15:20.20][190.199.68.101][1151] SELECT c_asigna FROM dace004 WHERE exp_e='06-18886419' AND c_asigna='311551' AND status IN ('0','3','B','C') [1][0] OK
C:[16/08/2013 14:15:20.36][190.199.68.101][1182] SELECT par_cod_asig1,par_cod_asig2,par_cod_asig3 FROM tblaca009_p_int WHERE pensum='5' AND c_uni_ca='3' AND c_asigna='312333' [1][0] OK
C:[16/08/2013 14:15:20.36][190.199.68.101][1182] SELECT par_cod_asig1,par_cod_asig2,par_cod_asig3 FROM tblaca009_p_int WHERE pensum='5' AND c_uni_ca='3' AND c_asigna='311673' [1][0] OK
C:[16/08/2013 14:15:20.52][190.199.68.101][1312] SELECT horas_lab FROM tblaca008 WHERE c_asigna='312333' AND horas_teoricas > 0 [1][0] OK
C:[16/08/2013 14:15:20.52][190.199.68.101][1312] SELECT horas_lab FROM tblaca008 WHERE c_asigna='311673' AND horas_teoricas > 0 [1][0] OK
C:[16/08/2013 14:15:45.92][172.16.3.75][1138] SELECT pre_cod_asig1,pre_cod_asig2,pre_cod_asig3,pre_cod_asig4,pre_cod_asig5,pre_cod_asig6,pre_cod_asig7 FROM tblaca009_p_int WHERE pensum='5' AND c_uni_ca='2' AND c_asigna='322436' [1][0] OK
C:[16/08/2013 14:15:45.92][172.16.3.75][1151] SELECT c_asigna FROM dace004 WHERE exp_e='08-20403599' AND c_asigna='320311' AND status IN ('0','3','B','C') [1][0] OK
C:[16/08/2013 14:15:45.74][172.16.3.75][1182] SELECT par_cod_asig1,par_cod_asig2,par_cod_asig3 FROM tblaca009_p_int WHERE pensum='5' AND c_uni_ca='2' AND c_asigna='322436' [1][0] OK
C:[16/08/2013 14:15:45.95][172.16.3.75][1312] SELECT horas_lab FROM tblaca008 WHERE c_asigna='322436' AND horas_teoricas > 0 [1][0] OK
C:[16/08/2013 14:17:15.83][190.39.5.74][1138] SELECT pre_cod_asig1,pre_cod_asig2,pre_cod_asig3,pre_cod_asig4,pre_cod_asig5,pre_cod_asig6,pre_cod_asig7 FROM tblaca009_p_int WHERE pensum='5' AND c_uni_ca='2' AND c_asigna='300101' [1][0] OK
C:[16/08/2013 14:17:15.68][190.39.5.74][1138] SELECT pre_cod_asig1,pre_cod_asig2,pre_cod_asig3,pre_cod_asig4,pre_cod_asig5,pre_cod_asig6,pre_cod_asig7 FROM tblaca009_p_int WHERE pensum='5' AND c_uni_ca='2' AND c_asigna='300101' [1][0] OK
C:[16/08/2013 14:17:15.89][190.39.5.74][1182] SELECT par_cod_asig1,par_cod_asig2,par_cod_asig3 FROM tblaca009_p_int WHERE pensum='5' AND c_uni_ca='2' AND c_asigna='300101' [1][0] OK
C:[16/08/2013 14:17:15.05][190.39.5.74][1182] SELECT par_cod_asig1,par_cod_asig2,par_cod_asig3 FROM tblaca009_p_int WHERE pensum='5' AND c_uni_ca='2' AND c_asigna='300101' [1][0] OK
C:[16/08/2013 14:17:15.14][190.201.175.202][1138] SELECT pre_cod_asig1,pre_cod_asig2,pre_cod_asig3,pre_cod_asig4,pre_cod_asig5,pre_cod_asig6,pre_cod_asig7 FROM tblaca009_p_int WHERE pensum='5' AND c_uni_ca='6' AND c_asigna='300113' [1][0] OK
C:[16/08/2013 14:17:15.20][190.39.5.74][1312] SELECT horas_lab FROM tblaca008 WHERE c_asigna='300101' AND horas_teoricas > 0 [1][0] OK
C:[16/08/2013 14:17:15.03][190.39.5.74][1312] SELECT horas_lab FROM tblaca008 WHERE c_asigna='300101' AND horas_teoricas > 0 [1][0] OK
C:[16/08/2013 14:17:15.14][190.201.175.202][1138] SELECT pre_cod_asig1,pre_cod_asig2,pre_cod_asig3,pre_cod_asig4,pre_cod_asig5,pre_cod_asig6,pre_cod_asig7 FROM tblaca009_p_int WHERE pensum='5' AND c_uni_ca='6' AND c_asigna='300222' [1][0] OK
C:[16/08/2013 14:17:15.14][190.201.175.202][1151] SELECT c_asigna FROM dace004 WHERE exp_e='11-24035995' AND c_asigna='300112' AND status IN ('0','3','B','C') [1][0] OK
C:[16/08/2013 14:17:15.52][190.201.175.202][1182] SELECT par_cod_asig1,par_cod_asig2,par_cod_asig3 FROM tblaca009_p_int WHERE pensum='5' AND c_uni_ca='6' AND c_asigna='300113' [1][0] OK
C:[16/08/2013 14:17:15.52][190.201.175.202][1196] SELECT c_asigna FROM dace004 WHERE exp_e='11-24035995' AND c_asigna='300013' AND status IN ('0','3','B','C') [1][0] OK
C:[16/08/2013 14:17:15.52][190.201.175.202][1182] SELECT par_cod_asig1,par_cod_asig2,par_cod_asig3 FROM tblaca009_p_int WHERE pensum='5' AND c_uni_ca='6' AND c_asigna='300222' [1][0] OK
C:[16/08/2013 14:17:15.91][190.201.175.202][1312] SELECT horas_lab FROM tblaca008 WHERE c_asigna='300113' AND horas_teoricas > 0 [0][0] OK
C:[16/08/2013 14:17:15.91][190.201.175.202][1312] SELECT horas_lab FROM tblaca008 WHERE c_asigna='300222' AND horas_teoricas > 0 [1][0] OK
C:[16/08/2013 14:17:18.68][186.167.242.52][1138] SELECT pre_cod_asig1,pre_cod_asig2,pre_cod_asig3,pre_cod_asig4,pre_cod_asig5,pre_cod_asig6,pre_cod_asig7 FROM tblaca009_p_int WHERE pensum='5' AND c_uni_ca='2' AND c_asigna='300013' [1][0] OK
C:[16/08/2013 14:17:18.81][186.167.242.52][1182] SELECT par_cod_asig1,par_cod_asig2,par_cod_asig3 FROM tblaca009_p_int WHERE pensum='5' AND c_uni_ca='2' AND c_asigna='300013' [1][0] OK
C:[16/08/2013 14:17:18.94][186.167.242.52][1312] SELECT horas_lab FROM tblaca008 WHERE c_asigna='300013' AND horas_teoricas > 0 [1][0] OK
C:[16/08/2013 14:17:49.77][190.73.225.166][1138] SELECT pre_cod_asig1,pre_cod_asig2,pre_cod_asig3,pre_cod_asig4,pre_cod_asig5,pre_cod_asig6,pre_cod_asig7 FROM tblaca009_p_int WHERE pensum='5' AND c_uni_ca='4' AND c_asigna='300116' [1][0] OK
C:[16/08/2013 14:17:49.77][190.73.225.166][1138] SELECT pre_cod_asig1,pre_cod_asig2,pre_cod_asig3,pre_cod_asig4,pre_cod_asig5,pre_cod_asig6,pre_cod_asig7 FROM tblaca009_p_int WHERE pensum='5' AND c_uni_ca='4' AND c_asigna='300207' [1][0] OK
C:[16/08/2013 14:17:49.77][190.73.225.166][1151] SELECT c_asigna FROM dace004 WHERE exp_e='12-25081412' AND c_asigna='300101' AND status IN ('0','3','B','C') [1][0] OK
C:[16/08/2013 14:17:49.81][190.73.225.166][1182] SELECT par_cod_asig1,par_cod_asig2,par_cod_asig3 FROM tblaca009_p_int WHERE pensum='5' AND c_uni_ca='4' AND c_asigna='300116' [1][0] OK
C:[16/08/2013 14:17:49.81][190.73.225.166][1182] SELECT par_cod_asig1,par_cod_asig2,par_cod_asig3 FROM tblaca009_p_int WHERE pensum='5' AND c_uni_ca='4' AND c_asigna='300207' [1][0] OK
C:[16/08/2013 14:17:49.05][190.73.225.166][1312] SELECT horas_lab FROM tblaca008 WHERE c_asigna='300116' AND horas_teoricas > 0 [1][0] OK
C:[16/08/2013 14:17:49.05][190.73.225.166][1312] SELECT horas_lab FROM tblaca008 WHERE c_asigna='300207' AND horas_teoricas > 0 [1][0] OK
C:[16/08/2013 14:18:18.00][190.204.209.136][1138] SELECT pre_cod_asig1,pre_cod_asig2,pre_cod_asig3,pre_cod_asig4,pre_cod_asig5,pre_cod_asig6,pre_cod_asig7 FROM tblaca009_p_int WHERE pensum='5' AND c_uni_ca='3' AND c_asigna='300209' [1][0] OK
C:[16/08/2013 14:18:18.00][190.204.209.136][1151] SELECT c_asigna FROM dace004 WHERE exp_e='12-25392155' AND c_asigna='300101' AND status IN ('0','3','B','C') [1][0] OK
C:[16/08/2013 14:18:18.00][190.204.209.136][1138] SELECT pre_cod_asig1,pre_cod_asig2,pre_cod_asig3,pre_cod_asig4,pre_cod_asig5,pre_cod_asig6,pre_cod_asig7 FROM tblaca009_p_int WHERE pensum='5' AND c_uni_ca='3' AND c_asigna='300226' [1][0] OK
C:[16/08/2013 14:18:18.00][190.204.209.136][1151] SELECT c_asigna FROM dace004 WHERE exp_e='12-25392155' AND c_asigna='300116' AND status IN ('0','3','B','C') [1][0] OK
C:[16/08/2013 14:18:18.96][190.204.209.136][1182] SELECT par_cod_asig1,par_cod_asig2,par_cod_asig3 FROM tblaca009_p_int WHERE pensum='5' AND c_uni_ca='3' AND c_asigna='300209' [1][0] OK
C:[16/08/2013 14:18:18.96][190.204.209.136][1182] SELECT par_cod_asig1,par_cod_asig2,par_cod_asig3 FROM tblaca009_p_int WHERE pensum='5' AND c_uni_ca='3' AND c_asigna='300226' [1][0] OK
C:[16/08/2013 14:18:18.26][190.204.209.136][1312] SELECT horas_lab FROM tblaca008 WHERE c_asigna='300209' AND horas_teoricas > 0 [1][0] OK
C:[16/08/2013 14:18:18.26][190.204.209.136][1312] SELECT horas_lab FROM tblaca008 WHERE c_asigna='300226' AND horas_teoricas > 0 [1][0] OK
C:[16/08/2013 14:18:35.86][190.94.250.110][1138] SELECT pre_cod_asig1,pre_cod_asig2,pre_cod_asig3,pre_cod_asig4,pre_cod_asig5,pre_cod_asig6,pre_cod_asig7 FROM tblaca009_p_int WHERE pensum='5' AND c_uni_ca='6' AND c_asigna='344733' [1][0] OK
C:[16/08/2013 14:18:35.86][190.94.250.110][1138] SELECT pre_cod_asig1,pre_cod_asig2,pre_cod_asig3,pre_cod_asig4,pre_cod_asig5,pre_cod_asig6,pre_cod_asig7 FROM tblaca009_p_int WHERE pensum='5' AND c_uni_ca='6' AND c_asigna='300956' [1][0] OK
C:[16/08/2013 14:18:35.86][190.94.250.110][1151] SELECT c_asigna FROM dace004 WHERE exp_e='09-20807044' AND c_asigna='300422' AND status IN ('0','3','B','C') [1][0] OK
C:[16/08/2013 14:18:35.79][190.94.250.110][1182] SELECT par_cod_asig1,par_cod_asig2,par_cod_asig3 FROM tblaca009_p_int WHERE pensum='5' AND c_uni_ca='6' AND c_asigna='344733' [1][0] OK
C:[16/08/2013 14:18:35.79][190.94.250.110][1182] SELECT par_cod_asig1,par_cod_asig2,par_cod_asig3 FROM tblaca009_p_int WHERE pensum='5' AND c_uni_ca='6' AND c_asigna='300956' [1][0] OK
C:[16/08/2013 14:18:35.07][190.94.250.110][1312] SELECT horas_lab FROM tblaca008 WHERE c_asigna='344733' AND horas_teoricas > 0 [1][0] OK
C:[16/08/2013 14:18:35.07][190.94.250.110][1312] SELECT horas_lab FROM tblaca008 WHERE c_asigna='300956' AND horas_teoricas > 0 [1][0] OK
C:[16/08/2013 14:18:47.81][181.182.186.68][1138] SELECT pre_cod_asig1,pre_cod_asig2,pre_cod_asig3,pre_cod_asig4,pre_cod_asig5,pre_cod_asig6,pre_cod_asig7 FROM tblaca009_p_int WHERE pensum='5' AND c_uni_ca='5' AND c_asigna='300317' [1][0] OK
C:[16/08/2013 14:18:47.81][181.182.186.68][1151] SELECT c_asigna FROM dace004 WHERE exp_e='08-20505798' AND c_asigna='300207' AND status IN ('0','3','B','C') [1][0] OK
C:[16/08/2013 14:18:47.81][181.182.186.68][1151] SELECT c_asigna FROM dace004 WHERE exp_e='08-20505798' AND c_asigna='300209' AND status IN ('0','3','B','C') [1][0] OK
C:[16/08/2013 14:18:47.18][181.182.186.68][1182] SELECT par_cod_asig1,par_cod_asig2,par_cod_asig3 FROM tblaca009_p_int WHERE pensum='5' AND c_uni_ca='5' AND c_asigna='300317' [1][0] OK
C:[16/08/2013 14:18:47.32][181.182.186.68][1312] SELECT horas_lab FROM tblaca008 WHERE c_asigna='300317' AND horas_teoricas > 0 [1][0] OK
C:[16/08/2013 14:18:50.72][200.84.79.199][1138] SELECT pre_cod_asig1,pre_cod_asig2,pre_cod_asig3,pre_cod_asig4,pre_cod_asig5,pre_cod_asig6,pre_cod_asig7 FROM tblaca009_p_int WHERE pensum='5' AND c_uni_ca='2' AND c_asigna='300013' [1][0] OK
C:[16/08/2013 14:18:50.72][200.84.79.199][1138] SELECT pre_cod_asig1,pre_cod_asig2,pre_cod_asig3,pre_cod_asig4,pre_cod_asig5,pre_cod_asig6,pre_cod_asig7 FROM tblaca009_p_int WHERE pensum='5' AND c_uni_ca='2' AND c_asigna='300101' [1][0] OK
C:[16/08/2013 14:18:50.97][200.84.79.199][1182] SELECT par_cod_asig1,par_cod_asig2,par_cod_asig3 FROM tblaca009_p_int WHERE pensum='5' AND c_uni_ca='2' AND c_asigna='300013' [1][0] OK
C:[16/08/2013 14:18:50.97][200.84.79.199][1182] SELECT par_cod_asig1,par_cod_asig2,par_cod_asig3 FROM tblaca009_p_int WHERE pensum='5' AND c_uni_ca='2' AND c_asigna='300101' [1][0] OK
C:[16/08/2013 14:18:50.24][200.84.79.199][1312] SELECT horas_lab FROM tblaca008 WHERE c_asigna='300013' AND horas_teoricas > 0 [1][0] OK
C:[16/08/2013 14:18:50.24][200.84.79.199][1312] SELECT horas_lab FROM tblaca008 WHERE c_asigna='300101' AND horas_teoricas > 0 [1][0] OK
C:[16/08/2013 14:19:14.49][190.201.175.202][1138] SELECT pre_cod_asig1,pre_cod_asig2,pre_cod_asig3,pre_cod_asig4,pre_cod_asig5,pre_cod_asig6,pre_cod_asig7 FROM tblaca009_p_int WHERE pensum='5' AND c_uni_ca='3' AND c_asigna='300222' [1][0] OK
C:[16/08/2013 14:19:14.49][190.201.175.202][1151] SELECT c_asigna FROM dace004 WHERE exp_e='12-24040955' AND c_asigna='300112' AND status IN ('0','3','B','C') [1][0] OK
C:[16/08/2013 14:19:14.49][190.201.175.202][1138] SELECT pre_cod_asig1,pre_cod_asig2,pre_cod_asig3,pre_cod_asig4,pre_cod_asig5,pre_cod_asig6,pre_cod_asig7 FROM tblaca009_p_int WHERE pensum='5' AND c_uni_ca='3' AND c_asigna='312333' [1][0] OK
C:[16/08/2013 14:19:14.49][190.201.175.202][1151] SELECT c_asigna FROM dace004 WHERE exp_e='12-24040955' AND c_asigna='300228' AND status IN ('0','3','B','C') [1][0] OK
C:[16/08/2013 14:19:14.58][190.201.175.202][1182] SELECT par_cod_asig1,par_cod_asig2,par_cod_asig3 FROM tblaca009_p_int WHERE pensum='5' AND c_uni_ca='3' AND c_asigna='300222' [1][0] OK
C:[16/08/2013 14:19:14.58][190.201.175.202][1182] SELECT par_cod_asig1,par_cod_asig2,par_cod_asig3 FROM tblaca009_p_int WHERE pensum='5' AND c_uni_ca='3' AND c_asigna='312333' [1][0] OK
C:[16/08/2013 14:19:14.82][190.201.175.202][1312] SELECT horas_lab FROM tblaca008 WHERE c_asigna='300222' AND horas_teoricas > 0 [1][0] OK
C:[16/08/2013 14:19:14.82][190.201.175.202][1312] SELECT horas_lab FROM tblaca008 WHERE c_asigna='312333' AND horas_teoricas > 0 [1][0] OK
C:[16/08/2013 14:19:46.88][200.71.186.131][1138] SELECT pre_cod_asig1,pre_cod_asig2,pre_cod_asig3,pre_cod_asig4,pre_cod_asig5,pre_cod_asig6,pre_cod_asig7 FROM tblaca009_p_int WHERE pensum='5' AND c_uni_ca='6' AND c_asigna='342559' [1][0] OK
C:[16/08/2013 14:19:46.88][200.71.186.131][1151] SELECT c_asigna FROM dace004 WHERE exp_e='07-19332580' AND c_asigna='342436' AND status IN ('0','3','B','C') [1][0] OK
C:[16/08/2013 14:19:46.69][200.71.186.131][1182] SELECT par_cod_asig1,par_cod_asig2,par_cod_asig3 FROM tblaca009_p_int WHERE pensum='5' AND c_uni_ca='6' AND c_asigna='342559' [1][0] OK
C:[16/08/2013 14:19:46.83][200.71.186.131][1312] SELECT horas_lab FROM tblaca008 WHERE c_asigna='342559' AND horas_teoricas > 0 [1][0] OK
C:[16/08/2013 14:19:55.99][186.89.191.217][1138] SELECT pre_cod_asig1,pre_cod_asig2,pre_cod_asig3,pre_cod_asig4,pre_cod_asig5,pre_cod_asig6,pre_cod_asig7 FROM tblaca009_p_int WHERE pensum='5' AND c_uni_ca='2' AND c_asigna='300101' [1][0] OK
C:[16/08/2013 14:19:55.11][186.89.191.217][1182] SELECT par_cod_asig1,par_cod_asig2,par_cod_asig3 FROM tblaca009_p_int WHERE pensum='5' AND c_uni_ca='2' AND c_asigna='300101' [1][0] OK
C:[16/08/2013 14:19:55.50][186.89.191.217][1312] SELECT horas_lab FROM tblaca008 WHERE c_asigna='300101' AND horas_teoricas > 0 [1][0] OK
C:[16/08/2013 14:20:12.40][190.205.15.176][1138] SELECT pre_cod_asig1,pre_cod_asig2,pre_cod_asig3,pre_cod_asig4,pre_cod_asig5,pre_cod_asig6,pre_cod_asig7 FROM tblaca009_p_int WHERE pensum='5' AND c_uni_ca='6' AND c_asigna='300222' [1][0] OK
C:[16/08/2013 14:20:12.40][190.205.15.176][1151] SELECT c_asigna FROM dace004 WHERE exp_e='12-20885597' AND c_asigna='300112' AND status IN ('0','3','B','C') [1][0] OK
C:[16/08/2013 14:20:12.22][190.205.15.176][1182] SELECT par_cod_asig1,par_cod_asig2,par_cod_asig3 FROM tblaca009_p_int WHERE pensum='5' AND c_uni_ca='6' AND c_asigna='300222' [1][0] OK
C:[16/08/2013 14:20:13.35][190.205.15.176][1312] SELECT horas_lab FROM tblaca008 WHERE c_asigna='300222' AND horas_teoricas > 0 [1][0] OK
C:[16/08/2013 14:20:14.29][190.206.49.208][1138] SELECT pre_cod_asig1,pre_cod_asig2,pre_cod_asig3,pre_cod_asig4,pre_cod_asig5,pre_cod_asig6,pre_cod_asig7 FROM tblaca009_p_int WHERE pensum='5' AND c_uni_ca='4' AND c_asigna='330435' [1][0] OK
C:[16/08/2013 14:20:14.29][190.206.49.208][1138] SELECT pre_cod_asig1,pre_cod_asig2,pre_cod_asig3,pre_cod_asig4,pre_cod_asig5,pre_cod_asig6,pre_cod_asig7 FROM tblaca009_p_int WHERE pensum='5' AND c_uni_ca='4' AND c_asigna='333639' [1][0] OK
C:[16/08/2013 14:20:14.29][190.206.49.208][1151] SELECT c_asigna FROM dace004 WHERE exp_e='10-21197653' AND c_asigna='333585' AND status IN ('0','3','B','C') [1][0] OK
C:[16/08/2013 14:20:14.29][190.206.49.208][1138] SELECT pre_cod_asig1,pre_cod_asig2,pre_cod_asig3,pre_cod_asig4,pre_cod_asig5,pre_cod_asig6,pre_cod_asig7 FROM tblaca009_p_int WHERE pensum='5' AND c_uni_ca='4' AND c_asigna='333838' [1][0] OK
C:[16/08/2013 14:20:14.29][190.206.49.208][1151] SELECT c_asigna FROM dace004 WHERE exp_e='10-21197653' AND c_asigna='333563' AND status IN ('0','3','B','C') [1][0] OK
C:[16/08/2013 14:20:14.29][190.206.49.208][1151] SELECT c_asigna FROM dace004 WHERE exp_e='10-21197653' AND c_asigna='333683' AND status IN ('0','3','B','C') [1][0] OK
C:[16/08/2013 14:20:14.04][190.206.49.208][1182] SELECT par_cod_asig1,par_cod_asig2,par_cod_asig3 FROM tblaca009_p_int WHERE pensum='5' AND c_uni_ca='4' AND c_asigna='330435' [1][0] OK
C:[16/08/2013 14:20:14.04][190.206.49.208][1182] SELECT par_cod_asig1,par_cod_asig2,par_cod_asig3 FROM tblaca009_p_int WHERE pensum='5' AND c_uni_ca='4' AND c_asigna='333639' [1][0] OK
C:[16/08/2013 14:20:14.04][190.206.49.208][1182] SELECT par_cod_asig1,par_cod_asig2,par_cod_asig3 FROM tblaca009_p_int WHERE pensum='5' AND c_uni_ca='4' AND c_asigna='333838' [1][0] OK
C:[16/08/2013 14:20:14.43][190.206.49.208][1312] SELECT horas_lab FROM tblaca008 WHERE c_asigna='330435' AND horas_teoricas > 0 [1][0] OK
C:[16/08/2013 14:20:14.43][190.206.49.208][1312] SELECT horas_lab FROM tblaca008 WHERE c_asigna='333639' AND horas_teoricas > 0 [1][0] OK
C:[16/08/2013 14:20:14.43][190.206.49.208][1312] SELECT horas_lab FROM tblaca008 WHERE c_asigna='333838' AND horas_teoricas > 0 [1][0] OK
C:[16/08/2013 14:20:24.71][190.74.191.232][1138] SELECT pre_cod_asig1,pre_cod_asig2,pre_cod_asig3,pre_cod_asig4,pre_cod_asig5,pre_cod_asig6,pre_cod_asig7 FROM tblaca009_p_int WHERE pensum='5' AND c_uni_ca='3' AND c_asigna='311430' [1][0] OK
C:[16/08/2013 14:20:24.71][190.74.191.232][1151] SELECT c_asigna FROM dace004 WHERE exp_e='10-24035759' AND c_asigna='300317' AND status IN ('0','3','B','C') [1][0] OK
C:[16/08/2013 14:20:24.71][190.74.191.232][1151] SELECT c_asigna FROM dace004 WHERE exp_e='10-24035759' AND c_asigna='300318' AND status IN ('0','3','B','C') [1][0] OK
C:[16/08/2013 14:20:24.71][190.74.191.232][1138] SELECT pre_cod_asig1,pre_cod_asig2,pre_cod_asig3,pre_cod_asig4,pre_cod_asig5,pre_cod_asig6,pre_cod_asig7 FROM tblaca009_p_int WHERE pensum='5' AND c_uni_ca='3' AND c_asigna='311554' [1][0] OK
C:[16/08/2013 14:20:24.71][190.74.191.232][1151] SELECT c_asigna FROM dace004 WHERE exp_e='10-24035759' AND c_asigna='300318' AND status IN ('0','3','B','C') [1][0] OK
C:[16/08/2013 14:20:24.34][190.74.191.232][1182] SELECT par_cod_asig1,par_cod_asig2,par_cod_asig3 FROM tblaca009_p_int WHERE pensum='5' AND c_uni_ca='3' AND c_asigna='311430' [1][0] OK
C:[16/08/2013 14:20:24.34][190.74.191.232][1182] SELECT par_cod_asig1,par_cod_asig2,par_cod_asig3 FROM tblaca009_p_int WHERE pensum='5' AND c_uni_ca='3' AND c_asigna='311554' [1][0] OK
C:[16/08/2013 14:20:24.51][190.74.191.232][1312] SELECT horas_lab FROM tblaca008 WHERE c_asigna='311430' AND horas_teoricas > 0 [1][0] OK
C:[16/08/2013 14:20:24.51][190.74.191.232][1312] SELECT horas_lab FROM tblaca008 WHERE c_asigna='311554' AND horas_teoricas > 0 [1][0] OK
C:[16/08/2013 14:20:32.47][190.201.175.202][1138] SELECT pre_cod_asig1,pre_cod_asig2,pre_cod_asig3,pre_cod_asig4,pre_cod_asig5,pre_cod_asig6,pre_cod_asig7 FROM tblaca009_p_int WHERE pensum='5' AND c_uni_ca='5' AND c_asigna='300101' [1][0] OK
C:[16/08/2013 14:20:33.04][190.201.175.202][1182] SELECT par_cod_asig1,par_cod_asig2,par_cod_asig3 FROM tblaca009_p_int WHERE pensum='5' AND c_uni_ca='5' AND c_asigna='300101' [1][0] OK
C:[16/08/2013 14:20:33.18][190.201.175.202][1312] SELECT horas_lab FROM tblaca008 WHERE c_asigna='300101' AND horas_teoricas > 0 [1][0] OK
C:[16/08/2013 14:20:46.42][190.200.16.48][1138] SELECT pre_cod_asig1,pre_cod_asig2,pre_cod_asig3,pre_cod_asig4,pre_cod_asig5,pre_cod_asig6,pre_cod_asig7 FROM tblaca009_p_int WHERE pensum='5' AND c_uni_ca='6' AND c_asigna='342436' [1][0] OK
C:[16/08/2013 14:20:46.42][190.200.16.48][1151] SELECT c_asigna FROM dace004 WHERE exp_e='08-20507906' AND c_asigna='300318' AND status IN ('0','3','B','C') [1][0] OK
C:[16/08/2013 14:20:46.42][190.200.16.48][1151] SELECT c_asigna FROM dace004 WHERE exp_e='08-20507906' AND c_asigna='300317' AND status IN ('0','3','B','C') [1][0] OK
C:[16/08/2013 14:20:46.82][190.200.16.48][1182] SELECT par_cod_asig1,par_cod_asig2,par_cod_asig3 FROM tblaca009_p_int WHERE pensum='5' AND c_uni_ca='6' AND c_asigna='342436' [1][0] OK
C:[16/08/2013 14:20:46.50][190.200.16.48][1312] SELECT horas_lab FROM tblaca008 WHERE c_asigna='342436' AND horas_teoricas > 0 [1][0] OK
C:[16/08/2013 14:20:51.55][172.16.4.254][1138] SELECT pre_cod_asig1,pre_cod_asig2,pre_cod_asig3,pre_cod_asig4,pre_cod_asig5,pre_cod_asig6,pre_cod_asig7 FROM tblaca009_p_int WHERE pensum='5' AND c_uni_ca='2' AND c_asigna='300207' [1][0] OK
C:[16/08/2013 14:20:51.55][172.16.4.254][1151] SELECT c_asigna FROM dace004 WHERE exp_e='10-20503874' AND c_asigna='300101' AND status IN ('0','3','B','C') [1][0] OK
C:[16/08/2013 14:20:51.86][172.16.4.254][1182] SELECT par_cod_asig1,par_cod_asig2,par_cod_asig3 FROM tblaca009_p_int WHERE pensum='5' AND c_uni_ca='2' AND c_asigna='300207' [1][0] OK
C:[16/08/2013 14:20:51.87][172.16.4.254][1312] SELECT horas_lab FROM tblaca008 WHERE c_asigna='300207' AND horas_teoricas > 0 [1][0] OK
C:[16/08/2013 14:20:58.51][190.39.5.74][1138] SELECT pre_cod_asig1,pre_cod_asig2,pre_cod_asig3,pre_cod_asig4,pre_cod_asig5,pre_cod_asig6,pre_cod_asig7 FROM tblaca009_p_int WHERE pensum='5' AND c_uni_ca='2' AND c_asigna='300101' [1][0] OK
C:[16/08/2013 14:20:58.15][190.39.5.74][1182] SELECT par_cod_asig1,par_cod_asig2,par_cod_asig3 FROM tblaca009_p_int WHERE pensum='5' AND c_uni_ca='2' AND c_asigna='300101' [1][0] OK
C:[16/08/2013 14:20:58.29][190.39.5.74][1312] SELECT horas_lab FROM tblaca008 WHERE c_asigna='300101' AND horas_teoricas > 0 [1][0] OK
C:[16/08/2013 14:21:13.40][186.92.123.2][1138] SELECT pre_cod_asig1,pre_cod_asig2,pre_cod_asig3,pre_cod_asig4,pre_cod_asig5,pre_cod_asig6,pre_cod_asig7 FROM tblaca009_p_int WHERE pensum='5' AND c_uni_ca='2' AND c_asigna='322605' [1][0] OK
C:[16/08/2013 14:21:13.40][186.92.123.2][1151] SELECT c_asigna FROM dace004 WHERE exp_e='09-21248953' AND c_asigna='322436' AND status IN ('0','3','B','C') [1][0] OK
C:[16/08/2013 14:21:13.22][186.92.123.2][1182] SELECT par_cod_asig1,par_cod_asig2,par_cod_asig3 FROM tblaca009_p_int WHERE pensum='5' AND c_uni_ca='2' AND c_asigna='322605' [1][0] OK
C:[16/08/2013 14:21:13.35][186.92.123.2][1312] SELECT horas_lab FROM tblaca008 WHERE c_asigna='322605' AND horas_teoricas > 0 [1][0] OK
C:[16/08/2013 14:21:23.74][190.207.36.22][1138] SELECT pre_cod_asig1,pre_cod_asig2,pre_cod_asig3,pre_cod_asig4,pre_cod_asig5,pre_cod_asig6,pre_cod_asig7 FROM tblaca009_p_int WHERE pensum='5' AND c_uni_ca='5' AND c_asigna='355570' [1][0] OK
C:[16/08/2013 14:21:23.74][190.207.36.22][1151] SELECT c_asigna FROM dace004 WHERE exp_e='08-20808614' AND c_asigna='355447' AND status IN ('0','3','B','C') [1][0] OK
C:[16/08/2013 14:21:23.74][190.207.36.22][1138] SELECT pre_cod_asig1,pre_cod_asig2,pre_cod_asig3,pre_cod_asig4,pre_cod_asig5,pre_cod_asig6,pre_cod_asig7 FROM tblaca009_p_int WHERE pensum='5' AND c_uni_ca='5' AND c_asigna='355571' [1][0] OK
C:[16/08/2013 14:21:23.74][190.207.36.22][1151] SELECT c_asigna FROM dace004 WHERE exp_e='08-20808614' AND c_asigna='355447' AND status IN ('0','3','B','C') [1][0] OK
C:[16/08/2013 14:21:23.13][190.207.36.22][1182] SELECT par_cod_asig1,par_cod_asig2,par_cod_asig3 FROM tblaca009_p_int WHERE pensum='5' AND c_uni_ca='5' AND c_asigna='355570' [1][0] OK
C:[16/08/2013 14:21:23.13][190.207.36.22][1182] SELECT par_cod_asig1,par_cod_asig2,par_cod_asig3 FROM tblaca009_p_int WHERE pensum='5' AND c_uni_ca='5' AND c_asigna='355571' [1][0] OK
C:[16/08/2013 14:21:23.40][190.207.36.22][1312] SELECT horas_lab FROM tblaca008 WHERE c_asigna='355570' AND horas_teoricas > 0 [1][0] OK
C:[16/08/2013 14:21:23.40][190.207.36.22][1312] SELECT horas_lab FROM tblaca008 WHERE c_asigna='355571' AND horas_teoricas > 0 [1][0] OK
C:[16/08/2013 14:21:26.79][186.88.134.89][1138] SELECT pre_cod_asig1,pre_cod_asig2,pre_cod_asig3,pre_cod_asig4,pre_cod_asig5,pre_cod_asig6,pre_cod_asig7 FROM tblaca009_p_int WHERE pensum='5' AND c_uni_ca='2' AND c_asigna='322605' [1][0] OK
C:[16/08/2013 14:21:26.79][186.88.134.89][1151] SELECT c_asigna FROM dace004 WHERE exp_e='02-16395317' AND c_asigna='322436' AND status IN ('0','3','B','C') [1][0] OK
C:[16/08/2013 14:21:26.06][186.88.134.89][1182] SELECT par_cod_asig1,par_cod_asig2,par_cod_asig3 FROM tblaca009_p_int WHERE pensum='5' AND c_uni_ca='2' AND c_asigna='322605' [1][0] OK
C:[16/08/2013 14:21:26.18][186.88.134.89][1312] SELECT horas_lab FROM tblaca008 WHERE c_asigna='322605' AND horas_teoricas > 0 [1][0] OK
C:[16/08/2013 14:21:27.65][190.200.29.224][1138] SELECT pre_cod_asig1,pre_cod_asig2,pre_cod_asig3,pre_cod_asig4,pre_cod_asig5,pre_cod_asig6,pre_cod_asig7 FROM tblaca009_p_int WHERE pensum='5' AND c_uni_ca='5' AND c_asigna='300428' [1][0] OK
C:[16/08/2013 14:21:27.65][190.200.29.224][1151] SELECT c_asigna FROM dace004 WHERE exp_e='10-20804763' AND c_asigna='300317' AND status IN ('0','3','B','C') [1][0] OK
C:[16/08/2013 14:21:27.91][190.200.29.224][1182] SELECT par_cod_asig1,par_cod_asig2,par_cod_asig3 FROM tblaca009_p_int WHERE pensum='5' AND c_uni_ca='5' AND c_asigna='300428' [1][0] OK
C:[16/08/2013 14:21:27.04][190.200.29.224][1312] SELECT horas_lab FROM tblaca008 WHERE c_asigna='300428' AND horas_teoricas > 0 [1][0] OK
C:[16/08/2013 14:21:28.99][190.201.175.202][1138] SELECT pre_cod_asig1,pre_cod_asig2,pre_cod_asig3,pre_cod_asig4,pre_cod_asig5,pre_cod_asig6,pre_cod_asig7 FROM tblaca009_p_int WHERE pensum='5' AND c_uni_ca='6' AND c_asigna='300113' [1][0] OK
C:[16/08/2013 14:21:28.99][190.201.175.202][1138] SELECT pre_cod_asig1,pre_cod_asig2,pre_cod_asig3,pre_cod_asig4,pre_cod_asig5,pre_cod_asig6,pre_cod_asig7 FROM tblaca009_p_int WHERE pensum='5' AND c_uni_ca='6' AND c_asigna='300222' [1][0] OK
C:[16/08/2013 14:21:28.99][190.201.175.202][1151] SELECT c_asigna FROM dace004 WHERE exp_e='11-24035995' AND c_asigna='300112' AND status IN ('0','3','B','C') [1][0] OK
C:[16/08/2013 14:21:28.37][190.201.175.202][1182] SELECT par_cod_asig1,par_cod_asig2,par_cod_asig3 FROM tblaca009_p_int WHERE pensum='5' AND c_uni_ca='6' AND c_asigna='300113' [1][0] OK
C:[16/08/2013 14:21:28.37][190.201.175.202][1196] SELECT c_asigna FROM dace004 WHERE exp_e='11-24035995' AND c_asigna='300013' AND status IN ('0','3','B','C') [1][0] OK
C:[16/08/2013 14:21:28.37][190.201.175.202][1182] SELECT par_cod_asig1,par_cod_asig2,par_cod_asig3 FROM tblaca009_p_int WHERE pensum='5' AND c_uni_ca='6' AND c_asigna='300222' [1][0] OK
C:[16/08/2013 14:21:28.76][190.201.175.202][1312] SELECT horas_lab FROM tblaca008 WHERE c_asigna='300113' AND horas_teoricas > 0 [0][0] OK
C:[16/08/2013 14:21:28.76][190.201.175.202][1312] SELECT horas_lab FROM tblaca008 WHERE c_asigna='300222' AND horas_teoricas > 0 [1][0] OK
C:[16/08/2013 14:21:34.37][200.90.98.86][1138] SELECT pre_cod_asig1,pre_cod_asig2,pre_cod_asig3,pre_cod_asig4,pre_cod_asig5,pre_cod_asig6,pre_cod_asig7 FROM tblaca009_p_int WHERE pensum='5' AND c_uni_ca='5' AND c_asigna='355570' [1][0] OK
C:[16/08/2013 14:21:34.37][200.90.98.86][1151] SELECT c_asigna FROM dace004 WHERE exp_e='10-20286560' AND c_asigna='355447' AND status IN ('0','3','B','C') [1][0] OK
C:[16/08/2013 14:21:34.37][200.90.98.86][1138] SELECT pre_cod_asig1,pre_cod_asig2,pre_cod_asig3,pre_cod_asig4,pre_cod_asig5,pre_cod_asig6,pre_cod_asig7 FROM tblaca009_p_int WHERE pensum='5' AND c_uni_ca='5' AND c_asigna='355571' [1][0] OK
C:[16/08/2013 14:21:34.37][200.90.98.86][1151] SELECT c_asigna FROM dace004 WHERE exp_e='10-20286560' AND c_asigna='355447' AND status IN ('0','3','B','C') [1][0] OK
C:[16/08/2013 14:21:34.44][200.90.98.86][1182] SELECT par_cod_asig1,par_cod_asig2,par_cod_asig3 FROM tblaca009_p_int WHERE pensum='5' AND c_uni_ca='5' AND c_asigna='355570' [1][0] OK
C:[16/08/2013 14:21:34.44][200.90.98.86][1182] SELECT par_cod_asig1,par_cod_asig2,par_cod_asig3 FROM tblaca009_p_int WHERE pensum='5' AND c_uni_ca='5' AND c_asigna='355571' [1][0] OK
C:[16/08/2013 14:21:34.70][200.90.98.86][1312] SELECT horas_lab FROM tblaca008 WHERE c_asigna='355570' AND horas_teoricas > 0 [1][0] OK
C:[16/08/2013 14:21:34.70][200.90.98.86][1312] SELECT horas_lab FROM tblaca008 WHERE c_asigna='355571' AND horas_teoricas > 0 [1][0] OK
C:[16/08/2013 14:21:39.61][190.201.175.202][1138] SELECT pre_cod_asig1,pre_cod_asig2,pre_cod_asig3,pre_cod_asig4,pre_cod_asig5,pre_cod_asig6,pre_cod_asig7 FROM tblaca009_p_int WHERE pensum='5' AND c_uni_ca='6' AND c_asigna='300213' [1][0] OK
C:[16/08/2013 14:21:39.61][190.201.175.202][1151] SELECT c_asigna FROM dace004 WHERE exp_e='05-15372063' AND c_asigna='300101' AND status IN ('0','3','B','C') [1][0] OK
C:[16/08/2013 14:21:39.61][190.201.175.202][1138] SELECT pre_cod_asig1,pre_cod_asig2,pre_cod_asig3,pre_cod_asig4,pre_cod_asig5,pre_cod_asig6,pre_cod_asig7 FROM tblaca009_p_int WHERE pensum='5' AND c_uni_ca='6' AND c_asigna='342444' [1][0] OK
C:[16/08/2013 14:21:39.61][190.201.175.202][1151] SELECT c_asigna FROM dace004 WHERE exp_e='05-15372063' AND c_asigna='340323' AND status IN ('0','3','B','C') [1][0] OK
C:[16/08/2013 14:21:39.22][190.201.175.202][1182] SELECT par_cod_asig1,par_cod_asig2,par_cod_asig3 FROM tblaca009_p_int WHERE pensum='5' AND c_uni_ca='6' AND c_asigna='300213' [1][0] OK
C:[16/08/2013 14:21:39.22][190.201.175.202][1182] SELECT par_cod_asig1,par_cod_asig2,par_cod_asig3 FROM tblaca009_p_int WHERE pensum='5' AND c_uni_ca='6' AND c_asigna='342444' [1][0] OK
C:[16/08/2013 14:21:39.38][190.201.175.202][1312] SELECT horas_lab FROM tblaca008 WHERE c_asigna='300213' AND horas_teoricas > 0 [1][0] OK
C:[16/08/2013 14:21:39.38][190.201.175.202][1312] SELECT horas_lab FROM tblaca008 WHERE c_asigna='342444' AND horas_teoricas > 0 [1][0] OK
C:[16/08/2013 14:22:09.20][190.201.175.202][1138] SELECT pre_cod_asig1,pre_cod_asig2,pre_cod_asig3,pre_cod_asig4,pre_cod_asig5,pre_cod_asig6,pre_cod_asig7 FROM tblaca009_p_int WHERE pensum='5' AND c_uni_ca='6' AND c_asigna='300207' [1][0] OK
C:[16/08/2013 14:22:09.20][190.201.175.202][1151] SELECT c_asigna FROM dace004 WHERE exp_e='11-21236173' AND c_asigna='300101' AND status IN ('0','3','B','C') [1][0] OK
C:[16/08/2013 14:22:09.99][190.201.175.202][1182] SELECT par_cod_asig1,par_cod_asig2,par_cod_asig3 FROM tblaca009_p_int WHERE pensum='5' AND c_uni_ca='6' AND c_asigna='300207' [1][0] OK
C:[16/08/2013 14:22:09.13][190.201.175.202][1312] SELECT horas_lab FROM tblaca008 WHERE c_asigna='300207' AND horas_teoricas > 0 [1][0] OK
C:[16/08/2013 14:22:28.78][186.94.82.133][1138] SELECT pre_cod_asig1,pre_cod_asig2,pre_cod_asig3,pre_cod_asig4,pre_cod_asig5,pre_cod_asig6,pre_cod_asig7 FROM tblaca009_p_int WHERE pensum='5' AND c_uni_ca='4' AND c_asigna='333611' [1][0] OK
C:[16/08/2013 14:22:28.78][186.94.82.133][1151] SELECT c_asigna FROM dace004 WHERE exp_e='07-18386626' AND c_asigna='333584' AND status IN ('0','3','B','C') [1][0] OK
C:[16/08/2013 14:22:28.78][186.94.82.133][1138] SELECT pre_cod_asig1,pre_cod_asig2,pre_cod_asig3,pre_cod_asig4,pre_cod_asig5,pre_cod_asig6,pre_cod_asig7 FROM tblaca009_p_int WHERE pensum='5' AND c_uni_ca='4' AND c_asigna='333683' [1][0] OK
C:[16/08/2013 14:22:28.78][186.94.82.133][1151] SELECT c_asigna FROM dace004 WHERE exp_e='07-18386626' AND c_asigna='333564' AND status IN ('0','3','B','C') [1][0] OK
C:[16/08/2013 14:22:28.84][186.94.82.133][1182] SELECT par_cod_asig1,par_cod_asig2,par_cod_asig3 FROM tblaca009_p_int WHERE pensum='5' AND c_uni_ca='4' AND c_asigna='333611' [1][0] OK
C:[16/08/2013 14:22:28.84][186.94.82.133][1182] SELECT par_cod_asig1,par_cod_asig2,par_cod_asig3 FROM tblaca009_p_int WHERE pensum='5' AND c_uni_ca='4' AND c_asigna='333683' [1][0] OK
C:[16/08/2013 14:22:28.11][186.94.82.133][1312] SELECT horas_lab FROM tblaca008 WHERE c_asigna='333611' AND horas_teoricas > 0 [1][0] OK
C:[16/08/2013 14:22:28.11][186.94.82.133][1312] SELECT horas_lab FROM tblaca008 WHERE c_asigna='333683' AND horas_teoricas > 0 [1][0] OK
C:[16/08/2013 14:22:42.12][190.201.175.202][1138] SELECT pre_cod_asig1,pre_cod_asig2,pre_cod_asig3,pre_cod_asig4,pre_cod_asig5,pre_cod_asig6,pre_cod_asig7 FROM tblaca009_p_int WHERE pensum='5' AND c_uni_ca='3' AND c_asigna='300207' [1][0] OK
C:[16/08/2013 14:22:42.12][190.201.175.202][1151] SELECT c_asigna FROM dace004 WHERE exp_e='11-24037064' AND c_asigna='300101' AND status IN ('0','3','B','C') [1][0] OK
C:[16/08/2013 14:22:42.94][190.201.175.202][1182] SELECT par_cod_asig1,par_cod_asig2,par_cod_asig3 FROM tblaca009_p_int WHERE pensum='5' AND c_uni_ca='3' AND c_asigna='300207' [1][0] OK
C:[16/08/2013 14:22:42.08][190.201.175.202][1312] SELECT horas_lab FROM tblaca008 WHERE c_asigna='300207' AND horas_teoricas > 0 [1][0] OK
C:[16/08/2013 14:22:47.44][190.78.100.157][1138] SELECT pre_cod_asig1,pre_cod_asig2,pre_cod_asig3,pre_cod_asig4,pre_cod_asig5,pre_cod_asig6,pre_cod_asig7 FROM tblaca009_p_int WHERE pensum='5' AND c_uni_ca='2' AND c_asigna='300101' [1][0] OK
C:[16/08/2013 14:22:47.44][190.78.100.157][1138] SELECT pre_cod_asig1,pre_cod_asig2,pre_cod_asig3,pre_cod_asig4,pre_cod_asig5,pre_cod_asig6,pre_cod_asig7 FROM tblaca009_p_int WHERE pensum='5' AND c_uni_ca='2' AND c_asigna='300112' [1][0] OK
C:[16/08/2013 14:22:47.69][190.78.100.157][1182] SELECT par_cod_asig1,par_cod_asig2,par_cod_asig3 FROM tblaca009_p_int WHERE pensum='5' AND c_uni_ca='2' AND c_asigna='300101' [1][0] OK
C:[16/08/2013 14:22:47.69][190.78.100.157][1182] SELECT par_cod_asig1,par_cod_asig2,par_cod_asig3 FROM tblaca009_p_int WHERE pensum='5' AND c_uni_ca='2' AND c_asigna='300112' [1][0] OK
C:[16/08/2013 14:22:47.97][190.78.100.157][1312] SELECT horas_lab FROM tblaca008 WHERE c_asigna='300101' AND horas_teoricas > 0 [1][0] OK
C:[16/08/2013 14:22:47.97][190.78.100.157][1312] SELECT horas_lab FROM tblaca008 WHERE c_asigna='300112' AND horas_teoricas > 0 [1][0] OK
C:[16/08/2013 14:22:56.38][190.36.16.193][1138] SELECT pre_cod_asig1,pre_cod_asig2,pre_cod_asig3,pre_cod_asig4,pre_cod_asig5,pre_cod_asig6,pre_cod_asig7 FROM tblaca009_p_int WHERE pensum='5' AND c_uni_ca='5' AND c_asigna='355722' [1][0] OK
C:[16/08/2013 14:22:56.38][190.36.16.193][1151] SELECT c_asigna FROM dace004 WHERE exp_e='09-20504519' AND c_asigna='355691' AND status IN ('0','3','B','C') [1][0] OK
C:[16/08/2013 14:22:56.38][190.36.16.193][1151] SELECT c_asigna FROM dace004 WHERE exp_e='09-20504519' AND c_asigna='355595' AND status IN ('0','3','B','C') [1][0] OK
C:[16/08/2013 14:22:57.73][190.36.16.193][1182] SELECT par_cod_asig1,par_cod_asig2,par_cod_asig3 FROM tblaca009_p_int WHERE pensum='5' AND c_uni_ca='5' AND c_asigna='355722' [1][0] OK
C:[16/08/2013 14:22:57.87][190.36.16.193][1312] SELECT horas_lab FROM tblaca008 WHERE c_asigna='355722' AND horas_teoricas > 0 [1][0] OK
C:[16/08/2013 14:23:02.56][186.167.243.122][1138] SELECT pre_cod_asig1,pre_cod_asig2,pre_cod_asig3,pre_cod_asig4,pre_cod_asig5,pre_cod_asig6,pre_cod_asig7 FROM tblaca009_p_int WHERE pensum='5' AND c_uni_ca='4' AND c_asigna='300207' [1][0] OK
C:[16/08/2013 14:23:02.56][186.167.243.122][1151] SELECT c_asigna FROM dace004 WHERE exp_e='11-25393512' AND c_asigna='300101' AND status IN ('0','3','B','C') [1][0] OK
C:[16/08/2013 14:23:02.82][186.167.243.122][1182] SELECT par_cod_asig1,par_cod_asig2,par_cod_asig3 FROM tblaca009_p_int WHERE pensum='5' AND c_uni_ca='4' AND c_asigna='300207' [1][0] OK
C:[16/08/2013 14:23:02.95][186.167.243.122][1312] SELECT horas_lab FROM tblaca008 WHERE c_asigna='300207' AND horas_teoricas > 0 [1][0] OK
C:[16/08/2013 14:23:14.56][181.184.136.22][1138] SELECT pre_cod_asig1,pre_cod_asig2,pre_cod_asig3,pre_cod_asig4,pre_cod_asig5,pre_cod_asig6,pre_cod_asig7 FROM tblaca009_p_int WHERE pensum='5' AND c_uni_ca='4' AND c_asigna='333639' [1][0] OK
C:[16/08/2013 14:23:14.56][181.184.136.22][1151] SELECT c_asigna FROM dace004 WHERE exp_e='10-21236763' AND c_asigna='333585' AND status IN ('0','3','B','C') [1][0] OK
C:[16/08/2013 14:23:14.56][181.184.136.22][1138] SELECT pre_cod_asig1,pre_cod_asig2,pre_cod_asig3,pre_cod_asig4,pre_cod_asig5,pre_cod_asig6,pre_cod_asig7 FROM tblaca009_p_int WHERE pensum='5' AND c_uni_ca='4' AND c_asigna='334781' [1][0] OK
C:[16/08/2013 14:23:14.56][181.184.136.22][1151] SELECT c_asigna FROM dace004 WHERE exp_e='10-21236763' AND c_asigna='333444' AND status IN ('0','3','B','C') [1][0] OK
C:[16/08/2013 14:23:14.61][181.184.136.22][1182] SELECT par_cod_asig1,par_cod_asig2,par_cod_asig3 FROM tblaca009_p_int WHERE pensum='5' AND c_uni_ca='4' AND c_asigna='333639' [1][0] OK
C:[16/08/2013 14:23:14.61][181.184.136.22][1182] SELECT par_cod_asig1,par_cod_asig2,par_cod_asig3 FROM tblaca009_p_int WHERE pensum='5' AND c_uni_ca='4' AND c_asigna='334781' [1][0] OK
C:[16/08/2013 14:23:14.88][181.184.136.22][1312] SELECT horas_lab FROM tblaca008 WHERE c_asigna='333639' AND horas_teoricas > 0 [1][0] OK
C:[16/08/2013 14:23:14.88][181.184.136.22][1312] SELECT horas_lab FROM tblaca008 WHERE c_asigna='334781' AND horas_teoricas > 0 [1][0] OK
C:[16/08/2013 14:23:16.46][190.198.158.62][1138] SELECT pre_cod_asig1,pre_cod_asig2,pre_cod_asig3,pre_cod_asig4,pre_cod_asig5,pre_cod_asig6,pre_cod_asig7 FROM tblaca009_p_int WHERE pensum='5' AND c_uni_ca='6' AND c_asigna='311561' [1][0] OK
C:[16/08/2013 14:23:16.46][190.198.158.62][1151] SELECT c_asigna FROM dace004 WHERE exp_e='10-19635645' AND c_asigna='300318' AND status IN ('0','3','B','C') [1][0] OK
C:[16/08/2013 14:23:16.70][190.198.158.62][1182] SELECT par_cod_asig1,par_cod_asig2,par_cod_asig3 FROM tblaca009_p_int WHERE pensum='5' AND c_uni_ca='6' AND c_asigna='311561' [1][0] OK
C:[16/08/2013 14:23:16.75][190.198.158.62][1312] SELECT horas_lab FROM tblaca008 WHERE c_asigna='311561' AND horas_teoricas > 0 [1][0] OK
C:[16/08/2013 14:23:18.66][190.74.191.232][1138] SELECT pre_cod_asig1,pre_cod_asig2,pre_cod_asig3,pre_cod_asig4,pre_cod_asig5,pre_cod_asig6,pre_cod_asig7 FROM tblaca009_p_int WHERE pensum='5' AND c_uni_ca='3' AND c_asigna='311551' [1][0] OK
C:[16/08/2013 14:23:18.66][190.74.191.232][1151] SELECT c_asigna FROM dace004 WHERE exp_e='10-22818842' AND c_asigna='311430' AND status IN ('0','3','B','C') [1][0] OK
C:[16/08/2013 14:23:18.91][190.74.191.232][1182] SELECT par_cod_asig1,par_cod_asig2,par_cod_asig3 FROM tblaca009_p_int WHERE pensum='5' AND c_uni_ca='3' AND c_asigna='311551' [1][0] OK
C:[16/08/2013 14:23:18.05][190.74.191.232][1312] SELECT horas_lab FROM tblaca008 WHERE c_asigna='311551' AND horas_teoricas > 0 [1][0] OK
C:[16/08/2013 14:23:32.48][190.78.115.104][1138] SELECT pre_cod_asig1,pre_cod_asig2,pre_cod_asig3,pre_cod_asig4,pre_cod_asig5,pre_cod_asig6,pre_cod_asig7 FROM tblaca009_p_int WHERE pensum='5' AND c_uni_ca='2' AND c_asigna='322436' [1][0] OK
C:[16/08/2013 14:23:32.48][190.78.115.104][1151] SELECT c_asigna FROM dace004 WHERE exp_e='11-24179443' AND c_asigna='320311' AND status IN ('0','3','B','C') [1][0] OK
C:[16/08/2013 14:23:32.39][190.78.115.104][1182] SELECT par_cod_asig1,par_cod_asig2,par_cod_asig3 FROM tblaca009_p_int WHERE pensum='5' AND c_uni_ca='2' AND c_asigna='322436' [1][0] OK
C:[16/08/2013 14:23:32.52][190.78.115.104][1312] SELECT horas_lab FROM tblaca008 WHERE c_asigna='322436' AND horas_teoricas > 0 [1][0] OK
C:[16/08/2013 14:23:36.21][200.71.186.131][1138] SELECT pre_cod_asig1,pre_cod_asig2,pre_cod_asig3,pre_cod_asig4,pre_cod_asig5,pre_cod_asig6,pre_cod_asig7 FROM tblaca009_p_int WHERE pensum='5' AND c_uni_ca='6' AND c_asigna='344715' [1][0] OK
C:[16/08/2013 14:23:36.21][200.71.186.131][1151] SELECT c_asigna FROM dace004 WHERE exp_e='08-14188859' AND c_asigna='344688' AND status IN ('0','3','B','C') [1][0] OK
C:[16/08/2013 14:23:36.21][200.71.186.131][1151] SELECT c_asigna FROM dace004 WHERE exp_e='08-14188859' AND c_asigna='344613' AND status IN ('0','3','B','C') [1][0] OK
C:[16/08/2013 14:23:36.46][200.71.186.131][1182] SELECT par_cod_asig1,par_cod_asig2,par_cod_asig3 FROM tblaca009_p_int WHERE pensum='5' AND c_uni_ca='6' AND c_asigna='344715' [1][0] OK
C:[16/08/2013 14:23:36.70][200.71.186.131][1312] SELECT horas_lab FROM tblaca008 WHERE c_asigna='344715' AND horas_teoricas > 0 [1][0] OK
C:[16/08/2013 14:23:43.37][201.243.123.237][1138] SELECT pre_cod_asig1,pre_cod_asig2,pre_cod_asig3,pre_cod_asig4,pre_cod_asig5,pre_cod_asig6,pre_cod_asig7 FROM tblaca009_p_int WHERE pensum='5' AND c_uni_ca='5' AND c_asigna='355720' [1][0] OK
C:[16/08/2013 14:23:43.37][201.243.123.237][1151] SELECT c_asigna FROM dace004 WHERE exp_e='08-19804778' AND c_asigna='355692' AND status IN ('0','3','B','C') [1][0] OK
C:[16/08/2013 14:23:43.37][201.243.123.237][1151] SELECT c_asigna FROM dace004 WHERE exp_e='08-19804778' AND c_asigna='355696' AND status IN ('0','3','B','C') [1][0] OK
C:[16/08/2013 14:23:43.31][201.243.123.237][1182] SELECT par_cod_asig1,par_cod_asig2,par_cod_asig3 FROM tblaca009_p_int WHERE pensum='5' AND c_uni_ca='5' AND c_asigna='355720' [1][0] OK
C:[16/08/2013 14:23:43.44][201.243.123.237][1312] SELECT horas_lab FROM tblaca008 WHERE c_asigna='355720' AND horas_teoricas > 0 [1][0] OK
C:[16/08/2013 14:24:17.40][201.211.142.51][1138] SELECT pre_cod_asig1,pre_cod_asig2,pre_cod_asig3,pre_cod_asig4,pre_cod_asig5,pre_cod_asig6,pre_cod_asig7 FROM tblaca009_p_int WHERE pensum='5' AND c_uni_ca='3' AND c_asigna='311430' [1][0] OK
C:[16/08/2013 14:24:17.40][201.211.142.51][1151] SELECT c_asigna FROM dace004 WHERE exp_e='11-23611912' AND c_asigna='300317' AND status IN ('0','3','B','C') [1][0] OK
C:[16/08/2013 14:24:17.40][201.211.142.51][1151] SELECT c_asigna FROM dace004 WHERE exp_e='11-23611912' AND c_asigna='300318' AND status IN ('0','3','B','C') [1][0] OK
C:[16/08/2013 14:24:17.40][201.211.142.51][1138] SELECT pre_cod_asig1,pre_cod_asig2,pre_cod_asig3,pre_cod_asig4,pre_cod_asig5,pre_cod_asig6,pre_cod_asig7 FROM tblaca009_p_int WHERE pensum='5' AND c_uni_ca='3' AND c_asigna='311431' [1][0] OK
C:[16/08/2013 14:24:17.40][201.211.142.51][1151] SELECT c_asigna FROM dace004 WHERE exp_e='11-23611912' AND c_asigna='300317' AND status IN ('0','3','B','C') [1][0] OK
C:[16/08/2013 14:24:17.40][201.211.142.51][1151] SELECT c_asigna FROM dace004 WHERE exp_e='11-23611912' AND c_asigna='300318' AND status IN ('0','3','B','C') [1][0] OK
C:[16/08/2013 14:24:17.40][201.211.142.51][1138] SELECT pre_cod_asig1,pre_cod_asig2,pre_cod_asig3,pre_cod_asig4,pre_cod_asig5,pre_cod_asig6,pre_cod_asig7 FROM tblaca009_p_int WHERE pensum='5' AND c_uni_ca='3' AND c_asigna='311434' [1][0] OK
C:[16/08/2013 14:24:17.40][201.211.142.51][1151] SELECT c_asigna FROM dace004 WHERE exp_e='11-23611912' AND c_asigna='300317' AND status IN ('0','3','B','C') [1][0] OK
C:[16/08/2013 14:24:17.40][201.211.142.51][1151] SELECT c_asigna FROM dace004 WHERE exp_e='11-23611912' AND c_asigna='300318' AND status IN ('0','3','B','C') [1][0] OK
C:[16/08/2013 14:24:17.22][201.211.142.51][1182] SELECT par_cod_asig1,par_cod_asig2,par_cod_asig3 FROM tblaca009_p_int WHERE pensum='5' AND c_uni_ca='3' AND c_asigna='311430' [1][0] OK
C:[16/08/2013 14:24:17.22][201.211.142.51][1182] SELECT par_cod_asig1,par_cod_asig2,par_cod_asig3 FROM tblaca009_p_int WHERE pensum='5' AND c_uni_ca='3' AND c_asigna='311431' [1][0] OK
C:[16/08/2013 14:24:17.22][201.211.142.51][1182] SELECT par_cod_asig1,par_cod_asig2,par_cod_asig3 FROM tblaca009_p_int WHERE pensum='5' AND c_uni_ca='3' AND c_asigna='311434' [1][0] OK
C:[16/08/2013 14:24:17.47][201.211.142.51][1312] SELECT horas_lab FROM tblaca008 WHERE c_asigna='311430' AND horas_teoricas > 0 [1][0] OK
C:[16/08/2013 14:24:17.47][201.211.142.51][1312] SELECT horas_lab FROM tblaca008 WHERE c_asigna='311431' AND horas_teoricas > 0 [1][0] OK
C:[16/08/2013 14:24:17.47][201.211.142.51][1312] SELECT horas_lab FROM tblaca008 WHERE c_asigna='311434' AND horas_teoricas > 0 [0][0] OK
C:[16/08/2013 14:24:19.11][190.204.194.60][1138] SELECT pre_cod_asig1,pre_cod_asig2,pre_cod_asig3,pre_cod_asig4,pre_cod_asig5,pre_cod_asig6,pre_cod_asig7 FROM tblaca009_p_int WHERE pensum='5' AND c_uni_ca='6' AND c_asigna='300101' [1][0] OK
C:[16/08/2013 14:24:19.24][190.204.194.60][1182] SELECT par_cod_asig1,par_cod_asig2,par_cod_asig3 FROM tblaca009_p_int WHERE pensum='5' AND c_uni_ca='6' AND c_asigna='300101' [1][0] OK
C:[16/08/2013 14:24:19.38][190.204.194.60][1312] SELECT horas_lab FROM tblaca008 WHERE c_asigna='300101' AND horas_teoricas > 0 [1][0] OK
C:[16/08/2013 14:25:09.57][181.184.136.22][1138] SELECT pre_cod_asig1,pre_cod_asig2,pre_cod_asig3,pre_cod_asig4,pre_cod_asig5,pre_cod_asig6,pre_cod_asig7 FROM tblaca009_p_int WHERE pensum='5' AND c_uni_ca='4' AND c_asigna='333639' [1][0] OK
C:[16/08/2013 14:25:09.57][181.184.136.22][1151] SELECT c_asigna FROM dace004 WHERE exp_e='10-21236763' AND c_asigna='333585' AND status IN ('0','3','B','C') [1][0] OK
C:[16/08/2013 14:25:09.57][181.184.136.22][1138] SELECT pre_cod_asig1,pre_cod_asig2,pre_cod_asig3,pre_cod_asig4,pre_cod_asig5,pre_cod_asig6,pre_cod_asig7 FROM tblaca009_p_int WHERE pensum='5' AND c_uni_ca='4' AND c_asigna='334781' [1][0] OK
C:[16/08/2013 14:25:09.57][181.184.136.22][1151] SELECT c_asigna FROM dace004 WHERE exp_e='10-21236763' AND c_asigna='333444' AND status IN ('0','3','B','C') [1][0] OK
C:[16/08/2013 14:25:09.90][181.184.136.22][1182] SELECT par_cod_asig1,par_cod_asig2,par_cod_asig3 FROM tblaca009_p_int WHERE pensum='5' AND c_uni_ca='4' AND c_asigna='333639' [1][0] OK
C:[16/08/2013 14:25:09.90][181.184.136.22][1182] SELECT par_cod_asig1,par_cod_asig2,par_cod_asig3 FROM tblaca009_p_int WHERE pensum='5' AND c_uni_ca='4' AND c_asigna='334781' [1][0] OK
C:[16/08/2013 14:25:10.16][181.184.136.22][1312] SELECT horas_lab FROM tblaca008 WHERE c_asigna='333639' AND horas_teoricas > 0 [1][0] OK
C:[16/08/2013 14:25:10.16][181.184.136.22][1312] SELECT horas_lab FROM tblaca008 WHERE c_asigna='334781' AND horas_teoricas > 0 [1][0] OK
C:[16/08/2013 14:25:21.85][190.201.175.202][1138] SELECT pre_cod_asig1,pre_cod_asig2,pre_cod_asig3,pre_cod_asig4,pre_cod_asig5,pre_cod_asig6,pre_cod_asig7 FROM tblaca009_p_int WHERE pensum='5' AND c_uni_ca='4' AND c_asigna='300105' [1][0] OK
C:[16/08/2013 14:25:21.85][190.201.175.202][1138] SELECT pre_cod_asig1,pre_cod_asig2,pre_cod_asig3,pre_cod_asig4,pre_cod_asig5,pre_cod_asig6,pre_cod_asig7 FROM tblaca009_p_int WHERE pensum='5' AND c_uni_ca='4' AND c_asigna='300112' [1][0] OK
C:[16/08/2013 14:25:21.85][190.201.175.202][1138] SELECT pre_cod_asig1,pre_cod_asig2,pre_cod_asig3,pre_cod_asig4,pre_cod_asig5,pre_cod_asig6,pre_cod_asig7 FROM tblaca009_p_int WHERE pensum='5' AND c_uni_ca='4' AND c_asigna='300116' [1][0] OK
C:[16/08/2013 14:25:21.21][190.201.175.202][1182] SELECT par_cod_asig1,par_cod_asig2,par_cod_asig3 FROM tblaca009_p_int WHERE pensum='5' AND c_uni_ca='4' AND c_asigna='300105' [1][0] OK
C:[16/08/2013 14:25:21.21][190.201.175.202][1182] SELECT par_cod_asig1,par_cod_asig2,par_cod_asig3 FROM tblaca009_p_int WHERE pensum='5' AND c_uni_ca='4' AND c_asigna='300112' [1][0] OK
C:[16/08/2013 14:25:21.21][190.201.175.202][1182] SELECT par_cod_asig1,par_cod_asig2,par_cod_asig3 FROM tblaca009_p_int WHERE pensum='5' AND c_uni_ca='4' AND c_asigna='300116' [1][0] OK
C:[16/08/2013 14:25:21.72][190.201.175.202][1312] SELECT horas_lab FROM tblaca008 WHERE c_asigna='300105' AND horas_teoricas > 0 [1][0] OK
C:[16/08/2013 14:25:21.72][190.201.175.202][1312] SELECT horas_lab FROM tblaca008 WHERE c_asigna='300112' AND horas_teoricas > 0 [1][0] OK
C:[16/08/2013 14:25:21.72][190.201.175.202][1312] SELECT horas_lab FROM tblaca008 WHERE c_asigna='300116' AND horas_teoricas > 0 [1][0] OK
C:[16/08/2013 14:25:25.89][190.201.175.202][1138] SELECT pre_cod_asig1,pre_cod_asig2,pre_cod_asig3,pre_cod_asig4,pre_cod_asig5,pre_cod_asig6,pre_cod_asig7 FROM tblaca009_p_int WHERE pensum='5' AND c_uni_ca='2' AND c_asigna='300213' [1][0] OK
C:[16/08/2013 14:25:25.89][190.201.175.202][1151] SELECT c_asigna FROM dace004 WHERE exp_e='11-21496035' AND c_asigna='300101' AND status IN ('0','3','B','C') [1][0] OK
C:[16/08/2013 14:25:25.89][190.201.175.202][1138] SELECT pre_cod_asig1,pre_cod_asig2,pre_cod_asig3,pre_cod_asig4,pre_cod_asig5,pre_cod_asig6,pre_cod_asig7 FROM tblaca009_p_int WHERE pensum='5' AND c_uni_ca='2' AND c_asigna='322449' [1][0] OK
C:[16/08/2013 14:25:25.89][190.201.175.202][1151] SELECT c_asigna FROM dace004 WHERE exp_e='11-21496035' AND c_asigna='300222' AND status IN ('0','3','B','C') [1][0] OK
C:[16/08/2013 14:25:26.39][190.201.175.202][1182] SELECT par_cod_asig1,par_cod_asig2,par_cod_asig3 FROM tblaca009_p_int WHERE pensum='5' AND c_uni_ca='2' AND c_asigna='300213' [1][0] OK
C:[16/08/2013 14:25:26.39][190.201.175.202][1182] SELECT par_cod_asig1,par_cod_asig2,par_cod_asig3 FROM tblaca009_p_int WHERE pensum='5' AND c_uni_ca='2' AND c_asigna='322449' [1][0] OK
C:[16/08/2013 14:25:26.65][190.201.175.202][1312] SELECT horas_lab FROM tblaca008 WHERE c_asigna='300213' AND horas_teoricas > 0 [1][0] OK
C:[16/08/2013 14:25:26.65][190.201.175.202][1312] SELECT horas_lab FROM tblaca008 WHERE c_asigna='322449' AND horas_teoricas > 0 [1][0] OK
C:[16/08/2013 14:25:30.04][190.36.15.15][1138] SELECT pre_cod_asig1,pre_cod_asig2,pre_cod_asig3,pre_cod_asig4,pre_cod_asig5,pre_cod_asig6,pre_cod_asig7 FROM tblaca009_p_int WHERE pensum='5' AND c_uni_ca='4' AND c_asigna='300313' [1][0] OK
C:[16/08/2013 14:25:30.04][190.36.15.15][1151] SELECT c_asigna FROM dace004 WHERE exp_e='09-21250598' AND c_asigna='300213' AND status IN ('0','3','B','C') [1][0] OK
C:[16/08/2013 14:25:30.04][190.36.15.15][1138] SELECT pre_cod_asig1,pre_cod_asig2,pre_cod_asig3,pre_cod_asig4,pre_cod_asig5,pre_cod_asig6,pre_cod_asig7 FROM tblaca009_p_int WHERE pensum='5' AND c_uni_ca='4' AND c_asigna='333585' [1][0] OK
C:[16/08/2013 14:25:30.04][190.36.15.15][1151] SELECT c_asigna FROM dace004 WHERE exp_e='09-21250598' AND c_asigna='333440' AND status IN ('0','3','B','C') [1][0] OK
C:[16/08/2013 14:25:30.04][190.36.15.15][1151] SELECT c_asigna FROM dace004 WHERE exp_e='09-21250598' AND c_asigna='333326' AND status IN ('0','3','B','C') [1][0] OK
C:[16/08/2013 14:25:30.66][190.36.15.15][1182] SELECT par_cod_asig1,par_cod_asig2,par_cod_asig3 FROM tblaca009_p_int WHERE pensum='5' AND c_uni_ca='4' AND c_asigna='300313' [1][0] OK
C:[16/08/2013 14:25:30.66][190.36.15.15][1182] SELECT par_cod_asig1,par_cod_asig2,par_cod_asig3 FROM tblaca009_p_int WHERE pensum='5' AND c_uni_ca='4' AND c_asigna='333585' [1][0] OK
C:[16/08/2013 14:25:30.93][190.36.15.15][1312] SELECT horas_lab FROM tblaca008 WHERE c_asigna='300313' AND horas_teoricas > 0 [1][0] OK
C:[16/08/2013 14:25:30.93][190.36.15.15][1312] SELECT horas_lab FROM tblaca008 WHERE c_asigna='333585' AND horas_teoricas > 0 [1][0] OK
C:[16/08/2013 14:25:44.63][190.207.36.22][1138] SELECT pre_cod_asig1,pre_cod_asig2,pre_cod_asig3,pre_cod_asig4,pre_cod_asig5,pre_cod_asig6,pre_cod_asig7 FROM tblaca009_p_int WHERE pensum='5' AND c_uni_ca='5' AND c_asigna='355570' [1][0] OK
C:[16/08/2013 14:25:44.63][190.207.36.22][1151] SELECT c_asigna FROM dace004 WHERE exp_e='08-20808614' AND c_asigna='355447' AND status IN ('0','3','B','C') [1][0] OK
C:[16/08/2013 14:25:44.63][190.207.36.22][1138] SELECT pre_cod_asig1,pre_cod_asig2,pre_cod_asig3,pre_cod_asig4,pre_cod_asig5,pre_cod_asig6,pre_cod_asig7 FROM tblaca009_p_int WHERE pensum='5' AND c_uni_ca='5' AND c_asigna='355571' [1][0] OK
C:[16/08/2013 14:25:44.63][190.207.36.22][1151] SELECT c_asigna FROM dace004 WHERE exp_e='08-20808614' AND c_asigna='355447' AND status IN ('0','3','B','C') [1][0] OK
C:[16/08/2013 14:25:44.60][190.207.36.22][1182] SELECT par_cod_asig1,par_cod_asig2,par_cod_asig3 FROM tblaca009_p_int WHERE pensum='5' AND c_uni_ca='5' AND c_asigna='355570' [1][0] OK
C:[16/08/2013 14:25:44.60][190.207.36.22][1182] SELECT par_cod_asig1,par_cod_asig2,par_cod_asig3 FROM tblaca009_p_int WHERE pensum='5' AND c_uni_ca='5' AND c_asigna='355571' [1][0] OK
C:[16/08/2013 14:25:44.87][190.207.36.22][1312] SELECT horas_lab FROM tblaca008 WHERE c_asigna='355570' AND horas_teoricas > 0 [1][0] OK
C:[16/08/2013 14:25:44.87][190.207.36.22][1312] SELECT horas_lab FROM tblaca008 WHERE c_asigna='355571' AND horas_teoricas > 0 [1][0] OK
C:[16/08/2013 14:25:45.25][201.243.117.167][1138] SELECT pre_cod_asig1,pre_cod_asig2,pre_cod_asig3,pre_cod_asig4,pre_cod_asig5,pre_cod_asig6,pre_cod_asig7 FROM tblaca009_p_int WHERE pensum='5' AND c_uni_ca='3' AND c_asigna='300013' [1][0] OK
C:[16/08/2013 14:25:45.55][186.88.133.89][1138] SELECT pre_cod_asig1,pre_cod_asig2,pre_cod_asig3,pre_cod_asig4,pre_cod_asig5,pre_cod_asig6,pre_cod_asig7 FROM tblaca009_p_int WHERE pensum='5' AND c_uni_ca='6' AND c_asigna='300313' [1][0] OK
C:[16/08/2013 14:25:45.55][186.88.133.89][1151] SELECT c_asigna FROM dace004 WHERE exp_e='08-19804710' AND c_asigna='300213' AND status IN ('0','3','B','C') [1][0] OK
C:[16/08/2013 14:25:45.40][201.243.117.167][1182] SELECT par_cod_asig1,par_cod_asig2,par_cod_asig3 FROM tblaca009_p_int WHERE pensum='5' AND c_uni_ca='3' AND c_asigna='300013' [1][0] OK
C:[16/08/2013 14:25:45.80][186.88.133.89][1182] SELECT par_cod_asig1,par_cod_asig2,par_cod_asig3 FROM tblaca009_p_int WHERE pensum='5' AND c_uni_ca='6' AND c_asigna='300313' [1][0] OK
C:[16/08/2013 14:25:45.51][201.243.117.167][1312] SELECT horas_lab FROM tblaca008 WHERE c_asigna='300013' AND horas_teoricas > 0 [1][0] OK
C:[16/08/2013 14:25:45.96][186.88.133.89][1312] SELECT horas_lab FROM tblaca008 WHERE c_asigna='300313' AND horas_teoricas > 0 [1][0] OK
C:[16/08/2013 14:26:02.61][190.39.5.74][1138] SELECT pre_cod_asig1,pre_cod_asig2,pre_cod_asig3,pre_cod_asig4,pre_cod_asig5,pre_cod_asig6,pre_cod_asig7 FROM tblaca009_p_int WHERE pensum='5' AND c_uni_ca='2' AND c_asigna='300101' [1][0] OK
C:[16/08/2013 14:26:02.29][190.39.5.74][1182] SELECT par_cod_asig1,par_cod_asig2,par_cod_asig3 FROM tblaca009_p_int WHERE pensum='5' AND c_uni_ca='2' AND c_asigna='300101' [1][0] OK
C:[16/08/2013 14:26:02.43][190.39.5.74][1312] SELECT horas_lab FROM tblaca008 WHERE c_asigna='300101' AND horas_teoricas > 0 [1][0] OK
C:[16/08/2013 14:26:09.19][190.198.150.83][1138] SELECT pre_cod_asig1,pre_cod_asig2,pre_cod_asig3,pre_cod_asig4,pre_cod_asig5,pre_cod_asig6,pre_cod_asig7 FROM tblaca009_p_int WHERE pensum='5' AND c_uni_ca='3' AND c_asigna='311824' [1][0] OK
C:[16/08/2013 14:26:09.19][190.198.150.83][1151] SELECT c_asigna FROM dace004 WHERE exp_e='09-21497289' AND c_asigna='311796' AND status IN ('0','3','B','C') [1][0] OK
C:[16/08/2013 14:26:09.44][190.198.150.83][1182] SELECT par_cod_asig1,par_cod_asig2,par_cod_asig3 FROM tblaca009_p_int WHERE pensum='5' AND c_uni_ca='3' AND c_asigna='311824' [1][0] OK
C:[16/08/2013 14:26:09.61][190.198.150.83][1312] SELECT horas_lab FROM tblaca008 WHERE c_asigna='311824' AND horas_teoricas > 0 [1][0] OK
C:[16/08/2013 14:26:11.14][190.94.250.110][1138] SELECT pre_cod_asig1,pre_cod_asig2,pre_cod_asig3,pre_cod_asig4,pre_cod_asig5,pre_cod_asig6,pre_cod_asig7 FROM tblaca009_p_int WHERE pensum='5' AND c_uni_ca='5' AND c_asigna='355692' [1][0] OK
C:[16/08/2013 14:26:11.14][190.94.250.110][1151] SELECT c_asigna FROM dace004 WHERE exp_e='07-18170701' AND c_asigna='355448' AND status IN ('0','3','B','C') [1][0] OK
C:[16/08/2013 14:26:11.14][190.94.250.110][1151] SELECT c_asigna FROM dace004 WHERE exp_e='07-18170701' AND c_asigna='355570' AND status IN ('0','3','B','C') [1][0] OK
C:[16/08/2013 14:26:11.07][190.94.250.110][1182] SELECT par_cod_asig1,par_cod_asig2,par_cod_asig3 FROM tblaca009_p_int WHERE pensum='5' AND c_uni_ca='5' AND c_asigna='355692' [1][0] OK
C:[16/08/2013 14:26:11.23][190.94.250.110][1312] SELECT horas_lab FROM tblaca008 WHERE c_asigna='355692' AND horas_teoricas > 0 [1][0] OK
C:[16/08/2013 14:26:21.89][186.88.133.89][1138] SELECT pre_cod_asig1,pre_cod_asig2,pre_cod_asig3,pre_cod_asig4,pre_cod_asig5,pre_cod_asig6,pre_cod_asig7 FROM tblaca009_p_int WHERE pensum='5' AND c_uni_ca='6' AND c_asigna='300313' [1][0] OK
C:[16/08/2013 14:26:21.89][186.88.133.89][1151] SELECT c_asigna FROM dace004 WHERE exp_e='08-19804710' AND c_asigna='300213' AND status IN ('0','3','B','C') [1][0] OK
C:[16/08/2013 14:26:21.60][186.88.133.89][1182] SELECT par_cod_asig1,par_cod_asig2,par_cod_asig3 FROM tblaca009_p_int WHERE pensum='5' AND c_uni_ca='6' AND c_asigna='300313' [1][0] OK
C:[16/08/2013 14:26:21.74][186.88.133.89][1312] SELECT horas_lab FROM tblaca008 WHERE c_asigna='300313' AND horas_teoricas > 0 [1][0] OK
C:[16/08/2013 14:26:45.24][186.89.156.62][1138] SELECT pre_cod_asig1,pre_cod_asig2,pre_cod_asig3,pre_cod_asig4,pre_cod_asig5,pre_cod_asig6,pre_cod_asig7 FROM tblaca009_p_int WHERE pensum='5' AND c_uni_ca='4' AND c_asigna='333639' [1][0] OK
C:[16/08/2013 14:26:45.24][186.89.156.62][1151] SELECT c_asigna FROM dace004 WHERE exp_e='07-19785304' AND c_asigna='333585' AND status IN ('0','3','B','C') [1][0] OK
C:[16/08/2013 14:26:45.24][186.89.156.62][1138] SELECT pre_cod_asig1,pre_cod_asig2,pre_cod_asig3,pre_cod_asig4,pre_cod_asig5,pre_cod_asig6,pre_cod_asig7 FROM tblaca009_p_int WHERE pensum='5' AND c_uni_ca='4' AND c_asigna='333809' [1][0] OK
C:[16/08/2013 14:26:45.24][186.89.156.62][1151] SELECT c_asigna FROM dace004 WHERE exp_e='07-19785304' AND c_asigna='333683' AND status IN ('0','3','B','C') [1][0] OK
C:[16/08/2013 14:26:45.24][186.89.156.62][1151] SELECT c_asigna FROM dace004 WHERE exp_e='07-19785304' AND c_asigna='333710' AND status IN ('0','3','B','C') [1][0] OK
C:[16/08/2013 14:26:45.43][186.89.156.62][1182] SELECT par_cod_asig1,par_cod_asig2,par_cod_asig3 FROM tblaca009_p_int WHERE pensum='5' AND c_uni_ca='4' AND c_asigna='333639' [1][0] OK
C:[16/08/2013 14:26:45.43][186.89.156.62][1182] SELECT par_cod_asig1,par_cod_asig2,par_cod_asig3 FROM tblaca009_p_int WHERE pensum='5' AND c_uni_ca='4' AND c_asigna='333809' [1][0] OK
C:[16/08/2013 14:26:45.69][186.89.156.62][1312] SELECT horas_lab FROM tblaca008 WHERE c_asigna='333639' AND horas_teoricas > 0 [1][0] OK
C:[16/08/2013 14:26:45.69][186.89.156.62][1312] SELECT horas_lab FROM tblaca008 WHERE c_asigna='333809' AND horas_teoricas > 0 [1][0] OK
C:[16/08/2013 14:27:13.98][190.201.175.202][1138] SELECT pre_cod_asig1,pre_cod_asig2,pre_cod_asig3,pre_cod_asig4,pre_cod_asig5,pre_cod_asig6,pre_cod_asig7 FROM tblaca009_p_int WHERE pensum='5' AND c_uni_ca='4' AND c_asigna='300101' [1][0] OK
C:[16/08/2013 14:27:13.67][190.201.175.202][1182] SELECT par_cod_asig1,par_cod_asig2,par_cod_asig3 FROM tblaca009_p_int WHERE pensum='5' AND c_uni_ca='4' AND c_asigna='300101' [1][0] OK
C:[16/08/2013 14:27:13.81][190.201.175.202][1312] SELECT horas_lab FROM tblaca008 WHERE c_asigna='300101' AND horas_teoricas > 0 [1][0] OK
C:[16/08/2013 14:27:25.95][190.206.57.247][1138] SELECT pre_cod_asig1,pre_cod_asig2,pre_cod_asig3,pre_cod_asig4,pre_cod_asig5,pre_cod_asig6,pre_cod_asig7 FROM tblaca009_p_int WHERE pensum='5' AND c_uni_ca='3' AND c_asigna='312333' [1][0] OK
C:[16/08/2013 14:27:25.95][190.206.57.247][1151] SELECT c_asigna FROM dace004 WHERE exp_e='05-18078295' AND c_asigna='300228' AND status IN ('0','3','B','C') [1][0] OK
C:[16/08/2013 14:27:26.20][190.206.57.247][1182] SELECT par_cod_asig1,par_cod_asig2,par_cod_asig3 FROM tblaca009_p_int WHERE pensum='5' AND c_uni_ca='3' AND c_asigna='312333' [1][0] OK
C:[16/08/2013 14:27:26.47][190.206.57.247][1312] SELECT horas_lab FROM tblaca008 WHERE c_asigna='312333' AND horas_teoricas > 0 [1][0] OK
C:[16/08/2013 14:27:28.14][190.37.107.99][1138] SELECT pre_cod_asig1,pre_cod_asig2,pre_cod_asig3,pre_cod_asig4,pre_cod_asig5,pre_cod_asig6,pre_cod_asig7 FROM tblaca009_p_int WHERE pensum='5' AND c_uni_ca='4' AND c_asigna='300116' [1][0] OK
C:[16/08/2013 14:27:28.26][190.37.107.99][1182] SELECT par_cod_asig1,par_cod_asig2,par_cod_asig3 FROM tblaca009_p_int WHERE pensum='5' AND c_uni_ca='4' AND c_asigna='300116' [1][0] OK
C:[16/08/2013 14:27:28.40][190.37.107.99][1312] SELECT horas_lab FROM tblaca008 WHERE c_asigna='300116' AND horas_teoricas > 0 [1][0] OK
C:[16/08/2013 14:27:32.66][190.38.208.162][1138] SELECT pre_cod_asig1,pre_cod_asig2,pre_cod_asig3,pre_cod_asig4,pre_cod_asig5,pre_cod_asig6,pre_cod_asig7 FROM tblaca009_p_int WHERE pensum='5' AND c_uni_ca='2' AND c_asigna='300317' [1][0] OK
C:[16/08/2013 14:27:32.66][190.38.208.162][1151] SELECT c_asigna FROM dace004 WHERE exp_e='08-20137388' AND c_asigna='300207' AND status IN ('0','3','B','C') [1][0] OK
C:[16/08/2013 14:27:32.66][190.38.208.162][1151] SELECT c_asigna FROM dace004 WHERE exp_e='08-20137388' AND c_asigna='300209' AND status IN ('0','3','B','C') [1][0] OK
C:[16/08/2013 14:27:32.04][190.38.208.162][1182] SELECT par_cod_asig1,par_cod_asig2,par_cod_asig3 FROM tblaca009_p_int WHERE pensum='5' AND c_uni_ca='2' AND c_asigna='300317' [1][0] OK
C:[16/08/2013 14:27:32.16][190.38.208.162][1312] SELECT horas_lab FROM tblaca008 WHERE c_asigna='300317' AND horas_teoricas > 0 [1][0] OK
C:[16/08/2013 14:27:46.11][190.201.175.202][1138] SELECT pre_cod_asig1,pre_cod_asig2,pre_cod_asig3,pre_cod_asig4,pre_cod_asig5,pre_cod_asig6,pre_cod_asig7 FROM tblaca009_p_int WHERE pensum='5' AND c_uni_ca='3' AND c_asigna='300112' [1][0] OK
C:[16/08/2013 14:27:46.80][190.201.175.202][1182] SELECT par_cod_asig1,par_cod_asig2,par_cod_asig3 FROM tblaca009_p_int WHERE pensum='5' AND c_uni_ca='3' AND c_asigna='300112' [1][0] OK
C:[16/08/2013 14:27:46.93][190.201.175.202][1312] SELECT horas_lab FROM tblaca008 WHERE c_asigna='300112' AND horas_teoricas > 0 [1][0] OK
C:[16/08/2013 14:28:16.87][186.90.184.217][1138] SELECT pre_cod_asig1,pre_cod_asig2,pre_cod_asig3,pre_cod_asig4,pre_cod_asig5,pre_cod_asig6,pre_cod_asig7 FROM tblaca009_p_int WHERE pensum='5' AND c_uni_ca='3' AND c_asigna='311824' [1][0] OK
C:[16/08/2013 14:28:16.87][186.90.184.217][1151] SELECT c_asigna FROM dace004 WHERE exp_e='05-18687137' AND c_asigna='311796' AND status IN ('0','3','B','C') [1][0] OK
C:[16/08/2013 14:28:16.80][186.90.184.217][1182] SELECT par_cod_asig1,par_cod_asig2,par_cod_asig3 FROM tblaca009_p_int WHERE pensum='5' AND c_uni_ca='3' AND c_asigna='311824' [1][0] OK
C:[16/08/2013 14:28:16.86][186.90.184.217][1312] SELECT horas_lab FROM tblaca008 WHERE c_asigna='311824' AND horas_teoricas > 0 [1][0] OK
C:[16/08/2013 14:28:21.43][190.36.15.15][1138] SELECT pre_cod_asig1,pre_cod_asig2,pre_cod_asig3,pre_cod_asig4,pre_cod_asig5,pre_cod_asig6,pre_cod_asig7 FROM tblaca009_p_int WHERE pensum='5' AND c_uni_ca='2' AND c_asigna='322669' [1][0] OK
C:[16/08/2013 14:28:21.43][190.36.15.15][1151] SELECT c_asigna FROM dace004 WHERE exp_e='10-24122017' AND c_asigna='322558' AND status IN ('0','3','B','C') [1][0] OK
C:[16/08/2013 14:28:21.43][190.36.15.15][1138] SELECT pre_cod_asig1,pre_cod_asig2,pre_cod_asig3,pre_cod_asig4,pre_cod_asig5,pre_cod_asig6,pre_cod_asig7 FROM tblaca009_p_int WHERE pensum='5' AND c_uni_ca='2' AND c_asigna='322683' [1][0] OK
C:[16/08/2013 14:28:21.43][190.36.15.15][1151] SELECT c_asigna FROM dace004 WHERE exp_e='10-24122017' AND c_asigna='322560' AND status IN ('0','3','B','C') [1][0] OK
C:[16/08/2013 14:28:21.93][190.36.15.15][1182] SELECT par_cod_asig1,par_cod_asig2,par_cod_asig3 FROM tblaca009_p_int WHERE pensum='5' AND c_uni_ca='2' AND c_asigna='322669' [1][0] OK
C:[16/08/2013 14:28:21.93][190.36.15.15][1182] SELECT par_cod_asig1,par_cod_asig2,par_cod_asig3 FROM tblaca009_p_int WHERE pensum='5' AND c_uni_ca='2' AND c_asigna='322683' [1][0] OK
C:[16/08/2013 14:28:21.19][190.36.15.15][1312] SELECT horas_lab FROM tblaca008 WHERE c_asigna='322669' AND horas_teoricas > 0 [1][0] OK
C:[16/08/2013 14:28:21.19][190.36.15.15][1312] SELECT horas_lab FROM tblaca008 WHERE c_asigna='322683' AND horas_teoricas > 0 [1][0] OK
C:[16/08/2013 14:28:27.67][190.201.175.202][1138] SELECT pre_cod_asig1,pre_cod_asig2,pre_cod_asig3,pre_cod_asig4,pre_cod_asig5,pre_cod_asig6,pre_cod_asig7 FROM tblaca009_p_int WHERE pensum='5' AND c_uni_ca='2' AND c_asigna='300116' [1][0] OK
C:[16/08/2013 14:28:27.67][190.201.175.202][1138] SELECT pre_cod_asig1,pre_cod_asig2,pre_cod_asig3,pre_cod_asig4,pre_cod_asig5,pre_cod_asig6,pre_cod_asig7 FROM tblaca009_p_int WHERE pensum='5' AND c_uni_ca='2' AND c_asigna='300317' [1][0] OK
C:[16/08/2013 14:28:27.67][190.201.175.202][1151] SELECT c_asigna FROM dace004 WHERE exp_e='11-25084029' AND c_asigna='300207' AND status IN ('0','3','B','C') [1][0] OK
C:[16/08/2013 14:28:27.67][190.201.175.202][1151] SELECT c_asigna FROM dace004 WHERE exp_e='11-25084029' AND c_asigna='300209' AND status IN ('0','3','B','C') [1][0] OK
C:[16/08/2013 14:28:27.17][190.201.175.202][1182] SELECT par_cod_asig1,par_cod_asig2,par_cod_asig3 FROM tblaca009_p_int WHERE pensum='5' AND c_uni_ca='2' AND c_asigna='300116' [1][0] OK
C:[16/08/2013 14:28:27.17][190.201.175.202][1182] SELECT par_cod_asig1,par_cod_asig2,par_cod_asig3 FROM tblaca009_p_int WHERE pensum='5' AND c_uni_ca='2' AND c_asigna='300317' [1][0] OK
C:[16/08/2013 14:28:27.44][190.201.175.202][1312] SELECT horas_lab FROM tblaca008 WHERE c_asigna='300116' AND horas_teoricas > 0 [1][0] OK
C:[16/08/2013 14:28:27.44][190.201.175.202][1312] SELECT horas_lab FROM tblaca008 WHERE c_asigna='300317' AND horas_teoricas > 0 [1][0] OK
C:[16/08/2013 14:28:34.18][190.201.175.202][1138] SELECT pre_cod_asig1,pre_cod_asig2,pre_cod_asig3,pre_cod_asig4,pre_cod_asig5,pre_cod_asig6,pre_cod_asig7 FROM tblaca009_p_int WHERE pensum='5' AND c_uni_ca='3' AND c_asigna='300101' [1][0] OK
C:[16/08/2013 14:28:34.77][190.201.175.202][1182] SELECT par_cod_asig1,par_cod_asig2,par_cod_asig3 FROM tblaca009_p_int WHERE pensum='5' AND c_uni_ca='3' AND c_asigna='300101' [1][0] OK
C:[16/08/2013 14:28:34.91][190.201.175.202][1312] SELECT horas_lab FROM tblaca008 WHERE c_asigna='300101' AND horas_teoricas > 0 [1][0] OK
C:[16/08/2013 14:29:05.27][190.201.175.202][1138] SELECT pre_cod_asig1,pre_cod_asig2,pre_cod_asig3,pre_cod_asig4,pre_cod_asig5,pre_cod_asig6,pre_cod_asig7 FROM tblaca009_p_int WHERE pensum='5' AND c_uni_ca='3' AND c_asigna='300113' [1][0] OK
C:[16/08/2013 14:29:05.27][190.201.175.202][1138] SELECT pre_cod_asig1,pre_cod_asig2,pre_cod_asig3,pre_cod_asig4,pre_cod_asig5,pre_cod_asig6,pre_cod_asig7 FROM tblaca009_p_int WHERE pensum='5' AND c_uni_ca='3' AND c_asigna='300222' [1][0] OK
C:[16/08/2013 14:29:05.27][190.201.175.202][1151] SELECT c_asigna FROM dace004 WHERE exp_e='12-22825129' AND c_asigna='300112' AND status IN ('0','3','B','C') [1][0] OK
C:[16/08/2013 14:29:05.21][190.201.175.202][1182] SELECT par_cod_asig1,par_cod_asig2,par_cod_asig3 FROM tblaca009_p_int WHERE pensum='5' AND c_uni_ca='3' AND c_asigna='300113' [1][0] OK
C:[16/08/2013 14:29:05.21][190.201.175.202][1196] SELECT c_asigna FROM dace004 WHERE exp_e='12-22825129' AND c_asigna='300013' AND status IN ('0','3','B','C') [0][0] OK
C:[16/08/2013 14:29:05.21][190.201.175.202][1182] SELECT par_cod_asig1,par_cod_asig2,par_cod_asig3 FROM tblaca009_p_int WHERE pensum='5' AND c_uni_ca='3' AND c_asigna='300222' [1][0] OK
C:[16/08/2013 14:29:05.60][190.201.175.202][1312] SELECT horas_lab FROM tblaca008 WHERE c_asigna='300113' AND horas_teoricas > 0 [0][0] OK
C:[16/08/2013 14:29:05.60][190.201.175.202][1312] SELECT horas_lab FROM tblaca008 WHERE c_asigna='300222' AND horas_teoricas > 0 [1][0] OK
C:[16/08/2013 14:29:26.39][181.50.218.66][1138] SELECT pre_cod_asig1,pre_cod_asig2,pre_cod_asig3,pre_cod_asig4,pre_cod_asig5,pre_cod_asig6,pre_cod_asig7 FROM tblaca009_p_int WHERE pensum='5' AND c_uni_ca='2' AND c_asigna='322669' [1][0] OK
C:[16/08/2013 14:29:26.39][181.50.218.66][1151] SELECT c_asigna FROM dace004 WHERE exp_e='10-22816198' AND c_asigna='322558' AND status IN ('0','3','B','C') [1][0] OK
C:[16/08/2013 14:29:26.20][181.50.218.66][1182] SELECT par_cod_asig1,par_cod_asig2,par_cod_asig3 FROM tblaca009_p_int WHERE pensum='5' AND c_uni_ca='2' AND c_asigna='322669' [1][0] OK
C:[16/08/2013 14:29:26.34][181.50.218.66][1312] SELECT horas_lab FROM tblaca008 WHERE c_asigna='322669' AND horas_teoricas > 0 [1][0] OK
C:[16/08/2013 14:29:33.88][190.201.175.202][1138] SELECT pre_cod_asig1,pre_cod_asig2,pre_cod_asig3,pre_cod_asig4,pre_cod_asig5,pre_cod_asig6,pre_cod_asig7 FROM tblaca009_p_int WHERE pensum='5' AND c_uni_ca='3' AND c_asigna='300112' [1][0] OK
C:[16/08/2013 14:29:33.09][190.201.175.202][1182] SELECT par_cod_asig1,par_cod_asig2,par_cod_asig3 FROM tblaca009_p_int WHERE pensum='5' AND c_uni_ca='3' AND c_asigna='300112' [1][0] OK
C:[16/08/2013 14:29:33.71][190.201.175.202][1312] SELECT horas_lab FROM tblaca008 WHERE c_asigna='300112' AND horas_teoricas > 0 [1][0] OK
C:[16/08/2013 14:29:38.22][190.201.175.202][1138] SELECT pre_cod_asig1,pre_cod_asig2,pre_cod_asig3,pre_cod_asig4,pre_cod_asig5,pre_cod_asig6,pre_cod_asig7 FROM tblaca009_p_int WHERE pensum='5' AND c_uni_ca='3' AND c_asigna='300013' [1][0] OK
C:[16/08/2013 14:29:38.22][190.201.175.202][1138] SELECT pre_cod_asig1,pre_cod_asig2,pre_cod_asig3,pre_cod_asig4,pre_cod_asig5,pre_cod_asig6,pre_cod_asig7 FROM tblaca009_p_int WHERE pensum='5' AND c_uni_ca='3' AND c_asigna='300113' [1][0] OK
C:[16/08/2013 14:29:38.47][190.201.175.202][1182] SELECT par_cod_asig1,par_cod_asig2,par_cod_asig3 FROM tblaca009_p_int WHERE pensum='5' AND c_uni_ca='3' AND c_asigna='300013' [1][0] OK
C:[16/08/2013 14:29:38.47][190.201.175.202][1182] SELECT par_cod_asig1,par_cod_asig2,par_cod_asig3 FROM tblaca009_p_int WHERE pensum='5' AND c_uni_ca='3' AND c_asigna='300113' [1][0] OK
C:[16/08/2013 14:29:38.47][190.201.175.202][1196] SELECT c_asigna FROM dace004 WHERE exp_e='13-22593237' AND c_asigna='300013' AND status IN ('0','3','B','C') [0][0] OK
C:[16/08/2013 14:29:38.98][190.201.175.202][1312] SELECT horas_lab FROM tblaca008 WHERE c_asigna='300013' AND horas_teoricas > 0 [1][0] OK
C:[16/08/2013 14:29:38.98][190.201.175.202][1312] SELECT horas_lab FROM tblaca008 WHERE c_asigna='300113' AND horas_teoricas > 0 [0][0] OK
C:[16/08/2013 14:29:42.10][190.37.35.29][1138] SELECT pre_cod_asig1,pre_cod_asig2,pre_cod_asig3,pre_cod_asig4,pre_cod_asig5,pre_cod_asig6,pre_cod_asig7 FROM tblaca009_p_int WHERE pensum='5' AND c_uni_ca='6' AND c_asigna='300013' [1][0] OK
C:[16/08/2013 14:29:42.23][190.37.35.29][1182] SELECT par_cod_asig1,par_cod_asig2,par_cod_asig3 FROM tblaca009_p_int WHERE pensum='5' AND c_uni_ca='6' AND c_asigna='300013' [1][0] OK
C:[16/08/2013 14:29:42.36][190.37.35.29][1312] SELECT horas_lab FROM tblaca008 WHERE c_asigna='300013' AND horas_teoricas > 0 [1][0] OK
C:[16/08/2013 14:29:44.71][200.109.205.120][1138] SELECT pre_cod_asig1,pre_cod_asig2,pre_cod_asig3,pre_cod_asig4,pre_cod_asig5,pre_cod_asig6,pre_cod_asig7 FROM tblaca009_p_int WHERE pensum='5' AND c_uni_ca='5' AND c_asigna='300207' [1][0] OK
C:[16/08/2013 14:29:44.71][200.109.205.120][1151] SELECT c_asigna FROM dace004 WHERE exp_e='12-24035854' AND c_asigna='300101' AND status IN ('0','3','B','C') [1][0] OK
C:[16/08/2013 14:29:44.67][200.109.205.120][1182] SELECT par_cod_asig1,par_cod_asig2,par_cod_asig3 FROM tblaca009_p_int WHERE pensum='5' AND c_uni_ca='5' AND c_asigna='300207' [1][0] OK
C:[16/08/2013 14:29:44.79][200.109.205.120][1312] SELECT horas_lab FROM tblaca008 WHERE c_asigna='300207' AND horas_teoricas > 0 [1][0] OK
C:[16/08/2013 14:29:45.07][190.201.175.202][1138] SELECT pre_cod_asig1,pre_cod_asig2,pre_cod_asig3,pre_cod_asig4,pre_cod_asig5,pre_cod_asig6,pre_cod_asig7 FROM tblaca009_p_int WHERE pensum='5' AND c_uni_ca='2' AND c_asigna='300101' [1][0] OK
C:[16/08/2013 14:29:45.07][190.201.175.202][1138] SELECT pre_cod_asig1,pre_cod_asig2,pre_cod_asig3,pre_cod_asig4,pre_cod_asig5,pre_cod_asig6,pre_cod_asig7 FROM tblaca009_p_int WHERE pensum='5' AND c_uni_ca='2' AND c_asigna='300112' [1][0] OK
C:[16/08/2013 14:29:45.41][190.201.175.202][1182] SELECT par_cod_asig1,par_cod_asig2,par_cod_asig3 FROM tblaca009_p_int WHERE pensum='5' AND c_uni_ca='2' AND c_asigna='300101' [1][0] OK
C:[16/08/2013 14:29:45.41][190.201.175.202][1182] SELECT par_cod_asig1,par_cod_asig2,par_cod_asig3 FROM tblaca009_p_int WHERE pensum='5' AND c_uni_ca='2' AND c_asigna='300112' [1][0] OK
C:[16/08/2013 14:29:45.67][190.201.175.202][1312] SELECT horas_lab FROM tblaca008 WHERE c_asigna='300101' AND horas_teoricas > 0 [1][0] OK
C:[16/08/2013 14:29:45.67][190.201.175.202][1312] SELECT horas_lab FROM tblaca008 WHERE c_asigna='300112' AND horas_teoricas > 0 [1][0] OK
C:[16/08/2013 14:29:50.71][190.205.15.176][1138] SELECT pre_cod_asig1,pre_cod_asig2,pre_cod_asig3,pre_cod_asig4,pre_cod_asig5,pre_cod_asig6,pre_cod_asig7 FROM tblaca009_p_int WHERE pensum='5' AND c_uni_ca='5' AND c_asigna='300112' [1][0] OK
C:[16/08/2013 14:29:50.86][190.205.15.176][1182] SELECT par_cod_asig1,par_cod_asig2,par_cod_asig3 FROM tblaca009_p_int WHERE pensum='5' AND c_uni_ca='5' AND c_asigna='300112' [1][0] OK
C:[16/08/2013 14:29:50.97][190.205.15.176][1312] SELECT horas_lab FROM tblaca008 WHERE c_asigna='300112' AND horas_teoricas > 0 [1][0] OK
C:[16/08/2013 14:29:53.19][200.90.98.228][1138] SELECT pre_cod_asig1,pre_cod_asig2,pre_cod_asig3,pre_cod_asig4,pre_cod_asig5,pre_cod_asig6,pre_cod_asig7 FROM tblaca009_p_int WHERE pensum='5' AND c_uni_ca='2' AND c_asigna='322904' [1][0] OK
C:[16/08/2013 14:29:53.31][200.90.98.228][1182] SELECT par_cod_asig1,par_cod_asig2,par_cod_asig3 FROM tblaca009_p_int WHERE pensum='5' AND c_uni_ca='2' AND c_asigna='322904' [1][0] OK
C:[16/08/2013 14:29:53.48][200.90.98.228][1312] SELECT horas_lab FROM tblaca008 WHERE c_asigna='322904' AND horas_teoricas > 0 [1][0] OK
C:[16/08/2013 14:29:56.41][190.198.87.109][1138] SELECT pre_cod_asig1,pre_cod_asig2,pre_cod_asig3,pre_cod_asig4,pre_cod_asig5,pre_cod_asig6,pre_cod_asig7 FROM tblaca009_p_int WHERE pensum='5' AND c_uni_ca='6' AND c_asigna='300209' [1][0] OK
C:[16/08/2013 14:29:56.41][190.198.87.109][1151] SELECT c_asigna FROM dace004 WHERE exp_e='06-18820187' AND c_asigna='300101' AND status IN ('0','3','B','C') [1][0] OK
C:[16/08/2013 14:29:56.66][190.198.87.109][1182] SELECT par_cod_asig1,par_cod_asig2,par_cod_asig3 FROM tblaca009_p_int WHERE pensum='5' AND c_uni_ca='6' AND c_asigna='300209' [1][0] OK
C:[16/08/2013 14:29:56.80][190.198.87.109][1312] SELECT horas_lab FROM tblaca008 WHERE c_asigna='300209' AND horas_teoricas > 0 [1][0] OK
C:[16/08/2013 14:29:58.03][190.207.43.222][1138] SELECT pre_cod_asig1,pre_cod_asig2,pre_cod_asig3,pre_cod_asig4,pre_cod_asig5,pre_cod_asig6,pre_cod_asig7 FROM tblaca009_p_int WHERE pensum='5' AND c_uni_ca='5' AND c_asigna='300101' [1][0] OK
C:[16/08/2013 14:29:58.16][190.207.43.222][1182] SELECT par_cod_asig1,par_cod_asig2,par_cod_asig3 FROM tblaca009_p_int WHERE pensum='5' AND c_uni_ca='5' AND c_asigna='300101' [1][0] OK
C:[16/08/2013 14:29:58.30][190.207.43.222][1312] SELECT horas_lab FROM tblaca008 WHERE c_asigna='300101' AND horas_teoricas > 0 [1][0] OK
C:[16/08/2013 14:30:27.02][190.36.16.193][1138] SELECT pre_cod_asig1,pre_cod_asig2,pre_cod_asig3,pre_cod_asig4,pre_cod_asig5,pre_cod_asig6,pre_cod_asig7 FROM tblaca009_p_int WHERE pensum='5' AND c_uni_ca='6' AND c_asigna='344948' [1][0] OK
C:[16/08/2013 14:30:27.71][190.36.16.193][1182] SELECT par_cod_asig1,par_cod_asig2,par_cod_asig3 FROM tblaca009_p_int WHERE pensum='5' AND c_uni_ca='6' AND c_asigna='344948' [1][0] OK
C:[16/08/2013 14:30:27.85][190.36.16.193][1312] SELECT horas_lab FROM tblaca008 WHERE c_asigna='344948' AND horas_teoricas > 0 [1][0] OK
C:[16/08/2013 14:30:46.39][190.94.250.44][1138] SELECT pre_cod_asig1,pre_cod_asig2,pre_cod_asig3,pre_cod_asig4,pre_cod_asig5,pre_cod_asig6,pre_cod_asig7 FROM tblaca009_p_int WHERE pensum='5' AND c_uni_ca='3' AND c_asigna='300317' [1][0] OK
C:[16/08/2013 14:30:46.39][190.94.250.44][1151] SELECT c_asigna FROM dace004 WHERE exp_e='07-20804634' AND c_asigna='300207' AND status IN ('0','3','B','C') [1][0] OK
C:[16/08/2013 14:30:46.39][190.94.250.44][1151] SELECT c_asigna FROM dace004 WHERE exp_e='07-20804634' AND c_asigna='300209' AND status IN ('0','3','B','C') [1][0] OK
C:[16/08/2013 14:30:46.33][190.94.250.44][1182] SELECT par_cod_asig1,par_cod_asig2,par_cod_asig3 FROM tblaca009_p_int WHERE pensum='5' AND c_uni_ca='3' AND c_asigna='300317' [1][0] OK
C:[16/08/2013 14:30:46.46][190.94.250.44][1312] SELECT horas_lab FROM tblaca008 WHERE c_asigna='300317' AND horas_teoricas > 0 [1][0] OK
C:[16/08/2013 14:31:22.63][190.78.122.76][1138] SELECT pre_cod_asig1,pre_cod_asig2,pre_cod_asig3,pre_cod_asig4,pre_cod_asig5,pre_cod_asig6,pre_cod_asig7 FROM tblaca009_p_int WHERE pensum='5' AND c_uni_ca='5' AND c_asigna='300105' [1][0] OK
C:[16/08/2013 14:31:22.63][190.78.122.76][1138] SELECT pre_cod_asig1,pre_cod_asig2,pre_cod_asig3,pre_cod_asig4,pre_cod_asig5,pre_cod_asig6,pre_cod_asig7 FROM tblaca009_p_int WHERE pensum='5' AND c_uni_ca='5' AND c_asigna='351330' [1][0] OK
C:[16/08/2013 14:31:22.63][190.78.122.76][1151] SELECT c_asigna FROM dace004 WHERE exp_e='07-19804812' AND c_asigna='300218' AND status IN ('0','3','B','C') [1][0] OK
C:[16/08/2013 14:31:22.56][190.78.122.76][1182] SELECT par_cod_asig1,par_cod_asig2,par_cod_asig3 FROM tblaca009_p_int WHERE pensum='5' AND c_uni_ca='5' AND c_asigna='300105' [1][0] OK
C:[16/08/2013 14:31:22.56][190.78.122.76][1182] SELECT par_cod_asig1,par_cod_asig2,par_cod_asig3 FROM tblaca009_p_int WHERE pensum='5' AND c_uni_ca='5' AND c_asigna='351330' [1][0] OK
C:[16/08/2013 14:31:22.56][190.78.122.76][1196] SELECT c_asigna FROM dace004 WHERE exp_e='07-19804812' AND c_asigna='300317' AND status IN ('0','3','B','C') [1][0] OK
C:[16/08/2013 14:31:22.94][190.78.122.76][1312] SELECT horas_lab FROM tblaca008 WHERE c_asigna='300105' AND horas_teoricas > 0 [1][0] OK
C:[16/08/2013 14:31:22.94][190.78.122.76][1312] SELECT horas_lab FROM tblaca008 WHERE c_asigna='351330' AND horas_teoricas > 0 [1][0] OK
C:[16/08/2013 14:31:43.19][190.201.175.202][1138] SELECT pre_cod_asig1,pre_cod_asig2,pre_cod_asig3,pre_cod_asig4,pre_cod_asig5,pre_cod_asig6,pre_cod_asig7 FROM tblaca009_p_int WHERE pensum='5' AND c_uni_ca='5' AND c_asigna='300101' [1][0] OK
C:[16/08/2013 14:31:43.56][190.201.175.202][1182] SELECT par_cod_asig1,par_cod_asig2,par_cod_asig3 FROM tblaca009_p_int WHERE pensum='5' AND c_uni_ca='5' AND c_asigna='300101' [1][0] OK
C:[16/08/2013 14:31:43.69][190.201.175.202][1312] SELECT horas_lab FROM tblaca008 WHERE c_asigna='300101' AND horas_teoricas > 0 [1][0] OK
C:[16/08/2013 14:31:50.56][190.201.175.202][1138] SELECT pre_cod_asig1,pre_cod_asig2,pre_cod_asig3,pre_cod_asig4,pre_cod_asig5,pre_cod_asig6,pre_cod_asig7 FROM tblaca009_p_int WHERE pensum='5' AND c_uni_ca='3' AND c_asigna='300013' [1][0] OK
C:[16/08/2013 14:31:50.56][190.201.175.202][1138] SELECT pre_cod_asig1,pre_cod_asig2,pre_cod_asig3,pre_cod_asig4,pre_cod_asig5,pre_cod_asig6,pre_cod_asig7 FROM tblaca009_p_int WHERE pensum='5' AND c_uni_ca='3' AND c_asigna='300113' [1][0] OK
C:[16/08/2013 14:31:50.81][190.201.175.202][1182] SELECT par_cod_asig1,par_cod_asig2,par_cod_asig3 FROM tblaca009_p_int WHERE pensum='5' AND c_uni_ca='3' AND c_asigna='300013' [1][0] OK
C:[16/08/2013 14:31:50.81][190.201.175.202][1182] SELECT par_cod_asig1,par_cod_asig2,par_cod_asig3 FROM tblaca009_p_int WHERE pensum='5' AND c_uni_ca='3' AND c_asigna='300113' [1][0] OK
C:[16/08/2013 14:31:50.81][190.201.175.202][1196] SELECT c_asigna FROM dace004 WHERE exp_e='13-22593237' AND c_asigna='300013' AND status IN ('0','3','B','C') [0][0] OK
C:[16/08/2013 14:31:50.19][190.201.175.202][1312] SELECT horas_lab FROM tblaca008 WHERE c_asigna='300013' AND horas_teoricas > 0 [1][0] OK
C:[16/08/2013 14:31:50.19][190.201.175.202][1312] SELECT horas_lab FROM tblaca008 WHERE c_asigna='300113' AND horas_teoricas > 0 [0][0] OK
C:[16/08/2013 14:31:57.45][181.184.136.22][1138] SELECT pre_cod_asig1,pre_cod_asig2,pre_cod_asig3,pre_cod_asig4,pre_cod_asig5,pre_cod_asig6,pre_cod_asig7 FROM tblaca009_p_int WHERE pensum='5' AND c_uni_ca='4' AND c_asigna='334781' [1][0] OK
C:[16/08/2013 14:31:57.45][181.184.136.22][1151] SELECT c_asigna FROM dace004 WHERE exp_e='10-25324971' AND c_asigna='333444' AND status IN ('0','3','B','C') [1][0] OK
C:[16/08/2013 14:31:57.25][181.184.136.22][1182] SELECT par_cod_asig1,par_cod_asig2,par_cod_asig3 FROM tblaca009_p_int WHERE pensum='5' AND c_uni_ca='4' AND c_asigna='334781' [1][0] OK
C:[16/08/2013 14:31:57.39][181.184.136.22][1312] SELECT horas_lab FROM tblaca008 WHERE c_asigna='334781' AND horas_teoricas > 0 [1][0] OK
C:[16/08/2013 14:32:01.54][190.73.235.116][1138] SELECT pre_cod_asig1,pre_cod_asig2,pre_cod_asig3,pre_cod_asig4,pre_cod_asig5,pre_cod_asig6,pre_cod_asig7 FROM tblaca009_p_int WHERE pensum='5' AND c_uni_ca='5' AND c_asigna='351330' [1][0] OK
C:[16/08/2013 14:32:01.54][190.73.235.116][1151] SELECT c_asigna FROM dace004 WHERE exp_e='10-24559470' AND c_asigna='300218' AND status IN ('0','3','B','C') [1][0] OK
C:[16/08/2013 14:32:01.54][190.73.235.116][1138] SELECT pre_cod_asig1,pre_cod_asig2,pre_cod_asig3,pre_cod_asig4,pre_cod_asig5,pre_cod_asig6,pre_cod_asig7 FROM tblaca009_p_int WHERE pensum='5' AND c_uni_ca='5' AND c_asigna='355448' [1][0] OK
C:[16/08/2013 14:32:01.54][190.73.235.116][1151] SELECT c_asigna FROM dace004 WHERE exp_e='10-24559470' AND c_asigna='300313' AND status IN ('0','3','B','C') [1][0] OK
C:[16/08/2013 14:32:02.04][190.73.235.116][1182] SELECT par_cod_asig1,par_cod_asig2,par_cod_asig3 FROM tblaca009_p_int WHERE pensum='5' AND c_uni_ca='5' AND c_asigna='351330' [1][0] OK
C:[16/08/2013 14:32:02.04][190.73.235.116][1196] SELECT c_asigna FROM dace004 WHERE exp_e='10-24559470' AND c_asigna='300317' AND status IN ('0','3','B','C') [0][0] OK
C:[16/08/2013 14:32:02.04][190.73.235.116][1182] SELECT par_cod_asig1,par_cod_asig2,par_cod_asig3 FROM tblaca009_p_int WHERE pensum='5' AND c_uni_ca='5' AND c_asigna='355448' [1][0] OK
C:[16/08/2013 14:32:02.43][190.73.235.116][1312] SELECT horas_lab FROM tblaca008 WHERE c_asigna='351330' AND horas_teoricas > 0 [1][0] OK
C:[16/08/2013 14:32:02.43][190.73.235.116][1312] SELECT horas_lab FROM tblaca008 WHERE c_asigna='355448' AND horas_teoricas > 0 [1][0] OK
C:[16/08/2013 14:32:40.25][190.201.175.202][1138] SELECT pre_cod_asig1,pre_cod_asig2,pre_cod_asig3,pre_cod_asig4,pre_cod_asig5,pre_cod_asig6,pre_cod_asig7 FROM tblaca009_p_int WHERE pensum='5' AND c_uni_ca='3' AND c_asigna='300101' [1][0] OK
C:[16/08/2013 14:32:40.95][190.201.175.202][1182] SELECT par_cod_asig1,par_cod_asig2,par_cod_asig3 FROM tblaca009_p_int WHERE pensum='5' AND c_uni_ca='3' AND c_asigna='300101' [1][0] OK
C:[16/08/2013 14:32:40.07][190.201.175.202][1312] SELECT horas_lab FROM tblaca008 WHERE c_asigna='300101' AND horas_teoricas > 0 [1][0] OK
C:[16/08/2013 14:32:48.95][190.201.175.202][1138] SELECT pre_cod_asig1,pre_cod_asig2,pre_cod_asig3,pre_cod_asig4,pre_cod_asig5,pre_cod_asig6,pre_cod_asig7 FROM tblaca009_p_int WHERE pensum='5' AND c_uni_ca='5' AND c_asigna='300228' [1][0] OK
C:[16/08/2013 14:32:48.95][190.201.175.202][1151] SELECT c_asigna FROM dace004 WHERE exp_e='11-25397880' AND c_asigna='300101' AND status IN ('0','3','B','C') [1][0] OK
C:[16/08/2013 14:32:48.19][190.201.175.202][1182] SELECT par_cod_asig1,par_cod_asig2,par_cod_asig3 FROM tblaca009_p_int WHERE pensum='5' AND c_uni_ca='5' AND c_asigna='300228' [1][0] OK
C:[16/08/2013 14:32:48.34][190.201.175.202][1312] SELECT horas_lab FROM tblaca008 WHERE c_asigna='300228' AND horas_teoricas > 0 [1][0] OK
C:[16/08/2013 14:33:12.55][190.201.175.202][1138] SELECT pre_cod_asig1,pre_cod_asig2,pre_cod_asig3,pre_cod_asig4,pre_cod_asig5,pre_cod_asig6,pre_cod_asig7 FROM tblaca009_p_int WHERE pensum='5' AND c_uni_ca='2' AND c_asigna='300112' [1][0] OK
C:[16/08/2013 14:33:12.55][190.201.175.202][1138] SELECT pre_cod_asig1,pre_cod_asig2,pre_cod_asig3,pre_cod_asig4,pre_cod_asig5,pre_cod_asig6,pre_cod_asig7 FROM tblaca009_p_int WHERE pensum='5' AND c_uni_ca='2' AND c_asigna='300116' [1][0] OK
C:[16/08/2013 14:33:12.37][190.201.175.202][1182] SELECT par_cod_asig1,par_cod_asig2,par_cod_asig3 FROM tblaca009_p_int WHERE pensum='5' AND c_uni_ca='2' AND c_asigna='300112' [1][0] OK
C:[16/08/2013 14:33:12.37][190.201.175.202][1182] SELECT par_cod_asig1,par_cod_asig2,par_cod_asig3 FROM tblaca009_p_int WHERE pensum='5' AND c_uni_ca='2' AND c_asigna='300116' [1][0] OK
C:[16/08/2013 14:33:12.63][190.201.175.202][1312] SELECT horas_lab FROM tblaca008 WHERE c_asigna='300112' AND horas_teoricas > 0 [1][0] OK
C:[16/08/2013 14:33:12.63][190.201.175.202][1312] SELECT horas_lab FROM tblaca008 WHERE c_asigna='300116' AND horas_teoricas > 0 [1][0] OK
C:[16/08/2013 14:33:16.49][190.39.5.74][1138] SELECT pre_cod_asig1,pre_cod_asig2,pre_cod_asig3,pre_cod_asig4,pre_cod_asig5,pre_cod_asig6,pre_cod_asig7 FROM tblaca009_p_int WHERE pensum='5' AND c_uni_ca='2' AND c_asigna='300101' [1][0] OK
C:[16/08/2013 14:33:16.62][190.39.5.74][1182] SELECT par_cod_asig1,par_cod_asig2,par_cod_asig3 FROM tblaca009_p_int WHERE pensum='5' AND c_uni_ca='2' AND c_asigna='300101' [1][0] OK
C:[16/08/2013 14:33:16.84][190.39.5.74][1312] SELECT horas_lab FROM tblaca008 WHERE c_asigna='300101' AND horas_teoricas > 0 [1][0] OK
C:[16/08/2013 14:33:17.59][190.201.175.202][1138] SELECT pre_cod_asig1,pre_cod_asig2,pre_cod_asig3,pre_cod_asig4,pre_cod_asig5,pre_cod_asig6,pre_cod_asig7 FROM tblaca009_p_int WHERE pensum='5' AND c_uni_ca='6' AND c_asigna='300101' [1][0] OK
C:[16/08/2013 14:33:17.83][190.201.175.202][1182] SELECT par_cod_asig1,par_cod_asig2,par_cod_asig3 FROM tblaca009_p_int WHERE pensum='5' AND c_uni_ca='6' AND c_asigna='300101' [1][0] OK
C:[16/08/2013 14:33:17.98][190.201.175.202][1312] SELECT horas_lab FROM tblaca008 WHERE c_asigna='300101' AND horas_teoricas > 0 [1][0] OK
C:[16/08/2013 14:33:25.43][190.201.175.202][1138] SELECT pre_cod_asig1,pre_cod_asig2,pre_cod_asig3,pre_cod_asig4,pre_cod_asig5,pre_cod_asig6,pre_cod_asig7 FROM tblaca009_p_int WHERE pensum='5' AND c_uni_ca='4' AND c_asigna='300101' [1][0] OK
C:[16/08/2013 14:33:25.55][190.201.175.202][1182] SELECT par_cod_asig1,par_cod_asig2,par_cod_asig3 FROM tblaca009_p_int WHERE pensum='5' AND c_uni_ca='4' AND c_asigna='300101' [1][0] OK
C:[16/08/2013 14:33:25.70][190.201.175.202][1312] SELECT horas_lab FROM tblaca008 WHERE c_asigna='300101' AND horas_teoricas > 0 [1][0] OK
C:[16/08/2013 14:33:57.75][200.8.165.172][1138] SELECT pre_cod_asig1,pre_cod_asig2,pre_cod_asig3,pre_cod_asig4,pre_cod_asig5,pre_cod_asig6,pre_cod_asig7 FROM tblaca009_p_int WHERE pensum='5' AND c_uni_ca='2' AND c_asigna='322550' [1][0] OK
C:[16/08/2013 14:33:57.75][200.8.165.172][1151] SELECT c_asigna FROM dace004 WHERE exp_e='10-22630828' AND c_asigna='322433' AND status IN ('0','3','B','C') [1][0] OK
C:[16/08/2013 14:33:57.75][200.8.165.172][1138] SELECT pre_cod_asig1,pre_cod_asig2,pre_cod_asig3,pre_cod_asig4,pre_cod_asig5,pre_cod_asig6,pre_cod_asig7 FROM tblaca009_p_int WHERE pensum='5' AND c_uni_ca='2' AND c_asigna='322780' [1][0] OK
C:[16/08/2013 14:33:57.75][200.8.165.172][1151] SELECT c_asigna FROM dace004 WHERE exp_e='10-22630828' AND c_asigna='322678' AND status IN ('0','3','B','C') [1][0] OK
C:[16/08/2013 14:33:57.82][200.8.165.172][1182] SELECT par_cod_asig1,par_cod_asig2,par_cod_asig3 FROM tblaca009_p_int WHERE pensum='5' AND c_uni_ca='2' AND c_asigna='322550' [1][0] OK
C:[16/08/2013 14:33:57.82][200.8.165.172][1182] SELECT par_cod_asig1,par_cod_asig2,par_cod_asig3 FROM tblaca009_p_int WHERE pensum='5' AND c_uni_ca='2' AND c_asigna='322780' [1][0] OK
C:[16/08/2013 14:33:57.09][200.8.165.172][1312] SELECT horas_lab FROM tblaca008 WHERE c_asigna='322550' AND horas_teoricas > 0 [1][0] OK
C:[16/08/2013 14:33:57.09][200.8.165.172][1312] SELECT horas_lab FROM tblaca008 WHERE c_asigna='322780' AND horas_teoricas > 0 [1][0] OK
C:[16/08/2013 14:34:08.70][190.38.125.41][1138] SELECT pre_cod_asig1,pre_cod_asig2,pre_cod_asig3,pre_cod_asig4,pre_cod_asig5,pre_cod_asig6,pre_cod_asig7 FROM tblaca009_p_int WHERE pensum='5' AND c_uni_ca='4' AND c_asigna='300101' [1][0] OK
C:[16/08/2013 14:34:08.84][190.38.125.41][1182] SELECT par_cod_asig1,par_cod_asig2,par_cod_asig3 FROM tblaca009_p_int WHERE pensum='5' AND c_uni_ca='4' AND c_asigna='300101' [1][0] OK
C:[16/08/2013 14:34:08.96][190.38.125.41][1312] SELECT horas_lab FROM tblaca008 WHERE c_asigna='300101' AND horas_teoricas > 0 [1][0] OK
C:[16/08/2013 14:34:11.42][190.201.175.202][1138] SELECT pre_cod_asig1,pre_cod_asig2,pre_cod_asig3,pre_cod_asig4,pre_cod_asig5,pre_cod_asig6,pre_cod_asig7 FROM tblaca009_p_int WHERE pensum='5' AND c_uni_ca='3' AND c_asigna='300213' [1][0] OK
C:[16/08/2013 14:34:11.42][190.201.175.202][1151] SELECT c_asigna FROM dace004 WHERE exp_e='12-26132091' AND c_asigna='300101' AND status IN ('0','3','B','C') [1][0] OK
C:[16/08/2013 14:34:11.66][190.201.175.202][1182] SELECT par_cod_asig1,par_cod_asig2,par_cod_asig3 FROM tblaca009_p_int WHERE pensum='5' AND c_uni_ca='3' AND c_asigna='300213' [1][0] OK
C:[16/08/2013 14:34:11.89][190.201.175.202][1312] SELECT horas_lab FROM tblaca008 WHERE c_asigna='300213' AND horas_teoricas > 0 [1][0] OK
C:[16/08/2013 14:34:21.43][190.201.175.202][1138] SELECT pre_cod_asig1,pre_cod_asig2,pre_cod_asig3,pre_cod_asig4,pre_cod_asig5,pre_cod_asig6,pre_cod_asig7 FROM tblaca009_p_int WHERE pensum='5' AND c_uni_ca='5' AND c_asigna='300101' [1][0] OK
C:[16/08/2013 14:34:21.12][190.201.175.202][1182] SELECT par_cod_asig1,par_cod_asig2,par_cod_asig3 FROM tblaca009_p_int WHERE pensum='5' AND c_uni_ca='5' AND c_asigna='300101' [1][0] OK
C:[16/08/2013 14:34:21.41][190.201.175.202][1312] SELECT horas_lab FROM tblaca008 WHERE c_asigna='300101' AND horas_teoricas > 0 [1][0] OK
C:[16/08/2013 14:34:38.09][190.201.175.202][1138] SELECT pre_cod_asig1,pre_cod_asig2,pre_cod_asig3,pre_cod_asig4,pre_cod_asig5,pre_cod_asig6,pre_cod_asig7 FROM tblaca009_p_int WHERE pensum='5' AND c_uni_ca='3' AND c_asigna='300101' [1][0] OK
C:[16/08/2013 14:34:38.76][190.201.175.202][1182] SELECT par_cod_asig1,par_cod_asig2,par_cod_asig3 FROM tblaca009_p_int WHERE pensum='5' AND c_uni_ca='3' AND c_asigna='300101' [1][0] OK
C:[16/08/2013 14:34:38.90][190.201.175.202][1312] SELECT horas_lab FROM tblaca008 WHERE c_asigna='300101' AND horas_teoricas > 0 [1][0] OK
C:[16/08/2013 14:34:39.57][190.37.107.202][1138] SELECT pre_cod_asig1,pre_cod_asig2,pre_cod_asig3,pre_cod_asig4,pre_cod_asig5,pre_cod_asig6,pre_cod_asig7 FROM tblaca009_p_int WHERE pensum='5' AND c_uni_ca='2' AND c_asigna='322558' [1][0] OK
C:[16/08/2013 14:34:39.57][190.37.107.202][1151] SELECT c_asigna FROM dace004 WHERE exp_e='10-25017020' AND c_asigna='320323' AND status IN ('0','3','B','C') [1][0] OK
C:[16/08/2013 14:34:40.82][190.37.107.202][1182] SELECT par_cod_asig1,par_cod_asig2,par_cod_asig3 FROM tblaca009_p_int WHERE pensum='5' AND c_uni_ca='2' AND c_asigna='322558' [1][0] OK
C:[16/08/2013 14:34:40.95][190.37.107.202][1312] SELECT horas_lab FROM tblaca008 WHERE c_asigna='322558' AND horas_teoricas > 0 [1][0] OK
C:[16/08/2013 14:34:52.93][186.90.124.85][1138] SELECT pre_cod_asig1,pre_cod_asig2,pre_cod_asig3,pre_cod_asig4,pre_cod_asig5,pre_cod_asig6,pre_cod_asig7 FROM tblaca009_p_int WHERE pensum='5' AND c_uni_ca='4' AND c_asigna='300101' [1][0] OK
C:[16/08/2013 14:34:52.62][186.90.124.85][1182] SELECT par_cod_asig1,par_cod_asig2,par_cod_asig3 FROM tblaca009_p_int WHERE pensum='5' AND c_uni_ca='4' AND c_asigna='300101' [1][0] OK
C:[16/08/2013 14:34:52.76][186.90.124.85][1312] SELECT horas_lab FROM tblaca008 WHERE c_asigna='300101' AND horas_teoricas > 0 [1][0] OK
C:[16/08/2013 14:34:54.04][190.198.80.19][1138] SELECT pre_cod_asig1,pre_cod_asig2,pre_cod_asig3,pre_cod_asig4,pre_cod_asig5,pre_cod_asig6,pre_cod_asig7 FROM tblaca009_p_int WHERE pensum='5' AND c_uni_ca='5' AND c_asigna='300313' [1][0] OK
C:[16/08/2013 14:34:54.04][190.198.80.19][1151] SELECT c_asigna FROM dace004 WHERE exp_e='09-20704006' AND c_asigna='300213' AND status IN ('0','3','B','C') [1][0] OK
C:[16/08/2013 14:34:54.04][190.198.80.19][1138] SELECT pre_cod_asig1,pre_cod_asig2,pre_cod_asig3,pre_cod_asig4,pre_cod_asig5,pre_cod_asig6,pre_cod_asig7 FROM tblaca009_p_int WHERE pensum='5' AND c_uni_ca='5' AND c_asigna='351330' [1][0] OK
C:[16/08/2013 14:34:54.04][190.198.80.19][1151] SELECT c_asigna FROM dace004 WHERE exp_e='09-20704006' AND c_asigna='300218' AND status IN ('0','3','B','C') [1][0] OK
C:[16/08/2013 14:34:54.63][190.198.80.19][1182] SELECT par_cod_asig1,par_cod_asig2,par_cod_asig3 FROM tblaca009_p_int WHERE pensum='5' AND c_uni_ca='5' AND c_asigna='300313' [1][0] OK
C:[16/08/2013 14:34:54.63][190.198.80.19][1182] SELECT par_cod_asig1,par_cod_asig2,par_cod_asig3 FROM tblaca009_p_int WHERE pensum='5' AND c_uni_ca='5' AND c_asigna='351330' [1][0] OK
C:[16/08/2013 14:34:54.63][190.198.80.19][1196] SELECT c_asigna FROM dace004 WHERE exp_e='09-20704006' AND c_asigna='300317' AND status IN ('0','3','B','C') [1][0] OK
C:[16/08/2013 14:34:54.93][190.198.80.19][1312] SELECT horas_lab FROM tblaca008 WHERE c_asigna='300313' AND horas_teoricas > 0 [1][0] OK
C:[16/08/2013 14:34:54.93][190.198.80.19][1312] SELECT horas_lab FROM tblaca008 WHERE c_asigna='351330' AND horas_teoricas > 0 [1][0] OK
C:[16/08/2013 14:35:10.63][190.201.175.202][1138] SELECT pre_cod_asig1,pre_cod_asig2,pre_cod_asig3,pre_cod_asig4,pre_cod_asig5,pre_cod_asig6,pre_cod_asig7 FROM tblaca009_p_int WHERE pensum='5' AND c_uni_ca='2' AND c_asigna='300116' [1][0] OK
C:[16/08/2013 14:35:10.63][190.201.175.202][1138] SELECT pre_cod_asig1,pre_cod_asig2,pre_cod_asig3,pre_cod_asig4,pre_cod_asig5,pre_cod_asig6,pre_cod_asig7 FROM tblaca009_p_int WHERE pensum='5' AND c_uni_ca='2' AND c_asigna='300317' [1][0] OK
C:[16/08/2013 14:35:10.63][190.201.175.202][1151] SELECT c_asigna FROM dace004 WHERE exp_e='11-25084029' AND c_asigna='300207' AND status IN ('0','3','B','C') [1][0] OK
C:[16/08/2013 14:35:10.63][190.201.175.202][1151] SELECT c_asigna FROM dace004 WHERE exp_e='11-25084029' AND c_asigna='300209' AND status IN ('0','3','B','C') [1][0] OK
C:[16/08/2013 14:35:10.68][190.201.175.202][1182] SELECT par_cod_asig1,par_cod_asig2,par_cod_asig3 FROM tblaca009_p_int WHERE pensum='5' AND c_uni_ca='2' AND c_asigna='300116' [1][0] OK
C:[16/08/2013 14:35:10.68][190.201.175.202][1182] SELECT par_cod_asig1,par_cod_asig2,par_cod_asig3 FROM tblaca009_p_int WHERE pensum='5' AND c_uni_ca='2' AND c_asigna='300317' [1][0] OK
C:[16/08/2013 14:35:10.94][190.201.175.202][1312] SELECT horas_lab FROM tblaca008 WHERE c_asigna='300116' AND horas_teoricas > 0 [1][0] OK
C:[16/08/2013 14:35:10.94][190.201.175.202][1312] SELECT horas_lab FROM tblaca008 WHERE c_asigna='300317' AND horas_teoricas > 0 [1][0] OK
C:[16/08/2013 14:35:35.65][190.38.208.162][1138] SELECT pre_cod_asig1,pre_cod_asig2,pre_cod_asig3,pre_cod_asig4,pre_cod_asig5,pre_cod_asig6,pre_cod_asig7 FROM tblaca009_p_int WHERE pensum='5' AND c_uni_ca='2' AND c_asigna='300213' [1][0] OK
C:[16/08/2013 14:35:35.65][190.38.208.162][1151] SELECT c_asigna FROM dace004 WHERE exp_e='09-20345464' AND c_asigna='300101' AND status IN ('0','3','B','C') [1][0] OK
C:[16/08/2013 14:35:35.45][190.38.208.162][1182] SELECT par_cod_asig1,par_cod_asig2,par_cod_asig3 FROM tblaca009_p_int WHERE pensum='5' AND c_uni_ca='2' AND c_asigna='300213' [1][0] OK
C:[16/08/2013 14:35:35.59][190.38.208.162][1312] SELECT horas_lab FROM tblaca008 WHERE c_asigna='300213' AND horas_teoricas > 0 [1][0] OK
C:[16/08/2013 14:35:43.44][190.201.5.193][1138] SELECT pre_cod_asig1,pre_cod_asig2,pre_cod_asig3,pre_cod_asig4,pre_cod_asig5,pre_cod_asig6,pre_cod_asig7 FROM tblaca009_p_int WHERE pensum='5' AND c_uni_ca='3' AND c_asigna='300105' [1][0] OK
C:[16/08/2013 14:35:43.44][190.201.5.193][1138] SELECT pre_cod_asig1,pre_cod_asig2,pre_cod_asig3,pre_cod_asig4,pre_cod_asig5,pre_cod_asig6,pre_cod_asig7 FROM tblaca009_p_int WHERE pensum='5' AND c_uni_ca='3' AND c_asigna='311554' [1][0] OK
C:[16/08/2013 14:35:43.44][190.201.5.193][1151] SELECT c_asigna FROM dace004 WHERE exp_e='98-14986208' AND c_asigna='300318' AND status IN ('0','3','B','C') [1][0] OK
C:[16/08/2013 14:35:43.82][190.201.5.193][1182] SELECT par_cod_asig1,par_cod_asig2,par_cod_asig3 FROM tblaca009_p_int WHERE pensum='5' AND c_uni_ca='3' AND c_asigna='300105' [1][0] OK
C:[16/08/2013 14:35:43.82][190.201.5.193][1182] SELECT par_cod_asig1,par_cod_asig2,par_cod_asig3 FROM tblaca009_p_int WHERE pensum='5' AND c_uni_ca='3' AND c_asigna='311554' [1][0] OK
C:[16/08/2013 14:35:43.19][190.201.5.193][1312] SELECT horas_lab FROM tblaca008 WHERE c_asigna='300105' AND horas_teoricas > 0 [1][0] OK
C:[16/08/2013 14:35:43.19][190.201.5.193][1312] SELECT horas_lab FROM tblaca008 WHERE c_asigna='311554' AND horas_teoricas > 0 [1][0] OK
C:[16/08/2013 14:35:48.69][181.184.136.22][1138] SELECT pre_cod_asig1,pre_cod_asig2,pre_cod_asig3,pre_cod_asig4,pre_cod_asig5,pre_cod_asig6,pre_cod_asig7 FROM tblaca009_p_int WHERE pensum='5' AND c_uni_ca='3' AND c_asigna='311431' [1][0] OK
C:[16/08/2013 14:35:48.69][181.184.136.22][1151] SELECT c_asigna FROM dace004 WHERE exp_e='11-24481717' AND c_asigna='300317' AND status IN ('0','3','B','C') [1][0] OK
C:[16/08/2013 14:35:48.69][181.184.136.22][1151] SELECT c_asigna FROM dace004 WHERE exp_e='11-24481717' AND c_asigna='300318' AND status IN ('0','3','B','C') [1][0] OK
C:[16/08/2013 14:35:48.07][181.184.136.22][1182] SELECT par_cod_asig1,par_cod_asig2,par_cod_asig3 FROM tblaca009_p_int WHERE pensum='5' AND c_uni_ca='3' AND c_asigna='311431' [1][0] OK
C:[16/08/2013 14:35:48.20][181.184.136.22][1312] SELECT horas_lab FROM tblaca008 WHERE c_asigna='311431' AND horas_teoricas > 0 [1][0] OK
C:[16/08/2013 14:35:57.39][190.198.80.19][1138] SELECT pre_cod_asig1,pre_cod_asig2,pre_cod_asig3,pre_cod_asig4,pre_cod_asig5,pre_cod_asig6,pre_cod_asig7 FROM tblaca009_p_int WHERE pensum='5' AND c_uni_ca='5' AND c_asigna='300313' [1][0] OK
C:[16/08/2013 14:35:57.39][190.198.80.19][1151] SELECT c_asigna FROM dace004 WHERE exp_e='10-20840168' AND c_asigna='300213' AND status IN ('0','3','B','C') [1][0] OK
C:[16/08/2013 14:35:57.12][190.198.80.19][1182] SELECT par_cod_asig1,par_cod_asig2,par_cod_asig3 FROM tblaca009_p_int WHERE pensum='5' AND c_uni_ca='5' AND c_asigna='300313' [1][0] OK
C:[16/08/2013 14:35:57.25][190.198.80.19][1312] SELECT horas_lab FROM tblaca008 WHERE c_asigna='300313' AND horas_teoricas > 0 [1][0] OK
C:[16/08/2013 14:36:08.79][190.198.87.109][1138] SELECT pre_cod_asig1,pre_cod_asig2,pre_cod_asig3,pre_cod_asig4,pre_cod_asig5,pre_cod_asig6,pre_cod_asig7 FROM tblaca009_p_int WHERE pensum='5' AND c_uni_ca='2' AND c_asigna='300207' [1][0] OK
C:[16/08/2013 14:36:08.79][190.198.87.109][1151] SELECT c_asigna FROM dace004 WHERE exp_e='08-20506230' AND c_asigna='300101' AND status IN ('0','3','B','C') [1][0] OK
C:[16/08/2013 14:36:08.79][190.198.87.109][1138] SELECT pre_cod_asig1,pre_cod_asig2,pre_cod_asig3,pre_cod_asig4,pre_cod_asig5,pre_cod_asig6,pre_cod_asig7 FROM tblaca009_p_int WHERE pensum='5' AND c_uni_ca='2' AND c_asigna='300209' [1][0] OK
C:[16/08/2013 14:36:08.79][190.198.87.109][1151] SELECT c_asigna FROM dace004 WHERE exp_e='08-20506230' AND c_asigna='300101' AND status IN ('0','3','B','C') [1][0] OK
C:[16/08/2013 14:36:08.29][190.198.87.109][1182] SELECT par_cod_asig1,par_cod_asig2,par_cod_asig3 FROM tblaca009_p_int WHERE pensum='5' AND c_uni_ca='2' AND c_asigna='300207' [1][0] OK
C:[16/08/2013 14:36:08.29][190.198.87.109][1182] SELECT par_cod_asig1,par_cod_asig2,par_cod_asig3 FROM tblaca009_p_int WHERE pensum='5' AND c_uni_ca='2' AND c_asigna='300209' [1][0] OK
C:[16/08/2013 14:36:08.56][190.198.87.109][1312] SELECT horas_lab FROM tblaca008 WHERE c_asigna='300207' AND horas_teoricas > 0 [1][0] OK
C:[16/08/2013 14:36:08.56][190.198.87.109][1312] SELECT horas_lab FROM tblaca008 WHERE c_asigna='300209' AND horas_teoricas > 0 [1][0] OK
C:[16/08/2013 14:36:11.98][186.89.254.187][1138] SELECT pre_cod_asig1,pre_cod_asig2,pre_cod_asig3,pre_cod_asig4,pre_cod_asig5,pre_cod_asig6,pre_cod_asig7 FROM tblaca009_p_int WHERE pensum='5' AND c_uni_ca='3' AND c_asigna='312333' [1][0] OK
C:[16/08/2013 14:36:11.98][186.89.254.187][1151] SELECT c_asigna FROM dace004 WHERE exp_e='06-17514736' AND c_asigna='300228' AND status IN ('0','3','B','C') [1][0] OK
C:[16/08/2013 14:36:11.98][186.89.254.187][1138] SELECT pre_cod_asig1,pre_cod_asig2,pre_cod_asig3,pre_cod_asig4,pre_cod_asig5,pre_cod_asig6,pre_cod_asig7 FROM tblaca009_p_int WHERE pensum='5' AND c_uni_ca='3' AND c_asigna='311554' [1][0] OK
C:[16/08/2013 14:36:11.98][186.89.254.187][1151] SELECT c_asigna FROM dace004 WHERE exp_e='06-17514736' AND c_asigna='300318' AND status IN ('0','3','B','C') [1][0] OK
C:[16/08/2013 14:36:11.04][186.89.254.187][1182] SELECT par_cod_asig1,par_cod_asig2,par_cod_asig3 FROM tblaca009_p_int WHERE pensum='5' AND c_uni_ca='3' AND c_asigna='312333' [1][0] OK
C:[16/08/2013 14:36:11.04][186.89.254.187][1182] SELECT par_cod_asig1,par_cod_asig2,par_cod_asig3 FROM tblaca009_p_int WHERE pensum='5' AND c_uni_ca='3' AND c_asigna='311554' [1][0] OK
C:[16/08/2013 14:36:11.31][186.89.254.187][1312] SELECT horas_lab FROM tblaca008 WHERE c_asigna='312333' AND horas_teoricas > 0 [1][0] OK
C:[16/08/2013 14:36:11.31][186.89.254.187][1312] SELECT horas_lab FROM tblaca008 WHERE c_asigna='311554' AND horas_teoricas > 0 [1][0] OK
C:[16/08/2013 14:36:30.31][190.201.175.202][1138] SELECT pre_cod_asig1,pre_cod_asig2,pre_cod_asig3,pre_cod_asig4,pre_cod_asig5,pre_cod_asig6,pre_cod_asig7 FROM tblaca009_p_int WHERE pensum='5' AND c_uni_ca='2' AND c_asigna='300112' [1][0] OK
C:[16/08/2013 14:36:31.01][190.201.175.202][1182] SELECT par_cod_asig1,par_cod_asig2,par_cod_asig3 FROM tblaca009_p_int WHERE pensum='5' AND c_uni_ca='2' AND c_asigna='300112' [1][0] OK
C:[16/08/2013 14:36:31.17][190.201.175.202][1312] SELECT horas_lab FROM tblaca008 WHERE c_asigna='300112' AND horas_teoricas > 0 [1][0] OK
C:[16/08/2013 14:36:45.78][172.17.143.177][1138] SELECT pre_cod_asig1,pre_cod_asig2,pre_cod_asig3,pre_cod_asig4,pre_cod_asig5,pre_cod_asig6,pre_cod_asig7 FROM tblaca009_p_int WHERE pensum='5' AND c_uni_ca='2' AND c_asigna='322436' [1][0] OK
C:[16/08/2013 14:36:45.78][172.17.143.177][1151] SELECT c_asigna FROM dace004 WHERE exp_e='08-18806137' AND c_asigna='320311' AND status IN ('0','3','B','C') [1][0] OK
C:[16/08/2013 14:36:45.67][172.17.143.177][1182] SELECT par_cod_asig1,par_cod_asig2,par_cod_asig3 FROM tblaca009_p_int WHERE pensum='5' AND c_uni_ca='2' AND c_asigna='322436' [1][0] OK
C:[16/08/2013 14:36:45.72][172.17.143.177][1312] SELECT horas_lab FROM tblaca008 WHERE c_asigna='322436' AND horas_teoricas > 0 [1][0] OK
C:[16/08/2013 14:37:08.07][190.37.107.202][1138] SELECT pre_cod_asig1,pre_cod_asig2,pre_cod_asig3,pre_cod_asig4,pre_cod_asig5,pre_cod_asig6,pre_cod_asig7 FROM tblaca009_p_int WHERE pensum='5' AND c_uni_ca='4' AND c_asigna='300317' [1][0] OK
C:[16/08/2013 14:37:08.07][190.37.107.202][1151] SELECT c_asigna FROM dace004 WHERE exp_e='11-22587489' AND c_asigna='300207' AND status IN ('0','3','B','C') [1][0] OK
C:[16/08/2013 14:37:08.07][190.37.107.202][1151] SELECT c_asigna FROM dace004 WHERE exp_e='11-22587489' AND c_asigna='300209' AND status IN ('0','3','B','C') [1][0] OK
C:[16/08/2013 14:37:08.01][190.37.107.202][1182] SELECT par_cod_asig1,par_cod_asig2,par_cod_asig3 FROM tblaca009_p_int WHERE pensum='5' AND c_uni_ca='4' AND c_asigna='300317' [1][0] OK
C:[16/08/2013 14:37:08.17][190.37.107.202][1312] SELECT horas_lab FROM tblaca008 WHERE c_asigna='300317' AND horas_teoricas > 0 [1][0] OK
C:[16/08/2013 14:37:14.06][190.198.80.19][1138] SELECT pre_cod_asig1,pre_cod_asig2,pre_cod_asig3,pre_cod_asig4,pre_cod_asig5,pre_cod_asig6,pre_cod_asig7 FROM tblaca009_p_int WHERE pensum='5' AND c_uni_ca='4' AND c_asigna='300313' [1][0] OK
C:[16/08/2013 14:37:14.06][190.198.80.19][1151] SELECT c_asigna FROM dace004 WHERE exp_e='10-20701943' AND c_asigna='300213' AND status IN ('0','3','B','C') [1][0] OK
C:[16/08/2013 14:37:14.06][190.198.80.19][1138] SELECT pre_cod_asig1,pre_cod_asig2,pre_cod_asig3,pre_cod_asig4,pre_cod_asig5,pre_cod_asig6,pre_cod_asig7 FROM tblaca009_p_int WHERE pensum='5' AND c_uni_ca='4' AND c_asigna='333440' [1][0] OK
C:[16/08/2013 14:37:14.06][190.198.80.19][1151] SELECT c_asigna FROM dace004 WHERE exp_e='10-20701943' AND c_asigna='300317' AND status IN ('0','3','B','C') [1][0] OK
C:[16/08/2013 14:37:14.06][190.198.80.19][1151] SELECT c_asigna FROM dace004 WHERE exp_e='10-20701943' AND c_asigna='330310' AND status IN ('0','3','B','C') [1][0] OK
C:[16/08/2013 14:37:15.68][190.198.80.19][1182] SELECT par_cod_asig1,par_cod_asig2,par_cod_asig3 FROM tblaca009_p_int WHERE pensum='5' AND c_uni_ca='4' AND c_asigna='300313' [1][0] OK
C:[16/08/2013 14:37:15.68][190.198.80.19][1182] SELECT par_cod_asig1,par_cod_asig2,par_cod_asig3 FROM tblaca009_p_int WHERE pensum='5' AND c_uni_ca='4' AND c_asigna='333440' [1][0] OK
C:[16/08/2013 14:37:15.94][190.198.80.19][1312] SELECT horas_lab FROM tblaca008 WHERE c_asigna='300313' AND horas_teoricas > 0 [1][0] OK
C:[16/08/2013 14:37:15.94][190.198.80.19][1312] SELECT horas_lab FROM tblaca008 WHERE c_asigna='333440' AND horas_teoricas > 0 [1][0] OK
C:[16/08/2013 14:37:32.33][201.211.112.13][1138] SELECT pre_cod_asig1,pre_cod_asig2,pre_cod_asig3,pre_cod_asig4,pre_cod_asig5,pre_cod_asig6,pre_cod_asig7 FROM tblaca009_p_int WHERE pensum='5' AND c_uni_ca='2' AND c_asigna='322801' [1][0] OK
C:[16/08/2013 14:37:32.33][201.211.112.13][1151] SELECT c_asigna FROM dace004 WHERE exp_e='07-19420182' AND c_asigna='322780' AND status IN ('0','3','B','C') [1][0] OK
C:[16/08/2013 14:37:32.14][201.211.112.13][1182] SELECT par_cod_asig1,par_cod_asig2,par_cod_asig3 FROM tblaca009_p_int WHERE pensum='5' AND c_uni_ca='2' AND c_asigna='322801' [1][0] OK
C:[16/08/2013 14:37:32.27][201.211.112.13][1312] SELECT horas_lab FROM tblaca008 WHERE c_asigna='322801' AND horas_teoricas > 0 [1][0] OK
C:[16/08/2013 14:38:05.62][172.17.149.128][1138] SELECT pre_cod_asig1,pre_cod_asig2,pre_cod_asig3,pre_cod_asig4,pre_cod_asig5,pre_cod_asig6,pre_cod_asig7 FROM tblaca009_p_int WHERE pensum='5' AND c_uni_ca='6' AND c_asigna='300101' [1][0] OK
C:[16/08/2013 14:38:05.62][172.17.149.128][1138] SELECT pre_cod_asig1,pre_cod_asig2,pre_cod_asig3,pre_cod_asig4,pre_cod_asig5,pre_cod_asig6,pre_cod_asig7 FROM tblaca009_p_int WHERE pensum='5' AND c_uni_ca='6' AND c_asigna='300112' [1][0] OK
C:[16/08/2013 14:38:06.44][172.17.149.128][1182] SELECT par_cod_asig1,par_cod_asig2,par_cod_asig3 FROM tblaca009_p_int WHERE pensum='5' AND c_uni_ca='6' AND c_asigna='300101' [1][0] OK
C:[16/08/2013 14:38:06.44][172.17.149.128][1182] SELECT par_cod_asig1,par_cod_asig2,par_cod_asig3 FROM tblaca009_p_int WHERE pensum='5' AND c_uni_ca='6' AND c_asigna='300112' [1][0] OK
C:[16/08/2013 14:38:06.69][172.17.149.128][1312] SELECT horas_lab FROM tblaca008 WHERE c_asigna='300101' AND horas_teoricas > 0 [1][0] OK
C:[16/08/2013 14:38:06.69][172.17.149.128][1312] SELECT horas_lab FROM tblaca008 WHERE c_asigna='300112' AND horas_teoricas > 0 [1][0] OK
C:[16/08/2013 14:38:42.79][190.37.35.29][1138] SELECT pre_cod_asig1,pre_cod_asig2,pre_cod_asig3,pre_cod_asig4,pre_cod_asig5,pre_cod_asig6,pre_cod_asig7 FROM tblaca009_p_int WHERE pensum='5' AND c_uni_ca='6' AND c_asigna='300013' [1][0] OK
C:[16/08/2013 14:38:42.47][190.37.35.29][1182] SELECT par_cod_asig1,par_cod_asig2,par_cod_asig3 FROM tblaca009_p_int WHERE pensum='5' AND c_uni_ca='6' AND c_asigna='300013' [1][0] OK
C:[16/08/2013 14:38:43.63][190.37.35.29][1312] SELECT horas_lab FROM tblaca008 WHERE c_asigna='300013' AND horas_teoricas > 0 [1][0] OK
C:[16/08/2013 14:38:58.34][190.198.80.90][1138] SELECT pre_cod_asig1,pre_cod_asig2,pre_cod_asig3,pre_cod_asig4,pre_cod_asig5,pre_cod_asig6,pre_cod_asig7 FROM tblaca009_p_int WHERE pensum='5' AND c_uni_ca='2' AND c_asigna='322678' [1][0] OK
C:[16/08/2013 14:38:58.34][190.198.80.90][1151] SELECT c_asigna FROM dace004 WHERE exp_e='07-18917233' AND c_asigna='322559' AND status IN ('0','3','B','C') [1][0] OK
C:[16/08/2013 14:38:58.59][190.198.80.90][1182] SELECT par_cod_asig1,par_cod_asig2,par_cod_asig3 FROM tblaca009_p_int WHERE pensum='5' AND c_uni_ca='2' AND c_asigna='322678' [1][0] OK
C:[16/08/2013 14:38:58.83][190.198.80.90][1312] SELECT horas_lab FROM tblaca008 WHERE c_asigna='322678' AND horas_teoricas > 0 [1][0] OK
C:[16/08/2013 14:39:09.34][190.37.218.191][1138] SELECT pre_cod_asig1,pre_cod_asig2,pre_cod_asig3,pre_cod_asig4,pre_cod_asig5,pre_cod_asig6,pre_cod_asig7 FROM tblaca009_p_int WHERE pensum='5' AND c_uni_ca='4' AND c_asigna='300213' [1][0] OK
C:[16/08/2013 14:39:09.34][190.37.218.191][1151] SELECT c_asigna FROM dace004 WHERE exp_e='11-26154617' AND c_asigna='300101' AND status IN ('0','3','B','C') [1][0] OK
C:[16/08/2013 14:39:09.34][190.37.218.191][1138] SELECT pre_cod_asig1,pre_cod_asig2,pre_cod_asig3,pre_cod_asig4,pre_cod_asig5,pre_cod_asig6,pre_cod_asig7 FROM tblaca009_p_int WHERE pensum='5' AND c_uni_ca='4' AND c_asigna='330310' [1][0] OK
C:[16/08/2013 14:39:09.34][190.37.218.191][1151] SELECT c_asigna FROM dace004 WHERE exp_e='11-26154617' AND c_asigna='300013' AND status IN ('0','3','B','C') [1][0] OK
C:[16/08/2013 14:39:09.34][190.37.218.191][1151] SELECT c_asigna FROM dace004 WHERE exp_e='11-26154617' AND c_asigna='300113' AND status IN ('0','3','B','C') [1][0] OK
C:[16/08/2013 14:39:09.52][190.37.218.191][1182] SELECT par_cod_asig1,par_cod_asig2,par_cod_asig3 FROM tblaca009_p_int WHERE pensum='5' AND c_uni_ca='4' AND c_asigna='300213' [1][0] OK
C:[16/08/2013 14:39:09.52][190.37.218.191][1182] SELECT par_cod_asig1,par_cod_asig2,par_cod_asig3 FROM tblaca009_p_int WHERE pensum='5' AND c_uni_ca='4' AND c_asigna='330310' [1][0] OK
C:[16/08/2013 14:39:09.78][190.37.218.191][1312] SELECT horas_lab FROM tblaca008 WHERE c_asigna='300213' AND horas_teoricas > 0 [1][0] OK
C:[16/08/2013 14:39:09.78][190.37.218.191][1312] SELECT horas_lab FROM tblaca008 WHERE c_asigna='330310' AND horas_teoricas > 0 [1][0] OK
C:[16/08/2013 14:39:28.61][190.201.175.202][1138] SELECT pre_cod_asig1,pre_cod_asig2,pre_cod_asig3,pre_cod_asig4,pre_cod_asig5,pre_cod_asig6,pre_cod_asig7 FROM tblaca009_p_int WHERE pensum='5' AND c_uni_ca='5' AND c_asigna='300207' [1][0] OK
C:[16/08/2013 14:39:28.61][190.201.175.202][1151] SELECT c_asigna FROM dace004 WHERE exp_e='12-22830948' AND c_asigna='300101' AND status IN ('0','3','B','C') [1][0] OK
C:[16/08/2013 14:39:28.42][190.201.175.202][1182] SELECT par_cod_asig1,par_cod_asig2,par_cod_asig3 FROM tblaca009_p_int WHERE pensum='5' AND c_uni_ca='5' AND c_asigna='300207' [1][0] OK
C:[16/08/2013 14:39:28.56][190.201.175.202][1312] SELECT horas_lab FROM tblaca008 WHERE c_asigna='300207' AND horas_teoricas > 0 [1][0] OK
C:[16/08/2013 14:39:38.70][190.78.117.64][1138] SELECT pre_cod_asig1,pre_cod_asig2,pre_cod_asig3,pre_cod_asig4,pre_cod_asig5,pre_cod_asig6,pre_cod_asig7 FROM tblaca009_p_int WHERE pensum='5' AND c_uni_ca='2' AND c_asigna='300101' [1][0] OK
C:[16/08/2013 14:39:38.70][190.78.117.64][1138] SELECT pre_cod_asig1,pre_cod_asig2,pre_cod_asig3,pre_cod_asig4,pre_cod_asig5,pre_cod_asig6,pre_cod_asig7 FROM tblaca009_p_int WHERE pensum='5' AND c_uni_ca='2' AND c_asigna='300112' [1][0] OK
C:[16/08/2013 14:39:39.53][190.78.117.64][1182] SELECT par_cod_asig1,par_cod_asig2,par_cod_asig3 FROM tblaca009_p_int WHERE pensum='5' AND c_uni_ca='2' AND c_asigna='300101' [1][0] OK
C:[16/08/2013 14:39:39.53][190.78.117.64][1182] SELECT par_cod_asig1,par_cod_asig2,par_cod_asig3 FROM tblaca009_p_int WHERE pensum='5' AND c_uni_ca='2' AND c_asigna='300112' [1][0] OK
C:[16/08/2013 14:39:39.80][190.78.117.64][1312] SELECT horas_lab FROM tblaca008 WHERE c_asigna='300101' AND horas_teoricas > 0 [1][0] OK
C:[16/08/2013 14:39:39.80][190.78.117.64][1312] SELECT horas_lab FROM tblaca008 WHERE c_asigna='300112' AND horas_teoricas > 0 [1][0] OK
C:[16/08/2013 14:39:48.59][190.198.190.59][1138] SELECT pre_cod_asig1,pre_cod_asig2,pre_cod_asig3,pre_cod_asig4,pre_cod_asig5,pre_cod_asig6,pre_cod_asig7 FROM tblaca009_p_int WHERE pensum='5' AND c_uni_ca='5' AND c_asigna='300222' [1][0] OK
C:[16/08/2013 14:39:48.59][190.198.190.59][1151] SELECT c_asigna FROM dace004 WHERE exp_e='12-26073659' AND c_asigna='300112' AND status IN ('0','3','B','C') [1][0] OK
C:[16/08/2013 14:39:48.39][190.198.190.59][1182] SELECT par_cod_asig1,par_cod_asig2,par_cod_asig3 FROM tblaca009_p_int WHERE pensum='5' AND c_uni_ca='5' AND c_asigna='300222' [1][0] OK
C:[16/08/2013 14:39:48.54][190.198.190.59][1312] SELECT horas_lab FROM tblaca008 WHERE c_asigna='300222' AND horas_teoricas > 0 [1][0] OK
C:[16/08/2013 14:39:54.90][190.201.175.202][1138] SELECT pre_cod_asig1,pre_cod_asig2,pre_cod_asig3,pre_cod_asig4,pre_cod_asig5,pre_cod_asig6,pre_cod_asig7 FROM tblaca009_p_int WHERE pensum='5' AND c_uni_ca='6' AND c_asigna='300209' [1][0] OK
C:[16/08/2013 14:39:54.90][190.201.175.202][1151] SELECT c_asigna FROM dace004 WHERE exp_e='12-23646835' AND c_asigna='300101' AND status IN ('0','3','B','C') [1][0] OK
C:[16/08/2013 14:39:54.15][190.201.175.202][1182] SELECT par_cod_asig1,par_cod_asig2,par_cod_asig3 FROM tblaca009_p_int WHERE pensum='5' AND c_uni_ca='6' AND c_asigna='300209' [1][0] OK
C:[16/08/2013 14:39:55.28][190.201.175.202][1312] SELECT horas_lab FROM tblaca008 WHERE c_asigna='300209' AND horas_teoricas > 0 [1][0] OK
C:[16/08/2013 14:40:01.51][200.109.217.80][1138] SELECT pre_cod_asig1,pre_cod_asig2,pre_cod_asig3,pre_cod_asig4,pre_cod_asig5,pre_cod_asig6,pre_cod_asig7 FROM tblaca009_p_int WHERE pensum='5' AND c_uni_ca='3' AND c_asigna='312333' [1][0] OK
C:[16/08/2013 14:40:01.51][200.109.217.80][1151] SELECT c_asigna FROM dace004 WHERE exp_e='11-22820828' AND c_asigna='300228' AND status IN ('0','3','B','C') [1][0] OK
C:[16/08/2013 14:40:01.32][200.109.217.80][1182] SELECT par_cod_asig1,par_cod_asig2,par_cod_asig3 FROM tblaca009_p_int WHERE pensum='5' AND c_uni_ca='3' AND c_asigna='312333' [1][0] OK
C:[16/08/2013 14:40:01.46][200.109.217.80][1312] SELECT horas_lab FROM tblaca008 WHERE c_asigna='312333' AND horas_teoricas > 0 [1][0] OK
C:[16/08/2013 14:40:14.87][190.205.15.176][1138] SELECT pre_cod_asig1,pre_cod_asig2,pre_cod_asig3,pre_cod_asig4,pre_cod_asig5,pre_cod_asig6,pre_cod_asig7 FROM tblaca009_p_int WHERE pensum='5' AND c_uni_ca='4' AND c_asigna='300226' [1][0] OK
C:[16/08/2013 14:40:14.87][190.205.15.176][1151] SELECT c_asigna FROM dace004 WHERE exp_e='12-25324562' AND c_asigna='300116' AND status IN ('0','3','B','C') [1][0] OK
C:[16/08/2013 14:40:14.09][190.205.15.176][1182] SELECT par_cod_asig1,par_cod_asig2,par_cod_asig3 FROM tblaca009_p_int WHERE pensum='5' AND c_uni_ca='4' AND c_asigna='300226' [1][0] OK
C:[16/08/2013 14:40:14.24][190.205.15.176][1312] SELECT horas_lab FROM tblaca008 WHERE c_asigna='300226' AND horas_teoricas > 0 [1][0] OK
C:[16/08/2013 14:40:23.60][190.198.236.111][1138] SELECT pre_cod_asig1,pre_cod_asig2,pre_cod_asig3,pre_cod_asig4,pre_cod_asig5,pre_cod_asig6,pre_cod_asig7 FROM tblaca009_p_int WHERE pensum='5' AND c_uni_ca='6' AND c_asigna='344715' [1][0] OK
C:[16/08/2013 14:40:23.60][190.198.236.111][1151] SELECT c_asigna FROM dace004 WHERE exp_e='06-18248173' AND c_asigna='344688' AND status IN ('0','3','B','C') [1][0] OK
C:[16/08/2013 14:40:23.60][190.198.236.111][1151] SELECT c_asigna FROM dace004 WHERE exp_e='06-18248173' AND c_asigna='344613' AND status IN ('0','3','B','C') [1][0] OK
C:[16/08/2013 14:40:23.53][190.198.236.111][1182] SELECT par_cod_asig1,par_cod_asig2,par_cod_asig3 FROM tblaca009_p_int WHERE pensum='5' AND c_uni_ca='6' AND c_asigna='344715' [1][0] OK
C:[16/08/2013 14:40:23.67][190.198.236.111][1312] SELECT horas_lab FROM tblaca008 WHERE c_asigna='344715' AND horas_teoricas > 0 [1][0] OK
C:[16/08/2013 14:40:50.03][190.74.185.119][1138] SELECT pre_cod_asig1,pre_cod_asig2,pre_cod_asig3,pre_cod_asig4,pre_cod_asig5,pre_cod_asig6,pre_cod_asig7 FROM tblaca009_p_int WHERE pensum='5' AND c_uni_ca='6' AND c_asigna='340323' [1][0] OK
C:[16/08/2013 14:40:50.03][190.74.185.119][1151] SELECT c_asigna FROM dace004 WHERE exp_e='11-18886089' AND c_asigna='300228' AND status IN ('0','3','B','C') [1][0] OK
C:[16/08/2013 14:40:50.03][190.74.185.119][1151] SELECT c_asigna FROM dace004 WHERE exp_e='11-18886089' AND c_asigna='300207' AND status IN ('0','3','B','C') [1][0] OK
C:[16/08/2013 14:40:50.96][190.74.185.119][1182] SELECT par_cod_asig1,par_cod_asig2,par_cod_asig3 FROM tblaca009_p_int WHERE pensum='5' AND c_uni_ca='6' AND c_asigna='340323' [1][0] OK
C:[16/08/2013 14:40:50.08][190.74.185.119][1312] SELECT horas_lab FROM tblaca008 WHERE c_asigna='340323' AND horas_teoricas > 0 [1][0] OK
C:[16/08/2013 14:41:58.19][190.198.237.243][1138] SELECT pre_cod_asig1,pre_cod_asig2,pre_cod_asig3,pre_cod_asig4,pre_cod_asig5,pre_cod_asig6,pre_cod_asig7 FROM tblaca009_p_int WHERE pensum='5' AND c_uni_ca='2' AND c_asigna='300013' [1][0] OK
C:[16/08/2013 14:41:58.19][190.198.237.243][1138] SELECT pre_cod_asig1,pre_cod_asig2,pre_cod_asig3,pre_cod_asig4,pre_cod_asig5,pre_cod_asig6,pre_cod_asig7 FROM tblaca009_p_int WHERE pensum='5' AND c_uni_ca='2' AND c_asigna='300101' [1][0] OK
C:[16/08/2013 14:41:58.99][190.198.237.243][1182] SELECT par_cod_asig1,par_cod_asig2,par_cod_asig3 FROM tblaca009_p_int WHERE pensum='5' AND c_uni_ca='2' AND c_asigna='300013' [1][0] OK
C:[16/08/2013 14:41:58.99][190.198.237.243][1182] SELECT par_cod_asig1,par_cod_asig2,par_cod_asig3 FROM tblaca009_p_int WHERE pensum='5' AND c_uni_ca='2' AND c_asigna='300101' [1][0] OK
C:[16/08/2013 14:41:58.26][190.198.237.243][1312] SELECT horas_lab FROM tblaca008 WHERE c_asigna='300013' AND horas_teoricas > 0 [1][0] OK
C:[16/08/2013 14:41:58.26][190.198.237.243][1312] SELECT horas_lab FROM tblaca008 WHERE c_asigna='300101' AND horas_teoricas > 0 [1][0] OK
C:[16/08/2013 14:42:02.90][190.198.80.90][1138] SELECT pre_cod_asig1,pre_cod_asig2,pre_cod_asig3,pre_cod_asig4,pre_cod_asig5,pre_cod_asig6,pre_cod_asig7 FROM tblaca009_p_int WHERE pensum='5' AND c_uni_ca='5' AND c_asigna='300213' [1][0] OK
C:[16/08/2013 14:42:02.90][190.198.80.90][1151] SELECT c_asigna FROM dace004 WHERE exp_e='11-25595905' AND c_asigna='300101' AND status IN ('0','3','B','C') [1][0] OK
C:[16/08/2013 14:42:02.14][190.198.80.90][1182] SELECT par_cod_asig1,par_cod_asig2,par_cod_asig3 FROM tblaca009_p_int WHERE pensum='5' AND c_uni_ca='5' AND c_asigna='300213' [1][0] OK
C:[16/08/2013 14:42:02.28][190.198.80.90][1312] SELECT horas_lab FROM tblaca008 WHERE c_asigna='300213' AND horas_teoricas > 0 [1][0] OK
C:[16/08/2013 14:42:02.13][200.84.74.115][1138] SELECT pre_cod_asig1,pre_cod_asig2,pre_cod_asig3,pre_cod_asig4,pre_cod_asig5,pre_cod_asig6,pre_cod_asig7 FROM tblaca009_p_int WHERE pensum='5' AND c_uni_ca='2' AND c_asigna='322436' [1][0] OK
C:[16/08/2013 14:42:02.13][200.84.74.115][1151] SELECT c_asigna FROM dace004 WHERE exp_e='11-21248873' AND c_asigna='320311' AND status IN ('0','3','B','C') [1][0] OK
C:[16/08/2013 14:42:02.39][200.84.74.115][1182] SELECT par_cod_asig1,par_cod_asig2,par_cod_asig3 FROM tblaca009_p_int WHERE pensum='5' AND c_uni_ca='2' AND c_asigna='322436' [1][0] OK
C:[16/08/2013 14:42:02.51][200.84.74.115][1312] SELECT horas_lab FROM tblaca008 WHERE c_asigna='322436' AND horas_teoricas > 0 [1][0] OK
C:[16/08/2013 14:42:10.18][190.201.175.202][1138] SELECT pre_cod_asig1,pre_cod_asig2,pre_cod_asig3,pre_cod_asig4,pre_cod_asig5,pre_cod_asig6,pre_cod_asig7 FROM tblaca009_p_int WHERE pensum='5' AND c_uni_ca='5' AND c_asigna='300112' [1][0] OK
C:[16/08/2013 14:42:10.18][190.201.175.202][1138] SELECT pre_cod_asig1,pre_cod_asig2,pre_cod_asig3,pre_cod_asig4,pre_cod_asig5,pre_cod_asig6,pre_cod_asig7 FROM tblaca009_p_int WHERE pensum='5' AND c_uni_ca='5' AND c_asigna='300113' [1][0] OK
C:[16/08/2013 14:42:10.43][190.201.175.202][1182] SELECT par_cod_asig1,par_cod_asig2,par_cod_asig3 FROM tblaca009_p_int WHERE pensum='5' AND c_uni_ca='5' AND c_asigna='300112' [1][0] OK
C:[16/08/2013 14:42:10.43][190.201.175.202][1182] SELECT par_cod_asig1,par_cod_asig2,par_cod_asig3 FROM tblaca009_p_int WHERE pensum='5' AND c_uni_ca='5' AND c_asigna='300113' [1][0] OK
C:[16/08/2013 14:42:10.43][190.201.175.202][1196] SELECT c_asigna FROM dace004 WHERE exp_e='13-24179560' AND c_asigna='300013' AND status IN ('0','3','B','C') [0][0] OK
C:[16/08/2013 14:42:10.92][190.201.175.202][1312] SELECT horas_lab FROM tblaca008 WHERE c_asigna='300112' AND horas_teoricas > 0 [1][0] OK
C:[16/08/2013 14:42:10.92][190.201.175.202][1312] SELECT horas_lab FROM tblaca008 WHERE c_asigna='300113' AND horas_teoricas > 0 [0][0] OK
C:[16/08/2013 14:42:40.72][190.36.18.64][1138] SELECT pre_cod_asig1,pre_cod_asig2,pre_cod_asig3,pre_cod_asig4,pre_cod_asig5,pre_cod_asig6,pre_cod_asig7 FROM tblaca009_p_int WHERE pensum='5' AND c_uni_ca='4' AND c_asigna='333584' [1][0] OK
C:[16/08/2013 14:42:40.72][190.36.18.64][1151] SELECT c_asigna FROM dace004 WHERE exp_e='05-18077474' AND c_asigna='300428' AND status IN ('0','3','B','C') [1][0] OK
C:[16/08/2013 14:42:40.72][190.36.18.64][1151] SELECT c_asigna FROM dace004 WHERE exp_e='05-18077474' AND c_asigna='333440' AND status IN ('0','3','B','C') [1][0] OK
C:[16/08/2013 14:42:40.72][190.36.18.64][1138] SELECT pre_cod_asig1,pre_cod_asig2,pre_cod_asig3,pre_cod_asig4,pre_cod_asig5,pre_cod_asig6,pre_cod_asig7 FROM tblaca009_p_int WHERE pensum='5' AND c_uni_ca='4' AND c_asigna='333585' [1][0] OK
C:[16/08/2013 14:42:40.72][190.36.18.64][1151] SELECT c_asigna FROM dace004 WHERE exp_e='05-18077474' AND c_asigna='333440' AND status IN ('0','3','B','C') [1][0] OK
C:[16/08/2013 14:42:40.72][190.36.18.64][1151] SELECT c_asigna FROM dace004 WHERE exp_e='05-18077474' AND c_asigna='333326' AND status IN ('0','3','B','C') [1][0] OK
C:[16/08/2013 14:42:40.28][190.36.18.64][1182] SELECT par_cod_asig1,par_cod_asig2,par_cod_asig3 FROM tblaca009_p_int WHERE pensum='5' AND c_uni_ca='4' AND c_asigna='333584' [1][0] OK
C:[16/08/2013 14:42:40.28][190.36.18.64][1182] SELECT par_cod_asig1,par_cod_asig2,par_cod_asig3 FROM tblaca009_p_int WHERE pensum='5' AND c_uni_ca='4' AND c_asigna='333585' [1][0] OK
C:[16/08/2013 14:42:40.54][190.36.18.64][1312] SELECT horas_lab FROM tblaca008 WHERE c_asigna='333584' AND horas_teoricas > 0 [1][0] OK
C:[16/08/2013 14:42:40.54][190.36.18.64][1312] SELECT horas_lab FROM tblaca008 WHERE c_asigna='333585' AND horas_teoricas > 0 [1][0] OK
C:[16/08/2013 14:43:25.10][190.201.175.202][1138] SELECT pre_cod_asig1,pre_cod_asig2,pre_cod_asig3,pre_cod_asig4,pre_cod_asig5,pre_cod_asig6,pre_cod_asig7 FROM tblaca009_p_int WHERE pensum='5' AND c_uni_ca='4' AND c_asigna='300101' [1][0] OK
C:[16/08/2013 14:43:25.81][190.201.175.202][1182] SELECT par_cod_asig1,par_cod_asig2,par_cod_asig3 FROM tblaca009_p_int WHERE pensum='5' AND c_uni_ca='4' AND c_asigna='300101' [1][0] OK
C:[16/08/2013 14:43:25.93][190.201.175.202][1312] SELECT horas_lab FROM tblaca008 WHERE c_asigna='300101' AND horas_teoricas > 0 [1][0] OK
C:[16/08/2013 14:43:29.33][190.201.175.202][1138] SELECT pre_cod_asig1,pre_cod_asig2,pre_cod_asig3,pre_cod_asig4,pre_cod_asig5,pre_cod_asig6,pre_cod_asig7 FROM tblaca009_p_int WHERE pensum='5' AND c_uni_ca='4' AND c_asigna='300101' [1][0] OK
C:[16/08/2013 14:43:29.43][190.201.175.202][1182] SELECT par_cod_asig1,par_cod_asig2,par_cod_asig3 FROM tblaca009_p_int WHERE pensum='5' AND c_uni_ca='4' AND c_asigna='300101' [1][0] OK
C:[16/08/2013 14:43:29.03][190.201.175.202][1312] SELECT horas_lab FROM tblaca008 WHERE c_asigna='300101' AND horas_teoricas > 0 [1][0] OK
C:[16/08/2013 14:43:39.60][181.183.74.184][1138] SELECT pre_cod_asig1,pre_cod_asig2,pre_cod_asig3,pre_cod_asig4,pre_cod_asig5,pre_cod_asig6,pre_cod_asig7 FROM tblaca009_p_int WHERE pensum='5' AND c_uni_ca='5' AND c_asigna='300313' [1][0] OK
C:[16/08/2013 14:43:39.60][181.183.74.184][1151] SELECT c_asigna FROM dace004 WHERE exp_e='11-23506450' AND c_asigna='300213' AND status IN ('0','3','B','C') [1][0] OK
C:[16/08/2013 14:43:39.97][181.183.74.184][1182] SELECT par_cod_asig1,par_cod_asig2,par_cod_asig3 FROM tblaca009_p_int WHERE pensum='5' AND c_uni_ca='5' AND c_asigna='300313' [1][0] OK
C:[16/08/2013 14:43:39.01][181.183.74.184][1312] SELECT horas_lab FROM tblaca008 WHERE c_asigna='300313' AND horas_teoricas > 0 [1][0] OK
C:[16/08/2013 14:43:43.74][190.198.190.67][1138] SELECT pre_cod_asig1,pre_cod_asig2,pre_cod_asig3,pre_cod_asig4,pre_cod_asig5,pre_cod_asig6,pre_cod_asig7 FROM tblaca009_p_int WHERE pensum='5' AND c_uni_ca='3' AND c_asigna='300207' [1][0] OK
C:[16/08/2013 14:43:43.74][190.198.190.67][1151] SELECT c_asigna FROM dace004 WHERE exp_e='11-21496468' AND c_asigna='300101' AND status IN ('0','3','B','C') [1][0] OK
C:[16/08/2013 14:43:43.74][190.198.190.67][1138] SELECT pre_cod_asig1,pre_cod_asig2,pre_cod_asig3,pre_cod_asig4,pre_cod_asig5,pre_cod_asig6,pre_cod_asig7 FROM tblaca009_p_int WHERE pensum='5' AND c_uni_ca='3' AND c_asigna='300209' [1][0] OK
C:[16/08/2013 14:43:43.74][190.198.190.67][1151] SELECT c_asigna FROM dace004 WHERE exp_e='11-21496468' AND c_asigna='300101' AND status IN ('0','3','B','C') [1][0] OK
C:[16/08/2013 14:43:44.30][190.198.190.67][1182] SELECT par_cod_asig1,par_cod_asig2,par_cod_asig3 FROM tblaca009_p_int WHERE pensum='5' AND c_uni_ca='3' AND c_asigna='300207' [1][0] OK
C:[16/08/2013 14:43:44.30][190.198.190.67][1182] SELECT par_cod_asig1,par_cod_asig2,par_cod_asig3 FROM tblaca009_p_int WHERE pensum='5' AND c_uni_ca='3' AND c_asigna='300209' [1][0] OK
C:[16/08/2013 14:43:44.53][190.198.190.67][1312] SELECT horas_lab FROM tblaca008 WHERE c_asigna='300207' AND horas_teoricas > 0 [1][0] OK
C:[16/08/2013 14:43:44.53][190.198.190.67][1312] SELECT horas_lab FROM tblaca008 WHERE c_asigna='300209' AND horas_teoricas > 0 [1][0] OK
C:[16/08/2013 14:43:47.09][190.94.234.238][1138] SELECT pre_cod_asig1,pre_cod_asig2,pre_cod_asig3,pre_cod_asig4,pre_cod_asig5,pre_cod_asig6,pre_cod_asig7 FROM tblaca009_p_int WHERE pensum='5' AND c_uni_ca='2' AND c_asigna='322433' [1][0] OK
C:[16/08/2013 14:43:47.09][190.94.234.238][1151] SELECT c_asigna FROM dace004 WHERE exp_e='10-20773912' AND c_asigna='320323' AND status IN ('0','3','B','C') [1][0] OK
C:[16/08/2013 14:43:47.09][190.94.234.238][1151] SELECT c_asigna FROM dace004 WHERE exp_e='10-20773912' AND c_asigna='300209' AND status IN ('0','3','B','C') [1][0] OK
C:[16/08/2013 14:43:48.37][190.94.234.238][1182] SELECT par_cod_asig1,par_cod_asig2,par_cod_asig3 FROM tblaca009_p_int WHERE pensum='5' AND c_uni_ca='2' AND c_asigna='322433' [1][0] OK
C:[16/08/2013 14:43:48.49][190.94.234.238][1312] SELECT horas_lab FROM tblaca008 WHERE c_asigna='322433' AND horas_teoricas > 0 [1][0] OK
C:[16/08/2013 14:43:58.76][190.201.175.202][1138] SELECT pre_cod_asig1,pre_cod_asig2,pre_cod_asig3,pre_cod_asig4,pre_cod_asig5,pre_cod_asig6,pre_cod_asig7 FROM tblaca009_p_int WHERE pensum='5' AND c_uni_ca='6' AND c_asigna='344733' [1][0] OK
C:[16/08/2013 14:43:58.45][190.201.175.202][1182] SELECT par_cod_asig1,par_cod_asig2,par_cod_asig3 FROM tblaca009_p_int WHERE pensum='5' AND c_uni_ca='6' AND c_asigna='344733' [1][0] OK
C:[16/08/2013 14:43:58.59][190.201.175.202][1312] SELECT horas_lab FROM tblaca008 WHERE c_asigna='344733' AND horas_teoricas > 0 [1][0] OK
C:[16/08/2013 14:44:08.46][190.36.22.66][1138] SELECT pre_cod_asig1,pre_cod_asig2,pre_cod_asig3,pre_cod_asig4,pre_cod_asig5,pre_cod_asig6,pre_cod_asig7 FROM tblaca009_p_int WHERE pensum='5' AND c_uni_ca='5' AND c_asigna='300013' [1][0] OK
C:[16/08/2013 14:44:08.46][190.36.22.66][1138] SELECT pre_cod_asig1,pre_cod_asig2,pre_cod_asig3,pre_cod_asig4,pre_cod_asig5,pre_cod_asig6,pre_cod_asig7 FROM tblaca009_p_int WHERE pensum='5' AND c_uni_ca='5' AND c_asigna='300207' [1][0] OK
C:[16/08/2013 14:44:08.46][190.36.22.66][1151] SELECT c_asigna FROM dace004 WHERE exp_e='11-19703944' AND c_asigna='300101' AND status IN ('0','3','B','C') [1][0] OK
C:[16/08/2013 14:44:08.16][190.37.32.176][1138] SELECT pre_cod_asig1,pre_cod_asig2,pre_cod_asig3,pre_cod_asig4,pre_cod_asig5,pre_cod_asig6,pre_cod_asig7 FROM tblaca009_p_int WHERE pensum='5' AND c_uni_ca='6' AND c_asigna='344733' [1][0] OK
C:[16/08/2013 14:44:08.29][190.37.32.176][1182] SELECT par_cod_asig1,par_cod_asig2,par_cod_asig3 FROM tblaca009_p_int WHERE pensum='5' AND c_uni_ca='6' AND c_asigna='344733' [1][0] OK
C:[16/08/2013 14:44:08.84][190.36.22.66][1182] SELECT par_cod_asig1,par_cod_asig2,par_cod_asig3 FROM tblaca009_p_int WHERE pensum='5' AND c_uni_ca='5' AND c_asigna='300013' [1][0] OK
C:[16/08/2013 14:44:08.41][190.37.32.176][1312] SELECT horas_lab FROM tblaca008 WHERE c_asigna='344733' AND horas_teoricas > 0 [1][0] OK
C:[16/08/2013 14:44:08.84][190.36.22.66][1182] SELECT par_cod_asig1,par_cod_asig2,par_cod_asig3 FROM tblaca009_p_int WHERE pensum='5' AND c_uni_ca='5' AND c_asigna='300207' [1][0] OK
C:[16/08/2013 14:44:08.09][190.36.22.66][1312] SELECT horas_lab FROM tblaca008 WHERE c_asigna='300013' AND horas_teoricas > 0 [1][0] OK
C:[16/08/2013 14:44:08.09][190.36.22.66][1312] SELECT horas_lab FROM tblaca008 WHERE c_asigna='300207' AND horas_teoricas > 0 [1][0] OK
C:[16/08/2013 14:44:29.89][190.37.43.31][1138] SELECT pre_cod_asig1,pre_cod_asig2,pre_cod_asig3,pre_cod_asig4,pre_cod_asig5,pre_cod_asig6,pre_cod_asig7 FROM tblaca009_p_int WHERE pensum='5' AND c_uni_ca='5' AND c_asigna='300209' [1][0] OK
C:[16/08/2013 14:44:29.89][190.37.43.31][1151] SELECT c_asigna FROM dace004 WHERE exp_e='12-20504466' AND c_asigna='300101' AND status IN ('0','3','B','C') [1][0] OK
C:[16/08/2013 14:44:29.89][190.37.43.31][1138] SELECT pre_cod_asig1,pre_cod_asig2,pre_cod_asig3,pre_cod_asig4,pre_cod_asig5,pre_cod_asig6,pre_cod_asig7 FROM tblaca009_p_int WHERE pensum='5' AND c_uni_ca='5' AND c_asigna='300218' [1][0] OK
C:[16/08/2013 14:44:29.83][190.37.43.31][1182] SELECT par_cod_asig1,par_cod_asig2,par_cod_asig3 FROM tblaca009_p_int WHERE pensum='5' AND c_uni_ca='5' AND c_asigna='300209' [1][0] OK
C:[16/08/2013 14:44:29.83][190.37.43.31][1182] SELECT par_cod_asig1,par_cod_asig2,par_cod_asig3 FROM tblaca009_p_int WHERE pensum='5' AND c_uni_ca='5' AND c_asigna='300218' [1][0] OK
C:[16/08/2013 14:44:29.83][190.37.43.31][1196] SELECT c_asigna FROM dace004 WHERE exp_e='12-20504466' AND c_asigna='300228' AND status IN ('0','3','B','C') [0][0] OK
C:[16/08/2013 14:44:29.20][190.37.43.31][1312] SELECT horas_lab FROM tblaca008 WHERE c_asigna='300209' AND horas_teoricas > 0 [1][0] OK
C:[16/08/2013 14:44:29.20][190.37.43.31][1312] SELECT horas_lab FROM tblaca008 WHERE c_asigna='300218' AND horas_teoricas > 0 [0][0] OK
C:[16/08/2013 14:44:38.08][190.198.237.243][1138] SELECT pre_cod_asig1,pre_cod_asig2,pre_cod_asig3,pre_cod_asig4,pre_cod_asig5,pre_cod_asig6,pre_cod_asig7 FROM tblaca009_p_int WHERE pensum='5' AND c_uni_ca='2' AND c_asigna='300013' [1][0] OK
C:[16/08/2013 14:44:38.08][190.198.237.243][1138] SELECT pre_cod_asig1,pre_cod_asig2,pre_cod_asig3,pre_cod_asig4,pre_cod_asig5,pre_cod_asig6,pre_cod_asig7 FROM tblaca009_p_int WHERE pensum='5' AND c_uni_ca='2' AND c_asigna='300101' [1][0] OK
C:[16/08/2013 14:44:38.24][190.198.237.243][1182] SELECT par_cod_asig1,par_cod_asig2,par_cod_asig3 FROM tblaca009_p_int WHERE pensum='5' AND c_uni_ca='2' AND c_asigna='300013' [1][0] OK
C:[16/08/2013 14:44:38.24][190.198.237.243][1182] SELECT par_cod_asig1,par_cod_asig2,par_cod_asig3 FROM tblaca009_p_int WHERE pensum='5' AND c_uni_ca='2' AND c_asigna='300101' [1][0] OK
C:[16/08/2013 14:44:38.53][190.198.237.243][1312] SELECT horas_lab FROM tblaca008 WHERE c_asigna='300013' AND horas_teoricas > 0 [1][0] OK
C:[16/08/2013 14:44:38.53][190.198.237.243][1312] SELECT horas_lab FROM tblaca008 WHERE c_asigna='300101' AND horas_teoricas > 0 [1][0] OK
C:[16/08/2013 14:44:39.35][190.206.247.104][1138] SELECT pre_cod_asig1,pre_cod_asig2,pre_cod_asig3,pre_cod_asig4,pre_cod_asig5,pre_cod_asig6,pre_cod_asig7 FROM tblaca009_p_int WHERE pensum='5' AND c_uni_ca='4' AND c_asigna='300112' [1][0] OK
C:[16/08/2013 14:44:39.48][190.206.247.104][1182] SELECT par_cod_asig1,par_cod_asig2,par_cod_asig3 FROM tblaca009_p_int WHERE pensum='5' AND c_uni_ca='4' AND c_asigna='300112' [1][0] OK
C:[16/08/2013 14:44:39.61][190.206.247.104][1312] SELECT horas_lab FROM tblaca008 WHERE c_asigna='300112' AND horas_teoricas > 0 [1][0] OK
C:[16/08/2013 14:45:07.82][190.201.175.202][1138] SELECT pre_cod_asig1,pre_cod_asig2,pre_cod_asig3,pre_cod_asig4,pre_cod_asig5,pre_cod_asig6,pre_cod_asig7 FROM tblaca009_p_int WHERE pensum='5' AND c_uni_ca='6' AND c_asigna='300101' [1][0] OK
C:[16/08/2013 14:45:07.45][190.201.175.202][1182] SELECT par_cod_asig1,par_cod_asig2,par_cod_asig3 FROM tblaca009_p_int WHERE pensum='5' AND c_uni_ca='6' AND c_asigna='300101' [1][0] OK
C:[16/08/2013 14:45:07.58][190.201.175.202][1312] SELECT horas_lab FROM tblaca008 WHERE c_asigna='300101' AND horas_teoricas > 0 [1][0] OK
C:[16/08/2013 14:45:07.65][190.198.236.111][1138] SELECT pre_cod_asig1,pre_cod_asig2,pre_cod_asig3,pre_cod_asig4,pre_cod_asig5,pre_cod_asig6,pre_cod_asig7 FROM tblaca009_p_int WHERE pensum='5' AND c_uni_ca='6' AND c_asigna='344715' [1][0] OK
C:[16/08/2013 14:45:07.65][190.198.236.111][1151] SELECT c_asigna FROM dace004 WHERE exp_e='07-19939801' AND c_asigna='344688' AND status IN ('0','3','B','C') [1][0] OK
C:[16/08/2013 14:45:07.65][190.198.236.111][1151] SELECT c_asigna FROM dace004 WHERE exp_e='07-19939801' AND c_asigna='344613' AND status IN ('0','3','B','C') [1][0] OK
C:[16/08/2013 14:45:08.03][190.198.236.111][1182] SELECT par_cod_asig1,par_cod_asig2,par_cod_asig3 FROM tblaca009_p_int WHERE pensum='5' AND c_uni_ca='6' AND c_asigna='344715' [1][0] OK
C:[16/08/2013 14:45:08.16][190.198.236.111][1312] SELECT horas_lab FROM tblaca008 WHERE c_asigna='344715' AND horas_teoricas > 0 [1][0] OK
C:[16/08/2013 14:45:08.59][190.201.175.202][1138] SELECT pre_cod_asig1,pre_cod_asig2,pre_cod_asig3,pre_cod_asig4,pre_cod_asig5,pre_cod_asig6,pre_cod_asig7 FROM tblaca009_p_int WHERE pensum='5' AND c_uni_ca='2' AND c_asigna='322550' [1][0] OK
C:[16/08/2013 14:45:08.59][190.201.175.202][1151] SELECT c_asigna FROM dace004 WHERE exp_e='10-21196499' AND c_asigna='322433' AND status IN ('0','3','B','C') [1][0] OK
C:[16/08/2013 14:45:08.59][190.201.175.202][1138] SELECT pre_cod_asig1,pre_cod_asig2,pre_cod_asig3,pre_cod_asig4,pre_cod_asig5,pre_cod_asig6,pre_cod_asig7 FROM tblaca009_p_int WHERE pensum='5' AND c_uni_ca='2' AND c_asigna='322669' [1][0] OK
C:[16/08/2013 14:45:08.59][190.201.175.202][1151] SELECT c_asigna FROM dace004 WHERE exp_e='10-21196499' AND c_asigna='322558' AND status IN ('0','3','B','C') [1][0] OK
C:[16/08/2013 14:45:08.59][190.201.175.202][1138] SELECT pre_cod_asig1,pre_cod_asig2,pre_cod_asig3,pre_cod_asig4,pre_cod_asig5,pre_cod_asig6,pre_cod_asig7 FROM tblaca009_p_int WHERE pensum='5' AND c_uni_ca='2' AND c_asigna='322780' [1][0] OK
C:[16/08/2013 14:45:08.59][190.201.175.202][1151] SELECT c_asigna FROM dace004 WHERE exp_e='10-21196499' AND c_asigna='322678' AND status IN ('0','3','B','C') [1][0] OK
C:[16/08/2013 14:45:08.34][190.201.175.202][1182] SELECT par_cod_asig1,par_cod_asig2,par_cod_asig3 FROM tblaca009_p_int WHERE pensum='5' AND c_uni_ca='2' AND c_asigna='322550' [1][0] OK
C:[16/08/2013 14:45:08.34][190.201.175.202][1182] SELECT par_cod_asig1,par_cod_asig2,par_cod_asig3 FROM tblaca009_p_int WHERE pensum='5' AND c_uni_ca='2' AND c_asigna='322669' [1][0] OK
C:[16/08/2013 14:45:08.34][190.201.175.202][1182] SELECT par_cod_asig1,par_cod_asig2,par_cod_asig3 FROM tblaca009_p_int WHERE pensum='5' AND c_uni_ca='2' AND c_asigna='322780' [1][0] OK
C:[16/08/2013 14:45:09.84][190.201.175.202][1312] SELECT horas_lab FROM tblaca008 WHERE c_asigna='322550' AND horas_teoricas > 0 [1][0] OK
C:[16/08/2013 14:45:09.84][190.201.175.202][1312] SELECT horas_lab FROM tblaca008 WHERE c_asigna='322669' AND horas_teoricas > 0 [1][0] OK
C:[16/08/2013 14:45:09.84][190.201.175.202][1312] SELECT horas_lab FROM tblaca008 WHERE c_asigna='322780' AND horas_teoricas > 0 [1][0] OK
C:[16/08/2013 14:45:17.73][190.201.175.202][1138] SELECT pre_cod_asig1,pre_cod_asig2,pre_cod_asig3,pre_cod_asig4,pre_cod_asig5,pre_cod_asig6,pre_cod_asig7 FROM tblaca009_p_int WHERE pensum='5' AND c_uni_ca='6' AND c_asigna='300213' [1][0] OK
C:[16/08/2013 14:45:17.73][190.201.175.202][1151] SELECT c_asigna FROM dace004 WHERE exp_e='12-23501388' AND c_asigna='300101' AND status IN ('0','3','B','C') [1][0] OK
C:[16/08/2013 14:45:17.00][190.201.175.202][1182] SELECT par_cod_asig1,par_cod_asig2,par_cod_asig3 FROM tblaca009_p_int WHERE pensum='5' AND c_uni_ca='6' AND c_asigna='300213' [1][0] OK
C:[16/08/2013 14:45:17.14][190.201.175.202][1312] SELECT horas_lab FROM tblaca008 WHERE c_asigna='300213' AND horas_teoricas > 0 [1][0] OK
C:[16/08/2013 14:46:28.51][190.201.175.202][1138] SELECT pre_cod_asig1,pre_cod_asig2,pre_cod_asig3,pre_cod_asig4,pre_cod_asig5,pre_cod_asig6,pre_cod_asig7 FROM tblaca009_p_int WHERE pensum='5' AND c_uni_ca='5' AND c_asigna='300013' [1][0] OK
C:[16/08/2013 14:46:28.51][190.201.175.202][1138] SELECT pre_cod_asig1,pre_cod_asig2,pre_cod_asig3,pre_cod_asig4,pre_cod_asig5,pre_cod_asig6,pre_cod_asig7 FROM tblaca009_p_int WHERE pensum='5' AND c_uni_ca='5' AND c_asigna='300101' [1][0] OK
C:[16/08/2013 14:46:28.31][190.201.175.202][1182] SELECT par_cod_asig1,par_cod_asig2,par_cod_asig3 FROM tblaca009_p_int WHERE pensum='5' AND c_uni_ca='5' AND c_asigna='300013' [1][0] OK
C:[16/08/2013 14:46:28.31][190.201.175.202][1182] SELECT par_cod_asig1,par_cod_asig2,par_cod_asig3 FROM tblaca009_p_int WHERE pensum='5' AND c_uni_ca='5' AND c_asigna='300101' [1][0] OK
C:[16/08/2013 14:46:28.70][190.201.175.202][1312] SELECT horas_lab FROM tblaca008 WHERE c_asigna='300013' AND horas_teoricas > 0 [1][0] OK
C:[16/08/2013 14:46:28.70][190.201.175.202][1312] SELECT horas_lab FROM tblaca008 WHERE c_asigna='300101' AND horas_teoricas > 0 [1][0] OK
C:[16/08/2013 14:46:42.93][190.79.13.136][1138] SELECT pre_cod_asig1,pre_cod_asig2,pre_cod_asig3,pre_cod_asig4,pre_cod_asig5,pre_cod_asig6,pre_cod_asig7 FROM tblaca009_p_int WHERE pensum='5' AND c_uni_ca='4' AND c_asigna='300101' [1][0] OK
C:[16/08/2013 14:46:42.63][190.79.13.136][1182] SELECT par_cod_asig1,par_cod_asig2,par_cod_asig3 FROM tblaca009_p_int WHERE pensum='5' AND c_uni_ca='4' AND c_asigna='300101' [1][0] OK
C:[16/08/2013 14:46:42.75][190.79.13.136][1312] SELECT horas_lab FROM tblaca008 WHERE c_asigna='300101' AND horas_teoricas > 0 [1][0] OK
C:[16/08/2013 14:46:59.25][190.201.175.202][1138] SELECT pre_cod_asig1,pre_cod_asig2,pre_cod_asig3,pre_cod_asig4,pre_cod_asig5,pre_cod_asig6,pre_cod_asig7 FROM tblaca009_p_int WHERE pensum='5' AND c_uni_ca='6' AND c_asigna='300207' [1][0] OK
C:[16/08/2013 14:46:59.25][190.201.175.202][1151] SELECT c_asigna FROM dace004 WHERE exp_e='06-19158427' AND c_asigna='300101' AND status IN ('0','3','B','C') [1][0] OK
C:[16/08/2013 14:46:59.07][190.201.175.202][1182] SELECT par_cod_asig1,par_cod_asig2,par_cod_asig3 FROM tblaca009_p_int WHERE pensum='5' AND c_uni_ca='6' AND c_asigna='300207' [1][0] OK
C:[16/08/2013 14:46:59.21][190.201.175.202][1312] SELECT horas_lab FROM tblaca008 WHERE c_asigna='300207' AND horas_teoricas > 0 [1][0] OK
C:[16/08/2013 14:47:01.39][190.201.175.202][1138] SELECT pre_cod_asig1,pre_cod_asig2,pre_cod_asig3,pre_cod_asig4,pre_cod_asig5,pre_cod_asig6,pre_cod_asig7 FROM tblaca009_p_int WHERE pensum='5' AND c_uni_ca='6' AND c_asigna='300113' [1][0] OK
C:[16/08/2013 14:47:01.39][190.201.175.202][1138] SELECT pre_cod_asig1,pre_cod_asig2,pre_cod_asig3,pre_cod_asig4,pre_cod_asig5,pre_cod_asig6,pre_cod_asig7 FROM tblaca009_p_int WHERE pensum='5' AND c_uni_ca='6' AND c_asigna='300317' [1][0] OK
C:[16/08/2013 14:47:01.39][190.201.175.202][1151] SELECT c_asigna FROM dace004 WHERE exp_e='09-20222789' AND c_asigna='300207' AND status IN ('0','3','B','C') [1][0] OK
C:[16/08/2013 14:47:01.39][190.201.175.202][1151] SELECT c_asigna FROM dace004 WHERE exp_e='09-20222789' AND c_asigna='300209' AND status IN ('0','3','B','C') [1][0] OK
C:[16/08/2013 14:47:01.90][190.201.175.202][1182] SELECT par_cod_asig1,par_cod_asig2,par_cod_asig3 FROM tblaca009_p_int WHERE pensum='5' AND c_uni_ca='6' AND c_asigna='300113' [1][0] OK
C:[16/08/2013 14:47:01.90][190.201.175.202][1196] SELECT c_asigna FROM dace004 WHERE exp_e='09-20222789' AND c_asigna='300013' AND status IN ('0','3','B','C') [1][0] OK
C:[16/08/2013 14:47:01.90][190.201.175.202][1182] SELECT par_cod_asig1,par_cod_asig2,par_cod_asig3 FROM tblaca009_p_int WHERE pensum='5' AND c_uni_ca='6' AND c_asigna='300317' [1][0] OK
C:[16/08/2013 14:47:01.28][190.201.175.202][1312] SELECT horas_lab FROM tblaca008 WHERE c_asigna='300113' AND horas_teoricas > 0 [0][0] OK
C:[16/08/2013 14:47:01.28][190.201.175.202][1312] SELECT horas_lab FROM tblaca008 WHERE c_asigna='300317' AND horas_teoricas > 0 [1][0] OK
C:[16/08/2013 14:47:13.94][190.204.205.240][1138] SELECT pre_cod_asig1,pre_cod_asig2,pre_cod_asig3,pre_cod_asig4,pre_cod_asig5,pre_cod_asig6,pre_cod_asig7 FROM tblaca009_p_int WHERE pensum='5' AND c_uni_ca='3' AND c_asigna='311430' [1][0] OK
C:[16/08/2013 14:47:13.94][190.204.205.240][1151] SELECT c_asigna FROM dace004 WHERE exp_e='11-21250962' AND c_asigna='300317' AND status IN ('0','3','B','C') [1][0] OK
C:[16/08/2013 14:47:13.94][190.204.205.240][1151] SELECT c_asigna FROM dace004 WHERE exp_e='11-21250962' AND c_asigna='300318' AND status IN ('0','3','B','C') [1][0] OK
C:[16/08/2013 14:47:13.88][190.204.205.240][1182] SELECT par_cod_asig1,par_cod_asig2,par_cod_asig3 FROM tblaca009_p_int WHERE pensum='5' AND c_uni_ca='3' AND c_asigna='311430' [1][0] OK
C:[16/08/2013 14:47:13.01][190.204.205.240][1312] SELECT horas_lab FROM tblaca008 WHERE c_asigna='311430' AND horas_teoricas > 0 [1][0] OK
C:[16/08/2013 14:47:55.19][190.201.175.202][1138] SELECT pre_cod_asig1,pre_cod_asig2,pre_cod_asig3,pre_cod_asig4,pre_cod_asig5,pre_cod_asig6,pre_cod_asig7 FROM tblaca009_p_int WHERE pensum='5' AND c_uni_ca='3' AND c_asigna='300101' [1][0] OK
C:[16/08/2013 14:47:55.12][190.201.175.202][1182] SELECT par_cod_asig1,par_cod_asig2,par_cod_asig3 FROM tblaca009_p_int WHERE pensum='5' AND c_uni_ca='3' AND c_asigna='300101' [1][0] OK
C:[16/08/2013 14:47:55.26][190.201.175.202][1312] SELECT horas_lab FROM tblaca008 WHERE c_asigna='300101' AND horas_teoricas > 0 [1][0] OK
C:[16/08/2013 14:48:04.10][190.201.175.202][1138] SELECT pre_cod_asig1,pre_cod_asig2,pre_cod_asig3,pre_cod_asig4,pre_cod_asig5,pre_cod_asig6,pre_cod_asig7 FROM tblaca009_p_int WHERE pensum='5' AND c_uni_ca='6' AND c_asigna='300207' [1][0] OK
C:[16/08/2013 14:48:04.10][190.201.175.202][1151] SELECT c_asigna FROM dace004 WHERE exp_e='06-19158427' AND c_asigna='300101' AND status IN ('0','3','B','C') [1][0] OK
C:[16/08/2013 14:48:04.34][190.201.175.202][1182] SELECT par_cod_asig1,par_cod_asig2,par_cod_asig3 FROM tblaca009_p_int WHERE pensum='5' AND c_uni_ca='6' AND c_asigna='300207' [1][0] OK
C:[16/08/2013 14:48:04.48][190.201.175.202][1312] SELECT horas_lab FROM tblaca008 WHERE c_asigna='300207' AND horas_teoricas > 0 [1][0] OK
C:[16/08/2013 14:48:09.88][190.198.239.61][1138] SELECT pre_cod_asig1,pre_cod_asig2,pre_cod_asig3,pre_cod_asig4,pre_cod_asig5,pre_cod_asig6,pre_cod_asig7 FROM tblaca009_p_int WHERE pensum='5' AND c_uni_ca='2' AND c_asigna='300101' [1][0] OK
C:[16/08/2013 14:48:09.88][190.198.239.61][1138] SELECT pre_cod_asig1,pre_cod_asig2,pre_cod_asig3,pre_cod_asig4,pre_cod_asig5,pre_cod_asig6,pre_cod_asig7 FROM tblaca009_p_int WHERE pensum='5' AND c_uni_ca='2' AND c_asigna='300112' [1][0] OK
C:[16/08/2013 14:48:09.13][190.198.239.61][1182] SELECT par_cod_asig1,par_cod_asig2,par_cod_asig3 FROM tblaca009_p_int WHERE pensum='5' AND c_uni_ca='2' AND c_asigna='300101' [1][0] OK
C:[16/08/2013 14:48:09.13][190.198.239.61][1182] SELECT par_cod_asig1,par_cod_asig2,par_cod_asig3 FROM tblaca009_p_int WHERE pensum='5' AND c_uni_ca='2' AND c_asigna='300112' [1][0] OK
C:[16/08/2013 14:48:09.39][190.198.239.61][1312] SELECT horas_lab FROM tblaca008 WHERE c_asigna='300101' AND horas_teoricas > 0 [1][0] OK
C:[16/08/2013 14:48:09.39][190.198.239.61][1312] SELECT horas_lab FROM tblaca008 WHERE c_asigna='300112' AND horas_teoricas > 0 [1][0] OK
C:[16/08/2013 14:48:46.76][190.74.191.232][1138] SELECT pre_cod_asig1,pre_cod_asig2,pre_cod_asig3,pre_cod_asig4,pre_cod_asig5,pre_cod_asig6,pre_cod_asig7 FROM tblaca009_p_int WHERE pensum='5' AND c_uni_ca='3' AND c_asigna='311551' [1][0] OK
C:[16/08/2013 14:48:46.76][190.74.191.232][1151] SELECT c_asigna FROM dace004 WHERE exp_e='09-20506713' AND c_asigna='311430' AND status IN ('0','3','B','C') [1][0] OK
C:[16/08/2013 14:48:46.57][190.74.191.232][1182] SELECT par_cod_asig1,par_cod_asig2,par_cod_asig3 FROM tblaca009_p_int WHERE pensum='5' AND c_uni_ca='3' AND c_asigna='311551' [1][0] OK
C:[16/08/2013 14:48:46.70][190.74.191.232][1312] SELECT horas_lab FROM tblaca008 WHERE c_asigna='311551' AND horas_teoricas > 0 [1][0] OK
C:[16/08/2013 14:48:54.19][190.73.155.144][1138] SELECT pre_cod_asig1,pre_cod_asig2,pre_cod_asig3,pre_cod_asig4,pre_cod_asig5,pre_cod_asig6,pre_cod_asig7 FROM tblaca009_p_int WHERE pensum='5' AND c_uni_ca='3' AND c_asigna='312333' [1][0] OK
C:[16/08/2013 14:48:54.19][190.73.155.144][1151] SELECT c_asigna FROM dace004 WHERE exp_e='02-16391964' AND c_asigna='300228' AND status IN ('0','3','B','C') [1][0] OK
C:[16/08/2013 14:48:54.44][190.73.155.144][1182] SELECT par_cod_asig1,par_cod_asig2,par_cod_asig3 FROM tblaca009_p_int WHERE pensum='5' AND c_uni_ca='3' AND c_asigna='312333' [1][0] OK
C:[16/08/2013 14:48:54.58][190.73.155.144][1312] SELECT horas_lab FROM tblaca008 WHERE c_asigna='312333' AND horas_teoricas > 0 [1][0] OK
C:[16/08/2013 14:49:43.99][190.201.175.202][1138] SELECT pre_cod_asig1,pre_cod_asig2,pre_cod_asig3,pre_cod_asig4,pre_cod_asig5,pre_cod_asig6,pre_cod_asig7 FROM tblaca009_p_int WHERE pensum='5' AND c_uni_ca='4' AND c_asigna='333809' [1][0] OK
C:[16/08/2013 14:49:43.99][190.201.175.202][1151] SELECT c_asigna FROM dace004 WHERE exp_e='08-20534529' AND c_asigna='333683' AND status IN ('0','3','B','C') [1][0] OK
C:[16/08/2013 14:49:43.99][190.201.175.202][1151] SELECT c_asigna FROM dace004 WHERE exp_e='08-20534529' AND c_asigna='333710' AND status IN ('0','3','B','C') [1][0] OK
C:[16/08/2013 14:49:43.93][190.201.175.202][1182] SELECT par_cod_asig1,par_cod_asig2,par_cod_asig3 FROM tblaca009_p_int WHERE pensum='5' AND c_uni_ca='4' AND c_asigna='333809' [1][0] OK
C:[16/08/2013 14:49:43.62][190.201.175.202][1312] SELECT horas_lab FROM tblaca008 WHERE c_asigna='333809' AND horas_teoricas > 0 [1][0] OK
C:[16/08/2013 14:49:52.51][190.201.175.202][1138] SELECT pre_cod_asig1,pre_cod_asig2,pre_cod_asig3,pre_cod_asig4,pre_cod_asig5,pre_cod_asig6,pre_cod_asig7 FROM tblaca009_p_int WHERE pensum='5' AND c_uni_ca='6' AND c_asigna='300213' [1][0] OK
C:[16/08/2013 14:49:52.51][190.201.175.202][1151] SELECT c_asigna FROM dace004 WHERE exp_e='12-23501388' AND c_asigna='300101' AND status IN ('0','3','B','C') [1][0] OK
C:[16/08/2013 14:49:52.33][190.201.175.202][1182] SELECT par_cod_asig1,par_cod_asig2,par_cod_asig3 FROM tblaca009_p_int WHERE pensum='5' AND c_uni_ca='6' AND c_asigna='300213' [1][0] OK
C:[16/08/2013 14:49:52.46][190.201.175.202][1312] SELECT horas_lab FROM tblaca008 WHERE c_asigna='300213' AND horas_teoricas > 0 [1][0] OK
C:[16/08/2013 14:50:02.82][190.201.175.202][1138] SELECT pre_cod_asig1,pre_cod_asig2,pre_cod_asig3,pre_cod_asig4,pre_cod_asig5,pre_cod_asig6,pre_cod_asig7 FROM tblaca009_p_int WHERE pensum='5' AND c_uni_ca='4' AND c_asigna='300209' [1][0] OK
C:[16/08/2013 14:50:02.82][190.201.175.202][1151] SELECT c_asigna FROM dace004 WHERE exp_e='11-18917836' AND c_asigna='300101' AND status IN ('0','3','B','C') [1][0] OK
C:[16/08/2013 14:50:02.82][190.201.175.202][1138] SELECT pre_cod_asig1,pre_cod_asig2,pre_cod_asig3,pre_cod_asig4,pre_cod_asig5,pre_cod_asig6,pre_cod_asig7 FROM tblaca009_p_int WHERE pensum='5' AND c_uni_ca='4' AND c_asigna='300213' [1][0] OK
C:[16/08/2013 14:50:02.82][190.201.175.202][1151] SELECT c_asigna FROM dace004 WHERE exp_e='11-18917836' AND c_asigna='300101' AND status IN ('0','3','B','C') [1][0] OK
C:[16/08/2013 14:50:02.32][190.201.175.202][1182] SELECT par_cod_asig1,par_cod_asig2,par_cod_asig3 FROM tblaca009_p_int WHERE pensum='5' AND c_uni_ca='4' AND c_asigna='300209' [1][0] OK
C:[16/08/2013 14:50:02.32][190.201.175.202][1182] SELECT par_cod_asig1,par_cod_asig2,par_cod_asig3 FROM tblaca009_p_int WHERE pensum='5' AND c_uni_ca='4' AND c_asigna='300213' [1][0] OK
C:[16/08/2013 14:50:02.59][190.201.175.202][1312] SELECT horas_lab FROM tblaca008 WHERE c_asigna='300209' AND horas_teoricas > 0 [1][0] OK
C:[16/08/2013 14:50:02.59][190.201.175.202][1312] SELECT horas_lab FROM tblaca008 WHERE c_asigna='300213' AND horas_teoricas > 0 [1][0] OK
C:[16/08/2013 14:50:12.13][190.201.175.202][1138] SELECT pre_cod_asig1,pre_cod_asig2,pre_cod_asig3,pre_cod_asig4,pre_cod_asig5,pre_cod_asig6,pre_cod_asig7 FROM tblaca009_p_int WHERE pensum='5' AND c_uni_ca='3' AND c_asigna='300113' [1][0] OK
C:[16/08/2013 14:50:12.13][190.201.175.202][1138] SELECT pre_cod_asig1,pre_cod_asig2,pre_cod_asig3,pre_cod_asig4,pre_cod_asig5,pre_cod_asig6,pre_cod_asig7 FROM tblaca009_p_int WHERE pensum='5' AND c_uni_ca='3' AND c_asigna='300116' [1][0] OK
C:[16/08/2013 14:50:12.27][190.201.175.202][1182] SELECT par_cod_asig1,par_cod_asig2,par_cod_asig3 FROM tblaca009_p_int WHERE pensum='5' AND c_uni_ca='3' AND c_asigna='300113' [1][0] OK
C:[16/08/2013 14:50:12.27][190.201.175.202][1196] SELECT c_asigna FROM dace004 WHERE exp_e='12-25266773' AND c_asigna='300013' AND status IN ('0','3','B','C') [0][0] OK
C:[16/08/2013 14:50:12.27][190.201.175.202][1182] SELECT par_cod_asig1,par_cod_asig2,par_cod_asig3 FROM tblaca009_p_int WHERE pensum='5' AND c_uni_ca='3' AND c_asigna='300116' [1][0] OK
C:[16/08/2013 14:50:12.67][190.201.175.202][1312] SELECT horas_lab FROM tblaca008 WHERE c_asigna='300113' AND horas_teoricas > 0 [0][0] OK
C:[16/08/2013 14:50:12.67][190.201.175.202][1312] SELECT horas_lab FROM tblaca008 WHERE c_asigna='300116' AND horas_teoricas > 0 [1][0] OK
C:[16/08/2013 14:50:12.48][190.74.191.232][1138] SELECT pre_cod_asig1,pre_cod_asig2,pre_cod_asig3,pre_cod_asig4,pre_cod_asig5,pre_cod_asig6,pre_cod_asig7 FROM tblaca009_p_int WHERE pensum='5' AND c_uni_ca='3' AND c_asigna='311551' [1][0] OK
C:[16/08/2013 14:50:12.48][190.74.191.232][1151] SELECT c_asigna FROM dace004 WHERE exp_e='10-24035763' AND c_asigna='311430' AND status IN ('0','3','B','C') [1][0] OK
C:[16/08/2013 14:50:12.93][190.74.191.232][1182] SELECT par_cod_asig1,par_cod_asig2,par_cod_asig3 FROM tblaca009_p_int WHERE pensum='5' AND c_uni_ca='3' AND c_asigna='311551' [1][0] OK
C:[16/08/2013 14:50:12.89][190.74.191.232][1312] SELECT horas_lab FROM tblaca008 WHERE c_asigna='311551' AND horas_teoricas > 0 [1][0] OK
C:[16/08/2013 14:50:52.81][190.205.17.135][1138] SELECT pre_cod_asig1,pre_cod_asig2,pre_cod_asig3,pre_cod_asig4,pre_cod_asig5,pre_cod_asig6,pre_cod_asig7 FROM tblaca009_p_int WHERE pensum='5' AND c_uni_ca='4' AND c_asigna='330435' [1][0] OK
C:[16/08/2013 14:50:52.81][190.205.17.135][1138] SELECT pre_cod_asig1,pre_cod_asig2,pre_cod_asig3,pre_cod_asig4,pre_cod_asig5,pre_cod_asig6,pre_cod_asig7 FROM tblaca009_p_int WHERE pensum='5' AND c_uni_ca='4' AND c_asigna='333585' [1][0] OK
C:[16/08/2013 14:50:52.81][190.205.17.135][1151] SELECT c_asigna FROM dace004 WHERE exp_e='07-17884418' AND c_asigna='333440' AND status IN ('0','3','B','C') [1][0] OK
C:[16/08/2013 14:50:52.81][190.205.17.135][1151] SELECT c_asigna FROM dace004 WHERE exp_e='07-17884418' AND c_asigna='333326' AND status IN ('0','3','B','C') [1][0] OK
C:[16/08/2013 14:50:52.88][190.205.17.135][1182] SELECT par_cod_asig1,par_cod_asig2,par_cod_asig3 FROM tblaca009_p_int WHERE pensum='5' AND c_uni_ca='4' AND c_asigna='330435' [1][0] OK
C:[16/08/2013 14:50:52.88][190.205.17.135][1182] SELECT par_cod_asig1,par_cod_asig2,par_cod_asig3 FROM tblaca009_p_int WHERE pensum='5' AND c_uni_ca='4' AND c_asigna='333585' [1][0] OK
C:[16/08/2013 14:50:52.14][190.205.17.135][1312] SELECT horas_lab FROM tblaca008 WHERE c_asigna='330435' AND horas_teoricas > 0 [1][0] OK
C:[16/08/2013 14:50:52.14][190.205.17.135][1312] SELECT horas_lab FROM tblaca008 WHERE c_asigna='333585' AND horas_teoricas > 0 [1][0] OK
C:[16/08/2013 14:51:46.61][190.200.1.25][1138] SELECT pre_cod_asig1,pre_cod_asig2,pre_cod_asig3,pre_cod_asig4,pre_cod_asig5,pre_cod_asig6,pre_cod_asig7 FROM tblaca009_p_int WHERE pensum='5' AND c_uni_ca='5' AND c_asigna='300207' [1][0] OK
C:[16/08/2013 14:51:46.61][190.200.1.25][1151] SELECT c_asigna FROM dace004 WHERE exp_e='11-25040963' AND c_asigna='300101' AND status IN ('0','3','B','C') [1][0] OK
C:[16/08/2013 14:51:46.41][190.200.1.25][1182] SELECT par_cod_asig1,par_cod_asig2,par_cod_asig3 FROM tblaca009_p_int WHERE pensum='5' AND c_uni_ca='5' AND c_asigna='300207' [1][0] OK
C:[16/08/2013 14:51:46.56][190.200.1.25][1312] SELECT horas_lab FROM tblaca008 WHERE c_asigna='300207' AND horas_teoricas > 0 [1][0] OK
C:[16/08/2013 14:52:16.17][190.37.107.99][1138] SELECT pre_cod_asig1,pre_cod_asig2,pre_cod_asig3,pre_cod_asig4,pre_cod_asig5,pre_cod_asig6,pre_cod_asig7 FROM tblaca009_p_int WHERE pensum='5' AND c_uni_ca='4' AND c_asigna='300222' [1][0] OK
C:[16/08/2013 14:52:16.17][190.37.107.99][1151] SELECT c_asigna FROM dace004 WHERE exp_e='12-24035337' AND c_asigna='300112' AND status IN ('0','3','B','C') [1][0] OK
C:[16/08/2013 14:52:16.00][190.37.107.99][1182] SELECT par_cod_asig1,par_cod_asig2,par_cod_asig3 FROM tblaca009_p_int WHERE pensum='5' AND c_uni_ca='4' AND c_asigna='300222' [1][0] OK
C:[16/08/2013 14:52:16.12][190.37.107.99][1312] SELECT horas_lab FROM tblaca008 WHERE c_asigna='300222' AND horas_teoricas > 0 [1][0] OK
C:[16/08/2013 14:52:18.05][190.201.175.202][1138] SELECT pre_cod_asig1,pre_cod_asig2,pre_cod_asig3,pre_cod_asig4,pre_cod_asig5,pre_cod_asig6,pre_cod_asig7 FROM tblaca009_p_int WHERE pensum='5' AND c_uni_ca='6' AND c_asigna='344733' [1][0] OK
C:[16/08/2013 14:52:18.17][190.201.175.202][1182] SELECT par_cod_asig1,par_cod_asig2,par_cod_asig3 FROM tblaca009_p_int WHERE pensum='5' AND c_uni_ca='6' AND c_asigna='344733' [1][0] OK
C:[16/08/2013 14:52:18.31][190.201.175.202][1312] SELECT horas_lab FROM tblaca008 WHERE c_asigna='344733' AND horas_teoricas > 0 [1][0] OK
C:[16/08/2013 14:52:50.23][186.167.242.24][1138] SELECT pre_cod_asig1,pre_cod_asig2,pre_cod_asig3,pre_cod_asig4,pre_cod_asig5,pre_cod_asig6,pre_cod_asig7 FROM tblaca009_p_int WHERE pensum='5' AND c_uni_ca='3' AND c_asigna='311551' [1][0] OK
C:[16/08/2013 14:52:50.23][186.167.242.24][1151] SELECT c_asigna FROM dace004 WHERE exp_e='09-19302776' AND c_asigna='311430' AND status IN ('0','3','B','C') [1][0] OK
C:[16/08/2013 14:52:50.14][186.167.242.24][1182] SELECT par_cod_asig1,par_cod_asig2,par_cod_asig3 FROM tblaca009_p_int WHERE pensum='5' AND c_uni_ca='3' AND c_asigna='311551' [1][0] OK
C:[16/08/2013 14:52:50.18][186.167.242.24][1312] SELECT horas_lab FROM tblaca008 WHERE c_asigna='311551' AND horas_teoricas > 0 [1][0] OK
C:[16/08/2013 14:53:21.64][190.201.28.88][1138] SELECT pre_cod_asig1,pre_cod_asig2,pre_cod_asig3,pre_cod_asig4,pre_cod_asig5,pre_cod_asig6,pre_cod_asig7 FROM tblaca009_p_int WHERE pensum='5' AND c_uni_ca='3' AND c_asigna='300207' [1][0] OK
C:[16/08/2013 14:53:21.64][190.201.28.88][1151] SELECT c_asigna FROM dace004 WHERE exp_e='11-21250278' AND c_asigna='300101' AND status IN ('0','3','B','C') [1][0] OK
C:[16/08/2013 14:53:21.45][190.201.28.88][1182] SELECT par_cod_asig1,par_cod_asig2,par_cod_asig3 FROM tblaca009_p_int WHERE pensum='5' AND c_uni_ca='3' AND c_asigna='300207' [1][0] OK
C:[16/08/2013 14:53:21.59][190.201.28.88][1312] SELECT horas_lab FROM tblaca008 WHERE c_asigna='300207' AND horas_teoricas > 0 [1][0] OK
C:[16/08/2013 14:53:42.75][190.201.175.202][1138] SELECT pre_cod_asig1,pre_cod_asig2,pre_cod_asig3,pre_cod_asig4,pre_cod_asig5,pre_cod_asig6,pre_cod_asig7 FROM tblaca009_p_int WHERE pensum='5' AND c_uni_ca='3' AND c_asigna='311551' [1][0] OK
C:[16/08/2013 14:53:42.75][190.201.175.202][1151] SELECT c_asigna FROM dace004 WHERE exp_e='10-20885021' AND c_asigna='311430' AND status IN ('0','3','B','C') [1][0] OK
C:[16/08/2013 14:53:42.69][190.201.175.202][1182] SELECT par_cod_asig1,par_cod_asig2,par_cod_asig3 FROM tblaca009_p_int WHERE pensum='5' AND c_uni_ca='3' AND c_asigna='311551' [1][0] OK
C:[16/08/2013 14:53:42.82][190.201.175.202][1312] SELECT horas_lab FROM tblaca008 WHERE c_asigna='311551' AND horas_teoricas > 0 [1][0] OK
C:[16/08/2013 14:53:44.59][190.201.175.202][1138] SELECT pre_cod_asig1,pre_cod_asig2,pre_cod_asig3,pre_cod_asig4,pre_cod_asig5,pre_cod_asig6,pre_cod_asig7 FROM tblaca009_p_int WHERE pensum='5' AND c_uni_ca='6' AND c_asigna='300226' [1][0] OK
C:[16/08/2013 14:53:44.59][190.201.175.202][1151] SELECT c_asigna FROM dace004 WHERE exp_e='10-21248260' AND c_asigna='300116' AND status IN ('0','3','B','C') [1][0] OK
C:[16/08/2013 14:53:44.59][190.201.175.202][1138] SELECT pre_cod_asig1,pre_cod_asig2,pre_cod_asig3,pre_cod_asig4,pre_cod_asig5,pre_cod_asig6,pre_cod_asig7 FROM tblaca009_p_int WHERE pensum='5' AND c_uni_ca='6' AND c_asigna='300228' [1][0] OK
C:[16/08/2013 14:53:44.59][190.201.175.202][1151] SELECT c_asigna FROM dace004 WHERE exp_e='10-21248260' AND c_asigna='300101' AND status IN ('0','3','B','C') [1][0] OK
C:[16/08/2013 14:53:44.09][190.201.175.202][1182] SELECT par_cod_asig1,par_cod_asig2,par_cod_asig3 FROM tblaca009_p_int WHERE pensum='5' AND c_uni_ca='6' AND c_asigna='300226' [1][0] OK
C:[16/08/2013 14:53:44.09][190.201.175.202][1182] SELECT par_cod_asig1,par_cod_asig2,par_cod_asig3 FROM tblaca009_p_int WHERE pensum='5' AND c_uni_ca='6' AND c_asigna='300228' [1][0] OK
C:[16/08/2013 14:53:44.35][190.201.175.202][1312] SELECT horas_lab FROM tblaca008 WHERE c_asigna='300226' AND horas_teoricas > 0 [1][0] OK
C:[16/08/2013 14:53:44.35][190.201.175.202][1312] SELECT horas_lab FROM tblaca008 WHERE c_asigna='300228' AND horas_teoricas > 0 [1][0] OK
C:[16/08/2013 14:54:21.55][190.60.51.185][1138] SELECT pre_cod_asig1,pre_cod_asig2,pre_cod_asig3,pre_cod_asig4,pre_cod_asig5,pre_cod_asig6,pre_cod_asig7 FROM tblaca009_p_int WHERE pensum='5' AND c_uni_ca='5' AND c_asigna='300222' [1][0] OK
C:[16/08/2013 14:54:21.55][190.60.51.185][1151] SELECT c_asigna FROM dace004 WHERE exp_e='12-26073659' AND c_asigna='300112' AND status IN ('0','3','B','C') [1][0] OK
C:[16/08/2013 14:54:21.45][190.60.51.185][1182] SELECT par_cod_asig1,par_cod_asig2,par_cod_asig3 FROM tblaca009_p_int WHERE pensum='5' AND c_uni_ca='5' AND c_asigna='300222' [1][0] OK
C:[16/08/2013 14:54:21.49][190.60.51.185][1312] SELECT horas_lab FROM tblaca008 WHERE c_asigna='300222' AND horas_teoricas > 0 [1][0] OK
C:[16/08/2013 14:54:24.64][190.201.175.202][1138] SELECT pre_cod_asig1,pre_cod_asig2,pre_cod_asig3,pre_cod_asig4,pre_cod_asig5,pre_cod_asig6,pre_cod_asig7 FROM tblaca009_p_int WHERE pensum='5' AND c_uni_ca='5' AND c_asigna='355570' [1][0] OK
C:[16/08/2013 14:54:24.64][190.201.175.202][1151] SELECT c_asigna FROM dace004 WHERE exp_e='09-19910939' AND c_asigna='355447' AND status IN ('0','3','B','C') [1][0] OK
C:[16/08/2013 14:54:24.91][190.201.175.202][1182] SELECT par_cod_asig1,par_cod_asig2,par_cod_asig3 FROM tblaca009_p_int WHERE pensum='5' AND c_uni_ca='5' AND c_asigna='355570' [1][0] OK
C:[16/08/2013 14:54:24.04][190.201.175.202][1312] SELECT horas_lab FROM tblaca008 WHERE c_asigna='355570' AND horas_teoricas > 0 [1][0] OK
C:[16/08/2013 14:54:40.64][190.201.175.202][1138] SELECT pre_cod_asig1,pre_cod_asig2,pre_cod_asig3,pre_cod_asig4,pre_cod_asig5,pre_cod_asig6,pre_cod_asig7 FROM tblaca009_p_int WHERE pensum='5' AND c_uni_ca='6' AND c_asigna='300207' [1][0] OK
C:[16/08/2013 14:54:40.64][190.201.175.202][1151] SELECT c_asigna FROM dace004 WHERE exp_e='06-19158427' AND c_asigna='300101' AND status IN ('0','3','B','C') [1][0] OK
C:[16/08/2013 14:54:40.44][190.201.175.202][1182] SELECT par_cod_asig1,par_cod_asig2,par_cod_asig3 FROM tblaca009_p_int WHERE pensum='5' AND c_uni_ca='6' AND c_asigna='300207' [1][0] OK
C:[16/08/2013 14:54:40.58][190.201.175.202][1312] SELECT horas_lab FROM tblaca008 WHERE c_asigna='300207' AND horas_teoricas > 0 [1][0] OK
C:[16/08/2013 14:55:27.77][190.206.82.151][1138] SELECT pre_cod_asig1,pre_cod_asig2,pre_cod_asig3,pre_cod_asig4,pre_cod_asig5,pre_cod_asig6,pre_cod_asig7 FROM tblaca009_p_int WHERE pensum='5' AND c_uni_ca='4' AND c_asigna='300213' [1][0] OK
C:[16/08/2013 14:55:27.77][190.206.82.151][1151] SELECT c_asigna FROM dace004 WHERE exp_e='06-18077543' AND c_asigna='300101' AND status IN ('0','3','B','C') [1][0] OK
C:[16/08/2013 14:55:27.67][190.206.82.151][1182] SELECT par_cod_asig1,par_cod_asig2,par_cod_asig3 FROM tblaca009_p_int WHERE pensum='5' AND c_uni_ca='4' AND c_asigna='300213' [1][0] OK
C:[16/08/2013 14:55:27.72][190.206.82.151][1312] SELECT horas_lab FROM tblaca008 WHERE c_asigna='300213' AND horas_teoricas > 0 [1][0] OK
C:[16/08/2013 14:55:30.20][172.16.3.75][1138] SELECT pre_cod_asig1,pre_cod_asig2,pre_cod_asig3,pre_cod_asig4,pre_cod_asig5,pre_cod_asig6,pre_cod_asig7 FROM tblaca009_p_int WHERE pensum='5' AND c_uni_ca='6' AND c_asigna='300207' [1][0] OK
C:[16/08/2013 14:55:30.20][172.16.3.75][1151] SELECT c_asigna FROM dace004 WHERE exp_e='11-25595500' AND c_asigna='300101' AND status IN ('0','3','B','C') [1][0] OK
C:[16/08/2013 14:55:30.45][172.16.3.75][1182] SELECT par_cod_asig1,par_cod_asig2,par_cod_asig3 FROM tblaca009_p_int WHERE pensum='5' AND c_uni_ca='6' AND c_asigna='300207' [1][0] OK
C:[16/08/2013 14:55:30.58][172.16.3.75][1312] SELECT horas_lab FROM tblaca008 WHERE c_asigna='300207' AND horas_teoricas > 0 [1][0] OK
C:[16/08/2013 14:55:50.04][190.201.175.202][1138] SELECT pre_cod_asig1,pre_cod_asig2,pre_cod_asig3,pre_cod_asig4,pre_cod_asig5,pre_cod_asig6,pre_cod_asig7 FROM tblaca009_p_int WHERE pensum='5' AND c_uni_ca='5' AND c_asigna='355573' [1][0] OK
C:[16/08/2013 14:55:50.04][190.201.175.202][1151] SELECT c_asigna FROM dace004 WHERE exp_e='09-84391045' AND c_asigna='355448' AND status IN ('0','3','B','C') [1][0] OK
C:[16/08/2013 14:55:50.75][190.201.175.202][1182] SELECT par_cod_asig1,par_cod_asig2,par_cod_asig3 FROM tblaca009_p_int WHERE pensum='5' AND c_uni_ca='5' AND c_asigna='355573' [1][0] OK
C:[16/08/2013 14:55:50.89][190.201.175.202][1312] SELECT horas_lab FROM tblaca008 WHERE c_asigna='355573' AND horas_teoricas > 0 [1][0] OK
C:[16/08/2013 14:56:06.00][190.201.175.202][1138] SELECT pre_cod_asig1,pre_cod_asig2,pre_cod_asig3,pre_cod_asig4,pre_cod_asig5,pre_cod_asig6,pre_cod_asig7 FROM tblaca009_p_int WHERE pensum='5' AND c_uni_ca='6' AND c_asigna='300207' [1][0] OK
C:[16/08/2013 14:56:06.00][190.201.175.202][1151] SELECT c_asigna FROM dace004 WHERE exp_e='06-19158427' AND c_asigna='300101' AND status IN ('0','3','B','C') [1][0] OK
C:[16/08/2013 14:56:06.71][190.201.175.202][1182] SELECT par_cod_asig1,par_cod_asig2,par_cod_asig3 FROM tblaca009_p_int WHERE pensum='5' AND c_uni_ca='6' AND c_asigna='300207' [1][0] OK
C:[16/08/2013 14:56:06.84][190.201.175.202][1312] SELECT horas_lab FROM tblaca008 WHERE c_asigna='300207' AND horas_teoricas > 0 [1][0] OK
C:[16/08/2013 14:56:45.04][186.167.243.84][1138] SELECT pre_cod_asig1,pre_cod_asig2,pre_cod_asig3,pre_cod_asig4,pre_cod_asig5,pre_cod_asig6,pre_cod_asig7 FROM tblaca009_p_int WHERE pensum='5' AND c_uni_ca='5' AND c_asigna='355874' [1][0] OK
C:[16/08/2013 14:56:45.04][186.167.243.84][1151] SELECT c_asigna FROM dace004 WHERE exp_e='05-18247067' AND c_asigna='355448' AND status IN ('0','3','B','C') [1][0] OK
C:[16/08/2013 14:56:45.95][186.167.243.84][1182] SELECT par_cod_asig1,par_cod_asig2,par_cod_asig3 FROM tblaca009_p_int WHERE pensum='5' AND c_uni_ca='5' AND c_asigna='355874' [1][0] OK
C:[16/08/2013 14:56:45.99][186.167.243.84][1312] SELECT horas_lab FROM tblaca008 WHERE c_asigna='355874' AND horas_teoricas > 0 [1][0] OK
C:[16/08/2013 14:56:59.66][190.201.175.202][1138] SELECT pre_cod_asig1,pre_cod_asig2,pre_cod_asig3,pre_cod_asig4,pre_cod_asig5,pre_cod_asig6,pre_cod_asig7 FROM tblaca009_p_int WHERE pensum='5' AND c_uni_ca='6' AND c_asigna='300207' [1][0] OK
C:[16/08/2013 14:56:59.66][190.201.175.202][1151] SELECT c_asigna FROM dace004 WHERE exp_e='06-19158427' AND c_asigna='300101' AND status IN ('0','3','B','C') [1][0] OK
C:[16/08/2013 14:56:59.47][190.201.175.202][1182] SELECT par_cod_asig1,par_cod_asig2,par_cod_asig3 FROM tblaca009_p_int WHERE pensum='5' AND c_uni_ca='6' AND c_asigna='300207' [1][0] OK
C:[16/08/2013 14:56:59.61][190.201.175.202][1312] SELECT horas_lab FROM tblaca008 WHERE c_asigna='300207' AND horas_teoricas > 0 [1][0] OK
C:[16/08/2013 14:57:10.60][190.199.70.162][1138] SELECT pre_cod_asig1,pre_cod_asig2,pre_cod_asig3,pre_cod_asig4,pre_cod_asig5,pre_cod_asig6,pre_cod_asig7 FROM tblaca009_p_int WHERE pensum='5' AND c_uni_ca='3' AND c_asigna='311673' [1][0] OK
C:[16/08/2013 14:57:10.60][190.199.70.162][1151] SELECT c_asigna FROM dace004 WHERE exp_e='09-24411954' AND c_asigna='311551' AND status IN ('0','3','B','C') [1][0] OK
C:[16/08/2013 14:57:10.39][190.199.70.162][1182] SELECT par_cod_asig1,par_cod_asig2,par_cod_asig3 FROM tblaca009_p_int WHERE pensum='5' AND c_uni_ca='3' AND c_asigna='311673' [1][0] OK
C:[16/08/2013 14:57:10.51][190.199.70.162][1312] SELECT horas_lab FROM tblaca008 WHERE c_asigna='311673' AND horas_teoricas > 0 [1][0] OK
C:[16/08/2013 14:58:15.78][190.73.129.244][1138] SELECT pre_cod_asig1,pre_cod_asig2,pre_cod_asig3,pre_cod_asig4,pre_cod_asig5,pre_cod_asig6,pre_cod_asig7 FROM tblaca009_p_int WHERE pensum='5' AND c_uni_ca='2' AND c_asigna='300116' [1][0] OK
C:[16/08/2013 14:58:15.46][190.73.129.244][1182] SELECT par_cod_asig1,par_cod_asig2,par_cod_asig3 FROM tblaca009_p_int WHERE pensum='5' AND c_uni_ca='2' AND c_asigna='300116' [1][0] OK
C:[16/08/2013 14:58:15.63][190.73.129.244][1312] SELECT horas_lab FROM tblaca008 WHERE c_asigna='300116' AND horas_teoricas > 0 [1][0] OK
C:[16/08/2013 14:59:19.33][190.200.19.128][1138] SELECT pre_cod_asig1,pre_cod_asig2,pre_cod_asig3,pre_cod_asig4,pre_cod_asig5,pre_cod_asig6,pre_cod_asig7 FROM tblaca009_p_int WHERE pensum='5' AND c_uni_ca='6' AND c_asigna='344733' [1][0] OK
C:[16/08/2013 14:59:19.99][190.200.19.128][1182] SELECT par_cod_asig1,par_cod_asig2,par_cod_asig3 FROM tblaca009_p_int WHERE pensum='5' AND c_uni_ca='6' AND c_asigna='344733' [1][0] OK
C:[16/08/2013 14:59:19.12][190.200.19.128][1312] SELECT horas_lab FROM tblaca008 WHERE c_asigna='344733' AND horas_teoricas > 0 [1][0] OK
C:[16/08/2013 14:59:26.95][190.198.224.132][1138] SELECT pre_cod_asig1,pre_cod_asig2,pre_cod_asig3,pre_cod_asig4,pre_cod_asig5,pre_cod_asig6,pre_cod_asig7 FROM tblaca009_p_int WHERE pensum='5' AND c_uni_ca='2' AND c_asigna='322550' [1][0] OK
C:[16/08/2013 14:59:26.95][190.198.224.132][1151] SELECT c_asigna FROM dace004 WHERE exp_e='09-23731560' AND c_asigna='322433' AND status IN ('0','3','B','C') [1][0] OK
C:[16/08/2013 14:59:26.95][190.198.224.132][1138] SELECT pre_cod_asig1,pre_cod_asig2,pre_cod_asig3,pre_cod_asig4,pre_cod_asig5,pre_cod_asig6,pre_cod_asig7 FROM tblaca009_p_int WHERE pensum='5' AND c_uni_ca='2' AND c_asigna='322780' [1][0] OK
C:[16/08/2013 14:59:26.95][190.198.224.132][1151] SELECT c_asigna FROM dace004 WHERE exp_e='09-23731560' AND c_asigna='322678' AND status IN ('0','3','B','C') [1][0] OK
C:[16/08/2013 14:59:27.00][190.198.224.132][1182] SELECT par_cod_asig1,par_cod_asig2,par_cod_asig3 FROM tblaca009_p_int WHERE pensum='5' AND c_uni_ca='2' AND c_asigna='322550' [1][0] OK
C:[16/08/2013 14:59:27.00][190.198.224.132][1182] SELECT par_cod_asig1,par_cod_asig2,par_cod_asig3 FROM tblaca009_p_int WHERE pensum='5' AND c_uni_ca='2' AND c_asigna='322780' [1][0] OK
C:[16/08/2013 14:59:27.27][190.198.224.132][1312] SELECT horas_lab FROM tblaca008 WHERE c_asigna='322550' AND horas_teoricas > 0 [1][0] OK
C:[16/08/2013 14:59:27.27][190.198.224.132][1312] SELECT horas_lab FROM tblaca008 WHERE c_asigna='322780' AND horas_teoricas > 0 [1][0] OK
C:[16/08/2013 14:59:29.71][190.142.187.46][1138] SELECT pre_cod_asig1,pre_cod_asig2,pre_cod_asig3,pre_cod_asig4,pre_cod_asig5,pre_cod_asig6,pre_cod_asig7 FROM tblaca009_p_int WHERE pensum='5' AND c_uni_ca='5' AND c_asigna='355691' [1][0] OK
C:[16/08/2013 14:59:29.71][190.142.187.46][1151] SELECT c_asigna FROM dace004 WHERE exp_e='08-19871046' AND c_asigna='355571' AND status IN ('0','3','B','C') [1][0] OK
C:[16/08/2013 14:59:29.96][190.142.187.46][1182] SELECT par_cod_asig1,par_cod_asig2,par_cod_asig3 FROM tblaca009_p_int WHERE pensum='5' AND c_uni_ca='5' AND c_asigna='355691' [1][0] OK
C:[16/08/2013 14:59:29.10][190.142.187.46][1312] SELECT horas_lab FROM tblaca008 WHERE c_asigna='355691' AND horas_teoricas > 0 [1][0] OK
C:[16/08/2013 14:59:34.10][190.201.175.202][1138] SELECT pre_cod_asig1,pre_cod_asig2,pre_cod_asig3,pre_cod_asig4,pre_cod_asig5,pre_cod_asig6,pre_cod_asig7 FROM tblaca009_p_int WHERE pensum='5' AND c_uni_ca='6' AND c_asigna='300226' [1][0] OK
C:[16/08/2013 14:59:34.10][190.201.175.202][1151] SELECT c_asigna FROM dace004 WHERE exp_e='10-21087904' AND c_asigna='300116' AND status IN ('0','3','B','C') [1][0] OK
C:[16/08/2013 14:59:34.33][190.201.175.202][1182] SELECT par_cod_asig1,par_cod_asig2,par_cod_asig3 FROM tblaca009_p_int WHERE pensum='5' AND c_uni_ca='6' AND c_asigna='300226' [1][0] OK
C:[16/08/2013 14:59:34.47][190.201.175.202][1312] SELECT horas_lab FROM tblaca008 WHERE c_asigna='300226' AND horas_teoricas > 0 [1][0] OK
C:[16/08/2013 14:59:35.29][190.201.175.202][1138] SELECT pre_cod_asig1,pre_cod_asig2,pre_cod_asig3,pre_cod_asig4,pre_cod_asig5,pre_cod_asig6,pre_cod_asig7 FROM tblaca009_p_int WHERE pensum='5' AND c_uni_ca='2' AND c_asigna='300112' [1][0] OK
C:[16/08/2013 14:59:35.32][190.201.175.202][1182] SELECT par_cod_asig1,par_cod_asig2,par_cod_asig3 FROM tblaca009_p_int WHERE pensum='5' AND c_uni_ca='2' AND c_asigna='300112' [1][0] OK
C:[16/08/2013 14:59:35.55][190.201.175.202][1312] SELECT horas_lab FROM tblaca008 WHERE c_asigna='300112' AND horas_teoricas > 0 [1][0] OK
C:[16/08/2013 14:59:50.79][190.201.175.202][1138] SELECT pre_cod_asig1,pre_cod_asig2,pre_cod_asig3,pre_cod_asig4,pre_cod_asig5,pre_cod_asig6,pre_cod_asig7 FROM tblaca009_p_int WHERE pensum='5' AND c_uni_ca='6' AND c_asigna='300207' [1][0] OK
C:[16/08/2013 14:59:50.79][190.201.175.202][1151] SELECT c_asigna FROM dace004 WHERE exp_e='06-19158427' AND c_asigna='300101' AND status IN ('0','3','B','C') [1][0] OK
C:[16/08/2013 14:59:50.60][190.201.175.202][1182] SELECT par_cod_asig1,par_cod_asig2,par_cod_asig3 FROM tblaca009_p_int WHERE pensum='5' AND c_uni_ca='6' AND c_asigna='300207' [1][0] OK
C:[16/08/2013 14:59:50.76][190.201.175.202][1312] SELECT horas_lab FROM tblaca008 WHERE c_asigna='300207' AND horas_teoricas > 0 [1][0] OK
C:[16/08/2013 14:59:56.32][186.167.242.169][1138] SELECT pre_cod_asig1,pre_cod_asig2,pre_cod_asig3,pre_cod_asig4,pre_cod_asig5,pre_cod_asig6,pre_cod_asig7 FROM tblaca009_p_int WHERE pensum='5' AND c_uni_ca='4' AND c_asigna='300101' [1][0] OK
C:[16/08/2013 14:59:56.45][186.167.242.169][1182] SELECT par_cod_asig1,par_cod_asig2,par_cod_asig3 FROM tblaca009_p_int WHERE pensum='5' AND c_uni_ca='4' AND c_asigna='300101' [1][0] OK
C:[16/08/2013 14:59:56.59][186.167.242.169][1312] SELECT horas_lab FROM tblaca008 WHERE c_asigna='300101' AND horas_teoricas > 0 [1][0] OK
C:[16/08/2013 15:00:00.34][190.205.15.176][1138] SELECT pre_cod_asig1,pre_cod_asig2,pre_cod_asig3,pre_cod_asig4,pre_cod_asig5,pre_cod_asig6,pre_cod_asig7 FROM tblaca009_p_int WHERE pensum='5' AND c_uni_ca='4' AND c_asigna='300116' [1][0] OK
C:[16/08/2013 15:00:00.45][190.205.15.176][1182] SELECT par_cod_asig1,par_cod_asig2,par_cod_asig3 FROM tblaca009_p_int WHERE pensum='5' AND c_uni_ca='4' AND c_asigna='300116' [1][0] OK
C:[16/08/2013 15:00:00.59][190.205.15.176][1312] SELECT horas_lab FROM tblaca008 WHERE c_asigna='300116' AND horas_teoricas > 0 [1][0] OK
C:[16/08/2013 15:00:32.94][190.201.175.202][1138] SELECT pre_cod_asig1,pre_cod_asig2,pre_cod_asig3,pre_cod_asig4,pre_cod_asig5,pre_cod_asig6,pre_cod_asig7 FROM tblaca009_p_int WHERE pensum='5' AND c_uni_ca='6' AND c_asigna='300101' [1][0] OK
C:[16/08/2013 15:00:32.63][190.201.175.202][1182] SELECT par_cod_asig1,par_cod_asig2,par_cod_asig3 FROM tblaca009_p_int WHERE pensum='5' AND c_uni_ca='6' AND c_asigna='300101' [1][0] OK
C:[16/08/2013 15:00:32.76][190.201.175.202][1312] SELECT horas_lab FROM tblaca008 WHERE c_asigna='300101' AND horas_teoricas > 0 [1][0] OK
C:[16/08/2013 15:01:14.03][190.198.224.132][1138] SELECT pre_cod_asig1,pre_cod_asig2,pre_cod_asig3,pre_cod_asig4,pre_cod_asig5,pre_cod_asig6,pre_cod_asig7 FROM tblaca009_p_int WHERE pensum='5' AND c_uni_ca='2' AND c_asigna='322449' [1][0] OK
C:[16/08/2013 15:01:14.03][190.198.224.132][1151] SELECT c_asigna FROM dace004 WHERE exp_e='09-24029089' AND c_asigna='300222' AND status IN ('0','3','B','C') [1][0] OK
C:[16/08/2013 15:01:14.85][190.198.224.132][1182] SELECT par_cod_asig1,par_cod_asig2,par_cod_asig3 FROM tblaca009_p_int WHERE pensum='5' AND c_uni_ca='2' AND c_asigna='322449' [1][0] OK
C:[16/08/2013 15:01:14.99][190.198.224.132][1312] SELECT horas_lab FROM tblaca008 WHERE c_asigna='322449' AND horas_teoricas > 0 [1][0] OK
C:[16/08/2013 15:01:30.60][190.201.175.202][1138] SELECT pre_cod_asig1,pre_cod_asig2,pre_cod_asig3,pre_cod_asig4,pre_cod_asig5,pre_cod_asig6,pre_cod_asig7 FROM tblaca009_p_int WHERE pensum='5' AND c_uni_ca='6' AND c_asigna='300226' [1][0] OK
C:[16/08/2013 15:01:30.60][190.201.175.202][1151] SELECT c_asigna FROM dace004 WHERE exp_e='10-20494450' AND c_asigna='300116' AND status IN ('0','3','B','C') [1][0] OK
C:[16/08/2013 15:01:30.41][190.201.175.202][1182] SELECT par_cod_asig1,par_cod_asig2,par_cod_asig3 FROM tblaca009_p_int WHERE pensum='5' AND c_uni_ca='6' AND c_asigna='300226' [1][0] OK
C:[16/08/2013 15:01:30.55][190.201.175.202][1312] SELECT horas_lab FROM tblaca008 WHERE c_asigna='300226' AND horas_teoricas > 0 [1][0] OK
C:[16/08/2013 15:02:49.91][190.73.251.59][1138] SELECT pre_cod_asig1,pre_cod_asig2,pre_cod_asig3,pre_cod_asig4,pre_cod_asig5,pre_cod_asig6,pre_cod_asig7 FROM tblaca009_p_int WHERE pensum='5' AND c_uni_ca='2' AND c_asigna='300101' [1][0] OK
C:[16/08/2013 15:02:49.15][190.73.251.59][1182] SELECT par_cod_asig1,par_cod_asig2,par_cod_asig3 FROM tblaca009_p_int WHERE pensum='5' AND c_uni_ca='2' AND c_asigna='300101' [1][0] OK
C:[16/08/2013 15:02:50.28][190.73.251.59][1312] SELECT horas_lab FROM tblaca008 WHERE c_asigna='300101' AND horas_teoricas > 0 [1][0] OK
C:[16/08/2013 15:03:16.20][190.198.254.168][1138] SELECT pre_cod_asig1,pre_cod_asig2,pre_cod_asig3,pre_cod_asig4,pre_cod_asig5,pre_cod_asig6,pre_cod_asig7 FROM tblaca009_p_int WHERE pensum='5' AND c_uni_ca='2' AND c_asigna='322559' [1][0] OK
C:[16/08/2013 15:03:16.20][190.198.254.168][1151] SELECT c_asigna FROM dace004 WHERE exp_e='07-18665362' AND c_asigna='300428' AND status IN ('0','3','B','C') [1][0] OK
C:[16/08/2013 15:03:16.20][190.198.254.168][1151] SELECT c_asigna FROM dace004 WHERE exp_e='07-18665362' AND c_asigna='322436' AND status IN ('0','3','B','C') [1][0] OK
C:[16/08/2013 15:03:16.02][190.198.254.168][1182] SELECT par_cod_asig1,par_cod_asig2,par_cod_asig3 FROM tblaca009_p_int WHERE pensum='5' AND c_uni_ca='2' AND c_asigna='322559' [1][0] OK
C:[16/08/2013 15:03:16.17][190.198.254.168][1312] SELECT horas_lab FROM tblaca008 WHERE c_asigna='322559' AND horas_teoricas > 0 [1][0] OK
C:[16/08/2013 15:03:19.60][190.201.175.202][1138] SELECT pre_cod_asig1,pre_cod_asig2,pre_cod_asig3,pre_cod_asig4,pre_cod_asig5,pre_cod_asig6,pre_cod_asig7 FROM tblaca009_p_int WHERE pensum='5' AND c_uni_ca='4' AND c_asigna='330310' [1][0] OK
C:[16/08/2013 15:03:19.60][190.201.175.202][1151] SELECT c_asigna FROM dace004 WHERE exp_e='09-22851243' AND c_asigna='300013' AND status IN ('0','3','B','C') [1][0] OK
C:[16/08/2013 15:03:19.60][190.201.175.202][1151] SELECT c_asigna FROM dace004 WHERE exp_e='09-22851243' AND c_asigna='300113' AND status IN ('0','3','B','C') [1][0] OK
C:[16/08/2013 15:03:19.98][190.201.175.202][1182] SELECT par_cod_asig1,par_cod_asig2,par_cod_asig3 FROM tblaca009_p_int WHERE pensum='5' AND c_uni_ca='4' AND c_asigna='330310' [1][0] OK
C:[16/08/2013 15:03:19.12][190.201.175.202][1312] SELECT horas_lab FROM tblaca008 WHERE c_asigna='330310' AND horas_teoricas > 0 [1][0] OK
C:[16/08/2013 15:03:22.78][190.201.175.202][1138] SELECT pre_cod_asig1,pre_cod_asig2,pre_cod_asig3,pre_cod_asig4,pre_cod_asig5,pre_cod_asig6,pre_cod_asig7 FROM tblaca009_p_int WHERE pensum='5' AND c_uni_ca='6' AND c_asigna='300317' [1][0] OK
C:[16/08/2013 15:03:22.78][190.201.175.202][1151] SELECT c_asigna FROM dace004 WHERE exp_e='08-20808723' AND c_asigna='300207' AND status IN ('0','3','B','C') [1][0] OK
C:[16/08/2013 15:03:22.78][190.201.175.202][1151] SELECT c_asigna FROM dace004 WHERE exp_e='08-20808723' AND c_asigna='300209' AND status IN ('0','3','B','C') [1][0] OK
C:[16/08/2013 15:03:22.16][190.201.175.202][1182] SELECT par_cod_asig1,par_cod_asig2,par_cod_asig3 FROM tblaca009_p_int WHERE pensum='5' AND c_uni_ca='6' AND c_asigna='300317' [1][0] OK
C:[16/08/2013 15:03:22.29][190.201.175.202][1312] SELECT horas_lab FROM tblaca008 WHERE c_asigna='300317' AND horas_teoricas > 0 [1][0] OK
C:[16/08/2013 15:03:32.21][186.167.243.89][1138] SELECT pre_cod_asig1,pre_cod_asig2,pre_cod_asig3,pre_cod_asig4,pre_cod_asig5,pre_cod_asig6,pre_cod_asig7 FROM tblaca009_p_int WHERE pensum='5' AND c_uni_ca='3' AND c_asigna='311551' [1][0] OK
C:[16/08/2013 15:03:32.21][186.167.243.89][1151] SELECT c_asigna FROM dace004 WHERE exp_e='09-21249112' AND c_asigna='311430' AND status IN ('0','3','B','C') [1][0] OK
C:[16/08/2013 15:03:32.21][186.167.243.89][1138] SELECT pre_cod_asig1,pre_cod_asig2,pre_cod_asig3,pre_cod_asig4,pre_cod_asig5,pre_cod_asig6,pre_cod_asig7 FROM tblaca009_p_int WHERE pensum='5' AND c_uni_ca='3' AND c_asigna='311556' [1][0] OK
C:[16/08/2013 15:03:32.21][186.167.243.89][1151] SELECT c_asigna FROM dace004 WHERE exp_e='09-21249112' AND c_asigna='311430' AND status IN ('0','3','B','C') [1][0] OK
C:[16/08/2013 15:03:32.28][186.167.243.89][1182] SELECT par_cod_asig1,par_cod_asig2,par_cod_asig3 FROM tblaca009_p_int WHERE pensum='5' AND c_uni_ca='3' AND c_asigna='311551' [1][0] OK
C:[16/08/2013 15:03:32.28][186.167.243.89][1182] SELECT par_cod_asig1,par_cod_asig2,par_cod_asig3 FROM tblaca009_p_int WHERE pensum='5' AND c_uni_ca='3' AND c_asigna='311556' [1][0] OK
C:[16/08/2013 15:03:32.54][186.167.243.89][1312] SELECT horas_lab FROM tblaca008 WHERE c_asigna='311551' AND horas_teoricas > 0 [1][0] OK
C:[16/08/2013 15:03:32.54][186.167.243.89][1312] SELECT horas_lab FROM tblaca008 WHERE c_asigna='311556' AND horas_teoricas > 0 [0][0] OK
C:[16/08/2013 15:03:37.41][190.201.175.202][1138] SELECT pre_cod_asig1,pre_cod_asig2,pre_cod_asig3,pre_cod_asig4,pre_cod_asig5,pre_cod_asig6,pre_cod_asig7 FROM tblaca009_p_int WHERE pensum='5' AND c_uni_ca='5' AND c_asigna='300207' [1][0] OK
C:[16/08/2013 15:03:37.41][190.201.175.202][1151] SELECT c_asigna FROM dace004 WHERE exp_e='10-20807443' AND c_asigna='300101' AND status IN ('0','3','B','C') [1][0] OK
C:[16/08/2013 15:03:37.41][190.201.175.202][1138] SELECT pre_cod_asig1,pre_cod_asig2,pre_cod_asig3,pre_cod_asig4,pre_cod_asig5,pre_cod_asig6,pre_cod_asig7 FROM tblaca009_p_int WHERE pensum='5' AND c_uni_ca='5' AND c_asigna='300209' [1][0] OK
C:[16/08/2013 15:03:37.41][190.201.175.202][1151] SELECT c_asigna FROM dace004 WHERE exp_e='10-20807443' AND c_asigna='300101' AND status IN ('0','3','B','C') [1][0] OK
C:[16/08/2013 15:03:37.93][190.201.175.202][1182] SELECT par_cod_asig1,par_cod_asig2,par_cod_asig3 FROM tblaca009_p_int WHERE pensum='5' AND c_uni_ca='5' AND c_asigna='300207' [1][0] OK
C:[16/08/2013 15:03:37.93][190.201.175.202][1182] SELECT par_cod_asig1,par_cod_asig2,par_cod_asig3 FROM tblaca009_p_int WHERE pensum='5' AND c_uni_ca='5' AND c_asigna='300209' [1][0] OK
C:[16/08/2013 15:03:37.29][190.201.175.202][1312] SELECT horas_lab FROM tblaca008 WHERE c_asigna='300207' AND horas_teoricas > 0 [1][0] OK
C:[16/08/2013 15:03:37.29][190.201.175.202][1312] SELECT horas_lab FROM tblaca008 WHERE c_asigna='300209' AND horas_teoricas > 0 [1][0] OK
C:[16/08/2013 15:04:03.94][190.207.36.22][1138] SELECT pre_cod_asig1,pre_cod_asig2,pre_cod_asig3,pre_cod_asig4,pre_cod_asig5,pre_cod_asig6,pre_cod_asig7 FROM tblaca009_p_int WHERE pensum='5' AND c_uni_ca='5' AND c_asigna='351451' [1][0] OK
C:[16/08/2013 15:04:03.94][190.207.36.22][1151] SELECT c_asigna FROM dace004 WHERE exp_e='09-20495730' AND c_asigna='351330' AND status IN ('0','3','B','C') [1][0] OK
C:[16/08/2013 15:04:03.94][190.207.36.22][1151] SELECT c_asigna FROM dace004 WHERE exp_e='09-20495730' AND c_asigna='355350' AND status IN ('0','3','B','C') [1][0] OK
C:[16/08/2013 15:04:03.94][190.207.36.22][1151] SELECT c_asigna FROM dace004 WHERE exp_e='09-20495730' AND c_asigna='300318' AND status IN ('0','3','B','C') [1][0] OK
C:[16/08/2013 15:04:03.09][190.207.36.22][1182] SELECT par_cod_asig1,par_cod_asig2,par_cod_asig3 FROM tblaca009_p_int WHERE pensum='5' AND c_uni_ca='5' AND c_asigna='351451' [1][0] OK
C:[16/08/2013 15:04:03.17][190.207.36.22][1312] SELECT horas_lab FROM tblaca008 WHERE c_asigna='351451' AND horas_teoricas > 0 [1][0] OK
C:[16/08/2013 15:04:11.59][190.206.58.80][1138] SELECT pre_cod_asig1,pre_cod_asig2,pre_cod_asig3,pre_cod_asig4,pre_cod_asig5,pre_cod_asig6,pre_cod_asig7 FROM tblaca009_p_int WHERE pensum='5' AND c_uni_ca='2' AND c_asigna='300428' [1][0] OK
C:[16/08/2013 15:04:11.59][190.206.58.80][1151] SELECT c_asigna FROM dace004 WHERE exp_e='11-21111050' AND c_asigna='300317' AND status IN ('0','3','B','C') [1][0] OK
C:[16/08/2013 15:04:11.89][190.206.58.80][1182] SELECT par_cod_asig1,par_cod_asig2,par_cod_asig3 FROM tblaca009_p_int WHERE pensum='5' AND c_uni_ca='2' AND c_asigna='300428' [1][0] OK
C:[16/08/2013 15:04:11.98][190.206.58.80][1312] SELECT horas_lab FROM tblaca008 WHERE c_asigna='300428' AND horas_teoricas > 0 [1][0] OK
C:[16/08/2013 15:04:20.99][190.201.175.202][1138] SELECT pre_cod_asig1,pre_cod_asig2,pre_cod_asig3,pre_cod_asig4,pre_cod_asig5,pre_cod_asig6,pre_cod_asig7 FROM tblaca009_p_int WHERE pensum='5' AND c_uni_ca='5' AND c_asigna='300207' [1][0] OK
C:[16/08/2013 15:04:20.99][190.201.175.202][1151] SELECT c_asigna FROM dace004 WHERE exp_e='12-19157745' AND c_asigna='300101' AND status IN ('0','3','B','C') [1][0] OK
C:[16/08/2013 15:04:20.80][190.201.175.202][1182] SELECT par_cod_asig1,par_cod_asig2,par_cod_asig3 FROM tblaca009_p_int WHERE pensum='5' AND c_uni_ca='5' AND c_asigna='300207' [1][0] OK
C:[16/08/2013 15:04:20.94][190.201.175.202][1312] SELECT horas_lab FROM tblaca008 WHERE c_asigna='300207' AND horas_teoricas > 0 [1][0] OK
C:[16/08/2013 15:04:33.28][186.88.98.107][1138] SELECT pre_cod_asig1,pre_cod_asig2,pre_cod_asig3,pre_cod_asig4,pre_cod_asig5,pre_cod_asig6,pre_cod_asig7 FROM tblaca009_p_int WHERE pensum='5' AND c_uni_ca='4' AND c_asigna='300317' [1][0] OK
C:[16/08/2013 15:04:33.28][186.88.98.107][1151] SELECT c_asigna FROM dace004 WHERE exp_e='10-20807799' AND c_asigna='300207' AND status IN ('0','3','B','C') [1][0] OK
C:[16/08/2013 15:04:33.28][186.88.98.107][1151] SELECT c_asigna FROM dace004 WHERE exp_e='10-20807799' AND c_asigna='300209' AND status IN ('0','3','B','C') [1][0] OK
C:[16/08/2013 15:04:34.22][186.88.98.107][1182] SELECT par_cod_asig1,par_cod_asig2,par_cod_asig3 FROM tblaca009_p_int WHERE pensum='5' AND c_uni_ca='4' AND c_asigna='300317' [1][0] OK
C:[16/08/2013 15:04:34.36][186.88.98.107][1312] SELECT horas_lab FROM tblaca008 WHERE c_asigna='300317' AND horas_teoricas > 0 [1][0] OK
C:[16/08/2013 15:05:03.55][186.88.134.89][1138] SELECT pre_cod_asig1,pre_cod_asig2,pre_cod_asig3,pre_cod_asig4,pre_cod_asig5,pre_cod_asig6,pre_cod_asig7 FROM tblaca009_p_int WHERE pensum='5' AND c_uni_ca='5' AND c_asigna='355696' [1][0] OK
C:[16/08/2013 15:05:03.55][186.88.134.89][1151] SELECT c_asigna FROM dace004 WHERE exp_e='10-20886426' AND c_asigna='355570' AND status IN ('0','3','B','C') [1][0] OK
C:[16/08/2013 15:05:03.55][186.88.134.89][1151] SELECT c_asigna FROM dace004 WHERE exp_e='10-20886426' AND c_asigna='355571' AND status IN ('0','3','B','C') [1][0] OK
C:[16/08/2013 15:05:03.48][186.88.134.89][1182] SELECT par_cod_asig1,par_cod_asig2,par_cod_asig3 FROM tblaca009_p_int WHERE pensum='5' AND c_uni_ca='5' AND c_asigna='355696' [1][0] OK
C:[16/08/2013 15:05:03.63][186.88.134.89][1312] SELECT horas_lab FROM tblaca008 WHERE c_asigna='355696' AND horas_teoricas > 0 [1][0] OK
C:[16/08/2013 15:05:06.50][201.243.117.167][1138] SELECT pre_cod_asig1,pre_cod_asig2,pre_cod_asig3,pre_cod_asig4,pre_cod_asig5,pre_cod_asig6,pre_cod_asig7 FROM tblaca009_p_int WHERE pensum='5' AND c_uni_ca='6' AND c_asigna='300209' [1][0] OK
C:[16/08/2013 15:05:06.50][201.243.117.167][1151] SELECT c_asigna FROM dace004 WHERE exp_e='12-24963701' AND c_asigna='300101' AND status IN ('0','3','B','C') [1][0] OK
C:[16/08/2013 15:05:06.83][201.243.117.167][1182] SELECT par_cod_asig1,par_cod_asig2,par_cod_asig3 FROM tblaca009_p_int WHERE pensum='5' AND c_uni_ca='6' AND c_asigna='300209' [1][0] OK
C:[16/08/2013 15:05:06.87][201.243.117.167][1312] SELECT horas_lab FROM tblaca008 WHERE c_asigna='300209' AND horas_teoricas > 0 [1][0] OK
C:[16/08/2013 15:05:35.91][172.17.148.26][1138] SELECT pre_cod_asig1,pre_cod_asig2,pre_cod_asig3,pre_cod_asig4,pre_cod_asig5,pre_cod_asig6,pre_cod_asig7 FROM tblaca009_p_int WHERE pensum='5' AND c_uni_ca='6' AND c_asigna='344688' [1][0] OK
C:[16/08/2013 15:05:35.91][172.17.148.26][1151] SELECT c_asigna FROM dace004 WHERE exp_e='95-13807381' AND c_asigna='344565' AND status IN ('0','3','B','C') [1][0] OK
C:[16/08/2013 15:05:35.72][172.17.148.26][1182] SELECT par_cod_asig1,par_cod_asig2,par_cod_asig3 FROM tblaca009_p_int WHERE pensum='5' AND c_uni_ca='6' AND c_asigna='344688' [1][0] OK
C:[16/08/2013 15:05:35.86][172.17.148.26][1312] SELECT horas_lab FROM tblaca008 WHERE c_asigna='344688' AND horas_teoricas > 0 [1][0] OK
C:[16/08/2013 15:05:43.44][190.75.176.68][1138] SELECT pre_cod_asig1,pre_cod_asig2,pre_cod_asig3,pre_cod_asig4,pre_cod_asig5,pre_cod_asig6,pre_cod_asig7 FROM tblaca009_p_int WHERE pensum='5' AND c_uni_ca='4' AND c_asigna='300101' [1][0] OK
C:[16/08/2013 15:05:43.58][190.75.176.68][1182] SELECT par_cod_asig1,par_cod_asig2,par_cod_asig3 FROM tblaca009_p_int WHERE pensum='5' AND c_uni_ca='4' AND c_asigna='300101' [1][0] OK
C:[16/08/2013 15:05:43.71][190.75.176.68][1312] SELECT horas_lab FROM tblaca008 WHERE c_asigna='300101' AND horas_teoricas > 0 [1][0] OK
C:[16/08/2013 15:06:27.61][190.201.175.202][1138] SELECT pre_cod_asig1,pre_cod_asig2,pre_cod_asig3,pre_cod_asig4,pre_cod_asig5,pre_cod_asig6,pre_cod_asig7 FROM tblaca009_p_int WHERE pensum='5' AND c_uni_ca='2' AND c_asigna='300209' [1][0] OK
C:[16/08/2013 15:06:27.61][190.201.175.202][1151] SELECT c_asigna FROM dace004 WHERE exp_e='06-18916670' AND c_asigna='300101' AND status IN ('0','3','B','C') [1][0] OK
C:[16/08/2013 15:06:27.43][190.201.175.202][1182] SELECT par_cod_asig1,par_cod_asig2,par_cod_asig3 FROM tblaca009_p_int WHERE pensum='5' AND c_uni_ca='2' AND c_asigna='300209' [1][0] OK
C:[16/08/2013 15:06:27.57][190.201.175.202][1312] SELECT horas_lab FROM tblaca008 WHERE c_asigna='300209' AND horas_teoricas > 0 [1][0] OK
C:[16/08/2013 15:07:12.00][190.207.40.188][1138] SELECT pre_cod_asig1,pre_cod_asig2,pre_cod_asig3,pre_cod_asig4,pre_cod_asig5,pre_cod_asig6,pre_cod_asig7 FROM tblaca009_p_int WHERE pensum='5' AND c_uni_ca='3' AND c_asigna='300317' [1][0] OK
C:[16/08/2013 15:07:12.00][190.207.40.188][1151] SELECT c_asigna FROM dace004 WHERE exp_e='11-21197261' AND c_asigna='300207' AND status IN ('0','3','B','C') [1][0] OK
C:[16/08/2013 15:07:12.00][190.207.40.188][1151] SELECT c_asigna FROM dace004 WHERE exp_e='11-21197261' AND c_asigna='300209' AND status IN ('0','3','B','C') [1][0] OK
C:[16/08/2013 15:07:13.93][190.207.40.188][1182] SELECT par_cod_asig1,par_cod_asig2,par_cod_asig3 FROM tblaca009_p_int WHERE pensum='5' AND c_uni_ca='3' AND c_asigna='300317' [1][0] OK
C:[16/08/2013 15:07:13.07][190.207.40.188][1312] SELECT horas_lab FROM tblaca008 WHERE c_asigna='300317' AND horas_teoricas > 0 [1][0] OK
C:[16/08/2013 15:07:18.80][186.167.243.89][1138] SELECT pre_cod_asig1,pre_cod_asig2,pre_cod_asig3,pre_cod_asig4,pre_cod_asig5,pre_cod_asig6,pre_cod_asig7 FROM tblaca009_p_int WHERE pensum='5' AND c_uni_ca='4' AND c_asigna='333683' [1][0] OK
C:[16/08/2013 15:07:18.80][186.167.243.89][1151] SELECT c_asigna FROM dace004 WHERE exp_e='09-21236106' AND c_asigna='333564' AND status IN ('0','3','B','C') [1][0] OK
C:[16/08/2013 15:07:18.04][186.167.243.89][1182] SELECT par_cod_asig1,par_cod_asig2,par_cod_asig3 FROM tblaca009_p_int WHERE pensum='5' AND c_uni_ca='4' AND c_asigna='333683' [1][0] OK
C:[16/08/2013 15:07:18.18][186.167.243.89][1312] SELECT horas_lab FROM tblaca008 WHERE c_asigna='333683' AND horas_teoricas > 0 [1][0] OK
C:[16/08/2013 15:07:29.28][190.207.36.22][1138] SELECT pre_cod_asig1,pre_cod_asig2,pre_cod_asig3,pre_cod_asig4,pre_cod_asig5,pre_cod_asig6,pre_cod_asig7 FROM tblaca009_p_int WHERE pensum='5' AND c_uni_ca='5' AND c_asigna='351451' [1][0] OK
C:[16/08/2013 15:07:29.28][190.207.36.22][1151] SELECT c_asigna FROM dace004 WHERE exp_e='10-20994954' AND c_asigna='351330' AND status IN ('0','3','B','C') [1][0] OK
C:[16/08/2013 15:07:29.28][190.207.36.22][1151] SELECT c_asigna FROM dace004 WHERE exp_e='10-20994954' AND c_asigna='355350' AND status IN ('0','3','B','C') [1][0] OK
C:[16/08/2013 15:07:29.28][190.207.36.22][1151] SELECT c_asigna FROM dace004 WHERE exp_e='10-20994954' AND c_asigna='300318' AND status IN ('0','3','B','C') [1][0] OK
C:[16/08/2013 15:07:29.28][190.207.36.22][1138] SELECT pre_cod_asig1,pre_cod_asig2,pre_cod_asig3,pre_cod_asig4,pre_cod_asig5,pre_cod_asig6,pre_cod_asig7 FROM tblaca009_p_int WHERE pensum='5' AND c_uni_ca='5' AND c_asigna='355571' [1][0] OK
C:[16/08/2013 15:07:29.28][190.207.36.22][1151] SELECT c_asigna FROM dace004 WHERE exp_e='10-20994954' AND c_asigna='355447' AND status IN ('0','3','B','C') [1][0] OK
C:[16/08/2013 15:07:29.28][190.207.36.22][1138] SELECT pre_cod_asig1,pre_cod_asig2,pre_cod_asig3,pre_cod_asig4,pre_cod_asig5,pre_cod_asig6,pre_cod_asig7 FROM tblaca009_p_int WHERE pensum='5' AND c_uni_ca='5' AND c_asigna='355573' [1][0] OK
C:[16/08/2013 15:07:29.28][190.207.36.22][1151] SELECT c_asigna FROM dace004 WHERE exp_e='10-20994954' AND c_asigna='355448' AND status IN ('0','3','B','C') [1][0] OK
C:[16/08/2013 15:07:29.85][190.207.36.22][1182] SELECT par_cod_asig1,par_cod_asig2,par_cod_asig3 FROM tblaca009_p_int WHERE pensum='5' AND c_uni_ca='5' AND c_asigna='351451' [1][0] OK
C:[16/08/2013 15:07:29.85][190.207.36.22][1182] SELECT par_cod_asig1,par_cod_asig2,par_cod_asig3 FROM tblaca009_p_int WHERE pensum='5' AND c_uni_ca='5' AND c_asigna='355571' [1][0] OK
C:[16/08/2013 15:07:29.85][190.207.36.22][1182] SELECT par_cod_asig1,par_cod_asig2,par_cod_asig3 FROM tblaca009_p_int WHERE pensum='5' AND c_uni_ca='5' AND c_asigna='355573' [1][0] OK
C:[16/08/2013 15:07:29.25][190.207.36.22][1312] SELECT horas_lab FROM tblaca008 WHERE c_asigna='351451' AND horas_teoricas > 0 [1][0] OK
C:[16/08/2013 15:07:29.25][190.207.36.22][1312] SELECT horas_lab FROM tblaca008 WHERE c_asigna='355571' AND horas_teoricas > 0 [1][0] OK
C:[16/08/2013 15:07:29.25][190.207.36.22][1312] SELECT horas_lab FROM tblaca008 WHERE c_asigna='355573' AND horas_teoricas > 0 [1][0] OK
C:[16/08/2013 15:09:03.26][190.37.105.66][1138] SELECT pre_cod_asig1,pre_cod_asig2,pre_cod_asig3,pre_cod_asig4,pre_cod_asig5,pre_cod_asig6,pre_cod_asig7 FROM tblaca009_p_int WHERE pensum='5' AND c_uni_ca='5' AND c_asigna='300013' [1][0] OK
C:[16/08/2013 15:09:03.07][190.37.105.66][1182] SELECT par_cod_asig1,par_cod_asig2,par_cod_asig3 FROM tblaca009_p_int WHERE pensum='5' AND c_uni_ca='5' AND c_asigna='300013' [1][0] OK
C:[16/08/2013 15:09:03.21][190.37.105.66][1312] SELECT horas_lab FROM tblaca008 WHERE c_asigna='300013' AND horas_teoricas > 0 [1][0] OK
C:[16/08/2013 15:09:58.11][190.201.175.202][1138] SELECT pre_cod_asig1,pre_cod_asig2,pre_cod_asig3,pre_cod_asig4,pre_cod_asig5,pre_cod_asig6,pre_cod_asig7 FROM tblaca009_p_int WHERE pensum='5' AND c_uni_ca='2' AND c_asigna='300209' [1][0] OK
C:[16/08/2013 15:09:58.11][190.201.175.202][1151] SELECT c_asigna FROM dace004 WHERE exp_e='11-24033177' AND c_asigna='300101' AND status IN ('0','3','B','C') [1][0] OK
C:[16/08/2013 15:09:58.91][190.201.175.202][1182] SELECT par_cod_asig1,par_cod_asig2,par_cod_asig3 FROM tblaca009_p_int WHERE pensum='5' AND c_uni_ca='2' AND c_asigna='300209' [1][0] OK
C:[16/08/2013 15:09:58.04][190.201.175.202][1312] SELECT horas_lab FROM tblaca008 WHERE c_asigna='300209' AND horas_teoricas > 0 [1][0] OK
C:[16/08/2013 15:10:18.69][186.90.126.7][1138] SELECT pre_cod_asig1,pre_cod_asig2,pre_cod_asig3,pre_cod_asig4,pre_cod_asig5,pre_cod_asig6,pre_cod_asig7 FROM tblaca009_p_int WHERE pensum='5' AND c_uni_ca='2' AND c_asigna='322550' [1][0] OK
C:[16/08/2013 15:10:18.69][186.90.126.7][1151] SELECT c_asigna FROM dace004 WHERE exp_e='06-19622607' AND c_asigna='322433' AND status IN ('0','3','B','C') [1][0] OK
C:[16/08/2013 15:10:18.69][186.90.126.7][1138] SELECT pre_cod_asig1,pre_cod_asig2,pre_cod_asig3,pre_cod_asig4,pre_cod_asig5,pre_cod_asig6,pre_cod_asig7 FROM tblaca009_p_int WHERE pensum='5' AND c_uni_ca='2' AND c_asigna='322605' [1][0] OK
C:[16/08/2013 15:10:18.69][186.90.126.7][1151] SELECT c_asigna FROM dace004 WHERE exp_e='06-19622607' AND c_asigna='322436' AND status IN ('0','3','B','C') [1][0] OK
C:[16/08/2013 15:10:18.69][186.90.126.7][1138] SELECT pre_cod_asig1,pre_cod_asig2,pre_cod_asig3,pre_cod_asig4,pre_cod_asig5,pre_cod_asig6,pre_cod_asig7 FROM tblaca009_p_int WHERE pensum='5' AND c_uni_ca='2' AND c_asigna='322678' [1][0] OK
C:[16/08/2013 15:10:18.69][186.90.126.7][1151] SELECT c_asigna FROM dace004 WHERE exp_e='06-19622607' AND c_asigna='322559' AND status IN ('0','3','B','C') [1][0] OK
C:[16/08/2013 15:10:18.23][186.90.126.7][1182] SELECT par_cod_asig1,par_cod_asig2,par_cod_asig3 FROM tblaca009_p_int WHERE pensum='5' AND c_uni_ca='2' AND c_asigna='322550' [1][0] OK
C:[16/08/2013 15:10:18.23][186.90.126.7][1182] SELECT par_cod_asig1,par_cod_asig2,par_cod_asig3 FROM tblaca009_p_int WHERE pensum='5' AND c_uni_ca='2' AND c_asigna='322605' [1][0] OK
C:[16/08/2013 15:10:18.23][186.90.126.7][1182] SELECT par_cod_asig1,par_cod_asig2,par_cod_asig3 FROM tblaca009_p_int WHERE pensum='5' AND c_uni_ca='2' AND c_asigna='322678' [1][0] OK
C:[16/08/2013 15:10:18.77][186.90.126.7][1312] SELECT horas_lab FROM tblaca008 WHERE c_asigna='322550' AND horas_teoricas > 0 [1][0] OK
C:[16/08/2013 15:10:18.77][186.90.126.7][1312] SELECT horas_lab FROM tblaca008 WHERE c_asigna='322605' AND horas_teoricas > 0 [1][0] OK
C:[16/08/2013 15:10:18.77][186.90.126.7][1312] SELECT horas_lab FROM tblaca008 WHERE c_asigna='322678' AND horas_teoricas > 0 [1][0] OK
C:[16/08/2013 15:11:00.70][190.204.99.55][1138] SELECT pre_cod_asig1,pre_cod_asig2,pre_cod_asig3,pre_cod_asig4,pre_cod_asig5,pre_cod_asig6,pre_cod_asig7 FROM tblaca009_p_int WHERE pensum='5' AND c_uni_ca='5' AND c_asigna='300013' [1][0] OK
C:[16/08/2013 15:11:01.48][190.204.99.55][1182] SELECT par_cod_asig1,par_cod_asig2,par_cod_asig3 FROM tblaca009_p_int WHERE pensum='5' AND c_uni_ca='5' AND c_asigna='300013' [1][0] OK
C:[16/08/2013 15:11:01.60][190.204.99.55][1312] SELECT horas_lab FROM tblaca008 WHERE c_asigna='300013' AND horas_teoricas > 0 [1][0] OK
C:[16/08/2013 15:11:24.45][186.88.162.208][1138] SELECT pre_cod_asig1,pre_cod_asig2,pre_cod_asig3,pre_cod_asig4,pre_cod_asig5,pre_cod_asig6,pre_cod_asig7 FROM tblaca009_p_int WHERE pensum='5' AND c_uni_ca='2' AND c_asigna='300101' [1][0] OK
C:[16/08/2013 15:11:24.21][186.88.162.208][1182] SELECT par_cod_asig1,par_cod_asig2,par_cod_asig3 FROM tblaca009_p_int WHERE pensum='5' AND c_uni_ca='2' AND c_asigna='300101' [1][0] OK
C:[16/08/2013 15:11:24.26][186.88.162.208][1312] SELECT horas_lab FROM tblaca008 WHERE c_asigna='300101' AND horas_teoricas > 0 [1][0] OK
C:[16/08/2013 15:12:14.10][190.201.175.202][1138] SELECT pre_cod_asig1,pre_cod_asig2,pre_cod_asig3,pre_cod_asig4,pre_cod_asig5,pre_cod_asig6,pre_cod_asig7 FROM tblaca009_p_int WHERE pensum='5' AND c_uni_ca='2' AND c_asigna='300013' [1][0] OK
C:[16/08/2013 15:12:14.79][190.201.175.202][1182] SELECT par_cod_asig1,par_cod_asig2,par_cod_asig3 FROM tblaca009_p_int WHERE pensum='5' AND c_uni_ca='2' AND c_asigna='300013' [1][0] OK
C:[16/08/2013 15:12:14.93][190.201.175.202][1312] SELECT horas_lab FROM tblaca008 WHERE c_asigna='300013' AND horas_teoricas > 0 [1][0] OK
C:[16/08/2013 15:13:33.29][172.16.4.254][1138] SELECT pre_cod_asig1,pre_cod_asig2,pre_cod_asig3,pre_cod_asig4,pre_cod_asig5,pre_cod_asig6,pre_cod_asig7 FROM tblaca009_p_int WHERE pensum='5' AND c_uni_ca='6' AND c_asigna='300105' [1][0] OK
C:[16/08/2013 15:13:33.29][172.16.4.254][1138] SELECT pre_cod_asig1,pre_cod_asig2,pre_cod_asig3,pre_cod_asig4,pre_cod_asig5,pre_cod_asig6,pre_cod_asig7 FROM tblaca009_p_int WHERE pensum='5' AND c_uni_ca='6' AND c_asigna='300226' [1][0] OK
C:[16/08/2013 15:13:33.29][172.16.4.254][1151] SELECT c_asigna FROM dace004 WHERE exp_e='12-22833429' AND c_asigna='300116' AND status IN ('0','3','B','C') [1][0] OK
C:[16/08/2013 15:13:33.22][172.16.4.254][1182] SELECT par_cod_asig1,par_cod_asig2,par_cod_asig3 FROM tblaca009_p_int WHERE pensum='5' AND c_uni_ca='6' AND c_asigna='300105' [1][0] OK
C:[16/08/2013 15:13:33.22][172.16.4.254][1182] SELECT par_cod_asig1,par_cod_asig2,par_cod_asig3 FROM tblaca009_p_int WHERE pensum='5' AND c_uni_ca='6' AND c_asigna='300226' [1][0] OK
C:[16/08/2013 15:13:33.49][172.16.4.254][1312] SELECT horas_lab FROM tblaca008 WHERE c_asigna='300105' AND horas_teoricas > 0 [1][0] OK
C:[16/08/2013 15:13:33.49][172.16.4.254][1312] SELECT horas_lab FROM tblaca008 WHERE c_asigna='300226' AND horas_teoricas > 0 [1][0] OK
C:[16/08/2013 15:13:35.43][186.167.243.84][1138] SELECT pre_cod_asig1,pre_cod_asig2,pre_cod_asig3,pre_cod_asig4,pre_cod_asig5,pre_cod_asig6,pre_cod_asig7 FROM tblaca009_p_int WHERE pensum='5' AND c_uni_ca='4' AND c_asigna='333639' [1][0] OK
C:[16/08/2013 15:13:35.43][186.167.243.84][1151] SELECT c_asigna FROM dace004 WHERE exp_e='06-18247068' AND c_asigna='333585' AND status IN ('0','3','B','C') [1][0] OK
C:[16/08/2013 15:13:35.67][186.167.243.84][1182] SELECT par_cod_asig1,par_cod_asig2,par_cod_asig3 FROM tblaca009_p_int WHERE pensum='5' AND c_uni_ca='4' AND c_asigna='333639' [1][0] OK
C:[16/08/2013 15:13:35.82][186.167.243.84][1312] SELECT horas_lab FROM tblaca008 WHERE c_asigna='333639' AND horas_teoricas > 0 [1][0] OK
C:[16/08/2013 15:14:15.50][190.198.17.119][1138] SELECT pre_cod_asig1,pre_cod_asig2,pre_cod_asig3,pre_cod_asig4,pre_cod_asig5,pre_cod_asig6,pre_cod_asig7 FROM tblaca009_p_int WHERE pensum='5' AND c_uni_ca='5' AND c_asigna='300101' [1][0] OK
C:[16/08/2013 15:14:15.19][190.198.17.119][1182] SELECT par_cod_asig1,par_cod_asig2,par_cod_asig3 FROM tblaca009_p_int WHERE pensum='5' AND c_uni_ca='5' AND c_asigna='300101' [1][0] OK
C:[16/08/2013 15:14:15.33][190.198.17.119][1312] SELECT horas_lab FROM tblaca008 WHERE c_asigna='300101' AND horas_teoricas > 0 [1][0] OK
C:[16/08/2013 15:14:33.13][190.78.108.241][1138] SELECT pre_cod_asig1,pre_cod_asig2,pre_cod_asig3,pre_cod_asig4,pre_cod_asig5,pre_cod_asig6,pre_cod_asig7 FROM tblaca009_p_int WHERE pensum='5' AND c_uni_ca='6' AND c_asigna='344688' [1][0] OK
C:[16/08/2013 15:14:33.13][190.78.108.241][1151] SELECT c_asigna FROM dace004 WHERE exp_e='07-18667156' AND c_asigna='344565' AND status IN ('0','3','B','C') [1][0] OK
C:[16/08/2013 15:14:33.02][190.78.108.241][1182] SELECT par_cod_asig1,par_cod_asig2,par_cod_asig3 FROM tblaca009_p_int WHERE pensum='5' AND c_uni_ca='6' AND c_asigna='344688' [1][0] OK
C:[16/08/2013 15:14:33.16][190.78.108.241][1312] SELECT horas_lab FROM tblaca008 WHERE c_asigna='344688' AND horas_teoricas > 0 [1][0] OK
C:[16/08/2013 15:14:59.59][190.73.246.149][1138] SELECT pre_cod_asig1,pre_cod_asig2,pre_cod_asig3,pre_cod_asig4,pre_cod_asig5,pre_cod_asig6,pre_cod_asig7 FROM tblaca009_p_int WHERE pensum='5' AND c_uni_ca='2' AND c_asigna='322702' [1][0] OK
C:[16/08/2013 15:14:59.59][190.73.246.149][1151] SELECT c_asigna FROM dace004 WHERE exp_e='08-21339976' AND c_asigna='322683' AND status IN ('0','3','B','C') [1][0] OK
C:[16/08/2013 15:14:59.41][190.73.246.149][1182] SELECT par_cod_asig1,par_cod_asig2,par_cod_asig3 FROM tblaca009_p_int WHERE pensum='5' AND c_uni_ca='2' AND c_asigna='322702' [1][0] OK
C:[16/08/2013 15:14:59.54][190.73.246.149][1312] SELECT horas_lab FROM tblaca008 WHERE c_asigna='322702' AND horas_teoricas > 0 [1][0] OK
C:[16/08/2013 15:15:57.66][186.167.243.122][1138] SELECT pre_cod_asig1,pre_cod_asig2,pre_cod_asig3,pre_cod_asig4,pre_cod_asig5,pre_cod_asig6,pre_cod_asig7 FROM tblaca009_p_int WHERE pensum='5' AND c_uni_ca='4' AND c_asigna='300956' [1][0] OK
C:[16/08/2013 15:15:57.66][186.167.243.122][1151] SELECT c_asigna FROM dace004 WHERE exp_e='08-22590533' AND c_asigna='300422' AND status IN ('0','3','B','C') [1][0] OK
C:[16/08/2013 15:15:57.48][186.167.243.122][1182] SELECT par_cod_asig1,par_cod_asig2,par_cod_asig3 FROM tblaca009_p_int WHERE pensum='5' AND c_uni_ca='4' AND c_asigna='300956' [1][0] OK
C:[16/08/2013 15:15:57.61][186.167.243.122][1312] SELECT horas_lab FROM tblaca008 WHERE c_asigna='300956' AND horas_teoricas > 0 [1][0] OK
C:[16/08/2013 15:16:05.14][190.198.239.61][1138] SELECT pre_cod_asig1,pre_cod_asig2,pre_cod_asig3,pre_cod_asig4,pre_cod_asig5,pre_cod_asig6,pre_cod_asig7 FROM tblaca009_p_int WHERE pensum='5' AND c_uni_ca='2' AND c_asigna='300101' [1][0] OK
C:[16/08/2013 15:16:05.14][190.198.239.61][1138] SELECT pre_cod_asig1,pre_cod_asig2,pre_cod_asig3,pre_cod_asig4,pre_cod_asig5,pre_cod_asig6,pre_cod_asig7 FROM tblaca009_p_int WHERE pensum='5' AND c_uni_ca='2' AND c_asigna='300112' [1][0] OK
C:[16/08/2013 15:16:05.38][190.198.239.61][1182] SELECT par_cod_asig1,par_cod_asig2,par_cod_asig3 FROM tblaca009_p_int WHERE pensum='5' AND c_uni_ca='2' AND c_asigna='300101' [1][0] OK
C:[16/08/2013 15:16:05.38][190.198.239.61][1182] SELECT par_cod_asig1,par_cod_asig2,par_cod_asig3 FROM tblaca009_p_int WHERE pensum='5' AND c_uni_ca='2' AND c_asigna='300112' [1][0] OK
C:[16/08/2013 15:16:05.65][190.198.239.61][1312] SELECT horas_lab FROM tblaca008 WHERE c_asigna='300101' AND horas_teoricas > 0 [1][0] OK
C:[16/08/2013 15:16:05.65][190.198.239.61][1312] SELECT horas_lab FROM tblaca008 WHERE c_asigna='300112' AND horas_teoricas > 0 [1][0] OK
C:[16/08/2013 15:16:44.90][190.37.35.224][1138] SELECT pre_cod_asig1,pre_cod_asig2,pre_cod_asig3,pre_cod_asig4,pre_cod_asig5,pre_cod_asig6,pre_cod_asig7 FROM tblaca009_p_int WHERE pensum='5' AND c_uni_ca='6' AND c_asigna='344687' [1][0] OK
C:[16/08/2013 15:16:44.90][190.37.35.224][1151] SELECT c_asigna FROM dace004 WHERE exp_e='07-20222499' AND c_asigna='344565' AND status IN ('0','3','B','C') [1][0] OK
C:[16/08/2013 15:16:44.90][190.37.35.224][1138] SELECT pre_cod_asig1,pre_cod_asig2,pre_cod_asig3,pre_cod_asig4,pre_cod_asig5,pre_cod_asig6,pre_cod_asig7 FROM tblaca009_p_int WHERE pensum='5' AND c_uni_ca='6' AND c_asigna='344715' [1][0] OK
C:[16/08/2013 15:16:44.90][190.37.35.224][1151] SELECT c_asigna FROM dace004 WHERE exp_e='07-20222499' AND c_asigna='344688' AND status IN ('0','3','B','C') [1][0] OK
C:[16/08/2013 15:16:44.90][190.37.35.224][1151] SELECT c_asigna FROM dace004 WHERE exp_e='07-20222499' AND c_asigna='344613' AND status IN ('0','3','B','C') [1][0] OK
C:[16/08/2013 15:16:45.07][190.37.35.224][1182] SELECT par_cod_asig1,par_cod_asig2,par_cod_asig3 FROM tblaca009_p_int WHERE pensum='5' AND c_uni_ca='6' AND c_asigna='344687' [1][0] OK
C:[16/08/2013 15:16:45.07][190.37.35.224][1182] SELECT par_cod_asig1,par_cod_asig2,par_cod_asig3 FROM tblaca009_p_int WHERE pensum='5' AND c_uni_ca='6' AND c_asigna='344715' [1][0] OK
C:[16/08/2013 15:16:45.43][190.37.35.224][1312] SELECT horas_lab FROM tblaca008 WHERE c_asigna='344687' AND horas_teoricas > 0 [1][0] OK
C:[16/08/2013 15:16:45.43][190.37.35.224][1312] SELECT horas_lab FROM tblaca008 WHERE c_asigna='344715' AND horas_teoricas > 0 [1][0] OK
C:[16/08/2013 15:17:07.70][190.201.175.202][1138] SELECT pre_cod_asig1,pre_cod_asig2,pre_cod_asig3,pre_cod_asig4,pre_cod_asig5,pre_cod_asig6,pre_cod_asig7 FROM tblaca009_p_int WHERE pensum='5' AND c_uni_ca='6' AND c_asigna='300013' [1][0] OK
C:[16/08/2013 15:17:07.70][190.201.175.202][1138] SELECT pre_cod_asig1,pre_cod_asig2,pre_cod_asig3,pre_cod_asig4,pre_cod_asig5,pre_cod_asig6,pre_cod_asig7 FROM tblaca009_p_int WHERE pensum='5' AND c_uni_ca='6' AND c_asigna='300113' [1][0] OK
C:[16/08/2013 15:17:07.63][190.201.175.202][1182] SELECT par_cod_asig1,par_cod_asig2,par_cod_asig3 FROM tblaca009_p_int WHERE pensum='5' AND c_uni_ca='6' AND c_asigna='300013' [1][0] OK
C:[16/08/2013 15:17:07.63][190.201.175.202][1182] SELECT par_cod_asig1,par_cod_asig2,par_cod_asig3 FROM tblaca009_p_int WHERE pensum='5' AND c_uni_ca='6' AND c_asigna='300113' [1][0] OK
C:[16/08/2013 15:17:07.63][190.201.175.202][1196] SELECT c_asigna FROM dace004 WHERE exp_e='13-24411786' AND c_asigna='300013' AND status IN ('0','3','B','C') [0][0] OK
C:[16/08/2013 15:17:07.93][190.201.175.202][1312] SELECT horas_lab FROM tblaca008 WHERE c_asigna='300013' AND horas_teoricas > 0 [1][0] OK
C:[16/08/2013 15:17:07.93][190.201.175.202][1312] SELECT horas_lab FROM tblaca008 WHERE c_asigna='300113' AND horas_teoricas > 0 [0][0] OK
C:[16/08/2013 15:17:27.83][190.206.82.151][1138] SELECT pre_cod_asig1,pre_cod_asig2,pre_cod_asig3,pre_cod_asig4,pre_cod_asig5,pre_cod_asig6,pre_cod_asig7 FROM tblaca009_p_int WHERE pensum='5' AND c_uni_ca='4' AND c_asigna='300213' [1][0] OK
C:[16/08/2013 15:17:27.83][190.206.82.151][1151] SELECT c_asigna FROM dace004 WHERE exp_e='06-18077543' AND c_asigna='300101' AND status IN ('0','3','B','C') [1][0] OK
C:[16/08/2013 15:17:27.83][190.206.82.151][1138] SELECT pre_cod_asig1,pre_cod_asig2,pre_cod_asig3,pre_cod_asig4,pre_cod_asig5,pre_cod_asig6,pre_cod_asig7 FROM tblaca009_p_int WHERE pensum='5' AND c_uni_ca='4' AND c_asigna='300956' [1][0] OK
C:[16/08/2013 15:17:27.83][190.206.82.151][1151] SELECT c_asigna FROM dace004 WHERE exp_e='06-18077543' AND c_asigna='300422' AND status IN ('0','3','B','C') [1][0] OK
C:[16/08/2013 15:17:27.93][190.206.82.151][1182] SELECT par_cod_asig1,par_cod_asig2,par_cod_asig3 FROM tblaca009_p_int WHERE pensum='5' AND c_uni_ca='4' AND c_asigna='300213' [1][0] OK
C:[16/08/2013 15:17:27.93][190.206.82.151][1182] SELECT par_cod_asig1,par_cod_asig2,par_cod_asig3 FROM tblaca009_p_int WHERE pensum='5' AND c_uni_ca='4' AND c_asigna='300956' [1][0] OK
C:[16/08/2013 15:17:27.16][190.206.82.151][1312] SELECT horas_lab FROM tblaca008 WHERE c_asigna='300213' AND horas_teoricas > 0 [1][0] OK
C:[16/08/2013 15:17:27.16][190.206.82.151][1312] SELECT horas_lab FROM tblaca008 WHERE c_asigna='300956' AND horas_teoricas > 0 [1][0] OK
C:[16/08/2013 15:19:00.77][190.201.175.202][1138] SELECT pre_cod_asig1,pre_cod_asig2,pre_cod_asig3,pre_cod_asig4,pre_cod_asig5,pre_cod_asig6,pre_cod_asig7 FROM tblaca009_p_int WHERE pensum='5' AND c_uni_ca='6' AND c_asigna='342559' [1][0] OK
C:[16/08/2013 15:19:00.77][190.201.175.202][1151] SELECT c_asigna FROM dace004 WHERE exp_e='07-18667804' AND c_asigna='342436' AND status IN ('0','3','B','C') [1][0] OK
C:[16/08/2013 15:19:00.58][190.201.175.202][1182] SELECT par_cod_asig1,par_cod_asig2,par_cod_asig3 FROM tblaca009_p_int WHERE pensum='5' AND c_uni_ca='6' AND c_asigna='342559' [1][0] OK
C:[16/08/2013 15:19:00.72][190.201.175.202][1312] SELECT horas_lab FROM tblaca008 WHERE c_asigna='342559' AND horas_teoricas > 0 [1][0] OK
C:[16/08/2013 15:19:04.94][172.16.4.254][1138] SELECT pre_cod_asig1,pre_cod_asig2,pre_cod_asig3,pre_cod_asig4,pre_cod_asig5,pre_cod_asig6,pre_cod_asig7 FROM tblaca009_p_int WHERE pensum='5' AND c_uni_ca='6' AND c_asigna='300207' [1][0] OK
C:[16/08/2013 15:19:04.94][172.16.4.254][1151] SELECT c_asigna FROM dace004 WHERE exp_e='06-19158427' AND c_asigna='300101' AND status IN ('0','3','B','C') [1][0] OK
C:[16/08/2013 15:19:04.20][172.16.4.254][1182] SELECT par_cod_asig1,par_cod_asig2,par_cod_asig3 FROM tblaca009_p_int WHERE pensum='5' AND c_uni_ca='6' AND c_asigna='300207' [1][0] OK
C:[16/08/2013 15:19:04.33][172.16.4.254][1312] SELECT horas_lab FROM tblaca008 WHERE c_asigna='300207' AND horas_teoricas > 0 [1][0] OK
C:[16/08/2013 15:19:33.40][190.201.175.202][1138] SELECT pre_cod_asig1,pre_cod_asig2,pre_cod_asig3,pre_cod_asig4,pre_cod_asig5,pre_cod_asig6,pre_cod_asig7 FROM tblaca009_p_int WHERE pensum='5' AND c_uni_ca='3' AND c_asigna='300222' [1][0] OK
C:[16/08/2013 15:19:33.40][190.201.175.202][1151] SELECT c_asigna FROM dace004 WHERE exp_e='12-24412780' AND c_asigna='300112' AND status IN ('0','3','B','C') [1][0] OK
C:[16/08/2013 15:19:33.20][190.201.175.202][1182] SELECT par_cod_asig1,par_cod_asig2,par_cod_asig3 FROM tblaca009_p_int WHERE pensum='5' AND c_uni_ca='3' AND c_asigna='300222' [1][0] OK
C:[16/08/2013 15:19:33.35][190.201.175.202][1312] SELECT horas_lab FROM tblaca008 WHERE c_asigna='300222' AND horas_teoricas > 0 [1][0] OK
C:[16/08/2013 15:20:16.42][172.16.4.254][1138] SELECT pre_cod_asig1,pre_cod_asig2,pre_cod_asig3,pre_cod_asig4,pre_cod_asig5,pre_cod_asig6,pre_cod_asig7 FROM tblaca009_p_int WHERE pensum='5' AND c_uni_ca='6' AND c_asigna='300207' [1][0] OK
C:[16/08/2013 15:20:16.42][172.16.4.254][1151] SELECT c_asigna FROM dace004 WHERE exp_e='06-19158427' AND c_asigna='300101' AND status IN ('0','3','B','C') [1][0] OK
C:[16/08/2013 15:20:16.23][172.16.4.254][1182] SELECT par_cod_asig1,par_cod_asig2,par_cod_asig3 FROM tblaca009_p_int WHERE pensum='5' AND c_uni_ca='6' AND c_asigna='300207' [1][0] OK
C:[16/08/2013 15:20:16.37][172.16.4.254][1312] SELECT horas_lab FROM tblaca008 WHERE c_asigna='300207' AND horas_teoricas > 0 [1][0] OK
C:[16/08/2013 15:20:39.80][201.242.46.152][1138] SELECT pre_cod_asig1,pre_cod_asig2,pre_cod_asig3,pre_cod_asig4,pre_cod_asig5,pre_cod_asig6,pre_cod_asig7 FROM tblaca009_p_int WHERE pensum='5' AND c_uni_ca='2' AND c_asigna='300228' [1][0] OK
C:[16/08/2013 15:20:39.80][201.242.46.152][1151] SELECT c_asigna FROM dace004 WHERE exp_e='08-19095695' AND c_asigna='300101' AND status IN ('0','3','B','C') [1][0] OK
C:[16/08/2013 15:20:40.61][201.242.46.152][1182] SELECT par_cod_asig1,par_cod_asig2,par_cod_asig3 FROM tblaca009_p_int WHERE pensum='5' AND c_uni_ca='2' AND c_asigna='300228' [1][0] OK
C:[16/08/2013 15:20:40.75][201.242.46.152][1312] SELECT horas_lab FROM tblaca008 WHERE c_asigna='300228' AND horas_teoricas > 0 [1][0] OK
C:[16/08/2013 15:20:55.67][190.38.208.2][1138] SELECT pre_cod_asig1,pre_cod_asig2,pre_cod_asig3,pre_cod_asig4,pre_cod_asig5,pre_cod_asig6,pre_cod_asig7 FROM tblaca009_p_int WHERE pensum='5' AND c_uni_ca='6' AND c_asigna='340323' [1][0] OK
C:[16/08/2013 15:20:55.67][190.38.208.2][1151] SELECT c_asigna FROM dace004 WHERE exp_e='09-20507466' AND c_asigna='300228' AND status IN ('0','3','B','C') [1][0] OK
C:[16/08/2013 15:20:55.67][190.38.208.2][1151] SELECT c_asigna FROM dace004 WHERE exp_e='09-20507466' AND c_asigna='300207' AND status IN ('0','3','B','C') [1][0] OK
C:[16/08/2013 15:20:55.67][190.38.208.2][1138] SELECT pre_cod_asig1,pre_cod_asig2,pre_cod_asig3,pre_cod_asig4,pre_cod_asig5,pre_cod_asig6,pre_cod_asig7 FROM tblaca009_p_int WHERE pensum='5' AND c_uni_ca='6' AND c_asigna='300428' [1][0] OK
C:[16/08/2013 15:20:55.67][190.38.208.2][1151] SELECT c_asigna FROM dace004 WHERE exp_e='09-20507466' AND c_asigna='300317' AND status IN ('0','3','B','C') [1][0] OK
C:[16/08/2013 15:20:55.77][190.38.208.2][1182] SELECT par_cod_asig1,par_cod_asig2,par_cod_asig3 FROM tblaca009_p_int WHERE pensum='5' AND c_uni_ca='6' AND c_asigna='340323' [1][0] OK
C:[16/08/2013 15:20:55.77][190.38.208.2][1182] SELECT par_cod_asig1,par_cod_asig2,par_cod_asig3 FROM tblaca009_p_int WHERE pensum='5' AND c_uni_ca='6' AND c_asigna='300428' [1][0] OK
C:[16/08/2013 15:20:55.02][190.38.208.2][1312] SELECT horas_lab FROM tblaca008 WHERE c_asigna='340323' AND horas_teoricas > 0 [1][0] OK
C:[16/08/2013 15:20:55.02][190.38.208.2][1312] SELECT horas_lab FROM tblaca008 WHERE c_asigna='300428' AND horas_teoricas > 0 [1][0] OK
C:[16/08/2013 15:21:31.67][190.207.43.251][1138] SELECT pre_cod_asig1,pre_cod_asig2,pre_cod_asig3,pre_cod_asig4,pre_cod_asig5,pre_cod_asig6,pre_cod_asig7 FROM tblaca009_p_int WHERE pensum='5' AND c_uni_ca='6' AND c_asigna='300112' [1][0] OK
C:[16/08/2013 15:21:31.36][190.207.43.251][1182] SELECT par_cod_asig1,par_cod_asig2,par_cod_asig3 FROM tblaca009_p_int WHERE pensum='5' AND c_uni_ca='6' AND c_asigna='300112' [1][0] OK
C:[16/08/2013 15:21:31.51][190.207.43.251][1312] SELECT horas_lab FROM tblaca008 WHERE c_asigna='300112' AND horas_teoricas > 0 [1][0] OK
C:[16/08/2013 15:22:47.46][186.90.189.179][1138] SELECT pre_cod_asig1,pre_cod_asig2,pre_cod_asig3,pre_cod_asig4,pre_cod_asig5,pre_cod_asig6,pre_cod_asig7 FROM tblaca009_p_int WHERE pensum='5' AND c_uni_ca='2' AND c_asigna='322826' [1][0] OK
C:[16/08/2013 15:22:47.46][186.90.189.179][1151] SELECT c_asigna FROM dace004 WHERE exp_e='09-21175920' AND c_asigna='322683' AND status IN ('0','3','B','C') [1][0] OK
C:[16/08/2013 15:22:47.22][186.90.189.179][1182] SELECT par_cod_asig1,par_cod_asig2,par_cod_asig3 FROM tblaca009_p_int WHERE pensum='5' AND c_uni_ca='2' AND c_asigna='322826' [1][0] OK
C:[16/08/2013 15:22:47.36][186.90.189.179][1312] SELECT horas_lab FROM tblaca008 WHERE c_asigna='322826' AND horas_teoricas > 0 [1][0] OK
C:[16/08/2013 15:23:26.51][186.89.209.6][1138] SELECT pre_cod_asig1,pre_cod_asig2,pre_cod_asig3,pre_cod_asig4,pre_cod_asig5,pre_cod_asig6,pre_cod_asig7 FROM tblaca009_p_int WHERE pensum='5' AND c_uni_ca='5' AND c_asigna='300228' [1][0] OK
C:[16/08/2013 15:23:26.51][186.89.209.6][1151] SELECT c_asigna FROM dace004 WHERE exp_e='11-24890383' AND c_asigna='300101' AND status IN ('0','3','B','C') [1][0] OK
C:[16/08/2013 15:23:26.42][186.89.209.6][1182] SELECT par_cod_asig1,par_cod_asig2,par_cod_asig3 FROM tblaca009_p_int WHERE pensum='5' AND c_uni_ca='5' AND c_asigna='300228' [1][0] OK
C:[16/08/2013 15:23:26.55][186.89.209.6][1312] SELECT horas_lab FROM tblaca008 WHERE c_asigna='300228' AND horas_teoricas > 0 [1][0] OK
C:[16/08/2013 15:23:35.35][186.88.169.76][1138] SELECT pre_cod_asig1,pre_cod_asig2,pre_cod_asig3,pre_cod_asig4,pre_cod_asig5,pre_cod_asig6,pre_cod_asig7 FROM tblaca009_p_int WHERE pensum='5' AND c_uni_ca='4' AND c_asigna='300101' [1][0] OK
C:[16/08/2013 15:23:35.48][186.88.169.76][1182] SELECT par_cod_asig1,par_cod_asig2,par_cod_asig3 FROM tblaca009_p_int WHERE pensum='5' AND c_uni_ca='4' AND c_asigna='300101' [1][0] OK
C:[16/08/2013 15:23:35.62][186.88.169.76][1312] SELECT horas_lab FROM tblaca008 WHERE c_asigna='300101' AND horas_teoricas > 0 [1][0] OK
C:[16/08/2013 15:24:46.58][186.90.189.179][1138] SELECT pre_cod_asig1,pre_cod_asig2,pre_cod_asig3,pre_cod_asig4,pre_cod_asig5,pre_cod_asig6,pre_cod_asig7 FROM tblaca009_p_int WHERE pensum='5' AND c_uni_ca='2' AND c_asigna='322826' [1][0] OK
C:[16/08/2013 15:24:46.58][186.90.189.179][1151] SELECT c_asigna FROM dace004 WHERE exp_e='09-20646624' AND c_asigna='322683' AND status IN ('0','3','B','C') [1][0] OK
C:[16/08/2013 15:24:46.58][186.90.189.179][1138] SELECT pre_cod_asig1,pre_cod_asig2,pre_cod_asig3,pre_cod_asig4,pre_cod_asig5,pre_cod_asig6,pre_cod_asig7 FROM tblaca009_p_int WHERE pensum='5' AND c_uni_ca='2' AND c_asigna='322041' [1][0] OK
C:[16/08/2013 15:24:46.41][186.90.189.179][1182] SELECT par_cod_asig1,par_cod_asig2,par_cod_asig3 FROM tblaca009_p_int WHERE pensum='5' AND c_uni_ca='2' AND c_asigna='322826' [1][0] OK
C:[16/08/2013 15:24:46.41][186.90.189.179][1182] SELECT par_cod_asig1,par_cod_asig2,par_cod_asig3 FROM tblaca009_p_int WHERE pensum='5' AND c_uni_ca='2' AND c_asigna='322041' [1][0] OK
C:[16/08/2013 15:24:46.67][186.90.189.179][1312] SELECT horas_lab FROM tblaca008 WHERE c_asigna='322826' AND horas_teoricas > 0 [1][0] OK
C:[16/08/2013 15:24:46.67][186.90.189.179][1312] SELECT horas_lab FROM tblaca008 WHERE c_asigna='322041' AND horas_teoricas > 0 [1][0] OK
C:[16/08/2013 15:25:14.47][190.201.175.202][1138] SELECT pre_cod_asig1,pre_cod_asig2,pre_cod_asig3,pre_cod_asig4,pre_cod_asig5,pre_cod_asig6,pre_cod_asig7 FROM tblaca009_p_int WHERE pensum='5' AND c_uni_ca='3' AND c_asigna='300013' [1][0] OK
C:[16/08/2013 15:25:14.47][190.201.175.202][1138] SELECT pre_cod_asig1,pre_cod_asig2,pre_cod_asig3,pre_cod_asig4,pre_cod_asig5,pre_cod_asig6,pre_cod_asig7 FROM tblaca009_p_int WHERE pensum='5' AND c_uni_ca='3' AND c_asigna='300113' [1][0] OK
C:[16/08/2013 15:25:14.29][190.201.175.202][1182] SELECT par_cod_asig1,par_cod_asig2,par_cod_asig3 FROM tblaca009_p_int WHERE pensum='5' AND c_uni_ca='3' AND c_asigna='300013' [1][0] OK
C:[16/08/2013 15:25:14.29][190.201.175.202][1182] SELECT par_cod_asig1,par_cod_asig2,par_cod_asig3 FROM tblaca009_p_int WHERE pensum='5' AND c_uni_ca='3' AND c_asigna='300113' [1][0] OK
C:[16/08/2013 15:25:14.29][190.201.175.202][1196] SELECT c_asigna FROM dace004 WHERE exp_e='13-22828324' AND c_asigna='300013' AND status IN ('0','3','B','C') [0][0] OK
C:[16/08/2013 15:25:14.68][190.201.175.202][1312] SELECT horas_lab FROM tblaca008 WHERE c_asigna='300013' AND horas_teoricas > 0 [1][0] OK
C:[16/08/2013 15:25:14.68][190.201.175.202][1312] SELECT horas_lab FROM tblaca008 WHERE c_asigna='300113' AND horas_teoricas > 0 [0][0] OK
C:[16/08/2013 15:26:47.30][190.204.200.144][1138] SELECT pre_cod_asig1,pre_cod_asig2,pre_cod_asig3,pre_cod_asig4,pre_cod_asig5,pre_cod_asig6,pre_cod_asig7 FROM tblaca009_p_int WHERE pensum='5' AND c_uni_ca='2' AND c_asigna='300101' [1][0] OK
C:[16/08/2013 15:26:47.11][190.204.200.144][1182] SELECT par_cod_asig1,par_cod_asig2,par_cod_asig3 FROM tblaca009_p_int WHERE pensum='5' AND c_uni_ca='2' AND c_asigna='300101' [1][0] OK
C:[16/08/2013 15:26:47.13][190.204.200.144][1312] SELECT horas_lab FROM tblaca008 WHERE c_asigna='300101' AND horas_teoricas > 0 [1][0] OK
C:[16/08/2013 15:26:50.05][190.207.38.8][1138] SELECT pre_cod_asig1,pre_cod_asig2,pre_cod_asig3,pre_cod_asig4,pre_cod_asig5,pre_cod_asig6,pre_cod_asig7 FROM tblaca009_p_int WHERE pensum='5' AND c_uni_ca='2' AND c_asigna='322449' [1][0] OK
C:[16/08/2013 15:26:50.05][190.207.38.8][1151] SELECT c_asigna FROM dace004 WHERE exp_e='10-21249597' AND c_asigna='300222' AND status IN ('0','3','B','C') [1][0] OK
C:[16/08/2013 15:26:50.30][190.207.38.8][1182] SELECT par_cod_asig1,par_cod_asig2,par_cod_asig3 FROM tblaca009_p_int WHERE pensum='5' AND c_uni_ca='2' AND c_asigna='322449' [1][0] OK
C:[16/08/2013 15:26:50.45][190.207.38.8][1312] SELECT horas_lab FROM tblaca008 WHERE c_asigna='322449' AND horas_teoricas > 0 [1][0] OK
C:[16/08/2013 15:31:33.72][190.201.175.202][1138] SELECT pre_cod_asig1,pre_cod_asig2,pre_cod_asig3,pre_cod_asig4,pre_cod_asig5,pre_cod_asig6,pre_cod_asig7 FROM tblaca009_p_int WHERE pensum='5' AND c_uni_ca='6' AND c_asigna='300101' [1][0] OK
C:[16/08/2013 15:31:33.42][190.201.175.202][1182] SELECT par_cod_asig1,par_cod_asig2,par_cod_asig3 FROM tblaca009_p_int WHERE pensum='5' AND c_uni_ca='6' AND c_asigna='300101' [1][0] OK
C:[16/08/2013 15:31:33.55][190.201.175.202][1312] SELECT horas_lab FROM tblaca008 WHERE c_asigna='300101' AND horas_teoricas > 0 [1][0] OK
C:[16/08/2013 15:31:56.67][190.37.35.224][1138] SELECT pre_cod_asig1,pre_cod_asig2,pre_cod_asig3,pre_cod_asig4,pre_cod_asig5,pre_cod_asig6,pre_cod_asig7 FROM tblaca009_p_int WHERE pensum='5' AND c_uni_ca='6' AND c_asigna='342559' [1][0] OK
C:[16/08/2013 15:31:56.67][190.37.35.224][1151] SELECT c_asigna FROM dace004 WHERE exp_e='07-20224268' AND c_asigna='342436' AND status IN ('0','3','B','C') [1][0] OK
C:[16/08/2013 15:31:56.49][190.37.35.224][1182] SELECT par_cod_asig1,par_cod_asig2,par_cod_asig3 FROM tblaca009_p_int WHERE pensum='5' AND c_uni_ca='6' AND c_asigna='342559' [1][0] OK
C:[16/08/2013 15:31:56.62][190.37.35.224][1312] SELECT horas_lab FROM tblaca008 WHERE c_asigna='342559' AND horas_teoricas > 0 [1][0] OK
C:[16/08/2013 15:32:25.34][190.201.175.202][1138] SELECT pre_cod_asig1,pre_cod_asig2,pre_cod_asig3,pre_cod_asig4,pre_cod_asig5,pre_cod_asig6,pre_cod_asig7 FROM tblaca009_p_int WHERE pensum='5' AND c_uni_ca='4' AND c_asigna='300013' [1][0] OK
C:[16/08/2013 15:32:25.34][190.201.175.202][1138] SELECT pre_cod_asig1,pre_cod_asig2,pre_cod_asig3,pre_cod_asig4,pre_cod_asig5,pre_cod_asig6,pre_cod_asig7 FROM tblaca009_p_int WHERE pensum='5' AND c_uni_ca='4' AND c_asigna='300113' [1][0] OK
C:[16/08/2013 15:32:25.16][190.201.175.202][1182] SELECT par_cod_asig1,par_cod_asig2,par_cod_asig3 FROM tblaca009_p_int WHERE pensum='5' AND c_uni_ca='4' AND c_asigna='300013' [1][0] OK
C:[16/08/2013 15:32:25.16][190.201.175.202][1182] SELECT par_cod_asig1,par_cod_asig2,par_cod_asig3 FROM tblaca009_p_int WHERE pensum='5' AND c_uni_ca='4' AND c_asigna='300113' [1][0] OK
C:[16/08/2013 15:32:25.16][190.201.175.202][1196] SELECT c_asigna FROM dace004 WHERE exp_e='13-25745960' AND c_asigna='300013' AND status IN ('0','3','B','C') [0][0] OK
C:[16/08/2013 15:32:26.54][190.201.175.202][1312] SELECT horas_lab FROM tblaca008 WHERE c_asigna='300013' AND horas_teoricas > 0 [1][0] OK
C:[16/08/2013 15:32:26.54][190.201.175.202][1312] SELECT horas_lab FROM tblaca008 WHERE c_asigna='300113' AND horas_teoricas > 0 [0][0] OK
C:[16/08/2013 15:32:41.21][186.90.189.179][1138] SELECT pre_cod_asig1,pre_cod_asig2,pre_cod_asig3,pre_cod_asig4,pre_cod_asig5,pre_cod_asig6,pre_cod_asig7 FROM tblaca009_p_int WHERE pensum='5' AND c_uni_ca='2' AND c_asigna='322826' [1][0] OK
C:[16/08/2013 15:32:41.21][186.90.189.179][1151] SELECT c_asigna FROM dace004 WHERE exp_e='09-21177578' AND c_asigna='322683' AND status IN ('0','3','B','C') [1][0] OK
C:[16/08/2013 15:32:41.21][186.90.189.179][1138] SELECT pre_cod_asig1,pre_cod_asig2,pre_cod_asig3,pre_cod_asig4,pre_cod_asig5,pre_cod_asig6,pre_cod_asig7 FROM tblaca009_p_int WHERE pensum='5' AND c_uni_ca='2' AND c_asigna='322041' [1][0] OK
C:[16/08/2013 15:32:42.15][186.90.189.179][1182] SELECT par_cod_asig1,par_cod_asig2,par_cod_asig3 FROM tblaca009_p_int WHERE pensum='5' AND c_uni_ca='2' AND c_asigna='322826' [1][0] OK
C:[16/08/2013 15:32:42.15][186.90.189.179][1182] SELECT par_cod_asig1,par_cod_asig2,par_cod_asig3 FROM tblaca009_p_int WHERE pensum='5' AND c_uni_ca='2' AND c_asigna='322041' [1][0] OK
C:[16/08/2013 15:32:42.42][186.90.189.179][1312] SELECT horas_lab FROM tblaca008 WHERE c_asigna='322826' AND horas_teoricas > 0 [1][0] OK
C:[16/08/2013 15:32:42.42][186.90.189.179][1312] SELECT horas_lab FROM tblaca008 WHERE c_asigna='322041' AND horas_teoricas > 0 [1][0] OK
C:[16/08/2013 15:33:52.71][190.198.80.90][1138] SELECT pre_cod_asig1,pre_cod_asig2,pre_cod_asig3,pre_cod_asig4,pre_cod_asig5,pre_cod_asig6,pre_cod_asig7 FROM tblaca009_p_int WHERE pensum='5' AND c_uni_ca='4' AND c_asigna='300226' [1][0] OK
C:[16/08/2013 15:33:52.71][190.198.80.90][1151] SELECT c_asigna FROM dace004 WHERE exp_e='12-24504867' AND c_asigna='300116' AND status IN ('0','3','B','C') [1][0] OK
C:[16/08/2013 15:33:52.43][190.198.80.90][1182] SELECT par_cod_asig1,par_cod_asig2,par_cod_asig3 FROM tblaca009_p_int WHERE pensum='5' AND c_uni_ca='4' AND c_asigna='300226' [1][0] OK
C:[16/08/2013 15:33:52.57][190.198.80.90][1312] SELECT horas_lab FROM tblaca008 WHERE c_asigna='300226' AND horas_teoricas > 0 [1][0] OK
C:[16/08/2013 15:34:27.85][190.201.175.202][1138] SELECT pre_cod_asig1,pre_cod_asig2,pre_cod_asig3,pre_cod_asig4,pre_cod_asig5,pre_cod_asig6,pre_cod_asig7 FROM tblaca009_p_int WHERE pensum='5' AND c_uni_ca='2' AND c_asigna='300101' [1][0] OK
C:[16/08/2013 15:34:27.54][190.201.175.202][1182] SELECT par_cod_asig1,par_cod_asig2,par_cod_asig3 FROM tblaca009_p_int WHERE pensum='5' AND c_uni_ca='2' AND c_asigna='300101' [1][0] OK
C:[16/08/2013 15:34:27.70][190.201.175.202][1312] SELECT horas_lab FROM tblaca008 WHERE c_asigna='300101' AND horas_teoricas > 0 [1][0] OK
C:[16/08/2013 15:34:46.17][190.74.186.173][1138] SELECT pre_cod_asig1,pre_cod_asig2,pre_cod_asig3,pre_cod_asig4,pre_cod_asig5,pre_cod_asig6,pre_cod_asig7 FROM tblaca009_p_int WHERE pensum='5' AND c_uni_ca='5' AND c_asigna='351330' [1][0] OK
C:[16/08/2013 15:34:46.17][190.74.186.173][1151] SELECT c_asigna FROM dace004 WHERE exp_e='11-23501967' AND c_asigna='300218' AND status IN ('0','3','B','C') [1][0] OK
C:[16/08/2013 15:34:46.17][190.74.186.173][1138] SELECT pre_cod_asig1,pre_cod_asig2,pre_cod_asig3,pre_cod_asig4,pre_cod_asig5,pre_cod_asig6,pre_cod_asig7 FROM tblaca009_p_int WHERE pensum='5' AND c_uni_ca='5' AND c_asigna='300428' [1][0] OK
C:[16/08/2013 15:34:46.17][190.74.186.173][1151] SELECT c_asigna FROM dace004 WHERE exp_e='11-23501967' AND c_asigna='300317' AND status IN ('0','3','B','C') [1][0] OK
C:[16/08/2013 15:34:46.23][190.74.186.173][1182] SELECT par_cod_asig1,par_cod_asig2,par_cod_asig3 FROM tblaca009_p_int WHERE pensum='5' AND c_uni_ca='5' AND c_asigna='351330' [1][0] OK
C:[16/08/2013 15:34:46.23][190.74.186.173][1196] SELECT c_asigna FROM dace004 WHERE exp_e='11-23501967' AND c_asigna='300317' AND status IN ('0','3','B','C') [1][0] OK
C:[16/08/2013 15:34:46.23][190.74.186.173][1182] SELECT par_cod_asig1,par_cod_asig2,par_cod_asig3 FROM tblaca009_p_int WHERE pensum='5' AND c_uni_ca='5' AND c_asigna='300428' [1][0] OK
C:[16/08/2013 15:34:46.72][190.74.186.173][1312] SELECT horas_lab FROM tblaca008 WHERE c_asigna='351330' AND horas_teoricas > 0 [1][0] OK
C:[16/08/2013 15:34:46.72][190.74.186.173][1312] SELECT horas_lab FROM tblaca008 WHERE c_asigna='300428' AND horas_teoricas > 0 [1][0] OK
C:[16/08/2013 15:35:06.21][190.201.175.202][1138] SELECT pre_cod_asig1,pre_cod_asig2,pre_cod_asig3,pre_cod_asig4,pre_cod_asig5,pre_cod_asig6,pre_cod_asig7 FROM tblaca009_p_int WHERE pensum='5' AND c_uni_ca='6' AND c_asigna='300428' [1][0] OK
C:[16/08/2013 15:35:06.21][190.201.175.202][1151] SELECT c_asigna FROM dace004 WHERE exp_e='11-24040982' AND c_asigna='300317' AND status IN ('0','3','B','C') [1][0] OK
C:[16/08/2013 15:35:06.01][190.201.175.202][1182] SELECT par_cod_asig1,par_cod_asig2,par_cod_asig3 FROM tblaca009_p_int WHERE pensum='5' AND c_uni_ca='6' AND c_asigna='300428' [1][0] OK
C:[16/08/2013 15:35:06.15][190.201.175.202][1312] SELECT horas_lab FROM tblaca008 WHERE c_asigna='300428' AND horas_teoricas > 0 [1][0] OK
C:[16/08/2013 15:35:35.25][190.121.238.172][1138] SELECT pre_cod_asig1,pre_cod_asig2,pre_cod_asig3,pre_cod_asig4,pre_cod_asig5,pre_cod_asig6,pre_cod_asig7 FROM tblaca009_p_int WHERE pensum='5' AND c_uni_ca='3' AND c_asigna='311551' [1][0] OK
C:[16/08/2013 15:35:35.25][190.121.238.172][1151] SELECT c_asigna FROM dace004 WHERE exp_e='07-20223231' AND c_asigna='311430' AND status IN ('0','3','B','C') [1][0] OK
C:[16/08/2013 15:35:35.16][190.121.238.172][1182] SELECT par_cod_asig1,par_cod_asig2,par_cod_asig3 FROM tblaca009_p_int WHERE pensum='5' AND c_uni_ca='3' AND c_asigna='311551' [1][0] OK
C:[16/08/2013 15:35:35.26][190.121.238.172][1312] SELECT horas_lab FROM tblaca008 WHERE c_asigna='311551' AND horas_teoricas > 0 [1][0] OK
C:[16/08/2013 15:35:37.09][190.201.175.202][1138] SELECT pre_cod_asig1,pre_cod_asig2,pre_cod_asig3,pre_cod_asig4,pre_cod_asig5,pre_cod_asig6,pre_cod_asig7 FROM tblaca009_p_int WHERE pensum='5' AND c_uni_ca='3' AND c_asigna='300209' [1][0] OK
C:[16/08/2013 15:35:37.09][190.201.175.202][1151] SELECT c_asigna FROM dace004 WHERE exp_e='11-24889162' AND c_asigna='300101' AND status IN ('0','3','B','C') [1][0] OK
C:[16/08/2013 15:35:37.09][190.201.175.202][1138] SELECT pre_cod_asig1,pre_cod_asig2,pre_cod_asig3,pre_cod_asig4,pre_cod_asig5,pre_cod_asig6,pre_cod_asig7 FROM tblaca009_p_int WHERE pensum='5' AND c_uni_ca='3' AND c_asigna='300228' [1][0] OK
C:[16/08/2013 15:35:37.09][190.201.175.202][1151] SELECT c_asigna FROM dace004 WHERE exp_e='11-24889162' AND c_asigna='300101' AND status IN ('0','3','B','C') [1][0] OK
C:[16/08/2013 15:35:37.59][190.201.175.202][1182] SELECT par_cod_asig1,par_cod_asig2,par_cod_asig3 FROM tblaca009_p_int WHERE pensum='5' AND c_uni_ca='3' AND c_asigna='300209' [1][0] OK
C:[16/08/2013 15:35:37.59][190.201.175.202][1182] SELECT par_cod_asig1,par_cod_asig2,par_cod_asig3 FROM tblaca009_p_int WHERE pensum='5' AND c_uni_ca='3' AND c_asigna='300228' [1][0] OK
C:[16/08/2013 15:35:37.85][190.201.175.202][1312] SELECT horas_lab FROM tblaca008 WHERE c_asigna='300209' AND horas_teoricas > 0 [1][0] OK
C:[16/08/2013 15:35:37.85][190.201.175.202][1312] SELECT horas_lab FROM tblaca008 WHERE c_asigna='300228' AND horas_teoricas > 0 [1][0] OK
C:[16/08/2013 15:36:17.37][181.184.230.248][1138] SELECT pre_cod_asig1,pre_cod_asig2,pre_cod_asig3,pre_cod_asig4,pre_cod_asig5,pre_cod_asig6,pre_cod_asig7 FROM tblaca009_p_int WHERE pensum='5' AND c_uni_ca='3' AND c_asigna='300313' [1][0] OK
C:[16/08/2013 15:36:17.37][181.184.230.248][1151] SELECT c_asigna FROM dace004 WHERE exp_e='09-20702063' AND c_asigna='300213' AND status IN ('0','3','B','C') [1][0] OK
C:[16/08/2013 15:36:17.18][181.184.230.248][1182] SELECT par_cod_asig1,par_cod_asig2,par_cod_asig3 FROM tblaca009_p_int WHERE pensum='5' AND c_uni_ca='3' AND c_asigna='300313' [1][0] OK
C:[16/08/2013 15:36:17.31][181.184.230.248][1312] SELECT horas_lab FROM tblaca008 WHERE c_asigna='300313' AND horas_teoricas > 0 [1][0] OK
C:[16/08/2013 15:36:40.64][201.243.126.249][1138] SELECT pre_cod_asig1,pre_cod_asig2,pre_cod_asig3,pre_cod_asig4,pre_cod_asig5,pre_cod_asig6,pre_cod_asig7 FROM tblaca009_p_int WHERE pensum='5' AND c_uni_ca='5' AND c_asigna='355693' [1][0] OK
C:[16/08/2013 15:36:40.64][201.243.126.249][1151] SELECT c_asigna FROM dace004 WHERE exp_e='09-21380940' AND c_asigna='355572' AND status IN ('0','3','B','C') [1][0] OK
C:[16/08/2013 15:36:40.64][201.243.126.249][1151] SELECT c_asigna FROM dace004 WHERE exp_e='09-21380940' AND c_asigna='352440' AND status IN ('0','3','B','C') [1][0] OK
C:[16/08/2013 15:36:40.64][201.243.126.249][1151] SELECT c_asigna FROM dace004 WHERE exp_e='09-21380940' AND c_asigna='355573' AND status IN ('0','3','B','C') [1][0] OK
C:[16/08/2013 15:36:40.26][201.243.126.249][1182] SELECT par_cod_asig1,par_cod_asig2,par_cod_asig3 FROM tblaca009_p_int WHERE pensum='5' AND c_uni_ca='5' AND c_asigna='355693' [1][0] OK
C:[16/08/2013 15:36:40.40][201.243.126.249][1312] SELECT horas_lab FROM tblaca008 WHERE c_asigna='355693' AND horas_teoricas > 0 [1][0] OK
C:[16/08/2013 15:37:00.56][190.205.147.67][1138] SELECT pre_cod_asig1,pre_cod_asig2,pre_cod_asig3,pre_cod_asig4,pre_cod_asig5,pre_cod_asig6,pre_cod_asig7 FROM tblaca009_p_int WHERE pensum='5' AND c_uni_ca='2' AND c_asigna='322780' [1][0] OK
C:[16/08/2013 15:37:00.56][190.205.147.67][1151] SELECT c_asigna FROM dace004 WHERE exp_e='09-19301550' AND c_asigna='322678' AND status IN ('0','3','B','C') [1][0] OK
C:[16/08/2013 15:37:00.17][190.205.147.67][1182] SELECT par_cod_asig1,par_cod_asig2,par_cod_asig3 FROM tblaca009_p_int WHERE pensum='5' AND c_uni_ca='2' AND c_asigna='322780' [1][0] OK
C:[16/08/2013 15:37:00.31][190.205.147.67][1312] SELECT horas_lab FROM tblaca008 WHERE c_asigna='322780' AND horas_teoricas > 0 [1][0] OK
C:[16/08/2013 15:37:02.38][201.243.112.241][1138] SELECT pre_cod_asig1,pre_cod_asig2,pre_cod_asig3,pre_cod_asig4,pre_cod_asig5,pre_cod_asig6,pre_cod_asig7 FROM tblaca009_p_int WHERE pensum='5' AND c_uni_ca='6' AND c_asigna='300956' [1][0] OK
C:[16/08/2013 15:37:02.38][201.243.112.241][1151] SELECT c_asigna FROM dace004 WHERE exp_e='09-20442357' AND c_asigna='300422' AND status IN ('0','3','B','C') [1][0] OK
C:[16/08/2013 15:37:02.74][201.243.112.241][1182] SELECT par_cod_asig1,par_cod_asig2,par_cod_asig3 FROM tblaca009_p_int WHERE pensum='5' AND c_uni_ca='6' AND c_asigna='300956' [1][0] OK
C:[16/08/2013 15:37:02.33][201.243.112.241][1312] SELECT horas_lab FROM tblaca008 WHERE c_asigna='300956' AND horas_teoricas > 0 [1][0] OK
C:[16/08/2013 15:37:16.87][68.171.231.87][1138] SELECT pre_cod_asig1,pre_cod_asig2,pre_cod_asig3,pre_cod_asig4,pre_cod_asig5,pre_cod_asig6,pre_cod_asig7 FROM tblaca009_p_int WHERE pensum='5' AND c_uni_ca='4' AND c_asigna='333639' [1][0] OK
C:[16/08/2013 15:37:16.87][68.171.231.87][1151] SELECT c_asigna FROM dace004 WHERE exp_e='05-18401047' AND c_asigna='333585' AND status IN ('0','3','B','C') [1][0] OK
C:[16/08/2013 15:37:16.77][68.171.231.87][1182] SELECT par_cod_asig1,par_cod_asig2,par_cod_asig3 FROM tblaca009_p_int WHERE pensum='5' AND c_uni_ca='4' AND c_asigna='333639' [1][0] OK
C:[16/08/2013 15:37:16.04][68.171.231.87][1312] SELECT horas_lab FROM tblaca008 WHERE c_asigna='333639' AND horas_teoricas > 0 [1][0] OK
C:[16/08/2013 15:37:37.74][190.201.175.202][1138] SELECT pre_cod_asig1,pre_cod_asig2,pre_cod_asig3,pre_cod_asig4,pre_cod_asig5,pre_cod_asig6,pre_cod_asig7 FROM tblaca009_p_int WHERE pensum='5' AND c_uni_ca='6' AND c_asigna='344948' [1][0] OK
C:[16/08/2013 15:37:37.45][190.201.175.202][1182] SELECT par_cod_asig1,par_cod_asig2,par_cod_asig3 FROM tblaca009_p_int WHERE pensum='5' AND c_uni_ca='6' AND c_asigna='344948' [1][0] OK
C:[16/08/2013 15:37:37.57][190.201.175.202][1312] SELECT horas_lab FROM tblaca008 WHERE c_asigna='344948' AND horas_teoricas > 0 [1][0] OK
C:[16/08/2013 15:37:58.60][190.121.233.148][1138] SELECT pre_cod_asig1,pre_cod_asig2,pre_cod_asig3,pre_cod_asig4,pre_cod_asig5,pre_cod_asig6,pre_cod_asig7 FROM tblaca009_p_int WHERE pensum='5' AND c_uni_ca='6' AND c_asigna='300101' [1][0] OK
C:[16/08/2013 15:37:58.39][190.121.233.148][1182] SELECT par_cod_asig1,par_cod_asig2,par_cod_asig3 FROM tblaca009_p_int WHERE pensum='5' AND c_uni_ca='6' AND c_asigna='300101' [1][0] OK
C:[16/08/2013 15:37:58.42][190.121.233.148][1312] SELECT horas_lab FROM tblaca008 WHERE c_asigna='300101' AND horas_teoricas > 0 [1][0] OK
C:[16/08/2013 15:38:13.78][201.243.126.249][1138] SELECT pre_cod_asig1,pre_cod_asig2,pre_cod_asig3,pre_cod_asig4,pre_cod_asig5,pre_cod_asig6,pre_cod_asig7 FROM tblaca009_p_int WHERE pensum='5' AND c_uni_ca='5' AND c_asigna='355693' [1][0] OK
C:[16/08/2013 15:38:13.78][201.243.126.249][1151] SELECT c_asigna FROM dace004 WHERE exp_e='09-24179631' AND c_asigna='355572' AND status IN ('0','3','B','C') [1][0] OK
C:[16/08/2013 15:38:13.78][201.243.126.249][1151] SELECT c_asigna FROM dace004 WHERE exp_e='09-24179631' AND c_asigna='352440' AND status IN ('0','3','B','C') [1][0] OK
C:[16/08/2013 15:38:13.78][201.243.126.249][1151] SELECT c_asigna FROM dace004 WHERE exp_e='09-24179631' AND c_asigna='355573' AND status IN ('0','3','B','C') [1][0] OK
C:[16/08/2013 15:38:14.83][201.243.126.249][1182] SELECT par_cod_asig1,par_cod_asig2,par_cod_asig3 FROM tblaca009_p_int WHERE pensum='5' AND c_uni_ca='5' AND c_asigna='355693' [1][0] OK
C:[16/08/2013 15:38:14.97][201.243.126.249][1312] SELECT horas_lab FROM tblaca008 WHERE c_asigna='355693' AND horas_teoricas > 0 [1][0] OK
C:[16/08/2013 15:38:24.26][190.77.235.3][1138] SELECT pre_cod_asig1,pre_cod_asig2,pre_cod_asig3,pre_cod_asig4,pre_cod_asig5,pre_cod_asig6,pre_cod_asig7 FROM tblaca009_p_int WHERE pensum='5' AND c_uni_ca='5' AND c_asigna='300209' [1][0] OK
C:[16/08/2013 15:38:24.26][190.77.235.3][1151] SELECT c_asigna FROM dace004 WHERE exp_e='12-23503325' AND c_asigna='300101' AND status IN ('0','3','B','C') [1][0] OK
C:[16/08/2013 15:38:24.52][190.77.235.3][1182] SELECT par_cod_asig1,par_cod_asig2,par_cod_asig3 FROM tblaca009_p_int WHERE pensum='5' AND c_uni_ca='5' AND c_asigna='300209' [1][0] OK
C:[16/08/2013 15:38:24.65][190.77.235.3][1312] SELECT horas_lab FROM tblaca008 WHERE c_asigna='300209' AND horas_teoricas > 0 [1][0] OK
C:[16/08/2013 15:38:55.96][190.201.175.202][1138] SELECT pre_cod_asig1,pre_cod_asig2,pre_cod_asig3,pre_cod_asig4,pre_cod_asig5,pre_cod_asig6,pre_cod_asig7 FROM tblaca009_p_int WHERE pensum='5' AND c_uni_ca='6' AND c_asigna='344948' [1][0] OK
C:[16/08/2013 15:38:55.66][190.201.175.202][1182] SELECT par_cod_asig1,par_cod_asig2,par_cod_asig3 FROM tblaca009_p_int WHERE pensum='5' AND c_uni_ca='6' AND c_asigna='344948' [1][0] OK
C:[16/08/2013 15:38:55.78][190.201.175.202][1312] SELECT horas_lab FROM tblaca008 WHERE c_asigna='344948' AND horas_teoricas > 0 [1][0] OK
C:[16/08/2013 15:38:56.61][190.38.208.154][1138] SELECT pre_cod_asig1,pre_cod_asig2,pre_cod_asig3,pre_cod_asig4,pre_cod_asig5,pre_cod_asig6,pre_cod_asig7 FROM tblaca009_p_int WHERE pensum='5' AND c_uni_ca='4' AND c_asigna='300213' [1][0] OK
C:[16/08/2013 15:38:56.61][190.38.208.154][1151] SELECT c_asigna FROM dace004 WHERE exp_e='12-25557906' AND c_asigna='300101' AND status IN ('0','3','B','C') [1][0] OK
C:[16/08/2013 15:38:56.99][190.38.208.154][1182] SELECT par_cod_asig1,par_cod_asig2,par_cod_asig3 FROM tblaca009_p_int WHERE pensum='5' AND c_uni_ca='4' AND c_asigna='300213' [1][0] OK
C:[16/08/2013 15:38:56.99][190.38.208.154][1312] SELECT horas_lab FROM tblaca008 WHERE c_asigna='300213' AND horas_teoricas > 0 [1][0] OK
C:[16/08/2013 15:39:28.92][190.201.175.202][1138] SELECT pre_cod_asig1,pre_cod_asig2,pre_cod_asig3,pre_cod_asig4,pre_cod_asig5,pre_cod_asig6,pre_cod_asig7 FROM tblaca009_p_int WHERE pensum='5' AND c_uni_ca='2' AND c_asigna='322436' [1][0] OK
C:[16/08/2013 15:39:28.92][190.201.175.202][1151] SELECT c_asigna FROM dace004 WHERE exp_e='09-20224050' AND c_asigna='320311' AND status IN ('0','3','B','C') [1][0] OK
C:[16/08/2013 15:39:28.74][190.201.175.202][1182] SELECT par_cod_asig1,par_cod_asig2,par_cod_asig3 FROM tblaca009_p_int WHERE pensum='5' AND c_uni_ca='2' AND c_asigna='322436' [1][0] OK
C:[16/08/2013 15:39:28.87][190.201.175.202][1312] SELECT horas_lab FROM tblaca008 WHERE c_asigna='322436' AND horas_teoricas > 0 [1][0] OK
C:[16/08/2013 15:40:13.50][190.201.175.202][1138] SELECT pre_cod_asig1,pre_cod_asig2,pre_cod_asig3,pre_cod_asig4,pre_cod_asig5,pre_cod_asig6,pre_cod_asig7 FROM tblaca009_p_int WHERE pensum='5' AND c_uni_ca='2' AND c_asigna='322550' [1][0] OK
C:[16/08/2013 15:40:13.50][190.201.175.202][1151] SELECT c_asigna FROM dace004 WHERE exp_e='07-19911380' AND c_asigna='322433' AND status IN ('0','3','B','C') [1][0] OK
C:[16/08/2013 15:40:13.50][190.201.175.202][1138] SELECT pre_cod_asig1,pre_cod_asig2,pre_cod_asig3,pre_cod_asig4,pre_cod_asig5,pre_cod_asig6,pre_cod_asig7 FROM tblaca009_p_int WHERE pensum='5' AND c_uni_ca='2' AND c_asigna='322669' [1][0] OK
C:[16/08/2013 15:40:13.50][190.201.175.202][1151] SELECT c_asigna FROM dace004 WHERE exp_e='07-19911380' AND c_asigna='322558' AND status IN ('0','3','B','C') [1][0] OK
C:[16/08/2013 15:40:13.59][190.201.175.202][1182] SELECT par_cod_asig1,par_cod_asig2,par_cod_asig3 FROM tblaca009_p_int WHERE pensum='5' AND c_uni_ca='2' AND c_asigna='322550' [1][0] OK
C:[16/08/2013 15:40:13.59][190.201.175.202][1182] SELECT par_cod_asig1,par_cod_asig2,par_cod_asig3 FROM tblaca009_p_int WHERE pensum='5' AND c_uni_ca='2' AND c_asigna='322669' [1][0] OK
C:[16/08/2013 15:40:13.84][190.201.175.202][1312] SELECT horas_lab FROM tblaca008 WHERE c_asigna='322550' AND horas_teoricas > 0 [1][0] OK
C:[16/08/2013 15:40:13.84][190.201.175.202][1312] SELECT horas_lab FROM tblaca008 WHERE c_asigna='322669' AND horas_teoricas > 0 [1][0] OK
C:[16/08/2013 15:40:37.62][181.182.164.11][1138] SELECT pre_cod_asig1,pre_cod_asig2,pre_cod_asig3,pre_cod_asig4,pre_cod_asig5,pre_cod_asig6,pre_cod_asig7 FROM tblaca009_p_int WHERE pensum='5' AND c_uni_ca='6' AND c_asigna='342559' [1][0] OK
C:[16/08/2013 15:40:37.62][181.182.164.11][1151] SELECT c_asigna FROM dace004 WHERE exp_e='07-20036308' AND c_asigna='342436' AND status IN ('0','3','B','C') [1][0] OK
C:[16/08/2013 15:40:37.62][181.182.164.11][1138] SELECT pre_cod_asig1,pre_cod_asig2,pre_cod_asig3,pre_cod_asig4,pre_cod_asig5,pre_cod_asig6,pre_cod_asig7 FROM tblaca009_p_int WHERE pensum='5' AND c_uni_ca='6' AND c_asigna='344565' [1][0] OK
C:[16/08/2013 15:40:37.62][181.182.164.11][1151] SELECT c_asigna FROM dace004 WHERE exp_e='07-20036308' AND c_asigna='344445' AND status IN ('0','3','B','C') [1][0] OK
C:[16/08/2013 15:40:37.62][181.182.164.11][1138] SELECT pre_cod_asig1,pre_cod_asig2,pre_cod_asig3,pre_cod_asig4,pre_cod_asig5,pre_cod_asig6,pre_cod_asig7 FROM tblaca009_p_int WHERE pensum='5' AND c_uni_ca='6' AND c_asigna='344566' [1][0] OK
C:[16/08/2013 15:40:37.62][181.182.164.11][1151] SELECT c_asigna FROM dace004 WHERE exp_e='07-20036308' AND c_asigna='344446' AND status IN ('0','3','B','C') [1][0] OK
C:[16/08/2013 15:40:37.62][181.182.164.11][1151] SELECT c_asigna FROM dace004 WHERE exp_e='07-20036308' AND c_asigna='300428' AND status IN ('0','3','B','C') [1][0] OK
C:[16/08/2013 15:40:38.04][181.182.164.11][1182] SELECT par_cod_asig1,par_cod_asig2,par_cod_asig3 FROM tblaca009_p_int WHERE pensum='5' AND c_uni_ca='6' AND c_asigna='342559' [1][0] OK
C:[16/08/2013 15:40:38.04][181.182.164.11][1182] SELECT par_cod_asig1,par_cod_asig2,par_cod_asig3 FROM tblaca009_p_int WHERE pensum='5' AND c_uni_ca='6' AND c_asigna='344565' [1][0] OK
C:[16/08/2013 15:40:38.04][181.182.164.11][1182] SELECT par_cod_asig1,par_cod_asig2,par_cod_asig3 FROM tblaca009_p_int WHERE pensum='5' AND c_uni_ca='6' AND c_asigna='344566' [1][0] OK
C:[16/08/2013 15:40:38.43][181.182.164.11][1312] SELECT horas_lab FROM tblaca008 WHERE c_asigna='342559' AND horas_teoricas > 0 [1][0] OK
C:[16/08/2013 15:40:38.43][181.182.164.11][1312] SELECT horas_lab FROM tblaca008 WHERE c_asigna='344565' AND horas_teoricas > 0 [1][0] OK
C:[16/08/2013 15:40:38.43][181.182.164.11][1312] SELECT horas_lab FROM tblaca008 WHERE c_asigna='344566' AND horas_teoricas > 0 [1][0] OK
C:[16/08/2013 15:41:11.09][181.182.165.28][1138] SELECT pre_cod_asig1,pre_cod_asig2,pre_cod_asig3,pre_cod_asig4,pre_cod_asig5,pre_cod_asig6,pre_cod_asig7 FROM tblaca009_p_int WHERE pensum='5' AND c_uni_ca='5' AND c_asigna='355692' [1][0] OK
C:[16/08/2013 15:41:11.09][181.182.165.28][1151] SELECT c_asigna FROM dace004 WHERE exp_e='09-21325719' AND c_asigna='355448' AND status IN ('0','3','B','C') [1][0] OK
C:[16/08/2013 15:41:11.09][181.182.165.28][1151] SELECT c_asigna FROM dace004 WHERE exp_e='09-21325719' AND c_asigna='355570' AND status IN ('0','3','B','C') [1][0] OK
C:[16/08/2013 15:41:11.02][181.182.165.28][1182] SELECT par_cod_asig1,par_cod_asig2,par_cod_asig3 FROM tblaca009_p_int WHERE pensum='5' AND c_uni_ca='5' AND c_asigna='355692' [1][0] OK
C:[16/08/2013 15:41:11.16][181.182.165.28][1312] SELECT horas_lab FROM tblaca008 WHERE c_asigna='355692' AND horas_teoricas > 0 [1][0] OK
C:[16/08/2013 15:41:11.60][190.201.175.202][1138] SELECT pre_cod_asig1,pre_cod_asig2,pre_cod_asig3,pre_cod_asig4,pre_cod_asig5,pre_cod_asig6,pre_cod_asig7 FROM tblaca009_p_int WHERE pensum='5' AND c_uni_ca='2' AND c_asigna='300101' [1][0] OK
C:[16/08/2013 15:41:11.60][190.201.175.202][1138] SELECT pre_cod_asig1,pre_cod_asig2,pre_cod_asig3,pre_cod_asig4,pre_cod_asig5,pre_cod_asig6,pre_cod_asig7 FROM tblaca009_p_int WHERE pensum='5' AND c_uni_ca='2' AND c_asigna='300112' [1][0] OK
C:[16/08/2013 15:41:11.85][190.201.175.202][1182] SELECT par_cod_asig1,par_cod_asig2,par_cod_asig3 FROM tblaca009_p_int WHERE pensum='5' AND c_uni_ca='2' AND c_asigna='300101' [1][0] OK
C:[16/08/2013 15:41:11.85][190.201.175.202][1182] SELECT par_cod_asig1,par_cod_asig2,par_cod_asig3 FROM tblaca009_p_int WHERE pensum='5' AND c_uni_ca='2' AND c_asigna='300112' [1][0] OK
C:[16/08/2013 15:41:11.12][190.201.175.202][1312] SELECT horas_lab FROM tblaca008 WHERE c_asigna='300101' AND horas_teoricas > 0 [1][0] OK
C:[16/08/2013 15:41:11.12][190.201.175.202][1312] SELECT horas_lab FROM tblaca008 WHERE c_asigna='300112' AND horas_teoricas > 0 [1][0] OK
C:[16/08/2013 15:41:25.73][190.38.208.2][1138] SELECT pre_cod_asig1,pre_cod_asig2,pre_cod_asig3,pre_cod_asig4,pre_cod_asig5,pre_cod_asig6,pre_cod_asig7 FROM tblaca009_p_int WHERE pensum='5' AND c_uni_ca='6' AND c_asigna='344688' [1][0] OK
C:[16/08/2013 15:41:25.73][190.38.208.2][1151] SELECT c_asigna FROM dace004 WHERE exp_e='08-20503880' AND c_asigna='344565' AND status IN ('0','3','B','C') [1][0] OK
C:[16/08/2013 15:41:25.54][190.38.208.2][1182] SELECT par_cod_asig1,par_cod_asig2,par_cod_asig3 FROM tblaca009_p_int WHERE pensum='5' AND c_uni_ca='6' AND c_asigna='344688' [1][0] OK
C:[16/08/2013 15:41:25.68][190.38.208.2][1312] SELECT horas_lab FROM tblaca008 WHERE c_asigna='344688' AND horas_teoricas > 0 [1][0] OK
C:[16/08/2013 15:41:32.82][186.89.155.151][1138] SELECT pre_cod_asig1,pre_cod_asig2,pre_cod_asig3,pre_cod_asig4,pre_cod_asig5,pre_cod_asig6,pre_cod_asig7 FROM tblaca009_p_int WHERE pensum='5' AND c_uni_ca='3' AND c_asigna='300207' [1][0] OK
C:[16/08/2013 15:41:32.82][186.89.155.151][1151] SELECT c_asigna FROM dace004 WHERE exp_e='08-19303060' AND c_asigna='300101' AND status IN ('0','3','B','C') [1][0] OK
C:[16/08/2013 15:41:32.82][186.89.155.151][1138] SELECT pre_cod_asig1,pre_cod_asig2,pre_cod_asig3,pre_cod_asig4,pre_cod_asig5,pre_cod_asig6,pre_cod_asig7 FROM tblaca009_p_int WHERE pensum='5' AND c_uni_ca='3' AND c_asigna='312333' [1][0] OK
C:[16/08/2013 15:41:32.82][186.89.155.151][1151] SELECT c_asigna FROM dace004 WHERE exp_e='08-19303060' AND c_asigna='300228' AND status IN ('0','3','B','C') [1][0] OK
C:[16/08/2013 15:41:32.32][186.89.155.151][1182] SELECT par_cod_asig1,par_cod_asig2,par_cod_asig3 FROM tblaca009_p_int WHERE pensum='5' AND c_uni_ca='3' AND c_asigna='300207' [1][0] OK
C:[16/08/2013 15:41:32.32][186.89.155.151][1182] SELECT par_cod_asig1,par_cod_asig2,par_cod_asig3 FROM tblaca009_p_int WHERE pensum='5' AND c_uni_ca='3' AND c_asigna='312333' [1][0] OK
C:[16/08/2013 15:41:32.60][186.89.155.151][1312] SELECT horas_lab FROM tblaca008 WHERE c_asigna='300207' AND horas_teoricas > 0 [1][0] OK
C:[16/08/2013 15:41:32.60][186.89.155.151][1312] SELECT horas_lab FROM tblaca008 WHERE c_asigna='312333' AND horas_teoricas > 0 [1][0] OK
C:[16/08/2013 15:41:53.42][190.75.160.233][1138] SELECT pre_cod_asig1,pre_cod_asig2,pre_cod_asig3,pre_cod_asig4,pre_cod_asig5,pre_cod_asig6,pre_cod_asig7 FROM tblaca009_p_int WHERE pensum='5' AND c_uni_ca='3' AND c_asigna='300956' [1][0] OK
C:[16/08/2013 15:41:53.11][190.75.160.233][1182] SELECT par_cod_asig1,par_cod_asig2,par_cod_asig3 FROM tblaca009_p_int WHERE pensum='5' AND c_uni_ca='3' AND c_asigna='300956' [1][0] OK
C:[16/08/2013 15:41:53.24][190.75.160.233][1312] SELECT horas_lab FROM tblaca008 WHERE c_asigna='300956' AND horas_teoricas > 0 [1][0] OK
C:[16/08/2013 15:43:03.23][190.121.238.171][1138] SELECT pre_cod_asig1,pre_cod_asig2,pre_cod_asig3,pre_cod_asig4,pre_cod_asig5,pre_cod_asig6,pre_cod_asig7 FROM tblaca009_p_int WHERE pensum='5' AND c_uni_ca='2' AND c_asigna='300207' [1][0] OK
C:[16/08/2013 15:43:03.23][190.121.238.171][1151] SELECT c_asigna FROM dace004 WHERE exp_e='09-18885006' AND c_asigna='300101' AND status IN ('0','3','B','C') [1][0] OK
C:[16/08/2013 15:43:03.04][190.121.238.171][1182] SELECT par_cod_asig1,par_cod_asig2,par_cod_asig3 FROM tblaca009_p_int WHERE pensum='5' AND c_uni_ca='2' AND c_asigna='300207' [1][0] OK
C:[16/08/2013 15:43:03.18][190.121.238.171][1312] SELECT horas_lab FROM tblaca008 WHERE c_asigna='300207' AND horas_teoricas > 0 [1][0] OK
C:[16/08/2013 15:43:26.13][200.109.204.42][1138] SELECT pre_cod_asig1,pre_cod_asig2,pre_cod_asig3,pre_cod_asig4,pre_cod_asig5,pre_cod_asig6,pre_cod_asig7 FROM tblaca009_p_int WHERE pensum='5' AND c_uni_ca='6' AND c_asigna='344688' [1][0] OK
C:[16/08/2013 15:43:26.13][200.109.204.42][1151] SELECT c_asigna FROM dace004 WHERE exp_e='07-20171109' AND c_asigna='344565' AND status IN ('0','3','B','C') [1][0] OK
C:[16/08/2013 15:43:26.93][200.109.204.42][1182] SELECT par_cod_asig1,par_cod_asig2,par_cod_asig3 FROM tblaca009_p_int WHERE pensum='5' AND c_uni_ca='6' AND c_asigna='344688' [1][0] OK
C:[16/08/2013 15:43:26.09][200.109.204.42][1312] SELECT horas_lab FROM tblaca008 WHERE c_asigna='344688' AND horas_teoricas > 0 [1][0] OK
C:[16/08/2013 15:43:51.04][190.200.53.210][1138] SELECT pre_cod_asig1,pre_cod_asig2,pre_cod_asig3,pre_cod_asig4,pre_cod_asig5,pre_cod_asig6,pre_cod_asig7 FROM tblaca009_p_int WHERE pensum='5' AND c_uni_ca='5' AND c_asigna='351330' [1][0] OK
C:[16/08/2013 15:43:51.04][190.200.53.210][1151] SELECT c_asigna FROM dace004 WHERE exp_e='10-20701820' AND c_asigna='300218' AND status IN ('0','3','B','C') [1][0] OK
C:[16/08/2013 15:43:51.04][190.200.53.210][1138] SELECT pre_cod_asig1,pre_cod_asig2,pre_cod_asig3,pre_cod_asig4,pre_cod_asig5,pre_cod_asig6,pre_cod_asig7 FROM tblaca009_p_int WHERE pensum='5' AND c_uni_ca='5' AND c_asigna='352440' [1][0] OK
C:[16/08/2013 15:43:51.04][190.200.53.210][1151] SELECT c_asigna FROM dace004 WHERE exp_e='10-20701820' AND c_asigna='300317' AND status IN ('0','3','B','C') [1][0] OK
C:[16/08/2013 15:43:51.04][190.200.53.210][1151] SELECT c_asigna FROM dace004 WHERE exp_e='10-20701820' AND c_asigna='300013' AND status IN ('0','3','B','C') [1][0] OK
C:[16/08/2013 15:43:51.23][190.200.53.210][1182] SELECT par_cod_asig1,par_cod_asig2,par_cod_asig3 FROM tblaca009_p_int WHERE pensum='5' AND c_uni_ca='5' AND c_asigna='351330' [1][0] OK
C:[16/08/2013 15:43:51.23][190.200.53.210][1196] SELECT c_asigna FROM dace004 WHERE exp_e='10-20701820' AND c_asigna='300317' AND status IN ('0','3','B','C') [1][0] OK
C:[16/08/2013 15:43:51.23][190.200.53.210][1182] SELECT par_cod_asig1,par_cod_asig2,par_cod_asig3 FROM tblaca009_p_int WHERE pensum='5' AND c_uni_ca='5' AND c_asigna='352440' [1][0] OK
C:[16/08/2013 15:43:51.61][190.200.53.210][1312] SELECT horas_lab FROM tblaca008 WHERE c_asigna='351330' AND horas_teoricas > 0 [1][0] OK
C:[16/08/2013 15:43:51.61][190.200.53.210][1312] SELECT horas_lab FROM tblaca008 WHERE c_asigna='352440' AND horas_teoricas > 0 [1][0] OK
C:[16/08/2013 15:44:27.83][190.37.127.135][1138] SELECT pre_cod_asig1,pre_cod_asig2,pre_cod_asig3,pre_cod_asig4,pre_cod_asig5,pre_cod_asig6,pre_cod_asig7 FROM tblaca009_p_int WHERE pensum='5' AND c_uni_ca='4' AND c_asigna='333809' [1][0] OK
C:[16/08/2013 15:44:27.83][190.37.127.135][1151] SELECT c_asigna FROM dace004 WHERE exp_e='09-20557871' AND c_asigna='333683' AND status IN ('0','3','B','C') [1][0] OK
C:[16/08/2013 15:44:27.83][190.37.127.135][1151] SELECT c_asigna FROM dace004 WHERE exp_e='09-20557871' AND c_asigna='333710' AND status IN ('0','3','B','C') [1][0] OK
C:[16/08/2013 15:44:27.76][190.37.127.135][1182] SELECT par_cod_asig1,par_cod_asig2,par_cod_asig3 FROM tblaca009_p_int WHERE pensum='5' AND c_uni_ca='4' AND c_asigna='333809' [1][0] OK
C:[16/08/2013 15:44:27.90][190.37.127.135][1312] SELECT horas_lab FROM tblaca008 WHERE c_asigna='333809' AND horas_teoricas > 0 [1][0] OK
C:[16/08/2013 15:44:29.91][190.77.235.3][1138] SELECT pre_cod_asig1,pre_cod_asig2,pre_cod_asig3,pre_cod_asig4,pre_cod_asig5,pre_cod_asig6,pre_cod_asig7 FROM tblaca009_p_int WHERE pensum='5' AND c_uni_ca='5' AND c_asigna='300209' [1][0] OK
C:[16/08/2013 15:44:29.91][190.77.235.3][1151] SELECT c_asigna FROM dace004 WHERE exp_e='12-20503890' AND c_asigna='300101' AND status IN ('0','3','B','C') [1][0] OK
C:[16/08/2013 15:44:29.16][190.77.235.3][1182] SELECT par_cod_asig1,par_cod_asig2,par_cod_asig3 FROM tblaca009_p_int WHERE pensum='5' AND c_uni_ca='5' AND c_asigna='300209' [1][0] OK
C:[16/08/2013 15:44:29.29][190.77.235.3][1312] SELECT horas_lab FROM tblaca008 WHERE c_asigna='300209' AND horas_teoricas > 0 [1][0] OK
C:[16/08/2013 15:44:56.37][172.17.135.249][1138] SELECT pre_cod_asig1,pre_cod_asig2,pre_cod_asig3,pre_cod_asig4,pre_cod_asig5,pre_cod_asig6,pre_cod_asig7 FROM tblaca009_p_int WHERE pensum='5' AND c_uni_ca='2' AND c_asigna='322801' [1][0] OK
C:[16/08/2013 15:44:56.37][172.17.135.249][1151] SELECT c_asigna FROM dace004 WHERE exp_e='09-19905577' AND c_asigna='322780' AND status IN ('0','3','B','C') [1][0] OK
C:[16/08/2013 15:44:56.18][172.17.135.249][1182] SELECT par_cod_asig1,par_cod_asig2,par_cod_asig3 FROM tblaca009_p_int WHERE pensum='5' AND c_uni_ca='2' AND c_asigna='322801' [1][0] OK
C:[16/08/2013 15:44:56.32][172.17.135.249][1312] SELECT horas_lab FROM tblaca008 WHERE c_asigna='322801' AND horas_teoricas > 0 [1][0] OK
C:[16/08/2013 15:46:08.10][190.37.47.186][1138] SELECT pre_cod_asig1,pre_cod_asig2,pre_cod_asig3,pre_cod_asig4,pre_cod_asig5,pre_cod_asig6,pre_cod_asig7 FROM tblaca009_p_int WHERE pensum='5' AND c_uni_ca='3' AND c_asigna='300213' [1][0] OK
C:[16/08/2013 15:46:08.10][190.37.47.186][1151] SELECT c_asigna FROM dace004 WHERE exp_e='10-21051035' AND c_asigna='300101' AND status IN ('0','3','B','C') [1][0] OK
C:[16/08/2013 15:46:08.10][190.37.47.186][1138] SELECT pre_cod_asig1,pre_cod_asig2,pre_cod_asig3,pre_cod_asig4,pre_cod_asig5,pre_cod_asig6,pre_cod_asig7 FROM tblaca009_p_int WHERE pensum='5' AND c_uni_ca='3' AND c_asigna='300218' [1][0] OK
C:[16/08/2013 15:46:08.06][190.37.47.186][1182] SELECT par_cod_asig1,par_cod_asig2,par_cod_asig3 FROM tblaca009_p_int WHERE pensum='5' AND c_uni_ca='3' AND c_asigna='300213' [1][0] OK
C:[16/08/2013 15:46:08.06][190.37.47.186][1182] SELECT par_cod_asig1,par_cod_asig2,par_cod_asig3 FROM tblaca009_p_int WHERE pensum='5' AND c_uni_ca='3' AND c_asigna='300218' [1][0] OK
C:[16/08/2013 15:46:08.06][190.37.47.186][1196] SELECT c_asigna FROM dace004 WHERE exp_e='10-21051035' AND c_asigna='300228' AND status IN ('0','3','B','C') [1][0] OK
C:[16/08/2013 15:46:08.68][190.37.47.186][1312] SELECT horas_lab FROM tblaca008 WHERE c_asigna='300213' AND horas_teoricas > 0 [1][0] OK
C:[16/08/2013 15:46:08.68][190.37.47.186][1312] SELECT horas_lab FROM tblaca008 WHERE c_asigna='300218' AND horas_teoricas > 0 [0][0] OK
C:[16/08/2013 15:46:55.13][190.121.238.199][1138] SELECT pre_cod_asig1,pre_cod_asig2,pre_cod_asig3,pre_cod_asig4,pre_cod_asig5,pre_cod_asig6,pre_cod_asig7 FROM tblaca009_p_int WHERE pensum='5' AND c_uni_ca='2' AND c_asigna='322669' [1][0] OK
C:[16/08/2013 15:46:55.84][201.243.112.241][1138] SELECT pre_cod_asig1,pre_cod_asig2,pre_cod_asig3,pre_cod_asig4,pre_cod_asig5,pre_cod_asig6,pre_cod_asig7 FROM tblaca009_p_int WHERE pensum='5' AND c_uni_ca='6' AND c_asigna='300956' [1][0] OK
C:[16/08/2013 15:46:55.13][190.121.238.199][1151] SELECT c_asigna FROM dace004 WHERE exp_e='10-20610527' AND c_asigna='322558' AND status IN ('0','3','B','C') [1][0] OK
C:[16/08/2013 15:46:55.84][201.243.112.241][1151] SELECT c_asigna FROM dace004 WHERE exp_e='08-20222977' AND c_asigna='300422' AND status IN ('0','3','B','C') [1][0] OK
C:[16/08/2013 15:46:55.42][190.121.238.199][1182] SELECT par_cod_asig1,par_cod_asig2,par_cod_asig3 FROM tblaca009_p_int WHERE pensum='5' AND c_uni_ca='2' AND c_asigna='322669' [1][0] OK
C:[16/08/2013 15:46:56.97][201.243.112.241][1182] SELECT par_cod_asig1,par_cod_asig2,par_cod_asig3 FROM tblaca009_p_int WHERE pensum='5' AND c_uni_ca='6' AND c_asigna='300956' [1][0] OK
C:[16/08/2013 15:46:56.79][190.121.238.199][1312] SELECT horas_lab FROM tblaca008 WHERE c_asigna='322669' AND horas_teoricas > 0 [1][0] OK
C:[16/08/2013 15:46:56.67][201.243.112.241][1312] SELECT horas_lab FROM tblaca008 WHERE c_asigna='300956' AND horas_teoricas > 0 [1][0] OK
C:[16/08/2013 15:48:33.54][190.77.242.129][1138] SELECT pre_cod_asig1,pre_cod_asig2,pre_cod_asig3,pre_cod_asig4,pre_cod_asig5,pre_cod_asig6,pre_cod_asig7 FROM tblaca009_p_int WHERE pensum='5' AND c_uni_ca='3' AND c_asigna='311822' [1][0] OK
C:[16/08/2013 15:48:33.54][190.77.242.129][1151] SELECT c_asigna FROM dace004 WHERE exp_e='08-19622102' AND c_asigna='311795' AND status IN ('0','3','B','C') [1][0] OK
C:[16/08/2013 15:48:33.54][190.77.242.129][1138] SELECT pre_cod_asig1,pre_cod_asig2,pre_cod_asig3,pre_cod_asig4,pre_cod_asig5,pre_cod_asig6,pre_cod_asig7 FROM tblaca009_p_int WHERE pensum='5' AND c_uni_ca='3' AND c_asigna='311824' [1][0] OK
C:[16/08/2013 15:48:33.54][190.77.242.129][1151] SELECT c_asigna FROM dace004 WHERE exp_e='08-19622102' AND c_asigna='311796' AND status IN ('0','3','B','C') [1][0] OK
C:[16/08/2013 15:48:33.69][190.77.242.129][1182] SELECT par_cod_asig1,par_cod_asig2,par_cod_asig3 FROM tblaca009_p_int WHERE pensum='5' AND c_uni_ca='3' AND c_asigna='311822' [1][0] OK
C:[16/08/2013 15:48:33.69][190.77.242.129][1182] SELECT par_cod_asig1,par_cod_asig2,par_cod_asig3 FROM tblaca009_p_int WHERE pensum='5' AND c_uni_ca='3' AND c_asigna='311824' [1][0] OK
C:[16/08/2013 15:48:33.85][190.77.242.129][1312] SELECT horas_lab FROM tblaca008 WHERE c_asigna='311822' AND horas_teoricas > 0 [1][0] OK
C:[16/08/2013 15:48:33.85][190.77.242.129][1312] SELECT horas_lab FROM tblaca008 WHERE c_asigna='311824' AND horas_teoricas > 0 [1][0] OK
C:[16/08/2013 15:49:06.93][190.198.181.69][1138] SELECT pre_cod_asig1,pre_cod_asig2,pre_cod_asig3,pre_cod_asig4,pre_cod_asig5,pre_cod_asig6,pre_cod_asig7 FROM tblaca009_p_int WHERE pensum='5' AND c_uni_ca='6' AND c_asigna='300101' [1][0] OK
C:[16/08/2013 15:49:06.63][190.198.181.69][1182] SELECT par_cod_asig1,par_cod_asig2,par_cod_asig3 FROM tblaca009_p_int WHERE pensum='5' AND c_uni_ca='6' AND c_asigna='300101' [1][0] OK
C:[16/08/2013 15:49:06.86][190.198.181.69][1312] SELECT horas_lab FROM tblaca008 WHERE c_asigna='300101' AND horas_teoricas > 0 [1][0] OK
C:[16/08/2013 15:49:14.19][190.73.237.41][1138] SELECT pre_cod_asig1,pre_cod_asig2,pre_cod_asig3,pre_cod_asig4,pre_cod_asig5,pre_cod_asig6,pre_cod_asig7 FROM tblaca009_p_int WHERE pensum='5' AND c_uni_ca='2' AND c_asigna='300313' [1][0] OK
C:[16/08/2013 15:49:14.19][190.73.237.41][1151] SELECT c_asigna FROM dace004 WHERE exp_e='07-19420953' AND c_asigna='300213' AND status IN ('0','3','B','C') [1][0] OK
C:[16/08/2013 15:49:14.19][190.73.237.41][1138] SELECT pre_cod_asig1,pre_cod_asig2,pre_cod_asig3,pre_cod_asig4,pre_cod_asig5,pre_cod_asig6,pre_cod_asig7 FROM tblaca009_p_int WHERE pensum='5' AND c_uni_ca='2' AND c_asigna='322433' [1][0] OK
C:[16/08/2013 15:49:14.19][190.73.237.41][1151] SELECT c_asigna FROM dace004 WHERE exp_e='07-19420953' AND c_asigna='320323' AND status IN ('0','3','B','C') [1][0] OK
C:[16/08/2013 15:49:14.19][190.73.237.41][1151] SELECT c_asigna FROM dace004 WHERE exp_e='07-19420953' AND c_asigna='300209' AND status IN ('0','3','B','C') [1][0] OK
C:[16/08/2013 15:49:14.37][190.73.237.41][1182] SELECT par_cod_asig1,par_cod_asig2,par_cod_asig3 FROM tblaca009_p_int WHERE pensum='5' AND c_uni_ca='2' AND c_asigna='300313' [1][0] OK
C:[16/08/2013 15:49:14.37][190.73.237.41][1182] SELECT par_cod_asig1,par_cod_asig2,par_cod_asig3 FROM tblaca009_p_int WHERE pensum='5' AND c_uni_ca='2' AND c_asigna='322433' [1][0] OK
C:[16/08/2013 15:49:14.64][190.73.237.41][1312] SELECT horas_lab FROM tblaca008 WHERE c_asigna='300313' AND horas_teoricas > 0 [1][0] OK
C:[16/08/2013 15:49:14.64][190.73.237.41][1312] SELECT horas_lab FROM tblaca008 WHERE c_asigna='322433' AND horas_teoricas > 0 [1][0] OK
C:[16/08/2013 15:49:47.26][190.37.34.249][1138] SELECT pre_cod_asig1,pre_cod_asig2,pre_cod_asig3,pre_cod_asig4,pre_cod_asig5,pre_cod_asig6,pre_cod_asig7 FROM tblaca009_p_int WHERE pensum='5' AND c_uni_ca='2' AND c_asigna='300101' [1][0] OK
C:[16/08/2013 15:49:47.94][190.37.34.249][1182] SELECT par_cod_asig1,par_cod_asig2,par_cod_asig3 FROM tblaca009_p_int WHERE pensum='5' AND c_uni_ca='2' AND c_asigna='300101' [1][0] OK
C:[16/08/2013 15:49:47.08][190.37.34.249][1312] SELECT horas_lab FROM tblaca008 WHERE c_asigna='300101' AND horas_teoricas > 0 [1][0] OK
C:[16/08/2013 15:50:06.38][190.206.57.11][1138] SELECT pre_cod_asig1,pre_cod_asig2,pre_cod_asig3,pre_cod_asig4,pre_cod_asig5,pre_cod_asig6,pre_cod_asig7 FROM tblaca009_p_int WHERE pensum='5' AND c_uni_ca='3' AND c_asigna='300228' [1][0] OK
C:[16/08/2013 15:50:06.38][190.206.57.11][1151] SELECT c_asigna FROM dace004 WHERE exp_e='12-25324698' AND c_asigna='300101' AND status IN ('0','3','B','C') [1][0] OK
C:[16/08/2013 15:50:06.18][190.206.57.11][1182] SELECT par_cod_asig1,par_cod_asig2,par_cod_asig3 FROM tblaca009_p_int WHERE pensum='5' AND c_uni_ca='3' AND c_asigna='300228' [1][0] OK
C:[16/08/2013 15:50:06.32][190.206.57.11][1312] SELECT horas_lab FROM tblaca008 WHERE c_asigna='300228' AND horas_teoricas > 0 [1][0] OK
C:[16/08/2013 15:50:18.67][190.198.80.90][1138] SELECT pre_cod_asig1,pre_cod_asig2,pre_cod_asig3,pre_cod_asig4,pre_cod_asig5,pre_cod_asig6,pre_cod_asig7 FROM tblaca009_p_int WHERE pensum='5' AND c_uni_ca='6' AND c_asigna='300213' [1][0] OK
C:[16/08/2013 15:50:18.67][190.198.80.90][1151] SELECT c_asigna FROM dace004 WHERE exp_e='10-23500022' AND c_asigna='300101' AND status IN ('0','3','B','C') [1][0] OK
C:[16/08/2013 15:50:18.00][190.198.80.90][1182] SELECT par_cod_asig1,par_cod_asig2,par_cod_asig3 FROM tblaca009_p_int WHERE pensum='5' AND c_uni_ca='6' AND c_asigna='300213' [1][0] OK
C:[16/08/2013 15:50:18.13][190.198.80.90][1312] SELECT horas_lab FROM tblaca008 WHERE c_asigna='300213' AND horas_teoricas > 0 [1][0] OK
C:[16/08/2013 15:50:23.08][190.198.181.69][1138] SELECT pre_cod_asig1,pre_cod_asig2,pre_cod_asig3,pre_cod_asig4,pre_cod_asig5,pre_cod_asig6,pre_cod_asig7 FROM tblaca009_p_int WHERE pensum='5' AND c_uni_ca='5' AND c_asigna='300101' [1][0] OK
C:[16/08/2013 15:50:23.21][190.198.181.69][1182] SELECT par_cod_asig1,par_cod_asig2,par_cod_asig3 FROM tblaca009_p_int WHERE pensum='5' AND c_uni_ca='5' AND c_asigna='300101' [1][0] OK
C:[16/08/2013 15:50:24.34][190.198.181.69][1312] SELECT horas_lab FROM tblaca008 WHERE c_asigna='300101' AND horas_teoricas > 0 [1][0] OK
C:[16/08/2013 15:51:22.89][186.90.189.179][1138] SELECT pre_cod_asig1,pre_cod_asig2,pre_cod_asig3,pre_cod_asig4,pre_cod_asig5,pre_cod_asig6,pre_cod_asig7 FROM tblaca009_p_int WHERE pensum='5' AND c_uni_ca='2' AND c_asigna='322826' [1][0] OK
C:[16/08/2013 15:51:22.89][186.90.189.179][1151] SELECT c_asigna FROM dace004 WHERE exp_e='09-21175920' AND c_asigna='322683' AND status IN ('0','3','B','C') [1][0] OK
C:[16/08/2013 15:51:22.89][186.90.189.179][1138] SELECT pre_cod_asig1,pre_cod_asig2,pre_cod_asig3,pre_cod_asig4,pre_cod_asig5,pre_cod_asig6,pre_cod_asig7 FROM tblaca009_p_int WHERE pensum='5' AND c_uni_ca='2' AND c_asigna='322041' [1][0] OK
C:[16/08/2013 15:51:22.83][186.90.189.179][1182] SELECT par_cod_asig1,par_cod_asig2,par_cod_asig3 FROM tblaca009_p_int WHERE pensum='5' AND c_uni_ca='2' AND c_asigna='322826' [1][0] OK
C:[16/08/2013 15:51:22.83][186.90.189.179][1182] SELECT par_cod_asig1,par_cod_asig2,par_cod_asig3 FROM tblaca009_p_int WHERE pensum='5' AND c_uni_ca='2' AND c_asigna='322041' [1][0] OK
C:[16/08/2013 15:51:22.09][186.90.189.179][1312] SELECT horas_lab FROM tblaca008 WHERE c_asigna='322826' AND horas_teoricas > 0 [1][0] OK
C:[16/08/2013 15:51:22.09][186.90.189.179][1312] SELECT horas_lab FROM tblaca008 WHERE c_asigna='322041' AND horas_teoricas > 0 [1][0] OK
C:[16/08/2013 15:52:12.25][190.121.238.179][1138] SELECT pre_cod_asig1,pre_cod_asig2,pre_cod_asig3,pre_cod_asig4,pre_cod_asig5,pre_cod_asig6,pre_cod_asig7 FROM tblaca009_p_int WHERE pensum='5' AND c_uni_ca='4' AND c_asigna='300956' [1][0] OK
C:[16/08/2013 15:52:12.25][190.121.238.179][1151] SELECT c_asigna FROM dace004 WHERE exp_e='08-20841083' AND c_asigna='300422' AND status IN ('0','3','B','C') [1][0] OK
C:[16/08/2013 15:52:12.07][190.121.238.179][1182] SELECT par_cod_asig1,par_cod_asig2,par_cod_asig3 FROM tblaca009_p_int WHERE pensum='5' AND c_uni_ca='4' AND c_asigna='300956' [1][0] OK
C:[16/08/2013 15:52:12.30][190.121.238.179][1312] SELECT horas_lab FROM tblaca008 WHERE c_asigna='300956' AND horas_teoricas > 0 [1][0] OK
C:[16/08/2013 15:52:36.74][190.94.251.54][1138] SELECT pre_cod_asig1,pre_cod_asig2,pre_cod_asig3,pre_cod_asig4,pre_cod_asig5,pre_cod_asig6,pre_cod_asig7 FROM tblaca009_p_int WHERE pensum='5' AND c_uni_ca='2' AND c_asigna='300317' [1][0] OK
C:[16/08/2013 15:52:36.74][190.94.251.54][1151] SELECT c_asigna FROM dace004 WHERE exp_e='11-20503729' AND c_asigna='300207' AND status IN ('0','3','B','C') [1][0] OK
C:[16/08/2013 15:52:36.74][190.94.251.54][1151] SELECT c_asigna FROM dace004 WHERE exp_e='11-20503729' AND c_asigna='300209' AND status IN ('0','3','B','C') [1][0] OK
C:[16/08/2013 15:52:36.74][190.94.251.54][1138] SELECT pre_cod_asig1,pre_cod_asig2,pre_cod_asig3,pre_cod_asig4,pre_cod_asig5,pre_cod_asig6,pre_cod_asig7 FROM tblaca009_p_int WHERE pensum='5' AND c_uni_ca='2' AND c_asigna='320323' [1][0] OK
C:[16/08/2013 15:52:36.74][190.94.251.54][1151] SELECT c_asigna FROM dace004 WHERE exp_e='11-20503729' AND c_asigna='300228' AND status IN ('0','3','B','C') [1][0] OK
C:[16/08/2013 15:52:36.74][190.94.251.54][1151] SELECT c_asigna FROM dace004 WHERE exp_e='11-20503729' AND c_asigna='300218' AND status IN ('0','3','B','C') [1][0] OK
C:[16/08/2013 15:52:36.16][190.94.251.54][1182] SELECT par_cod_asig1,par_cod_asig2,par_cod_asig3 FROM tblaca009_p_int WHERE pensum='5' AND c_uni_ca='2' AND c_asigna='300317' [1][0] OK
C:[16/08/2013 15:52:36.16][190.94.251.54][1182] SELECT par_cod_asig1,par_cod_asig2,par_cod_asig3 FROM tblaca009_p_int WHERE pensum='5' AND c_uni_ca='2' AND c_asigna='320323' [1][0] OK
C:[16/08/2013 15:52:36.33][190.94.251.54][1312] SELECT horas_lab FROM tblaca008 WHERE c_asigna='300317' AND horas_teoricas > 0 [1][0] OK
C:[16/08/2013 15:52:36.33][190.94.251.54][1312] SELECT horas_lab FROM tblaca008 WHERE c_asigna='320323' AND horas_teoricas > 0 [1][0] OK
C:[16/08/2013 15:57:04.80][190.36.25.189][1138] SELECT pre_cod_asig1,pre_cod_asig2,pre_cod_asig3,pre_cod_asig4,pre_cod_asig5,pre_cod_asig6,pre_cod_asig7 FROM tblaca009_p_int WHERE pensum='5' AND c_uni_ca='4' AND c_asigna='333639' [1][0] OK
C:[16/08/2013 15:57:04.80][190.36.25.189][1151] SELECT c_asigna FROM dace004 WHERE exp_e='08-20706036' AND c_asigna='333585' AND status IN ('0','3','B','C') [1][0] OK
C:[16/08/2013 15:57:04.61][190.36.25.189][1182] SELECT par_cod_asig1,par_cod_asig2,par_cod_asig3 FROM tblaca009_p_int WHERE pensum='5' AND c_uni_ca='4' AND c_asigna='333639' [1][0] OK
C:[16/08/2013 15:57:04.75][190.36.25.189][1312] SELECT horas_lab FROM tblaca008 WHERE c_asigna='333639' AND horas_teoricas > 0 [1][0] OK
C:[16/08/2013 15:57:22.64][190.78.116.169][1138] SELECT pre_cod_asig1,pre_cod_asig2,pre_cod_asig3,pre_cod_asig4,pre_cod_asig5,pre_cod_asig6,pre_cod_asig7 FROM tblaca009_p_int WHERE pensum='5' AND c_uni_ca='2' AND c_asigna='300101' [1][0] OK
C:[16/08/2013 15:57:22.33][190.78.116.169][1182] SELECT par_cod_asig1,par_cod_asig2,par_cod_asig3 FROM tblaca009_p_int WHERE pensum='5' AND c_uni_ca='2' AND c_asigna='300101' [1][0] OK
C:[16/08/2013 15:57:22.46][190.78.116.169][1312] SELECT horas_lab FROM tblaca008 WHERE c_asigna='300101' AND horas_teoricas > 0 [1][0] OK
C:[16/08/2013 15:57:49.09][190.94.251.54][1138] SELECT pre_cod_asig1,pre_cod_asig2,pre_cod_asig3,pre_cod_asig4,pre_cod_asig5,pre_cod_asig6,pre_cod_asig7 FROM tblaca009_p_int WHERE pensum='5' AND c_uni_ca='2' AND c_asigna='300317' [1][0] OK
C:[16/08/2013 15:57:49.09][190.94.251.54][1151] SELECT c_asigna FROM dace004 WHERE exp_e='11-20503729' AND c_asigna='300207' AND status IN ('0','3','B','C') [1][0] OK
C:[16/08/2013 15:57:49.09][190.94.251.54][1151] SELECT c_asigna FROM dace004 WHERE exp_e='11-20503729' AND c_asigna='300209' AND status IN ('0','3','B','C') [1][0] OK
C:[16/08/2013 15:57:49.09][190.94.251.54][1138] SELECT pre_cod_asig1,pre_cod_asig2,pre_cod_asig3,pre_cod_asig4,pre_cod_asig5,pre_cod_asig6,pre_cod_asig7 FROM tblaca009_p_int WHERE pensum='5' AND c_uni_ca='2' AND c_asigna='320323' [1][0] OK
C:[16/08/2013 15:57:49.09][190.94.251.54][1151] SELECT c_asigna FROM dace004 WHERE exp_e='11-20503729' AND c_asigna='300228' AND status IN ('0','3','B','C') [1][0] OK
C:[16/08/2013 15:57:49.09][190.94.251.54][1151] SELECT c_asigna FROM dace004 WHERE exp_e='11-20503729' AND c_asigna='300218' AND status IN ('0','3','B','C') [1][0] OK
C:[16/08/2013 15:57:49.83][190.94.251.54][1182] SELECT par_cod_asig1,par_cod_asig2,par_cod_asig3 FROM tblaca009_p_int WHERE pensum='5' AND c_uni_ca='2' AND c_asigna='300317' [1][0] OK
C:[16/08/2013 15:57:49.83][190.94.251.54][1182] SELECT par_cod_asig1,par_cod_asig2,par_cod_asig3 FROM tblaca009_p_int WHERE pensum='5' AND c_uni_ca='2' AND c_asigna='320323' [1][0] OK
C:[16/08/2013 15:57:49.76][190.94.251.54][1312] SELECT horas_lab FROM tblaca008 WHERE c_asigna='300317' AND horas_teoricas > 0 [1][0] OK
C:[16/08/2013 15:57:49.76][190.94.251.54][1312] SELECT horas_lab FROM tblaca008 WHERE c_asigna='320323' AND horas_teoricas > 0 [1][0] OK
C:[16/08/2013 15:58:27.63][201.243.112.241][1138] SELECT pre_cod_asig1,pre_cod_asig2,pre_cod_asig3,pre_cod_asig4,pre_cod_asig5,pre_cod_asig6,pre_cod_asig7 FROM tblaca009_p_int WHERE pensum='5' AND c_uni_ca='6' AND c_asigna='300956' [1][0] OK
C:[16/08/2013 15:58:27.63][201.243.112.241][1151] SELECT c_asigna FROM dace004 WHERE exp_e='08-20222977' AND c_asigna='300422' AND status IN ('0','3','B','C') [1][0] OK
C:[16/08/2013 15:58:28.42][201.243.112.241][1182] SELECT par_cod_asig1,par_cod_asig2,par_cod_asig3 FROM tblaca009_p_int WHERE pensum='5' AND c_uni_ca='6' AND c_asigna='300956' [1][0] OK
C:[16/08/2013 15:58:28.52][201.243.112.241][1312] SELECT horas_lab FROM tblaca008 WHERE c_asigna='300956' AND horas_teoricas > 0 [1][0] OK
C:[16/08/2013 15:58:51.05][190.121.238.199][1138] SELECT pre_cod_asig1,pre_cod_asig2,pre_cod_asig3,pre_cod_asig4,pre_cod_asig5,pre_cod_asig6,pre_cod_asig7 FROM tblaca009_p_int WHERE pensum='5' AND c_uni_ca='2' AND c_asigna='322605' [1][0] OK
C:[16/08/2013 15:58:51.05][190.121.238.199][1151] SELECT c_asigna FROM dace004 WHERE exp_e='10-21251349' AND c_asigna='322436' AND status IN ('0','3','B','C') [1][0] OK
C:[16/08/2013 15:58:51.86][190.121.238.199][1182] SELECT par_cod_asig1,par_cod_asig2,par_cod_asig3 FROM tblaca009_p_int WHERE pensum='5' AND c_uni_ca='2' AND c_asigna='322605' [1][0] OK
C:[16/08/2013 15:58:51.99][190.121.238.199][1312] SELECT horas_lab FROM tblaca008 WHERE c_asigna='322605' AND horas_teoricas > 0 [1][0] OK
C:[16/08/2013 15:59:34.46][172.17.150.112][1138] SELECT pre_cod_asig1,pre_cod_asig2,pre_cod_asig3,pre_cod_asig4,pre_cod_asig5,pre_cod_asig6,pre_cod_asig7 FROM tblaca009_p_int WHERE pensum='5' AND c_uni_ca='2' AND c_asigna='322559' [1][0] OK
C:[16/08/2013 15:59:34.46][172.17.150.112][1151] SELECT c_asigna FROM dace004 WHERE exp_e='05-14187325' AND c_asigna='300428' AND status IN ('0','3','B','C') [1][0] OK
C:[16/08/2013 15:59:34.46][172.17.150.112][1151] SELECT c_asigna FROM dace004 WHERE exp_e='05-14187325' AND c_asigna='322436' AND status IN ('0','3','B','C') [1][0] OK
C:[16/08/2013 15:59:34.39][172.17.150.112][1182] SELECT par_cod_asig1,par_cod_asig2,par_cod_asig3 FROM tblaca009_p_int WHERE pensum='5' AND c_uni_ca='2' AND c_asigna='322559' [1][0] OK
C:[16/08/2013 15:59:34.52][172.17.150.112][1312] SELECT horas_lab FROM tblaca008 WHERE c_asigna='322559' AND horas_teoricas > 0 [1][0] OK
C:[16/08/2013 16:00:07.35][190.38.208.154][1138] SELECT pre_cod_asig1,pre_cod_asig2,pre_cod_asig3,pre_cod_asig4,pre_cod_asig5,pre_cod_asig6,pre_cod_asig7 FROM tblaca009_p_int WHERE pensum='5' AND c_uni_ca='6' AND c_asigna='300213' [1][0] OK
C:[16/08/2013 16:00:07.35][190.38.208.154][1151] SELECT c_asigna FROM dace004 WHERE exp_e='12-25277968' AND c_asigna='300101' AND status IN ('0','3','B','C') [1][0] OK
C:[16/08/2013 16:00:07.95][190.38.208.154][1182] SELECT par_cod_asig1,par_cod_asig2,par_cod_asig3 FROM tblaca009_p_int WHERE pensum='5' AND c_uni_ca='6' AND c_asigna='300213' [1][0] OK
C:[16/08/2013 16:00:07.90][190.38.208.154][1312] SELECT horas_lab FROM tblaca008 WHERE c_asigna='300213' AND horas_teoricas > 0 [1][0] OK
C:[16/08/2013 16:00:58.35][200.84.65.200][1138] SELECT pre_cod_asig1,pre_cod_asig2,pre_cod_asig3,pre_cod_asig4,pre_cod_asig5,pre_cod_asig6,pre_cod_asig7 FROM tblaca009_p_int WHERE pensum='5' AND c_uni_ca='6' AND c_asigna='344688' [1][0] OK
C:[16/08/2013 16:00:58.35][200.84.65.200][1151] SELECT c_asigna FROM dace004 WHERE exp_e='07-19128542' AND c_asigna='344565' AND status IN ('0','3','B','C') [1][0] OK
C:[16/08/2013 16:00:59.07][200.84.65.200][1182] SELECT par_cod_asig1,par_cod_asig2,par_cod_asig3 FROM tblaca009_p_int WHERE pensum='5' AND c_uni_ca='6' AND c_asigna='344688' [1][0] OK
C:[16/08/2013 16:00:59.20][200.84.65.200][1312] SELECT horas_lab FROM tblaca008 WHERE c_asigna='344688' AND horas_teoricas > 0 [1][0] OK
C:[16/08/2013 16:02:03.71][190.38.208.154][1138] SELECT pre_cod_asig1,pre_cod_asig2,pre_cod_asig3,pre_cod_asig4,pre_cod_asig5,pre_cod_asig6,pre_cod_asig7 FROM tblaca009_p_int WHERE pensum='5' AND c_uni_ca='4' AND c_asigna='300213' [1][0] OK
C:[16/08/2013 16:02:03.71][190.38.208.154][1151] SELECT c_asigna FROM dace004 WHERE exp_e='12-25557906' AND c_asigna='300101' AND status IN ('0','3','B','C') [1][0] OK
C:[16/08/2013 16:02:03.52][190.38.208.154][1182] SELECT par_cod_asig1,par_cod_asig2,par_cod_asig3 FROM tblaca009_p_int WHERE pensum='5' AND c_uni_ca='4' AND c_asigna='300213' [1][0] OK
C:[16/08/2013 16:02:03.66][190.38.208.154][1312] SELECT horas_lab FROM tblaca008 WHERE c_asigna='300213' AND horas_teoricas > 0 [1][0] OK
C:[16/08/2013 16:02:38.69][190.77.235.241][1138] SELECT pre_cod_asig1,pre_cod_asig2,pre_cod_asig3,pre_cod_asig4,pre_cod_asig5,pre_cod_asig6,pre_cod_asig7 FROM tblaca009_p_int WHERE pensum='5' AND c_uni_ca='6' AND c_asigna='300105' [1][0] OK
C:[16/08/2013 16:02:38.37][190.77.235.241][1182] SELECT par_cod_asig1,par_cod_asig2,par_cod_asig3 FROM tblaca009_p_int WHERE pensum='5' AND c_uni_ca='6' AND c_asigna='300105' [1][0] OK
C:[16/08/2013 16:02:39.52][190.77.235.241][1312] SELECT horas_lab FROM tblaca008 WHERE c_asigna='300105' AND horas_teoricas > 0 [1][0] OK
C:[16/08/2013 16:03:11.90][190.201.175.202][1138] SELECT pre_cod_asig1,pre_cod_asig2,pre_cod_asig3,pre_cod_asig4,pre_cod_asig5,pre_cod_asig6,pre_cod_asig7 FROM tblaca009_p_int WHERE pensum='5' AND c_uni_ca='3' AND c_asigna='312333' [1][0] OK
C:[16/08/2013 16:03:11.90][190.201.175.202][1151] SELECT c_asigna FROM dace004 WHERE exp_e='07-18667882' AND c_asigna='300228' AND status IN ('0','3','B','C') [1][0] OK
C:[16/08/2013 16:03:11.90][190.201.175.202][1138] SELECT pre_cod_asig1,pre_cod_asig2,pre_cod_asig3,pre_cod_asig4,pre_cod_asig5,pre_cod_asig6,pre_cod_asig7 FROM tblaca009_p_int WHERE pensum='5' AND c_uni_ca='3' AND c_asigna='315671' [1][0] OK
C:[16/08/2013 16:03:11.90][190.201.175.202][1151] SELECT c_asigna FROM dace004 WHERE exp_e='07-18667882' AND c_asigna='315552' AND status IN ('0','3','B','C') [1][0] OK
C:[16/08/2013 16:03:11.06][190.201.175.202][1182] SELECT par_cod_asig1,par_cod_asig2,par_cod_asig3 FROM tblaca009_p_int WHERE pensum='5' AND c_uni_ca='3' AND c_asigna='312333' [1][0] OK
C:[16/08/2013 16:03:11.06][190.201.175.202][1182] SELECT par_cod_asig1,par_cod_asig2,par_cod_asig3 FROM tblaca009_p_int WHERE pensum='5' AND c_uni_ca='3' AND c_asigna='315671' [1][0] OK
C:[16/08/2013 16:03:11.22][190.201.175.202][1312] SELECT horas_lab FROM tblaca008 WHERE c_asigna='312333' AND horas_teoricas > 0 [1][0] OK
C:[16/08/2013 16:03:11.22][190.201.175.202][1312] SELECT horas_lab FROM tblaca008 WHERE c_asigna='315671' AND horas_teoricas > 0 [1][0] OK
C:[16/08/2013 16:03:41.00][181.182.164.11][1138] SELECT pre_cod_asig1,pre_cod_asig2,pre_cod_asig3,pre_cod_asig4,pre_cod_asig5,pre_cod_asig6,pre_cod_asig7 FROM tblaca009_p_int WHERE pensum='5' AND c_uni_ca='6' AND c_asigna='342559' [1][0] OK
C:[16/08/2013 16:03:41.00][181.182.164.11][1151] SELECT c_asigna FROM dace004 WHERE exp_e='07-20036308' AND c_asigna='342436' AND status IN ('0','3','B','C') [1][0] OK
C:[16/08/2013 16:03:41.00][181.182.164.11][1138] SELECT pre_cod_asig1,pre_cod_asig2,pre_cod_asig3,pre_cod_asig4,pre_cod_asig5,pre_cod_asig6,pre_cod_asig7 FROM tblaca009_p_int WHERE pensum='5' AND c_uni_ca='6' AND c_asigna='344566' [1][0] OK
C:[16/08/2013 16:03:41.00][181.182.164.11][1151] SELECT c_asigna FROM dace004 WHERE exp_e='07-20036308' AND c_asigna='344446' AND status IN ('0','3','B','C') [1][0] OK
C:[16/08/2013 16:03:41.00][181.182.164.11][1151] SELECT c_asigna FROM dace004 WHERE exp_e='07-20036308' AND c_asigna='300428' AND status IN ('0','3','B','C') [1][0] OK
C:[16/08/2013 16:03:41.18][181.182.164.11][1182] SELECT par_cod_asig1,par_cod_asig2,par_cod_asig3 FROM tblaca009_p_int WHERE pensum='5' AND c_uni_ca='6' AND c_asigna='342559' [1][0] OK
C:[16/08/2013 16:03:41.18][181.182.164.11][1182] SELECT par_cod_asig1,par_cod_asig2,par_cod_asig3 FROM tblaca009_p_int WHERE pensum='5' AND c_uni_ca='6' AND c_asigna='344566' [1][0] OK
C:[16/08/2013 16:03:41.45][181.182.164.11][1312] SELECT horas_lab FROM tblaca008 WHERE c_asigna='342559' AND horas_teoricas > 0 [1][0] OK
C:[16/08/2013 16:03:41.45][181.182.164.11][1312] SELECT horas_lab FROM tblaca008 WHERE c_asigna='344566' AND horas_teoricas > 0 [1][0] OK
C:[16/08/2013 16:04:57.91][201.243.112.241][1138] SELECT pre_cod_asig1,pre_cod_asig2,pre_cod_asig3,pre_cod_asig4,pre_cod_asig5,pre_cod_asig6,pre_cod_asig7 FROM tblaca009_p_int WHERE pensum='5' AND c_uni_ca='6' AND c_asigna='300956' [1][0] OK
C:[16/08/2013 16:04:57.91][201.243.112.241][1151] SELECT c_asigna FROM dace004 WHERE exp_e='09-20525549' AND c_asigna='300422' AND status IN ('0','3','B','C') [1][0] OK
C:[16/08/2013 16:04:57.63][201.243.112.241][1182] SELECT par_cod_asig1,par_cod_asig2,par_cod_asig3 FROM tblaca009_p_int WHERE pensum='5' AND c_uni_ca='6' AND c_asigna='300956' [1][0] OK
C:[16/08/2013 16:04:57.77][201.243.112.241][1312] SELECT horas_lab FROM tblaca008 WHERE c_asigna='300956' AND horas_teoricas > 0 [1][0] OK
C:[16/08/2013 16:05:18.75][190.37.173.203][1138] SELECT pre_cod_asig1,pre_cod_asig2,pre_cod_asig3,pre_cod_asig4,pre_cod_asig5,pre_cod_asig6,pre_cod_asig7 FROM tblaca009_p_int WHERE pensum='5' AND c_uni_ca='2' AND c_asigna='300213' [1][0] OK
C:[16/08/2013 16:05:18.75][190.37.173.203][1151] SELECT c_asigna FROM dace004 WHERE exp_e='10-22969102' AND c_asigna='300101' AND status IN ('0','3','B','C') [1][0] OK
C:[16/08/2013 16:05:18.75][190.37.173.203][1138] SELECT pre_cod_asig1,pre_cod_asig2,pre_cod_asig3,pre_cod_asig4,pre_cod_asig5,pre_cod_asig6,pre_cod_asig7 FROM tblaca009_p_int WHERE pensum='5' AND c_uni_ca='2' AND c_asigna='320323' [1][0] OK
C:[16/08/2013 16:05:18.75][190.37.173.203][1151] SELECT c_asigna FROM dace004 WHERE exp_e='10-22969102' AND c_asigna='300228' AND status IN ('0','3','B','C') [1][0] OK
C:[16/08/2013 16:05:18.75][190.37.173.203][1151] SELECT c_asigna FROM dace004 WHERE exp_e='10-22969102' AND c_asigna='300218' AND status IN ('0','3','B','C') [1][0] OK
C:[16/08/2013 16:05:18.94][190.37.173.203][1182] SELECT par_cod_asig1,par_cod_asig2,par_cod_asig3 FROM tblaca009_p_int WHERE pensum='5' AND c_uni_ca='2' AND c_asigna='300213' [1][0] OK
C:[16/08/2013 16:05:18.94][190.37.173.203][1182] SELECT par_cod_asig1,par_cod_asig2,par_cod_asig3 FROM tblaca009_p_int WHERE pensum='5' AND c_uni_ca='2' AND c_asigna='320323' [1][0] OK
C:[16/08/2013 16:05:18.21][190.37.173.203][1312] SELECT horas_lab FROM tblaca008 WHERE c_asigna='300213' AND horas_teoricas > 0 [1][0] OK
C:[16/08/2013 16:05:18.21][190.37.173.203][1312] SELECT horas_lab FROM tblaca008 WHERE c_asigna='320323' AND horas_teoricas > 0 [1][0] OK
C:[16/08/2013 16:07:41.55][181.182.169.119][1138] SELECT pre_cod_asig1,pre_cod_asig2,pre_cod_asig3,pre_cod_asig4,pre_cod_asig5,pre_cod_asig6,pre_cod_asig7 FROM tblaca009_p_int WHERE pensum='5' AND c_uni_ca='6' AND c_asigna='300313' [1][0] OK
C:[16/08/2013 16:07:41.55][181.182.169.119][1151] SELECT c_asigna FROM dace004 WHERE exp_e='10-21247659' AND c_asigna='300213' AND status IN ('0','3','B','C') [1][0] OK
C:[16/08/2013 16:07:41.55][181.182.169.119][1138] SELECT pre_cod_asig1,pre_cod_asig2,pre_cod_asig3,pre_cod_asig4,pre_cod_asig5,pre_cod_asig6,pre_cod_asig7 FROM tblaca009_p_int WHERE pensum='5' AND c_uni_ca='6' AND c_asigna='311561' [1][0] OK
C:[16/08/2013 16:07:41.55][181.182.169.119][1151] SELECT c_asigna FROM dace004 WHERE exp_e='10-21247659' AND c_asigna='300318' AND status IN ('0','3','B','C') [1][0] OK
C:[16/08/2013 16:07:41.61][181.182.169.119][1182] SELECT par_cod_asig1,par_cod_asig2,par_cod_asig3 FROM tblaca009_p_int WHERE pensum='5' AND c_uni_ca='6' AND c_asigna='300313' [1][0] OK
C:[16/08/2013 16:07:41.61][181.182.169.119][1182] SELECT par_cod_asig1,par_cod_asig2,par_cod_asig3 FROM tblaca009_p_int WHERE pensum='5' AND c_uni_ca='6' AND c_asigna='311561' [1][0] OK
C:[16/08/2013 16:07:41.88][181.182.169.119][1312] SELECT horas_lab FROM tblaca008 WHERE c_asigna='300313' AND horas_teoricas > 0 [1][0] OK
C:[16/08/2013 16:07:41.88][181.182.169.119][1312] SELECT horas_lab FROM tblaca008 WHERE c_asigna='311561' AND horas_teoricas > 0 [1][0] OK
C:[16/08/2013 16:08:14.78][190.201.175.202][1138] SELECT pre_cod_asig1,pre_cod_asig2,pre_cod_asig3,pre_cod_asig4,pre_cod_asig5,pre_cod_asig6,pre_cod_asig7 FROM tblaca009_p_int WHERE pensum='5' AND c_uni_ca='2' AND c_asigna='322780' [1][0] OK
C:[16/08/2013 16:08:14.78][190.201.175.202][1151] SELECT c_asigna FROM dace004 WHERE exp_e='10-20564202' AND c_asigna='322678' AND status IN ('0','3','B','C') [1][0] OK
C:[16/08/2013 16:08:14.59][190.201.175.202][1182] SELECT par_cod_asig1,par_cod_asig2,par_cod_asig3 FROM tblaca009_p_int WHERE pensum='5' AND c_uni_ca='2' AND c_asigna='322780' [1][0] OK
C:[16/08/2013 16:08:14.74][190.201.175.202][1312] SELECT horas_lab FROM tblaca008 WHERE c_asigna='322780' AND horas_teoricas > 0 [1][0] OK
C:[16/08/2013 16:08:47.61][190.198.233.151][1138] SELECT pre_cod_asig1,pre_cod_asig2,pre_cod_asig3,pre_cod_asig4,pre_cod_asig5,pre_cod_asig6,pre_cod_asig7 FROM tblaca009_p_int WHERE pensum='5' AND c_uni_ca='5' AND c_asigna='355722' [1][0] OK
C:[16/08/2013 16:08:47.61][190.198.233.151][1151] SELECT c_asigna FROM dace004 WHERE exp_e='07-19622163' AND c_asigna='355691' AND status IN ('0','3','B','C') [1][0] OK
C:[16/08/2013 16:08:47.61][190.198.233.151][1151] SELECT c_asigna FROM dace004 WHERE exp_e='07-19622163' AND c_asigna='355595' AND status IN ('0','3','B','C') [1][0] OK
C:[16/08/2013 16:08:47.71][190.198.233.151][1182] SELECT par_cod_asig1,par_cod_asig2,par_cod_asig3 FROM tblaca009_p_int WHERE pensum='5' AND c_uni_ca='5' AND c_asigna='355722' [1][0] OK
C:[16/08/2013 16:08:47.84][190.198.233.151][1312] SELECT horas_lab FROM tblaca008 WHERE c_asigna='355722' AND horas_teoricas > 0 [1][0] OK
C:[16/08/2013 16:13:11.81][190.94.241.18][1138] SELECT pre_cod_asig1,pre_cod_asig2,pre_cod_asig3,pre_cod_asig4,pre_cod_asig5,pre_cod_asig6,pre_cod_asig7 FROM tblaca009_p_int WHERE pensum='5' AND c_uni_ca='4' AND c_asigna='333564' [1][0] OK
C:[16/08/2013 16:13:11.81][190.94.241.18][1151] SELECT c_asigna FROM dace004 WHERE exp_e='09-20882857' AND c_asigna='333441' AND status IN ('0','3','B','C') [1][0] OK
C:[16/08/2013 16:13:11.53][190.94.241.18][1182] SELECT par_cod_asig1,par_cod_asig2,par_cod_asig3 FROM tblaca009_p_int WHERE pensum='5' AND c_uni_ca='4' AND c_asigna='333564' [1][0] OK
C:[16/08/2013 16:13:11.67][190.94.241.18][1312] SELECT horas_lab FROM tblaca008 WHERE c_asigna='333564' AND horas_teoricas > 0 [1][0] OK
C:[16/08/2013 16:14:33.33][190.200.4.115][1138] SELECT pre_cod_asig1,pre_cod_asig2,pre_cod_asig3,pre_cod_asig4,pre_cod_asig5,pre_cod_asig6,pre_cod_asig7 FROM tblaca009_p_int WHERE pensum='5' AND c_uni_ca='2' AND c_asigna='322605' [1][0] OK
C:[16/08/2013 16:14:33.33][190.200.4.115][1151] SELECT c_asigna FROM dace004 WHERE exp_e='09-20557115' AND c_asigna='322436' AND status IN ('0','3','B','C') [1][0] OK
C:[16/08/2013 16:14:33.33][190.200.4.115][1138] SELECT pre_cod_asig1,pre_cod_asig2,pre_cod_asig3,pre_cod_asig4,pre_cod_asig5,pre_cod_asig6,pre_cod_asig7 FROM tblaca009_p_int WHERE pensum='5' AND c_uni_ca='2' AND c_asigna='322669' [1][0] OK
C:[16/08/2013 16:14:33.33][190.200.4.115][1151] SELECT c_asigna FROM dace004 WHERE exp_e='09-20557115' AND c_asigna='322558' AND status IN ('0','3','B','C') [1][0] OK
C:[16/08/2013 16:14:33.33][190.200.4.115][1138] SELECT pre_cod_asig1,pre_cod_asig2,pre_cod_asig3,pre_cod_asig4,pre_cod_asig5,pre_cod_asig6,pre_cod_asig7 FROM tblaca009_p_int WHERE pensum='5' AND c_uni_ca='2' AND c_asigna='322683' [1][0] OK
C:[16/08/2013 16:14:33.33][190.200.4.115][1151] SELECT c_asigna FROM dace004 WHERE exp_e='09-20557115' AND c_asigna='322560' AND status IN ('0','3','B','C') [1][0] OK
C:[16/08/2013 16:14:33.74][190.200.4.115][1182] SELECT par_cod_asig1,par_cod_asig2,par_cod_asig3 FROM tblaca009_p_int WHERE pensum='5' AND c_uni_ca='2' AND c_asigna='322605' [1][0] OK
C:[16/08/2013 16:14:33.74][190.200.4.115][1182] SELECT par_cod_asig1,par_cod_asig2,par_cod_asig3 FROM tblaca009_p_int WHERE pensum='5' AND c_uni_ca='2' AND c_asigna='322669' [1][0] OK
C:[16/08/2013 16:14:33.74][190.200.4.115][1182] SELECT par_cod_asig1,par_cod_asig2,par_cod_asig3 FROM tblaca009_p_int WHERE pensum='5' AND c_uni_ca='2' AND c_asigna='322683' [1][0] OK
C:[16/08/2013 16:14:33.12][190.200.4.115][1312] SELECT horas_lab FROM tblaca008 WHERE c_asigna='322605' AND horas_teoricas > 0 [1][0] OK
C:[16/08/2013 16:14:33.12][190.200.4.115][1312] SELECT horas_lab FROM tblaca008 WHERE c_asigna='322669' AND horas_teoricas > 0 [1][0] OK
C:[16/08/2013 16:14:33.12][190.200.4.115][1312] SELECT horas_lab FROM tblaca008 WHERE c_asigna='322683' AND horas_teoricas > 0 [1][0] OK
C:[16/08/2013 16:14:46.15][190.36.25.189][1138] SELECT pre_cod_asig1,pre_cod_asig2,pre_cod_asig3,pre_cod_asig4,pre_cod_asig5,pre_cod_asig6,pre_cod_asig7 FROM tblaca009_p_int WHERE pensum='5' AND c_uni_ca='3' AND c_asigna='311673' [1][0] OK
C:[16/08/2013 16:14:46.15][190.36.25.189][1151] SELECT c_asigna FROM dace004 WHERE exp_e='09-20223477' AND c_asigna='311551' AND status IN ('0','3','B','C') [1][0] OK
C:[16/08/2013 16:14:46.39][190.36.25.189][1182] SELECT par_cod_asig1,par_cod_asig2,par_cod_asig3 FROM tblaca009_p_int WHERE pensum='5' AND c_uni_ca='3' AND c_asigna='311673' [1][0] OK
C:[16/08/2013 16:14:46.53][190.36.25.189][1312] SELECT horas_lab FROM tblaca008 WHERE c_asigna='311673' AND horas_teoricas > 0 [1][0] OK
C:[16/08/2013 16:17:46.10][190.74.179.59][1138] SELECT pre_cod_asig1,pre_cod_asig2,pre_cod_asig3,pre_cod_asig4,pre_cod_asig5,pre_cod_asig6,pre_cod_asig7 FROM tblaca009_p_int WHERE pensum='5' AND c_uni_ca='5' AND c_asigna='351330' [1][0] OK
C:[16/08/2013 16:17:46.10][190.74.179.59][1151] SELECT c_asigna FROM dace004 WHERE exp_e='10-20503956' AND c_asigna='300218' AND status IN ('0','3','B','C') [1][0] OK
C:[16/08/2013 16:17:46.10][190.74.179.59][1138] SELECT pre_cod_asig1,pre_cod_asig2,pre_cod_asig3,pre_cod_asig4,pre_cod_asig5,pre_cod_asig6,pre_cod_asig7 FROM tblaca009_p_int WHERE pensum='5' AND c_uni_ca='5' AND c_asigna='352440' [1][0] OK
C:[16/08/2013 16:17:46.10][190.74.179.59][1151] SELECT c_asigna FROM dace004 WHERE exp_e='10-20503956' AND c_asigna='300317' AND status IN ('0','3','B','C') [1][0] OK
C:[16/08/2013 16:17:46.10][190.74.179.59][1151] SELECT c_asigna FROM dace004 WHERE exp_e='10-20503956' AND c_asigna='300013' AND status IN ('0','3','B','C') [1][0] OK
C:[16/08/2013 16:17:46.30][190.74.179.59][1182] SELECT par_cod_asig1,par_cod_asig2,par_cod_asig3 FROM tblaca009_p_int WHERE pensum='5' AND c_uni_ca='5' AND c_asigna='351330' [1][0] OK
C:[16/08/2013 16:17:46.30][190.74.179.59][1196] SELECT c_asigna FROM dace004 WHERE exp_e='10-20503956' AND c_asigna='300317' AND status IN ('0','3','B','C') [1][0] OK
C:[16/08/2013 16:17:46.30][190.74.179.59][1182] SELECT par_cod_asig1,par_cod_asig2,par_cod_asig3 FROM tblaca009_p_int WHERE pensum='5' AND c_uni_ca='5' AND c_asigna='352440' [1][0] OK
C:[16/08/2013 16:17:46.68][190.74.179.59][1312] SELECT horas_lab FROM tblaca008 WHERE c_asigna='351330' AND horas_teoricas > 0 [1][0] OK
C:[16/08/2013 16:17:46.68][190.74.179.59][1312] SELECT horas_lab FROM tblaca008 WHERE c_asigna='352440' AND horas_teoricas > 0 [1][0] OK
C:[16/08/2013 16:18:52.18][190.77.242.129][1138] SELECT pre_cod_asig1,pre_cod_asig2,pre_cod_asig3,pre_cod_asig4,pre_cod_asig5,pre_cod_asig6,pre_cod_asig7 FROM tblaca009_p_int WHERE pensum='5' AND c_uni_ca='5' AND c_asigna='300209' [1][0] OK
C:[16/08/2013 16:18:52.18][190.77.242.129][1151] SELECT c_asigna FROM dace004 WHERE exp_e='12-24559678' AND c_asigna='300101' AND status IN ('0','3','B','C') [1][0] OK
C:[16/08/2013 16:18:52.99][190.77.242.129][1182] SELECT par_cod_asig1,par_cod_asig2,par_cod_asig3 FROM tblaca009_p_int WHERE pensum='5' AND c_uni_ca='5' AND c_asigna='300209' [1][0] OK
C:[16/08/2013 16:18:52.14][190.77.242.129][1312] SELECT horas_lab FROM tblaca008 WHERE c_asigna='300209' AND horas_teoricas > 0 [1][0] OK
C:[16/08/2013 16:18:56.21][190.77.222.215][1138] SELECT pre_cod_asig1,pre_cod_asig2,pre_cod_asig3,pre_cod_asig4,pre_cod_asig5,pre_cod_asig6,pre_cod_asig7 FROM tblaca009_p_int WHERE pensum='5' AND c_uni_ca='6' AND c_asigna='300313' [1][0] OK
C:[16/08/2013 16:18:56.21][190.77.222.215][1151] SELECT c_asigna FROM dace004 WHERE exp_e='11-22822909' AND c_asigna='300213' AND status IN ('0','3','B','C') [1][0] OK
C:[16/08/2013 16:18:56.21][190.77.222.215][1138] SELECT pre_cod_asig1,pre_cod_asig2,pre_cod_asig3,pre_cod_asig4,pre_cod_asig5,pre_cod_asig6,pre_cod_asig7 FROM tblaca009_p_int WHERE pensum='5' AND c_uni_ca='6' AND c_asigna='300318' [1][0] OK
C:[16/08/2013 16:18:56.21][190.77.222.215][1151] SELECT c_asigna FROM dace004 WHERE exp_e='11-22822909' AND c_asigna='300228' AND status IN ('0','3','B','C') [1][0] OK
C:[16/08/2013 16:18:56.21][190.77.222.215][1151] SELECT c_asigna FROM dace004 WHERE exp_e='11-22822909' AND c_asigna='300207' AND status IN ('0','3','B','C') [1][0] OK
C:[16/08/2013 16:18:56.21][190.77.222.215][1151] SELECT c_asigna FROM dace004 WHERE exp_e='11-22822909' AND c_asigna='300218' AND status IN ('0','3','B','C') [1][0] OK
C:[16/08/2013 16:18:56.94][190.77.222.215][1182] SELECT par_cod_asig1,par_cod_asig2,par_cod_asig3 FROM tblaca009_p_int WHERE pensum='5' AND c_uni_ca='6' AND c_asigna='300313' [1][0] OK
C:[16/08/2013 16:18:56.94][190.77.222.215][1182] SELECT par_cod_asig1,par_cod_asig2,par_cod_asig3 FROM tblaca009_p_int WHERE pensum='5' AND c_uni_ca='6' AND c_asigna='300318' [1][0] OK
C:[16/08/2013 16:18:56.11][190.77.222.215][1312] SELECT horas_lab FROM tblaca008 WHERE c_asigna='300313' AND horas_teoricas > 0 [1][0] OK
C:[16/08/2013 16:18:56.11][190.77.222.215][1312] SELECT horas_lab FROM tblaca008 WHERE c_asigna='300318' AND horas_teoricas > 0 [1][0] OK
C:[16/08/2013 16:20:12.62][190.204.173.244][1138] SELECT pre_cod_asig1,pre_cod_asig2,pre_cod_asig3,pre_cod_asig4,pre_cod_asig5,pre_cod_asig6,pre_cod_asig7 FROM tblaca009_p_int WHERE pensum='5' AND c_uni_ca='5' AND c_asigna='351330' [1][0] OK
C:[16/08/2013 16:20:12.62][190.204.173.244][1151] SELECT c_asigna FROM dace004 WHERE exp_e='10-24559470' AND c_asigna='300218' AND status IN ('0','3','B','C') [1][0] OK
C:[16/08/2013 16:20:12.62][190.204.173.244][1138] SELECT pre_cod_asig1,pre_cod_asig2,pre_cod_asig3,pre_cod_asig4,pre_cod_asig5,pre_cod_asig6,pre_cod_asig7 FROM tblaca009_p_int WHERE pensum='5' AND c_uni_ca='5' AND c_asigna='355448' [1][0] OK
C:[16/08/2013 16:20:12.62][190.204.173.244][1151] SELECT c_asigna FROM dace004 WHERE exp_e='10-24559470' AND c_asigna='300313' AND status IN ('0','3','B','C') [1][0] OK
C:[16/08/2013 16:20:12.72][190.204.173.244][1182] SELECT par_cod_asig1,par_cod_asig2,par_cod_asig3 FROM tblaca009_p_int WHERE pensum='5' AND c_uni_ca='5' AND c_asigna='351330' [1][0] OK
C:[16/08/2013 16:20:12.72][190.204.173.244][1196] SELECT c_asigna FROM dace004 WHERE exp_e='10-24559470' AND c_asigna='300317' AND status IN ('0','3','B','C') [0][0] OK
C:[16/08/2013 16:20:12.72][190.204.173.244][1182] SELECT par_cod_asig1,par_cod_asig2,par_cod_asig3 FROM tblaca009_p_int WHERE pensum='5' AND c_uni_ca='5' AND c_asigna='355448' [1][0] OK
C:[16/08/2013 16:20:12.02][190.204.173.244][1312] SELECT horas_lab FROM tblaca008 WHERE c_asigna='351330' AND horas_teoricas > 0 [1][0] OK
C:[16/08/2013 16:20:12.02][190.204.173.244][1312] SELECT horas_lab FROM tblaca008 WHERE c_asigna='355448' AND horas_teoricas > 0 [1][0] OK
C:[16/08/2013 16:20:21.29][200.90.100.83][1138] SELECT pre_cod_asig1,pre_cod_asig2,pre_cod_asig3,pre_cod_asig4,pre_cod_asig5,pre_cod_asig6,pre_cod_asig7 FROM tblaca009_p_int WHERE pensum='5' AND c_uni_ca='5' AND c_asigna='300105' [1][0] OK
C:[16/08/2013 16:20:21.41][200.90.100.83][1182] SELECT par_cod_asig1,par_cod_asig2,par_cod_asig3 FROM tblaca009_p_int WHERE pensum='5' AND c_uni_ca='5' AND c_asigna='300105' [1][0] OK
C:[16/08/2013 16:20:21.52][200.90.100.83][1312] SELECT horas_lab FROM tblaca008 WHERE c_asigna='300105' AND horas_teoricas > 0 [1][0] OK
C:[16/08/2013 16:25:11.73][190.77.245.213][1138] SELECT pre_cod_asig1,pre_cod_asig2,pre_cod_asig3,pre_cod_asig4,pre_cod_asig5,pre_cod_asig6,pre_cod_asig7 FROM tblaca009_p_int WHERE pensum='5' AND c_uni_ca='3' AND c_asigna='300207' [1][0] OK
C:[16/08/2013 16:25:11.73][190.77.245.213][1151] SELECT c_asigna FROM dace004 WHERE exp_e='12-25511870' AND c_asigna='300101' AND status IN ('0','3','B','C') [1][0] OK
C:[16/08/2013 16:25:11.55][190.77.245.213][1182] SELECT par_cod_asig1,par_cod_asig2,par_cod_asig3 FROM tblaca009_p_int WHERE pensum='5' AND c_uni_ca='3' AND c_asigna='300207' [1][0] OK
C:[16/08/2013 16:25:11.68][190.77.245.213][1312] SELECT horas_lab FROM tblaca008 WHERE c_asigna='300207' AND horas_teoricas > 0 [1][0] OK
C:[16/08/2013 16:30:15.93][190.75.171.232][1138] SELECT pre_cod_asig1,pre_cod_asig2,pre_cod_asig3,pre_cod_asig4,pre_cod_asig5,pre_cod_asig6,pre_cod_asig7 FROM tblaca009_p_int WHERE pensum='5' AND c_uni_ca='5' AND c_asigna='355722' [1][0] OK
C:[16/08/2013 16:30:15.93][190.75.171.232][1151] SELECT c_asigna FROM dace004 WHERE exp_e='09-18451867' AND c_asigna='355691' AND status IN ('0','3','B','C') [1][0] OK
C:[16/08/2013 16:30:15.93][190.75.171.232][1151] SELECT c_asigna FROM dace004 WHERE exp_e='09-18451867' AND c_asigna='355595' AND status IN ('0','3','B','C') [1][0] OK
C:[16/08/2013 16:30:15.86][190.75.171.232][1182] SELECT par_cod_asig1,par_cod_asig2,par_cod_asig3 FROM tblaca009_p_int WHERE pensum='5' AND c_uni_ca='5' AND c_asigna='355722' [1][0] OK
C:[16/08/2013 16:30:15.00][190.75.171.232][1312] SELECT horas_lab FROM tblaca008 WHERE c_asigna='355722' AND horas_teoricas > 0 [1][0] OK
C:[16/08/2013 16:30:45.99][190.77.228.166][1138] SELECT pre_cod_asig1,pre_cod_asig2,pre_cod_asig3,pre_cod_asig4,pre_cod_asig5,pre_cod_asig6,pre_cod_asig7 FROM tblaca009_p_int WHERE pensum='5' AND c_uni_ca='2' AND c_asigna='322904' [1][0] OK
C:[16/08/2013 16:30:45.77][190.77.228.166][1182] SELECT par_cod_asig1,par_cod_asig2,par_cod_asig3 FROM tblaca009_p_int WHERE pensum='5' AND c_uni_ca='2' AND c_asigna='322904' [1][0] OK
C:[16/08/2013 16:30:45.82][190.77.228.166][1312] SELECT horas_lab FROM tblaca008 WHERE c_asigna='322904' AND horas_teoricas > 0 [1][0] OK
C:[16/08/2013 16:31:35.21][190.77.228.166][1138] SELECT pre_cod_asig1,pre_cod_asig2,pre_cod_asig3,pre_cod_asig4,pre_cod_asig5,pre_cod_asig6,pre_cod_asig7 FROM tblaca009_p_int WHERE pensum='5' AND c_uni_ca='2' AND c_asigna='322904' [1][0] OK
C:[16/08/2013 16:31:35.88][190.77.228.166][1182] SELECT par_cod_asig1,par_cod_asig2,par_cod_asig3 FROM tblaca009_p_int WHERE pensum='5' AND c_uni_ca='2' AND c_asigna='322904' [1][0] OK
C:[16/08/2013 16:31:35.02][190.77.228.166][1312] SELECT horas_lab FROM tblaca008 WHERE c_asigna='322904' AND horas_teoricas > 0 [1][0] OK
C:[16/08/2013 16:32:23.98][190.37.103.246][1138] SELECT pre_cod_asig1,pre_cod_asig2,pre_cod_asig3,pre_cod_asig4,pre_cod_asig5,pre_cod_asig6,pre_cod_asig7 FROM tblaca009_p_int WHERE pensum='5' AND c_uni_ca='2' AND c_asigna='300113' [1][0] OK
C:[16/08/2013 16:32:23.67][190.37.103.246][1182] SELECT par_cod_asig1,par_cod_asig2,par_cod_asig3 FROM tblaca009_p_int WHERE pensum='5' AND c_uni_ca='2' AND c_asigna='300113' [1][0] OK
C:[16/08/2013 16:32:23.67][190.37.103.246][1196] SELECT c_asigna FROM dace004 WHERE exp_e='13-25083804' AND c_asigna='300013' AND status IN ('0','3','B','C') [0][0] OK
C:[16/08/2013 16:32:23.93][190.37.103.246][1312] SELECT horas_lab FROM tblaca008 WHERE c_asigna='300113' AND horas_teoricas > 0 [0][0] OK
C:[16/08/2013 16:33:02.20][201.249.229.4][1138] SELECT pre_cod_asig1,pre_cod_asig2,pre_cod_asig3,pre_cod_asig4,pre_cod_asig5,pre_cod_asig6,pre_cod_asig7 FROM tblaca009_p_int WHERE pensum='5' AND c_uni_ca='4' AND c_asigna='300113' [1][0] OK
C:[16/08/2013 16:33:02.20][201.249.229.4][1138] SELECT pre_cod_asig1,pre_cod_asig2,pre_cod_asig3,pre_cod_asig4,pre_cod_asig5,pre_cod_asig6,pre_cod_asig7 FROM tblaca009_p_int WHERE pensum='5' AND c_uni_ca='4' AND c_asigna='300209' [1][0] OK
C:[16/08/2013 16:33:02.20][201.249.229.4][1151] SELECT c_asigna FROM dace004 WHERE exp_e='11-25034691' AND c_asigna='300101' AND status IN ('0','3','B','C') [1][0] OK
C:[16/08/2013 16:33:02.14][201.249.229.4][1182] SELECT par_cod_asig1,par_cod_asig2,par_cod_asig3 FROM tblaca009_p_int WHERE pensum='5' AND c_uni_ca='4' AND c_asigna='300113' [1][0] OK
C:[16/08/2013 16:33:02.14][201.249.229.4][1196] SELECT c_asigna FROM dace004 WHERE exp_e='11-25034691' AND c_asigna='300013' AND status IN ('0','3','B','C') [1][0] OK
C:[16/08/2013 16:33:02.14][201.249.229.4][1182] SELECT par_cod_asig1,par_cod_asig2,par_cod_asig3 FROM tblaca009_p_int WHERE pensum='5' AND c_uni_ca='4' AND c_asigna='300209' [1][0] OK
C:[16/08/2013 16:33:02.62][201.249.229.4][1312] SELECT horas_lab FROM tblaca008 WHERE c_asigna='300113' AND horas_teoricas > 0 [0][0] OK
C:[16/08/2013 16:33:02.62][201.249.229.4][1312] SELECT horas_lab FROM tblaca008 WHERE c_asigna='300209' AND horas_teoricas > 0 [1][0] OK
C:[16/08/2013 16:33:57.29][190.79.24.91][1138] SELECT pre_cod_asig1,pre_cod_asig2,pre_cod_asig3,pre_cod_asig4,pre_cod_asig5,pre_cod_asig6,pre_cod_asig7 FROM tblaca009_p_int WHERE pensum='5' AND c_uni_ca='5' AND c_asigna='355572' [1][0] OK
C:[16/08/2013 16:33:57.29][190.79.24.91][1151] SELECT c_asigna FROM dace004 WHERE exp_e='02-17211421' AND c_asigna='300428' AND status IN ('0','3','B','C') [1][0] OK
C:[16/08/2013 16:33:58.20][190.79.24.91][1182] SELECT par_cod_asig1,par_cod_asig2,par_cod_asig3 FROM tblaca009_p_int WHERE pensum='5' AND c_uni_ca='5' AND c_asigna='355572' [1][0] OK
C:[16/08/2013 16:33:58.24][190.79.24.91][1312] SELECT horas_lab FROM tblaca008 WHERE c_asigna='355572' AND horas_teoricas > 0 [1][0] OK
C:[16/08/2013 16:37:39.94][200.109.204.144][1138] SELECT pre_cod_asig1,pre_cod_asig2,pre_cod_asig3,pre_cod_asig4,pre_cod_asig5,pre_cod_asig6,pre_cod_asig7 FROM tblaca009_p_int WHERE pensum='5' AND c_uni_ca='3' AND c_asigna='300428' [1][0] OK
C:[16/08/2013 16:37:39.94][200.109.204.144][1151] SELECT c_asigna FROM dace004 WHERE exp_e='11-23501365' AND c_asigna='300317' AND status IN ('0','3','B','C') [1][0] OK
C:[16/08/2013 16:37:39.66][200.109.204.144][1182] SELECT par_cod_asig1,par_cod_asig2,par_cod_asig3 FROM tblaca009_p_int WHERE pensum='5' AND c_uni_ca='3' AND c_asigna='300428' [1][0] OK
C:[16/08/2013 16:37:39.80][200.109.204.144][1312] SELECT horas_lab FROM tblaca008 WHERE c_asigna='300428' AND horas_teoricas > 0 [1][0] OK
C:[16/08/2013 16:39:22.61][200.109.204.144][1138] SELECT pre_cod_asig1,pre_cod_asig2,pre_cod_asig3,pre_cod_asig4,pre_cod_asig5,pre_cod_asig6,pre_cod_asig7 FROM tblaca009_p_int WHERE pensum='5' AND c_uni_ca='4' AND c_asigna='300428' [1][0] OK
C:[16/08/2013 16:39:22.61][200.109.204.144][1151] SELECT c_asigna FROM dace004 WHERE exp_e='11-21122297' AND c_asigna='300317' AND status IN ('0','3','B','C') [1][0] OK
C:[16/08/2013 16:39:22.42][200.109.204.144][1182] SELECT par_cod_asig1,par_cod_asig2,par_cod_asig3 FROM tblaca009_p_int WHERE pensum='5' AND c_uni_ca='4' AND c_asigna='300428' [1][0] OK
C:[16/08/2013 16:39:23.56][200.109.204.144][1312] SELECT horas_lab FROM tblaca008 WHERE c_asigna='300428' AND horas_teoricas > 0 [1][0] OK
C:[16/08/2013 16:41:07.43][190.77.215.239][1138] SELECT pre_cod_asig1,pre_cod_asig2,pre_cod_asig3,pre_cod_asig4,pre_cod_asig5,pre_cod_asig6,pre_cod_asig7 FROM tblaca009_p_int WHERE pensum='5' AND c_uni_ca='4' AND c_asigna='300313' [1][0] OK
C:[16/08/2013 16:41:07.43][190.77.215.239][1151] SELECT c_asigna FROM dace004 WHERE exp_e='08-19126141' AND c_asigna='300213' AND status IN ('0','3','B','C') [1][0] OK
C:[16/08/2013 16:41:07.43][190.77.215.239][1138] SELECT pre_cod_asig1,pre_cod_asig2,pre_cod_asig3,pre_cod_asig4,pre_cod_asig5,pre_cod_asig6,pre_cod_asig7 FROM tblaca009_p_int WHERE pensum='5' AND c_uni_ca='4' AND c_asigna='330435' [1][0] OK
C:[16/08/2013 16:41:07.43][190.77.215.239][1138] SELECT pre_cod_asig1,pre_cod_asig2,pre_cod_asig3,pre_cod_asig4,pre_cod_asig5,pre_cod_asig6,pre_cod_asig7 FROM tblaca009_p_int WHERE pensum='5' AND c_uni_ca='4' AND c_asigna='333585' [1][0] OK
C:[16/08/2013 16:41:07.43][190.77.215.239][1151] SELECT c_asigna FROM dace004 WHERE exp_e='08-19126141' AND c_asigna='333440' AND status IN ('0','3','B','C') [1][0] OK
C:[16/08/2013 16:41:07.43][190.77.215.239][1151] SELECT c_asigna FROM dace004 WHERE exp_e='08-19126141' AND c_asigna='333326' AND status IN ('0','3','B','C') [1][0] OK
C:[16/08/2013 16:41:08.74][190.77.215.239][1182] SELECT par_cod_asig1,par_cod_asig2,par_cod_asig3 FROM tblaca009_p_int WHERE pensum='5' AND c_uni_ca='4' AND c_asigna='300313' [1][0] OK
C:[16/08/2013 16:41:08.74][190.77.215.239][1182] SELECT par_cod_asig1,par_cod_asig2,par_cod_asig3 FROM tblaca009_p_int WHERE pensum='5' AND c_uni_ca='4' AND c_asigna='330435' [1][0] OK
C:[16/08/2013 16:41:08.74][190.77.215.239][1182] SELECT par_cod_asig1,par_cod_asig2,par_cod_asig3 FROM tblaca009_p_int WHERE pensum='5' AND c_uni_ca='4' AND c_asigna='333585' [1][0] OK
C:[16/08/2013 16:41:08.14][190.77.215.239][1312] SELECT horas_lab FROM tblaca008 WHERE c_asigna='300313' AND horas_teoricas > 0 [1][0] OK
C:[16/08/2013 16:41:08.14][190.77.215.239][1312] SELECT horas_lab FROM tblaca008 WHERE c_asigna='330435' AND horas_teoricas > 0 [1][0] OK
C:[16/08/2013 16:41:08.14][190.77.215.239][1312] SELECT horas_lab FROM tblaca008 WHERE c_asigna='333585' AND horas_teoricas > 0 [1][0] OK
C:[16/08/2013 16:41:35.20][186.94.86.203][1138] SELECT pre_cod_asig1,pre_cod_asig2,pre_cod_asig3,pre_cod_asig4,pre_cod_asig5,pre_cod_asig6,pre_cod_asig7 FROM tblaca009_p_int WHERE pensum='5' AND c_uni_ca='5' AND c_asigna='300101' [1][0] OK
C:[16/08/2013 16:41:35.80][186.94.86.203][1182] SELECT par_cod_asig1,par_cod_asig2,par_cod_asig3 FROM tblaca009_p_int WHERE pensum='5' AND c_uni_ca='5' AND c_asigna='300101' [1][0] OK
C:[16/08/2013 16:41:35.93][186.94.86.203][1312] SELECT horas_lab FROM tblaca008 WHERE c_asigna='300101' AND horas_teoricas > 0 [1][0] OK
C:[16/08/2013 16:43:13.38][190.78.178.118][1138] SELECT pre_cod_asig1,pre_cod_asig2,pre_cod_asig3,pre_cod_asig4,pre_cod_asig5,pre_cod_asig6,pre_cod_asig7 FROM tblaca009_p_int WHERE pensum='5' AND c_uni_ca='6' AND c_asigna='300013' [1][0] OK
C:[16/08/2013 16:43:13.06][190.78.178.118][1182] SELECT par_cod_asig1,par_cod_asig2,par_cod_asig3 FROM tblaca009_p_int WHERE pensum='5' AND c_uni_ca='6' AND c_asigna='300013' [1][0] OK
C:[16/08/2013 16:43:13.20][190.78.178.118][1312] SELECT horas_lab FROM tblaca008 WHERE c_asigna='300013' AND horas_teoricas > 0 [1][0] OK
C:[16/08/2013 16:45:50.39][200.109.204.144][1138] SELECT pre_cod_asig1,pre_cod_asig2,pre_cod_asig3,pre_cod_asig4,pre_cod_asig5,pre_cod_asig6,pre_cod_asig7 FROM tblaca009_p_int WHERE pensum='5' AND c_uni_ca='5' AND c_asigna='300222' [1][0] OK
C:[16/08/2013 16:45:50.39][200.109.204.144][1151] SELECT c_asigna FROM dace004 WHERE exp_e='11-21250617' AND c_asigna='300112' AND status IN ('0','3','B','C') [1][0] OK
C:[16/08/2013 16:45:50.20][200.109.204.144][1182] SELECT par_cod_asig1,par_cod_asig2,par_cod_asig3 FROM tblaca009_p_int WHERE pensum='5' AND c_uni_ca='5' AND c_asigna='300222' [1][0] OK
C:[16/08/2013 16:45:50.34][200.109.204.144][1312] SELECT horas_lab FROM tblaca008 WHERE c_asigna='300222' AND horas_teoricas > 0 [1][0] OK
C:[16/08/2013 16:52:40.93][190.37.252.63][1138] SELECT pre_cod_asig1,pre_cod_asig2,pre_cod_asig3,pre_cod_asig4,pre_cod_asig5,pre_cod_asig6,pre_cod_asig7 FROM tblaca009_p_int WHERE pensum='5' AND c_uni_ca='6' AND c_asigna='344688' [1][0] OK
C:[16/08/2013 16:52:40.93][190.37.252.63][1151] SELECT c_asigna FROM dace004 WHERE exp_e='10-20805382' AND c_asigna='344565' AND status IN ('0','3','B','C') [1][0] OK
C:[16/08/2013 16:52:40.72][190.37.252.63][1182] SELECT par_cod_asig1,par_cod_asig2,par_cod_asig3 FROM tblaca009_p_int WHERE pensum='5' AND c_uni_ca='6' AND c_asigna='344688' [1][0] OK
C:[16/08/2013 16:52:40.88][190.37.252.63][1312] SELECT horas_lab FROM tblaca008 WHERE c_asigna='344688' AND horas_teoricas > 0 [1][0] OK
C:[16/08/2013 16:53:56.37][190.200.4.115][1138] SELECT pre_cod_asig1,pre_cod_asig2,pre_cod_asig3,pre_cod_asig4,pre_cod_asig5,pre_cod_asig6,pre_cod_asig7 FROM tblaca009_p_int WHERE pensum='5' AND c_uni_ca='5' AND c_asigna='355571' [1][0] OK
C:[16/08/2013 16:53:56.37][190.200.4.115][1151] SELECT c_asigna FROM dace004 WHERE exp_e='08-20772360' AND c_asigna='355447' AND status IN ('0','3','B','C') [1][0] OK
C:[16/08/2013 16:53:56.18][190.200.4.115][1182] SELECT par_cod_asig1,par_cod_asig2,par_cod_asig3 FROM tblaca009_p_int WHERE pensum='5' AND c_uni_ca='5' AND c_asigna='355571' [1][0] OK
C:[16/08/2013 16:53:56.33][190.200.4.115][1312] SELECT horas_lab FROM tblaca008 WHERE c_asigna='355571' AND horas_teoricas > 0 [1][0] OK
C:[16/08/2013 16:55:08.96][190.37.252.63][1138] SELECT pre_cod_asig1,pre_cod_asig2,pre_cod_asig3,pre_cod_asig4,pre_cod_asig5,pre_cod_asig6,pre_cod_asig7 FROM tblaca009_p_int WHERE pensum='5' AND c_uni_ca='6' AND c_asigna='344715' [1][0] OK
C:[16/08/2013 16:55:08.96][190.37.252.63][1151] SELECT c_asigna FROM dace004 WHERE exp_e='06-18477001' AND c_asigna='344688' AND status IN ('0','3','B','C') [1][0] OK
C:[16/08/2013 16:55:08.96][190.37.252.63][1151] SELECT c_asigna FROM dace004 WHERE exp_e='06-18477001' AND c_asigna='344613' AND status IN ('0','3','B','C') [1][0] OK
C:[16/08/2013 16:55:08.90][190.37.252.63][1182] SELECT par_cod_asig1,par_cod_asig2,par_cod_asig3 FROM tblaca009_p_int WHERE pensum='5' AND c_uni_ca='6' AND c_asigna='344715' [1][0] OK
C:[16/08/2013 16:55:08.03][190.37.252.63][1312] SELECT horas_lab FROM tblaca008 WHERE c_asigna='344715' AND horas_teoricas > 0 [1][0] OK
C:[16/08/2013 16:56:16.25][190.198.166.252][1138] SELECT pre_cod_asig1,pre_cod_asig2,pre_cod_asig3,pre_cod_asig4,pre_cod_asig5,pre_cod_asig6,pre_cod_asig7 FROM tblaca009_p_int WHERE pensum='5' AND c_uni_ca='3' AND c_asigna='300207' [1][0] OK
C:[16/08/2013 16:56:16.25][190.198.166.252][1151] SELECT c_asigna FROM dace004 WHERE exp_e='11-24039895' AND c_asigna='300101' AND status IN ('0','3','B','C') [1][0] OK
C:[16/08/2013 16:56:16.06][190.198.166.252][1182] SELECT par_cod_asig1,par_cod_asig2,par_cod_asig3 FROM tblaca009_p_int WHERE pensum='5' AND c_uni_ca='3' AND c_asigna='300207' [1][0] OK
C:[16/08/2013 16:56:16.20][190.198.166.252][1312] SELECT horas_lab FROM tblaca008 WHERE c_asigna='300207' AND horas_teoricas > 0 [1][0] OK
C:[16/08/2013 17:00:44.78][186.89.184.241][1138] SELECT pre_cod_asig1,pre_cod_asig2,pre_cod_asig3,pre_cod_asig4,pre_cod_asig5,pre_cod_asig6,pre_cod_asig7 FROM tblaca009_p_int WHERE pensum='5' AND c_uni_ca='4' AND c_asigna='330435' [1][0] OK
C:[16/08/2013 17:00:44.78][186.89.184.241][1138] SELECT pre_cod_asig1,pre_cod_asig2,pre_cod_asig3,pre_cod_asig4,pre_cod_asig5,pre_cod_asig6,pre_cod_asig7 FROM tblaca009_p_int WHERE pensum='5' AND c_uni_ca='4' AND c_asigna='333563' [1][0] OK
C:[16/08/2013 17:00:44.78][186.89.184.241][1151] SELECT c_asigna FROM dace004 WHERE exp_e='08-18943596' AND c_asigna='333440' AND status IN ('0','3','B','C') [1][0] OK
C:[16/08/2013 17:00:44.78][186.89.184.241][1151] SELECT c_asigna FROM dace004 WHERE exp_e='08-18943596' AND c_asigna='333442' AND status IN ('0','3','B','C') [1][0] OK
C:[16/08/2013 17:00:44.32][186.89.184.241][1182] SELECT par_cod_asig1,par_cod_asig2,par_cod_asig3 FROM tblaca009_p_int WHERE pensum='5' AND c_uni_ca='4' AND c_asigna='330435' [1][0] OK
C:[16/08/2013 17:00:44.32][186.89.184.241][1182] SELECT par_cod_asig1,par_cod_asig2,par_cod_asig3 FROM tblaca009_p_int WHERE pensum='5' AND c_uni_ca='4' AND c_asigna='333563' [1][0] OK
C:[16/08/2013 17:00:44.58][186.89.184.241][1312] SELECT horas_lab FROM tblaca008 WHERE c_asigna='330435' AND horas_teoricas > 0 [1][0] OK
C:[16/08/2013 17:00:44.58][186.89.184.241][1312] SELECT horas_lab FROM tblaca008 WHERE c_asigna='333563' AND horas_teoricas > 0 [1][0] OK
C:[16/08/2013 17:04:05.05][186.94.94.233][1138] SELECT pre_cod_asig1,pre_cod_asig2,pre_cod_asig3,pre_cod_asig4,pre_cod_asig5,pre_cod_asig6,pre_cod_asig7 FROM tblaca009_p_int WHERE pensum='5' AND c_uni_ca='2' AND c_asigna='300209' [1][0] OK
C:[16/08/2013 17:04:05.05][186.94.94.233][1151] SELECT c_asigna FROM dace004 WHERE exp_e='05-18665284' AND c_asigna='300101' AND status IN ('0','3','B','C') [1][0] OK
C:[16/08/2013 17:04:05.05][186.94.94.233][1138] SELECT pre_cod_asig1,pre_cod_asig2,pre_cod_asig3,pre_cod_asig4,pre_cod_asig5,pre_cod_asig6,pre_cod_asig7 FROM tblaca009_p_int WHERE pensum='5' AND c_uni_ca='2' AND c_asigna='320323' [1][0] OK
C:[16/08/2013 17:04:05.05][186.94.94.233][1151] SELECT c_asigna FROM dace004 WHERE exp_e='05-18665284' AND c_asigna='300228' AND status IN ('0','3','B','C') [1][0] OK
C:[16/08/2013 17:04:05.05][186.94.94.233][1151] SELECT c_asigna FROM dace004 WHERE exp_e='05-18665284' AND c_asigna='300218' AND status IN ('0','3','B','C') [1][0] OK
C:[16/08/2013 17:04:05.32][186.94.94.233][1182] SELECT par_cod_asig1,par_cod_asig2,par_cod_asig3 FROM tblaca009_p_int WHERE pensum='5' AND c_uni_ca='2' AND c_asigna='300209' [1][0] OK
C:[16/08/2013 17:04:05.32][186.94.94.233][1182] SELECT par_cod_asig1,par_cod_asig2,par_cod_asig3 FROM tblaca009_p_int WHERE pensum='5' AND c_uni_ca='2' AND c_asigna='320323' [1][0] OK
C:[16/08/2013 17:04:05.49][186.94.94.233][1312] SELECT horas_lab FROM tblaca008 WHERE c_asigna='300209' AND horas_teoricas > 0 [1][0] OK
C:[16/08/2013 17:04:05.49][186.94.94.233][1312] SELECT horas_lab FROM tblaca008 WHERE c_asigna='320323' AND horas_teoricas > 0 [1][0] OK
C:[16/08/2013 17:04:09.50][200.90.101.93][1138] SELECT pre_cod_asig1,pre_cod_asig2,pre_cod_asig3,pre_cod_asig4,pre_cod_asig5,pre_cod_asig6,pre_cod_asig7 FROM tblaca009_p_int WHERE pensum='5' AND c_uni_ca='6' AND c_asigna='300101' [1][0] OK
C:[16/08/2013 17:04:09.50][200.90.101.93][1138] SELECT pre_cod_asig1,pre_cod_asig2,pre_cod_asig3,pre_cod_asig4,pre_cod_asig5,pre_cod_asig6,pre_cod_asig7 FROM tblaca009_p_int WHERE pensum='5' AND c_uni_ca='6' AND c_asigna='300113' [1][0] OK
C:[16/08/2013 17:04:09.75][200.90.101.93][1182] SELECT par_cod_asig1,par_cod_asig2,par_cod_asig3 FROM tblaca009_p_int WHERE pensum='5' AND c_uni_ca='6' AND c_asigna='300101' [1][0] OK
C:[16/08/2013 17:04:09.75][200.90.101.93][1182] SELECT par_cod_asig1,par_cod_asig2,par_cod_asig3 FROM tblaca009_p_int WHERE pensum='5' AND c_uni_ca='6' AND c_asigna='300113' [1][0] OK
C:[16/08/2013 17:04:09.75][200.90.101.93][1196] SELECT c_asigna FROM dace004 WHERE exp_e='13-26048247' AND c_asigna='300013' AND status IN ('0','3','B','C') [0][0] OK
C:[16/08/2013 17:04:09.14][200.90.101.93][1312] SELECT horas_lab FROM tblaca008 WHERE c_asigna='300101' AND horas_teoricas > 0 [1][0] OK
C:[16/08/2013 17:04:09.14][200.90.101.93][1312] SELECT horas_lab FROM tblaca008 WHERE c_asigna='300113' AND horas_teoricas > 0 [0][0] OK
C:[16/08/2013 17:06:06.53][190.78.119.32][1138] SELECT pre_cod_asig1,pre_cod_asig2,pre_cod_asig3,pre_cod_asig4,pre_cod_asig5,pre_cod_asig6,pre_cod_asig7 FROM tblaca009_p_int WHERE pensum='5' AND c_uni_ca='2' AND c_asigna='300101' [1][0] OK
C:[16/08/2013 17:06:06.22][190.78.119.32][1182] SELECT par_cod_asig1,par_cod_asig2,par_cod_asig3 FROM tblaca009_p_int WHERE pensum='5' AND c_uni_ca='2' AND c_asigna='300101' [1][0] OK
C:[16/08/2013 17:06:06.35][190.78.119.32][1312] SELECT horas_lab FROM tblaca008 WHERE c_asigna='300101' AND horas_teoricas > 0 [1][0] OK
C:[16/08/2013 17:06:24.35][200.90.101.93][1138] SELECT pre_cod_asig1,pre_cod_asig2,pre_cod_asig3,pre_cod_asig4,pre_cod_asig5,pre_cod_asig6,pre_cod_asig7 FROM tblaca009_p_int WHERE pensum='5' AND c_uni_ca='6' AND c_asigna='300101' [1][0] OK
C:[16/08/2013 17:06:24.04][200.90.101.93][1182] SELECT par_cod_asig1,par_cod_asig2,par_cod_asig3 FROM tblaca009_p_int WHERE pensum='5' AND c_uni_ca='6' AND c_asigna='300101' [1][0] OK
C:[16/08/2013 17:06:24.18][200.90.101.93][1312] SELECT horas_lab FROM tblaca008 WHERE c_asigna='300101' AND horas_teoricas > 0 [1][0] OK
C:[16/08/2013 17:07:57.29][186.24.37.34][1138] SELECT pre_cod_asig1,pre_cod_asig2,pre_cod_asig3,pre_cod_asig4,pre_cod_asig5,pre_cod_asig6,pre_cod_asig7 FROM tblaca009_p_int WHERE pensum='5' AND c_uni_ca='2' AND c_asigna='300226' [1][0] OK
C:[16/08/2013 17:07:57.29][186.24.37.34][1151] SELECT c_asigna FROM dace004 WHERE exp_e='04-14505451' AND c_asigna='300116' AND status IN ('0','3','B','C') [1][0] OK
C:[16/08/2013 17:07:57.29][186.24.37.34][1138] SELECT pre_cod_asig1,pre_cod_asig2,pre_cod_asig3,pre_cod_asig4,pre_cod_asig5,pre_cod_asig6,pre_cod_asig7 FROM tblaca009_p_int WHERE pensum='5' AND c_uni_ca='2' AND c_asigna='311561' [1][0] OK
C:[16/08/2013 17:07:57.29][186.24.37.34][1151] SELECT c_asigna FROM dace004 WHERE exp_e='04-14505451' AND c_asigna='300318' AND status IN ('0','3','B','C') [1][0] OK
C:[16/08/2013 17:07:57.36][186.24.37.34][1182] SELECT par_cod_asig1,par_cod_asig2,par_cod_asig3 FROM tblaca009_p_int WHERE pensum='5' AND c_uni_ca='2' AND c_asigna='300226' [1][0] OK
C:[16/08/2013 17:07:57.36][186.24.37.34][1182] SELECT par_cod_asig1,par_cod_asig2,par_cod_asig3 FROM tblaca009_p_int WHERE pensum='5' AND c_uni_ca='2' AND c_asigna='311561' [1][0] OK
C:[16/08/2013 17:07:57.63][186.24.37.34][1312] SELECT horas_lab FROM tblaca008 WHERE c_asigna='300226' AND horas_teoricas > 0 [1][0] OK
C:[16/08/2013 17:07:57.63][186.24.37.34][1312] SELECT horas_lab FROM tblaca008 WHERE c_asigna='311561' AND horas_teoricas > 0 [1][0] OK
C:[16/08/2013 17:10:02.00][190.78.113.250][1138] SELECT pre_cod_asig1,pre_cod_asig2,pre_cod_asig3,pre_cod_asig4,pre_cod_asig5,pre_cod_asig6,pre_cod_asig7 FROM tblaca009_p_int WHERE pensum='5' AND c_uni_ca='6' AND c_asigna='300228' [1][0] OK
C:[16/08/2013 17:10:02.00][190.78.113.250][1151] SELECT c_asigna FROM dace004 WHERE exp_e='11-25393601' AND c_asigna='300101' AND status IN ('0','3','B','C') [1][0] OK
C:[16/08/2013 17:10:02.82][190.78.113.250][1182] SELECT par_cod_asig1,par_cod_asig2,par_cod_asig3 FROM tblaca009_p_int WHERE pensum='5' AND c_uni_ca='6' AND c_asigna='300228' [1][0] OK
C:[16/08/2013 17:10:02.96][190.78.113.250][1312] SELECT horas_lab FROM tblaca008 WHERE c_asigna='300228' AND horas_teoricas > 0 [1][0] OK
C:[16/08/2013 17:10:11.45][190.200.62.47][1138] SELECT pre_cod_asig1,pre_cod_asig2,pre_cod_asig3,pre_cod_asig4,pre_cod_asig5,pre_cod_asig6,pre_cod_asig7 FROM tblaca009_p_int WHERE pensum='5' AND c_uni_ca='3' AND c_asigna='300870' [1][0] OK
C:[16/08/2013 17:10:11.17][190.200.62.47][1182] SELECT par_cod_asig1,par_cod_asig2,par_cod_asig3 FROM tblaca009_p_int WHERE pensum='5' AND c_uni_ca='3' AND c_asigna='300870' [1][0] OK
C:[16/08/2013 17:10:11.28][190.200.62.47][1312] SELECT horas_lab FROM tblaca008 WHERE c_asigna='300870' AND horas_teoricas > 0 [1][0] OK
C:[16/08/2013 17:11:43.32][201.242.174.123][1138] SELECT pre_cod_asig1,pre_cod_asig2,pre_cod_asig3,pre_cod_asig4,pre_cod_asig5,pre_cod_asig6,pre_cod_asig7 FROM tblaca009_p_int WHERE pensum='5' AND c_uni_ca='3' AND c_asigna='311673' [1][0] OK
C:[16/08/2013 17:11:43.32][201.242.174.123][1151] SELECT c_asigna FROM dace004 WHERE exp_e='09-20507854' AND c_asigna='311551' AND status IN ('0','3','B','C') [1][0] OK
C:[16/08/2013 17:11:43.13][201.242.174.123][1182] SELECT par_cod_asig1,par_cod_asig2,par_cod_asig3 FROM tblaca009_p_int WHERE pensum='5' AND c_uni_ca='3' AND c_asigna='311673' [1][0] OK
C:[16/08/2013 17:11:43.27][201.242.174.123][1312] SELECT horas_lab FROM tblaca008 WHERE c_asigna='311673' AND horas_teoricas > 0 [1][0] OK
C:[16/08/2013 17:15:04.76][190.200.4.115][1138] SELECT pre_cod_asig1,pre_cod_asig2,pre_cod_asig3,pre_cod_asig4,pre_cod_asig5,pre_cod_asig6,pre_cod_asig7 FROM tblaca009_p_int WHERE pensum='5' AND c_uni_ca='5' AND c_asigna='351451' [1][0] OK
C:[16/08/2013 17:15:04.76][190.200.4.115][1151] SELECT c_asigna FROM dace004 WHERE exp_e='08-20772360' AND c_asigna='351330' AND status IN ('0','3','B','C') [1][0] OK
C:[16/08/2013 17:15:04.76][190.200.4.115][1151] SELECT c_asigna FROM dace004 WHERE exp_e='08-20772360' AND c_asigna='355350' AND status IN ('0','3','B','C') [1][0] OK
C:[16/08/2013 17:15:04.76][190.200.4.115][1151] SELECT c_asigna FROM dace004 WHERE exp_e='08-20772360' AND c_asigna='300318' AND status IN ('0','3','B','C') [1][0] OK
C:[16/08/2013 17:15:04.76][190.200.4.115][1138] SELECT pre_cod_asig1,pre_cod_asig2,pre_cod_asig3,pre_cod_asig4,pre_cod_asig5,pre_cod_asig6,pre_cod_asig7 FROM tblaca009_p_int WHERE pensum='5' AND c_uni_ca='5' AND c_asigna='355571' [1][0] OK
C:[16/08/2013 17:15:04.76][190.200.4.115][1151] SELECT c_asigna FROM dace004 WHERE exp_e='08-20772360' AND c_asigna='355447' AND status IN ('0','3','B','C') [1][0] OK
C:[16/08/2013 17:15:04.08][190.200.4.115][1182] SELECT par_cod_asig1,par_cod_asig2,par_cod_asig3 FROM tblaca009_p_int WHERE pensum='5' AND c_uni_ca='5' AND c_asigna='351451' [1][0] OK
C:[16/08/2013 17:15:04.08][190.200.4.115][1182] SELECT par_cod_asig1,par_cod_asig2,par_cod_asig3 FROM tblaca009_p_int WHERE pensum='5' AND c_uni_ca='5' AND c_asigna='355571' [1][0] OK
C:[16/08/2013 17:15:04.34][190.200.4.115][1312] SELECT horas_lab FROM tblaca008 WHERE c_asigna='351451' AND horas_teoricas > 0 [1][0] OK
C:[16/08/2013 17:15:04.34][190.200.4.115][1312] SELECT horas_lab FROM tblaca008 WHERE c_asigna='355571' AND horas_teoricas > 0 [1][0] OK
C:[16/08/2013 17:17:08.38][181.18.69.200][1138] SELECT pre_cod_asig1,pre_cod_asig2,pre_cod_asig3,pre_cod_asig4,pre_cod_asig5,pre_cod_asig6,pre_cod_asig7 FROM tblaca009_p_int WHERE pensum='5' AND c_uni_ca='4' AND c_asigna='333683' [1][0] OK
C:[16/08/2013 17:17:08.38][181.18.69.200][1151] SELECT c_asigna FROM dace004 WHERE exp_e='10-24039174' AND c_asigna='333564' AND status IN ('0','3','B','C') [1][0] OK
C:[16/08/2013 17:17:08.21][181.18.69.200][1182] SELECT par_cod_asig1,par_cod_asig2,par_cod_asig3 FROM tblaca009_p_int WHERE pensum='5' AND c_uni_ca='4' AND c_asigna='333683' [1][0] OK
C:[16/08/2013 17:17:08.33][181.18.69.200][1312] SELECT horas_lab FROM tblaca008 WHERE c_asigna='333683' AND horas_teoricas > 0 [1][0] OK
C:[16/08/2013 17:21:53.28][68.171.231.80][1138] SELECT pre_cod_asig1,pre_cod_asig2,pre_cod_asig3,pre_cod_asig4,pre_cod_asig5,pre_cod_asig6,pre_cod_asig7 FROM tblaca009_p_int WHERE pensum='5' AND c_uni_ca='5' AND c_asigna='300207' [1][0] OK
C:[16/08/2013 17:21:53.28][68.171.231.80][1151] SELECT c_asigna FROM dace004 WHERE exp_e='12-25678198' AND c_asigna='300101' AND status IN ('0','3','B','C') [1][0] OK
C:[16/08/2013 17:21:53.28][68.171.231.80][1138] SELECT pre_cod_asig1,pre_cod_asig2,pre_cod_asig3,pre_cod_asig4,pre_cod_asig5,pre_cod_asig6,pre_cod_asig7 FROM tblaca009_p_int WHERE pensum='5' AND c_uni_ca='5' AND c_asigna='300228' [1][0] OK
C:[16/08/2013 17:21:53.28][68.171.231.80][1151] SELECT c_asigna FROM dace004 WHERE exp_e='12-25678198' AND c_asigna='300101' AND status IN ('0','3','B','C') [1][0] OK
C:[16/08/2013 17:21:54.26][68.171.231.80][1182] SELECT par_cod_asig1,par_cod_asig2,par_cod_asig3 FROM tblaca009_p_int WHERE pensum='5' AND c_uni_ca='5' AND c_asigna='300207' [1][0] OK
C:[16/08/2013 17:21:54.26][68.171.231.80][1182] SELECT par_cod_asig1,par_cod_asig2,par_cod_asig3 FROM tblaca009_p_int WHERE pensum='5' AND c_uni_ca='5' AND c_asigna='300228' [1][0] OK
C:[16/08/2013 17:21:54.52][68.171.231.80][1312] SELECT horas_lab FROM tblaca008 WHERE c_asigna='300207' AND horas_teoricas > 0 [1][0] OK
C:[16/08/2013 17:21:54.52][68.171.231.80][1312] SELECT horas_lab FROM tblaca008 WHERE c_asigna='300228' AND horas_teoricas > 0 [1][0] OK
C:[16/08/2013 17:23:00.31][68.171.231.86][1138] SELECT pre_cod_asig1,pre_cod_asig2,pre_cod_asig3,pre_cod_asig4,pre_cod_asig5,pre_cod_asig6,pre_cod_asig7 FROM tblaca009_p_int WHERE pensum='5' AND c_uni_ca='2' AND c_asigna='322436' [1][0] OK
C:[16/08/2013 17:23:00.31][68.171.231.86][1151] SELECT c_asigna FROM dace004 WHERE exp_e='09-19158041' AND c_asigna='320311' AND status IN ('0','3','B','C') [1][0] OK
C:[16/08/2013 17:23:00.31][68.171.231.86][1138] SELECT pre_cod_asig1,pre_cod_asig2,pre_cod_asig3,pre_cod_asig4,pre_cod_asig5,pre_cod_asig6,pre_cod_asig7 FROM tblaca009_p_int WHERE pensum='5' AND c_uni_ca='2' AND c_asigna='322683' [1][0] OK
C:[16/08/2013 17:23:00.31][68.171.231.86][1151] SELECT c_asigna FROM dace004 WHERE exp_e='09-19158041' AND c_asigna='322560' AND status IN ('0','3','B','C') [1][0] OK
C:[16/08/2013 17:23:00.37][68.171.231.86][1182] SELECT par_cod_asig1,par_cod_asig2,par_cod_asig3 FROM tblaca009_p_int WHERE pensum='5' AND c_uni_ca='2' AND c_asigna='322436' [1][0] OK
C:[16/08/2013 17:23:00.37][68.171.231.86][1182] SELECT par_cod_asig1,par_cod_asig2,par_cod_asig3 FROM tblaca009_p_int WHERE pensum='5' AND c_uni_ca='2' AND c_asigna='322683' [1][0] OK
C:[16/08/2013 17:23:00.64][68.171.231.86][1312] SELECT horas_lab FROM tblaca008 WHERE c_asigna='322436' AND horas_teoricas > 0 [1][0] OK
C:[16/08/2013 17:23:00.64][68.171.231.86][1312] SELECT horas_lab FROM tblaca008 WHERE c_asigna='322683' AND horas_teoricas > 0 [1][0] OK
C:[16/08/2013 17:23:38.27][186.167.242.28][1138] SELECT pre_cod_asig1,pre_cod_asig2,pre_cod_asig3,pre_cod_asig4,pre_cod_asig5,pre_cod_asig6,pre_cod_asig7 FROM tblaca009_p_int WHERE pensum='5' AND c_uni_ca='3' AND c_asigna='300105' [1][0] OK
C:[16/08/2013 17:23:38.27][186.167.242.28][1138] SELECT pre_cod_asig1,pre_cod_asig2,pre_cod_asig3,pre_cod_asig4,pre_cod_asig5,pre_cod_asig6,pre_cod_asig7 FROM tblaca009_p_int WHERE pensum='5' AND c_uni_ca='3' AND c_asigna='300318' [1][0] OK
C:[16/08/2013 17:23:38.27][186.167.242.28][1151] SELECT c_asigna FROM dace004 WHERE exp_e='03-17633620' AND c_asigna='300228' AND status IN ('0','3','B','C') [1][0] OK
C:[16/08/2013 17:23:38.27][186.167.242.28][1151] SELECT c_asigna FROM dace004 WHERE exp_e='03-17633620' AND c_asigna='300207' AND status IN ('0','3','B','C') [1][0] OK
C:[16/08/2013 17:23:38.27][186.167.242.28][1151] SELECT c_asigna FROM dace004 WHERE exp_e='03-17633620' AND c_asigna='300218' AND status IN ('0','3','B','C') [1][0] OK
C:[16/08/2013 17:23:38.37][186.167.242.28][1182] SELECT par_cod_asig1,par_cod_asig2,par_cod_asig3 FROM tblaca009_p_int WHERE pensum='5' AND c_uni_ca='3' AND c_asigna='300105' [1][0] OK
C:[16/08/2013 17:23:38.37][186.167.242.28][1182] SELECT par_cod_asig1,par_cod_asig2,par_cod_asig3 FROM tblaca009_p_int WHERE pensum='5' AND c_uni_ca='3' AND c_asigna='300318' [1][0] OK
C:[16/08/2013 17:23:38.63][186.167.242.28][1312] SELECT horas_lab FROM tblaca008 WHERE c_asigna='300105' AND horas_teoricas > 0 [1][0] OK
C:[16/08/2013 17:23:38.63][186.167.242.28][1312] SELECT horas_lab FROM tblaca008 WHERE c_asigna='300318' AND horas_teoricas > 0 [1][0] OK
C:[16/08/2013 17:24:41.59][68.171.231.85][1138] SELECT pre_cod_asig1,pre_cod_asig2,pre_cod_asig3,pre_cod_asig4,pre_cod_asig5,pre_cod_asig6,pre_cod_asig7 FROM tblaca009_p_int WHERE pensum='5' AND c_uni_ca='3' AND c_asigna='311822' [1][0] OK
C:[16/08/2013 17:24:41.59][68.171.231.85][1151] SELECT c_asigna FROM dace004 WHERE exp_e='09-19159161' AND c_asigna='311795' AND status IN ('0','3','B','C') [1][0] OK
C:[16/08/2013 17:24:41.59][68.171.231.85][1138] SELECT pre_cod_asig1,pre_cod_asig2,pre_cod_asig3,pre_cod_asig4,pre_cod_asig5,pre_cod_asig6,pre_cod_asig7 FROM tblaca009_p_int WHERE pensum='5' AND c_uni_ca='3' AND c_asigna='311824' [1][0] OK
C:[16/08/2013 17:24:41.59][68.171.231.85][1151] SELECT c_asigna FROM dace004 WHERE exp_e='09-19159161' AND c_asigna='311796' AND status IN ('0','3','B','C') [1][0] OK
C:[16/08/2013 17:24:41.65][68.171.231.85][1182] SELECT par_cod_asig1,par_cod_asig2,par_cod_asig3 FROM tblaca009_p_int WHERE pensum='5' AND c_uni_ca='3' AND c_asigna='311822' [1][0] OK
C:[16/08/2013 17:24:41.65][68.171.231.85][1182] SELECT par_cod_asig1,par_cod_asig2,par_cod_asig3 FROM tblaca009_p_int WHERE pensum='5' AND c_uni_ca='3' AND c_asigna='311824' [1][0] OK
C:[16/08/2013 17:24:41.92][68.171.231.85][1312] SELECT horas_lab FROM tblaca008 WHERE c_asigna='311822' AND horas_teoricas > 0 [1][0] OK
C:[16/08/2013 17:24:41.92][68.171.231.85][1312] SELECT horas_lab FROM tblaca008 WHERE c_asigna='311824' AND horas_teoricas > 0 [1][0] OK
C:[16/08/2013 17:31:12.40][190.76.111.219][1138] SELECT pre_cod_asig1,pre_cod_asig2,pre_cod_asig3,pre_cod_asig4,pre_cod_asig5,pre_cod_asig6,pre_cod_asig7 FROM tblaca009_p_int WHERE pensum='5' AND c_uni_ca='6' AND c_asigna='342436' [1][0] OK
C:[16/08/2013 17:31:12.40][190.76.111.219][1151] SELECT c_asigna FROM dace004 WHERE exp_e='11-25849944' AND c_asigna='300318' AND status IN ('0','3','B','C') [1][0] OK
C:[16/08/2013 17:31:12.40][190.76.111.219][1151] SELECT c_asigna FROM dace004 WHERE exp_e='11-25849944' AND c_asigna='300317' AND status IN ('0','3','B','C') [1][0] OK
C:[16/08/2013 17:31:12.23][190.76.111.219][1182] SELECT par_cod_asig1,par_cod_asig2,par_cod_asig3 FROM tblaca009_p_int WHERE pensum='5' AND c_uni_ca='6' AND c_asigna='342436' [1][0] OK
C:[16/08/2013 17:31:12.36][190.76.111.219][1312] SELECT horas_lab FROM tblaca008 WHERE c_asigna='342436' AND horas_teoricas > 0 [1][0] OK
C:[16/08/2013 17:31:44.66][190.198.144.212][1138] SELECT pre_cod_asig1,pre_cod_asig2,pre_cod_asig3,pre_cod_asig4,pre_cod_asig5,pre_cod_asig6,pre_cod_asig7 FROM tblaca009_p_int WHERE pensum='5' AND c_uni_ca='4' AND c_asigna='330435' [1][0] OK
C:[16/08/2013 17:31:44.34][190.198.144.212][1182] SELECT par_cod_asig1,par_cod_asig2,par_cod_asig3 FROM tblaca009_p_int WHERE pensum='5' AND c_uni_ca='4' AND c_asigna='330435' [1][0] OK
C:[16/08/2013 17:31:44.48][190.198.144.212][1312] SELECT horas_lab FROM tblaca008 WHERE c_asigna='330435' AND horas_teoricas > 0 [1][0] OK
C:[16/08/2013 17:34:38.19][190.78.111.136][1138] SELECT pre_cod_asig1,pre_cod_asig2,pre_cod_asig3,pre_cod_asig4,pre_cod_asig5,pre_cod_asig6,pre_cod_asig7 FROM tblaca009_p_int WHERE pensum='5' AND c_uni_ca='2' AND c_asigna='300101' [1][0] OK
C:[16/08/2013 17:34:38.19][190.78.111.136][1138] SELECT pre_cod_asig1,pre_cod_asig2,pre_cod_asig3,pre_cod_asig4,pre_cod_asig5,pre_cod_asig6,pre_cod_asig7 FROM tblaca009_p_int WHERE pensum='5' AND c_uni_ca='2' AND c_asigna='300112' [1][0] OK
C:[16/08/2013 17:34:38.92][190.78.111.136][1182] SELECT par_cod_asig1,par_cod_asig2,par_cod_asig3 FROM tblaca009_p_int WHERE pensum='5' AND c_uni_ca='2' AND c_asigna='300101' [1][0] OK
C:[16/08/2013 17:34:38.92][190.78.111.136][1182] SELECT par_cod_asig1,par_cod_asig2,par_cod_asig3 FROM tblaca009_p_int WHERE pensum='5' AND c_uni_ca='2' AND c_asigna='300112' [1][0] OK
C:[16/08/2013 17:34:38.18][190.78.111.136][1312] SELECT horas_lab FROM tblaca008 WHERE c_asigna='300101' AND horas_teoricas > 0 [1][0] OK
C:[16/08/2013 17:34:38.18][190.78.111.136][1312] SELECT horas_lab FROM tblaca008 WHERE c_asigna='300112' AND horas_teoricas > 0 [1][0] OK
C:[16/08/2013 17:35:02.83][190.198.146.222][1138] SELECT pre_cod_asig1,pre_cod_asig2,pre_cod_asig3,pre_cod_asig4,pre_cod_asig5,pre_cod_asig6,pre_cod_asig7 FROM tblaca009_p_int WHERE pensum='5' AND c_uni_ca='6' AND c_asigna='300101' [1][0] OK
C:[16/08/2013 17:35:02.61][190.198.146.222][1182] SELECT par_cod_asig1,par_cod_asig2,par_cod_asig3 FROM tblaca009_p_int WHERE pensum='5' AND c_uni_ca='6' AND c_asigna='300101' [1][0] OK
C:[16/08/2013 17:35:02.65][190.198.146.222][1312] SELECT horas_lab FROM tblaca008 WHERE c_asigna='300101' AND horas_teoricas > 0 [1][0] OK
C:[16/08/2013 17:37:57.91][190.39.5.74][1138] SELECT pre_cod_asig1,pre_cod_asig2,pre_cod_asig3,pre_cod_asig4,pre_cod_asig5,pre_cod_asig6,pre_cod_asig7 FROM tblaca009_p_int WHERE pensum='5' AND c_uni_ca='2' AND c_asigna='300101' [1][0] OK
C:[16/08/2013 17:37:57.91][190.39.5.74][1138] SELECT pre_cod_asig1,pre_cod_asig2,pre_cod_asig3,pre_cod_asig4,pre_cod_asig5,pre_cod_asig6,pre_cod_asig7 FROM tblaca009_p_int WHERE pensum='5' AND c_uni_ca='2' AND c_asigna='300116' [1][0] OK
C:[16/08/2013 17:37:57.81][190.39.5.74][1182] SELECT par_cod_asig1,par_cod_asig2,par_cod_asig3 FROM tblaca009_p_int WHERE pensum='5' AND c_uni_ca='2' AND c_asigna='300101' [1][0] OK
C:[16/08/2013 17:37:57.81][190.39.5.74][1182] SELECT par_cod_asig1,par_cod_asig2,par_cod_asig3 FROM tblaca009_p_int WHERE pensum='5' AND c_uni_ca='2' AND c_asigna='300116' [1][0] OK
C:[16/08/2013 17:37:57.08][190.39.5.74][1312] SELECT horas_lab FROM tblaca008 WHERE c_asigna='300101' AND horas_teoricas > 0 [1][0] OK
C:[16/08/2013 17:37:57.08][190.39.5.74][1312] SELECT horas_lab FROM tblaca008 WHERE c_asigna='300116' AND horas_teoricas > 0 [1][0] OK
C:[16/08/2013 17:40:21.06][190.75.146.128][1138] SELECT pre_cod_asig1,pre_cod_asig2,pre_cod_asig3,pre_cod_asig4,pre_cod_asig5,pre_cod_asig6,pre_cod_asig7 FROM tblaca009_p_int WHERE pensum='5' AND c_uni_ca='3' AND c_asigna='311673' [1][0] OK
C:[16/08/2013 17:40:21.06][190.75.146.128][1151] SELECT c_asigna FROM dace004 WHERE exp_e='08-20298249' AND c_asigna='311551' AND status IN ('0','3','B','C') [1][0] OK
C:[16/08/2013 17:40:21.06][190.75.146.128][1138] SELECT pre_cod_asig1,pre_cod_asig2,pre_cod_asig3,pre_cod_asig4,pre_cod_asig5,pre_cod_asig6,pre_cod_asig7 FROM tblaca009_p_int WHERE pensum='5' AND c_uni_ca='3' AND c_asigna='315671' [1][0] OK
C:[16/08/2013 17:40:21.06][190.75.146.128][1151] SELECT c_asigna FROM dace004 WHERE exp_e='08-20298249' AND c_asigna='315552' AND status IN ('0','3','B','C') [1][0] OK
C:[16/08/2013 17:40:21.13][190.75.146.128][1182] SELECT par_cod_asig1,par_cod_asig2,par_cod_asig3 FROM tblaca009_p_int WHERE pensum='5' AND c_uni_ca='3' AND c_asigna='311673' [1][0] OK
C:[16/08/2013 17:40:21.13][190.75.146.128][1182] SELECT par_cod_asig1,par_cod_asig2,par_cod_asig3 FROM tblaca009_p_int WHERE pensum='5' AND c_uni_ca='3' AND c_asigna='315671' [1][0] OK
C:[16/08/2013 17:40:21.39][190.75.146.128][1312] SELECT horas_lab FROM tblaca008 WHERE c_asigna='311673' AND horas_teoricas > 0 [1][0] OK
C:[16/08/2013 17:40:21.39][190.75.146.128][1312] SELECT horas_lab FROM tblaca008 WHERE c_asigna='315671' AND horas_teoricas > 0 [1][0] OK
C:[16/08/2013 17:45:52.12][190.198.184.24][1138] SELECT pre_cod_asig1,pre_cod_asig2,pre_cod_asig3,pre_cod_asig4,pre_cod_asig5,pre_cod_asig6,pre_cod_asig7 FROM tblaca009_p_int WHERE pensum='5' AND c_uni_ca='5' AND c_asigna='300013' [1][0] OK
C:[16/08/2013 17:45:52.12][190.198.184.24][1138] SELECT pre_cod_asig1,pre_cod_asig2,pre_cod_asig3,pre_cod_asig4,pre_cod_asig5,pre_cod_asig6,pre_cod_asig7 FROM tblaca009_p_int WHERE pensum='5' AND c_uni_ca='5' AND c_asigna='300209' [1][0] OK
C:[16/08/2013 17:45:52.12][190.198.184.24][1151] SELECT c_asigna FROM dace004 WHERE exp_e='12-25277487' AND c_asigna='300101' AND status IN ('0','3','B','C') [1][0] OK
C:[16/08/2013 17:45:52.05][190.198.184.24][1182] SELECT par_cod_asig1,par_cod_asig2,par_cod_asig3 FROM tblaca009_p_int WHERE pensum='5' AND c_uni_ca='5' AND c_asigna='300013' [1][0] OK
C:[16/08/2013 17:45:52.05][190.198.184.24][1182] SELECT par_cod_asig1,par_cod_asig2,par_cod_asig3 FROM tblaca009_p_int WHERE pensum='5' AND c_uni_ca='5' AND c_asigna='300209' [1][0] OK
C:[16/08/2013 17:45:52.31][190.198.184.24][1312] SELECT horas_lab FROM tblaca008 WHERE c_asigna='300013' AND horas_teoricas > 0 [1][0] OK
C:[16/08/2013 17:45:52.31][190.198.184.24][1312] SELECT horas_lab FROM tblaca008 WHERE c_asigna='300209' AND horas_teoricas > 0 [1][0] OK
C:[16/08/2013 17:47:03.63][186.89.188.52][1138] SELECT pre_cod_asig1,pre_cod_asig2,pre_cod_asig3,pre_cod_asig4,pre_cod_asig5,pre_cod_asig6,pre_cod_asig7 FROM tblaca009_p_int WHERE pensum='5' AND c_uni_ca='3' AND c_asigna='311673' [1][0] OK
C:[16/08/2013 17:47:03.63][186.89.188.52][1151] SELECT c_asigna FROM dace004 WHERE exp_e='08-20223782' AND c_asigna='311551' AND status IN ('0','3','B','C') [1][0] OK
C:[16/08/2013 17:47:03.63][186.89.188.52][1138] SELECT pre_cod_asig1,pre_cod_asig2,pre_cod_asig3,pre_cod_asig4,pre_cod_asig5,pre_cod_asig6,pre_cod_asig7 FROM tblaca009_p_int WHERE pensum='5' AND c_uni_ca='3' AND c_asigna='315671' [1][0] OK
C:[16/08/2013 17:47:03.63][186.89.188.52][1151] SELECT c_asigna FROM dace004 WHERE exp_e='08-20223782' AND c_asigna='315552' AND status IN ('0','3','B','C') [1][0] OK
C:[16/08/2013 17:47:03.70][186.89.188.52][1182] SELECT par_cod_asig1,par_cod_asig2,par_cod_asig3 FROM tblaca009_p_int WHERE pensum='5' AND c_uni_ca='3' AND c_asigna='311673' [1][0] OK
C:[16/08/2013 17:47:03.70][186.89.188.52][1182] SELECT par_cod_asig1,par_cod_asig2,par_cod_asig3 FROM tblaca009_p_int WHERE pensum='5' AND c_uni_ca='3' AND c_asigna='315671' [1][0] OK
C:[16/08/2013 17:47:03.96][186.89.188.52][1312] SELECT horas_lab FROM tblaca008 WHERE c_asigna='311673' AND horas_teoricas > 0 [1][0] OK
C:[16/08/2013 17:47:03.96][186.89.188.52][1312] SELECT horas_lab FROM tblaca008 WHERE c_asigna='315671' AND horas_teoricas > 0 [1][0] OK
C:[16/08/2013 17:47:16.13][190.73.254.154][1138] SELECT pre_cod_asig1,pre_cod_asig2,pre_cod_asig3,pre_cod_asig4,pre_cod_asig5,pre_cod_asig6,pre_cod_asig7 FROM tblaca009_p_int WHERE pensum='5' AND c_uni_ca='5' AND c_asigna='300207' [1][0] OK
C:[16/08/2013 17:47:16.13][190.73.254.154][1151] SELECT c_asigna FROM dace004 WHERE exp_e='08-20036443' AND c_asigna='300101' AND status IN ('0','3','B','C') [1][0] OK
C:[16/08/2013 17:47:16.95][190.73.254.154][1182] SELECT par_cod_asig1,par_cod_asig2,par_cod_asig3 FROM tblaca009_p_int WHERE pensum='5' AND c_uni_ca='5' AND c_asigna='300207' [1][0] OK
C:[16/08/2013 17:47:16.08][190.73.254.154][1312] SELECT horas_lab FROM tblaca008 WHERE c_asigna='300207' AND horas_teoricas > 0 [1][0] OK
C:[16/08/2013 17:54:19.16][190.60.50.67][1138] SELECT pre_cod_asig1,pre_cod_asig2,pre_cod_asig3,pre_cod_asig4,pre_cod_asig5,pre_cod_asig6,pre_cod_asig7 FROM tblaca009_p_int WHERE pensum='5' AND c_uni_ca='3' AND c_asigna='311824' [1][0] OK
C:[16/08/2013 17:54:19.16][190.60.50.67][1151] SELECT c_asigna FROM dace004 WHERE exp_e='08-19419203' AND c_asigna='311796' AND status IN ('0','3','B','C') [1][0] OK
C:[16/08/2013 17:54:19.88][190.60.50.67][1182] SELECT par_cod_asig1,par_cod_asig2,par_cod_asig3 FROM tblaca009_p_int WHERE pensum='5' AND c_uni_ca='3' AND c_asigna='311824' [1][0] OK
C:[16/08/2013 17:54:19.02][190.60.50.67][1312] SELECT horas_lab FROM tblaca008 WHERE c_asigna='311824' AND horas_teoricas > 0 [1][0] OK
C:[16/08/2013 17:55:40.63][200.109.204.144][1138] SELECT pre_cod_asig1,pre_cod_asig2,pre_cod_asig3,pre_cod_asig4,pre_cod_asig5,pre_cod_asig6,pre_cod_asig7 FROM tblaca009_p_int WHERE pensum='5' AND c_uni_ca='6' AND c_asigna='300222' [1][0] OK
C:[16/08/2013 17:55:40.63][200.109.204.144][1151] SELECT c_asigna FROM dace004 WHERE exp_e='11-20704285' AND c_asigna='300112' AND status IN ('0','3','B','C') [1][0] OK
C:[16/08/2013 17:55:40.63][200.109.204.144][1138] SELECT pre_cod_asig1,pre_cod_asig2,pre_cod_asig3,pre_cod_asig4,pre_cod_asig5,pre_cod_asig6,pre_cod_asig7 FROM tblaca009_p_int WHERE pensum='5' AND c_uni_ca='6' AND c_asigna='300428' [1][0] OK
C:[16/08/2013 17:55:40.63][200.109.204.144][1151] SELECT c_asigna FROM dace004 WHERE exp_e='11-20704285' AND c_asigna='300317' AND status IN ('0','3','B','C') [1][0] OK
C:[16/08/2013 17:55:40.60][200.109.204.144][1182] SELECT par_cod_asig1,par_cod_asig2,par_cod_asig3 FROM tblaca009_p_int WHERE pensum='5' AND c_uni_ca='6' AND c_asigna='300222' [1][0] OK
C:[16/08/2013 17:55:40.60][200.109.204.144][1182] SELECT par_cod_asig1,par_cod_asig2,par_cod_asig3 FROM tblaca009_p_int WHERE pensum='5' AND c_uni_ca='6' AND c_asigna='300428' [1][0] OK
C:[16/08/2013 17:55:40.77][200.109.204.144][1312] SELECT horas_lab FROM tblaca008 WHERE c_asigna='300222' AND horas_teoricas > 0 [1][0] OK
C:[16/08/2013 17:55:40.77][200.109.204.144][1312] SELECT horas_lab FROM tblaca008 WHERE c_asigna='300428' AND horas_teoricas > 0 [1][0] OK
C:[16/08/2013 18:00:01.00][190.77.237.54][1138] SELECT pre_cod_asig1,pre_cod_asig2,pre_cod_asig3,pre_cod_asig4,pre_cod_asig5,pre_cod_asig6,pre_cod_asig7 FROM tblaca009_p_int WHERE pensum='5' AND c_uni_ca='5' AND c_asigna='351451' [1][0] OK
C:[16/08/2013 18:00:01.00][190.77.237.54][1151] SELECT c_asigna FROM dace004 WHERE exp_e='09-20020432' AND c_asigna='351330' AND status IN ('0','3','B','C') [1][0] OK
C:[16/08/2013 18:00:01.00][190.77.237.54][1151] SELECT c_asigna FROM dace004 WHERE exp_e='09-20020432' AND c_asigna='355350' AND status IN ('0','3','B','C') [1][0] OK
C:[16/08/2013 18:00:01.00][190.77.237.54][1151] SELECT c_asigna FROM dace004 WHERE exp_e='09-20020432' AND c_asigna='300318' AND status IN ('0','3','B','C') [1][0] OK
C:[16/08/2013 18:00:02.07][190.77.237.54][1182] SELECT par_cod_asig1,par_cod_asig2,par_cod_asig3 FROM tblaca009_p_int WHERE pensum='5' AND c_uni_ca='5' AND c_asigna='351451' [1][0] OK
C:[16/08/2013 18:00:02.31][190.77.237.54][1312] SELECT horas_lab FROM tblaca008 WHERE c_asigna='351451' AND horas_teoricas > 0 [1][0] OK
C:[16/08/2013 18:00:27.35][190.205.148.76][1138] SELECT pre_cod_asig1,pre_cod_asig2,pre_cod_asig3,pre_cod_asig4,pre_cod_asig5,pre_cod_asig6,pre_cod_asig7 FROM tblaca009_p_int WHERE pensum='5' AND c_uni_ca='4' AND c_asigna='300113' [1][0] OK
C:[16/08/2013 18:00:27.35][190.205.148.76][1138] SELECT pre_cod_asig1,pre_cod_asig2,pre_cod_asig3,pre_cod_asig4,pre_cod_asig5,pre_cod_asig6,pre_cod_asig7 FROM tblaca009_p_int WHERE pensum='5' AND c_uni_ca='4' AND c_asigna='300209' [1][0] OK
C:[16/08/2013 18:00:27.35][190.205.148.76][1151] SELECT c_asigna FROM dace004 WHERE exp_e='11-25034691' AND c_asigna='300101' AND status IN ('0','3','B','C') [1][0] OK
C:[16/08/2013 18:00:27.28][190.205.148.76][1182] SELECT par_cod_asig1,par_cod_asig2,par_cod_asig3 FROM tblaca009_p_int WHERE pensum='5' AND c_uni_ca='4' AND c_asigna='300113' [1][0] OK
C:[16/08/2013 18:00:27.28][190.205.148.76][1196] SELECT c_asigna FROM dace004 WHERE exp_e='11-25034691' AND c_asigna='300013' AND status IN ('0','3','B','C') [1][0] OK
C:[16/08/2013 18:00:27.28][190.205.148.76][1182] SELECT par_cod_asig1,par_cod_asig2,par_cod_asig3 FROM tblaca009_p_int WHERE pensum='5' AND c_uni_ca='4' AND c_asigna='300209' [1][0] OK
C:[16/08/2013 18:00:27.77][190.205.148.76][1312] SELECT horas_lab FROM tblaca008 WHERE c_asigna='300113' AND horas_teoricas > 0 [0][0] OK
C:[16/08/2013 18:00:27.77][190.205.148.76][1312] SELECT horas_lab FROM tblaca008 WHERE c_asigna='300209' AND horas_teoricas > 0 [1][0] OK
C:[16/08/2013 18:03:50.61][190.205.132.168][1138] SELECT pre_cod_asig1,pre_cod_asig2,pre_cod_asig3,pre_cod_asig4,pre_cod_asig5,pre_cod_asig6,pre_cod_asig7 FROM tblaca009_p_int WHERE pensum='5' AND c_uni_ca='3' AND c_asigna='311551' [1][0] OK
C:[16/08/2013 18:03:50.61][190.205.132.168][1151] SELECT c_asigna FROM dace004 WHERE exp_e='07-19910655' AND c_asigna='311430' AND status IN ('0','3','B','C') [1][0] OK
C:[16/08/2013 18:03:50.42][190.205.132.168][1182] SELECT par_cod_asig1,par_cod_asig2,par_cod_asig3 FROM tblaca009_p_int WHERE pensum='5' AND c_uni_ca='3' AND c_asigna='311551' [1][0] OK
C:[16/08/2013 18:03:50.56][190.205.132.168][1312] SELECT horas_lab FROM tblaca008 WHERE c_asigna='311551' AND horas_teoricas > 0 [1][0] OK
C:[16/08/2013 18:08:15.54][190.74.19.192][1138] SELECT pre_cod_asig1,pre_cod_asig2,pre_cod_asig3,pre_cod_asig4,pre_cod_asig5,pre_cod_asig6,pre_cod_asig7 FROM tblaca009_p_int WHERE pensum='5' AND c_uni_ca='6' AND c_asigna='300112' [1][0] OK
C:[16/08/2013 18:08:15.54][190.74.19.192][1138] SELECT pre_cod_asig1,pre_cod_asig2,pre_cod_asig3,pre_cod_asig4,pre_cod_asig5,pre_cod_asig6,pre_cod_asig7 FROM tblaca009_p_int WHERE pensum='5' AND c_uni_ca='6' AND c_asigna='342679' [1][0] OK
C:[16/08/2013 18:08:15.54][190.74.19.192][1151] SELECT c_asigna FROM dace004 WHERE exp_e='10-24036764' AND c_asigna='342567' AND status IN ('0','3','B','C') [1][0] OK
C:[16/08/2013 18:08:15.20][190.74.19.192][1182] SELECT par_cod_asig1,par_cod_asig2,par_cod_asig3 FROM tblaca009_p_int WHERE pensum='5' AND c_uni_ca='6' AND c_asigna='300112' [1][0] OK
C:[16/08/2013 18:08:15.20][190.74.19.192][1182] SELECT par_cod_asig1,par_cod_asig2,par_cod_asig3 FROM tblaca009_p_int WHERE pensum='5' AND c_uni_ca='6' AND c_asigna='342679' [1][0] OK
C:[16/08/2013 18:08:15.47][190.74.19.192][1312] SELECT horas_lab FROM tblaca008 WHERE c_asigna='300112' AND horas_teoricas > 0 [1][0] OK
C:[16/08/2013 18:08:15.47][190.74.19.192][1312] SELECT horas_lab FROM tblaca008 WHERE c_asigna='342679' AND horas_teoricas > 0 [1][0] OK
C:[16/08/2013 18:10:04.66][190.199.94.182][1138] SELECT pre_cod_asig1,pre_cod_asig2,pre_cod_asig3,pre_cod_asig4,pre_cod_asig5,pre_cod_asig6,pre_cod_asig7 FROM tblaca009_p_int WHERE pensum='5' AND c_uni_ca='2' AND c_asigna='322436' [1][0] OK
C:[16/08/2013 18:10:04.66][190.199.94.182][1151] SELECT c_asigna FROM dace004 WHERE exp_e='07-19622114' AND c_asigna='320311' AND status IN ('0','3','B','C') [1][0] OK
C:[16/08/2013 18:10:04.66][190.199.94.182][1138] SELECT pre_cod_asig1,pre_cod_asig2,pre_cod_asig3,pre_cod_asig4,pre_cod_asig5,pre_cod_asig6,pre_cod_asig7 FROM tblaca009_p_int WHERE pensum='5' AND c_uni_ca='2' AND c_asigna='322683' [1][0] OK
C:[16/08/2013 18:10:04.66][190.199.94.182][1151] SELECT c_asigna FROM dace004 WHERE exp_e='07-19622114' AND c_asigna='322560' AND status IN ('0','3','B','C') [1][0] OK
C:[16/08/2013 18:10:04.73][190.199.94.182][1182] SELECT par_cod_asig1,par_cod_asig2,par_cod_asig3 FROM tblaca009_p_int WHERE pensum='5' AND c_uni_ca='2' AND c_asigna='322436' [1][0] OK
C:[16/08/2013 18:10:04.73][190.199.94.182][1182] SELECT par_cod_asig1,par_cod_asig2,par_cod_asig3 FROM tblaca009_p_int WHERE pensum='5' AND c_uni_ca='2' AND c_asigna='322683' [1][0] OK
C:[16/08/2013 18:10:04.00][190.199.94.182][1312] SELECT horas_lab FROM tblaca008 WHERE c_asigna='322436' AND horas_teoricas > 0 [1][0] OK
C:[16/08/2013 18:10:04.00][190.199.94.182][1312] SELECT horas_lab FROM tblaca008 WHERE c_asigna='322683' AND horas_teoricas > 0 [1][0] OK
C:[16/08/2013 18:10:13.69][186.90.166.43][1138] SELECT pre_cod_asig1,pre_cod_asig2,pre_cod_asig3,pre_cod_asig4,pre_cod_asig5,pre_cod_asig6,pre_cod_asig7 FROM tblaca009_p_int WHERE pensum='5' AND c_uni_ca='6' AND c_asigna='300207' [1][0] OK
C:[16/08/2013 18:10:13.69][186.90.166.43][1151] SELECT c_asigna FROM dace004 WHERE exp_e='06-19158427' AND c_asigna='300101' AND status IN ('0','3','B','C') [1][0] OK
C:[16/08/2013 18:10:13.43][186.90.166.43][1182] SELECT par_cod_asig1,par_cod_asig2,par_cod_asig3 FROM tblaca009_p_int WHERE pensum='5' AND c_uni_ca='6' AND c_asigna='300207' [1][0] OK
C:[16/08/2013 18:10:13.55][186.90.166.43][1312] SELECT horas_lab FROM tblaca008 WHERE c_asigna='300207' AND horas_teoricas > 0 [1][0] OK
C:[16/08/2013 18:12:23.66][190.204.205.35][1138] SELECT pre_cod_asig1,pre_cod_asig2,pre_cod_asig3,pre_cod_asig4,pre_cod_asig5,pre_cod_asig6,pre_cod_asig7 FROM tblaca009_p_int WHERE pensum='5' AND c_uni_ca='4' AND c_asigna='333809' [1][0] OK
C:[16/08/2013 18:12:23.66][190.204.205.35][1151] SELECT c_asigna FROM dace004 WHERE exp_e='08-24179194' AND c_asigna='333683' AND status IN ('0','3','B','C') [1][0] OK
C:[16/08/2013 18:12:23.66][190.204.205.35][1151] SELECT c_asigna FROM dace004 WHERE exp_e='08-24179194' AND c_asigna='333710' AND status IN ('0','3','B','C') [1][0] OK
C:[16/08/2013 18:12:23.60][190.204.205.35][1182] SELECT par_cod_asig1,par_cod_asig2,par_cod_asig3 FROM tblaca009_p_int WHERE pensum='5' AND c_uni_ca='4' AND c_asigna='333809' [1][0] OK
C:[16/08/2013 18:12:23.73][190.204.205.35][1312] SELECT horas_lab FROM tblaca008 WHERE c_asigna='333809' AND horas_teoricas > 0 [1][0] OK
C:[16/08/2013 18:14:42.23][186.90.166.43][1138] SELECT pre_cod_asig1,pre_cod_asig2,pre_cod_asig3,pre_cod_asig4,pre_cod_asig5,pre_cod_asig6,pre_cod_asig7 FROM tblaca009_p_int WHERE pensum='5' AND c_uni_ca='6' AND c_asigna='300207' [1][0] OK
C:[16/08/2013 18:14:42.23][186.90.166.43][1151] SELECT c_asigna FROM dace004 WHERE exp_e='06-19158427' AND c_asigna='300101' AND status IN ('0','3','B','C') [1][0] OK
C:[16/08/2013 18:14:42.04][186.90.166.43][1182] SELECT par_cod_asig1,par_cod_asig2,par_cod_asig3 FROM tblaca009_p_int WHERE pensum='5' AND c_uni_ca='6' AND c_asigna='300207' [1][0] OK
C:[16/08/2013 18:14:42.18][186.90.166.43][1312] SELECT horas_lab FROM tblaca008 WHERE c_asigna='300207' AND horas_teoricas > 0 [1][0] OK
C:[16/08/2013 18:15:11.31][200.90.124.179][1138] SELECT pre_cod_asig1,pre_cod_asig2,pre_cod_asig3,pre_cod_asig4,pre_cod_asig5,pre_cod_asig6,pre_cod_asig7 FROM tblaca009_p_int WHERE pensum='5' AND c_uni_ca='6' AND c_asigna='300207' [1][0] OK
C:[16/08/2013 18:15:11.31][200.90.124.179][1151] SELECT c_asigna FROM dace004 WHERE exp_e='12-24035856' AND c_asigna='300101' AND status IN ('0','3','B','C') [1][0] OK
C:[16/08/2013 18:15:11.12][200.90.124.179][1182] SELECT par_cod_asig1,par_cod_asig2,par_cod_asig3 FROM tblaca009_p_int WHERE pensum='5' AND c_uni_ca='6' AND c_asigna='300207' [1][0] OK
C:[16/08/2013 18:15:11.27][200.90.124.179][1312] SELECT horas_lab FROM tblaca008 WHERE c_asigna='300207' AND horas_teoricas > 0 [1][0] OK
C:[16/08/2013 18:15:14.57][186.90.124.104][1138] SELECT pre_cod_asig1,pre_cod_asig2,pre_cod_asig3,pre_cod_asig4,pre_cod_asig5,pre_cod_asig6,pre_cod_asig7 FROM tblaca009_p_int WHERE pensum='5' AND c_uni_ca='2' AND c_asigna='322904' [1][0] OK
C:[16/08/2013 18:15:14.69][186.90.124.104][1182] SELECT par_cod_asig1,par_cod_asig2,par_cod_asig3 FROM tblaca009_p_int WHERE pensum='5' AND c_uni_ca='2' AND c_asigna='322904' [1][0] OK
C:[16/08/2013 18:15:14.84][186.90.124.104][1312] SELECT horas_lab FROM tblaca008 WHERE c_asigna='322904' AND horas_teoricas > 0 [1][0] OK
C:[16/08/2013 18:16:00.87][201.242.52.61][1138] SELECT pre_cod_asig1,pre_cod_asig2,pre_cod_asig3,pre_cod_asig4,pre_cod_asig5,pre_cod_asig6,pre_cod_asig7 FROM tblaca009_p_int WHERE pensum='5' AND c_uni_ca='6' AND c_asigna='300222' [1][0] OK
C:[16/08/2013 18:16:00.87][201.242.52.61][1151] SELECT c_asigna FROM dace004 WHERE exp_e='04-17631265' AND c_asigna='300112' AND status IN ('0','3','B','C') [1][0] OK
C:[16/08/2013 18:16:00.68][201.242.52.61][1182] SELECT par_cod_asig1,par_cod_asig2,par_cod_asig3 FROM tblaca009_p_int WHERE pensum='5' AND c_uni_ca='6' AND c_asigna='300222' [1][0] OK
C:[16/08/2013 18:16:00.82][201.242.52.61][1312] SELECT horas_lab FROM tblaca008 WHERE c_asigna='300222' AND horas_teoricas > 0 [1][0] OK
C:[16/08/2013 18:16:11.77][190.77.215.239][1138] SELECT pre_cod_asig1,pre_cod_asig2,pre_cod_asig3,pre_cod_asig4,pre_cod_asig5,pre_cod_asig6,pre_cod_asig7 FROM tblaca009_p_int WHERE pensum='5' AND c_uni_ca='4' AND c_asigna='330435' [1][0] OK
C:[16/08/2013 18:16:11.01][190.77.215.239][1182] SELECT par_cod_asig1,par_cod_asig2,par_cod_asig3 FROM tblaca009_p_int WHERE pensum='5' AND c_uni_ca='4' AND c_asigna='330435' [1][0] OK
C:[16/08/2013 18:16:11.16][190.77.215.239][1312] SELECT horas_lab FROM tblaca008 WHERE c_asigna='330435' AND horas_teoricas > 0 [1][0] OK
C:[16/08/2013 18:19:52.65][186.90.124.104][1138] SELECT pre_cod_asig1,pre_cod_asig2,pre_cod_asig3,pre_cod_asig4,pre_cod_asig5,pre_cod_asig6,pre_cod_asig7 FROM tblaca009_p_int WHERE pensum='5' AND c_uni_ca='2' AND c_asigna='322904' [1][0] OK
C:[16/08/2013 18:19:52.42][186.90.124.104][1182] SELECT par_cod_asig1,par_cod_asig2,par_cod_asig3 FROM tblaca009_p_int WHERE pensum='5' AND c_uni_ca='2' AND c_asigna='322904' [1][0] OK
C:[16/08/2013 18:19:52.46][186.90.124.104][1312] SELECT horas_lab FROM tblaca008 WHERE c_asigna='322904' AND horas_teoricas > 0 [1][0] OK
C:[16/08/2013 18:22:44.13][190.198.179.208][1138] SELECT pre_cod_asig1,pre_cod_asig2,pre_cod_asig3,pre_cod_asig4,pre_cod_asig5,pre_cod_asig6,pre_cod_asig7 FROM tblaca009_p_int WHERE pensum='5' AND c_uni_ca='2' AND c_asigna='300116' [1][0] OK
C:[16/08/2013 18:22:44.91][190.198.179.208][1182] SELECT par_cod_asig1,par_cod_asig2,par_cod_asig3 FROM tblaca009_p_int WHERE pensum='5' AND c_uni_ca='2' AND c_asigna='300116' [1][0] OK
C:[16/08/2013 18:22:44.95][190.198.179.208][1312] SELECT horas_lab FROM tblaca008 WHERE c_asigna='300116' AND horas_teoricas > 0 [1][0] OK
C:[16/08/2013 18:23:06.23][186.90.166.43][1138] SELECT pre_cod_asig1,pre_cod_asig2,pre_cod_asig3,pre_cod_asig4,pre_cod_asig5,pre_cod_asig6,pre_cod_asig7 FROM tblaca009_p_int WHERE pensum='5' AND c_uni_ca='6' AND c_asigna='300207' [1][0] OK
C:[16/08/2013 18:23:06.23][186.90.166.43][1151] SELECT c_asigna FROM dace004 WHERE exp_e='06-19158427' AND c_asigna='300101' AND status IN ('0','3','B','C') [1][0] OK
C:[16/08/2013 18:23:06.04][186.90.166.43][1182] SELECT par_cod_asig1,par_cod_asig2,par_cod_asig3 FROM tblaca009_p_int WHERE pensum='5' AND c_uni_ca='6' AND c_asigna='300207' [1][0] OK
C:[16/08/2013 18:23:06.28][186.90.166.43][1312] SELECT horas_lab FROM tblaca008 WHERE c_asigna='300207' AND horas_teoricas > 0 [1][0] OK
C:[16/08/2013 18:26:44.53][186.90.218.242][1138] SELECT pre_cod_asig1,pre_cod_asig2,pre_cod_asig3,pre_cod_asig4,pre_cod_asig5,pre_cod_asig6,pre_cod_asig7 FROM tblaca009_p_int WHERE pensum='5' AND c_uni_ca='5' AND c_asigna='351451' [1][0] OK
C:[16/08/2013 18:26:44.53][186.90.218.242][1151] SELECT c_asigna FROM dace004 WHERE exp_e='10-19804955' AND c_asigna='351330' AND status IN ('0','3','B','C') [1][0] OK
C:[16/08/2013 18:26:44.53][186.90.218.242][1151] SELECT c_asigna FROM dace004 WHERE exp_e='10-19804955' AND c_asigna='355350' AND status IN ('0','3','B','C') [1][0] OK
C:[16/08/2013 18:26:44.53][186.90.218.242][1151] SELECT c_asigna FROM dace004 WHERE exp_e='10-19804955' AND c_asigna='300318' AND status IN ('0','3','B','C') [1][0] OK
C:[16/08/2013 18:26:44.53][186.90.218.242][1138] SELECT pre_cod_asig1,pre_cod_asig2,pre_cod_asig3,pre_cod_asig4,pre_cod_asig5,pre_cod_asig6,pre_cod_asig7 FROM tblaca009_p_int WHERE pensum='5' AND c_uni_ca='5' AND c_asigna='355570' [1][0] OK
C:[16/08/2013 18:26:44.53][186.90.218.242][1151] SELECT c_asigna FROM dace004 WHERE exp_e='10-19804955' AND c_asigna='355447' AND status IN ('0','3','B','C') [1][0] OK
C:[16/08/2013 18:26:44.84][186.90.218.242][1182] SELECT par_cod_asig1,par_cod_asig2,par_cod_asig3 FROM tblaca009_p_int WHERE pensum='5' AND c_uni_ca='5' AND c_asigna='351451' [1][0] OK
C:[16/08/2013 18:26:44.84][186.90.218.242][1182] SELECT par_cod_asig1,par_cod_asig2,par_cod_asig3 FROM tblaca009_p_int WHERE pensum='5' AND c_uni_ca='5' AND c_asigna='355570' [1][0] OK
C:[16/08/2013 18:26:44.38][186.90.218.242][1312] SELECT horas_lab FROM tblaca008 WHERE c_asigna='351451' AND horas_teoricas > 0 [1][0] OK
C:[16/08/2013 18:26:44.38][186.90.218.242][1312] SELECT horas_lab FROM tblaca008 WHERE c_asigna='355570' AND horas_teoricas > 0 [1][0] OK
C:[16/08/2013 18:28:22.25][186.90.166.43][1138] SELECT pre_cod_asig1,pre_cod_asig2,pre_cod_asig3,pre_cod_asig4,pre_cod_asig5,pre_cod_asig6,pre_cod_asig7 FROM tblaca009_p_int WHERE pensum='5' AND c_uni_ca='6' AND c_asigna='300207' [1][0] OK
C:[16/08/2013 18:28:22.25][186.90.166.43][1151] SELECT c_asigna FROM dace004 WHERE exp_e='06-19158427' AND c_asigna='300101' AND status IN ('0','3','B','C') [1][0] OK
C:[16/08/2013 18:28:22.06][186.90.166.43][1182] SELECT par_cod_asig1,par_cod_asig2,par_cod_asig3 FROM tblaca009_p_int WHERE pensum='5' AND c_uni_ca='6' AND c_asigna='300207' [1][0] OK
C:[16/08/2013 18:28:22.30][186.90.166.43][1312] SELECT horas_lab FROM tblaca008 WHERE c_asigna='300207' AND horas_teoricas > 0 [1][0] OK
C:[16/08/2013 18:28:38.51][190.201.12.236][1138] SELECT pre_cod_asig1,pre_cod_asig2,pre_cod_asig3,pre_cod_asig4,pre_cod_asig5,pre_cod_asig6,pre_cod_asig7 FROM tblaca009_p_int WHERE pensum='5' AND c_uni_ca='2' AND c_asigna='300207' [1][0] OK
C:[16/08/2013 18:28:38.51][190.201.12.236][1151] SELECT c_asigna FROM dace004 WHERE exp_e='11-24577986' AND c_asigna='300101' AND status IN ('0','3','B','C') [1][0] OK
C:[16/08/2013 18:28:38.51][190.201.12.236][1138] SELECT pre_cod_asig1,pre_cod_asig2,pre_cod_asig3,pre_cod_asig4,pre_cod_asig5,pre_cod_asig6,pre_cod_asig7 FROM tblaca009_p_int WHERE pensum='5' AND c_uni_ca='2' AND c_asigna='300209' [1][0] OK
C:[16/08/2013 18:28:38.51][190.201.12.236][1151] SELECT c_asigna FROM dace004 WHERE exp_e='11-24577986' AND c_asigna='300101' AND status IN ('0','3','B','C') [1][0] OK
C:[16/08/2013 18:28:38.57][190.201.12.236][1182] SELECT par_cod_asig1,par_cod_asig2,par_cod_asig3 FROM tblaca009_p_int WHERE pensum='5' AND c_uni_ca='2' AND c_asigna='300207' [1][0] OK
C:[16/08/2013 18:28:38.57][190.201.12.236][1182] SELECT par_cod_asig1,par_cod_asig2,par_cod_asig3 FROM tblaca009_p_int WHERE pensum='5' AND c_uni_ca='2' AND c_asigna='300209' [1][0] OK
C:[16/08/2013 18:28:38.81][190.201.12.236][1312] SELECT horas_lab FROM tblaca008 WHERE c_asigna='300207' AND horas_teoricas > 0 [1][0] OK
C:[16/08/2013 18:28:38.81][190.201.12.236][1312] SELECT horas_lab FROM tblaca008 WHERE c_asigna='300209' AND horas_teoricas > 0 [1][0] OK
C:[16/08/2013 18:29:01.34][190.198.254.150][1138] SELECT pre_cod_asig1,pre_cod_asig2,pre_cod_asig3,pre_cod_asig4,pre_cod_asig5,pre_cod_asig6,pre_cod_asig7 FROM tblaca009_p_int WHERE pensum='5' AND c_uni_ca='5' AND c_asigna='300428' [1][0] OK
C:[16/08/2013 18:29:01.34][190.198.254.150][1151] SELECT c_asigna FROM dace004 WHERE exp_e='10-20199649' AND c_asigna='300317' AND status IN ('0','3','B','C') [1][0] OK
C:[16/08/2013 18:29:01.16][190.198.254.150][1182] SELECT par_cod_asig1,par_cod_asig2,par_cod_asig3 FROM tblaca009_p_int WHERE pensum='5' AND c_uni_ca='5' AND c_asigna='300428' [1][0] OK
C:[16/08/2013 18:29:01.38][190.198.254.150][1312] SELECT horas_lab FROM tblaca008 WHERE c_asigna='300428' AND horas_teoricas > 0 [1][0] OK
C:[16/08/2013 18:32:48.16][190.201.31.40][1138] SELECT pre_cod_asig1,pre_cod_asig2,pre_cod_asig3,pre_cod_asig4,pre_cod_asig5,pre_cod_asig6,pre_cod_asig7 FROM tblaca009_p_int WHERE pensum='5' AND c_uni_ca='3' AND c_asigna='300213' [1][0] OK
C:[16/08/2013 18:32:48.16][190.201.31.40][1151] SELECT c_asigna FROM dace004 WHERE exp_e='12-22587140' AND c_asigna='300101' AND status IN ('0','3','B','C') [1][0] OK
C:[16/08/2013 18:32:48.16][190.201.31.40][1138] SELECT pre_cod_asig1,pre_cod_asig2,pre_cod_asig3,pre_cod_asig4,pre_cod_asig5,pre_cod_asig6,pre_cod_asig7 FROM tblaca009_p_int WHERE pensum='5' AND c_uni_ca='3' AND c_asigna='300228' [1][0] OK
C:[16/08/2013 18:32:48.16][190.201.31.40][1151] SELECT c_asigna FROM dace004 WHERE exp_e='12-22587140' AND c_asigna='300101' AND status IN ('0','3','B','C') [1][0] OK
C:[16/08/2013 18:32:49.24][190.201.31.40][1182] SELECT par_cod_asig1,par_cod_asig2,par_cod_asig3 FROM tblaca009_p_int WHERE pensum='5' AND c_uni_ca='3' AND c_asigna='300213' [1][0] OK
C:[16/08/2013 18:32:49.24][190.201.31.40][1182] SELECT par_cod_asig1,par_cod_asig2,par_cod_asig3 FROM tblaca009_p_int WHERE pensum='5' AND c_uni_ca='3' AND c_asigna='300228' [1][0] OK
C:[16/08/2013 18:32:49.60][190.201.31.40][1312] SELECT horas_lab FROM tblaca008 WHERE c_asigna='300213' AND horas_teoricas > 0 [1][0] OK
C:[16/08/2013 18:32:49.60][190.201.31.40][1312] SELECT horas_lab FROM tblaca008 WHERE c_asigna='300228' AND horas_teoricas > 0 [1][0] OK
C:[16/08/2013 18:33:35.25][190.198.254.150][1138] SELECT pre_cod_asig1,pre_cod_asig2,pre_cod_asig3,pre_cod_asig4,pre_cod_asig5,pre_cod_asig6,pre_cod_asig7 FROM tblaca009_p_int WHERE pensum='5' AND c_uni_ca='2' AND c_asigna='322669' [1][0] OK
C:[16/08/2013 18:33:35.25][190.198.254.150][1151] SELECT c_asigna FROM dace004 WHERE exp_e='10-20805073' AND c_asigna='322558' AND status IN ('0','3','B','C') [1][0] OK
C:[16/08/2013 18:33:35.25][190.198.254.150][1138] SELECT pre_cod_asig1,pre_cod_asig2,pre_cod_asig3,pre_cod_asig4,pre_cod_asig5,pre_cod_asig6,pre_cod_asig7 FROM tblaca009_p_int WHERE pensum='5' AND c_uni_ca='2' AND c_asigna='322780' [1][0] OK
C:[16/08/2013 18:33:35.25][190.198.254.150][1151] SELECT c_asigna FROM dace004 WHERE exp_e='10-20805073' AND c_asigna='322678' AND status IN ('0','3','B','C') [1][0] OK
C:[16/08/2013 18:33:35.31][190.198.254.150][1182] SELECT par_cod_asig1,par_cod_asig2,par_cod_asig3 FROM tblaca009_p_int WHERE pensum='5' AND c_uni_ca='2' AND c_asigna='322669' [1][0] OK
C:[16/08/2013 18:33:35.31][190.198.254.150][1182] SELECT par_cod_asig1,par_cod_asig2,par_cod_asig3 FROM tblaca009_p_int WHERE pensum='5' AND c_uni_ca='2' AND c_asigna='322780' [1][0] OK
C:[16/08/2013 18:33:35.58][190.198.254.150][1312] SELECT horas_lab FROM tblaca008 WHERE c_asigna='322669' AND horas_teoricas > 0 [1][0] OK
C:[16/08/2013 18:33:35.58][190.198.254.150][1312] SELECT horas_lab FROM tblaca008 WHERE c_asigna='322780' AND horas_teoricas > 0 [1][0] OK
C:[16/08/2013 18:34:30.82][190.79.21.252][1138] SELECT pre_cod_asig1,pre_cod_asig2,pre_cod_asig3,pre_cod_asig4,pre_cod_asig5,pre_cod_asig6,pre_cod_asig7 FROM tblaca009_p_int WHERE pensum='5' AND c_uni_ca='2' AND c_asigna='322702' [1][0] OK
C:[16/08/2013 18:34:30.82][190.79.21.252][1151] SELECT c_asigna FROM dace004 WHERE exp_e='05-18521151' AND c_asigna='322683' AND status IN ('0','3','B','C') [1][0] OK
C:[16/08/2013 18:34:30.82][190.79.21.252][1138] SELECT pre_cod_asig1,pre_cod_asig2,pre_cod_asig3,pre_cod_asig4,pre_cod_asig5,pre_cod_asig6,pre_cod_asig7 FROM tblaca009_p_int WHERE pensum='5' AND c_uni_ca='2' AND c_asigna='322780' [1][0] OK
C:[16/08/2013 18:34:30.82][190.79.21.252][1151] SELECT c_asigna FROM dace004 WHERE exp_e='05-18521151' AND c_asigna='322678' AND status IN ('0','3','B','C') [1][0] OK
C:[16/08/2013 18:34:30.88][190.79.21.252][1182] SELECT par_cod_asig1,par_cod_asig2,par_cod_asig3 FROM tblaca009_p_int WHERE pensum='5' AND c_uni_ca='2' AND c_asigna='322702' [1][0] OK
C:[16/08/2013 18:34:30.88][190.79.21.252][1182] SELECT par_cod_asig1,par_cod_asig2,par_cod_asig3 FROM tblaca009_p_int WHERE pensum='5' AND c_uni_ca='2' AND c_asigna='322780' [1][0] OK
C:[16/08/2013 18:34:30.14][190.79.21.252][1312] SELECT horas_lab FROM tblaca008 WHERE c_asigna='322702' AND horas_teoricas > 0 [1][0] OK
C:[16/08/2013 18:34:30.14][190.79.21.252][1312] SELECT horas_lab FROM tblaca008 WHERE c_asigna='322780' AND horas_teoricas > 0 [1][0] OK
C:[16/08/2013 18:39:08.34][190.198.238.18][1138] SELECT pre_cod_asig1,pre_cod_asig2,pre_cod_asig3,pre_cod_asig4,pre_cod_asig5,pre_cod_asig6,pre_cod_asig7 FROM tblaca009_p_int WHERE pensum='5' AND c_uni_ca='5' AND c_asigna='355696' [1][0] OK
C:[16/08/2013 18:39:08.34][190.198.238.18][1151] SELECT c_asigna FROM dace004 WHERE exp_e='07-19858498' AND c_asigna='355570' AND status IN ('0','3','B','C') [1][0] OK
C:[16/08/2013 18:39:08.34][190.198.238.18][1151] SELECT c_asigna FROM dace004 WHERE exp_e='07-19858498' AND c_asigna='355571' AND status IN ('0','3','B','C') [1][0] OK
C:[16/08/2013 18:39:08.38][190.198.238.18][1182] SELECT par_cod_asig1,par_cod_asig2,par_cod_asig3 FROM tblaca009_p_int WHERE pensum='5' AND c_uni_ca='5' AND c_asigna='355696' [1][0] OK
C:[16/08/2013 18:39:08.51][190.198.238.18][1312] SELECT horas_lab FROM tblaca008 WHERE c_asigna='355696' AND horas_teoricas > 0 [1][0] OK
C:[16/08/2013 18:41:36.85][186.88.165.58][1138] SELECT pre_cod_asig1,pre_cod_asig2,pre_cod_asig3,pre_cod_asig4,pre_cod_asig5,pre_cod_asig6,pre_cod_asig7 FROM tblaca009_p_int WHERE pensum='5' AND c_uni_ca='5' AND c_asigna='355692' [1][0] OK
C:[16/08/2013 18:41:36.85][186.88.165.58][1151] SELECT c_asigna FROM dace004 WHERE exp_e='09-21248723' AND c_asigna='355448' AND status IN ('0','3','B','C') [1][0] OK
C:[16/08/2013 18:41:36.85][186.88.165.58][1151] SELECT c_asigna FROM dace004 WHERE exp_e='09-21248723' AND c_asigna='355570' AND status IN ('0','3','B','C') [1][0] OK
C:[16/08/2013 18:41:36.69][186.88.165.58][1182] SELECT par_cod_asig1,par_cod_asig2,par_cod_asig3 FROM tblaca009_p_int WHERE pensum='5' AND c_uni_ca='5' AND c_asigna='355692' [1][0] OK
C:[16/08/2013 18:41:36.82][186.88.165.58][1312] SELECT horas_lab FROM tblaca008 WHERE c_asigna='355692' AND horas_teoricas > 0 [1][0] OK
C:[16/08/2013 18:44:01.06][186.88.165.58][1138] SELECT pre_cod_asig1,pre_cod_asig2,pre_cod_asig3,pre_cod_asig4,pre_cod_asig5,pre_cod_asig6,pre_cod_asig7 FROM tblaca009_p_int WHERE pensum='5' AND c_uni_ca='5' AND c_asigna='355692' [1][0] OK
C:[16/08/2013 18:44:01.06][186.88.165.58][1151] SELECT c_asigna FROM dace004 WHERE exp_e='09-21325719' AND c_asigna='355448' AND status IN ('0','3','B','C') [1][0] OK
C:[16/08/2013 18:44:01.06][186.88.165.58][1151] SELECT c_asigna FROM dace004 WHERE exp_e='09-21325719' AND c_asigna='355570' AND status IN ('0','3','B','C') [1][0] OK
C:[16/08/2013 18:44:01.00][186.88.165.58][1182] SELECT par_cod_asig1,par_cod_asig2,par_cod_asig3 FROM tblaca009_p_int WHERE pensum='5' AND c_uni_ca='5' AND c_asigna='355692' [1][0] OK
C:[16/08/2013 18:44:01.13][186.88.165.58][1312] SELECT horas_lab FROM tblaca008 WHERE c_asigna='355692' AND horas_teoricas > 0 [1][0] OK
C:[16/08/2013 18:49:01.81][190.94.236.100][1138] SELECT pre_cod_asig1,pre_cod_asig2,pre_cod_asig3,pre_cod_asig4,pre_cod_asig5,pre_cod_asig6,pre_cod_asig7 FROM tblaca009_p_int WHERE pensum='5' AND c_uni_ca='2' AND c_asigna='322436' [1][0] OK
C:[16/08/2013 18:49:01.81][190.94.236.100][1151] SELECT c_asigna FROM dace004 WHERE exp_e='11-22822513' AND c_asigna='320311' AND status IN ('0','3','B','C') [1][0] OK
C:[16/08/2013 18:49:01.61][190.94.236.100][1182] SELECT par_cod_asig1,par_cod_asig2,par_cod_asig3 FROM tblaca009_p_int WHERE pensum='5' AND c_uni_ca='2' AND c_asigna='322436' [1][0] OK
C:[16/08/2013 18:49:01.75][190.94.236.100][1312] SELECT horas_lab FROM tblaca008 WHERE c_asigna='322436' AND horas_teoricas > 0 [1][0] OK
C:[16/08/2013 18:51:17.98][190.204.96.237][1138] SELECT pre_cod_asig1,pre_cod_asig2,pre_cod_asig3,pre_cod_asig4,pre_cod_asig5,pre_cod_asig6,pre_cod_asig7 FROM tblaca009_p_int WHERE pensum='5' AND c_uni_ca='3' AND c_asigna='311796' [1][0] OK
C:[16/08/2013 18:51:17.98][190.204.96.237][1151] SELECT c_asigna FROM dace004 WHERE exp_e='05-16944356' AND c_asigna='315671' AND status IN ('0','3','B','C') [1][0] OK
C:[16/08/2013 18:51:17.71][190.204.96.237][1182] SELECT par_cod_asig1,par_cod_asig2,par_cod_asig3 FROM tblaca009_p_int WHERE pensum='5' AND c_uni_ca='3' AND c_asigna='311796' [1][0] OK
C:[16/08/2013 18:51:17.84][190.204.96.237][1312] SELECT horas_lab FROM tblaca008 WHERE c_asigna='311796' AND horas_teoricas > 0 [1][0] OK
C:[16/08/2013 18:51:46.70][186.90.122.161][1138] SELECT pre_cod_asig1,pre_cod_asig2,pre_cod_asig3,pre_cod_asig4,pre_cod_asig5,pre_cod_asig6,pre_cod_asig7 FROM tblaca009_p_int WHERE pensum='5' AND c_uni_ca='6' AND c_asigna='300013' [1][0] OK
C:[16/08/2013 18:51:46.70][186.90.122.161][1138] SELECT pre_cod_asig1,pre_cod_asig2,pre_cod_asig3,pre_cod_asig4,pre_cod_asig5,pre_cod_asig6,pre_cod_asig7 FROM tblaca009_p_int WHERE pensum='5' AND c_uni_ca='6' AND c_asigna='300113' [1][0] OK
C:[16/08/2013 18:51:46.51][186.90.122.161][1182] SELECT par_cod_asig1,par_cod_asig2,par_cod_asig3 FROM tblaca009_p_int WHERE pensum='5' AND c_uni_ca='6' AND c_asigna='300013' [1][0] OK
C:[16/08/2013 18:51:46.51][186.90.122.161][1182] SELECT par_cod_asig1,par_cod_asig2,par_cod_asig3 FROM tblaca009_p_int WHERE pensum='5' AND c_uni_ca='6' AND c_asigna='300113' [1][0] OK
C:[16/08/2013 18:51:46.51][186.90.122.161][1196] SELECT c_asigna FROM dace004 WHERE exp_e='10-25324093' AND c_asigna='300013' AND status IN ('0','3','B','C') [0][0] OK
C:[16/08/2013 18:51:46.90][186.90.122.161][1312] SELECT horas_lab FROM tblaca008 WHERE c_asigna='300013' AND horas_teoricas > 0 [1][0] OK
C:[16/08/2013 18:51:46.90][186.90.122.161][1312] SELECT horas_lab FROM tblaca008 WHERE c_asigna='300113' AND horas_teoricas > 0 [0][0] OK
C:[16/08/2013 18:59:52.84][190.73.236.98][1138] SELECT pre_cod_asig1,pre_cod_asig2,pre_cod_asig3,pre_cod_asig4,pre_cod_asig5,pre_cod_asig6,pre_cod_asig7 FROM tblaca009_p_int WHERE pensum='5' AND c_uni_ca='5' AND c_asigna='355571' [1][0] OK
C:[16/08/2013 18:59:52.84][190.73.236.98][1151] SELECT c_asigna FROM dace004 WHERE exp_e='08-20013192' AND c_asigna='355447' AND status IN ('0','3','B','C') [1][0] OK
C:[16/08/2013 18:59:52.65][190.73.236.98][1182] SELECT par_cod_asig1,par_cod_asig2,par_cod_asig3 FROM tblaca009_p_int WHERE pensum='5' AND c_uni_ca='5' AND c_asigna='355571' [1][0] OK
C:[16/08/2013 18:59:52.79][190.73.236.98][1312] SELECT horas_lab FROM tblaca008 WHERE c_asigna='355571' AND horas_teoricas > 0 [1][0] OK
C:[16/08/2013 19:03:14.44][186.88.129.36][1138] SELECT pre_cod_asig1,pre_cod_asig2,pre_cod_asig3,pre_cod_asig4,pre_cod_asig5,pre_cod_asig6,pre_cod_asig7 FROM tblaca009_p_int WHERE pensum='5' AND c_uni_ca='3' AND c_asigna='311796' [1][0] OK
C:[16/08/2013 19:03:14.44][186.88.129.36][1151] SELECT c_asigna FROM dace004 WHERE exp_e='99-16392147' AND c_asigna='315671' AND status IN ('0','3','B','C') [1][0] OK
C:[16/08/2013 19:03:14.17][186.88.129.36][1182] SELECT par_cod_asig1,par_cod_asig2,par_cod_asig3 FROM tblaca009_p_int WHERE pensum='5' AND c_uni_ca='3' AND c_asigna='311796' [1][0] OK
C:[16/08/2013 19:03:14.30][186.88.129.36][1312] SELECT horas_lab FROM tblaca008 WHERE c_asigna='311796' AND horas_teoricas > 0 [1][0] OK
C:[16/08/2013 19:04:44.07][190.37.120.1][1138] SELECT pre_cod_asig1,pre_cod_asig2,pre_cod_asig3,pre_cod_asig4,pre_cod_asig5,pre_cod_asig6,pre_cod_asig7 FROM tblaca009_p_int WHERE pensum='5' AND c_uni_ca='3' AND c_asigna='311673' [1][0] OK
C:[16/08/2013 19:04:44.07][190.37.120.1][1151] SELECT c_asigna FROM dace004 WHERE exp_e='11-20503567' AND c_asigna='311551' AND status IN ('0','3','B','C') [1][0] OK
C:[16/08/2013 19:04:44.07][190.37.120.1][1138] SELECT pre_cod_asig1,pre_cod_asig2,pre_cod_asig3,pre_cod_asig4,pre_cod_asig5,pre_cod_asig6,pre_cod_asig7 FROM tblaca009_p_int WHERE pensum='5' AND c_uni_ca='3' AND c_asigna='315671' [1][0] OK
C:[16/08/2013 19:04:44.07][190.37.120.1][1151] SELECT c_asigna FROM dace004 WHERE exp_e='11-20503567' AND c_asigna='315552' AND status IN ('0','3','B','C') [1][0] OK
C:[16/08/2013 19:04:45.17][190.37.120.1][1182] SELECT par_cod_asig1,par_cod_asig2,par_cod_asig3 FROM tblaca009_p_int WHERE pensum='5' AND c_uni_ca='3' AND c_asigna='311673' [1][0] OK
C:[16/08/2013 19:04:45.17][190.37.120.1][1182] SELECT par_cod_asig1,par_cod_asig2,par_cod_asig3 FROM tblaca009_p_int WHERE pensum='5' AND c_uni_ca='3' AND c_asigna='315671' [1][0] OK
C:[16/08/2013 19:04:45.92][190.37.120.1][1312] SELECT horas_lab FROM tblaca008 WHERE c_asigna='311673' AND horas_teoricas > 0 [1][0] OK
C:[16/08/2013 19:04:45.92][190.37.120.1][1312] SELECT horas_lab FROM tblaca008 WHERE c_asigna='315671' AND horas_teoricas > 0 [1][0] OK
C:[16/08/2013 19:05:13.17][190.60.51.215][1138] SELECT pre_cod_asig1,pre_cod_asig2,pre_cod_asig3,pre_cod_asig4,pre_cod_asig5,pre_cod_asig6,pre_cod_asig7 FROM tblaca009_p_int WHERE pensum='5' AND c_uni_ca='5' AND c_asigna='300113' [1][0] OK
C:[16/08/2013 19:05:13.17][190.60.51.215][1138] SELECT pre_cod_asig1,pre_cod_asig2,pre_cod_asig3,pre_cod_asig4,pre_cod_asig5,pre_cod_asig6,pre_cod_asig7 FROM tblaca009_p_int WHERE pensum='5' AND c_uni_ca='5' AND c_asigna='300213' [1][0] OK
C:[16/08/2013 19:05:13.17][190.60.51.215][1151] SELECT c_asigna FROM dace004 WHERE exp_e='05-17885209' AND c_asigna='300101' AND status IN ('0','3','B','C') [1][0] OK
C:[16/08/2013 19:05:13.11][190.60.51.215][1182] SELECT par_cod_asig1,par_cod_asig2,par_cod_asig3 FROM tblaca009_p_int WHERE pensum='5' AND c_uni_ca='5' AND c_asigna='300113' [1][0] OK
C:[16/08/2013 19:05:13.11][190.60.51.215][1196] SELECT c_asigna FROM dace004 WHERE exp_e='05-17885209' AND c_asigna='300013' AND status IN ('0','3','B','C') [0][0] OK
C:[16/08/2013 19:05:13.11][190.60.51.215][1182] SELECT par_cod_asig1,par_cod_asig2,par_cod_asig3 FROM tblaca009_p_int WHERE pensum='5' AND c_uni_ca='5' AND c_asigna='300213' [1][0] OK
C:[16/08/2013 19:05:13.50][190.60.51.215][1312] SELECT horas_lab FROM tblaca008 WHERE c_asigna='300113' AND horas_teoricas > 0 [0][0] OK
C:[16/08/2013 19:05:13.50][190.60.51.215][1312] SELECT horas_lab FROM tblaca008 WHERE c_asigna='300213' AND horas_teoricas > 0 [1][0] OK
C:[16/08/2013 19:05:52.00][190.36.10.223][1138] SELECT pre_cod_asig1,pre_cod_asig2,pre_cod_asig3,pre_cod_asig4,pre_cod_asig5,pre_cod_asig6,pre_cod_asig7 FROM tblaca009_p_int WHERE pensum='5' AND c_uni_ca='3' AND c_asigna='300222' [1][0] OK
C:[16/08/2013 19:05:52.00][190.36.10.223][1151] SELECT c_asigna FROM dace004 WHERE exp_e='05-18805288' AND c_asigna='300112' AND status IN ('0','3','B','C') [1][0] OK
C:[16/08/2013 19:05:53.91][190.36.10.223][1182] SELECT par_cod_asig1,par_cod_asig2,par_cod_asig3 FROM tblaca009_p_int WHERE pensum='5' AND c_uni_ca='3' AND c_asigna='300222' [1][0] OK
C:[16/08/2013 19:05:53.95][190.36.10.223][1312] SELECT horas_lab FROM tblaca008 WHERE c_asigna='300222' AND horas_teoricas > 0 [1][0] OK
C:[16/08/2013 19:06:06.37][186.89.176.95][1138] SELECT pre_cod_asig1,pre_cod_asig2,pre_cod_asig3,pre_cod_asig4,pre_cod_asig5,pre_cod_asig6,pre_cod_asig7 FROM tblaca009_p_int WHERE pensum='5' AND c_uni_ca='2' AND c_asigna='300228' [1][0] OK
C:[16/08/2013 19:06:06.37][186.89.176.95][1151] SELECT c_asigna FROM dace004 WHERE exp_e='12-19332036' AND c_asigna='300101' AND status IN ('0','3','B','C') [1][0] OK
C:[16/08/2013 19:06:06.63][186.89.176.95][1182] SELECT par_cod_asig1,par_cod_asig2,par_cod_asig3 FROM tblaca009_p_int WHERE pensum='5' AND c_uni_ca='2' AND c_asigna='300228' [1][0] OK
C:[16/08/2013 19:06:06.76][186.89.176.95][1312] SELECT horas_lab FROM tblaca008 WHERE c_asigna='300228' AND horas_teoricas > 0 [1][0] OK
C:[16/08/2013 19:06:33.71][190.38.119.192][1138] SELECT pre_cod_asig1,pre_cod_asig2,pre_cod_asig3,pre_cod_asig4,pre_cod_asig5,pre_cod_asig6,pre_cod_asig7 FROM tblaca009_p_int WHERE pensum='5' AND c_uni_ca='5' AND c_asigna='300209' [1][0] OK
C:[16/08/2013 19:06:33.71][190.38.119.192][1151] SELECT c_asigna FROM dace004 WHERE exp_e='10-20882831' AND c_asigna='300101' AND status IN ('0','3','B','C') [1][0] OK
C:[16/08/2013 19:06:33.71][190.38.119.192][1138] SELECT pre_cod_asig1,pre_cod_asig2,pre_cod_asig3,pre_cod_asig4,pre_cod_asig5,pre_cod_asig6,pre_cod_asig7 FROM tblaca009_p_int WHERE pensum='5' AND c_uni_ca='5' AND c_asigna='300222' [1][0] OK
C:[16/08/2013 19:06:33.71][190.38.119.192][1151] SELECT c_asigna FROM dace004 WHERE exp_e='10-20882831' AND c_asigna='300112' AND status IN ('0','3','B','C') [1][0] OK
C:[16/08/2013 19:06:33.77][190.38.119.192][1182] SELECT par_cod_asig1,par_cod_asig2,par_cod_asig3 FROM tblaca009_p_int WHERE pensum='5' AND c_uni_ca='5' AND c_asigna='300209' [1][0] OK
C:[16/08/2013 19:06:33.77][190.38.119.192][1182] SELECT par_cod_asig1,par_cod_asig2,par_cod_asig3 FROM tblaca009_p_int WHERE pensum='5' AND c_uni_ca='5' AND c_asigna='300222' [1][0] OK
C:[16/08/2013 19:06:33.04][190.38.119.192][1312] SELECT horas_lab FROM tblaca008 WHERE c_asigna='300209' AND horas_teoricas > 0 [1][0] OK
C:[16/08/2013 19:06:33.04][190.38.119.192][1312] SELECT horas_lab FROM tblaca008 WHERE c_asigna='300222' AND horas_teoricas > 0 [1][0] OK
C:[16/08/2013 19:09:03.26][190.37.101.218][1138] SELECT pre_cod_asig1,pre_cod_asig2,pre_cod_asig3,pre_cod_asig4,pre_cod_asig5,pre_cod_asig6,pre_cod_asig7 FROM tblaca009_p_int WHERE pensum='5' AND c_uni_ca='3' AND c_asigna='311673' [1][0] OK
C:[16/08/2013 19:09:03.26][190.37.101.218][1151] SELECT c_asigna FROM dace004 WHERE exp_e='08-14459265' AND c_asigna='311551' AND status IN ('0','3','B','C') [1][0] OK
C:[16/08/2013 19:09:03.26][190.37.101.218][1138] SELECT pre_cod_asig1,pre_cod_asig2,pre_cod_asig3,pre_cod_asig4,pre_cod_asig5,pre_cod_asig6,pre_cod_asig7 FROM tblaca009_p_int WHERE pensum='5' AND c_uni_ca='3' AND c_asigna='315671' [1][0] OK
C:[16/08/2013 19:09:03.26][190.37.101.218][1151] SELECT c_asigna FROM dace004 WHERE exp_e='08-14459265' AND c_asigna='315552' AND status IN ('0','3','B','C') [1][0] OK
C:[16/08/2013 19:09:03.32][190.37.101.218][1182] SELECT par_cod_asig1,par_cod_asig2,par_cod_asig3 FROM tblaca009_p_int WHERE pensum='5' AND c_uni_ca='3' AND c_asigna='311673' [1][0] OK
C:[16/08/2013 19:09:03.32][190.37.101.218][1182] SELECT par_cod_asig1,par_cod_asig2,par_cod_asig3 FROM tblaca009_p_int WHERE pensum='5' AND c_uni_ca='3' AND c_asigna='315671' [1][0] OK
C:[16/08/2013 19:09:03.59][190.37.101.218][1312] SELECT horas_lab FROM tblaca008 WHERE c_asigna='311673' AND horas_teoricas > 0 [1][0] OK
C:[16/08/2013 19:09:03.59][190.37.101.218][1312] SELECT horas_lab FROM tblaca008 WHERE c_asigna='315671' AND horas_teoricas > 0 [1][0] OK
C:[16/08/2013 19:14:39.32][190.38.120.192][1138] SELECT pre_cod_asig1,pre_cod_asig2,pre_cod_asig3,pre_cod_asig4,pre_cod_asig5,pre_cod_asig6,pre_cod_asig7 FROM tblaca009_p_int WHERE pensum='5' AND c_uni_ca='6' AND c_asigna='342559' [1][0] OK
C:[16/08/2013 19:14:39.32][190.38.120.192][1151] SELECT c_asigna FROM dace004 WHERE exp_e='08-20886946' AND c_asigna='342436' AND status IN ('0','3','B','C') [1][0] OK
C:[16/08/2013 19:14:39.22][190.38.120.192][1182] SELECT par_cod_asig1,par_cod_asig2,par_cod_asig3 FROM tblaca009_p_int WHERE pensum='5' AND c_uni_ca='6' AND c_asigna='342559' [1][0] OK
C:[16/08/2013 19:14:39.27][190.38.120.192][1312] SELECT horas_lab FROM tblaca008 WHERE c_asigna='342559' AND horas_teoricas > 0 [1][0] OK
C:[16/08/2013 19:15:54.86][190.75.178.118][1138] SELECT pre_cod_asig1,pre_cod_asig2,pre_cod_asig3,pre_cod_asig4,pre_cod_asig5,pre_cod_asig6,pre_cod_asig7 FROM tblaca009_p_int WHERE pensum='5' AND c_uni_ca='3' AND c_asigna='300101' [1][0] OK
C:[16/08/2013 19:15:54.86][190.75.178.118][1138] SELECT pre_cod_asig1,pre_cod_asig2,pre_cod_asig3,pre_cod_asig4,pre_cod_asig5,pre_cod_asig6,pre_cod_asig7 FROM tblaca009_p_int WHERE pensum='5' AND c_uni_ca='3' AND c_asigna='300116' [1][0] OK
C:[16/08/2013 19:15:54.67][190.75.178.118][1182] SELECT par_cod_asig1,par_cod_asig2,par_cod_asig3 FROM tblaca009_p_int WHERE pensum='5' AND c_uni_ca='3' AND c_asigna='300101' [1][0] OK
C:[16/08/2013 19:15:54.67][190.75.178.118][1182] SELECT par_cod_asig1,par_cod_asig2,par_cod_asig3 FROM tblaca009_p_int WHERE pensum='5' AND c_uni_ca='3' AND c_asigna='300116' [1][0] OK
C:[16/08/2013 19:15:54.94][190.75.178.118][1312] SELECT horas_lab FROM tblaca008 WHERE c_asigna='300101' AND horas_teoricas > 0 [1][0] OK
C:[16/08/2013 19:15:54.94][190.75.178.118][1312] SELECT horas_lab FROM tblaca008 WHERE c_asigna='300116' AND horas_teoricas > 0 [1][0] OK
C:[16/08/2013 19:19:59.96][200.84.65.51][1138] SELECT pre_cod_asig1,pre_cod_asig2,pre_cod_asig3,pre_cod_asig4,pre_cod_asig5,pre_cod_asig6,pre_cod_asig7 FROM tblaca009_p_int WHERE pensum='5' AND c_uni_ca='6' AND c_asigna='300207' [1][0] OK
C:[16/08/2013 19:19:59.96][200.84.65.51][1151] SELECT c_asigna FROM dace004 WHERE exp_e='10-20887301' AND c_asigna='300101' AND status IN ('0','3','B','C') [1][0] OK
C:[16/08/2013 19:19:59.96][200.84.65.51][1138] SELECT pre_cod_asig1,pre_cod_asig2,pre_cod_asig3,pre_cod_asig4,pre_cod_asig5,pre_cod_asig6,pre_cod_asig7 FROM tblaca009_p_int WHERE pensum='5' AND c_uni_ca='6' AND c_asigna='300213' [1][0] OK
C:[16/08/2013 19:19:59.96][200.84.65.51][1151] SELECT c_asigna FROM dace004 WHERE exp_e='10-20887301' AND c_asigna='300101' AND status IN ('0','3','B','C') [1][0] OK
C:[16/08/2013 19:19:59.02][200.84.65.51][1182] SELECT par_cod_asig1,par_cod_asig2,par_cod_asig3 FROM tblaca009_p_int WHERE pensum='5' AND c_uni_ca='6' AND c_asigna='300207' [1][0] OK
C:[16/08/2013 19:19:59.02][200.84.65.51][1182] SELECT par_cod_asig1,par_cod_asig2,par_cod_asig3 FROM tblaca009_p_int WHERE pensum='5' AND c_uni_ca='6' AND c_asigna='300213' [1][0] OK
C:[16/08/2013 19:19:59.29][200.84.65.51][1312] SELECT horas_lab FROM tblaca008 WHERE c_asigna='300207' AND horas_teoricas > 0 [1][0] OK
C:[16/08/2013 19:19:59.29][200.84.65.51][1312] SELECT horas_lab FROM tblaca008 WHERE c_asigna='300213' AND horas_teoricas > 0 [1][0] OK
C:[16/08/2013 19:21:34.91][190.36.29.143][1138] SELECT pre_cod_asig1,pre_cod_asig2,pre_cod_asig3,pre_cod_asig4,pre_cod_asig5,pre_cod_asig6,pre_cod_asig7 FROM tblaca009_p_int WHERE pensum='5' AND c_uni_ca='5' AND c_asigna='300101' [1][0] OK
C:[16/08/2013 19:21:34.61][190.36.29.143][1182] SELECT par_cod_asig1,par_cod_asig2,par_cod_asig3 FROM tblaca009_p_int WHERE pensum='5' AND c_uni_ca='5' AND c_asigna='300101' [1][0] OK
C:[16/08/2013 19:21:34.74][190.36.29.143][1312] SELECT horas_lab FROM tblaca008 WHERE c_asigna='300101' AND horas_teoricas > 0 [1][0] OK
C:[16/08/2013 19:26:32.93][186.89.244.51][1138] SELECT pre_cod_asig1,pre_cod_asig2,pre_cod_asig3,pre_cod_asig4,pre_cod_asig5,pre_cod_asig6,pre_cod_asig7 FROM tblaca009_p_int WHERE pensum='5' AND c_uni_ca='3' AND c_asigna='300317' [1][0] OK
C:[16/08/2013 19:26:32.93][186.89.244.51][1151] SELECT c_asigna FROM dace004 WHERE exp_e='11-20804519' AND c_asigna='300207' AND status IN ('0','3','B','C') [1][0] OK
C:[16/08/2013 19:26:32.93][186.89.244.51][1151] SELECT c_asigna FROM dace004 WHERE exp_e='11-20804519' AND c_asigna='300209' AND status IN ('0','3','B','C') [1][0] OK
C:[16/08/2013 19:26:32.86][186.89.244.51][1182] SELECT par_cod_asig1,par_cod_asig2,par_cod_asig3 FROM tblaca009_p_int WHERE pensum='5' AND c_uni_ca='3' AND c_asigna='300317' [1][0] OK
C:[16/08/2013 19:26:32.00][186.89.244.51][1312] SELECT horas_lab FROM tblaca008 WHERE c_asigna='300317' AND horas_teoricas > 0 [1][0] OK
C:[16/08/2013 19:28:46.48][190.37.105.51][1138] SELECT pre_cod_asig1,pre_cod_asig2,pre_cod_asig3,pre_cod_asig4,pre_cod_asig5,pre_cod_asig6,pre_cod_asig7 FROM tblaca009_p_int WHERE pensum='5' AND c_uni_ca='6' AND c_asigna='344687' [1][0] OK
C:[16/08/2013 19:28:46.48][190.37.105.51][1151] SELECT c_asigna FROM dace004 WHERE exp_e='10-21132839' AND c_asigna='344565' AND status IN ('0','3','B','C') [1][0] OK
C:[16/08/2013 19:28:46.29][190.37.105.51][1182] SELECT par_cod_asig1,par_cod_asig2,par_cod_asig3 FROM tblaca009_p_int WHERE pensum='5' AND c_uni_ca='6' AND c_asigna='344687' [1][0] OK
C:[16/08/2013 19:28:46.52][190.37.105.51][1312] SELECT horas_lab FROM tblaca008 WHERE c_asigna='344687' AND horas_teoricas > 0 [1][0] OK
C:[16/08/2013 19:35:03.49][190.79.10.122][1138] SELECT pre_cod_asig1,pre_cod_asig2,pre_cod_asig3,pre_cod_asig4,pre_cod_asig5,pre_cod_asig6,pre_cod_asig7 FROM tblaca009_p_int WHERE pensum='5' AND c_uni_ca='3' AND c_asigna='311551' [1][0] OK
C:[16/08/2013 19:35:03.49][190.79.10.122][1151] SELECT c_asigna FROM dace004 WHERE exp_e='11-20808473' AND c_asigna='311430' AND status IN ('0','3','B','C') [1][0] OK
C:[16/08/2013 19:35:03.31][190.79.10.122][1182] SELECT par_cod_asig1,par_cod_asig2,par_cod_asig3 FROM tblaca009_p_int WHERE pensum='5' AND c_uni_ca='3' AND c_asigna='311551' [1][0] OK
C:[16/08/2013 19:35:03.45][190.79.10.122][1312] SELECT horas_lab FROM tblaca008 WHERE c_asigna='311551' AND horas_teoricas > 0 [1][0] OK
C:[16/08/2013 19:37:24.97][190.79.10.122][1138] SELECT pre_cod_asig1,pre_cod_asig2,pre_cod_asig3,pre_cod_asig4,pre_cod_asig5,pre_cod_asig6,pre_cod_asig7 FROM tblaca009_p_int WHERE pensum='5' AND c_uni_ca='3' AND c_asigna='311551' [1][0] OK
C:[16/08/2013 19:37:24.97][190.79.10.122][1151] SELECT c_asigna FROM dace004 WHERE exp_e='10-21496733' AND c_asigna='311430' AND status IN ('0','3','B','C') [1][0] OK
C:[16/08/2013 19:37:24.79][190.79.10.122][1182] SELECT par_cod_asig1,par_cod_asig2,par_cod_asig3 FROM tblaca009_p_int WHERE pensum='5' AND c_uni_ca='3' AND c_asigna='311551' [1][0] OK
C:[16/08/2013 19:37:24.92][190.79.10.122][1312] SELECT horas_lab FROM tblaca008 WHERE c_asigna='311551' AND horas_teoricas > 0 [1][0] OK
C:[16/08/2013 19:44:46.95][190.205.19.80][1138] SELECT pre_cod_asig1,pre_cod_asig2,pre_cod_asig3,pre_cod_asig4,pre_cod_asig5,pre_cod_asig6,pre_cod_asig7 FROM tblaca009_p_int WHERE pensum='5' AND c_uni_ca='3' AND c_asigna='311673' [1][0] OK
C:[16/08/2013 19:44:46.95][190.205.19.80][1151] SELECT c_asigna FROM dace004 WHERE exp_e='10-22818668' AND c_asigna='311551' AND status IN ('0','3','B','C') [1][0] OK
C:[16/08/2013 19:44:46.95][190.205.19.80][1138] SELECT pre_cod_asig1,pre_cod_asig2,pre_cod_asig3,pre_cod_asig4,pre_cod_asig5,pre_cod_asig6,pre_cod_asig7 FROM tblaca009_p_int WHERE pensum='5' AND c_uni_ca='3' AND c_asigna='315671' [1][0] OK
C:[16/08/2013 19:44:46.95][190.205.19.80][1151] SELECT c_asigna FROM dace004 WHERE exp_e='10-22818668' AND c_asigna='315552' AND status IN ('0','3','B','C') [1][0] OK
C:[16/08/2013 19:44:47.02][190.205.19.80][1182] SELECT par_cod_asig1,par_cod_asig2,par_cod_asig3 FROM tblaca009_p_int WHERE pensum='5' AND c_uni_ca='3' AND c_asigna='311673' [1][0] OK
C:[16/08/2013 19:44:47.02][190.205.19.80][1182] SELECT par_cod_asig1,par_cod_asig2,par_cod_asig3 FROM tblaca009_p_int WHERE pensum='5' AND c_uni_ca='3' AND c_asigna='315671' [1][0] OK
C:[16/08/2013 19:44:47.28][190.205.19.80][1312] SELECT horas_lab FROM tblaca008 WHERE c_asigna='311673' AND horas_teoricas > 0 [1][0] OK
C:[16/08/2013 19:44:47.28][190.205.19.80][1312] SELECT horas_lab FROM tblaca008 WHERE c_asigna='315671' AND horas_teoricas > 0 [1][0] OK
C:[16/08/2013 19:47:54.43][190.73.153.12][1138] SELECT pre_cod_asig1,pre_cod_asig2,pre_cod_asig3,pre_cod_asig4,pre_cod_asig5,pre_cod_asig6,pre_cod_asig7 FROM tblaca009_p_int WHERE pensum='5' AND c_uni_ca='4' AND c_asigna='300226' [1][0] OK
C:[16/08/2013 19:47:54.43][190.73.153.12][1151] SELECT c_asigna FROM dace004 WHERE exp_e='09-22822775' AND c_asigna='300116' AND status IN ('0','3','B','C') [1][0] OK
C:[16/08/2013 19:47:54.43][190.73.153.12][1138] SELECT pre_cod_asig1,pre_cod_asig2,pre_cod_asig3,pre_cod_asig4,pre_cod_asig5,pre_cod_asig6,pre_cod_asig7 FROM tblaca009_p_int WHERE pensum='5' AND c_uni_ca='4' AND c_asigna='330310' [1][0] OK
C:[16/08/2013 19:47:54.43][190.73.153.12][1151] SELECT c_asigna FROM dace004 WHERE exp_e='09-22822775' AND c_asigna='300013' AND status IN ('0','3','B','C') [1][0] OK
C:[16/08/2013 19:47:54.43][190.73.153.12][1151] SELECT c_asigna FROM dace004 WHERE exp_e='09-22822775' AND c_asigna='300113' AND status IN ('0','3','B','C') [1][0] OK
C:[16/08/2013 19:47:54.62][190.73.153.12][1182] SELECT par_cod_asig1,par_cod_asig2,par_cod_asig3 FROM tblaca009_p_int WHERE pensum='5' AND c_uni_ca='4' AND c_asigna='300226' [1][0] OK
C:[16/08/2013 19:47:54.62][190.73.153.12][1182] SELECT par_cod_asig1,par_cod_asig2,par_cod_asig3 FROM tblaca009_p_int WHERE pensum='5' AND c_uni_ca='4' AND c_asigna='330310' [1][0] OK
C:[16/08/2013 19:47:54.88][190.73.153.12][1312] SELECT horas_lab FROM tblaca008 WHERE c_asigna='300226' AND horas_teoricas > 0 [1][0] OK
C:[16/08/2013 19:47:54.88][190.73.153.12][1312] SELECT horas_lab FROM tblaca008 WHERE c_asigna='330310' AND horas_teoricas > 0 [1][0] OK
C:[16/08/2013 19:52:06.94][190.73.153.12][1138] SELECT pre_cod_asig1,pre_cod_asig2,pre_cod_asig3,pre_cod_asig4,pre_cod_asig5,pre_cod_asig6,pre_cod_asig7 FROM tblaca009_p_int WHERE pensum='5' AND c_uni_ca='2' AND c_asigna='300226' [1][0] OK
C:[16/08/2013 19:52:06.94][190.73.153.12][1151] SELECT c_asigna FROM dace004 WHERE exp_e='09-20883128' AND c_asigna='300116' AND status IN ('0','3','B','C') [1][0] OK
C:[16/08/2013 19:52:06.94][190.73.153.12][1138] SELECT pre_cod_asig1,pre_cod_asig2,pre_cod_asig3,pre_cod_asig4,pre_cod_asig5,pre_cod_asig6,pre_cod_asig7 FROM tblaca009_p_int WHERE pensum='5' AND c_uni_ca='2' AND c_asigna='300318' [1][0] OK
C:[16/08/2013 19:52:06.94][190.73.153.12][1151] SELECT c_asigna FROM dace004 WHERE exp_e='09-20883128' AND c_asigna='300228' AND status IN ('0','3','B','C') [1][0] OK
C:[16/08/2013 19:52:06.94][190.73.153.12][1151] SELECT c_asigna FROM dace004 WHERE exp_e='09-20883128' AND c_asigna='300207' AND status IN ('0','3','B','C') [1][0] OK
C:[16/08/2013 19:52:06.94][190.73.153.12][1151] SELECT c_asigna FROM dace004 WHERE exp_e='09-20883128' AND c_asigna='300218' AND status IN ('0','3','B','C') [1][0] OK
C:[16/08/2013 19:52:06.94][190.73.153.12][1138] SELECT pre_cod_asig1,pre_cod_asig2,pre_cod_asig3,pre_cod_asig4,pre_cod_asig5,pre_cod_asig6,pre_cod_asig7 FROM tblaca009_p_int WHERE pensum='5' AND c_uni_ca='2' AND c_asigna='320323' [1][0] OK
C:[16/08/2013 19:52:06.94][190.73.153.12][1151] SELECT c_asigna FROM dace004 WHERE exp_e='09-20883128' AND c_asigna='300228' AND status IN ('0','3','B','C') [1][0] OK
C:[16/08/2013 19:52:06.94][190.73.153.12][1151] SELECT c_asigna FROM dace004 WHERE exp_e='09-20883128' AND c_asigna='300218' AND status IN ('0','3','B','C') [1][0] OK
C:[16/08/2013 19:52:07.76][190.73.153.12][1182] SELECT par_cod_asig1,par_cod_asig2,par_cod_asig3 FROM tblaca009_p_int WHERE pensum='5' AND c_uni_ca='2' AND c_asigna='300226' [1][0] OK
C:[16/08/2013 19:52:07.76][190.73.153.12][1182] SELECT par_cod_asig1,par_cod_asig2,par_cod_asig3 FROM tblaca009_p_int WHERE pensum='5' AND c_uni_ca='2' AND c_asigna='300318' [1][0] OK
C:[16/08/2013 19:52:07.76][190.73.153.12][1182] SELECT par_cod_asig1,par_cod_asig2,par_cod_asig3 FROM tblaca009_p_int WHERE pensum='5' AND c_uni_ca='2' AND c_asigna='320323' [1][0] OK
C:[16/08/2013 19:52:07.15][190.73.153.12][1312] SELECT horas_lab FROM tblaca008 WHERE c_asigna='300226' AND horas_teoricas > 0 [1][0] OK
C:[16/08/2013 19:52:07.15][190.73.153.12][1312] SELECT horas_lab FROM tblaca008 WHERE c_asigna='300318' AND horas_teoricas > 0 [1][0] OK
C:[16/08/2013 19:52:07.15][190.73.153.12][1312] SELECT horas_lab FROM tblaca008 WHERE c_asigna='320323' AND horas_teoricas > 0 [1][0] OK
C:[16/08/2013 19:59:26.67][190.206.244.29][1138] SELECT pre_cod_asig1,pre_cod_asig2,pre_cod_asig3,pre_cod_asig4,pre_cod_asig5,pre_cod_asig6,pre_cod_asig7 FROM tblaca009_p_int WHERE pensum='5' AND c_uni_ca='5' AND c_asigna='300228' [1][0] OK
C:[16/08/2013 19:59:26.67][190.206.244.29][1151] SELECT c_asigna FROM dace004 WHERE exp_e='12-25084150' AND c_asigna='300101' AND status IN ('0','3','B','C') [1][0] OK
C:[16/08/2013 19:59:26.48][190.206.244.29][1182] SELECT par_cod_asig1,par_cod_asig2,par_cod_asig3 FROM tblaca009_p_int WHERE pensum='5' AND c_uni_ca='5' AND c_asigna='300228' [1][0] OK
C:[16/08/2013 19:59:26.74][190.206.244.29][1312] SELECT horas_lab FROM tblaca008 WHERE c_asigna='300228' AND horas_teoricas > 0 [1][0] OK
C:[16/08/2013 20:01:05.58][68.171.231.83][1138] SELECT pre_cod_asig1,pre_cod_asig2,pre_cod_asig3,pre_cod_asig4,pre_cod_asig5,pre_cod_asig6,pre_cod_asig7 FROM tblaca009_p_int WHERE pensum='5' AND c_uni_ca='6' AND c_asigna='344688' [1][0] OK
C:[16/08/2013 20:01:05.58][68.171.231.83][1151] SELECT c_asigna FROM dace004 WHERE exp_e='08-20159734' AND c_asigna='344565' AND status IN ('0','3','B','C') [1][0] OK
C:[16/08/2013 20:01:05.31][68.171.231.83][1182] SELECT par_cod_asig1,par_cod_asig2,par_cod_asig3 FROM tblaca009_p_int WHERE pensum='5' AND c_uni_ca='6' AND c_asigna='344688' [1][0] OK
C:[16/08/2013 20:01:05.44][68.171.231.83][1312] SELECT horas_lab FROM tblaca008 WHERE c_asigna='344688' AND horas_teoricas > 0 [1][0] OK
C:[16/08/2013 20:02:23.49][190.121.239.248][1138] SELECT pre_cod_asig1,pre_cod_asig2,pre_cod_asig3,pre_cod_asig4,pre_cod_asig5,pre_cod_asig6,pre_cod_asig7 FROM tblaca009_p_int WHERE pensum='5' AND c_uni_ca='2' AND c_asigna='300207' [1][0] OK
C:[16/08/2013 20:02:23.49][190.121.239.248][1151] SELECT c_asigna FROM dace004 WHERE exp_e='11-22595068' AND c_asigna='300101' AND status IN ('0','3','B','C') [1][0] OK
C:[16/08/2013 20:02:23.21][190.121.239.248][1182] SELECT par_cod_asig1,par_cod_asig2,par_cod_asig3 FROM tblaca009_p_int WHERE pensum='5' AND c_uni_ca='2' AND c_asigna='300207' [1][0] OK
C:[16/08/2013 20:02:23.35][190.121.239.248][1312] SELECT horas_lab FROM tblaca008 WHERE c_asigna='300207' AND horas_teoricas > 0 [1][0] OK
C:[16/08/2013 20:02:47.51][186.90.116.139][1138] SELECT pre_cod_asig1,pre_cod_asig2,pre_cod_asig3,pre_cod_asig4,pre_cod_asig5,pre_cod_asig6,pre_cod_asig7 FROM tblaca009_p_int WHERE pensum='5' AND c_uni_ca='3' AND c_asigna='311673' [1][0] OK
C:[16/08/2013 20:02:47.51][186.90.116.139][1151] SELECT c_asigna FROM dace004 WHERE exp_e='10-22818668' AND c_asigna='311551' AND status IN ('0','3','B','C') [1][0] OK
C:[16/08/2013 20:02:47.51][186.90.116.139][1138] SELECT pre_cod_asig1,pre_cod_asig2,pre_cod_asig3,pre_cod_asig4,pre_cod_asig5,pre_cod_asig6,pre_cod_asig7 FROM tblaca009_p_int WHERE pensum='5' AND c_uni_ca='3' AND c_asigna='315671' [1][0] OK
C:[16/08/2013 20:02:47.51][186.90.116.139][1151] SELECT c_asigna FROM dace004 WHERE exp_e='10-22818668' AND c_asigna='315552' AND status IN ('0','3','B','C') [1][0] OK
C:[16/08/2013 20:02:47.58][186.90.116.139][1182] SELECT par_cod_asig1,par_cod_asig2,par_cod_asig3 FROM tblaca009_p_int WHERE pensum='5' AND c_uni_ca='3' AND c_asigna='311673' [1][0] OK
C:[16/08/2013 20:02:47.58][186.90.116.139][1182] SELECT par_cod_asig1,par_cod_asig2,par_cod_asig3 FROM tblaca009_p_int WHERE pensum='5' AND c_uni_ca='3' AND c_asigna='315671' [1][0] OK
C:[16/08/2013 20:02:47.92][186.90.116.139][1312] SELECT horas_lab FROM tblaca008 WHERE c_asigna='311673' AND horas_teoricas > 0 [1][0] OK
C:[16/08/2013 20:02:47.92][186.90.116.139][1312] SELECT horas_lab FROM tblaca008 WHERE c_asigna='315671' AND horas_teoricas > 0 [1][0] OK
C:[16/08/2013 20:07:42.83][186.90.222.115][1138] SELECT pre_cod_asig1,pre_cod_asig2,pre_cod_asig3,pre_cod_asig4,pre_cod_asig5,pre_cod_asig6,pre_cod_asig7 FROM tblaca009_p_int WHERE pensum='5' AND c_uni_ca='5' AND c_asigna='300317' [1][0] OK
C:[16/08/2013 20:07:42.83][186.90.222.115][1151] SELECT c_asigna FROM dace004 WHERE exp_e='11-22822640' AND c_asigna='300207' AND status IN ('0','3','B','C') [1][0] OK
C:[16/08/2013 20:07:42.83][186.90.222.115][1151] SELECT c_asigna FROM dace004 WHERE exp_e='11-22822640' AND c_asigna='300209' AND status IN ('0','3','B','C') [1][0] OK
C:[16/08/2013 20:07:42.33][186.90.222.115][1182] SELECT par_cod_asig1,par_cod_asig2,par_cod_asig3 FROM tblaca009_p_int WHERE pensum='5' AND c_uni_ca='5' AND c_asigna='300317' [1][0] OK
C:[16/08/2013 20:07:42.47][186.90.222.115][1312] SELECT horas_lab FROM tblaca008 WHERE c_asigna='300317' AND horas_teoricas > 0 [1][0] OK
C:[16/08/2013 20:08:20.67][181.185.177.25][1138] SELECT pre_cod_asig1,pre_cod_asig2,pre_cod_asig3,pre_cod_asig4,pre_cod_asig5,pre_cod_asig6,pre_cod_asig7 FROM tblaca009_p_int WHERE pensum='5' AND c_uni_ca='2' AND c_asigna='300956' [1][0] OK
C:[16/08/2013 20:08:20.67][181.185.177.25][1151] SELECT c_asigna FROM dace004 WHERE exp_e='99-11234803' AND c_asigna='300422' AND status IN ('0','3','B','C') [1][0] OK
C:[16/08/2013 20:08:20.40][181.185.177.25][1182] SELECT par_cod_asig1,par_cod_asig2,par_cod_asig3 FROM tblaca009_p_int WHERE pensum='5' AND c_uni_ca='2' AND c_asigna='300956' [1][0] OK
C:[16/08/2013 20:08:20.53][181.185.177.25][1312] SELECT horas_lab FROM tblaca008 WHERE c_asigna='300956' AND horas_teoricas > 0 [1][0] OK
C:[16/08/2013 20:08:29.73][190.206.58.80][1138] SELECT pre_cod_asig1,pre_cod_asig2,pre_cod_asig3,pre_cod_asig4,pre_cod_asig5,pre_cod_asig6,pre_cod_asig7 FROM tblaca009_p_int WHERE pensum='5' AND c_uni_ca='2' AND c_asigna='300226' [1][0] OK
C:[16/08/2013 20:08:29.73][190.206.58.80][1151] SELECT c_asigna FROM dace004 WHERE exp_e='11-23121116' AND c_asigna='300116' AND status IN ('0','3','B','C') [1][0] OK
C:[16/08/2013 20:08:29.73][190.206.58.80][1138] SELECT pre_cod_asig1,pre_cod_asig2,pre_cod_asig3,pre_cod_asig4,pre_cod_asig5,pre_cod_asig6,pre_cod_asig7 FROM tblaca009_p_int WHERE pensum='5' AND c_uni_ca='2' AND c_asigna='320311' [1][0] OK
C:[16/08/2013 20:08:29.73][190.206.58.80][1151] SELECT c_asigna FROM dace004 WHERE exp_e='11-23121116' AND c_asigna='300013' AND status IN ('0','3','B','C') [1][0] OK
C:[16/08/2013 20:08:29.73][190.206.58.80][1151] SELECT c_asigna FROM dace004 WHERE exp_e='11-23121116' AND c_asigna='300113' AND status IN ('0','3','B','C') [1][0] OK
C:[16/08/2013 20:08:29.35][190.206.58.80][1182] SELECT par_cod_asig1,par_cod_asig2,par_cod_asig3 FROM tblaca009_p_int WHERE pensum='5' AND c_uni_ca='2' AND c_asigna='300226' [1][0] OK
C:[16/08/2013 20:08:29.35][190.206.58.80][1182] SELECT par_cod_asig1,par_cod_asig2,par_cod_asig3 FROM tblaca009_p_int WHERE pensum='5' AND c_uni_ca='2' AND c_asigna='320311' [1][0] OK
C:[16/08/2013 20:08:29.98][190.206.58.80][1312] SELECT horas_lab FROM tblaca008 WHERE c_asigna='300226' AND horas_teoricas > 0 [1][0] OK
C:[16/08/2013 20:08:29.98][190.206.58.80][1312] SELECT horas_lab FROM tblaca008 WHERE c_asigna='320311' AND horas_teoricas > 0 [1][0] OK
C:[16/08/2013 20:12:44.93][190.205.156.82][1138] SELECT pre_cod_asig1,pre_cod_asig2,pre_cod_asig3,pre_cod_asig4,pre_cod_asig5,pre_cod_asig6,pre_cod_asig7 FROM tblaca009_p_int WHERE pensum='5' AND c_uni_ca='4' AND c_asigna='300105' [1][0] OK
C:[16/08/2013 20:12:44.61][190.205.156.82][1182] SELECT par_cod_asig1,par_cod_asig2,par_cod_asig3 FROM tblaca009_p_int WHERE pensum='5' AND c_uni_ca='4' AND c_asigna='300105' [1][0] OK
C:[16/08/2013 20:12:44.86][190.205.156.82][1312] SELECT horas_lab FROM tblaca008 WHERE c_asigna='300105' AND horas_teoricas > 0 [1][0] OK
C:[16/08/2013 20:16:58.29][186.89.128.31][1138] SELECT pre_cod_asig1,pre_cod_asig2,pre_cod_asig3,pre_cod_asig4,pre_cod_asig5,pre_cod_asig6,pre_cod_asig7 FROM tblaca009_p_int WHERE pensum='5' AND c_uni_ca='5' AND c_asigna='355720' [1][0] OK
C:[16/08/2013 20:16:58.29][186.89.128.31][1151] SELECT c_asigna FROM dace004 WHERE exp_e='08-20137316' AND c_asigna='355692' AND status IN ('0','3','B','C') [1][0] OK
C:[16/08/2013 20:16:58.29][186.89.128.31][1151] SELECT c_asigna FROM dace004 WHERE exp_e='08-20137316' AND c_asigna='355696' AND status IN ('0','3','B','C') [1][0] OK
C:[16/08/2013 20:16:58.31][186.89.128.31][1182] SELECT par_cod_asig1,par_cod_asig2,par_cod_asig3 FROM tblaca009_p_int WHERE pensum='5' AND c_uni_ca='5' AND c_asigna='355720' [1][0] OK
C:[16/08/2013 20:16:58.45][186.89.128.31][1312] SELECT horas_lab FROM tblaca008 WHERE c_asigna='355720' AND horas_teoricas > 0 [1][0] OK
C:[16/08/2013 20:19:18.62][181.185.142.4][1138] SELECT pre_cod_asig1,pre_cod_asig2,pre_cod_asig3,pre_cod_asig4,pre_cod_asig5,pre_cod_asig6,pre_cod_asig7 FROM tblaca009_p_int WHERE pensum='5' AND c_uni_ca='6' AND c_asigna='344565' [1][0] OK
C:[16/08/2013 20:19:18.62][181.185.142.4][1151] SELECT c_asigna FROM dace004 WHERE exp_e='07-19804107' AND c_asigna='344445' AND status IN ('0','3','B','C') [1][0] OK
C:[16/08/2013 20:19:18.43][181.185.142.4][1182] SELECT par_cod_asig1,par_cod_asig2,par_cod_asig3 FROM tblaca009_p_int WHERE pensum='5' AND c_uni_ca='6' AND c_asigna='344565' [1][0] OK
C:[16/08/2013 20:19:18.57][181.185.142.4][1312] SELECT horas_lab FROM tblaca008 WHERE c_asigna='344565' AND horas_teoricas > 0 [1][0] OK
C:[16/08/2013 20:22:41.25][190.37.55.213][1138] SELECT pre_cod_asig1,pre_cod_asig2,pre_cod_asig3,pre_cod_asig4,pre_cod_asig5,pre_cod_asig6,pre_cod_asig7 FROM tblaca009_p_int WHERE pensum='5' AND c_uni_ca='3' AND c_asigna='312333' [1][0] OK
C:[16/08/2013 20:22:41.25][190.37.55.213][1151] SELECT c_asigna FROM dace004 WHERE exp_e='11-20703641' AND c_asigna='300228' AND status IN ('0','3','B','C') [1][0] OK
C:[16/08/2013 20:22:41.08][190.37.55.213][1182] SELECT par_cod_asig1,par_cod_asig2,par_cod_asig3 FROM tblaca009_p_int WHERE pensum='5' AND c_uni_ca='3' AND c_asigna='312333' [1][0] OK
C:[16/08/2013 20:22:41.32][190.37.55.213][1312] SELECT horas_lab FROM tblaca008 WHERE c_asigna='312333' AND horas_teoricas > 0 [1][0] OK
C:[16/08/2013 20:25:04.31][190.201.171.159][1138] SELECT pre_cod_asig1,pre_cod_asig2,pre_cod_asig3,pre_cod_asig4,pre_cod_asig5,pre_cod_asig6,pre_cod_asig7 FROM tblaca009_p_int WHERE pensum='5' AND c_uni_ca='4' AND c_asigna='300101' [1][0] OK
C:[16/08/2013 20:25:04.02][190.201.171.159][1182] SELECT par_cod_asig1,par_cod_asig2,par_cod_asig3 FROM tblaca009_p_int WHERE pensum='5' AND c_uni_ca='4' AND c_asigna='300101' [1][0] OK
C:[16/08/2013 20:25:05.15][190.201.171.159][1312] SELECT horas_lab FROM tblaca008 WHERE c_asigna='300101' AND horas_teoricas > 0 [1][0] OK
C:[16/08/2013 20:25:54.08][190.94.232.209][1138] SELECT pre_cod_asig1,pre_cod_asig2,pre_cod_asig3,pre_cod_asig4,pre_cod_asig5,pre_cod_asig6,pre_cod_asig7 FROM tblaca009_p_int WHERE pensum='5' AND c_uni_ca='2' AND c_asigna='300428' [1][0] OK
C:[16/08/2013 20:25:54.08][190.94.232.209][1151] SELECT c_asigna FROM dace004 WHERE exp_e='09-20507213' AND c_asigna='300317' AND status IN ('0','3','B','C') [1][0] OK
C:[16/08/2013 20:25:54.08][190.94.232.209][1138] SELECT pre_cod_asig1,pre_cod_asig2,pre_cod_asig3,pre_cod_asig4,pre_cod_asig5,pre_cod_asig6,pre_cod_asig7 FROM tblaca009_p_int WHERE pensum='5' AND c_uni_ca='2' AND c_asigna='322436' [1][0] OK
C:[16/08/2013 20:25:54.08][190.94.232.209][1151] SELECT c_asigna FROM dace004 WHERE exp_e='09-20507213' AND c_asigna='320311' AND status IN ('0','3','B','C') [1][0] OK
C:[16/08/2013 20:25:55.14][190.94.232.209][1182] SELECT par_cod_asig1,par_cod_asig2,par_cod_asig3 FROM tblaca009_p_int WHERE pensum='5' AND c_uni_ca='2' AND c_asigna='300428' [1][0] OK
C:[16/08/2013 20:25:55.14][190.94.232.209][1182] SELECT par_cod_asig1,par_cod_asig2,par_cod_asig3 FROM tblaca009_p_int WHERE pensum='5' AND c_uni_ca='2' AND c_asigna='322436' [1][0] OK
C:[16/08/2013 20:25:55.42][190.94.232.209][1312] SELECT horas_lab FROM tblaca008 WHERE c_asigna='300428' AND horas_teoricas > 0 [1][0] OK
C:[16/08/2013 20:25:55.42][190.94.232.209][1312] SELECT horas_lab FROM tblaca008 WHERE c_asigna='322436' AND horas_teoricas > 0 [1][0] OK
C:[16/08/2013 20:30:29.77][190.206.243.87][1138] SELECT pre_cod_asig1,pre_cod_asig2,pre_cod_asig3,pre_cod_asig4,pre_cod_asig5,pre_cod_asig6,pre_cod_asig7 FROM tblaca009_p_int WHERE pensum='5' AND c_uni_ca='2' AND c_asigna='322780' [1][0] OK
C:[16/08/2013 20:30:29.77][190.206.243.87][1151] SELECT c_asigna FROM dace004 WHERE exp_e='09-20704722' AND c_asigna='322678' AND status IN ('0','3','B','C') [1][0] OK
C:[16/08/2013 20:30:29.59][190.206.243.87][1182] SELECT par_cod_asig1,par_cod_asig2,par_cod_asig3 FROM tblaca009_p_int WHERE pensum='5' AND c_uni_ca='2' AND c_asigna='322780' [1][0] OK
C:[16/08/2013 20:30:29.73][190.206.243.87][1312] SELECT horas_lab FROM tblaca008 WHERE c_asigna='322780' AND horas_teoricas > 0 [1][0] OK
C:[16/08/2013 20:35:42.88][201.243.120.183][1138] SELECT pre_cod_asig1,pre_cod_asig2,pre_cod_asig3,pre_cod_asig4,pre_cod_asig5,pre_cod_asig6,pre_cod_asig7 FROM tblaca009_p_int WHERE pensum='5' AND c_uni_ca='4' AND c_asigna='311561' [1][0] OK
C:[16/08/2013 20:35:42.88][201.243.120.183][1151] SELECT c_asigna FROM dace004 WHERE exp_e='11-24035912' AND c_asigna='300318' AND status IN ('0','3','B','C') [1][0] OK
C:[16/08/2013 20:35:42.60][201.243.120.183][1182] SELECT par_cod_asig1,par_cod_asig2,par_cod_asig3 FROM tblaca009_p_int WHERE pensum='5' AND c_uni_ca='4' AND c_asigna='311561' [1][0] OK
C:[16/08/2013 20:35:42.71][201.243.120.183][1312] SELECT horas_lab FROM tblaca008 WHERE c_asigna='311561' AND horas_teoricas > 0 [1][0] OK
C:[16/08/2013 20:46:32.43][190.73.237.85][1138] SELECT pre_cod_asig1,pre_cod_asig2,pre_cod_asig3,pre_cod_asig4,pre_cod_asig5,pre_cod_asig6,pre_cod_asig7 FROM tblaca009_p_int WHERE pensum='5' AND c_uni_ca='6' AND c_asigna='300313' [1][0] OK
C:[16/08/2013 20:46:32.43][190.73.237.85][1151] SELECT c_asigna FROM dace004 WHERE exp_e='09-18170983' AND c_asigna='300213' AND status IN ('0','3','B','C') [1][0] OK
C:[16/08/2013 20:46:32.43][190.73.237.85][1138] SELECT pre_cod_asig1,pre_cod_asig2,pre_cod_asig3,pre_cod_asig4,pre_cod_asig5,pre_cod_asig6,pre_cod_asig7 FROM tblaca009_p_int WHERE pensum='5' AND c_uni_ca='6' AND c_asigna='342436' [1][0] OK
C:[16/08/2013 20:46:32.43][190.73.237.85][1151] SELECT c_asigna FROM dace004 WHERE exp_e='09-18170983' AND c_asigna='300318' AND status IN ('0','3','B','C') [1][0] OK
C:[16/08/2013 20:46:32.43][190.73.237.85][1151] SELECT c_asigna FROM dace004 WHERE exp_e='09-18170983' AND c_asigna='300317' AND status IN ('0','3','B','C') [1][0] OK
C:[16/08/2013 20:46:32.61][190.73.237.85][1182] SELECT par_cod_asig1,par_cod_asig2,par_cod_asig3 FROM tblaca009_p_int WHERE pensum='5' AND c_uni_ca='6' AND c_asigna='300313' [1][0] OK
C:[16/08/2013 20:46:32.61][190.73.237.85][1182] SELECT par_cod_asig1,par_cod_asig2,par_cod_asig3 FROM tblaca009_p_int WHERE pensum='5' AND c_uni_ca='6' AND c_asigna='342436' [1][0] OK
C:[16/08/2013 20:46:32.01][190.73.237.85][1312] SELECT horas_lab FROM tblaca008 WHERE c_asigna='300313' AND horas_teoricas > 0 [1][0] OK
C:[16/08/2013 20:46:32.01][190.73.237.85][1312] SELECT horas_lab FROM tblaca008 WHERE c_asigna='342436' AND horas_teoricas > 0 [1][0] OK
C:[16/08/2013 20:48:33.69][186.90.223.197][1138] SELECT pre_cod_asig1,pre_cod_asig2,pre_cod_asig3,pre_cod_asig4,pre_cod_asig5,pre_cod_asig6,pre_cod_asig7 FROM tblaca009_p_int WHERE pensum='5' AND c_uni_ca='3' AND c_asigna='311551' [1][0] OK
C:[16/08/2013 20:48:33.69][186.90.223.197][1151] SELECT c_asigna FROM dace004 WHERE exp_e='11-24963856' AND c_asigna='311430' AND status IN ('0','3','B','C') [1][0] OK
C:[16/08/2013 20:48:33.50][186.90.223.197][1182] SELECT par_cod_asig1,par_cod_asig2,par_cod_asig3 FROM tblaca009_p_int WHERE pensum='5' AND c_uni_ca='3' AND c_asigna='311551' [1][0] OK
C:[16/08/2013 20:48:34.64][186.90.223.197][1312] SELECT horas_lab FROM tblaca008 WHERE c_asigna='311551' AND horas_teoricas > 0 [1][0] OK
C:[16/08/2013 21:04:07.54][186.89.185.135][1138] SELECT pre_cod_asig1,pre_cod_asig2,pre_cod_asig3,pre_cod_asig4,pre_cod_asig5,pre_cod_asig6,pre_cod_asig7 FROM tblaca009_p_int WHERE pensum='5' AND c_uni_ca='4' AND c_asigna='300870' [1][0] OK
C:[16/08/2013 21:04:07.14][186.89.185.135][1182] SELECT par_cod_asig1,par_cod_asig2,par_cod_asig3 FROM tblaca009_p_int WHERE pensum='5' AND c_uni_ca='4' AND c_asigna='300870' [1][0] OK
C:[16/08/2013 21:04:07.28][186.89.185.135][1312] SELECT horas_lab FROM tblaca008 WHERE c_asigna='300870' AND horas_teoricas > 0 [1][0] OK
C:[16/08/2013 21:08:44.95][186.167.243.41][1138] SELECT pre_cod_asig1,pre_cod_asig2,pre_cod_asig3,pre_cod_asig4,pre_cod_asig5,pre_cod_asig6,pre_cod_asig7 FROM tblaca009_p_int WHERE pensum='5' AND c_uni_ca='3' AND c_asigna='300013' [1][0] OK
C:[16/08/2013 21:08:44.95][186.167.243.41][1138] SELECT pre_cod_asig1,pre_cod_asig2,pre_cod_asig3,pre_cod_asig4,pre_cod_asig5,pre_cod_asig6,pre_cod_asig7 FROM tblaca009_p_int WHERE pensum='5' AND c_uni_ca='3' AND c_asigna='300113' [1][0] OK
C:[16/08/2013 21:08:44.67][186.167.243.41][1182] SELECT par_cod_asig1,par_cod_asig2,par_cod_asig3 FROM tblaca009_p_int WHERE pensum='5' AND c_uni_ca='3' AND c_asigna='300013' [1][0] OK
C:[16/08/2013 21:08:44.67][186.167.243.41][1182] SELECT par_cod_asig1,par_cod_asig2,par_cod_asig3 FROM tblaca009_p_int WHERE pensum='5' AND c_uni_ca='3' AND c_asigna='300113' [1][0] OK
C:[16/08/2013 21:08:44.67][186.167.243.41][1196] SELECT c_asigna FROM dace004 WHERE exp_e='06-20222907' AND c_asigna='300013' AND status IN ('0','3','B','C') [0][0] OK
C:[16/08/2013 21:08:44.06][186.167.243.41][1312] SELECT horas_lab FROM tblaca008 WHERE c_asigna='300013' AND horas_teoricas > 0 [1][0] OK
C:[16/08/2013 21:08:44.06][186.167.243.41][1312] SELECT horas_lab FROM tblaca008 WHERE c_asigna='300113' AND horas_teoricas > 0 [0][0] OK
C:[16/08/2013 21:08:45.31][181.184.226.73][1138] SELECT pre_cod_asig1,pre_cod_asig2,pre_cod_asig3,pre_cod_asig4,pre_cod_asig5,pre_cod_asig6,pre_cod_asig7 FROM tblaca009_p_int WHERE pensum='5' AND c_uni_ca='6' AND c_asigna='300112' [1][0] OK
C:[16/08/2013 21:08:45.43][181.184.226.73][1182] SELECT par_cod_asig1,par_cod_asig2,par_cod_asig3 FROM tblaca009_p_int WHERE pensum='5' AND c_uni_ca='6' AND c_asigna='300112' [1][0] OK
C:[16/08/2013 21:08:45.57][181.184.226.73][1312] SELECT horas_lab FROM tblaca008 WHERE c_asigna='300112' AND horas_teoricas > 0 [1][0] OK
C:[16/08/2013 21:18:37.38][190.206.72.110][1138] SELECT pre_cod_asig1,pre_cod_asig2,pre_cod_asig3,pre_cod_asig4,pre_cod_asig5,pre_cod_asig6,pre_cod_asig7 FROM tblaca009_p_int WHERE pensum='5' AND c_uni_ca='6' AND c_asigna='300013' [1][0] OK
C:[16/08/2013 21:18:37.64][190.206.72.110][1182] SELECT par_cod_asig1,par_cod_asig2,par_cod_asig3 FROM tblaca009_p_int WHERE pensum='5' AND c_uni_ca='6' AND c_asigna='300013' [1][0] OK
C:[16/08/2013 21:18:37.77][190.206.72.110][1312] SELECT horas_lab FROM tblaca008 WHERE c_asigna='300013' AND horas_teoricas > 0 [1][0] OK
C:[16/08/2013 21:27:23.22][181.182.43.196][1138] SELECT pre_cod_asig1,pre_cod_asig2,pre_cod_asig3,pre_cod_asig4,pre_cod_asig5,pre_cod_asig6,pre_cod_asig7 FROM tblaca009_p_int WHERE pensum='5' AND c_uni_ca='6' AND c_asigna='300218' [1][0] OK
C:[16/08/2013 21:27:23.22][181.182.43.196][1138] SELECT pre_cod_asig1,pre_cod_asig2,pre_cod_asig3,pre_cod_asig4,pre_cod_asig5,pre_cod_asig6,pre_cod_asig7 FROM tblaca009_p_int WHERE pensum='5' AND c_uni_ca='6' AND c_asigna='300228' [1][0] OK
C:[16/08/2013 21:27:23.22][181.182.43.196][1151] SELECT c_asigna FROM dace004 WHERE exp_e='10-20887019' AND c_asigna='300101' AND status IN ('0','3','B','C') [1][0] OK
C:[16/08/2013 21:27:23.16][181.182.43.196][1182] SELECT par_cod_asig1,par_cod_asig2,par_cod_asig3 FROM tblaca009_p_int WHERE pensum='5' AND c_uni_ca='6' AND c_asigna='300218' [1][0] OK
C:[16/08/2013 21:27:23.16][181.182.43.196][1196] SELECT c_asigna FROM dace004 WHERE exp_e='10-20887019' AND c_asigna='300228' AND status IN ('0','3','B','C') [0][0] OK
C:[16/08/2013 21:27:23.16][181.182.43.196][1182] SELECT par_cod_asig1,par_cod_asig2,par_cod_asig3 FROM tblaca009_p_int WHERE pensum='5' AND c_uni_ca='6' AND c_asigna='300228' [1][0] OK
C:[16/08/2013 21:27:23.63][181.182.43.196][1312] SELECT horas_lab FROM tblaca008 WHERE c_asigna='300218' AND horas_teoricas > 0 [0][0] OK
C:[16/08/2013 21:27:23.63][181.182.43.196][1312] SELECT horas_lab FROM tblaca008 WHERE c_asigna='300228' AND horas_teoricas > 0 [1][0] OK
C:[16/08/2013 21:37:43.01][200.84.74.50][1138] SELECT pre_cod_asig1,pre_cod_asig2,pre_cod_asig3,pre_cod_asig4,pre_cod_asig5,pre_cod_asig6,pre_cod_asig7 FROM tblaca009_p_int WHERE pensum='5' AND c_uni_ca='6' AND c_asigna='344715' [1][0] OK
C:[16/08/2013 21:37:43.01][200.84.74.50][1151] SELECT c_asigna FROM dace004 WHERE exp_e='10-20020431' AND c_asigna='344688' AND status IN ('0','3','B','C') [1][0] OK
C:[16/08/2013 21:37:43.01][200.84.74.50][1151] SELECT c_asigna FROM dace004 WHERE exp_e='10-20020431' AND c_asigna='344613' AND status IN ('0','3','B','C') [1][0] OK
C:[16/08/2013 21:37:43.05][200.84.74.50][1182] SELECT par_cod_asig1,par_cod_asig2,par_cod_asig3 FROM tblaca009_p_int WHERE pensum='5' AND c_uni_ca='6' AND c_asigna='344715' [1][0] OK
C:[16/08/2013 21:37:43.18][200.84.74.50][1312] SELECT horas_lab FROM tblaca008 WHERE c_asigna='344715' AND horas_teoricas > 0 [1][0] OK
C:[16/08/2013 21:39:08.28][190.142.185.128][1138] SELECT pre_cod_asig1,pre_cod_asig2,pre_cod_asig3,pre_cod_asig4,pre_cod_asig5,pre_cod_asig6,pre_cod_asig7 FROM tblaca009_p_int WHERE pensum='5' AND c_uni_ca='2' AND c_asigna='300317' [1][0] OK
C:[16/08/2013 21:39:08.28][190.142.185.128][1151] SELECT c_asigna FROM dace004 WHERE exp_e='11-21263946' AND c_asigna='300207' AND status IN ('0','3','B','C') [1][0] OK
C:[16/08/2013 21:39:08.28][190.142.185.128][1151] SELECT c_asigna FROM dace004 WHERE exp_e='11-21263946' AND c_asigna='300209' AND status IN ('0','3','B','C') [1][0] OK
C:[16/08/2013 21:39:08.28][190.142.185.128][1138] SELECT pre_cod_asig1,pre_cod_asig2,pre_cod_asig3,pre_cod_asig4,pre_cod_asig5,pre_cod_asig6,pre_cod_asig7 FROM tblaca009_p_int WHERE pensum='5' AND c_uni_ca='2' AND c_asigna='322433' [1][0] OK
C:[16/08/2013 21:39:08.28][190.142.185.128][1151] SELECT c_asigna FROM dace004 WHERE exp_e='11-21263946' AND c_asigna='320323' AND status IN ('0','3','B','C') [1][0] OK
C:[16/08/2013 21:39:08.28][190.142.185.128][1151] SELECT c_asigna FROM dace004 WHERE exp_e='11-21263946' AND c_asigna='300209' AND status IN ('0','3','B','C') [1][0] OK
C:[16/08/2013 21:39:09.60][190.142.185.128][1182] SELECT par_cod_asig1,par_cod_asig2,par_cod_asig3 FROM tblaca009_p_int WHERE pensum='5' AND c_uni_ca='2' AND c_asigna='300317' [1][0] OK
C:[16/08/2013 21:39:09.60][190.142.185.128][1182] SELECT par_cod_asig1,par_cod_asig2,par_cod_asig3 FROM tblaca009_p_int WHERE pensum='5' AND c_uni_ca='2' AND c_asigna='322433' [1][0] OK
C:[16/08/2013 21:39:09.86][190.142.185.128][1312] SELECT horas_lab FROM tblaca008 WHERE c_asigna='300317' AND horas_teoricas > 0 [1][0] OK
C:[16/08/2013 21:39:09.86][190.142.185.128][1312] SELECT horas_lab FROM tblaca008 WHERE c_asigna='322433' AND horas_teoricas > 0 [1][0] OK
C:[16/08/2013 21:40:12.12][190.74.8.125][1138] SELECT pre_cod_asig1,pre_cod_asig2,pre_cod_asig3,pre_cod_asig4,pre_cod_asig5,pre_cod_asig6,pre_cod_asig7 FROM tblaca009_p_int WHERE pensum='5' AND c_uni_ca='3' AND c_asigna='310548' [1][0] OK
C:[16/08/2013 21:40:12.12][190.74.8.125][1151] SELECT c_asigna FROM dace004 WHERE exp_e='11-20808108' AND c_asigna='300428' AND status IN ('0','3','B','C') [1][0] OK
C:[16/08/2013 21:40:12.12][190.74.8.125][1138] SELECT pre_cod_asig1,pre_cod_asig2,pre_cod_asig3,pre_cod_asig4,pre_cod_asig5,pre_cod_asig6,pre_cod_asig7 FROM tblaca009_p_int WHERE pensum='5' AND c_uni_ca='3' AND c_asigna='311554' [1][0] OK
C:[16/08/2013 21:40:12.12][190.74.8.125][1151] SELECT c_asigna FROM dace004 WHERE exp_e='11-20808108' AND c_asigna='300318' AND status IN ('0','3','B','C') [1][0] OK
C:[16/08/2013 21:40:12.18][190.74.8.125][1182] SELECT par_cod_asig1,par_cod_asig2,par_cod_asig3 FROM tblaca009_p_int WHERE pensum='5' AND c_uni_ca='3' AND c_asigna='310548' [1][0] OK
C:[16/08/2013 21:40:12.18][190.74.8.125][1182] SELECT par_cod_asig1,par_cod_asig2,par_cod_asig3 FROM tblaca009_p_int WHERE pensum='5' AND c_uni_ca='3' AND c_asigna='311554' [1][0] OK
C:[16/08/2013 21:40:12.45][190.74.8.125][1312] SELECT horas_lab FROM tblaca008 WHERE c_asigna='310548' AND horas_teoricas > 0 [1][0] OK
C:[16/08/2013 21:40:12.45][190.74.8.125][1312] SELECT horas_lab FROM tblaca008 WHERE c_asigna='311554' AND horas_teoricas > 0 [1][0] OK
C:[16/08/2013 21:56:36.23][190.94.250.191][1138] SELECT pre_cod_asig1,pre_cod_asig2,pre_cod_asig3,pre_cod_asig4,pre_cod_asig5,pre_cod_asig6,pre_cod_asig7 FROM tblaca009_p_int WHERE pensum='5' AND c_uni_ca='2' AND c_asigna='322436' [1][0] OK
C:[16/08/2013 21:56:36.23][190.94.250.191][1151] SELECT c_asigna FROM dace004 WHERE exp_e='10-22587745' AND c_asigna='320311' AND status IN ('0','3','B','C') [1][0] OK
C:[16/08/2013 21:56:36.05][190.94.250.191][1182] SELECT par_cod_asig1,par_cod_asig2,par_cod_asig3 FROM tblaca009_p_int WHERE pensum='5' AND c_uni_ca='2' AND c_asigna='322436' [1][0] OK
C:[16/08/2013 21:56:36.18][190.94.250.191][1312] SELECT horas_lab FROM tblaca008 WHERE c_asigna='322436' AND horas_teoricas > 0 [1][0] OK
C:[16/08/2013 22:01:02.17][190.201.185.159][1138] SELECT pre_cod_asig1,pre_cod_asig2,pre_cod_asig3,pre_cod_asig4,pre_cod_asig5,pre_cod_asig6,pre_cod_asig7 FROM tblaca009_p_int WHERE pensum='5' AND c_uni_ca='4' AND c_asigna='300428' [1][0] OK
C:[16/08/2013 22:01:02.17][190.201.185.159][1151] SELECT c_asigna FROM dace004 WHERE exp_e='10-24878478' AND c_asigna='300317' AND status IN ('0','3','B','C') [1][0] OK
C:[16/08/2013 22:01:02.17][190.201.185.159][1138] SELECT pre_cod_asig1,pre_cod_asig2,pre_cod_asig3,pre_cod_asig4,pre_cod_asig5,pre_cod_asig6,pre_cod_asig7 FROM tblaca009_p_int WHERE pensum='5' AND c_uni_ca='4' AND c_asigna='333563' [1][0] OK
C:[16/08/2013 22:01:02.17][190.201.185.159][1151] SELECT c_asigna FROM dace004 WHERE exp_e='10-24878478' AND c_asigna='333440' AND status IN ('0','3','B','C') [1][0] OK
C:[16/08/2013 22:01:02.17][190.201.185.159][1151] SELECT c_asigna FROM dace004 WHERE exp_e='10-24878478' AND c_asigna='333442' AND status IN ('0','3','B','C') [1][0] OK
C:[16/08/2013 22:01:02.45][190.201.185.159][1182] SELECT par_cod_asig1,par_cod_asig2,par_cod_asig3 FROM tblaca009_p_int WHERE pensum='5' AND c_uni_ca='4' AND c_asigna='300428' [1][0] OK
C:[16/08/2013 22:01:02.45][190.201.185.159][1182] SELECT par_cod_asig1,par_cod_asig2,par_cod_asig3 FROM tblaca009_p_int WHERE pensum='5' AND c_uni_ca='4' AND c_asigna='333563' [1][0] OK
C:[16/08/2013 22:01:02.73][190.201.185.159][1312] SELECT horas_lab FROM tblaca008 WHERE c_asigna='300428' AND horas_teoricas > 0 [1][0] OK
C:[16/08/2013 22:01:02.73][190.201.185.159][1312] SELECT horas_lab FROM tblaca008 WHERE c_asigna='333563' AND horas_teoricas > 0 [1][0] OK
C:[16/08/2013 22:01:08.28][190.206.245.131][1138] SELECT pre_cod_asig1,pre_cod_asig2,pre_cod_asig3,pre_cod_asig4,pre_cod_asig5,pre_cod_asig6,pre_cod_asig7 FROM tblaca009_p_int WHERE pensum='5' AND c_uni_ca='4' AND c_asigna='330435' [1][0] OK
C:[16/08/2013 22:01:08.28][190.206.245.131][1138] SELECT pre_cod_asig1,pre_cod_asig2,pre_cod_asig3,pre_cod_asig4,pre_cod_asig5,pre_cod_asig6,pre_cod_asig7 FROM tblaca009_p_int WHERE pensum='5' AND c_uni_ca='4' AND c_asigna='333683' [1][0] OK
C:[16/08/2013 22:01:08.28][190.206.245.131][1151] SELECT c_asigna FROM dace004 WHERE exp_e='09-20807086' AND c_asigna='333564' AND status IN ('0','3','B','C') [1][0] OK
C:[16/08/2013 22:01:08.74][190.206.245.131][1182] SELECT par_cod_asig1,par_cod_asig2,par_cod_asig3 FROM tblaca009_p_int WHERE pensum='5' AND c_uni_ca='4' AND c_asigna='330435' [1][0] OK
C:[16/08/2013 22:01:08.74][190.206.245.131][1182] SELECT par_cod_asig1,par_cod_asig2,par_cod_asig3 FROM tblaca009_p_int WHERE pensum='5' AND c_uni_ca='4' AND c_asigna='333683' [1][0] OK
C:[16/08/2013 22:01:08.98][190.206.245.131][1312] SELECT horas_lab FROM tblaca008 WHERE c_asigna='330435' AND horas_teoricas > 0 [1][0] OK
C:[16/08/2013 22:01:08.98][190.206.245.131][1312] SELECT horas_lab FROM tblaca008 WHERE c_asigna='333683' AND horas_teoricas > 0 [1][0] OK
C:[16/08/2013 22:08:37.93][200.82.180.211][1138] SELECT pre_cod_asig1,pre_cod_asig2,pre_cod_asig3,pre_cod_asig4,pre_cod_asig5,pre_cod_asig6,pre_cod_asig7 FROM tblaca009_p_int WHERE pensum='5' AND c_uni_ca='2' AND c_asigna='322559' [1][0] OK
C:[16/08/2013 22:08:37.93][200.82.180.211][1151] SELECT c_asigna FROM dace004 WHERE exp_e='08-20882746' AND c_asigna='300428' AND status IN ('0','3','B','C') [1][0] OK
C:[16/08/2013 22:08:37.93][200.82.180.211][1151] SELECT c_asigna FROM dace004 WHERE exp_e='08-20882746' AND c_asigna='322436' AND status IN ('0','3','B','C') [1][0] OK
C:[16/08/2013 22:08:37.93][200.82.180.211][1138] SELECT pre_cod_asig1,pre_cod_asig2,pre_cod_asig3,pre_cod_asig4,pre_cod_asig5,pre_cod_asig6,pre_cod_asig7 FROM tblaca009_p_int WHERE pensum='5' AND c_uni_ca='2' AND c_asigna='324862' [1][0] OK
C:[16/08/2013 22:08:37.00][200.82.180.211][1182] SELECT par_cod_asig1,par_cod_asig2,par_cod_asig3 FROM tblaca009_p_int WHERE pensum='5' AND c_uni_ca='2' AND c_asigna='322559' [1][0] OK
C:[16/08/2013 22:08:37.00][200.82.180.211][1182] SELECT par_cod_asig1,par_cod_asig2,par_cod_asig3 FROM tblaca009_p_int WHERE pensum='5' AND c_uni_ca='2' AND c_asigna='324862' [1][0] OK
C:[16/08/2013 22:08:37.47][200.82.180.211][1312] SELECT horas_lab FROM tblaca008 WHERE c_asigna='322559' AND horas_teoricas > 0 [1][0] OK
C:[16/08/2013 22:08:37.47][200.82.180.211][1312] SELECT horas_lab FROM tblaca008 WHERE c_asigna='324862' AND horas_teoricas > 0 [1][0] OK
C:[16/08/2013 22:24:50.35][186.90.166.43][1138] SELECT pre_cod_asig1,pre_cod_asig2,pre_cod_asig3,pre_cod_asig4,pre_cod_asig5,pre_cod_asig6,pre_cod_asig7 FROM tblaca009_p_int WHERE pensum='5' AND c_uni_ca='6' AND c_asigna='300207' [1][0] OK
C:[16/08/2013 22:24:50.35][186.90.166.43][1151] SELECT c_asigna FROM dace004 WHERE exp_e='06-19158427' AND c_asigna='300101' AND status IN ('0','3','B','C') [1][0] OK
C:[16/08/2013 22:24:50.15][186.90.166.43][1182] SELECT par_cod_asig1,par_cod_asig2,par_cod_asig3 FROM tblaca009_p_int WHERE pensum='5' AND c_uni_ca='6' AND c_asigna='300207' [1][0] OK
C:[16/08/2013 22:24:50.29][186.90.166.43][1312] SELECT horas_lab FROM tblaca008 WHERE c_asigna='300207' AND horas_teoricas > 0 [1][0] OK
C:[16/08/2013 22:27:35.44][186.89.195.240][1138] SELECT pre_cod_asig1,pre_cod_asig2,pre_cod_asig3,pre_cod_asig4,pre_cod_asig5,pre_cod_asig6,pre_cod_asig7 FROM tblaca009_p_int WHERE pensum='5' AND c_uni_ca='5' AND c_asigna='355571' [1][0] OK
C:[16/08/2013 22:27:35.44][186.89.195.240][1151] SELECT c_asigna FROM dace004 WHERE exp_e='10-20298085' AND c_asigna='355447' AND status IN ('0','3','B','C') [1][0] OK
C:[16/08/2013 22:27:35.44][186.89.195.240][1138] SELECT pre_cod_asig1,pre_cod_asig2,pre_cod_asig3,pre_cod_asig4,pre_cod_asig5,pre_cod_asig6,pre_cod_asig7 FROM tblaca009_p_int WHERE pensum='5' AND c_uni_ca='5' AND c_asigna='355572' [1][0] OK
C:[16/08/2013 22:27:35.44][186.89.195.240][1151] SELECT c_asigna FROM dace004 WHERE exp_e='10-20298085' AND c_asigna='300428' AND status IN ('0','3','B','C') [1][0] OK
C:[16/08/2013 22:27:35.51][186.89.195.240][1182] SELECT par_cod_asig1,par_cod_asig2,par_cod_asig3 FROM tblaca009_p_int WHERE pensum='5' AND c_uni_ca='5' AND c_asigna='355571' [1][0] OK
C:[16/08/2013 22:27:35.51][186.89.195.240][1182] SELECT par_cod_asig1,par_cod_asig2,par_cod_asig3 FROM tblaca009_p_int WHERE pensum='5' AND c_uni_ca='5' AND c_asigna='355572' [1][0] OK
C:[16/08/2013 22:27:35.77][186.89.195.240][1312] SELECT horas_lab FROM tblaca008 WHERE c_asigna='355571' AND horas_teoricas > 0 [1][0] OK
C:[16/08/2013 22:27:35.77][186.89.195.240][1312] SELECT horas_lab FROM tblaca008 WHERE c_asigna='355572' AND horas_teoricas > 0 [1][0] OK
C:[16/08/2013 22:46:08.04][186.89.159.35][1138] SELECT pre_cod_asig1,pre_cod_asig2,pre_cod_asig3,pre_cod_asig4,pre_cod_asig5,pre_cod_asig6,pre_cod_asig7 FROM tblaca009_p_int WHERE pensum='5' AND c_uni_ca='4' AND c_asigna='330435' [1][0] OK
C:[16/08/2013 22:46:08.73][186.89.159.35][1182] SELECT par_cod_asig1,par_cod_asig2,par_cod_asig3 FROM tblaca009_p_int WHERE pensum='5' AND c_uni_ca='4' AND c_asigna='330435' [1][0] OK
C:[16/08/2013 22:46:08.86][186.89.159.35][1312] SELECT horas_lab FROM tblaca008 WHERE c_asigna='330435' AND horas_teoricas > 0 [1][0] OK
C:[16/08/2013 22:53:46.89][181.225.60.38][1138] SELECT pre_cod_asig1,pre_cod_asig2,pre_cod_asig3,pre_cod_asig4,pre_cod_asig5,pre_cod_asig6,pre_cod_asig7 FROM tblaca009_p_int WHERE pensum='5' AND c_uni_ca='5' AND c_asigna='300101' [1][0] OK
C:[16/08/2013 22:53:46.57][181.225.60.38][1182] SELECT par_cod_asig1,par_cod_asig2,par_cod_asig3 FROM tblaca009_p_int WHERE pensum='5' AND c_uni_ca='5' AND c_asigna='300101' [1][0] OK
C:[16/08/2013 22:53:47.71][181.225.60.38][1312] SELECT horas_lab FROM tblaca008 WHERE c_asigna='300101' AND horas_teoricas > 0 [1][0] OK
C:[16/08/2013 22:58:39.18][190.201.162.127][1138] SELECT pre_cod_asig1,pre_cod_asig2,pre_cod_asig3,pre_cod_asig4,pre_cod_asig5,pre_cod_asig6,pre_cod_asig7 FROM tblaca009_p_int WHERE pensum='5' AND c_uni_ca='6' AND c_asigna='300207' [1][0] OK
C:[16/08/2013 22:58:39.18][190.201.162.127][1151] SELECT c_asigna FROM dace004 WHERE exp_e='06-19419436' AND c_asigna='300101' AND status IN ('0','3','B','C') [1][0] OK
C:[16/08/2013 22:58:39.98][190.201.162.127][1182] SELECT par_cod_asig1,par_cod_asig2,par_cod_asig3 FROM tblaca009_p_int WHERE pensum='5' AND c_uni_ca='6' AND c_asigna='300207' [1][0] OK
C:[16/08/2013 22:58:39.13][190.201.162.127][1312] SELECT horas_lab FROM tblaca008 WHERE c_asigna='300207' AND horas_teoricas > 0 [1][0] OK
C:[16/08/2013 23:01:47.35][186.90.166.43][1138] SELECT pre_cod_asig1,pre_cod_asig2,pre_cod_asig3,pre_cod_asig4,pre_cod_asig5,pre_cod_asig6,pre_cod_asig7 FROM tblaca009_p_int WHERE pensum='5' AND c_uni_ca='6' AND c_asigna='300207' [1][0] OK
C:[16/08/2013 23:01:47.35][186.90.166.43][1151] SELECT c_asigna FROM dace004 WHERE exp_e='06-19158427' AND c_asigna='300101' AND status IN ('0','3','B','C') [1][0] OK
C:[16/08/2013 23:01:47.18][186.90.166.43][1182] SELECT par_cod_asig1,par_cod_asig2,par_cod_asig3 FROM tblaca009_p_int WHERE pensum='5' AND c_uni_ca='6' AND c_asigna='300207' [1][0] OK
C:[16/08/2013 23:01:48.30][186.90.166.43][1312] SELECT horas_lab FROM tblaca008 WHERE c_asigna='300207' AND horas_teoricas > 0 [1][0] OK
C:[16/08/2013 23:06:51.54][181.18.123.60][1138] SELECT pre_cod_asig1,pre_cod_asig2,pre_cod_asig3,pre_cod_asig4,pre_cod_asig5,pre_cod_asig6,pre_cod_asig7 FROM tblaca009_p_int WHERE pensum='5' AND c_uni_ca='5' AND c_asigna='355693' [1][0] OK
C:[16/08/2013 23:06:51.54][181.18.123.60][1151] SELECT c_asigna FROM dace004 WHERE exp_e='03-17068906' AND c_asigna='355572' AND status IN ('0','3','B','C') [1][0] OK
C:[16/08/2013 23:06:51.54][181.18.123.60][1151] SELECT c_asigna FROM dace004 WHERE exp_e='03-17068906' AND c_asigna='352440' AND status IN ('0','3','B','C') [1][0] OK
C:[16/08/2013 23:06:51.54][181.18.123.60][1151] SELECT c_asigna FROM dace004 WHERE exp_e='03-17068906' AND c_asigna='355573' AND status IN ('0','3','B','C') [1][0] OK
C:[16/08/2013 23:06:51.60][181.18.123.60][1182] SELECT par_cod_asig1,par_cod_asig2,par_cod_asig3 FROM tblaca009_p_int WHERE pensum='5' AND c_uni_ca='5' AND c_asigna='355693' [1][0] OK
C:[16/08/2013 23:06:51.74][181.18.123.60][1312] SELECT horas_lab FROM tblaca008 WHERE c_asigna='355693' AND horas_teoricas > 0 [1][0] OK
C:[16/08/2013 23:17:42.98][181.184.232.88][1138] SELECT pre_cod_asig1,pre_cod_asig2,pre_cod_asig3,pre_cod_asig4,pre_cod_asig5,pre_cod_asig6,pre_cod_asig7 FROM tblaca009_p_int WHERE pensum='5' AND c_uni_ca='5' AND c_asigna='355696' [1][0] OK
C:[16/08/2013 23:17:42.98][181.184.232.88][1151] SELECT c_asigna FROM dace004 WHERE exp_e='10-21008004' AND c_asigna='355570' AND status IN ('0','3','B','C') [1][0] OK
C:[16/08/2013 23:17:42.98][181.184.232.88][1151] SELECT c_asigna FROM dace004 WHERE exp_e='10-21008004' AND c_asigna='355571' AND status IN ('0','3','B','C') [1][0] OK
C:[16/08/2013 23:17:42.94][181.184.232.88][1182] SELECT par_cod_asig1,par_cod_asig2,par_cod_asig3 FROM tblaca009_p_int WHERE pensum='5' AND c_uni_ca='5' AND c_asigna='355696' [1][0] OK
C:[16/08/2013 23:17:42.14][181.184.232.88][1312] SELECT horas_lab FROM tblaca008 WHERE c_asigna='355696' AND horas_teoricas > 0 [1][0] OK
C:[16/08/2013 23:29:14.30][190.204.211.6][1138] SELECT pre_cod_asig1,pre_cod_asig2,pre_cod_asig3,pre_cod_asig4,pre_cod_asig5,pre_cod_asig6,pre_cod_asig7 FROM tblaca009_p_int WHERE pensum='5' AND c_uni_ca='5' AND c_asigna='300207' [1][0] OK
C:[16/08/2013 23:29:14.30][190.204.211.6][1151] SELECT c_asigna FROM dace004 WHERE exp_e='12-24578143' AND c_asigna='300101' AND status IN ('0','3','B','C') [1][0] OK
C:[16/08/2013 23:29:14.30][190.204.211.6][1138] SELECT pre_cod_asig1,pre_cod_asig2,pre_cod_asig3,pre_cod_asig4,pre_cod_asig5,pre_cod_asig6,pre_cod_asig7 FROM tblaca009_p_int WHERE pensum='5' AND c_uni_ca='5' AND c_asigna='300313' [1][0] OK
C:[16/08/2013 23:29:14.30][190.204.211.6][1151] SELECT c_asigna FROM dace004 WHERE exp_e='12-24578143' AND c_asigna='300213' AND status IN ('0','3','B','C') [1][0] OK
C:[16/08/2013 23:29:15.35][190.204.211.6][1182] SELECT par_cod_asig1,par_cod_asig2,par_cod_asig3 FROM tblaca009_p_int WHERE pensum='5' AND c_uni_ca='5' AND c_asigna='300207' [1][0] OK
C:[16/08/2013 23:29:15.35][190.204.211.6][1182] SELECT par_cod_asig1,par_cod_asig2,par_cod_asig3 FROM tblaca009_p_int WHERE pensum='5' AND c_uni_ca='5' AND c_asigna='300313' [1][0] OK
C:[16/08/2013 23:29:15.61][190.204.211.6][1312] SELECT horas_lab FROM tblaca008 WHERE c_asigna='300207' AND horas_teoricas > 0 [1][0] OK
C:[16/08/2013 23:29:15.61][190.204.211.6][1312] SELECT horas_lab FROM tblaca008 WHERE c_asigna='300313' AND horas_teoricas > 0 [1][0] OK
C:[16/08/2013 23:45:36.91][190.200.17.226][1138] SELECT pre_cod_asig1,pre_cod_asig2,pre_cod_asig3,pre_cod_asig4,pre_cod_asig5,pre_cod_asig6,pre_cod_asig7 FROM tblaca009_p_int WHERE pensum='5' AND c_uni_ca='5' AND c_asigna='300101' [1][0] OK
C:[16/08/2013 23:45:36.60][190.200.17.226][1182] SELECT par_cod_asig1,par_cod_asig2,par_cod_asig3 FROM tblaca009_p_int WHERE pensum='5' AND c_uni_ca='5' AND c_asigna='300101' [1][0] OK
C:[16/08/2013 23:45:36.76][190.200.17.226][1312] SELECT horas_lab FROM tblaca008 WHERE c_asigna='300101' AND horas_teoricas > 0 [1][0] OK
C:[16/08/2013 23:47:57.67][190.201.164.220][1138] SELECT pre_cod_asig1,pre_cod_asig2,pre_cod_asig3,pre_cod_asig4,pre_cod_asig5,pre_cod_asig6,pre_cod_asig7 FROM tblaca009_p_int WHERE pensum='5' AND c_uni_ca='4' AND c_asigna='333809' [1][0] OK
C:[16/08/2013 23:47:57.67][190.201.164.220][1151] SELECT c_asigna FROM dace004 WHERE exp_e='09-24800842' AND c_asigna='333683' AND status IN ('0','3','B','C') [1][0] OK
C:[16/08/2013 23:47:57.67][190.201.164.220][1151] SELECT c_asigna FROM dace004 WHERE exp_e='09-24800842' AND c_asigna='333710' AND status IN ('0','3','B','C') [1][0] OK
C:[16/08/2013 23:47:57.61][190.201.164.220][1182] SELECT par_cod_asig1,par_cod_asig2,par_cod_asig3 FROM tblaca009_p_int WHERE pensum='5' AND c_uni_ca='4' AND c_asigna='333809' [1][0] OK
C:[16/08/2013 23:47:57.75][190.201.164.220][1312] SELECT horas_lab FROM tblaca008 WHERE c_asigna='333809' AND horas_teoricas > 0 [1][0] OK
C:[16/08/2013 23:53:50.44][190.200.17.226][1138] SELECT pre_cod_asig1,pre_cod_asig2,pre_cod_asig3,pre_cod_asig4,pre_cod_asig5,pre_cod_asig6,pre_cod_asig7 FROM tblaca009_p_int WHERE pensum='5' AND c_uni_ca='5' AND c_asigna='355572' [1][0] OK
C:[16/08/2013 23:53:50.44][190.200.17.226][1151] SELECT c_asigna FROM dace004 WHERE exp_e='05-18886220' AND c_asigna='300428' AND status IN ('0','3','B','C') [1][0] OK
C:[16/08/2013 23:53:50.26][190.200.17.226][1182] SELECT par_cod_asig1,par_cod_asig2,par_cod_asig3 FROM tblaca009_p_int WHERE pensum='5' AND c_uni_ca='5' AND c_asigna='355572' [1][0] OK
C:[16/08/2013 23:53:50.40][190.200.17.226][1312] SELECT horas_lab FROM tblaca008 WHERE c_asigna='355572' AND horas_teoricas > 0 [1][0] OK
C:[16/08/2013 23:57:03.42][186.90.114.91][1138] SELECT pre_cod_asig1,pre_cod_asig2,pre_cod_asig3,pre_cod_asig4,pre_cod_asig5,pre_cod_asig6,pre_cod_asig7 FROM tblaca009_p_int WHERE pensum='5' AND c_uni_ca='5' AND c_asigna='355720' [1][0] OK
C:[16/08/2013 23:57:03.42][186.90.114.91][1151] SELECT c_asigna FROM dace004 WHERE exp_e='08-20506740' AND c_asigna='355692' AND status IN ('0','3','B','C') [1][0] OK
C:[16/08/2013 23:57:03.42][186.90.114.91][1151] SELECT c_asigna FROM dace004 WHERE exp_e='08-20506740' AND c_asigna='355696' AND status IN ('0','3','B','C') [1][0] OK
C:[16/08/2013 23:57:04.37][186.90.114.91][1182] SELECT par_cod_asig1,par_cod_asig2,par_cod_asig3 FROM tblaca009_p_int WHERE pensum='5' AND c_uni_ca='5' AND c_asigna='355720' [1][0] OK
C:[16/08/2013 23:57:04.48][186.90.114.91][1312] SELECT horas_lab FROM tblaca008 WHERE c_asigna='355720' AND horas_teoricas > 0 [1][0] OK
C:[17/08/2013 00:47:03.93][190.121.238.139][1138] SELECT pre_cod_asig1,pre_cod_asig2,pre_cod_asig3,pre_cod_asig4,pre_cod_asig5,pre_cod_asig6,pre_cod_asig7 FROM tblaca009_p_int WHERE pensum='5' AND c_uni_ca='3' AND c_asigna='311430' [1][0] OK
C:[17/08/2013 00:47:03.93][190.121.238.139][1151] SELECT c_asigna FROM dace004 WHERE exp_e='11-20808171' AND c_asigna='300317' AND status IN ('0','3','B','C') [1][0] OK
C:[17/08/2013 00:47:03.93][190.121.238.139][1151] SELECT c_asigna FROM dace004 WHERE exp_e='11-20808171' AND c_asigna='300318' AND status IN ('0','3','B','C') [1][0] OK
C:[17/08/2013 00:47:03.78][190.121.238.139][1182] SELECT par_cod_asig1,par_cod_asig2,par_cod_asig3 FROM tblaca009_p_int WHERE pensum='5' AND c_uni_ca='3' AND c_asigna='311430' [1][0] OK
C:[17/08/2013 00:47:03.92][190.121.238.139][1312] SELECT horas_lab FROM tblaca008 WHERE c_asigna='311430' AND horas_teoricas > 0 [1][0] OK
C:[17/08/2013 01:38:51.30][74.82.68.144][1138] SELECT pre_cod_asig1,pre_cod_asig2,pre_cod_asig3,pre_cod_asig4,pre_cod_asig5,pre_cod_asig6,pre_cod_asig7 FROM tblaca009_p_int WHERE pensum='5' AND c_uni_ca='4' AND c_asigna='300870' [1][0] OK
C:[17/08/2013 01:38:51.07][74.82.68.144][1182] SELECT par_cod_asig1,par_cod_asig2,par_cod_asig3 FROM tblaca009_p_int WHERE pensum='5' AND c_uni_ca='4' AND c_asigna='300870' [1][0] OK
C:[17/08/2013 01:38:51.12][74.82.68.144][1312] SELECT horas_lab FROM tblaca008 WHERE c_asigna='300870' AND horas_teoricas > 0 [1][0] OK
C:[17/08/2013 06:54:12.77][190.206.63.108][1138] SELECT pre_cod_asig1,pre_cod_asig2,pre_cod_asig3,pre_cod_asig4,pre_cod_asig5,pre_cod_asig6,pre_cod_asig7 FROM tblaca009_p_int WHERE pensum='5' AND c_uni_ca='2' AND c_asigna='322904' [1][0] OK
C:[17/08/2013 06:54:12.77][190.206.63.108][1138] SELECT pre_cod_asig1,pre_cod_asig2,pre_cod_asig3,pre_cod_asig4,pre_cod_asig5,pre_cod_asig6,pre_cod_asig7 FROM tblaca009_p_int WHERE pensum='5' AND c_uni_ca='2' AND c_asigna='300890' [1][0] OK
C:[17/08/2013 06:54:12.58][190.206.63.108][1182] SELECT par_cod_asig1,par_cod_asig2,par_cod_asig3 FROM tblaca009_p_int WHERE pensum='5' AND c_uni_ca='2' AND c_asigna='322904' [1][0] OK
C:[17/08/2013 06:54:12.58][190.206.63.108][1182] SELECT par_cod_asig1,par_cod_asig2,par_cod_asig3 FROM tblaca009_p_int WHERE pensum='5' AND c_uni_ca='2' AND c_asigna='300890' [1][0] OK
C:[17/08/2013 06:54:12.85][190.206.63.108][1312] SELECT horas_lab FROM tblaca008 WHERE c_asigna='322904' AND horas_teoricas > 0 [1][0] OK
C:[17/08/2013 06:54:12.85][190.206.63.108][1312] SELECT horas_lab FROM tblaca008 WHERE c_asigna='300890' AND horas_teoricas > 0 [1][0] OK
C:[17/08/2013 06:59:15.92][190.206.63.108][1138] SELECT pre_cod_asig1,pre_cod_asig2,pre_cod_asig3,pre_cod_asig4,pre_cod_asig5,pre_cod_asig6,pre_cod_asig7 FROM tblaca009_p_int WHERE pensum='5' AND c_uni_ca='2' AND c_asigna='322904' [1][0] OK
C:[17/08/2013 06:59:15.72][190.206.63.108][1182] SELECT par_cod_asig1,par_cod_asig2,par_cod_asig3 FROM tblaca009_p_int WHERE pensum='5' AND c_uni_ca='2' AND c_asigna='322904' [1][0] OK
C:[17/08/2013 06:59:15.75][190.206.63.108][1312] SELECT horas_lab FROM tblaca008 WHERE c_asigna='322904' AND horas_teoricas > 0 [1][0] OK
C:[17/08/2013 07:31:04.53][190.205.19.80][1138] SELECT pre_cod_asig1,pre_cod_asig2,pre_cod_asig3,pre_cod_asig4,pre_cod_asig5,pre_cod_asig6,pre_cod_asig7 FROM tblaca009_p_int WHERE pensum='5' AND c_uni_ca='3' AND c_asigna='311673' [1][0] OK
C:[17/08/2013 07:31:04.53][190.205.19.80][1151] SELECT c_asigna FROM dace004 WHERE exp_e='10-25017112' AND c_asigna='311551' AND status IN ('0','3','B','C') [1][0] OK
C:[17/08/2013 07:31:04.53][190.205.19.80][1138] SELECT pre_cod_asig1,pre_cod_asig2,pre_cod_asig3,pre_cod_asig4,pre_cod_asig5,pre_cod_asig6,pre_cod_asig7 FROM tblaca009_p_int WHERE pensum='5' AND c_uni_ca='3' AND c_asigna='315671' [1][0] OK
C:[17/08/2013 07:31:04.53][190.205.19.80][1151] SELECT c_asigna FROM dace004 WHERE exp_e='10-25017112' AND c_asigna='315552' AND status IN ('0','3','B','C') [1][0] OK
C:[17/08/2013 07:31:04.68][190.205.19.80][1182] SELECT par_cod_asig1,par_cod_asig2,par_cod_asig3 FROM tblaca009_p_int WHERE pensum='5' AND c_uni_ca='3' AND c_asigna='311673' [1][0] OK
C:[17/08/2013 07:31:04.68][190.205.19.80][1182] SELECT par_cod_asig1,par_cod_asig2,par_cod_asig3 FROM tblaca009_p_int WHERE pensum='5' AND c_uni_ca='3' AND c_asigna='315671' [1][0] OK
C:[17/08/2013 07:31:04.85][190.205.19.80][1312] SELECT horas_lab FROM tblaca008 WHERE c_asigna='311673' AND horas_teoricas > 0 [1][0] OK
C:[17/08/2013 07:31:04.85][190.205.19.80][1312] SELECT horas_lab FROM tblaca008 WHERE c_asigna='315671' AND horas_teoricas > 0 [1][0] OK
C:[17/08/2013 07:52:20.52][190.198.254.211][1138] SELECT pre_cod_asig1,pre_cod_asig2,pre_cod_asig3,pre_cod_asig4,pre_cod_asig5,pre_cod_asig6,pre_cod_asig7 FROM tblaca009_p_int WHERE pensum='5' AND c_uni_ca='6' AND c_asigna='344948' [1][0] OK
C:[17/08/2013 07:52:20.11][190.198.254.211][1182] SELECT par_cod_asig1,par_cod_asig2,par_cod_asig3 FROM tblaca009_p_int WHERE pensum='5' AND c_uni_ca='6' AND c_asigna='344948' [1][0] OK
C:[17/08/2013 07:52:20.24][190.198.254.211][1312] SELECT horas_lab FROM tblaca008 WHERE c_asigna='344948' AND horas_teoricas > 0 [1][0] OK
C:[17/08/2013 08:20:43.33][181.183.39.191][1138] SELECT pre_cod_asig1,pre_cod_asig2,pre_cod_asig3,pre_cod_asig4,pre_cod_asig5,pre_cod_asig6,pre_cod_asig7 FROM tblaca009_p_int WHERE pensum='5' AND c_uni_ca='5' AND c_asigna='300207' [1][0] OK
C:[17/08/2013 08:20:43.33][181.183.39.191][1151] SELECT c_asigna FROM dace004 WHERE exp_e='12-24522867' AND c_asigna='300101' AND status IN ('0','3','B','C') [1][0] OK
C:[17/08/2013 08:20:43.33][181.183.39.191][1138] SELECT pre_cod_asig1,pre_cod_asig2,pre_cod_asig3,pre_cod_asig4,pre_cod_asig5,pre_cod_asig6,pre_cod_asig7 FROM tblaca009_p_int WHERE pensum='5' AND c_uni_ca='5' AND c_asigna='300209' [1][0] OK
C:[17/08/2013 08:20:43.33][181.183.39.191][1151] SELECT c_asigna FROM dace004 WHERE exp_e='12-24522867' AND c_asigna='300101' AND status IN ('0','3','B','C') [1][0] OK
C:[17/08/2013 08:20:43.40][181.183.39.191][1182] SELECT par_cod_asig1,par_cod_asig2,par_cod_asig3 FROM tblaca009_p_int WHERE pensum='5' AND c_uni_ca='5' AND c_asigna='300207' [1][0] OK
C:[17/08/2013 08:20:43.40][181.183.39.191][1182] SELECT par_cod_asig1,par_cod_asig2,par_cod_asig3 FROM tblaca009_p_int WHERE pensum='5' AND c_uni_ca='5' AND c_asigna='300209' [1][0] OK
C:[17/08/2013 08:20:43.76][181.183.39.191][1312] SELECT horas_lab FROM tblaca008 WHERE c_asigna='300207' AND horas_teoricas > 0 [1][0] OK
C:[17/08/2013 08:20:43.76][181.183.39.191][1312] SELECT horas_lab FROM tblaca008 WHERE c_asigna='300209' AND horas_teoricas > 0 [1][0] OK
C:[17/08/2013 08:22:16.24][190.205.156.82][1138] SELECT pre_cod_asig1,pre_cod_asig2,pre_cod_asig3,pre_cod_asig4,pre_cod_asig5,pre_cod_asig6,pre_cod_asig7 FROM tblaca009_p_int WHERE pensum='5' AND c_uni_ca='4' AND c_asigna='300105' [1][0] OK
C:[17/08/2013 08:22:16.84][190.205.156.82][1182] SELECT par_cod_asig1,par_cod_asig2,par_cod_asig3 FROM tblaca009_p_int WHERE pensum='5' AND c_uni_ca='4' AND c_asigna='300105' [1][0] OK
C:[17/08/2013 08:22:16.97][190.205.156.82][1312] SELECT horas_lab FROM tblaca008 WHERE c_asigna='300105' AND horas_teoricas > 0 [1][0] OK
C:[17/08/2013 08:39:59.99][190.94.248.196][1138] SELECT pre_cod_asig1,pre_cod_asig2,pre_cod_asig3,pre_cod_asig4,pre_cod_asig5,pre_cod_asig6,pre_cod_asig7 FROM tblaca009_p_int WHERE pensum='5' AND c_uni_ca='5' AND c_asigna='300209' [1][0] OK
C:[17/08/2013 08:39:59.99][190.94.248.196][1151] SELECT c_asigna FROM dace004 WHERE exp_e='11-21248114' AND c_asigna='300101' AND status IN ('0','3','B','C') [1][0] OK
C:[17/08/2013 08:39:59.99][190.94.248.196][1138] SELECT pre_cod_asig1,pre_cod_asig2,pre_cod_asig3,pre_cod_asig4,pre_cod_asig5,pre_cod_asig6,pre_cod_asig7 FROM tblaca009_p_int WHERE pensum='5' AND c_uni_ca='5' AND c_asigna='300213' [1][0] OK
C:[17/08/2013 08:39:59.99][190.94.248.196][1151] SELECT c_asigna FROM dace004 WHERE exp_e='11-21248114' AND c_asigna='300101' AND status IN ('0','3','B','C') [1][0] OK
C:[17/08/2013 08:39:59.05][190.94.248.196][1182] SELECT par_cod_asig1,par_cod_asig2,par_cod_asig3 FROM tblaca009_p_int WHERE pensum='5' AND c_uni_ca='5' AND c_asigna='300209' [1][0] OK
C:[17/08/2013 08:39:59.05][190.94.248.196][1182] SELECT par_cod_asig1,par_cod_asig2,par_cod_asig3 FROM tblaca009_p_int WHERE pensum='5' AND c_uni_ca='5' AND c_asigna='300213' [1][0] OK
C:[17/08/2013 08:39:59.32][190.94.248.196][1312] SELECT horas_lab FROM tblaca008 WHERE c_asigna='300209' AND horas_teoricas > 0 [1][0] OK
C:[17/08/2013 08:39:59.32][190.94.248.196][1312] SELECT horas_lab FROM tblaca008 WHERE c_asigna='300213' AND horas_teoricas > 0 [1][0] OK
C:[17/08/2013 09:02:25.53][201.243.123.192][1138] SELECT pre_cod_asig1,pre_cod_asig2,pre_cod_asig3,pre_cod_asig4,pre_cod_asig5,pre_cod_asig6,pre_cod_asig7 FROM tblaca009_p_int WHERE pensum='5' AND c_uni_ca='3' AND c_asigna='300222' [1][0] OK
C:[17/08/2013 09:02:25.53][201.243.123.192][1151] SELECT c_asigna FROM dace004 WHERE exp_e='11-17338878' AND c_asigna='300112' AND status IN ('0','3','B','C') [1][0] OK
C:[17/08/2013 09:02:25.27][201.243.123.192][1182] SELECT par_cod_asig1,par_cod_asig2,par_cod_asig3 FROM tblaca009_p_int WHERE pensum='5' AND c_uni_ca='3' AND c_asigna='300222' [1][0] OK
C:[17/08/2013 09:02:25.40][201.243.123.192][1312] SELECT horas_lab FROM tblaca008 WHERE c_asigna='300222' AND horas_teoricas > 0 [1][0] OK
C:[17/08/2013 09:25:10.91][201.242.54.116][1138] SELECT pre_cod_asig1,pre_cod_asig2,pre_cod_asig3,pre_cod_asig4,pre_cod_asig5,pre_cod_asig6,pre_cod_asig7 FROM tblaca009_p_int WHERE pensum='5' AND c_uni_ca='5' AND c_asigna='355692' [1][0] OK
C:[17/08/2013 09:25:10.91][201.242.54.116][1151] SELECT c_asigna FROM dace004 WHERE exp_e='06-18886631' AND c_asigna='355448' AND status IN ('0','3','B','C') [1][0] OK
C:[17/08/2013 09:25:10.91][201.242.54.116][1151] SELECT c_asigna FROM dace004 WHERE exp_e='06-18886631' AND c_asigna='355570' AND status IN ('0','3','B','C') [1][0] OK
C:[17/08/2013 09:25:10.85][201.242.54.116][1182] SELECT par_cod_asig1,par_cod_asig2,par_cod_asig3 FROM tblaca009_p_int WHERE pensum='5' AND c_uni_ca='5' AND c_asigna='355692' [1][0] OK
C:[17/08/2013 09:25:10.99][201.242.54.116][1312] SELECT horas_lab FROM tblaca008 WHERE c_asigna='355692' AND horas_teoricas > 0 [1][0] OK
C:[17/08/2013 09:36:23.15][186.89.187.17][1138] SELECT pre_cod_asig1,pre_cod_asig2,pre_cod_asig3,pre_cod_asig4,pre_cod_asig5,pre_cod_asig6,pre_cod_asig7 FROM tblaca009_p_int WHERE pensum='' AND c_uni_ca='' AND c_asigna='300956' [0][0] OK
C:[17/08/2013 09:36:23.84][186.89.187.17][1182] SELECT par_cod_asig1,par_cod_asig2,par_cod_asig3 FROM tblaca009_p_int WHERE pensum='' AND c_uni_ca='' AND c_asigna='300956' [0][0] OK
C:[17/08/2013 09:36:23.99][186.89.187.17][1312] SELECT horas_lab FROM tblaca008 WHERE c_asigna='300956' AND horas_teoricas > 0 [1][0] OK
C:[17/08/2013 09:42:26.35][186.90.176.93][1138] SELECT pre_cod_asig1,pre_cod_asig2,pre_cod_asig3,pre_cod_asig4,pre_cod_asig5,pre_cod_asig6,pre_cod_asig7 FROM tblaca009_p_int WHERE pensum='5' AND c_uni_ca='3' AND c_asigna='300101' [1][0] OK
C:[17/08/2013 09:42:26.04][186.90.176.93][1182] SELECT par_cod_asig1,par_cod_asig2,par_cod_asig3 FROM tblaca009_p_int WHERE pensum='5' AND c_uni_ca='3' AND c_asigna='300101' [1][0] OK
C:[17/08/2013 09:42:27.74][186.90.176.93][1312] SELECT horas_lab FROM tblaca008 WHERE c_asigna='300101' AND horas_teoricas > 0 [1][0] OK
C:[17/08/2013 09:59:02.59][190.37.218.227][1138] SELECT pre_cod_asig1,pre_cod_asig2,pre_cod_asig3,pre_cod_asig4,pre_cod_asig5,pre_cod_asig6,pre_cod_asig7 FROM tblaca009_p_int WHERE pensum='5' AND c_uni_ca='5' AND c_asigna='351451' [1][0] OK
C:[17/08/2013 09:59:02.59][190.37.218.227][1151] SELECT c_asigna FROM dace004 WHERE exp_e='10-21248503' AND c_asigna='351330' AND status IN ('0','3','B','C') [1][0] OK
C:[17/08/2013 09:59:02.59][190.37.218.227][1151] SELECT c_asigna FROM dace004 WHERE exp_e='10-21248503' AND c_asigna='355350' AND status IN ('0','3','B','C') [1][0] OK
C:[17/08/2013 09:59:02.59][190.37.218.227][1151] SELECT c_asigna FROM dace004 WHERE exp_e='10-21248503' AND c_asigna='300318' AND status IN ('0','3','B','C') [1][0] OK
C:[17/08/2013 09:59:02.65][190.37.218.227][1182] SELECT par_cod_asig1,par_cod_asig2,par_cod_asig3 FROM tblaca009_p_int WHERE pensum='5' AND c_uni_ca='5' AND c_asigna='351451' [1][0] OK
C:[17/08/2013 09:59:02.79][190.37.218.227][1312] SELECT horas_lab FROM tblaca008 WHERE c_asigna='351451' AND horas_teoricas > 0 [1][0] OK
C:[17/08/2013 09:59:56.29][190.37.162.38][1138] SELECT pre_cod_asig1,pre_cod_asig2,pre_cod_asig3,pre_cod_asig4,pre_cod_asig5,pre_cod_asig6,pre_cod_asig7 FROM tblaca009_p_int WHERE pensum='5' AND c_uni_ca='3' AND c_asigna='300101' [1][0] OK
C:[17/08/2013 09:59:56.97][190.37.162.38][1182] SELECT par_cod_asig1,par_cod_asig2,par_cod_asig3 FROM tblaca009_p_int WHERE pensum='5' AND c_uni_ca='3' AND c_asigna='300101' [1][0] OK
C:[17/08/2013 09:59:56.10][190.37.162.38][1312] SELECT horas_lab FROM tblaca008 WHERE c_asigna='300101' AND horas_teoricas > 0 [1][0] OK
C:[17/08/2013 10:10:02.54][190.37.101.79][1138] SELECT pre_cod_asig1,pre_cod_asig2,pre_cod_asig3,pre_cod_asig4,pre_cod_asig5,pre_cod_asig6,pre_cod_asig7 FROM tblaca009_p_int WHERE pensum='5' AND c_uni_ca='6' AND c_asigna='344687' [1][0] OK
C:[17/08/2013 10:10:02.54][190.37.101.79][1151] SELECT c_asigna FROM dace004 WHERE exp_e='10-21132839' AND c_asigna='344565' AND status IN ('0','3','B','C') [1][0] OK
C:[17/08/2013 10:10:02.34][190.37.101.79][1182] SELECT par_cod_asig1,par_cod_asig2,par_cod_asig3 FROM tblaca009_p_int WHERE pensum='5' AND c_uni_ca='6' AND c_asigna='344687' [1][0] OK
C:[17/08/2013 10:10:02.48][190.37.101.79][1312] SELECT horas_lab FROM tblaca008 WHERE c_asigna='344687' AND horas_teoricas > 0 [1][0] OK
C:[17/08/2013 10:12:49.41][190.200.29.37][1138] SELECT pre_cod_asig1,pre_cod_asig2,pre_cod_asig3,pre_cod_asig4,pre_cod_asig5,pre_cod_asig6,pre_cod_asig7 FROM tblaca009_p_int WHERE pensum='5' AND c_uni_ca='2' AND c_asigna='300313' [1][0] OK
C:[17/08/2013 10:12:49.41][190.200.29.37][1151] SELECT c_asigna FROM dace004 WHERE exp_e='08-20223561' AND c_asigna='300213' AND status IN ('0','3','B','C') [1][0] OK
C:[17/08/2013 10:12:49.41][190.200.29.37][1138] SELECT pre_cod_asig1,pre_cod_asig2,pre_cod_asig3,pre_cod_asig4,pre_cod_asig5,pre_cod_asig6,pre_cod_asig7 FROM tblaca009_p_int WHERE pensum='5' AND c_uni_ca='2' AND c_asigna='300428' [1][0] OK
C:[17/08/2013 10:12:49.41][190.200.29.37][1151] SELECT c_asigna FROM dace004 WHERE exp_e='08-20223561' AND c_asigna='300317' AND status IN ('0','3','B','C') [1][0] OK
C:[17/08/2013 10:12:49.38][190.200.29.37][1182] SELECT par_cod_asig1,par_cod_asig2,par_cod_asig3 FROM tblaca009_p_int WHERE pensum='5' AND c_uni_ca='2' AND c_asigna='300313' [1][0] OK
C:[17/08/2013 10:12:49.38][190.200.29.37][1182] SELECT par_cod_asig1,par_cod_asig2,par_cod_asig3 FROM tblaca009_p_int WHERE pensum='5' AND c_uni_ca='2' AND c_asigna='300428' [1][0] OK
C:[17/08/2013 10:12:49.88][190.200.29.37][1312] SELECT horas_lab FROM tblaca008 WHERE c_asigna='300313' AND horas_teoricas > 0 [1][0] OK
C:[17/08/2013 10:12:49.88][190.200.29.37][1312] SELECT horas_lab FROM tblaca008 WHERE c_asigna='300428' AND horas_teoricas > 0 [1][0] OK
C:[17/08/2013 10:20:32.98][190.37.162.38][1138] SELECT pre_cod_asig1,pre_cod_asig2,pre_cod_asig3,pre_cod_asig4,pre_cod_asig5,pre_cod_asig6,pre_cod_asig7 FROM tblaca009_p_int WHERE pensum='5' AND c_uni_ca='2' AND c_asigna='300101' [1][0] OK
C:[17/08/2013 10:20:32.67][190.37.162.38][1182] SELECT par_cod_asig1,par_cod_asig2,par_cod_asig3 FROM tblaca009_p_int WHERE pensum='5' AND c_uni_ca='2' AND c_asigna='300101' [1][0] OK
C:[17/08/2013 10:20:32.80][190.37.162.38][1312] SELECT horas_lab FROM tblaca008 WHERE c_asigna='300101' AND horas_teoricas > 0 [1][0] OK
C:[17/08/2013 10:24:18.25][186.89.187.17][1138] SELECT pre_cod_asig1,pre_cod_asig2,pre_cod_asig3,pre_cod_asig4,pre_cod_asig5,pre_cod_asig6,pre_cod_asig7 FROM tblaca009_p_int WHERE pensum='' AND c_uni_ca='' AND c_asigna='300956' [0][0] OK
C:[17/08/2013 10:24:19.93][186.89.187.17][1182] SELECT par_cod_asig1,par_cod_asig2,par_cod_asig3 FROM tblaca009_p_int WHERE pensum='' AND c_uni_ca='' AND c_asigna='300956' [0][0] OK
C:[17/08/2013 10:24:19.07][186.89.187.17][1312] SELECT horas_lab FROM tblaca008 WHERE c_asigna='300956' AND horas_teoricas > 0 [1][0] OK
C:[17/08/2013 10:25:37.83][186.89.187.17][1138] SELECT pre_cod_asig1,pre_cod_asig2,pre_cod_asig3,pre_cod_asig4,pre_cod_asig5,pre_cod_asig6,pre_cod_asig7 FROM tblaca009_p_int WHERE pensum='' AND c_uni_ca='' AND c_asigna='300956' [0][0] OK
C:[17/08/2013 10:25:37.44][186.89.187.17][1182] SELECT par_cod_asig1,par_cod_asig2,par_cod_asig3 FROM tblaca009_p_int WHERE pensum='' AND c_uni_ca='' AND c_asigna='300956' [0][0] OK
C:[17/08/2013 10:25:37.58][186.89.187.17][1312] SELECT horas_lab FROM tblaca008 WHERE c_asigna='300956' AND horas_teoricas > 0 [1][0] OK
C:[17/08/2013 11:20:38.87][190.207.42.192][1138] SELECT pre_cod_asig1,pre_cod_asig2,pre_cod_asig3,pre_cod_asig4,pre_cod_asig5,pre_cod_asig6,pre_cod_asig7 FROM tblaca009_p_int WHERE pensum='5' AND c_uni_ca='2' AND c_asigna='322826' [1][0] OK
C:[17/08/2013 11:20:38.87][190.207.42.192][1151] SELECT c_asigna FROM dace004 WHERE exp_e='09-20804776' AND c_asigna='322683' AND status IN ('0','3','B','C') [1][0] OK
C:[17/08/2013 11:20:38.87][190.207.42.192][1138] SELECT pre_cod_asig1,pre_cod_asig2,pre_cod_asig3,pre_cod_asig4,pre_cod_asig5,pre_cod_asig6,pre_cod_asig7 FROM tblaca009_p_int WHERE pensum='5' AND c_uni_ca='2' AND c_asigna='300890' [1][0] OK
C:[17/08/2013 11:20:38.81][190.207.42.192][1182] SELECT par_cod_asig1,par_cod_asig2,par_cod_asig3 FROM tblaca009_p_int WHERE pensum='5' AND c_uni_ca='2' AND c_asigna='322826' [1][0] OK
C:[17/08/2013 11:20:38.81][190.207.42.192][1182] SELECT par_cod_asig1,par_cod_asig2,par_cod_asig3 FROM tblaca009_p_int WHERE pensum='5' AND c_uni_ca='2' AND c_asigna='300890' [1][0] OK
C:[17/08/2013 11:20:38.07][190.207.42.192][1312] SELECT horas_lab FROM tblaca008 WHERE c_asigna='322826' AND horas_teoricas > 0 [1][0] OK
C:[17/08/2013 11:20:38.07][190.207.42.192][1312] SELECT horas_lab FROM tblaca008 WHERE c_asigna='300890' AND horas_teoricas > 0 [1][0] OK
C:[17/08/2013 11:36:12.91][181.17.77.26][1138] SELECT pre_cod_asig1,pre_cod_asig2,pre_cod_asig3,pre_cod_asig4,pre_cod_asig5,pre_cod_asig6,pre_cod_asig7 FROM tblaca009_p_int WHERE pensum='5' AND c_uni_ca='2' AND c_asigna='300101' [1][0] OK
C:[17/08/2013 11:36:12.73][181.17.77.26][1182] SELECT par_cod_asig1,par_cod_asig2,par_cod_asig3 FROM tblaca009_p_int WHERE pensum='5' AND c_uni_ca='2' AND c_asigna='300101' [1][0] OK
C:[17/08/2013 11:36:12.85][181.17.77.26][1312] SELECT horas_lab FROM tblaca008 WHERE c_asigna='300101' AND horas_teoricas > 0 [1][0] OK
C:[17/08/2013 12:26:11.51][186.89.252.105][1138] SELECT pre_cod_asig1,pre_cod_asig2,pre_cod_asig3,pre_cod_asig4,pre_cod_asig5,pre_cod_asig6,pre_cod_asig7 FROM tblaca009_p_int WHERE pensum='5' AND c_uni_ca='2' AND c_asigna='322436' [1][0] OK
C:[17/08/2013 12:26:11.51][186.89.252.105][1151] SELECT c_asigna FROM dace004 WHERE exp_e='09-20808632' AND c_asigna='320311' AND status IN ('0','3','B','C') [1][0] OK
C:[17/08/2013 12:26:12.23][186.89.252.105][1182] SELECT par_cod_asig1,par_cod_asig2,par_cod_asig3 FROM tblaca009_p_int WHERE pensum='5' AND c_uni_ca='2' AND c_asigna='322436' [1][0] OK
C:[17/08/2013 12:26:12.37][186.89.252.105][1312] SELECT horas_lab FROM tblaca008 WHERE c_asigna='322436' AND horas_teoricas > 0 [1][0] OK
C:[17/08/2013 12:27:01.79][186.89.252.105][1138] SELECT pre_cod_asig1,pre_cod_asig2,pre_cod_asig3,pre_cod_asig4,pre_cod_asig5,pre_cod_asig6,pre_cod_asig7 FROM tblaca009_p_int WHERE pensum='5' AND c_uni_ca='4' AND c_asigna='333442' [1][0] OK
C:[17/08/2013 12:27:01.79][186.89.252.105][1151] SELECT c_asigna FROM dace004 WHERE exp_e='11-24522716' AND c_asigna='330310' AND status IN ('0','3','B','C') [1][0] OK
C:[17/08/2013 12:27:01.79][186.89.252.105][1151] SELECT c_asigna FROM dace004 WHERE exp_e='11-24522716' AND c_asigna='333326' AND status IN ('0','3','B','C') [1][0] OK
C:[17/08/2013 12:27:02.73][186.89.252.105][1182] SELECT par_cod_asig1,par_cod_asig2,par_cod_asig3 FROM tblaca009_p_int WHERE pensum='5' AND c_uni_ca='4' AND c_asigna='333442' [1][0] OK
C:[17/08/2013 12:27:02.87][186.89.252.105][1312] SELECT horas_lab FROM tblaca008 WHERE c_asigna='333442' AND horas_teoricas > 0 [1][0] OK
C:[17/08/2013 12:57:21.60][186.94.65.108][1138] SELECT pre_cod_asig1,pre_cod_asig2,pre_cod_asig3,pre_cod_asig4,pre_cod_asig5,pre_cod_asig6,pre_cod_asig7 FROM tblaca009_p_int WHERE pensum='5' AND c_uni_ca='4' AND c_asigna='300317' [1][0] OK
C:[17/08/2013 12:57:21.60][186.94.65.108][1151] SELECT c_asigna FROM dace004 WHERE exp_e='09-21248936' AND c_asigna='300207' AND status IN ('0','3','B','C') [1][0] OK
C:[17/08/2013 12:57:21.60][186.94.65.108][1151] SELECT c_asigna FROM dace004 WHERE exp_e='09-21248936' AND c_asigna='300209' AND status IN ('0','3','B','C') [1][0] OK
C:[17/08/2013 12:57:21.44][186.94.65.108][1182] SELECT par_cod_asig1,par_cod_asig2,par_cod_asig3 FROM tblaca009_p_int WHERE pensum='5' AND c_uni_ca='4' AND c_asigna='300317' [1][0] OK
C:[17/08/2013 12:57:21.58][186.94.65.108][1312] SELECT horas_lab FROM tblaca008 WHERE c_asigna='300317' AND horas_teoricas > 0 [1][0] OK
C:[17/08/2013 13:01:21.93][190.94.236.22][1138] SELECT pre_cod_asig1,pre_cod_asig2,pre_cod_asig3,pre_cod_asig4,pre_cod_asig5,pre_cod_asig6,pre_cod_asig7 FROM tblaca009_p_int WHERE pensum='5' AND c_uni_ca='3' AND c_asigna='311673' [1][0] OK
C:[17/08/2013 13:01:21.93][190.94.236.22][1151] SELECT c_asigna FROM dace004 WHERE exp_e='10-24179299' AND c_asigna='311551' AND status IN ('0','3','B','C') [1][0] OK
C:[17/08/2013 13:01:21.62][190.94.236.22][1182] SELECT par_cod_asig1,par_cod_asig2,par_cod_asig3 FROM tblaca009_p_int WHERE pensum='5' AND c_uni_ca='3' AND c_asigna='311673' [1][0] OK
C:[17/08/2013 13:01:21.76][190.94.236.22][1312] SELECT horas_lab FROM tblaca008 WHERE c_asigna='311673' AND horas_teoricas > 0 [1][0] OK
C:[17/08/2013 13:02:18.18][186.90.166.43][1138] SELECT pre_cod_asig1,pre_cod_asig2,pre_cod_asig3,pre_cod_asig4,pre_cod_asig5,pre_cod_asig6,pre_cod_asig7 FROM tblaca009_p_int WHERE pensum='5' AND c_uni_ca='6' AND c_asigna='300207' [1][0] OK
C:[17/08/2013 13:02:18.18][186.90.166.43][1151] SELECT c_asigna FROM dace004 WHERE exp_e='06-19158427' AND c_asigna='300101' AND status IN ('0','3','B','C') [1][0] OK
C:[17/08/2013 13:02:18.91][186.90.166.43][1182] SELECT par_cod_asig1,par_cod_asig2,par_cod_asig3 FROM tblaca009_p_int WHERE pensum='5' AND c_uni_ca='6' AND c_asigna='300207' [1][0] OK
C:[17/08/2013 13:02:18.05][186.90.166.43][1312] SELECT horas_lab FROM tblaca008 WHERE c_asigna='300207' AND horas_teoricas > 0 [1][0] OK
C:[17/08/2013 13:24:26.15][181.185.142.46][1138] SELECT pre_cod_asig1,pre_cod_asig2,pre_cod_asig3,pre_cod_asig4,pre_cod_asig5,pre_cod_asig6,pre_cod_asig7 FROM tblaca009_p_int WHERE pensum='5' AND c_uni_ca='2' AND c_asigna='300313' [1][0] OK
C:[17/08/2013 13:24:26.15][181.185.142.46][1151] SELECT c_asigna FROM dace004 WHERE exp_e='04-15908616' AND c_asigna='300213' AND status IN ('0','3','B','C') [1][0] OK
C:[17/08/2013 13:24:26.15][181.185.142.46][1138] SELECT pre_cod_asig1,pre_cod_asig2,pre_cod_asig3,pre_cod_asig4,pre_cod_asig5,pre_cod_asig6,pre_cod_asig7 FROM tblaca009_p_int WHERE pensum='5' AND c_uni_ca='2' AND c_asigna='322433' [1][0] OK
C:[17/08/2013 13:24:26.15][181.185.142.46][1151] SELECT c_asigna FROM dace004 WHERE exp_e='04-15908616' AND c_asigna='320323' AND status IN ('0','3','B','C') [1][0] OK
C:[17/08/2013 13:24:26.15][181.185.142.46][1151] SELECT c_asigna FROM dace004 WHERE exp_e='04-15908616' AND c_asigna='300209' AND status IN ('0','3','B','C') [1][0] OK
C:[17/08/2013 13:24:26.33][181.185.142.46][1182] SELECT par_cod_asig1,par_cod_asig2,par_cod_asig3 FROM tblaca009_p_int WHERE pensum='5' AND c_uni_ca='2' AND c_asigna='300313' [1][0] OK
C:[17/08/2013 13:24:26.33][181.185.142.46][1182] SELECT par_cod_asig1,par_cod_asig2,par_cod_asig3 FROM tblaca009_p_int WHERE pensum='5' AND c_uni_ca='2' AND c_asigna='322433' [1][0] OK
C:[17/08/2013 13:24:26.59][181.185.142.46][1312] SELECT horas_lab FROM tblaca008 WHERE c_asigna='300313' AND horas_teoricas > 0 [1][0] OK
C:[17/08/2013 13:24:26.59][181.185.142.46][1312] SELECT horas_lab FROM tblaca008 WHERE c_asigna='322433' AND horas_teoricas > 0 [1][0] OK
C:[17/08/2013 13:27:46.45][190.201.183.8][1138] SELECT pre_cod_asig1,pre_cod_asig2,pre_cod_asig3,pre_cod_asig4,pre_cod_asig5,pre_cod_asig6,pre_cod_asig7 FROM tblaca009_p_int WHERE pensum='5' AND c_uni_ca='4' AND c_asigna='300101' [1][0] OK
C:[17/08/2013 13:27:46.12][190.201.183.8][1182] SELECT par_cod_asig1,par_cod_asig2,par_cod_asig3 FROM tblaca009_p_int WHERE pensum='5' AND c_uni_ca='4' AND c_asigna='300101' [1][0] OK
C:[17/08/2013 13:27:46.25][190.201.183.8][1312] SELECT horas_lab FROM tblaca008 WHERE c_asigna='300101' AND horas_teoricas > 0 [1][0] OK
C:[17/08/2013 13:33:48.41][186.89.156.12][1138] SELECT pre_cod_asig1,pre_cod_asig2,pre_cod_asig3,pre_cod_asig4,pre_cod_asig5,pre_cod_asig6,pre_cod_asig7 FROM tblaca009_p_int WHERE pensum='5' AND c_uni_ca='2' AND c_asigna='322702' [1][0] OK
C:[17/08/2013 13:33:48.41][186.89.156.12][1151] SELECT c_asigna FROM dace004 WHERE exp_e='08-19621632' AND c_asigna='322683' AND status IN ('0','3','B','C') [1][0] OK
C:[17/08/2013 13:33:48.22][186.89.156.12][1182] SELECT par_cod_asig1,par_cod_asig2,par_cod_asig3 FROM tblaca009_p_int WHERE pensum='5' AND c_uni_ca='2' AND c_asigna='322702' [1][0] OK
C:[17/08/2013 13:33:48.36][186.89.156.12][1312] SELECT horas_lab FROM tblaca008 WHERE c_asigna='322702' AND horas_teoricas > 0 [1][0] OK
C:[17/08/2013 13:52:48.66][190.199.67.197][1138] SELECT pre_cod_asig1,pre_cod_asig2,pre_cod_asig3,pre_cod_asig4,pre_cod_asig5,pre_cod_asig6,pre_cod_asig7 FROM tblaca009_p_int WHERE pensum='5' AND c_uni_ca='5' AND c_asigna='355692' [1][0] OK
C:[17/08/2013 13:52:48.66][190.199.67.197][1151] SELECT c_asigna FROM dace004 WHERE exp_e='06-18667385' AND c_asigna='355448' AND status IN ('0','3','B','C') [1][0] OK
C:[17/08/2013 13:52:48.66][190.199.67.197][1151] SELECT c_asigna FROM dace004 WHERE exp_e='06-18667385' AND c_asigna='355570' AND status IN ('0','3','B','C') [1][0] OK
C:[17/08/2013 13:52:48.60][190.199.67.197][1182] SELECT par_cod_asig1,par_cod_asig2,par_cod_asig3 FROM tblaca009_p_int WHERE pensum='5' AND c_uni_ca='5' AND c_asigna='355692' [1][0] OK
C:[17/08/2013 13:52:48.74][190.199.67.197][1312] SELECT horas_lab FROM tblaca008 WHERE c_asigna='355692' AND horas_teoricas > 0 [1][0] OK
C:[17/08/2013 14:09:18.91][186.167.243.199][1138] SELECT pre_cod_asig1,pre_cod_asig2,pre_cod_asig3,pre_cod_asig4,pre_cod_asig5,pre_cod_asig6,pre_cod_asig7 FROM tblaca009_p_int WHERE pensum='5' AND c_uni_ca='4' AND c_asigna='300101' [1][0] OK
C:[17/08/2013 14:09:19.52][186.167.243.199][1182] SELECT par_cod_asig1,par_cod_asig2,par_cod_asig3 FROM tblaca009_p_int WHERE pensum='5' AND c_uni_ca='4' AND c_asigna='300101' [1][0] OK
C:[17/08/2013 14:09:19.65][186.167.243.199][1312] SELECT horas_lab FROM tblaca008 WHERE c_asigna='300101' AND horas_teoricas > 0 [1][0] OK
C:[17/08/2013 14:14:04.29][190.94.238.229][1138] SELECT pre_cod_asig1,pre_cod_asig2,pre_cod_asig3,pre_cod_asig4,pre_cod_asig5,pre_cod_asig6,pre_cod_asig7 FROM tblaca009_p_int WHERE pensum='5' AND c_uni_ca='6' AND c_asigna='300013' [1][0] OK
C:[17/08/2013 14:14:04.99][190.94.238.229][1182] SELECT par_cod_asig1,par_cod_asig2,par_cod_asig3 FROM tblaca009_p_int WHERE pensum='5' AND c_uni_ca='6' AND c_asigna='300013' [1][0] OK
C:[17/08/2013 14:14:04.12][190.94.238.229][1312] SELECT horas_lab FROM tblaca008 WHERE c_asigna='300013' AND horas_teoricas > 0 [1][0] OK
C:[17/08/2013 14:32:50.36][186.89.147.103][1138] SELECT pre_cod_asig1,pre_cod_asig2,pre_cod_asig3,pre_cod_asig4,pre_cod_asig5,pre_cod_asig6,pre_cod_asig7 FROM tblaca009_p_int WHERE pensum='5' AND c_uni_ca='4' AND c_asigna='300428' [1][0] OK
C:[17/08/2013 14:32:50.36][186.89.147.103][1151] SELECT c_asigna FROM dace004 WHERE exp_e='13-18665910' AND c_asigna='300317' AND status IN ('0','3','B','C') [1][0] OK
C:[17/08/2013 14:32:50.06][186.89.147.103][1182] SELECT par_cod_asig1,par_cod_asig2,par_cod_asig3 FROM tblaca009_p_int WHERE pensum='5' AND c_uni_ca='4' AND c_asigna='300428' [1][0] OK
C:[17/08/2013 14:32:50.21][186.89.147.103][1312] SELECT horas_lab FROM tblaca008 WHERE c_asigna='300428' AND horas_teoricas > 0 [1][0] OK
C:[17/08/2013 15:00:18.11][190.200.17.62][1138] SELECT pre_cod_asig1,pre_cod_asig2,pre_cod_asig3,pre_cod_asig4,pre_cod_asig5,pre_cod_asig6,pre_cod_asig7 FROM tblaca009_p_int WHERE pensum='5' AND c_uni_ca='3' AND c_asigna='311822' [1][0] OK
C:[17/08/2013 15:00:18.11][190.200.17.62][1151] SELECT c_asigna FROM dace004 WHERE exp_e='02-11820740' AND c_asigna='311795' AND status IN ('0','3','B','C') [1][0] OK
C:[17/08/2013 15:00:18.93][190.200.17.62][1182] SELECT par_cod_asig1,par_cod_asig2,par_cod_asig3 FROM tblaca009_p_int WHERE pensum='5' AND c_uni_ca='3' AND c_asigna='311822' [1][0] OK
C:[17/08/2013 15:00:18.07][190.200.17.62][1312] SELECT horas_lab FROM tblaca008 WHERE c_asigna='311822' AND horas_teoricas > 0 [1][0] OK
C:[17/08/2013 15:02:25.13][190.37.125.117][1138] SELECT pre_cod_asig1,pre_cod_asig2,pre_cod_asig3,pre_cod_asig4,pre_cod_asig5,pre_cod_asig6,pre_cod_asig7 FROM tblaca009_p_int WHERE pensum='5' AND c_uni_ca='3' AND c_asigna='300222' [1][0] OK
C:[17/08/2013 15:02:25.13][190.37.125.117][1151] SELECT c_asigna FROM dace004 WHERE exp_e='11-24179420' AND c_asigna='300112' AND status IN ('0','3','B','C') [1][0] OK
C:[17/08/2013 15:02:25.13][190.37.125.117][1138] SELECT pre_cod_asig1,pre_cod_asig2,pre_cod_asig3,pre_cod_asig4,pre_cod_asig5,pre_cod_asig6,pre_cod_asig7 FROM tblaca009_p_int WHERE pensum='5' AND c_uni_ca='3' AND c_asigna='300317' [1][0] OK
C:[17/08/2013 15:02:25.13][190.37.125.117][1151] SELECT c_asigna FROM dace004 WHERE exp_e='11-24179420' AND c_asigna='300207' AND status IN ('0','3','B','C') [1][0] OK
C:[17/08/2013 15:02:25.13][190.37.125.117][1151] SELECT c_asigna FROM dace004 WHERE exp_e='11-24179420' AND c_asigna='300209' AND status IN ('0','3','B','C') [1][0] OK
C:[17/08/2013 15:02:25.31][190.37.125.117][1182] SELECT par_cod_asig1,par_cod_asig2,par_cod_asig3 FROM tblaca009_p_int WHERE pensum='5' AND c_uni_ca='3' AND c_asigna='300222' [1][0] OK
C:[17/08/2013 15:02:25.31][190.37.125.117][1182] SELECT par_cod_asig1,par_cod_asig2,par_cod_asig3 FROM tblaca009_p_int WHERE pensum='5' AND c_uni_ca='3' AND c_asigna='300317' [1][0] OK
C:[17/08/2013 15:02:25.57][190.37.125.117][1312] SELECT horas_lab FROM tblaca008 WHERE c_asigna='300222' AND horas_teoricas > 0 [1][0] OK
C:[17/08/2013 15:02:25.57][190.37.125.117][1312] SELECT horas_lab FROM tblaca008 WHERE c_asigna='300317' AND horas_teoricas > 0 [1][0] OK
C:[17/08/2013 15:25:26.06][190.94.243.157][1138] SELECT pre_cod_asig1,pre_cod_asig2,pre_cod_asig3,pre_cod_asig4,pre_cod_asig5,pre_cod_asig6,pre_cod_asig7 FROM tblaca009_p_int WHERE pensum='5' AND c_uni_ca='5' AND c_asigna='300207' [1][0] OK
C:[17/08/2013 15:25:26.06][190.94.243.157][1151] SELECT c_asigna FROM dace004 WHERE exp_e='12-25678198' AND c_asigna='300101' AND status IN ('0','3','B','C') [1][0] OK
C:[17/08/2013 15:25:26.06][190.94.243.157][1138] SELECT pre_cod_asig1,pre_cod_asig2,pre_cod_asig3,pre_cod_asig4,pre_cod_asig5,pre_cod_asig6,pre_cod_asig7 FROM tblaca009_p_int WHERE pensum='5' AND c_uni_ca='5' AND c_asigna='300228' [1][0] OK
C:[17/08/2013 15:25:26.06][190.94.243.157][1151] SELECT c_asigna FROM dace004 WHERE exp_e='12-25678198' AND c_asigna='300101' AND status IN ('0','3','B','C') [1][0] OK
C:[17/08/2013 15:25:26.11][190.94.243.157][1182] SELECT par_cod_asig1,par_cod_asig2,par_cod_asig3 FROM tblaca009_p_int WHERE pensum='5' AND c_uni_ca='5' AND c_asigna='300207' [1][0] OK
C:[17/08/2013 15:25:26.11][190.94.243.157][1182] SELECT par_cod_asig1,par_cod_asig2,par_cod_asig3 FROM tblaca009_p_int WHERE pensum='5' AND c_uni_ca='5' AND c_asigna='300228' [1][0] OK
C:[17/08/2013 15:25:26.47][190.94.243.157][1312] SELECT horas_lab FROM tblaca008 WHERE c_asigna='300207' AND horas_teoricas > 0 [1][0] OK
C:[17/08/2013 15:25:26.47][190.94.243.157][1312] SELECT horas_lab FROM tblaca008 WHERE c_asigna='300228' AND horas_teoricas > 0 [1][0] OK
C:[17/08/2013 15:58:56.69][190.37.122.28][1138] SELECT pre_cod_asig1,pre_cod_asig2,pre_cod_asig3,pre_cod_asig4,pre_cod_asig5,pre_cod_asig6,pre_cod_asig7 FROM tblaca009_p_int WHERE pensum='5' AND c_uni_ca='4' AND c_asigna='311561' [1][0] OK
C:[17/08/2013 15:58:56.69][190.37.122.28][1151] SELECT c_asigna FROM dace004 WHERE exp_e='11-24036850' AND c_asigna='300318' AND status IN ('0','3','B','C') [1][0] OK
C:[17/08/2013 15:58:56.48][190.37.122.28][1182] SELECT par_cod_asig1,par_cod_asig2,par_cod_asig3 FROM tblaca009_p_int WHERE pensum='5' AND c_uni_ca='4' AND c_asigna='311561' [1][0] OK
C:[17/08/2013 15:58:56.63][190.37.122.28][1312] SELECT horas_lab FROM tblaca008 WHERE c_asigna='311561' AND horas_teoricas > 0 [1][0] OK
C:[17/08/2013 16:05:16.46][190.207.62.197][1138] SELECT pre_cod_asig1,pre_cod_asig2,pre_cod_asig3,pre_cod_asig4,pre_cod_asig5,pre_cod_asig6,pre_cod_asig7 FROM tblaca009_p_int WHERE pensum='5' AND c_uni_ca='4' AND c_asigna='300013' [1][0] OK
C:[17/08/2013 16:05:16.15][190.207.62.197][1182] SELECT par_cod_asig1,par_cod_asig2,par_cod_asig3 FROM tblaca009_p_int WHERE pensum='5' AND c_uni_ca='4' AND c_asigna='300013' [1][0] OK
C:[17/08/2013 16:05:16.29][190.207.62.197][1312] SELECT horas_lab FROM tblaca008 WHERE c_asigna='300013' AND horas_teoricas > 0 [1][0] OK
C:[17/08/2013 16:08:21.54][186.90.166.43][1138] SELECT pre_cod_asig1,pre_cod_asig2,pre_cod_asig3,pre_cod_asig4,pre_cod_asig5,pre_cod_asig6,pre_cod_asig7 FROM tblaca009_p_int WHERE pensum='5' AND c_uni_ca='6' AND c_asigna='300207' [1][0] OK
C:[17/08/2013 16:08:21.54][186.90.166.43][1151] SELECT c_asigna FROM dace004 WHERE exp_e='06-19158427' AND c_asigna='300101' AND status IN ('0','3','B','C') [1][0] OK
C:[17/08/2013 16:08:21.35][186.90.166.43][1182] SELECT par_cod_asig1,par_cod_asig2,par_cod_asig3 FROM tblaca009_p_int WHERE pensum='5' AND c_uni_ca='6' AND c_asigna='300207' [1][0] OK
C:[17/08/2013 16:08:21.48][186.90.166.43][1312] SELECT horas_lab FROM tblaca008 WHERE c_asigna='300207' AND horas_teoricas > 0 [1][0] OK
C:[17/08/2013 16:23:05.49][181.225.59.84][1138] SELECT pre_cod_asig1,pre_cod_asig2,pre_cod_asig3,pre_cod_asig4,pre_cod_asig5,pre_cod_asig6,pre_cod_asig7 FROM tblaca009_p_int WHERE pensum='5' AND c_uni_ca='3' AND c_asigna='311551' [1][0] OK
C:[17/08/2013 16:23:05.49][181.225.59.84][1151] SELECT c_asigna FROM dace004 WHERE exp_e='09-18476070' AND c_asigna='311430' AND status IN ('0','3','B','C') [1][0] OK
C:[17/08/2013 16:23:05.30][181.225.59.84][1182] SELECT par_cod_asig1,par_cod_asig2,par_cod_asig3 FROM tblaca009_p_int WHERE pensum='5' AND c_uni_ca='3' AND c_asigna='311551' [1][0] OK
C:[17/08/2013 16:23:05.44][181.225.59.84][1312] SELECT horas_lab FROM tblaca008 WHERE c_asigna='311551' AND horas_teoricas > 0 [1][0] OK
C:[17/08/2013 17:26:07.63][190.73.224.120][1138] SELECT pre_cod_asig1,pre_cod_asig2,pre_cod_asig3,pre_cod_asig4,pre_cod_asig5,pre_cod_asig6,pre_cod_asig7 FROM tblaca009_p_int WHERE pensum='5' AND c_uni_ca='6' AND c_asigna='300956' [1][0] OK
C:[17/08/2013 17:26:07.63][190.73.224.120][1151] SELECT c_asigna FROM dace004 WHERE exp_e='03-16010406' AND c_asigna='300422' AND status IN ('0','3','B','C') [1][0] OK
C:[17/08/2013 17:26:07.45][190.73.224.120][1182] SELECT par_cod_asig1,par_cod_asig2,par_cod_asig3 FROM tblaca009_p_int WHERE pensum='5' AND c_uni_ca='6' AND c_asigna='300956' [1][0] OK
C:[17/08/2013 17:26:07.62][190.73.224.120][1312] SELECT horas_lab FROM tblaca008 WHERE c_asigna='300956' AND horas_teoricas > 0 [1][0] OK
C:[17/08/2013 17:29:24.01][190.37.250.254][1138] SELECT pre_cod_asig1,pre_cod_asig2,pre_cod_asig3,pre_cod_asig4,pre_cod_asig5,pre_cod_asig6,pre_cod_asig7 FROM tblaca009_p_int WHERE pensum='5' AND c_uni_ca='6' AND c_asigna='300101' [1][0] OK
C:[17/08/2013 17:29:25.70][190.37.250.254][1182] SELECT par_cod_asig1,par_cod_asig2,par_cod_asig3 FROM tblaca009_p_int WHERE pensum='5' AND c_uni_ca='6' AND c_asigna='300101' [1][0] OK
C:[17/08/2013 17:29:25.83][190.37.250.254][1312] SELECT horas_lab FROM tblaca008 WHERE c_asigna='300101' AND horas_teoricas > 0 [1][0] OK
C:[17/08/2013 17:42:30.10][190.60.50.49][1138] SELECT pre_cod_asig1,pre_cod_asig2,pre_cod_asig3,pre_cod_asig4,pre_cod_asig5,pre_cod_asig6,pre_cod_asig7 FROM tblaca009_p_int WHERE pensum='5' AND c_uni_ca='4' AND c_asigna='300218' [1][0] OK
C:[17/08/2013 17:42:30.10][190.60.50.49][1138] SELECT pre_cod_asig1,pre_cod_asig2,pre_cod_asig3,pre_cod_asig4,pre_cod_asig5,pre_cod_asig6,pre_cod_asig7 FROM tblaca009_p_int WHERE pensum='5' AND c_uni_ca='4' AND c_asigna='300228' [1][0] OK
C:[17/08/2013 17:42:30.10][190.60.50.49][1151] SELECT c_asigna FROM dace004 WHERE exp_e='12-25937793' AND c_asigna='300101' AND status IN ('0','3','B','C') [1][0] OK
C:[17/08/2013 17:42:30.13][190.60.50.49][1182] SELECT par_cod_asig1,par_cod_asig2,par_cod_asig3 FROM tblaca009_p_int WHERE pensum='5' AND c_uni_ca='4' AND c_asigna='300218' [1][0] OK
C:[17/08/2013 17:42:30.13][190.60.50.49][1196] SELECT c_asigna FROM dace004 WHERE exp_e='12-25937793' AND c_asigna='300228' AND status IN ('0','3','B','C') [0][0] OK
C:[17/08/2013 17:42:30.13][190.60.50.49][1182] SELECT par_cod_asig1,par_cod_asig2,par_cod_asig3 FROM tblaca009_p_int WHERE pensum='5' AND c_uni_ca='4' AND c_asigna='300228' [1][0] OK
C:[17/08/2013 17:42:30.43][190.60.50.49][1312] SELECT horas_lab FROM tblaca008 WHERE c_asigna='300218' AND horas_teoricas > 0 [0][0] OK
C:[17/08/2013 17:42:30.43][190.60.50.49][1312] SELECT horas_lab FROM tblaca008 WHERE c_asigna='300228' AND horas_teoricas > 0 [1][0] OK
C:[17/08/2013 17:45:55.26][190.73.136.123][1138] SELECT pre_cod_asig1,pre_cod_asig2,pre_cod_asig3,pre_cod_asig4,pre_cod_asig5,pre_cod_asig6,pre_cod_asig7 FROM tblaca009_p_int WHERE pensum='5' AND c_uni_ca='2' AND c_asigna='322550' [1][0] OK
C:[17/08/2013 17:45:55.26][190.73.136.123][1151] SELECT c_asigna FROM dace004 WHERE exp_e='05-14187325' AND c_asigna='322433' AND status IN ('0','3','B','C') [1][0] OK
C:[17/08/2013 17:45:55.26][190.73.136.123][1138] SELECT pre_cod_asig1,pre_cod_asig2,pre_cod_asig3,pre_cod_asig4,pre_cod_asig5,pre_cod_asig6,pre_cod_asig7 FROM tblaca009_p_int WHERE pensum='5' AND c_uni_ca='2' AND c_asigna='322559' [1][0] OK
C:[17/08/2013 17:45:55.26][190.73.136.123][1151] SELECT c_asigna FROM dace004 WHERE exp_e='05-14187325' AND c_asigna='300428' AND status IN ('0','3','B','C') [1][0] OK
C:[17/08/2013 17:45:55.26][190.73.136.123][1151] SELECT c_asigna FROM dace004 WHERE exp_e='05-14187325' AND c_asigna='322436' AND status IN ('0','3','B','C') [1][0] OK
C:[17/08/2013 17:45:55.44][190.73.136.123][1182] SELECT par_cod_asig1,par_cod_asig2,par_cod_asig3 FROM tblaca009_p_int WHERE pensum='5' AND c_uni_ca='2' AND c_asigna='322550' [1][0] OK
C:[17/08/2013 17:45:55.44][190.73.136.123][1182] SELECT par_cod_asig1,par_cod_asig2,par_cod_asig3 FROM tblaca009_p_int WHERE pensum='5' AND c_uni_ca='2' AND c_asigna='322559' [1][0] OK
C:[17/08/2013 17:45:55.71][190.73.136.123][1312] SELECT horas_lab FROM tblaca008 WHERE c_asigna='322550' AND horas_teoricas > 0 [1][0] OK
C:[17/08/2013 17:45:55.71][190.73.136.123][1312] SELECT horas_lab FROM tblaca008 WHERE c_asigna='322559' AND horas_teoricas > 0 [1][0] OK
C:[17/08/2013 17:47:10.66][186.90.166.43][1138] SELECT pre_cod_asig1,pre_cod_asig2,pre_cod_asig3,pre_cod_asig4,pre_cod_asig5,pre_cod_asig6,pre_cod_asig7 FROM tblaca009_p_int WHERE pensum='5' AND c_uni_ca='6' AND c_asigna='300207' [1][0] OK
C:[17/08/2013 17:47:10.66][186.90.166.43][1151] SELECT c_asigna FROM dace004 WHERE exp_e='06-19158427' AND c_asigna='300101' AND status IN ('0','3','B','C') [1][0] OK
C:[17/08/2013 17:47:10.48][186.90.166.43][1182] SELECT par_cod_asig1,par_cod_asig2,par_cod_asig3 FROM tblaca009_p_int WHERE pensum='5' AND c_uni_ca='6' AND c_asigna='300207' [1][0] OK
C:[17/08/2013 17:47:10.60][186.90.166.43][1312] SELECT horas_lab FROM tblaca008 WHERE c_asigna='300207' AND horas_teoricas > 0 [1][0] OK
C:[17/08/2013 18:48:47.68][186.88.103.209][1138] SELECT pre_cod_asig1,pre_cod_asig2,pre_cod_asig3,pre_cod_asig4,pre_cod_asig5,pre_cod_asig6,pre_cod_asig7 FROM tblaca009_p_int WHERE pensum='5' AND c_uni_ca='6' AND c_asigna='344948' [1][0] OK
C:[17/08/2013 18:48:47.39][186.88.103.209][1182] SELECT par_cod_asig1,par_cod_asig2,par_cod_asig3 FROM tblaca009_p_int WHERE pensum='5' AND c_uni_ca='6' AND c_asigna='344948' [1][0] OK
C:[17/08/2013 18:48:47.50][186.88.103.209][1312] SELECT horas_lab FROM tblaca008 WHERE c_asigna='344948' AND horas_teoricas > 0 [1][0] OK
C:[17/08/2013 19:15:12.26][190.204.76.36][1138] SELECT pre_cod_asig1,pre_cod_asig2,pre_cod_asig3,pre_cod_asig4,pre_cod_asig5,pre_cod_asig6,pre_cod_asig7 FROM tblaca009_p_int WHERE pensum='5' AND c_uni_ca='2' AND c_asigna='322904' [1][0] OK
C:[17/08/2013 19:15:12.96][190.204.76.36][1182] SELECT par_cod_asig1,par_cod_asig2,par_cod_asig3 FROM tblaca009_p_int WHERE pensum='5' AND c_uni_ca='2' AND c_asigna='322904' [1][0] OK
C:[17/08/2013 19:15:12.10][190.204.76.36][1312] SELECT horas_lab FROM tblaca008 WHERE c_asigna='322904' AND horas_teoricas > 0 [1][0] OK
C:[17/08/2013 19:29:57.68][190.94.237.28][1138] SELECT pre_cod_asig1,pre_cod_asig2,pre_cod_asig3,pre_cod_asig4,pre_cod_asig5,pre_cod_asig6,pre_cod_asig7 FROM tblaca009_p_int WHERE pensum='5' AND c_uni_ca='4' AND c_asigna='300207' [1][0] OK
C:[17/08/2013 19:29:57.68][190.94.237.28][1151] SELECT c_asigna FROM dace004 WHERE exp_e='12-24702272' AND c_asigna='300101' AND status IN ('0','3','B','C') [1][0] OK
C:[17/08/2013 19:29:57.68][190.94.237.28][1138] SELECT pre_cod_asig1,pre_cod_asig2,pre_cod_asig3,pre_cod_asig4,pre_cod_asig5,pre_cod_asig6,pre_cod_asig7 FROM tblaca009_p_int WHERE pensum='5' AND c_uni_ca='4' AND c_asigna='300228' [1][0] OK
C:[17/08/2013 19:29:57.68][190.94.237.28][1151] SELECT c_asigna FROM dace004 WHERE exp_e='12-24702272' AND c_asigna='300101' AND status IN ('0','3','B','C') [1][0] OK
C:[17/08/2013 19:29:57.85][190.94.237.28][1182] SELECT par_cod_asig1,par_cod_asig2,par_cod_asig3 FROM tblaca009_p_int WHERE pensum='5' AND c_uni_ca='4' AND c_asigna='300207' [1][0] OK
C:[17/08/2013 19:29:57.85][190.94.237.28][1182] SELECT par_cod_asig1,par_cod_asig2,par_cod_asig3 FROM tblaca009_p_int WHERE pensum='5' AND c_uni_ca='4' AND c_asigna='300228' [1][0] OK
C:[17/08/2013 19:29:57.01][190.94.237.28][1312] SELECT horas_lab FROM tblaca008 WHERE c_asigna='300207' AND horas_teoricas > 0 [1][0] OK
C:[17/08/2013 19:29:57.01][190.94.237.28][1312] SELECT horas_lab FROM tblaca008 WHERE c_asigna='300228' AND horas_teoricas > 0 [1][0] OK
C:[17/08/2013 19:35:44.54][190.38.221.83][1138] SELECT pre_cod_asig1,pre_cod_asig2,pre_cod_asig3,pre_cod_asig4,pre_cod_asig5,pre_cod_asig6,pre_cod_asig7 FROM tblaca009_p_int WHERE pensum='5' AND c_uni_ca='3' AND c_asigna='311673' [1][0] OK
C:[17/08/2013 19:35:44.54][190.38.221.83][1151] SELECT c_asigna FROM dace004 WHERE exp_e='07-20223880' AND c_asigna='311551' AND status IN ('0','3','B','C') [1][0] OK
C:[17/08/2013 19:35:44.54][190.38.221.83][1138] SELECT pre_cod_asig1,pre_cod_asig2,pre_cod_asig3,pre_cod_asig4,pre_cod_asig5,pre_cod_asig6,pre_cod_asig7 FROM tblaca009_p_int WHERE pensum='5' AND c_uni_ca='3' AND c_asigna='315671' [1][0] OK
C:[17/08/2013 19:35:44.54][190.38.221.83][1151] SELECT c_asigna FROM dace004 WHERE exp_e='07-20223880' AND c_asigna='315552' AND status IN ('0','3','B','C') [1][0] OK
C:[17/08/2013 19:35:44.74][190.38.221.83][1182] SELECT par_cod_asig1,par_cod_asig2,par_cod_asig3 FROM tblaca009_p_int WHERE pensum='5' AND c_uni_ca='3' AND c_asigna='311673' [1][0] OK
C:[17/08/2013 19:35:44.74][190.38.221.83][1182] SELECT par_cod_asig1,par_cod_asig2,par_cod_asig3 FROM tblaca009_p_int WHERE pensum='5' AND c_uni_ca='3' AND c_asigna='315671' [1][0] OK
C:[17/08/2013 19:35:44.87][190.38.221.83][1312] SELECT horas_lab FROM tblaca008 WHERE c_asigna='311673' AND horas_teoricas > 0 [1][0] OK
C:[17/08/2013 19:35:44.87][190.38.221.83][1312] SELECT horas_lab FROM tblaca008 WHERE c_asigna='315671' AND horas_teoricas > 0 [1][0] OK
C:[17/08/2013 20:10:02.96][190.204.178.170][1138] SELECT pre_cod_asig1,pre_cod_asig2,pre_cod_asig3,pre_cod_asig4,pre_cod_asig5,pre_cod_asig6,pre_cod_asig7 FROM tblaca009_p_int WHERE pensum='5' AND c_uni_ca='3' AND c_asigna='300207' [1][0] OK
C:[17/08/2013 20:10:02.96][190.204.178.170][1151] SELECT c_asigna FROM dace004 WHERE exp_e='08-19303060' AND c_asigna='300101' AND status IN ('0','3','B','C') [1][0] OK
C:[17/08/2013 20:10:02.96][190.204.178.170][1138] SELECT pre_cod_asig1,pre_cod_asig2,pre_cod_asig3,pre_cod_asig4,pre_cod_asig5,pre_cod_asig6,pre_cod_asig7 FROM tblaca009_p_int WHERE pensum='5' AND c_uni_ca='3' AND c_asigna='312333' [1][0] OK
C:[17/08/2013 20:10:02.96][190.204.178.170][1151] SELECT c_asigna FROM dace004 WHERE exp_e='08-19303060' AND c_asigna='300228' AND status IN ('0','3','B','C') [1][0] OK
C:[17/08/2013 20:10:02.02][190.204.178.170][1182] SELECT par_cod_asig1,par_cod_asig2,par_cod_asig3 FROM tblaca009_p_int WHERE pensum='5' AND c_uni_ca='3' AND c_asigna='300207' [1][0] OK
C:[17/08/2013 20:10:02.02][190.204.178.170][1182] SELECT par_cod_asig1,par_cod_asig2,par_cod_asig3 FROM tblaca009_p_int WHERE pensum='5' AND c_uni_ca='3' AND c_asigna='312333' [1][0] OK
C:[17/08/2013 20:10:03.62][190.204.178.170][1312] SELECT horas_lab FROM tblaca008 WHERE c_asigna='300207' AND horas_teoricas > 0 [1][0] OK
C:[17/08/2013 20:10:03.62][190.204.178.170][1312] SELECT horas_lab FROM tblaca008 WHERE c_asigna='312333' AND horas_teoricas > 0 [1][0] OK
C:[17/08/2013 20:13:31.56][181.183.209.124][1138] SELECT pre_cod_asig1,pre_cod_asig2,pre_cod_asig3,pre_cod_asig4,pre_cod_asig5,pre_cod_asig6,pre_cod_asig7 FROM tblaca009_p_int WHERE pensum='5' AND c_uni_ca='5' AND c_asigna='355722' [1][0] OK
C:[17/08/2013 20:13:31.56][181.183.209.124][1151] SELECT c_asigna FROM dace004 WHERE exp_e='09-19512270' AND c_asigna='355691' AND status IN ('0','3','B','C') [1][0] OK
C:[17/08/2013 20:13:31.56][181.183.209.124][1151] SELECT c_asigna FROM dace004 WHERE exp_e='09-19512270' AND c_asigna='355595' AND status IN ('0','3','B','C') [1][0] OK
C:[17/08/2013 20:13:31.47][181.183.209.124][1182] SELECT par_cod_asig1,par_cod_asig2,par_cod_asig3 FROM tblaca009_p_int WHERE pensum='5' AND c_uni_ca='5' AND c_asigna='355722' [1][0] OK
C:[17/08/2013 20:13:31.61][181.183.209.124][1312] SELECT horas_lab FROM tblaca008 WHERE c_asigna='355722' AND horas_teoricas > 0 [1][0] OK
C:[17/08/2013 20:15:02.81][186.89.187.17][1138] SELECT pre_cod_asig1,pre_cod_asig2,pre_cod_asig3,pre_cod_asig4,pre_cod_asig5,pre_cod_asig6,pre_cod_asig7 FROM tblaca009_p_int WHERE pensum='' AND c_uni_ca='' AND c_asigna='300956' [0][0] OK
C:[17/08/2013 20:15:02.51][186.89.187.17][1182] SELECT par_cod_asig1,par_cod_asig2,par_cod_asig3 FROM tblaca009_p_int WHERE pensum='' AND c_uni_ca='' AND c_asigna='300956' [0][0] OK
C:[17/08/2013 20:15:02.73][186.89.187.17][1312] SELECT horas_lab FROM tblaca008 WHERE c_asigna='300956' AND horas_teoricas > 0 [1][0] OK
C:[17/08/2013 20:18:42.98][186.89.187.17][1138] SELECT pre_cod_asig1,pre_cod_asig2,pre_cod_asig3,pre_cod_asig4,pre_cod_asig5,pre_cod_asig6,pre_cod_asig7 FROM tblaca009_p_int WHERE pensum='' AND c_uni_ca='' AND c_asigna='300956' [0][0] OK
C:[17/08/2013 20:18:42.77][186.89.187.17][1182] SELECT par_cod_asig1,par_cod_asig2,par_cod_asig3 FROM tblaca009_p_int WHERE pensum='' AND c_uni_ca='' AND c_asigna='300956' [0][0] OK
C:[17/08/2013 20:18:42.81][186.89.187.17][1312] SELECT horas_lab FROM tblaca008 WHERE c_asigna='300956' AND horas_teoricas > 0 [1][0] OK
C:[17/08/2013 21:00:16.89][186.90.112.147][1138] SELECT pre_cod_asig1,pre_cod_asig2,pre_cod_asig3,pre_cod_asig4,pre_cod_asig5,pre_cod_asig6,pre_cod_asig7 FROM tblaca009_p_int WHERE pensum='5' AND c_uni_ca='5' AND c_asigna='300209' [1][0] OK
C:[17/08/2013 21:00:16.89][186.90.112.147][1151] SELECT c_asigna FROM dace004 WHERE exp_e='12-24412828' AND c_asigna='300101' AND status IN ('0','3','B','C') [1][0] OK
C:[17/08/2013 21:00:16.68][186.90.112.147][1182] SELECT par_cod_asig1,par_cod_asig2,par_cod_asig3 FROM tblaca009_p_int WHERE pensum='5' AND c_uni_ca='5' AND c_asigna='300209' [1][0] OK
C:[17/08/2013 21:00:16.82][186.90.112.147][1312] SELECT horas_lab FROM tblaca008 WHERE c_asigna='300209' AND horas_teoricas > 0 [1][0] OK
C:[17/08/2013 22:22:07.44][190.36.19.211][1138] SELECT pre_cod_asig1,pre_cod_asig2,pre_cod_asig3,pre_cod_asig4,pre_cod_asig5,pre_cod_asig6,pre_cod_asig7 FROM tblaca009_p_int WHERE pensum='5' AND c_uni_ca='4' AND c_asigna='300313' [1][0] OK
C:[17/08/2013 22:22:07.44][190.36.19.211][1151] SELECT c_asigna FROM dace004 WHERE exp_e='10-20037983' AND c_asigna='300213' AND status IN ('0','3','B','C') [1][0] OK
C:[17/08/2013 22:22:07.44][190.36.19.211][1138] SELECT pre_cod_asig1,pre_cod_asig2,pre_cod_asig3,pre_cod_asig4,pre_cod_asig5,pre_cod_asig6,pre_cod_asig7 FROM tblaca009_p_int WHERE pensum='5' AND c_uni_ca='4' AND c_asigna='300428' [1][0] OK
C:[17/08/2013 22:22:07.44][190.36.19.211][1151] SELECT c_asigna FROM dace004 WHERE exp_e='10-20037983' AND c_asigna='300317' AND status IN ('0','3','B','C') [1][0] OK
C:[17/08/2013 22:22:07.44][190.36.19.211][1138] SELECT pre_cod_asig1,pre_cod_asig2,pre_cod_asig3,pre_cod_asig4,pre_cod_asig5,pre_cod_asig6,pre_cod_asig7 FROM tblaca009_p_int WHERE pensum='5' AND c_uni_ca='4' AND c_asigna='333440' [1][0] OK
C:[17/08/2013 22:22:07.44][190.36.19.211][1151] SELECT c_asigna FROM dace004 WHERE exp_e='10-20037983' AND c_asigna='300317' AND status IN ('0','3','B','C') [1][0] OK
C:[17/08/2013 22:22:07.44][190.36.19.211][1151] SELECT c_asigna FROM dace004 WHERE exp_e='10-20037983' AND c_asigna='330310' AND status IN ('0','3','B','C') [1][0] OK
C:[17/08/2013 22:22:07.88][190.36.19.211][1182] SELECT par_cod_asig1,par_cod_asig2,par_cod_asig3 FROM tblaca009_p_int WHERE pensum='5' AND c_uni_ca='4' AND c_asigna='300313' [1][0] OK
C:[17/08/2013 22:22:07.88][190.36.19.211][1182] SELECT par_cod_asig1,par_cod_asig2,par_cod_asig3 FROM tblaca009_p_int WHERE pensum='5' AND c_uni_ca='4' AND c_asigna='300428' [1][0] OK
C:[17/08/2013 22:22:07.88][190.36.19.211][1182] SELECT par_cod_asig1,par_cod_asig2,par_cod_asig3 FROM tblaca009_p_int WHERE pensum='5' AND c_uni_ca='4' AND c_asigna='333440' [1][0] OK
C:[17/08/2013 22:22:07.27][190.36.19.211][1312] SELECT horas_lab FROM tblaca008 WHERE c_asigna='300313' AND horas_teoricas > 0 [1][0] OK
C:[17/08/2013 22:22:07.27][190.36.19.211][1312] SELECT horas_lab FROM tblaca008 WHERE c_asigna='300428' AND horas_teoricas > 0 [1][0] OK
C:[17/08/2013 22:22:07.27][190.36.19.211][1312] SELECT horas_lab FROM tblaca008 WHERE c_asigna='333440' AND horas_teoricas > 0 [1][0] OK
C:[17/08/2013 22:29:42.98][186.167.242.247][1138] SELECT pre_cod_asig1,pre_cod_asig2,pre_cod_asig3,pre_cod_asig4,pre_cod_asig5,pre_cod_asig6,pre_cod_asig7 FROM tblaca009_p_int WHERE pensum='5' AND c_uni_ca='4' AND c_asigna='300318' [1][0] OK
C:[17/08/2013 22:29:42.98][186.167.242.247][1151] SELECT c_asigna FROM dace004 WHERE exp_e='09-20806239' AND c_asigna='300228' AND status IN ('0','3','B','C') [1][0] OK
C:[17/08/2013 22:29:42.98][186.167.242.247][1151] SELECT c_asigna FROM dace004 WHERE exp_e='09-20806239' AND c_asigna='300207' AND status IN ('0','3','B','C') [1][0] OK
C:[17/08/2013 22:29:42.98][186.167.242.247][1151] SELECT c_asigna FROM dace004 WHERE exp_e='09-20806239' AND c_asigna='300218' AND status IN ('0','3','B','C') [1][0] OK
C:[17/08/2013 22:29:42.98][186.167.242.247][1138] SELECT pre_cod_asig1,pre_cod_asig2,pre_cod_asig3,pre_cod_asig4,pre_cod_asig5,pre_cod_asig6,pre_cod_asig7 FROM tblaca009_p_int WHERE pensum='5' AND c_uni_ca='4' AND c_asigna='333683' [1][0] OK
C:[17/08/2013 22:29:42.98][186.167.242.247][1151] SELECT c_asigna FROM dace004 WHERE exp_e='09-20806239' AND c_asigna='333564' AND status IN ('0','3','B','C') [1][0] OK
C:[17/08/2013 22:29:42.37][186.167.242.247][1182] SELECT par_cod_asig1,par_cod_asig2,par_cod_asig3 FROM tblaca009_p_int WHERE pensum='5' AND c_uni_ca='4' AND c_asigna='300318' [1][0] OK
C:[17/08/2013 22:29:42.37][186.167.242.247][1182] SELECT par_cod_asig1,par_cod_asig2,par_cod_asig3 FROM tblaca009_p_int WHERE pensum='5' AND c_uni_ca='4' AND c_asigna='333683' [1][0] OK
C:[17/08/2013 22:29:42.63][186.167.242.247][1312] SELECT horas_lab FROM tblaca008 WHERE c_asigna='300318' AND horas_teoricas > 0 [1][0] OK
C:[17/08/2013 22:29:42.63][186.167.242.247][1312] SELECT horas_lab FROM tblaca008 WHERE c_asigna='333683' AND horas_teoricas > 0 [1][0] OK
C:[17/08/2013 22:44:45.88][186.90.166.43][1138] SELECT pre_cod_asig1,pre_cod_asig2,pre_cod_asig3,pre_cod_asig4,pre_cod_asig5,pre_cod_asig6,pre_cod_asig7 FROM tblaca009_p_int WHERE pensum='5' AND c_uni_ca='6' AND c_asigna='300207' [1][0] OK
C:[17/08/2013 22:44:45.88][186.90.166.43][1151] SELECT c_asigna FROM dace004 WHERE exp_e='06-19158427' AND c_asigna='300101' AND status IN ('0','3','B','C') [1][0] OK
C:[17/08/2013 22:44:45.70][186.90.166.43][1182] SELECT par_cod_asig1,par_cod_asig2,par_cod_asig3 FROM tblaca009_p_int WHERE pensum='5' AND c_uni_ca='6' AND c_asigna='300207' [1][0] OK
C:[17/08/2013 22:44:45.95][186.90.166.43][1312] SELECT horas_lab FROM tblaca008 WHERE c_asigna='300207' AND horas_teoricas > 0 [1][0] OK
C:[17/08/2013 23:04:50.37][181.19.19.3][1138] SELECT pre_cod_asig1,pre_cod_asig2,pre_cod_asig3,pre_cod_asig4,pre_cod_asig5,pre_cod_asig6,pre_cod_asig7 FROM tblaca009_p_int WHERE pensum='5' AND c_uni_ca='6' AND c_asigna='344948' [1][0] OK
C:[17/08/2013 23:04:50.96][181.19.19.3][1182] SELECT par_cod_asig1,par_cod_asig2,par_cod_asig3 FROM tblaca009_p_int WHERE pensum='5' AND c_uni_ca='6' AND c_asigna='344948' [1][0] OK
C:[17/08/2013 23:04:50.11][181.19.19.3][1312] SELECT horas_lab FROM tblaca008 WHERE c_asigna='344948' AND horas_teoricas > 0 [1][0] OK
C:[17/08/2013 23:08:32.78][181.19.19.3][1138] SELECT pre_cod_asig1,pre_cod_asig2,pre_cod_asig3,pre_cod_asig4,pre_cod_asig5,pre_cod_asig6,pre_cod_asig7 FROM tblaca009_p_int WHERE pensum='5' AND c_uni_ca='6' AND c_asigna='344948' [1][0] OK
C:[17/08/2013 23:08:32.57][181.19.19.3][1182] SELECT par_cod_asig1,par_cod_asig2,par_cod_asig3 FROM tblaca009_p_int WHERE pensum='5' AND c_uni_ca='6' AND c_asigna='344948' [1][0] OK
C:[17/08/2013 23:08:32.60][181.19.19.3][1312] SELECT horas_lab FROM tblaca008 WHERE c_asigna='344948' AND horas_teoricas > 0 [1][0] OK
C:[17/08/2013 23:16:05.41][186.89.187.17][1138] SELECT pre_cod_asig1,pre_cod_asig2,pre_cod_asig3,pre_cod_asig4,pre_cod_asig5,pre_cod_asig6,pre_cod_asig7 FROM tblaca009_p_int WHERE pensum='' AND c_uni_ca='' AND c_asigna='300956' [0][0] OK
C:[17/08/2013 23:16:05.01][186.89.187.17][1182] SELECT par_cod_asig1,par_cod_asig2,par_cod_asig3 FROM tblaca009_p_int WHERE pensum='' AND c_uni_ca='' AND c_asigna='300956' [0][0] OK
C:[17/08/2013 23:16:05.16][186.89.187.17][1312] SELECT horas_lab FROM tblaca008 WHERE c_asigna='300956' AND horas_teoricas > 0 [1][0] OK
C:[18/08/2013 00:47:05.37][200.84.70.95][1138] SELECT pre_cod_asig1,pre_cod_asig2,pre_cod_asig3,pre_cod_asig4,pre_cod_asig5,pre_cod_asig6,pre_cod_asig7 FROM tblaca009_p_int WHERE pensum='5' AND c_uni_ca='2' AND c_asigna='322436' [1][0] OK
C:[18/08/2013 00:47:05.37][200.84.70.95][1151] SELECT c_asigna FROM dace004 WHERE exp_e='11-22615781' AND c_asigna='320311' AND status IN ('0','3','B','C') [1][0] OK
C:[18/08/2013 00:47:05.18][200.84.70.95][1182] SELECT par_cod_asig1,par_cod_asig2,par_cod_asig3 FROM tblaca009_p_int WHERE pensum='5' AND c_uni_ca='2' AND c_asigna='322436' [1][0] OK
C:[18/08/2013 00:47:05.43][200.84.70.95][1312] SELECT horas_lab FROM tblaca008 WHERE c_asigna='322436' AND horas_teoricas > 0 [1][0] OK
C:[19/08/2013 08:30:09.78][190.37.127.135][1138] SELECT pre_cod_asig1,pre_cod_asig2,pre_cod_asig3,pre_cod_asig4,pre_cod_asig5,pre_cod_asig6,pre_cod_asig7 FROM tblaca009_p_int WHERE pensum='5' AND c_uni_ca='4' AND c_asigna='333809' [1][0] OK
C:[19/08/2013 08:30:09.78][190.37.127.135][1151] SELECT c_asigna FROM dace004 WHERE exp_e='09-20557871' AND c_asigna='333683' AND status IN ('0','3','B','C') [1][0] OK
C:[19/08/2013 08:30:09.78][190.37.127.135][1151] SELECT c_asigna FROM dace004 WHERE exp_e='09-20557871' AND c_asigna='333710' AND status IN ('0','3','B','C') [1][0] OK
C:[19/08/2013 08:30:09.03][190.37.127.135][1182] SELECT par_cod_asig1,par_cod_asig2,par_cod_asig3 FROM tblaca009_p_int WHERE pensum='5' AND c_uni_ca='4' AND c_asigna='333809' [1][0] OK
C:[19/08/2013 08:30:10.16][190.37.127.135][1312] SELECT horas_lab FROM tblaca008 WHERE c_asigna='333809' AND horas_teoricas > 0 [1][0] OK
C:[19/08/2013 08:35:43.77][181.182.124.16][1138] SELECT pre_cod_asig1,pre_cod_asig2,pre_cod_asig3,pre_cod_asig4,pre_cod_asig5,pre_cod_asig6,pre_cod_asig7 FROM tblaca009_p_int WHERE pensum='5' AND c_uni_ca='2' AND c_asigna='322550' [1][0] OK
C:[19/08/2013 08:35:43.77][181.182.124.16][1151] SELECT c_asigna FROM dace004 WHERE exp_e='10-20807288' AND c_asigna='322433' AND status IN ('0','3','B','C') [1][0] OK
C:[19/08/2013 08:35:43.58][181.182.124.16][1182] SELECT par_cod_asig1,par_cod_asig2,par_cod_asig3 FROM tblaca009_p_int WHERE pensum='5' AND c_uni_ca='2' AND c_asigna='322550' [1][0] OK
C:[19/08/2013 08:35:43.71][181.182.124.16][1312] SELECT horas_lab FROM tblaca008 WHERE c_asigna='322550' AND horas_teoricas > 0 [1][0] OK
C:[19/08/2013 08:37:06.50][190.199.92.188][1138] SELECT pre_cod_asig1,pre_cod_asig2,pre_cod_asig3,pre_cod_asig4,pre_cod_asig5,pre_cod_asig6,pre_cod_asig7 FROM tblaca009_p_int WHERE pensum='5' AND c_uni_ca='3' AND c_asigna='300101' [1][0] OK
C:[19/08/2013 08:37:06.19][190.199.92.188][1182] SELECT par_cod_asig1,par_cod_asig2,par_cod_asig3 FROM tblaca009_p_int WHERE pensum='5' AND c_uni_ca='3' AND c_asigna='300101' [1][0] OK
C:[19/08/2013 08:37:06.34][190.199.92.188][1312] SELECT horas_lab FROM tblaca008 WHERE c_asigna='300101' AND horas_teoricas > 0 [1][0] OK
C:[19/08/2013 08:39:03.42][190.199.92.188][1138] SELECT pre_cod_asig1,pre_cod_asig2,pre_cod_asig3,pre_cod_asig4,pre_cod_asig5,pre_cod_asig6,pre_cod_asig7 FROM tblaca009_p_int WHERE pensum='5' AND c_uni_ca='3' AND c_asigna='300101' [1][0] OK
C:[19/08/2013 08:39:03.13][190.199.92.188][1182] SELECT par_cod_asig1,par_cod_asig2,par_cod_asig3 FROM tblaca009_p_int WHERE pensum='5' AND c_uni_ca='3' AND c_asigna='300101' [1][0] OK
C:[19/08/2013 08:39:03.25][190.199.92.188][1312] SELECT horas_lab FROM tblaca008 WHERE c_asigna='300101' AND horas_teoricas > 0 [1][0] OK
C:[19/08/2013 08:42:28.88][190.37.98.218][1138] SELECT pre_cod_asig1,pre_cod_asig2,pre_cod_asig3,pre_cod_asig4,pre_cod_asig5,pre_cod_asig6,pre_cod_asig7 FROM tblaca009_p_int WHERE pensum='5' AND c_uni_ca='5' AND c_asigna='300890' [1][0] OK
C:[19/08/2013 08:42:28.56][190.37.98.218][1182] SELECT par_cod_asig1,par_cod_asig2,par_cod_asig3 FROM tblaca009_p_int WHERE pensum='5' AND c_uni_ca='5' AND c_asigna='300890' [1][0] OK
C:[19/08/2013 08:42:28.70][190.37.98.218][1312] SELECT horas_lab FROM tblaca008 WHERE c_asigna='300890' AND horas_teoricas > 0 [1][0] OK
C:[19/08/2013 08:46:17.12][172.17.150.108][1138] SELECT pre_cod_asig1,pre_cod_asig2,pre_cod_asig3,pre_cod_asig4,pre_cod_asig5,pre_cod_asig6,pre_cod_asig7 FROM tblaca009_p_int WHERE pensum='5' AND c_uni_ca='3' AND c_asigna='300956' [1][0] OK
C:[19/08/2013 08:46:17.81][172.17.150.108][1182] SELECT par_cod_asig1,par_cod_asig2,par_cod_asig3 FROM tblaca009_p_int WHERE pensum='5' AND c_uni_ca='3' AND c_asigna='300956' [1][0] OK
C:[19/08/2013 08:46:18.95][172.17.150.108][1312] SELECT horas_lab FROM tblaca008 WHERE c_asigna='300956' AND horas_teoricas > 0 [1][0] OK
C:[19/08/2013 08:48:16.28][190.37.98.218][1138] SELECT pre_cod_asig1,pre_cod_asig2,pre_cod_asig3,pre_cod_asig4,pre_cod_asig5,pre_cod_asig6,pre_cod_asig7 FROM tblaca009_p_int WHERE pensum='5' AND c_uni_ca='5' AND c_asigna='355573' [1][0] OK
C:[19/08/2013 08:48:16.28][190.37.98.218][1151] SELECT c_asigna FROM dace004 WHERE exp_e='07-19302851' AND c_asigna='355448' AND status IN ('0','3','B','C') [1][0] OK
C:[19/08/2013 08:48:16.28][190.37.98.218][1138] SELECT pre_cod_asig1,pre_cod_asig2,pre_cod_asig3,pre_cod_asig4,pre_cod_asig5,pre_cod_asig6,pre_cod_asig7 FROM tblaca009_p_int WHERE pensum='5' AND c_uni_ca='5' AND c_asigna='300890' [1][0] OK
C:[19/08/2013 08:48:17.23][190.37.98.218][1182] SELECT par_cod_asig1,par_cod_asig2,par_cod_asig3 FROM tblaca009_p_int WHERE pensum='5' AND c_uni_ca='5' AND c_asigna='355573' [1][0] OK
C:[19/08/2013 08:48:17.23][190.37.98.218][1182] SELECT par_cod_asig1,par_cod_asig2,par_cod_asig3 FROM tblaca009_p_int WHERE pensum='5' AND c_uni_ca='5' AND c_asigna='300890' [1][0] OK
C:[19/08/2013 08:48:17.49][190.37.98.218][1312] SELECT horas_lab FROM tblaca008 WHERE c_asigna='355573' AND horas_teoricas > 0 [1][0] OK
C:[19/08/2013 08:48:17.49][190.37.98.218][1312] SELECT horas_lab FROM tblaca008 WHERE c_asigna='300890' AND horas_teoricas > 0 [1][0] OK
C:[19/08/2013 08:49:10.05][190.199.92.188][1138] SELECT pre_cod_asig1,pre_cod_asig2,pre_cod_asig3,pre_cod_asig4,pre_cod_asig5,pre_cod_asig6,pre_cod_asig7 FROM tblaca009_p_int WHERE pensum='5' AND c_uni_ca='4' AND c_asigna='300105' [1][0] OK
C:[19/08/2013 08:49:10.05][190.199.92.188][1138] SELECT pre_cod_asig1,pre_cod_asig2,pre_cod_asig3,pre_cod_asig4,pre_cod_asig5,pre_cod_asig6,pre_cod_asig7 FROM tblaca009_p_int WHERE pensum='5' AND c_uni_ca='4' AND c_asigna='300112' [1][0] OK
C:[19/08/2013 08:49:10.83][190.199.92.188][1182] SELECT par_cod_asig1,par_cod_asig2,par_cod_asig3 FROM tblaca009_p_int WHERE pensum='5' AND c_uni_ca='4' AND c_asigna='300105' [1][0] OK
C:[19/08/2013 08:49:10.83][190.199.92.188][1182] SELECT par_cod_asig1,par_cod_asig2,par_cod_asig3 FROM tblaca009_p_int WHERE pensum='5' AND c_uni_ca='4' AND c_asigna='300112' [1][0] OK
C:[19/08/2013 08:49:11.09][190.199.92.188][1312] SELECT horas_lab FROM tblaca008 WHERE c_asigna='300105' AND horas_teoricas > 0 [1][0] OK
C:[19/08/2013 08:49:11.09][190.199.92.188][1312] SELECT horas_lab FROM tblaca008 WHERE c_asigna='300112' AND horas_teoricas > 0 [1][0] OK
C:[19/08/2013 08:49:11.49][186.24.14.54][1138] SELECT pre_cod_asig1,pre_cod_asig2,pre_cod_asig3,pre_cod_asig4,pre_cod_asig5,pre_cod_asig6,pre_cod_asig7 FROM tblaca009_p_int WHERE pensum='5' AND c_uni_ca='5' AND c_asigna='300209' [1][0] OK
C:[19/08/2013 08:49:11.49][186.24.14.54][1151] SELECT c_asigna FROM dace004 WHERE exp_e='11-25002350' AND c_asigna='300101' AND status IN ('0','3','B','C') [1][0] OK
C:[19/08/2013 08:49:11.74][186.24.14.54][1182] SELECT par_cod_asig1,par_cod_asig2,par_cod_asig3 FROM tblaca009_p_int WHERE pensum='5' AND c_uni_ca='5' AND c_asigna='300209' [1][0] OK
C:[19/08/2013 08:49:11.89][186.24.14.54][1312] SELECT horas_lab FROM tblaca008 WHERE c_asigna='300209' AND horas_teoricas > 0 [1][0] OK
C:[19/08/2013 08:52:24.92][190.199.92.188][1138] SELECT pre_cod_asig1,pre_cod_asig2,pre_cod_asig3,pre_cod_asig4,pre_cod_asig5,pre_cod_asig6,pre_cod_asig7 FROM tblaca009_p_int WHERE pensum='5' AND c_uni_ca='2' AND c_asigna='322605' [1][0] OK
C:[19/08/2013 08:52:24.92][190.199.92.188][1151] SELECT c_asigna FROM dace004 WHERE exp_e='10-23730557' AND c_asigna='322436' AND status IN ('0','3','B','C') [1][0] OK
C:[19/08/2013 08:52:24.92][190.199.92.188][1138] SELECT pre_cod_asig1,pre_cod_asig2,pre_cod_asig3,pre_cod_asig4,pre_cod_asig5,pre_cod_asig6,pre_cod_asig7 FROM tblaca009_p_int WHERE pensum='5' AND c_uni_ca='2' AND c_asigna='322669' [1][0] OK
C:[19/08/2013 08:52:24.92][190.199.92.188][1151] SELECT c_asigna FROM dace004 WHERE exp_e='10-23730557' AND c_asigna='322558' AND status IN ('0','3','B','C') [1][0] OK
C:[19/08/2013 08:52:24.97][190.199.92.188][1182] SELECT par_cod_asig1,par_cod_asig2,par_cod_asig3 FROM tblaca009_p_int WHERE pensum='5' AND c_uni_ca='2' AND c_asigna='322605' [1][0] OK
C:[19/08/2013 08:52:24.97][190.199.92.188][1182] SELECT par_cod_asig1,par_cod_asig2,par_cod_asig3 FROM tblaca009_p_int WHERE pensum='5' AND c_uni_ca='2' AND c_asigna='322669' [1][0] OK
C:[19/08/2013 08:52:24.23][190.199.92.188][1312] SELECT horas_lab FROM tblaca008 WHERE c_asigna='322605' AND horas_teoricas > 0 [1][0] OK
C:[19/08/2013 08:52:24.23][190.199.92.188][1312] SELECT horas_lab FROM tblaca008 WHERE c_asigna='322669' AND horas_teoricas > 0 [1][0] OK
C:[19/08/2013 08:52:38.80][190.199.92.188][1138] SELECT pre_cod_asig1,pre_cod_asig2,pre_cod_asig3,pre_cod_asig4,pre_cod_asig5,pre_cod_asig6,pre_cod_asig7 FROM tblaca009_p_int WHERE pensum='5' AND c_uni_ca='5' AND c_asigna='351330' [1][0] OK
C:[19/08/2013 08:52:38.80][190.199.92.188][1151] SELECT c_asigna FROM dace004 WHERE exp_e='11-24560012' AND c_asigna='300218' AND status IN ('0','3','B','C') [1][0] OK
C:[19/08/2013 08:52:38.80][190.199.92.188][1138] SELECT pre_cod_asig1,pre_cod_asig2,pre_cod_asig3,pre_cod_asig4,pre_cod_asig5,pre_cod_asig6,pre_cod_asig7 FROM tblaca009_p_int WHERE pensum='5' AND c_uni_ca='5' AND c_asigna='300428' [1][0] OK
C:[19/08/2013 08:52:38.80][190.199.92.188][1151] SELECT c_asigna FROM dace004 WHERE exp_e='11-24560012' AND c_asigna='300317' AND status IN ('0','3','B','C') [1][0] OK
C:[19/08/2013 08:52:38.30][190.199.92.188][1182] SELECT par_cod_asig1,par_cod_asig2,par_cod_asig3 FROM tblaca009_p_int WHERE pensum='5' AND c_uni_ca='5' AND c_asigna='351330' [1][0] OK
C:[19/08/2013 08:52:38.30][190.199.92.188][1196] SELECT c_asigna FROM dace004 WHERE exp_e='11-24560012' AND c_asigna='300317' AND status IN ('0','3','B','C') [1][0] OK
C:[19/08/2013 08:52:38.30][190.199.92.188][1182] SELECT par_cod_asig1,par_cod_asig2,par_cod_asig3 FROM tblaca009_p_int WHERE pensum='5' AND c_uni_ca='5' AND c_asigna='300428' [1][0] OK
C:[19/08/2013 08:52:38.69][190.199.92.188][1312] SELECT horas_lab FROM tblaca008 WHERE c_asigna='351330' AND horas_teoricas > 0 [1][0] OK
C:[19/08/2013 08:52:38.69][190.199.92.188][1312] SELECT horas_lab FROM tblaca008 WHERE c_asigna='300428' AND horas_teoricas > 0 [1][0] OK
C:[19/08/2013 08:55:22.17][190.199.92.188][1138] SELECT pre_cod_asig1,pre_cod_asig2,pre_cod_asig3,pre_cod_asig4,pre_cod_asig5,pre_cod_asig6,pre_cod_asig7 FROM tblaca009_p_int WHERE pensum='5' AND c_uni_ca='2' AND c_asigna='300207' [1][0] OK
C:[19/08/2013 08:55:22.17][190.199.92.188][1151] SELECT c_asigna FROM dace004 WHERE exp_e='11-25392073' AND c_asigna='300101' AND status IN ('0','3','B','C') [1][0] OK
C:[19/08/2013 08:55:22.98][190.199.92.188][1182] SELECT par_cod_asig1,par_cod_asig2,par_cod_asig3 FROM tblaca009_p_int WHERE pensum='5' AND c_uni_ca='2' AND c_asigna='300207' [1][0] OK
C:[19/08/2013 08:55:22.12][190.199.92.188][1312] SELECT horas_lab FROM tblaca008 WHERE c_asigna='300207' AND horas_teoricas > 0 [1][0] OK
C:[19/08/2013 08:56:19.95][190.199.92.188][1138] SELECT pre_cod_asig1,pre_cod_asig2,pre_cod_asig3,pre_cod_asig4,pre_cod_asig5,pre_cod_asig6,pre_cod_asig7 FROM tblaca009_p_int WHERE pensum='5' AND c_uni_ca='4' AND c_asigna='300101' [1][0] OK
C:[19/08/2013 08:56:19.65][190.199.92.188][1182] SELECT par_cod_asig1,par_cod_asig2,par_cod_asig3 FROM tblaca009_p_int WHERE pensum='5' AND c_uni_ca='4' AND c_asigna='300101' [1][0] OK
C:[19/08/2013 08:56:19.78][190.199.92.188][1312] SELECT horas_lab FROM tblaca008 WHERE c_asigna='300101' AND horas_teoricas > 0 [1][0] OK
C:[19/08/2013 08:56:22.43][190.199.92.188][1138] SELECT pre_cod_asig1,pre_cod_asig2,pre_cod_asig3,pre_cod_asig4,pre_cod_asig5,pre_cod_asig6,pre_cod_asig7 FROM tblaca009_p_int WHERE pensum='5' AND c_uni_ca='5' AND c_asigna='351451' [1][0] OK
C:[19/08/2013 08:56:22.43][190.199.92.188][1151] SELECT c_asigna FROM dace004 WHERE exp_e='11-22587106' AND c_asigna='351330' AND status IN ('0','3','B','C') [1][0] OK
C:[19/08/2013 08:56:22.43][190.199.92.188][1151] SELECT c_asigna FROM dace004 WHERE exp_e='11-22587106' AND c_asigna='355350' AND status IN ('0','3','B','C') [1][0] OK
C:[19/08/2013 08:56:22.43][190.199.92.188][1151] SELECT c_asigna FROM dace004 WHERE exp_e='11-22587106' AND c_asigna='300318' AND status IN ('0','3','B','C') [1][0] OK
C:[19/08/2013 08:56:22.93][190.199.92.188][1182] SELECT par_cod_asig1,par_cod_asig2,par_cod_asig3 FROM tblaca009_p_int WHERE pensum='5' AND c_uni_ca='5' AND c_asigna='351451' [1][0] OK
C:[19/08/2013 08:56:22.07][190.199.92.188][1312] SELECT horas_lab FROM tblaca008 WHERE c_asigna='351451' AND horas_teoricas > 0 [1][0] OK
C:[19/08/2013 09:00:48.86][181.182.6.249][1138] SELECT pre_cod_asig1,pre_cod_asig2,pre_cod_asig3,pre_cod_asig4,pre_cod_asig5,pre_cod_asig6,pre_cod_asig7 FROM tblaca009_p_int WHERE pensum='5' AND c_uni_ca='3' AND c_asigna='311824' [1][0] OK
C:[19/08/2013 09:00:48.86][181.182.6.249][1151] SELECT c_asigna FROM dace004 WHERE exp_e='06-19803960' AND c_asigna='311796' AND status IN ('0','3','B','C') [1][0] OK
C:[19/08/2013 09:00:48.67][181.182.6.249][1182] SELECT par_cod_asig1,par_cod_asig2,par_cod_asig3 FROM tblaca009_p_int WHERE pensum='5' AND c_uni_ca='3' AND c_asigna='311824' [1][0] OK
C:[19/08/2013 09:00:48.81][181.182.6.249][1312] SELECT horas_lab FROM tblaca008 WHERE c_asigna='311824' AND horas_teoricas > 0 [1][0] OK
C:[19/08/2013 09:02:12.36][201.249.174.221][1138] SELECT pre_cod_asig1,pre_cod_asig2,pre_cod_asig3,pre_cod_asig4,pre_cod_asig5,pre_cod_asig6,pre_cod_asig7 FROM tblaca009_p_int WHERE pensum='5' AND c_uni_ca='3' AND c_asigna='311795' [1][0] OK
C:[19/08/2013 09:02:12.36][201.249.174.221][1151] SELECT c_asigna FROM dace004 WHERE exp_e='10-18901924' AND c_asigna='311674' AND status IN ('0','3','B','C') [1][0] OK
C:[19/08/2013 09:02:12.62][201.249.174.221][1182] SELECT par_cod_asig1,par_cod_asig2,par_cod_asig3 FROM tblaca009_p_int WHERE pensum='5' AND c_uni_ca='3' AND c_asigna='311795' [1][0] OK
C:[19/08/2013 09:02:12.75][201.249.174.221][1312] SELECT horas_lab FROM tblaca008 WHERE c_asigna='311795' AND horas_teoricas > 0 [1][0] OK
C:[19/08/2013 09:02:21.62][181.182.200.17][1138] SELECT pre_cod_asig1,pre_cod_asig2,pre_cod_asig3,pre_cod_asig4,pre_cod_asig5,pre_cod_asig6,pre_cod_asig7 FROM tblaca009_p_int WHERE pensum='5' AND c_uni_ca='3' AND c_asigna='312333' [1][0] OK
C:[19/08/2013 09:02:21.62][181.182.200.17][1151] SELECT c_asigna FROM dace004 WHERE exp_e='07-19803889' AND c_asigna='300228' AND status IN ('0','3','B','C') [1][0] OK
C:[19/08/2013 09:02:21.62][181.182.200.17][1138] SELECT pre_cod_asig1,pre_cod_asig2,pre_cod_asig3,pre_cod_asig4,pre_cod_asig5,pre_cod_asig6,pre_cod_asig7 FROM tblaca009_p_int WHERE pensum='5' AND c_uni_ca='3' AND c_asigna='311704' [1][0] OK
C:[19/08/2013 09:02:21.62][181.182.200.17][1151] SELECT c_asigna FROM dace004 WHERE exp_e='07-19803889' AND c_asigna='315671' AND status IN ('0','3','B','C') [1][0] OK
C:[19/08/2013 09:02:21.62][181.182.200.17][1138] SELECT pre_cod_asig1,pre_cod_asig2,pre_cod_asig3,pre_cod_asig4,pre_cod_asig5,pre_cod_asig6,pre_cod_asig7 FROM tblaca009_p_int WHERE pensum='5' AND c_uni_ca='3' AND c_asigna='311795' [1][0] OK
C:[19/08/2013 09:02:21.62][181.182.200.17][1151] SELECT c_asigna FROM dace004 WHERE exp_e='07-19803889' AND c_asigna='311674' AND status IN ('0','3','B','C') [1][0] OK
C:[19/08/2013 09:02:21.37][181.182.200.17][1182] SELECT par_cod_asig1,par_cod_asig2,par_cod_asig3 FROM tblaca009_p_int WHERE pensum='5' AND c_uni_ca='3' AND c_asigna='312333' [1][0] OK
C:[19/08/2013 09:02:21.37][181.182.200.17][1182] SELECT par_cod_asig1,par_cod_asig2,par_cod_asig3 FROM tblaca009_p_int WHERE pensum='5' AND c_uni_ca='3' AND c_asigna='311704' [1][0] OK
C:[19/08/2013 09:02:21.37][181.182.200.17][1182] SELECT par_cod_asig1,par_cod_asig2,par_cod_asig3 FROM tblaca009_p_int WHERE pensum='5' AND c_uni_ca='3' AND c_asigna='311795' [1][0] OK
C:[19/08/2013 09:02:21.79][181.182.200.17][1312] SELECT horas_lab FROM tblaca008 WHERE c_asigna='312333' AND horas_teoricas > 0 [1][0] OK
C:[19/08/2013 09:02:21.79][181.182.200.17][1312] SELECT horas_lab FROM tblaca008 WHERE c_asigna='311704' AND horas_teoricas > 0 [1][0] OK
C:[19/08/2013 09:02:21.79][181.182.200.17][1312] SELECT horas_lab FROM tblaca008 WHERE c_asigna='311795' AND horas_teoricas > 0 [1][0] OK
C:[19/08/2013 09:03:54.65][181.183.182.138][1138] SELECT pre_cod_asig1,pre_cod_asig2,pre_cod_asig3,pre_cod_asig4,pre_cod_asig5,pre_cod_asig6,pre_cod_asig7 FROM tblaca009_p_int WHERE pensum='5' AND c_uni_ca='5' AND c_asigna='300956' [1][0] OK
C:[19/08/2013 09:03:54.65][181.183.182.138][1151] SELECT c_asigna FROM dace004 WHERE exp_e='09-20503755' AND c_asigna='300422' AND status IN ('0','3','B','C') [1][0] OK
C:[19/08/2013 09:03:54.65][181.183.182.138][1138] SELECT pre_cod_asig1,pre_cod_asig2,pre_cod_asig3,pre_cod_asig4,pre_cod_asig5,pre_cod_asig6,pre_cod_asig7 FROM tblaca009_p_int WHERE pensum='5' AND c_uni_ca='5' AND c_asigna='300870' [1][0] OK
C:[19/08/2013 09:03:55.15][181.183.182.138][1182] SELECT par_cod_asig1,par_cod_asig2,par_cod_asig3 FROM tblaca009_p_int WHERE pensum='5' AND c_uni_ca='5' AND c_asigna='300956' [1][0] OK
C:[19/08/2013 09:03:55.15][181.183.182.138][1182] SELECT par_cod_asig1,par_cod_asig2,par_cod_asig3 FROM tblaca009_p_int WHERE pensum='5' AND c_uni_ca='5' AND c_asigna='300870' [1][0] OK
C:[19/08/2013 09:03:55.41][181.183.182.138][1312] SELECT horas_lab FROM tblaca008 WHERE c_asigna='300956' AND horas_teoricas > 0 [1][0] OK
C:[19/08/2013 09:03:55.41][181.183.182.138][1312] SELECT horas_lab FROM tblaca008 WHERE c_asigna='300870' AND horas_teoricas > 0 [1][0] OK
C:[19/08/2013 09:07:00.32][172.17.143.177][1138] SELECT pre_cod_asig1,pre_cod_asig2,pre_cod_asig3,pre_cod_asig4,pre_cod_asig5,pre_cod_asig6,pre_cod_asig7 FROM tblaca009_p_int WHERE pensum='5' AND c_uni_ca='2' AND c_asigna='300209' [1][0] OK
C:[19/08/2013 09:07:00.32][172.17.143.177][1151] SELECT c_asigna FROM dace004 WHERE exp_e='12-25272917' AND c_asigna='300101' AND status IN ('0','3','B','C') [1][0] OK
C:[19/08/2013 09:07:00.70][172.17.143.177][1182] SELECT par_cod_asig1,par_cod_asig2,par_cod_asig3 FROM tblaca009_p_int WHERE pensum='5' AND c_uni_ca='2' AND c_asigna='300209' [1][0] OK
C:[19/08/2013 09:07:00.84][172.17.143.177][1312] SELECT horas_lab FROM tblaca008 WHERE c_asigna='300209' AND horas_teoricas > 0 [1][0] OK
C:[19/08/2013 09:12:05.46][172.17.143.178][1138] SELECT pre_cod_asig1,pre_cod_asig2,pre_cod_asig3,pre_cod_asig4,pre_cod_asig5,pre_cod_asig6,pre_cod_asig7 FROM tblaca009_p_int WHERE pensum='5' AND c_uni_ca='5' AND c_asigna='300209' [1][0] OK
C:[19/08/2013 09:12:05.46][172.17.143.178][1151] SELECT c_asigna FROM dace004 WHERE exp_e='12-25849842' AND c_asigna='300101' AND status IN ('0','3','B','C') [1][0] OK
C:[19/08/2013 09:12:05.46][172.17.143.178][1138] SELECT pre_cod_asig1,pre_cod_asig2,pre_cod_asig3,pre_cod_asig4,pre_cod_asig5,pre_cod_asig6,pre_cod_asig7 FROM tblaca009_p_int WHERE pensum='5' AND c_uni_ca='5' AND c_asigna='300218' [1][0] OK
C:[19/08/2013 09:12:05.96][172.17.143.178][1182] SELECT par_cod_asig1,par_cod_asig2,par_cod_asig3 FROM tblaca009_p_int WHERE pensum='5' AND c_uni_ca='5' AND c_asigna='300209' [1][0] OK
C:[19/08/2013 09:12:05.96][172.17.143.178][1182] SELECT par_cod_asig1,par_cod_asig2,par_cod_asig3 FROM tblaca009_p_int WHERE pensum='5' AND c_uni_ca='5' AND c_asigna='300218' [1][0] OK
C:[19/08/2013 09:12:05.96][172.17.143.178][1196] SELECT c_asigna FROM dace004 WHERE exp_e='12-25849842' AND c_asigna='300228' AND status IN ('0','3','B','C') [0][0] OK
C:[19/08/2013 09:12:05.35][172.17.143.178][1312] SELECT horas_lab FROM tblaca008 WHERE c_asigna='300209' AND horas_teoricas > 0 [1][0] OK
C:[19/08/2013 09:12:05.35][172.17.143.178][1312] SELECT horas_lab FROM tblaca008 WHERE c_asigna='300218' AND horas_teoricas > 0 [0][0] OK
C:[19/08/2013 09:22:19.24][181.184.94.138][1138] SELECT pre_cod_asig1,pre_cod_asig2,pre_cod_asig3,pre_cod_asig4,pre_cod_asig5,pre_cod_asig6,pre_cod_asig7 FROM tblaca009_p_int WHERE pensum='5' AND c_uni_ca='4' AND c_asigna='333639' [1][0] OK
C:[19/08/2013 09:22:19.24][181.184.94.138][1151] SELECT c_asigna FROM dace004 WHERE exp_e='10-25324971' AND c_asigna='333585' AND status IN ('0','3','B','C') [1][0] OK
C:[19/08/2013 09:22:19.24][181.184.94.138][1138] SELECT pre_cod_asig1,pre_cod_asig2,pre_cod_asig3,pre_cod_asig4,pre_cod_asig5,pre_cod_asig6,pre_cod_asig7 FROM tblaca009_p_int WHERE pensum='5' AND c_uni_ca='4' AND c_asigna='334781' [1][0] OK
C:[19/08/2013 09:22:19.24][181.184.94.138][1151] SELECT c_asigna FROM dace004 WHERE exp_e='10-25324971' AND c_asigna='333444' AND status IN ('0','3','B','C') [1][0] OK
C:[19/08/2013 09:22:19.31][181.184.94.138][1182] SELECT par_cod_asig1,par_cod_asig2,par_cod_asig3 FROM tblaca009_p_int WHERE pensum='5' AND c_uni_ca='4' AND c_asigna='333639' [1][0] OK
C:[19/08/2013 09:22:19.31][181.184.94.138][1182] SELECT par_cod_asig1,par_cod_asig2,par_cod_asig3 FROM tblaca009_p_int WHERE pensum='5' AND c_uni_ca='4' AND c_asigna='334781' [1][0] OK
C:[19/08/2013 09:22:19.57][181.184.94.138][1312] SELECT horas_lab FROM tblaca008 WHERE c_asigna='333639' AND horas_teoricas > 0 [1][0] OK
C:[19/08/2013 09:22:19.57][181.184.94.138][1312] SELECT horas_lab FROM tblaca008 WHERE c_asigna='334781' AND horas_teoricas > 0 [1][0] OK
C:[19/08/2013 09:30:43.61][186.89.173.222][1138] SELECT pre_cod_asig1,pre_cod_asig2,pre_cod_asig3,pre_cod_asig4,pre_cod_asig5,pre_cod_asig6,pre_cod_asig7 FROM tblaca009_p_int WHERE pensum='5' AND c_uni_ca='5' AND c_asigna='300890' [1][0] OK
C:[19/08/2013 09:30:44.29][186.89.173.222][1182] SELECT par_cod_asig1,par_cod_asig2,par_cod_asig3 FROM tblaca009_p_int WHERE pensum='5' AND c_uni_ca='5' AND c_asigna='300890' [1][0] OK
C:[19/08/2013 09:30:44.43][186.89.173.222][1312] SELECT horas_lab FROM tblaca008 WHERE c_asigna='300890' AND horas_teoricas > 0 [1][0] OK
C:[19/08/2013 09:34:00.00][172.16.4.254][1138] SELECT pre_cod_asig1,pre_cod_asig2,pre_cod_asig3,pre_cod_asig4,pre_cod_asig5,pre_cod_asig6,pre_cod_asig7 FROM tblaca009_p_int WHERE pensum='5' AND c_uni_ca='5' AND c_asigna='300317' [1][0] OK
C:[19/08/2013 09:34:00.00][172.16.4.254][1151] SELECT c_asigna FROM dace004 WHERE exp_e='11-22824707' AND c_asigna='300207' AND status IN ('0','3','B','C') [1][0] OK
C:[19/08/2013 09:34:00.00][172.16.4.254][1151] SELECT c_asigna FROM dace004 WHERE exp_e='11-22824707' AND c_asigna='300209' AND status IN ('0','3','B','C') [1][0] OK
C:[19/08/2013 09:34:00.00][172.16.4.254][1138] SELECT pre_cod_asig1,pre_cod_asig2,pre_cod_asig3,pre_cod_asig4,pre_cod_asig5,pre_cod_asig6,pre_cod_asig7 FROM tblaca009_p_int WHERE pensum='5' AND c_uni_ca='5' AND c_asigna='351330' [1][0] OK
C:[19/08/2013 09:34:00.00][172.16.4.254][1151] SELECT c_asigna FROM dace004 WHERE exp_e='11-22824707' AND c_asigna='300218' AND status IN ('0','3','B','C') [1][0] OK
C:[19/08/2013 09:34:00.18][172.16.4.254][1182] SELECT par_cod_asig1,par_cod_asig2,par_cod_asig3 FROM tblaca009_p_int WHERE pensum='5' AND c_uni_ca='5' AND c_asigna='300317' [1][0] OK
C:[19/08/2013 09:34:00.18][172.16.4.254][1182] SELECT par_cod_asig1,par_cod_asig2,par_cod_asig3 FROM tblaca009_p_int WHERE pensum='5' AND c_uni_ca='5' AND c_asigna='351330' [1][0] OK
C:[19/08/2013 09:34:00.18][172.16.4.254][1196] SELECT c_asigna FROM dace004 WHERE exp_e='11-22824707' AND c_asigna='300317' AND status IN ('0','3','B','C') [0][0] OK
C:[19/08/2013 09:34:00.59][172.16.4.254][1312] SELECT horas_lab FROM tblaca008 WHERE c_asigna='300317' AND horas_teoricas > 0 [1][0] OK
C:[19/08/2013 09:34:00.59][172.16.4.254][1312] SELECT horas_lab FROM tblaca008 WHERE c_asigna='351330' AND horas_teoricas > 0 [1][0] OK
C:[19/08/2013 09:35:04.55][190.78.110.115][1138] SELECT pre_cod_asig1,pre_cod_asig2,pre_cod_asig3,pre_cod_asig4,pre_cod_asig5,pre_cod_asig6,pre_cod_asig7 FROM tblaca009_p_int WHERE pensum='5' AND c_uni_ca='3' AND c_asigna='311673' [1][0] OK
C:[19/08/2013 09:35:04.55][190.78.110.115][1151] SELECT c_asigna FROM dace004 WHERE exp_e='09-20808639' AND c_asigna='311551' AND status IN ('0','3','B','C') [1][0] OK
C:[19/08/2013 09:35:04.93][190.78.110.115][1182] SELECT par_cod_asig1,par_cod_asig2,par_cod_asig3 FROM tblaca009_p_int WHERE pensum='5' AND c_uni_ca='3' AND c_asigna='311673' [1][0] OK
C:[19/08/2013 09:35:04.70][190.78.110.115][1312] SELECT horas_lab FROM tblaca008 WHERE c_asigna='311673' AND horas_teoricas > 0 [1][0] OK
C:[19/08/2013 09:41:04.60][172.17.143.177][1138] SELECT pre_cod_asig1,pre_cod_asig2,pre_cod_asig3,pre_cod_asig4,pre_cod_asig5,pre_cod_asig6,pre_cod_asig7 FROM tblaca009_p_int WHERE pensum='5' AND c_uni_ca='4' AND c_asigna='330435' [1][0] OK
C:[19/08/2013 09:41:04.30][172.17.143.177][1182] SELECT par_cod_asig1,par_cod_asig2,par_cod_asig3 FROM tblaca009_p_int WHERE pensum='5' AND c_uni_ca='4' AND c_asigna='330435' [1][0] OK
C:[19/08/2013 09:41:04.43][172.17.143.177][1312] SELECT horas_lab FROM tblaca008 WHERE c_asigna='330435' AND horas_teoricas > 0 [1][0] OK
C:[19/08/2013 09:42:03.81][190.207.42.192][1138] SELECT pre_cod_asig1,pre_cod_asig2,pre_cod_asig3,pre_cod_asig4,pre_cod_asig5,pre_cod_asig6,pre_cod_asig7 FROM tblaca009_p_int WHERE pensum='5' AND c_uni_ca='2' AND c_asigna='322826' [1][0] OK
C:[19/08/2013 09:42:03.81][190.207.42.192][1151] SELECT c_asigna FROM dace004 WHERE exp_e='09-20804776' AND c_asigna='322683' AND status IN ('0','3','B','C') [1][0] OK
C:[19/08/2013 09:42:03.81][190.207.42.192][1138] SELECT pre_cod_asig1,pre_cod_asig2,pre_cod_asig3,pre_cod_asig4,pre_cod_asig5,pre_cod_asig6,pre_cod_asig7 FROM tblaca009_p_int WHERE pensum='5' AND c_uni_ca='2' AND c_asigna='322904' [1][0] OK
C:[19/08/2013 09:42:03.81][190.207.42.192][1138] SELECT pre_cod_asig1,pre_cod_asig2,pre_cod_asig3,pre_cod_asig4,pre_cod_asig5,pre_cod_asig6,pre_cod_asig7 FROM tblaca009_p_int WHERE pensum='5' AND c_uni_ca='2' AND c_asigna='300890' [1][0] OK
C:[19/08/2013 09:42:03.87][190.207.42.192][1182] SELECT par_cod_asig1,par_cod_asig2,par_cod_asig3 FROM tblaca009_p_int WHERE pensum='5' AND c_uni_ca='2' AND c_asigna='322826' [1][0] OK
C:[19/08/2013 09:42:03.87][190.207.42.192][1182] SELECT par_cod_asig1,par_cod_asig2,par_cod_asig3 FROM tblaca009_p_int WHERE pensum='5' AND c_uni_ca='2' AND c_asigna='322904' [1][0] OK
C:[19/08/2013 09:42:03.87][190.207.42.192][1182] SELECT par_cod_asig1,par_cod_asig2,par_cod_asig3 FROM tblaca009_p_int WHERE pensum='5' AND c_uni_ca='2' AND c_asigna='300890' [1][0] OK
C:[19/08/2013 09:42:03.26][190.207.42.192][1312] SELECT horas_lab FROM tblaca008 WHERE c_asigna='322826' AND horas_teoricas > 0 [1][0] OK
C:[19/08/2013 09:42:03.26][190.207.42.192][1312] SELECT horas_lab FROM tblaca008 WHERE c_asigna='322904' AND horas_teoricas > 0 [1][0] OK
C:[19/08/2013 09:42:03.26][190.207.42.192][1312] SELECT horas_lab FROM tblaca008 WHERE c_asigna='300890' AND horas_teoricas > 0 [1][0] OK
C:[19/08/2013 09:42:55.72][186.89.173.222][1138] SELECT pre_cod_asig1,pre_cod_asig2,pre_cod_asig3,pre_cod_asig4,pre_cod_asig5,pre_cod_asig6,pre_cod_asig7 FROM tblaca009_p_int WHERE pensum='5' AND c_uni_ca='5' AND c_asigna='300890' [1][0] OK
C:[19/08/2013 09:42:55.41][186.89.173.222][1182] SELECT par_cod_asig1,par_cod_asig2,par_cod_asig3 FROM tblaca009_p_int WHERE pensum='5' AND c_uni_ca='5' AND c_asigna='300890' [1][0] OK
C:[19/08/2013 09:42:55.57][186.89.173.222][1312] SELECT horas_lab FROM tblaca008 WHERE c_asigna='300890' AND horas_teoricas > 0 [1][0] OK
C:[19/08/2013 09:44:10.85][186.88.133.89][1138] SELECT pre_cod_asig1,pre_cod_asig2,pre_cod_asig3,pre_cod_asig4,pre_cod_asig5,pre_cod_asig6,pre_cod_asig7 FROM tblaca009_p_int WHERE pensum='5' AND c_uni_ca='6' AND c_asigna='300313' [1][0] OK
C:[19/08/2013 09:44:10.85][186.88.133.89][1151] SELECT c_asigna FROM dace004 WHERE exp_e='08-19804710' AND c_asigna='300213' AND status IN ('0','3','B','C') [1][0] OK
C:[19/08/2013 09:44:10.85][186.88.133.89][1138] SELECT pre_cod_asig1,pre_cod_asig2,pre_cod_asig3,pre_cod_asig4,pre_cod_asig5,pre_cod_asig6,pre_cod_asig7 FROM tblaca009_p_int WHERE pensum='5' AND c_uni_ca='6' AND c_asigna='344843' [1][0] OK
C:[19/08/2013 09:44:10.85][186.88.133.89][1151] SELECT c_asigna FROM dace004 WHERE exp_e='08-19804710' AND c_asigna='344714' AND status IN ('0','3','B','C') [1][0] OK
C:[19/08/2013 09:44:10.91][186.88.133.89][1182] SELECT par_cod_asig1,par_cod_asig2,par_cod_asig3 FROM tblaca009_p_int WHERE pensum='5' AND c_uni_ca='6' AND c_asigna='300313' [1][0] OK
C:[19/08/2013 09:44:10.91][186.88.133.89][1182] SELECT par_cod_asig1,par_cod_asig2,par_cod_asig3 FROM tblaca009_p_int WHERE pensum='5' AND c_uni_ca='6' AND c_asigna='344843' [1][0] OK
C:[19/08/2013 09:44:10.17][186.88.133.89][1312] SELECT horas_lab FROM tblaca008 WHERE c_asigna='300313' AND horas_teoricas > 0 [1][0] OK
C:[19/08/2013 09:44:10.17][186.88.133.89][1312] SELECT horas_lab FROM tblaca008 WHERE c_asigna='344843' AND horas_teoricas > 0 [1][0] OK
C:[19/08/2013 09:46:40.50][172.16.4.254][1138] SELECT pre_cod_asig1,pre_cod_asig2,pre_cod_asig3,pre_cod_asig4,pre_cod_asig5,pre_cod_asig6,pre_cod_asig7 FROM tblaca009_p_int WHERE pensum='5' AND c_uni_ca='6' AND c_asigna='344689' [1][0] OK
C:[19/08/2013 09:46:40.50][172.16.4.254][1151] SELECT c_asigna FROM dace004 WHERE exp_e='11-24035076' AND c_asigna='300209' AND status IN ('0','3','B','C') [1][0] OK
C:[19/08/2013 09:46:40.31][172.16.4.254][1182] SELECT par_cod_asig1,par_cod_asig2,par_cod_asig3 FROM tblaca009_p_int WHERE pensum='5' AND c_uni_ca='6' AND c_asigna='344689' [1][0] OK
C:[19/08/2013 09:46:40.44][172.16.4.254][1312] SELECT horas_lab FROM tblaca008 WHERE c_asigna='344689' AND horas_teoricas > 0 [1][0] OK
C:[19/08/2013 09:48:37.87][186.167.242.195][1138] SELECT pre_cod_asig1,pre_cod_asig2,pre_cod_asig3,pre_cod_asig4,pre_cod_asig5,pre_cod_asig6,pre_cod_asig7 FROM tblaca009_p_int WHERE pensum='5' AND c_uni_ca='6' AND c_asigna='344688' [1][0] OK
C:[19/08/2013 09:48:37.87][186.167.242.195][1151] SELECT c_asigna FROM dace004 WHERE exp_e='09-21247743' AND c_asigna='344565' AND status IN ('0','3','B','C') [1][0] OK
C:[19/08/2013 09:48:37.69][186.167.242.195][1182] SELECT par_cod_asig1,par_cod_asig2,par_cod_asig3 FROM tblaca009_p_int WHERE pensum='5' AND c_uni_ca='6' AND c_asigna='344688' [1][0] OK
C:[19/08/2013 09:48:37.82][186.167.242.195][1312] SELECT horas_lab FROM tblaca008 WHERE c_asigna='344688' AND horas_teoricas > 0 [1][0] OK
C:[19/08/2013 09:49:12.38][200.84.66.100][1138] SELECT pre_cod_asig1,pre_cod_asig2,pre_cod_asig3,pre_cod_asig4,pre_cod_asig5,pre_cod_asig6,pre_cod_asig7 FROM tblaca009_p_int WHERE pensum='5' AND c_uni_ca='6' AND c_asigna='344688' [1][0] OK
C:[19/08/2013 09:49:12.38][200.84.66.100][1151] SELECT c_asigna FROM dace004 WHERE exp_e='10-19302911' AND c_asigna='344565' AND status IN ('0','3','B','C') [1][0] OK
C:[19/08/2013 09:49:12.38][200.84.66.100][1138] SELECT pre_cod_asig1,pre_cod_asig2,pre_cod_asig3,pre_cod_asig4,pre_cod_asig5,pre_cod_asig6,pre_cod_asig7 FROM tblaca009_p_int WHERE pensum='5' AND c_uni_ca='6' AND c_asigna='344689' [1][0] OK
C:[19/08/2013 09:49:12.38][200.84.66.100][1151] SELECT c_asigna FROM dace004 WHERE exp_e='10-19302911' AND c_asigna='300209' AND status IN ('0','3','B','C') [1][0] OK
C:[19/08/2013 09:49:12.45][200.84.66.100][1182] SELECT par_cod_asig1,par_cod_asig2,par_cod_asig3 FROM tblaca009_p_int WHERE pensum='5' AND c_uni_ca='6' AND c_asigna='344688' [1][0] OK
C:[19/08/2013 09:49:12.45][200.84.66.100][1182] SELECT par_cod_asig1,par_cod_asig2,par_cod_asig3 FROM tblaca009_p_int WHERE pensum='5' AND c_uni_ca='6' AND c_asigna='344689' [1][0] OK
C:[19/08/2013 09:49:12.70][200.84.66.100][1312] SELECT horas_lab FROM tblaca008 WHERE c_asigna='344688' AND horas_teoricas > 0 [1][0] OK
C:[19/08/2013 09:49:12.70][200.84.66.100][1312] SELECT horas_lab FROM tblaca008 WHERE c_asigna='344689' AND horas_teoricas > 0 [1][0] OK
C:[19/08/2013 09:50:03.46][172.16.4.254][1138] SELECT pre_cod_asig1,pre_cod_asig2,pre_cod_asig3,pre_cod_asig4,pre_cod_asig5,pre_cod_asig6,pre_cod_asig7 FROM tblaca009_p_int WHERE pensum='5' AND c_uni_ca='6' AND c_asigna='344715' [1][0] OK
C:[19/08/2013 09:50:03.46][172.16.4.254][1151] SELECT c_asigna FROM dace004 WHERE exp_e='09-20807840' AND c_asigna='344688' AND status IN ('0','3','B','C') [1][0] OK
C:[19/08/2013 09:50:03.46][172.16.4.254][1151] SELECT c_asigna FROM dace004 WHERE exp_e='09-20807840' AND c_asigna='344613' AND status IN ('0','3','B','C') [1][0] OK
C:[19/08/2013 09:50:04.39][172.16.4.254][1182] SELECT par_cod_asig1,par_cod_asig2,par_cod_asig3 FROM tblaca009_p_int WHERE pensum='5' AND c_uni_ca='6' AND c_asigna='344715' [1][0] OK
C:[19/08/2013 09:50:04.52][172.16.4.254][1312] SELECT horas_lab FROM tblaca008 WHERE c_asigna='344715' AND horas_teoricas > 0 [1][0] OK
C:[19/08/2013 09:50:23.85][172.16.5.132][1138] SELECT pre_cod_asig1,pre_cod_asig2,pre_cod_asig3,pre_cod_asig4,pre_cod_asig5,pre_cod_asig6,pre_cod_asig7 FROM tblaca009_p_int WHERE pensum='5' AND c_uni_ca='4' AND c_asigna='300313' [1][0] OK
C:[19/08/2013 09:50:23.85][172.16.5.132][1151] SELECT c_asigna FROM dace004 WHERE exp_e='10-22824070' AND c_asigna='300213' AND status IN ('0','3','B','C') [1][0] OK
C:[19/08/2013 09:50:23.85][172.16.5.132][1138] SELECT pre_cod_asig1,pre_cod_asig2,pre_cod_asig3,pre_cod_asig4,pre_cod_asig5,pre_cod_asig6,pre_cod_asig7 FROM tblaca009_p_int WHERE pensum='5' AND c_uni_ca='4' AND c_asigna='300318' [1][0] OK
C:[19/08/2013 09:50:23.85][172.16.5.132][1151] SELECT c_asigna FROM dace004 WHERE exp_e='10-22824070' AND c_asigna='300228' AND status IN ('0','3','B','C') [1][0] OK
C:[19/08/2013 09:50:23.85][172.16.5.132][1151] SELECT c_asigna FROM dace004 WHERE exp_e='10-22824070' AND c_asigna='300207' AND status IN ('0','3','B','C') [1][0] OK
C:[19/08/2013 09:50:23.85][172.16.5.132][1151] SELECT c_asigna FROM dace004 WHERE exp_e='10-22824070' AND c_asigna='300218' AND status IN ('0','3','B','C') [1][0] OK
C:[19/08/2013 09:50:23.16][172.16.5.132][1182] SELECT par_cod_asig1,par_cod_asig2,par_cod_asig3 FROM tblaca009_p_int WHERE pensum='5' AND c_uni_ca='4' AND c_asigna='300313' [1][0] OK
C:[19/08/2013 09:50:23.16][172.16.5.132][1182] SELECT par_cod_asig1,par_cod_asig2,par_cod_asig3 FROM tblaca009_p_int WHERE pensum='5' AND c_uni_ca='4' AND c_asigna='300318' [1][0] OK
C:[19/08/2013 09:50:23.43][172.16.5.132][1312] SELECT horas_lab FROM tblaca008 WHERE c_asigna='300313' AND horas_teoricas > 0 [1][0] OK
C:[19/08/2013 09:50:23.43][172.16.5.132][1312] SELECT horas_lab FROM tblaca008 WHERE c_asigna='300318' AND horas_teoricas > 0 [1][0] OK
C:[19/08/2013 09:50:39.27][172.17.143.177][1138] SELECT pre_cod_asig1,pre_cod_asig2,pre_cod_asig3,pre_cod_asig4,pre_cod_asig5,pre_cod_asig6,pre_cod_asig7 FROM tblaca009_p_int WHERE pensum='5' AND c_uni_ca='2' AND c_asigna='300209' [1][0] OK
C:[19/08/2013 09:50:39.27][172.17.143.177][1151] SELECT c_asigna FROM dace004 WHERE exp_e='12-25272918' AND c_asigna='300101' AND status IN ('0','3','B','C') [1][0] OK
C:[19/08/2013 09:50:39.18][172.17.143.177][1182] SELECT par_cod_asig1,par_cod_asig2,par_cod_asig3 FROM tblaca009_p_int WHERE pensum='5' AND c_uni_ca='2' AND c_asigna='300209' [1][0] OK
C:[19/08/2013 09:50:39.32][172.17.143.177][1312] SELECT horas_lab FROM tblaca008 WHERE c_asigna='300209' AND horas_teoricas > 0 [1][0] OK
C:[19/08/2013 09:50:48.64][172.16.4.254][1138] SELECT pre_cod_asig1,pre_cod_asig2,pre_cod_asig3,pre_cod_asig4,pre_cod_asig5,pre_cod_asig6,pre_cod_asig7 FROM tblaca009_p_int WHERE pensum='5' AND c_uni_ca='5' AND c_asigna='351451' [1][0] OK
C:[19/08/2013 09:50:48.64][172.16.4.254][1151] SELECT c_asigna FROM dace004 WHERE exp_e='11-23503883' AND c_asigna='351330' AND status IN ('0','3','B','C') [1][0] OK
C:[19/08/2013 09:50:48.64][172.16.4.254][1151] SELECT c_asigna FROM dace004 WHERE exp_e='11-23503883' AND c_asigna='355350' AND status IN ('0','3','B','C') [1][0] OK
C:[19/08/2013 09:50:48.64][172.16.4.254][1151] SELECT c_asigna FROM dace004 WHERE exp_e='11-23503883' AND c_asigna='300318' AND status IN ('0','3','B','C') [1][0] OK
C:[19/08/2013 09:50:48.64][172.16.4.254][1138] SELECT pre_cod_asig1,pre_cod_asig2,pre_cod_asig3,pre_cod_asig4,pre_cod_asig5,pre_cod_asig6,pre_cod_asig7 FROM tblaca009_p_int WHERE pensum='5' AND c_uni_ca='5' AND c_asigna='355573' [1][0] OK
C:[19/08/2013 09:50:48.64][172.16.4.254][1151] SELECT c_asigna FROM dace004 WHERE exp_e='11-23503883' AND c_asigna='355448' AND status IN ('0','3','B','C') [1][0] OK
C:[19/08/2013 09:50:48.40][172.16.4.254][1182] SELECT par_cod_asig1,par_cod_asig2,par_cod_asig3 FROM tblaca009_p_int WHERE pensum='5' AND c_uni_ca='5' AND c_asigna='351451' [1][0] OK
C:[19/08/2013 09:50:48.40][172.16.4.254][1182] SELECT par_cod_asig1,par_cod_asig2,par_cod_asig3 FROM tblaca009_p_int WHERE pensum='5' AND c_uni_ca='5' AND c_asigna='355573' [1][0] OK
C:[19/08/2013 09:50:49.66][172.16.4.254][1312] SELECT horas_lab FROM tblaca008 WHERE c_asigna='351451' AND horas_teoricas > 0 [1][0] OK
C:[19/08/2013 09:50:49.66][172.16.4.254][1312] SELECT horas_lab FROM tblaca008 WHERE c_asigna='355573' AND horas_teoricas > 0 [1][0] OK
C:[19/08/2013 09:51:43.82][201.243.100.137][1138] SELECT pre_cod_asig1,pre_cod_asig2,pre_cod_asig3,pre_cod_asig4,pre_cod_asig5,pre_cod_asig6,pre_cod_asig7 FROM tblaca009_p_int WHERE pensum='5' AND c_uni_ca='3' AND c_asigna='300207' [1][0] OK
C:[19/08/2013 09:51:43.82][201.243.100.137][1151] SELECT c_asigna FROM dace004 WHERE exp_e='12-25084997' AND c_asigna='300101' AND status IN ('0','3','B','C') [1][0] OK
C:[19/08/2013 09:51:43.82][201.243.100.137][1138] SELECT pre_cod_asig1,pre_cod_asig2,pre_cod_asig3,pre_cod_asig4,pre_cod_asig5,pre_cod_asig6,pre_cod_asig7 FROM tblaca009_p_int WHERE pensum='5' AND c_uni_ca='3' AND c_asigna='300209' [1][0] OK
C:[19/08/2013 09:51:43.82][201.243.100.137][1151] SELECT c_asigna FROM dace004 WHERE exp_e='12-25084997' AND c_asigna='300101' AND status IN ('0','3','B','C') [1][0] OK
C:[19/08/2013 09:51:43.88][201.243.100.137][1182] SELECT par_cod_asig1,par_cod_asig2,par_cod_asig3 FROM tblaca009_p_int WHERE pensum='5' AND c_uni_ca='3' AND c_asigna='300207' [1][0] OK
C:[19/08/2013 09:51:43.88][201.243.100.137][1182] SELECT par_cod_asig1,par_cod_asig2,par_cod_asig3 FROM tblaca009_p_int WHERE pensum='5' AND c_uni_ca='3' AND c_asigna='300209' [1][0] OK
C:[19/08/2013 09:51:43.14][201.243.100.137][1312] SELECT horas_lab FROM tblaca008 WHERE c_asigna='300207' AND horas_teoricas > 0 [1][0] OK
C:[19/08/2013 09:51:43.14][201.243.100.137][1312] SELECT horas_lab FROM tblaca008 WHERE c_asigna='300209' AND horas_teoricas > 0 [1][0] OK
C:[19/08/2013 09:51:56.88][190.201.15.43][1138] SELECT pre_cod_asig1,pre_cod_asig2,pre_cod_asig3,pre_cod_asig4,pre_cod_asig5,pre_cod_asig6,pre_cod_asig7 FROM tblaca009_p_int WHERE pensum='5' AND c_uni_ca='2' AND c_asigna='322826' [1][0] OK
C:[19/08/2013 09:51:56.88][190.201.15.43][1151] SELECT c_asigna FROM dace004 WHERE exp_e='09-21177578' AND c_asigna='322683' AND status IN ('0','3','B','C') [1][0] OK
C:[19/08/2013 09:51:56.88][190.201.15.43][1138] SELECT pre_cod_asig1,pre_cod_asig2,pre_cod_asig3,pre_cod_asig4,pre_cod_asig5,pre_cod_asig6,pre_cod_asig7 FROM tblaca009_p_int WHERE pensum='5' AND c_uni_ca='2' AND c_asigna='322904' [1][0] OK
C:[19/08/2013 09:51:56.88][190.201.15.43][1138] SELECT pre_cod_asig1,pre_cod_asig2,pre_cod_asig3,pre_cod_asig4,pre_cod_asig5,pre_cod_asig6,pre_cod_asig7 FROM tblaca009_p_int WHERE pensum='5' AND c_uni_ca='2' AND c_asigna='322041' [1][0] OK
C:[19/08/2013 09:51:56.95][190.201.15.43][1182] SELECT par_cod_asig1,par_cod_asig2,par_cod_asig3 FROM tblaca009_p_int WHERE pensum='5' AND c_uni_ca='2' AND c_asigna='322826' [1][0] OK
C:[19/08/2013 09:51:56.95][190.201.15.43][1182] SELECT par_cod_asig1,par_cod_asig2,par_cod_asig3 FROM tblaca009_p_int WHERE pensum='5' AND c_uni_ca='2' AND c_asigna='322904' [1][0] OK
C:[19/08/2013 09:51:56.95][190.201.15.43][1182] SELECT par_cod_asig1,par_cod_asig2,par_cod_asig3 FROM tblaca009_p_int WHERE pensum='5' AND c_uni_ca='2' AND c_asigna='322041' [1][0] OK
C:[19/08/2013 09:51:56.34][190.201.15.43][1312] SELECT horas_lab FROM tblaca008 WHERE c_asigna='322826' AND horas_teoricas > 0 [1][0] OK
C:[19/08/2013 09:51:56.34][190.201.15.43][1312] SELECT horas_lab FROM tblaca008 WHERE c_asigna='322904' AND horas_teoricas > 0 [1][0] OK
C:[19/08/2013 09:51:56.34][190.201.15.43][1312] SELECT horas_lab FROM tblaca008 WHERE c_asigna='322041' AND horas_teoricas > 0 [1][0] OK
C:[19/08/2013 09:53:47.68][172.17.143.178][1138] SELECT pre_cod_asig1,pre_cod_asig2,pre_cod_asig3,pre_cod_asig4,pre_cod_asig5,pre_cod_asig6,pre_cod_asig7 FROM tblaca009_p_int WHERE pensum='5' AND c_uni_ca='2' AND c_asigna='300226' [1][0] OK
C:[19/08/2013 09:53:47.68][172.17.143.178][1151] SELECT c_asigna FROM dace004 WHERE exp_e='12-19302647' AND c_asigna='300116' AND status IN ('0','3','B','C') [1][0] OK
C:[19/08/2013 09:53:47.49][172.17.143.178][1182] SELECT par_cod_asig1,par_cod_asig2,par_cod_asig3 FROM tblaca009_p_int WHERE pensum='5' AND c_uni_ca='2' AND c_asigna='300226' [1][0] OK
C:[19/08/2013 09:53:47.63][172.17.143.178][1312] SELECT horas_lab FROM tblaca008 WHERE c_asigna='300226' AND horas_teoricas > 0 [1][0] OK
C:[19/08/2013 09:56:30.83][181.185.88.137][1138] SELECT pre_cod_asig1,pre_cod_asig2,pre_cod_asig3,pre_cod_asig4,pre_cod_asig5,pre_cod_asig6,pre_cod_asig7 FROM tblaca009_p_int WHERE pensum='5' AND c_uni_ca='3' AND c_asigna='311822' [1][0] OK
C:[19/08/2013 09:56:30.83][181.185.88.137][1151] SELECT c_asigna FROM dace004 WHERE exp_e='10-20566433' AND c_asigna='311795' AND status IN ('0','3','B','C') [1][0] OK
C:[19/08/2013 09:56:30.83][181.185.88.137][1138] SELECT pre_cod_asig1,pre_cod_asig2,pre_cod_asig3,pre_cod_asig4,pre_cod_asig5,pre_cod_asig6,pre_cod_asig7 FROM tblaca009_p_int WHERE pensum='5' AND c_uni_ca='3' AND c_asigna='311824' [1][0] OK
C:[19/08/2013 09:56:30.83][181.185.88.137][1151] SELECT c_asigna FROM dace004 WHERE exp_e='10-20566433' AND c_asigna='311796' AND status IN ('0','3','B','C') [1][0] OK
C:[19/08/2013 09:56:30.83][181.185.88.137][1138] SELECT pre_cod_asig1,pre_cod_asig2,pre_cod_asig3,pre_cod_asig4,pre_cod_asig5,pre_cod_asig6,pre_cod_asig7 FROM tblaca009_p_int WHERE pensum='5' AND c_uni_ca='3' AND c_asigna='300890' [1][0] OK
C:[19/08/2013 09:56:30.02][181.185.88.137][1182] SELECT par_cod_asig1,par_cod_asig2,par_cod_asig3 FROM tblaca009_p_int WHERE pensum='5' AND c_uni_ca='3' AND c_asigna='311822' [1][0] OK
C:[19/08/2013 09:56:30.02][181.185.88.137][1182] SELECT par_cod_asig1,par_cod_asig2,par_cod_asig3 FROM tblaca009_p_int WHERE pensum='5' AND c_uni_ca='3' AND c_asigna='311824' [1][0] OK
C:[19/08/2013 09:56:30.02][181.185.88.137][1182] SELECT par_cod_asig1,par_cod_asig2,par_cod_asig3 FROM tblaca009_p_int WHERE pensum='5' AND c_uni_ca='3' AND c_asigna='300890' [1][0] OK
C:[19/08/2013 09:56:30.41][181.185.88.137][1312] SELECT horas_lab FROM tblaca008 WHERE c_asigna='311822' AND horas_teoricas > 0 [1][0] OK
C:[19/08/2013 09:56:30.41][181.185.88.137][1312] SELECT horas_lab FROM tblaca008 WHERE c_asigna='311824' AND horas_teoricas > 0 [1][0] OK
C:[19/08/2013 09:56:30.41][181.185.88.137][1312] SELECT horas_lab FROM tblaca008 WHERE c_asigna='300890' AND horas_teoricas > 0 [1][0] OK
C:[19/08/2013 09:56:56.60][190.206.226.233][1138] SELECT pre_cod_asig1,pre_cod_asig2,pre_cod_asig3,pre_cod_asig4,pre_cod_asig5,pre_cod_asig6,pre_cod_asig7 FROM tblaca009_p_int WHERE pensum='5' AND c_uni_ca='2' AND c_asigna='322826' [1][0] OK
C:[19/08/2013 09:56:56.60][190.206.226.233][1151] SELECT c_asigna FROM dace004 WHERE exp_e='09-20741131' AND c_asigna='322683' AND status IN ('0','3','B','C') [1][0] OK
C:[19/08/2013 09:56:56.60][190.206.226.233][1138] SELECT pre_cod_asig1,pre_cod_asig2,pre_cod_asig3,pre_cod_asig4,pre_cod_asig5,pre_cod_asig6,pre_cod_asig7 FROM tblaca009_p_int WHERE pensum='5' AND c_uni_ca='2' AND c_asigna='322904' [1][0] OK
C:[19/08/2013 09:56:56.54][190.206.226.233][1182] SELECT par_cod_asig1,par_cod_asig2,par_cod_asig3 FROM tblaca009_p_int WHERE pensum='5' AND c_uni_ca='2' AND c_asigna='322826' [1][0] OK
C:[19/08/2013 09:56:56.54][190.206.226.233][1182] SELECT par_cod_asig1,par_cod_asig2,par_cod_asig3 FROM tblaca009_p_int WHERE pensum='5' AND c_uni_ca='2' AND c_asigna='322904' [1][0] OK
C:[19/08/2013 09:56:56.80][190.206.226.233][1312] SELECT horas_lab FROM tblaca008 WHERE c_asigna='322826' AND horas_teoricas > 0 [1][0] OK
C:[19/08/2013 09:56:56.80][190.206.226.233][1312] SELECT horas_lab FROM tblaca008 WHERE c_asigna='322904' AND horas_teoricas > 0 [1][0] OK
C:[19/08/2013 09:57:27.17][181.183.122.174][1138] SELECT pre_cod_asig1,pre_cod_asig2,pre_cod_asig3,pre_cod_asig4,pre_cod_asig5,pre_cod_asig6,pre_cod_asig7 FROM tblaca009_p_int WHERE pensum='5' AND c_uni_ca='2' AND c_asigna='322801' [1][0] OK
C:[19/08/2013 09:57:27.17][181.183.122.174][1151] SELECT c_asigna FROM dace004 WHERE exp_e='09-20548396' AND c_asigna='322780' AND status IN ('0','3','B','C') [1][0] OK
C:[19/08/2013 09:57:27.17][181.183.122.174][1138] SELECT pre_cod_asig1,pre_cod_asig2,pre_cod_asig3,pre_cod_asig4,pre_cod_asig5,pre_cod_asig6,pre_cod_asig7 FROM tblaca009_p_int WHERE pensum='5' AND c_uni_ca='2' AND c_asigna='322904' [1][0] OK
C:[19/08/2013 09:57:27.12][181.183.122.174][1182] SELECT par_cod_asig1,par_cod_asig2,par_cod_asig3 FROM tblaca009_p_int WHERE pensum='5' AND c_uni_ca='2' AND c_asigna='322801' [1][0] OK
C:[19/08/2013 09:57:27.12][181.183.122.174][1182] SELECT par_cod_asig1,par_cod_asig2,par_cod_asig3 FROM tblaca009_p_int WHERE pensum='5' AND c_uni_ca='2' AND c_asigna='322904' [1][0] OK
C:[19/08/2013 09:57:27.37][181.183.122.174][1312] SELECT horas_lab FROM tblaca008 WHERE c_asigna='322801' AND horas_teoricas > 0 [1][0] OK
C:[19/08/2013 09:57:27.37][181.183.122.174][1312] SELECT horas_lab FROM tblaca008 WHERE c_asigna='322904' AND horas_teoricas > 0 [1][0] OK
C:[19/08/2013 09:58:17.79][190.201.4.11][1138] SELECT pre_cod_asig1,pre_cod_asig2,pre_cod_asig3,pre_cod_asig4,pre_cod_asig5,pre_cod_asig6,pre_cod_asig7 FROM tblaca009_p_int WHERE pensum='5' AND c_uni_ca='2' AND c_asigna='322780' [1][0] OK
C:[19/08/2013 09:58:17.79][190.201.4.11][1151] SELECT c_asigna FROM dace004 WHERE exp_e='09-19804069' AND c_asigna='322678' AND status IN ('0','3','B','C') [1][0] OK
C:[19/08/2013 09:58:17.79][190.201.4.11][1138] SELECT pre_cod_asig1,pre_cod_asig2,pre_cod_asig3,pre_cod_asig4,pre_cod_asig5,pre_cod_asig6,pre_cod_asig7 FROM tblaca009_p_int WHERE pensum='5' AND c_uni_ca='2' AND c_asigna='322826' [1][0] OK
C:[19/08/2013 09:58:17.79][190.201.4.11][1151] SELECT c_asigna FROM dace004 WHERE exp_e='09-19804069' AND c_asigna='322683' AND status IN ('0','3','B','C') [1][0] OK
C:[19/08/2013 09:58:17.86][190.201.4.11][1182] SELECT par_cod_asig1,par_cod_asig2,par_cod_asig3 FROM tblaca009_p_int WHERE pensum='5' AND c_uni_ca='2' AND c_asigna='322780' [1][0] OK
C:[19/08/2013 09:58:17.86][190.201.4.11][1182] SELECT par_cod_asig1,par_cod_asig2,par_cod_asig3 FROM tblaca009_p_int WHERE pensum='5' AND c_uni_ca='2' AND c_asigna='322826' [1][0] OK
C:[19/08/2013 09:58:17.00][190.201.4.11][1312] SELECT horas_lab FROM tblaca008 WHERE c_asigna='322780' AND horas_teoricas > 0 [1][0] OK
C:[19/08/2013 09:58:17.00][190.201.4.11][1312] SELECT horas_lab FROM tblaca008 WHERE c_asigna='322826' AND horas_teoricas > 0 [1][0] OK
C:[19/08/2013 09:58:44.11][190.201.15.43][1138] SELECT pre_cod_asig1,pre_cod_asig2,pre_cod_asig3,pre_cod_asig4,pre_cod_asig5,pre_cod_asig6,pre_cod_asig7 FROM tblaca009_p_int WHERE pensum='5' AND c_uni_ca='2' AND c_asigna='322826' [1][0] OK
C:[19/08/2013 09:58:44.11][190.201.15.43][1151] SELECT c_asigna FROM dace004 WHERE exp_e='09-21175920' AND c_asigna='322683' AND status IN ('0','3','B','C') [1][0] OK
C:[19/08/2013 09:58:44.11][190.201.15.43][1138] SELECT pre_cod_asig1,pre_cod_asig2,pre_cod_asig3,pre_cod_asig4,pre_cod_asig5,pre_cod_asig6,pre_cod_asig7 FROM tblaca009_p_int WHERE pensum='5' AND c_uni_ca='2' AND c_asigna='322904' [1][0] OK
C:[19/08/2013 09:58:44.11][190.201.15.43][1138] SELECT pre_cod_asig1,pre_cod_asig2,pre_cod_asig3,pre_cod_asig4,pre_cod_asig5,pre_cod_asig6,pre_cod_asig7 FROM tblaca009_p_int WHERE pensum='5' AND c_uni_ca='2' AND c_asigna='322041' [1][0] OK
C:[19/08/2013 09:58:45.16][190.201.15.43][1182] SELECT par_cod_asig1,par_cod_asig2,par_cod_asig3 FROM tblaca009_p_int WHERE pensum='5' AND c_uni_ca='2' AND c_asigna='322826' [1][0] OK
C:[19/08/2013 09:58:45.16][190.201.15.43][1182] SELECT par_cod_asig1,par_cod_asig2,par_cod_asig3 FROM tblaca009_p_int WHERE pensum='5' AND c_uni_ca='2' AND c_asigna='322904' [1][0] OK
C:[19/08/2013 09:58:45.16][190.201.15.43][1182] SELECT par_cod_asig1,par_cod_asig2,par_cod_asig3 FROM tblaca009_p_int WHERE pensum='5' AND c_uni_ca='2' AND c_asigna='322041' [1][0] OK
C:[19/08/2013 09:58:45.55][190.201.15.43][1312] SELECT horas_lab FROM tblaca008 WHERE c_asigna='322826' AND horas_teoricas > 0 [1][0] OK
C:[19/08/2013 09:58:45.55][190.201.15.43][1312] SELECT horas_lab FROM tblaca008 WHERE c_asigna='322904' AND horas_teoricas > 0 [1][0] OK
C:[19/08/2013 09:58:45.55][190.201.15.43][1312] SELECT horas_lab FROM tblaca008 WHERE c_asigna='322041' AND horas_teoricas > 0 [1][0] OK
C:[19/08/2013 09:58:51.07][190.73.255.26][1138] SELECT pre_cod_asig1,pre_cod_asig2,pre_cod_asig3,pre_cod_asig4,pre_cod_asig5,pre_cod_asig6,pre_cod_asig7 FROM tblaca009_p_int WHERE pensum='5' AND c_uni_ca='3' AND c_asigna='311554' [1][0] OK
C:[19/08/2013 09:58:51.07][190.73.255.26][1151] SELECT c_asigna FROM dace004 WHERE exp_e='10-20807264' AND c_asigna='300318' AND status IN ('0','3','B','C') [1][0] OK
C:[19/08/2013 09:58:51.32][190.73.255.26][1182] SELECT par_cod_asig1,par_cod_asig2,par_cod_asig3 FROM tblaca009_p_int WHERE pensum='5' AND c_uni_ca='3' AND c_asigna='311554' [1][0] OK
C:[19/08/2013 09:58:52.45][190.73.255.26][1312] SELECT horas_lab FROM tblaca008 WHERE c_asigna='311554' AND horas_teoricas > 0 [1][0] OK
C:[19/08/2013 09:59:54.73][190.206.44.248][1138] SELECT pre_cod_asig1,pre_cod_asig2,pre_cod_asig3,pre_cod_asig4,pre_cod_asig5,pre_cod_asig6,pre_cod_asig7 FROM tblaca009_p_int WHERE pensum='5' AND c_uni_ca='4' AND c_asigna='333639' [1][0] OK
C:[19/08/2013 09:59:54.73][190.206.44.248][1151] SELECT c_asigna FROM dace004 WHERE exp_e='10-22818416' AND c_asigna='333585' AND status IN ('0','3','B','C') [1][0] OK
C:[19/08/2013 09:59:54.73][190.206.44.248][1138] SELECT pre_cod_asig1,pre_cod_asig2,pre_cod_asig3,pre_cod_asig4,pre_cod_asig5,pre_cod_asig6,pre_cod_asig7 FROM tblaca009_p_int WHERE pensum='5' AND c_uni_ca='4' AND c_asigna='334781' [1][0] OK
C:[19/08/2013 09:59:54.73][190.206.44.248][1151] SELECT c_asigna FROM dace004 WHERE exp_e='10-22818416' AND c_asigna='333444' AND status IN ('0','3','B','C') [1][0] OK
C:[19/08/2013 09:59:54.79][190.206.44.248][1182] SELECT par_cod_asig1,par_cod_asig2,par_cod_asig3 FROM tblaca009_p_int WHERE pensum='5' AND c_uni_ca='4' AND c_asigna='333639' [1][0] OK
C:[19/08/2013 09:59:54.79][190.206.44.248][1182] SELECT par_cod_asig1,par_cod_asig2,par_cod_asig3 FROM tblaca009_p_int WHERE pensum='5' AND c_uni_ca='4' AND c_asigna='334781' [1][0] OK
C:[19/08/2013 09:59:54.05][190.206.44.248][1312] SELECT horas_lab FROM tblaca008 WHERE c_asigna='333639' AND horas_teoricas > 0 [1][0] OK
C:[19/08/2013 09:59:54.05][190.206.44.248][1312] SELECT horas_lab FROM tblaca008 WHERE c_asigna='334781' AND horas_teoricas > 0 [1][0] OK
C:[19/08/2013 10:00:00.66][190.77.253.8][1138] SELECT pre_cod_asig1,pre_cod_asig2,pre_cod_asig3,pre_cod_asig4,pre_cod_asig5,pre_cod_asig6,pre_cod_asig7 FROM tblaca009_p_int WHERE pensum='5' AND c_uni_ca='2' AND c_asigna='322780' [1][0] OK
C:[19/08/2013 10:00:00.66][190.77.253.8][1151] SELECT c_asigna FROM dace004 WHERE exp_e='09-19910136' AND c_asigna='322678' AND status IN ('0','3','B','C') [1][0] OK
C:[19/08/2013 10:00:00.66][190.77.253.8][1138] SELECT pre_cod_asig1,pre_cod_asig2,pre_cod_asig3,pre_cod_asig4,pre_cod_asig5,pre_cod_asig6,pre_cod_asig7 FROM tblaca009_p_int WHERE pensum='5' AND c_uni_ca='2' AND c_asigna='322826' [1][0] OK
C:[19/08/2013 10:00:00.66][190.77.253.8][1151] SELECT c_asigna FROM dace004 WHERE exp_e='09-19910136' AND c_asigna='322683' AND status IN ('0','3','B','C') [1][0] OK
C:[19/08/2013 10:00:00.17][190.77.253.8][1182] SELECT par_cod_asig1,par_cod_asig2,par_cod_asig3 FROM tblaca009_p_int WHERE pensum='5' AND c_uni_ca='2' AND c_asigna='322780' [1][0] OK
C:[19/08/2013 10:00:00.17][190.77.253.8][1182] SELECT par_cod_asig1,par_cod_asig2,par_cod_asig3 FROM tblaca009_p_int WHERE pensum='5' AND c_uni_ca='2' AND c_asigna='322826' [1][0] OK
C:[19/08/2013 10:00:00.42][190.77.253.8][1312] SELECT horas_lab FROM tblaca008 WHERE c_asigna='322780' AND horas_teoricas > 0 [1][0] OK
C:[19/08/2013 10:00:00.42][190.77.253.8][1312] SELECT horas_lab FROM tblaca008 WHERE c_asigna='322826' AND horas_teoricas > 0 [1][0] OK
C:[19/08/2013 10:00:30.52][190.202.86.250][1138] SELECT pre_cod_asig1,pre_cod_asig2,pre_cod_asig3,pre_cod_asig4,pre_cod_asig5,pre_cod_asig6,pre_cod_asig7 FROM tblaca009_p_int WHERE pensum='5' AND c_uni_ca='2' AND c_asigna='322904' [1][0] OK
C:[19/08/2013 10:00:30.20][190.202.86.250][1182] SELECT par_cod_asig1,par_cod_asig2,par_cod_asig3 FROM tblaca009_p_int WHERE pensum='5' AND c_uni_ca='2' AND c_asigna='322904' [1][0] OK
C:[19/08/2013 10:00:30.33][190.202.86.250][1312] SELECT horas_lab FROM tblaca008 WHERE c_asigna='322904' AND horas_teoricas > 0 [1][0] OK
C:[19/08/2013 10:01:48.22][190.201.15.43][1138] SELECT pre_cod_asig1,pre_cod_asig2,pre_cod_asig3,pre_cod_asig4,pre_cod_asig5,pre_cod_asig6,pre_cod_asig7 FROM tblaca009_p_int WHERE pensum='5' AND c_uni_ca='2' AND c_asigna='322826' [1][0] OK
C:[19/08/2013 10:01:48.22][190.201.15.43][1151] SELECT c_asigna FROM dace004 WHERE exp_e='09-20646624' AND c_asigna='322683' AND status IN ('0','3','B','C') [1][0] OK
C:[19/08/2013 10:01:48.22][190.201.15.43][1138] SELECT pre_cod_asig1,pre_cod_asig2,pre_cod_asig3,pre_cod_asig4,pre_cod_asig5,pre_cod_asig6,pre_cod_asig7 FROM tblaca009_p_int WHERE pensum='5' AND c_uni_ca='2' AND c_asigna='322904' [1][0] OK
C:[19/08/2013 10:01:48.22][190.201.15.43][1138] SELECT pre_cod_asig1,pre_cod_asig2,pre_cod_asig3,pre_cod_asig4,pre_cod_asig5,pre_cod_asig6,pre_cod_asig7 FROM tblaca009_p_int WHERE pensum='5' AND c_uni_ca='2' AND c_asigna='322041' [1][0] OK
C:[19/08/2013 10:01:49.30][190.201.15.43][1182] SELECT par_cod_asig1,par_cod_asig2,par_cod_asig3 FROM tblaca009_p_int WHERE pensum='5' AND c_uni_ca='2' AND c_asigna='322826' [1][0] OK
C:[19/08/2013 10:01:49.30][190.201.15.43][1182] SELECT par_cod_asig1,par_cod_asig2,par_cod_asig3 FROM tblaca009_p_int WHERE pensum='5' AND c_uni_ca='2' AND c_asigna='322904' [1][0] OK
C:[19/08/2013 10:01:49.30][190.201.15.43][1182] SELECT par_cod_asig1,par_cod_asig2,par_cod_asig3 FROM tblaca009_p_int WHERE pensum='5' AND c_uni_ca='2' AND c_asigna='322041' [1][0] OK
C:[19/08/2013 10:01:49.36][190.201.15.43][1312] SELECT horas_lab FROM tblaca008 WHERE c_asigna='322826' AND horas_teoricas > 0 [1][0] OK
C:[19/08/2013 10:01:49.36][190.201.15.43][1312] SELECT horas_lab FROM tblaca008 WHERE c_asigna='322904' AND horas_teoricas > 0 [1][0] OK
C:[19/08/2013 10:01:49.36][190.201.15.43][1312] SELECT horas_lab FROM tblaca008 WHERE c_asigna='322041' AND horas_teoricas > 0 [1][0] OK
C:[19/08/2013 10:02:29.32][190.199.92.188][1138] SELECT pre_cod_asig1,pre_cod_asig2,pre_cod_asig3,pre_cod_asig4,pre_cod_asig5,pre_cod_asig6,pre_cod_asig7 FROM tblaca009_p_int WHERE pensum='5' AND c_uni_ca='5' AND c_asigna='351330' [1][0] OK
C:[19/08/2013 10:02:29.32][190.199.92.188][1151] SELECT c_asigna FROM dace004 WHERE exp_e='10-22858247' AND c_asigna='300218' AND status IN ('0','3','B','C') [1][0] OK
C:[19/08/2013 10:02:29.32][190.199.92.188][1138] SELECT pre_cod_asig1,pre_cod_asig2,pre_cod_asig3,pre_cod_asig4,pre_cod_asig5,pre_cod_asig6,pre_cod_asig7 FROM tblaca009_p_int WHERE pensum='5' AND c_uni_ca='5' AND c_asigna='352440' [1][0] OK
C:[19/08/2013 10:02:29.32][190.199.92.188][1151] SELECT c_asigna FROM dace004 WHERE exp_e='10-22858247' AND c_asigna='300317' AND status IN ('0','3','B','C') [1][0] OK
C:[19/08/2013 10:02:29.32][190.199.92.188][1151] SELECT c_asigna FROM dace004 WHERE exp_e='10-22858247' AND c_asigna='300013' AND status IN ('0','3','B','C') [1][0] OK
C:[19/08/2013 10:02:29.51][190.199.92.188][1182] SELECT par_cod_asig1,par_cod_asig2,par_cod_asig3 FROM tblaca009_p_int WHERE pensum='5' AND c_uni_ca='5' AND c_asigna='351330' [1][0] OK
C:[19/08/2013 10:02:29.51][190.199.92.188][1196] SELECT c_asigna FROM dace004 WHERE exp_e='10-22858247' AND c_asigna='300317' AND status IN ('0','3','B','C') [1][0] OK
C:[19/08/2013 10:02:29.51][190.199.92.188][1182] SELECT par_cod_asig1,par_cod_asig2,par_cod_asig3 FROM tblaca009_p_int WHERE pensum='5' AND c_uni_ca='5' AND c_asigna='352440' [1][0] OK
C:[19/08/2013 10:02:29.90][190.199.92.188][1312] SELECT horas_lab FROM tblaca008 WHERE c_asigna='351330' AND horas_teoricas > 0 [1][0] OK
C:[19/08/2013 10:02:29.90][190.199.92.188][1312] SELECT horas_lab FROM tblaca008 WHERE c_asigna='352440' AND horas_teoricas > 0 [1][0] OK
C:[19/08/2013 10:04:22.17][190.201.15.43][1138] SELECT pre_cod_asig1,pre_cod_asig2,pre_cod_asig3,pre_cod_asig4,pre_cod_asig5,pre_cod_asig6,pre_cod_asig7 FROM tblaca009_p_int WHERE pensum='5' AND c_uni_ca='2' AND c_asigna='322826' [1][0] OK
C:[19/08/2013 10:04:22.17][190.201.15.43][1151] SELECT c_asigna FROM dace004 WHERE exp_e='09-20646624' AND c_asigna='322683' AND status IN ('0','3','B','C') [1][0] OK
C:[19/08/2013 10:04:22.17][190.201.15.43][1138] SELECT pre_cod_asig1,pre_cod_asig2,pre_cod_asig3,pre_cod_asig4,pre_cod_asig5,pre_cod_asig6,pre_cod_asig7 FROM tblaca009_p_int WHERE pensum='5' AND c_uni_ca='2' AND c_asigna='322904' [1][0] OK
C:[19/08/2013 10:04:22.17][190.201.15.43][1138] SELECT pre_cod_asig1,pre_cod_asig2,pre_cod_asig3,pre_cod_asig4,pre_cod_asig5,pre_cod_asig6,pre_cod_asig7 FROM tblaca009_p_int WHERE pensum='5' AND c_uni_ca='2' AND c_asigna='322041' [1][0] OK
C:[19/08/2013 10:04:22.24][190.201.15.43][1182] SELECT par_cod_asig1,par_cod_asig2,par_cod_asig3 FROM tblaca009_p_int WHERE pensum='5' AND c_uni_ca='2' AND c_asigna='322826' [1][0] OK
C:[19/08/2013 10:04:22.24][190.201.15.43][1182] SELECT par_cod_asig1,par_cod_asig2,par_cod_asig3 FROM tblaca009_p_int WHERE pensum='5' AND c_uni_ca='2' AND c_asigna='322904' [1][0] OK
C:[19/08/2013 10:04:22.24][190.201.15.43][1182] SELECT par_cod_asig1,par_cod_asig2,par_cod_asig3 FROM tblaca009_p_int WHERE pensum='5' AND c_uni_ca='2' AND c_asigna='322041' [1][0] OK
C:[19/08/2013 10:04:23.62][190.201.15.43][1312] SELECT horas_lab FROM tblaca008 WHERE c_asigna='322826' AND horas_teoricas > 0 [1][0] OK
C:[19/08/2013 10:04:23.62][190.201.15.43][1312] SELECT horas_lab FROM tblaca008 WHERE c_asigna='322904' AND horas_teoricas > 0 [1][0] OK
C:[19/08/2013 10:04:23.62][190.201.15.43][1312] SELECT horas_lab FROM tblaca008 WHERE c_asigna='322041' AND horas_teoricas > 0 [1][0] OK
C:[19/08/2013 10:04:28.84][172.17.143.178][1138] SELECT pre_cod_asig1,pre_cod_asig2,pre_cod_asig3,pre_cod_asig4,pre_cod_asig5,pre_cod_asig6,pre_cod_asig7 FROM tblaca009_p_int WHERE pensum='5' AND c_uni_ca='2' AND c_asigna='300226' [1][0] OK
C:[19/08/2013 10:04:28.84][172.17.143.178][1151] SELECT c_asigna FROM dace004 WHERE exp_e='11-19158308' AND c_asigna='300116' AND status IN ('0','3','B','C') [1][0] OK
C:[19/08/2013 10:04:28.10][172.17.143.178][1182] SELECT par_cod_asig1,par_cod_asig2,par_cod_asig3 FROM tblaca009_p_int WHERE pensum='5' AND c_uni_ca='2' AND c_asigna='300226' [1][0] OK
C:[19/08/2013 10:04:28.23][172.17.143.178][1312] SELECT horas_lab FROM tblaca008 WHERE c_asigna='300226' AND horas_teoricas > 0 [1][0] OK
C:[19/08/2013 10:04:50.84][186.89.173.222][1138] SELECT pre_cod_asig1,pre_cod_asig2,pre_cod_asig3,pre_cod_asig4,pre_cod_asig5,pre_cod_asig6,pre_cod_asig7 FROM tblaca009_p_int WHERE pensum='5' AND c_uni_ca='2' AND c_asigna='322826' [1][0] OK
C:[19/08/2013 10:04:50.84][186.89.173.222][1151] SELECT c_asigna FROM dace004 WHERE exp_e='09-20506632' AND c_asigna='322683' AND status IN ('0','3','B','C') [1][0] OK
C:[19/08/2013 10:04:50.84][186.89.173.222][1138] SELECT pre_cod_asig1,pre_cod_asig2,pre_cod_asig3,pre_cod_asig4,pre_cod_asig5,pre_cod_asig6,pre_cod_asig7 FROM tblaca009_p_int WHERE pensum='5' AND c_uni_ca='2' AND c_asigna='322904' [1][0] OK
C:[19/08/2013 10:04:50.84][186.89.173.222][1138] SELECT pre_cod_asig1,pre_cod_asig2,pre_cod_asig3,pre_cod_asig4,pre_cod_asig5,pre_cod_asig6,pre_cod_asig7 FROM tblaca009_p_int WHERE pensum='5' AND c_uni_ca='2' AND c_asigna='322041' [1][0] OK
C:[19/08/2013 10:04:51.91][186.89.173.222][1182] SELECT par_cod_asig1,par_cod_asig2,par_cod_asig3 FROM tblaca009_p_int WHERE pensum='5' AND c_uni_ca='2' AND c_asigna='322826' [1][0] OK
C:[19/08/2013 10:04:51.91][186.89.173.222][1182] SELECT par_cod_asig1,par_cod_asig2,par_cod_asig3 FROM tblaca009_p_int WHERE pensum='5' AND c_uni_ca='2' AND c_asigna='322904' [1][0] OK
C:[19/08/2013 10:04:51.91][186.89.173.222][1182] SELECT par_cod_asig1,par_cod_asig2,par_cod_asig3 FROM tblaca009_p_int WHERE pensum='5' AND c_uni_ca='2' AND c_asigna='322041' [1][0] OK
C:[19/08/2013 10:04:51.29][186.89.173.222][1312] SELECT horas_lab FROM tblaca008 WHERE c_asigna='322826' AND horas_teoricas > 0 [1][0] OK
C:[19/08/2013 10:04:51.29][186.89.173.222][1312] SELECT horas_lab FROM tblaca008 WHERE c_asigna='322904' AND horas_teoricas > 0 [1][0] OK
C:[19/08/2013 10:04:51.29][186.89.173.222][1312] SELECT horas_lab FROM tblaca008 WHERE c_asigna='322041' AND horas_teoricas > 0 [1][0] OK
C:[19/08/2013 10:05:04.15][201.243.100.137][1138] SELECT pre_cod_asig1,pre_cod_asig2,pre_cod_asig3,pre_cod_asig4,pre_cod_asig5,pre_cod_asig6,pre_cod_asig7 FROM tblaca009_p_int WHERE pensum='5' AND c_uni_ca='3' AND c_asigna='300313' [1][0] OK
C:[19/08/2013 10:05:04.15][201.243.100.137][1151] SELECT c_asigna FROM dace004 WHERE exp_e='09-24412210' AND c_asigna='300213' AND status IN ('0','3','B','C') [1][0] OK
C:[19/08/2013 10:05:04.15][201.243.100.137][1138] SELECT pre_cod_asig1,pre_cod_asig2,pre_cod_asig3,pre_cod_asig4,pre_cod_asig5,pre_cod_asig6,pre_cod_asig7 FROM tblaca009_p_int WHERE pensum='5' AND c_uni_ca='3' AND c_asigna='312333' [1][0] OK
C:[19/08/2013 10:05:04.15][201.243.100.137][1151] SELECT c_asigna FROM dace004 WHERE exp_e='09-24412210' AND c_asigna='300228' AND status IN ('0','3','B','C') [1][0] OK
C:[19/08/2013 10:05:04.15][201.243.100.137][1138] SELECT pre_cod_asig1,pre_cod_asig2,pre_cod_asig3,pre_cod_asig4,pre_cod_asig5,pre_cod_asig6,pre_cod_asig7 FROM tblaca009_p_int WHERE pensum='5' AND c_uni_ca='3' AND c_asigna='300428' [1][0] OK
C:[19/08/2013 10:05:04.15][201.243.100.137][1151] SELECT c_asigna FROM dace004 WHERE exp_e='09-24412210' AND c_asigna='300317' AND status IN ('0','3','B','C') [1][0] OK
C:[19/08/2013 10:05:05.47][201.243.100.137][1182] SELECT par_cod_asig1,par_cod_asig2,par_cod_asig3 FROM tblaca009_p_int WHERE pensum='5' AND c_uni_ca='3' AND c_asigna='300313' [1][0] OK
C:[19/08/2013 10:05:05.47][201.243.100.137][1182] SELECT par_cod_asig1,par_cod_asig2,par_cod_asig3 FROM tblaca009_p_int WHERE pensum='5' AND c_uni_ca='3' AND c_asigna='312333' [1][0] OK
C:[19/08/2013 10:05:05.47][201.243.100.137][1182] SELECT par_cod_asig1,par_cod_asig2,par_cod_asig3 FROM tblaca009_p_int WHERE pensum='5' AND c_uni_ca='3' AND c_asigna='300428' [1][0] OK
C:[19/08/2013 10:05:05.86][201.243.100.137][1312] SELECT horas_lab FROM tblaca008 WHERE c_asigna='300313' AND horas_teoricas > 0 [1][0] OK
C:[19/08/2013 10:05:05.86][201.243.100.137][1312] SELECT horas_lab FROM tblaca008 WHERE c_asigna='312333' AND horas_teoricas > 0 [1][0] OK
C:[19/08/2013 10:05:05.86][201.243.100.137][1312] SELECT horas_lab FROM tblaca008 WHERE c_asigna='300428' AND horas_teoricas > 0 [1][0] OK
C:[19/08/2013 10:05:12.61][186.89.187.17][1138] SELECT pre_cod_asig1,pre_cod_asig2,pre_cod_asig3,pre_cod_asig4,pre_cod_asig5,pre_cod_asig6,pre_cod_asig7 FROM tblaca009_p_int WHERE pensum='' AND c_uni_ca='' AND c_asigna='300956' [0][0] OK
C:[19/08/2013 10:05:12.61][186.89.187.17][1138] SELECT pre_cod_asig1,pre_cod_asig2,pre_cod_asig3,pre_cod_asig4,pre_cod_asig5,pre_cod_asig6,pre_cod_asig7 FROM tblaca009_p_int WHERE pensum='' AND c_uni_ca='' AND c_asigna='322904' [0][0] OK
C:[19/08/2013 10:05:12.86][186.89.187.17][1182] SELECT par_cod_asig1,par_cod_asig2,par_cod_asig3 FROM tblaca009_p_int WHERE pensum='' AND c_uni_ca='' AND c_asigna='300956' [0][0] OK
C:[19/08/2013 10:05:12.86][186.89.187.17][1182] SELECT par_cod_asig1,par_cod_asig2,par_cod_asig3 FROM tblaca009_p_int WHERE pensum='' AND c_uni_ca='' AND c_asigna='322904' [0][0] OK
C:[19/08/2013 10:05:12.12][186.89.187.17][1312] SELECT horas_lab FROM tblaca008 WHERE c_asigna='300956' AND horas_teoricas > 0 [1][0] OK
C:[19/08/2013 10:05:12.12][186.89.187.17][1312] SELECT horas_lab FROM tblaca008 WHERE c_asigna='322904' AND horas_teoricas > 0 [1][0] OK
C:[19/08/2013 10:06:39.62][190.206.226.233][1138] SELECT pre_cod_asig1,pre_cod_asig2,pre_cod_asig3,pre_cod_asig4,pre_cod_asig5,pre_cod_asig6,pre_cod_asig7 FROM tblaca009_p_int WHERE pensum='5' AND c_uni_ca='2' AND c_asigna='322904' [1][0] OK
C:[19/08/2013 10:06:39.30][190.206.226.233][1182] SELECT par_cod_asig1,par_cod_asig2,par_cod_asig3 FROM tblaca009_p_int WHERE pensum='5' AND c_uni_ca='2' AND c_asigna='322904' [1][0] OK
C:[19/08/2013 10:06:39.43][190.206.226.233][1312] SELECT horas_lab FROM tblaca008 WHERE c_asigna='322904' AND horas_teoricas > 0 [1][0] OK
C:[19/08/2013 10:07:38.31][190.199.92.188][1138] SELECT pre_cod_asig1,pre_cod_asig2,pre_cod_asig3,pre_cod_asig4,pre_cod_asig5,pre_cod_asig6,pre_cod_asig7 FROM tblaca009_p_int WHERE pensum='5' AND c_uni_ca='4' AND c_asigna='330435' [1][0] OK
C:[19/08/2013 10:07:38.31][190.199.92.188][1138] SELECT pre_cod_asig1,pre_cod_asig2,pre_cod_asig3,pre_cod_asig4,pre_cod_asig5,pre_cod_asig6,pre_cod_asig7 FROM tblaca009_p_int WHERE pensum='5' AND c_uni_ca='4' AND c_asigna='333563' [1][0] OK
C:[19/08/2013 10:07:38.31][190.199.92.188][1151] SELECT c_asigna FROM dace004 WHERE exp_e='10-24856697' AND c_asigna='333440' AND status IN ('0','3','B','C') [1][0] OK
C:[19/08/2013 10:07:38.31][190.199.92.188][1151] SELECT c_asigna FROM dace004 WHERE exp_e='10-24856697' AND c_asigna='333442' AND status IN ('0','3','B','C') [1][0] OK
C:[19/08/2013 10:07:38.37][190.199.92.188][1182] SELECT par_cod_asig1,par_cod_asig2,par_cod_asig3 FROM tblaca009_p_int WHERE pensum='5' AND c_uni_ca='4' AND c_asigna='330435' [1][0] OK
C:[19/08/2013 10:07:38.37][190.199.92.188][1182] SELECT par_cod_asig1,par_cod_asig2,par_cod_asig3 FROM tblaca009_p_int WHERE pensum='5' AND c_uni_ca='4' AND c_asigna='333563' [1][0] OK
C:[19/08/2013 10:07:38.64][190.199.92.188][1312] SELECT horas_lab FROM tblaca008 WHERE c_asigna='330435' AND horas_teoricas > 0 [1][0] OK
C:[19/08/2013 10:07:38.64][190.199.92.188][1312] SELECT horas_lab FROM tblaca008 WHERE c_asigna='333563' AND horas_teoricas > 0 [1][0] OK
C:[19/08/2013 10:07:54.47][190.199.92.188][1138] SELECT pre_cod_asig1,pre_cod_asig2,pre_cod_asig3,pre_cod_asig4,pre_cod_asig5,pre_cod_asig6,pre_cod_asig7 FROM tblaca009_p_int WHERE pensum='5' AND c_uni_ca='3' AND c_asigna='311673' [1][0] OK
C:[19/08/2013 10:07:54.47][190.199.92.188][1151] SELECT c_asigna FROM dace004 WHERE exp_e='00-24702645' AND c_asigna='311551' AND status IN ('0','3','B','C') [1][0] OK
C:[19/08/2013 10:07:54.29][190.199.92.188][1182] SELECT par_cod_asig1,par_cod_asig2,par_cod_asig3 FROM tblaca009_p_int WHERE pensum='5' AND c_uni_ca='3' AND c_asigna='311673' [1][0] OK
C:[19/08/2013 10:07:54.42][190.199.92.188][1312] SELECT horas_lab FROM tblaca008 WHERE c_asigna='311673' AND horas_teoricas > 0 [1][0] OK
C:[19/08/2013 10:08:37.96][181.185.233.181][1138] SELECT pre_cod_asig1,pre_cod_asig2,pre_cod_asig3,pre_cod_asig4,pre_cod_asig5,pre_cod_asig6,pre_cod_asig7 FROM tblaca009_p_int WHERE pensum='5' AND c_uni_ca='3' AND c_asigna='300313' [1][0] OK
C:[19/08/2013 10:08:37.96][181.185.233.181][1151] SELECT c_asigna FROM dace004 WHERE exp_e='12-20561537' AND c_asigna='300213' AND status IN ('0','3','B','C') [1][0] OK
C:[19/08/2013 10:08:37.96][181.185.233.181][1138] SELECT pre_cod_asig1,pre_cod_asig2,pre_cod_asig3,pre_cod_asig4,pre_cod_asig5,pre_cod_asig6,pre_cod_asig7 FROM tblaca009_p_int WHERE pensum='5' AND c_uni_ca='3' AND c_asigna='312333' [1][0] OK
C:[19/08/2013 10:08:37.96][181.185.233.181][1151] SELECT c_asigna FROM dace004 WHERE exp_e='12-20561537' AND c_asigna='300228' AND status IN ('0','3','B','C') [1][0] OK
C:[19/08/2013 10:08:37.03][181.185.233.181][1182] SELECT par_cod_asig1,par_cod_asig2,par_cod_asig3 FROM tblaca009_p_int WHERE pensum='5' AND c_uni_ca='3' AND c_asigna='300313' [1][0] OK
C:[19/08/2013 10:08:37.03][181.185.233.181][1182] SELECT par_cod_asig1,par_cod_asig2,par_cod_asig3 FROM tblaca009_p_int WHERE pensum='5' AND c_uni_ca='3' AND c_asigna='312333' [1][0] OK
C:[19/08/2013 10:08:37.29][181.185.233.181][1312] SELECT horas_lab FROM tblaca008 WHERE c_asigna='300313' AND horas_teoricas > 0 [1][0] OK
C:[19/08/2013 10:08:37.29][181.185.233.181][1312] SELECT horas_lab FROM tblaca008 WHERE c_asigna='312333' AND horas_teoricas > 0 [1][0] OK
C:[19/08/2013 10:12:49.29][190.198.176.53][1138] SELECT pre_cod_asig1,pre_cod_asig2,pre_cod_asig3,pre_cod_asig4,pre_cod_asig5,pre_cod_asig6,pre_cod_asig7 FROM tblaca009_p_int WHERE pensum='5' AND c_uni_ca='2' AND c_asigna='322702' [1][0] OK
C:[19/08/2013 10:12:49.29][190.198.176.53][1151] SELECT c_asigna FROM dace004 WHERE exp_e='09-19534672' AND c_asigna='322683' AND status IN ('0','3','B','C') [1][0] OK
C:[19/08/2013 10:12:49.29][190.198.176.53][1138] SELECT pre_cod_asig1,pre_cod_asig2,pre_cod_asig3,pre_cod_asig4,pre_cod_asig5,pre_cod_asig6,pre_cod_asig7 FROM tblaca009_p_int WHERE pensum='5' AND c_uni_ca='2' AND c_asigna='322826' [1][0] OK
C:[19/08/2013 10:12:49.29][190.198.176.53][1151] SELECT c_asigna FROM dace004 WHERE exp_e='09-19534672' AND c_asigna='322683' AND status IN ('0','3','B','C') [1][0] OK
C:[19/08/2013 10:12:49.29][190.198.176.53][1138] SELECT pre_cod_asig1,pre_cod_asig2,pre_cod_asig3,pre_cod_asig4,pre_cod_asig5,pre_cod_asig6,pre_cod_asig7 FROM tblaca009_p_int WHERE pensum='5' AND c_uni_ca='2' AND c_asigna='300956' [1][0] OK
C:[19/08/2013 10:12:49.29][190.198.176.53][1151] SELECT c_asigna FROM dace004 WHERE exp_e='09-19534672' AND c_asigna='300422' AND status IN ('0','3','B','C') [1][0] OK
C:[19/08/2013 10:12:49.60][190.198.176.53][1182] SELECT par_cod_asig1,par_cod_asig2,par_cod_asig3 FROM tblaca009_p_int WHERE pensum='5' AND c_uni_ca='2' AND c_asigna='322702' [1][0] OK
C:[19/08/2013 10:12:49.60][190.198.176.53][1182] SELECT par_cod_asig1,par_cod_asig2,par_cod_asig3 FROM tblaca009_p_int WHERE pensum='5' AND c_uni_ca='2' AND c_asigna='322826' [1][0] OK
C:[19/08/2013 10:12:49.60][190.198.176.53][1182] SELECT par_cod_asig1,par_cod_asig2,par_cod_asig3 FROM tblaca009_p_int WHERE pensum='5' AND c_uni_ca='2' AND c_asigna='300956' [1][0] OK
C:[19/08/2013 10:12:49.99][190.198.176.53][1312] SELECT horas_lab FROM tblaca008 WHERE c_asigna='322702' AND horas_teoricas > 0 [1][0] OK
C:[19/08/2013 10:12:49.99][190.198.176.53][1312] SELECT horas_lab FROM tblaca008 WHERE c_asigna='322826' AND horas_teoricas > 0 [1][0] OK
C:[19/08/2013 10:12:49.99][190.198.176.53][1312] SELECT horas_lab FROM tblaca008 WHERE c_asigna='300956' AND horas_teoricas > 0 [1][0] OK
C:[19/08/2013 10:13:06.10][190.73.243.189][1138] SELECT pre_cod_asig1,pre_cod_asig2,pre_cod_asig3,pre_cod_asig4,pre_cod_asig5,pre_cod_asig6,pre_cod_asig7 FROM tblaca009_p_int WHERE pensum='5' AND c_uni_ca='2' AND c_asigna='322780' [1][0] OK
C:[19/08/2013 10:13:06.10][190.73.243.189][1151] SELECT c_asigna FROM dace004 WHERE exp_e='10-20806428' AND c_asigna='322678' AND status IN ('0','3','B','C') [1][0] OK
C:[19/08/2013 10:13:06.91][190.73.243.189][1182] SELECT par_cod_asig1,par_cod_asig2,par_cod_asig3 FROM tblaca009_p_int WHERE pensum='5' AND c_uni_ca='2' AND c_asigna='322780' [1][0] OK
C:[19/08/2013 10:13:06.05][190.73.243.189][1312] SELECT horas_lab FROM tblaca008 WHERE c_asigna='322780' AND horas_teoricas > 0 [1][0] OK
C:[19/08/2013 10:14:14.41][201.249.224.11][1138] SELECT pre_cod_asig1,pre_cod_asig2,pre_cod_asig3,pre_cod_asig4,pre_cod_asig5,pre_cod_asig6,pre_cod_asig7 FROM tblaca009_p_int WHERE pensum='5' AND c_uni_ca='4' AND c_asigna='330435' [1][0] OK
C:[19/08/2013 10:14:14.09][201.249.224.11][1182] SELECT par_cod_asig1,par_cod_asig2,par_cod_asig3 FROM tblaca009_p_int WHERE pensum='5' AND c_uni_ca='4' AND c_asigna='330435' [1][0] OK
C:[19/08/2013 10:14:14.28][201.249.224.11][1312] SELECT horas_lab FROM tblaca008 WHERE c_asigna='330435' AND horas_teoricas > 0 [1][0] OK
C:[19/08/2013 10:16:40.42][68.171.231.85][1138] SELECT pre_cod_asig1,pre_cod_asig2,pre_cod_asig3,pre_cod_asig4,pre_cod_asig5,pre_cod_asig6,pre_cod_asig7 FROM tblaca009_p_int WHERE pensum='5' AND c_uni_ca='2' AND c_asigna='322559' [1][0] OK
C:[19/08/2013 10:16:40.42][68.171.231.85][1151] SELECT c_asigna FROM dace004 WHERE exp_e='11-17417356' AND c_asigna='300428' AND status IN ('0','3','B','C') [1][0] OK
C:[19/08/2013 10:16:40.42][68.171.231.85][1151] SELECT c_asigna FROM dace004 WHERE exp_e='11-17417356' AND c_asigna='322436' AND status IN ('0','3','B','C') [1][0] OK
C:[19/08/2013 10:16:40.42][68.171.231.85][1138] SELECT pre_cod_asig1,pre_cod_asig2,pre_cod_asig3,pre_cod_asig4,pre_cod_asig5,pre_cod_asig6,pre_cod_asig7 FROM tblaca009_p_int WHERE pensum='5' AND c_uni_ca='2' AND c_asigna='322605' [1][0] OK
C:[19/08/2013 10:16:40.42][68.171.231.85][1151] SELECT c_asigna FROM dace004 WHERE exp_e='11-17417356' AND c_asigna='322436' AND status IN ('0','3','B','C') [1][0] OK
C:[19/08/2013 10:16:40.42][68.171.231.85][1138] SELECT pre_cod_asig1,pre_cod_asig2,pre_cod_asig3,pre_cod_asig4,pre_cod_asig5,pre_cod_asig6,pre_cod_asig7 FROM tblaca009_p_int WHERE pensum='5' AND c_uni_ca='2' AND c_asigna='322669' [1][0] OK
C:[19/08/2013 10:16:40.42][68.171.231.85][1151] SELECT c_asigna FROM dace004 WHERE exp_e='11-17417356' AND c_asigna='322558' AND status IN ('0','3','B','C') [1][0] OK
C:[19/08/2013 10:16:41.86][68.171.231.85][1182] SELECT par_cod_asig1,par_cod_asig2,par_cod_asig3 FROM tblaca009_p_int WHERE pensum='5' AND c_uni_ca='2' AND c_asigna='322559' [1][0] OK
C:[19/08/2013 10:16:41.86][68.171.231.85][1182] SELECT par_cod_asig1,par_cod_asig2,par_cod_asig3 FROM tblaca009_p_int WHERE pensum='5' AND c_uni_ca='2' AND c_asigna='322605' [1][0] OK
C:[19/08/2013 10:16:41.86][68.171.231.85][1182] SELECT par_cod_asig1,par_cod_asig2,par_cod_asig3 FROM tblaca009_p_int WHERE pensum='5' AND c_uni_ca='2' AND c_asigna='322669' [1][0] OK
C:[19/08/2013 10:16:41.25][68.171.231.85][1312] SELECT horas_lab FROM tblaca008 WHERE c_asigna='322559' AND horas_teoricas > 0 [1][0] OK
C:[19/08/2013 10:16:41.25][68.171.231.85][1312] SELECT horas_lab FROM tblaca008 WHERE c_asigna='322605' AND horas_teoricas > 0 [1][0] OK
C:[19/08/2013 10:16:41.25][68.171.231.85][1312] SELECT horas_lab FROM tblaca008 WHERE c_asigna='322669' AND horas_teoricas > 0 [1][0] OK
C:[19/08/2013 10:17:30.77][186.90.185.5][1138] SELECT pre_cod_asig1,pre_cod_asig2,pre_cod_asig3,pre_cod_asig4,pre_cod_asig5,pre_cod_asig6,pre_cod_asig7 FROM tblaca009_p_int WHERE pensum='5' AND c_uni_ca='4' AND c_asigna='333809' [1][0] OK
C:[19/08/2013 10:17:30.77][186.90.185.5][1151] SELECT c_asigna FROM dace004 WHERE exp_e='09-20503324' AND c_asigna='333683' AND status IN ('0','3','B','C') [1][0] OK
C:[19/08/2013 10:17:30.77][186.90.185.5][1151] SELECT c_asigna FROM dace004 WHERE exp_e='09-20503324' AND c_asigna='333710' AND status IN ('0','3','B','C') [1][0] OK
C:[19/08/2013 10:17:30.77][186.90.185.5][1138] SELECT pre_cod_asig1,pre_cod_asig2,pre_cod_asig3,pre_cod_asig4,pre_cod_asig5,pre_cod_asig6,pre_cod_asig7 FROM tblaca009_p_int WHERE pensum='5' AND c_uni_ca='4' AND c_asigna='300890' [1][0] OK
C:[19/08/2013 10:17:30.84][186.90.185.5][1182] SELECT par_cod_asig1,par_cod_asig2,par_cod_asig3 FROM tblaca009_p_int WHERE pensum='5' AND c_uni_ca='4' AND c_asigna='333809' [1][0] OK
C:[19/08/2013 10:17:30.84][186.90.185.5][1182] SELECT par_cod_asig1,par_cod_asig2,par_cod_asig3 FROM tblaca009_p_int WHERE pensum='5' AND c_uni_ca='4' AND c_asigna='300890' [1][0] OK
C:[19/08/2013 10:17:30.10][186.90.185.5][1312] SELECT horas_lab FROM tblaca008 WHERE c_asigna='333809' AND horas_teoricas > 0 [1][0] OK
C:[19/08/2013 10:17:30.10][186.90.185.5][1312] SELECT horas_lab FROM tblaca008 WHERE c_asigna='300890' AND horas_teoricas > 0 [1][0] OK
C:[19/08/2013 10:17:37.17][201.249.224.11][1138] SELECT pre_cod_asig1,pre_cod_asig2,pre_cod_asig3,pre_cod_asig4,pre_cod_asig5,pre_cod_asig6,pre_cod_asig7 FROM tblaca009_p_int WHERE pensum='5' AND c_uni_ca='4' AND c_asigna='330435' [1][0] OK
C:[19/08/2013 10:17:37.62][201.249.224.11][1182] SELECT par_cod_asig1,par_cod_asig2,par_cod_asig3 FROM tblaca009_p_int WHERE pensum='5' AND c_uni_ca='4' AND c_asigna='330435' [1][0] OK
C:[19/08/2013 10:17:38.73][201.249.224.11][1312] SELECT horas_lab FROM tblaca008 WHERE c_asigna='330435' AND horas_teoricas > 0 [1][0] OK
C:[19/08/2013 10:17:55.13][200.84.72.16][1138] SELECT pre_cod_asig1,pre_cod_asig2,pre_cod_asig3,pre_cod_asig4,pre_cod_asig5,pre_cod_asig6,pre_cod_asig7 FROM tblaca009_p_int WHERE pensum='5' AND c_uni_ca='6' AND c_asigna='344689' [1][0] OK
C:[19/08/2013 10:17:55.13][200.84.72.16][1151] SELECT c_asigna FROM dace004 WHERE exp_e='10-21338158' AND c_asigna='300209' AND status IN ('0','3','B','C') [1][0] OK
C:[19/08/2013 10:17:55.13][200.84.72.16][1138] SELECT pre_cod_asig1,pre_cod_asig2,pre_cod_asig3,pre_cod_asig4,pre_cod_asig5,pre_cod_asig6,pre_cod_asig7 FROM tblaca009_p_int WHERE pensum='5' AND c_uni_ca='6' AND c_asigna='344688' [1][0] OK
C:[19/08/2013 10:17:55.13][200.84.72.16][1151] SELECT c_asigna FROM dace004 WHERE exp_e='10-21338158' AND c_asigna='344565' AND status IN ('0','3','B','C') [1][0] OK
C:[19/08/2013 10:17:55.23][200.84.72.16][1182] SELECT par_cod_asig1,par_cod_asig2,par_cod_asig3 FROM tblaca009_p_int WHERE pensum='5' AND c_uni_ca='6' AND c_asigna='344689' [1][0] OK
C:[19/08/2013 10:17:55.23][200.84.72.16][1182] SELECT par_cod_asig1,par_cod_asig2,par_cod_asig3 FROM tblaca009_p_int WHERE pensum='5' AND c_uni_ca='6' AND c_asigna='344688' [1][0] OK
C:[19/08/2013 10:17:55.44][200.84.72.16][1312] SELECT horas_lab FROM tblaca008 WHERE c_asigna='344689' AND horas_teoricas > 0 [1][0] OK
C:[19/08/2013 10:17:55.44][200.84.72.16][1312] SELECT horas_lab FROM tblaca008 WHERE c_asigna='344688' AND horas_teoricas > 0 [1][0] OK
C:[19/08/2013 10:18:43.35][186.89.187.17][1138] SELECT pre_cod_asig1,pre_cod_asig2,pre_cod_asig3,pre_cod_asig4,pre_cod_asig5,pre_cod_asig6,pre_cod_asig7 FROM tblaca009_p_int WHERE pensum='' AND c_uni_ca='' AND c_asigna='300956' [0][0] OK
C:[19/08/2013 10:18:43.35][186.89.187.17][1138] SELECT pre_cod_asig1,pre_cod_asig2,pre_cod_asig3,pre_cod_asig4,pre_cod_asig5,pre_cod_asig6,pre_cod_asig7 FROM tblaca009_p_int WHERE pensum='' AND c_uni_ca='' AND c_asigna='322904' [0][0] OK
C:[19/08/2013 10:18:43.16][186.89.187.17][1182] SELECT par_cod_asig1,par_cod_asig2,par_cod_asig3 FROM tblaca009_p_int WHERE pensum='' AND c_uni_ca='' AND c_asigna='300956' [0][0] OK
C:[19/08/2013 10:18:43.16][186.89.187.17][1182] SELECT par_cod_asig1,par_cod_asig2,par_cod_asig3 FROM tblaca009_p_int WHERE pensum='' AND c_uni_ca='' AND c_asigna='322904' [0][0] OK
C:[19/08/2013 10:18:43.44][186.89.187.17][1312] SELECT horas_lab FROM tblaca008 WHERE c_asigna='300956' AND horas_teoricas > 0 [1][0] OK
C:[19/08/2013 10:18:43.44][186.89.187.17][1312] SELECT horas_lab FROM tblaca008 WHERE c_asigna='322904' AND horas_teoricas > 0 [1][0] OK
C:[19/08/2013 10:19:15.19][201.242.145.18][1138] SELECT pre_cod_asig1,pre_cod_asig2,pre_cod_asig3,pre_cod_asig4,pre_cod_asig5,pre_cod_asig6,pre_cod_asig7 FROM tblaca009_p_int WHERE pensum='5' AND c_uni_ca='5' AND c_asigna='300228' [1][0] OK
C:[19/08/2013 10:19:15.19][201.242.145.18][1151] SELECT c_asigna FROM dace004 WHERE exp_e='12-23895792' AND c_asigna='300101' AND status IN ('0','3','B','C') [1][0] OK
C:[19/08/2013 10:19:15.19][201.242.145.18][1138] SELECT pre_cod_asig1,pre_cod_asig2,pre_cod_asig3,pre_cod_asig4,pre_cod_asig5,pre_cod_asig6,pre_cod_asig7 FROM tblaca009_p_int WHERE pensum='5' AND c_uni_ca='5' AND c_asigna='300317' [1][0] OK
C:[19/08/2013 10:19:15.19][201.242.145.18][1151] SELECT c_asigna FROM dace004 WHERE exp_e='12-23895792' AND c_asigna='300207' AND status IN ('0','3','B','C') [1][0] OK
C:[19/08/2013 10:19:15.19][201.242.145.18][1151] SELECT c_asigna FROM dace004 WHERE exp_e='12-23895792' AND c_asigna='300209' AND status IN ('0','3','B','C') [1][0] OK
C:[19/08/2013 10:19:15.38][201.242.145.18][1182] SELECT par_cod_asig1,par_cod_asig2,par_cod_asig3 FROM tblaca009_p_int WHERE pensum='5' AND c_uni_ca='5' AND c_asigna='300228' [1][0] OK
C:[19/08/2013 10:19:15.38][201.242.145.18][1182] SELECT par_cod_asig1,par_cod_asig2,par_cod_asig3 FROM tblaca009_p_int WHERE pensum='5' AND c_uni_ca='5' AND c_asigna='300317' [1][0] OK
C:[19/08/2013 10:19:16.65][201.242.145.18][1312] SELECT horas_lab FROM tblaca008 WHERE c_asigna='300228' AND horas_teoricas > 0 [1][0] OK
C:[19/08/2013 10:19:16.65][201.242.145.18][1312] SELECT horas_lab FROM tblaca008 WHERE c_asigna='300317' AND horas_teoricas > 0 [1][0] OK
C:[19/08/2013 10:21:13.23][68.171.231.81][1138] SELECT pre_cod_asig1,pre_cod_asig2,pre_cod_asig3,pre_cod_asig4,pre_cod_asig5,pre_cod_asig6,pre_cod_asig7 FROM tblaca009_p_int WHERE pensum='5' AND c_uni_ca='2' AND c_asigna='320323' [1][0] OK
C:[19/08/2013 10:21:13.23][68.171.231.81][1151] SELECT c_asigna FROM dace004 WHERE exp_e='11-22826859' AND c_asigna='300228' AND status IN ('0','3','B','C') [1][0] OK
C:[19/08/2013 10:21:13.23][68.171.231.81][1151] SELECT c_asigna FROM dace004 WHERE exp_e='11-22826859' AND c_asigna='300218' AND status IN ('0','3','B','C') [1][0] OK
C:[19/08/2013 10:21:14.17][68.171.231.81][1182] SELECT par_cod_asig1,par_cod_asig2,par_cod_asig3 FROM tblaca009_p_int WHERE pensum='5' AND c_uni_ca='2' AND c_asigna='320323' [1][0] OK
C:[19/08/2013 10:21:14.32][68.171.231.81][1312] SELECT horas_lab FROM tblaca008 WHERE c_asigna='320323' AND horas_teoricas > 0 [1][0] OK
C:[19/08/2013 10:21:21.59][181.184.107.237][1138] SELECT pre_cod_asig1,pre_cod_asig2,pre_cod_asig3,pre_cod_asig4,pre_cod_asig5,pre_cod_asig6,pre_cod_asig7 FROM tblaca009_p_int WHERE pensum='5' AND c_uni_ca='4' AND c_asigna='300207' [1][0] OK
C:[19/08/2013 10:21:21.59][181.184.107.237][1151] SELECT c_asigna FROM dace004 WHERE exp_e='11-24691804' AND c_asigna='300101' AND status IN ('0','3','B','C') [1][0] OK
C:[19/08/2013 10:21:21.84][181.184.107.237][1182] SELECT par_cod_asig1,par_cod_asig2,par_cod_asig3 FROM tblaca009_p_int WHERE pensum='5' AND c_uni_ca='4' AND c_asigna='300207' [1][0] OK
C:[19/08/2013 10:21:21.98][181.184.107.237][1312] SELECT horas_lab FROM tblaca008 WHERE c_asigna='300207' AND horas_teoricas > 0 [1][0] OK
C:[19/08/2013 10:21:34.73][172.16.5.132][1138] SELECT pre_cod_asig1,pre_cod_asig2,pre_cod_asig3,pre_cod_asig4,pre_cod_asig5,pre_cod_asig6,pre_cod_asig7 FROM tblaca009_p_int WHERE pensum='5' AND c_uni_ca='5' AND c_asigna='351330' [1][0] OK
C:[19/08/2013 10:21:34.73][172.16.5.132][1151] SELECT c_asigna FROM dace004 WHERE exp_e='10-21248612' AND c_asigna='300218' AND status IN ('0','3','B','C') [1][0] OK
C:[19/08/2013 10:21:34.73][172.16.5.132][1138] SELECT pre_cod_asig1,pre_cod_asig2,pre_cod_asig3,pre_cod_asig4,pre_cod_asig5,pre_cod_asig6,pre_cod_asig7 FROM tblaca009_p_int WHERE pensum='5' AND c_uni_ca='5' AND c_asigna='300428' [1][0] OK
C:[19/08/2013 10:21:34.73][172.16.5.132][1151] SELECT c_asigna FROM dace004 WHERE exp_e='10-21248612' AND c_asigna='300317' AND status IN ('0','3','B','C') [1][0] OK
C:[19/08/2013 10:21:34.80][172.16.5.132][1182] SELECT par_cod_asig1,par_cod_asig2,par_cod_asig3 FROM tblaca009_p_int WHERE pensum='5' AND c_uni_ca='5' AND c_asigna='351330' [1][0] OK
C:[19/08/2013 10:21:34.80][172.16.5.132][1196] SELECT c_asigna FROM dace004 WHERE exp_e='10-21248612' AND c_asigna='300317' AND status IN ('0','3','B','C') [1][0] OK
C:[19/08/2013 10:21:34.80][172.16.5.132][1182] SELECT par_cod_asig1,par_cod_asig2,par_cod_asig3 FROM tblaca009_p_int WHERE pensum='5' AND c_uni_ca='5' AND c_asigna='300428' [1][0] OK
C:[19/08/2013 10:21:34.18][172.16.5.132][1312] SELECT horas_lab FROM tblaca008 WHERE c_asigna='351330' AND horas_teoricas > 0 [1][0] OK
C:[19/08/2013 10:21:34.18][172.16.5.132][1312] SELECT horas_lab FROM tblaca008 WHERE c_asigna='300428' AND horas_teoricas > 0 [1][0] OK
C:[19/08/2013 10:21:40.95][190.200.62.71][1138] SELECT pre_cod_asig1,pre_cod_asig2,pre_cod_asig3,pre_cod_asig4,pre_cod_asig5,pre_cod_asig6,pre_cod_asig7 FROM tblaca009_p_int WHERE pensum='5' AND c_uni_ca='3' AND c_asigna='311431' [1][0] OK
C:[19/08/2013 10:21:40.95][190.200.62.71][1151] SELECT c_asigna FROM dace004 WHERE exp_e='11-21109621' AND c_asigna='300317' AND status IN ('0','3','B','C') [1][0] OK
C:[19/08/2013 10:21:40.95][190.200.62.71][1151] SELECT c_asigna FROM dace004 WHERE exp_e='11-21109621' AND c_asigna='300318' AND status IN ('0','3','B','C') [1][0] OK
C:[19/08/2013 10:21:40.95][190.200.62.71][1138] SELECT pre_cod_asig1,pre_cod_asig2,pre_cod_asig3,pre_cod_asig4,pre_cod_asig5,pre_cod_asig6,pre_cod_asig7 FROM tblaca009_p_int WHERE pensum='5' AND c_uni_ca='3' AND c_asigna='311434' [1][0] OK
C:[19/08/2013 10:21:40.95][190.200.62.71][1151] SELECT c_asigna FROM dace004 WHERE exp_e='11-21109621' AND c_asigna='300317' AND status IN ('0','3','B','C') [1][0] OK
C:[19/08/2013 10:21:40.95][190.200.62.71][1151] SELECT c_asigna FROM dace004 WHERE exp_e='11-21109621' AND c_asigna='300318' AND status IN ('0','3','B','C') [1][0] OK
C:[19/08/2013 10:21:40.95][190.200.62.71][1138] SELECT pre_cod_asig1,pre_cod_asig2,pre_cod_asig3,pre_cod_asig4,pre_cod_asig5,pre_cod_asig6,pre_cod_asig7 FROM tblaca009_p_int WHERE pensum='5' AND c_uni_ca='3' AND c_asigna='310548' [1][0] OK
C:[19/08/2013 10:21:40.95][190.200.62.71][1151] SELECT c_asigna FROM dace004 WHERE exp_e='11-21109621' AND c_asigna='300428' AND status IN ('0','3','B','C') [1][0] OK
C:[19/08/2013 10:21:40.95][190.200.62.71][1182] SELECT par_cod_asig1,par_cod_asig2,par_cod_asig3 FROM tblaca009_p_int WHERE pensum='5' AND c_uni_ca='3' AND c_asigna='311431' [1][0] OK
C:[19/08/2013 10:21:40.95][190.200.62.71][1182] SELECT par_cod_asig1,par_cod_asig2,par_cod_asig3 FROM tblaca009_p_int WHERE pensum='5' AND c_uni_ca='3' AND c_asigna='311434' [1][0] OK
C:[19/08/2013 10:21:40.95][190.200.62.71][1182] SELECT par_cod_asig1,par_cod_asig2,par_cod_asig3 FROM tblaca009_p_int WHERE pensum='5' AND c_uni_ca='3' AND c_asigna='310548' [1][0] OK
C:[19/08/2013 10:21:41.33][190.200.62.71][1312] SELECT horas_lab FROM tblaca008 WHERE c_asigna='311431' AND horas_teoricas > 0 [1][0] OK
C:[19/08/2013 10:21:41.33][190.200.62.71][1312] SELECT horas_lab FROM tblaca008 WHERE c_asigna='311434' AND horas_teoricas > 0 [0][0] OK
C:[19/08/2013 10:21:41.33][190.200.62.71][1312] SELECT horas_lab FROM tblaca008 WHERE c_asigna='310548' AND horas_teoricas > 0 [1][0] OK
C:[19/08/2013 10:22:32.41][172.17.143.178][1138] SELECT pre_cod_asig1,pre_cod_asig2,pre_cod_asig3,pre_cod_asig4,pre_cod_asig5,pre_cod_asig6,pre_cod_asig7 FROM tblaca009_p_int WHERE pensum='5' AND c_uni_ca='6' AND c_asigna='344689' [1][0] OK
C:[19/08/2013 10:22:32.41][172.17.143.178][1151] SELECT c_asigna FROM dace004 WHERE exp_e='11-23503154' AND c_asigna='300209' AND status IN ('0','3','B','C') [1][0] OK
C:[19/08/2013 10:22:33.78][172.17.143.178][1182] SELECT par_cod_asig1,par_cod_asig2,par_cod_asig3 FROM tblaca009_p_int WHERE pensum='5' AND c_uni_ca='6' AND c_asigna='344689' [1][0] OK
C:[19/08/2013 10:22:33.92][172.17.143.178][1312] SELECT horas_lab FROM tblaca008 WHERE c_asigna='344689' AND horas_teoricas > 0 [1][0] OK
C:[19/08/2013 10:23:17.73][190.199.92.188][1138] SELECT pre_cod_asig1,pre_cod_asig2,pre_cod_asig3,pre_cod_asig4,pre_cod_asig5,pre_cod_asig6,pre_cod_asig7 FROM tblaca009_p_int WHERE pensum='5' AND c_uni_ca='2' AND c_asigna='322559' [1][0] OK
C:[19/08/2013 10:23:17.73][190.199.92.188][1151] SELECT c_asigna FROM dace004 WHERE exp_e='10-22587180' AND c_asigna='300428' AND status IN ('0','3','B','C') [1][0] OK
C:[19/08/2013 10:23:17.73][190.199.92.188][1151] SELECT c_asigna FROM dace004 WHERE exp_e='10-22587180' AND c_asigna='322436' AND status IN ('0','3','B','C') [1][0] OK
C:[19/08/2013 10:23:17.73][190.199.92.188][1138] SELECT pre_cod_asig1,pre_cod_asig2,pre_cod_asig3,pre_cod_asig4,pre_cod_asig5,pre_cod_asig6,pre_cod_asig7 FROM tblaca009_p_int WHERE pensum='5' AND c_uni_ca='2' AND c_asigna='322605' [1][0] OK
C:[19/08/2013 10:23:17.73][190.199.92.188][1151] SELECT c_asigna FROM dace004 WHERE exp_e='10-22587180' AND c_asigna='322436' AND status IN ('0','3','B','C') [1][0] OK
C:[19/08/2013 10:23:17.92][190.199.92.188][1182] SELECT par_cod_asig1,par_cod_asig2,par_cod_asig3 FROM tblaca009_p_int WHERE pensum='5' AND c_uni_ca='2' AND c_asigna='322559' [1][0] OK
C:[19/08/2013 10:23:17.92][190.199.92.188][1182] SELECT par_cod_asig1,par_cod_asig2,par_cod_asig3 FROM tblaca009_p_int WHERE pensum='5' AND c_uni_ca='2' AND c_asigna='322605' [1][0] OK
C:[19/08/2013 10:23:17.20][190.199.92.188][1312] SELECT horas_lab FROM tblaca008 WHERE c_asigna='322559' AND horas_teoricas > 0 [1][0] OK
C:[19/08/2013 10:23:17.20][190.199.92.188][1312] SELECT horas_lab FROM tblaca008 WHERE c_asigna='322605' AND horas_teoricas > 0 [1][0] OK
C:[19/08/2013 10:25:16.55][181.185.186.93][1138] SELECT pre_cod_asig1,pre_cod_asig2,pre_cod_asig3,pre_cod_asig4,pre_cod_asig5,pre_cod_asig6,pre_cod_asig7 FROM tblaca009_p_int WHERE pensum='5' AND c_uni_ca='3' AND c_asigna='311430' [1][0] OK
C:[19/08/2013 10:25:16.55][181.185.186.93][1151] SELECT c_asigna FROM dace004 WHERE exp_e='10-20503148' AND c_asigna='300317' AND status IN ('0','3','B','C') [1][0] OK
C:[19/08/2013 10:25:16.55][181.185.186.93][1151] SELECT c_asigna FROM dace004 WHERE exp_e='10-20503148' AND c_asigna='300318' AND status IN ('0','3','B','C') [1][0] OK
C:[19/08/2013 10:25:16.55][181.185.186.93][1138] SELECT pre_cod_asig1,pre_cod_asig2,pre_cod_asig3,pre_cod_asig4,pre_cod_asig5,pre_cod_asig6,pre_cod_asig7 FROM tblaca009_p_int WHERE pensum='5' AND c_uni_ca='3' AND c_asigna='311431' [1][0] OK
C:[19/08/2013 10:25:16.55][181.185.186.93][1151] SELECT c_asigna FROM dace004 WHERE exp_e='10-20503148' AND c_asigna='300317' AND status IN ('0','3','B','C') [1][0] OK
C:[19/08/2013 10:25:16.55][181.185.186.93][1151] SELECT c_asigna FROM dace004 WHERE exp_e='10-20503148' AND c_asigna='300318' AND status IN ('0','3','B','C') [1][0] OK
C:[19/08/2013 10:25:16.55][181.185.186.93][1138] SELECT pre_cod_asig1,pre_cod_asig2,pre_cod_asig3,pre_cod_asig4,pre_cod_asig5,pre_cod_asig6,pre_cod_asig7 FROM tblaca009_p_int WHERE pensum='5' AND c_uni_ca='3' AND c_asigna='311434' [1][0] OK
C:[19/08/2013 10:25:16.55][181.185.186.93][1151] SELECT c_asigna FROM dace004 WHERE exp_e='10-20503148' AND c_asigna='300317' AND status IN ('0','3','B','C') [1][0] OK
C:[19/08/2013 10:25:16.55][181.185.186.93][1151] SELECT c_asigna FROM dace004 WHERE exp_e='10-20503148' AND c_asigna='300318' AND status IN ('0','3','B','C') [1][0] OK
C:[19/08/2013 10:25:16.24][181.185.186.93][1182] SELECT par_cod_asig1,par_cod_asig2,par_cod_asig3 FROM tblaca009_p_int WHERE pensum='5' AND c_uni_ca='3' AND c_asigna='311430' [1][0] OK
C:[19/08/2013 10:25:16.24][181.185.186.93][1182] SELECT par_cod_asig1,par_cod_asig2,par_cod_asig3 FROM tblaca009_p_int WHERE pensum='5' AND c_uni_ca='3' AND c_asigna='311431' [1][0] OK
C:[19/08/2013 10:25:16.24][181.185.186.93][1182] SELECT par_cod_asig1,par_cod_asig2,par_cod_asig3 FROM tblaca009_p_int WHERE pensum='5' AND c_uni_ca='3' AND c_asigna='311434' [1][0] OK
C:[19/08/2013 10:25:16.63][181.185.186.93][1312] SELECT horas_lab FROM tblaca008 WHERE c_asigna='311430' AND horas_teoricas > 0 [1][0] OK
C:[19/08/2013 10:25:16.63][181.185.186.93][1312] SELECT horas_lab FROM tblaca008 WHERE c_asigna='311431' AND horas_teoricas > 0 [1][0] OK
C:[19/08/2013 10:25:16.63][181.185.186.93][1312] SELECT horas_lab FROM tblaca008 WHERE c_asigna='311434' AND horas_teoricas > 0 [0][0] OK
C:[19/08/2013 10:26:02.44][190.37.214.209][1138] SELECT pre_cod_asig1,pre_cod_asig2,pre_cod_asig3,pre_cod_asig4,pre_cod_asig5,pre_cod_asig6,pre_cod_asig7 FROM tblaca009_p_int WHERE pensum='5' AND c_uni_ca='3' AND c_asigna='311673' [1][0] OK
C:[19/08/2013 10:26:02.44][190.37.214.209][1151] SELECT c_asigna FROM dace004 WHERE exp_e='00-11515482' AND c_asigna='311551' AND status IN ('0','3','B','C') [1][0] OK
C:[19/08/2013 10:26:03.87][190.37.214.209][1182] SELECT par_cod_asig1,par_cod_asig2,par_cod_asig3 FROM tblaca009_p_int WHERE pensum='5' AND c_uni_ca='3' AND c_asigna='311673' [1][0] OK
C:[19/08/2013 10:26:03.03][190.37.214.209][1312] SELECT horas_lab FROM tblaca008 WHERE c_asigna='311673' AND horas_teoricas > 0 [1][0] OK
C:[19/08/2013 10:26:26.17][172.16.4.234][1138] SELECT pre_cod_asig1,pre_cod_asig2,pre_cod_asig3,pre_cod_asig4,pre_cod_asig5,pre_cod_asig6,pre_cod_asig7 FROM tblaca009_p_int WHERE pensum='5' AND c_uni_ca='5' AND c_asigna='351330' [1][0] OK
C:[19/08/2013 10:26:26.17][172.16.4.234][1151] SELECT c_asigna FROM dace004 WHERE exp_e='10-25002551' AND c_asigna='300218' AND status IN ('0','3','B','C') [1][0] OK
C:[19/08/2013 10:26:27.55][172.16.4.234][1182] SELECT par_cod_asig1,par_cod_asig2,par_cod_asig3 FROM tblaca009_p_int WHERE pensum='5' AND c_uni_ca='5' AND c_asigna='351330' [1][0] OK
C:[19/08/2013 10:26:27.55][172.16.4.234][1196] SELECT c_asigna FROM dace004 WHERE exp_e='10-25002551' AND c_asigna='300317' AND status IN ('0','3','B','C') [0][0] OK
C:[19/08/2013 10:26:27.81][172.16.4.234][1312] SELECT horas_lab FROM tblaca008 WHERE c_asigna='351330' AND horas_teoricas > 0 [1][0] OK
C:[19/08/2013 10:27:30.99][190.207.38.94][1138] SELECT pre_cod_asig1,pre_cod_asig2,pre_cod_asig3,pre_cod_asig4,pre_cod_asig5,pre_cod_asig6,pre_cod_asig7 FROM tblaca009_p_int WHERE pensum='5' AND c_uni_ca='6' AND c_asigna='344843' [1][0] OK
C:[19/08/2013 10:27:30.99][190.207.38.94][1151] SELECT c_asigna FROM dace004 WHERE exp_e='02-17235349' AND c_asigna='344714' AND status IN ('0','3','B','C') [1][0] OK
C:[19/08/2013 10:27:30.36][190.207.38.94][1182] SELECT par_cod_asig1,par_cod_asig2,par_cod_asig3 FROM tblaca009_p_int WHERE pensum='5' AND c_uni_ca='6' AND c_asigna='344843' [1][0] OK
C:[19/08/2013 10:27:30.50][190.207.38.94][1312] SELECT horas_lab FROM tblaca008 WHERE c_asigna='344843' AND horas_teoricas > 0 [1][0] OK
C:[19/08/2013 10:28:21.23][190.199.92.188][1138] SELECT pre_cod_asig1,pre_cod_asig2,pre_cod_asig3,pre_cod_asig4,pre_cod_asig5,pre_cod_asig6,pre_cod_asig7 FROM tblaca009_p_int WHERE pensum='5' AND c_uni_ca='2' AND c_asigna='322904' [1][0] OK
C:[19/08/2013 10:28:21.48][190.199.92.188][1182] SELECT par_cod_asig1,par_cod_asig2,par_cod_asig3 FROM tblaca009_p_int WHERE pensum='5' AND c_uni_ca='2' AND c_asigna='322904' [1][0] OK
C:[19/08/2013 10:28:21.62][190.199.92.188][1312] SELECT horas_lab FROM tblaca008 WHERE c_asigna='322904' AND horas_teoricas > 0 [1][0] OK
C:[19/08/2013 10:29:50.43][190.199.92.188][1138] SELECT pre_cod_asig1,pre_cod_asig2,pre_cod_asig3,pre_cod_asig4,pre_cod_asig5,pre_cod_asig6,pre_cod_asig7 FROM tblaca009_p_int WHERE pensum='5' AND c_uni_ca='6' AND c_asigna='344689' [1][0] OK
C:[19/08/2013 10:29:50.43][190.199.92.188][1151] SELECT c_asigna FROM dace004 WHERE exp_e='10-24964455' AND c_asigna='300209' AND status IN ('0','3','B','C') [1][0] OK
C:[19/08/2013 10:29:50.81][190.199.92.188][1182] SELECT par_cod_asig1,par_cod_asig2,par_cod_asig3 FROM tblaca009_p_int WHERE pensum='5' AND c_uni_ca='6' AND c_asigna='344689' [1][0] OK
C:[19/08/2013 10:29:50.94][190.199.92.188][1312] SELECT horas_lab FROM tblaca008 WHERE c_asigna='344689' AND horas_teoricas > 0 [1][0] OK
C:[19/08/2013 10:30:15.06][68.171.231.80][1138] SELECT pre_cod_asig1,pre_cod_asig2,pre_cod_asig3,pre_cod_asig4,pre_cod_asig5,pre_cod_asig6,pre_cod_asig7 FROM tblaca009_p_int WHERE pensum='5' AND c_uni_ca='4' AND c_asigna='333444' [1][0] OK
C:[19/08/2013 10:30:15.06][68.171.231.80][1151] SELECT c_asigna FROM dace004 WHERE exp_e='11-21264308' AND c_asigna='300317' AND status IN ('0','3','B','C') [1][0] OK
C:[19/08/2013 10:30:15.44][68.171.231.80][1182] SELECT par_cod_asig1,par_cod_asig2,par_cod_asig3 FROM tblaca009_p_int WHERE pensum='5' AND c_uni_ca='4' AND c_asigna='333444' [1][0] OK
C:[19/08/2013 10:30:15.58][68.171.231.80][1312] SELECT horas_lab FROM tblaca008 WHERE c_asigna='333444' AND horas_teoricas > 0 [1][0] OK
C:[19/08/2013 10:30:54.71][201.243.100.7][1138] SELECT pre_cod_asig1,pre_cod_asig2,pre_cod_asig3,pre_cod_asig4,pre_cod_asig5,pre_cod_asig6,pre_cod_asig7 FROM tblaca009_p_int WHERE pensum='5' AND c_uni_ca='2' AND c_asigna='320437' [1][0] OK
C:[19/08/2013 10:30:54.71][201.243.100.7][1151] SELECT c_asigna FROM dace004 WHERE exp_e='10-24847128' AND c_asigna='300317' AND status IN ('0','3','B','C') [1][0] OK
C:[19/08/2013 10:30:54.09][201.243.100.7][1182] SELECT par_cod_asig1,par_cod_asig2,par_cod_asig3 FROM tblaca009_p_int WHERE pensum='5' AND c_uni_ca='2' AND c_asigna='320437' [1][0] OK
C:[19/08/2013 10:30:54.23][201.243.100.7][1312] SELECT horas_lab FROM tblaca008 WHERE c_asigna='320437' AND horas_teoricas > 0 [1][0] OK
C:[19/08/2013 10:31:54.08][190.75.144.103][1138] SELECT pre_cod_asig1,pre_cod_asig2,pre_cod_asig3,pre_cod_asig4,pre_cod_asig5,pre_cod_asig6,pre_cod_asig7 FROM tblaca009_p_int WHERE pensum='5' AND c_uni_ca='2' AND c_asigna='322780' [1][0] OK
C:[19/08/2013 10:31:54.08][190.75.144.103][1151] SELECT c_asigna FROM dace004 WHERE exp_e='09-20703935' AND c_asigna='322678' AND status IN ('0','3','B','C') [1][0] OK
C:[19/08/2013 10:31:54.08][190.75.144.103][1138] SELECT pre_cod_asig1,pre_cod_asig2,pre_cod_asig3,pre_cod_asig4,pre_cod_asig5,pre_cod_asig6,pre_cod_asig7 FROM tblaca009_p_int WHERE pensum='5' AND c_uni_ca='2' AND c_asigna='322826' [1][0] OK
C:[19/08/2013 10:31:54.08][190.75.144.103][1151] SELECT c_asigna FROM dace004 WHERE exp_e='09-20703935' AND c_asigna='322683' AND status IN ('0','3','B','C') [1][0] OK
C:[19/08/2013 10:31:54.08][190.75.144.103][1138] SELECT pre_cod_asig1,pre_cod_asig2,pre_cod_asig3,pre_cod_asig4,pre_cod_asig5,pre_cod_asig6,pre_cod_asig7 FROM tblaca009_p_int WHERE pensum='5' AND c_uni_ca='2' AND c_asigna='322904' [1][0] OK
C:[19/08/2013 10:31:55.82][190.75.144.103][1182] SELECT par_cod_asig1,par_cod_asig2,par_cod_asig3 FROM tblaca009_p_int WHERE pensum='5' AND c_uni_ca='2' AND c_asigna='322780' [1][0] OK
C:[19/08/2013 10:31:55.82][190.75.144.103][1182] SELECT par_cod_asig1,par_cod_asig2,par_cod_asig3 FROM tblaca009_p_int WHERE pensum='5' AND c_uni_ca='2' AND c_asigna='322826' [1][0] OK
C:[19/08/2013 10:31:55.82][190.75.144.103][1182] SELECT par_cod_asig1,par_cod_asig2,par_cod_asig3 FROM tblaca009_p_int WHERE pensum='5' AND c_uni_ca='2' AND c_asigna='322904' [1][0] OK
C:[19/08/2013 10:31:55.20][190.75.144.103][1312] SELECT horas_lab FROM tblaca008 WHERE c_asigna='322780' AND horas_teoricas > 0 [1][0] OK
C:[19/08/2013 10:31:55.20][190.75.144.103][1312] SELECT horas_lab FROM tblaca008 WHERE c_asigna='322826' AND horas_teoricas > 0 [1][0] OK
C:[19/08/2013 10:31:55.20][190.75.144.103][1312] SELECT horas_lab FROM tblaca008 WHERE c_asigna='322904' AND horas_teoricas > 0 [1][0] OK
C:[19/08/2013 10:32:39.43][186.167.242.146][1138] SELECT pre_cod_asig1,pre_cod_asig2,pre_cod_asig3,pre_cod_asig4,pre_cod_asig5,pre_cod_asig6,pre_cod_asig7 FROM tblaca009_p_int WHERE pensum='5' AND c_uni_ca='2' AND c_asigna='322436' [1][0] OK
C:[19/08/2013 10:32:39.43][186.167.242.146][1151] SELECT c_asigna FROM dace004 WHERE exp_e='11-20507551' AND c_asigna='320311' AND status IN ('0','3','B','C') [1][0] OK
C:[19/08/2013 10:32:39.43][186.167.242.146][1138] SELECT pre_cod_asig1,pre_cod_asig2,pre_cod_asig3,pre_cod_asig4,pre_cod_asig5,pre_cod_asig6,pre_cod_asig7 FROM tblaca009_p_int WHERE pensum='5' AND c_uni_ca='2' AND c_asigna='322449' [1][0] OK
C:[19/08/2013 10:32:39.43][186.167.242.146][1151] SELECT c_asigna FROM dace004 WHERE exp_e='11-20507551' AND c_asigna='300222' AND status IN ('0','3','B','C') [1][0] OK
C:[19/08/2013 10:32:39.06][186.167.242.146][1182] SELECT par_cod_asig1,par_cod_asig2,par_cod_asig3 FROM tblaca009_p_int WHERE pensum='5' AND c_uni_ca='2' AND c_asigna='322436' [1][0] OK
C:[19/08/2013 10:32:39.06][186.167.242.146][1182] SELECT par_cod_asig1,par_cod_asig2,par_cod_asig3 FROM tblaca009_p_int WHERE pensum='5' AND c_uni_ca='2' AND c_asigna='322449' [1][0] OK
C:[19/08/2013 10:32:39.32][186.167.242.146][1312] SELECT horas_lab FROM tblaca008 WHERE c_asigna='322436' AND horas_teoricas > 0 [1][0] OK
C:[19/08/2013 10:32:39.32][186.167.242.146][1312] SELECT horas_lab FROM tblaca008 WHERE c_asigna='322449' AND horas_teoricas > 0 [1][0] OK
C:[19/08/2013 10:34:38.01][186.26.154.156][1138] SELECT pre_cod_asig1,pre_cod_asig2,pre_cod_asig3,pre_cod_asig4,pre_cod_asig5,pre_cod_asig6,pre_cod_asig7 FROM tblaca009_p_int WHERE pensum='5' AND c_uni_ca='4' AND c_asigna='333563' [1][0] OK
C:[19/08/2013 10:34:38.01][186.26.154.156][1151] SELECT c_asigna FROM dace004 WHERE exp_e='10-24039174' AND c_asigna='333440' AND status IN ('0','3','B','C') [1][0] OK
C:[19/08/2013 10:34:38.01][186.26.154.156][1151] SELECT c_asigna FROM dace004 WHERE exp_e='10-24039174' AND c_asigna='333442' AND status IN ('0','3','B','C') [1][0] OK
C:[19/08/2013 10:34:38.01][186.26.154.156][1138] SELECT pre_cod_asig1,pre_cod_asig2,pre_cod_asig3,pre_cod_asig4,pre_cod_asig5,pre_cod_asig6,pre_cod_asig7 FROM tblaca009_p_int WHERE pensum='5' AND c_uni_ca='4' AND c_asigna='333683' [1][0] OK
C:[19/08/2013 10:34:38.01][186.26.154.156][1151] SELECT c_asigna FROM dace004 WHERE exp_e='10-24039174' AND c_asigna='333564' AND status IN ('0','3','B','C') [1][0] OK
C:[19/08/2013 10:34:38.76][186.26.154.156][1182] SELECT par_cod_asig1,par_cod_asig2,par_cod_asig3 FROM tblaca009_p_int WHERE pensum='5' AND c_uni_ca='4' AND c_asigna='333563' [1][0] OK
C:[19/08/2013 10:34:38.76][186.26.154.156][1182] SELECT par_cod_asig1,par_cod_asig2,par_cod_asig3 FROM tblaca009_p_int WHERE pensum='5' AND c_uni_ca='4' AND c_asigna='333683' [1][0] OK
C:[19/08/2013 10:34:38.02][186.26.154.156][1312] SELECT horas_lab FROM tblaca008 WHERE c_asigna='333563' AND horas_teoricas > 0 [1][0] OK
C:[19/08/2013 10:34:38.02][186.26.154.156][1312] SELECT horas_lab FROM tblaca008 WHERE c_asigna='333683' AND horas_teoricas > 0 [1][0] OK
C:[19/08/2013 10:34:51.17][186.88.132.174][1138] SELECT pre_cod_asig1,pre_cod_asig2,pre_cod_asig3,pre_cod_asig4,pre_cod_asig5,pre_cod_asig6,pre_cod_asig7 FROM tblaca009_p_int WHERE pensum='5' AND c_uni_ca='3' AND c_asigna='311551' [1][0] OK
C:[19/08/2013 10:34:51.17][186.88.132.174][1151] SELECT c_asigna FROM dace004 WHERE exp_e='96-13122610' AND c_asigna='311430' AND status IN ('0','3','B','C') [1][0] OK
C:[19/08/2013 10:34:51.42][186.88.132.174][1182] SELECT par_cod_asig1,par_cod_asig2,par_cod_asig3 FROM tblaca009_p_int WHERE pensum='5' AND c_uni_ca='3' AND c_asigna='311551' [1][0] OK
C:[19/08/2013 10:34:51.56][186.88.132.174][1312] SELECT horas_lab FROM tblaca008 WHERE c_asigna='311551' AND horas_teoricas > 0 [1][0] OK
C:[19/08/2013 10:35:20.82][190.205.20.81][1138] SELECT pre_cod_asig1,pre_cod_asig2,pre_cod_asig3,pre_cod_asig4,pre_cod_asig5,pre_cod_asig6,pre_cod_asig7 FROM tblaca009_p_int WHERE pensum='5' AND c_uni_ca='5' AND c_asigna='355720' [1][0] OK
C:[19/08/2013 10:35:20.82][190.205.20.81][1151] SELECT c_asigna FROM dace004 WHERE exp_e='05-18666425' AND c_asigna='355692' AND status IN ('0','3','B','C') [1][0] OK
C:[19/08/2013 10:35:20.82][190.205.20.81][1151] SELECT c_asigna FROM dace004 WHERE exp_e='05-18666425' AND c_asigna='355696' AND status IN ('0','3','B','C') [1][0] OK
C:[19/08/2013 10:35:20.82][190.205.20.81][1138] SELECT pre_cod_asig1,pre_cod_asig2,pre_cod_asig3,pre_cod_asig4,pre_cod_asig5,pre_cod_asig6,pre_cod_asig7 FROM tblaca009_p_int WHERE pensum='5' AND c_uni_ca='5' AND c_asigna='300956' [1][0] OK
C:[19/08/2013 10:35:20.82][190.205.20.81][1151] SELECT c_asigna FROM dace004 WHERE exp_e='05-18666425' AND c_asigna='300422' AND status IN ('0','3','B','C') [1][0] OK
C:[19/08/2013 10:35:20.57][190.205.20.81][1182] SELECT par_cod_asig1,par_cod_asig2,par_cod_asig3 FROM tblaca009_p_int WHERE pensum='5' AND c_uni_ca='5' AND c_asigna='355720' [1][0] OK
C:[19/08/2013 10:35:20.57][190.205.20.81][1182] SELECT par_cod_asig1,par_cod_asig2,par_cod_asig3 FROM tblaca009_p_int WHERE pensum='5' AND c_uni_ca='5' AND c_asigna='300956' [1][0] OK
C:[19/08/2013 10:35:20.83][190.205.20.81][1312] SELECT horas_lab FROM tblaca008 WHERE c_asigna='355720' AND horas_teoricas > 0 [1][0] OK
C:[19/08/2013 10:35:20.83][190.205.20.81][1312] SELECT horas_lab FROM tblaca008 WHERE c_asigna='300956' AND horas_teoricas > 0 [1][0] OK
C:[19/08/2013 10:35:32.39][172.16.5.132][1138] SELECT pre_cod_asig1,pre_cod_asig2,pre_cod_asig3,pre_cod_asig4,pre_cod_asig5,pre_cod_asig6,pre_cod_asig7 FROM tblaca009_p_int WHERE pensum='5' AND c_uni_ca='4' AND c_asigna='333563' [1][0] OK
C:[19/08/2013 10:35:32.39][172.16.5.132][1151] SELECT c_asigna FROM dace004 WHERE exp_e='10-24036528' AND c_asigna='333440' AND status IN ('0','3','B','C') [1][0] OK
C:[19/08/2013 10:35:32.39][172.16.5.132][1151] SELECT c_asigna FROM dace004 WHERE exp_e='10-24036528' AND c_asigna='333442' AND status IN ('0','3','B','C') [1][0] OK
C:[19/08/2013 10:35:32.77][172.16.5.132][1182] SELECT par_cod_asig1,par_cod_asig2,par_cod_asig3 FROM tblaca009_p_int WHERE pensum='5' AND c_uni_ca='4' AND c_asigna='333563' [1][0] OK
C:[19/08/2013 10:35:32.59][172.16.5.132][1312] SELECT horas_lab FROM tblaca008 WHERE c_asigna='333563' AND horas_teoricas > 0 [1][0] OK
C:[19/08/2013 10:36:06.29][190.199.92.188][1138] SELECT pre_cod_asig1,pre_cod_asig2,pre_cod_asig3,pre_cod_asig4,pre_cod_asig5,pre_cod_asig6,pre_cod_asig7 FROM tblaca009_p_int WHERE pensum='5' AND c_uni_ca='6' AND c_asigna='344689' [1][0] OK
C:[19/08/2013 10:36:06.29][190.199.92.188][1151] SELECT c_asigna FROM dace004 WHERE exp_e='11-24411519' AND c_asigna='300209' AND status IN ('0','3','B','C') [1][0] OK
C:[19/08/2013 10:36:06.68][190.199.92.188][1182] SELECT par_cod_asig1,par_cod_asig2,par_cod_asig3 FROM tblaca009_p_int WHERE pensum='5' AND c_uni_ca='6' AND c_asigna='344689' [1][0] OK
C:[19/08/2013 10:36:06.82][190.199.92.188][1312] SELECT horas_lab FROM tblaca008 WHERE c_asigna='344689' AND horas_teoricas > 0 [1][0] OK
C:[19/08/2013 10:36:31.66][200.84.72.16][1138] SELECT pre_cod_asig1,pre_cod_asig2,pre_cod_asig3,pre_cod_asig4,pre_cod_asig5,pre_cod_asig6,pre_cod_asig7 FROM tblaca009_p_int WHERE pensum='5' AND c_uni_ca='6' AND c_asigna='300116' [1][0] OK
C:[19/08/2013 10:36:31.66][200.84.72.16][1138] SELECT pre_cod_asig1,pre_cod_asig2,pre_cod_asig3,pre_cod_asig4,pre_cod_asig5,pre_cod_asig6,pre_cod_asig7 FROM tblaca009_p_int WHERE pensum='5' AND c_uni_ca='6' AND c_asigna='344688' [1][0] OK
C:[19/08/2013 10:36:31.66][200.84.72.16][1151] SELECT c_asigna FROM dace004 WHERE exp_e='10-22590763' AND c_asigna='344565' AND status IN ('0','3','B','C') [1][0] OK
C:[19/08/2013 10:36:31.16][200.84.72.16][1182] SELECT par_cod_asig1,par_cod_asig2,par_cod_asig3 FROM tblaca009_p_int WHERE pensum='5' AND c_uni_ca='6' AND c_asigna='300116' [1][0] OK
C:[19/08/2013 10:36:31.16][200.84.72.16][1182] SELECT par_cod_asig1,par_cod_asig2,par_cod_asig3 FROM tblaca009_p_int WHERE pensum='5' AND c_uni_ca='6' AND c_asigna='344688' [1][0] OK
C:[19/08/2013 10:36:31.42][200.84.72.16][1312] SELECT horas_lab FROM tblaca008 WHERE c_asigna='300116' AND horas_teoricas > 0 [1][0] OK
C:[19/08/2013 10:36:31.42][200.84.72.16][1312] SELECT horas_lab FROM tblaca008 WHERE c_asigna='344688' AND horas_teoricas > 0 [1][0] OK
C:[19/08/2013 10:37:13.20][200.11.242.42][1138] SELECT pre_cod_asig1,pre_cod_asig2,pre_cod_asig3,pre_cod_asig4,pre_cod_asig5,pre_cod_asig6,pre_cod_asig7 FROM tblaca009_p_int WHERE pensum='5' AND c_uni_ca='3' AND c_asigna='311704' [1][0] OK
C:[19/08/2013 10:37:13.20][200.11.242.42][1151] SELECT c_asigna FROM dace004 WHERE exp_e='08-13521027' AND c_asigna='315671' AND status IN ('0','3','B','C') [1][0] OK
C:[19/08/2013 10:37:14.58][200.11.242.42][1182] SELECT par_cod_asig1,par_cod_asig2,par_cod_asig3 FROM tblaca009_p_int WHERE pensum='5' AND c_uni_ca='3' AND c_asigna='311704' [1][0] OK
C:[19/08/2013 10:37:14.70][200.11.242.42][1312] SELECT horas_lab FROM tblaca008 WHERE c_asigna='311704' AND horas_teoricas > 0 [1][0] OK
C:[19/08/2013 10:37:23.68][181.184.207.226][1138] SELECT pre_cod_asig1,pre_cod_asig2,pre_cod_asig3,pre_cod_asig4,pre_cod_asig5,pre_cod_asig6,pre_cod_asig7 FROM tblaca009_p_int WHERE pensum='5' AND c_uni_ca='3' AND c_asigna='311822' [1][0] OK
C:[19/08/2013 10:37:23.68][181.184.207.226][1151] SELECT c_asigna FROM dace004 WHERE exp_e='09-20702391' AND c_asigna='311795' AND status IN ('0','3','B','C') [1][0] OK
C:[19/08/2013 10:37:23.68][181.184.207.226][1138] SELECT pre_cod_asig1,pre_cod_asig2,pre_cod_asig3,pre_cod_asig4,pre_cod_asig5,pre_cod_asig6,pre_cod_asig7 FROM tblaca009_p_int WHERE pensum='5' AND c_uni_ca='3' AND c_asigna='300956' [1][0] OK
C:[19/08/2013 10:37:23.05][181.184.207.226][1182] SELECT par_cod_asig1,par_cod_asig2,par_cod_asig3 FROM tblaca009_p_int WHERE pensum='5' AND c_uni_ca='3' AND c_asigna='311822' [1][0] OK
C:[19/08/2013 10:37:23.05][181.184.207.226][1182] SELECT par_cod_asig1,par_cod_asig2,par_cod_asig3 FROM tblaca009_p_int WHERE pensum='5' AND c_uni_ca='3' AND c_asigna='300956' [1][0] OK
C:[19/08/2013 10:37:24.31][181.184.207.226][1312] SELECT horas_lab FROM tblaca008 WHERE c_asigna='311822' AND horas_teoricas > 0 [1][0] OK
C:[19/08/2013 10:37:24.31][181.184.207.226][1312] SELECT horas_lab FROM tblaca008 WHERE c_asigna='300956' AND horas_teoricas > 0 [1][0] OK
C:[19/08/2013 10:38:07.95][172.16.4.254][1138] SELECT pre_cod_asig1,pre_cod_asig2,pre_cod_asig3,pre_cod_asig4,pre_cod_asig5,pre_cod_asig6,pre_cod_asig7 FROM tblaca009_p_int WHERE pensum='5' AND c_uni_ca='5' AND c_asigna='355720' [1][0] OK
C:[19/08/2013 10:38:07.95][172.16.4.254][1151] SELECT c_asigna FROM dace004 WHERE exp_e='07-19382790' AND c_asigna='355692' AND status IN ('0','3','B','C') [1][0] OK
C:[19/08/2013 10:38:07.95][172.16.4.254][1151] SELECT c_asigna FROM dace004 WHERE exp_e='07-19382790' AND c_asigna='355696' AND status IN ('0','3','B','C') [1][0] OK
C:[19/08/2013 10:38:07.95][172.16.4.254][1138] SELECT pre_cod_asig1,pre_cod_asig2,pre_cod_asig3,pre_cod_asig4,pre_cod_asig5,pre_cod_asig6,pre_cod_asig7 FROM tblaca009_p_int WHERE pensum='5' AND c_uni_ca='5' AND c_asigna='300956' [1][0] OK
C:[19/08/2013 10:38:07.95][172.16.4.254][1151] SELECT c_asigna FROM dace004 WHERE exp_e='07-19382790' AND c_asigna='300422' AND status IN ('0','3','B','C') [1][0] OK
C:[19/08/2013 10:38:08.70][172.16.4.254][1182] SELECT par_cod_asig1,par_cod_asig2,par_cod_asig3 FROM tblaca009_p_int WHERE pensum='5' AND c_uni_ca='5' AND c_asigna='355720' [1][0] OK
C:[19/08/2013 10:38:08.70][172.16.4.254][1182] SELECT par_cod_asig1,par_cod_asig2,par_cod_asig3 FROM tblaca009_p_int WHERE pensum='5' AND c_uni_ca='5' AND c_asigna='300956' [1][0] OK
C:[19/08/2013 10:38:08.97][172.16.4.254][1312] SELECT horas_lab FROM tblaca008 WHERE c_asigna='355720' AND horas_teoricas > 0 [1][0] OK
C:[19/08/2013 10:38:08.97][172.16.4.254][1312] SELECT horas_lab FROM tblaca008 WHERE c_asigna='300956' AND horas_teoricas > 0 [1][0] OK
C:[19/08/2013 10:38:09.83][190.199.92.188][1138] SELECT pre_cod_asig1,pre_cod_asig2,pre_cod_asig3,pre_cod_asig4,pre_cod_asig5,pre_cod_asig6,pre_cod_asig7 FROM tblaca009_p_int WHERE pensum='5' AND c_uni_ca='6' AND c_asigna='344843' [1][0] OK
C:[19/08/2013 10:38:09.83][190.199.92.188][1151] SELECT c_asigna FROM dace004 WHERE exp_e='07-21251485' AND c_asigna='344714' AND status IN ('0','3','B','C') [1][0] OK
C:[19/08/2013 10:38:10.08][190.199.92.188][1182] SELECT par_cod_asig1,par_cod_asig2,par_cod_asig3 FROM tblaca009_p_int WHERE pensum='5' AND c_uni_ca='6' AND c_asigna='344843' [1][0] OK
C:[19/08/2013 10:38:10.22][190.199.92.188][1312] SELECT horas_lab FROM tblaca008 WHERE c_asigna='344843' AND horas_teoricas > 0 [1][0] OK
C:[19/08/2013 10:38:40.00][172.16.5.132][1138] SELECT pre_cod_asig1,pre_cod_asig2,pre_cod_asig3,pre_cod_asig4,pre_cod_asig5,pre_cod_asig6,pre_cod_asig7 FROM tblaca009_p_int WHERE pensum='5' AND c_uni_ca='3' AND c_asigna='311551' [1][0] OK
C:[19/08/2013 10:38:40.00][172.16.5.132][1151] SELECT c_asigna FROM dace004 WHERE exp_e='07-19910655' AND c_asigna='311430' AND status IN ('0','3','B','C') [1][0] OK
C:[19/08/2013 10:38:40.00][172.16.5.132][1138] SELECT pre_cod_asig1,pre_cod_asig2,pre_cod_asig3,pre_cod_asig4,pre_cod_asig5,pre_cod_asig6,pre_cod_asig7 FROM tblaca009_p_int WHERE pensum='5' AND c_uni_ca='3' AND c_asigna='311556' [1][0] OK
C:[19/08/2013 10:38:40.00][172.16.5.132][1151] SELECT c_asigna FROM dace004 WHERE exp_e='07-19910655' AND c_asigna='311430' AND status IN ('0','3','B','C') [1][0] OK
C:[19/08/2013 10:38:40.61][172.16.5.132][1182] SELECT par_cod_asig1,par_cod_asig2,par_cod_asig3 FROM tblaca009_p_int WHERE pensum='5' AND c_uni_ca='3' AND c_asigna='311551' [1][0] OK
C:[19/08/2013 10:38:40.61][172.16.5.132][1182] SELECT par_cod_asig1,par_cod_asig2,par_cod_asig3 FROM tblaca009_p_int WHERE pensum='5' AND c_uni_ca='3' AND c_asigna='311556' [1][0] OK
C:[19/08/2013 10:38:40.89][172.16.5.132][1312] SELECT horas_lab FROM tblaca008 WHERE c_asigna='311551' AND horas_teoricas > 0 [1][0] OK
C:[19/08/2013 10:38:40.89][172.16.5.132][1312] SELECT horas_lab FROM tblaca008 WHERE c_asigna='311556' AND horas_teoricas > 0 [0][0] OK
C:[19/08/2013 10:39:10.37][190.202.86.250][1138] SELECT pre_cod_asig1,pre_cod_asig2,pre_cod_asig3,pre_cod_asig4,pre_cod_asig5,pre_cod_asig6,pre_cod_asig7 FROM tblaca009_p_int WHERE pensum='5' AND c_uni_ca='2' AND c_asigna='322826' [1][0] OK
C:[19/08/2013 10:39:10.37][190.202.86.250][1151] SELECT c_asigna FROM dace004 WHERE exp_e='10-21175113' AND c_asigna='322683' AND status IN ('0','3','B','C') [1][0] OK
C:[19/08/2013 10:39:10.37][190.202.86.250][1138] SELECT pre_cod_asig1,pre_cod_asig2,pre_cod_asig3,pre_cod_asig4,pre_cod_asig5,pre_cod_asig6,pre_cod_asig7 FROM tblaca009_p_int WHERE pensum='5' AND c_uni_ca='2' AND c_asigna='322904' [1][0] OK
C:[19/08/2013 10:39:10.42][190.202.86.250][1182] SELECT par_cod_asig1,par_cod_asig2,par_cod_asig3 FROM tblaca009_p_int WHERE pensum='5' AND c_uni_ca='2' AND c_asigna='322826' [1][0] OK
C:[19/08/2013 10:39:10.42][190.202.86.250][1182] SELECT par_cod_asig1,par_cod_asig2,par_cod_asig3 FROM tblaca009_p_int WHERE pensum='5' AND c_uni_ca='2' AND c_asigna='322904' [1][0] OK
C:[19/08/2013 10:39:10.68][190.202.86.250][1312] SELECT horas_lab FROM tblaca008 WHERE c_asigna='322826' AND horas_teoricas > 0 [1][0] OK
C:[19/08/2013 10:39:10.68][190.202.86.250][1312] SELECT horas_lab FROM tblaca008 WHERE c_asigna='322904' AND horas_teoricas > 0 [1][0] OK
C:[19/08/2013 10:39:37.56][186.90.189.189][1138] SELECT pre_cod_asig1,pre_cod_asig2,pre_cod_asig3,pre_cod_asig4,pre_cod_asig5,pre_cod_asig6,pre_cod_asig7 FROM tblaca009_p_int WHERE pensum='5' AND c_uni_ca='3' AND c_asigna='311674' [1][0] OK
C:[19/08/2013 10:39:37.56][186.90.189.189][1151] SELECT c_asigna FROM dace004 WHERE exp_e='09-20805436' AND c_asigna='311551' AND status IN ('0','3','B','C') [1][0] OK
C:[19/08/2013 10:39:37.38][186.90.189.189][1182] SELECT par_cod_asig1,par_cod_asig2,par_cod_asig3 FROM tblaca009_p_int WHERE pensum='5' AND c_uni_ca='3' AND c_asigna='311674' [1][0] OK
C:[19/08/2013 10:39:37.51][186.90.189.189][1312] SELECT horas_lab FROM tblaca008 WHERE c_asigna='311674' AND horas_teoricas > 0 [1][0] OK
C:[19/08/2013 10:40:32.89][190.199.94.120][1138] SELECT pre_cod_asig1,pre_cod_asig2,pre_cod_asig3,pre_cod_asig4,pre_cod_asig5,pre_cod_asig6,pre_cod_asig7 FROM tblaca009_p_int WHERE pensum='5' AND c_uni_ca='6' AND c_asigna='343568' [1][0] OK
C:[19/08/2013 10:40:32.14][190.199.94.120][1182] SELECT par_cod_asig1,par_cod_asig2,par_cod_asig3 FROM tblaca009_p_int WHERE pensum='5' AND c_uni_ca='6' AND c_asigna='343568' [1][0] OK
C:[19/08/2013 10:40:32.27][190.199.94.120][1312] SELECT horas_lab FROM tblaca008 WHERE c_asigna='343568' AND horas_teoricas > 0 [1][0] OK
C:[19/08/2013 10:40:51.45][190.199.95.100][1138] SELECT pre_cod_asig1,pre_cod_asig2,pre_cod_asig3,pre_cod_asig4,pre_cod_asig5,pre_cod_asig6,pre_cod_asig7 FROM tblaca009_p_int WHERE pensum='5' AND c_uni_ca='2' AND c_asigna='322436' [1][0] OK
C:[19/08/2013 10:40:51.45][190.199.95.100][1151] SELECT c_asigna FROM dace004 WHERE exp_e='10-20704552' AND c_asigna='320311' AND status IN ('0','3','B','C') [1][0] OK
C:[19/08/2013 10:40:51.45][190.199.95.100][1138] SELECT pre_cod_asig1,pre_cod_asig2,pre_cod_asig3,pre_cod_asig4,pre_cod_asig5,pre_cod_asig6,pre_cod_asig7 FROM tblaca009_p_int WHERE pensum='5' AND c_uni_ca='2' AND c_asigna='322550' [1][0] OK
C:[19/08/2013 10:40:51.45][190.199.95.100][1151] SELECT c_asigna FROM dace004 WHERE exp_e='10-20704552' AND c_asigna='322433' AND status IN ('0','3','B','C') [1][0] OK
C:[19/08/2013 10:40:51.07][190.199.95.100][1182] SELECT par_cod_asig1,par_cod_asig2,par_cod_asig3 FROM tblaca009_p_int WHERE pensum='5' AND c_uni_ca='2' AND c_asigna='322436' [1][0] OK
C:[19/08/2013 10:40:51.07][190.199.95.100][1182] SELECT par_cod_asig1,par_cod_asig2,par_cod_asig3 FROM tblaca009_p_int WHERE pensum='5' AND c_uni_ca='2' AND c_asigna='322550' [1][0] OK
C:[19/08/2013 10:40:51.33][190.199.95.100][1312] SELECT horas_lab FROM tblaca008 WHERE c_asigna='322436' AND horas_teoricas > 0 [1][0] OK
C:[19/08/2013 10:40:51.33][190.199.95.100][1312] SELECT horas_lab FROM tblaca008 WHERE c_asigna='322550' AND horas_teoricas > 0 [1][0] OK
C:[19/08/2013 10:41:00.55][190.207.63.242][1138] SELECT pre_cod_asig1,pre_cod_asig2,pre_cod_asig3,pre_cod_asig4,pre_cod_asig5,pre_cod_asig6,pre_cod_asig7 FROM tblaca009_p_int WHERE pensum='5' AND c_uni_ca='5' AND c_asigna='355692' [1][0] OK
C:[19/08/2013 10:41:00.55][190.207.63.242][1151] SELECT c_asigna FROM dace004 WHERE exp_e='09-23502461' AND c_asigna='355448' AND status IN ('0','3','B','C') [1][0] OK
C:[19/08/2013 10:41:00.55][190.207.63.242][1151] SELECT c_asigna FROM dace004 WHERE exp_e='09-23502461' AND c_asigna='355570' AND status IN ('0','3','B','C') [1][0] OK
C:[19/08/2013 10:41:00.93][190.207.63.242][1182] SELECT par_cod_asig1,par_cod_asig2,par_cod_asig3 FROM tblaca009_p_int WHERE pensum='5' AND c_uni_ca='5' AND c_asigna='355692' [1][0] OK
C:[19/08/2013 10:41:00.08][190.207.63.242][1312] SELECT horas_lab FROM tblaca008 WHERE c_asigna='355692' AND horas_teoricas > 0 [1][0] OK
C:[19/08/2013 10:41:06.72][186.167.242.203][1138] SELECT pre_cod_asig1,pre_cod_asig2,pre_cod_asig3,pre_cod_asig4,pre_cod_asig5,pre_cod_asig6,pre_cod_asig7 FROM tblaca009_p_int WHERE pensum='5' AND c_uni_ca='2' AND c_asigna='322559' [1][0] OK
C:[19/08/2013 10:41:06.72][186.167.242.203][1151] SELECT c_asigna FROM dace004 WHERE exp_e='10-20610527' AND c_asigna='300428' AND status IN ('0','3','B','C') [1][0] OK
C:[19/08/2013 10:41:06.72][186.167.242.203][1151] SELECT c_asigna FROM dace004 WHERE exp_e='10-20610527' AND c_asigna='322436' AND status IN ('0','3','B','C') [1][0] OK
C:[19/08/2013 10:41:06.72][186.167.242.203][1138] SELECT pre_cod_asig1,pre_cod_asig2,pre_cod_asig3,pre_cod_asig4,pre_cod_asig5,pre_cod_asig6,pre_cod_asig7 FROM tblaca009_p_int WHERE pensum='5' AND c_uni_ca='2' AND c_asigna='322669' [1][0] OK
C:[19/08/2013 10:41:06.72][186.167.242.203][1151] SELECT c_asigna FROM dace004 WHERE exp_e='10-20610527' AND c_asigna='322558' AND status IN ('0','3','B','C') [1][0] OK
C:[19/08/2013 10:41:06.47][186.167.242.203][1182] SELECT par_cod_asig1,par_cod_asig2,par_cod_asig3 FROM tblaca009_p_int WHERE pensum='5' AND c_uni_ca='2' AND c_asigna='322559' [1][0] OK
C:[19/08/2013 10:41:06.47][186.167.242.203][1182] SELECT par_cod_asig1,par_cod_asig2,par_cod_asig3 FROM tblaca009_p_int WHERE pensum='5' AND c_uni_ca='2' AND c_asigna='322669' [1][0] OK
C:[19/08/2013 10:41:06.73][186.167.242.203][1312] SELECT horas_lab FROM tblaca008 WHERE c_asigna='322559' AND horas_teoricas > 0 [1][0] OK
C:[19/08/2013 10:41:06.73][186.167.242.203][1312] SELECT horas_lab FROM tblaca008 WHERE c_asigna='322669' AND horas_teoricas > 0 [1][0] OK
C:[19/08/2013 10:41:10.49][190.199.92.188][1138] SELECT pre_cod_asig1,pre_cod_asig2,pre_cod_asig3,pre_cod_asig4,pre_cod_asig5,pre_cod_asig6,pre_cod_asig7 FROM tblaca009_p_int WHERE pensum='5' AND c_uni_ca='4' AND c_asigna='330435' [1][0] OK
C:[19/08/2013 10:41:10.62][190.199.92.188][1182] SELECT par_cod_asig1,par_cod_asig2,par_cod_asig3 FROM tblaca009_p_int WHERE pensum='5' AND c_uni_ca='4' AND c_asigna='330435' [1][0] OK
C:[19/08/2013 10:41:10.75][190.199.92.188][1312] SELECT horas_lab FROM tblaca008 WHERE c_asigna='330435' AND horas_teoricas > 0 [1][0] OK
C:[19/08/2013 10:41:38.14][190.94.235.24][1138] SELECT pre_cod_asig1,pre_cod_asig2,pre_cod_asig3,pre_cod_asig4,pre_cod_asig5,pre_cod_asig6,pre_cod_asig7 FROM tblaca009_p_int WHERE pensum='5' AND c_uni_ca='5' AND c_asigna='355696' [1][0] OK
C:[19/08/2013 10:41:38.14][190.94.235.24][1151] SELECT c_asigna FROM dace004 WHERE exp_e='11-24847626' AND c_asigna='355570' AND status IN ('0','3','B','C') [1][0] OK
C:[19/08/2013 10:41:38.14][190.94.235.24][1151] SELECT c_asigna FROM dace004 WHERE exp_e='11-24847626' AND c_asigna='355571' AND status IN ('0','3','B','C') [1][0] OK
C:[19/08/2013 10:41:38.64][190.94.235.24][1182] SELECT par_cod_asig1,par_cod_asig2,par_cod_asig3 FROM tblaca009_p_int WHERE pensum='5' AND c_uni_ca='5' AND c_asigna='355696' [1][0] OK
C:[19/08/2013 10:41:39.78][190.94.235.24][1312] SELECT horas_lab FROM tblaca008 WHERE c_asigna='355696' AND horas_teoricas > 0 [1][0] OK
C:[19/08/2013 10:41:52.11][190.199.92.188][1138] SELECT pre_cod_asig1,pre_cod_asig2,pre_cod_asig3,pre_cod_asig4,pre_cod_asig5,pre_cod_asig6,pre_cod_asig7 FROM tblaca009_p_int WHERE pensum='5' AND c_uni_ca='6' AND c_asigna='300228' [1][0] OK
C:[19/08/2013 10:41:52.11][190.199.92.188][1151] SELECT c_asigna FROM dace004 WHERE exp_e='12-24856166' AND c_asigna='300101' AND status IN ('0','3','B','C') [1][0] OK
C:[19/08/2013 10:41:52.92][190.199.92.188][1182] SELECT par_cod_asig1,par_cod_asig2,par_cod_asig3 FROM tblaca009_p_int WHERE pensum='5' AND c_uni_ca='6' AND c_asigna='300228' [1][0] OK
C:[19/08/2013 10:41:52.06][190.199.92.188][1312] SELECT horas_lab FROM tblaca008 WHERE c_asigna='300228' AND horas_teoricas > 0 [1][0] OK
C:[19/08/2013 10:42:23.67][190.206.89.12][1138] SELECT pre_cod_asig1,pre_cod_asig2,pre_cod_asig3,pre_cod_asig4,pre_cod_asig5,pre_cod_asig6,pre_cod_asig7 FROM tblaca009_p_int WHERE pensum='5' AND c_uni_ca='2' AND c_asigna='322436' [1][0] OK
C:[19/08/2013 10:42:23.67][190.206.89.12][1151] SELECT c_asigna FROM dace004 WHERE exp_e='09-24411294' AND c_asigna='320311' AND status IN ('0','3','B','C') [1][0] OK
C:[19/08/2013 10:42:23.26][190.206.89.12][1182] SELECT par_cod_asig1,par_cod_asig2,par_cod_asig3 FROM tblaca009_p_int WHERE pensum='5' AND c_uni_ca='2' AND c_asigna='322436' [1][0] OK
C:[19/08/2013 10:42:23.19][190.206.89.12][1312] SELECT horas_lab FROM tblaca008 WHERE c_asigna='322436' AND horas_teoricas > 0 [1][0] OK
C:[19/08/2013 10:42:42.24][190.94.207.194][1138] SELECT pre_cod_asig1,pre_cod_asig2,pre_cod_asig3,pre_cod_asig4,pre_cod_asig5,pre_cod_asig6,pre_cod_asig7 FROM tblaca009_p_int WHERE pensum='5' AND c_uni_ca='4' AND c_asigna='330435' [1][0] OK
C:[19/08/2013 10:42:42.24][190.94.207.194][1138] SELECT pre_cod_asig1,pre_cod_asig2,pre_cod_asig3,pre_cod_asig4,pre_cod_asig5,pre_cod_asig6,pre_cod_asig7 FROM tblaca009_p_int WHERE pensum='5' AND c_uni_ca='4' AND c_asigna='333444' [1][0] OK
C:[19/08/2013 10:42:42.24][190.94.207.194][1151] SELECT c_asigna FROM dace004 WHERE exp_e='11-20883437' AND c_asigna='300317' AND status IN ('0','3','B','C') [1][0] OK
C:[19/08/2013 10:42:43.12][190.94.207.194][1182] SELECT par_cod_asig1,par_cod_asig2,par_cod_asig3 FROM tblaca009_p_int WHERE pensum='5' AND c_uni_ca='4' AND c_asigna='330435' [1][0] OK
C:[19/08/2013 10:42:43.12][190.94.207.194][1182] SELECT par_cod_asig1,par_cod_asig2,par_cod_asig3 FROM tblaca009_p_int WHERE pensum='5' AND c_uni_ca='4' AND c_asigna='333444' [1][0] OK
C:[19/08/2013 10:42:43.40][190.94.207.194][1312] SELECT horas_lab FROM tblaca008 WHERE c_asigna='330435' AND horas_teoricas > 0 [1][0] OK
C:[19/08/2013 10:42:43.40][190.94.207.194][1312] SELECT horas_lab FROM tblaca008 WHERE c_asigna='333444' AND horas_teoricas > 0 [1][0] OK
C:[19/08/2013 10:43:21.61][200.84.158.119][1138] SELECT pre_cod_asig1,pre_cod_asig2,pre_cod_asig3,pre_cod_asig4,pre_cod_asig5,pre_cod_asig6,pre_cod_asig7 FROM tblaca009_p_int WHERE pensum='5' AND c_uni_ca='6' AND c_asigna='344733' [1][0] OK
C:[19/08/2013 10:43:21.31][200.84.158.119][1182] SELECT par_cod_asig1,par_cod_asig2,par_cod_asig3 FROM tblaca009_p_int WHERE pensum='5' AND c_uni_ca='6' AND c_asigna='344733' [1][0] OK
C:[19/08/2013 10:43:21.43][200.84.158.119][1312] SELECT horas_lab FROM tblaca008 WHERE c_asigna='344733' AND horas_teoricas > 0 [1][0] OK
C:[19/08/2013 10:44:22.58][181.185.220.148][1138] SELECT pre_cod_asig1,pre_cod_asig2,pre_cod_asig3,pre_cod_asig4,pre_cod_asig5,pre_cod_asig6,pre_cod_asig7 FROM tblaca009_p_int WHERE pensum='5' AND c_uni_ca='2' AND c_asigna='322826' [1][0] OK
C:[19/08/2013 10:44:22.58][181.185.220.148][1151] SELECT c_asigna FROM dace004 WHERE exp_e='10-24493527' AND c_asigna='322683' AND status IN ('0','3','B','C') [1][0] OK
C:[19/08/2013 10:44:22.58][181.185.220.148][1138] SELECT pre_cod_asig1,pre_cod_asig2,pre_cod_asig3,pre_cod_asig4,pre_cod_asig5,pre_cod_asig6,pre_cod_asig7 FROM tblaca009_p_int WHERE pensum='5' AND c_uni_ca='2' AND c_asigna='322904' [1][0] OK
C:[19/08/2013 10:44:22.08][181.185.220.148][1182] SELECT par_cod_asig1,par_cod_asig2,par_cod_asig3 FROM tblaca009_p_int WHERE pensum='5' AND c_uni_ca='2' AND c_asigna='322826' [1][0] OK
C:[19/08/2013 10:44:22.08][181.185.220.148][1182] SELECT par_cod_asig1,par_cod_asig2,par_cod_asig3 FROM tblaca009_p_int WHERE pensum='5' AND c_uni_ca='2' AND c_asigna='322904' [1][0] OK
C:[19/08/2013 10:44:22.34][181.185.220.148][1312] SELECT horas_lab FROM tblaca008 WHERE c_asigna='322826' AND horas_teoricas > 0 [1][0] OK
C:[19/08/2013 10:44:22.34][181.185.220.148][1312] SELECT horas_lab FROM tblaca008 WHERE c_asigna='322904' AND horas_teoricas > 0 [1][0] OK
C:[19/08/2013 10:44:51.03][190.77.219.190][1138] SELECT pre_cod_asig1,pre_cod_asig2,pre_cod_asig3,pre_cod_asig4,pre_cod_asig5,pre_cod_asig6,pre_cod_asig7 FROM tblaca009_p_int WHERE pensum='5' AND c_uni_ca='6' AND c_asigna='344715' [1][0] OK
C:[19/08/2013 10:44:51.03][190.77.219.190][1151] SELECT c_asigna FROM dace004 WHERE exp_e='08-20224032' AND c_asigna='344688' AND status IN ('0','3','B','C') [1][0] OK
C:[19/08/2013 10:44:51.03][190.77.219.190][1151] SELECT c_asigna FROM dace004 WHERE exp_e='08-20224032' AND c_asigna='344613' AND status IN ('0','3','B','C') [1][0] OK
C:[19/08/2013 10:44:51.03][190.77.219.190][1138] SELECT pre_cod_asig1,pre_cod_asig2,pre_cod_asig3,pre_cod_asig4,pre_cod_asig5,pre_cod_asig6,pre_cod_asig7 FROM tblaca009_p_int WHERE pensum='5' AND c_uni_ca='6' AND c_asigna='344843' [1][0] OK
C:[19/08/2013 10:44:51.03][190.77.219.190][1151] SELECT c_asigna FROM dace004 WHERE exp_e='08-20224032' AND c_asigna='344714' AND status IN ('0','3','B','C') [1][0] OK
C:[19/08/2013 10:44:51.78][190.77.219.190][1182] SELECT par_cod_asig1,par_cod_asig2,par_cod_asig3 FROM tblaca009_p_int WHERE pensum='5' AND c_uni_ca='6' AND c_asigna='344715' [1][0] OK
C:[19/08/2013 10:44:51.78][190.77.219.190][1182] SELECT par_cod_asig1,par_cod_asig2,par_cod_asig3 FROM tblaca009_p_int WHERE pensum='5' AND c_uni_ca='6' AND c_asigna='344843' [1][0] OK
C:[19/08/2013 10:44:51.05][190.77.219.190][1312] SELECT horas_lab FROM tblaca008 WHERE c_asigna='344715' AND horas_teoricas > 0 [1][0] OK
C:[19/08/2013 10:44:51.05][190.77.219.190][1312] SELECT horas_lab FROM tblaca008 WHERE c_asigna='344843' AND horas_teoricas > 0 [1][0] OK
C:[19/08/2013 10:45:36.68][190.94.235.24][1138] SELECT pre_cod_asig1,pre_cod_asig2,pre_cod_asig3,pre_cod_asig4,pre_cod_asig5,pre_cod_asig6,pre_cod_asig7 FROM tblaca009_p_int WHERE pensum='5' AND c_uni_ca='5' AND c_asigna='355696' [1][0] OK
C:[19/08/2013 10:45:36.68][190.94.235.24][1151] SELECT c_asigna FROM dace004 WHERE exp_e='11-24847626' AND c_asigna='355570' AND status IN ('0','3','B','C') [1][0] OK
C:[19/08/2013 10:45:36.68][190.94.235.24][1151] SELECT c_asigna FROM dace004 WHERE exp_e='11-24847626' AND c_asigna='355571' AND status IN ('0','3','B','C') [1][0] OK
C:[19/08/2013 10:45:37.62][190.94.235.24][1182] SELECT par_cod_asig1,par_cod_asig2,par_cod_asig3 FROM tblaca009_p_int WHERE pensum='5' AND c_uni_ca='5' AND c_asigna='355696' [1][0] OK
C:[19/08/2013 10:45:37.75][190.94.235.24][1312] SELECT horas_lab FROM tblaca008 WHERE c_asigna='355696' AND horas_teoricas > 0 [1][0] OK
C:[19/08/2013 10:45:38.67][190.201.188.33][1138] SELECT pre_cod_asig1,pre_cod_asig2,pre_cod_asig3,pre_cod_asig4,pre_cod_asig5,pre_cod_asig6,pre_cod_asig7 FROM tblaca009_p_int WHERE pensum='5' AND c_uni_ca='2' AND c_asigna='322904' [1][0] OK
C:[19/08/2013 10:45:38.67][190.201.188.33][1138] SELECT pre_cod_asig1,pre_cod_asig2,pre_cod_asig3,pre_cod_asig4,pre_cod_asig5,pre_cod_asig6,pre_cod_asig7 FROM tblaca009_p_int WHERE pensum='5' AND c_uni_ca='2' AND c_asigna='322041' [1][0] OK
C:[19/08/2013 10:45:38.92][190.201.188.33][1182] SELECT par_cod_asig1,par_cod_asig2,par_cod_asig3 FROM tblaca009_p_int WHERE pensum='5' AND c_uni_ca='2' AND c_asigna='322904' [1][0] OK
C:[19/08/2013 10:45:38.92][190.201.188.33][1182] SELECT par_cod_asig1,par_cod_asig2,par_cod_asig3 FROM tblaca009_p_int WHERE pensum='5' AND c_uni_ca='2' AND c_asigna='322041' [1][0] OK
C:[19/08/2013 10:45:38.18][190.201.188.33][1312] SELECT horas_lab FROM tblaca008 WHERE c_asigna='322904' AND horas_teoricas > 0 [1][0] OK
C:[19/08/2013 10:45:38.18][190.201.188.33][1312] SELECT horas_lab FROM tblaca008 WHERE c_asigna='322041' AND horas_teoricas > 0 [1][0] OK
C:[19/08/2013 10:46:37.97][190.199.92.188][1138] SELECT pre_cod_asig1,pre_cod_asig2,pre_cod_asig3,pre_cod_asig4,pre_cod_asig5,pre_cod_asig6,pre_cod_asig7 FROM tblaca009_p_int WHERE pensum='5' AND c_uni_ca='6' AND c_asigna='300013' [1][0] OK
C:[19/08/2013 10:46:37.97][190.199.92.188][1138] SELECT pre_cod_asig1,pre_cod_asig2,pre_cod_asig3,pre_cod_asig4,pre_cod_asig5,pre_cod_asig6,pre_cod_asig7 FROM tblaca009_p_int WHERE pensum='5' AND c_uni_ca='6' AND c_asigna='300207' [1][0] OK
C:[19/08/2013 10:46:37.97][190.199.92.188][1151] SELECT c_asigna FROM dace004 WHERE exp_e='12-23639810' AND c_asigna='300101' AND status IN ('0','3','B','C') [1][0] OK
C:[19/08/2013 10:46:37.91][190.199.92.188][1182] SELECT par_cod_asig1,par_cod_asig2,par_cod_asig3 FROM tblaca009_p_int WHERE pensum='5' AND c_uni_ca='6' AND c_asigna='300013' [1][0] OK
C:[19/08/2013 10:46:37.91][190.199.92.188][1182] SELECT par_cod_asig1,par_cod_asig2,par_cod_asig3 FROM tblaca009_p_int WHERE pensum='5' AND c_uni_ca='6' AND c_asigna='300207' [1][0] OK
C:[19/08/2013 10:46:37.18][190.199.92.188][1312] SELECT horas_lab FROM tblaca008 WHERE c_asigna='300013' AND horas_teoricas > 0 [1][0] OK
C:[19/08/2013 10:46:37.18][190.199.92.188][1312] SELECT horas_lab FROM tblaca008 WHERE c_asigna='300207' AND horas_teoricas > 0 [1][0] OK
C:[19/08/2013 10:47:19.78][190.200.20.207][1138] SELECT pre_cod_asig1,pre_cod_asig2,pre_cod_asig3,pre_cod_asig4,pre_cod_asig5,pre_cod_asig6,pre_cod_asig7 FROM tblaca009_p_int WHERE pensum='5' AND c_uni_ca='2' AND c_asigna='322436' [1][0] OK
C:[19/08/2013 10:47:19.78][190.200.20.207][1151] SELECT c_asigna FROM dace004 WHERE exp_e='11-23502990' AND c_asigna='320311' AND status IN ('0','3','B','C') [1][0] OK
C:[19/08/2013 10:47:19.78][190.200.20.207][1138] SELECT pre_cod_asig1,pre_cod_asig2,pre_cod_asig3,pre_cod_asig4,pre_cod_asig5,pre_cod_asig6,pre_cod_asig7 FROM tblaca009_p_int WHERE pensum='5' AND c_uni_ca='2' AND c_asigna='322558' [1][0] OK
C:[19/08/2013 10:47:19.78][190.200.20.207][1151] SELECT c_asigna FROM dace004 WHERE exp_e='11-23502990' AND c_asigna='320323' AND status IN ('0','3','B','C') [1][0] OK
C:[19/08/2013 10:47:19.85][190.200.20.207][1182] SELECT par_cod_asig1,par_cod_asig2,par_cod_asig3 FROM tblaca009_p_int WHERE pensum='5' AND c_uni_ca='2' AND c_asigna='322436' [1][0] OK
C:[19/08/2013 10:47:19.85][190.200.20.207][1182] SELECT par_cod_asig1,par_cod_asig2,par_cod_asig3 FROM tblaca009_p_int WHERE pensum='5' AND c_uni_ca='2' AND c_asigna='322558' [1][0] OK
C:[19/08/2013 10:47:19.11][190.200.20.207][1312] SELECT horas_lab FROM tblaca008 WHERE c_asigna='322436' AND horas_teoricas > 0 [1][0] OK
C:[19/08/2013 10:47:19.11][190.200.20.207][1312] SELECT horas_lab FROM tblaca008 WHERE c_asigna='322558' AND horas_teoricas > 0 [1][0] OK
C:[19/08/2013 10:48:39.29][190.199.92.188][1138] SELECT pre_cod_asig1,pre_cod_asig2,pre_cod_asig3,pre_cod_asig4,pre_cod_asig5,pre_cod_asig6,pre_cod_asig7 FROM tblaca009_p_int WHERE pensum='5' AND c_uni_ca='6' AND c_asigna='344689' [1][0] OK
C:[19/08/2013 10:48:39.29][190.199.92.188][1151] SELECT c_asigna FROM dace004 WHERE exp_e='10-20975304' AND c_asigna='300209' AND status IN ('0','3','B','C') [1][0] OK
C:[19/08/2013 10:48:40.67][190.199.92.188][1182] SELECT par_cod_asig1,par_cod_asig2,par_cod_asig3 FROM tblaca009_p_int WHERE pensum='5' AND c_uni_ca='6' AND c_asigna='344689' [1][0] OK
C:[19/08/2013 10:48:40.81][190.199.92.188][1312] SELECT horas_lab FROM tblaca008 WHERE c_asigna='344689' AND horas_teoricas > 0 [1][0] OK
C:[19/08/2013 10:48:47.43][201.210.241.97][1138] SELECT pre_cod_asig1,pre_cod_asig2,pre_cod_asig3,pre_cod_asig4,pre_cod_asig5,pre_cod_asig6,pre_cod_asig7 FROM tblaca009_p_int WHERE pensum='5' AND c_uni_ca='2' AND c_asigna='322605' [1][0] OK
C:[19/08/2013 10:48:47.43][201.210.241.97][1151] SELECT c_asigna FROM dace004 WHERE exp_e='10-22816198' AND c_asigna='322436' AND status IN ('0','3','B','C') [1][0] OK
C:[19/08/2013 10:48:47.43][201.210.241.97][1138] SELECT pre_cod_asig1,pre_cod_asig2,pre_cod_asig3,pre_cod_asig4,pre_cod_asig5,pre_cod_asig6,pre_cod_asig7 FROM tblaca009_p_int WHERE pensum='5' AND c_uni_ca='2' AND c_asigna='322669' [1][0] OK
C:[19/08/2013 10:48:47.43][201.210.241.97][1151] SELECT c_asigna FROM dace004 WHERE exp_e='10-22816198' AND c_asigna='322558' AND status IN ('0','3','B','C') [1][0] OK
C:[19/08/2013 10:48:47.93][201.210.241.97][1182] SELECT par_cod_asig1,par_cod_asig2,par_cod_asig3 FROM tblaca009_p_int WHERE pensum='5' AND c_uni_ca='2' AND c_asigna='322605' [1][0] OK
C:[19/08/2013 10:48:47.93][201.210.241.97][1182] SELECT par_cod_asig1,par_cod_asig2,par_cod_asig3 FROM tblaca009_p_int WHERE pensum='5' AND c_uni_ca='2' AND c_asigna='322669' [1][0] OK
C:[19/08/2013 10:48:47.19][201.210.241.97][1312] SELECT horas_lab FROM tblaca008 WHERE c_asigna='322605' AND horas_teoricas > 0 [1][0] OK
C:[19/08/2013 10:48:47.19][201.210.241.97][1312] SELECT horas_lab FROM tblaca008 WHERE c_asigna='322669' AND horas_teoricas > 0 [1][0] OK
C:[19/08/2013 10:48:56.86][172.16.5.132][1138] SELECT pre_cod_asig1,pre_cod_asig2,pre_cod_asig3,pre_cod_asig4,pre_cod_asig5,pre_cod_asig6,pre_cod_asig7 FROM tblaca009_p_int WHERE pensum='5' AND c_uni_ca='4' AND c_asigna='333444' [1][0] OK
C:[19/08/2013 10:48:56.86][172.16.5.132][1151] SELECT c_asigna FROM dace004 WHERE exp_e='11-24891988' AND c_asigna='300317' AND status IN ('0','3','B','C') [1][0] OK
C:[19/08/2013 10:48:56.22][172.16.5.132][1182] SELECT par_cod_asig1,par_cod_asig2,par_cod_asig3 FROM tblaca009_p_int WHERE pensum='5' AND c_uni_ca='4' AND c_asigna='333444' [1][0] OK
C:[19/08/2013 10:48:56.36][172.16.5.132][1312] SELECT horas_lab FROM tblaca008 WHERE c_asigna='333444' AND horas_teoricas > 0 [1][0] OK
C:[19/08/2013 10:48:57.08][190.199.92.188][1138] SELECT pre_cod_asig1,pre_cod_asig2,pre_cod_asig3,pre_cod_asig4,pre_cod_asig5,pre_cod_asig6,pre_cod_asig7 FROM tblaca009_p_int WHERE pensum='5' AND c_uni_ca='2' AND c_asigna='322780' [1][0] OK
C:[19/08/2013 10:48:57.08][190.199.92.188][1151] SELECT c_asigna FROM dace004 WHERE exp_e='08-18948793' AND c_asigna='322678' AND status IN ('0','3','B','C') [1][0] OK
C:[19/08/2013 10:48:57.33][190.199.92.188][1182] SELECT par_cod_asig1,par_cod_asig2,par_cod_asig3 FROM tblaca009_p_int WHERE pensum='5' AND c_uni_ca='2' AND c_asigna='322780' [1][0] OK
C:[19/08/2013 10:48:57.48][190.199.92.188][1312] SELECT horas_lab FROM tblaca008 WHERE c_asigna='322780' AND horas_teoricas > 0 [1][0] OK
C:[19/08/2013 10:49:59.32][172.16.4.254][1138] SELECT pre_cod_asig1,pre_cod_asig2,pre_cod_asig3,pre_cod_asig4,pre_cod_asig5,pre_cod_asig6,pre_cod_asig7 FROM tblaca009_p_int WHERE pensum='5' AND c_uni_ca='5' AND c_asigna='355720' [1][0] OK
C:[19/08/2013 10:49:59.32][172.16.4.254][1151] SELECT c_asigna FROM dace004 WHERE exp_e='07-19382790' AND c_asigna='355692' AND status IN ('0','3','B','C') [1][0] OK
C:[19/08/2013 10:49:59.32][172.16.4.254][1151] SELECT c_asigna FROM dace004 WHERE exp_e='07-19382790' AND c_asigna='355696' AND status IN ('0','3','B','C') [1][0] OK
C:[19/08/2013 10:49:59.32][172.16.4.254][1138] SELECT pre_cod_asig1,pre_cod_asig2,pre_cod_asig3,pre_cod_asig4,pre_cod_asig5,pre_cod_asig6,pre_cod_asig7 FROM tblaca009_p_int WHERE pensum='5' AND c_uni_ca='5' AND c_asigna='300956' [1][0] OK
C:[19/08/2013 10:49:59.32][172.16.4.254][1151] SELECT c_asigna FROM dace004 WHERE exp_e='07-19382790' AND c_asigna='300422' AND status IN ('0','3','B','C') [1][0] OK
C:[19/08/2013 10:49:59.06][172.16.4.254][1182] SELECT par_cod_asig1,par_cod_asig2,par_cod_asig3 FROM tblaca009_p_int WHERE pensum='5' AND c_uni_ca='5' AND c_asigna='355720' [1][0] OK
C:[19/08/2013 10:49:59.06][172.16.4.254][1182] SELECT par_cod_asig1,par_cod_asig2,par_cod_asig3 FROM tblaca009_p_int WHERE pensum='5' AND c_uni_ca='5' AND c_asigna='300956' [1][0] OK
C:[19/08/2013 10:49:59.14][172.16.4.254][1312] SELECT horas_lab FROM tblaca008 WHERE c_asigna='355720' AND horas_teoricas > 0 [1][0] OK
C:[19/08/2013 10:49:59.14][172.16.4.254][1312] SELECT horas_lab FROM tblaca008 WHERE c_asigna='300956' AND horas_teoricas > 0 [1][0] OK
C:[19/08/2013 10:51:37.28][186.14.47.11][1138] SELECT pre_cod_asig1,pre_cod_asig2,pre_cod_asig3,pre_cod_asig4,pre_cod_asig5,pre_cod_asig6,pre_cod_asig7 FROM tblaca009_p_int WHERE pensum='5' AND c_uni_ca='6' AND c_asigna='344715' [1][0] OK
C:[19/08/2013 10:51:37.28][186.14.47.11][1151] SELECT c_asigna FROM dace004 WHERE exp_e='08-20035604' AND c_asigna='344688' AND status IN ('0','3','B','C') [1][0] OK
C:[19/08/2013 10:51:37.28][186.14.47.11][1151] SELECT c_asigna FROM dace004 WHERE exp_e='08-20035604' AND c_asigna='344613' AND status IN ('0','3','B','C') [1][0] OK
C:[19/08/2013 10:51:37.28][186.14.47.11][1138] SELECT pre_cod_asig1,pre_cod_asig2,pre_cod_asig3,pre_cod_asig4,pre_cod_asig5,pre_cod_asig6,pre_cod_asig7 FROM tblaca009_p_int WHERE pensum='5' AND c_uni_ca='6' AND c_asigna='344843' [1][0] OK
C:[19/08/2013 10:51:37.28][186.14.47.11][1151] SELECT c_asigna FROM dace004 WHERE exp_e='08-20035604' AND c_asigna='344714' AND status IN ('0','3','B','C') [1][0] OK
C:[19/08/2013 10:51:37.38][186.14.47.11][1182] SELECT par_cod_asig1,par_cod_asig2,par_cod_asig3 FROM tblaca009_p_int WHERE pensum='5' AND c_uni_ca='6' AND c_asigna='344715' [1][0] OK
C:[19/08/2013 10:51:37.38][186.14.47.11][1182] SELECT par_cod_asig1,par_cod_asig2,par_cod_asig3 FROM tblaca009_p_int WHERE pensum='5' AND c_uni_ca='6' AND c_asigna='344843' [1][0] OK
C:[19/08/2013 10:51:37.71][186.14.47.11][1312] SELECT horas_lab FROM tblaca008 WHERE c_asigna='344715' AND horas_teoricas > 0 [1][0] OK
C:[19/08/2013 10:51:37.71][186.14.47.11][1312] SELECT horas_lab FROM tblaca008 WHERE c_asigna='344843' AND horas_teoricas > 0 [1][0] OK
C:[19/08/2013 10:51:56.33][190.75.144.103][1138] SELECT pre_cod_asig1,pre_cod_asig2,pre_cod_asig3,pre_cod_asig4,pre_cod_asig5,pre_cod_asig6,pre_cod_asig7 FROM tblaca009_p_int WHERE pensum='5' AND c_uni_ca='2' AND c_asigna='322780' [1][0] OK
C:[19/08/2013 10:51:56.33][190.75.144.103][1151] SELECT c_asigna FROM dace004 WHERE exp_e='09-20704722' AND c_asigna='322678' AND status IN ('0','3','B','C') [1][0] OK
C:[19/08/2013 10:51:56.33][190.75.144.103][1138] SELECT pre_cod_asig1,pre_cod_asig2,pre_cod_asig3,pre_cod_asig4,pre_cod_asig5,pre_cod_asig6,pre_cod_asig7 FROM tblaca009_p_int WHERE pensum='5' AND c_uni_ca='2' AND c_asigna='322826' [1][0] OK
C:[19/08/2013 10:51:56.33][190.75.144.103][1151] SELECT c_asigna FROM dace004 WHERE exp_e='09-20704722' AND c_asigna='322683' AND status IN ('0','3','B','C') [1][0] OK
C:[19/08/2013 10:51:56.33][190.75.144.103][1138] SELECT pre_cod_asig1,pre_cod_asig2,pre_cod_asig3,pre_cod_asig4,pre_cod_asig5,pre_cod_asig6,pre_cod_asig7 FROM tblaca009_p_int WHERE pensum='5' AND c_uni_ca='2' AND c_asigna='322904' [1][0] OK
C:[19/08/2013 10:51:56.08][190.75.144.103][1182] SELECT par_cod_asig1,par_cod_asig2,par_cod_asig3 FROM tblaca009_p_int WHERE pensum='5' AND c_uni_ca='2' AND c_asigna='322780' [1][0] OK
C:[19/08/2013 10:51:56.08][190.75.144.103][1182] SELECT par_cod_asig1,par_cod_asig2,par_cod_asig3 FROM tblaca009_p_int WHERE pensum='5' AND c_uni_ca='2' AND c_asigna='322826' [1][0] OK
C:[19/08/2013 10:51:56.08][190.75.144.103][1182] SELECT par_cod_asig1,par_cod_asig2,par_cod_asig3 FROM tblaca009_p_int WHERE pensum='5' AND c_uni_ca='2' AND c_asigna='322904' [1][0] OK
C:[19/08/2013 10:51:56.47][190.75.144.103][1312] SELECT horas_lab FROM tblaca008 WHERE c_asigna='322780' AND horas_teoricas > 0 [1][0] OK
C:[19/08/2013 10:51:56.47][190.75.144.103][1312] SELECT horas_lab FROM tblaca008 WHERE c_asigna='322826' AND horas_teoricas > 0 [1][0] OK
C:[19/08/2013 10:51:56.47][190.75.144.103][1312] SELECT horas_lab FROM tblaca008 WHERE c_asigna='322904' AND horas_teoricas > 0 [1][0] OK
C:[19/08/2013 10:52:04.17][190.199.92.188][1138] SELECT pre_cod_asig1,pre_cod_asig2,pre_cod_asig3,pre_cod_asig4,pre_cod_asig5,pre_cod_asig6,pre_cod_asig7 FROM tblaca009_p_int WHERE pensum='5' AND c_uni_ca='3' AND c_asigna='300207' [1][0] OK
C:[19/08/2013 10:52:04.17][190.199.92.188][1151] SELECT c_asigna FROM dace004 WHERE exp_e='12-25693132' AND c_asigna='300101' AND status IN ('0','3','B','C') [1][0] OK
C:[19/08/2013 10:52:04.41][190.199.92.188][1182] SELECT par_cod_asig1,par_cod_asig2,par_cod_asig3 FROM tblaca009_p_int WHERE pensum='5' AND c_uni_ca='3' AND c_asigna='300207' [1][0] OK
C:[19/08/2013 10:52:04.56][190.199.92.188][1312] SELECT horas_lab FROM tblaca008 WHERE c_asigna='300207' AND horas_teoricas > 0 [1][0] OK
C:[19/08/2013 10:52:06.02][181.184.121.240][1138] SELECT pre_cod_asig1,pre_cod_asig2,pre_cod_asig3,pre_cod_asig4,pre_cod_asig5,pre_cod_asig6,pre_cod_asig7 FROM tblaca009_p_int WHERE pensum='5' AND c_uni_ca='6' AND c_asigna='300956' [1][0] OK
C:[19/08/2013 10:52:06.02][181.184.121.240][1151] SELECT c_asigna FROM dace004 WHERE exp_e='08-19157388' AND c_asigna='300422' AND status IN ('0','3','B','C') [1][0] OK
C:[19/08/2013 10:52:06.27][181.184.121.240][1182] SELECT par_cod_asig1,par_cod_asig2,par_cod_asig3 FROM tblaca009_p_int WHERE pensum='5' AND c_uni_ca='6' AND c_asigna='300956' [1][0] OK
C:[19/08/2013 10:52:06.41][181.184.121.240][1312] SELECT horas_lab FROM tblaca008 WHERE c_asigna='300956' AND horas_teoricas > 0 [1][0] OK
C:[19/08/2013 10:52:20.72][172.16.4.254][1138] SELECT pre_cod_asig1,pre_cod_asig2,pre_cod_asig3,pre_cod_asig4,pre_cod_asig5,pre_cod_asig6,pre_cod_asig7 FROM tblaca009_p_int WHERE pensum='5' AND c_uni_ca='2' AND c_asigna='322780' [1][0] OK
C:[19/08/2013 10:52:20.72][172.16.4.254][1151] SELECT c_asigna FROM dace004 WHERE exp_e='09-19301550' AND c_asigna='322678' AND status IN ('0','3','B','C') [1][0] OK
C:[19/08/2013 10:52:20.72][172.16.4.254][1138] SELECT pre_cod_asig1,pre_cod_asig2,pre_cod_asig3,pre_cod_asig4,pre_cod_asig5,pre_cod_asig6,pre_cod_asig7 FROM tblaca009_p_int WHERE pensum='5' AND c_uni_ca='2' AND c_asigna='322826' [1][0] OK
C:[19/08/2013 10:52:20.72][172.16.4.254][1151] SELECT c_asigna FROM dace004 WHERE exp_e='09-19301550' AND c_asigna='322683' AND status IN ('0','3','B','C') [1][0] OK
C:[19/08/2013 10:52:20.72][172.16.4.254][1138] SELECT pre_cod_asig1,pre_cod_asig2,pre_cod_asig3,pre_cod_asig4,pre_cod_asig5,pre_cod_asig6,pre_cod_asig7 FROM tblaca009_p_int WHERE pensum='5' AND c_uni_ca='2' AND c_asigna='324862' [1][0] OK
C:[19/08/2013 10:52:20.92][172.16.4.254][1182] SELECT par_cod_asig1,par_cod_asig2,par_cod_asig3 FROM tblaca009_p_int WHERE pensum='5' AND c_uni_ca='2' AND c_asigna='322780' [1][0] OK
C:[19/08/2013 10:52:20.92][172.16.4.254][1182] SELECT par_cod_asig1,par_cod_asig2,par_cod_asig3 FROM tblaca009_p_int WHERE pensum='5' AND c_uni_ca='2' AND c_asigna='322826' [1][0] OK
C:[19/08/2013 10:52:20.92][172.16.4.254][1182] SELECT par_cod_asig1,par_cod_asig2,par_cod_asig3 FROM tblaca009_p_int WHERE pensum='5' AND c_uni_ca='2' AND c_asigna='324862' [1][0] OK
C:[19/08/2013 10:52:20.30][172.16.4.254][1312] SELECT horas_lab FROM tblaca008 WHERE c_asigna='322780' AND horas_teoricas > 0 [1][0] OK
C:[19/08/2013 10:52:20.30][172.16.4.254][1312] SELECT horas_lab FROM tblaca008 WHERE c_asigna='322826' AND horas_teoricas > 0 [1][0] OK
C:[19/08/2013 10:52:20.30][172.16.4.254][1312] SELECT horas_lab FROM tblaca008 WHERE c_asigna='324862' AND horas_teoricas > 0 [1][0] OK
C:[19/08/2013 10:52:52.86][190.73.233.175][1138] SELECT pre_cod_asig1,pre_cod_asig2,pre_cod_asig3,pre_cod_asig4,pre_cod_asig5,pre_cod_asig6,pre_cod_asig7 FROM tblaca009_p_int WHERE pensum='5' AND c_uni_ca='2' AND c_asigna='300956' [1][0] OK
C:[19/08/2013 10:52:52.86][190.73.233.175][1151] SELECT c_asigna FROM dace004 WHERE exp_e='07-20037245' AND c_asigna='300422' AND status IN ('0','3','B','C') [1][0] OK
C:[19/08/2013 10:52:52.24][190.73.233.175][1182] SELECT par_cod_asig1,par_cod_asig2,par_cod_asig3 FROM tblaca009_p_int WHERE pensum='5' AND c_uni_ca='2' AND c_asigna='300956' [1][0] OK
C:[19/08/2013 10:52:52.37][190.73.233.175][1312] SELECT horas_lab FROM tblaca008 WHERE c_asigna='300956' AND horas_teoricas > 0 [1][0] OK
C:[19/08/2013 10:53:04.48][68.171.231.81][1138] SELECT pre_cod_asig1,pre_cod_asig2,pre_cod_asig3,pre_cod_asig4,pre_cod_asig5,pre_cod_asig6,pre_cod_asig7 FROM tblaca009_p_int WHERE pensum='5' AND c_uni_ca='4' AND c_asigna='333444' [1][0] OK
C:[19/08/2013 10:53:04.48][68.171.231.81][1151] SELECT c_asigna FROM dace004 WHERE exp_e='11-24193620' AND c_asigna='300317' AND status IN ('0','3','B','C') [1][0] OK
C:[19/08/2013 10:53:04.73][68.171.231.81][1182] SELECT par_cod_asig1,par_cod_asig2,par_cod_asig3 FROM tblaca009_p_int WHERE pensum='5' AND c_uni_ca='4' AND c_asigna='333444' [1][0] OK
C:[19/08/2013 10:53:04.87][68.171.231.81][1312] SELECT horas_lab FROM tblaca008 WHERE c_asigna='333444' AND horas_teoricas > 0 [1][0] OK
C:[19/08/2013 10:54:20.79][190.199.92.188][1138] SELECT pre_cod_asig1,pre_cod_asig2,pre_cod_asig3,pre_cod_asig4,pre_cod_asig5,pre_cod_asig6,pre_cod_asig7 FROM tblaca009_p_int WHERE pensum='5' AND c_uni_ca='6' AND c_asigna='342436' [1][0] OK
C:[19/08/2013 10:54:20.79][190.199.92.188][1151] SELECT c_asigna FROM dace004 WHERE exp_e='10-21007064' AND c_asigna='300318' AND status IN ('0','3','B','C') [1][0] OK
C:[19/08/2013 10:54:20.79][190.199.92.188][1151] SELECT c_asigna FROM dace004 WHERE exp_e='10-21007064' AND c_asigna='300317' AND status IN ('0','3','B','C') [1][0] OK
C:[19/08/2013 10:54:20.79][190.199.92.188][1138] SELECT pre_cod_asig1,pre_cod_asig2,pre_cod_asig3,pre_cod_asig4,pre_cod_asig5,pre_cod_asig6,pre_cod_asig7 FROM tblaca009_p_int WHERE pensum='5' AND c_uni_ca='6' AND c_asigna='342444' [1][0] OK
C:[19/08/2013 10:54:20.79][190.199.92.188][1151] SELECT c_asigna FROM dace004 WHERE exp_e='10-21007064' AND c_asigna='340323' AND status IN ('0','3','B','C') [1][0] OK
C:[19/08/2013 10:54:20.79][190.199.92.188][1138] SELECT pre_cod_asig1,pre_cod_asig2,pre_cod_asig3,pre_cod_asig4,pre_cod_asig5,pre_cod_asig6,pre_cod_asig7 FROM tblaca009_p_int WHERE pensum='5' AND c_uni_ca='6' AND c_asigna='300428' [1][0] OK
C:[19/08/2013 10:54:20.79][190.199.92.188][1151] SELECT c_asigna FROM dace004 WHERE exp_e='10-21007064' AND c_asigna='300317' AND status IN ('0','3','B','C') [1][0] OK
C:[19/08/2013 10:54:20.24][190.199.92.188][1182] SELECT par_cod_asig1,par_cod_asig2,par_cod_asig3 FROM tblaca009_p_int WHERE pensum='5' AND c_uni_ca='6' AND c_asigna='342436' [1][0] OK
C:[19/08/2013 10:54:20.24][190.199.92.188][1182] SELECT par_cod_asig1,par_cod_asig2,par_cod_asig3 FROM tblaca009_p_int WHERE pensum='5' AND c_uni_ca='6' AND c_asigna='342444' [1][0] OK
C:[19/08/2013 10:54:20.24][190.199.92.188][1182] SELECT par_cod_asig1,par_cod_asig2,par_cod_asig3 FROM tblaca009_p_int WHERE pensum='5' AND c_uni_ca='6' AND c_asigna='300428' [1][0] OK
C:[19/08/2013 10:54:20.61][190.199.92.188][1312] SELECT horas_lab FROM tblaca008 WHERE c_asigna='342436' AND horas_teoricas > 0 [1][0] OK
C:[19/08/2013 10:54:20.61][190.199.92.188][1312] SELECT horas_lab FROM tblaca008 WHERE c_asigna='342444' AND horas_teoricas > 0 [1][0] OK
C:[19/08/2013 10:54:20.61][190.199.92.188][1312] SELECT horas_lab FROM tblaca008 WHERE c_asigna='300428' AND horas_teoricas > 0 [1][0] OK
C:[19/08/2013 10:54:59.43][190.199.92.188][1138] SELECT pre_cod_asig1,pre_cod_asig2,pre_cod_asig3,pre_cod_asig4,pre_cod_asig5,pre_cod_asig6,pre_cod_asig7 FROM tblaca009_p_int WHERE pensum='5' AND c_uni_ca='2' AND c_asigna='300313' [1][0] OK
C:[19/08/2013 10:54:59.43][190.199.92.188][1151] SELECT c_asigna FROM dace004 WHERE exp_e='10-19941734' AND c_asigna='300213' AND status IN ('0','3','B','C') [1][0] OK
C:[19/08/2013 10:54:59.43][190.199.92.188][1138] SELECT pre_cod_asig1,pre_cod_asig2,pre_cod_asig3,pre_cod_asig4,pre_cod_asig5,pre_cod_asig6,pre_cod_asig7 FROM tblaca009_p_int WHERE pensum='5' AND c_uni_ca='2' AND c_asigna='300318' [1][0] OK
C:[19/08/2013 10:54:59.43][190.199.92.188][1151] SELECT c_asigna FROM dace004 WHERE exp_e='10-19941734' AND c_asigna='300228' AND status IN ('0','3','B','C') [1][0] OK
C:[19/08/2013 10:54:59.43][190.199.92.188][1151] SELECT c_asigna FROM dace004 WHERE exp_e='10-19941734' AND c_asigna='300207' AND status IN ('0','3','B','C') [1][0] OK
C:[19/08/2013 10:54:59.43][190.199.92.188][1151] SELECT c_asigna FROM dace004 WHERE exp_e='10-19941734' AND c_asigna='300218' AND status IN ('0','3','B','C') [1][0] OK
C:[19/08/2013 10:55:00.31][190.199.92.188][1182] SELECT par_cod_asig1,par_cod_asig2,par_cod_asig3 FROM tblaca009_p_int WHERE pensum='5' AND c_uni_ca='2' AND c_asigna='300313' [1][0] OK
C:[19/08/2013 10:55:00.31][190.199.92.188][1182] SELECT par_cod_asig1,par_cod_asig2,par_cod_asig3 FROM tblaca009_p_int WHERE pensum='5' AND c_uni_ca='2' AND c_asigna='300318' [1][0] OK
C:[19/08/2013 10:55:00.57][190.199.92.188][1312] SELECT horas_lab FROM tblaca008 WHERE c_asigna='300313' AND horas_teoricas > 0 [1][0] OK
C:[19/08/2013 10:55:00.57][190.199.92.188][1312] SELECT horas_lab FROM tblaca008 WHERE c_asigna='300318' AND horas_teoricas > 0 [1][0] OK
C:[19/08/2013 10:55:00.00][190.77.244.212][1138] SELECT pre_cod_asig1,pre_cod_asig2,pre_cod_asig3,pre_cod_asig4,pre_cod_asig5,pre_cod_asig6,pre_cod_asig7 FROM tblaca009_p_int WHERE pensum='5' AND c_uni_ca='2' AND c_asigna='300956' [1][0] OK
C:[19/08/2013 10:55:00.00][190.77.244.212][1151] SELECT c_asigna FROM dace004 WHERE exp_e='09-19905408' AND c_asigna='300422' AND status IN ('0','3','B','C') [1][0] OK
C:[19/08/2013 10:55:00.00][190.77.244.212][1138] SELECT pre_cod_asig1,pre_cod_asig2,pre_cod_asig3,pre_cod_asig4,pre_cod_asig5,pre_cod_asig6,pre_cod_asig7 FROM tblaca009_p_int WHERE pensum='5' AND c_uni_ca='2' AND c_asigna='322904' [1][0] OK
C:[19/08/2013 10:55:00.00][190.77.244.212][1138] SELECT pre_cod_asig1,pre_cod_asig2,pre_cod_asig3,pre_cod_asig4,pre_cod_asig5,pre_cod_asig6,pre_cod_asig7 FROM tblaca009_p_int WHERE pensum='5' AND c_uni_ca='2' AND c_asigna='322041' [1][0] OK
C:[19/08/2013 10:55:01.51][190.77.244.212][1182] SELECT par_cod_asig1,par_cod_asig2,par_cod_asig3 FROM tblaca009_p_int WHERE pensum='5' AND c_uni_ca='2' AND c_asigna='300956' [1][0] OK
C:[19/08/2013 10:55:01.51][190.77.244.212][1182] SELECT par_cod_asig1,par_cod_asig2,par_cod_asig3 FROM tblaca009_p_int WHERE pensum='5' AND c_uni_ca='2' AND c_asigna='322904' [1][0] OK
C:[19/08/2013 10:55:01.51][190.77.244.212][1182] SELECT par_cod_asig1,par_cod_asig2,par_cod_asig3 FROM tblaca009_p_int WHERE pensum='5' AND c_uni_ca='2' AND c_asigna='322041' [1][0] OK
C:[19/08/2013 10:55:01.89][190.77.244.212][1312] SELECT horas_lab FROM tblaca008 WHERE c_asigna='300956' AND horas_teoricas > 0 [1][0] OK
C:[19/08/2013 10:55:01.89][190.77.244.212][1312] SELECT horas_lab FROM tblaca008 WHERE c_asigna='322904' AND horas_teoricas > 0 [1][0] OK
C:[19/08/2013 10:55:01.89][190.77.244.212][1312] SELECT horas_lab FROM tblaca008 WHERE c_asigna='322041' AND horas_teoricas > 0 [1][0] OK
C:[19/08/2013 10:55:32.16][186.14.47.11][1138] SELECT pre_cod_asig1,pre_cod_asig2,pre_cod_asig3,pre_cod_asig4,pre_cod_asig5,pre_cod_asig6,pre_cod_asig7 FROM tblaca009_p_int WHERE pensum='5' AND c_uni_ca='6' AND c_asigna='344715' [1][0] OK
C:[19/08/2013 10:55:32.16][186.14.47.11][1151] SELECT c_asigna FROM dace004 WHERE exp_e='08-20035604' AND c_asigna='344688' AND status IN ('0','3','B','C') [1][0] OK
C:[19/08/2013 10:55:32.16][186.14.47.11][1151] SELECT c_asigna FROM dace004 WHERE exp_e='08-20035604' AND c_asigna='344613' AND status IN ('0','3','B','C') [1][0] OK
C:[19/08/2013 10:55:32.16][186.14.47.11][1138] SELECT pre_cod_asig1,pre_cod_asig2,pre_cod_asig3,pre_cod_asig4,pre_cod_asig5,pre_cod_asig6,pre_cod_asig7 FROM tblaca009_p_int WHERE pensum='5' AND c_uni_ca='6' AND c_asigna='344843' [1][0] OK
C:[19/08/2013 10:55:32.16][186.14.47.11][1151] SELECT c_asigna FROM dace004 WHERE exp_e='08-20035604' AND c_asigna='344714' AND status IN ('0','3','B','C') [1][0] OK
C:[19/08/2013 10:55:32.92][186.14.47.11][1182] SELECT par_cod_asig1,par_cod_asig2,par_cod_asig3 FROM tblaca009_p_int WHERE pensum='5' AND c_uni_ca='6' AND c_asigna='344715' [1][0] OK
C:[19/08/2013 10:55:32.92][186.14.47.11][1182] SELECT par_cod_asig1,par_cod_asig2,par_cod_asig3 FROM tblaca009_p_int WHERE pensum='5' AND c_uni_ca='6' AND c_asigna='344843' [1][0] OK
C:[19/08/2013 10:55:32.28][186.14.47.11][1312] SELECT horas_lab FROM tblaca008 WHERE c_asigna='344715' AND horas_teoricas > 0 [1][0] OK
C:[19/08/2013 10:55:32.28][186.14.47.11][1312] SELECT horas_lab FROM tblaca008 WHERE c_asigna='344843' AND horas_teoricas > 0 [1][0] OK
C:[19/08/2013 10:55:38.36][190.37.111.5][1138] SELECT pre_cod_asig1,pre_cod_asig2,pre_cod_asig3,pre_cod_asig4,pre_cod_asig5,pre_cod_asig6,pre_cod_asig7 FROM tblaca009_p_int WHERE pensum='5' AND c_uni_ca='5' AND c_asigna='300113' [1][0] OK
C:[19/08/2013 10:55:38.36][190.37.111.5][1138] SELECT pre_cod_asig1,pre_cod_asig2,pre_cod_asig3,pre_cod_asig4,pre_cod_asig5,pre_cod_asig6,pre_cod_asig7 FROM tblaca009_p_int WHERE pensum='5' AND c_uni_ca='5' AND c_asigna='351330' [1][0] OK
C:[19/08/2013 10:55:38.36][190.37.111.5][1151] SELECT c_asigna FROM dace004 WHERE exp_e='10-20074764' AND c_asigna='300218' AND status IN ('0','3','B','C') [1][0] OK
C:[19/08/2013 10:55:38.72][190.37.111.5][1182] SELECT par_cod_asig1,par_cod_asig2,par_cod_asig3 FROM tblaca009_p_int WHERE pensum='5' AND c_uni_ca='5' AND c_asigna='300113' [1][0] OK
C:[19/08/2013 10:55:38.72][190.37.111.5][1196] SELECT c_asigna FROM dace004 WHERE exp_e='10-20074764' AND c_asigna='300013' AND status IN ('0','3','B','C') [1][0] OK
C:[19/08/2013 10:55:38.72][190.37.111.5][1182] SELECT par_cod_asig1,par_cod_asig2,par_cod_asig3 FROM tblaca009_p_int WHERE pensum='5' AND c_uni_ca='5' AND c_asigna='351330' [1][0] OK
C:[19/08/2013 10:55:38.72][190.37.111.5][1196] SELECT c_asigna FROM dace004 WHERE exp_e='10-20074764' AND c_asigna='300317' AND status IN ('0','3','B','C') [1][0] OK
C:[19/08/2013 10:55:38.23][190.37.111.5][1312] SELECT horas_lab FROM tblaca008 WHERE c_asigna='300113' AND horas_teoricas > 0 [0][0] OK
C:[19/08/2013 10:55:38.23][190.37.111.5][1312] SELECT horas_lab FROM tblaca008 WHERE c_asigna='351330' AND horas_teoricas > 0 [1][0] OK
C:[19/08/2013 10:56:07.92][190.199.92.188][1138] SELECT pre_cod_asig1,pre_cod_asig2,pre_cod_asig3,pre_cod_asig4,pre_cod_asig5,pre_cod_asig6,pre_cod_asig7 FROM tblaca009_p_int WHERE pensum='5' AND c_uni_ca='5' AND c_asigna='352440' [1][0] OK
C:[19/08/2013 10:56:07.92][190.199.92.188][1151] SELECT c_asigna FROM dace004 WHERE exp_e='10-20934394' AND c_asigna='300317' AND status IN ('0','3','B','C') [1][0] OK
C:[19/08/2013 10:56:07.92][190.199.92.188][1151] SELECT c_asigna FROM dace004 WHERE exp_e='10-20934394' AND c_asigna='300013' AND status IN ('0','3','B','C') [1][0] OK
C:[19/08/2013 10:56:07.92][190.199.92.188][1138] SELECT pre_cod_asig1,pre_cod_asig2,pre_cod_asig3,pre_cod_asig4,pre_cod_asig5,pre_cod_asig6,pre_cod_asig7 FROM tblaca009_p_int WHERE pensum='5' AND c_uni_ca='5' AND c_asigna='355571' [1][0] OK
C:[19/08/2013 10:56:07.92][190.199.92.188][1151] SELECT c_asigna FROM dace004 WHERE exp_e='10-20934394' AND c_asigna='355447' AND status IN ('0','3','B','C') [1][0] OK
C:[19/08/2013 10:56:07.92][190.199.92.188][1138] SELECT pre_cod_asig1,pre_cod_asig2,pre_cod_asig3,pre_cod_asig4,pre_cod_asig5,pre_cod_asig6,pre_cod_asig7 FROM tblaca009_p_int WHERE pensum='5' AND c_uni_ca='5' AND c_asigna='355573' [1][0] OK
C:[19/08/2013 10:56:07.92][190.199.92.188][1151] SELECT c_asigna FROM dace004 WHERE exp_e='10-20934394' AND c_asigna='355448' AND status IN ('0','3','B','C') [1][0] OK
C:[19/08/2013 10:56:08.03][190.199.92.188][1182] SELECT par_cod_asig1,par_cod_asig2,par_cod_asig3 FROM tblaca009_p_int WHERE pensum='5' AND c_uni_ca='5' AND c_asigna='352440' [1][0] OK
C:[19/08/2013 10:56:08.03][190.199.92.188][1182] SELECT par_cod_asig1,par_cod_asig2,par_cod_asig3 FROM tblaca009_p_int WHERE pensum='5' AND c_uni_ca='5' AND c_asigna='355571' [1][0] OK
C:[19/08/2013 10:56:08.03][190.199.92.188][1182] SELECT par_cod_asig1,par_cod_asig2,par_cod_asig3 FROM tblaca009_p_int WHERE pensum='5' AND c_uni_ca='5' AND c_asigna='355573' [1][0] OK
C:[19/08/2013 10:56:08.31][190.199.92.188][1312] SELECT horas_lab FROM tblaca008 WHERE c_asigna='352440' AND horas_teoricas > 0 [1][0] OK
C:[19/08/2013 10:56:08.31][190.199.92.188][1312] SELECT horas_lab FROM tblaca008 WHERE c_asigna='355571' AND horas_teoricas > 0 [1][0] OK
C:[19/08/2013 10:56:08.31][190.199.92.188][1312] SELECT horas_lab FROM tblaca008 WHERE c_asigna='355573' AND horas_teoricas > 0 [1][0] OK
C:[19/08/2013 10:56:38.79][190.199.92.188][1138] SELECT pre_cod_asig1,pre_cod_asig2,pre_cod_asig3,pre_cod_asig4,pre_cod_asig5,pre_cod_asig6,pre_cod_asig7 FROM tblaca009_p_int WHERE pensum='5' AND c_uni_ca='3' AND c_asigna='300222' [1][0] OK
C:[19/08/2013 10:56:38.79][190.199.92.188][1151] SELECT c_asigna FROM dace004 WHERE exp_e='12-24412780' AND c_asigna='300112' AND status IN ('0','3','B','C') [1][0] OK
C:[19/08/2013 10:56:38.79][190.199.92.188][1138] SELECT pre_cod_asig1,pre_cod_asig2,pre_cod_asig3,pre_cod_asig4,pre_cod_asig5,pre_cod_asig6,pre_cod_asig7 FROM tblaca009_p_int WHERE pensum='5' AND c_uni_ca='3' AND c_asigna='300226' [1][0] OK
C:[19/08/2013 10:56:38.79][190.199.92.188][1151] SELECT c_asigna FROM dace004 WHERE exp_e='12-24412780' AND c_asigna='300116' AND status IN ('0','3','B','C') [1][0] OK
C:[19/08/2013 10:56:39.11][190.199.92.188][1182] SELECT par_cod_asig1,par_cod_asig2,par_cod_asig3 FROM tblaca009_p_int WHERE pensum='5' AND c_uni_ca='3' AND c_asigna='300222' [1][0] OK
C:[19/08/2013 10:56:39.11][190.199.92.188][1182] SELECT par_cod_asig1,par_cod_asig2,par_cod_asig3 FROM tblaca009_p_int WHERE pensum='5' AND c_uni_ca='3' AND c_asigna='300226' [1][0] OK
C:[19/08/2013 10:56:39.38][190.199.92.188][1312] SELECT horas_lab FROM tblaca008 WHERE c_asigna='300222' AND horas_teoricas > 0 [1][0] OK
C:[19/08/2013 10:56:39.38][190.199.92.188][1312] SELECT horas_lab FROM tblaca008 WHERE c_asigna='300226' AND horas_teoricas > 0 [1][0] OK
C:[19/08/2013 10:56:59.48][172.16.4.254][1138] SELECT pre_cod_asig1,pre_cod_asig2,pre_cod_asig3,pre_cod_asig4,pre_cod_asig5,pre_cod_asig6,pre_cod_asig7 FROM tblaca009_p_int WHERE pensum='5' AND c_uni_ca='3' AND c_asigna='311673' [1][0] OK
C:[19/08/2013 10:56:59.48][172.16.4.254][1151] SELECT c_asigna FROM dace004 WHERE exp_e='08-19536413' AND c_asigna='311551' AND status IN ('0','3','B','C') [1][0] OK
C:[19/08/2013 10:56:59.84][172.16.4.254][1182] SELECT par_cod_asig1,par_cod_asig2,par_cod_asig3 FROM tblaca009_p_int WHERE pensum='5' AND c_uni_ca='3' AND c_asigna='311673' [1][0] OK
C:[19/08/2013 10:56:59.98][172.16.4.254][1312] SELECT horas_lab FROM tblaca008 WHERE c_asigna='311673' AND horas_teoricas > 0 [1][0] OK
C:[19/08/2013 10:57:22.71][190.199.92.188][1138] SELECT pre_cod_asig1,pre_cod_asig2,pre_cod_asig3,pre_cod_asig4,pre_cod_asig5,pre_cod_asig6,pre_cod_asig7 FROM tblaca009_p_int WHERE pensum='5' AND c_uni_ca='4' AND c_asigna='330435' [1][0] OK
C:[19/08/2013 10:57:22.40][190.199.92.188][1182] SELECT par_cod_asig1,par_cod_asig2,par_cod_asig3 FROM tblaca009_p_int WHERE pensum='5' AND c_uni_ca='4' AND c_asigna='330435' [1][0] OK
C:[19/08/2013 10:57:22.54][190.199.92.188][1312] SELECT horas_lab FROM tblaca008 WHERE c_asigna='330435' AND horas_teoricas > 0 [1][0] OK
C:[19/08/2013 10:58:30.97][200.90.104.169][1138] SELECT pre_cod_asig1,pre_cod_asig2,pre_cod_asig3,pre_cod_asig4,pre_cod_asig5,pre_cod_asig6,pre_cod_asig7 FROM tblaca009_p_int WHERE pensum='5' AND c_uni_ca='3' AND c_asigna='311704' [1][0] OK
C:[19/08/2013 10:58:30.97][200.90.104.169][1151] SELECT c_asigna FROM dace004 WHERE exp_e='03-17631803' AND c_asigna='315671' AND status IN ('0','3','B','C') [1][0] OK
C:[19/08/2013 10:58:30.34][200.90.104.169][1182] SELECT par_cod_asig1,par_cod_asig2,par_cod_asig3 FROM tblaca009_p_int WHERE pensum='5' AND c_uni_ca='3' AND c_asigna='311704' [1][0] OK
C:[19/08/2013 10:58:30.48][200.90.104.169][1312] SELECT horas_lab FROM tblaca008 WHERE c_asigna='311704' AND horas_teoricas > 0 [1][0] OK
C:[19/08/2013 11:00:20.94][186.88.98.141][1138] SELECT pre_cod_asig1,pre_cod_asig2,pre_cod_asig3,pre_cod_asig4,pre_cod_asig5,pre_cod_asig6,pre_cod_asig7 FROM tblaca009_p_int WHERE pensum='5' AND c_uni_ca='3' AND c_asigna='311824' [1][0] OK
C:[19/08/2013 11:00:20.94][186.88.98.141][1151] SELECT c_asigna FROM dace004 WHERE exp_e='06-19621310' AND c_asigna='311796' AND status IN ('0','3','B','C') [1][0] OK
C:[19/08/2013 11:00:20.77][186.88.98.141][1182] SELECT par_cod_asig1,par_cod_asig2,par_cod_asig3 FROM tblaca009_p_int WHERE pensum='5' AND c_uni_ca='3' AND c_asigna='311824' [1][0] OK
C:[19/08/2013 11:00:20.89][186.88.98.141][1312] SELECT horas_lab FROM tblaca008 WHERE c_asigna='311824' AND horas_teoricas > 0 [1][0] OK
C:[19/08/2013 11:00:58.81][190.199.92.188][1138] SELECT pre_cod_asig1,pre_cod_asig2,pre_cod_asig3,pre_cod_asig4,pre_cod_asig5,pre_cod_asig6,pre_cod_asig7 FROM tblaca009_p_int WHERE pensum='5' AND c_uni_ca='4' AND c_asigna='330435' [1][0] OK
C:[19/08/2013 11:00:58.06][190.199.92.188][1182] SELECT par_cod_asig1,par_cod_asig2,par_cod_asig3 FROM tblaca009_p_int WHERE pensum='5' AND c_uni_ca='4' AND c_asigna='330435' [1][0] OK
C:[19/08/2013 11:00:58.19][190.199.92.188][1312] SELECT horas_lab FROM tblaca008 WHERE c_asigna='330435' AND horas_teoricas > 0 [1][0] OK
C:[19/08/2013 11:02:02.77][186.90.184.217][1138] SELECT pre_cod_asig1,pre_cod_asig2,pre_cod_asig3,pre_cod_asig4,pre_cod_asig5,pre_cod_asig6,pre_cod_asig7 FROM tblaca009_p_int WHERE pensum='5' AND c_uni_ca='3' AND c_asigna='300222' [1][0] OK
C:[19/08/2013 11:02:02.77][186.90.184.217][1151] SELECT c_asigna FROM dace004 WHERE exp_e='12-25636883' AND c_asigna='300112' AND status IN ('0','3','B','C') [1][0] OK
C:[19/08/2013 11:02:02.15][186.90.184.217][1182] SELECT par_cod_asig1,par_cod_asig2,par_cod_asig3 FROM tblaca009_p_int WHERE pensum='5' AND c_uni_ca='3' AND c_asigna='300222' [1][0] OK
C:[19/08/2013 11:02:02.30][186.90.184.217][1312] SELECT horas_lab FROM tblaca008 WHERE c_asigna='300222' AND horas_teoricas > 0 [1][0] OK
C:[19/08/2013 11:02:48.57][186.89.214.251][1138] SELECT pre_cod_asig1,pre_cod_asig2,pre_cod_asig3,pre_cod_asig4,pre_cod_asig5,pre_cod_asig6,pre_cod_asig7 FROM tblaca009_p_int WHERE pensum='5' AND c_uni_ca='3' AND c_asigna='300112' [1][0] OK
C:[19/08/2013 11:02:48.57][186.89.214.251][1138] SELECT pre_cod_asig1,pre_cod_asig2,pre_cod_asig3,pre_cod_asig4,pre_cod_asig5,pre_cod_asig6,pre_cod_asig7 FROM tblaca009_p_int WHERE pensum='5' AND c_uni_ca='3' AND c_asigna='300213' [1][0] OK
C:[19/08/2013 11:02:48.57][186.89.214.251][1151] SELECT c_asigna FROM dace004 WHERE exp_e='12-25388794' AND c_asigna='300101' AND status IN ('0','3','B','C') [1][0] OK
C:[19/08/2013 11:02:49.07][186.89.214.251][1182] SELECT par_cod_asig1,par_cod_asig2,par_cod_asig3 FROM tblaca009_p_int WHERE pensum='5' AND c_uni_ca='3' AND c_asigna='300112' [1][0] OK
C:[19/08/2013 11:02:49.07][186.89.214.251][1182] SELECT par_cod_asig1,par_cod_asig2,par_cod_asig3 FROM tblaca009_p_int WHERE pensum='5' AND c_uni_ca='3' AND c_asigna='300213' [1][0] OK
C:[19/08/2013 11:02:49.34][186.89.214.251][1312] SELECT horas_lab FROM tblaca008 WHERE c_asigna='300112' AND horas_teoricas > 0 [1][0] OK
C:[19/08/2013 11:02:49.34][186.89.214.251][1312] SELECT horas_lab FROM tblaca008 WHERE c_asigna='300213' AND horas_teoricas > 0 [1][0] OK
C:[19/08/2013 11:02:55.46][172.16.5.132][1138] SELECT pre_cod_asig1,pre_cod_asig2,pre_cod_asig3,pre_cod_asig4,pre_cod_asig5,pre_cod_asig6,pre_cod_asig7 FROM tblaca009_p_int WHERE pensum='5' AND c_uni_ca='5' AND c_asigna='351451' [1][0] OK
C:[19/08/2013 11:02:55.46][172.16.5.132][1151] SELECT c_asigna FROM dace004 WHERE exp_e='09-19420272' AND c_asigna='351330' AND status IN ('0','3','B','C') [1][0] OK
C:[19/08/2013 11:02:55.46][172.16.5.132][1151] SELECT c_asigna FROM dace004 WHERE exp_e='09-19420272' AND c_asigna='355350' AND status IN ('0','3','B','C') [1][0] OK
C:[19/08/2013 11:02:55.46][172.16.5.132][1151] SELECT c_asigna FROM dace004 WHERE exp_e='09-19420272' AND c_asigna='300318' AND status IN ('0','3','B','C') [1][0] OK
C:[19/08/2013 11:02:55.46][172.16.5.132][1138] SELECT pre_cod_asig1,pre_cod_asig2,pre_cod_asig3,pre_cod_asig4,pre_cod_asig5,pre_cod_asig6,pre_cod_asig7 FROM tblaca009_p_int WHERE pensum='5' AND c_uni_ca='5' AND c_asigna='355448' [1][0] OK
C:[19/08/2013 11:02:55.46][172.16.5.132][1151] SELECT c_asigna FROM dace004 WHERE exp_e='09-19420272' AND c_asigna='300313' AND status IN ('0','3','B','C') [1][0] OK
C:[19/08/2013 11:02:56.21][172.16.5.132][1182] SELECT par_cod_asig1,par_cod_asig2,par_cod_asig3 FROM tblaca009_p_int WHERE pensum='5' AND c_uni_ca='5' AND c_asigna='351451' [1][0] OK
C:[19/08/2013 11:02:56.21][172.16.5.132][1182] SELECT par_cod_asig1,par_cod_asig2,par_cod_asig3 FROM tblaca009_p_int WHERE pensum='5' AND c_uni_ca='5' AND c_asigna='355448' [1][0] OK
C:[19/08/2013 11:02:56.47][172.16.5.132][1312] SELECT horas_lab FROM tblaca008 WHERE c_asigna='351451' AND horas_teoricas > 0 [1][0] OK
C:[19/08/2013 11:02:56.47][172.16.5.132][1312] SELECT horas_lab FROM tblaca008 WHERE c_asigna='355448' AND horas_teoricas > 0 [1][0] OK
C:[19/08/2013 11:03:30.42][186.89.243.115][1138] SELECT pre_cod_asig1,pre_cod_asig2,pre_cod_asig3,pre_cod_asig4,pre_cod_asig5,pre_cod_asig6,pre_cod_asig7 FROM tblaca009_p_int WHERE pensum='5' AND c_uni_ca='5' AND c_asigna='355722' [1][0] OK
C:[19/08/2013 11:03:30.42][186.89.243.115][1151] SELECT c_asigna FROM dace004 WHERE exp_e='05-18246148' AND c_asigna='355691' AND status IN ('0','3','B','C') [1][0] OK
C:[19/08/2013 11:03:30.42][186.89.243.115][1151] SELECT c_asigna FROM dace004 WHERE exp_e='05-18246148' AND c_asigna='355595' AND status IN ('0','3','B','C') [1][0] OK
C:[19/08/2013 11:03:30.35][186.89.243.115][1182] SELECT par_cod_asig1,par_cod_asig2,par_cod_asig3 FROM tblaca009_p_int WHERE pensum='5' AND c_uni_ca='5' AND c_asigna='355722' [1][0] OK
C:[19/08/2013 11:03:30.49][186.89.243.115][1312] SELECT horas_lab FROM tblaca008 WHERE c_asigna='355722' AND horas_teoricas > 0 [1][0] OK
C:[19/08/2013 11:04:06.95][172.16.4.254][1138] SELECT pre_cod_asig1,pre_cod_asig2,pre_cod_asig3,pre_cod_asig4,pre_cod_asig5,pre_cod_asig6,pre_cod_asig7 FROM tblaca009_p_int WHERE pensum='5' AND c_uni_ca='4' AND c_asigna='330435' [1][0] OK
C:[19/08/2013 11:04:06.95][172.16.4.254][1138] SELECT pre_cod_asig1,pre_cod_asig2,pre_cod_asig3,pre_cod_asig4,pre_cod_asig5,pre_cod_asig6,pre_cod_asig7 FROM tblaca009_p_int WHERE pensum='5' AND c_uni_ca='4' AND c_asigna='333444' [1][0] OK
C:[19/08/2013 11:04:06.95][172.16.4.254][1151] SELECT c_asigna FROM dace004 WHERE exp_e='11-23872663' AND c_asigna='300317' AND status IN ('0','3','B','C') [1][0] OK
C:[19/08/2013 11:04:06.89][172.16.4.254][1182] SELECT par_cod_asig1,par_cod_asig2,par_cod_asig3 FROM tblaca009_p_int WHERE pensum='5' AND c_uni_ca='4' AND c_asigna='330435' [1][0] OK
C:[19/08/2013 11:04:06.89][172.16.4.254][1182] SELECT par_cod_asig1,par_cod_asig2,par_cod_asig3 FROM tblaca009_p_int WHERE pensum='5' AND c_uni_ca='4' AND c_asigna='333444' [1][0] OK
C:[19/08/2013 11:04:06.15][172.16.4.254][1312] SELECT horas_lab FROM tblaca008 WHERE c_asigna='330435' AND horas_teoricas > 0 [1][0] OK
C:[19/08/2013 11:04:06.15][172.16.4.254][1312] SELECT horas_lab FROM tblaca008 WHERE c_asigna='333444' AND horas_teoricas > 0 [1][0] OK
C:[19/08/2013 11:04:30.36][181.185.214.202][1138] SELECT pre_cod_asig1,pre_cod_asig2,pre_cod_asig3,pre_cod_asig4,pre_cod_asig5,pre_cod_asig6,pre_cod_asig7 FROM tblaca009_p_int WHERE pensum='5' AND c_uni_ca='2' AND c_asigna='322436' [1][0] OK
C:[19/08/2013 11:04:30.36][181.185.214.202][1151] SELECT c_asigna FROM dace004 WHERE exp_e='11-21328281' AND c_asigna='320311' AND status IN ('0','3','B','C') [1][0] OK
C:[19/08/2013 11:04:30.36][181.185.214.202][1138] SELECT pre_cod_asig1,pre_cod_asig2,pre_cod_asig3,pre_cod_asig4,pre_cod_asig5,pre_cod_asig6,pre_cod_asig7 FROM tblaca009_p_int WHERE pensum='5' AND c_uni_ca='2' AND c_asigna='322558' [1][0] OK
C:[19/08/2013 11:04:30.36][181.185.214.202][1151] SELECT c_asigna FROM dace004 WHERE exp_e='11-21328281' AND c_asigna='320323' AND status IN ('0','3','B','C') [1][0] OK
C:[19/08/2013 11:04:30.43][181.185.214.202][1182] SELECT par_cod_asig1,par_cod_asig2,par_cod_asig3 FROM tblaca009_p_int WHERE pensum='5' AND c_uni_ca='2' AND c_asigna='322436' [1][0] OK
C:[19/08/2013 11:04:30.43][181.185.214.202][1182] SELECT par_cod_asig1,par_cod_asig2,par_cod_asig3 FROM tblaca009_p_int WHERE pensum='5' AND c_uni_ca='2' AND c_asigna='322558' [1][0] OK
C:[19/08/2013 11:04:30.69][181.185.214.202][1312] SELECT horas_lab FROM tblaca008 WHERE c_asigna='322436' AND horas_teoricas > 0 [1][0] OK
C:[19/08/2013 11:04:30.69][181.185.214.202][1312] SELECT horas_lab FROM tblaca008 WHERE c_asigna='322558' AND horas_teoricas > 0 [1][0] OK
C:[19/08/2013 11:05:44.80][200.90.106.172][1138] SELECT pre_cod_asig1,pre_cod_asig2,pre_cod_asig3,pre_cod_asig4,pre_cod_asig5,pre_cod_asig6,pre_cod_asig7 FROM tblaca009_p_int WHERE pensum='5' AND c_uni_ca='6' AND c_asigna='344715' [1][0] OK
C:[19/08/2013 11:05:44.80][200.90.106.172][1151] SELECT c_asigna FROM dace004 WHERE exp_e='09-20503289' AND c_asigna='344688' AND status IN ('0','3','B','C') [1][0] OK
C:[19/08/2013 11:05:44.80][200.90.106.172][1151] SELECT c_asigna FROM dace004 WHERE exp_e='09-20503289' AND c_asigna='344613' AND status IN ('0','3','B','C') [1][0] OK
C:[19/08/2013 11:05:44.80][200.90.106.172][1138] SELECT pre_cod_asig1,pre_cod_asig2,pre_cod_asig3,pre_cod_asig4,pre_cod_asig5,pre_cod_asig6,pre_cod_asig7 FROM tblaca009_p_int WHERE pensum='5' AND c_uni_ca='6' AND c_asigna='344733' [1][0] OK
C:[19/08/2013 11:05:45.68][200.90.106.172][1182] SELECT par_cod_asig1,par_cod_asig2,par_cod_asig3 FROM tblaca009_p_int WHERE pensum='5' AND c_uni_ca='6' AND c_asigna='344715' [1][0] OK
C:[19/08/2013 11:05:45.68][200.90.106.172][1182] SELECT par_cod_asig1,par_cod_asig2,par_cod_asig3 FROM tblaca009_p_int WHERE pensum='5' AND c_uni_ca='6' AND c_asigna='344733' [1][0] OK
C:[19/08/2013 11:05:45.95][200.90.106.172][1312] SELECT horas_lab FROM tblaca008 WHERE c_asigna='344715' AND horas_teoricas > 0 [1][0] OK
C:[19/08/2013 11:05:45.95][200.90.106.172][1312] SELECT horas_lab FROM tblaca008 WHERE c_asigna='344733' AND horas_teoricas > 0 [1][0] OK
C:[19/08/2013 11:05:46.55][181.185.214.202][1138] SELECT pre_cod_asig1,pre_cod_asig2,pre_cod_asig3,pre_cod_asig4,pre_cod_asig5,pre_cod_asig6,pre_cod_asig7 FROM tblaca009_p_int WHERE pensum='5' AND c_uni_ca='2' AND c_asigna='322436' [1][0] OK
C:[19/08/2013 11:05:46.55][181.185.214.202][1151] SELECT c_asigna FROM dace004 WHERE exp_e='11-21328281' AND c_asigna='320311' AND status IN ('0','3','B','C') [1][0] OK
C:[19/08/2013 11:05:46.55][181.185.214.202][1138] SELECT pre_cod_asig1,pre_cod_asig2,pre_cod_asig3,pre_cod_asig4,pre_cod_asig5,pre_cod_asig6,pre_cod_asig7 FROM tblaca009_p_int WHERE pensum='5' AND c_uni_ca='2' AND c_asigna='322558' [1][0] OK
C:[19/08/2013 11:05:46.55][181.185.214.202][1151] SELECT c_asigna FROM dace004 WHERE exp_e='11-21328281' AND c_asigna='320323' AND status IN ('0','3','B','C') [1][0] OK
C:[19/08/2013 11:05:46.05][181.185.214.202][1182] SELECT par_cod_asig1,par_cod_asig2,par_cod_asig3 FROM tblaca009_p_int WHERE pensum='5' AND c_uni_ca='2' AND c_asigna='322436' [1][0] OK
C:[19/08/2013 11:05:46.05][181.185.214.202][1182] SELECT par_cod_asig1,par_cod_asig2,par_cod_asig3 FROM tblaca009_p_int WHERE pensum='5' AND c_uni_ca='2' AND c_asigna='322558' [1][0] OK
C:[19/08/2013 11:05:46.31][181.185.214.202][1312] SELECT horas_lab FROM tblaca008 WHERE c_asigna='322436' AND horas_teoricas > 0 [1][0] OK
C:[19/08/2013 11:05:46.31][181.185.214.202][1312] SELECT horas_lab FROM tblaca008 WHERE c_asigna='322558' AND horas_teoricas > 0 [1][0] OK
C:[19/08/2013 11:06:20.14][200.84.65.155][1138] SELECT pre_cod_asig1,pre_cod_asig2,pre_cod_asig3,pre_cod_asig4,pre_cod_asig5,pre_cod_asig6,pre_cod_asig7 FROM tblaca009_p_int WHERE pensum='5' AND c_uni_ca='4' AND c_asigna='330435' [1][0] OK
C:[19/08/2013 11:06:20.83][200.84.65.155][1182] SELECT par_cod_asig1,par_cod_asig2,par_cod_asig3 FROM tblaca009_p_int WHERE pensum='5' AND c_uni_ca='4' AND c_asigna='330435' [1][0] OK
C:[19/08/2013 11:06:20.08][200.84.65.155][1312] SELECT horas_lab FROM tblaca008 WHERE c_asigna='330435' AND horas_teoricas > 0 [1][0] OK
C:[19/08/2013 11:06:22.26][190.199.92.188][1138] SELECT pre_cod_asig1,pre_cod_asig2,pre_cod_asig3,pre_cod_asig4,pre_cod_asig5,pre_cod_asig6,pre_cod_asig7 FROM tblaca009_p_int WHERE pensum='5' AND c_uni_ca='3' AND c_asigna='300313' [1][0] OK
C:[19/08/2013 11:06:22.26][190.199.92.188][1151] SELECT c_asigna FROM dace004 WHERE exp_e='09-24039201' AND c_asigna='300213' AND status IN ('0','3','B','C') [1][0] OK
C:[19/08/2013 11:06:22.50][190.199.92.188][1182] SELECT par_cod_asig1,par_cod_asig2,par_cod_asig3 FROM tblaca009_p_int WHERE pensum='5' AND c_uni_ca='3' AND c_asigna='300313' [1][0] OK
C:[19/08/2013 11:06:22.64][190.199.92.188][1312] SELECT horas_lab FROM tblaca008 WHERE c_asigna='300313' AND horas_teoricas > 0 [1][0] OK
C:[19/08/2013 11:06:32.73][186.89.193.105][1138] SELECT pre_cod_asig1,pre_cod_asig2,pre_cod_asig3,pre_cod_asig4,pre_cod_asig5,pre_cod_asig6,pre_cod_asig7 FROM tblaca009_p_int WHERE pensum='5' AND c_uni_ca='2' AND c_asigna='322702' [1][0] OK
C:[19/08/2013 11:06:32.73][186.89.193.105][1151] SELECT c_asigna FROM dace004 WHERE exp_e='07-18666841' AND c_asigna='322683' AND status IN ('0','3','B','C') [1][0] OK
C:[19/08/2013 11:06:32.73][186.89.193.105][1138] SELECT pre_cod_asig1,pre_cod_asig2,pre_cod_asig3,pre_cod_asig4,pre_cod_asig5,pre_cod_asig6,pre_cod_asig7 FROM tblaca009_p_int WHERE pensum='5' AND c_uni_ca='2' AND c_asigna='322826' [1][0] OK
C:[19/08/2013 11:06:32.73][186.89.193.105][1151] SELECT c_asigna FROM dace004 WHERE exp_e='07-18666841' AND c_asigna='322683' AND status IN ('0','3','B','C') [1][0] OK
C:[19/08/2013 11:06:32.73][186.89.193.105][1138] SELECT pre_cod_asig1,pre_cod_asig2,pre_cod_asig3,pre_cod_asig4,pre_cod_asig5,pre_cod_asig6,pre_cod_asig7 FROM tblaca009_p_int WHERE pensum='5' AND c_uni_ca='2' AND c_asigna='322904' [1][0] OK
C:[19/08/2013 11:06:32.35][186.89.193.105][1182] SELECT par_cod_asig1,par_cod_asig2,par_cod_asig3 FROM tblaca009_p_int WHERE pensum='5' AND c_uni_ca='2' AND c_asigna='322702' [1][0] OK
C:[19/08/2013 11:06:32.35][186.89.193.105][1182] SELECT par_cod_asig1,par_cod_asig2,par_cod_asig3 FROM tblaca009_p_int WHERE pensum='5' AND c_uni_ca='2' AND c_asigna='322826' [1][0] OK
C:[19/08/2013 11:06:32.35][186.89.193.105][1182] SELECT par_cod_asig1,par_cod_asig2,par_cod_asig3 FROM tblaca009_p_int WHERE pensum='5' AND c_uni_ca='2' AND c_asigna='322904' [1][0] OK
C:[19/08/2013 11:06:32.73][186.89.193.105][1312] SELECT horas_lab FROM tblaca008 WHERE c_asigna='322702' AND horas_teoricas > 0 [1][0] OK
C:[19/08/2013 11:06:32.73][186.89.193.105][1312] SELECT horas_lab FROM tblaca008 WHERE c_asigna='322826' AND horas_teoricas > 0 [1][0] OK
C:[19/08/2013 11:06:32.73][186.89.193.105][1312] SELECT horas_lab FROM tblaca008 WHERE c_asigna='322904' AND horas_teoricas > 0 [1][0] OK
C:[19/08/2013 11:07:20.60][190.73.233.41][1138] SELECT pre_cod_asig1,pre_cod_asig2,pre_cod_asig3,pre_cod_asig4,pre_cod_asig5,pre_cod_asig6,pre_cod_asig7 FROM tblaca009_p_int WHERE pensum='5' AND c_uni_ca='2' AND c_asigna='322801' [1][0] OK
C:[19/08/2013 11:07:20.60][190.73.233.41][1151] SELECT c_asigna FROM dace004 WHERE exp_e='09-20223856' AND c_asigna='322780' AND status IN ('0','3','B','C') [1][0] OK
C:[19/08/2013 11:07:20.60][190.73.233.41][1138] SELECT pre_cod_asig1,pre_cod_asig2,pre_cod_asig3,pre_cod_asig4,pre_cod_asig5,pre_cod_asig6,pre_cod_asig7 FROM tblaca009_p_int WHERE pensum='5' AND c_uni_ca='2' AND c_asigna='322904' [1][0] OK
C:[19/08/2013 11:07:20.54][190.73.233.41][1182] SELECT par_cod_asig1,par_cod_asig2,par_cod_asig3 FROM tblaca009_p_int WHERE pensum='5' AND c_uni_ca='2' AND c_asigna='322801' [1][0] OK
C:[19/08/2013 11:07:20.54][190.73.233.41][1182] SELECT par_cod_asig1,par_cod_asig2,par_cod_asig3 FROM tblaca009_p_int WHERE pensum='5' AND c_uni_ca='2' AND c_asigna='322904' [1][0] OK
C:[19/08/2013 11:07:20.80][190.73.233.41][1312] SELECT horas_lab FROM tblaca008 WHERE c_asigna='322801' AND horas_teoricas > 0 [1][0] OK
C:[19/08/2013 11:07:20.80][190.73.233.41][1312] SELECT horas_lab FROM tblaca008 WHERE c_asigna='322904' AND horas_teoricas > 0 [1][0] OK
C:[19/08/2013 11:08:04.66][190.199.92.188][1138] SELECT pre_cod_asig1,pre_cod_asig2,pre_cod_asig3,pre_cod_asig4,pre_cod_asig5,pre_cod_asig6,pre_cod_asig7 FROM tblaca009_p_int WHERE pensum='5' AND c_uni_ca='6' AND c_asigna='344689' [1][0] OK
C:[19/08/2013 11:08:04.66][190.199.92.188][1151] SELECT c_asigna FROM dace004 WHERE exp_e='09-20223719' AND c_asigna='300209' AND status IN ('0','3','B','C') [1][0] OK
C:[19/08/2013 11:08:04.46][190.199.92.188][1182] SELECT par_cod_asig1,par_cod_asig2,par_cod_asig3 FROM tblaca009_p_int WHERE pensum='5' AND c_uni_ca='6' AND c_asigna='344689' [1][0] OK
C:[19/08/2013 11:08:04.60][190.199.92.188][1312] SELECT horas_lab FROM tblaca008 WHERE c_asigna='344689' AND horas_teoricas > 0 [1][0] OK
C:[19/08/2013 11:08:11.65][186.90.124.19][1138] SELECT pre_cod_asig1,pre_cod_asig2,pre_cod_asig3,pre_cod_asig4,pre_cod_asig5,pre_cod_asig6,pre_cod_asig7 FROM tblaca009_p_int WHERE pensum='5' AND c_uni_ca='6' AND c_asigna='344715' [1][0] OK
C:[19/08/2013 11:08:11.65][186.90.124.19][1151] SELECT c_asigna FROM dace004 WHERE exp_e='09-21007939' AND c_asigna='344688' AND status IN ('0','3','B','C') [1][0] OK
C:[19/08/2013 11:08:11.65][186.90.124.19][1151] SELECT c_asigna FROM dace004 WHERE exp_e='09-21007939' AND c_asigna='344613' AND status IN ('0','3','B','C') [1][0] OK
C:[19/08/2013 11:08:11.65][186.90.124.19][1138] SELECT pre_cod_asig1,pre_cod_asig2,pre_cod_asig3,pre_cod_asig4,pre_cod_asig5,pre_cod_asig6,pre_cod_asig7 FROM tblaca009_p_int WHERE pensum='5' AND c_uni_ca='6' AND c_asigna='344733' [1][0] OK
C:[19/08/2013 11:08:11.15][186.90.124.19][1182] SELECT par_cod_asig1,par_cod_asig2,par_cod_asig3 FROM tblaca009_p_int WHERE pensum='5' AND c_uni_ca='6' AND c_asigna='344715' [1][0] OK
C:[19/08/2013 11:08:11.15][186.90.124.19][1182] SELECT par_cod_asig1,par_cod_asig2,par_cod_asig3 FROM tblaca009_p_int WHERE pensum='5' AND c_uni_ca='6' AND c_asigna='344733' [1][0] OK
C:[19/08/2013 11:08:11.41][186.90.124.19][1312] SELECT horas_lab FROM tblaca008 WHERE c_asigna='344715' AND horas_teoricas > 0 [1][0] OK
C:[19/08/2013 11:08:11.41][186.90.124.19][1312] SELECT horas_lab FROM tblaca008 WHERE c_asigna='344733' AND horas_teoricas > 0 [1][0] OK
C:[19/08/2013 11:08:27.93][200.90.99.200][1138] SELECT pre_cod_asig1,pre_cod_asig2,pre_cod_asig3,pre_cod_asig4,pre_cod_asig5,pre_cod_asig6,pre_cod_asig7 FROM tblaca009_p_int WHERE pensum='5' AND c_uni_ca='2' AND c_asigna='322826' [1][0] OK
C:[19/08/2013 11:08:27.93][200.90.99.200][1151] SELECT c_asigna FROM dace004 WHERE exp_e='09-21248400' AND c_asigna='322683' AND status IN ('0','3','B','C') [1][0] OK
C:[19/08/2013 11:08:27.93][200.90.99.200][1138] SELECT pre_cod_asig1,pre_cod_asig2,pre_cod_asig3,pre_cod_asig4,pre_cod_asig5,pre_cod_asig6,pre_cod_asig7 FROM tblaca009_p_int WHERE pensum='5' AND c_uni_ca='2' AND c_asigna='322904' [1][0] OK
C:[19/08/2013 11:08:27.93][200.90.99.200][1138] SELECT pre_cod_asig1,pre_cod_asig2,pre_cod_asig3,pre_cod_asig4,pre_cod_asig5,pre_cod_asig6,pre_cod_asig7 FROM tblaca009_p_int WHERE pensum='5' AND c_uni_ca='2' AND c_asigna='322041' [1][0] OK
C:[19/08/2013 11:08:27.01][200.90.99.200][1182] SELECT par_cod_asig1,par_cod_asig2,par_cod_asig3 FROM tblaca009_p_int WHERE pensum='5' AND c_uni_ca='2' AND c_asigna='322826' [1][0] OK
C:[19/08/2013 11:08:27.01][200.90.99.200][1182] SELECT par_cod_asig1,par_cod_asig2,par_cod_asig3 FROM tblaca009_p_int WHERE pensum='5' AND c_uni_ca='2' AND c_asigna='322904' [1][0] OK
C:[19/08/2013 11:08:27.01][200.90.99.200][1182] SELECT par_cod_asig1,par_cod_asig2,par_cod_asig3 FROM tblaca009_p_int WHERE pensum='5' AND c_uni_ca='2' AND c_asigna='322041' [1][0] OK
C:[19/08/2013 11:08:27.38][200.90.99.200][1312] SELECT horas_lab FROM tblaca008 WHERE c_asigna='322826' AND horas_teoricas > 0 [1][0] OK
C:[19/08/2013 11:08:27.38][200.90.99.200][1312] SELECT horas_lab FROM tblaca008 WHERE c_asigna='322904' AND horas_teoricas > 0 [1][0] OK
C:[19/08/2013 11:08:27.38][200.90.99.200][1312] SELECT horas_lab FROM tblaca008 WHERE c_asigna='322041' AND horas_teoricas > 0 [1][0] OK
C:[19/08/2013 11:08:28.35][190.207.35.110][1138] SELECT pre_cod_asig1,pre_cod_asig2,pre_cod_asig3,pre_cod_asig4,pre_cod_asig5,pre_cod_asig6,pre_cod_asig7 FROM tblaca009_p_int WHERE pensum='5' AND c_uni_ca='3' AND c_asigna='311551' [1][0] OK
C:[19/08/2013 11:08:28.35][190.207.35.110][1151] SELECT c_asigna FROM dace004 WHERE exp_e='07-18886082' AND c_asigna='311430' AND status IN ('0','3','B','C') [1][0] OK
C:[19/08/2013 11:08:28.35][190.207.35.110][1138] SELECT pre_cod_asig1,pre_cod_asig2,pre_cod_asig3,pre_cod_asig4,pre_cod_asig5,pre_cod_asig6,pre_cod_asig7 FROM tblaca009_p_int WHERE pensum='5' AND c_uni_ca='3' AND c_asigna='311556' [1][0] OK
C:[19/08/2013 11:08:28.35][190.207.35.110][1151] SELECT c_asigna FROM dace004 WHERE exp_e='07-18886082' AND c_asigna='311430' AND status IN ('0','3','B','C') [1][0] OK
C:[19/08/2013 11:08:28.84][190.207.35.110][1182] SELECT par_cod_asig1,par_cod_asig2,par_cod_asig3 FROM tblaca009_p_int WHERE pensum='5' AND c_uni_ca='3' AND c_asigna='311551' [1][0] OK
C:[19/08/2013 11:08:28.84][190.207.35.110][1182] SELECT par_cod_asig1,par_cod_asig2,par_cod_asig3 FROM tblaca009_p_int WHERE pensum='5' AND c_uni_ca='3' AND c_asigna='311556' [1][0] OK
C:[19/08/2013 11:08:28.10][190.207.35.110][1312] SELECT horas_lab FROM tblaca008 WHERE c_asigna='311551' AND horas_teoricas > 0 [1][0] OK
C:[19/08/2013 11:08:28.10][190.207.35.110][1312] SELECT horas_lab FROM tblaca008 WHERE c_asigna='311556' AND horas_teoricas > 0 [0][0] OK
C:[19/08/2013 11:09:13.07][68.171.231.81][1138] SELECT pre_cod_asig1,pre_cod_asig2,pre_cod_asig3,pre_cod_asig4,pre_cod_asig5,pre_cod_asig6,pre_cod_asig7 FROM tblaca009_p_int WHERE pensum='5' AND c_uni_ca='3' AND c_asigna='312333' [1][0] OK
C:[19/08/2013 11:09:13.07][68.171.231.81][1151] SELECT c_asigna FROM dace004 WHERE exp_e='11-25124013' AND c_asigna='300228' AND status IN ('0','3','B','C') [1][0] OK
C:[19/08/2013 11:09:13.89][68.171.231.81][1182] SELECT par_cod_asig1,par_cod_asig2,par_cod_asig3 FROM tblaca009_p_int WHERE pensum='5' AND c_uni_ca='3' AND c_asigna='312333' [1][0] OK
C:[19/08/2013 11:09:13.03][68.171.231.81][1312] SELECT horas_lab FROM tblaca008 WHERE c_asigna='312333' AND horas_teoricas > 0 [1][0] OK
C:[19/08/2013 11:10:04.05][190.73.143.78][1138] SELECT pre_cod_asig1,pre_cod_asig2,pre_cod_asig3,pre_cod_asig4,pre_cod_asig5,pre_cod_asig6,pre_cod_asig7 FROM tblaca009_p_int WHERE pensum='5' AND c_uni_ca='6' AND c_asigna='300956' [1][0] OK
C:[19/08/2013 11:10:04.05][190.73.143.78][1151] SELECT c_asigna FROM dace004 WHERE exp_e='06-17632061' AND c_asigna='300422' AND status IN ('0','3','B','C') [1][0] OK
C:[19/08/2013 11:10:04.87][190.73.143.78][1182] SELECT par_cod_asig1,par_cod_asig2,par_cod_asig3 FROM tblaca009_p_int WHERE pensum='5' AND c_uni_ca='6' AND c_asigna='300956' [1][0] OK
C:[19/08/2013 11:10:04.01][190.73.143.78][1312] SELECT horas_lab FROM tblaca008 WHERE c_asigna='300956' AND horas_teoricas > 0 [1][0] OK
C:[19/08/2013 11:10:15.80][190.73.233.175][1138] SELECT pre_cod_asig1,pre_cod_asig2,pre_cod_asig3,pre_cod_asig4,pre_cod_asig5,pre_cod_asig6,pre_cod_asig7 FROM tblaca009_p_int WHERE pensum='5' AND c_uni_ca='2' AND c_asigna='300956' [1][0] OK
C:[19/08/2013 11:10:15.80][190.73.233.175][1151] SELECT c_asigna FROM dace004 WHERE exp_e='07-20037245' AND c_asigna='300422' AND status IN ('0','3','B','C') [1][0] OK
C:[19/08/2013 11:10:15.80][190.73.233.175][1138] SELECT pre_cod_asig1,pre_cod_asig2,pre_cod_asig3,pre_cod_asig4,pre_cod_asig5,pre_cod_asig6,pre_cod_asig7 FROM tblaca009_p_int WHERE pensum='5' AND c_uni_ca='2' AND c_asigna='322041' [1][0] OK
C:[19/08/2013 11:10:15.18][190.73.233.175][1182] SELECT par_cod_asig1,par_cod_asig2,par_cod_asig3 FROM tblaca009_p_int WHERE pensum='5' AND c_uni_ca='2' AND c_asigna='300956' [1][0] OK
C:[19/08/2013 11:10:15.18][190.73.233.175][1182] SELECT par_cod_asig1,par_cod_asig2,par_cod_asig3 FROM tblaca009_p_int WHERE pensum='5' AND c_uni_ca='2' AND c_asigna='322041' [1][0] OK
C:[19/08/2013 11:10:15.45][190.73.233.175][1312] SELECT horas_lab FROM tblaca008 WHERE c_asigna='300956' AND horas_teoricas > 0 [1][0] OK
C:[19/08/2013 11:10:15.45][190.73.233.175][1312] SELECT horas_lab FROM tblaca008 WHERE c_asigna='322041' AND horas_teoricas > 0 [1][0] OK
C:[19/08/2013 11:10:25.70][186.90.184.217][1138] SELECT pre_cod_asig1,pre_cod_asig2,pre_cod_asig3,pre_cod_asig4,pre_cod_asig5,pre_cod_asig6,pre_cod_asig7 FROM tblaca009_p_int WHERE pensum='5' AND c_uni_ca='5' AND c_asigna='351451' [1][0] OK
C:[19/08/2013 11:10:25.70][186.90.184.217][1151] SELECT c_asigna FROM dace004 WHERE exp_e='11-21247479' AND c_asigna='351330' AND status IN ('0','3','B','C') [1][0] OK
C:[19/08/2013 11:10:25.70][186.90.184.217][1151] SELECT c_asigna FROM dace004 WHERE exp_e='11-21247479' AND c_asigna='355350' AND status IN ('0','3','B','C') [1][0] OK
C:[19/08/2013 11:10:25.70][186.90.184.217][1151] SELECT c_asigna FROM dace004 WHERE exp_e='11-21247479' AND c_asigna='300318' AND status IN ('0','3','B','C') [1][0] OK
C:[19/08/2013 11:10:25.76][186.90.184.217][1182] SELECT par_cod_asig1,par_cod_asig2,par_cod_asig3 FROM tblaca009_p_int WHERE pensum='5' AND c_uni_ca='5' AND c_asigna='351451' [1][0] OK
C:[19/08/2013 11:10:25.90][186.90.184.217][1312] SELECT horas_lab FROM tblaca008 WHERE c_asigna='351451' AND horas_teoricas > 0 [1][0] OK
C:[19/08/2013 11:11:32.33][190.199.92.188][1138] SELECT pre_cod_asig1,pre_cod_asig2,pre_cod_asig3,pre_cod_asig4,pre_cod_asig5,pre_cod_asig6,pre_cod_asig7 FROM tblaca009_p_int WHERE pensum='5' AND c_uni_ca='4' AND c_asigna='300207' [1][0] OK
C:[19/08/2013 11:11:32.33][190.199.92.188][1151] SELECT c_asigna FROM dace004 WHERE exp_e='11-20936918' AND c_asigna='300101' AND status IN ('0','3','B','C') [1][0] OK
C:[19/08/2013 11:11:32.33][190.199.92.188][1138] SELECT pre_cod_asig1,pre_cod_asig2,pre_cod_asig3,pre_cod_asig4,pre_cod_asig5,pre_cod_asig6,pre_cod_asig7 FROM tblaca009_p_int WHERE pensum='5' AND c_uni_ca='4' AND c_asigna='300213' [1][0] OK
C:[19/08/2013 11:11:32.33][190.199.92.188][1151] SELECT c_asigna FROM dace004 WHERE exp_e='11-20936918' AND c_asigna='300101' AND status IN ('0','3','B','C') [1][0] OK
C:[19/08/2013 11:11:32.76][190.199.92.188][1182] SELECT par_cod_asig1,par_cod_asig2,par_cod_asig3 FROM tblaca009_p_int WHERE pensum='5' AND c_uni_ca='4' AND c_asigna='300207' [1][0] OK
C:[19/08/2013 11:11:32.76][190.199.92.188][1182] SELECT par_cod_asig1,par_cod_asig2,par_cod_asig3 FROM tblaca009_p_int WHERE pensum='5' AND c_uni_ca='4' AND c_asigna='300213' [1][0] OK
C:[19/08/2013 11:11:32.58][190.199.92.188][1312] SELECT horas_lab FROM tblaca008 WHERE c_asigna='300207' AND horas_teoricas > 0 [1][0] OK
C:[19/08/2013 11:11:32.58][190.199.92.188][1312] SELECT horas_lab FROM tblaca008 WHERE c_asigna='300213' AND horas_teoricas > 0 [1][0] OK
C:[19/08/2013 11:11:42.53][172.16.4.247][1138] SELECT pre_cod_asig1,pre_cod_asig2,pre_cod_asig3,pre_cod_asig4,pre_cod_asig5,pre_cod_asig6,pre_cod_asig7 FROM tblaca009_p_int WHERE pensum='5' AND c_uni_ca='6' AND c_asigna='344688' [1][0] OK
C:[19/08/2013 11:11:42.53][172.16.4.247][1151] SELECT c_asigna FROM dace004 WHERE exp_e='07-20299536' AND c_asigna='344565' AND status IN ('0','3','B','C') [1][0] OK
C:[19/08/2013 11:11:42.53][172.16.4.247][1138] SELECT pre_cod_asig1,pre_cod_asig2,pre_cod_asig3,pre_cod_asig4,pre_cod_asig5,pre_cod_asig6,pre_cod_asig7 FROM tblaca009_p_int WHERE pensum='5' AND c_uni_ca='6' AND c_asigna='344689' [1][0] OK
C:[19/08/2013 11:11:42.53][172.16.4.247][1151] SELECT c_asigna FROM dace004 WHERE exp_e='07-20299536' AND c_asigna='300209' AND status IN ('0','3','B','C') [1][0] OK
C:[19/08/2013 11:11:42.04][172.16.4.247][1182] SELECT par_cod_asig1,par_cod_asig2,par_cod_asig3 FROM tblaca009_p_int WHERE pensum='5' AND c_uni_ca='6' AND c_asigna='344688' [1][0] OK
C:[19/08/2013 11:11:42.04][172.16.4.247][1182] SELECT par_cod_asig1,par_cod_asig2,par_cod_asig3 FROM tblaca009_p_int WHERE pensum='5' AND c_uni_ca='6' AND c_asigna='344689' [1][0] OK
C:[19/08/2013 11:11:42.30][172.16.4.247][1312] SELECT horas_lab FROM tblaca008 WHERE c_asigna='344688' AND horas_teoricas > 0 [1][0] OK
C:[19/08/2013 11:11:42.30][172.16.4.247][1312] SELECT horas_lab FROM tblaca008 WHERE c_asigna='344689' AND horas_teoricas > 0 [1][0] OK
C:[19/08/2013 11:11:42.13][68.171.231.86][1138] SELECT pre_cod_asig1,pre_cod_asig2,pre_cod_asig3,pre_cod_asig4,pre_cod_asig5,pre_cod_asig6,pre_cod_asig7 FROM tblaca009_p_int WHERE pensum='5' AND c_uni_ca='2' AND c_asigna='322826' [1][0] OK
C:[19/08/2013 11:11:42.13][68.171.231.86][1151] SELECT c_asigna FROM dace004 WHERE exp_e='10-20808567' AND c_asigna='322683' AND status IN ('0','3','B','C') [1][0] OK
C:[19/08/2013 11:11:42.38][68.171.231.86][1182] SELECT par_cod_asig1,par_cod_asig2,par_cod_asig3 FROM tblaca009_p_int WHERE pensum='5' AND c_uni_ca='2' AND c_asigna='322826' [1][0] OK
C:[19/08/2013 11:11:42.53][68.171.231.86][1312] SELECT horas_lab FROM tblaca008 WHERE c_asigna='322826' AND horas_teoricas > 0 [1][0] OK
C:[19/08/2013 11:12:01.01][200.90.126.215][1138] SELECT pre_cod_asig1,pre_cod_asig2,pre_cod_asig3,pre_cod_asig4,pre_cod_asig5,pre_cod_asig6,pre_cod_asig7 FROM tblaca009_p_int WHERE pensum='5' AND c_uni_ca='3' AND c_asigna='300207' [1][0] OK
C:[19/08/2013 11:12:01.01][200.90.126.215][1151] SELECT c_asigna FROM dace004 WHERE exp_e='12-20035534' AND c_asigna='300101' AND status IN ('0','3','B','C') [1][0] OK
C:[19/08/2013 11:12:01.01][200.90.126.215][1138] SELECT pre_cod_asig1,pre_cod_asig2,pre_cod_asig3,pre_cod_asig4,pre_cod_asig5,pre_cod_asig6,pre_cod_asig7 FROM tblaca009_p_int WHERE pensum='5' AND c_uni_ca='3' AND c_asigna='300209' [1][0] OK
C:[19/08/2013 11:12:01.01][200.90.126.215][1151] SELECT c_asigna FROM dace004 WHERE exp_e='12-20035534' AND c_asigna='300101' AND status IN ('0','3','B','C') [1][0] OK
C:[19/08/2013 11:12:01.07][200.90.126.215][1182] SELECT par_cod_asig1,par_cod_asig2,par_cod_asig3 FROM tblaca009_p_int WHERE pensum='5' AND c_uni_ca='3' AND c_asigna='300207' [1][0] OK
C:[19/08/2013 11:12:01.07][200.90.126.215][1182] SELECT par_cod_asig1,par_cod_asig2,par_cod_asig3 FROM tblaca009_p_int WHERE pensum='5' AND c_uni_ca='3' AND c_asigna='300209' [1][0] OK
C:[19/08/2013 11:12:01.34][200.90.126.215][1312] SELECT horas_lab FROM tblaca008 WHERE c_asigna='300207' AND horas_teoricas > 0 [1][0] OK
C:[19/08/2013 11:12:01.34][200.90.126.215][1312] SELECT horas_lab FROM tblaca008 WHERE c_asigna='300209' AND horas_teoricas > 0 [1][0] OK
C:[19/08/2013 11:12:03.67][172.16.4.254][1138] SELECT pre_cod_asig1,pre_cod_asig2,pre_cod_asig3,pre_cod_asig4,pre_cod_asig5,pre_cod_asig6,pre_cod_asig7 FROM tblaca009_p_int WHERE pensum='5' AND c_uni_ca='5' AND c_asigna='355722' [1][0] OK
C:[19/08/2013 11:12:03.67][172.16.4.254][1151] SELECT c_asigna FROM dace004 WHERE exp_e='09-20804675' AND c_asigna='355691' AND status IN ('0','3','B','C') [1][0] OK
C:[19/08/2013 11:12:03.67][172.16.4.254][1151] SELECT c_asigna FROM dace004 WHERE exp_e='09-20804675' AND c_asigna='355595' AND status IN ('0','3','B','C') [1][0] OK
C:[19/08/2013 11:12:03.05][172.16.4.254][1182] SELECT par_cod_asig1,par_cod_asig2,par_cod_asig3 FROM tblaca009_p_int WHERE pensum='5' AND c_uni_ca='5' AND c_asigna='355722' [1][0] OK
C:[19/08/2013 11:12:03.18][172.16.4.254][1312] SELECT horas_lab FROM tblaca008 WHERE c_asigna='355722' AND horas_teoricas > 0 [1][0] OK
C:[19/08/2013 11:12:11.24][190.206.228.73][1138] SELECT pre_cod_asig1,pre_cod_asig2,pre_cod_asig3,pre_cod_asig4,pre_cod_asig5,pre_cod_asig6,pre_cod_asig7 FROM tblaca009_p_int WHERE pensum='5' AND c_uni_ca='3' AND c_asigna='311673' [1][0] OK
C:[19/08/2013 11:12:11.24][190.206.228.73][1151] SELECT c_asigna FROM dace004 WHERE exp_e='07-20013087' AND c_asigna='311551' AND status IN ('0','3','B','C') [1][0] OK
C:[19/08/2013 11:12:11.24][190.206.228.73][1138] SELECT pre_cod_asig1,pre_cod_asig2,pre_cod_asig3,pre_cod_asig4,pre_cod_asig5,pre_cod_asig6,pre_cod_asig7 FROM tblaca009_p_int WHERE pensum='5' AND c_uni_ca='3' AND c_asigna='311824' [1][0] OK
C:[19/08/2013 11:12:11.24][190.206.228.73][1151] SELECT c_asigna FROM dace004 WHERE exp_e='07-20013087' AND c_asigna='311796' AND status IN ('0','3','B','C') [1][0] OK
C:[19/08/2013 11:12:11.31][190.206.228.73][1182] SELECT par_cod_asig1,par_cod_asig2,par_cod_asig3 FROM tblaca009_p_int WHERE pensum='5' AND c_uni_ca='3' AND c_asigna='311673' [1][0] OK
C:[19/08/2013 11:12:11.31][190.206.228.73][1182] SELECT par_cod_asig1,par_cod_asig2,par_cod_asig3 FROM tblaca009_p_int WHERE pensum='5' AND c_uni_ca='3' AND c_asigna='311824' [1][0] OK
C:[19/08/2013 11:12:11.57][190.206.228.73][1312] SELECT horas_lab FROM tblaca008 WHERE c_asigna='311673' AND horas_teoricas > 0 [1][0] OK
C:[19/08/2013 11:12:11.57][190.206.228.73][1312] SELECT horas_lab FROM tblaca008 WHERE c_asigna='311824' AND horas_teoricas > 0 [1][0] OK
C:[19/08/2013 11:12:15.17][190.198.150.96][1138] SELECT pre_cod_asig1,pre_cod_asig2,pre_cod_asig3,pre_cod_asig4,pre_cod_asig5,pre_cod_asig6,pre_cod_asig7 FROM tblaca009_p_int WHERE pensum='5' AND c_uni_ca='5' AND c_asigna='355693' [1][0] OK
C:[19/08/2013 11:12:15.17][190.198.150.96][1151] SELECT c_asigna FROM dace004 WHERE exp_e='07-18886348' AND c_asigna='355572' AND status IN ('0','3','B','C') [1][0] OK
C:[19/08/2013 11:12:15.17][190.198.150.96][1151] SELECT c_asigna FROM dace004 WHERE exp_e='07-18886348' AND c_asigna='352440' AND status IN ('0','3','B','C') [1][0] OK
C:[19/08/2013 11:12:15.17][190.198.150.96][1151] SELECT c_asigna FROM dace004 WHERE exp_e='07-18886348' AND c_asigna='355573' AND status IN ('0','3','B','C') [1][0] OK
C:[19/08/2013 11:12:15.67][190.198.150.96][1182] SELECT par_cod_asig1,par_cod_asig2,par_cod_asig3 FROM tblaca009_p_int WHERE pensum='5' AND c_uni_ca='5' AND c_asigna='355693' [1][0] OK
C:[19/08/2013 11:12:15.80][190.198.150.96][1312] SELECT horas_lab FROM tblaca008 WHERE c_asigna='355693' AND horas_teoricas > 0 [1][0] OK
C:[19/08/2013 11:12:58.11][68.171.231.83][1138] SELECT pre_cod_asig1,pre_cod_asig2,pre_cod_asig3,pre_cod_asig4,pre_cod_asig5,pre_cod_asig6,pre_cod_asig7 FROM tblaca009_p_int WHERE pensum='5' AND c_uni_ca='3' AND c_asigna='312333' [1][0] OK
C:[19/08/2013 11:12:58.11][68.171.231.83][1151] SELECT c_asigna FROM dace004 WHERE exp_e='11-25124013' AND c_asigna='300228' AND status IN ('0','3','B','C') [1][0] OK
C:[19/08/2013 11:12:58.93][68.171.231.83][1182] SELECT par_cod_asig1,par_cod_asig2,par_cod_asig3 FROM tblaca009_p_int WHERE pensum='5' AND c_uni_ca='3' AND c_asigna='312333' [1][0] OK
C:[19/08/2013 11:12:58.06][68.171.231.83][1312] SELECT horas_lab FROM tblaca008 WHERE c_asigna='312333' AND horas_teoricas > 0 [1][0] OK
C:[19/08/2013 11:15:52.21][190.142.155.71][1138] SELECT pre_cod_asig1,pre_cod_asig2,pre_cod_asig3,pre_cod_asig4,pre_cod_asig5,pre_cod_asig6,pre_cod_asig7 FROM tblaca009_p_int WHERE pensum='5' AND c_uni_ca='4' AND c_asigna='333639' [1][0] OK
C:[19/08/2013 11:15:52.21][190.142.155.71][1151] SELECT c_asigna FROM dace004 WHERE exp_e='10-21109624' AND c_asigna='333585' AND status IN ('0','3','B','C') [1][0] OK
C:[19/08/2013 11:15:52.21][190.142.155.71][1138] SELECT pre_cod_asig1,pre_cod_asig2,pre_cod_asig3,pre_cod_asig4,pre_cod_asig5,pre_cod_asig6,pre_cod_asig7 FROM tblaca009_p_int WHERE pensum='5' AND c_uni_ca='4' AND c_asigna='334781' [1][0] OK
C:[19/08/2013 11:15:52.21][190.142.155.71][1151] SELECT c_asigna FROM dace004 WHERE exp_e='10-21109624' AND c_asigna='333444' AND status IN ('0','3','B','C') [1][0] OK
C:[19/08/2013 11:15:52.34][190.142.155.71][1182] SELECT par_cod_asig1,par_cod_asig2,par_cod_asig3 FROM tblaca009_p_int WHERE pensum='5' AND c_uni_ca='4' AND c_asigna='333639' [1][0] OK
C:[19/08/2013 11:15:52.34][190.142.155.71][1182] SELECT par_cod_asig1,par_cod_asig2,par_cod_asig3 FROM tblaca009_p_int WHERE pensum='5' AND c_uni_ca='4' AND c_asigna='334781' [1][0] OK
C:[19/08/2013 11:15:52.14][190.142.155.71][1312] SELECT horas_lab FROM tblaca008 WHERE c_asigna='333639' AND horas_teoricas > 0 [1][0] OK
C:[19/08/2013 11:15:52.14][190.142.155.71][1312] SELECT horas_lab FROM tblaca008 WHERE c_asigna='334781' AND horas_teoricas > 0 [1][0] OK
C:[19/08/2013 11:15:53.82][190.73.233.41][1138] SELECT pre_cod_asig1,pre_cod_asig2,pre_cod_asig3,pre_cod_asig4,pre_cod_asig5,pre_cod_asig6,pre_cod_asig7 FROM tblaca009_p_int WHERE pensum='5' AND c_uni_ca='2' AND c_asigna='322904' [1][0] OK
C:[19/08/2013 11:15:53.95][190.73.233.41][1182] SELECT par_cod_asig1,par_cod_asig2,par_cod_asig3 FROM tblaca009_p_int WHERE pensum='5' AND c_uni_ca='2' AND c_asigna='322904' [1][0] OK
C:[19/08/2013 11:15:53.09][190.73.233.41][1312] SELECT horas_lab FROM tblaca008 WHERE c_asigna='322904' AND horas_teoricas > 0 [1][0] OK
C:[19/08/2013 11:16:07.52][190.73.233.175][1138] SELECT pre_cod_asig1,pre_cod_asig2,pre_cod_asig3,pre_cod_asig4,pre_cod_asig5,pre_cod_asig6,pre_cod_asig7 FROM tblaca009_p_int WHERE pensum='5' AND c_uni_ca='2' AND c_asigna='300226' [1][0] OK
C:[19/08/2013 11:16:07.52][190.73.233.175][1151] SELECT c_asigna FROM dace004 WHERE exp_e='07-20702080' AND c_asigna='300116' AND status IN ('0','3','B','C') [1][0] OK
C:[19/08/2013 11:16:07.52][190.73.233.175][1138] SELECT pre_cod_asig1,pre_cod_asig2,pre_cod_asig3,pre_cod_asig4,pre_cod_asig5,pre_cod_asig6,pre_cod_asig7 FROM tblaca009_p_int WHERE pensum='5' AND c_uni_ca='2' AND c_asigna='324862' [1][0] OK
C:[19/08/2013 11:16:07.52][190.73.233.175][1138] SELECT pre_cod_asig1,pre_cod_asig2,pre_cod_asig3,pre_cod_asig4,pre_cod_asig5,pre_cod_asig6,pre_cod_asig7 FROM tblaca009_p_int WHERE pensum='5' AND c_uni_ca='2' AND c_asigna='322041' [1][0] OK
C:[19/08/2013 11:16:07.96][190.73.233.175][1182] SELECT par_cod_asig1,par_cod_asig2,par_cod_asig3 FROM tblaca009_p_int WHERE pensum='5' AND c_uni_ca='2' AND c_asigna='300226' [1][0] OK
C:[19/08/2013 11:16:07.96][190.73.233.175][1182] SELECT par_cod_asig1,par_cod_asig2,par_cod_asig3 FROM tblaca009_p_int WHERE pensum='5' AND c_uni_ca='2' AND c_asigna='324862' [1][0] OK
C:[19/08/2013 11:16:07.96][190.73.233.175][1182] SELECT par_cod_asig1,par_cod_asig2,par_cod_asig3 FROM tblaca009_p_int WHERE pensum='5' AND c_uni_ca='2' AND c_asigna='322041' [1][0] OK
C:[19/08/2013 11:16:07.41][190.73.233.175][1312] SELECT horas_lab FROM tblaca008 WHERE c_asigna='300226' AND horas_teoricas > 0 [1][0] OK
C:[19/08/2013 11:16:07.41][190.73.233.175][1312] SELECT horas_lab FROM tblaca008 WHERE c_asigna='324862' AND horas_teoricas > 0 [1][0] OK
C:[19/08/2013 11:16:07.41][190.73.233.175][1312] SELECT horas_lab FROM tblaca008 WHERE c_asigna='322041' AND horas_teoricas > 0 [1][0] OK
C:[19/08/2013 11:16:26.52][190.199.92.188][1138] SELECT pre_cod_asig1,pre_cod_asig2,pre_cod_asig3,pre_cod_asig4,pre_cod_asig5,pre_cod_asig6,pre_cod_asig7 FROM tblaca009_p_int WHERE pensum='5' AND c_uni_ca='2' AND c_asigna='322702' [1][0] OK
C:[19/08/2013 11:16:26.52][190.199.92.188][1151] SELECT c_asigna FROM dace004 WHERE exp_e='08-19621632' AND c_asigna='322683' AND status IN ('0','3','B','C') [1][0] OK
C:[19/08/2013 11:16:26.52][190.199.92.188][1138] SELECT pre_cod_asig1,pre_cod_asig2,pre_cod_asig3,pre_cod_asig4,pre_cod_asig5,pre_cod_asig6,pre_cod_asig7 FROM tblaca009_p_int WHERE pensum='5' AND c_uni_ca='2' AND c_asigna='322801' [1][0] OK
C:[19/08/2013 11:16:26.52][190.199.92.188][1151] SELECT c_asigna FROM dace004 WHERE exp_e='08-19621632' AND c_asigna='322780' AND status IN ('0','3','B','C') [1][0] OK
C:[19/08/2013 11:16:26.52][190.199.92.188][1138] SELECT pre_cod_asig1,pre_cod_asig2,pre_cod_asig3,pre_cod_asig4,pre_cod_asig5,pre_cod_asig6,pre_cod_asig7 FROM tblaca009_p_int WHERE pensum='5' AND c_uni_ca='2' AND c_asigna='322904' [1][0] OK
C:[19/08/2013 11:16:26.71][190.199.92.188][1182] SELECT par_cod_asig1,par_cod_asig2,par_cod_asig3 FROM tblaca009_p_int WHERE pensum='5' AND c_uni_ca='2' AND c_asigna='322702' [1][0] OK
C:[19/08/2013 11:16:26.71][190.199.92.188][1182] SELECT par_cod_asig1,par_cod_asig2,par_cod_asig3 FROM tblaca009_p_int WHERE pensum='5' AND c_uni_ca='2' AND c_asigna='322801' [1][0] OK
C:[19/08/2013 11:16:26.71][190.199.92.188][1182] SELECT par_cod_asig1,par_cod_asig2,par_cod_asig3 FROM tblaca009_p_int WHERE pensum='5' AND c_uni_ca='2' AND c_asigna='322904' [1][0] OK
C:[19/08/2013 11:16:26.09][190.199.92.188][1312] SELECT horas_lab FROM tblaca008 WHERE c_asigna='322702' AND horas_teoricas > 0 [1][0] OK
C:[19/08/2013 11:16:26.09][190.199.92.188][1312] SELECT horas_lab FROM tblaca008 WHERE c_asigna='322801' AND horas_teoricas > 0 [1][0] OK
C:[19/08/2013 11:16:26.09][190.199.92.188][1312] SELECT horas_lab FROM tblaca008 WHERE c_asigna='322904' AND horas_teoricas > 0 [1][0] OK
C:[19/08/2013 11:16:42.82][172.17.135.249][1138] SELECT pre_cod_asig1,pre_cod_asig2,pre_cod_asig3,pre_cod_asig4,pre_cod_asig5,pre_cod_asig6,pre_cod_asig7 FROM tblaca009_p_int WHERE pensum='5' AND c_uni_ca='2' AND c_asigna='322801' [1][0] OK
C:[19/08/2013 11:16:42.82][172.17.135.249][1151] SELECT c_asigna FROM dace004 WHERE exp_e='09-19870925' AND c_asigna='322780' AND status IN ('0','3','B','C') [1][0] OK
C:[19/08/2013 11:16:42.82][172.17.135.249][1138] SELECT pre_cod_asig1,pre_cod_asig2,pre_cod_asig3,pre_cod_asig4,pre_cod_asig5,pre_cod_asig6,pre_cod_asig7 FROM tblaca009_p_int WHERE pensum='5' AND c_uni_ca='2' AND c_asigna='322826' [1][0] OK
C:[19/08/2013 11:16:42.82][172.17.135.249][1151] SELECT c_asigna FROM dace004 WHERE exp_e='09-19870925' AND c_asigna='322683' AND status IN ('0','3','B','C') [1][0] OK
C:[19/08/2013 11:16:42.88][172.17.135.249][1182] SELECT par_cod_asig1,par_cod_asig2,par_cod_asig3 FROM tblaca009_p_int WHERE pensum='5' AND c_uni_ca='2' AND c_asigna='322801' [1][0] OK
C:[19/08/2013 11:16:42.88][172.17.135.249][1182] SELECT par_cod_asig1,par_cod_asig2,par_cod_asig3 FROM tblaca009_p_int WHERE pensum='5' AND c_uni_ca='2' AND c_asigna='322826' [1][0] OK
C:[19/08/2013 11:16:42.14][172.17.135.249][1312] SELECT horas_lab FROM tblaca008 WHERE c_asigna='322801' AND horas_teoricas > 0 [1][0] OK
C:[19/08/2013 11:16:42.14][172.17.135.249][1312] SELECT horas_lab FROM tblaca008 WHERE c_asigna='322826' AND horas_teoricas > 0 [1][0] OK
C:[19/08/2013 11:16:51.16][181.183.9.139][1138] SELECT pre_cod_asig1,pre_cod_asig2,pre_cod_asig3,pre_cod_asig4,pre_cod_asig5,pre_cod_asig6,pre_cod_asig7 FROM tblaca009_p_int WHERE pensum='5' AND c_uni_ca='2' AND c_asigna='322702' [1][0] OK
C:[19/08/2013 11:16:51.16][181.183.9.139][1151] SELECT c_asigna FROM dace004 WHERE exp_e='08-20805185' AND c_asigna='322683' AND status IN ('0','3','B','C') [1][0] OK
C:[19/08/2013 11:16:51.16][181.183.9.139][1138] SELECT pre_cod_asig1,pre_cod_asig2,pre_cod_asig3,pre_cod_asig4,pre_cod_asig5,pre_cod_asig6,pre_cod_asig7 FROM tblaca009_p_int WHERE pensum='5' AND c_uni_ca='2' AND c_asigna='322826' [1][0] OK
C:[19/08/2013 11:16:51.16][181.183.9.139][1151] SELECT c_asigna FROM dace004 WHERE exp_e='08-20805185' AND c_asigna='322683' AND status IN ('0','3','B','C') [1][0] OK
C:[19/08/2013 11:16:51.16][181.183.9.139][1138] SELECT pre_cod_asig1,pre_cod_asig2,pre_cod_asig3,pre_cod_asig4,pre_cod_asig5,pre_cod_asig6,pre_cod_asig7 FROM tblaca009_p_int WHERE pensum='5' AND c_uni_ca='2' AND c_asigna='322904' [1][0] OK
C:[19/08/2013 11:16:51.79][181.183.9.139][1182] SELECT par_cod_asig1,par_cod_asig2,par_cod_asig3 FROM tblaca009_p_int WHERE pensum='5' AND c_uni_ca='2' AND c_asigna='322702' [1][0] OK
C:[19/08/2013 11:16:51.79][181.183.9.139][1182] SELECT par_cod_asig1,par_cod_asig2,par_cod_asig3 FROM tblaca009_p_int WHERE pensum='5' AND c_uni_ca='2' AND c_asigna='322826' [1][0] OK
C:[19/08/2013 11:16:51.79][181.183.9.139][1182] SELECT par_cod_asig1,par_cod_asig2,par_cod_asig3 FROM tblaca009_p_int WHERE pensum='5' AND c_uni_ca='2' AND c_asigna='322904' [1][0] OK
C:[19/08/2013 11:16:52.17][181.183.9.139][1312] SELECT horas_lab FROM tblaca008 WHERE c_asigna='322702' AND horas_teoricas > 0 [1][0] OK
C:[19/08/2013 11:16:52.17][181.183.9.139][1312] SELECT horas_lab FROM tblaca008 WHERE c_asigna='322826' AND horas_teoricas > 0 [1][0] OK
C:[19/08/2013 11:16:52.17][181.183.9.139][1312] SELECT horas_lab FROM tblaca008 WHERE c_asigna='322904' AND horas_teoricas > 0 [1][0] OK
C:[19/08/2013 11:17:11.06][186.89.193.105][1138] SELECT pre_cod_asig1,pre_cod_asig2,pre_cod_asig3,pre_cod_asig4,pre_cod_asig5,pre_cod_asig6,pre_cod_asig7 FROM tblaca009_p_int WHERE pensum='5' AND c_uni_ca='2' AND c_asigna='322702' [1][0] OK
C:[19/08/2013 11:17:11.06][186.89.193.105][1151] SELECT c_asigna FROM dace004 WHERE exp_e='07-18666841' AND c_asigna='322683' AND status IN ('0','3','B','C') [1][0] OK
C:[19/08/2013 11:17:11.06][186.89.193.105][1138] SELECT pre_cod_asig1,pre_cod_asig2,pre_cod_asig3,pre_cod_asig4,pre_cod_asig5,pre_cod_asig6,pre_cod_asig7 FROM tblaca009_p_int WHERE pensum='5' AND c_uni_ca='2' AND c_asigna='322826' [1][0] OK
C:[19/08/2013 11:17:11.06][186.89.193.105][1151] SELECT c_asigna FROM dace004 WHERE exp_e='07-18666841' AND c_asigna='322683' AND status IN ('0','3','B','C') [1][0] OK
C:[19/08/2013 11:17:11.06][186.89.193.105][1138] SELECT pre_cod_asig1,pre_cod_asig2,pre_cod_asig3,pre_cod_asig4,pre_cod_asig5,pre_cod_asig6,pre_cod_asig7 FROM tblaca009_p_int WHERE pensum='5' AND c_uni_ca='2' AND c_asigna='322904' [1][0] OK
C:[19/08/2013 11:17:11.24][186.89.193.105][1182] SELECT par_cod_asig1,par_cod_asig2,par_cod_asig3 FROM tblaca009_p_int WHERE pensum='5' AND c_uni_ca='2' AND c_asigna='322702' [1][0] OK
C:[19/08/2013 11:17:11.24][186.89.193.105][1182] SELECT par_cod_asig1,par_cod_asig2,par_cod_asig3 FROM tblaca009_p_int WHERE pensum='5' AND c_uni_ca='2' AND c_asigna='322826' [1][0] OK
C:[19/08/2013 11:17:11.24][186.89.193.105][1182] SELECT par_cod_asig1,par_cod_asig2,par_cod_asig3 FROM tblaca009_p_int WHERE pensum='5' AND c_uni_ca='2' AND c_asigna='322904' [1][0] OK
C:[19/08/2013 11:17:11.64][186.89.193.105][1312] SELECT horas_lab FROM tblaca008 WHERE c_asigna='322702' AND horas_teoricas > 0 [1][0] OK
C:[19/08/2013 11:17:11.64][186.89.193.105][1312] SELECT horas_lab FROM tblaca008 WHERE c_asigna='322826' AND horas_teoricas > 0 [1][0] OK
C:[19/08/2013 11:17:11.64][186.89.193.105][1312] SELECT horas_lab FROM tblaca008 WHERE c_asigna='322904' AND horas_teoricas > 0 [1][0] OK
C:[19/08/2013 11:17:35.34][190.201.165.75][1138] SELECT pre_cod_asig1,pre_cod_asig2,pre_cod_asig3,pre_cod_asig4,pre_cod_asig5,pre_cod_asig6,pre_cod_asig7 FROM tblaca009_p_int WHERE pensum='5' AND c_uni_ca='4' AND c_asigna='333639' [1][0] OK
C:[19/08/2013 11:17:35.34][190.201.165.75][1151] SELECT c_asigna FROM dace004 WHERE exp_e='10-22580217' AND c_asigna='333585' AND status IN ('0','3','B','C') [1][0] OK
C:[19/08/2013 11:17:35.34][190.201.165.75][1138] SELECT pre_cod_asig1,pre_cod_asig2,pre_cod_asig3,pre_cod_asig4,pre_cod_asig5,pre_cod_asig6,pre_cod_asig7 FROM tblaca009_p_int WHERE pensum='5' AND c_uni_ca='4' AND c_asigna='334781' [1][0] OK
C:[19/08/2013 11:17:35.34][190.201.165.75][1151] SELECT c_asigna FROM dace004 WHERE exp_e='10-22580217' AND c_asigna='333444' AND status IN ('0','3','B','C') [1][0] OK
C:[19/08/2013 11:17:35.41][190.201.165.75][1182] SELECT par_cod_asig1,par_cod_asig2,par_cod_asig3 FROM tblaca009_p_int WHERE pensum='5' AND c_uni_ca='4' AND c_asigna='333639' [1][0] OK
C:[19/08/2013 11:17:35.41][190.201.165.75][1182] SELECT par_cod_asig1,par_cod_asig2,par_cod_asig3 FROM tblaca009_p_int WHERE pensum='5' AND c_uni_ca='4' AND c_asigna='334781' [1][0] OK
C:[19/08/2013 11:17:35.66][190.201.165.75][1312] SELECT horas_lab FROM tblaca008 WHERE c_asigna='333639' AND horas_teoricas > 0 [1][0] OK
C:[19/08/2013 11:17:35.66][190.201.165.75][1312] SELECT horas_lab FROM tblaca008 WHERE c_asigna='334781' AND horas_teoricas > 0 [1][0] OK
C:[19/08/2013 11:18:05.76][216.72.94.202][1138] SELECT pre_cod_asig1,pre_cod_asig2,pre_cod_asig3,pre_cod_asig4,pre_cod_asig5,pre_cod_asig6,pre_cod_asig7 FROM tblaca009_p_int WHERE pensum='5' AND c_uni_ca='6' AND c_asigna='344687' [1][0] OK
C:[19/08/2013 11:18:05.76][216.72.94.202][1151] SELECT c_asigna FROM dace004 WHERE exp_e='06-18666807' AND c_asigna='344565' AND status IN ('0','3','B','C') [1][0] OK
C:[19/08/2013 11:18:05.76][216.72.94.202][1138] SELECT pre_cod_asig1,pre_cod_asig2,pre_cod_asig3,pre_cod_asig4,pre_cod_asig5,pre_cod_asig6,pre_cod_asig7 FROM tblaca009_p_int WHERE pensum='5' AND c_uni_ca='6' AND c_asigna='344688' [1][0] OK
C:[19/08/2013 11:18:05.76][216.72.94.202][1151] SELECT c_asigna FROM dace004 WHERE exp_e='06-18666807' AND c_asigna='344565' AND status IN ('0','3','B','C') [1][0] OK
C:[19/08/2013 11:18:05.82][216.72.94.202][1182] SELECT par_cod_asig1,par_cod_asig2,par_cod_asig3 FROM tblaca009_p_int WHERE pensum='5' AND c_uni_ca='6' AND c_asigna='344687' [1][0] OK
C:[19/08/2013 11:18:05.82][216.72.94.202][1182] SELECT par_cod_asig1,par_cod_asig2,par_cod_asig3 FROM tblaca009_p_int WHERE pensum='5' AND c_uni_ca='6' AND c_asigna='344688' [1][0] OK
C:[19/08/2013 11:18:05.08][216.72.94.202][1312] SELECT horas_lab FROM tblaca008 WHERE c_asigna='344687' AND horas_teoricas > 0 [1][0] OK
C:[19/08/2013 11:18:05.08][216.72.94.202][1312] SELECT horas_lab FROM tblaca008 WHERE c_asigna='344688' AND horas_teoricas > 0 [1][0] OK
C:[19/08/2013 11:18:32.18][190.199.92.188][1138] SELECT pre_cod_asig1,pre_cod_asig2,pre_cod_asig3,pre_cod_asig4,pre_cod_asig5,pre_cod_asig6,pre_cod_asig7 FROM tblaca009_p_int WHERE pensum='5' AND c_uni_ca='6' AND c_asigna='300317' [1][0] OK
C:[19/08/2013 11:18:32.18][190.199.92.188][1151] SELECT c_asigna FROM dace004 WHERE exp_e='11-23965704' AND c_asigna='300207' AND status IN ('0','3','B','C') [1][0] OK
C:[19/08/2013 11:18:32.18][190.199.92.188][1151] SELECT c_asigna FROM dace004 WHERE exp_e='11-23965704' AND c_asigna='300209' AND status IN ('0','3','B','C') [1][0] OK
C:[19/08/2013 11:18:32.18][190.199.92.188][1138] SELECT pre_cod_asig1,pre_cod_asig2,pre_cod_asig3,pre_cod_asig4,pre_cod_asig5,pre_cod_asig6,pre_cod_asig7 FROM tblaca009_p_int WHERE pensum='5' AND c_uni_ca='6' AND c_asigna='344689' [1][0] OK
C:[19/08/2013 11:18:32.18][190.199.92.188][1151] SELECT c_asigna FROM dace004 WHERE exp_e='11-23965704' AND c_asigna='300209' AND status IN ('0','3','B','C') [1][0] OK
C:[19/08/2013 11:18:32.37][190.199.92.188][1182] SELECT par_cod_asig1,par_cod_asig2,par_cod_asig3 FROM tblaca009_p_int WHERE pensum='5' AND c_uni_ca='6' AND c_asigna='300317' [1][0] OK
C:[19/08/2013 11:18:32.37][190.199.92.188][1182] SELECT par_cod_asig1,par_cod_asig2,par_cod_asig3 FROM tblaca009_p_int WHERE pensum='5' AND c_uni_ca='6' AND c_asigna='344689' [1][0] OK
C:[19/08/2013 11:18:32.63][190.199.92.188][1312] SELECT horas_lab FROM tblaca008 WHERE c_asigna='300317' AND horas_teoricas > 0 [1][0] OK
C:[19/08/2013 11:18:32.63][190.199.92.188][1312] SELECT horas_lab FROM tblaca008 WHERE c_asigna='344689' AND horas_teoricas > 0 [1][0] OK
C:[19/08/2013 11:18:52.27][190.207.35.75][1138] SELECT pre_cod_asig1,pre_cod_asig2,pre_cod_asig3,pre_cod_asig4,pre_cod_asig5,pre_cod_asig6,pre_cod_asig7 FROM tblaca009_p_int WHERE pensum='5' AND c_uni_ca='3' AND c_asigna='311430' [1][0] OK
C:[19/08/2013 11:18:52.27][190.207.35.75][1151] SELECT c_asigna FROM dace004 WHERE exp_e='10-22825148' AND c_asigna='300317' AND status IN ('0','3','B','C') [1][0] OK
C:[19/08/2013 11:18:52.27][190.207.35.75][1151] SELECT c_asigna FROM dace004 WHERE exp_e='10-22825148' AND c_asigna='300318' AND status IN ('0','3','B','C') [1][0] OK
C:[19/08/2013 11:18:52.27][190.207.35.75][1138] SELECT pre_cod_asig1,pre_cod_asig2,pre_cod_asig3,pre_cod_asig4,pre_cod_asig5,pre_cod_asig6,pre_cod_asig7 FROM tblaca009_p_int WHERE pensum='5' AND c_uni_ca='3' AND c_asigna='311431' [1][0] OK
C:[19/08/2013 11:18:52.27][190.207.35.75][1151] SELECT c_asigna FROM dace004 WHERE exp_e='10-22825148' AND c_asigna='300317' AND status IN ('0','3','B','C') [1][0] OK
C:[19/08/2013 11:18:52.27][190.207.35.75][1151] SELECT c_asigna FROM dace004 WHERE exp_e='10-22825148' AND c_asigna='300318' AND status IN ('0','3','B','C') [1][0] OK
C:[19/08/2013 11:18:52.27][190.207.35.75][1138] SELECT pre_cod_asig1,pre_cod_asig2,pre_cod_asig3,pre_cod_asig4,pre_cod_asig5,pre_cod_asig6,pre_cod_asig7 FROM tblaca009_p_int WHERE pensum='5' AND c_uni_ca='3' AND c_asigna='311554' [1][0] OK
C:[19/08/2013 11:18:52.27][190.207.35.75][1151] SELECT c_asigna FROM dace004 WHERE exp_e='10-22825148' AND c_asigna='300318' AND status IN ('0','3','B','C') [1][0] OK
C:[19/08/2013 11:18:52.83][190.207.35.75][1182] SELECT par_cod_asig1,par_cod_asig2,par_cod_asig3 FROM tblaca009_p_int WHERE pensum='5' AND c_uni_ca='3' AND c_asigna='311430' [1][0] OK
C:[19/08/2013 11:18:52.83][190.207.35.75][1182] SELECT par_cod_asig1,par_cod_asig2,par_cod_asig3 FROM tblaca009_p_int WHERE pensum='5' AND c_uni_ca='3' AND c_asigna='311431' [1][0] OK
C:[19/08/2013 11:18:52.83][190.207.35.75][1182] SELECT par_cod_asig1,par_cod_asig2,par_cod_asig3 FROM tblaca009_p_int WHERE pensum='5' AND c_uni_ca='3' AND c_asigna='311554' [1][0] OK
C:[19/08/2013 11:18:52.22][190.207.35.75][1312] SELECT horas_lab FROM tblaca008 WHERE c_asigna='311430' AND horas_teoricas > 0 [1][0] OK
C:[19/08/2013 11:18:52.22][190.207.35.75][1312] SELECT horas_lab FROM tblaca008 WHERE c_asigna='311431' AND horas_teoricas > 0 [1][0] OK
C:[19/08/2013 11:18:52.22][190.207.35.75][1312] SELECT horas_lab FROM tblaca008 WHERE c_asigna='311554' AND horas_teoricas > 0 [1][0] OK
C:[19/08/2013 11:19:06.91][190.199.92.188][1138] SELECT pre_cod_asig1,pre_cod_asig2,pre_cod_asig3,pre_cod_asig4,pre_cod_asig5,pre_cod_asig6,pre_cod_asig7 FROM tblaca009_p_int WHERE pensum='5' AND c_uni_ca='2' AND c_asigna='322449' [1][0] OK
C:[19/08/2013 11:19:06.91][190.199.92.188][1151] SELECT c_asigna FROM dace004 WHERE exp_e='10-20840118' AND c_asigna='300222' AND status IN ('0','3','B','C') [1][0] OK
C:[19/08/2013 11:19:06.15][190.199.92.188][1182] SELECT par_cod_asig1,par_cod_asig2,par_cod_asig3 FROM tblaca009_p_int WHERE pensum='5' AND c_uni_ca='2' AND c_asigna='322449' [1][0] OK
C:[19/08/2013 11:19:06.29][190.199.92.188][1312] SELECT horas_lab FROM tblaca008 WHERE c_asigna='322449' AND horas_teoricas > 0 [1][0] OK
C:[19/08/2013 11:19:06.04][190.206.89.177][1138] SELECT pre_cod_asig1,pre_cod_asig2,pre_cod_asig3,pre_cod_asig4,pre_cod_asig5,pre_cod_asig6,pre_cod_asig7 FROM tblaca009_p_int WHERE pensum='5' AND c_uni_ca='6' AND c_asigna='300318' [1][0] OK
C:[19/08/2013 11:19:06.04][190.206.89.177][1151] SELECT c_asigna FROM dace004 WHERE exp_e='10-22587120' AND c_asigna='300228' AND status IN ('0','3','B','C') [1][0] OK
C:[19/08/2013 11:19:06.04][190.206.89.177][1151] SELECT c_asigna FROM dace004 WHERE exp_e='10-22587120' AND c_asigna='300207' AND status IN ('0','3','B','C') [1][0] OK
C:[19/08/2013 11:19:06.04][190.206.89.177][1151] SELECT c_asigna FROM dace004 WHERE exp_e='10-22587120' AND c_asigna='300218' AND status IN ('0','3','B','C') [1][0] OK
C:[19/08/2013 11:19:06.54][190.206.89.177][1182] SELECT par_cod_asig1,par_cod_asig2,par_cod_asig3 FROM tblaca009_p_int WHERE pensum='5' AND c_uni_ca='6' AND c_asigna='300318' [1][0] OK
C:[19/08/2013 11:19:07.70][190.206.89.177][1312] SELECT horas_lab FROM tblaca008 WHERE c_asigna='300318' AND horas_teoricas > 0 [1][0] OK
C:[19/08/2013 11:21:05.69][190.199.92.188][1138] SELECT pre_cod_asig1,pre_cod_asig2,pre_cod_asig3,pre_cod_asig4,pre_cod_asig5,pre_cod_asig6,pre_cod_asig7 FROM tblaca009_p_int WHERE pensum='5' AND c_uni_ca='2' AND c_asigna='300313' [1][0] OK
C:[19/08/2013 11:21:05.69][190.199.92.188][1151] SELECT c_asigna FROM dace004 WHERE exp_e='08-18948793' AND c_asigna='300213' AND status IN ('0','3','B','C') [1][0] OK
C:[19/08/2013 11:21:05.69][190.199.92.188][1138] SELECT pre_cod_asig1,pre_cod_asig2,pre_cod_asig3,pre_cod_asig4,pre_cod_asig5,pre_cod_asig6,pre_cod_asig7 FROM tblaca009_p_int WHERE pensum='5' AND c_uni_ca='2' AND c_asigna='322780' [1][0] OK
C:[19/08/2013 11:21:05.69][190.199.92.188][1151] SELECT c_asigna FROM dace004 WHERE exp_e='08-18948793' AND c_asigna='322678' AND status IN ('0','3','B','C') [1][0] OK
C:[19/08/2013 11:21:05.31][190.199.92.188][1182] SELECT par_cod_asig1,par_cod_asig2,par_cod_asig3 FROM tblaca009_p_int WHERE pensum='5' AND c_uni_ca='2' AND c_asigna='300313' [1][0] OK
C:[19/08/2013 11:21:05.31][190.199.92.188][1182] SELECT par_cod_asig1,par_cod_asig2,par_cod_asig3 FROM tblaca009_p_int WHERE pensum='5' AND c_uni_ca='2' AND c_asigna='322780' [1][0] OK
C:[19/08/2013 11:21:05.58][190.199.92.188][1312] SELECT horas_lab FROM tblaca008 WHERE c_asigna='300313' AND horas_teoricas > 0 [1][0] OK
C:[19/08/2013 11:21:05.58][190.199.92.188][1312] SELECT horas_lab FROM tblaca008 WHERE c_asigna='322780' AND horas_teoricas > 0 [1][0] OK
C:[19/08/2013 11:21:57.36][172.16.4.247][1138] SELECT pre_cod_asig1,pre_cod_asig2,pre_cod_asig3,pre_cod_asig4,pre_cod_asig5,pre_cod_asig6,pre_cod_asig7 FROM tblaca009_p_int WHERE pensum='5' AND c_uni_ca='2' AND c_asigna='300313' [1][0] OK
C:[19/08/2013 11:21:57.36][172.16.4.247][1151] SELECT c_asigna FROM dace004 WHERE exp_e='09-21122240' AND c_asigna='300213' AND status IN ('0','3','B','C') [1][0] OK
C:[19/08/2013 11:21:57.36][172.16.4.247][1138] SELECT pre_cod_asig1,pre_cod_asig2,pre_cod_asig3,pre_cod_asig4,pre_cod_asig5,pre_cod_asig6,pre_cod_asig7 FROM tblaca009_p_int WHERE pensum='5' AND c_uni_ca='2' AND c_asigna='320437' [1][0] OK
C:[19/08/2013 11:21:57.36][172.16.4.247][1151] SELECT c_asigna FROM dace004 WHERE exp_e='09-21122240' AND c_asigna='300317' AND status IN ('0','3','B','C') [1][0] OK
C:[19/08/2013 11:21:57.36][172.16.4.247][1138] SELECT pre_cod_asig1,pre_cod_asig2,pre_cod_asig3,pre_cod_asig4,pre_cod_asig5,pre_cod_asig6,pre_cod_asig7 FROM tblaca009_p_int WHERE pensum='5' AND c_uni_ca='2' AND c_asigna='322436' [1][0] OK
C:[19/08/2013 11:21:57.36][172.16.4.247][1151] SELECT c_asigna FROM dace004 WHERE exp_e='09-21122240' AND c_asigna='320311' AND status IN ('0','3','B','C') [1][0] OK
C:[19/08/2013 11:21:57.67][172.16.4.247][1182] SELECT par_cod_asig1,par_cod_asig2,par_cod_asig3 FROM tblaca009_p_int WHERE pensum='5' AND c_uni_ca='2' AND c_asigna='300313' [1][0] OK
C:[19/08/2013 11:21:57.67][172.16.4.247][1182] SELECT par_cod_asig1,par_cod_asig2,par_cod_asig3 FROM tblaca009_p_int WHERE pensum='5' AND c_uni_ca='2' AND c_asigna='320437' [1][0] OK
C:[19/08/2013 11:21:57.67][172.16.4.247][1182] SELECT par_cod_asig1,par_cod_asig2,par_cod_asig3 FROM tblaca009_p_int WHERE pensum='5' AND c_uni_ca='2' AND c_asigna='322436' [1][0] OK
C:[19/08/2013 11:21:57.41][172.16.4.247][1312] SELECT horas_lab FROM tblaca008 WHERE c_asigna='300313' AND horas_teoricas > 0 [1][0] OK
C:[19/08/2013 11:21:57.41][172.16.4.247][1312] SELECT horas_lab FROM tblaca008 WHERE c_asigna='320437' AND horas_teoricas > 0 [1][0] OK
C:[19/08/2013 11:21:57.41][172.16.4.247][1312] SELECT horas_lab FROM tblaca008 WHERE c_asigna='322436' AND horas_teoricas > 0 [1][0] OK
C:[19/08/2013 11:22:00.52][190.199.92.188][1138] SELECT pre_cod_asig1,pre_cod_asig2,pre_cod_asig3,pre_cod_asig4,pre_cod_asig5,pre_cod_asig6,pre_cod_asig7 FROM tblaca009_p_int WHERE pensum='5' AND c_uni_ca='6' AND c_asigna='300313' [1][0] OK
C:[19/08/2013 11:22:00.52][190.199.92.188][1151] SELECT c_asigna FROM dace004 WHERE exp_e='11-24411544' AND c_asigna='300213' AND status IN ('0','3','B','C') [1][0] OK
C:[19/08/2013 11:22:00.78][190.199.92.188][1182] SELECT par_cod_asig1,par_cod_asig2,par_cod_asig3 FROM tblaca009_p_int WHERE pensum='5' AND c_uni_ca='6' AND c_asigna='300313' [1][0] OK
C:[19/08/2013 11:22:00.90][190.199.92.188][1312] SELECT horas_lab FROM tblaca008 WHERE c_asigna='300313' AND horas_teoricas > 0 [1][0] OK
C:[19/08/2013 11:23:01.25][190.204.87.226][1138] SELECT pre_cod_asig1,pre_cod_asig2,pre_cod_asig3,pre_cod_asig4,pre_cod_asig5,pre_cod_asig6,pre_cod_asig7 FROM tblaca009_p_int WHERE pensum='5' AND c_uni_ca='2' AND c_asigna='322559' [1][0] OK
C:[19/08/2013 11:23:01.25][190.204.87.226][1151] SELECT c_asigna FROM dace004 WHERE exp_e='10-21251349' AND c_asigna='300428' AND status IN ('0','3','B','C') [1][0] OK
C:[19/08/2013 11:23:01.25][190.204.87.226][1151] SELECT c_asigna FROM dace004 WHERE exp_e='10-21251349' AND c_asigna='322436' AND status IN ('0','3','B','C') [1][0] OK
C:[19/08/2013 11:23:01.25][190.204.87.226][1138] SELECT pre_cod_asig1,pre_cod_asig2,pre_cod_asig3,pre_cod_asig4,pre_cod_asig5,pre_cod_asig6,pre_cod_asig7 FROM tblaca009_p_int WHERE pensum='5' AND c_uni_ca='2' AND c_asigna='322605' [1][0] OK
C:[19/08/2013 11:23:01.25][190.204.87.226][1151] SELECT c_asigna FROM dace004 WHERE exp_e='10-21251349' AND c_asigna='322436' AND status IN ('0','3','B','C') [1][0] OK
C:[19/08/2013 11:23:01.25][190.204.87.226][1138] SELECT pre_cod_asig1,pre_cod_asig2,pre_cod_asig3,pre_cod_asig4,pre_cod_asig5,pre_cod_asig6,pre_cod_asig7 FROM tblaca009_p_int WHERE pensum='5' AND c_uni_ca='2' AND c_asigna='322669' [1][0] OK
C:[19/08/2013 11:23:01.25][190.204.87.226][1151] SELECT c_asigna FROM dace004 WHERE exp_e='10-21251349' AND c_asigna='322558' AND status IN ('0','3','B','C') [1][0] OK
C:[19/08/2013 11:23:01.76][190.204.87.226][1182] SELECT par_cod_asig1,par_cod_asig2,par_cod_asig3 FROM tblaca009_p_int WHERE pensum='5' AND c_uni_ca='2' AND c_asigna='322559' [1][0] OK
C:[19/08/2013 11:23:01.76][190.204.87.226][1182] SELECT par_cod_asig1,par_cod_asig2,par_cod_asig3 FROM tblaca009_p_int WHERE pensum='5' AND c_uni_ca='2' AND c_asigna='322605' [1][0] OK
C:[19/08/2013 11:23:01.76][190.204.87.226][1182] SELECT par_cod_asig1,par_cod_asig2,par_cod_asig3 FROM tblaca009_p_int WHERE pensum='5' AND c_uni_ca='2' AND c_asigna='322669' [1][0] OK
C:[19/08/2013 11:23:01.76][190.204.87.226][1312] SELECT horas_lab FROM tblaca008 WHERE c_asigna='322559' AND horas_teoricas > 0 [1][0] OK
C:[19/08/2013 11:23:01.76][190.204.87.226][1312] SELECT horas_lab FROM tblaca008 WHERE c_asigna='322605' AND horas_teoricas > 0 [1][0] OK
C:[19/08/2013 11:23:01.76][190.204.87.226][1312] SELECT horas_lab FROM tblaca008 WHERE c_asigna='322669' AND horas_teoricas > 0 [1][0] OK
C:[19/08/2013 11:23:09.79][190.75.144.103][1138] SELECT pre_cod_asig1,pre_cod_asig2,pre_cod_asig3,pre_cod_asig4,pre_cod_asig5,pre_cod_asig6,pre_cod_asig7 FROM tblaca009_p_int WHERE pensum='5' AND c_uni_ca='2' AND c_asigna='322780' [1][0] OK
C:[19/08/2013 11:23:09.79][190.75.144.103][1151] SELECT c_asigna FROM dace004 WHERE exp_e='08-20506217' AND c_asigna='322678' AND status IN ('0','3','B','C') [1][0] OK
C:[19/08/2013 11:23:09.79][190.75.144.103][1138] SELECT pre_cod_asig1,pre_cod_asig2,pre_cod_asig3,pre_cod_asig4,pre_cod_asig5,pre_cod_asig6,pre_cod_asig7 FROM tblaca009_p_int WHERE pensum='5' AND c_uni_ca='2' AND c_asigna='322826' [1][0] OK
C:[19/08/2013 11:23:09.79][190.75.144.103][1151] SELECT c_asigna FROM dace004 WHERE exp_e='08-20506217' AND c_asigna='322683' AND status IN ('0','3','B','C') [1][0] OK
C:[19/08/2013 11:23:09.79][190.75.144.103][1138] SELECT pre_cod_asig1,pre_cod_asig2,pre_cod_asig3,pre_cod_asig4,pre_cod_asig5,pre_cod_asig6,pre_cod_asig7 FROM tblaca009_p_int WHERE pensum='5' AND c_uni_ca='2' AND c_asigna='322904' [1][0] OK
C:[19/08/2013 11:23:09.42][190.75.144.103][1182] SELECT par_cod_asig1,par_cod_asig2,par_cod_asig3 FROM tblaca009_p_int WHERE pensum='5' AND c_uni_ca='2' AND c_asigna='322780' [1][0] OK
C:[19/08/2013 11:23:09.42][190.75.144.103][1182] SELECT par_cod_asig1,par_cod_asig2,par_cod_asig3 FROM tblaca009_p_int WHERE pensum='5' AND c_uni_ca='2' AND c_asigna='322826' [1][0] OK
C:[19/08/2013 11:23:09.42][190.75.144.103][1182] SELECT par_cod_asig1,par_cod_asig2,par_cod_asig3 FROM tblaca009_p_int WHERE pensum='5' AND c_uni_ca='2' AND c_asigna='322904' [1][0] OK
C:[19/08/2013 11:23:09.81][190.75.144.103][1312] SELECT horas_lab FROM tblaca008 WHERE c_asigna='322780' AND horas_teoricas > 0 [1][0] OK
C:[19/08/2013 11:23:09.81][190.75.144.103][1312] SELECT horas_lab FROM tblaca008 WHERE c_asigna='322826' AND horas_teoricas > 0 [1][0] OK
C:[19/08/2013 11:23:09.81][190.75.144.103][1312] SELECT horas_lab FROM tblaca008 WHERE c_asigna='322904' AND horas_teoricas > 0 [1][0] OK
C:[19/08/2013 11:23:49.68][172.16.1.133][1138] SELECT pre_cod_asig1,pre_cod_asig2,pre_cod_asig3,pre_cod_asig4,pre_cod_asig5,pre_cod_asig6,pre_cod_asig7 FROM tblaca009_p_int WHERE pensum='5' AND c_uni_ca='6' AND c_asigna='300218' [1][0] OK
C:[19/08/2013 11:23:49.68][172.16.1.133][1138] SELECT pre_cod_asig1,pre_cod_asig2,pre_cod_asig3,pre_cod_asig4,pre_cod_asig5,pre_cod_asig6,pre_cod_asig7 FROM tblaca009_p_int WHERE pensum='5' AND c_uni_ca='6' AND c_asigna='300228' [1][0] OK
C:[19/08/2013 11:23:49.68][172.16.1.133][1151] SELECT c_asigna FROM dace004 WHERE exp_e='09-20284598' AND c_asigna='300101' AND status IN ('0','3','B','C') [1][0] OK
C:[19/08/2013 11:23:49.68][172.16.1.133][1138] SELECT pre_cod_asig1,pre_cod_asig2,pre_cod_asig3,pre_cod_asig4,pre_cod_asig5,pre_cod_asig6,pre_cod_asig7 FROM tblaca009_p_int WHERE pensum='5' AND c_uni_ca='6' AND c_asigna='300313' [1][0] OK
C:[19/08/2013 11:23:49.68][172.16.1.133][1151] SELECT c_asigna FROM dace004 WHERE exp_e='09-20284598' AND c_asigna='300213' AND status IN ('0','3','B','C') [1][0] OK
C:[19/08/2013 11:23:49.87][172.16.1.133][1182] SELECT par_cod_asig1,par_cod_asig2,par_cod_asig3 FROM tblaca009_p_int WHERE pensum='5' AND c_uni_ca='6' AND c_asigna='300218' [1][0] OK
C:[19/08/2013 11:23:49.87][172.16.1.133][1196] SELECT c_asigna FROM dace004 WHERE exp_e='09-20284598' AND c_asigna='300228' AND status IN ('0','3','B','C') [0][0] OK
C:[19/08/2013 11:23:49.87][172.16.1.133][1182] SELECT par_cod_asig1,par_cod_asig2,par_cod_asig3 FROM tblaca009_p_int WHERE pensum='5' AND c_uni_ca='6' AND c_asigna='300228' [1][0] OK
C:[19/08/2013 11:23:49.87][172.16.1.133][1182] SELECT par_cod_asig1,par_cod_asig2,par_cod_asig3 FROM tblaca009_p_int WHERE pensum='5' AND c_uni_ca='6' AND c_asigna='300313' [1][0] OK
C:[19/08/2013 11:23:49.39][172.16.1.133][1312] SELECT horas_lab FROM tblaca008 WHERE c_asigna='300218' AND horas_teoricas > 0 [0][0] OK
C:[19/08/2013 11:23:49.39][172.16.1.133][1312] SELECT horas_lab FROM tblaca008 WHERE c_asigna='300228' AND horas_teoricas > 0 [1][0] OK
C:[19/08/2013 11:23:49.39][172.16.1.133][1312] SELECT horas_lab FROM tblaca008 WHERE c_asigna='300313' AND horas_teoricas > 0 [1][0] OK
C:[19/08/2013 11:23:50.69][186.167.242.132][1138] SELECT pre_cod_asig1,pre_cod_asig2,pre_cod_asig3,pre_cod_asig4,pre_cod_asig5,pre_cod_asig6,pre_cod_asig7 FROM tblaca009_p_int WHERE pensum='5' AND c_uni_ca='3' AND c_asigna='311430' [1][0] OK
C:[19/08/2013 11:23:50.69][186.167.242.132][1151] SELECT c_asigna FROM dace004 WHERE exp_e='10-25552694' AND c_asigna='300317' AND status IN ('0','3','B','C') [1][0] OK
C:[19/08/2013 11:23:50.69][186.167.242.132][1151] SELECT c_asigna FROM dace004 WHERE exp_e='10-25552694' AND c_asigna='300318' AND status IN ('0','3','B','C') [1][0] OK
C:[19/08/2013 11:23:50.69][186.167.242.132][1138] SELECT pre_cod_asig1,pre_cod_asig2,pre_cod_asig3,pre_cod_asig4,pre_cod_asig5,pre_cod_asig6,pre_cod_asig7 FROM tblaca009_p_int WHERE pensum='5' AND c_uni_ca='3' AND c_asigna='310548' [1][0] OK
C:[19/08/2013 11:23:50.69][186.167.242.132][1151] SELECT c_asigna FROM dace004 WHERE exp_e='10-25552694' AND c_asigna='300428' AND status IN ('0','3','B','C') [1][0] OK
C:[19/08/2013 11:23:50.32][186.167.242.132][1182] SELECT par_cod_asig1,par_cod_asig2,par_cod_asig3 FROM tblaca009_p_int WHERE pensum='5' AND c_uni_ca='3' AND c_asigna='311430' [1][0] OK
C:[19/08/2013 11:23:50.32][186.167.242.132][1182] SELECT par_cod_asig1,par_cod_asig2,par_cod_asig3 FROM tblaca009_p_int WHERE pensum='5' AND c_uni_ca='3' AND c_asigna='310548' [1][0] OK
C:[19/08/2013 11:23:50.57][186.167.242.132][1312] SELECT horas_lab FROM tblaca008 WHERE c_asigna='311430' AND horas_teoricas > 0 [1][0] OK
C:[19/08/2013 11:23:50.57][186.167.242.132][1312] SELECT horas_lab FROM tblaca008 WHERE c_asigna='310548' AND horas_teoricas > 0 [1][0] OK
C:[19/08/2013 11:24:00.86][190.206.89.177][1138] SELECT pre_cod_asig1,pre_cod_asig2,pre_cod_asig3,pre_cod_asig4,pre_cod_asig5,pre_cod_asig6,pre_cod_asig7 FROM tblaca009_p_int WHERE pensum='5' AND c_uni_ca='6' AND c_asigna='300318' [1][0] OK
C:[19/08/2013 11:24:00.86][190.206.89.177][1151] SELECT c_asigna FROM dace004 WHERE exp_e='10-22587120' AND c_asigna='300228' AND status IN ('0','3','B','C') [1][0] OK
C:[19/08/2013 11:24:00.86][190.206.89.177][1151] SELECT c_asigna FROM dace004 WHERE exp_e='10-22587120' AND c_asigna='300207' AND status IN ('0','3','B','C') [1][0] OK
C:[19/08/2013 11:24:00.86][190.206.89.177][1151] SELECT c_asigna FROM dace004 WHERE exp_e='10-22587120' AND c_asigna='300218' AND status IN ('0','3','B','C') [1][0] OK
C:[19/08/2013 11:24:00.36][190.206.89.177][1182] SELECT par_cod_asig1,par_cod_asig2,par_cod_asig3 FROM tblaca009_p_int WHERE pensum='5' AND c_uni_ca='6' AND c_asigna='300318' [1][0] OK
C:[19/08/2013 11:24:00.49][190.206.89.177][1312] SELECT horas_lab FROM tblaca008 WHERE c_asigna='300318' AND horas_teoricas > 0 [1][0] OK
C:[19/08/2013 11:24:02.85][186.89.209.227][1138] SELECT pre_cod_asig1,pre_cod_asig2,pre_cod_asig3,pre_cod_asig4,pre_cod_asig5,pre_cod_asig6,pre_cod_asig7 FROM tblaca009_p_int WHERE pensum='5' AND c_uni_ca='4' AND c_asigna='300207' [1][0] OK
C:[19/08/2013 11:24:02.85][186.89.209.227][1151] SELECT c_asigna FROM dace004 WHERE exp_e='11-22587454' AND c_asigna='300101' AND status IN ('0','3','B','C') [1][0] OK
C:[19/08/2013 11:24:02.85][186.89.209.227][1138] SELECT pre_cod_asig1,pre_cod_asig2,pre_cod_asig3,pre_cod_asig4,pre_cod_asig5,pre_cod_asig6,pre_cod_asig7 FROM tblaca009_p_int WHERE pensum='5' AND c_uni_ca='4' AND c_asigna='300228' [1][0] OK
C:[19/08/2013 11:24:02.85][186.89.209.227][1151] SELECT c_asigna FROM dace004 WHERE exp_e='11-22587454' AND c_asigna='300101' AND status IN ('0','3','B','C') [1][0] OK
C:[19/08/2013 11:24:02.34][186.89.209.227][1182] SELECT par_cod_asig1,par_cod_asig2,par_cod_asig3 FROM tblaca009_p_int WHERE pensum='5' AND c_uni_ca='4' AND c_asigna='300207' [1][0] OK
C:[19/08/2013 11:24:02.34][186.89.209.227][1182] SELECT par_cod_asig1,par_cod_asig2,par_cod_asig3 FROM tblaca009_p_int WHERE pensum='5' AND c_uni_ca='4' AND c_asigna='300228' [1][0] OK
C:[19/08/2013 11:24:02.60][186.89.209.227][1312] SELECT horas_lab FROM tblaca008 WHERE c_asigna='300207' AND horas_teoricas > 0 [1][0] OK
C:[19/08/2013 11:24:02.60][186.89.209.227][1312] SELECT horas_lab FROM tblaca008 WHERE c_asigna='300228' AND horas_teoricas > 0 [1][0] OK
C:[19/08/2013 11:25:15.08][181.182.13.156][1138] SELECT pre_cod_asig1,pre_cod_asig2,pre_cod_asig3,pre_cod_asig4,pre_cod_asig5,pre_cod_asig6,pre_cod_asig7 FROM tblaca009_p_int WHERE pensum='5' AND c_uni_ca='5' AND c_asigna='355570' [1][0] OK
C:[19/08/2013 11:25:15.08][181.182.13.156][1151] SELECT c_asigna FROM dace004 WHERE exp_e='08-20013556' AND c_asigna='355447' AND status IN ('0','3','B','C') [1][0] OK
C:[19/08/2013 11:25:15.08][181.182.13.156][1138] SELECT pre_cod_asig1,pre_cod_asig2,pre_cod_asig3,pre_cod_asig4,pre_cod_asig5,pre_cod_asig6,pre_cod_asig7 FROM tblaca009_p_int WHERE pensum='5' AND c_uni_ca='5' AND c_asigna='355691' [1][0] OK
C:[19/08/2013 11:25:15.08][181.182.13.156][1151] SELECT c_asigna FROM dace004 WHERE exp_e='08-20013556' AND c_asigna='355571' AND status IN ('0','3','B','C') [1][0] OK
C:[19/08/2013 11:25:15.13][181.182.13.156][1182] SELECT par_cod_asig1,par_cod_asig2,par_cod_asig3 FROM tblaca009_p_int WHERE pensum='5' AND c_uni_ca='5' AND c_asigna='355570' [1][0] OK
C:[19/08/2013 11:25:15.13][181.182.13.156][1182] SELECT par_cod_asig1,par_cod_asig2,par_cod_asig3 FROM tblaca009_p_int WHERE pensum='5' AND c_uni_ca='5' AND c_asigna='355691' [1][0] OK
C:[19/08/2013 11:25:15.40][181.182.13.156][1312] SELECT horas_lab FROM tblaca008 WHERE c_asigna='355570' AND horas_teoricas > 0 [1][0] OK
C:[19/08/2013 11:25:15.40][181.182.13.156][1312] SELECT horas_lab FROM tblaca008 WHERE c_asigna='355691' AND horas_teoricas > 0 [1][0] OK
C:[19/08/2013 11:25:15.67][190.73.233.175][1138] SELECT pre_cod_asig1,pre_cod_asig2,pre_cod_asig3,pre_cod_asig4,pre_cod_asig5,pre_cod_asig6,pre_cod_asig7 FROM tblaca009_p_int WHERE pensum='5' AND c_uni_ca='2' AND c_asigna='322904' [1][0] OK
C:[19/08/2013 11:25:15.79][190.73.233.175][1182] SELECT par_cod_asig1,par_cod_asig2,par_cod_asig3 FROM tblaca009_p_int WHERE pensum='5' AND c_uni_ca='2' AND c_asigna='322904' [1][0] OK
C:[19/08/2013 11:25:15.93][190.73.233.175][1312] SELECT horas_lab FROM tblaca008 WHERE c_asigna='322904' AND horas_teoricas > 0 [1][0] OK
C:[19/08/2013 11:25:22.28][172.16.4.247][1138] SELECT pre_cod_asig1,pre_cod_asig2,pre_cod_asig3,pre_cod_asig4,pre_cod_asig5,pre_cod_asig6,pre_cod_asig7 FROM tblaca009_p_int WHERE pensum='5' AND c_uni_ca='5' AND c_asigna='300676' [1][0] OK
C:[19/08/2013 11:25:22.28][172.16.4.247][1138] SELECT pre_cod_asig1,pre_cod_asig2,pre_cod_asig3,pre_cod_asig4,pre_cod_asig5,pre_cod_asig6,pre_cod_asig7 FROM tblaca009_p_int WHERE pensum='5' AND c_uni_ca='5' AND c_asigna='355874' [1][0] OK
C:[19/08/2013 11:25:22.28][172.16.4.247][1151] SELECT c_asigna FROM dace004 WHERE exp_e='09-20804323' AND c_asigna='355448' AND status IN ('0','3','B','C') [1][0] OK
C:[19/08/2013 11:25:22.66][172.16.4.247][1182] SELECT par_cod_asig1,par_cod_asig2,par_cod_asig3 FROM tblaca009_p_int WHERE pensum='5' AND c_uni_ca='5' AND c_asigna='300676' [1][0] OK
C:[19/08/2013 11:25:22.66][172.16.4.247][1182] SELECT par_cod_asig1,par_cod_asig2,par_cod_asig3 FROM tblaca009_p_int WHERE pensum='5' AND c_uni_ca='5' AND c_asigna='355874' [1][0] OK
C:[19/08/2013 11:25:22.92][172.16.4.247][1312] SELECT horas_lab FROM tblaca008 WHERE c_asigna='300676' AND horas_teoricas > 0 [1][0] OK
C:[19/08/2013 11:25:22.92][172.16.4.247][1312] SELECT horas_lab FROM tblaca008 WHERE c_asigna='355874' AND horas_teoricas > 0 [1][0] OK
C:[19/08/2013 11:25:25.17][186.167.243.9][1138] SELECT pre_cod_asig1,pre_cod_asig2,pre_cod_asig3,pre_cod_asig4,pre_cod_asig5,pre_cod_asig6,pre_cod_asig7 FROM tblaca009_p_int WHERE pensum='5' AND c_uni_ca='3' AND c_asigna='310548' [1][0] OK
C:[19/08/2013 11:25:25.17][186.167.243.9][1151] SELECT c_asigna FROM dace004 WHERE exp_e='09-20772575' AND c_asigna='300428' AND status IN ('0','3','B','C') [1][0] OK
C:[19/08/2013 11:25:25.41][186.167.243.9][1182] SELECT par_cod_asig1,par_cod_asig2,par_cod_asig3 FROM tblaca009_p_int WHERE pensum='5' AND c_uni_ca='3' AND c_asigna='310548' [1][0] OK
C:[19/08/2013 11:25:25.55][186.167.243.9][1312] SELECT horas_lab FROM tblaca008 WHERE c_asigna='310548' AND horas_teoricas > 0 [1][0] OK
C:[19/08/2013 11:25:51.10][186.167.243.103][1138] SELECT pre_cod_asig1,pre_cod_asig2,pre_cod_asig3,pre_cod_asig4,pre_cod_asig5,pre_cod_asig6,pre_cod_asig7 FROM tblaca009_p_int WHERE pensum='5' AND c_uni_ca='6' AND c_asigna='344688' [1][0] OK
C:[19/08/2013 11:25:51.10][186.167.243.103][1151] SELECT c_asigna FROM dace004 WHERE exp_e='05-17911092' AND c_asigna='344565' AND status IN ('0','3','B','C') [1][0] OK
C:[19/08/2013 11:25:51.10][186.167.243.103][1138] SELECT pre_cod_asig1,pre_cod_asig2,pre_cod_asig3,pre_cod_asig4,pre_cod_asig5,pre_cod_asig6,pre_cod_asig7 FROM tblaca009_p_int WHERE pensum='5' AND c_uni_ca='6' AND c_asigna='344689' [1][0] OK
C:[19/08/2013 11:25:51.10][186.167.243.103][1151] SELECT c_asigna FROM dace004 WHERE exp_e='05-17911092' AND c_asigna='300209' AND status IN ('0','3','B','C') [1][0] OK
C:[19/08/2013 11:25:51.16][186.167.243.103][1182] SELECT par_cod_asig1,par_cod_asig2,par_cod_asig3 FROM tblaca009_p_int WHERE pensum='5' AND c_uni_ca='6' AND c_asigna='344688' [1][0] OK
C:[19/08/2013 11:25:51.16][186.167.243.103][1182] SELECT par_cod_asig1,par_cod_asig2,par_cod_asig3 FROM tblaca009_p_int WHERE pensum='5' AND c_uni_ca='6' AND c_asigna='344689' [1][0] OK
C:[19/08/2013 11:25:51.42][186.167.243.103][1312] SELECT horas_lab FROM tblaca008 WHERE c_asigna='344688' AND horas_teoricas > 0 [1][0] OK
C:[19/08/2013 11:25:51.42][186.167.243.103][1312] SELECT horas_lab FROM tblaca008 WHERE c_asigna='344689' AND horas_teoricas > 0 [1][0] OK
C:[19/08/2013 11:25:55.65][190.199.92.188][1138] SELECT pre_cod_asig1,pre_cod_asig2,pre_cod_asig3,pre_cod_asig4,pre_cod_asig5,pre_cod_asig6,pre_cod_asig7 FROM tblaca009_p_int WHERE pensum='5' AND c_uni_ca='2' AND c_asigna='300428' [1][0] OK
C:[19/08/2013 11:25:55.65][190.199.92.188][1151] SELECT c_asigna FROM dace004 WHERE exp_e='10-24040502' AND c_asigna='300317' AND status IN ('0','3','B','C') [1][0] OK
C:[19/08/2013 11:25:55.91][190.199.92.188][1182] SELECT par_cod_asig1,par_cod_asig2,par_cod_asig3 FROM tblaca009_p_int WHERE pensum='5' AND c_uni_ca='2' AND c_asigna='300428' [1][0] OK
C:[19/08/2013 11:25:55.04][190.199.92.188][1312] SELECT horas_lab FROM tblaca008 WHERE c_asigna='300428' AND horas_teoricas > 0 [1][0] OK
C:[19/08/2013 11:27:24.40][200.90.121.85][1138] SELECT pre_cod_asig1,pre_cod_asig2,pre_cod_asig3,pre_cod_asig4,pre_cod_asig5,pre_cod_asig6,pre_cod_asig7 FROM tblaca009_p_int WHERE pensum='5' AND c_uni_ca='3' AND c_asigna='300213' [1][0] OK
C:[19/08/2013 11:27:24.40][200.90.121.85][1151] SELECT c_asigna FROM dace004 WHERE exp_e='12-26132091' AND c_asigna='300101' AND status IN ('0','3','B','C') [1][0] OK
C:[19/08/2013 11:27:24.40][200.90.121.85][1138] SELECT pre_cod_asig1,pre_cod_asig2,pre_cod_asig3,pre_cod_asig4,pre_cod_asig5,pre_cod_asig6,pre_cod_asig7 FROM tblaca009_p_int WHERE pensum='5' AND c_uni_ca='3' AND c_asigna='300228' [1][0] OK
C:[19/08/2013 11:27:24.40][200.90.121.85][1151] SELECT c_asigna FROM dace004 WHERE exp_e='12-26132091' AND c_asigna='300101' AND status IN ('0','3','B','C') [1][0] OK
C:[19/08/2013 11:27:24.47][200.90.121.85][1182] SELECT par_cod_asig1,par_cod_asig2,par_cod_asig3 FROM tblaca009_p_int WHERE pensum='5' AND c_uni_ca='3' AND c_asigna='300213' [1][0] OK
C:[19/08/2013 11:27:24.47][200.90.121.85][1182] SELECT par_cod_asig1,par_cod_asig2,par_cod_asig3 FROM tblaca009_p_int WHERE pensum='5' AND c_uni_ca='3' AND c_asigna='300228' [1][0] OK
C:[19/08/2013 11:27:24.72][200.90.121.85][1312] SELECT horas_lab FROM tblaca008 WHERE c_asigna='300213' AND horas_teoricas > 0 [1][0] OK
C:[19/08/2013 11:27:24.72][200.90.121.85][1312] SELECT horas_lab FROM tblaca008 WHERE c_asigna='300228' AND horas_teoricas > 0 [1][0] OK
C:[19/08/2013 11:27:29.41][190.199.92.188][1138] SELECT pre_cod_asig1,pre_cod_asig2,pre_cod_asig3,pre_cod_asig4,pre_cod_asig5,pre_cod_asig6,pre_cod_asig7 FROM tblaca009_p_int WHERE pensum='5' AND c_uni_ca='3' AND c_asigna='312333' [1][0] OK
C:[19/08/2013 11:27:29.41][190.199.92.188][1151] SELECT c_asigna FROM dace004 WHERE exp_e='10-21248336' AND c_asigna='300228' AND status IN ('0','3','B','C') [1][0] OK
C:[19/08/2013 11:27:29.41][190.199.92.188][1138] SELECT pre_cod_asig1,pre_cod_asig2,pre_cod_asig3,pre_cod_asig4,pre_cod_asig5,pre_cod_asig6,pre_cod_asig7 FROM tblaca009_p_int WHERE pensum='5' AND c_uni_ca='3' AND c_asigna='311430' [1][0] OK
C:[19/08/2013 11:27:29.41][190.199.92.188][1151] SELECT c_asigna FROM dace004 WHERE exp_e='10-21248336' AND c_asigna='300317' AND status IN ('0','3','B','C') [1][0] OK
C:[19/08/2013 11:27:29.41][190.199.92.188][1151] SELECT c_asigna FROM dace004 WHERE exp_e='10-21248336' AND c_asigna='300318' AND status IN ('0','3','B','C') [1][0] OK
C:[19/08/2013 11:27:29.04][190.199.92.188][1182] SELECT par_cod_asig1,par_cod_asig2,par_cod_asig3 FROM tblaca009_p_int WHERE pensum='5' AND c_uni_ca='3' AND c_asigna='312333' [1][0] OK
C:[19/08/2013 11:27:29.04][190.199.92.188][1182] SELECT par_cod_asig1,par_cod_asig2,par_cod_asig3 FROM tblaca009_p_int WHERE pensum='5' AND c_uni_ca='3' AND c_asigna='311430' [1][0] OK
C:[19/08/2013 11:27:29.30][190.199.92.188][1312] SELECT horas_lab FROM tblaca008 WHERE c_asigna='312333' AND horas_teoricas > 0 [1][0] OK
C:[19/08/2013 11:27:29.30][190.199.92.188][1312] SELECT horas_lab FROM tblaca008 WHERE c_asigna='311430' AND horas_teoricas > 0 [1][0] OK
C:[19/08/2013 11:27:30.85][190.199.92.188][1138] SELECT pre_cod_asig1,pre_cod_asig2,pre_cod_asig3,pre_cod_asig4,pre_cod_asig5,pre_cod_asig6,pre_cod_asig7 FROM tblaca009_p_int WHERE pensum='5' AND c_uni_ca='6' AND c_asigna='344565' [1][0] OK
C:[19/08/2013 11:27:30.85][190.199.92.188][1151] SELECT c_asigna FROM dace004 WHERE exp_e='08-21338906' AND c_asigna='344445' AND status IN ('0','3','B','C') [1][0] OK
C:[19/08/2013 11:27:30.85][190.199.92.188][1138] SELECT pre_cod_asig1,pre_cod_asig2,pre_cod_asig3,pre_cod_asig4,pre_cod_asig5,pre_cod_asig6,pre_cod_asig7 FROM tblaca009_p_int WHERE pensum='5' AND c_uni_ca='6' AND c_asigna='344689' [1][0] OK
C:[19/08/2013 11:27:30.85][190.199.92.188][1151] SELECT c_asigna FROM dace004 WHERE exp_e='08-21338906' AND c_asigna='300209' AND status IN ('0','3','B','C') [1][0] OK
C:[19/08/2013 11:27:31.35][190.199.92.188][1182] SELECT par_cod_asig1,par_cod_asig2,par_cod_asig3 FROM tblaca009_p_int WHERE pensum='5' AND c_uni_ca='6' AND c_asigna='344565' [1][0] OK
C:[19/08/2013 11:27:31.35][190.199.92.188][1182] SELECT par_cod_asig1,par_cod_asig2,par_cod_asig3 FROM tblaca009_p_int WHERE pensum='5' AND c_uni_ca='6' AND c_asigna='344689' [1][0] OK
C:[19/08/2013 11:27:31.61][190.199.92.188][1312] SELECT horas_lab FROM tblaca008 WHERE c_asigna='344565' AND horas_teoricas > 0 [1][0] OK
C:[19/08/2013 11:27:31.61][190.199.92.188][1312] SELECT horas_lab FROM tblaca008 WHERE c_asigna='344689' AND horas_teoricas > 0 [1][0] OK
C:[19/08/2013 11:28:44.69][190.77.255.118][1138] SELECT pre_cod_asig1,pre_cod_asig2,pre_cod_asig3,pre_cod_asig4,pre_cod_asig5,pre_cod_asig6,pre_cod_asig7 FROM tblaca009_p_int WHERE pensum='5' AND c_uni_ca='5' AND c_asigna='355722' [1][0] OK
C:[19/08/2013 11:28:44.69][190.77.255.118][1151] SELECT c_asigna FROM dace004 WHERE exp_e='06-19910816' AND c_asigna='355691' AND status IN ('0','3','B','C') [1][0] OK
C:[19/08/2013 11:28:44.69][190.77.255.118][1151] SELECT c_asigna FROM dace004 WHERE exp_e='06-19910816' AND c_asigna='355595' AND status IN ('0','3','B','C') [1][0] OK
C:[19/08/2013 11:28:44.69][190.77.255.118][1138] SELECT pre_cod_asig1,pre_cod_asig2,pre_cod_asig3,pre_cod_asig4,pre_cod_asig5,pre_cod_asig6,pre_cod_asig7 FROM tblaca009_p_int WHERE pensum='5' AND c_uni_ca='5' AND c_asigna='300870' [1][0] OK
C:[19/08/2013 11:28:44.46][190.77.255.118][1182] SELECT par_cod_asig1,par_cod_asig2,par_cod_asig3 FROM tblaca009_p_int WHERE pensum='5' AND c_uni_ca='5' AND c_asigna='355722' [1][0] OK
C:[19/08/2013 11:28:44.46][190.77.255.118][1182] SELECT par_cod_asig1,par_cod_asig2,par_cod_asig3 FROM tblaca009_p_int WHERE pensum='5' AND c_uni_ca='5' AND c_asigna='300870' [1][0] OK
C:[19/08/2013 11:28:44.02][190.77.255.118][1312] SELECT horas_lab FROM tblaca008 WHERE c_asigna='355722' AND horas_teoricas > 0 [1][0] OK
C:[19/08/2013 11:28:44.02][190.77.255.118][1312] SELECT horas_lab FROM tblaca008 WHERE c_asigna='300870' AND horas_teoricas > 0 [1][0] OK
C:[19/08/2013 11:28:53.94][186.90.186.143][1138] SELECT pre_cod_asig1,pre_cod_asig2,pre_cod_asig3,pre_cod_asig4,pre_cod_asig5,pre_cod_asig6,pre_cod_asig7 FROM tblaca009_p_int WHERE pensum='5' AND c_uni_ca='5' AND c_asigna='355693' [1][0] OK
C:[19/08/2013 11:28:53.94][186.90.186.143][1151] SELECT c_asigna FROM dace004 WHERE exp_e='06-18452731' AND c_asigna='355572' AND status IN ('0','3','B','C') [1][0] OK
C:[19/08/2013 11:28:53.94][186.90.186.143][1151] SELECT c_asigna FROM dace004 WHERE exp_e='06-18452731' AND c_asigna='352440' AND status IN ('0','3','B','C') [1][0] OK
C:[19/08/2013 11:28:53.94][186.90.186.143][1151] SELECT c_asigna FROM dace004 WHERE exp_e='06-18452731' AND c_asigna='355573' AND status IN ('0','3','B','C') [1][0] OK
C:[19/08/2013 11:28:53.94][186.90.186.143][1138] SELECT pre_cod_asig1,pre_cod_asig2,pre_cod_asig3,pre_cod_asig4,pre_cod_asig5,pre_cod_asig6,pre_cod_asig7 FROM tblaca009_p_int WHERE pensum='5' AND c_uni_ca='5' AND c_asigna='355722' [1][0] OK
C:[19/08/2013 11:28:53.94][186.90.186.143][1151] SELECT c_asigna FROM dace004 WHERE exp_e='06-18452731' AND c_asigna='355691' AND status IN ('0','3','B','C') [1][0] OK
C:[19/08/2013 11:28:53.94][186.90.186.143][1151] SELECT c_asigna FROM dace004 WHERE exp_e='06-18452731' AND c_asigna='355595' AND status IN ('0','3','B','C') [1][0] OK
C:[19/08/2013 11:28:53.94][186.90.186.143][1138] SELECT pre_cod_asig1,pre_cod_asig2,pre_cod_asig3,pre_cod_asig4,pre_cod_asig5,pre_cod_asig6,pre_cod_asig7 FROM tblaca009_p_int WHERE pensum='5' AND c_uni_ca='5' AND c_asigna='300870' [1][0] OK
C:[19/08/2013 11:28:53.94][186.90.186.143][1182] SELECT par_cod_asig1,par_cod_asig2,par_cod_asig3 FROM tblaca009_p_int WHERE pensum='5' AND c_uni_ca='5' AND c_asigna='355693' [1][0] OK
C:[19/08/2013 11:28:53.94][186.90.186.143][1182] SELECT par_cod_asig1,par_cod_asig2,par_cod_asig3 FROM tblaca009_p_int WHERE pensum='5' AND c_uni_ca='5' AND c_asigna='355722' [1][0] OK
C:[19/08/2013 11:28:53.94][186.90.186.143][1182] SELECT par_cod_asig1,par_cod_asig2,par_cod_asig3 FROM tblaca009_p_int WHERE pensum='5' AND c_uni_ca='5' AND c_asigna='300870' [1][0] OK
C:[19/08/2013 11:28:54.33][186.90.186.143][1312] SELECT horas_lab FROM tblaca008 WHERE c_asigna='355693' AND horas_teoricas > 0 [1][0] OK
C:[19/08/2013 11:28:54.33][186.90.186.143][1312] SELECT horas_lab FROM tblaca008 WHERE c_asigna='355722' AND horas_teoricas > 0 [1][0] OK
C:[19/08/2013 11:28:54.33][186.90.186.143][1312] SELECT horas_lab FROM tblaca008 WHERE c_asigna='300870' AND horas_teoricas > 0 [1][0] OK
C:[19/08/2013 11:29:38.70][68.171.231.82][1138] SELECT pre_cod_asig1,pre_cod_asig2,pre_cod_asig3,pre_cod_asig4,pre_cod_asig5,pre_cod_asig6,pre_cod_asig7 FROM tblaca009_p_int WHERE pensum='5' AND c_uni_ca='2' AND c_asigna='322436' [1][0] OK
C:[19/08/2013 11:29:38.70][68.171.231.82][1151] SELECT c_asigna FROM dace004 WHERE exp_e='11-24412212' AND c_asigna='320311' AND status IN ('0','3','B','C') [1][0] OK
C:[19/08/2013 11:29:38.52][68.171.231.82][1182] SELECT par_cod_asig1,par_cod_asig2,par_cod_asig3 FROM tblaca009_p_int WHERE pensum='5' AND c_uni_ca='2' AND c_asigna='322436' [1][0] OK
C:[19/08/2013 11:29:38.64][68.171.231.82][1312] SELECT horas_lab FROM tblaca008 WHERE c_asigna='322436' AND horas_teoricas > 0 [1][0] OK
C:[19/08/2013 11:29:51.08][190.205.17.69][1138] SELECT pre_cod_asig1,pre_cod_asig2,pre_cod_asig3,pre_cod_asig4,pre_cod_asig5,pre_cod_asig6,pre_cod_asig7 FROM tblaca009_p_int WHERE pensum='5' AND c_uni_ca='6' AND c_asigna='344715' [1][0] OK
C:[19/08/2013 11:29:51.08][190.205.17.69][1151] SELECT c_asigna FROM dace004 WHERE exp_e='06-18885746' AND c_asigna='344688' AND status IN ('0','3','B','C') [1][0] OK
C:[19/08/2013 11:29:51.08][190.205.17.69][1151] SELECT c_asigna FROM dace004 WHERE exp_e='06-18885746' AND c_asigna='344613' AND status IN ('0','3','B','C') [1][0] OK
C:[19/08/2013 11:29:51.08][190.205.17.69][1138] SELECT pre_cod_asig1,pre_cod_asig2,pre_cod_asig3,pre_cod_asig4,pre_cod_asig5,pre_cod_asig6,pre_cod_asig7 FROM tblaca009_p_int WHERE pensum='5' AND c_uni_ca='6' AND c_asigna='344843' [1][0] OK
C:[19/08/2013 11:29:51.08][190.205.17.69][1151] SELECT c_asigna FROM dace004 WHERE exp_e='06-18885746' AND c_asigna='344714' AND status IN ('0','3','B','C') [1][0] OK
C:[19/08/2013 11:29:51.69][190.205.17.69][1182] SELECT par_cod_asig1,par_cod_asig2,par_cod_asig3 FROM tblaca009_p_int WHERE pensum='5' AND c_uni_ca='6' AND c_asigna='344715' [1][0] OK
C:[19/08/2013 11:29:51.69][190.205.17.69][1182] SELECT par_cod_asig1,par_cod_asig2,par_cod_asig3 FROM tblaca009_p_int WHERE pensum='5' AND c_uni_ca='6' AND c_asigna='344843' [1][0] OK
C:[19/08/2013 11:29:51.22][190.205.17.69][1312] SELECT horas_lab FROM tblaca008 WHERE c_asigna='344715' AND horas_teoricas > 0 [1][0] OK
C:[19/08/2013 11:29:51.22][190.205.17.69][1312] SELECT horas_lab FROM tblaca008 WHERE c_asigna='344843' AND horas_teoricas > 0 [1][0] OK
C:[19/08/2013 11:29:57.89][190.38.212.183][1138] SELECT pre_cod_asig1,pre_cod_asig2,pre_cod_asig3,pre_cod_asig4,pre_cod_asig5,pre_cod_asig6,pre_cod_asig7 FROM tblaca009_p_int WHERE pensum='5' AND c_uni_ca='2' AND c_asigna='322904' [1][0] OK
C:[19/08/2013 11:29:57.59][190.38.212.183][1182] SELECT par_cod_asig1,par_cod_asig2,par_cod_asig3 FROM tblaca009_p_int WHERE pensum='5' AND c_uni_ca='2' AND c_asigna='322904' [1][0] OK
C:[19/08/2013 11:29:57.84][190.38.212.183][1312] SELECT horas_lab FROM tblaca008 WHERE c_asigna='322904' AND horas_teoricas > 0 [1][0] OK
C:[19/08/2013 11:30:03.77][190.200.63.111][1138] SELECT pre_cod_asig1,pre_cod_asig2,pre_cod_asig3,pre_cod_asig4,pre_cod_asig5,pre_cod_asig6,pre_cod_asig7 FROM tblaca009_p_int WHERE pensum='5' AND c_uni_ca='4' AND c_asigna='300318' [1][0] OK
C:[19/08/2013 11:30:03.77][190.200.63.111][1151] SELECT c_asigna FROM dace004 WHERE exp_e='10-22822704' AND c_asigna='300228' AND status IN ('0','3','B','C') [1][0] OK
C:[19/08/2013 11:30:03.77][190.200.63.111][1151] SELECT c_asigna FROM dace004 WHERE exp_e='10-22822704' AND c_asigna='300207' AND status IN ('0','3','B','C') [1][0] OK
C:[19/08/2013 11:30:03.77][190.200.63.111][1151] SELECT c_asigna FROM dace004 WHERE exp_e='10-22822704' AND c_asigna='300218' AND status IN ('0','3','B','C') [1][0] OK
C:[19/08/2013 11:30:03.77][190.200.63.111][1138] SELECT pre_cod_asig1,pre_cod_asig2,pre_cod_asig3,pre_cod_asig4,pre_cod_asig5,pre_cod_asig6,pre_cod_asig7 FROM tblaca009_p_int WHERE pensum='5' AND c_uni_ca='4' AND c_asigna='333442' [1][0] OK
C:[19/08/2013 11:30:03.77][190.200.63.111][1151] SELECT c_asigna FROM dace004 WHERE exp_e='10-22822704' AND c_asigna='330310' AND status IN ('0','3','B','C') [1][0] OK
C:[19/08/2013 11:30:03.77][190.200.63.111][1151] SELECT c_asigna FROM dace004 WHERE exp_e='10-22822704' AND c_asigna='333326' AND status IN ('0','3','B','C') [1][0] OK
C:[19/08/2013 11:30:04.64][190.200.63.111][1182] SELECT par_cod_asig1,par_cod_asig2,par_cod_asig3 FROM tblaca009_p_int WHERE pensum='5' AND c_uni_ca='4' AND c_asigna='300318' [1][0] OK
C:[19/08/2013 11:30:04.64][190.200.63.111][1182] SELECT par_cod_asig1,par_cod_asig2,par_cod_asig3 FROM tblaca009_p_int WHERE pensum='5' AND c_uni_ca='4' AND c_asigna='333442' [1][0] OK
C:[19/08/2013 11:30:04.90][190.200.63.111][1312] SELECT horas_lab FROM tblaca008 WHERE c_asigna='300318' AND horas_teoricas > 0 [1][0] OK
C:[19/08/2013 11:30:04.90][190.200.63.111][1312] SELECT horas_lab FROM tblaca008 WHERE c_asigna='333442' AND horas_teoricas > 0 [1][0] OK
C:[19/08/2013 11:31:25.59][190.199.92.188][1138] SELECT pre_cod_asig1,pre_cod_asig2,pre_cod_asig3,pre_cod_asig4,pre_cod_asig5,pre_cod_asig6,pre_cod_asig7 FROM tblaca009_p_int WHERE pensum='5' AND c_uni_ca='3' AND c_asigna='300313' [1][0] OK
C:[19/08/2013 11:31:25.59][190.199.92.188][1151] SELECT c_asigna FROM dace004 WHERE exp_e='11-21058603' AND c_asigna='300213' AND status IN ('0','3','B','C') [1][0] OK
C:[19/08/2013 11:31:25.59][190.199.92.188][1138] SELECT pre_cod_asig1,pre_cod_asig2,pre_cod_asig3,pre_cod_asig4,pre_cod_asig5,pre_cod_asig6,pre_cod_asig7 FROM tblaca009_p_int WHERE pensum='5' AND c_uni_ca='3' AND c_asigna='300428' [1][0] OK
C:[19/08/2013 11:31:25.59][190.199.92.188][1151] SELECT c_asigna FROM dace004 WHERE exp_e='11-21058603' AND c_asigna='300317' AND status IN ('0','3','B','C') [1][0] OK
C:[19/08/2013 11:31:25.65][190.199.92.188][1182] SELECT par_cod_asig1,par_cod_asig2,par_cod_asig3 FROM tblaca009_p_int WHERE pensum='5' AND c_uni_ca='3' AND c_asigna='300313' [1][0] OK
C:[19/08/2013 11:31:25.65][190.199.92.188][1182] SELECT par_cod_asig1,par_cod_asig2,par_cod_asig3 FROM tblaca009_p_int WHERE pensum='5' AND c_uni_ca='3' AND c_asigna='300428' [1][0] OK
C:[19/08/2013 11:31:25.91][190.199.92.188][1312] SELECT horas_lab FROM tblaca008 WHERE c_asigna='300313' AND horas_teoricas > 0 [1][0] OK
C:[19/08/2013 11:31:25.91][190.199.92.188][1312] SELECT horas_lab FROM tblaca008 WHERE c_asigna='300428' AND horas_teoricas > 0 [1][0] OK
C:[19/08/2013 11:31:54.26][181.182.74.232][1138] SELECT pre_cod_asig1,pre_cod_asig2,pre_cod_asig3,pre_cod_asig4,pre_cod_asig5,pre_cod_asig6,pre_cod_asig7 FROM tblaca009_p_int WHERE pensum='5' AND c_uni_ca='2' AND c_asigna='322801' [1][0] OK
C:[19/08/2013 11:31:54.26][181.182.74.232][1151] SELECT c_asigna FROM dace004 WHERE exp_e='07-20286762' AND c_asigna='322780' AND status IN ('0','3','B','C') [1][0] OK
C:[19/08/2013 11:31:54.26][181.182.74.232][1138] SELECT pre_cod_asig1,pre_cod_asig2,pre_cod_asig3,pre_cod_asig4,pre_cod_asig5,pre_cod_asig6,pre_cod_asig7 FROM tblaca009_p_int WHERE pensum='5' AND c_uni_ca='2' AND c_asigna='322826' [1][0] OK
C:[19/08/2013 11:31:54.26][181.182.74.232][1151] SELECT c_asigna FROM dace004 WHERE exp_e='07-20286762' AND c_asigna='322683' AND status IN ('0','3','B','C') [1][0] OK
C:[19/08/2013 11:31:54.32][181.182.74.232][1182] SELECT par_cod_asig1,par_cod_asig2,par_cod_asig3 FROM tblaca009_p_int WHERE pensum='5' AND c_uni_ca='2' AND c_asigna='322801' [1][0] OK
C:[19/08/2013 11:31:54.32][181.182.74.232][1182] SELECT par_cod_asig1,par_cod_asig2,par_cod_asig3 FROM tblaca009_p_int WHERE pensum='5' AND c_uni_ca='2' AND c_asigna='322826' [1][0] OK
C:[19/08/2013 11:31:55.58][181.182.74.232][1312] SELECT horas_lab FROM tblaca008 WHERE c_asigna='322801' AND horas_teoricas > 0 [1][0] OK
C:[19/08/2013 11:31:55.58][181.182.74.232][1312] SELECT horas_lab FROM tblaca008 WHERE c_asigna='322826' AND horas_teoricas > 0 [1][0] OK
C:[19/08/2013 11:32:03.58][190.199.92.188][1138] SELECT pre_cod_asig1,pre_cod_asig2,pre_cod_asig3,pre_cod_asig4,pre_cod_asig5,pre_cod_asig6,pre_cod_asig7 FROM tblaca009_p_int WHERE pensum='5' AND c_uni_ca='5' AND c_asigna='300870' [1][0] OK
C:[19/08/2013 11:32:03.73][190.199.92.188][1182] SELECT par_cod_asig1,par_cod_asig2,par_cod_asig3 FROM tblaca009_p_int WHERE pensum='5' AND c_uni_ca='5' AND c_asigna='300870' [1][0] OK
C:[19/08/2013 11:32:03.54][190.199.92.188][1312] SELECT horas_lab FROM tblaca008 WHERE c_asigna='300870' AND horas_teoricas > 0 [1][0] OK
C:[19/08/2013 11:32:07.27][190.199.69.148][1138] SELECT pre_cod_asig1,pre_cod_asig2,pre_cod_asig3,pre_cod_asig4,pre_cod_asig5,pre_cod_asig6,pre_cod_asig7 FROM tblaca009_p_int WHERE pensum='5' AND c_uni_ca='5' AND c_asigna='355720' [1][0] OK
C:[19/08/2013 11:32:07.27][190.199.69.148][1151] SELECT c_asigna FROM dace004 WHERE exp_e='08-19804778' AND c_asigna='355692' AND status IN ('0','3','B','C') [1][0] OK
C:[19/08/2013 11:32:07.27][190.199.69.148][1151] SELECT c_asigna FROM dace004 WHERE exp_e='08-19804778' AND c_asigna='355696' AND status IN ('0','3','B','C') [1][0] OK
C:[19/08/2013 11:32:07.27][190.199.69.148][1138] SELECT pre_cod_asig1,pre_cod_asig2,pre_cod_asig3,pre_cod_asig4,pre_cod_asig5,pre_cod_asig6,pre_cod_asig7 FROM tblaca009_p_int WHERE pensum='5' AND c_uni_ca='5' AND c_asigna='300956' [1][0] OK
C:[19/08/2013 11:32:07.27][190.199.69.148][1151] SELECT c_asigna FROM dace004 WHERE exp_e='08-19804778' AND c_asigna='300422' AND status IN ('0','3','B','C') [1][0] OK
C:[19/08/2013 11:32:08.89][190.199.69.148][1182] SELECT par_cod_asig1,par_cod_asig2,par_cod_asig3 FROM tblaca009_p_int WHERE pensum='5' AND c_uni_ca='5' AND c_asigna='355720' [1][0] OK
C:[19/08/2013 11:32:08.89][190.199.69.148][1182] SELECT par_cod_asig1,par_cod_asig2,par_cod_asig3 FROM tblaca009_p_int WHERE pensum='5' AND c_uni_ca='5' AND c_asigna='300956' [1][0] OK
C:[19/08/2013 11:32:08.15][190.199.69.148][1312] SELECT horas_lab FROM tblaca008 WHERE c_asigna='355720' AND horas_teoricas > 0 [1][0] OK
C:[19/08/2013 11:32:08.15][190.199.69.148][1312] SELECT horas_lab FROM tblaca008 WHERE c_asigna='300956' AND horas_teoricas > 0 [1][0] OK
C:[19/08/2013 11:32:22.54][186.90.189.189][1138] SELECT pre_cod_asig1,pre_cod_asig2,pre_cod_asig3,pre_cod_asig4,pre_cod_asig5,pre_cod_asig6,pre_cod_asig7 FROM tblaca009_p_int WHERE pensum='5' AND c_uni_ca='3' AND c_asigna='311430' [1][0] OK
C:[19/08/2013 11:32:22.54][186.90.189.189][1151] SELECT c_asigna FROM dace004 WHERE exp_e='09-20505786' AND c_asigna='300317' AND status IN ('0','3','B','C') [1][0] OK
C:[19/08/2013 11:32:22.54][186.90.189.189][1151] SELECT c_asigna FROM dace004 WHERE exp_e='09-20505786' AND c_asigna='300318' AND status IN ('0','3','B','C') [1][0] OK
C:[19/08/2013 11:32:22.47][186.90.189.189][1182] SELECT par_cod_asig1,par_cod_asig2,par_cod_asig3 FROM tblaca009_p_int WHERE pensum='5' AND c_uni_ca='3' AND c_asigna='311430' [1][0] OK
C:[19/08/2013 11:32:22.61][186.90.189.189][1312] SELECT horas_lab FROM tblaca008 WHERE c_asigna='311430' AND horas_teoricas > 0 [1][0] OK
C:[19/08/2013 11:32:33.18][172.16.4.254][1138] SELECT pre_cod_asig1,pre_cod_asig2,pre_cod_asig3,pre_cod_asig4,pre_cod_asig5,pre_cod_asig6,pre_cod_asig7 FROM tblaca009_p_int WHERE pensum='5' AND c_uni_ca='3' AND c_asigna='310548' [1][0] OK
C:[19/08/2013 11:32:33.18][172.16.4.254][1151] SELECT c_asigna FROM dace004 WHERE exp_e='07-18415268' AND c_asigna='300428' AND status IN ('0','3','B','C') [1][0] OK
C:[19/08/2013 11:32:33.43][172.16.4.254][1182] SELECT par_cod_asig1,par_cod_asig2,par_cod_asig3 FROM tblaca009_p_int WHERE pensum='5' AND c_uni_ca='3' AND c_asigna='310548' [1][0] OK
C:[19/08/2013 11:32:33.56][172.16.4.254][1312] SELECT horas_lab FROM tblaca008 WHERE c_asigna='310548' AND horas_teoricas > 0 [1][0] OK
C:[19/08/2013 11:34:09.63][190.37.225.240][1138] SELECT pre_cod_asig1,pre_cod_asig2,pre_cod_asig3,pre_cod_asig4,pre_cod_asig5,pre_cod_asig6,pre_cod_asig7 FROM tblaca009_p_int WHERE pensum='5' AND c_uni_ca='6' AND c_asigna='344715' [1][0] OK
C:[19/08/2013 11:34:09.63][190.37.225.240][1151] SELECT c_asigna FROM dace004 WHERE exp_e='09-20557404' AND c_asigna='344688' AND status IN ('0','3','B','C') [1][0] OK
C:[19/08/2013 11:34:09.63][190.37.225.240][1151] SELECT c_asigna FROM dace004 WHERE exp_e='09-20557404' AND c_asigna='344613' AND status IN ('0','3','B','C') [1][0] OK
C:[19/08/2013 11:34:09.57][190.37.225.240][1182] SELECT par_cod_asig1,par_cod_asig2,par_cod_asig3 FROM tblaca009_p_int WHERE pensum='5' AND c_uni_ca='6' AND c_asigna='344715' [1][0] OK
C:[19/08/2013 11:34:09.71][190.37.225.240][1312] SELECT horas_lab FROM tblaca008 WHERE c_asigna='344715' AND horas_teoricas > 0 [1][0] OK
C:[19/08/2013 11:35:17.99][172.17.129.49][1138] SELECT pre_cod_asig1,pre_cod_asig2,pre_cod_asig3,pre_cod_asig4,pre_cod_asig5,pre_cod_asig6,pre_cod_asig7 FROM tblaca009_p_int WHERE pensum='5' AND c_uni_ca='2' AND c_asigna='322826' [1][0] OK
C:[19/08/2013 11:35:17.99][172.17.129.49][1151] SELECT c_asigna FROM dace004 WHERE exp_e='07-20547304' AND c_asigna='322683' AND status IN ('0','3','B','C') [1][0] OK
C:[19/08/2013 11:35:17.99][172.17.129.49][1138] SELECT pre_cod_asig1,pre_cod_asig2,pre_cod_asig3,pre_cod_asig4,pre_cod_asig5,pre_cod_asig6,pre_cod_asig7 FROM tblaca009_p_int WHERE pensum='5' AND c_uni_ca='2' AND c_asigna='322904' [1][0] OK
C:[19/08/2013 11:35:17.49][172.17.129.49][1182] SELECT par_cod_asig1,par_cod_asig2,par_cod_asig3 FROM tblaca009_p_int WHERE pensum='5' AND c_uni_ca='2' AND c_asigna='322826' [1][0] OK
C:[19/08/2013 11:35:17.49][172.17.129.49][1182] SELECT par_cod_asig1,par_cod_asig2,par_cod_asig3 FROM tblaca009_p_int WHERE pensum='5' AND c_uni_ca='2' AND c_asigna='322904' [1][0] OK
C:[19/08/2013 11:35:18.75][172.17.129.49][1312] SELECT horas_lab FROM tblaca008 WHERE c_asigna='322826' AND horas_teoricas > 0 [1][0] OK
C:[19/08/2013 11:35:18.75][172.17.129.49][1312] SELECT horas_lab FROM tblaca008 WHERE c_asigna='322904' AND horas_teoricas > 0 [1][0] OK
C:[19/08/2013 11:35:53.84][181.182.46.193][1138] SELECT pre_cod_asig1,pre_cod_asig2,pre_cod_asig3,pre_cod_asig4,pre_cod_asig5,pre_cod_asig6,pre_cod_asig7 FROM tblaca009_p_int WHERE pensum='5' AND c_uni_ca='6' AND c_asigna='344687' [1][0] OK
C:[19/08/2013 11:35:53.84][181.182.46.193][1151] SELECT c_asigna FROM dace004 WHERE exp_e='08-19302921' AND c_asigna='344565' AND status IN ('0','3','B','C') [1][0] OK
C:[19/08/2013 11:35:53.84][181.182.46.193][1138] SELECT pre_cod_asig1,pre_cod_asig2,pre_cod_asig3,pre_cod_asig4,pre_cod_asig5,pre_cod_asig6,pre_cod_asig7 FROM tblaca009_p_int WHERE pensum='5' AND c_uni_ca='6' AND c_asigna='344689' [1][0] OK
C:[19/08/2013 11:35:53.84][181.182.46.193][1151] SELECT c_asigna FROM dace004 WHERE exp_e='08-19302921' AND c_asigna='300209' AND status IN ('0','3','B','C') [1][0] OK
C:[19/08/2013 11:35:53.84][181.182.46.193][1138] SELECT pre_cod_asig1,pre_cod_asig2,pre_cod_asig3,pre_cod_asig4,pre_cod_asig5,pre_cod_asig6,pre_cod_asig7 FROM tblaca009_p_int WHERE pensum='5' AND c_uni_ca='6' AND c_asigna='344688' [1][0] OK
C:[19/08/2013 11:35:53.84][181.182.46.193][1151] SELECT c_asigna FROM dace004 WHERE exp_e='08-19302921' AND c_asigna='344565' AND status IN ('0','3','B','C') [1][0] OK
C:[19/08/2013 11:35:53.16][181.182.46.193][1182] SELECT par_cod_asig1,par_cod_asig2,par_cod_asig3 FROM tblaca009_p_int WHERE pensum='5' AND c_uni_ca='6' AND c_asigna='344687' [1][0] OK
C:[19/08/2013 11:35:53.16][181.182.46.193][1182] SELECT par_cod_asig1,par_cod_asig2,par_cod_asig3 FROM tblaca009_p_int WHERE pensum='5' AND c_uni_ca='6' AND c_asigna='344689' [1][0] OK
C:[19/08/2013 11:35:53.78][172.16.4.254][1138] SELECT pre_cod_asig1,pre_cod_asig2,pre_cod_asig3,pre_cod_asig4,pre_cod_asig5,pre_cod_asig6,pre_cod_asig7 FROM tblaca009_p_int WHERE pensum='5' AND c_uni_ca='2' AND c_asigna='322703' [1][0] OK
C:[19/08/2013 11:35:53.16][181.182.46.193][1182] SELECT par_cod_asig1,par_cod_asig2,par_cod_asig3 FROM tblaca009_p_int WHERE pensum='5' AND c_uni_ca='6' AND c_asigna='344688' [1][0] OK
C:[19/08/2013 11:35:53.78][172.16.4.254][1151] SELECT c_asigna FROM dace004 WHERE exp_e='09-20506842' AND c_asigna='322669' AND status IN ('0','3','B','C') [1][0] OK
C:[19/08/2013 11:35:53.54][181.182.46.193][1312] SELECT horas_lab FROM tblaca008 WHERE c_asigna='344687' AND horas_teoricas > 0 [1][0] OK
C:[19/08/2013 11:35:53.78][172.16.4.254][1138] SELECT pre_cod_asig1,pre_cod_asig2,pre_cod_asig3,pre_cod_asig4,pre_cod_asig5,pre_cod_asig6,pre_cod_asig7 FROM tblaca009_p_int WHERE pensum='5' AND c_uni_ca='2' AND c_asigna='322826' [1][0] OK
C:[19/08/2013 11:35:53.54][181.182.46.193][1312] SELECT horas_lab FROM tblaca008 WHERE c_asigna='344689' AND horas_teoricas > 0 [1][0] OK
C:[19/08/2013 11:35:53.78][172.16.4.254][1151] SELECT c_asigna FROM dace004 WHERE exp_e='09-20506842' AND c_asigna='322683' AND status IN ('0','3','B','C') [1][0] OK
C:[19/08/2013 11:35:53.54][181.182.46.193][1312] SELECT horas_lab FROM tblaca008 WHERE c_asigna='344688' AND horas_teoricas > 0 [1][0] OK
C:[19/08/2013 11:35:53.28][172.16.4.254][1182] SELECT par_cod_asig1,par_cod_asig2,par_cod_asig3 FROM tblaca009_p_int WHERE pensum='5' AND c_uni_ca='2' AND c_asigna='322703' [1][0] OK
C:[19/08/2013 11:35:53.28][172.16.4.254][1182] SELECT par_cod_asig1,par_cod_asig2,par_cod_asig3 FROM tblaca009_p_int WHERE pensum='5' AND c_uni_ca='2' AND c_asigna='322826' [1][0] OK
C:[19/08/2013 11:35:53.54][172.16.4.254][1312] SELECT horas_lab FROM tblaca008 WHERE c_asigna='322703' AND horas_teoricas > 0 [1][0] OK
C:[19/08/2013 11:35:53.54][172.16.4.254][1312] SELECT horas_lab FROM tblaca008 WHERE c_asigna='322826' AND horas_teoricas > 0 [1][0] OK
C:[19/08/2013 11:35:53.79][190.37.113.59][1138] SELECT pre_cod_asig1,pre_cod_asig2,pre_cod_asig3,pre_cod_asig4,pre_cod_asig5,pre_cod_asig6,pre_cod_asig7 FROM tblaca009_p_int WHERE pensum='5' AND c_uni_ca='6' AND c_asigna='344689' [1][0] OK
C:[19/08/2013 11:35:53.79][190.37.113.59][1151] SELECT c_asigna FROM dace004 WHERE exp_e='09-18886145' AND c_asigna='300209' AND status IN ('0','3','B','C') [1][0] OK
C:[19/08/2013 11:35:53.04][190.37.113.59][1182] SELECT par_cod_asig1,par_cod_asig2,par_cod_asig3 FROM tblaca009_p_int WHERE pensum='5' AND c_uni_ca='6' AND c_asigna='344689' [1][0] OK
C:[19/08/2013 11:35:53.18][190.37.113.59][1312] SELECT horas_lab FROM tblaca008 WHERE c_asigna='344689' AND horas_teoricas > 0 [1][0] OK
C:[19/08/2013 11:36:38.87][186.25.33.46][1138] SELECT pre_cod_asig1,pre_cod_asig2,pre_cod_asig3,pre_cod_asig4,pre_cod_asig5,pre_cod_asig6,pre_cod_asig7 FROM tblaca009_p_int WHERE pensum='5' AND c_uni_ca='6' AND c_asigna='300209' [1][0] OK
C:[19/08/2013 11:36:38.87][186.25.33.46][1151] SELECT c_asigna FROM dace004 WHERE exp_e='12-25696067' AND c_asigna='300101' AND status IN ('0','3','B','C') [1][0] OK
C:[19/08/2013 11:36:38.87][186.25.33.46][1138] SELECT pre_cod_asig1,pre_cod_asig2,pre_cod_asig3,pre_cod_asig4,pre_cod_asig5,pre_cod_asig6,pre_cod_asig7 FROM tblaca009_p_int WHERE pensum='5' AND c_uni_ca='6' AND c_asigna='300228' [1][0] OK
C:[19/08/2013 11:36:38.87][186.25.33.46][1151] SELECT c_asigna FROM dace004 WHERE exp_e='12-25696067' AND c_asigna='300101' AND status IN ('0','3','B','C') [1][0] OK
C:[19/08/2013 11:36:39.93][186.25.33.46][1182] SELECT par_cod_asig1,par_cod_asig2,par_cod_asig3 FROM tblaca009_p_int WHERE pensum='5' AND c_uni_ca='6' AND c_asigna='300209' [1][0] OK
C:[19/08/2013 11:36:39.93][186.25.33.46][1182] SELECT par_cod_asig1,par_cod_asig2,par_cod_asig3 FROM tblaca009_p_int WHERE pensum='5' AND c_uni_ca='6' AND c_asigna='300228' [1][0] OK
C:[19/08/2013 11:36:39.19][186.25.33.46][1312] SELECT horas_lab FROM tblaca008 WHERE c_asigna='300209' AND horas_teoricas > 0 [1][0] OK
C:[19/08/2013 11:36:39.19][186.25.33.46][1312] SELECT horas_lab FROM tblaca008 WHERE c_asigna='300228' AND horas_teoricas > 0 [1][0] OK
C:[19/08/2013 11:37:20.18][172.17.135.249][1138] SELECT pre_cod_asig1,pre_cod_asig2,pre_cod_asig3,pre_cod_asig4,pre_cod_asig5,pre_cod_asig6,pre_cod_asig7 FROM tblaca009_p_int WHERE pensum='5' AND c_uni_ca='2' AND c_asigna='322436' [1][0] OK
C:[19/08/2013 11:37:20.18][172.17.135.249][1151] SELECT c_asigna FROM dace004 WHERE exp_e='12-23519548' AND c_asigna='320311' AND status IN ('0','3','B','C') [1][0] OK
C:[19/08/2013 11:37:20.18][172.17.135.249][1138] SELECT pre_cod_asig1,pre_cod_asig2,pre_cod_asig3,pre_cod_asig4,pre_cod_asig5,pre_cod_asig6,pre_cod_asig7 FROM tblaca009_p_int WHERE pensum='5' AND c_uni_ca='2' AND c_asigna='322449' [1][0] OK
C:[19/08/2013 11:37:20.18][172.17.135.249][1151] SELECT c_asigna FROM dace004 WHERE exp_e='12-23519548' AND c_asigna='300222' AND status IN ('0','3','B','C') [1][0] OK
C:[19/08/2013 11:37:21.25][172.17.135.249][1182] SELECT par_cod_asig1,par_cod_asig2,par_cod_asig3 FROM tblaca009_p_int WHERE pensum='5' AND c_uni_ca='2' AND c_asigna='322436' [1][0] OK
C:[19/08/2013 11:37:21.25][172.17.135.249][1182] SELECT par_cod_asig1,par_cod_asig2,par_cod_asig3 FROM tblaca009_p_int WHERE pensum='5' AND c_uni_ca='2' AND c_asigna='322449' [1][0] OK
C:[19/08/2013 11:37:21.51][172.17.135.249][1312] SELECT horas_lab FROM tblaca008 WHERE c_asigna='322436' AND horas_teoricas > 0 [1][0] OK
C:[19/08/2013 11:37:21.51][172.17.135.249][1312] SELECT horas_lab FROM tblaca008 WHERE c_asigna='322449' AND horas_teoricas > 0 [1][0] OK
C:[19/08/2013 11:37:44.20][200.84.92.74][1138] SELECT pre_cod_asig1,pre_cod_asig2,pre_cod_asig3,pre_cod_asig4,pre_cod_asig5,pre_cod_asig6,pre_cod_asig7 FROM tblaca009_p_int WHERE pensum='5' AND c_uni_ca='5' AND c_asigna='300318' [1][0] OK
C:[19/08/2013 11:37:44.20][200.84.92.74][1151] SELECT c_asigna FROM dace004 WHERE exp_e='09-20703727' AND c_asigna='300228' AND status IN ('0','3','B','C') [1][0] OK
C:[19/08/2013 11:37:44.20][200.84.92.74][1151] SELECT c_asigna FROM dace004 WHERE exp_e='09-20703727' AND c_asigna='300207' AND status IN ('0','3','B','C') [1][0] OK
C:[19/08/2013 11:37:44.20][200.84.92.74][1151] SELECT c_asigna FROM dace004 WHERE exp_e='09-20703727' AND c_asigna='300218' AND status IN ('0','3','B','C') [1][0] OK
C:[19/08/2013 11:37:44.20][200.84.92.74][1138] SELECT pre_cod_asig1,pre_cod_asig2,pre_cod_asig3,pre_cod_asig4,pre_cod_asig5,pre_cod_asig6,pre_cod_asig7 FROM tblaca009_p_int WHERE pensum='5' AND c_uni_ca='5' AND c_asigna='351330' [1][0] OK
C:[19/08/2013 11:37:44.20][200.84.92.74][1151] SELECT c_asigna FROM dace004 WHERE exp_e='09-20703727' AND c_asigna='300218' AND status IN ('0','3','B','C') [1][0] OK
C:[19/08/2013 11:37:44.54][200.84.92.74][1182] SELECT par_cod_asig1,par_cod_asig2,par_cod_asig3 FROM tblaca009_p_int WHERE pensum='5' AND c_uni_ca='5' AND c_asigna='300318' [1][0] OK
C:[19/08/2013 11:37:44.54][200.84.92.74][1182] SELECT par_cod_asig1,par_cod_asig2,par_cod_asig3 FROM tblaca009_p_int WHERE pensum='5' AND c_uni_ca='5' AND c_asigna='351330' [1][0] OK
C:[19/08/2013 11:37:44.54][200.84.92.74][1196] SELECT c_asigna FROM dace004 WHERE exp_e='09-20703727' AND c_asigna='300317' AND status IN ('0','3','B','C') [1][0] OK
C:[19/08/2013 11:37:44.95][200.84.92.74][1312] SELECT horas_lab FROM tblaca008 WHERE c_asigna='300318' AND horas_teoricas > 0 [1][0] OK
C:[19/08/2013 11:37:44.95][200.84.92.74][1312] SELECT horas_lab FROM tblaca008 WHERE c_asigna='351330' AND horas_teoricas > 0 [1][0] OK
C:[19/08/2013 11:37:45.15][190.200.59.195][1138] SELECT pre_cod_asig1,pre_cod_asig2,pre_cod_asig3,pre_cod_asig4,pre_cod_asig5,pre_cod_asig6,pre_cod_asig7 FROM tblaca009_p_int WHERE pensum='5' AND c_uni_ca='2' AND c_asigna='322433' [1][0] OK
C:[19/08/2013 11:37:45.15][190.200.59.195][1151] SELECT c_asigna FROM dace004 WHERE exp_e='11-24559667' AND c_asigna='320323' AND status IN ('0','3','B','C') [1][0] OK
C:[19/08/2013 11:37:45.15][190.200.59.195][1151] SELECT c_asigna FROM dace004 WHERE exp_e='11-24559667' AND c_asigna='300209' AND status IN ('0','3','B','C') [1][0] OK
C:[19/08/2013 11:37:45.15][190.200.59.195][1138] SELECT pre_cod_asig1,pre_cod_asig2,pre_cod_asig3,pre_cod_asig4,pre_cod_asig5,pre_cod_asig6,pre_cod_asig7 FROM tblaca009_p_int WHERE pensum='5' AND c_uni_ca='2' AND c_asigna='322436' [1][0] OK
C:[19/08/2013 11:37:45.15][190.200.59.195][1151] SELECT c_asigna FROM dace004 WHERE exp_e='11-24559667' AND c_asigna='320311' AND status IN ('0','3','B','C') [1][0] OK
C:[19/08/2013 11:37:45.15][190.200.59.195][1138] SELECT pre_cod_asig1,pre_cod_asig2,pre_cod_asig3,pre_cod_asig4,pre_cod_asig5,pre_cod_asig6,pre_cod_asig7 FROM tblaca009_p_int WHERE pensum='5' AND c_uni_ca='2' AND c_asigna='311561' [1][0] OK
C:[19/08/2013 11:37:45.15][190.200.59.195][1151] SELECT c_asigna FROM dace004 WHERE exp_e='11-24559667' AND c_asigna='300318' AND status IN ('0','3','B','C') [1][0] OK
C:[19/08/2013 11:37:45.03][190.200.59.195][1182] SELECT par_cod_asig1,par_cod_asig2,par_cod_asig3 FROM tblaca009_p_int WHERE pensum='5' AND c_uni_ca='2' AND c_asigna='322433' [1][0] OK
C:[19/08/2013 11:37:45.03][190.200.59.195][1182] SELECT par_cod_asig1,par_cod_asig2,par_cod_asig3 FROM tblaca009_p_int WHERE pensum='5' AND c_uni_ca='2' AND c_asigna='322436' [1][0] OK
C:[19/08/2013 11:37:45.03][190.200.59.195][1182] SELECT par_cod_asig1,par_cod_asig2,par_cod_asig3 FROM tblaca009_p_int WHERE pensum='5' AND c_uni_ca='2' AND c_asigna='311561' [1][0] OK
C:[19/08/2013 11:37:45.41][190.200.59.195][1312] SELECT horas_lab FROM tblaca008 WHERE c_asigna='322433' AND horas_teoricas > 0 [1][0] OK
C:[19/08/2013 11:37:45.41][190.200.59.195][1312] SELECT horas_lab FROM tblaca008 WHERE c_asigna='322436' AND horas_teoricas > 0 [1][0] OK
C:[19/08/2013 11:37:45.41][190.200.59.195][1312] SELECT horas_lab FROM tblaca008 WHERE c_asigna='311561' AND horas_teoricas > 0 [1][0] OK
C:[19/08/2013 11:38:38.68][200.90.99.102][1138] SELECT pre_cod_asig1,pre_cod_asig2,pre_cod_asig3,pre_cod_asig4,pre_cod_asig5,pre_cod_asig6,pre_cod_asig7 FROM tblaca009_p_int WHERE pensum='5' AND c_uni_ca='3' AND c_asigna='300207' [1][0] OK
C:[19/08/2013 11:38:38.68][200.90.99.102][1151] SELECT c_asigna FROM dace004 WHERE exp_e='11-21248975' AND c_asigna='300101' AND status IN ('0','3','B','C') [1][0] OK
C:[19/08/2013 11:38:38.68][200.90.99.102][1138] SELECT pre_cod_asig1,pre_cod_asig2,pre_cod_asig3,pre_cod_asig4,pre_cod_asig5,pre_cod_asig6,pre_cod_asig7 FROM tblaca009_p_int WHERE pensum='5' AND c_uni_ca='3' AND c_asigna='300218' [1][0] OK
C:[19/08/2013 11:38:38.62][200.90.99.102][1182] SELECT par_cod_asig1,par_cod_asig2,par_cod_asig3 FROM tblaca009_p_int WHERE pensum='5' AND c_uni_ca='3' AND c_asigna='300207' [1][0] OK
C:[19/08/2013 11:38:38.62][200.90.99.102][1182] SELECT par_cod_asig1,par_cod_asig2,par_cod_asig3 FROM tblaca009_p_int WHERE pensum='5' AND c_uni_ca='3' AND c_asigna='300218' [1][0] OK
C:[19/08/2013 11:38:38.62][200.90.99.102][1196] SELECT c_asigna FROM dace004 WHERE exp_e='11-21248975' AND c_asigna='300228' AND status IN ('0','3','B','C') [1][0] OK
C:[19/08/2013 11:38:38.00][200.90.99.102][1312] SELECT horas_lab FROM tblaca008 WHERE c_asigna='300207' AND horas_teoricas > 0 [1][0] OK
C:[19/08/2013 11:38:38.00][200.90.99.102][1312] SELECT horas_lab FROM tblaca008 WHERE c_asigna='300218' AND horas_teoricas > 0 [0][0] OK
C:[19/08/2013 11:38:44.91][190.37.37.154][1138] SELECT pre_cod_asig1,pre_cod_asig2,pre_cod_asig3,pre_cod_asig4,pre_cod_asig5,pre_cod_asig6,pre_cod_asig7 FROM tblaca009_p_int WHERE pensum='5' AND c_uni_ca='5' AND c_asigna='355693' [1][0] OK
C:[19/08/2013 11:38:44.91][190.37.37.154][1151] SELECT c_asigna FROM dace004 WHERE exp_e='09-20299976' AND c_asigna='355572' AND status IN ('0','3','B','C') [1][0] OK
C:[19/08/2013 11:38:44.91][190.37.37.154][1151] SELECT c_asigna FROM dace004 WHERE exp_e='09-20299976' AND c_asigna='352440' AND status IN ('0','3','B','C') [1][0] OK
C:[19/08/2013 11:38:44.91][190.37.37.154][1151] SELECT c_asigna FROM dace004 WHERE exp_e='09-20299976' AND c_asigna='355573' AND status IN ('0','3','B','C') [1][0] OK
C:[19/08/2013 11:38:45.41][190.37.37.154][1182] SELECT par_cod_asig1,par_cod_asig2,par_cod_asig3 FROM tblaca009_p_int WHERE pensum='5' AND c_uni_ca='5' AND c_asigna='355693' [1][0] OK
C:[19/08/2013 11:38:45.55][190.37.37.154][1312] SELECT horas_lab FROM tblaca008 WHERE c_asigna='355693' AND horas_teoricas > 0 [1][0] OK
C:[19/08/2013 11:39:03.60][190.142.254.62][1138] SELECT pre_cod_asig1,pre_cod_asig2,pre_cod_asig3,pre_cod_asig4,pre_cod_asig5,pre_cod_asig6,pre_cod_asig7 FROM tblaca009_p_int WHERE pensum='5' AND c_uni_ca='2' AND c_asigna='322436' [1][0] OK
C:[19/08/2013 11:39:03.60][190.142.254.62][1151] SELECT c_asigna FROM dace004 WHERE exp_e='11-25268647' AND c_asigna='320311' AND status IN ('0','3','B','C') [1][0] OK
C:[19/08/2013 11:39:03.60][190.142.254.62][1138] SELECT pre_cod_asig1,pre_cod_asig2,pre_cod_asig3,pre_cod_asig4,pre_cod_asig5,pre_cod_asig6,pre_cod_asig7 FROM tblaca009_p_int WHERE pensum='5' AND c_uni_ca='2' AND c_asigna='322558' [1][0] OK
C:[19/08/2013 11:39:03.60][190.142.254.62][1151] SELECT c_asigna FROM dace004 WHERE exp_e='11-25268647' AND c_asigna='320323' AND status IN ('0','3','B','C') [1][0] OK
C:[19/08/2013 11:39:03.66][190.142.254.62][1182] SELECT par_cod_asig1,par_cod_asig2,par_cod_asig3 FROM tblaca009_p_int WHERE pensum='5' AND c_uni_ca='2' AND c_asigna='322436' [1][0] OK
C:[19/08/2013 11:39:03.66][190.142.254.62][1182] SELECT par_cod_asig1,par_cod_asig2,par_cod_asig3 FROM tblaca009_p_int WHERE pensum='5' AND c_uni_ca='2' AND c_asigna='322558' [1][0] OK
C:[19/08/2013 11:39:03.93][190.142.254.62][1312] SELECT horas_lab FROM tblaca008 WHERE c_asigna='322436' AND horas_teoricas > 0 [1][0] OK
C:[19/08/2013 11:39:03.93][190.142.254.62][1312] SELECT horas_lab FROM tblaca008 WHERE c_asigna='322558' AND horas_teoricas > 0 [1][0] OK
C:[19/08/2013 11:39:18.79][190.199.92.188][1138] SELECT pre_cod_asig1,pre_cod_asig2,pre_cod_asig3,pre_cod_asig4,pre_cod_asig5,pre_cod_asig6,pre_cod_asig7 FROM tblaca009_p_int WHERE pensum='5' AND c_uni_ca='3' AND c_asigna='311551' [1][0] OK
C:[19/08/2013 11:39:18.79][190.199.92.188][1151] SELECT c_asigna FROM dace004 WHERE exp_e='09-18686840' AND c_asigna='311430' AND status IN ('0','3','B','C') [1][0] OK
C:[19/08/2013 11:39:18.04][190.199.92.188][1182] SELECT par_cod_asig1,par_cod_asig2,par_cod_asig3 FROM tblaca009_p_int WHERE pensum='5' AND c_uni_ca='3' AND c_asigna='311551' [1][0] OK
C:[19/08/2013 11:39:18.18][190.199.92.188][1312] SELECT horas_lab FROM tblaca008 WHERE c_asigna='311551' AND horas_teoricas > 0 [1][0] OK
C:[19/08/2013 11:39:57.52][172.16.4.247][1138] SELECT pre_cod_asig1,pre_cod_asig2,pre_cod_asig3,pre_cod_asig4,pre_cod_asig5,pre_cod_asig6,pre_cod_asig7 FROM tblaca009_p_int WHERE pensum='5' AND c_uni_ca='5' AND c_asigna='300226' [1][0] OK
C:[19/08/2013 11:39:57.52][172.16.4.247][1151] SELECT c_asigna FROM dace004 WHERE exp_e='09-20556571' AND c_asigna='300116' AND status IN ('0','3','B','C') [1][0] OK
C:[19/08/2013 11:39:57.52][172.16.4.247][1138] SELECT pre_cod_asig1,pre_cod_asig2,pre_cod_asig3,pre_cod_asig4,pre_cod_asig5,pre_cod_asig6,pre_cod_asig7 FROM tblaca009_p_int WHERE pensum='5' AND c_uni_ca='5' AND c_asigna='355692' [1][0] OK
C:[19/08/2013 11:39:57.52][172.16.4.247][1151] SELECT c_asigna FROM dace004 WHERE exp_e='09-20556571' AND c_asigna='355448' AND status IN ('0','3','B','C') [1][0] OK
C:[19/08/2013 11:39:57.52][172.16.4.247][1151] SELECT c_asigna FROM dace004 WHERE exp_e='09-20556571' AND c_asigna='355570' AND status IN ('0','3','B','C') [1][0] OK
C:[19/08/2013 11:39:57.71][172.16.4.247][1182] SELECT par_cod_asig1,par_cod_asig2,par_cod_asig3 FROM tblaca009_p_int WHERE pensum='5' AND c_uni_ca='5' AND c_asigna='300226' [1][0] OK
C:[19/08/2013 11:39:57.71][172.16.4.247][1182] SELECT par_cod_asig1,par_cod_asig2,par_cod_asig3 FROM tblaca009_p_int WHERE pensum='5' AND c_uni_ca='5' AND c_asigna='355692' [1][0] OK
C:[19/08/2013 11:39:57.97][172.16.4.247][1312] SELECT horas_lab FROM tblaca008 WHERE c_asigna='300226' AND horas_teoricas > 0 [1][0] OK
C:[19/08/2013 11:39:57.97][172.16.4.247][1312] SELECT horas_lab FROM tblaca008 WHERE c_asigna='355692' AND horas_teoricas > 0 [1][0] OK
C:[19/08/2013 11:40:01.20][200.84.65.155][1138] SELECT pre_cod_asig1,pre_cod_asig2,pre_cod_asig3,pre_cod_asig4,pre_cod_asig5,pre_cod_asig6,pre_cod_asig7 FROM tblaca009_p_int WHERE pensum='5' AND c_uni_ca='6' AND c_asigna='300213' [1][0] OK
C:[19/08/2013 11:40:01.20][200.84.65.155][1151] SELECT c_asigna FROM dace004 WHERE exp_e='11-25083276' AND c_asigna='300101' AND status IN ('0','3','B','C') [1][0] OK
C:[19/08/2013 11:40:01.20][200.84.65.155][1138] SELECT pre_cod_asig1,pre_cod_asig2,pre_cod_asig3,pre_cod_asig4,pre_cod_asig5,pre_cod_asig6,pre_cod_asig7 FROM tblaca009_p_int WHERE pensum='5' AND c_uni_ca='6' AND c_asigna='300428' [1][0] OK
C:[19/08/2013 11:40:01.20][200.84.65.155][1151] SELECT c_asigna FROM dace004 WHERE exp_e='11-25083276' AND c_asigna='300317' AND status IN ('0','3','B','C') [1][0] OK
C:[19/08/2013 11:40:01.70][200.84.65.155][1182] SELECT par_cod_asig1,par_cod_asig2,par_cod_asig3 FROM tblaca009_p_int WHERE pensum='5' AND c_uni_ca='6' AND c_asigna='300213' [1][0] OK
C:[19/08/2013 11:40:01.70][200.84.65.155][1182] SELECT par_cod_asig1,par_cod_asig2,par_cod_asig3 FROM tblaca009_p_int WHERE pensum='5' AND c_uni_ca='6' AND c_asigna='300428' [1][0] OK
C:[19/08/2013 11:40:01.96][200.84.65.155][1312] SELECT horas_lab FROM tblaca008 WHERE c_asigna='300213' AND horas_teoricas > 0 [1][0] OK
C:[19/08/2013 11:40:01.96][200.84.65.155][1312] SELECT horas_lab FROM tblaca008 WHERE c_asigna='300428' AND horas_teoricas > 0 [1][0] OK
C:[19/08/2013 11:42:06.15][200.84.92.74][1138] SELECT pre_cod_asig1,pre_cod_asig2,pre_cod_asig3,pre_cod_asig4,pre_cod_asig5,pre_cod_asig6,pre_cod_asig7 FROM tblaca009_p_int WHERE pensum='5' AND c_uni_ca='5' AND c_asigna='300318' [1][0] OK
C:[19/08/2013 11:42:06.15][200.84.92.74][1151] SELECT c_asigna FROM dace004 WHERE exp_e='09-20703727' AND c_asigna='300228' AND status IN ('0','3','B','C') [1][0] OK
C:[19/08/2013 11:42:06.15][200.84.92.74][1151] SELECT c_asigna FROM dace004 WHERE exp_e='09-20703727' AND c_asigna='300207' AND status IN ('0','3','B','C') [1][0] OK
C:[19/08/2013 11:42:06.15][200.84.92.74][1151] SELECT c_asigna FROM dace004 WHERE exp_e='09-20703727' AND c_asigna='300218' AND status IN ('0','3','B','C') [1][0] OK
C:[19/08/2013 11:42:06.15][200.84.92.74][1138] SELECT pre_cod_asig1,pre_cod_asig2,pre_cod_asig3,pre_cod_asig4,pre_cod_asig5,pre_cod_asig6,pre_cod_asig7 FROM tblaca009_p_int WHERE pensum='5' AND c_uni_ca='5' AND c_asigna='351330' [1][0] OK
C:[19/08/2013 11:42:06.15][200.84.92.74][1151] SELECT c_asigna FROM dace004 WHERE exp_e='09-20703727' AND c_asigna='300218' AND status IN ('0','3','B','C') [1][0] OK
C:[19/08/2013 11:42:07.46][200.84.92.74][1182] SELECT par_cod_asig1,par_cod_asig2,par_cod_asig3 FROM tblaca009_p_int WHERE pensum='5' AND c_uni_ca='5' AND c_asigna='300318' [1][0] OK
C:[19/08/2013 11:42:07.46][200.84.92.74][1182] SELECT par_cod_asig1,par_cod_asig2,par_cod_asig3 FROM tblaca009_p_int WHERE pensum='5' AND c_uni_ca='5' AND c_asigna='351330' [1][0] OK
C:[19/08/2013 11:42:07.46][200.84.92.74][1196] SELECT c_asigna FROM dace004 WHERE exp_e='09-20703727' AND c_asigna='300317' AND status IN ('0','3','B','C') [1][0] OK
C:[19/08/2013 11:42:07.85][200.84.92.74][1312] SELECT horas_lab FROM tblaca008 WHERE c_asigna='300318' AND horas_teoricas > 0 [1][0] OK
C:[19/08/2013 11:42:07.85][200.84.92.74][1312] SELECT horas_lab FROM tblaca008 WHERE c_asigna='351330' AND horas_teoricas > 0 [1][0] OK
C:[19/08/2013 11:42:19.53][190.79.29.72][1138] SELECT pre_cod_asig1,pre_cod_asig2,pre_cod_asig3,pre_cod_asig4,pre_cod_asig5,pre_cod_asig6,pre_cod_asig7 FROM tblaca009_p_int WHERE pensum='5' AND c_uni_ca='2' AND c_asigna='300313' [1][0] OK
C:[19/08/2013 11:42:19.53][190.79.29.72][1151] SELECT c_asigna FROM dace004 WHERE exp_e='10-21011310' AND c_asigna='300213' AND status IN ('0','3','B','C') [1][0] OK
C:[19/08/2013 11:42:19.53][190.79.29.72][1138] SELECT pre_cod_asig1,pre_cod_asig2,pre_cod_asig3,pre_cod_asig4,pre_cod_asig5,pre_cod_asig6,pre_cod_asig7 FROM tblaca009_p_int WHERE pensum='5' AND c_uni_ca='2' AND c_asigna='320323' [1][0] OK
C:[19/08/2013 11:42:19.53][190.79.29.72][1151] SELECT c_asigna FROM dace004 WHERE exp_e='10-21011310' AND c_asigna='300228' AND status IN ('0','3','B','C') [1][0] OK
C:[19/08/2013 11:42:19.53][190.79.29.72][1151] SELECT c_asigna FROM dace004 WHERE exp_e='10-21011310' AND c_asigna='300218' AND status IN ('0','3','B','C') [1][0] OK
C:[19/08/2013 11:42:19.53][190.79.29.72][1138] SELECT pre_cod_asig1,pre_cod_asig2,pre_cod_asig3,pre_cod_asig4,pre_cod_asig5,pre_cod_asig6,pre_cod_asig7 FROM tblaca009_p_int WHERE pensum='5' AND c_uni_ca='2' AND c_asigna='322449' [1][0] OK
C:[19/08/2013 11:42:19.53][190.79.29.72][1151] SELECT c_asigna FROM dace004 WHERE exp_e='10-21011310' AND c_asigna='300222' AND status IN ('0','3','B','C') [1][0] OK
C:[19/08/2013 11:42:19.40][190.79.29.72][1182] SELECT par_cod_asig1,par_cod_asig2,par_cod_asig3 FROM tblaca009_p_int WHERE pensum='5' AND c_uni_ca='2' AND c_asigna='300313' [1][0] OK
C:[19/08/2013 11:42:19.40][190.79.29.72][1182] SELECT par_cod_asig1,par_cod_asig2,par_cod_asig3 FROM tblaca009_p_int WHERE pensum='5' AND c_uni_ca='2' AND c_asigna='320323' [1][0] OK
C:[19/08/2013 11:42:19.40][190.79.29.72][1182] SELECT par_cod_asig1,par_cod_asig2,par_cod_asig3 FROM tblaca009_p_int WHERE pensum='5' AND c_uni_ca='2' AND c_asigna='322449' [1][0] OK
C:[19/08/2013 11:42:19.48][190.79.29.72][1312] SELECT horas_lab FROM tblaca008 WHERE c_asigna='300313' AND horas_teoricas > 0 [1][0] OK
C:[19/08/2013 11:42:19.48][190.79.29.72][1312] SELECT horas_lab FROM tblaca008 WHERE c_asigna='320323' AND horas_teoricas > 0 [1][0] OK
C:[19/08/2013 11:42:19.48][190.79.29.72][1312] SELECT horas_lab FROM tblaca008 WHERE c_asigna='322449' AND horas_teoricas > 0 [1][0] OK
C:[19/08/2013 11:42:20.12][190.199.92.188][1138] SELECT pre_cod_asig1,pre_cod_asig2,pre_cod_asig3,pre_cod_asig4,pre_cod_asig5,pre_cod_asig6,pre_cod_asig7 FROM tblaca009_p_int WHERE pensum='5' AND c_uni_ca='4' AND c_asigna='300207' [1][0] OK
C:[19/08/2013 11:42:20.12][190.199.92.188][1151] SELECT c_asigna FROM dace004 WHERE exp_e='10-24964741' AND c_asigna='300101' AND status IN ('0','3','B','C') [1][0] OK
C:[19/08/2013 11:42:20.12][190.199.92.188][1138] SELECT pre_cod_asig1,pre_cod_asig2,pre_cod_asig3,pre_cod_asig4,pre_cod_asig5,pre_cod_asig6,pre_cod_asig7 FROM tblaca009_p_int WHERE pensum='5' AND c_uni_ca='4' AND c_asigna='300213' [1][0] OK
C:[19/08/2013 11:42:20.12][190.199.92.188][1151] SELECT c_asigna FROM dace004 WHERE exp_e='10-24964741' AND c_asigna='300101' AND status IN ('0','3','B','C') [1][0] OK
C:[19/08/2013 11:42:20.62][190.199.92.188][1182] SELECT par_cod_asig1,par_cod_asig2,par_cod_asig3 FROM tblaca009_p_int WHERE pensum='5' AND c_uni_ca='4' AND c_asigna='300207' [1][0] OK
C:[19/08/2013 11:42:20.62][190.199.92.188][1182] SELECT par_cod_asig1,par_cod_asig2,par_cod_asig3 FROM tblaca009_p_int WHERE pensum='5' AND c_uni_ca='4' AND c_asigna='300213' [1][0] OK
C:[19/08/2013 11:42:20.12][190.199.92.188][1312] SELECT horas_lab FROM tblaca008 WHERE c_asigna='300207' AND horas_teoricas > 0 [1][0] OK
C:[19/08/2013 11:42:20.12][190.199.92.188][1312] SELECT horas_lab FROM tblaca008 WHERE c_asigna='300213' AND horas_teoricas > 0 [1][0] OK
C:[19/08/2013 11:42:45.13][186.89.184.241][1138] SELECT pre_cod_asig1,pre_cod_asig2,pre_cod_asig3,pre_cod_asig4,pre_cod_asig5,pre_cod_asig6,pre_cod_asig7 FROM tblaca009_p_int WHERE pensum='5' AND c_uni_ca='4' AND c_asigna='300226' [1][0] OK
C:[19/08/2013 11:42:45.13][186.89.184.241][1151] SELECT c_asigna FROM dace004 WHERE exp_e='09-20138495' AND c_asigna='300116' AND status IN ('0','3','B','C') [1][0] OK
C:[19/08/2013 11:42:45.13][186.89.184.241][1138] SELECT pre_cod_asig1,pre_cod_asig2,pre_cod_asig3,pre_cod_asig4,pre_cod_asig5,pre_cod_asig6,pre_cod_asig7 FROM tblaca009_p_int WHERE pensum='5' AND c_uni_ca='4' AND c_asigna='334781' [1][0] OK
C:[19/08/2013 11:42:45.13][186.89.184.241][1151] SELECT c_asigna FROM dace004 WHERE exp_e='09-20138495' AND c_asigna='333444' AND status IN ('0','3','B','C') [1][0] OK
C:[19/08/2013 11:42:45.13][186.89.184.241][1138] SELECT pre_cod_asig1,pre_cod_asig2,pre_cod_asig3,pre_cod_asig4,pre_cod_asig5,pre_cod_asig6,pre_cod_asig7 FROM tblaca009_p_int WHERE pensum='5' AND c_uni_ca='4' AND c_asigna='333809' [1][0] OK
C:[19/08/2013 11:42:45.13][186.89.184.241][1151] SELECT c_asigna FROM dace004 WHERE exp_e='09-20138495' AND c_asigna='333683' AND status IN ('0','3','B','C') [1][0] OK
C:[19/08/2013 11:42:45.13][186.89.184.241][1151] SELECT c_asigna FROM dace004 WHERE exp_e='09-20138495' AND c_asigna='333710' AND status IN ('0','3','B','C') [1][0] OK
C:[19/08/2013 11:42:45.59][186.89.184.241][1182] SELECT par_cod_asig1,par_cod_asig2,par_cod_asig3 FROM tblaca009_p_int WHERE pensum='5' AND c_uni_ca='4' AND c_asigna='300226' [1][0] OK
C:[19/08/2013 11:42:45.59][186.89.184.241][1182] SELECT par_cod_asig1,par_cod_asig2,par_cod_asig3 FROM tblaca009_p_int WHERE pensum='5' AND c_uni_ca='4' AND c_asigna='334781' [1][0] OK
C:[19/08/2013 11:42:45.59][186.89.184.241][1182] SELECT par_cod_asig1,par_cod_asig2,par_cod_asig3 FROM tblaca009_p_int WHERE pensum='5' AND c_uni_ca='4' AND c_asigna='333809' [1][0] OK
C:[19/08/2013 11:42:45.95][186.89.184.241][1312] SELECT horas_lab FROM tblaca008 WHERE c_asigna='300226' AND horas_teoricas > 0 [1][0] OK
C:[19/08/2013 11:42:45.95][186.89.184.241][1312] SELECT horas_lab FROM tblaca008 WHERE c_asigna='334781' AND horas_teoricas > 0 [1][0] OK
C:[19/08/2013 11:42:45.95][186.89.184.241][1312] SELECT horas_lab FROM tblaca008 WHERE c_asigna='333809' AND horas_teoricas > 0 [1][0] OK
C:[19/08/2013 11:43:13.60][190.200.54.211][1138] SELECT pre_cod_asig1,pre_cod_asig2,pre_cod_asig3,pre_cod_asig4,pre_cod_asig5,pre_cod_asig6,pre_cod_asig7 FROM tblaca009_p_int WHERE pensum='5' AND c_uni_ca='4' AND c_asigna='300313' [1][0] OK
C:[19/08/2013 11:43:13.60][190.200.54.211][1151] SELECT c_asigna FROM dace004 WHERE exp_e='11-21251204' AND c_asigna='300213' AND status IN ('0','3','B','C') [1][0] OK
C:[19/08/2013 11:43:13.41][190.200.54.211][1182] SELECT par_cod_asig1,par_cod_asig2,par_cod_asig3 FROM tblaca009_p_int WHERE pensum='5' AND c_uni_ca='4' AND c_asigna='300313' [1][0] OK
C:[19/08/2013 11:43:13.56][190.200.54.211][1312] SELECT horas_lab FROM tblaca008 WHERE c_asigna='300313' AND horas_teoricas > 0 [1][0] OK
C:[19/08/2013 11:43:33.89][190.199.92.188][1138] SELECT pre_cod_asig1,pre_cod_asig2,pre_cod_asig3,pre_cod_asig4,pre_cod_asig5,pre_cod_asig6,pre_cod_asig7 FROM tblaca009_p_int WHERE pensum='5' AND c_uni_ca='4' AND c_asigna='300213' [1][0] OK
C:[19/08/2013 11:43:33.89][190.199.92.188][1151] SELECT c_asigna FROM dace004 WHERE exp_e='10-25015841' AND c_asigna='300101' AND status IN ('0','3','B','C') [1][0] OK
C:[19/08/2013 11:43:33.89][190.199.92.188][1138] SELECT pre_cod_asig1,pre_cod_asig2,pre_cod_asig3,pre_cod_asig4,pre_cod_asig5,pre_cod_asig6,pre_cod_asig7 FROM tblaca009_p_int WHERE pensum='5' AND c_uni_ca='4' AND c_asigna='311561' [1][0] OK
C:[19/08/2013 11:43:33.89][190.199.92.188][1151] SELECT c_asigna FROM dace004 WHERE exp_e='10-25015841' AND c_asigna='300318' AND status IN ('0','3','B','C') [1][0] OK
C:[19/08/2013 11:43:34.96][190.199.92.188][1182] SELECT par_cod_asig1,par_cod_asig2,par_cod_asig3 FROM tblaca009_p_int WHERE pensum='5' AND c_uni_ca='4' AND c_asigna='300213' [1][0] OK
C:[19/08/2013 11:43:34.96][190.199.92.188][1182] SELECT par_cod_asig1,par_cod_asig2,par_cod_asig3 FROM tblaca009_p_int WHERE pensum='5' AND c_uni_ca='4' AND c_asigna='311561' [1][0] OK
C:[19/08/2013 11:43:34.24][190.199.92.188][1312] SELECT horas_lab FROM tblaca008 WHERE c_asigna='300213' AND horas_teoricas > 0 [1][0] OK
C:[19/08/2013 11:43:34.24][190.199.92.188][1312] SELECT horas_lab FROM tblaca008 WHERE c_asigna='311561' AND horas_teoricas > 0 [1][0] OK
C:[19/08/2013 11:43:53.49][190.37.200.246][1138] SELECT pre_cod_asig1,pre_cod_asig2,pre_cod_asig3,pre_cod_asig4,pre_cod_asig5,pre_cod_asig6,pre_cod_asig7 FROM tblaca009_p_int WHERE pensum='5' AND c_uni_ca='2' AND c_asigna='300318' [1][0] OK
C:[19/08/2013 11:43:53.49][190.37.200.246][1151] SELECT c_asigna FROM dace004 WHERE exp_e='10-22593268' AND c_asigna='300228' AND status IN ('0','3','B','C') [1][0] OK
C:[19/08/2013 11:43:53.49][190.37.200.246][1151] SELECT c_asigna FROM dace004 WHERE exp_e='10-22593268' AND c_asigna='300207' AND status IN ('0','3','B','C') [1][0] OK
C:[19/08/2013 11:43:53.49][190.37.200.246][1151] SELECT c_asigna FROM dace004 WHERE exp_e='10-22593268' AND c_asigna='300218' AND status IN ('0','3','B','C') [1][0] OK
C:[19/08/2013 11:43:53.49][190.37.200.246][1138] SELECT pre_cod_asig1,pre_cod_asig2,pre_cod_asig3,pre_cod_asig4,pre_cod_asig5,pre_cod_asig6,pre_cod_asig7 FROM tblaca009_p_int WHERE pensum='5' AND c_uni_ca='2' AND c_asigna='300428' [1][0] OK
C:[19/08/2013 11:43:53.49][190.37.200.246][1151] SELECT c_asigna FROM dace004 WHERE exp_e='10-22593268' AND c_asigna='300317' AND status IN ('0','3','B','C') [1][0] OK
C:[19/08/2013 11:43:53.49][190.37.200.246][1138] SELECT pre_cod_asig1,pre_cod_asig2,pre_cod_asig3,pre_cod_asig4,pre_cod_asig5,pre_cod_asig6,pre_cod_asig7 FROM tblaca009_p_int WHERE pensum='5' AND c_uni_ca='2' AND c_asigna='322433' [1][0] OK
C:[19/08/2013 11:43:53.49][190.37.200.246][1151] SELECT c_asigna FROM dace004 WHERE exp_e='10-22593268' AND c_asigna='320323' AND status IN ('0','3','B','C') [1][0] OK
C:[19/08/2013 11:43:53.49][190.37.200.246][1151] SELECT c_asigna FROM dace004 WHERE exp_e='10-22593268' AND c_asigna='300209' AND status IN ('0','3','B','C') [1][0] OK
C:[19/08/2013 11:43:54.17][190.37.200.246][1182] SELECT par_cod_asig1,par_cod_asig2,par_cod_asig3 FROM tblaca009_p_int WHERE pensum='5' AND c_uni_ca='2' AND c_asigna='300318' [1][0] OK
C:[19/08/2013 11:43:54.17][190.37.200.246][1182] SELECT par_cod_asig1,par_cod_asig2,par_cod_asig3 FROM tblaca009_p_int WHERE pensum='5' AND c_uni_ca='2' AND c_asigna='300428' [1][0] OK
C:[19/08/2013 11:43:54.17][190.37.200.246][1182] SELECT par_cod_asig1,par_cod_asig2,par_cod_asig3 FROM tblaca009_p_int WHERE pensum='5' AND c_uni_ca='2' AND c_asigna='322433' [1][0] OK
C:[19/08/2013 11:43:54.56][190.37.200.246][1312] SELECT horas_lab FROM tblaca008 WHERE c_asigna='300318' AND horas_teoricas > 0 [1][0] OK
C:[19/08/2013 11:43:54.56][190.37.200.246][1312] SELECT horas_lab FROM tblaca008 WHERE c_asigna='300428' AND horas_teoricas > 0 [1][0] OK
C:[19/08/2013 11:43:54.56][190.37.200.246][1312] SELECT horas_lab FROM tblaca008 WHERE c_asigna='322433' AND horas_teoricas > 0 [1][0] OK
C:[19/08/2013 11:43:58.21][186.90.119.245][1138] SELECT pre_cod_asig1,pre_cod_asig2,pre_cod_asig3,pre_cod_asig4,pre_cod_asig5,pre_cod_asig6,pre_cod_asig7 FROM tblaca009_p_int WHERE pensum='5' AND c_uni_ca='5' AND c_asigna='355722' [1][0] OK
C:[19/08/2013 11:43:58.21][186.90.119.245][1151] SELECT c_asigna FROM dace004 WHERE exp_e='07-20013276' AND c_asigna='355691' AND status IN ('0','3','B','C') [1][0] OK
C:[19/08/2013 11:43:58.21][186.90.119.245][1151] SELECT c_asigna FROM dace004 WHERE exp_e='07-20013276' AND c_asigna='355595' AND status IN ('0','3','B','C') [1][0] OK
C:[19/08/2013 11:43:58.21][186.90.119.245][1138] SELECT pre_cod_asig1,pre_cod_asig2,pre_cod_asig3,pre_cod_asig4,pre_cod_asig5,pre_cod_asig6,pre_cod_asig7 FROM tblaca009_p_int WHERE pensum='5' AND c_uni_ca='5' AND c_asigna='300956' [1][0] OK
C:[19/08/2013 11:43:58.21][186.90.119.245][1151] SELECT c_asigna FROM dace004 WHERE exp_e='07-20013276' AND c_asigna='300422' AND status IN ('0','3','B','C') [1][0] OK
C:[19/08/2013 11:43:58.84][186.90.119.245][1182] SELECT par_cod_asig1,par_cod_asig2,par_cod_asig3 FROM tblaca009_p_int WHERE pensum='5' AND c_uni_ca='5' AND c_asigna='355722' [1][0] OK
C:[19/08/2013 11:43:58.84][186.90.119.245][1182] SELECT par_cod_asig1,par_cod_asig2,par_cod_asig3 FROM tblaca009_p_int WHERE pensum='5' AND c_uni_ca='5' AND c_asigna='300956' [1][0] OK
C:[19/08/2013 11:43:58.10][186.90.119.245][1312] SELECT horas_lab FROM tblaca008 WHERE c_asigna='355722' AND horas_teoricas > 0 [1][0] OK
C:[19/08/2013 11:43:58.10][186.90.119.245][1312] SELECT horas_lab FROM tblaca008 WHERE c_asigna='300956' AND horas_teoricas > 0 [1][0] OK
C:[19/08/2013 11:44:20.59][172.16.4.254][1138] SELECT pre_cod_asig1,pre_cod_asig2,pre_cod_asig3,pre_cod_asig4,pre_cod_asig5,pre_cod_asig6,pre_cod_asig7 FROM tblaca009_p_int WHERE pensum='5' AND c_uni_ca='3' AND c_asigna='311552' [1][0] OK
C:[19/08/2013 11:44:20.59][172.16.4.254][1151] SELECT c_asigna FROM dace004 WHERE exp_e='09-20808525' AND c_asigna='300318' AND status IN ('0','3','B','C') [1][0] OK
C:[19/08/2013 11:44:20.40][172.16.4.254][1182] SELECT par_cod_asig1,par_cod_asig2,par_cod_asig3 FROM tblaca009_p_int WHERE pensum='5' AND c_uni_ca='3' AND c_asigna='311552' [1][0] OK
C:[19/08/2013 11:44:20.54][172.16.4.254][1312] SELECT horas_lab FROM tblaca008 WHERE c_asigna='311552' AND horas_teoricas > 0 [1][0] OK
C:[19/08/2013 11:45:11.51][190.199.92.188][1138] SELECT pre_cod_asig1,pre_cod_asig2,pre_cod_asig3,pre_cod_asig4,pre_cod_asig5,pre_cod_asig6,pre_cod_asig7 FROM tblaca009_p_int WHERE pensum='5' AND c_uni_ca='6' AND c_asigna='344689' [1][0] OK
C:[19/08/2013 11:45:11.51][190.199.92.188][1151] SELECT c_asigna FROM dace004 WHERE exp_e='10-20807581' AND c_asigna='300209' AND status IN ('0','3','B','C') [1][0] OK
C:[19/08/2013 11:45:11.32][190.199.92.188][1182] SELECT par_cod_asig1,par_cod_asig2,par_cod_asig3 FROM tblaca009_p_int WHERE pensum='5' AND c_uni_ca='6' AND c_asigna='344689' [1][0] OK
C:[19/08/2013 11:45:11.46][190.199.92.188][1312] SELECT horas_lab FROM tblaca008 WHERE c_asigna='344689' AND horas_teoricas > 0 [1][0] OK
C:[19/08/2013 11:45:11.19][190.79.29.72][1138] SELECT pre_cod_asig1,pre_cod_asig2,pre_cod_asig3,pre_cod_asig4,pre_cod_asig5,pre_cod_asig6,pre_cod_asig7 FROM tblaca009_p_int WHERE pensum='5' AND c_uni_ca='2' AND c_asigna='300313' [1][0] OK
C:[19/08/2013 11:45:11.19][190.79.29.72][1151] SELECT c_asigna FROM dace004 WHERE exp_e='10-23551744' AND c_asigna='300213' AND status IN ('0','3','B','C') [1][0] OK
C:[19/08/2013 11:45:11.19][190.79.29.72][1138] SELECT pre_cod_asig1,pre_cod_asig2,pre_cod_asig3,pre_cod_asig4,pre_cod_asig5,pre_cod_asig6,pre_cod_asig7 FROM tblaca009_p_int WHERE pensum='5' AND c_uni_ca='2' AND c_asigna='320311' [1][0] OK
C:[19/08/2013 11:45:11.19][190.79.29.72][1151] SELECT c_asigna FROM dace004 WHERE exp_e='10-23551744' AND c_asigna='300013' AND status IN ('0','3','B','C') [1][0] OK
C:[19/08/2013 11:45:11.19][190.79.29.72][1151] SELECT c_asigna FROM dace004 WHERE exp_e='10-23551744' AND c_asigna='300113' AND status IN ('0','3','B','C') [1][0] OK
C:[19/08/2013 11:45:11.19][190.79.29.72][1138] SELECT pre_cod_asig1,pre_cod_asig2,pre_cod_asig3,pre_cod_asig4,pre_cod_asig5,pre_cod_asig6,pre_cod_asig7 FROM tblaca009_p_int WHERE pensum='5' AND c_uni_ca='2' AND c_asigna='322449' [1][0] OK
C:[19/08/2013 11:45:11.19][190.79.29.72][1151] SELECT c_asigna FROM dace004 WHERE exp_e='10-23551744' AND c_asigna='300222' AND status IN ('0','3','B','C') [1][0] OK
C:[19/08/2013 11:45:11.07][190.79.29.72][1182] SELECT par_cod_asig1,par_cod_asig2,par_cod_asig3 FROM tblaca009_p_int WHERE pensum='5' AND c_uni_ca='2' AND c_asigna='300313' [1][0] OK
C:[19/08/2013 11:45:11.07][190.79.29.72][1182] SELECT par_cod_asig1,par_cod_asig2,par_cod_asig3 FROM tblaca009_p_int WHERE pensum='5' AND c_uni_ca='2' AND c_asigna='320311' [1][0] OK
C:[19/08/2013 11:45:11.07][190.79.29.72][1182] SELECT par_cod_asig1,par_cod_asig2,par_cod_asig3 FROM tblaca009_p_int WHERE pensum='5' AND c_uni_ca='2' AND c_asigna='322449' [1][0] OK
C:[19/08/2013 11:45:11.45][190.79.29.72][1312] SELECT horas_lab FROM tblaca008 WHERE c_asigna='300313' AND horas_teoricas > 0 [1][0] OK
C:[19/08/2013 11:45:11.45][190.79.29.72][1312] SELECT horas_lab FROM tblaca008 WHERE c_asigna='320311' AND horas_teoricas > 0 [1][0] OK
C:[19/08/2013 11:45:11.45][190.79.29.72][1312] SELECT horas_lab FROM tblaca008 WHERE c_asigna='322449' AND horas_teoricas > 0 [1][0] OK
C:[19/08/2013 11:45:45.97][190.199.92.188][1138] SELECT pre_cod_asig1,pre_cod_asig2,pre_cod_asig3,pre_cod_asig4,pre_cod_asig5,pre_cod_asig6,pre_cod_asig7 FROM tblaca009_p_int WHERE pensum='5' AND c_uni_ca='3' AND c_asigna='300209' [1][0] OK
C:[19/08/2013 11:45:45.97][190.199.92.188][1151] SELECT c_asigna FROM dace004 WHERE exp_e='10-24412935' AND c_asigna='300101' AND status IN ('0','3','B','C') [1][0] OK
C:[19/08/2013 11:45:45.78][190.199.92.188][1182] SELECT par_cod_asig1,par_cod_asig2,par_cod_asig3 FROM tblaca009_p_int WHERE pensum='5' AND c_uni_ca='3' AND c_asigna='300209' [1][0] OK
C:[19/08/2013 11:45:45.92][190.199.92.188][1312] SELECT horas_lab FROM tblaca008 WHERE c_asigna='300209' AND horas_teoricas > 0 [1][0] OK
C:[19/08/2013 11:45:48.25][190.75.169.33][1138] SELECT pre_cod_asig1,pre_cod_asig2,pre_cod_asig3,pre_cod_asig4,pre_cod_asig5,pre_cod_asig6,pre_cod_asig7 FROM tblaca009_p_int WHERE pensum='5' AND c_uni_ca='3' AND c_asigna='300676' [1][0] OK
C:[19/08/2013 11:45:48.25][190.75.169.33][1138] SELECT pre_cod_asig1,pre_cod_asig2,pre_cod_asig3,pre_cod_asig4,pre_cod_asig5,pre_cod_asig6,pre_cod_asig7 FROM tblaca009_p_int WHERE pensum='5' AND c_uni_ca='3' AND c_asigna='311824' [1][0] OK
C:[19/08/2013 11:45:48.25][190.75.169.33][1151] SELECT c_asigna FROM dace004 WHERE exp_e='07-21338429' AND c_asigna='311796' AND status IN ('0','3','B','C') [1][0] OK
C:[19/08/2013 11:45:49.62][190.75.169.33][1182] SELECT par_cod_asig1,par_cod_asig2,par_cod_asig3 FROM tblaca009_p_int WHERE pensum='5' AND c_uni_ca='3' AND c_asigna='300676' [1][0] OK
C:[19/08/2013 11:45:49.62][190.75.169.33][1182] SELECT par_cod_asig1,par_cod_asig2,par_cod_asig3 FROM tblaca009_p_int WHERE pensum='5' AND c_uni_ca='3' AND c_asigna='311824' [1][0] OK
C:[19/08/2013 11:45:49.90][190.75.169.33][1312] SELECT horas_lab FROM tblaca008 WHERE c_asigna='300676' AND horas_teoricas > 0 [1][0] OK
C:[19/08/2013 11:45:49.90][190.75.169.33][1312] SELECT horas_lab FROM tblaca008 WHERE c_asigna='311824' AND horas_teoricas > 0 [1][0] OK
C:[19/08/2013 11:46:48.59][186.89.156.62][1138] SELECT pre_cod_asig1,pre_cod_asig2,pre_cod_asig3,pre_cod_asig4,pre_cod_asig5,pre_cod_asig6,pre_cod_asig7 FROM tblaca009_p_int WHERE pensum='5' AND c_uni_ca='4' AND c_asigna='333639' [1][0] OK
C:[19/08/2013 11:46:48.59][186.89.156.62][1151] SELECT c_asigna FROM dace004 WHERE exp_e='07-19785304' AND c_asigna='333585' AND status IN ('0','3','B','C') [1][0] OK
C:[19/08/2013 11:46:48.59][186.89.156.62][1138] SELECT pre_cod_asig1,pre_cod_asig2,pre_cod_asig3,pre_cod_asig4,pre_cod_asig5,pre_cod_asig6,pre_cod_asig7 FROM tblaca009_p_int WHERE pensum='5' AND c_uni_ca='4' AND c_asigna='333809' [1][0] OK
C:[19/08/2013 11:46:48.59][186.89.156.62][1151] SELECT c_asigna FROM dace004 WHERE exp_e='07-19785304' AND c_asigna='333683' AND status IN ('0','3','B','C') [1][0] OK
C:[19/08/2013 11:46:48.59][186.89.156.62][1151] SELECT c_asigna FROM dace004 WHERE exp_e='07-19785304' AND c_asigna='333710' AND status IN ('0','3','B','C') [1][0] OK
C:[19/08/2013 11:46:48.59][186.89.156.62][1138] SELECT pre_cod_asig1,pre_cod_asig2,pre_cod_asig3,pre_cod_asig4,pre_cod_asig5,pre_cod_asig6,pre_cod_asig7 FROM tblaca009_p_int WHERE pensum='5' AND c_uni_ca='4' AND c_asigna='300870' [1][0] OK
C:[19/08/2013 11:46:48.91][186.89.156.62][1182] SELECT par_cod_asig1,par_cod_asig2,par_cod_asig3 FROM tblaca009_p_int WHERE pensum='5' AND c_uni_ca='4' AND c_asigna='333639' [1][0] OK
C:[19/08/2013 11:46:48.91][186.89.156.62][1182] SELECT par_cod_asig1,par_cod_asig2,par_cod_asig3 FROM tblaca009_p_int WHERE pensum='5' AND c_uni_ca='4' AND c_asigna='333809' [1][0] OK
C:[19/08/2013 11:46:48.91][186.89.156.62][1182] SELECT par_cod_asig1,par_cod_asig2,par_cod_asig3 FROM tblaca009_p_int WHERE pensum='5' AND c_uni_ca='4' AND c_asigna='300870' [1][0] OK
C:[19/08/2013 11:46:48.28][186.89.156.62][1312] SELECT horas_lab FROM tblaca008 WHERE c_asigna='333639' AND horas_teoricas > 0 [1][0] OK
C:[19/08/2013 11:46:48.28][186.89.156.62][1312] SELECT horas_lab FROM tblaca008 WHERE c_asigna='333809' AND horas_teoricas > 0 [1][0] OK
C:[19/08/2013 11:46:48.28][186.89.156.62][1312] SELECT horas_lab FROM tblaca008 WHERE c_asigna='300870' AND horas_teoricas > 0 [1][0] OK
C:[19/08/2013 11:46:52.06][200.84.79.193][1138] SELECT pre_cod_asig1,pre_cod_asig2,pre_cod_asig3,pre_cod_asig4,pre_cod_asig5,pre_cod_asig6,pre_cod_asig7 FROM tblaca009_p_int WHERE pensum='5' AND c_uni_ca='4' AND c_asigna='300213' [1][0] OK
C:[19/08/2013 11:46:52.06][200.84.79.193][1151] SELECT c_asigna FROM dace004 WHERE exp_e='08-21009614' AND c_asigna='300101' AND status IN ('0','3','B','C') [1][0] OK
C:[19/08/2013 11:46:52.31][200.84.79.193][1182] SELECT par_cod_asig1,par_cod_asig2,par_cod_asig3 FROM tblaca009_p_int WHERE pensum='5' AND c_uni_ca='4' AND c_asigna='300213' [1][0] OK
C:[19/08/2013 11:46:52.44][200.84.79.193][1312] SELECT horas_lab FROM tblaca008 WHERE c_asigna='300213' AND horas_teoricas > 0 [1][0] OK
C:[19/08/2013 11:46:55.05][190.37.113.59][1138] SELECT pre_cod_asig1,pre_cod_asig2,pre_cod_asig3,pre_cod_asig4,pre_cod_asig5,pre_cod_asig6,pre_cod_asig7 FROM tblaca009_p_int WHERE pensum='5' AND c_uni_ca='6' AND c_asigna='344689' [1][0] OK
C:[19/08/2013 11:46:55.05][190.37.113.59][1151] SELECT c_asigna FROM dace004 WHERE exp_e='09-22820542' AND c_asigna='300209' AND status IN ('0','3','B','C') [1][0] OK
C:[19/08/2013 11:46:55.30][190.37.113.59][1182] SELECT par_cod_asig1,par_cod_asig2,par_cod_asig3 FROM tblaca009_p_int WHERE pensum='5' AND c_uni_ca='6' AND c_asigna='344689' [1][0] OK
C:[19/08/2013 11:46:55.43][190.37.113.59][1312] SELECT horas_lab FROM tblaca008 WHERE c_asigna='344689' AND horas_teoricas > 0 [1][0] OK
C:[19/08/2013 11:47:04.63][190.198.227.219][1138] SELECT pre_cod_asig1,pre_cod_asig2,pre_cod_asig3,pre_cod_asig4,pre_cod_asig5,pre_cod_asig6,pre_cod_asig7 FROM tblaca009_p_int WHERE pensum='5' AND c_uni_ca='2' AND c_asigna='300956' [1][0] OK
C:[19/08/2013 11:47:04.63][190.198.227.219][1151] SELECT c_asigna FROM dace004 WHERE exp_e='08-19910734' AND c_asigna='300422' AND status IN ('0','3','B','C') [1][0] OK
C:[19/08/2013 11:47:04.45][190.198.227.219][1182] SELECT par_cod_asig1,par_cod_asig2,par_cod_asig3 FROM tblaca009_p_int WHERE pensum='5' AND c_uni_ca='2' AND c_asigna='300956' [1][0] OK
C:[19/08/2013 11:47:04.58][190.198.227.219][1312] SELECT horas_lab FROM tblaca008 WHERE c_asigna='300956' AND horas_teoricas > 0 [1][0] OK
C:[19/08/2013 11:47:38.14][190.199.92.188][1138] SELECT pre_cod_asig1,pre_cod_asig2,pre_cod_asig3,pre_cod_asig4,pre_cod_asig5,pre_cod_asig6,pre_cod_asig7 FROM tblaca009_p_int WHERE pensum='5' AND c_uni_ca='6' AND c_asigna='300956' [1][0] OK
C:[19/08/2013 11:47:38.14][190.199.92.188][1151] SELECT c_asigna FROM dace004 WHERE exp_e='07-25086097' AND c_asigna='300422' AND status IN ('0','3','B','C') [1][0] OK
C:[19/08/2013 11:47:38.95][190.199.92.188][1182] SELECT par_cod_asig1,par_cod_asig2,par_cod_asig3 FROM tblaca009_p_int WHERE pensum='5' AND c_uni_ca='6' AND c_asigna='300956' [1][0] OK
C:[19/08/2013 11:47:38.08][190.199.92.188][1312] SELECT horas_lab FROM tblaca008 WHERE c_asigna='300956' AND horas_teoricas > 0 [1][0] OK
C:[19/08/2013 11:47:52.32][186.167.242.58][1138] SELECT pre_cod_asig1,pre_cod_asig2,pre_cod_asig3,pre_cod_asig4,pre_cod_asig5,pre_cod_asig6,pre_cod_asig7 FROM tblaca009_p_int WHERE pensum='5' AND c_uni_ca='6' AND c_asigna='300207' [1][0] OK
C:[19/08/2013 11:47:52.32][186.167.242.58][1151] SELECT c_asigna FROM dace004 WHERE exp_e='12-21339293' AND c_asigna='300101' AND status IN ('0','3','B','C') [1][0] OK
C:[19/08/2013 11:47:52.57][186.167.242.58][1182] SELECT par_cod_asig1,par_cod_asig2,par_cod_asig3 FROM tblaca009_p_int WHERE pensum='5' AND c_uni_ca='6' AND c_asigna='300207' [1][0] OK
C:[19/08/2013 11:47:52.71][186.167.242.58][1312] SELECT horas_lab FROM tblaca008 WHERE c_asigna='300207' AND horas_teoricas > 0 [1][0] OK
C:[19/08/2013 11:49:39.74][190.199.92.188][1138] SELECT pre_cod_asig1,pre_cod_asig2,pre_cod_asig3,pre_cod_asig4,pre_cod_asig5,pre_cod_asig6,pre_cod_asig7 FROM tblaca009_p_int WHERE pensum='5' AND c_uni_ca='6' AND c_asigna='344689' [1][0] OK
C:[19/08/2013 11:49:39.74][190.199.92.188][1151] SELECT c_asigna FROM dace004 WHERE exp_e='09-20507918' AND c_asigna='300209' AND status IN ('0','3','B','C') [1][0] OK
C:[19/08/2013 11:49:39.12][190.199.92.188][1182] SELECT par_cod_asig1,par_cod_asig2,par_cod_asig3 FROM tblaca009_p_int WHERE pensum='5' AND c_uni_ca='6' AND c_asigna='344689' [1][0] OK
C:[19/08/2013 11:49:39.25][190.199.92.188][1312] SELECT horas_lab FROM tblaca008 WHERE c_asigna='344689' AND horas_teoricas > 0 [1][0] OK
C:[19/08/2013 11:49:40.08][172.16.4.254][1138] SELECT pre_cod_asig1,pre_cod_asig2,pre_cod_asig3,pre_cod_asig4,pre_cod_asig5,pre_cod_asig6,pre_cod_asig7 FROM tblaca009_p_int WHERE pensum='5' AND c_uni_ca='2' AND c_asigna='300313' [1][0] OK
C:[19/08/2013 11:49:40.08][172.16.4.254][1151] SELECT c_asigna FROM dace004 WHERE exp_e='10-24889055' AND c_asigna='300213' AND status IN ('0','3','B','C') [1][0] OK
C:[19/08/2013 11:49:40.08][172.16.4.254][1138] SELECT pre_cod_asig1,pre_cod_asig2,pre_cod_asig3,pre_cod_asig4,pre_cod_asig5,pre_cod_asig6,pre_cod_asig7 FROM tblaca009_p_int WHERE pensum='5' AND c_uni_ca='2' AND c_asigna='320437' [1][0] OK
C:[19/08/2013 11:49:40.08][172.16.4.254][1151] SELECT c_asigna FROM dace004 WHERE exp_e='10-24889055' AND c_asigna='300317' AND status IN ('0','3','B','C') [1][0] OK
C:[19/08/2013 11:49:40.08][172.16.4.254][1138] SELECT pre_cod_asig1,pre_cod_asig2,pre_cod_asig3,pre_cod_asig4,pre_cod_asig5,pre_cod_asig6,pre_cod_asig7 FROM tblaca009_p_int WHERE pensum='5' AND c_uni_ca='2' AND c_asigna='322550' [1][0] OK
C:[19/08/2013 11:49:40.08][172.16.4.254][1151] SELECT c_asigna FROM dace004 WHERE exp_e='10-24889055' AND c_asigna='322433' AND status IN ('0','3','B','C') [1][0] OK
C:[19/08/2013 11:49:41.84][172.16.4.254][1182] SELECT par_cod_asig1,par_cod_asig2,par_cod_asig3 FROM tblaca009_p_int WHERE pensum='5' AND c_uni_ca='2' AND c_asigna='300313' [1][0] OK
C:[19/08/2013 11:49:41.84][172.16.4.254][1182] SELECT par_cod_asig1,par_cod_asig2,par_cod_asig3 FROM tblaca009_p_int WHERE pensum='5' AND c_uni_ca='2' AND c_asigna='320437' [1][0] OK
C:[19/08/2013 11:49:41.84][172.16.4.254][1182] SELECT par_cod_asig1,par_cod_asig2,par_cod_asig3 FROM tblaca009_p_int WHERE pensum='5' AND c_uni_ca='2' AND c_asigna='322550' [1][0] OK
C:[19/08/2013 11:49:41.53][172.16.4.254][1312] SELECT horas_lab FROM tblaca008 WHERE c_asigna='300313' AND horas_teoricas > 0 [1][0] OK
C:[19/08/2013 11:49:41.53][172.16.4.254][1312] SELECT horas_lab FROM tblaca008 WHERE c_asigna='320437' AND horas_teoricas > 0 [1][0] OK
C:[19/08/2013 11:49:41.53][172.16.4.254][1312] SELECT horas_lab FROM tblaca008 WHERE c_asigna='322550' AND horas_teoricas > 0 [1][0] OK
C:[19/08/2013 11:49:41.66][186.94.51.103][1138] SELECT pre_cod_asig1,pre_cod_asig2,pre_cod_asig3,pre_cod_asig4,pre_cod_asig5,pre_cod_asig6,pre_cod_asig7 FROM tblaca009_p_int WHERE pensum='5' AND c_uni_ca='5' AND c_asigna='355692' [1][0] OK
C:[19/08/2013 11:49:41.66][186.94.51.103][1151] SELECT c_asigna FROM dace004 WHERE exp_e='06-19297141' AND c_asigna='355448' AND status IN ('0','3','B','C') [1][0] OK
C:[19/08/2013 11:49:41.66][186.94.51.103][1151] SELECT c_asigna FROM dace004 WHERE exp_e='06-19297141' AND c_asigna='355570' AND status IN ('0','3','B','C') [1][0] OK
C:[19/08/2013 11:49:41.66][186.94.51.103][1138] SELECT pre_cod_asig1,pre_cod_asig2,pre_cod_asig3,pre_cod_asig4,pre_cod_asig5,pre_cod_asig6,pre_cod_asig7 FROM tblaca009_p_int WHERE pensum='5' AND c_uni_ca='5' AND c_asigna='355722' [1][0] OK
C:[19/08/2013 11:49:41.66][186.94.51.103][1151] SELECT c_asigna FROM dace004 WHERE exp_e='06-19297141' AND c_asigna='355691' AND status IN ('0','3','B','C') [1][0] OK
C:[19/08/2013 11:49:41.66][186.94.51.103][1151] SELECT c_asigna FROM dace004 WHERE exp_e='06-19297141' AND c_asigna='355595' AND status IN ('0','3','B','C') [1][0] OK
C:[19/08/2013 11:49:42.41][186.94.51.103][1182] SELECT par_cod_asig1,par_cod_asig2,par_cod_asig3 FROM tblaca009_p_int WHERE pensum='5' AND c_uni_ca='5' AND c_asigna='355692' [1][0] OK
C:[19/08/2013 11:49:42.41][186.94.51.103][1182] SELECT par_cod_asig1,par_cod_asig2,par_cod_asig3 FROM tblaca009_p_int WHERE pensum='5' AND c_uni_ca='5' AND c_asigna='355722' [1][0] OK
C:[19/08/2013 11:49:42.67][186.94.51.103][1312] SELECT horas_lab FROM tblaca008 WHERE c_asigna='355692' AND horas_teoricas > 0 [1][0] OK
C:[19/08/2013 11:49:42.67][186.94.51.103][1312] SELECT horas_lab FROM tblaca008 WHERE c_asigna='355722' AND horas_teoricas > 0 [1][0] OK
C:[19/08/2013 11:49:51.76][190.199.92.188][1138] SELECT pre_cod_asig1,pre_cod_asig2,pre_cod_asig3,pre_cod_asig4,pre_cod_asig5,pre_cod_asig6,pre_cod_asig7 FROM tblaca009_p_int WHERE pensum='5' AND c_uni_ca='3' AND c_asigna='300317' [1][0] OK
C:[19/08/2013 11:49:51.76][190.199.92.188][1151] SELECT c_asigna FROM dace004 WHERE exp_e='10-24847597' AND c_asigna='300207' AND status IN ('0','3','B','C') [1][0] OK
C:[19/08/2013 11:49:51.76][190.199.92.188][1151] SELECT c_asigna FROM dace004 WHERE exp_e='10-24847597' AND c_asigna='300209' AND status IN ('0','3','B','C') [1][0] OK
C:[19/08/2013 11:49:51.70][190.199.92.188][1182] SELECT par_cod_asig1,par_cod_asig2,par_cod_asig3 FROM tblaca009_p_int WHERE pensum='5' AND c_uni_ca='3' AND c_asigna='300317' [1][0] OK
C:[19/08/2013 11:49:51.84][190.199.92.188][1312] SELECT horas_lab FROM tblaca008 WHERE c_asigna='300317' AND horas_teoricas > 0 [1][0] OK
C:[19/08/2013 11:49:51.16][181.182.74.232][1138] SELECT pre_cod_asig1,pre_cod_asig2,pre_cod_asig3,pre_cod_asig4,pre_cod_asig5,pre_cod_asig6,pre_cod_asig7 FROM tblaca009_p_int WHERE pensum='5' AND c_uni_ca='2' AND c_asigna='322826' [1][0] OK
C:[19/08/2013 11:49:51.16][181.182.74.232][1151] SELECT c_asigna FROM dace004 WHERE exp_e='07-20547304' AND c_asigna='322683' AND status IN ('0','3','B','C') [1][0] OK
C:[19/08/2013 11:49:52.42][181.182.74.232][1182] SELECT par_cod_asig1,par_cod_asig2,par_cod_asig3 FROM tblaca009_p_int WHERE pensum='5' AND c_uni_ca='2' AND c_asigna='322826' [1][0] OK
C:[19/08/2013 11:49:52.54][181.182.74.232][1312] SELECT horas_lab FROM tblaca008 WHERE c_asigna='322826' AND horas_teoricas > 0 [1][0] OK
C:[19/08/2013 11:49:57.08][190.201.1.101][1138] SELECT pre_cod_asig1,pre_cod_asig2,pre_cod_asig3,pre_cod_asig4,pre_cod_asig5,pre_cod_asig6,pre_cod_asig7 FROM tblaca009_p_int WHERE pensum='5' AND c_uni_ca='4' AND c_asigna='333563' [1][0] OK
C:[19/08/2013 11:49:57.08][190.201.1.101][1151] SELECT c_asigna FROM dace004 WHERE exp_e='07-18114560' AND c_asigna='333440' AND status IN ('0','3','B','C') [1][0] OK
C:[19/08/2013 11:49:57.08][190.201.1.101][1151] SELECT c_asigna FROM dace004 WHERE exp_e='07-18114560' AND c_asigna='333442' AND status IN ('0','3','B','C') [1][0] OK
C:[19/08/2013 11:49:57.08][190.201.1.101][1138] SELECT pre_cod_asig1,pre_cod_asig2,pre_cod_asig3,pre_cod_asig4,pre_cod_asig5,pre_cod_asig6,pre_cod_asig7 FROM tblaca009_p_int WHERE pensum='5' AND c_uni_ca='4' AND c_asigna='333683' [1][0] OK
C:[19/08/2013 11:49:57.08][190.201.1.101][1151] SELECT c_asigna FROM dace004 WHERE exp_e='07-18114560' AND c_asigna='333564' AND status IN ('0','3','B','C') [1][0] OK
C:[19/08/2013 11:49:58.71][190.201.1.101][1182] SELECT par_cod_asig1,par_cod_asig2,par_cod_asig3 FROM tblaca009_p_int WHERE pensum='5' AND c_uni_ca='4' AND c_asigna='333563' [1][0] OK
C:[19/08/2013 11:49:58.71][190.201.1.101][1182] SELECT par_cod_asig1,par_cod_asig2,par_cod_asig3 FROM tblaca009_p_int WHERE pensum='5' AND c_uni_ca='4' AND c_asigna='333683' [1][0] OK
C:[19/08/2013 11:49:58.97][190.201.1.101][1312] SELECT horas_lab FROM tblaca008 WHERE c_asigna='333563' AND horas_teoricas > 0 [1][0] OK
C:[19/08/2013 11:49:58.97][190.201.1.101][1312] SELECT horas_lab FROM tblaca008 WHERE c_asigna='333683' AND horas_teoricas > 0 [1][0] OK
C:[19/08/2013 11:50:10.37][186.25.33.46][1138] SELECT pre_cod_asig1,pre_cod_asig2,pre_cod_asig3,pre_cod_asig4,pre_cod_asig5,pre_cod_asig6,pre_cod_asig7 FROM tblaca009_p_int WHERE pensum='5' AND c_uni_ca='6' AND c_asigna='300209' [1][0] OK
C:[19/08/2013 11:50:10.37][186.25.33.46][1151] SELECT c_asigna FROM dace004 WHERE exp_e='12-25937967' AND c_asigna='300101' AND status IN ('0','3','B','C') [1][0] OK
C:[19/08/2013 11:50:10.18][186.25.33.46][1182] SELECT par_cod_asig1,par_cod_asig2,par_cod_asig3 FROM tblaca009_p_int WHERE pensum='5' AND c_uni_ca='6' AND c_asigna='300209' [1][0] OK
C:[19/08/2013 11:50:10.32][186.25.33.46][1312] SELECT horas_lab FROM tblaca008 WHERE c_asigna='300209' AND horas_teoricas > 0 [1][0] OK
C:[19/08/2013 11:51:08.90][172.16.4.247][1138] SELECT pre_cod_asig1,pre_cod_asig2,pre_cod_asig3,pre_cod_asig4,pre_cod_asig5,pre_cod_asig6,pre_cod_asig7 FROM tblaca009_p_int WHERE pensum='5' AND c_uni_ca='4' AND c_asigna='333444' [1][0] OK
C:[19/08/2013 11:51:08.90][172.16.4.247][1151] SELECT c_asigna FROM dace004 WHERE exp_e='08-20037336' AND c_asigna='300317' AND status IN ('0','3','B','C') [1][0] OK
C:[19/08/2013 11:51:08.90][172.16.4.247][1138] SELECT pre_cod_asig1,pre_cod_asig2,pre_cod_asig3,pre_cod_asig4,pre_cod_asig5,pre_cod_asig6,pre_cod_asig7 FROM tblaca009_p_int WHERE pensum='5' AND c_uni_ca='4' AND c_asigna='333563' [1][0] OK
C:[19/08/2013 11:51:08.90][172.16.4.247][1151] SELECT c_asigna FROM dace004 WHERE exp_e='08-20037336' AND c_asigna='333440' AND status IN ('0','3','B','C') [1][0] OK
C:[19/08/2013 11:51:08.90][172.16.4.247][1151] SELECT c_asigna FROM dace004 WHERE exp_e='08-20037336' AND c_asigna='333442' AND status IN ('0','3','B','C') [1][0] OK
C:[19/08/2013 11:51:08.90][172.16.4.247][1138] SELECT pre_cod_asig1,pre_cod_asig2,pre_cod_asig3,pre_cod_asig4,pre_cod_asig5,pre_cod_asig6,pre_cod_asig7 FROM tblaca009_p_int WHERE pensum='5' AND c_uni_ca='4' AND c_asigna='333584' [1][0] OK
C:[19/08/2013 11:51:08.90][172.16.4.247][1151] SELECT c_asigna FROM dace004 WHERE exp_e='08-20037336' AND c_asigna='300428' AND status IN ('0','3','B','C') [1][0] OK
C:[19/08/2013 11:51:08.90][172.16.4.247][1151] SELECT c_asigna FROM dace004 WHERE exp_e='08-20037336' AND c_asigna='333440' AND status IN ('0','3','B','C') [1][0] OK
C:[19/08/2013 11:51:08.46][172.16.4.247][1182] SELECT par_cod_asig1,par_cod_asig2,par_cod_asig3 FROM tblaca009_p_int WHERE pensum='5' AND c_uni_ca='4' AND c_asigna='333444' [1][0] OK
C:[19/08/2013 11:51:08.46][172.16.4.247][1182] SELECT par_cod_asig1,par_cod_asig2,par_cod_asig3 FROM tblaca009_p_int WHERE pensum='5' AND c_uni_ca='4' AND c_asigna='333563' [1][0] OK
C:[19/08/2013 11:51:08.46][172.16.4.247][1182] SELECT par_cod_asig1,par_cod_asig2,par_cod_asig3 FROM tblaca009_p_int WHERE pensum='5' AND c_uni_ca='4' AND c_asigna='333584' [1][0] OK
C:[19/08/2013 11:51:08.85][172.16.4.247][1312] SELECT horas_lab FROM tblaca008 WHERE c_asigna='333444' AND horas_teoricas > 0 [1][0] OK
C:[19/08/2013 11:51:08.85][172.16.4.247][1312] SELECT horas_lab FROM tblaca008 WHERE c_asigna='333563' AND horas_teoricas > 0 [1][0] OK
C:[19/08/2013 11:51:08.85][172.16.4.247][1312] SELECT horas_lab FROM tblaca008 WHERE c_asigna='333584' AND horas_teoricas > 0 [1][0] OK
C:[19/08/2013 11:51:11.60][190.199.92.188][1138] SELECT pre_cod_asig1,pre_cod_asig2,pre_cod_asig3,pre_cod_asig4,pre_cod_asig5,pre_cod_asig6,pre_cod_asig7 FROM tblaca009_p_int WHERE pensum='5' AND c_uni_ca='6' AND c_asigna='300207' [1][0] OK
C:[19/08/2013 11:51:11.60][190.199.92.188][1151] SELECT c_asigna FROM dace004 WHERE exp_e='10-21498022' AND c_asigna='300101' AND status IN ('0','3','B','C') [1][0] OK
C:[19/08/2013 11:51:11.85][190.199.92.188][1182] SELECT par_cod_asig1,par_cod_asig2,par_cod_asig3 FROM tblaca009_p_int WHERE pensum='5' AND c_uni_ca='6' AND c_asigna='300207' [1][0] OK
C:[19/08/2013 11:51:11.99][190.199.92.188][1312] SELECT horas_lab FROM tblaca008 WHERE c_asigna='300207' AND horas_teoricas > 0 [1][0] OK
C:[19/08/2013 11:51:29.50][200.84.65.155][1138] SELECT pre_cod_asig1,pre_cod_asig2,pre_cod_asig3,pre_cod_asig4,pre_cod_asig5,pre_cod_asig6,pre_cod_asig7 FROM tblaca009_p_int WHERE pensum='5' AND c_uni_ca='3' AND c_asigna='300116' [1][0] OK
C:[19/08/2013 11:51:29.50][200.84.65.155][1138] SELECT pre_cod_asig1,pre_cod_asig2,pre_cod_asig3,pre_cod_asig4,pre_cod_asig5,pre_cod_asig6,pre_cod_asig7 FROM tblaca009_p_int WHERE pensum='5' AND c_uni_ca='3' AND c_asigna='300209' [1][0] OK
C:[19/08/2013 11:51:29.50][200.84.65.155][1151] SELECT c_asigna FROM dace004 WHERE exp_e='11-24848926' AND c_asigna='300101' AND status IN ('0','3','B','C') [1][0] OK
C:[19/08/2013 11:51:29.43][200.84.65.155][1182] SELECT par_cod_asig1,par_cod_asig2,par_cod_asig3 FROM tblaca009_p_int WHERE pensum='5' AND c_uni_ca='3' AND c_asigna='300116' [1][0] OK
C:[19/08/2013 11:51:29.43][200.84.65.155][1182] SELECT par_cod_asig1,par_cod_asig2,par_cod_asig3 FROM tblaca009_p_int WHERE pensum='5' AND c_uni_ca='3' AND c_asigna='300209' [1][0] OK
C:[19/08/2013 11:51:29.70][200.84.65.155][1312] SELECT horas_lab FROM tblaca008 WHERE c_asigna='300116' AND horas_teoricas > 0 [1][0] OK
C:[19/08/2013 11:51:29.70][200.84.65.155][1312] SELECT horas_lab FROM tblaca008 WHERE c_asigna='300209' AND horas_teoricas > 0 [1][0] OK
C:[19/08/2013 11:53:01.55][201.249.175.90][1138] SELECT pre_cod_asig1,pre_cod_asig2,pre_cod_asig3,pre_cod_asig4,pre_cod_asig5,pre_cod_asig6,pre_cod_asig7 FROM tblaca009_p_int WHERE pensum='5' AND c_uni_ca='6' AND c_asigna='343568' [1][0] OK
C:[19/08/2013 11:53:01.24][201.249.175.90][1182] SELECT par_cod_asig1,par_cod_asig2,par_cod_asig3 FROM tblaca009_p_int WHERE pensum='5' AND c_uni_ca='6' AND c_asigna='343568' [1][0] OK
C:[19/08/2013 11:53:01.37][201.249.175.90][1312] SELECT horas_lab FROM tblaca008 WHERE c_asigna='343568' AND horas_teoricas > 0 [1][0] OK
C:[19/08/2013 11:53:07.96][190.199.92.188][1138] SELECT pre_cod_asig1,pre_cod_asig2,pre_cod_asig3,pre_cod_asig4,pre_cod_asig5,pre_cod_asig6,pre_cod_asig7 FROM tblaca009_p_int WHERE pensum='5' AND c_uni_ca='4' AND c_asigna='300313' [1][0] OK
C:[19/08/2013 11:53:07.96][190.199.92.188][1151] SELECT c_asigna FROM dace004 WHERE exp_e='12-24579973' AND c_asigna='300213' AND status IN ('0','3','B','C') [1][0] OK
C:[19/08/2013 11:53:07.96][190.199.92.188][1138] SELECT pre_cod_asig1,pre_cod_asig2,pre_cod_asig3,pre_cod_asig4,pre_cod_asig5,pre_cod_asig6,pre_cod_asig7 FROM tblaca009_p_int WHERE pensum='5' AND c_uni_ca='4' AND c_asigna='300318' [1][0] OK
C:[19/08/2013 11:53:07.96][190.199.92.188][1151] SELECT c_asigna FROM dace004 WHERE exp_e='12-24579973' AND c_asigna='300228' AND status IN ('0','3','B','C') [1][0] OK
C:[19/08/2013 11:53:07.96][190.199.92.188][1151] SELECT c_asigna FROM dace004 WHERE exp_e='12-24579973' AND c_asigna='300207' AND status IN ('0','3','B','C') [1][0] OK
C:[19/08/2013 11:53:07.96][190.199.92.188][1151] SELECT c_asigna FROM dace004 WHERE exp_e='12-24579973' AND c_asigna='300218' AND status IN ('0','3','B','C') [1][0] OK
C:[19/08/2013 11:53:07.32][190.199.92.188][1182] SELECT par_cod_asig1,par_cod_asig2,par_cod_asig3 FROM tblaca009_p_int WHERE pensum='5' AND c_uni_ca='4' AND c_asigna='300313' [1][0] OK
C:[19/08/2013 11:53:07.32][190.199.92.188][1182] SELECT par_cod_asig1,par_cod_asig2,par_cod_asig3 FROM tblaca009_p_int WHERE pensum='5' AND c_uni_ca='4' AND c_asigna='300318' [1][0] OK
C:[19/08/2013 11:53:07.58][190.199.92.188][1312] SELECT horas_lab FROM tblaca008 WHERE c_asigna='300313' AND horas_teoricas > 0 [1][0] OK
C:[19/08/2013 11:53:07.58][190.199.92.188][1312] SELECT horas_lab FROM tblaca008 WHERE c_asigna='300318' AND horas_teoricas > 0 [1][0] OK
C:[19/08/2013 11:53:22.75][201.243.100.137][1138] SELECT pre_cod_asig1,pre_cod_asig2,pre_cod_asig3,pre_cod_asig4,pre_cod_asig5,pre_cod_asig6,pre_cod_asig7 FROM tblaca009_p_int WHERE pensum='5' AND c_uni_ca='2' AND c_asigna='300313' [1][0] OK
C:[19/08/2013 11:53:22.75][201.243.100.137][1151] SELECT c_asigna FROM dace004 WHERE exp_e='09-24029089' AND c_asigna='300213' AND status IN ('0','3','B','C') [1][0] OK
C:[19/08/2013 11:53:22.75][201.243.100.137][1138] SELECT pre_cod_asig1,pre_cod_asig2,pre_cod_asig3,pre_cod_asig4,pre_cod_asig5,pre_cod_asig6,pre_cod_asig7 FROM tblaca009_p_int WHERE pensum='5' AND c_uni_ca='2' AND c_asigna='322449' [1][0] OK
C:[19/08/2013 11:53:22.75][201.243.100.137][1151] SELECT c_asigna FROM dace004 WHERE exp_e='09-24029089' AND c_asigna='300222' AND status IN ('0','3','B','C') [1][0] OK
C:[19/08/2013 11:53:22.81][201.243.100.137][1182] SELECT par_cod_asig1,par_cod_asig2,par_cod_asig3 FROM tblaca009_p_int WHERE pensum='5' AND c_uni_ca='2' AND c_asigna='300313' [1][0] OK
C:[19/08/2013 11:53:22.81][201.243.100.137][1182] SELECT par_cod_asig1,par_cod_asig2,par_cod_asig3 FROM tblaca009_p_int WHERE pensum='5' AND c_uni_ca='2' AND c_asigna='322449' [1][0] OK
C:[19/08/2013 11:53:22.07][201.243.100.137][1312] SELECT horas_lab FROM tblaca008 WHERE c_asigna='300313' AND horas_teoricas > 0 [1][0] OK
C:[19/08/2013 11:53:22.07][201.243.100.137][1312] SELECT horas_lab FROM tblaca008 WHERE c_asigna='322449' AND horas_teoricas > 0 [1][0] OK
C:[19/08/2013 11:55:29.75][216.72.94.202][1138] SELECT pre_cod_asig1,pre_cod_asig2,pre_cod_asig3,pre_cod_asig4,pre_cod_asig5,pre_cod_asig6,pre_cod_asig7 FROM tblaca009_p_int WHERE pensum='5' AND c_uni_ca='6' AND c_asigna='344687' [1][0] OK
C:[19/08/2013 11:55:29.75][216.72.94.202][1151] SELECT c_asigna FROM dace004 WHERE exp_e='06-18666807' AND c_asigna='344565' AND status IN ('0','3','B','C') [1][0] OK
C:[19/08/2013 11:55:29.75][216.72.94.202][1138] SELECT pre_cod_asig1,pre_cod_asig2,pre_cod_asig3,pre_cod_asig4,pre_cod_asig5,pre_cod_asig6,pre_cod_asig7 FROM tblaca009_p_int WHERE pensum='5' AND c_uni_ca='6' AND c_asigna='344688' [1][0] OK
C:[19/08/2013 11:55:29.75][216.72.94.202][1151] SELECT c_asigna FROM dace004 WHERE exp_e='06-18666807' AND c_asigna='344565' AND status IN ('0','3','B','C') [1][0] OK
C:[19/08/2013 11:55:29.80][216.72.94.202][1182] SELECT par_cod_asig1,par_cod_asig2,par_cod_asig3 FROM tblaca009_p_int WHERE pensum='5' AND c_uni_ca='6' AND c_asigna='344687' [1][0] OK
C:[19/08/2013 11:55:29.80][216.72.94.202][1182] SELECT par_cod_asig1,par_cod_asig2,par_cod_asig3 FROM tblaca009_p_int WHERE pensum='5' AND c_uni_ca='6' AND c_asigna='344688' [1][0] OK
C:[19/08/2013 11:55:29.06][216.72.94.202][1312] SELECT horas_lab FROM tblaca008 WHERE c_asigna='344687' AND horas_teoricas > 0 [1][0] OK
C:[19/08/2013 11:55:29.06][216.72.94.202][1312] SELECT horas_lab FROM tblaca008 WHERE c_asigna='344688' AND horas_teoricas > 0 [1][0] OK
C:[19/08/2013 11:55:43.05][172.16.4.247][1138] SELECT pre_cod_asig1,pre_cod_asig2,pre_cod_asig3,pre_cod_asig4,pre_cod_asig5,pre_cod_asig6,pre_cod_asig7 FROM tblaca009_p_int WHERE pensum='5' AND c_uni_ca='4' AND c_asigna='300207' [1][0] OK
C:[19/08/2013 11:55:43.05][172.16.4.247][1151] SELECT c_asigna FROM dace004 WHERE exp_e='11-24541139' AND c_asigna='300101' AND status IN ('0','3','B','C') [1][0] OK
C:[19/08/2013 11:55:43.86][172.16.4.247][1182] SELECT par_cod_asig1,par_cod_asig2,par_cod_asig3 FROM tblaca009_p_int WHERE pensum='5' AND c_uni_ca='4' AND c_asigna='300207' [1][0] OK
C:[19/08/2013 11:55:43.99][172.16.4.247][1312] SELECT horas_lab FROM tblaca008 WHERE c_asigna='300207' AND horas_teoricas > 0 [1][0] OK
C:[19/08/2013 11:56:08.92][190.206.228.73][1138] SELECT pre_cod_asig1,pre_cod_asig2,pre_cod_asig3,pre_cod_asig4,pre_cod_asig5,pre_cod_asig6,pre_cod_asig7 FROM tblaca009_p_int WHERE pensum='5' AND c_uni_ca='2' AND c_asigna='300313' [1][0] OK
C:[19/08/2013 11:56:08.92][190.206.228.73][1151] SELECT c_asigna FROM dace004 WHERE exp_e='07-19158362' AND c_asigna='300213' AND status IN ('0','3','B','C') [1][0] OK
C:[19/08/2013 11:56:08.71][190.206.228.73][1182] SELECT par_cod_asig1,par_cod_asig2,par_cod_asig3 FROM tblaca009_p_int WHERE pensum='5' AND c_uni_ca='2' AND c_asigna='300313' [1][0] OK
C:[19/08/2013 11:56:08.85][190.206.228.73][1312] SELECT horas_lab FROM tblaca008 WHERE c_asigna='300313' AND horas_teoricas > 0 [1][0] OK
C:[19/08/2013 11:56:24.94][172.16.4.254][1138] SELECT pre_cod_asig1,pre_cod_asig2,pre_cod_asig3,pre_cod_asig4,pre_cod_asig5,pre_cod_asig6,pre_cod_asig7 FROM tblaca009_p_int WHERE pensum='5' AND c_uni_ca='2' AND c_asigna='322550' [1][0] OK
C:[19/08/2013 11:56:24.94][172.16.4.254][1151] SELECT c_asigna FROM dace004 WHERE exp_e='04-16845652' AND c_asigna='322433' AND status IN ('0','3','B','C') [1][0] OK
C:[19/08/2013 11:56:24.94][172.16.4.254][1138] SELECT pre_cod_asig1,pre_cod_asig2,pre_cod_asig3,pre_cod_asig4,pre_cod_asig5,pre_cod_asig6,pre_cod_asig7 FROM tblaca009_p_int WHERE pensum='5' AND c_uni_ca='2' AND c_asigna='322703' [1][0] OK
C:[19/08/2013 11:56:24.94][172.16.4.254][1151] SELECT c_asigna FROM dace004 WHERE exp_e='04-16845652' AND c_asigna='322669' AND status IN ('0','3','B','C') [1][0] OK
C:[19/08/2013 11:56:24.00][172.16.4.254][1182] SELECT par_cod_asig1,par_cod_asig2,par_cod_asig3 FROM tblaca009_p_int WHERE pensum='5' AND c_uni_ca='2' AND c_asigna='322550' [1][0] OK
C:[19/08/2013 11:56:24.00][172.16.4.254][1182] SELECT par_cod_asig1,par_cod_asig2,par_cod_asig3 FROM tblaca009_p_int WHERE pensum='5' AND c_uni_ca='2' AND c_asigna='322703' [1][0] OK
C:[19/08/2013 11:56:24.26][172.16.4.254][1312] SELECT horas_lab FROM tblaca008 WHERE c_asigna='322550' AND horas_teoricas > 0 [1][0] OK
C:[19/08/2013 11:56:24.26][172.16.4.254][1312] SELECT horas_lab FROM tblaca008 WHERE c_asigna='322703' AND horas_teoricas > 0 [1][0] OK
C:[19/08/2013 11:57:58.22][190.199.92.188][1138] SELECT pre_cod_asig1,pre_cod_asig2,pre_cod_asig3,pre_cod_asig4,pre_cod_asig5,pre_cod_asig6,pre_cod_asig7 FROM tblaca009_p_int WHERE pensum='5' AND c_uni_ca='6' AND c_asigna='342436' [1][0] OK
C:[19/08/2013 11:57:58.22][190.199.92.188][1151] SELECT c_asigna FROM dace004 WHERE exp_e='08-20036737' AND c_asigna='300318' AND status IN ('0','3','B','C') [1][0] OK
C:[19/08/2013 11:57:58.22][190.199.92.188][1151] SELECT c_asigna FROM dace004 WHERE exp_e='08-20036737' AND c_asigna='300317' AND status IN ('0','3','B','C') [1][0] OK
C:[19/08/2013 11:57:58.22][190.199.92.188][1138] SELECT pre_cod_asig1,pre_cod_asig2,pre_cod_asig3,pre_cod_asig4,pre_cod_asig5,pre_cod_asig6,pre_cod_asig7 FROM tblaca009_p_int WHERE pensum='5' AND c_uni_ca='6' AND c_asigna='342444' [1][0] OK
C:[19/08/2013 11:57:58.22][190.199.92.188][1151] SELECT c_asigna FROM dace004 WHERE exp_e='08-20036737' AND c_asigna='340323' AND status IN ('0','3','B','C') [1][0] OK
C:[19/08/2013 11:57:58.34][190.199.92.188][1182] SELECT par_cod_asig1,par_cod_asig2,par_cod_asig3 FROM tblaca009_p_int WHERE pensum='5' AND c_uni_ca='6' AND c_asigna='342436' [1][0] OK
C:[19/08/2013 11:57:58.34][190.199.92.188][1182] SELECT par_cod_asig1,par_cod_asig2,par_cod_asig3 FROM tblaca009_p_int WHERE pensum='5' AND c_uni_ca='6' AND c_asigna='342444' [1][0] OK
C:[19/08/2013 11:57:58.60][190.199.92.188][1312] SELECT horas_lab FROM tblaca008 WHERE c_asigna='342436' AND horas_teoricas > 0 [1][0] OK
C:[19/08/2013 11:57:58.60][190.199.92.188][1312] SELECT horas_lab FROM tblaca008 WHERE c_asigna='342444' AND horas_teoricas > 0 [1][0] OK
C:[19/08/2013 11:58:05.12][172.16.4.254][1138] SELECT pre_cod_asig1,pre_cod_asig2,pre_cod_asig3,pre_cod_asig4,pre_cod_asig5,pre_cod_asig6,pre_cod_asig7 FROM tblaca009_p_int WHERE pensum='5' AND c_uni_ca='5' AND c_asigna='355693' [1][0] OK
C:[19/08/2013 11:58:05.12][172.16.4.254][1151] SELECT c_asigna FROM dace004 WHERE exp_e='07-20286358' AND c_asigna='355572' AND status IN ('0','3','B','C') [1][0] OK
C:[19/08/2013 11:58:05.12][172.16.4.254][1151] SELECT c_asigna FROM dace004 WHERE exp_e='07-20286358' AND c_asigna='352440' AND status IN ('0','3','B','C') [1][0] OK
C:[19/08/2013 11:58:05.12][172.16.4.254][1151] SELECT c_asigna FROM dace004 WHERE exp_e='07-20286358' AND c_asigna='355573' AND status IN ('0','3','B','C') [1][0] OK
C:[19/08/2013 11:58:05.12][172.16.4.254][1138] SELECT pre_cod_asig1,pre_cod_asig2,pre_cod_asig3,pre_cod_asig4,pre_cod_asig5,pre_cod_asig6,pre_cod_asig7 FROM tblaca009_p_int WHERE pensum='5' AND c_uni_ca='5' AND c_asigna='355722' [1][0] OK
C:[19/08/2013 11:58:05.12][172.16.4.254][1151] SELECT c_asigna FROM dace004 WHERE exp_e='07-20286358' AND c_asigna='355691' AND status IN ('0','3','B','C') [1][0] OK
C:[19/08/2013 11:58:05.12][172.16.4.254][1151] SELECT c_asigna FROM dace004 WHERE exp_e='07-20286358' AND c_asigna='355595' AND status IN ('0','3','B','C') [1][0] OK
C:[19/08/2013 11:58:06.99][172.16.4.254][1182] SELECT par_cod_asig1,par_cod_asig2,par_cod_asig3 FROM tblaca009_p_int WHERE pensum='5' AND c_uni_ca='5' AND c_asigna='355693' [1][0] OK
C:[19/08/2013 11:58:06.99][172.16.4.254][1182] SELECT par_cod_asig1,par_cod_asig2,par_cod_asig3 FROM tblaca009_p_int WHERE pensum='5' AND c_uni_ca='5' AND c_asigna='355722' [1][0] OK
C:[19/08/2013 11:58:06.36][172.16.4.254][1312] SELECT horas_lab FROM tblaca008 WHERE c_asigna='355693' AND horas_teoricas > 0 [1][0] OK
C:[19/08/2013 11:58:06.36][172.16.4.254][1312] SELECT horas_lab FROM tblaca008 WHERE c_asigna='355722' AND horas_teoricas > 0 [1][0] OK
C:[19/08/2013 11:58:09.85][201.249.175.90][1138] SELECT pre_cod_asig1,pre_cod_asig2,pre_cod_asig3,pre_cod_asig4,pre_cod_asig5,pre_cod_asig6,pre_cod_asig7 FROM tblaca009_p_int WHERE pensum='5' AND c_uni_ca='6' AND c_asigna='343568' [1][0] OK
C:[19/08/2013 11:58:09.98][201.249.175.90][1182] SELECT par_cod_asig1,par_cod_asig2,par_cod_asig3 FROM tblaca009_p_int WHERE pensum='5' AND c_uni_ca='6' AND c_asigna='343568' [1][0] OK
C:[19/08/2013 11:58:09.11][201.249.175.90][1312] SELECT horas_lab FROM tblaca008 WHERE c_asigna='343568' AND horas_teoricas > 0 [1][0] OK
C:[19/08/2013 11:59:26.92][190.204.192.114][1138] SELECT pre_cod_asig1,pre_cod_asig2,pre_cod_asig3,pre_cod_asig4,pre_cod_asig5,pre_cod_asig6,pre_cod_asig7 FROM tblaca009_p_int WHERE pensum='5' AND c_uni_ca='2' AND c_asigna='322605' [1][0] OK
C:[19/08/2013 11:59:26.92][190.204.192.114][1151] SELECT c_asigna FROM dace004 WHERE exp_e='07-18981018' AND c_asigna='322436' AND status IN ('0','3','B','C') [1][0] OK
C:[19/08/2013 11:59:26.92][190.204.192.114][1138] SELECT pre_cod_asig1,pre_cod_asig2,pre_cod_asig3,pre_cod_asig4,pre_cod_asig5,pre_cod_asig6,pre_cod_asig7 FROM tblaca009_p_int WHERE pensum='5' AND c_uni_ca='2' AND c_asigna='322678' [1][0] OK
C:[19/08/2013 11:59:26.92][190.204.192.114][1151] SELECT c_asigna FROM dace004 WHERE exp_e='07-18981018' AND c_asigna='322559' AND status IN ('0','3','B','C') [1][0] OK
C:[19/08/2013 11:59:26.92][190.204.192.114][1138] SELECT pre_cod_asig1,pre_cod_asig2,pre_cod_asig3,pre_cod_asig4,pre_cod_asig5,pre_cod_asig6,pre_cod_asig7 FROM tblaca009_p_int WHERE pensum='5' AND c_uni_ca='2' AND c_asigna='322826' [1][0] OK
C:[19/08/2013 11:59:26.92][190.204.192.114][1151] SELECT c_asigna FROM dace004 WHERE exp_e='07-18981018' AND c_asigna='322683' AND status IN ('0','3','B','C') [1][0] OK
C:[19/08/2013 11:59:26.24][190.204.192.114][1182] SELECT par_cod_asig1,par_cod_asig2,par_cod_asig3 FROM tblaca009_p_int WHERE pensum='5' AND c_uni_ca='2' AND c_asigna='322605' [1][0] OK
C:[19/08/2013 11:59:26.24][190.204.192.114][1182] SELECT par_cod_asig1,par_cod_asig2,par_cod_asig3 FROM tblaca009_p_int WHERE pensum='5' AND c_uni_ca='2' AND c_asigna='322678' [1][0] OK
C:[19/08/2013 11:59:26.24][190.204.192.114][1182] SELECT par_cod_asig1,par_cod_asig2,par_cod_asig3 FROM tblaca009_p_int WHERE pensum='5' AND c_uni_ca='2' AND c_asigna='322826' [1][0] OK
C:[19/08/2013 11:59:26.62][190.204.192.114][1312] SELECT horas_lab FROM tblaca008 WHERE c_asigna='322605' AND horas_teoricas > 0 [1][0] OK
C:[19/08/2013 11:59:26.62][190.204.192.114][1312] SELECT horas_lab FROM tblaca008 WHERE c_asigna='322678' AND horas_teoricas > 0 [1][0] OK
C:[19/08/2013 11:59:26.62][190.204.192.114][1312] SELECT horas_lab FROM tblaca008 WHERE c_asigna='322826' AND horas_teoricas > 0 [1][0] OK
C:[19/08/2013 12:00:01.00][190.207.62.197][1138] SELECT pre_cod_asig1,pre_cod_asig2,pre_cod_asig3,pre_cod_asig4,pre_cod_asig5,pre_cod_asig6,pre_cod_asig7 FROM tblaca009_p_int WHERE pensum='5' AND c_uni_ca='3' AND c_asigna='300317' [1][0] OK
C:[19/08/2013 12:00:01.00][190.207.62.197][1151] SELECT c_asigna FROM dace004 WHERE exp_e='11-23730300' AND c_asigna='300207' AND status IN ('0','3','B','C') [1][0] OK
C:[19/08/2013 12:00:01.00][190.207.62.197][1151] SELECT c_asigna FROM dace004 WHERE exp_e='11-23730300' AND c_asigna='300209' AND status IN ('0','3','B','C') [1][0] OK
C:[19/08/2013 12:00:01.92][190.207.62.197][1182] SELECT par_cod_asig1,par_cod_asig2,par_cod_asig3 FROM tblaca009_p_int WHERE pensum='5' AND c_uni_ca='3' AND c_asigna='300317' [1][0] OK
C:[19/08/2013 12:00:01.05][190.207.62.197][1312] SELECT horas_lab FROM tblaca008 WHERE c_asigna='300317' AND horas_teoricas > 0 [1][0] OK
C:[19/08/2013 12:00:42.61][190.199.92.188][1138] SELECT pre_cod_asig1,pre_cod_asig2,pre_cod_asig3,pre_cod_asig4,pre_cod_asig5,pre_cod_asig6,pre_cod_asig7 FROM tblaca009_p_int WHERE pensum='5' AND c_uni_ca='6' AND c_asigna='300317' [1][0] OK
C:[19/08/2013 12:00:42.61][190.199.92.188][1151] SELECT c_asigna FROM dace004 WHERE exp_e='09-21197811' AND c_asigna='300207' AND status IN ('0','3','B','C') [1][0] OK
C:[19/08/2013 12:00:42.61][190.199.92.188][1151] SELECT c_asigna FROM dace004 WHERE exp_e='09-21197811' AND c_asigna='300209' AND status IN ('0','3','B','C') [1][0] OK
C:[19/08/2013 12:00:42.56][190.199.92.188][1182] SELECT par_cod_asig1,par_cod_asig2,par_cod_asig3 FROM tblaca009_p_int WHERE pensum='5' AND c_uni_ca='6' AND c_asigna='300317' [1][0] OK
C:[19/08/2013 12:00:42.69][190.199.92.188][1312] SELECT horas_lab FROM tblaca008 WHERE c_asigna='300317' AND horas_teoricas > 0 [1][0] OK
C:[19/08/2013 12:00:50.87][190.199.92.188][1138] SELECT pre_cod_asig1,pre_cod_asig2,pre_cod_asig3,pre_cod_asig4,pre_cod_asig5,pre_cod_asig6,pre_cod_asig7 FROM tblaca009_p_int WHERE pensum='5' AND c_uni_ca='3' AND c_asigna='311551' [1][0] OK
C:[19/08/2013 12:00:50.87][190.199.92.188][1151] SELECT c_asigna FROM dace004 WHERE exp_e='09-21087869' AND c_asigna='311430' AND status IN ('0','3','B','C') [1][0] OK
C:[19/08/2013 12:00:50.87][190.199.92.188][1138] SELECT pre_cod_asig1,pre_cod_asig2,pre_cod_asig3,pre_cod_asig4,pre_cod_asig5,pre_cod_asig6,pre_cod_asig7 FROM tblaca009_p_int WHERE pensum='5' AND c_uni_ca='3' AND c_asigna='315671' [1][0] OK
C:[19/08/2013 12:00:50.87][190.199.92.188][1151] SELECT c_asigna FROM dace004 WHERE exp_e='09-21087869' AND c_asigna='315552' AND status IN ('0','3','B','C') [1][0] OK
C:[19/08/2013 12:00:50.36][190.199.92.188][1182] SELECT par_cod_asig1,par_cod_asig2,par_cod_asig3 FROM tblaca009_p_int WHERE pensum='5' AND c_uni_ca='3' AND c_asigna='311551' [1][0] OK
C:[19/08/2013 12:00:50.36][190.199.92.188][1182] SELECT par_cod_asig1,par_cod_asig2,par_cod_asig3 FROM tblaca009_p_int WHERE pensum='5' AND c_uni_ca='3' AND c_asigna='315671' [1][0] OK
C:[19/08/2013 12:00:50.63][190.199.92.188][1312] SELECT horas_lab FROM tblaca008 WHERE c_asigna='311551' AND horas_teoricas > 0 [1][0] OK
C:[19/08/2013 12:00:50.63][190.199.92.188][1312] SELECT horas_lab FROM tblaca008 WHERE c_asigna='315671' AND horas_teoricas > 0 [1][0] OK
C:[19/08/2013 12:00:53.48][190.78.122.207][1138] SELECT pre_cod_asig1,pre_cod_asig2,pre_cod_asig3,pre_cod_asig4,pre_cod_asig5,pre_cod_asig6,pre_cod_asig7 FROM tblaca009_p_int WHERE pensum='5' AND c_uni_ca='5' AND c_asigna='355722' [1][0] OK
C:[19/08/2013 12:00:53.48][190.78.122.207][1151] SELECT c_asigna FROM dace004 WHERE exp_e='94-12360569' AND c_asigna='355691' AND status IN ('0','3','B','C') [1][0] OK
C:[19/08/2013 12:00:53.48][190.78.122.207][1151] SELECT c_asigna FROM dace004 WHERE exp_e='94-12360569' AND c_asigna='355595' AND status IN ('0','3','B','C') [1][0] OK
C:[19/08/2013 12:00:53.48][190.78.122.207][1138] SELECT pre_cod_asig1,pre_cod_asig2,pre_cod_asig3,pre_cod_asig4,pre_cod_asig5,pre_cod_asig6,pre_cod_asig7 FROM tblaca009_p_int WHERE pensum='5' AND c_uni_ca='5' AND c_asigna='300956' [1][0] OK
C:[19/08/2013 12:00:53.48][190.78.122.207][1151] SELECT c_asigna FROM dace004 WHERE exp_e='94-12360569' AND c_asigna='300422' AND status IN ('0','3','B','C') [1][0] OK
C:[19/08/2013 12:00:53.12][190.78.122.207][1182] SELECT par_cod_asig1,par_cod_asig2,par_cod_asig3 FROM tblaca009_p_int WHERE pensum='5' AND c_uni_ca='5' AND c_asigna='355722' [1][0] OK
C:[19/08/2013 12:00:53.12][190.78.122.207][1182] SELECT par_cod_asig1,par_cod_asig2,par_cod_asig3 FROM tblaca009_p_int WHERE pensum='5' AND c_uni_ca='5' AND c_asigna='300956' [1][0] OK
C:[19/08/2013 12:00:53.37][190.78.122.207][1312] SELECT horas_lab FROM tblaca008 WHERE c_asigna='355722' AND horas_teoricas > 0 [1][0] OK
C:[19/08/2013 12:00:53.37][190.78.122.207][1312] SELECT horas_lab FROM tblaca008 WHERE c_asigna='300956' AND horas_teoricas > 0 [1][0] OK
C:[19/08/2013 12:00:59.28][190.78.107.228][1138] SELECT pre_cod_asig1,pre_cod_asig2,pre_cod_asig3,pre_cod_asig4,pre_cod_asig5,pre_cod_asig6,pre_cod_asig7 FROM tblaca009_p_int WHERE pensum='5' AND c_uni_ca='6' AND c_asigna='300313' [1][0] OK
C:[19/08/2013 12:00:59.28][190.78.107.228][1151] SELECT c_asigna FROM dace004 WHERE exp_e='07-19804107' AND c_asigna='300213' AND status IN ('0','3','B','C') [1][0] OK
C:[19/08/2013 12:00:59.28][190.78.107.228][1138] SELECT pre_cod_asig1,pre_cod_asig2,pre_cod_asig3,pre_cod_asig4,pre_cod_asig5,pre_cod_asig6,pre_cod_asig7 FROM tblaca009_p_int WHERE pensum='5' AND c_uni_ca='6' AND c_asigna='342559' [1][0] OK
C:[19/08/2013 12:00:59.28][190.78.107.228][1151] SELECT c_asigna FROM dace004 WHERE exp_e='07-19804107' AND c_asigna='342436' AND status IN ('0','3','B','C') [1][0] OK
C:[19/08/2013 12:00:59.78][190.78.107.228][1182] SELECT par_cod_asig1,par_cod_asig2,par_cod_asig3 FROM tblaca009_p_int WHERE pensum='5' AND c_uni_ca='6' AND c_asigna='300313' [1][0] OK
C:[19/08/2013 12:00:59.78][190.78.107.228][1182] SELECT par_cod_asig1,par_cod_asig2,par_cod_asig3 FROM tblaca009_p_int WHERE pensum='5' AND c_uni_ca='6' AND c_asigna='342559' [1][0] OK
C:[19/08/2013 12:00:59.03][190.78.107.228][1312] SELECT horas_lab FROM tblaca008 WHERE c_asigna='300313' AND horas_teoricas > 0 [1][0] OK
C:[19/08/2013 12:00:59.03][190.78.107.228][1312] SELECT horas_lab FROM tblaca008 WHERE c_asigna='342559' AND horas_teoricas > 0 [1][0] OK
C:[19/08/2013 12:01:14.36][190.199.92.188][1138] SELECT pre_cod_asig1,pre_cod_asig2,pre_cod_asig3,pre_cod_asig4,pre_cod_asig5,pre_cod_asig6,pre_cod_asig7 FROM tblaca009_p_int WHERE pensum='5' AND c_uni_ca='4' AND c_asigna='333683' [1][0] OK
C:[19/08/2013 12:01:14.36][190.199.92.188][1151] SELECT c_asigna FROM dace004 WHERE exp_e='09-19302789' AND c_asigna='333564' AND status IN ('0','3','B','C') [1][0] OK
C:[19/08/2013 12:01:14.18][190.199.92.188][1182] SELECT par_cod_asig1,par_cod_asig2,par_cod_asig3 FROM tblaca009_p_int WHERE pensum='5' AND c_uni_ca='4' AND c_asigna='333683' [1][0] OK
C:[19/08/2013 12:01:14.31][190.199.92.188][1312] SELECT horas_lab FROM tblaca008 WHERE c_asigna='333683' AND horas_teoricas > 0 [1][0] OK
C:[19/08/2013 12:01:31.31][190.199.92.188][1138] SELECT pre_cod_asig1,pre_cod_asig2,pre_cod_asig3,pre_cod_asig4,pre_cod_asig5,pre_cod_asig6,pre_cod_asig7 FROM tblaca009_p_int WHERE pensum='5' AND c_uni_ca='2' AND c_asigna='322436' [1][0] OK
C:[19/08/2013 12:01:31.31][190.199.92.188][1151] SELECT c_asigna FROM dace004 WHERE exp_e='11-25552578' AND c_asigna='320311' AND status IN ('0','3','B','C') [1][0] OK
C:[19/08/2013 12:01:31.12][190.199.92.188][1182] SELECT par_cod_asig1,par_cod_asig2,par_cod_asig3 FROM tblaca009_p_int WHERE pensum='5' AND c_uni_ca='2' AND c_asigna='322436' [1][0] OK
C:[19/08/2013 12:01:31.26][190.199.92.188][1312] SELECT horas_lab FROM tblaca008 WHERE c_asigna='322436' AND horas_teoricas > 0 [1][0] OK
C:[19/08/2013 12:02:10.12][190.75.169.33][1138] SELECT pre_cod_asig1,pre_cod_asig2,pre_cod_asig3,pre_cod_asig4,pre_cod_asig5,pre_cod_asig6,pre_cod_asig7 FROM tblaca009_p_int WHERE pensum='5' AND c_uni_ca='3' AND c_asigna='311822' [1][0] OK
C:[19/08/2013 12:02:10.12][190.75.169.33][1151] SELECT c_asigna FROM dace004 WHERE exp_e='07-21338429' AND c_asigna='311795' AND status IN ('0','3','B','C') [1][0] OK
C:[19/08/2013 12:02:10.12][190.75.169.33][1138] SELECT pre_cod_asig1,pre_cod_asig2,pre_cod_asig3,pre_cod_asig4,pre_cod_asig5,pre_cod_asig6,pre_cod_asig7 FROM tblaca009_p_int WHERE pensum='5' AND c_uni_ca='3' AND c_asigna='311824' [1][0] OK
C:[19/08/2013 12:02:10.12][190.75.169.33][1151] SELECT c_asigna FROM dace004 WHERE exp_e='07-21338429' AND c_asigna='311796' AND status IN ('0','3','B','C') [1][0] OK
C:[19/08/2013 12:02:10.18][190.75.169.33][1182] SELECT par_cod_asig1,par_cod_asig2,par_cod_asig3 FROM tblaca009_p_int WHERE pensum='5' AND c_uni_ca='3' AND c_asigna='311822' [1][0] OK
C:[19/08/2013 12:02:10.18][190.75.169.33][1182] SELECT par_cod_asig1,par_cod_asig2,par_cod_asig3 FROM tblaca009_p_int WHERE pensum='5' AND c_uni_ca='3' AND c_asigna='311824' [1][0] OK
C:[19/08/2013 12:02:10.44][190.75.169.33][1312] SELECT horas_lab FROM tblaca008 WHERE c_asigna='311822' AND horas_teoricas > 0 [1][0] OK
C:[19/08/2013 12:02:10.44][190.75.169.33][1312] SELECT horas_lab FROM tblaca008 WHERE c_asigna='311824' AND horas_teoricas > 0 [1][0] OK
C:[19/08/2013 12:02:12.81][201.243.100.137][1138] SELECT pre_cod_asig1,pre_cod_asig2,pre_cod_asig3,pre_cod_asig4,pre_cod_asig5,pre_cod_asig6,pre_cod_asig7 FROM tblaca009_p_int WHERE pensum='5' AND c_uni_ca='2' AND c_asigna='300313' [1][0] OK
C:[19/08/2013 12:02:12.81][201.243.100.137][1151] SELECT c_asigna FROM dace004 WHERE exp_e='09-24029089' AND c_asigna='300213' AND status IN ('0','3','B','C') [1][0] OK
C:[19/08/2013 12:02:12.81][201.243.100.137][1138] SELECT pre_cod_asig1,pre_cod_asig2,pre_cod_asig3,pre_cod_asig4,pre_cod_asig5,pre_cod_asig6,pre_cod_asig7 FROM tblaca009_p_int WHERE pensum='5' AND c_uni_ca='2' AND c_asigna='322436' [1][0] OK
C:[19/08/2013 12:02:12.81][201.243.100.137][1151] SELECT c_asigna FROM dace004 WHERE exp_e='09-24029089' AND c_asigna='320311' AND status IN ('0','3','B','C') [1][0] OK
C:[19/08/2013 12:02:12.81][201.243.100.137][1138] SELECT pre_cod_asig1,pre_cod_asig2,pre_cod_asig3,pre_cod_asig4,pre_cod_asig5,pre_cod_asig6,pre_cod_asig7 FROM tblaca009_p_int WHERE pensum='5' AND c_uni_ca='2' AND c_asigna='322449' [1][0] OK
C:[19/08/2013 12:02:12.81][201.243.100.137][1151] SELECT c_asigna FROM dace004 WHERE exp_e='09-24029089' AND c_asigna='300222' AND status IN ('0','3','B','C') [1][0] OK
C:[19/08/2013 12:02:12.31][190.201.161.127][1138] SELECT pre_cod_asig1,pre_cod_asig2,pre_cod_asig3,pre_cod_asig4,pre_cod_asig5,pre_cod_asig6,pre_cod_asig7 FROM tblaca009_p_int WHERE pensum='5' AND c_uni_ca='6' AND c_asigna='311561' [1][0] OK
C:[19/08/2013 12:02:12.57][201.243.100.137][1182] SELECT par_cod_asig1,par_cod_asig2,par_cod_asig3 FROM tblaca009_p_int WHERE pensum='5' AND c_uni_ca='2' AND c_asigna='300313' [1][0] OK
C:[19/08/2013 12:02:12.31][190.201.161.127][1151] SELECT c_asigna FROM dace004 WHERE exp_e='03-18247505' AND c_asigna='300318' AND status IN ('0','3','B','C') [1][0] OK
C:[19/08/2013 12:02:12.57][201.243.100.137][1182] SELECT par_cod_asig1,par_cod_asig2,par_cod_asig3 FROM tblaca009_p_int WHERE pensum='5' AND c_uni_ca='2' AND c_asigna='322436' [1][0] OK
C:[19/08/2013 12:02:12.31][190.201.161.127][1138] SELECT pre_cod_asig1,pre_cod_asig2,pre_cod_asig3,pre_cod_asig4,pre_cod_asig5,pre_cod_asig6,pre_cod_asig7 FROM tblaca009_p_int WHERE pensum='5' AND c_uni_ca='6' AND c_asigna='300956' [1][0] OK
C:[19/08/2013 12:02:12.57][201.243.100.137][1182] SELECT par_cod_asig1,par_cod_asig2,par_cod_asig3 FROM tblaca009_p_int WHERE pensum='5' AND c_uni_ca='2' AND c_asigna='322449' [1][0] OK
C:[19/08/2013 12:02:12.31][190.201.161.127][1151] SELECT c_asigna FROM dace004 WHERE exp_e='03-18247505' AND c_asigna='300422' AND status IN ('0','3','B','C') [1][0] OK
C:[19/08/2013 12:02:12.95][201.243.100.137][1312] SELECT horas_lab FROM tblaca008 WHERE c_asigna='300313' AND horas_teoricas > 0 [1][0] OK
C:[19/08/2013 12:02:13.81][190.201.161.127][1182] SELECT par_cod_asig1,par_cod_asig2,par_cod_asig3 FROM tblaca009_p_int WHERE pensum='5' AND c_uni_ca='6' AND c_asigna='311561' [1][0] OK
C:[19/08/2013 12:02:12.95][201.243.100.137][1312] SELECT horas_lab FROM tblaca008 WHERE c_asigna='322436' AND horas_teoricas > 0 [1][0] OK
C:[19/08/2013 12:02:13.81][190.201.161.127][1182] SELECT par_cod_asig1,par_cod_asig2,par_cod_asig3 FROM tblaca009_p_int WHERE pensum='5' AND c_uni_ca='6' AND c_asigna='300956' [1][0] OK
C:[19/08/2013 12:02:12.95][201.243.100.137][1312] SELECT horas_lab FROM tblaca008 WHERE c_asigna='322449' AND horas_teoricas > 0 [1][0] OK
C:[19/08/2013 12:02:13.07][190.201.161.127][1312] SELECT horas_lab FROM tblaca008 WHERE c_asigna='311561' AND horas_teoricas > 0 [1][0] OK
C:[19/08/2013 12:02:13.07][190.201.161.127][1312] SELECT horas_lab FROM tblaca008 WHERE c_asigna='300956' AND horas_teoricas > 0 [1][0] OK
C:[19/08/2013 12:02:37.49][190.198.144.168][1138] SELECT pre_cod_asig1,pre_cod_asig2,pre_cod_asig3,pre_cod_asig4,pre_cod_asig5,pre_cod_asig6,pre_cod_asig7 FROM tblaca009_p_int WHERE pensum='5' AND c_uni_ca='4' AND c_asigna='330435' [1][0] OK
C:[19/08/2013 12:02:37.18][190.198.144.168][1182] SELECT par_cod_asig1,par_cod_asig2,par_cod_asig3 FROM tblaca009_p_int WHERE pensum='5' AND c_uni_ca='4' AND c_asigna='330435' [1][0] OK
C:[19/08/2013 12:02:37.32][190.198.144.168][1312] SELECT horas_lab FROM tblaca008 WHERE c_asigna='330435' AND horas_teoricas > 0 [1][0] OK
C:[19/08/2013 12:02:42.65][190.94.238.8][1138] SELECT pre_cod_asig1,pre_cod_asig2,pre_cod_asig3,pre_cod_asig4,pre_cod_asig5,pre_cod_asig6,pre_cod_asig7 FROM tblaca009_p_int WHERE pensum='5' AND c_uni_ca='4' AND c_asigna='300870' [1][0] OK
C:[19/08/2013 12:02:42.77][190.94.238.8][1182] SELECT par_cod_asig1,par_cod_asig2,par_cod_asig3 FROM tblaca009_p_int WHERE pensum='5' AND c_uni_ca='4' AND c_asigna='300870' [1][0] OK
C:[19/08/2013 12:02:42.91][190.94.238.8][1312] SELECT horas_lab FROM tblaca008 WHERE c_asigna='300870' AND horas_teoricas > 0 [1][0] OK
C:[19/08/2013 12:03:16.55][190.199.92.188][1138] SELECT pre_cod_asig1,pre_cod_asig2,pre_cod_asig3,pre_cod_asig4,pre_cod_asig5,pre_cod_asig6,pre_cod_asig7 FROM tblaca009_p_int WHERE pensum='5' AND c_uni_ca='5' AND c_asigna='300956' [1][0] OK
C:[19/08/2013 12:03:16.55][190.199.92.188][1151] SELECT c_asigna FROM dace004 WHERE exp_e='06-18248252' AND c_asigna='300422' AND status IN ('0','3','B','C') [1][0] OK
C:[19/08/2013 12:03:16.55][190.199.92.188][1138] SELECT pre_cod_asig1,pre_cod_asig2,pre_cod_asig3,pre_cod_asig4,pre_cod_asig5,pre_cod_asig6,pre_cod_asig7 FROM tblaca009_p_int WHERE pensum='5' AND c_uni_ca='5' AND c_asigna='300890' [1][0] OK
C:[19/08/2013 12:03:16.49][190.199.92.188][1182] SELECT par_cod_asig1,par_cod_asig2,par_cod_asig3 FROM tblaca009_p_int WHERE pensum='5' AND c_uni_ca='5' AND c_asigna='300956' [1][0] OK
C:[19/08/2013 12:03:16.49][190.199.92.188][1182] SELECT par_cod_asig1,par_cod_asig2,par_cod_asig3 FROM tblaca009_p_int WHERE pensum='5' AND c_uni_ca='5' AND c_asigna='300890' [1][0] OK
C:[19/08/2013 12:03:16.75][190.199.92.188][1312] SELECT horas_lab FROM tblaca008 WHERE c_asigna='300956' AND horas_teoricas > 0 [1][0] OK
C:[19/08/2013 12:03:16.75][190.199.92.188][1312] SELECT horas_lab FROM tblaca008 WHERE c_asigna='300890' AND horas_teoricas > 0 [1][0] OK
C:[19/08/2013 12:03:23.77][68.171.231.81][1138] SELECT pre_cod_asig1,pre_cod_asig2,pre_cod_asig3,pre_cod_asig4,pre_cod_asig5,pre_cod_asig6,pre_cod_asig7 FROM tblaca009_p_int WHERE pensum='5' AND c_uni_ca='4' AND c_asigna='300317' [1][0] OK
C:[19/08/2013 12:03:23.77][68.171.231.81][1151] SELECT c_asigna FROM dace004 WHERE exp_e='10-20804226' AND c_asigna='300207' AND status IN ('0','3','B','C') [1][0] OK
C:[19/08/2013 12:03:23.77][68.171.231.81][1151] SELECT c_asigna FROM dace004 WHERE exp_e='10-20804226' AND c_asigna='300209' AND status IN ('0','3','B','C') [1][0] OK
C:[19/08/2013 12:03:23.14][68.171.231.81][1182] SELECT par_cod_asig1,par_cod_asig2,par_cod_asig3 FROM tblaca009_p_int WHERE pensum='5' AND c_uni_ca='4' AND c_asigna='300317' [1][0] OK
C:[19/08/2013 12:03:23.28][68.171.231.81][1312] SELECT horas_lab FROM tblaca008 WHERE c_asigna='300317' AND horas_teoricas > 0 [1][0] OK
C:[19/08/2013 12:03:44.17][190.199.80.239][1138] SELECT pre_cod_asig1,pre_cod_asig2,pre_cod_asig3,pre_cod_asig4,pre_cod_asig5,pre_cod_asig6,pre_cod_asig7 FROM tblaca009_p_int WHERE pensum='5' AND c_uni_ca='5' AND c_asigna='300218' [1][0] OK
C:[19/08/2013 12:03:44.17][190.199.80.239][1138] SELECT pre_cod_asig1,pre_cod_asig2,pre_cod_asig3,pre_cod_asig4,pre_cod_asig5,pre_cod_asig6,pre_cod_asig7 FROM tblaca009_p_int WHERE pensum='5' AND c_uni_ca='5' AND c_asigna='300228' [1][0] OK
C:[19/08/2013 12:03:44.17][190.199.80.239][1151] SELECT c_asigna FROM dace004 WHERE exp_e='12-25282873' AND c_asigna='300101' AND status IN ('0','3','B','C') [1][0] OK
C:[19/08/2013 12:03:44.11][190.199.80.239][1182] SELECT par_cod_asig1,par_cod_asig2,par_cod_asig3 FROM tblaca009_p_int WHERE pensum='5' AND c_uni_ca='5' AND c_asigna='300218' [1][0] OK
C:[19/08/2013 12:03:44.11][190.199.80.239][1196] SELECT c_asigna FROM dace004 WHERE exp_e='12-25282873' AND c_asigna='300228' AND status IN ('0','3','B','C') [0][0] OK
C:[19/08/2013 12:03:44.11][190.199.80.239][1182] SELECT par_cod_asig1,par_cod_asig2,par_cod_asig3 FROM tblaca009_p_int WHERE pensum='5' AND c_uni_ca='5' AND c_asigna='300228' [1][0] OK
C:[19/08/2013 12:03:44.72][190.199.80.239][1312] SELECT horas_lab FROM tblaca008 WHERE c_asigna='300218' AND horas_teoricas > 0 [0][0] OK
C:[19/08/2013 12:03:44.72][190.199.80.239][1312] SELECT horas_lab FROM tblaca008 WHERE c_asigna='300228' AND horas_teoricas > 0 [1][0] OK
C:[19/08/2013 12:03:52.42][190.199.92.188][1138] SELECT pre_cod_asig1,pre_cod_asig2,pre_cod_asig3,pre_cod_asig4,pre_cod_asig5,pre_cod_asig6,pre_cod_asig7 FROM tblaca009_p_int WHERE pensum='5' AND c_uni_ca='4' AND c_asigna='330435' [1][0] OK
C:[19/08/2013 12:03:52.42][190.199.92.188][1138] SELECT pre_cod_asig1,pre_cod_asig2,pre_cod_asig3,pre_cod_asig4,pre_cod_asig5,pre_cod_asig6,pre_cod_asig7 FROM tblaca009_p_int WHERE pensum='5' AND c_uni_ca='4' AND c_asigna='333683' [1][0] OK
C:[19/08/2013 12:03:52.42][190.199.92.188][1151] SELECT c_asigna FROM dace004 WHERE exp_e='09-19302789' AND c_asigna='333564' AND status IN ('0','3','B','C') [1][0] OK
C:[19/08/2013 12:03:52.80][190.199.92.188][1182] SELECT par_cod_asig1,par_cod_asig2,par_cod_asig3 FROM tblaca009_p_int WHERE pensum='5' AND c_uni_ca='4' AND c_asigna='330435' [1][0] OK
C:[19/08/2013 12:03:52.80][190.199.92.188][1182] SELECT par_cod_asig1,par_cod_asig2,par_cod_asig3 FROM tblaca009_p_int WHERE pensum='5' AND c_uni_ca='4' AND c_asigna='333683' [1][0] OK
C:[19/08/2013 12:03:52.06][190.199.92.188][1312] SELECT horas_lab FROM tblaca008 WHERE c_asigna='330435' AND horas_teoricas > 0 [1][0] OK
C:[19/08/2013 12:03:52.06][190.199.92.188][1312] SELECT horas_lab FROM tblaca008 WHERE c_asigna='333683' AND horas_teoricas > 0 [1][0] OK
C:[19/08/2013 12:05:10.42][190.199.92.188][1138] SELECT pre_cod_asig1,pre_cod_asig2,pre_cod_asig3,pre_cod_asig4,pre_cod_asig5,pre_cod_asig6,pre_cod_asig7 FROM tblaca009_p_int WHERE pensum='5' AND c_uni_ca='4' AND c_asigna='300207' [1][0] OK
C:[19/08/2013 12:05:10.42][190.199.92.188][1151] SELECT c_asigna FROM dace004 WHERE exp_e='12-24701706' AND c_asigna='300101' AND status IN ('0','3','B','C') [1][0] OK
C:[19/08/2013 12:05:10.22][190.199.92.188][1182] SELECT par_cod_asig1,par_cod_asig2,par_cod_asig3 FROM tblaca009_p_int WHERE pensum='5' AND c_uni_ca='4' AND c_asigna='300207' [1][0] OK
C:[19/08/2013 12:05:10.37][190.199.92.188][1312] SELECT horas_lab FROM tblaca008 WHERE c_asigna='300207' AND horas_teoricas > 0 [1][0] OK
C:[19/08/2013 12:05:46.98][190.79.13.190][1138] SELECT pre_cod_asig1,pre_cod_asig2,pre_cod_asig3,pre_cod_asig4,pre_cod_asig5,pre_cod_asig6,pre_cod_asig7 FROM tblaca009_p_int WHERE pensum='5' AND c_uni_ca='5' AND c_asigna='355696' [1][0] OK
C:[19/08/2013 12:05:46.98][190.79.13.190][1151] SELECT c_asigna FROM dace004 WHERE exp_e='07-19858498' AND c_asigna='355570' AND status IN ('0','3','B','C') [1][0] OK
C:[19/08/2013 12:05:46.98][190.79.13.190][1151] SELECT c_asigna FROM dace004 WHERE exp_e='07-19858498' AND c_asigna='355571' AND status IN ('0','3','B','C') [1][0] OK
C:[19/08/2013 12:05:46.98][190.79.13.190][1138] SELECT pre_cod_asig1,pre_cod_asig2,pre_cod_asig3,pre_cod_asig4,pre_cod_asig5,pre_cod_asig6,pre_cod_asig7 FROM tblaca009_p_int WHERE pensum='5' AND c_uni_ca='5' AND c_asigna='300956' [1][0] OK
C:[19/08/2013 12:05:46.98][190.79.13.190][1151] SELECT c_asigna FROM dace004 WHERE exp_e='07-19858498' AND c_asigna='300422' AND status IN ('0','3','B','C') [1][0] OK
C:[19/08/2013 12:05:47.17][190.79.13.190][1182] SELECT par_cod_asig1,par_cod_asig2,par_cod_asig3 FROM tblaca009_p_int WHERE pensum='5' AND c_uni_ca='5' AND c_asigna='355696' [1][0] OK
C:[19/08/2013 12:05:47.17][190.79.13.190][1182] SELECT par_cod_asig1,par_cod_asig2,par_cod_asig3 FROM tblaca009_p_int WHERE pensum='5' AND c_uni_ca='5' AND c_asigna='300956' [1][0] OK
C:[19/08/2013 12:05:47.43][190.79.13.190][1312] SELECT horas_lab FROM tblaca008 WHERE c_asigna='355696' AND horas_teoricas > 0 [1][0] OK
C:[19/08/2013 12:05:47.43][190.79.13.190][1312] SELECT horas_lab FROM tblaca008 WHERE c_asigna='300956' AND horas_teoricas > 0 [1][0] OK
C:[19/08/2013 12:05:50.93][172.16.4.247][1138] SELECT pre_cod_asig1,pre_cod_asig2,pre_cod_asig3,pre_cod_asig4,pre_cod_asig5,pre_cod_asig6,pre_cod_asig7 FROM tblaca009_p_int WHERE pensum='5' AND c_uni_ca='2' AND c_asigna='300213' [1][0] OK
C:[19/08/2013 12:05:50.93][172.16.4.247][1151] SELECT c_asigna FROM dace004 WHERE exp_e='10-24039070' AND c_asigna='300101' AND status IN ('0','3','B','C') [1][0] OK
C:[19/08/2013 12:05:50.93][172.16.4.247][1138] SELECT pre_cod_asig1,pre_cod_asig2,pre_cod_asig3,pre_cod_asig4,pre_cod_asig5,pre_cod_asig6,pre_cod_asig7 FROM tblaca009_p_int WHERE pensum='5' AND c_uni_ca='2' AND c_asigna='322436' [1][0] OK
C:[19/08/2013 12:05:50.93][172.16.4.247][1151] SELECT c_asigna FROM dace004 WHERE exp_e='10-24039070' AND c_asigna='320311' AND status IN ('0','3','B','C') [1][0] OK
C:[19/08/2013 12:05:50.93][172.16.4.247][1138] SELECT pre_cod_asig1,pre_cod_asig2,pre_cod_asig3,pre_cod_asig4,pre_cod_asig5,pre_cod_asig6,pre_cod_asig7 FROM tblaca009_p_int WHERE pensum='5' AND c_uni_ca='2' AND c_asigna='322550' [1][0] OK
C:[19/08/2013 12:05:50.93][172.16.4.247][1151] SELECT c_asigna FROM dace004 WHERE exp_e='10-24039070' AND c_asigna='322433' AND status IN ('0','3','B','C') [1][0] OK
C:[19/08/2013 12:05:50.68][172.16.4.247][1182] SELECT par_cod_asig1,par_cod_asig2,par_cod_asig3 FROM tblaca009_p_int WHERE pensum='5' AND c_uni_ca='2' AND c_asigna='300213' [1][0] OK
C:[19/08/2013 12:05:50.68][172.16.4.247][1182] SELECT par_cod_asig1,par_cod_asig2,par_cod_asig3 FROM tblaca009_p_int WHERE pensum='5' AND c_uni_ca='2' AND c_asigna='322436' [1][0] OK
C:[19/08/2013 12:05:50.68][172.16.4.247][1182] SELECT par_cod_asig1,par_cod_asig2,par_cod_asig3 FROM tblaca009_p_int WHERE pensum='5' AND c_uni_ca='2' AND c_asigna='322550' [1][0] OK
C:[19/08/2013 12:05:50.07][172.16.4.247][1312] SELECT horas_lab FROM tblaca008 WHERE c_asigna='300213' AND horas_teoricas > 0 [1][0] OK
C:[19/08/2013 12:05:50.07][172.16.4.247][1312] SELECT horas_lab FROM tblaca008 WHERE c_asigna='322436' AND horas_teoricas > 0 [1][0] OK
C:[19/08/2013 12:05:50.07][172.16.4.247][1312] SELECT horas_lab FROM tblaca008 WHERE c_asigna='322550' AND horas_teoricas > 0 [1][0] OK
C:[19/08/2013 12:05:56.63][190.199.92.188][1138] SELECT pre_cod_asig1,pre_cod_asig2,pre_cod_asig3,pre_cod_asig4,pre_cod_asig5,pre_cod_asig6,pre_cod_asig7 FROM tblaca009_p_int WHERE pensum='5' AND c_uni_ca='3' AND c_asigna='300313' [1][0] OK
C:[19/08/2013 12:05:56.63][190.199.92.188][1151] SELECT c_asigna FROM dace004 WHERE exp_e='11-25086811' AND c_asigna='300213' AND status IN ('0','3','B','C') [1][0] OK
C:[19/08/2013 12:05:56.63][190.199.92.188][1138] SELECT pre_cod_asig1,pre_cod_asig2,pre_cod_asig3,pre_cod_asig4,pre_cod_asig5,pre_cod_asig6,pre_cod_asig7 FROM tblaca009_p_int WHERE pensum='5' AND c_uni_ca='3' AND c_asigna='312333' [1][0] OK
C:[19/08/2013 12:05:56.63][190.199.92.188][1151] SELECT c_asigna FROM dace004 WHERE exp_e='11-25086811' AND c_asigna='300228' AND status IN ('0','3','B','C') [1][0] OK
C:[19/08/2013 12:05:56.70][190.199.92.188][1182] SELECT par_cod_asig1,par_cod_asig2,par_cod_asig3 FROM tblaca009_p_int WHERE pensum='5' AND c_uni_ca='3' AND c_asigna='300313' [1][0] OK
C:[19/08/2013 12:05:56.70][190.199.92.188][1182] SELECT par_cod_asig1,par_cod_asig2,par_cod_asig3 FROM tblaca009_p_int WHERE pensum='5' AND c_uni_ca='3' AND c_asigna='312333' [1][0] OK
C:[19/08/2013 12:05:56.96][190.199.92.188][1312] SELECT horas_lab FROM tblaca008 WHERE c_asigna='300313' AND horas_teoricas > 0 [1][0] OK
C:[19/08/2013 12:05:56.96][190.199.92.188][1312] SELECT horas_lab FROM tblaca008 WHERE c_asigna='312333' AND horas_teoricas > 0 [1][0] OK
C:[19/08/2013 12:06:48.97][186.90.113.103][1138] SELECT pre_cod_asig1,pre_cod_asig2,pre_cod_asig3,pre_cod_asig4,pre_cod_asig5,pre_cod_asig6,pre_cod_asig7 FROM tblaca009_p_int WHERE pensum='5' AND c_uni_ca='3' AND c_asigna='300313' [1][0] OK
C:[19/08/2013 12:06:48.97][186.90.113.103][1151] SELECT c_asigna FROM dace004 WHERE exp_e='08-20035471' AND c_asigna='300213' AND status IN ('0','3','B','C') [1][0] OK
C:[19/08/2013 12:06:48.97][186.90.113.103][1138] SELECT pre_cod_asig1,pre_cod_asig2,pre_cod_asig3,pre_cod_asig4,pre_cod_asig5,pre_cod_asig6,pre_cod_asig7 FROM tblaca009_p_int WHERE pensum='5' AND c_uni_ca='3' AND c_asigna='311551' [1][0] OK
C:[19/08/2013 12:06:48.97][186.90.113.103][1151] SELECT c_asigna FROM dace004 WHERE exp_e='08-20035471' AND c_asigna='311430' AND status IN ('0','3','B','C') [1][0] OK
C:[19/08/2013 12:06:48.03][186.90.113.103][1182] SELECT par_cod_asig1,par_cod_asig2,par_cod_asig3 FROM tblaca009_p_int WHERE pensum='5' AND c_uni_ca='3' AND c_asigna='300313' [1][0] OK
C:[19/08/2013 12:06:48.03][186.90.113.103][1182] SELECT par_cod_asig1,par_cod_asig2,par_cod_asig3 FROM tblaca009_p_int WHERE pensum='5' AND c_uni_ca='3' AND c_asigna='311551' [1][0] OK
C:[19/08/2013 12:06:48.29][186.90.113.103][1312] SELECT horas_lab FROM tblaca008 WHERE c_asigna='300313' AND horas_teoricas > 0 [1][0] OK
C:[19/08/2013 12:06:48.29][186.90.113.103][1312] SELECT horas_lab FROM tblaca008 WHERE c_asigna='311551' AND horas_teoricas > 0 [1][0] OK
C:[19/08/2013 12:07:07.14][172.16.4.254][1138] SELECT pre_cod_asig1,pre_cod_asig2,pre_cod_asig3,pre_cod_asig4,pre_cod_asig5,pre_cod_asig6,pre_cod_asig7 FROM tblaca009_p_int WHERE pensum='5' AND c_uni_ca='5' AND c_asigna='355722' [1][0] OK
C:[19/08/2013 12:07:07.14][172.16.4.254][1151] SELECT c_asigna FROM dace004 WHERE exp_e='07-20126180' AND c_asigna='355691' AND status IN ('0','3','B','C') [1][0] OK
C:[19/08/2013 12:07:07.14][172.16.4.254][1151] SELECT c_asigna FROM dace004 WHERE exp_e='07-20126180' AND c_asigna='355595' AND status IN ('0','3','B','C') [1][0] OK
C:[19/08/2013 12:07:07.07][172.16.4.254][1182] SELECT par_cod_asig1,par_cod_asig2,par_cod_asig3 FROM tblaca009_p_int WHERE pensum='5' AND c_uni_ca='5' AND c_asigna='355722' [1][0] OK
C:[19/08/2013 12:07:07.21][172.16.4.254][1312] SELECT horas_lab FROM tblaca008 WHERE c_asigna='355722' AND horas_teoricas > 0 [1][0] OK
C:[19/08/2013 12:07:11.66][190.201.161.127][1138] SELECT pre_cod_asig1,pre_cod_asig2,pre_cod_asig3,pre_cod_asig4,pre_cod_asig5,pre_cod_asig6,pre_cod_asig7 FROM tblaca009_p_int WHERE pensum='5' AND c_uni_ca='6' AND c_asigna='311561' [1][0] OK
C:[19/08/2013 12:07:11.66][190.201.161.127][1151] SELECT c_asigna FROM dace004 WHERE exp_e='03-18247505' AND c_asigna='300318' AND status IN ('0','3','B','C') [1][0] OK
C:[19/08/2013 12:07:11.91][190.201.161.127][1182] SELECT par_cod_asig1,par_cod_asig2,par_cod_asig3 FROM tblaca009_p_int WHERE pensum='5' AND c_uni_ca='6' AND c_asigna='311561' [1][0] OK
C:[19/08/2013 12:07:12.05][190.201.161.127][1312] SELECT horas_lab FROM tblaca008 WHERE c_asigna='311561' AND horas_teoricas > 0 [1][0] OK
C:[19/08/2013 12:07:29.70][186.89.216.93][1138] SELECT pre_cod_asig1,pre_cod_asig2,pre_cod_asig3,pre_cod_asig4,pre_cod_asig5,pre_cod_asig6,pre_cod_asig7 FROM tblaca009_p_int WHERE pensum='5' AND c_uni_ca='4' AND c_asigna='300207' [1][0] OK
C:[19/08/2013 12:07:29.70][186.89.216.93][1151] SELECT c_asigna FROM dace004 WHERE exp_e='12-22813044' AND c_asigna='300101' AND status IN ('0','3','B','C') [1][0] OK
C:[19/08/2013 12:07:29.70][186.89.216.93][1138] SELECT pre_cod_asig1,pre_cod_asig2,pre_cod_asig3,pre_cod_asig4,pre_cod_asig5,pre_cod_asig6,pre_cod_asig7 FROM tblaca009_p_int WHERE pensum='5' AND c_uni_ca='4' AND c_asigna='300209' [1][0] OK
C:[19/08/2013 12:07:29.70][186.89.216.93][1151] SELECT c_asigna FROM dace004 WHERE exp_e='12-22813044' AND c_asigna='300101' AND status IN ('0','3','B','C') [1][0] OK
C:[19/08/2013 12:07:29.76][186.89.216.93][1182] SELECT par_cod_asig1,par_cod_asig2,par_cod_asig3 FROM tblaca009_p_int WHERE pensum='5' AND c_uni_ca='4' AND c_asigna='300207' [1][0] OK
C:[19/08/2013 12:07:29.76][186.89.216.93][1182] SELECT par_cod_asig1,par_cod_asig2,par_cod_asig3 FROM tblaca009_p_int WHERE pensum='5' AND c_uni_ca='4' AND c_asigna='300209' [1][0] OK
C:[19/08/2013 12:07:29.02][186.89.216.93][1312] SELECT horas_lab FROM tblaca008 WHERE c_asigna='300207' AND horas_teoricas > 0 [1][0] OK
C:[19/08/2013 12:07:29.02][186.89.216.93][1312] SELECT horas_lab FROM tblaca008 WHERE c_asigna='300209' AND horas_teoricas > 0 [1][0] OK
C:[19/08/2013 12:07:55.17][190.199.92.188][1138] SELECT pre_cod_asig1,pre_cod_asig2,pre_cod_asig3,pre_cod_asig4,pre_cod_asig5,pre_cod_asig6,pre_cod_asig7 FROM tblaca009_p_int WHERE pensum='5' AND c_uni_ca='4' AND c_asigna='300213' [1][0] OK
C:[19/08/2013 12:07:55.17][190.199.92.188][1151] SELECT c_asigna FROM dace004 WHERE exp_e='10-20805593' AND c_asigna='300101' AND status IN ('0','3','B','C') [1][0] OK
C:[19/08/2013 12:07:55.17][190.199.92.188][1138] SELECT pre_cod_asig1,pre_cod_asig2,pre_cod_asig3,pre_cod_asig4,pre_cod_asig5,pre_cod_asig6,pre_cod_asig7 FROM tblaca009_p_int WHERE pensum='5' AND c_uni_ca='4' AND c_asigna='300317' [1][0] OK
C:[19/08/2013 12:07:55.17][190.199.92.188][1151] SELECT c_asigna FROM dace004 WHERE exp_e='10-20805593' AND c_asigna='300207' AND status IN ('0','3','B','C') [1][0] OK
C:[19/08/2013 12:07:55.17][190.199.92.188][1151] SELECT c_asigna FROM dace004 WHERE exp_e='10-20805593' AND c_asigna='300209' AND status IN ('0','3','B','C') [1][0] OK
C:[19/08/2013 12:07:55.36][190.199.92.188][1182] SELECT par_cod_asig1,par_cod_asig2,par_cod_asig3 FROM tblaca009_p_int WHERE pensum='5' AND c_uni_ca='4' AND c_asigna='300213' [1][0] OK
C:[19/08/2013 12:07:55.36][190.199.92.188][1182] SELECT par_cod_asig1,par_cod_asig2,par_cod_asig3 FROM tblaca009_p_int WHERE pensum='5' AND c_uni_ca='4' AND c_asigna='300317' [1][0] OK
C:[19/08/2013 12:07:55.63][190.199.92.188][1312] SELECT horas_lab FROM tblaca008 WHERE c_asigna='300213' AND horas_teoricas > 0 [1][0] OK
C:[19/08/2013 12:07:55.63][190.199.92.188][1312] SELECT horas_lab FROM tblaca008 WHERE c_asigna='300317' AND horas_teoricas > 0 [1][0] OK
C:[19/08/2013 12:08:45.61][190.199.92.188][1138] SELECT pre_cod_asig1,pre_cod_asig2,pre_cod_asig3,pre_cod_asig4,pre_cod_asig5,pre_cod_asig6,pre_cod_asig7 FROM tblaca009_p_int WHERE pensum='5' AND c_uni_ca='2' AND c_asigna='322826' [1][0] OK
C:[19/08/2013 12:08:45.61][190.199.92.188][1151] SELECT c_asigna FROM dace004 WHERE exp_e='10-20808567' AND c_asigna='322683' AND status IN ('0','3','B','C') [1][0] OK
C:[19/08/2013 12:08:45.42][190.199.92.188][1182] SELECT par_cod_asig1,par_cod_asig2,par_cod_asig3 FROM tblaca009_p_int WHERE pensum='5' AND c_uni_ca='2' AND c_asigna='322826' [1][0] OK
C:[19/08/2013 12:08:45.56][190.199.92.188][1312] SELECT horas_lab FROM tblaca008 WHERE c_asigna='322826' AND horas_teoricas > 0 [1][0] OK
C:[19/08/2013 12:08:50.78][190.198.249.124][1138] SELECT pre_cod_asig1,pre_cod_asig2,pre_cod_asig3,pre_cod_asig4,pre_cod_asig5,pre_cod_asig6,pre_cod_asig7 FROM tblaca009_p_int WHERE pensum='5' AND c_uni_ca='6' AND c_asigna='344689' [1][0] OK
C:[19/08/2013 12:08:50.78][190.198.249.124][1151] SELECT c_asigna FROM dace004 WHERE exp_e='09-20495480' AND c_asigna='300209' AND status IN ('0','3','B','C') [1][0] OK
C:[19/08/2013 12:08:50.04][190.198.249.124][1182] SELECT par_cod_asig1,par_cod_asig2,par_cod_asig3 FROM tblaca009_p_int WHERE pensum='5' AND c_uni_ca='6' AND c_asigna='344689' [1][0] OK
C:[19/08/2013 12:08:50.17][190.198.249.124][1312] SELECT horas_lab FROM tblaca008 WHERE c_asigna='344689' AND horas_teoricas > 0 [1][0] OK
C:[19/08/2013 12:09:16.43][186.25.33.46][1138] SELECT pre_cod_asig1,pre_cod_asig2,pre_cod_asig3,pre_cod_asig4,pre_cod_asig5,pre_cod_asig6,pre_cod_asig7 FROM tblaca009_p_int WHERE pensum='5' AND c_uni_ca='6' AND c_asigna='300207' [1][0] OK
C:[19/08/2013 12:09:16.43][186.25.33.46][1151] SELECT c_asigna FROM dace004 WHERE exp_e='12-25937967' AND c_asigna='300101' AND status IN ('0','3','B','C') [1][0] OK
C:[19/08/2013 12:09:16.43][186.25.33.46][1138] SELECT pre_cod_asig1,pre_cod_asig2,pre_cod_asig3,pre_cod_asig4,pre_cod_asig5,pre_cod_asig6,pre_cod_asig7 FROM tblaca009_p_int WHERE pensum='5' AND c_uni_ca='6' AND c_asigna='300209' [1][0] OK
C:[19/08/2013 12:09:16.43][186.25.33.46][1151] SELECT c_asigna FROM dace004 WHERE exp_e='12-25937967' AND c_asigna='300101' AND status IN ('0','3','B','C') [1][0] OK
C:[19/08/2013 12:09:16.49][186.25.33.46][1182] SELECT par_cod_asig1,par_cod_asig2,par_cod_asig3 FROM tblaca009_p_int WHERE pensum='5' AND c_uni_ca='6' AND c_asigna='300207' [1][0] OK
C:[19/08/2013 12:09:16.49][186.25.33.46][1182] SELECT par_cod_asig1,par_cod_asig2,par_cod_asig3 FROM tblaca009_p_int WHERE pensum='5' AND c_uni_ca='6' AND c_asigna='300209' [1][0] OK
C:[19/08/2013 12:09:16.75][186.25.33.46][1312] SELECT horas_lab FROM tblaca008 WHERE c_asigna='300207' AND horas_teoricas > 0 [1][0] OK
C:[19/08/2013 12:09:16.75][186.25.33.46][1312] SELECT horas_lab FROM tblaca008 WHERE c_asigna='300209' AND horas_teoricas > 0 [1][0] OK
C:[19/08/2013 12:09:35.43][190.78.107.228][1138] SELECT pre_cod_asig1,pre_cod_asig2,pre_cod_asig3,pre_cod_asig4,pre_cod_asig5,pre_cod_asig6,pre_cod_asig7 FROM tblaca009_p_int WHERE pensum='5' AND c_uni_ca='3' AND c_asigna='300209' [1][0] OK
C:[19/08/2013 12:09:35.43][190.78.107.228][1151] SELECT c_asigna FROM dace004 WHERE exp_e='12-24036986' AND c_asigna='300101' AND status IN ('0','3','B','C') [1][0] OK
C:[19/08/2013 12:09:35.43][190.78.107.228][1138] SELECT pre_cod_asig1,pre_cod_asig2,pre_cod_asig3,pre_cod_asig4,pre_cod_asig5,pre_cod_asig6,pre_cod_asig7 FROM tblaca009_p_int WHERE pensum='5' AND c_uni_ca='3' AND c_asigna='300228' [1][0] OK
C:[19/08/2013 12:09:35.43][190.78.107.228][1151] SELECT c_asigna FROM dace004 WHERE exp_e='12-24036986' AND c_asigna='300101' AND status IN ('0','3','B','C') [1][0] OK
C:[19/08/2013 12:09:36.49][190.78.107.228][1182] SELECT par_cod_asig1,par_cod_asig2,par_cod_asig3 FROM tblaca009_p_int WHERE pensum='5' AND c_uni_ca='3' AND c_asigna='300209' [1][0] OK
C:[19/08/2013 12:09:36.49][190.78.107.228][1182] SELECT par_cod_asig1,par_cod_asig2,par_cod_asig3 FROM tblaca009_p_int WHERE pensum='5' AND c_uni_ca='3' AND c_asigna='300228' [1][0] OK
C:[19/08/2013 12:09:36.76][190.78.107.228][1312] SELECT horas_lab FROM tblaca008 WHERE c_asigna='300209' AND horas_teoricas > 0 [1][0] OK
C:[19/08/2013 12:09:36.76][190.78.107.228][1312] SELECT horas_lab FROM tblaca008 WHERE c_asigna='300228' AND horas_teoricas > 0 [1][0] OK
C:[19/08/2013 12:09:49.74][190.206.83.101][1138] SELECT pre_cod_asig1,pre_cod_asig2,pre_cod_asig3,pre_cod_asig4,pre_cod_asig5,pre_cod_asig6,pre_cod_asig7 FROM tblaca009_p_int WHERE pensum='5' AND c_uni_ca='5' AND c_asigna='300313' [1][0] OK
C:[19/08/2013 12:09:49.74][190.206.83.101][1151] SELECT c_asigna FROM dace004 WHERE exp_e='08-19911532' AND c_asigna='300213' AND status IN ('0','3','B','C') [1][0] OK
C:[19/08/2013 12:09:49.74][190.206.83.101][1138] SELECT pre_cod_asig1,pre_cod_asig2,pre_cod_asig3,pre_cod_asig4,pre_cod_asig5,pre_cod_asig6,pre_cod_asig7 FROM tblaca009_p_int WHERE pensum='5' AND c_uni_ca='5' AND c_asigna='351330' [1][0] OK
C:[19/08/2013 12:09:49.74][190.206.83.101][1151] SELECT c_asigna FROM dace004 WHERE exp_e='08-19911532' AND c_asigna='300218' AND status IN ('0','3','B','C') [1][0] OK
C:[19/08/2013 12:09:49.25][190.206.83.101][1182] SELECT par_cod_asig1,par_cod_asig2,par_cod_asig3 FROM tblaca009_p_int WHERE pensum='5' AND c_uni_ca='5' AND c_asigna='300313' [1][0] OK
C:[19/08/2013 12:09:49.25][190.206.83.101][1182] SELECT par_cod_asig1,par_cod_asig2,par_cod_asig3 FROM tblaca009_p_int WHERE pensum='5' AND c_uni_ca='5' AND c_asigna='351330' [1][0] OK
C:[19/08/2013 12:09:49.25][190.206.83.101][1196] SELECT c_asigna FROM dace004 WHERE exp_e='08-19911532' AND c_asigna='300317' AND status IN ('0','3','B','C') [1][0] OK
C:[19/08/2013 12:09:49.63][190.206.83.101][1312] SELECT horas_lab FROM tblaca008 WHERE c_asigna='300313' AND horas_teoricas > 0 [1][0] OK
C:[19/08/2013 12:09:49.63][190.206.83.101][1312] SELECT horas_lab FROM tblaca008 WHERE c_asigna='351330' AND horas_teoricas > 0 [1][0] OK
C:[19/08/2013 12:10:22.84][190.206.244.23][1138] SELECT pre_cod_asig1,pre_cod_asig2,pre_cod_asig3,pre_cod_asig4,pre_cod_asig5,pre_cod_asig6,pre_cod_asig7 FROM tblaca009_p_int WHERE pensum='5' AND c_uni_ca='4' AND c_asigna='330310' [1][0] OK
C:[19/08/2013 12:10:22.84][190.206.244.23][1151] SELECT c_asigna FROM dace004 WHERE exp_e='11-21122297' AND c_asigna='300013' AND status IN ('0','3','B','C') [1][0] OK
C:[19/08/2013 12:10:22.84][190.206.244.23][1151] SELECT c_asigna FROM dace004 WHERE exp_e='11-21122297' AND c_asigna='300113' AND status IN ('0','3','B','C') [1][0] OK
C:[19/08/2013 12:10:22.84][190.206.244.23][1138] SELECT pre_cod_asig1,pre_cod_asig2,pre_cod_asig3,pre_cod_asig4,pre_cod_asig5,pre_cod_asig6,pre_cod_asig7 FROM tblaca009_p_int WHERE pensum='5' AND c_uni_ca='4' AND c_asigna='300428' [1][0] OK
C:[19/08/2013 12:10:22.84][190.206.244.23][1151] SELECT c_asigna FROM dace004 WHERE exp_e='11-21122297' AND c_asigna='300317' AND status IN ('0','3','B','C') [1][0] OK
C:[19/08/2013 12:10:22.03][190.206.244.23][1182] SELECT par_cod_asig1,par_cod_asig2,par_cod_asig3 FROM tblaca009_p_int WHERE pensum='5' AND c_uni_ca='4' AND c_asigna='330310' [1][0] OK
C:[19/08/2013 12:10:22.03][190.206.244.23][1182] SELECT par_cod_asig1,par_cod_asig2,par_cod_asig3 FROM tblaca009_p_int WHERE pensum='5' AND c_uni_ca='4' AND c_asigna='300428' [1][0] OK
C:[19/08/2013 12:10:23.36][190.206.244.23][1312] SELECT horas_lab FROM tblaca008 WHERE c_asigna='330310' AND horas_teoricas > 0 [1][0] OK
C:[19/08/2013 12:10:23.36][190.206.244.23][1312] SELECT horas_lab FROM tblaca008 WHERE c_asigna='300428' AND horas_teoricas > 0 [1][0] OK
C:[19/08/2013 12:10:41.20][186.90.113.103][1138] SELECT pre_cod_asig1,pre_cod_asig2,pre_cod_asig3,pre_cod_asig4,pre_cod_asig5,pre_cod_asig6,pre_cod_asig7 FROM tblaca009_p_int WHERE pensum='5' AND c_uni_ca='3' AND c_asigna='300313' [1][0] OK
C:[19/08/2013 12:10:41.20][186.90.113.103][1151] SELECT c_asigna FROM dace004 WHERE exp_e='08-20035471' AND c_asigna='300213' AND status IN ('0','3','B','C') [1][0] OK
C:[19/08/2013 12:10:41.20][186.90.113.103][1138] SELECT pre_cod_asig1,pre_cod_asig2,pre_cod_asig3,pre_cod_asig4,pre_cod_asig5,pre_cod_asig6,pre_cod_asig7 FROM tblaca009_p_int WHERE pensum='5' AND c_uni_ca='3' AND c_asigna='310548' [1][0] OK
C:[19/08/2013 12:10:41.20][186.90.113.103][1151] SELECT c_asigna FROM dace004 WHERE exp_e='08-20035471' AND c_asigna='300428' AND status IN ('0','3','B','C') [1][0] OK
C:[19/08/2013 12:10:41.20][186.90.113.103][1138] SELECT pre_cod_asig1,pre_cod_asig2,pre_cod_asig3,pre_cod_asig4,pre_cod_asig5,pre_cod_asig6,pre_cod_asig7 FROM tblaca009_p_int WHERE pensum='5' AND c_uni_ca='3' AND c_asigna='311551' [1][0] OK
C:[19/08/2013 12:10:41.20][186.90.113.103][1151] SELECT c_asigna FROM dace004 WHERE exp_e='08-20035471' AND c_asigna='311430' AND status IN ('0','3','B','C') [1][0] OK
C:[19/08/2013 12:10:41.51][186.90.113.103][1182] SELECT par_cod_asig1,par_cod_asig2,par_cod_asig3 FROM tblaca009_p_int WHERE pensum='5' AND c_uni_ca='3' AND c_asigna='300313' [1][0] OK
C:[19/08/2013 12:10:41.51][186.90.113.103][1182] SELECT par_cod_asig1,par_cod_asig2,par_cod_asig3 FROM tblaca009_p_int WHERE pensum='5' AND c_uni_ca='3' AND c_asigna='310548' [1][0] OK
C:[19/08/2013 12:10:41.51][186.90.113.103][1182] SELECT par_cod_asig1,par_cod_asig2,par_cod_asig3 FROM tblaca009_p_int WHERE pensum='5' AND c_uni_ca='3' AND c_asigna='311551' [1][0] OK
C:[19/08/2013 12:10:41.90][186.90.113.103][1312] SELECT horas_lab FROM tblaca008 WHERE c_asigna='300313' AND horas_teoricas > 0 [1][0] OK
C:[19/08/2013 12:10:41.90][186.90.113.103][1312] SELECT horas_lab FROM tblaca008 WHERE c_asigna='310548' AND horas_teoricas > 0 [1][0] OK
C:[19/08/2013 12:10:41.90][186.90.113.103][1312] SELECT horas_lab FROM tblaca008 WHERE c_asigna='311551' AND horas_teoricas > 0 [1][0] OK
C:[19/08/2013 12:10:45.01][190.199.92.188][1138] SELECT pre_cod_asig1,pre_cod_asig2,pre_cod_asig3,pre_cod_asig4,pre_cod_asig5,pre_cod_asig6,pre_cod_asig7 FROM tblaca009_p_int WHERE pensum='5' AND c_uni_ca='3' AND c_asigna='311822' [1][0] OK
C:[19/08/2013 12:10:45.01][190.199.92.188][1151] SELECT c_asigna FROM dace004 WHERE exp_e='08-18564107' AND c_asigna='311795' AND status IN ('0','3','B','C') [1][0] OK
C:[19/08/2013 12:10:45.01][190.199.92.188][1138] SELECT pre_cod_asig1,pre_cod_asig2,pre_cod_asig3,pre_cod_asig4,pre_cod_asig5,pre_cod_asig6,pre_cod_asig7 FROM tblaca009_p_int WHERE pensum='5' AND c_uni_ca='3' AND c_asigna='311823' [1][0] OK
C:[19/08/2013 12:10:45.01][190.199.92.188][1151] SELECT c_asigna FROM dace004 WHERE exp_e='08-18564107' AND c_asigna='311795' AND status IN ('0','3','B','C') [1][0] OK
C:[19/08/2013 12:10:45.51][190.199.92.188][1182] SELECT par_cod_asig1,par_cod_asig2,par_cod_asig3 FROM tblaca009_p_int WHERE pensum='5' AND c_uni_ca='3' AND c_asigna='311822' [1][0] OK
C:[19/08/2013 12:10:45.51][190.199.92.188][1182] SELECT par_cod_asig1,par_cod_asig2,par_cod_asig3 FROM tblaca009_p_int WHERE pensum='5' AND c_uni_ca='3' AND c_asigna='311823' [1][0] OK
C:[19/08/2013 12:10:45.78][190.199.92.188][1312] SELECT horas_lab FROM tblaca008 WHERE c_asigna='311822' AND horas_teoricas > 0 [1][0] OK
C:[19/08/2013 12:10:45.78][190.199.92.188][1312] SELECT horas_lab FROM tblaca008 WHERE c_asigna='311823' AND horas_teoricas > 0 [1][0] OK
C:[19/08/2013 12:11:28.50][172.16.4.247][1138] SELECT pre_cod_asig1,pre_cod_asig2,pre_cod_asig3,pre_cod_asig4,pre_cod_asig5,pre_cod_asig6,pre_cod_asig7 FROM tblaca009_p_int WHERE pensum='5' AND c_uni_ca='4' AND c_asigna='300313' [1][0] OK
C:[19/08/2013 12:11:28.50][172.16.4.247][1151] SELECT c_asigna FROM dace004 WHERE exp_e='10-23500944' AND c_asigna='300213' AND status IN ('0','3','B','C') [1][0] OK
C:[19/08/2013 12:11:28.50][172.16.4.247][1138] SELECT pre_cod_asig1,pre_cod_asig2,pre_cod_asig3,pre_cod_asig4,pre_cod_asig5,pre_cod_asig6,pre_cod_asig7 FROM tblaca009_p_int WHERE pensum='5' AND c_uni_ca='4' AND c_asigna='330310' [1][0] OK
C:[19/08/2013 12:11:28.50][172.16.4.247][1151] SELECT c_asigna FROM dace004 WHERE exp_e='10-23500944' AND c_asigna='300013' AND status IN ('0','3','B','C') [1][0] OK
C:[19/08/2013 12:11:28.50][172.16.4.247][1151] SELECT c_asigna FROM dace004 WHERE exp_e='10-23500944' AND c_asigna='300113' AND status IN ('0','3','B','C') [1][0] OK
C:[19/08/2013 12:11:28.71][172.16.4.247][1182] SELECT par_cod_asig1,par_cod_asig2,par_cod_asig3 FROM tblaca009_p_int WHERE pensum='5' AND c_uni_ca='4' AND c_asigna='300313' [1][0] OK
C:[19/08/2013 12:11:28.71][172.16.4.247][1182] SELECT par_cod_asig1,par_cod_asig2,par_cod_asig3 FROM tblaca009_p_int WHERE pensum='5' AND c_uni_ca='4' AND c_asigna='330310' [1][0] OK
C:[19/08/2013 12:11:28.96][172.16.4.247][1312] SELECT horas_lab FROM tblaca008 WHERE c_asigna='300313' AND horas_teoricas > 0 [1][0] OK
C:[19/08/2013 12:11:28.96][172.16.4.247][1312] SELECT horas_lab FROM tblaca008 WHERE c_asigna='330310' AND horas_teoricas > 0 [1][0] OK
C:[19/08/2013 12:11:29.54][200.90.101.19][1138] SELECT pre_cod_asig1,pre_cod_asig2,pre_cod_asig3,pre_cod_asig4,pre_cod_asig5,pre_cod_asig6,pre_cod_asig7 FROM tblaca009_p_int WHERE pensum='5' AND c_uni_ca='6' AND c_asigna='344688' [1][0] OK
C:[19/08/2013 12:11:29.54][200.90.101.19][1151] SELECT c_asigna FROM dace004 WHERE exp_e='04-18666568' AND c_asigna='344565' AND status IN ('0','3','B','C') [1][0] OK
C:[19/08/2013 12:11:29.79][200.90.101.19][1182] SELECT par_cod_asig1,par_cod_asig2,par_cod_asig3 FROM tblaca009_p_int WHERE pensum='5' AND c_uni_ca='6' AND c_asigna='344688' [1][0] OK
C:[19/08/2013 12:11:29.92][200.90.101.19][1312] SELECT horas_lab FROM tblaca008 WHERE c_asigna='344688' AND horas_teoricas > 0 [1][0] OK
C:[19/08/2013 12:11:54.93][190.78.110.115][1138] SELECT pre_cod_asig1,pre_cod_asig2,pre_cod_asig3,pre_cod_asig4,pre_cod_asig5,pre_cod_asig6,pre_cod_asig7 FROM tblaca009_p_int WHERE pensum='5' AND c_uni_ca='3' AND c_asigna='311430' [1][0] OK
C:[19/08/2013 12:11:54.93][190.78.110.115][1151] SELECT c_asigna FROM dace004 WHERE exp_e='08-20503487' AND c_asigna='300317' AND status IN ('0','3','B','C') [1][0] OK
C:[19/08/2013 12:11:54.93][190.78.110.115][1151] SELECT c_asigna FROM dace004 WHERE exp_e='08-20503487' AND c_asigna='300318' AND status IN ('0','3','B','C') [1][0] OK
C:[19/08/2013 12:11:54.88][190.78.110.115][1182] SELECT par_cod_asig1,par_cod_asig2,par_cod_asig3 FROM tblaca009_p_int WHERE pensum='5' AND c_uni_ca='3' AND c_asigna='311430' [1][0] OK
C:[19/08/2013 12:11:54.00][190.78.110.115][1312] SELECT horas_lab FROM tblaca008 WHERE c_asigna='311430' AND horas_teoricas > 0 [1][0] OK
C:[19/08/2013 12:12:21.25][190.38.212.183][1138] SELECT pre_cod_asig1,pre_cod_asig2,pre_cod_asig3,pre_cod_asig4,pre_cod_asig5,pre_cod_asig6,pre_cod_asig7 FROM tblaca009_p_int WHERE pensum='5' AND c_uni_ca='6' AND c_asigna='340327' [1][0] OK
C:[19/08/2013 12:12:21.25][190.38.212.183][1151] SELECT c_asigna FROM dace004 WHERE exp_e='07-19911995' AND c_asigna='300013' AND status IN ('0','3','B','C') [1][0] OK
C:[19/08/2013 12:12:21.25][190.38.212.183][1151] SELECT c_asigna FROM dace004 WHERE exp_e='07-19911995' AND c_asigna='300113' AND status IN ('0','3','B','C') [1][0] OK
C:[19/08/2013 12:12:21.25][190.38.212.183][1138] SELECT pre_cod_asig1,pre_cod_asig2,pre_cod_asig3,pre_cod_asig4,pre_cod_asig5,pre_cod_asig6,pre_cod_asig7 FROM tblaca009_p_int WHERE pensum='5' AND c_uni_ca='6' AND c_asigna='344565' [1][0] OK
C:[19/08/2013 12:12:21.25][190.38.212.183][1151] SELECT c_asigna FROM dace004 WHERE exp_e='07-19911995' AND c_asigna='344445' AND status IN ('0','3','B','C') [1][0] OK
C:[19/08/2013 12:12:21.57][190.38.212.183][1182] SELECT par_cod_asig1,par_cod_asig2,par_cod_asig3 FROM tblaca009_p_int WHERE pensum='5' AND c_uni_ca='6' AND c_asigna='340327' [1][0] OK
C:[19/08/2013 12:12:21.57][190.38.212.183][1182] SELECT par_cod_asig1,par_cod_asig2,par_cod_asig3 FROM tblaca009_p_int WHERE pensum='5' AND c_uni_ca='6' AND c_asigna='344565' [1][0] OK
C:[19/08/2013 12:12:21.84][190.38.212.183][1312] SELECT horas_lab FROM tblaca008 WHERE c_asigna='340327' AND horas_teoricas > 0 [1][0] OK
C:[19/08/2013 12:12:21.84][190.38.212.183][1312] SELECT horas_lab FROM tblaca008 WHERE c_asigna='344565' AND horas_teoricas > 0 [1][0] OK
C:[19/08/2013 12:12:32.37][186.89.158.245][1138] SELECT pre_cod_asig1,pre_cod_asig2,pre_cod_asig3,pre_cod_asig4,pre_cod_asig5,pre_cod_asig6,pre_cod_asig7 FROM tblaca009_p_int WHERE pensum='5' AND c_uni_ca='6' AND c_asigna='340327' [1][0] OK
C:[19/08/2013 12:12:32.37][186.89.158.245][1151] SELECT c_asigna FROM dace004 WHERE exp_e='08-22831294' AND c_asigna='300013' AND status IN ('0','3','B','C') [1][0] OK
C:[19/08/2013 12:12:32.37][186.89.158.245][1151] SELECT c_asigna FROM dace004 WHERE exp_e='08-22831294' AND c_asigna='300113' AND status IN ('0','3','B','C') [1][0] OK
C:[19/08/2013 12:12:32.37][186.89.158.245][1138] SELECT pre_cod_asig1,pre_cod_asig2,pre_cod_asig3,pre_cod_asig4,pre_cod_asig5,pre_cod_asig6,pre_cod_asig7 FROM tblaca009_p_int WHERE pensum='5' AND c_uni_ca='6' AND c_asigna='344565' [1][0] OK
C:[19/08/2013 12:12:32.37][186.89.158.245][1151] SELECT c_asigna FROM dace004 WHERE exp_e='08-22831294' AND c_asigna='344445' AND status IN ('0','3','B','C') [1][0] OK
C:[19/08/2013 12:12:32.99][186.89.158.245][1182] SELECT par_cod_asig1,par_cod_asig2,par_cod_asig3 FROM tblaca009_p_int WHERE pensum='5' AND c_uni_ca='6' AND c_asigna='340327' [1][0] OK
C:[19/08/2013 12:12:32.99][186.89.158.245][1182] SELECT par_cod_asig1,par_cod_asig2,par_cod_asig3 FROM tblaca009_p_int WHERE pensum='5' AND c_uni_ca='6' AND c_asigna='344565' [1][0] OK
C:[19/08/2013 12:12:32.26][186.89.158.245][1312] SELECT horas_lab FROM tblaca008 WHERE c_asigna='340327' AND horas_teoricas > 0 [1][0] OK
C:[19/08/2013 12:12:32.26][186.89.158.245][1312] SELECT horas_lab FROM tblaca008 WHERE c_asigna='344565' AND horas_teoricas > 0 [1][0] OK
C:[19/08/2013 12:12:33.86][190.199.92.188][1138] SELECT pre_cod_asig1,pre_cod_asig2,pre_cod_asig3,pre_cod_asig4,pre_cod_asig5,pre_cod_asig6,pre_cod_asig7 FROM tblaca009_p_int WHERE pensum='5' AND c_uni_ca='3' AND c_asigna='311554' [1][0] OK
C:[19/08/2013 12:12:33.86][190.199.92.188][1151] SELECT c_asigna FROM dace004 WHERE exp_e='07-20804222' AND c_asigna='300318' AND status IN ('0','3','B','C') [1][0] OK
C:[19/08/2013 12:12:33.07][190.199.92.188][1182] SELECT par_cod_asig1,par_cod_asig2,par_cod_asig3 FROM tblaca009_p_int WHERE pensum='5' AND c_uni_ca='3' AND c_asigna='311554' [1][0] OK
C:[19/08/2013 12:12:33.21][190.199.92.188][1312] SELECT horas_lab FROM tblaca008 WHERE c_asigna='311554' AND horas_teoricas > 0 [1][0] OK
C:[19/08/2013 12:12:37.68][181.185.136.237][1138] SELECT pre_cod_asig1,pre_cod_asig2,pre_cod_asig3,pre_cod_asig4,pre_cod_asig5,pre_cod_asig6,pre_cod_asig7 FROM tblaca009_p_int WHERE pensum='5' AND c_uni_ca='5' AND c_asigna='351330' [1][0] OK
C:[19/08/2013 12:12:37.68][181.185.136.237][1151] SELECT c_asigna FROM dace004 WHERE exp_e='10-20804763' AND c_asigna='300218' AND status IN ('0','3','B','C') [1][0] OK
C:[19/08/2013 12:12:37.68][181.185.136.237][1138] SELECT pre_cod_asig1,pre_cod_asig2,pre_cod_asig3,pre_cod_asig4,pre_cod_asig5,pre_cod_asig6,pre_cod_asig7 FROM tblaca009_p_int WHERE pensum='5' AND c_uni_ca='5' AND c_asigna='300428' [1][0] OK
C:[19/08/2013 12:12:37.68][181.185.136.237][1151] SELECT c_asigna FROM dace004 WHERE exp_e='10-20804763' AND c_asigna='300317' AND status IN ('0','3','B','C') [1][0] OK
C:[19/08/2013 12:12:37.16][181.185.136.237][1182] SELECT par_cod_asig1,par_cod_asig2,par_cod_asig3 FROM tblaca009_p_int WHERE pensum='5' AND c_uni_ca='5' AND c_asigna='351330' [1][0] OK
C:[19/08/2013 12:12:37.16][181.185.136.237][1196] SELECT c_asigna FROM dace004 WHERE exp_e='10-20804763' AND c_asigna='300317' AND status IN ('0','3','B','C') [1][0] OK
C:[19/08/2013 12:12:37.16][181.185.136.237][1182] SELECT par_cod_asig1,par_cod_asig2,par_cod_asig3 FROM tblaca009_p_int WHERE pensum='5' AND c_uni_ca='5' AND c_asigna='300428' [1][0] OK
C:[19/08/2013 12:12:37.56][181.185.136.237][1312] SELECT horas_lab FROM tblaca008 WHERE c_asigna='351330' AND horas_teoricas > 0 [1][0] OK
C:[19/08/2013 12:12:37.56][181.185.136.237][1312] SELECT horas_lab FROM tblaca008 WHERE c_asigna='300428' AND horas_teoricas > 0 [1][0] OK
C:[19/08/2013 12:12:51.47][186.88.132.174][1138] SELECT pre_cod_asig1,pre_cod_asig2,pre_cod_asig3,pre_cod_asig4,pre_cod_asig5,pre_cod_asig6,pre_cod_asig7 FROM tblaca009_p_int WHERE pensum='5' AND c_uni_ca='5' AND c_asigna='355692' [1][0] OK
C:[19/08/2013 12:12:51.47][186.88.132.174][1151] SELECT c_asigna FROM dace004 WHERE exp_e='02-17713074' AND c_asigna='355448' AND status IN ('0','3','B','C') [1][0] OK
C:[19/08/2013 12:12:51.47][186.88.132.174][1151] SELECT c_asigna FROM dace004 WHERE exp_e='02-17713074' AND c_asigna='355570' AND status IN ('0','3','B','C') [1][0] OK
C:[19/08/2013 12:12:51.47][186.88.132.174][1138] SELECT pre_cod_asig1,pre_cod_asig2,pre_cod_asig3,pre_cod_asig4,pre_cod_asig5,pre_cod_asig6,pre_cod_asig7 FROM tblaca009_p_int WHERE pensum='5' AND c_uni_ca='5' AND c_asigna='355722' [1][0] OK
C:[19/08/2013 12:12:51.47][186.88.132.174][1151] SELECT c_asigna FROM dace004 WHERE exp_e='02-17713074' AND c_asigna='355691' AND status IN ('0','3','B','C') [1][0] OK
C:[19/08/2013 12:12:51.47][186.88.132.174][1151] SELECT c_asigna FROM dace004 WHERE exp_e='02-17713074' AND c_asigna='355595' AND status IN ('0','3','B','C') [1][0] OK
C:[19/08/2013 12:12:52.78][186.88.132.174][1182] SELECT par_cod_asig1,par_cod_asig2,par_cod_asig3 FROM tblaca009_p_int WHERE pensum='5' AND c_uni_ca='5' AND c_asigna='355692' [1][0] OK
C:[19/08/2013 12:12:52.78][186.88.132.174][1182] SELECT par_cod_asig1,par_cod_asig2,par_cod_asig3 FROM tblaca009_p_int WHERE pensum='5' AND c_uni_ca='5' AND c_asigna='355722' [1][0] OK
C:[19/08/2013 12:12:52.05][186.88.132.174][1312] SELECT horas_lab FROM tblaca008 WHERE c_asigna='355692' AND horas_teoricas > 0 [1][0] OK
C:[19/08/2013 12:12:52.05][186.88.132.174][1312] SELECT horas_lab FROM tblaca008 WHERE c_asigna='355722' AND horas_teoricas > 0 [1][0] OK
C:[19/08/2013 12:14:00.93][190.199.92.188][1138] SELECT pre_cod_asig1,pre_cod_asig2,pre_cod_asig3,pre_cod_asig4,pre_cod_asig5,pre_cod_asig6,pre_cod_asig7 FROM tblaca009_p_int WHERE pensum='5' AND c_uni_ca='6' AND c_asigna='344689' [1][0] OK
C:[19/08/2013 12:14:00.93][190.199.92.188][1151] SELECT c_asigna FROM dace004 WHERE exp_e='10-20808566' AND c_asigna='300209' AND status IN ('0','3','B','C') [1][0] OK
C:[19/08/2013 12:14:00.74][190.199.92.188][1182] SELECT par_cod_asig1,par_cod_asig2,par_cod_asig3 FROM tblaca009_p_int WHERE pensum='5' AND c_uni_ca='6' AND c_asigna='344689' [1][0] OK
C:[19/08/2013 12:14:00.87][190.199.92.188][1312] SELECT horas_lab FROM tblaca008 WHERE c_asigna='344689' AND horas_teoricas > 0 [1][0] OK
C:[19/08/2013 12:14:09.99][200.82.180.211][1138] SELECT pre_cod_asig1,pre_cod_asig2,pre_cod_asig3,pre_cod_asig4,pre_cod_asig5,pre_cod_asig6,pre_cod_asig7 FROM tblaca009_p_int WHERE pensum='5' AND c_uni_ca='2' AND c_asigna='322559' [1][0] OK
C:[19/08/2013 12:14:09.99][200.82.180.211][1151] SELECT c_asigna FROM dace004 WHERE exp_e='08-20882746' AND c_asigna='300428' AND status IN ('0','3','B','C') [1][0] OK
C:[19/08/2013 12:14:09.99][200.82.180.211][1151] SELECT c_asigna FROM dace004 WHERE exp_e='08-20882746' AND c_asigna='322436' AND status IN ('0','3','B','C') [1][0] OK
C:[19/08/2013 12:14:09.99][200.82.180.211][1138] SELECT pre_cod_asig1,pre_cod_asig2,pre_cod_asig3,pre_cod_asig4,pre_cod_asig5,pre_cod_asig6,pre_cod_asig7 FROM tblaca009_p_int WHERE pensum='5' AND c_uni_ca='2' AND c_asigna='322826' [1][0] OK
C:[19/08/2013 12:14:09.99][200.82.180.211][1151] SELECT c_asigna FROM dace004 WHERE exp_e='08-20882746' AND c_asigna='322683' AND status IN ('0','3','B','C') [1][0] OK
C:[19/08/2013 12:14:09.99][200.82.180.211][1138] SELECT pre_cod_asig1,pre_cod_asig2,pre_cod_asig3,pre_cod_asig4,pre_cod_asig5,pre_cod_asig6,pre_cod_asig7 FROM tblaca009_p_int WHERE pensum='5' AND c_uni_ca='2' AND c_asigna='324862' [1][0] OK
C:[19/08/2013 12:14:09.74][200.82.180.211][1182] SELECT par_cod_asig1,par_cod_asig2,par_cod_asig3 FROM tblaca009_p_int WHERE pensum='5' AND c_uni_ca='2' AND c_asigna='322559' [1][0] OK
C:[19/08/2013 12:14:09.74][200.82.180.211][1182] SELECT par_cod_asig1,par_cod_asig2,par_cod_asig3 FROM tblaca009_p_int WHERE pensum='5' AND c_uni_ca='2' AND c_asigna='322826' [1][0] OK
C:[19/08/2013 12:14:09.74][200.82.180.211][1182] SELECT par_cod_asig1,par_cod_asig2,par_cod_asig3 FROM tblaca009_p_int WHERE pensum='5' AND c_uni_ca='2' AND c_asigna='324862' [1][0] OK
C:[19/08/2013 12:14:09.13][200.82.180.211][1312] SELECT horas_lab FROM tblaca008 WHERE c_asigna='322559' AND horas_teoricas > 0 [1][0] OK
C:[19/08/2013 12:14:09.13][200.82.180.211][1312] SELECT horas_lab FROM tblaca008 WHERE c_asigna='322826' AND horas_teoricas > 0 [1][0] OK
C:[19/08/2013 12:14:09.13][200.82.180.211][1312] SELECT horas_lab FROM tblaca008 WHERE c_asigna='324862' AND horas_teoricas > 0 [1][0] OK
C:[19/08/2013 12:14:14.25][172.16.4.247][1138] SELECT pre_cod_asig1,pre_cod_asig2,pre_cod_asig3,pre_cod_asig4,pre_cod_asig5,pre_cod_asig6,pre_cod_asig7 FROM tblaca009_p_int WHERE pensum='5' AND c_uni_ca='2' AND c_asigna='322702' [1][0] OK
C:[19/08/2013 12:14:14.25][172.16.4.247][1151] SELECT c_asigna FROM dace004 WHERE exp_e='08-20286750' AND c_asigna='322683' AND status IN ('0','3','B','C') [1][0] OK
C:[19/08/2013 12:14:14.25][172.16.4.247][1138] SELECT pre_cod_asig1,pre_cod_asig2,pre_cod_asig3,pre_cod_asig4,pre_cod_asig5,pre_cod_asig6,pre_cod_asig7 FROM tblaca009_p_int WHERE pensum='5' AND c_uni_ca='2' AND c_asigna='322826' [1][0] OK
C:[19/08/2013 12:14:14.25][172.16.4.247][1151] SELECT c_asigna FROM dace004 WHERE exp_e='08-20286750' AND c_asigna='322683' AND status IN ('0','3','B','C') [1][0] OK
C:[19/08/2013 12:14:14.75][172.16.4.247][1182] SELECT par_cod_asig1,par_cod_asig2,par_cod_asig3 FROM tblaca009_p_int WHERE pensum='5' AND c_uni_ca='2' AND c_asigna='322702' [1][0] OK
C:[19/08/2013 12:14:14.75][172.16.4.247][1182] SELECT par_cod_asig1,par_cod_asig2,par_cod_asig3 FROM tblaca009_p_int WHERE pensum='5' AND c_uni_ca='2' AND c_asigna='322826' [1][0] OK
C:[19/08/2013 12:14:14.01][172.16.4.247][1312] SELECT horas_lab FROM tblaca008 WHERE c_asigna='322702' AND horas_teoricas > 0 [1][0] OK
C:[19/08/2013 12:14:14.01][172.16.4.247][1312] SELECT horas_lab FROM tblaca008 WHERE c_asigna='322826' AND horas_teoricas > 0 [1][0] OK
C:[19/08/2013 12:14:55.95][186.89.158.245][1138] SELECT pre_cod_asig1,pre_cod_asig2,pre_cod_asig3,pre_cod_asig4,pre_cod_asig5,pre_cod_asig6,pre_cod_asig7 FROM tblaca009_p_int WHERE pensum='5' AND c_uni_ca='6' AND c_asigna='340327' [1][0] OK
C:[19/08/2013 12:14:55.95][186.89.158.245][1151] SELECT c_asigna FROM dace004 WHERE exp_e='08-22831294' AND c_asigna='300013' AND status IN ('0','3','B','C') [1][0] OK
C:[19/08/2013 12:14:55.95][186.89.158.245][1151] SELECT c_asigna FROM dace004 WHERE exp_e='08-22831294' AND c_asigna='300113' AND status IN ('0','3','B','C') [1][0] OK
C:[19/08/2013 12:14:55.95][186.89.158.245][1138] SELECT pre_cod_asig1,pre_cod_asig2,pre_cod_asig3,pre_cod_asig4,pre_cod_asig5,pre_cod_asig6,pre_cod_asig7 FROM tblaca009_p_int WHERE pensum='5' AND c_uni_ca='6' AND c_asigna='344565' [1][0] OK
C:[19/08/2013 12:14:55.95][186.89.158.245][1151] SELECT c_asigna FROM dace004 WHERE exp_e='08-22831294' AND c_asigna='344445' AND status IN ('0','3','B','C') [1][0] OK
C:[19/08/2013 12:14:56.14][186.89.158.245][1182] SELECT par_cod_asig1,par_cod_asig2,par_cod_asig3 FROM tblaca009_p_int WHERE pensum='5' AND c_uni_ca='6' AND c_asigna='340327' [1][0] OK
C:[19/08/2013 12:14:56.14][186.89.158.245][1182] SELECT par_cod_asig1,par_cod_asig2,par_cod_asig3 FROM tblaca009_p_int WHERE pensum='5' AND c_uni_ca='6' AND c_asigna='344565' [1][0] OK
C:[19/08/2013 12:14:56.40][186.89.158.245][1312] SELECT horas_lab FROM tblaca008 WHERE c_asigna='340327' AND horas_teoricas > 0 [1][0] OK
C:[19/08/2013 12:14:56.40][186.89.158.245][1312] SELECT horas_lab FROM tblaca008 WHERE c_asigna='344565' AND horas_teoricas > 0 [1][0] OK
C:[19/08/2013 12:15:01.63][96.44.157.123][1138] SELECT pre_cod_asig1,pre_cod_asig2,pre_cod_asig3,pre_cod_asig4,pre_cod_asig5,pre_cod_asig6,pre_cod_asig7 FROM tblaca009_p_int WHERE pensum='5' AND c_uni_ca='2' AND c_asigna='322801' [1][0] OK
C:[19/08/2013 12:15:01.63][96.44.157.123][1151] SELECT c_asigna FROM dace004 WHERE exp_e='09-19905577' AND c_asigna='322780' AND status IN ('0','3','B','C') [1][0] OK
C:[19/08/2013 12:15:01.63][96.44.157.123][1138] SELECT pre_cod_asig1,pre_cod_asig2,pre_cod_asig3,pre_cod_asig4,pre_cod_asig5,pre_cod_asig6,pre_cod_asig7 FROM tblaca009_p_int WHERE pensum='5' AND c_uni_ca='2' AND c_asigna='322826' [1][0] OK
C:[19/08/2013 12:15:01.63][96.44.157.123][1151] SELECT c_asigna FROM dace004 WHERE exp_e='09-19905577' AND c_asigna='322683' AND status IN ('0','3','B','C') [1][0] OK
C:[19/08/2013 12:15:01.13][96.44.157.123][1182] SELECT par_cod_asig1,par_cod_asig2,par_cod_asig3 FROM tblaca009_p_int WHERE pensum='5' AND c_uni_ca='2' AND c_asigna='322801' [1][0] OK
C:[19/08/2013 12:15:01.13][96.44.157.123][1182] SELECT par_cod_asig1,par_cod_asig2,par_cod_asig3 FROM tblaca009_p_int WHERE pensum='5' AND c_uni_ca='2' AND c_asigna='322826' [1][0] OK
C:[19/08/2013 12:15:01.41][96.44.157.123][1312] SELECT horas_lab FROM tblaca008 WHERE c_asigna='322801' AND horas_teoricas > 0 [1][0] OK
C:[19/08/2013 12:15:01.41][96.44.157.123][1312] SELECT horas_lab FROM tblaca008 WHERE c_asigna='322826' AND horas_teoricas > 0 [1][0] OK
C:[19/08/2013 12:15:04.02][190.206.60.118][1138] SELECT pre_cod_asig1,pre_cod_asig2,pre_cod_asig3,pre_cod_asig4,pre_cod_asig5,pre_cod_asig6,pre_cod_asig7 FROM tblaca009_p_int WHERE pensum='5' AND c_uni_ca='3' AND c_asigna='300207' [1][0] OK
C:[19/08/2013 12:15:04.02][190.206.60.118][1151] SELECT c_asigna FROM dace004 WHERE exp_e='12-21314879' AND c_asigna='300101' AND status IN ('0','3','B','C') [1][0] OK
C:[19/08/2013 12:15:04.02][190.206.60.118][1138] SELECT pre_cod_asig1,pre_cod_asig2,pre_cod_asig3,pre_cod_asig4,pre_cod_asig5,pre_cod_asig6,pre_cod_asig7 FROM tblaca009_p_int WHERE pensum='5' AND c_uni_ca='3' AND c_asigna='300213' [1][0] OK
C:[19/08/2013 12:15:04.02][190.206.60.118][1151] SELECT c_asigna FROM dace004 WHERE exp_e='12-21314879' AND c_asigna='300101' AND status IN ('0','3','B','C') [1][0] OK
C:[19/08/2013 12:15:04.52][190.206.60.118][1182] SELECT par_cod_asig1,par_cod_asig2,par_cod_asig3 FROM tblaca009_p_int WHERE pensum='5' AND c_uni_ca='3' AND c_asigna='300207' [1][0] OK
C:[19/08/2013 12:15:04.52][190.206.60.118][1182] SELECT par_cod_asig1,par_cod_asig2,par_cod_asig3 FROM tblaca009_p_int WHERE pensum='5' AND c_uni_ca='3' AND c_asigna='300213' [1][0] OK
C:[19/08/2013 12:15:04.78][190.206.60.118][1312] SELECT horas_lab FROM tblaca008 WHERE c_asigna='300207' AND horas_teoricas > 0 [1][0] OK
C:[19/08/2013 12:15:04.78][190.206.60.118][1312] SELECT horas_lab FROM tblaca008 WHERE c_asigna='300213' AND horas_teoricas > 0 [1][0] OK
C:[19/08/2013 12:15:14.93][190.199.92.188][1138] SELECT pre_cod_asig1,pre_cod_asig2,pre_cod_asig3,pre_cod_asig4,pre_cod_asig5,pre_cod_asig6,pre_cod_asig7 FROM tblaca009_p_int WHERE pensum='5' AND c_uni_ca='6' AND c_asigna='344689' [1][0] OK
C:[19/08/2013 12:15:14.93][190.199.92.188][1151] SELECT c_asigna FROM dace004 WHERE exp_e='07-19500099' AND c_asigna='300209' AND status IN ('0','3','B','C') [1][0] OK
C:[19/08/2013 12:15:14.74][190.199.92.188][1182] SELECT par_cod_asig1,par_cod_asig2,par_cod_asig3 FROM tblaca009_p_int WHERE pensum='5' AND c_uni_ca='6' AND c_asigna='344689' [1][0] OK
C:[19/08/2013 12:15:14.88][190.199.92.188][1312] SELECT horas_lab FROM tblaca008 WHERE c_asigna='344689' AND horas_teoricas > 0 [1][0] OK
C:[19/08/2013 12:16:24.00][200.109.201.131][1138] SELECT pre_cod_asig1,pre_cod_asig2,pre_cod_asig3,pre_cod_asig4,pre_cod_asig5,pre_cod_asig6,pre_cod_asig7 FROM tblaca009_p_int WHERE pensum='5' AND c_uni_ca='6' AND c_asigna='344566' [1][0] OK
C:[19/08/2013 12:16:24.00][200.109.201.131][1151] SELECT c_asigna FROM dace004 WHERE exp_e='08-23500701' AND c_asigna='344446' AND status IN ('0','3','B','C') [1][0] OK
C:[19/08/2013 12:16:24.00][200.109.201.131][1151] SELECT c_asigna FROM dace004 WHERE exp_e='08-23500701' AND c_asigna='300428' AND status IN ('0','3','B','C') [1][0] OK
C:[19/08/2013 12:16:24.00][200.109.201.131][1138] SELECT pre_cod_asig1,pre_cod_asig2,pre_cod_asig3,pre_cod_asig4,pre_cod_asig5,pre_cod_asig6,pre_cod_asig7 FROM tblaca009_p_int WHERE pensum='5' AND c_uni_ca='6' AND c_asigna='342679' [1][0] OK
C:[19/08/2013 12:16:24.00][200.109.201.131][1151] SELECT c_asigna FROM dace004 WHERE exp_e='08-23500701' AND c_asigna='342567' AND status IN ('0','3','B','C') [1][0] OK
C:[19/08/2013 12:16:24.00][200.109.201.131][1138] SELECT pre_cod_asig1,pre_cod_asig2,pre_cod_asig3,pre_cod_asig4,pre_cod_asig5,pre_cod_asig6,pre_cod_asig7 FROM tblaca009_p_int WHERE pensum='5' AND c_uni_ca='6' AND c_asigna='344689' [1][0] OK
C:[19/08/2013 12:16:24.00][200.109.201.131][1151] SELECT c_asigna FROM dace004 WHERE exp_e='08-23500701' AND c_asigna='300209' AND status IN ('0','3','B','C') [1][0] OK
C:[19/08/2013 12:16:25.43][200.109.201.131][1182] SELECT par_cod_asig1,par_cod_asig2,par_cod_asig3 FROM tblaca009_p_int WHERE pensum='5' AND c_uni_ca='6' AND c_asigna='344566' [1][0] OK
C:[19/08/2013 12:16:25.43][200.109.201.131][1182] SELECT par_cod_asig1,par_cod_asig2,par_cod_asig3 FROM tblaca009_p_int WHERE pensum='5' AND c_uni_ca='6' AND c_asigna='342679' [1][0] OK
C:[19/08/2013 12:16:25.43][200.109.201.131][1182] SELECT par_cod_asig1,par_cod_asig2,par_cod_asig3 FROM tblaca009_p_int WHERE pensum='5' AND c_uni_ca='6' AND c_asigna='344689' [1][0] OK
C:[19/08/2013 12:16:25.82][200.109.201.131][1312] SELECT horas_lab FROM tblaca008 WHERE c_asigna='344566' AND horas_teoricas > 0 [1][0] OK
C:[19/08/2013 12:16:25.82][200.109.201.131][1312] SELECT horas_lab FROM tblaca008 WHERE c_asigna='342679' AND horas_teoricas > 0 [1][0] OK
C:[19/08/2013 12:16:25.82][200.109.201.131][1312] SELECT horas_lab FROM tblaca008 WHERE c_asigna='344689' AND horas_teoricas > 0 [1][0] OK
C:[19/08/2013 12:16:43.94][190.206.63.108][1138] SELECT pre_cod_asig1,pre_cod_asig2,pre_cod_asig3,pre_cod_asig4,pre_cod_asig5,pre_cod_asig6,pre_cod_asig7 FROM tblaca009_p_int WHERE pensum='5' AND c_uni_ca='2' AND c_asigna='322904' [1][0] OK
C:[19/08/2013 12:16:43.94][190.206.63.108][1138] SELECT pre_cod_asig1,pre_cod_asig2,pre_cod_asig3,pre_cod_asig4,pre_cod_asig5,pre_cod_asig6,pre_cod_asig7 FROM tblaca009_p_int WHERE pensum='5' AND c_uni_ca='2' AND c_asigna='300890' [1][0] OK
C:[19/08/2013 12:16:43.94][190.206.63.108][1138] SELECT pre_cod_asig1,pre_cod_asig2,pre_cod_asig3,pre_cod_asig4,pre_cod_asig5,pre_cod_asig6,pre_cod_asig7 FROM tblaca009_p_int WHERE pensum='5' AND c_uni_ca='2' AND c_asigna='322041' [1][0] OK
C:[19/08/2013 12:16:43.88][190.206.63.108][1182] SELECT par_cod_asig1,par_cod_asig2,par_cod_asig3 FROM tblaca009_p_int WHERE pensum='5' AND c_uni_ca='2' AND c_asigna='322904' [1][0] OK
C:[19/08/2013 12:16:43.88][190.206.63.108][1182] SELECT par_cod_asig1,par_cod_asig2,par_cod_asig3 FROM tblaca009_p_int WHERE pensum='5' AND c_uni_ca='2' AND c_asigna='300890' [1][0] OK
C:[19/08/2013 12:16:43.88][190.206.63.108][1182] SELECT par_cod_asig1,par_cod_asig2,par_cod_asig3 FROM tblaca009_p_int WHERE pensum='5' AND c_uni_ca='2' AND c_asigna='322041' [1][0] OK
C:[19/08/2013 12:16:43.27][190.206.63.108][1312] SELECT horas_lab FROM tblaca008 WHERE c_asigna='322904' AND horas_teoricas > 0 [1][0] OK
C:[19/08/2013 12:16:43.27][190.206.63.108][1312] SELECT horas_lab FROM tblaca008 WHERE c_asigna='300890' AND horas_teoricas > 0 [1][0] OK
C:[19/08/2013 12:16:43.27][190.206.63.108][1312] SELECT horas_lab FROM tblaca008 WHERE c_asigna='322041' AND horas_teoricas > 0 [1][0] OK
C:[19/08/2013 12:16:54.86][190.199.92.188][1138] SELECT pre_cod_asig1,pre_cod_asig2,pre_cod_asig3,pre_cod_asig4,pre_cod_asig5,pre_cod_asig6,pre_cod_asig7 FROM tblaca009_p_int WHERE pensum='5' AND c_uni_ca='5' AND c_asigna='300207' [1][0] OK
C:[19/08/2013 12:16:54.86][190.199.92.188][1151] SELECT c_asigna FROM dace004 WHERE exp_e='10-20804283' AND c_asigna='300101' AND status IN ('0','3','B','C') [1][0] OK
C:[19/08/2013 12:16:54.86][190.199.92.188][1138] SELECT pre_cod_asig1,pre_cod_asig2,pre_cod_asig3,pre_cod_asig4,pre_cod_asig5,pre_cod_asig6,pre_cod_asig7 FROM tblaca009_p_int WHERE pensum='5' AND c_uni_ca='5' AND c_asigna='300213' [1][0] OK
C:[19/08/2013 12:16:54.86][190.199.92.188][1151] SELECT c_asigna FROM dace004 WHERE exp_e='10-20804283' AND c_asigna='300101' AND status IN ('0','3','B','C') [1][0] OK
C:[19/08/2013 12:16:54.92][190.199.92.188][1182] SELECT par_cod_asig1,par_cod_asig2,par_cod_asig3 FROM tblaca009_p_int WHERE pensum='5' AND c_uni_ca='5' AND c_asigna='300207' [1][0] OK
C:[19/08/2013 12:16:54.92][190.199.92.188][1182] SELECT par_cod_asig1,par_cod_asig2,par_cod_asig3 FROM tblaca009_p_int WHERE pensum='5' AND c_uni_ca='5' AND c_asigna='300213' [1][0] OK
C:[19/08/2013 12:16:54.18][190.199.92.188][1312] SELECT horas_lab FROM tblaca008 WHERE c_asigna='300207' AND horas_teoricas > 0 [1][0] OK
C:[19/08/2013 12:16:54.18][190.199.92.188][1312] SELECT horas_lab FROM tblaca008 WHERE c_asigna='300213' AND horas_teoricas > 0 [1][0] OK
C:[19/08/2013 12:16:57.55][190.38.212.183][1138] SELECT pre_cod_asig1,pre_cod_asig2,pre_cod_asig3,pre_cod_asig4,pre_cod_asig5,pre_cod_asig6,pre_cod_asig7 FROM tblaca009_p_int WHERE pensum='5' AND c_uni_ca='6' AND c_asigna='340327' [1][0] OK
C:[19/08/2013 12:16:57.55][190.38.212.183][1151] SELECT c_asigna FROM dace004 WHERE exp_e='07-19911995' AND c_asigna='300013' AND status IN ('0','3','B','C') [1][0] OK
C:[19/08/2013 12:16:57.55][190.38.212.183][1151] SELECT c_asigna FROM dace004 WHERE exp_e='07-19911995' AND c_asigna='300113' AND status IN ('0','3','B','C') [1][0] OK
C:[19/08/2013 12:16:57.91][190.38.212.183][1182] SELECT par_cod_asig1,par_cod_asig2,par_cod_asig3 FROM tblaca009_p_int WHERE pensum='5' AND c_uni_ca='6' AND c_asigna='340327' [1][0] OK
C:[19/08/2013 12:16:57.05][190.38.212.183][1312] SELECT horas_lab FROM tblaca008 WHERE c_asigna='340327' AND horas_teoricas > 0 [1][0] OK
C:[19/08/2013 12:17:02.05][190.199.92.188][1138] SELECT pre_cod_asig1,pre_cod_asig2,pre_cod_asig3,pre_cod_asig4,pre_cod_asig5,pre_cod_asig6,pre_cod_asig7 FROM tblaca009_p_int WHERE pensum='5' AND c_uni_ca='3' AND c_asigna='300317' [1][0] OK
C:[19/08/2013 12:17:02.05][190.199.92.188][1151] SELECT c_asigna FROM dace004 WHERE exp_e='09-21261813' AND c_asigna='300207' AND status IN ('0','3','B','C') [1][0] OK
C:[19/08/2013 12:17:02.05][190.199.92.188][1151] SELECT c_asigna FROM dace004 WHERE exp_e='09-21261813' AND c_asigna='300209' AND status IN ('0','3','B','C') [1][0] OK
C:[19/08/2013 12:17:02.05][190.199.92.188][1138] SELECT pre_cod_asig1,pre_cod_asig2,pre_cod_asig3,pre_cod_asig4,pre_cod_asig5,pre_cod_asig6,pre_cod_asig7 FROM tblaca009_p_int WHERE pensum='5' AND c_uni_ca='3' AND c_asigna='312333' [1][0] OK
C:[19/08/2013 12:17:02.05][190.199.92.188][1151] SELECT c_asigna FROM dace004 WHERE exp_e='09-21261813' AND c_asigna='300228' AND status IN ('0','3','B','C') [1][0] OK
C:[19/08/2013 12:17:02.68][190.199.92.188][1182] SELECT par_cod_asig1,par_cod_asig2,par_cod_asig3 FROM tblaca009_p_int WHERE pensum='5' AND c_uni_ca='3' AND c_asigna='300317' [1][0] OK
C:[19/08/2013 12:17:02.68][190.199.92.188][1182] SELECT par_cod_asig1,par_cod_asig2,par_cod_asig3 FROM tblaca009_p_int WHERE pensum='5' AND c_uni_ca='3' AND c_asigna='312333' [1][0] OK
C:[19/08/2013 12:17:02.94][190.199.92.188][1312] SELECT horas_lab FROM tblaca008 WHERE c_asigna='300317' AND horas_teoricas > 0 [1][0] OK
C:[19/08/2013 12:17:02.94][190.199.92.188][1312] SELECT horas_lab FROM tblaca008 WHERE c_asigna='312333' AND horas_teoricas > 0 [1][0] OK
C:[19/08/2013 12:17:39.61][190.201.161.127][1138] SELECT pre_cod_asig1,pre_cod_asig2,pre_cod_asig3,pre_cod_asig4,pre_cod_asig5,pre_cod_asig6,pre_cod_asig7 FROM tblaca009_p_int WHERE pensum='5' AND c_uni_ca='6' AND c_asigna='300222' [1][0] OK
C:[19/08/2013 12:17:39.61][190.201.161.127][1151] SELECT c_asigna FROM dace004 WHERE exp_e='03-17746329' AND c_asigna='300112' AND status IN ('0','3','B','C') [1][0] OK
C:[19/08/2013 12:17:39.61][190.201.161.127][1138] SELECT pre_cod_asig1,pre_cod_asig2,pre_cod_asig3,pre_cod_asig4,pre_cod_asig5,pre_cod_asig6,pre_cod_asig7 FROM tblaca009_p_int WHERE pensum='5' AND c_uni_ca='6' AND c_asigna='300956' [1][0] OK
C:[19/08/2013 12:17:39.61][190.201.161.127][1151] SELECT c_asigna FROM dace004 WHERE exp_e='03-17746329' AND c_asigna='300422' AND status IN ('0','3','B','C') [1][0] OK
C:[19/08/2013 12:17:39.62][190.201.161.127][1182] SELECT par_cod_asig1,par_cod_asig2,par_cod_asig3 FROM tblaca009_p_int WHERE pensum='5' AND c_uni_ca='6' AND c_asigna='300222' [1][0] OK
C:[19/08/2013 12:17:39.62][190.201.161.127][1182] SELECT par_cod_asig1,par_cod_asig2,par_cod_asig3 FROM tblaca009_p_int WHERE pensum='5' AND c_uni_ca='6' AND c_asigna='300956' [1][0] OK
C:[19/08/2013 12:17:39.88][190.201.161.127][1312] SELECT horas_lab FROM tblaca008 WHERE c_asigna='300222' AND horas_teoricas > 0 [1][0] OK
C:[19/08/2013 12:17:39.88][190.201.161.127][1312] SELECT horas_lab FROM tblaca008 WHERE c_asigna='300956' AND horas_teoricas > 0 [1][0] OK
C:[19/08/2013 12:17:44.09][186.25.33.46][1138] SELECT pre_cod_asig1,pre_cod_asig2,pre_cod_asig3,pre_cod_asig4,pre_cod_asig5,pre_cod_asig6,pre_cod_asig7 FROM tblaca009_p_int WHERE pensum='5' AND c_uni_ca='2' AND c_asigna='300207' [1][0] OK
C:[19/08/2013 12:17:44.09][186.25.33.46][1151] SELECT c_asigna FROM dace004 WHERE exp_e='12-22820605' AND c_asigna='300101' AND status IN ('0','3','B','C') [1][0] OK
C:[19/08/2013 12:17:44.09][186.25.33.46][1138] SELECT pre_cod_asig1,pre_cod_asig2,pre_cod_asig3,pre_cod_asig4,pre_cod_asig5,pre_cod_asig6,pre_cod_asig7 FROM tblaca009_p_int WHERE pensum='5' AND c_uni_ca='2' AND c_asigna='300209' [1][0] OK
C:[19/08/2013 12:17:44.09][186.25.33.46][1151] SELECT c_asigna FROM dace004 WHERE exp_e='12-22820605' AND c_asigna='300101' AND status IN ('0','3','B','C') [1][0] OK
C:[19/08/2013 12:17:44.59][186.25.33.46][1182] SELECT par_cod_asig1,par_cod_asig2,par_cod_asig3 FROM tblaca009_p_int WHERE pensum='5' AND c_uni_ca='2' AND c_asigna='300207' [1][0] OK
C:[19/08/2013 12:17:44.59][186.25.33.46][1182] SELECT par_cod_asig1,par_cod_asig2,par_cod_asig3 FROM tblaca009_p_int WHERE pensum='5' AND c_uni_ca='2' AND c_asigna='300209' [1][0] OK
C:[19/08/2013 12:17:44.09][186.25.33.46][1312] SELECT horas_lab FROM tblaca008 WHERE c_asigna='300207' AND horas_teoricas > 0 [1][0] OK
C:[19/08/2013 12:17:44.09][186.25.33.46][1312] SELECT horas_lab FROM tblaca008 WHERE c_asigna='300209' AND horas_teoricas > 0 [1][0] OK
C:[19/08/2013 12:18:13.98][190.199.92.188][1138] SELECT pre_cod_asig1,pre_cod_asig2,pre_cod_asig3,pre_cod_asig4,pre_cod_asig5,pre_cod_asig6,pre_cod_asig7 FROM tblaca009_p_int WHERE pensum='5' AND c_uni_ca='4' AND c_asigna='300317' [1][0] OK
C:[19/08/2013 12:18:13.98][190.199.92.188][1151] SELECT c_asigna FROM dace004 WHERE exp_e='08-21007249' AND c_asigna='300207' AND status IN ('0','3','B','C') [1][0] OK
C:[19/08/2013 12:18:13.98][190.199.92.188][1151] SELECT c_asigna FROM dace004 WHERE exp_e='08-21007249' AND c_asigna='300209' AND status IN ('0','3','B','C') [1][0] OK
C:[19/08/2013 12:18:13.91][190.199.92.188][1182] SELECT par_cod_asig1,par_cod_asig2,par_cod_asig3 FROM tblaca009_p_int WHERE pensum='5' AND c_uni_ca='4' AND c_asigna='300317' [1][0] OK
C:[19/08/2013 12:18:13.04][190.199.92.188][1312] SELECT horas_lab FROM tblaca008 WHERE c_asigna='300317' AND horas_teoricas > 0 [1][0] OK
C:[19/08/2013 12:18:30.38][200.84.73.31][1138] SELECT pre_cod_asig1,pre_cod_asig2,pre_cod_asig3,pre_cod_asig4,pre_cod_asig5,pre_cod_asig6,pre_cod_asig7 FROM tblaca009_p_int WHERE pensum='5' AND c_uni_ca='3' AND c_asigna='311673' [1][0] OK
C:[19/08/2013 12:18:30.38][200.84.73.31][1151] SELECT c_asigna FROM dace004 WHERE exp_e='09-22616482' AND c_asigna='311551' AND status IN ('0','3','B','C') [1][0] OK
C:[19/08/2013 12:18:30.38][200.84.73.31][1138] SELECT pre_cod_asig1,pre_cod_asig2,pre_cod_asig3,pre_cod_asig4,pre_cod_asig5,pre_cod_asig6,pre_cod_asig7 FROM tblaca009_p_int WHERE pensum='5' AND c_uni_ca='3' AND c_asigna='311795' [1][0] OK
C:[19/08/2013 12:18:30.38][200.84.73.31][1151] SELECT c_asigna FROM dace004 WHERE exp_e='09-22616482' AND c_asigna='311674' AND status IN ('0','3','B','C') [1][0] OK
C:[19/08/2013 12:18:30.44][200.84.73.31][1182] SELECT par_cod_asig1,par_cod_asig2,par_cod_asig3 FROM tblaca009_p_int WHERE pensum='5' AND c_uni_ca='3' AND c_asigna='311673' [1][0] OK
C:[19/08/2013 12:18:30.44][200.84.73.31][1182] SELECT par_cod_asig1,par_cod_asig2,par_cod_asig3 FROM tblaca009_p_int WHERE pensum='5' AND c_uni_ca='3' AND c_asigna='311795' [1][0] OK
C:[19/08/2013 12:18:30.70][200.84.73.31][1312] SELECT horas_lab FROM tblaca008 WHERE c_asigna='311673' AND horas_teoricas > 0 [1][0] OK
C:[19/08/2013 12:18:30.70][200.84.73.31][1312] SELECT horas_lab FROM tblaca008 WHERE c_asigna='311795' AND horas_teoricas > 0 [1][0] OK
C:[19/08/2013 12:18:34.39][186.89.158.245][1138] SELECT pre_cod_asig1,pre_cod_asig2,pre_cod_asig3,pre_cod_asig4,pre_cod_asig5,pre_cod_asig6,pre_cod_asig7 FROM tblaca009_p_int WHERE pensum='5' AND c_uni_ca='6' AND c_asigna='340327' [1][0] OK
C:[19/08/2013 12:18:34.39][186.89.158.245][1151] SELECT c_asigna FROM dace004 WHERE exp_e='08-22831294' AND c_asigna='300013' AND status IN ('0','3','B','C') [1][0] OK
C:[19/08/2013 12:18:34.39][186.89.158.245][1151] SELECT c_asigna FROM dace004 WHERE exp_e='08-22831294' AND c_asigna='300113' AND status IN ('0','3','B','C') [1][0] OK
C:[19/08/2013 12:18:34.39][186.89.158.245][1138] SELECT pre_cod_asig1,pre_cod_asig2,pre_cod_asig3,pre_cod_asig4,pre_cod_asig5,pre_cod_asig6,pre_cod_asig7 FROM tblaca009_p_int WHERE pensum='5' AND c_uni_ca='6' AND c_asigna='344565' [1][0] OK
C:[19/08/2013 12:18:34.39][186.89.158.245][1151] SELECT c_asigna FROM dace004 WHERE exp_e='08-22831294' AND c_asigna='344445' AND status IN ('0','3','B','C') [1][0] OK
C:[19/08/2013 12:18:34.03][186.89.158.245][1182] SELECT par_cod_asig1,par_cod_asig2,par_cod_asig3 FROM tblaca009_p_int WHERE pensum='5' AND c_uni_ca='6' AND c_asigna='340327' [1][0] OK
C:[19/08/2013 12:18:34.03][186.89.158.245][1182] SELECT par_cod_asig1,par_cod_asig2,par_cod_asig3 FROM tblaca009_p_int WHERE pensum='5' AND c_uni_ca='6' AND c_asigna='344565' [1][0] OK
C:[19/08/2013 12:18:35.28][186.89.158.245][1312] SELECT horas_lab FROM tblaca008 WHERE c_asigna='340327' AND horas_teoricas > 0 [1][0] OK
C:[19/08/2013 12:18:35.28][186.89.158.245][1312] SELECT horas_lab FROM tblaca008 WHERE c_asigna='344565' AND horas_teoricas > 0 [1][0] OK
C:[19/08/2013 12:18:39.37][190.78.106.187][1138] SELECT pre_cod_asig1,pre_cod_asig2,pre_cod_asig3,pre_cod_asig4,pre_cod_asig5,pre_cod_asig6,pre_cod_asig7 FROM tblaca009_p_int WHERE pensum='5' AND c_uni_ca='5' AND c_asigna='300676' [1][0] OK
C:[19/08/2013 12:18:39.37][190.78.106.187][1138] SELECT pre_cod_asig1,pre_cod_asig2,pre_cod_asig3,pre_cod_asig4,pre_cod_asig5,pre_cod_asig6,pre_cod_asig7 FROM tblaca009_p_int WHERE pensum='5' AND c_uni_ca='5' AND c_asigna='355874' [1][0] OK
C:[19/08/2013 12:18:39.37][190.78.106.187][1151] SELECT c_asigna FROM dace004 WHERE exp_e='09-20804323' AND c_asigna='355448' AND status IN ('0','3','B','C') [1][0] OK
C:[19/08/2013 12:18:40.74][190.78.106.187][1182] SELECT par_cod_asig1,par_cod_asig2,par_cod_asig3 FROM tblaca009_p_int WHERE pensum='5' AND c_uni_ca='5' AND c_asigna='300676' [1][0] OK
C:[19/08/2013 12:18:40.74][190.78.106.187][1182] SELECT par_cod_asig1,par_cod_asig2,par_cod_asig3 FROM tblaca009_p_int WHERE pensum='5' AND c_uni_ca='5' AND c_asigna='355874' [1][0] OK
C:[19/08/2013 12:18:40.00][190.78.106.187][1312] SELECT horas_lab FROM tblaca008 WHERE c_asigna='300676' AND horas_teoricas > 0 [1][0] OK
C:[19/08/2013 12:18:40.00][190.78.106.187][1312] SELECT horas_lab FROM tblaca008 WHERE c_asigna='355874' AND horas_teoricas > 0 [1][0] OK
C:[19/08/2013 12:19:28.50][190.79.9.229][1138] SELECT pre_cod_asig1,pre_cod_asig2,pre_cod_asig3,pre_cod_asig4,pre_cod_asig5,pre_cod_asig6,pre_cod_asig7 FROM tblaca009_p_int WHERE pensum='5' AND c_uni_ca='6' AND c_asigna='300112' [1][0] OK
C:[19/08/2013 12:19:28.50][190.79.9.229][1138] SELECT pre_cod_asig1,pre_cod_asig2,pre_cod_asig3,pre_cod_asig4,pre_cod_asig5,pre_cod_asig6,pre_cod_asig7 FROM tblaca009_p_int WHERE pensum='5' AND c_uni_ca='6' AND c_asigna='300116' [1][0] OK
C:[19/08/2013 12:19:28.32][190.79.9.229][1182] SELECT par_cod_asig1,par_cod_asig2,par_cod_asig3 FROM tblaca009_p_int WHERE pensum='5' AND c_uni_ca='6' AND c_asigna='300112' [1][0] OK
C:[19/08/2013 12:19:28.32][190.79.9.229][1182] SELECT par_cod_asig1,par_cod_asig2,par_cod_asig3 FROM tblaca009_p_int WHERE pensum='5' AND c_uni_ca='6' AND c_asigna='300116' [1][0] OK
C:[19/08/2013 12:19:29.57][190.79.9.229][1312] SELECT horas_lab FROM tblaca008 WHERE c_asigna='300112' AND horas_teoricas > 0 [1][0] OK
C:[19/08/2013 12:19:29.57][190.79.9.229][1312] SELECT horas_lab FROM tblaca008 WHERE c_asigna='300116' AND horas_teoricas > 0 [1][0] OK
C:[19/08/2013 12:20:04.90][190.200.52.216][1138] SELECT pre_cod_asig1,pre_cod_asig2,pre_cod_asig3,pre_cod_asig4,pre_cod_asig5,pre_cod_asig6,pre_cod_asig7 FROM tblaca009_p_int WHERE pensum='5' AND c_uni_ca='4' AND c_asigna='300207' [1][0] OK
C:[19/08/2013 12:20:04.90][190.200.52.216][1151] SELECT c_asigna FROM dace004 WHERE exp_e='10-18569066' AND c_asigna='300101' AND status IN ('0','3','B','C') [1][0] OK
C:[19/08/2013 12:20:04.90][190.200.52.216][1138] SELECT pre_cod_asig1,pre_cod_asig2,pre_cod_asig3,pre_cod_asig4,pre_cod_asig5,pre_cod_asig6,pre_cod_asig7 FROM tblaca009_p_int WHERE pensum='5' AND c_uni_ca='4' AND c_asigna='300222' [1][0] OK
C:[19/08/2013 12:20:04.90][190.200.52.216][1151] SELECT c_asigna FROM dace004 WHERE exp_e='10-18569066' AND c_asigna='300112' AND status IN ('0','3','B','C') [1][0] OK
C:[19/08/2013 12:20:04.90][190.200.52.216][1138] SELECT pre_cod_asig1,pre_cod_asig2,pre_cod_asig3,pre_cod_asig4,pre_cod_asig5,pre_cod_asig6,pre_cod_asig7 FROM tblaca009_p_int WHERE pensum='5' AND c_uni_ca='4' AND c_asigna='300228' [1][0] OK
C:[19/08/2013 12:20:04.90][190.200.52.216][1151] SELECT c_asigna FROM dace004 WHERE exp_e='10-18569066' AND c_asigna='300101' AND status IN ('0','3','B','C') [1][0] OK
C:[19/08/2013 12:20:04.21][190.200.52.216][1182] SELECT par_cod_asig1,par_cod_asig2,par_cod_asig3 FROM tblaca009_p_int WHERE pensum='5' AND c_uni_ca='4' AND c_asigna='300207' [1][0] OK
C:[19/08/2013 12:20:04.21][190.200.52.216][1182] SELECT par_cod_asig1,par_cod_asig2,par_cod_asig3 FROM tblaca009_p_int WHERE pensum='5' AND c_uni_ca='4' AND c_asigna='300222' [1][0] OK
C:[19/08/2013 12:20:04.21][190.200.52.216][1182] SELECT par_cod_asig1,par_cod_asig2,par_cod_asig3 FROM tblaca009_p_int WHERE pensum='5' AND c_uni_ca='4' AND c_asigna='300228' [1][0] OK
C:[19/08/2013 12:20:04.60][190.200.52.216][1312] SELECT horas_lab FROM tblaca008 WHERE c_asigna='300207' AND horas_teoricas > 0 [1][0] OK
C:[19/08/2013 12:20:04.60][190.200.52.216][1312] SELECT horas_lab FROM tblaca008 WHERE c_asigna='300222' AND horas_teoricas > 0 [1][0] OK
C:[19/08/2013 12:20:04.60][190.200.52.216][1312] SELECT horas_lab FROM tblaca008 WHERE c_asigna='300228' AND horas_teoricas > 0 [1][0] OK
C:[19/08/2013 12:20:13.22][190.206.83.101][1138] SELECT pre_cod_asig1,pre_cod_asig2,pre_cod_asig3,pre_cod_asig4,pre_cod_asig5,pre_cod_asig6,pre_cod_asig7 FROM tblaca009_p_int WHERE pensum='5' AND c_uni_ca='5' AND c_asigna='300313' [1][0] OK
C:[19/08/2013 12:20:13.22][190.206.83.101][1151] SELECT c_asigna FROM dace004 WHERE exp_e='08-19911532' AND c_asigna='300213' AND status IN ('0','3','B','C') [1][0] OK
C:[19/08/2013 12:20:13.22][190.206.83.101][1138] SELECT pre_cod_asig1,pre_cod_asig2,pre_cod_asig3,pre_cod_asig4,pre_cod_asig5,pre_cod_asig6,pre_cod_asig7 FROM tblaca009_p_int WHERE pensum='5' AND c_uni_ca='5' AND c_asigna='351330' [1][0] OK
C:[19/08/2013 12:20:13.22][190.206.83.101][1151] SELECT c_asigna FROM dace004 WHERE exp_e='08-19911532' AND c_asigna='300218' AND status IN ('0','3','B','C') [1][0] OK
C:[19/08/2013 12:20:13.72][190.206.83.101][1182] SELECT par_cod_asig1,par_cod_asig2,par_cod_asig3 FROM tblaca009_p_int WHERE pensum='5' AND c_uni_ca='5' AND c_asigna='300313' [1][0] OK
C:[19/08/2013 12:20:13.72][190.206.83.101][1182] SELECT par_cod_asig1,par_cod_asig2,par_cod_asig3 FROM tblaca009_p_int WHERE pensum='5' AND c_uni_ca='5' AND c_asigna='351330' [1][0] OK
C:[19/08/2013 12:20:13.72][190.206.83.101][1196] SELECT c_asigna FROM dace004 WHERE exp_e='08-19911532' AND c_asigna='300317' AND status IN ('0','3','B','C') [1][0] OK
C:[19/08/2013 12:20:13.10][190.206.83.101][1312] SELECT horas_lab FROM tblaca008 WHERE c_asigna='300313' AND horas_teoricas > 0 [1][0] OK
C:[19/08/2013 12:20:13.10][190.206.83.101][1312] SELECT horas_lab FROM tblaca008 WHERE c_asigna='351330' AND horas_teoricas > 0 [1][0] OK
C:[19/08/2013 12:20:36.05][172.16.4.247][1138] SELECT pre_cod_asig1,pre_cod_asig2,pre_cod_asig3,pre_cod_asig4,pre_cod_asig5,pre_cod_asig6,pre_cod_asig7 FROM tblaca009_p_int WHERE pensum='5' AND c_uni_ca='4' AND c_asigna='330435' [1][0] OK
C:[19/08/2013 12:20:36.05][172.16.4.247][1138] SELECT pre_cod_asig1,pre_cod_asig2,pre_cod_asig3,pre_cod_asig4,pre_cod_asig5,pre_cod_asig6,pre_cod_asig7 FROM tblaca009_p_int WHERE pensum='5' AND c_uni_ca='4' AND c_asigna='333444' [1][0] OK
C:[19/08/2013 12:20:36.05][172.16.4.247][1151] SELECT c_asigna FROM dace004 WHERE exp_e='09-20285582' AND c_asigna='300317' AND status IN ('0','3','B','C') [1][0] OK
C:[19/08/2013 12:20:36.99][172.16.4.247][1182] SELECT par_cod_asig1,par_cod_asig2,par_cod_asig3 FROM tblaca009_p_int WHERE pensum='5' AND c_uni_ca='4' AND c_asigna='330435' [1][0] OK
C:[19/08/2013 12:20:36.99][172.16.4.247][1182] SELECT par_cod_asig1,par_cod_asig2,par_cod_asig3 FROM tblaca009_p_int WHERE pensum='5' AND c_uni_ca='4' AND c_asigna='333444' [1][0] OK
C:[19/08/2013 12:20:36.25][172.16.4.247][1312] SELECT horas_lab FROM tblaca008 WHERE c_asigna='330435' AND horas_teoricas > 0 [1][0] OK
C:[19/08/2013 12:20:36.25][172.16.4.247][1312] SELECT horas_lab FROM tblaca008 WHERE c_asigna='333444' AND horas_teoricas > 0 [1][0] OK
C:[19/08/2013 12:20:57.71][190.206.253.124][1138] SELECT pre_cod_asig1,pre_cod_asig2,pre_cod_asig3,pre_cod_asig4,pre_cod_asig5,pre_cod_asig6,pre_cod_asig7 FROM tblaca009_p_int WHERE pensum='5' AND c_uni_ca='3' AND c_asigna='300207' [1][0] OK
C:[19/08/2013 12:20:57.71][190.206.253.124][1151] SELECT c_asigna FROM dace004 WHERE exp_e='09-22574561' AND c_asigna='300101' AND status IN ('0','3','B','C') [1][0] OK
C:[19/08/2013 12:20:57.71][190.206.253.124][1138] SELECT pre_cod_asig1,pre_cod_asig2,pre_cod_asig3,pre_cod_asig4,pre_cod_asig5,pre_cod_asig6,pre_cod_asig7 FROM tblaca009_p_int WHERE pensum='5' AND c_uni_ca='3' AND c_asigna='312333' [1][0] OK
C:[19/08/2013 12:20:57.71][190.206.253.124][1151] SELECT c_asigna FROM dace004 WHERE exp_e='09-22574561' AND c_asigna='300228' AND status IN ('0','3','B','C') [1][0] OK
C:[19/08/2013 12:20:58.76][190.206.253.124][1182] SELECT par_cod_asig1,par_cod_asig2,par_cod_asig3 FROM tblaca009_p_int WHERE pensum='5' AND c_uni_ca='3' AND c_asigna='300207' [1][0] OK
C:[19/08/2013 12:20:58.76][190.206.253.124][1182] SELECT par_cod_asig1,par_cod_asig2,par_cod_asig3 FROM tblaca009_p_int WHERE pensum='5' AND c_uni_ca='3' AND c_asigna='312333' [1][0] OK
C:[19/08/2013 12:20:58.03][190.206.253.124][1312] SELECT horas_lab FROM tblaca008 WHERE c_asigna='300207' AND horas_teoricas > 0 [1][0] OK
C:[19/08/2013 12:20:58.03][190.206.253.124][1312] SELECT horas_lab FROM tblaca008 WHERE c_asigna='312333' AND horas_teoricas > 0 [1][0] OK
C:[19/08/2013 12:21:37.30][190.199.92.188][1138] SELECT pre_cod_asig1,pre_cod_asig2,pre_cod_asig3,pre_cod_asig4,pre_cod_asig5,pre_cod_asig6,pre_cod_asig7 FROM tblaca009_p_int WHERE pensum='5' AND c_uni_ca='2' AND c_asigna='300207' [1][0] OK
C:[19/08/2013 12:21:37.30][190.199.92.188][1151] SELECT c_asigna FROM dace004 WHERE exp_e='12-23503894' AND c_asigna='300101' AND status IN ('0','3','B','C') [1][0] OK
C:[19/08/2013 12:21:37.12][190.199.92.188][1182] SELECT par_cod_asig1,par_cod_asig2,par_cod_asig3 FROM tblaca009_p_int WHERE pensum='5' AND c_uni_ca='2' AND c_asigna='300207' [1][0] OK
C:[19/08/2013 12:21:37.00][190.201.161.127][1138] SELECT pre_cod_asig1,pre_cod_asig2,pre_cod_asig3,pre_cod_asig4,pre_cod_asig5,pre_cod_asig6,pre_cod_asig7 FROM tblaca009_p_int WHERE pensum='5' AND c_uni_ca='6' AND c_asigna='311561' [1][0] OK
C:[19/08/2013 12:21:37.25][190.199.92.188][1312] SELECT horas_lab FROM tblaca008 WHERE c_asigna='300207' AND horas_teoricas > 0 [1][0] OK
C:[19/08/2013 12:21:37.00][190.201.161.127][1151] SELECT c_asigna FROM dace004 WHERE exp_e='03-18247505' AND c_asigna='300318' AND status IN ('0','3','B','C') [1][0] OK
C:[19/08/2013 12:21:37.00][190.201.161.127][1138] SELECT pre_cod_asig1,pre_cod_asig2,pre_cod_asig3,pre_cod_asig4,pre_cod_asig5,pre_cod_asig6,pre_cod_asig7 FROM tblaca009_p_int WHERE pensum='5' AND c_uni_ca='6' AND c_asigna='300956' [1][0] OK
C:[19/08/2013 12:21:37.00][190.201.161.127][1151] SELECT c_asigna FROM dace004 WHERE exp_e='03-18247505' AND c_asigna='300422' AND status IN ('0','3','B','C') [1][0] OK
C:[19/08/2013 12:21:37.51][190.201.161.127][1182] SELECT par_cod_asig1,par_cod_asig2,par_cod_asig3 FROM tblaca009_p_int WHERE pensum='5' AND c_uni_ca='6' AND c_asigna='311561' [1][0] OK
C:[19/08/2013 12:21:37.51][190.201.161.127][1182] SELECT par_cod_asig1,par_cod_asig2,par_cod_asig3 FROM tblaca009_p_int WHERE pensum='5' AND c_uni_ca='6' AND c_asigna='300956' [1][0] OK
C:[19/08/2013 12:21:37.76][190.201.161.127][1312] SELECT horas_lab FROM tblaca008 WHERE c_asigna='311561' AND horas_teoricas > 0 [1][0] OK
C:[19/08/2013 12:21:37.76][190.201.161.127][1312] SELECT horas_lab FROM tblaca008 WHERE c_asigna='300956' AND horas_teoricas > 0 [1][0] OK
C:[19/08/2013 12:21:40.43][190.94.237.158][1138] SELECT pre_cod_asig1,pre_cod_asig2,pre_cod_asig3,pre_cod_asig4,pre_cod_asig5,pre_cod_asig6,pre_cod_asig7 FROM tblaca009_p_int WHERE pensum='5' AND c_uni_ca='2' AND c_asigna='300222' [1][0] OK
C:[19/08/2013 12:21:40.43][190.94.237.158][1151] SELECT c_asigna FROM dace004 WHERE exp_e='10-21496681' AND c_asigna='300112' AND status IN ('0','3','B','C') [1][0] OK
C:[19/08/2013 12:21:40.43][190.94.237.158][1138] SELECT pre_cod_asig1,pre_cod_asig2,pre_cod_asig3,pre_cod_asig4,pre_cod_asig5,pre_cod_asig6,pre_cod_asig7 FROM tblaca009_p_int WHERE pensum='5' AND c_uni_ca='2' AND c_asigna='300428' [1][0] OK
C:[19/08/2013 12:21:40.43][190.94.237.158][1151] SELECT c_asigna FROM dace004 WHERE exp_e='10-21496681' AND c_asigna='300317' AND status IN ('0','3','B','C') [1][0] OK
C:[19/08/2013 12:21:40.93][190.94.237.158][1182] SELECT par_cod_asig1,par_cod_asig2,par_cod_asig3 FROM tblaca009_p_int WHERE pensum='5' AND c_uni_ca='2' AND c_asigna='300222' [1][0] OK
C:[19/08/2013 12:21:40.93][190.94.237.158][1182] SELECT par_cod_asig1,par_cod_asig2,par_cod_asig3 FROM tblaca009_p_int WHERE pensum='5' AND c_uni_ca='2' AND c_asigna='300428' [1][0] OK
C:[19/08/2013 12:21:40.18][190.94.237.158][1312] SELECT horas_lab FROM tblaca008 WHERE c_asigna='300222' AND horas_teoricas > 0 [1][0] OK
C:[19/08/2013 12:21:40.18][190.94.237.158][1312] SELECT horas_lab FROM tblaca008 WHERE c_asigna='300428' AND horas_teoricas > 0 [1][0] OK
C:[19/08/2013 12:21:48.84][190.38.194.44][1138] SELECT pre_cod_asig1,pre_cod_asig2,pre_cod_asig3,pre_cod_asig4,pre_cod_asig5,pre_cod_asig6,pre_cod_asig7 FROM tblaca009_p_int WHERE pensum='5' AND c_uni_ca='6' AND c_asigna='311561' [1][0] OK
C:[19/08/2013 12:21:48.84][190.38.194.44][1151] SELECT c_asigna FROM dace004 WHERE exp_e='01-15375524' AND c_asigna='300318' AND status IN ('0','3','B','C') [1][0] OK
C:[19/08/2013 12:21:48.07][190.38.194.44][1182] SELECT par_cod_asig1,par_cod_asig2,par_cod_asig3 FROM tblaca009_p_int WHERE pensum='5' AND c_uni_ca='6' AND c_asigna='311561' [1][0] OK
C:[19/08/2013 12:21:48.20][190.38.194.44][1312] SELECT horas_lab FROM tblaca008 WHERE c_asigna='311561' AND horas_teoricas > 0 [1][0] OK
C:[19/08/2013 12:21:59.54][186.90.191.48][1138] SELECT pre_cod_asig1,pre_cod_asig2,pre_cod_asig3,pre_cod_asig4,pre_cod_asig5,pre_cod_asig6,pre_cod_asig7 FROM tblaca009_p_int WHERE pensum='5' AND c_uni_ca='2' AND c_asigna='322801' [1][0] OK
C:[19/08/2013 12:21:59.54][186.90.191.48][1151] SELECT c_asigna FROM dace004 WHERE exp_e='02-17748944' AND c_asigna='322780' AND status IN ('0','3','B','C') [1][0] OK
C:[19/08/2013 12:21:59.36][186.90.191.48][1182] SELECT par_cod_asig1,par_cod_asig2,par_cod_asig3 FROM tblaca009_p_int WHERE pensum='5' AND c_uni_ca='2' AND c_asigna='322801' [1][0] OK
C:[19/08/2013 12:21:59.48][186.90.191.48][1312] SELECT horas_lab FROM tblaca008 WHERE c_asigna='322801' AND horas_teoricas > 0 [1][0] OK
C:[19/08/2013 12:22:24.42][172.16.4.254][1138] SELECT pre_cod_asig1,pre_cod_asig2,pre_cod_asig3,pre_cod_asig4,pre_cod_asig5,pre_cod_asig6,pre_cod_asig7 FROM tblaca009_p_int WHERE pensum='5' AND c_uni_ca='2' AND c_asigna='322436' [1][0] OK
C:[19/08/2013 12:22:24.42][172.16.4.254][1151] SELECT c_asigna FROM dace004 WHERE exp_e='07-18667037' AND c_asigna='320311' AND status IN ('0','3','B','C') [1][0] OK
C:[19/08/2013 12:22:24.42][172.16.4.254][1138] SELECT pre_cod_asig1,pre_cod_asig2,pre_cod_asig3,pre_cod_asig4,pre_cod_asig5,pre_cod_asig6,pre_cod_asig7 FROM tblaca009_p_int WHERE pensum='5' AND c_uni_ca='2' AND c_asigna='322550' [1][0] OK
C:[19/08/2013 12:22:24.42][172.16.4.254][1151] SELECT c_asigna FROM dace004 WHERE exp_e='07-18667037' AND c_asigna='322433' AND status IN ('0','3','B','C') [1][0] OK
C:[19/08/2013 12:22:24.42][172.16.4.254][1138] SELECT pre_cod_asig1,pre_cod_asig2,pre_cod_asig3,pre_cod_asig4,pre_cod_asig5,pre_cod_asig6,pre_cod_asig7 FROM tblaca009_p_int WHERE pensum='5' AND c_uni_ca='2' AND c_asigna='322826' [1][0] OK
C:[19/08/2013 12:22:24.42][172.16.4.254][1151] SELECT c_asigna FROM dace004 WHERE exp_e='07-18667037' AND c_asigna='322683' AND status IN ('0','3','B','C') [1][0] OK
C:[19/08/2013 12:22:24.73][172.16.4.254][1182] SELECT par_cod_asig1,par_cod_asig2,par_cod_asig3 FROM tblaca009_p_int WHERE pensum='5' AND c_uni_ca='2' AND c_asigna='322436' [1][0] OK
C:[19/08/2013 12:22:24.73][172.16.4.254][1182] SELECT par_cod_asig1,par_cod_asig2,par_cod_asig3 FROM tblaca009_p_int WHERE pensum='5' AND c_uni_ca='2' AND c_asigna='322550' [1][0] OK
C:[19/08/2013 12:22:24.73][172.16.4.254][1182] SELECT par_cod_asig1,par_cod_asig2,par_cod_asig3 FROM tblaca009_p_int WHERE pensum='5' AND c_uni_ca='2' AND c_asigna='322826' [1][0] OK
C:[19/08/2013 12:22:24.81][172.16.4.254][1312] SELECT horas_lab FROM tblaca008 WHERE c_asigna='322436' AND horas_teoricas > 0 [1][0] OK
C:[19/08/2013 12:22:24.81][172.16.4.254][1312] SELECT horas_lab FROM tblaca008 WHERE c_asigna='322550' AND horas_teoricas > 0 [1][0] OK
C:[19/08/2013 12:22:24.81][172.16.4.254][1312] SELECT horas_lab FROM tblaca008 WHERE c_asigna='322826' AND horas_teoricas > 0 [1][0] OK
C:[19/08/2013 12:22:44.89][190.37.43.138][1138] SELECT pre_cod_asig1,pre_cod_asig2,pre_cod_asig3,pre_cod_asig4,pre_cod_asig5,pre_cod_asig6,pre_cod_asig7 FROM tblaca009_p_int WHERE pensum='5' AND c_uni_ca='6' AND c_asigna='300317' [1][0] OK
C:[19/08/2013 12:22:44.89][190.37.43.138][1151] SELECT c_asigna FROM dace004 WHERE exp_e='09-22588130' AND c_asigna='300207' AND status IN ('0','3','B','C') [1][0] OK
C:[19/08/2013 12:22:44.89][190.37.43.138][1151] SELECT c_asigna FROM dace004 WHERE exp_e='09-22588130' AND c_asigna='300209' AND status IN ('0','3','B','C') [1][0] OK
C:[19/08/2013 12:22:44.89][190.37.43.138][1138] SELECT pre_cod_asig1,pre_cod_asig2,pre_cod_asig3,pre_cod_asig4,pre_cod_asig5,pre_cod_asig6,pre_cod_asig7 FROM tblaca009_p_int WHERE pensum='5' AND c_uni_ca='6' AND c_asigna='344689' [1][0] OK
C:[19/08/2013 12:22:44.89][190.37.43.138][1151] SELECT c_asigna FROM dace004 WHERE exp_e='09-22588130' AND c_asigna='300209' AND status IN ('0','3','B','C') [1][0] OK
C:[19/08/2013 12:22:44.09][190.37.43.138][1182] SELECT par_cod_asig1,par_cod_asig2,par_cod_asig3 FROM tblaca009_p_int WHERE pensum='5' AND c_uni_ca='6' AND c_asigna='300317' [1][0] OK
C:[19/08/2013 12:22:44.09][190.37.43.138][1182] SELECT par_cod_asig1,par_cod_asig2,par_cod_asig3 FROM tblaca009_p_int WHERE pensum='5' AND c_uni_ca='6' AND c_asigna='344689' [1][0] OK
C:[19/08/2013 12:22:44.36][190.37.43.138][1312] SELECT horas_lab FROM tblaca008 WHERE c_asigna='300317' AND horas_teoricas > 0 [1][0] OK
C:[19/08/2013 12:22:44.36][190.37.43.138][1312] SELECT horas_lab FROM tblaca008 WHERE c_asigna='344689' AND horas_teoricas > 0 [1][0] OK
C:[19/08/2013 12:23:17.56][190.38.98.239][1138] SELECT pre_cod_asig1,pre_cod_asig2,pre_cod_asig3,pre_cod_asig4,pre_cod_asig5,pre_cod_asig6,pre_cod_asig7 FROM tblaca009_p_int WHERE pensum='5' AND c_uni_ca='3' AND c_asigna='300013' [1][0] OK
C:[19/08/2013 12:23:17.26][190.38.98.239][1182] SELECT par_cod_asig1,par_cod_asig2,par_cod_asig3 FROM tblaca009_p_int WHERE pensum='5' AND c_uni_ca='3' AND c_asigna='300013' [1][0] OK
C:[19/08/2013 12:23:17.39][190.38.98.239][1312] SELECT horas_lab FROM tblaca008 WHERE c_asigna='300013' AND horas_teoricas > 0 [1][0] OK
C:[19/08/2013 12:23:44.85][190.199.91.79][1138] SELECT pre_cod_asig1,pre_cod_asig2,pre_cod_asig3,pre_cod_asig4,pre_cod_asig5,pre_cod_asig6,pre_cod_asig7 FROM tblaca009_p_int WHERE pensum='5' AND c_uni_ca='3' AND c_asigna='300428' [1][0] OK
C:[19/08/2013 12:23:44.85][190.199.91.79][1151] SELECT c_asigna FROM dace004 WHERE exp_e='09-20224344' AND c_asigna='300317' AND status IN ('0','3','B','C') [1][0] OK
C:[19/08/2013 12:23:44.68][190.199.91.79][1182] SELECT par_cod_asig1,par_cod_asig2,par_cod_asig3 FROM tblaca009_p_int WHERE pensum='5' AND c_uni_ca='3' AND c_asigna='300428' [1][0] OK
C:[19/08/2013 12:23:44.80][190.199.91.79][1312] SELECT horas_lab FROM tblaca008 WHERE c_asigna='300428' AND horas_teoricas > 0 [1][0] OK
C:[19/08/2013 12:23:49.06][190.206.253.124][1138] SELECT pre_cod_asig1,pre_cod_asig2,pre_cod_asig3,pre_cod_asig4,pre_cod_asig5,pre_cod_asig6,pre_cod_asig7 FROM tblaca009_p_int WHERE pensum='5' AND c_uni_ca='3' AND c_asigna='300207' [1][0] OK
C:[19/08/2013 12:23:49.06][190.206.253.124][1151] SELECT c_asigna FROM dace004 WHERE exp_e='09-22574561' AND c_asigna='300101' AND status IN ('0','3','B','C') [1][0] OK
C:[19/08/2013 12:23:49.06][190.206.253.124][1138] SELECT pre_cod_asig1,pre_cod_asig2,pre_cod_asig3,pre_cod_asig4,pre_cod_asig5,pre_cod_asig6,pre_cod_asig7 FROM tblaca009_p_int WHERE pensum='5' AND c_uni_ca='3' AND c_asigna='312333' [1][0] OK
C:[19/08/2013 12:23:49.06][190.206.253.124][1151] SELECT c_asigna FROM dace004 WHERE exp_e='09-22574561' AND c_asigna='300228' AND status IN ('0','3','B','C') [1][0] OK
C:[19/08/2013 12:23:50.57][190.206.253.124][1182] SELECT par_cod_asig1,par_cod_asig2,par_cod_asig3 FROM tblaca009_p_int WHERE pensum='5' AND c_uni_ca='3' AND c_asigna='300207' [1][0] OK
C:[19/08/2013 12:23:50.57][190.206.253.124][1182] SELECT par_cod_asig1,par_cod_asig2,par_cod_asig3 FROM tblaca009_p_int WHERE pensum='5' AND c_uni_ca='3' AND c_asigna='312333' [1][0] OK
C:[19/08/2013 12:23:50.83][190.206.253.124][1312] SELECT horas_lab FROM tblaca008 WHERE c_asigna='300207' AND horas_teoricas > 0 [1][0] OK
C:[19/08/2013 12:23:50.83][190.206.253.124][1312] SELECT horas_lab FROM tblaca008 WHERE c_asigna='312333' AND horas_teoricas > 0 [1][0] OK
C:[19/08/2013 12:24:38.55][172.16.4.247][1138] SELECT pre_cod_asig1,pre_cod_asig2,pre_cod_asig3,pre_cod_asig4,pre_cod_asig5,pre_cod_asig6,pre_cod_asig7 FROM tblaca009_p_int WHERE pensum='5' AND c_uni_ca='4' AND c_asigna='300318' [1][0] OK
C:[19/08/2013 12:24:38.55][172.16.4.247][1151] SELECT c_asigna FROM dace004 WHERE exp_e='10-24560052' AND c_asigna='300228' AND status IN ('0','3','B','C') [1][0] OK
C:[19/08/2013 12:24:38.55][172.16.4.247][1151] SELECT c_asigna FROM dace004 WHERE exp_e='10-24560052' AND c_asigna='300207' AND status IN ('0','3','B','C') [1][0] OK
C:[19/08/2013 12:24:38.55][172.16.4.247][1151] SELECT c_asigna FROM dace004 WHERE exp_e='10-24560052' AND c_asigna='300218' AND status IN ('0','3','B','C') [1][0] OK
C:[19/08/2013 12:24:38.55][172.16.4.247][1138] SELECT pre_cod_asig1,pre_cod_asig2,pre_cod_asig3,pre_cod_asig4,pre_cod_asig5,pre_cod_asig6,pre_cod_asig7 FROM tblaca009_p_int WHERE pensum='5' AND c_uni_ca='4' AND c_asigna='330435' [1][0] OK
C:[19/08/2013 12:24:38.55][172.16.4.247][1138] SELECT pre_cod_asig1,pre_cod_asig2,pre_cod_asig3,pre_cod_asig4,pre_cod_asig5,pre_cod_asig6,pre_cod_asig7 FROM tblaca009_p_int WHERE pensum='5' AND c_uni_ca='4' AND c_asigna='333444' [1][0] OK
C:[19/08/2013 12:24:38.55][172.16.4.247][1151] SELECT c_asigna FROM dace004 WHERE exp_e='10-24560052' AND c_asigna='300317' AND status IN ('0','3','B','C') [1][0] OK
C:[19/08/2013 12:24:38.56][172.16.4.247][1182] SELECT par_cod_asig1,par_cod_asig2,par_cod_asig3 FROM tblaca009_p_int WHERE pensum='5' AND c_uni_ca='4' AND c_asigna='300318' [1][0] OK
C:[19/08/2013 12:24:38.56][172.16.4.247][1182] SELECT par_cod_asig1,par_cod_asig2,par_cod_asig3 FROM tblaca009_p_int WHERE pensum='5' AND c_uni_ca='4' AND c_asigna='330435' [1][0] OK
C:[19/08/2013 12:24:38.56][172.16.4.247][1182] SELECT par_cod_asig1,par_cod_asig2,par_cod_asig3 FROM tblaca009_p_int WHERE pensum='5' AND c_uni_ca='4' AND c_asigna='333444' [1][0] OK
C:[19/08/2013 12:24:38.93][172.16.4.247][1312] SELECT horas_lab FROM tblaca008 WHERE c_asigna='300318' AND horas_teoricas > 0 [1][0] OK
C:[19/08/2013 12:24:38.93][172.16.4.247][1312] SELECT horas_lab FROM tblaca008 WHERE c_asigna='330435' AND horas_teoricas > 0 [1][0] OK
C:[19/08/2013 12:24:38.93][172.16.4.247][1312] SELECT horas_lab FROM tblaca008 WHERE c_asigna='333444' AND horas_teoricas > 0 [1][0] OK
C:[19/08/2013 12:25:34.17][186.89.150.35][1138] SELECT pre_cod_asig1,pre_cod_asig2,pre_cod_asig3,pre_cod_asig4,pre_cod_asig5,pre_cod_asig6,pre_cod_asig7 FROM tblaca009_p_int WHERE pensum='5' AND c_uni_ca='4' AND c_asigna='330435' [1][0] OK
C:[19/08/2013 12:25:34.17][186.89.150.35][1138] SELECT pre_cod_asig1,pre_cod_asig2,pre_cod_asig3,pre_cod_asig4,pre_cod_asig5,pre_cod_asig6,pre_cod_asig7 FROM tblaca009_p_int WHERE pensum='5' AND c_uni_ca='4' AND c_asigna='333563' [1][0] OK
C:[19/08/2013 12:25:34.17][186.89.150.35][1151] SELECT c_asigna FROM dace004 WHERE exp_e='09-20807086' AND c_asigna='333440' AND status IN ('0','3','B','C') [1][0] OK
C:[19/08/2013 12:25:34.17][186.89.150.35][1151] SELECT c_asigna FROM dace004 WHERE exp_e='09-20807086' AND c_asigna='333442' AND status IN ('0','3','B','C') [1][0] OK
C:[19/08/2013 12:25:34.17][186.89.150.35][1138] SELECT pre_cod_asig1,pre_cod_asig2,pre_cod_asig3,pre_cod_asig4,pre_cod_asig5,pre_cod_asig6,pre_cod_asig7 FROM tblaca009_p_int WHERE pensum='5' AND c_uni_ca='4' AND c_asigna='333683' [1][0] OK
C:[19/08/2013 12:25:34.17][186.89.150.35][1151] SELECT c_asigna FROM dace004 WHERE exp_e='09-20807086' AND c_asigna='333564' AND status IN ('0','3','B','C') [1][0] OK
C:[19/08/2013 12:25:35.48][186.89.150.35][1182] SELECT par_cod_asig1,par_cod_asig2,par_cod_asig3 FROM tblaca009_p_int WHERE pensum='5' AND c_uni_ca='4' AND c_asigna='330435' [1][0] OK
C:[19/08/2013 12:25:35.48][186.89.150.35][1182] SELECT par_cod_asig1,par_cod_asig2,par_cod_asig3 FROM tblaca009_p_int WHERE pensum='5' AND c_uni_ca='4' AND c_asigna='333563' [1][0] OK
C:[19/08/2013 12:25:35.48][186.89.150.35][1182] SELECT par_cod_asig1,par_cod_asig2,par_cod_asig3 FROM tblaca009_p_int WHERE pensum='5' AND c_uni_ca='4' AND c_asigna='333683' [1][0] OK
C:[19/08/2013 12:25:35.88][186.89.150.35][1312] SELECT horas_lab FROM tblaca008 WHERE c_asigna='330435' AND horas_teoricas > 0 [1][0] OK
C:[19/08/2013 12:25:35.88][186.89.150.35][1312] SELECT horas_lab FROM tblaca008 WHERE c_asigna='333563' AND horas_teoricas > 0 [1][0] OK
C:[19/08/2013 12:25:35.88][186.89.150.35][1312] SELECT horas_lab FROM tblaca008 WHERE c_asigna='333683' AND horas_teoricas > 0 [1][0] OK
C:[19/08/2013 12:25:35.20][190.206.72.110][1138] SELECT pre_cod_asig1,pre_cod_asig2,pre_cod_asig3,pre_cod_asig4,pre_cod_asig5,pre_cod_asig6,pre_cod_asig7 FROM tblaca009_p_int WHERE pensum='5' AND c_uni_ca='3' AND c_asigna='300317' [1][0] OK
C:[19/08/2013 12:25:35.20][190.206.72.110][1151] SELECT c_asigna FROM dace004 WHERE exp_e='09-20804573' AND c_asigna='300207' AND status IN ('0','3','B','C') [1][0] OK
C:[19/08/2013 12:25:35.20][190.206.72.110][1151] SELECT c_asigna FROM dace004 WHERE exp_e='09-20804573' AND c_asigna='300209' AND status IN ('0','3','B','C') [1][0] OK
C:[19/08/2013 12:25:35.57][190.206.72.110][1182] SELECT par_cod_asig1,par_cod_asig2,par_cod_asig3 FROM tblaca009_p_int WHERE pensum='5' AND c_uni_ca='3' AND c_asigna='300317' [1][0] OK
C:[19/08/2013 12:25:35.71][190.206.72.110][1312] SELECT horas_lab FROM tblaca008 WHERE c_asigna='300317' AND horas_teoricas > 0 [1][0] OK
C:[19/08/2013 12:27:24.22][172.16.4.254][1138] SELECT pre_cod_asig1,pre_cod_asig2,pre_cod_asig3,pre_cod_asig4,pre_cod_asig5,pre_cod_asig6,pre_cod_asig7 FROM tblaca009_p_int WHERE pensum='5' AND c_uni_ca='5' AND c_asigna='355722' [1][0] OK
C:[19/08/2013 12:27:24.22][172.16.4.254][1151] SELECT c_asigna FROM dace004 WHERE exp_e='06-18680864' AND c_asigna='355691' AND status IN ('0','3','B','C') [1][0] OK
C:[19/08/2013 12:27:24.22][172.16.4.254][1151] SELECT c_asigna FROM dace004 WHERE exp_e='06-18680864' AND c_asigna='355595' AND status IN ('0','3','B','C') [1][0] OK
C:[19/08/2013 12:27:24.22][172.16.4.254][1138] SELECT pre_cod_asig1,pre_cod_asig2,pre_cod_asig3,pre_cod_asig4,pre_cod_asig5,pre_cod_asig6,pre_cod_asig7 FROM tblaca009_p_int WHERE pensum='5' AND c_uni_ca='5' AND c_asigna='300956' [1][0] OK
C:[19/08/2013 12:27:24.22][172.16.4.254][1151] SELECT c_asigna FROM dace004 WHERE exp_e='06-18680864' AND c_asigna='300422' AND status IN ('0','3','B','C') [1][0] OK
C:[19/08/2013 12:27:24.41][172.16.4.254][1182] SELECT par_cod_asig1,par_cod_asig2,par_cod_asig3 FROM tblaca009_p_int WHERE pensum='5' AND c_uni_ca='5' AND c_asigna='355722' [1][0] OK
C:[19/08/2013 12:27:24.41][172.16.4.254][1182] SELECT par_cod_asig1,par_cod_asig2,par_cod_asig3 FROM tblaca009_p_int WHERE pensum='5' AND c_uni_ca='5' AND c_asigna='300956' [1][0] OK
C:[19/08/2013 12:27:24.66][172.16.4.254][1312] SELECT horas_lab FROM tblaca008 WHERE c_asigna='355722' AND horas_teoricas > 0 [1][0] OK
C:[19/08/2013 12:27:24.66][172.16.4.254][1312] SELECT horas_lab FROM tblaca008 WHERE c_asigna='300956' AND horas_teoricas > 0 [1][0] OK
C:[19/08/2013 12:27:54.35][172.16.4.254][1138] SELECT pre_cod_asig1,pre_cod_asig2,pre_cod_asig3,pre_cod_asig4,pre_cod_asig5,pre_cod_asig6,pre_cod_asig7 FROM tblaca009_p_int WHERE pensum='5' AND c_uni_ca='4' AND c_asigna='300116' [1][0] OK
C:[19/08/2013 12:27:54.03][172.16.4.254][1182] SELECT par_cod_asig1,par_cod_asig2,par_cod_asig3 FROM tblaca009_p_int WHERE pensum='5' AND c_uni_ca='4' AND c_asigna='300116' [1][0] OK
C:[19/08/2013 12:27:55.17][172.16.4.254][1312] SELECT horas_lab FROM tblaca008 WHERE c_asigna='300116' AND horas_teoricas > 0 [1][0] OK
C:[19/08/2013 12:28:00.65][190.77.222.215][1138] SELECT pre_cod_asig1,pre_cod_asig2,pre_cod_asig3,pre_cod_asig4,pre_cod_asig5,pre_cod_asig6,pre_cod_asig7 FROM tblaca009_p_int WHERE pensum='5' AND c_uni_ca='4' AND c_asigna='330435' [1][0] OK
C:[19/08/2013 12:28:00.78][190.77.222.215][1182] SELECT par_cod_asig1,par_cod_asig2,par_cod_asig3 FROM tblaca009_p_int WHERE pensum='5' AND c_uni_ca='4' AND c_asigna='330435' [1][0] OK
C:[19/08/2013 12:28:00.91][190.77.222.215][1312] SELECT horas_lab FROM tblaca008 WHERE c_asigna='330435' AND horas_teoricas > 0 [1][0] OK
C:[19/08/2013 12:28:08.20][190.198.185.165][1138] SELECT pre_cod_asig1,pre_cod_asig2,pre_cod_asig3,pre_cod_asig4,pre_cod_asig5,pre_cod_asig6,pre_cod_asig7 FROM tblaca009_p_int WHERE pensum='5' AND c_uni_ca='2' AND c_asigna='300428' [1][0] OK
C:[19/08/2013 12:28:08.20][190.198.185.165][1151] SELECT c_asigna FROM dace004 WHERE exp_e='09-20805826' AND c_asigna='300317' AND status IN ('0','3','B','C') [1][0] OK
C:[19/08/2013 12:28:08.20][190.198.185.165][1138] SELECT pre_cod_asig1,pre_cod_asig2,pre_cod_asig3,pre_cod_asig4,pre_cod_asig5,pre_cod_asig6,pre_cod_asig7 FROM tblaca009_p_int WHERE pensum='5' AND c_uni_ca='2' AND c_asigna='322436' [1][0] OK
C:[19/08/2013 12:28:08.20][190.198.185.165][1151] SELECT c_asigna FROM dace004 WHERE exp_e='09-20805826' AND c_asigna='320311' AND status IN ('0','3','B','C') [1][0] OK
C:[19/08/2013 12:28:08.70][190.198.185.165][1182] SELECT par_cod_asig1,par_cod_asig2,par_cod_asig3 FROM tblaca009_p_int WHERE pensum='5' AND c_uni_ca='2' AND c_asigna='300428' [1][0] OK
C:[19/08/2013 12:28:08.70][190.198.185.165][1182] SELECT par_cod_asig1,par_cod_asig2,par_cod_asig3 FROM tblaca009_p_int WHERE pensum='5' AND c_uni_ca='2' AND c_asigna='322436' [1][0] OK
C:[19/08/2013 12:28:08.95][190.198.185.165][1312] SELECT horas_lab FROM tblaca008 WHERE c_asigna='300428' AND horas_teoricas > 0 [1][0] OK
C:[19/08/2013 12:28:08.95][190.198.185.165][1312] SELECT horas_lab FROM tblaca008 WHERE c_asigna='322436' AND horas_teoricas > 0 [1][0] OK
C:[19/08/2013 12:28:32.39][190.94.251.54][1138] SELECT pre_cod_asig1,pre_cod_asig2,pre_cod_asig3,pre_cod_asig4,pre_cod_asig5,pre_cod_asig6,pre_cod_asig7 FROM tblaca009_p_int WHERE pensum='5' AND c_uni_ca='2' AND c_asigna='300313' [1][0] OK
C:[19/08/2013 12:28:32.39][190.94.251.54][1151] SELECT c_asigna FROM dace004 WHERE exp_e='11-20503729' AND c_asigna='300213' AND status IN ('0','3','B','C') [1][0] OK
C:[19/08/2013 12:28:32.39][190.94.251.54][1138] SELECT pre_cod_asig1,pre_cod_asig2,pre_cod_asig3,pre_cod_asig4,pre_cod_asig5,pre_cod_asig6,pre_cod_asig7 FROM tblaca009_p_int WHERE pensum='5' AND c_uni_ca='2' AND c_asigna='300317' [1][0] OK
C:[19/08/2013 12:28:32.39][190.94.251.54][1151] SELECT c_asigna FROM dace004 WHERE exp_e='11-20503729' AND c_asigna='300207' AND status IN ('0','3','B','C') [1][0] OK
C:[19/08/2013 12:28:32.39][190.94.251.54][1151] SELECT c_asigna FROM dace004 WHERE exp_e='11-20503729' AND c_asigna='300209' AND status IN ('0','3','B','C') [1][0] OK
C:[19/08/2013 12:28:32.39][190.94.251.54][1138] SELECT pre_cod_asig1,pre_cod_asig2,pre_cod_asig3,pre_cod_asig4,pre_cod_asig5,pre_cod_asig6,pre_cod_asig7 FROM tblaca009_p_int WHERE pensum='5' AND c_uni_ca='2' AND c_asigna='320323' [1][0] OK
C:[19/08/2013 12:28:32.39][190.94.251.54][1151] SELECT c_asigna FROM dace004 WHERE exp_e='11-20503729' AND c_asigna='300228' AND status IN ('0','3','B','C') [1][0] OK
C:[19/08/2013 12:28:32.39][190.94.251.54][1151] SELECT c_asigna FROM dace004 WHERE exp_e='11-20503729' AND c_asigna='300218' AND status IN ('0','3','B','C') [1][0] OK
C:[19/08/2013 12:28:32.97][190.94.251.54][1182] SELECT par_cod_asig1,par_cod_asig2,par_cod_asig3 FROM tblaca009_p_int WHERE pensum='5' AND c_uni_ca='2' AND c_asigna='300313' [1][0] OK
C:[19/08/2013 12:28:32.97][190.94.251.54][1182] SELECT par_cod_asig1,par_cod_asig2,par_cod_asig3 FROM tblaca009_p_int WHERE pensum='5' AND c_uni_ca='2' AND c_asigna='300317' [1][0] OK
C:[19/08/2013 12:28:32.97][190.94.251.54][1182] SELECT par_cod_asig1,par_cod_asig2,par_cod_asig3 FROM tblaca009_p_int WHERE pensum='5' AND c_uni_ca='2' AND c_asigna='320323' [1][0] OK
C:[19/08/2013 12:28:32.34][190.94.251.54][1312] SELECT horas_lab FROM tblaca008 WHERE c_asigna='300313' AND horas_teoricas > 0 [1][0] OK
C:[19/08/2013 12:28:32.34][190.94.251.54][1312] SELECT horas_lab FROM tblaca008 WHERE c_asigna='300317' AND horas_teoricas > 0 [1][0] OK
C:[19/08/2013 12:28:32.34][190.94.251.54][1312] SELECT horas_lab FROM tblaca008 WHERE c_asigna='320323' AND horas_teoricas > 0 [1][0] OK
C:[19/08/2013 12:28:47.56][190.199.92.188][1138] SELECT pre_cod_asig1,pre_cod_asig2,pre_cod_asig3,pre_cod_asig4,pre_cod_asig5,pre_cod_asig6,pre_cod_asig7 FROM tblaca009_p_int WHERE pensum='5' AND c_uni_ca='3' AND c_asigna='311824' [1][0] OK
C:[19/08/2013 12:28:47.56][190.199.92.188][1151] SELECT c_asigna FROM dace004 WHERE exp_e='07-18787661' AND c_asigna='311796' AND status IN ('0','3','B','C') [1][0] OK
C:[19/08/2013 12:28:47.80][190.199.92.188][1182] SELECT par_cod_asig1,par_cod_asig2,par_cod_asig3 FROM tblaca009_p_int WHERE pensum='5' AND c_uni_ca='3' AND c_asigna='311824' [1][0] OK
C:[19/08/2013 12:28:47.93][190.199.92.188][1312] SELECT horas_lab FROM tblaca008 WHERE c_asigna='311824' AND horas_teoricas > 0 [1][0] OK
C:[19/08/2013 12:30:05.91][190.79.9.5][1138] SELECT pre_cod_asig1,pre_cod_asig2,pre_cod_asig3,pre_cod_asig4,pre_cod_asig5,pre_cod_asig6,pre_cod_asig7 FROM tblaca009_p_int WHERE pensum='5' AND c_uni_ca='3' AND c_asigna='311551' [1][0] OK
C:[19/08/2013 12:30:05.91][190.79.9.5][1151] SELECT c_asigna FROM dace004 WHERE exp_e='08-19804072' AND c_asigna='311430' AND status IN ('0','3','B','C') [1][0] OK
C:[19/08/2013 12:30:05.91][190.79.9.5][1138] SELECT pre_cod_asig1,pre_cod_asig2,pre_cod_asig3,pre_cod_asig4,pre_cod_asig5,pre_cod_asig6,pre_cod_asig7 FROM tblaca009_p_int WHERE pensum='5' AND c_uni_ca='3' AND c_asigna='311556' [1][0] OK
C:[19/08/2013 12:30:05.91][190.79.9.5][1151] SELECT c_asigna FROM dace004 WHERE exp_e='08-19804072' AND c_asigna='311430' AND status IN ('0','3','B','C') [1][0] OK
C:[19/08/2013 12:30:05.97][190.79.9.5][1182] SELECT par_cod_asig1,par_cod_asig2,par_cod_asig3 FROM tblaca009_p_int WHERE pensum='5' AND c_uni_ca='3' AND c_asigna='311551' [1][0] OK
C:[19/08/2013 12:30:05.97][190.79.9.5][1182] SELECT par_cod_asig1,par_cod_asig2,par_cod_asig3 FROM tblaca009_p_int WHERE pensum='5' AND c_uni_ca='3' AND c_asigna='311556' [1][0] OK
C:[19/08/2013 12:30:05.24][190.79.9.5][1312] SELECT horas_lab FROM tblaca008 WHERE c_asigna='311551' AND horas_teoricas > 0 [1][0] OK
C:[19/08/2013 12:30:05.24][190.79.9.5][1312] SELECT horas_lab FROM tblaca008 WHERE c_asigna='311556' AND horas_teoricas > 0 [0][0] OK
C:[19/08/2013 12:31:46.20][186.167.242.193][1138] SELECT pre_cod_asig1,pre_cod_asig2,pre_cod_asig3,pre_cod_asig4,pre_cod_asig5,pre_cod_asig6,pre_cod_asig7 FROM tblaca009_p_int WHERE pensum='5' AND c_uni_ca='2' AND c_asigna='300222' [1][0] OK
C:[19/08/2013 12:31:46.20][186.167.242.193][1151] SELECT c_asigna FROM dace004 WHERE exp_e='11-19868874' AND c_asigna='300112' AND status IN ('0','3','B','C') [1][0] OK
C:[19/08/2013 12:31:46.20][186.167.242.193][1138] SELECT pre_cod_asig1,pre_cod_asig2,pre_cod_asig3,pre_cod_asig4,pre_cod_asig5,pre_cod_asig6,pre_cod_asig7 FROM tblaca009_p_int WHERE pensum='5' AND c_uni_ca='2' AND c_asigna='300317' [1][0] OK
C:[19/08/2013 12:31:46.20][186.167.242.193][1151] SELECT c_asigna FROM dace004 WHERE exp_e='11-19868874' AND c_asigna='300207' AND status IN ('0','3','B','C') [1][0] OK
C:[19/08/2013 12:31:46.20][186.167.242.193][1151] SELECT c_asigna FROM dace004 WHERE exp_e='11-19868874' AND c_asigna='300209' AND status IN ('0','3','B','C') [1][0] OK
C:[19/08/2013 12:31:47.38][186.167.242.193][1182] SELECT par_cod_asig1,par_cod_asig2,par_cod_asig3 FROM tblaca009_p_int WHERE pensum='5' AND c_uni_ca='2' AND c_asigna='300222' [1][0] OK
C:[19/08/2013 12:31:47.38][186.167.242.193][1182] SELECT par_cod_asig1,par_cod_asig2,par_cod_asig3 FROM tblaca009_p_int WHERE pensum='5' AND c_uni_ca='2' AND c_asigna='300317' [1][0] OK
C:[19/08/2013 12:31:47.65][186.167.242.193][1312] SELECT horas_lab FROM tblaca008 WHERE c_asigna='300222' AND horas_teoricas > 0 [1][0] OK
C:[19/08/2013 12:31:47.65][186.167.242.193][1312] SELECT horas_lab FROM tblaca008 WHERE c_asigna='300317' AND horas_teoricas > 0 [1][0] OK
C:[19/08/2013 12:32:51.47][200.84.67.8][1138] SELECT pre_cod_asig1,pre_cod_asig2,pre_cod_asig3,pre_cod_asig4,pre_cod_asig5,pre_cod_asig6,pre_cod_asig7 FROM tblaca009_p_int WHERE pensum='5' AND c_uni_ca='2' AND c_asigna='322801' [1][0] OK
C:[19/08/2013 12:32:51.47][200.84.67.8][1151] SELECT c_asigna FROM dace004 WHERE exp_e='10-22574011' AND c_asigna='322780' AND status IN ('0','3','B','C') [1][0] OK
C:[19/08/2013 12:32:51.47][200.84.67.8][1138] SELECT pre_cod_asig1,pre_cod_asig2,pre_cod_asig3,pre_cod_asig4,pre_cod_asig5,pre_cod_asig6,pre_cod_asig7 FROM tblaca009_p_int WHERE pensum='5' AND c_uni_ca='2' AND c_asigna='322904' [1][0] OK
C:[19/08/2013 12:32:51.47][200.84.67.8][1138] SELECT pre_cod_asig1,pre_cod_asig2,pre_cod_asig3,pre_cod_asig4,pre_cod_asig5,pre_cod_asig6,pre_cod_asig7 FROM tblaca009_p_int WHERE pensum='5' AND c_uni_ca='2' AND c_asigna='322041' [1][0] OK
C:[19/08/2013 12:32:51.53][200.84.67.8][1182] SELECT par_cod_asig1,par_cod_asig2,par_cod_asig3 FROM tblaca009_p_int WHERE pensum='5' AND c_uni_ca='2' AND c_asigna='322801' [1][0] OK
C:[19/08/2013 12:32:51.53][200.84.67.8][1182] SELECT par_cod_asig1,par_cod_asig2,par_cod_asig3 FROM tblaca009_p_int WHERE pensum='5' AND c_uni_ca='2' AND c_asigna='322904' [1][0] OK
C:[19/08/2013 12:32:51.53][200.84.67.8][1182] SELECT par_cod_asig1,par_cod_asig2,par_cod_asig3 FROM tblaca009_p_int WHERE pensum='5' AND c_uni_ca='2' AND c_asigna='322041' [1][0] OK
C:[19/08/2013 12:32:51.92][200.84.67.8][1312] SELECT horas_lab FROM tblaca008 WHERE c_asigna='322801' AND horas_teoricas > 0 [1][0] OK
C:[19/08/2013 12:32:51.92][200.84.67.8][1312] SELECT horas_lab FROM tblaca008 WHERE c_asigna='322904' AND horas_teoricas > 0 [1][0] OK
C:[19/08/2013 12:32:51.92][200.84.67.8][1312] SELECT horas_lab FROM tblaca008 WHERE c_asigna='322041' AND horas_teoricas > 0 [1][0] OK
C:[19/08/2013 12:33:07.87][181.182.228.180][1138] SELECT pre_cod_asig1,pre_cod_asig2,pre_cod_asig3,pre_cod_asig4,pre_cod_asig5,pre_cod_asig6,pre_cod_asig7 FROM tblaca009_p_int WHERE pensum='5' AND c_uni_ca='2' AND c_asigna='320437' [1][0] OK
C:[19/08/2013 12:33:07.87][181.182.228.180][1151] SELECT c_asigna FROM dace004 WHERE exp_e='12-23519548' AND c_asigna='300317' AND status IN ('0','3','B','C') [1][0] OK
C:[19/08/2013 12:33:07.87][181.182.228.180][1138] SELECT pre_cod_asig1,pre_cod_asig2,pre_cod_asig3,pre_cod_asig4,pre_cod_asig5,pre_cod_asig6,pre_cod_asig7 FROM tblaca009_p_int WHERE pensum='5' AND c_uni_ca='2' AND c_asigna='322436' [1][0] OK
C:[19/08/2013 12:33:07.87][181.182.228.180][1151] SELECT c_asigna FROM dace004 WHERE exp_e='12-23519548' AND c_asigna='320311' AND status IN ('0','3','B','C') [1][0] OK
C:[19/08/2013 12:33:07.87][181.182.228.180][1138] SELECT pre_cod_asig1,pre_cod_asig2,pre_cod_asig3,pre_cod_asig4,pre_cod_asig5,pre_cod_asig6,pre_cod_asig7 FROM tblaca009_p_int WHERE pensum='5' AND c_uni_ca='2' AND c_asigna='322449' [1][0] OK
C:[19/08/2013 12:33:07.87][181.182.228.180][1151] SELECT c_asigna FROM dace004 WHERE exp_e='12-23519548' AND c_asigna='300222' AND status IN ('0','3','B','C') [1][0] OK
C:[19/08/2013 12:33:08.17][181.182.228.180][1182] SELECT par_cod_asig1,par_cod_asig2,par_cod_asig3 FROM tblaca009_p_int WHERE pensum='5' AND c_uni_ca='2' AND c_asigna='320437' [1][0] OK
C:[19/08/2013 12:33:08.17][181.182.228.180][1182] SELECT par_cod_asig1,par_cod_asig2,par_cod_asig3 FROM tblaca009_p_int WHERE pensum='5' AND c_uni_ca='2' AND c_asigna='322436' [1][0] OK
C:[19/08/2013 12:33:08.17][181.182.228.180][1182] SELECT par_cod_asig1,par_cod_asig2,par_cod_asig3 FROM tblaca009_p_int WHERE pensum='5' AND c_uni_ca='2' AND c_asigna='322449' [1][0] OK
C:[19/08/2013 12:33:08.56][181.182.228.180][1312] SELECT horas_lab FROM tblaca008 WHERE c_asigna='320437' AND horas_teoricas > 0 [1][0] OK
C:[19/08/2013 12:33:08.56][181.182.228.180][1312] SELECT horas_lab FROM tblaca008 WHERE c_asigna='322436' AND horas_teoricas > 0 [1][0] OK
C:[19/08/2013 12:33:08.56][181.182.228.180][1312] SELECT horas_lab FROM tblaca008 WHERE c_asigna='322449' AND horas_teoricas > 0 [1][0] OK
C:[19/08/2013 12:33:50.41][172.17.143.177][1138] SELECT pre_cod_asig1,pre_cod_asig2,pre_cod_asig3,pre_cod_asig4,pre_cod_asig5,pre_cod_asig6,pre_cod_asig7 FROM tblaca009_p_int WHERE pensum='5' AND c_uni_ca='6' AND c_asigna='311561' [1][0] OK
C:[19/08/2013 12:33:50.41][172.17.143.177][1151] SELECT c_asigna FROM dace004 WHERE exp_e='08-21017384' AND c_asigna='300318' AND status IN ('0','3','B','C') [1][0] OK
C:[19/08/2013 12:33:50.41][172.17.143.177][1138] SELECT pre_cod_asig1,pre_cod_asig2,pre_cod_asig3,pre_cod_asig4,pre_cod_asig5,pre_cod_asig6,pre_cod_asig7 FROM tblaca009_p_int WHERE pensum='5' AND c_uni_ca='6' AND c_asigna='343568' [1][0] OK
C:[19/08/2013 12:33:51.71][172.17.143.177][1182] SELECT par_cod_asig1,par_cod_asig2,par_cod_asig3 FROM tblaca009_p_int WHERE pensum='5' AND c_uni_ca='6' AND c_asigna='311561' [1][0] OK
C:[19/08/2013 12:33:51.71][172.17.143.177][1182] SELECT par_cod_asig1,par_cod_asig2,par_cod_asig3 FROM tblaca009_p_int WHERE pensum='5' AND c_uni_ca='6' AND c_asigna='343568' [1][0] OK
C:[19/08/2013 12:33:51.97][172.17.143.177][1312] SELECT horas_lab FROM tblaca008 WHERE c_asigna='311561' AND horas_teoricas > 0 [1][0] OK
C:[19/08/2013 12:33:51.97][172.17.143.177][1312] SELECT horas_lab FROM tblaca008 WHERE c_asigna='343568' AND horas_teoricas > 0 [1][0] OK
C:[19/08/2013 12:36:13.64][190.199.92.188][1138] SELECT pre_cod_asig1,pre_cod_asig2,pre_cod_asig3,pre_cod_asig4,pre_cod_asig5,pre_cod_asig6,pre_cod_asig7 FROM tblaca009_p_int WHERE pensum='5' AND c_uni_ca='5' AND c_asigna='300226' [1][0] OK
C:[19/08/2013 12:36:13.64][190.199.92.188][1151] SELECT c_asigna FROM dace004 WHERE exp_e='09-19094086' AND c_asigna='300116' AND status IN ('0','3','B','C') [1][0] OK
C:[19/08/2013 12:36:13.64][190.199.92.188][1138] SELECT pre_cod_asig1,pre_cod_asig2,pre_cod_asig3,pre_cod_asig4,pre_cod_asig5,pre_cod_asig6,pre_cod_asig7 FROM tblaca009_p_int WHERE pensum='5' AND c_uni_ca='5' AND c_asigna='300318' [1][0] OK
C:[19/08/2013 12:36:13.64][190.199.92.188][1151] SELECT c_asigna FROM dace004 WHERE exp_e='09-19094086' AND c_asigna='300228' AND status IN ('0','3','B','C') [1][0] OK
C:[19/08/2013 12:36:13.64][190.199.92.188][1151] SELECT c_asigna FROM dace004 WHERE exp_e='09-19094086' AND c_asigna='300207' AND status IN ('0','3','B','C') [1][0] OK
C:[19/08/2013 12:36:13.64][190.199.92.188][1151] SELECT c_asigna FROM dace004 WHERE exp_e='09-19094086' AND c_asigna='300218' AND status IN ('0','3','B','C') [1][0] OK
C:[19/08/2013 12:36:14.95][190.199.92.188][1182] SELECT par_cod_asig1,par_cod_asig2,par_cod_asig3 FROM tblaca009_p_int WHERE pensum='5' AND c_uni_ca='5' AND c_asigna='300226' [1][0] OK
C:[19/08/2013 12:36:14.95][190.199.92.188][1182] SELECT par_cod_asig1,par_cod_asig2,par_cod_asig3 FROM tblaca009_p_int WHERE pensum='5' AND c_uni_ca='5' AND c_asigna='300318' [1][0] OK
C:[19/08/2013 12:36:14.22][190.199.92.188][1312] SELECT horas_lab FROM tblaca008 WHERE c_asigna='300226' AND horas_teoricas > 0 [1][0] OK
C:[19/08/2013 12:36:14.22][190.199.92.188][1312] SELECT horas_lab FROM tblaca008 WHERE c_asigna='300318' AND horas_teoricas > 0 [1][0] OK
C:[19/08/2013 12:36:25.74][190.78.105.125][1138] SELECT pre_cod_asig1,pre_cod_asig2,pre_cod_asig3,pre_cod_asig4,pre_cod_asig5,pre_cod_asig6,pre_cod_asig7 FROM tblaca009_p_int WHERE pensum='5' AND c_uni_ca='6' AND c_asigna='344689' [1][0] OK
C:[19/08/2013 12:36:25.74][190.78.105.125][1151] SELECT c_asigna FROM dace004 WHERE exp_e='10-21340415' AND c_asigna='300209' AND status IN ('0','3','B','C') [1][0] OK
C:[19/08/2013 12:36:25.55][190.78.105.125][1182] SELECT par_cod_asig1,par_cod_asig2,par_cod_asig3 FROM tblaca009_p_int WHERE pensum='5' AND c_uni_ca='6' AND c_asigna='344689' [1][0] OK
C:[19/08/2013 12:36:25.69][190.78.105.125][1312] SELECT horas_lab FROM tblaca008 WHERE c_asigna='344689' AND horas_teoricas > 0 [1][0] OK
C:[19/08/2013 12:37:17.79][190.199.92.188][1138] SELECT pre_cod_asig1,pre_cod_asig2,pre_cod_asig3,pre_cod_asig4,pre_cod_asig5,pre_cod_asig6,pre_cod_asig7 FROM tblaca009_p_int WHERE pensum='5' AND c_uni_ca='5' AND c_asigna='300317' [1][0] OK
C:[19/08/2013 12:37:17.79][190.199.92.188][1151] SELECT c_asigna FROM dace004 WHERE exp_e='09-21468866' AND c_asigna='300207' AND status IN ('0','3','B','C') [1][0] OK
C:[19/08/2013 12:37:17.79][190.199.92.188][1151] SELECT c_asigna FROM dace004 WHERE exp_e='09-21468866' AND c_asigna='300209' AND status IN ('0','3','B','C') [1][0] OK
C:[19/08/2013 12:37:17.79][190.199.92.188][1138] SELECT pre_cod_asig1,pre_cod_asig2,pre_cod_asig3,pre_cod_asig4,pre_cod_asig5,pre_cod_asig6,pre_cod_asig7 FROM tblaca009_p_int WHERE pensum='5' AND c_uni_ca='5' AND c_asigna='300318' [1][0] OK
C:[19/08/2013 12:37:17.79][190.199.92.188][1151] SELECT c_asigna FROM dace004 WHERE exp_e='09-21468866' AND c_asigna='300228' AND status IN ('0','3','B','C') [1][0] OK
C:[19/08/2013 12:37:17.79][190.199.92.188][1151] SELECT c_asigna FROM dace004 WHERE exp_e='09-21468866' AND c_asigna='300207' AND status IN ('0','3','B','C') [1][0] OK
C:[19/08/2013 12:37:17.79][190.199.92.188][1151] SELECT c_asigna FROM dace004 WHERE exp_e='09-21468866' AND c_asigna='300218' AND status IN ('0','3','B','C') [1][0] OK
C:[19/08/2013 12:37:17.79][190.199.92.188][1138] SELECT pre_cod_asig1,pre_cod_asig2,pre_cod_asig3,pre_cod_asig4,pre_cod_asig5,pre_cod_asig6,pre_cod_asig7 FROM tblaca009_p_int WHERE pensum='5' AND c_uni_ca='5' AND c_asigna='351330' [1][0] OK
C:[19/08/2013 12:37:17.79][190.199.92.188][1151] SELECT c_asigna FROM dace004 WHERE exp_e='09-21468866' AND c_asigna='300218' AND status IN ('0','3','B','C') [1][0] OK
C:[19/08/2013 12:37:17.48][190.199.92.188][1182] SELECT par_cod_asig1,par_cod_asig2,par_cod_asig3 FROM tblaca009_p_int WHERE pensum='5' AND c_uni_ca='5' AND c_asigna='300317' [1][0] OK
C:[19/08/2013 12:37:17.48][190.199.92.188][1182] SELECT par_cod_asig1,par_cod_asig2,par_cod_asig3 FROM tblaca009_p_int WHERE pensum='5' AND c_uni_ca='5' AND c_asigna='300318' [1][0] OK
C:[19/08/2013 12:37:17.48][190.199.92.188][1182] SELECT par_cod_asig1,par_cod_asig2,par_cod_asig3 FROM tblaca009_p_int WHERE pensum='5' AND c_uni_ca='5' AND c_asigna='351330' [1][0] OK
C:[19/08/2013 12:37:17.48][190.199.92.188][1196] SELECT c_asigna FROM dace004 WHERE exp_e='09-21468866' AND c_asigna='300317' AND status IN ('0','3','B','C') [0][0] OK
C:[19/08/2013 12:37:18.00][190.199.92.188][1312] SELECT horas_lab FROM tblaca008 WHERE c_asigna='300317' AND horas_teoricas > 0 [1][0] OK
C:[19/08/2013 12:37:18.00][190.199.92.188][1312] SELECT horas_lab FROM tblaca008 WHERE c_asigna='300318' AND horas_teoricas > 0 [1][0] OK
C:[19/08/2013 12:37:18.00][190.199.92.188][1312] SELECT horas_lab FROM tblaca008 WHERE c_asigna='351330' AND horas_teoricas > 0 [1][0] OK
C:[19/08/2013 12:37:25.61][190.199.92.188][1138] SELECT pre_cod_asig1,pre_cod_asig2,pre_cod_asig3,pre_cod_asig4,pre_cod_asig5,pre_cod_asig6,pre_cod_asig7 FROM tblaca009_p_int WHERE pensum='5' AND c_uni_ca='6' AND c_asigna='300101' [1][0] OK
C:[19/08/2013 12:37:25.73][190.199.92.188][1182] SELECT par_cod_asig1,par_cod_asig2,par_cod_asig3 FROM tblaca009_p_int WHERE pensum='5' AND c_uni_ca='6' AND c_asigna='300101' [1][0] OK
C:[19/08/2013 12:37:25.86][190.199.92.188][1312] SELECT horas_lab FROM tblaca008 WHERE c_asigna='300101' AND horas_teoricas > 0 [1][0] OK
C:[19/08/2013 12:37:25.96][190.37.105.122][1138] SELECT pre_cod_asig1,pre_cod_asig2,pre_cod_asig3,pre_cod_asig4,pre_cod_asig5,pre_cod_asig6,pre_cod_asig7 FROM tblaca009_p_int WHERE pensum='5' AND c_uni_ca='2' AND c_asigna='300222' [1][0] OK
C:[19/08/2013 12:37:25.96][190.37.105.122][1151] SELECT c_asigna FROM dace004 WHERE exp_e='10-21235593' AND c_asigna='300112' AND status IN ('0','3','B','C') [1][0] OK
C:[19/08/2013 12:37:25.96][190.37.105.122][1138] SELECT pre_cod_asig1,pre_cod_asig2,pre_cod_asig3,pre_cod_asig4,pre_cod_asig5,pre_cod_asig6,pre_cod_asig7 FROM tblaca009_p_int WHERE pensum='5' AND c_uni_ca='2' AND c_asigna='320323' [1][0] OK
C:[19/08/2013 12:37:25.96][190.37.105.122][1151] SELECT c_asigna FROM dace004 WHERE exp_e='10-21235593' AND c_asigna='300228' AND status IN ('0','3','B','C') [1][0] OK
C:[19/08/2013 12:37:25.96][190.37.105.122][1151] SELECT c_asigna FROM dace004 WHERE exp_e='10-21235593' AND c_asigna='300218' AND status IN ('0','3','B','C') [1][0] OK
C:[19/08/2013 12:37:25.59][190.37.105.122][1182] SELECT par_cod_asig1,par_cod_asig2,par_cod_asig3 FROM tblaca009_p_int WHERE pensum='5' AND c_uni_ca='2' AND c_asigna='300222' [1][0] OK
C:[19/08/2013 12:37:25.59][190.37.105.122][1182] SELECT par_cod_asig1,par_cod_asig2,par_cod_asig3 FROM tblaca009_p_int WHERE pensum='5' AND c_uni_ca='2' AND c_asigna='320323' [1][0] OK
C:[19/08/2013 12:37:25.41][190.37.105.122][1312] SELECT horas_lab FROM tblaca008 WHERE c_asigna='300222' AND horas_teoricas > 0 [1][0] OK
C:[19/08/2013 12:37:25.41][190.37.105.122][1312] SELECT horas_lab FROM tblaca008 WHERE c_asigna='320323' AND horas_teoricas > 0 [1][0] OK
C:[19/08/2013 12:37:28.63][190.38.87.250][1138] SELECT pre_cod_asig1,pre_cod_asig2,pre_cod_asig3,pre_cod_asig4,pre_cod_asig5,pre_cod_asig6,pre_cod_asig7 FROM tblaca009_p_int WHERE pensum='5' AND c_uni_ca='6' AND c_asigna='344689' [1][0] OK
C:[19/08/2013 12:37:28.63][190.38.87.250][1151] SELECT c_asigna FROM dace004 WHERE exp_e='10-20285434' AND c_asigna='300209' AND status IN ('0','3','B','C') [1][0] OK
C:[19/08/2013 12:37:28.88][190.38.87.250][1182] SELECT par_cod_asig1,par_cod_asig2,par_cod_asig3 FROM tblaca009_p_int WHERE pensum='5' AND c_uni_ca='6' AND c_asigna='344689' [1][0] OK
C:[19/08/2013 12:37:28.02][190.38.87.250][1312] SELECT horas_lab FROM tblaca008 WHERE c_asigna='344689' AND horas_teoricas > 0 [1][0] OK
C:[19/08/2013 12:37:31.87][186.90.180.191][1138] SELECT pre_cod_asig1,pre_cod_asig2,pre_cod_asig3,pre_cod_asig4,pre_cod_asig5,pre_cod_asig6,pre_cod_asig7 FROM tblaca009_p_int WHERE pensum='5' AND c_uni_ca='2' AND c_asigna='322826' [1][0] OK
C:[19/08/2013 12:37:31.87][186.90.180.191][1151] SELECT c_asigna FROM dace004 WHERE exp_e='05-17999313' AND c_asigna='322683' AND status IN ('0','3','B','C') [1][0] OK
C:[19/08/2013 12:37:31.12][186.90.180.191][1182] SELECT par_cod_asig1,par_cod_asig2,par_cod_asig3 FROM tblaca009_p_int WHERE pensum='5' AND c_uni_ca='2' AND c_asigna='322826' [1][0] OK
C:[19/08/2013 12:37:31.26][186.90.180.191][1312] SELECT horas_lab FROM tblaca008 WHERE c_asigna='322826' AND horas_teoricas > 0 [1][0] OK
C:[19/08/2013 12:38:56.01][190.199.92.188][1138] SELECT pre_cod_asig1,pre_cod_asig2,pre_cod_asig3,pre_cod_asig4,pre_cod_asig5,pre_cod_asig6,pre_cod_asig7 FROM tblaca009_p_int WHERE pensum='5' AND c_uni_ca='6' AND c_asigna='300313' [1][0] OK
C:[19/08/2013 12:38:56.01][190.199.92.188][1151] SELECT c_asigna FROM dace004 WHERE exp_e='08-20037636' AND c_asigna='300213' AND status IN ('0','3','B','C') [1][0] OK
C:[19/08/2013 12:38:56.01][190.199.92.188][1138] SELECT pre_cod_asig1,pre_cod_asig2,pre_cod_asig3,pre_cod_asig4,pre_cod_asig5,pre_cod_asig6,pre_cod_asig7 FROM tblaca009_p_int WHERE pensum='5' AND c_uni_ca='6' AND c_asigna='344689' [1][0] OK
C:[19/08/2013 12:38:56.01][190.199.92.188][1151] SELECT c_asigna FROM dace004 WHERE exp_e='08-20037636' AND c_asigna='300209' AND status IN ('0','3','B','C') [1][0] OK
C:[19/08/2013 12:38:57.08][190.199.92.188][1182] SELECT par_cod_asig1,par_cod_asig2,par_cod_asig3 FROM tblaca009_p_int WHERE pensum='5' AND c_uni_ca='6' AND c_asigna='300313' [1][0] OK
C:[19/08/2013 12:38:57.08][190.199.92.188][1182] SELECT par_cod_asig1,par_cod_asig2,par_cod_asig3 FROM tblaca009_p_int WHERE pensum='5' AND c_uni_ca='6' AND c_asigna='344689' [1][0] OK
C:[19/08/2013 12:38:57.34][190.199.92.188][1312] SELECT horas_lab FROM tblaca008 WHERE c_asigna='300313' AND horas_teoricas > 0 [1][0] OK
C:[19/08/2013 12:38:57.34][190.199.92.188][1312] SELECT horas_lab FROM tblaca008 WHERE c_asigna='344689' AND horas_teoricas > 0 [1][0] OK
C:[19/08/2013 12:39:01.15][200.109.222.138][1138] SELECT pre_cod_asig1,pre_cod_asig2,pre_cod_asig3,pre_cod_asig4,pre_cod_asig5,pre_cod_asig6,pre_cod_asig7 FROM tblaca009_p_int WHERE pensum='5' AND c_uni_ca='6' AND c_asigna='342679' [1][0] OK
C:[19/08/2013 12:39:01.15][200.109.222.138][1151] SELECT c_asigna FROM dace004 WHERE exp_e='03-15781908' AND c_asigna='342567' AND status IN ('0','3','B','C') [1][0] OK
C:[19/08/2013 12:39:01.39][200.109.222.138][1182] SELECT par_cod_asig1,par_cod_asig2,par_cod_asig3 FROM tblaca009_p_int WHERE pensum='5' AND c_uni_ca='6' AND c_asigna='342679' [1][0] OK
C:[19/08/2013 12:39:01.52][200.109.222.138][1312] SELECT horas_lab FROM tblaca008 WHERE c_asigna='342679' AND horas_teoricas > 0 [1][0] OK
C:[19/08/2013 12:39:25.89][190.199.92.188][1138] SELECT pre_cod_asig1,pre_cod_asig2,pre_cod_asig3,pre_cod_asig4,pre_cod_asig5,pre_cod_asig6,pre_cod_asig7 FROM tblaca009_p_int WHERE pensum='5' AND c_uni_ca='6' AND c_asigna='300013' [1][0] OK
C:[19/08/2013 12:39:25.89][190.199.92.188][1138] SELECT pre_cod_asig1,pre_cod_asig2,pre_cod_asig3,pre_cod_asig4,pre_cod_asig5,pre_cod_asig6,pre_cod_asig7 FROM tblaca009_p_int WHERE pensum='5' AND c_uni_ca='6' AND c_asigna='300207' [1][0] OK
C:[19/08/2013 12:39:25.89][190.199.92.188][1151] SELECT c_asigna FROM dace004 WHERE exp_e='11-21236173' AND c_asigna='300101' AND status IN ('0','3','B','C') [1][0] OK
C:[19/08/2013 12:39:25.83][190.199.92.188][1182] SELECT par_cod_asig1,par_cod_asig2,par_cod_asig3 FROM tblaca009_p_int WHERE pensum='5' AND c_uni_ca='6' AND c_asigna='300013' [1][0] OK
C:[19/08/2013 12:39:25.83][190.199.92.188][1182] SELECT par_cod_asig1,par_cod_asig2,par_cod_asig3 FROM tblaca009_p_int WHERE pensum='5' AND c_uni_ca='6' AND c_asigna='300207' [1][0] OK
C:[19/08/2013 12:39:25.09][190.199.92.188][1312] SELECT horas_lab FROM tblaca008 WHERE c_asigna='300013' AND horas_teoricas > 0 [1][0] OK
C:[19/08/2013 12:39:25.09][190.199.92.188][1312] SELECT horas_lab FROM tblaca008 WHERE c_asigna='300207' AND horas_teoricas > 0 [1][0] OK
C:[19/08/2013 12:39:38.76][190.207.40.11][1138] SELECT pre_cod_asig1,pre_cod_asig2,pre_cod_asig3,pre_cod_asig4,pre_cod_asig5,pre_cod_asig6,pre_cod_asig7 FROM tblaca009_p_int WHERE pensum='5' AND c_uni_ca='6' AND c_asigna='300228' [1][0] OK
C:[19/08/2013 12:39:38.76][190.207.40.11][1151] SELECT c_asigna FROM dace004 WHERE exp_e='09-19905279' AND c_asigna='300101' AND status IN ('0','3','B','C') [1][0] OK
C:[19/08/2013 12:39:38.01][190.207.40.11][1182] SELECT par_cod_asig1,par_cod_asig2,par_cod_asig3 FROM tblaca009_p_int WHERE pensum='5' AND c_uni_ca='6' AND c_asigna='300228' [1][0] OK
C:[19/08/2013 12:39:38.15][190.207.40.11][1312] SELECT horas_lab FROM tblaca008 WHERE c_asigna='300228' AND horas_teoricas > 0 [1][0] OK
C:[19/08/2013 12:40:39.90][172.16.4.247][1138] SELECT pre_cod_asig1,pre_cod_asig2,pre_cod_asig3,pre_cod_asig4,pre_cod_asig5,pre_cod_asig6,pre_cod_asig7 FROM tblaca009_p_int WHERE pensum='5' AND c_uni_ca='2' AND c_asigna='322605' [1][0] OK
C:[19/08/2013 12:40:39.90][172.16.4.247][1151] SELECT c_asigna FROM dace004 WHERE exp_e='09-21197060' AND c_asigna='322436' AND status IN ('0','3','B','C') [1][0] OK
C:[19/08/2013 12:40:39.72][172.16.4.247][1182] SELECT par_cod_asig1,par_cod_asig2,par_cod_asig3 FROM tblaca009_p_int WHERE pensum='5' AND c_uni_ca='2' AND c_asigna='322605' [1][0] OK
C:[19/08/2013 12:40:39.84][172.16.4.247][1312] SELECT horas_lab FROM tblaca008 WHERE c_asigna='322605' AND horas_teoricas > 0 [1][0] OK
C:[19/08/2013 12:43:23.44][190.206.53.20][1138] SELECT pre_cod_asig1,pre_cod_asig2,pre_cod_asig3,pre_cod_asig4,pre_cod_asig5,pre_cod_asig6,pre_cod_asig7 FROM tblaca009_p_int WHERE pensum='5' AND c_uni_ca='4' AND c_asigna='300213' [1][0] OK
C:[19/08/2013 12:43:23.44][190.206.53.20][1151] SELECT c_asigna FROM dace004 WHERE exp_e='09-20805473' AND c_asigna='300101' AND status IN ('0','3','B','C') [1][0] OK
C:[19/08/2013 12:43:23.44][190.206.53.20][1138] SELECT pre_cod_asig1,pre_cod_asig2,pre_cod_asig3,pre_cod_asig4,pre_cod_asig5,pre_cod_asig6,pre_cod_asig7 FROM tblaca009_p_int WHERE pensum='5' AND c_uni_ca='4' AND c_asigna='300218' [1][0] OK
C:[19/08/2013 12:43:23.44][190.206.53.20][1138] SELECT pre_cod_asig1,pre_cod_asig2,pre_cod_asig3,pre_cod_asig4,pre_cod_asig5,pre_cod_asig6,pre_cod_asig7 FROM tblaca009_p_int WHERE pensum='5' AND c_uni_ca='4' AND c_asigna='330310' [1][0] OK
C:[19/08/2013 12:43:23.44][190.206.53.20][1151] SELECT c_asigna FROM dace004 WHERE exp_e='09-20805473' AND c_asigna='300013' AND status IN ('0','3','B','C') [1][0] OK
C:[19/08/2013 12:43:23.44][190.206.53.20][1151] SELECT c_asigna FROM dace004 WHERE exp_e='09-20805473' AND c_asigna='300113' AND status IN ('0','3','B','C') [1][0] OK
C:[19/08/2013 12:43:23.76][190.206.53.20][1182] SELECT par_cod_asig1,par_cod_asig2,par_cod_asig3 FROM tblaca009_p_int WHERE pensum='5' AND c_uni_ca='4' AND c_asigna='300213' [1][0] OK
C:[19/08/2013 12:43:23.76][190.206.53.20][1182] SELECT par_cod_asig1,par_cod_asig2,par_cod_asig3 FROM tblaca009_p_int WHERE pensum='5' AND c_uni_ca='4' AND c_asigna='300218' [1][0] OK
C:[19/08/2013 12:43:23.76][190.206.53.20][1196] SELECT c_asigna FROM dace004 WHERE exp_e='09-20805473' AND c_asigna='300228' AND status IN ('0','3','B','C') [0][0] OK
C:[19/08/2013 12:43:23.76][190.206.53.20][1182] SELECT par_cod_asig1,par_cod_asig2,par_cod_asig3 FROM tblaca009_p_int WHERE pensum='5' AND c_uni_ca='4' AND c_asigna='330310' [1][0] OK
C:[19/08/2013 12:43:23.27][190.206.53.20][1312] SELECT horas_lab FROM tblaca008 WHERE c_asigna='300213' AND horas_teoricas > 0 [1][0] OK
C:[19/08/2013 12:43:23.27][190.206.53.20][1312] SELECT horas_lab FROM tblaca008 WHERE c_asigna='300218' AND horas_teoricas > 0 [0][0] OK
C:[19/08/2013 12:43:23.27][190.206.53.20][1312] SELECT horas_lab FROM tblaca008 WHERE c_asigna='330310' AND horas_teoricas > 0 [1][0] OK
C:[19/08/2013 12:43:52.44][186.167.243.6][1138] SELECT pre_cod_asig1,pre_cod_asig2,pre_cod_asig3,pre_cod_asig4,pre_cod_asig5,pre_cod_asig6,pre_cod_asig7 FROM tblaca009_p_int WHERE pensum='5' AND c_uni_ca='4' AND c_asigna='300213' [1][0] OK
C:[19/08/2013 12:43:52.44][186.167.243.6][1151] SELECT c_asigna FROM dace004 WHERE exp_e='12-23611774' AND c_asigna='300101' AND status IN ('0','3','B','C') [1][0] OK
C:[19/08/2013 12:43:52.37][186.167.243.6][1182] SELECT par_cod_asig1,par_cod_asig2,par_cod_asig3 FROM tblaca009_p_int WHERE pensum='5' AND c_uni_ca='4' AND c_asigna='300213' [1][0] OK
C:[19/08/2013 12:43:52.51][186.167.243.6][1312] SELECT horas_lab FROM tblaca008 WHERE c_asigna='300213' AND horas_teoricas > 0 [1][0] OK
C:[19/08/2013 12:43:55.06][190.206.83.101][1138] SELECT pre_cod_asig1,pre_cod_asig2,pre_cod_asig3,pre_cod_asig4,pre_cod_asig5,pre_cod_asig6,pre_cod_asig7 FROM tblaca009_p_int WHERE pensum='5' AND c_uni_ca='2' AND c_asigna='300313' [1][0] OK
C:[19/08/2013 12:43:55.06][190.206.83.101][1151] SELECT c_asigna FROM dace004 WHERE exp_e='08-20504274' AND c_asigna='300213' AND status IN ('0','3','B','C') [1][0] OK
C:[19/08/2013 12:43:55.31][190.206.83.101][1182] SELECT par_cod_asig1,par_cod_asig2,par_cod_asig3 FROM tblaca009_p_int WHERE pensum='5' AND c_uni_ca='2' AND c_asigna='300313' [1][0] OK
C:[19/08/2013 12:43:55.45][190.206.83.101][1312] SELECT horas_lab FROM tblaca008 WHERE c_asigna='300313' AND horas_teoricas > 0 [1][0] OK
C:[19/08/2013 12:44:11.63][190.94.251.54][1138] SELECT pre_cod_asig1,pre_cod_asig2,pre_cod_asig3,pre_cod_asig4,pre_cod_asig5,pre_cod_asig6,pre_cod_asig7 FROM tblaca009_p_int WHERE pensum='5' AND c_uni_ca='2' AND c_asigna='300313' [1][0] OK
C:[19/08/2013 12:44:11.63][190.94.251.54][1151] SELECT c_asigna FROM dace004 WHERE exp_e='11-20503729' AND c_asigna='300213' AND status IN ('0','3','B','C') [1][0] OK
C:[19/08/2013 12:44:11.63][190.94.251.54][1138] SELECT pre_cod_asig1,pre_cod_asig2,pre_cod_asig3,pre_cod_asig4,pre_cod_asig5,pre_cod_asig6,pre_cod_asig7 FROM tblaca009_p_int WHERE pensum='5' AND c_uni_ca='2' AND c_asigna='300317' [1][0] OK
C:[19/08/2013 12:44:11.63][190.94.251.54][1151] SELECT c_asigna FROM dace004 WHERE exp_e='11-20503729' AND c_asigna='300207' AND status IN ('0','3','B','C') [1][0] OK
C:[19/08/2013 12:44:11.63][190.94.251.54][1151] SELECT c_asigna FROM dace004 WHERE exp_e='11-20503729' AND c_asigna='300209' AND status IN ('0','3','B','C') [1][0] OK
C:[19/08/2013 12:44:11.63][190.94.251.54][1138] SELECT pre_cod_asig1,pre_cod_asig2,pre_cod_asig3,pre_cod_asig4,pre_cod_asig5,pre_cod_asig6,pre_cod_asig7 FROM tblaca009_p_int WHERE pensum='5' AND c_uni_ca='2' AND c_asigna='320323' [1][0] OK
C:[19/08/2013 12:44:11.63][190.94.251.54][1151] SELECT c_asigna FROM dace004 WHERE exp_e='11-20503729' AND c_asigna='300228' AND status IN ('0','3','B','C') [1][0] OK
C:[19/08/2013 12:44:11.63][190.94.251.54][1151] SELECT c_asigna FROM dace004 WHERE exp_e='11-20503729' AND c_asigna='300218' AND status IN ('0','3','B','C') [1][0] OK
C:[19/08/2013 12:44:12.21][190.94.251.54][1182] SELECT par_cod_asig1,par_cod_asig2,par_cod_asig3 FROM tblaca009_p_int WHERE pensum='5' AND c_uni_ca='2' AND c_asigna='300313' [1][0] OK
C:[19/08/2013 12:44:12.21][190.94.251.54][1182] SELECT par_cod_asig1,par_cod_asig2,par_cod_asig3 FROM tblaca009_p_int WHERE pensum='5' AND c_uni_ca='2' AND c_asigna='300317' [1][0] OK
C:[19/08/2013 12:44:12.21][190.94.251.54][1182] SELECT par_cod_asig1,par_cod_asig2,par_cod_asig3 FROM tblaca009_p_int WHERE pensum='5' AND c_uni_ca='2' AND c_asigna='320323' [1][0] OK
C:[19/08/2013 12:44:12.59][190.94.251.54][1312] SELECT horas_lab FROM tblaca008 WHERE c_asigna='300313' AND horas_teoricas > 0 [1][0] OK
C:[19/08/2013 12:44:12.59][190.94.251.54][1312] SELECT horas_lab FROM tblaca008 WHERE c_asigna='300317' AND horas_teoricas > 0 [1][0] OK
C:[19/08/2013 12:44:12.59][190.94.251.54][1312] SELECT horas_lab FROM tblaca008 WHERE c_asigna='320323' AND horas_teoricas > 0 [1][0] OK
C:[19/08/2013 12:44:31.37][172.16.4.247][1138] SELECT pre_cod_asig1,pre_cod_asig2,pre_cod_asig3,pre_cod_asig4,pre_cod_asig5,pre_cod_asig6,pre_cod_asig7 FROM tblaca009_p_int WHERE pensum='5' AND c_uni_ca='2' AND c_asigna='322559' [1][0] OK
C:[19/08/2013 12:44:31.37][172.16.4.247][1151] SELECT c_asigna FROM dace004 WHERE exp_e='09-21197060' AND c_asigna='300428' AND status IN ('0','3','B','C') [1][0] OK
C:[19/08/2013 12:44:31.37][172.16.4.247][1151] SELECT c_asigna FROM dace004 WHERE exp_e='09-21197060' AND c_asigna='322436' AND status IN ('0','3','B','C') [1][0] OK
C:[19/08/2013 12:44:31.37][172.16.4.247][1138] SELECT pre_cod_asig1,pre_cod_asig2,pre_cod_asig3,pre_cod_asig4,pre_cod_asig5,pre_cod_asig6,pre_cod_asig7 FROM tblaca009_p_int WHERE pensum='5' AND c_uni_ca='2' AND c_asigna='322605' [1][0] OK
C:[19/08/2013 12:44:31.37][172.16.4.247][1151] SELECT c_asigna FROM dace004 WHERE exp_e='09-21197060' AND c_asigna='322436' AND status IN ('0','3','B','C') [1][0] OK
C:[19/08/2013 12:44:31.55][172.16.4.247][1182] SELECT par_cod_asig1,par_cod_asig2,par_cod_asig3 FROM tblaca009_p_int WHERE pensum='5' AND c_uni_ca='2' AND c_asigna='322559' [1][0] OK
C:[19/08/2013 12:44:31.55][172.16.4.247][1182] SELECT par_cod_asig1,par_cod_asig2,par_cod_asig3 FROM tblaca009_p_int WHERE pensum='5' AND c_uni_ca='2' AND c_asigna='322605' [1][0] OK
C:[19/08/2013 12:44:31.82][172.16.4.247][1312] SELECT horas_lab FROM tblaca008 WHERE c_asigna='322559' AND horas_teoricas > 0 [1][0] OK
C:[19/08/2013 12:44:31.82][172.16.4.247][1312] SELECT horas_lab FROM tblaca008 WHERE c_asigna='322605' AND horas_teoricas > 0 [1][0] OK
C:[19/08/2013 12:45:06.46][190.198.187.116][1138] SELECT pre_cod_asig1,pre_cod_asig2,pre_cod_asig3,pre_cod_asig4,pre_cod_asig5,pre_cod_asig6,pre_cod_asig7 FROM tblaca009_p_int WHERE pensum='5' AND c_uni_ca='5' AND c_asigna='300313' [1][0] OK
C:[19/08/2013 12:45:06.46][190.198.187.116][1151] SELECT c_asigna FROM dace004 WHERE exp_e='09-20300509' AND c_asigna='300213' AND status IN ('0','3','B','C') [1][0] OK
C:[19/08/2013 12:45:06.28][190.198.187.116][1182] SELECT par_cod_asig1,par_cod_asig2,par_cod_asig3 FROM tblaca009_p_int WHERE pensum='5' AND c_uni_ca='5' AND c_asigna='300313' [1][0] OK
C:[19/08/2013 12:45:07.41][190.198.187.116][1312] SELECT horas_lab FROM tblaca008 WHERE c_asigna='300313' AND horas_teoricas > 0 [1][0] OK
C:[19/08/2013 12:46:53.99][190.73.234.82][1138] SELECT pre_cod_asig1,pre_cod_asig2,pre_cod_asig3,pre_cod_asig4,pre_cod_asig5,pre_cod_asig6,pre_cod_asig7 FROM tblaca009_p_int WHERE pensum='5' AND c_uni_ca='2' AND c_asigna='300101' [1][0] OK
C:[19/08/2013 12:46:53.68][190.73.234.82][1182] SELECT par_cod_asig1,par_cod_asig2,par_cod_asig3 FROM tblaca009_p_int WHERE pensum='5' AND c_uni_ca='2' AND c_asigna='300101' [1][0] OK
C:[19/08/2013 12:46:53.82][190.73.234.82][1312] SELECT horas_lab FROM tblaca008 WHERE c_asigna='300101' AND horas_teoricas > 0 [1][0] OK
C:[19/08/2013 12:47:24.83][181.185.236.61][1138] SELECT pre_cod_asig1,pre_cod_asig2,pre_cod_asig3,pre_cod_asig4,pre_cod_asig5,pre_cod_asig6,pre_cod_asig7 FROM tblaca009_p_int WHERE pensum='5' AND c_uni_ca='6' AND c_asigna='300213' [1][0] OK
C:[19/08/2013 12:47:24.83][181.185.236.61][1151] SELECT c_asigna FROM dace004 WHERE exp_e='08-20806760' AND c_asigna='300101' AND status IN ('0','3','B','C') [1][0] OK
C:[19/08/2013 12:47:24.83][181.185.236.61][1138] SELECT pre_cod_asig1,pre_cod_asig2,pre_cod_asig3,pre_cod_asig4,pre_cod_asig5,pre_cod_asig6,pre_cod_asig7 FROM tblaca009_p_int WHERE pensum='5' AND c_uni_ca='6' AND c_asigna='300228' [1][0] OK
C:[19/08/2013 12:47:24.83][181.185.236.61][1151] SELECT c_asigna FROM dace004 WHERE exp_e='08-20806760' AND c_asigna='300101' AND status IN ('0','3','B','C') [1][0] OK
C:[19/08/2013 12:47:24.90][181.185.236.61][1182] SELECT par_cod_asig1,par_cod_asig2,par_cod_asig3 FROM tblaca009_p_int WHERE pensum='5' AND c_uni_ca='6' AND c_asigna='300213' [1][0] OK
C:[19/08/2013 12:47:24.90][181.185.236.61][1182] SELECT par_cod_asig1,par_cod_asig2,par_cod_asig3 FROM tblaca009_p_int WHERE pensum='5' AND c_uni_ca='6' AND c_asigna='300228' [1][0] OK
C:[19/08/2013 12:47:24.16][181.185.236.61][1312] SELECT horas_lab FROM tblaca008 WHERE c_asigna='300213' AND horas_teoricas > 0 [1][0] OK
C:[19/08/2013 12:47:24.16][181.185.236.61][1312] SELECT horas_lab FROM tblaca008 WHERE c_asigna='300228' AND horas_teoricas > 0 [1][0] OK
C:[19/08/2013 12:47:48.19][190.77.208.145][1138] SELECT pre_cod_asig1,pre_cod_asig2,pre_cod_asig3,pre_cod_asig4,pre_cod_asig5,pre_cod_asig6,pre_cod_asig7 FROM tblaca009_p_int WHERE pensum='5' AND c_uni_ca='4' AND c_asigna='300207' [1][0] OK
C:[19/08/2013 12:47:48.19][190.77.208.145][1151] SELECT c_asigna FROM dace004 WHERE exp_e='12-24033150' AND c_asigna='300101' AND status IN ('0','3','B','C') [1][0] OK
C:[19/08/2013 12:47:48.19][190.77.208.145][1138] SELECT pre_cod_asig1,pre_cod_asig2,pre_cod_asig3,pre_cod_asig4,pre_cod_asig5,pre_cod_asig6,pre_cod_asig7 FROM tblaca009_p_int WHERE pensum='5' AND c_uni_ca='4' AND c_asigna='300228' [1][0] OK
C:[19/08/2013 12:47:48.19][190.77.208.145][1151] SELECT c_asigna FROM dace004 WHERE exp_e='12-24033150' AND c_asigna='300101' AND status IN ('0','3','B','C') [1][0] OK
C:[19/08/2013 12:47:48.24][190.77.208.145][1182] SELECT par_cod_asig1,par_cod_asig2,par_cod_asig3 FROM tblaca009_p_int WHERE pensum='5' AND c_uni_ca='4' AND c_asigna='300207' [1][0] OK
C:[19/08/2013 12:47:48.24][190.77.208.145][1182] SELECT par_cod_asig1,par_cod_asig2,par_cod_asig3 FROM tblaca009_p_int WHERE pensum='5' AND c_uni_ca='4' AND c_asigna='300228' [1][0] OK
C:[19/08/2013 12:47:48.51][190.77.208.145][1312] SELECT horas_lab FROM tblaca008 WHERE c_asigna='300207' AND horas_teoricas > 0 [1][0] OK
C:[19/08/2013 12:47:48.51][190.77.208.145][1312] SELECT horas_lab FROM tblaca008 WHERE c_asigna='300228' AND horas_teoricas > 0 [1][0] OK
C:[19/08/2013 12:47:54.68][186.167.242.170][1138] SELECT pre_cod_asig1,pre_cod_asig2,pre_cod_asig3,pre_cod_asig4,pre_cod_asig5,pre_cod_asig6,pre_cod_asig7 FROM tblaca009_p_int WHERE pensum='5' AND c_uni_ca='2' AND c_asigna='300317' [1][0] OK
C:[19/08/2013 12:47:54.68][186.167.242.170][1151] SELECT c_asigna FROM dace004 WHERE exp_e='11-21251554' AND c_asigna='300207' AND status IN ('0','3','B','C') [1][0] OK
C:[19/08/2013 12:47:54.68][186.167.242.170][1151] SELECT c_asigna FROM dace004 WHERE exp_e='11-21251554' AND c_asigna='300209' AND status IN ('0','3','B','C') [1][0] OK
C:[19/08/2013 12:47:54.05][186.167.242.170][1182] SELECT par_cod_asig1,par_cod_asig2,par_cod_asig3 FROM tblaca009_p_int WHERE pensum='5' AND c_uni_ca='2' AND c_asigna='300317' [1][0] OK
C:[19/08/2013 12:47:54.18][186.167.242.170][1312] SELECT horas_lab FROM tblaca008 WHERE c_asigna='300317' AND horas_teoricas > 0 [1][0] OK
C:[19/08/2013 12:48:13.55][190.37.97.194][1138] SELECT pre_cod_asig1,pre_cod_asig2,pre_cod_asig3,pre_cod_asig4,pre_cod_asig5,pre_cod_asig6,pre_cod_asig7 FROM tblaca009_p_int WHERE pensum='5' AND c_uni_ca='2' AND c_asigna='300101' [1][0] OK
C:[19/08/2013 12:48:13.55][190.37.97.194][1138] SELECT pre_cod_asig1,pre_cod_asig2,pre_cod_asig3,pre_cod_asig4,pre_cod_asig5,pre_cod_asig6,pre_cod_asig7 FROM tblaca009_p_int WHERE pensum='5' AND c_uni_ca='2' AND c_asigna='300222' [1][0] OK
C:[19/08/2013 12:48:13.55][190.37.97.194][1151] SELECT c_asigna FROM dace004 WHERE exp_e='12-22615866' AND c_asigna='300112' AND status IN ('0','3','B','C') [1][0] OK
C:[19/08/2013 12:48:13.49][190.37.97.194][1182] SELECT par_cod_asig1,par_cod_asig2,par_cod_asig3 FROM tblaca009_p_int WHERE pensum='5' AND c_uni_ca='2' AND c_asigna='300101' [1][0] OK
C:[19/08/2013 12:48:13.49][190.37.97.194][1182] SELECT par_cod_asig1,par_cod_asig2,par_cod_asig3 FROM tblaca009_p_int WHERE pensum='5' AND c_uni_ca='2' AND c_asigna='300222' [1][0] OK
C:[19/08/2013 12:48:13.75][190.37.97.194][1312] SELECT horas_lab FROM tblaca008 WHERE c_asigna='300101' AND horas_teoricas > 0 [1][0] OK
C:[19/08/2013 12:48:13.75][190.37.97.194][1312] SELECT horas_lab FROM tblaca008 WHERE c_asigna='300222' AND horas_teoricas > 0 [1][0] OK
C:[19/08/2013 12:51:02.11][186.94.90.253][1138] SELECT pre_cod_asig1,pre_cod_asig2,pre_cod_asig3,pre_cod_asig4,pre_cod_asig5,pre_cod_asig6,pre_cod_asig7 FROM tblaca009_p_int WHERE pensum='5' AND c_uni_ca='6' AND c_asigna='344715' [1][0] OK
C:[19/08/2013 12:51:02.11][186.94.90.253][1151] SELECT c_asigna FROM dace004 WHERE exp_e='08-14188859' AND c_asigna='344688' AND status IN ('0','3','B','C') [1][0] OK
C:[19/08/2013 12:51:02.11][186.94.90.253][1151] SELECT c_asigna FROM dace004 WHERE exp_e='08-14188859' AND c_asigna='344613' AND status IN ('0','3','B','C') [1][0] OK
C:[19/08/2013 12:51:02.11][186.94.90.253][1138] SELECT pre_cod_asig1,pre_cod_asig2,pre_cod_asig3,pre_cod_asig4,pre_cod_asig5,pre_cod_asig6,pre_cod_asig7 FROM tblaca009_p_int WHERE pensum='5' AND c_uni_ca='6' AND c_asigna='344843' [1][0] OK
C:[19/08/2013 12:51:02.11][186.94.90.253][1151] SELECT c_asigna FROM dace004 WHERE exp_e='08-14188859' AND c_asigna='344714' AND status IN ('0','3','B','C') [1][0] OK
C:[19/08/2013 12:51:02.29][186.94.90.253][1182] SELECT par_cod_asig1,par_cod_asig2,par_cod_asig3 FROM tblaca009_p_int WHERE pensum='5' AND c_uni_ca='6' AND c_asigna='344715' [1][0] OK
C:[19/08/2013 12:51:02.29][186.94.90.253][1182] SELECT par_cod_asig1,par_cod_asig2,par_cod_asig3 FROM tblaca009_p_int WHERE pensum='5' AND c_uni_ca='6' AND c_asigna='344843' [1][0] OK
C:[19/08/2013 12:51:02.55][186.94.90.253][1312] SELECT horas_lab FROM tblaca008 WHERE c_asigna='344715' AND horas_teoricas > 0 [1][0] OK
C:[19/08/2013 12:51:02.55][186.94.90.253][1312] SELECT horas_lab FROM tblaca008 WHERE c_asigna='344843' AND horas_teoricas > 0 [1][0] OK
C:[19/08/2013 12:51:11.28][200.109.194.208][1138] SELECT pre_cod_asig1,pre_cod_asig2,pre_cod_asig3,pre_cod_asig4,pre_cod_asig5,pre_cod_asig6,pre_cod_asig7 FROM tblaca009_p_int WHERE pensum='5' AND c_uni_ca='5' AND c_asigna='351330' [1][0] OK
C:[19/08/2013 12:51:11.28][200.109.194.208][1151] SELECT c_asigna FROM dace004 WHERE exp_e='10-19333499' AND c_asigna='300218' AND status IN ('0','3','B','C') [1][0] OK
C:[19/08/2013 12:51:11.28][200.109.194.208][1138] SELECT pre_cod_asig1,pre_cod_asig2,pre_cod_asig3,pre_cod_asig4,pre_cod_asig5,pre_cod_asig6,pre_cod_asig7 FROM tblaca009_p_int WHERE pensum='5' AND c_uni_ca='5' AND c_asigna='355448' [1][0] OK
C:[19/08/2013 12:51:11.28][200.109.194.208][1151] SELECT c_asigna FROM dace004 WHERE exp_e='10-19333499' AND c_asigna='300313' AND status IN ('0','3','B','C') [1][0] OK
C:[19/08/2013 12:51:12.77][200.109.194.208][1182] SELECT par_cod_asig1,par_cod_asig2,par_cod_asig3 FROM tblaca009_p_int WHERE pensum='5' AND c_uni_ca='5' AND c_asigna='351330' [1][0] OK
C:[19/08/2013 12:51:12.77][200.109.194.208][1196] SELECT c_asigna FROM dace004 WHERE exp_e='10-19333499' AND c_asigna='300317' AND status IN ('0','3','B','C') [1][0] OK
C:[19/08/2013 12:51:12.77][200.109.194.208][1182] SELECT par_cod_asig1,par_cod_asig2,par_cod_asig3 FROM tblaca009_p_int WHERE pensum='5' AND c_uni_ca='5' AND c_asigna='355448' [1][0] OK
C:[19/08/2013 12:51:12.17][200.109.194.208][1312] SELECT horas_lab FROM tblaca008 WHERE c_asigna='351330' AND horas_teoricas > 0 [1][0] OK
C:[19/08/2013 12:51:12.17][200.109.194.208][1312] SELECT horas_lab FROM tblaca008 WHERE c_asigna='355448' AND horas_teoricas > 0 [1][0] OK
C:[19/08/2013 12:51:46.50][186.88.131.74][1138] SELECT pre_cod_asig1,pre_cod_asig2,pre_cod_asig3,pre_cod_asig4,pre_cod_asig5,pre_cod_asig6,pre_cod_asig7 FROM tblaca009_p_int WHERE pensum='5' AND c_uni_ca='2' AND c_asigna='300428' [1][0] OK
C:[19/08/2013 12:51:46.50][186.88.131.74][1151] SELECT c_asigna FROM dace004 WHERE exp_e='10-21338475' AND c_asigna='300317' AND status IN ('0','3','B','C') [1][0] OK
C:[19/08/2013 12:51:46.50][186.88.131.74][1138] SELECT pre_cod_asig1,pre_cod_asig2,pre_cod_asig3,pre_cod_asig4,pre_cod_asig5,pre_cod_asig6,pre_cod_asig7 FROM tblaca009_p_int WHERE pensum='5' AND c_uni_ca='2' AND c_asigna='322436' [1][0] OK
C:[19/08/2013 12:51:46.50][186.88.131.74][1151] SELECT c_asigna FROM dace004 WHERE exp_e='10-21338475' AND c_asigna='320311' AND status IN ('0','3','B','C') [1][0] OK
C:[19/08/2013 12:51:46.11][186.88.131.74][1182] SELECT par_cod_asig1,par_cod_asig2,par_cod_asig3 FROM tblaca009_p_int WHERE pensum='5' AND c_uni_ca='2' AND c_asigna='300428' [1][0] OK
C:[19/08/2013 12:51:46.11][186.88.131.74][1182] SELECT par_cod_asig1,par_cod_asig2,par_cod_asig3 FROM tblaca009_p_int WHERE pensum='5' AND c_uni_ca='2' AND c_asigna='322436' [1][0] OK
C:[19/08/2013 12:51:46.38][186.88.131.74][1312] SELECT horas_lab FROM tblaca008 WHERE c_asigna='300428' AND horas_teoricas > 0 [1][0] OK
C:[19/08/2013 12:51:46.38][186.88.131.74][1312] SELECT horas_lab FROM tblaca008 WHERE c_asigna='322436' AND horas_teoricas > 0 [1][0] OK
C:[19/08/2013 12:52:11.02][190.199.92.188][1138] SELECT pre_cod_asig1,pre_cod_asig2,pre_cod_asig3,pre_cod_asig4,pre_cod_asig5,pre_cod_asig6,pre_cod_asig7 FROM tblaca009_p_int WHERE pensum='5' AND c_uni_ca='2' AND c_asigna='300226' [1][0] OK
C:[19/08/2013 12:52:11.02][190.199.92.188][1151] SELECT c_asigna FROM dace004 WHERE exp_e='12-21608483' AND c_asigna='300116' AND status IN ('0','3','B','C') [1][0] OK
C:[19/08/2013 12:52:11.83][190.199.92.188][1182] SELECT par_cod_asig1,par_cod_asig2,par_cod_asig3 FROM tblaca009_p_int WHERE pensum='5' AND c_uni_ca='2' AND c_asigna='300226' [1][0] OK
C:[19/08/2013 12:52:11.97][190.199.92.188][1312] SELECT horas_lab FROM tblaca008 WHERE c_asigna='300226' AND horas_teoricas > 0 [1][0] OK
C:[19/08/2013 12:52:58.39][190.199.92.188][1138] SELECT pre_cod_asig1,pre_cod_asig2,pre_cod_asig3,pre_cod_asig4,pre_cod_asig5,pre_cod_asig6,pre_cod_asig7 FROM tblaca009_p_int WHERE pensum='5' AND c_uni_ca='3' AND c_asigna='300013' [1][0] OK
C:[19/08/2013 12:52:58.39][190.199.92.188][1138] SELECT pre_cod_asig1,pre_cod_asig2,pre_cod_asig3,pre_cod_asig4,pre_cod_asig5,pre_cod_asig6,pre_cod_asig7 FROM tblaca009_p_int WHERE pensum='5' AND c_uni_ca='3' AND c_asigna='300116' [1][0] OK
C:[19/08/2013 12:52:58.18][190.199.92.188][1182] SELECT par_cod_asig1,par_cod_asig2,par_cod_asig3 FROM tblaca009_p_int WHERE pensum='5' AND c_uni_ca='3' AND c_asigna='300013' [1][0] OK
C:[19/08/2013 12:52:58.18][190.199.92.188][1182] SELECT par_cod_asig1,par_cod_asig2,par_cod_asig3 FROM tblaca009_p_int WHERE pensum='5' AND c_uni_ca='3' AND c_asigna='300116' [1][0] OK
C:[19/08/2013 12:52:58.44][190.199.92.188][1312] SELECT horas_lab FROM tblaca008 WHERE c_asigna='300013' AND horas_teoricas > 0 [1][0] OK
C:[19/08/2013 12:52:58.44][190.199.92.188][1312] SELECT horas_lab FROM tblaca008 WHERE c_asigna='300116' AND horas_teoricas > 0 [1][0] OK
C:[19/08/2013 12:53:10.24][190.199.92.188][1138] SELECT pre_cod_asig1,pre_cod_asig2,pre_cod_asig3,pre_cod_asig4,pre_cod_asig5,pre_cod_asig6,pre_cod_asig7 FROM tblaca009_p_int WHERE pensum='5' AND c_uni_ca='5' AND c_asigna='300226' [1][0] OK
C:[19/08/2013 12:53:10.24][190.199.92.188][1151] SELECT c_asigna FROM dace004 WHERE exp_e='09-19094086' AND c_asigna='300116' AND status IN ('0','3','B','C') [1][0] OK
C:[19/08/2013 12:53:10.24][190.199.92.188][1138] SELECT pre_cod_asig1,pre_cod_asig2,pre_cod_asig3,pre_cod_asig4,pre_cod_asig5,pre_cod_asig6,pre_cod_asig7 FROM tblaca009_p_int WHERE pensum='5' AND c_uni_ca='5' AND c_asigna='300318' [1][0] OK
C:[19/08/2013 12:53:10.24][190.199.92.188][1151] SELECT c_asigna FROM dace004 WHERE exp_e='09-19094086' AND c_asigna='300228' AND status IN ('0','3','B','C') [1][0] OK
C:[19/08/2013 12:53:10.24][190.199.92.188][1151] SELECT c_asigna FROM dace004 WHERE exp_e='09-19094086' AND c_asigna='300207' AND status IN ('0','3','B','C') [1][0] OK
C:[19/08/2013 12:53:10.24][190.199.92.188][1151] SELECT c_asigna FROM dace004 WHERE exp_e='09-19094086' AND c_asigna='300218' AND status IN ('0','3','B','C') [1][0] OK
C:[19/08/2013 12:53:11.99][190.199.92.188][1182] SELECT par_cod_asig1,par_cod_asig2,par_cod_asig3 FROM tblaca009_p_int WHERE pensum='5' AND c_uni_ca='5' AND c_asigna='300226' [1][0] OK
C:[19/08/2013 12:53:11.99][190.199.92.188][1182] SELECT par_cod_asig1,par_cod_asig2,par_cod_asig3 FROM tblaca009_p_int WHERE pensum='5' AND c_uni_ca='5' AND c_asigna='300318' [1][0] OK
C:[19/08/2013 12:53:11.26][190.199.92.188][1312] SELECT horas_lab FROM tblaca008 WHERE c_asigna='300226' AND horas_teoricas > 0 [1][0] OK
C:[19/08/2013 12:53:11.26][190.199.92.188][1312] SELECT horas_lab FROM tblaca008 WHERE c_asigna='300318' AND horas_teoricas > 0 [1][0] OK
C:[19/08/2013 12:53:25.71][190.204.204.251][1138] SELECT pre_cod_asig1,pre_cod_asig2,pre_cod_asig3,pre_cod_asig4,pre_cod_asig5,pre_cod_asig6,pre_cod_asig7 FROM tblaca009_p_int WHERE pensum='5' AND c_uni_ca='5' AND c_asigna='300226' [1][0] OK
C:[19/08/2013 12:53:25.71][190.204.204.251][1151] SELECT c_asigna FROM dace004 WHERE exp_e='12-25081031' AND c_asigna='300116' AND status IN ('0','3','B','C') [1][0] OK
C:[19/08/2013 12:53:25.53][190.204.204.251][1182] SELECT par_cod_asig1,par_cod_asig2,par_cod_asig3 FROM tblaca009_p_int WHERE pensum='5' AND c_uni_ca='5' AND c_asigna='300226' [1][0] OK
C:[19/08/2013 12:53:25.66][190.204.204.251][1312] SELECT horas_lab FROM tblaca008 WHERE c_asigna='300226' AND horas_teoricas > 0 [1][0] OK
C:[19/08/2013 12:53:29.15][190.199.92.188][1138] SELECT pre_cod_asig1,pre_cod_asig2,pre_cod_asig3,pre_cod_asig4,pre_cod_asig5,pre_cod_asig6,pre_cod_asig7 FROM tblaca009_p_int WHERE pensum='5' AND c_uni_ca='6' AND c_asigna='300207' [1][0] OK
C:[19/08/2013 12:53:29.15][190.199.92.188][1151] SELECT c_asigna FROM dace004 WHERE exp_e='12-23646835' AND c_asigna='300101' AND status IN ('0','3','B','C') [1][0] OK
C:[19/08/2013 12:53:29.15][190.199.92.188][1138] SELECT pre_cod_asig1,pre_cod_asig2,pre_cod_asig3,pre_cod_asig4,pre_cod_asig5,pre_cod_asig6,pre_cod_asig7 FROM tblaca009_p_int WHERE pensum='5' AND c_uni_ca='6' AND c_asigna='300209' [1][0] OK
C:[19/08/2013 12:53:29.15][190.199.92.188][1151] SELECT c_asigna FROM dace004 WHERE exp_e='12-23646835' AND c_asigna='300101' AND status IN ('0','3','B','C') [1][0] OK
C:[19/08/2013 12:53:30.68][190.199.92.188][1182] SELECT par_cod_asig1,par_cod_asig2,par_cod_asig3 FROM tblaca009_p_int WHERE pensum='5' AND c_uni_ca='6' AND c_asigna='300207' [1][0] OK
C:[19/08/2013 12:53:30.68][190.199.92.188][1182] SELECT par_cod_asig1,par_cod_asig2,par_cod_asig3 FROM tblaca009_p_int WHERE pensum='5' AND c_uni_ca='6' AND c_asigna='300209' [1][0] OK
C:[19/08/2013 12:53:30.91][190.199.92.188][1312] SELECT horas_lab FROM tblaca008 WHERE c_asigna='300207' AND horas_teoricas > 0 [1][0] OK
C:[19/08/2013 12:53:30.91][190.199.92.188][1312] SELECT horas_lab FROM tblaca008 WHERE c_asigna='300209' AND horas_teoricas > 0 [1][0] OK
C:[19/08/2013 12:54:01.70][190.201.28.31][1138] SELECT pre_cod_asig1,pre_cod_asig2,pre_cod_asig3,pre_cod_asig4,pre_cod_asig5,pre_cod_asig6,pre_cod_asig7 FROM tblaca009_p_int WHERE pensum='5' AND c_uni_ca='3' AND c_asigna='312333' [1][0] OK
C:[19/08/2013 12:54:01.70][190.201.28.31][1151] SELECT c_asigna FROM dace004 WHERE exp_e='06-17514736' AND c_asigna='300228' AND status IN ('0','3','B','C') [1][0] OK
C:[19/08/2013 12:54:01.70][190.201.28.31][1138] SELECT pre_cod_asig1,pre_cod_asig2,pre_cod_asig3,pre_cod_asig4,pre_cod_asig5,pre_cod_asig6,pre_cod_asig7 FROM tblaca009_p_int WHERE pensum='5' AND c_uni_ca='3' AND c_asigna='311551' [1][0] OK
C:[19/08/2013 12:54:01.70][190.201.28.31][1151] SELECT c_asigna FROM dace004 WHERE exp_e='06-17514736' AND c_asigna='311430' AND status IN ('0','3','B','C') [1][0] OK
C:[19/08/2013 12:54:01.70][190.201.28.31][1138] SELECT pre_cod_asig1,pre_cod_asig2,pre_cod_asig3,pre_cod_asig4,pre_cod_asig5,pre_cod_asig6,pre_cod_asig7 FROM tblaca009_p_int WHERE pensum='5' AND c_uni_ca='3' AND c_asigna='311554' [1][0] OK
C:[19/08/2013 12:54:01.70][190.201.28.31][1151] SELECT c_asigna FROM dace004 WHERE exp_e='06-17514736' AND c_asigna='300318' AND status IN ('0','3','B','C') [1][0] OK
C:[19/08/2013 12:54:01.01][190.201.28.31][1182] SELECT par_cod_asig1,par_cod_asig2,par_cod_asig3 FROM tblaca009_p_int WHERE pensum='5' AND c_uni_ca='3' AND c_asigna='312333' [1][0] OK
C:[19/08/2013 12:54:01.01][190.201.28.31][1182] SELECT par_cod_asig1,par_cod_asig2,par_cod_asig3 FROM tblaca009_p_int WHERE pensum='5' AND c_uni_ca='3' AND c_asigna='311551' [1][0] OK
C:[19/08/2013 12:54:01.01][190.201.28.31][1182] SELECT par_cod_asig1,par_cod_asig2,par_cod_asig3 FROM tblaca009_p_int WHERE pensum='5' AND c_uni_ca='3' AND c_asigna='311554' [1][0] OK
C:[19/08/2013 12:54:02.40][190.201.28.31][1312] SELECT horas_lab FROM tblaca008 WHERE c_asigna='312333' AND horas_teoricas > 0 [1][0] OK
C:[19/08/2013 12:54:02.40][190.201.28.31][1312] SELECT horas_lab FROM tblaca008 WHERE c_asigna='311551' AND horas_teoricas > 0 [1][0] OK
C:[19/08/2013 12:54:02.40][190.201.28.31][1312] SELECT horas_lab FROM tblaca008 WHERE c_asigna='311554' AND horas_teoricas > 0 [1][0] OK
C:[19/08/2013 12:56:16.53][181.182.228.180][1138] SELECT pre_cod_asig1,pre_cod_asig2,pre_cod_asig3,pre_cod_asig4,pre_cod_asig5,pre_cod_asig6,pre_cod_asig7 FROM tblaca009_p_int WHERE pensum='5' AND c_uni_ca='2' AND c_asigna='300428' [1][0] OK
C:[19/08/2013 12:56:16.53][181.182.228.180][1151] SELECT c_asigna FROM dace004 WHERE exp_e='10-24559650' AND c_asigna='300317' AND status IN ('0','3','B','C') [1][0] OK
C:[19/08/2013 12:56:16.53][181.182.228.180][1138] SELECT pre_cod_asig1,pre_cod_asig2,pre_cod_asig3,pre_cod_asig4,pre_cod_asig5,pre_cod_asig6,pre_cod_asig7 FROM tblaca009_p_int WHERE pensum='5' AND c_uni_ca='2' AND c_asigna='322558' [1][0] OK
C:[19/08/2013 12:56:16.53][181.182.228.180][1151] SELECT c_asigna FROM dace004 WHERE exp_e='10-24559650' AND c_asigna='320323' AND status IN ('0','3','B','C') [1][0] OK
C:[19/08/2013 12:56:16.60][181.182.228.180][1182] SELECT par_cod_asig1,par_cod_asig2,par_cod_asig3 FROM tblaca009_p_int WHERE pensum='5' AND c_uni_ca='2' AND c_asigna='300428' [1][0] OK
C:[19/08/2013 12:56:16.60][181.182.228.180][1182] SELECT par_cod_asig1,par_cod_asig2,par_cod_asig3 FROM tblaca009_p_int WHERE pensum='5' AND c_uni_ca='2' AND c_asigna='322558' [1][0] OK
C:[19/08/2013 12:56:16.86][181.182.228.180][1312] SELECT horas_lab FROM tblaca008 WHERE c_asigna='300428' AND horas_teoricas > 0 [1][0] OK
C:[19/08/2013 12:56:16.86][181.182.228.180][1312] SELECT horas_lab FROM tblaca008 WHERE c_asigna='322558' AND horas_teoricas > 0 [1][0] OK
C:[19/08/2013 12:56:53.39][186.90.126.30][1138] SELECT pre_cod_asig1,pre_cod_asig2,pre_cod_asig3,pre_cod_asig4,pre_cod_asig5,pre_cod_asig6,pre_cod_asig7 FROM tblaca009_p_int WHERE pensum='5' AND c_uni_ca='2' AND c_asigna='300213' [1][0] OK
C:[19/08/2013 12:56:53.39][186.90.126.30][1151] SELECT c_asigna FROM dace004 WHERE exp_e='08-20224276' AND c_asigna='300101' AND status IN ('0','3','B','C') [1][0] OK
C:[19/08/2013 12:56:53.39][186.90.126.30][1138] SELECT pre_cod_asig1,pre_cod_asig2,pre_cod_asig3,pre_cod_asig4,pre_cod_asig5,pre_cod_asig6,pre_cod_asig7 FROM tblaca009_p_int WHERE pensum='5' AND c_uni_ca='2' AND c_asigna='300317' [1][0] OK
C:[19/08/2013 12:56:53.39][186.90.126.30][1151] SELECT c_asigna FROM dace004 WHERE exp_e='08-20224276' AND c_asigna='300207' AND status IN ('0','3','B','C') [1][0] OK
C:[19/08/2013 12:56:53.39][186.90.126.30][1151] SELECT c_asigna FROM dace004 WHERE exp_e='08-20224276' AND c_asigna='300209' AND status IN ('0','3','B','C') [1][0] OK
C:[19/08/2013 12:56:54.58][186.90.126.30][1182] SELECT par_cod_asig1,par_cod_asig2,par_cod_asig3 FROM tblaca009_p_int WHERE pensum='5' AND c_uni_ca='2' AND c_asigna='300213' [1][0] OK
C:[19/08/2013 12:56:54.58][186.90.126.30][1182] SELECT par_cod_asig1,par_cod_asig2,par_cod_asig3 FROM tblaca009_p_int WHERE pensum='5' AND c_uni_ca='2' AND c_asigna='300317' [1][0] OK
C:[19/08/2013 12:56:54.84][186.90.126.30][1312] SELECT horas_lab FROM tblaca008 WHERE c_asigna='300213' AND horas_teoricas > 0 [1][0] OK
C:[19/08/2013 12:56:54.84][186.90.126.30][1312] SELECT horas_lab FROM tblaca008 WHERE c_asigna='300317' AND horas_teoricas > 0 [1][0] OK
C:[19/08/2013 12:57:05.87][186.88.98.177][1138] SELECT pre_cod_asig1,pre_cod_asig2,pre_cod_asig3,pre_cod_asig4,pre_cod_asig5,pre_cod_asig6,pre_cod_asig7 FROM tblaca009_p_int WHERE pensum='5' AND c_uni_ca='3' AND c_asigna='311673' [1][0] OK
C:[19/08/2013 12:57:05.87][186.88.98.177][1151] SELECT c_asigna FROM dace004 WHERE exp_e='07-19910824' AND c_asigna='311551' AND status IN ('0','3','B','C') [1][0] OK
C:[19/08/2013 12:57:05.68][186.88.98.177][1182] SELECT par_cod_asig1,par_cod_asig2,par_cod_asig3 FROM tblaca009_p_int WHERE pensum='5' AND c_uni_ca='3' AND c_asigna='311673' [1][0] OK
C:[19/08/2013 12:57:05.81][186.88.98.177][1312] SELECT horas_lab FROM tblaca008 WHERE c_asigna='311673' AND horas_teoricas > 0 [1][0] OK
C:[19/08/2013 12:58:09.73][190.79.22.53][1138] SELECT pre_cod_asig1,pre_cod_asig2,pre_cod_asig3,pre_cod_asig4,pre_cod_asig5,pre_cod_asig6,pre_cod_asig7 FROM tblaca009_p_int WHERE pensum='5' AND c_uni_ca='6' AND c_asigna='343568' [1][0] OK
C:[19/08/2013 12:58:09.42][190.79.22.53][1182] SELECT par_cod_asig1,par_cod_asig2,par_cod_asig3 FROM tblaca009_p_int WHERE pensum='5' AND c_uni_ca='6' AND c_asigna='343568' [1][0] OK
C:[19/08/2013 12:58:09.56][190.79.22.53][1312] SELECT horas_lab FROM tblaca008 WHERE c_asigna='343568' AND horas_teoricas > 0 [1][0] OK
C:[19/08/2013 12:58:16.49][190.201.28.31][1138] SELECT pre_cod_asig1,pre_cod_asig2,pre_cod_asig3,pre_cod_asig4,pre_cod_asig5,pre_cod_asig6,pre_cod_asig7 FROM tblaca009_p_int WHERE pensum='5' AND c_uni_ca='3' AND c_asigna='312333' [1][0] OK
C:[19/08/2013 12:58:16.49][190.201.28.31][1151] SELECT c_asigna FROM dace004 WHERE exp_e='06-17514736' AND c_asigna='300228' AND status IN ('0','3','B','C') [1][0] OK
C:[19/08/2013 12:58:16.49][190.201.28.31][1138] SELECT pre_cod_asig1,pre_cod_asig2,pre_cod_asig3,pre_cod_asig4,pre_cod_asig5,pre_cod_asig6,pre_cod_asig7 FROM tblaca009_p_int WHERE pensum='5' AND c_uni_ca='3' AND c_asigna='311551' [1][0] OK
C:[19/08/2013 12:58:16.49][190.201.28.31][1151] SELECT c_asigna FROM dace004 WHERE exp_e='06-17514736' AND c_asigna='311430' AND status IN ('0','3','B','C') [1][0] OK
C:[19/08/2013 12:58:16.49][190.201.28.31][1138] SELECT pre_cod_asig1,pre_cod_asig2,pre_cod_asig3,pre_cod_asig4,pre_cod_asig5,pre_cod_asig6,pre_cod_asig7 FROM tblaca009_p_int WHERE pensum='5' AND c_uni_ca='3' AND c_asigna='311554' [1][0] OK
C:[19/08/2013 12:58:16.49][190.201.28.31][1151] SELECT c_asigna FROM dace004 WHERE exp_e='06-17514736' AND c_asigna='300318' AND status IN ('0','3','B','C') [1][0] OK
C:[19/08/2013 12:58:16.25][190.201.28.31][1182] SELECT par_cod_asig1,par_cod_asig2,par_cod_asig3 FROM tblaca009_p_int WHERE pensum='5' AND c_uni_ca='3' AND c_asigna='312333' [1][0] OK
C:[19/08/2013 12:58:16.25][190.201.28.31][1182] SELECT par_cod_asig1,par_cod_asig2,par_cod_asig3 FROM tblaca009_p_int WHERE pensum='5' AND c_uni_ca='3' AND c_asigna='311551' [1][0] OK
C:[19/08/2013 12:58:16.25][190.201.28.31][1182] SELECT par_cod_asig1,par_cod_asig2,par_cod_asig3 FROM tblaca009_p_int WHERE pensum='5' AND c_uni_ca='3' AND c_asigna='311554' [1][0] OK
C:[19/08/2013 12:58:16.63][190.201.28.31][1312] SELECT horas_lab FROM tblaca008 WHERE c_asigna='312333' AND horas_teoricas > 0 [1][0] OK
C:[19/08/2013 12:58:16.63][190.201.28.31][1312] SELECT horas_lab FROM tblaca008 WHERE c_asigna='311551' AND horas_teoricas > 0 [1][0] OK
C:[19/08/2013 12:58:16.63][190.201.28.31][1312] SELECT horas_lab FROM tblaca008 WHERE c_asigna='311554' AND horas_teoricas > 0 [1][0] OK
C:[19/08/2013 12:58:16.93][190.73.239.74][1138] SELECT pre_cod_asig1,pre_cod_asig2,pre_cod_asig3,pre_cod_asig4,pre_cod_asig5,pre_cod_asig6,pre_cod_asig7 FROM tblaca009_p_int WHERE pensum='5' AND c_uni_ca='5' AND c_asigna='300209' [1][0] OK
C:[19/08/2013 12:58:16.93][190.73.239.74][1151] SELECT c_asigna FROM dace004 WHERE exp_e='10-23502156' AND c_asigna='300101' AND status IN ('0','3','B','C') [1][0] OK
C:[19/08/2013 12:58:16.93][190.73.239.74][1138] SELECT pre_cod_asig1,pre_cod_asig2,pre_cod_asig3,pre_cod_asig4,pre_cod_asig5,pre_cod_asig6,pre_cod_asig7 FROM tblaca009_p_int WHERE pensum='5' AND c_uni_ca='5' AND c_asigna='300213' [1][0] OK
C:[19/08/2013 12:58:16.93][190.73.239.74][1151] SELECT c_asigna FROM dace004 WHERE exp_e='10-23502156' AND c_asigna='300101' AND status IN ('0','3','B','C') [1][0] OK
C:[19/08/2013 12:58:17.43][190.73.239.74][1182] SELECT par_cod_asig1,par_cod_asig2,par_cod_asig3 FROM tblaca009_p_int WHERE pensum='5' AND c_uni_ca='5' AND c_asigna='300209' [1][0] OK
C:[19/08/2013 12:58:17.43][190.73.239.74][1182] SELECT par_cod_asig1,par_cod_asig2,par_cod_asig3 FROM tblaca009_p_int WHERE pensum='5' AND c_uni_ca='5' AND c_asigna='300213' [1][0] OK
C:[19/08/2013 12:58:17.69][190.73.239.74][1312] SELECT horas_lab FROM tblaca008 WHERE c_asigna='300209' AND horas_teoricas > 0 [1][0] OK
C:[19/08/2013 12:58:17.69][190.73.239.74][1312] SELECT horas_lab FROM tblaca008 WHERE c_asigna='300213' AND horas_teoricas > 0 [1][0] OK
C:[19/08/2013 12:58:36.61][190.74.182.178][1138] SELECT pre_cod_asig1,pre_cod_asig2,pre_cod_asig3,pre_cod_asig4,pre_cod_asig5,pre_cod_asig6,pre_cod_asig7 FROM tblaca009_p_int WHERE pensum='5' AND c_uni_ca='5' AND c_asigna='351330' [1][0] OK
C:[19/08/2013 12:58:36.61][190.74.182.178][1151] SELECT c_asigna FROM dace004 WHERE exp_e='08-20507480' AND c_asigna='300218' AND status IN ('0','3','B','C') [1][0] OK
C:[19/08/2013 12:58:36.42][190.74.182.178][1182] SELECT par_cod_asig1,par_cod_asig2,par_cod_asig3 FROM tblaca009_p_int WHERE pensum='5' AND c_uni_ca='5' AND c_asigna='351330' [1][0] OK
C:[19/08/2013 12:58:36.42][190.74.182.178][1196] SELECT c_asigna FROM dace004 WHERE exp_e='08-20507480' AND c_asigna='300317' AND status IN ('0','3','B','C') [1][0] OK
C:[19/08/2013 12:58:36.68][190.74.182.178][1312] SELECT horas_lab FROM tblaca008 WHERE c_asigna='351330' AND horas_teoricas > 0 [1][0] OK
C:[19/08/2013 12:58:49.07][201.243.117.67][1138] SELECT pre_cod_asig1,pre_cod_asig2,pre_cod_asig3,pre_cod_asig4,pre_cod_asig5,pre_cod_asig6,pre_cod_asig7 FROM tblaca009_p_int WHERE pensum='5' AND c_uni_ca='5' AND c_asigna='355693' [1][0] OK
C:[19/08/2013 12:58:49.07][201.243.117.67][1151] SELECT c_asigna FROM dace004 WHERE exp_e='07-19157504' AND c_asigna='355572' AND status IN ('0','3','B','C') [1][0] OK
C:[19/08/2013 12:58:49.07][201.243.117.67][1151] SELECT c_asigna FROM dace004 WHERE exp_e='07-19157504' AND c_asigna='352440' AND status IN ('0','3','B','C') [1][0] OK
C:[19/08/2013 12:58:49.07][201.243.117.67][1151] SELECT c_asigna FROM dace004 WHERE exp_e='07-19157504' AND c_asigna='355573' AND status IN ('0','3','B','C') [1][0] OK
C:[19/08/2013 12:58:49.14][201.243.117.67][1182] SELECT par_cod_asig1,par_cod_asig2,par_cod_asig3 FROM tblaca009_p_int WHERE pensum='5' AND c_uni_ca='5' AND c_asigna='355693' [1][0] OK
C:[19/08/2013 12:58:49.28][201.243.117.67][1312] SELECT horas_lab FROM tblaca008 WHERE c_asigna='355693' AND horas_teoricas > 0 [1][0] OK
C:[19/08/2013 13:00:33.05][190.77.243.14][1138] SELECT pre_cod_asig1,pre_cod_asig2,pre_cod_asig3,pre_cod_asig4,pre_cod_asig5,pre_cod_asig6,pre_cod_asig7 FROM tblaca009_p_int WHERE pensum='5' AND c_uni_ca='5' AND c_asigna='300207' [1][0] OK
C:[19/08/2013 13:00:33.05][190.77.243.14][1151] SELECT c_asigna FROM dace004 WHERE exp_e='12-24559678' AND c_asigna='300101' AND status IN ('0','3','B','C') [1][0] OK
C:[19/08/2013 13:00:33.05][190.77.243.14][1138] SELECT pre_cod_asig1,pre_cod_asig2,pre_cod_asig3,pre_cod_asig4,pre_cod_asig5,pre_cod_asig6,pre_cod_asig7 FROM tblaca009_p_int WHERE pensum='5' AND c_uni_ca='5' AND c_asigna='300209' [1][0] OK
C:[19/08/2013 13:00:33.05][190.77.243.14][1151] SELECT c_asigna FROM dace004 WHERE exp_e='12-24559678' AND c_asigna='300101' AND status IN ('0','3','B','C') [1][0] OK
C:[19/08/2013 13:00:33.11][190.77.243.14][1182] SELECT par_cod_asig1,par_cod_asig2,par_cod_asig3 FROM tblaca009_p_int WHERE pensum='5' AND c_uni_ca='5' AND c_asigna='300207' [1][0] OK
C:[19/08/2013 13:00:33.11][190.77.243.14][1182] SELECT par_cod_asig1,par_cod_asig2,par_cod_asig3 FROM tblaca009_p_int WHERE pensum='5' AND c_uni_ca='5' AND c_asigna='300209' [1][0] OK
C:[19/08/2013 13:00:33.38][190.77.243.14][1312] SELECT horas_lab FROM tblaca008 WHERE c_asigna='300207' AND horas_teoricas > 0 [1][0] OK
C:[19/08/2013 13:00:33.38][190.77.243.14][1312] SELECT horas_lab FROM tblaca008 WHERE c_asigna='300209' AND horas_teoricas > 0 [1][0] OK
C:[19/08/2013 13:01:43.05][186.90.221.76][1138] SELECT pre_cod_asig1,pre_cod_asig2,pre_cod_asig3,pre_cod_asig4,pre_cod_asig5,pre_cod_asig6,pre_cod_asig7 FROM tblaca009_p_int WHERE pensum='5' AND c_uni_ca='4' AND c_asigna='300222' [1][0] OK
C:[19/08/2013 13:01:43.05][186.90.221.76][1151] SELECT c_asigna FROM dace004 WHERE exp_e='12-24035337' AND c_asigna='300112' AND status IN ('0','3','B','C') [1][0] OK
C:[19/08/2013 13:01:43.05][186.90.221.76][1138] SELECT pre_cod_asig1,pre_cod_asig2,pre_cod_asig3,pre_cod_asig4,pre_cod_asig5,pre_cod_asig6,pre_cod_asig7 FROM tblaca009_p_int WHERE pensum='5' AND c_uni_ca='4' AND c_asigna='300228' [1][0] OK
C:[19/08/2013 13:01:43.05][186.90.221.76][1151] SELECT c_asigna FROM dace004 WHERE exp_e='12-24035337' AND c_asigna='300101' AND status IN ('0','3','B','C') [1][0] OK
C:[19/08/2013 13:01:43.11][186.90.221.76][1182] SELECT par_cod_asig1,par_cod_asig2,par_cod_asig3 FROM tblaca009_p_int WHERE pensum='5' AND c_uni_ca='4' AND c_asigna='300222' [1][0] OK
C:[19/08/2013 13:01:43.11][186.90.221.76][1182] SELECT par_cod_asig1,par_cod_asig2,par_cod_asig3 FROM tblaca009_p_int WHERE pensum='5' AND c_uni_ca='4' AND c_asigna='300228' [1][0] OK
C:[19/08/2013 13:01:43.37][186.90.221.76][1312] SELECT horas_lab FROM tblaca008 WHERE c_asigna='300222' AND horas_teoricas > 0 [1][0] OK
C:[19/08/2013 13:01:43.37][186.90.221.76][1312] SELECT horas_lab FROM tblaca008 WHERE c_asigna='300228' AND horas_teoricas > 0 [1][0] OK
C:[19/08/2013 13:02:34.07][190.73.239.74][1138] SELECT pre_cod_asig1,pre_cod_asig2,pre_cod_asig3,pre_cod_asig4,pre_cod_asig5,pre_cod_asig6,pre_cod_asig7 FROM tblaca009_p_int WHERE pensum='5' AND c_uni_ca='5' AND c_asigna='300209' [1][0] OK
C:[19/08/2013 13:02:34.07][190.73.239.74][1151] SELECT c_asigna FROM dace004 WHERE exp_e='10-23502156' AND c_asigna='300101' AND status IN ('0','3','B','C') [1][0] OK
C:[19/08/2013 13:02:34.07][190.73.239.74][1138] SELECT pre_cod_asig1,pre_cod_asig2,pre_cod_asig3,pre_cod_asig4,pre_cod_asig5,pre_cod_asig6,pre_cod_asig7 FROM tblaca009_p_int WHERE pensum='5' AND c_uni_ca='5' AND c_asigna='300213' [1][0] OK
C:[19/08/2013 13:02:34.07][190.73.239.74][1151] SELECT c_asigna FROM dace004 WHERE exp_e='10-23502156' AND c_asigna='300101' AND status IN ('0','3','B','C') [1][0] OK
C:[19/08/2013 13:02:35.15][190.73.239.74][1182] SELECT par_cod_asig1,par_cod_asig2,par_cod_asig3 FROM tblaca009_p_int WHERE pensum='5' AND c_uni_ca='5' AND c_asigna='300209' [1][0] OK
C:[19/08/2013 13:02:35.15][190.73.239.74][1182] SELECT par_cod_asig1,par_cod_asig2,par_cod_asig3 FROM tblaca009_p_int WHERE pensum='5' AND c_uni_ca='5' AND c_asigna='300213' [1][0] OK
C:[19/08/2013 13:02:35.63][190.73.239.74][1312] SELECT horas_lab FROM tblaca008 WHERE c_asigna='300209' AND horas_teoricas > 0 [1][0] OK
C:[19/08/2013 13:02:35.63][190.73.239.74][1312] SELECT horas_lab FROM tblaca008 WHERE c_asigna='300213' AND horas_teoricas > 0 [1][0] OK
C:[19/08/2013 13:02:48.51][181.184.129.203][1138] SELECT pre_cod_asig1,pre_cod_asig2,pre_cod_asig3,pre_cod_asig4,pre_cod_asig5,pre_cod_asig6,pre_cod_asig7 FROM tblaca009_p_int WHERE pensum='5' AND c_uni_ca='2' AND c_asigna='300313' [1][0] OK
C:[19/08/2013 13:02:48.51][181.184.129.203][1151] SELECT c_asigna FROM dace004 WHERE exp_e='07-18667540' AND c_asigna='300213' AND status IN ('0','3','B','C') [1][0] OK
C:[19/08/2013 13:02:48.51][181.184.129.203][1138] SELECT pre_cod_asig1,pre_cod_asig2,pre_cod_asig3,pre_cod_asig4,pre_cod_asig5,pre_cod_asig6,pre_cod_asig7 FROM tblaca009_p_int WHERE pensum='5' AND c_uni_ca='2' AND c_asigna='322702' [1][0] OK
C:[19/08/2013 13:02:48.51][181.184.129.203][1151] SELECT c_asigna FROM dace004 WHERE exp_e='07-18667540' AND c_asigna='322683' AND status IN ('0','3','B','C') [1][0] OK
C:[19/08/2013 13:02:48.51][181.184.129.203][1138] SELECT pre_cod_asig1,pre_cod_asig2,pre_cod_asig3,pre_cod_asig4,pre_cod_asig5,pre_cod_asig6,pre_cod_asig7 FROM tblaca009_p_int WHERE pensum='5' AND c_uni_ca='2' AND c_asigna='322826' [1][0] OK
C:[19/08/2013 13:02:48.51][181.184.129.203][1151] SELECT c_asigna FROM dace004 WHERE exp_e='07-18667540' AND c_asigna='322683' AND status IN ('0','3','B','C') [1][0] OK
C:[19/08/2013 13:02:48.26][181.184.129.203][1182] SELECT par_cod_asig1,par_cod_asig2,par_cod_asig3 FROM tblaca009_p_int WHERE pensum='5' AND c_uni_ca='2' AND c_asigna='300313' [1][0] OK
C:[19/08/2013 13:02:48.26][181.184.129.203][1182] SELECT par_cod_asig1,par_cod_asig2,par_cod_asig3 FROM tblaca009_p_int WHERE pensum='5' AND c_uni_ca='2' AND c_asigna='322702' [1][0] OK
C:[19/08/2013 13:02:48.26][181.184.129.203][1182] SELECT par_cod_asig1,par_cod_asig2,par_cod_asig3 FROM tblaca009_p_int WHERE pensum='5' AND c_uni_ca='2' AND c_asigna='322826' [1][0] OK
C:[19/08/2013 13:02:48.64][181.184.129.203][1312] SELECT horas_lab FROM tblaca008 WHERE c_asigna='300313' AND horas_teoricas > 0 [1][0] OK
C:[19/08/2013 13:02:48.64][181.184.129.203][1312] SELECT horas_lab FROM tblaca008 WHERE c_asigna='322702' AND horas_teoricas > 0 [1][0] OK
C:[19/08/2013 13:02:48.64][181.184.129.203][1312] SELECT horas_lab FROM tblaca008 WHERE c_asigna='322826' AND horas_teoricas > 0 [1][0] OK
C:[19/08/2013 13:03:07.50][181.182.228.180][1138] SELECT pre_cod_asig1,pre_cod_asig2,pre_cod_asig3,pre_cod_asig4,pre_cod_asig5,pre_cod_asig6,pre_cod_asig7 FROM tblaca009_p_int WHERE pensum='5' AND c_uni_ca='2' AND c_asigna='322550' [1][0] OK
C:[19/08/2013 13:03:07.50][181.182.228.180][1151] SELECT c_asigna FROM dace004 WHERE exp_e='09-20222635' AND c_asigna='322433' AND status IN ('0','3','B','C') [1][0] OK
C:[19/08/2013 13:03:07.50][181.182.228.180][1138] SELECT pre_cod_asig1,pre_cod_asig2,pre_cod_asig3,pre_cod_asig4,pre_cod_asig5,pre_cod_asig6,pre_cod_asig7 FROM tblaca009_p_int WHERE pensum='5' AND c_uni_ca='2' AND c_asigna='322605' [1][0] OK
C:[19/08/2013 13:03:07.50][181.182.228.180][1151] SELECT c_asigna FROM dace004 WHERE exp_e='09-20222635' AND c_asigna='322436' AND status IN ('0','3','B','C') [1][0] OK
C:[19/08/2013 13:03:07.56][181.182.228.180][1182] SELECT par_cod_asig1,par_cod_asig2,par_cod_asig3 FROM tblaca009_p_int WHERE pensum='5' AND c_uni_ca='2' AND c_asigna='322550' [1][0] OK
C:[19/08/2013 13:03:07.56][181.182.228.180][1182] SELECT par_cod_asig1,par_cod_asig2,par_cod_asig3 FROM tblaca009_p_int WHERE pensum='5' AND c_uni_ca='2' AND c_asigna='322605' [1][0] OK
C:[19/08/2013 13:03:07.82][181.182.228.180][1312] SELECT horas_lab FROM tblaca008 WHERE c_asigna='322550' AND horas_teoricas > 0 [1][0] OK
C:[19/08/2013 13:03:07.82][181.182.228.180][1312] SELECT horas_lab FROM tblaca008 WHERE c_asigna='322605' AND horas_teoricas > 0 [1][0] OK
C:[19/08/2013 13:03:09.79][190.207.50.240][1138] SELECT pre_cod_asig1,pre_cod_asig2,pre_cod_asig3,pre_cod_asig4,pre_cod_asig5,pre_cod_asig6,pre_cod_asig7 FROM tblaca009_p_int WHERE pensum='5' AND c_uni_ca='6' AND c_asigna='344688' [1][0] OK
C:[19/08/2013 13:03:09.79][190.207.50.240][1151] SELECT c_asigna FROM dace004 WHERE exp_e='08-19622585' AND c_asigna='344565' AND status IN ('0','3','B','C') [1][0] OK
C:[19/08/2013 13:03:09.79][190.207.50.240][1138] SELECT pre_cod_asig1,pre_cod_asig2,pre_cod_asig3,pre_cod_asig4,pre_cod_asig5,pre_cod_asig6,pre_cod_asig7 FROM tblaca009_p_int WHERE pensum='5' AND c_uni_ca='6' AND c_asigna='344613' [1][0] OK
C:[19/08/2013 13:03:09.79][190.207.50.240][1151] SELECT c_asigna FROM dace004 WHERE exp_e='08-19622585' AND c_asigna='344566' AND status IN ('0','3','B','C') [1][0] OK
C:[19/08/2013 13:03:09.79][190.207.50.240][1138] SELECT pre_cod_asig1,pre_cod_asig2,pre_cod_asig3,pre_cod_asig4,pre_cod_asig5,pre_cod_asig6,pre_cod_asig7 FROM tblaca009_p_int WHERE pensum='5' AND c_uni_ca='6' AND c_asigna='344733' [1][0] OK
C:[19/08/2013 13:03:09.43][190.207.50.240][1182] SELECT par_cod_asig1,par_cod_asig2,par_cod_asig3 FROM tblaca009_p_int WHERE pensum='5' AND c_uni_ca='6' AND c_asigna='344688' [1][0] OK
C:[19/08/2013 13:03:09.43][190.207.50.240][1182] SELECT par_cod_asig1,par_cod_asig2,par_cod_asig3 FROM tblaca009_p_int WHERE pensum='5' AND c_uni_ca='6' AND c_asigna='344613' [1][0] OK
C:[19/08/2013 13:03:09.43][190.207.50.240][1182] SELECT par_cod_asig1,par_cod_asig2,par_cod_asig3 FROM tblaca009_p_int WHERE pensum='5' AND c_uni_ca='6' AND c_asigna='344733' [1][0] OK
C:[19/08/2013 13:03:09.82][190.207.50.240][1312] SELECT horas_lab FROM tblaca008 WHERE c_asigna='344688' AND horas_teoricas > 0 [1][0] OK
C:[19/08/2013 13:03:09.82][190.207.50.240][1312] SELECT horas_lab FROM tblaca008 WHERE c_asigna='344613' AND horas_teoricas > 0 [1][0] OK
C:[19/08/2013 13:03:09.82][190.207.50.240][1312] SELECT horas_lab FROM tblaca008 WHERE c_asigna='344733' AND horas_teoricas > 0 [1][0] OK
C:[19/08/2013 13:03:43.87][68.171.231.83][1138] SELECT pre_cod_asig1,pre_cod_asig2,pre_cod_asig3,pre_cod_asig4,pre_cod_asig5,pre_cod_asig6,pre_cod_asig7 FROM tblaca009_p_int WHERE pensum='5' AND c_uni_ca='2' AND c_asigna='300101' [1][0] OK
C:[19/08/2013 13:03:43.87][68.171.231.83][1138] SELECT pre_cod_asig1,pre_cod_asig2,pre_cod_asig3,pre_cod_asig4,pre_cod_asig5,pre_cod_asig6,pre_cod_asig7 FROM tblaca009_p_int WHERE pensum='5' AND c_uni_ca='2' AND c_asigna='300112' [1][0] OK
C:[19/08/2013 13:03:44.68][68.171.231.83][1182] SELECT par_cod_asig1,par_cod_asig2,par_cod_asig3 FROM tblaca009_p_int WHERE pensum='5' AND c_uni_ca='2' AND c_asigna='300101' [1][0] OK
C:[19/08/2013 13:03:44.68][68.171.231.83][1182] SELECT par_cod_asig1,par_cod_asig2,par_cod_asig3 FROM tblaca009_p_int WHERE pensum='5' AND c_uni_ca='2' AND c_asigna='300112' [1][0] OK
C:[19/08/2013 13:03:44.94][68.171.231.83][1312] SELECT horas_lab FROM tblaca008 WHERE c_asigna='300101' AND horas_teoricas > 0 [1][0] OK
C:[19/08/2013 13:03:44.94][68.171.231.83][1312] SELECT horas_lab FROM tblaca008 WHERE c_asigna='300112' AND horas_teoricas > 0 [1][0] OK
C:[19/08/2013 13:04:24.41][190.199.92.188][1138] SELECT pre_cod_asig1,pre_cod_asig2,pre_cod_asig3,pre_cod_asig4,pre_cod_asig5,pre_cod_asig6,pre_cod_asig7 FROM tblaca009_p_int WHERE pensum='5' AND c_uni_ca='4' AND c_asigna='333809' [1][0] OK
C:[19/08/2013 13:04:24.41][190.199.92.188][1151] SELECT c_asigna FROM dace004 WHERE exp_e='09-20887593' AND c_asigna='333683' AND status IN ('0','3','B','C') [1][0] OK
C:[19/08/2013 13:04:24.41][190.199.92.188][1151] SELECT c_asigna FROM dace004 WHERE exp_e='09-20887593' AND c_asigna='333710' AND status IN ('0','3','B','C') [1][0] OK
C:[19/08/2013 13:04:25.35][190.199.92.188][1182] SELECT par_cod_asig1,par_cod_asig2,par_cod_asig3 FROM tblaca009_p_int WHERE pensum='5' AND c_uni_ca='4' AND c_asigna='333809' [1][0] OK
C:[19/08/2013 13:04:25.48][190.199.92.188][1312] SELECT horas_lab FROM tblaca008 WHERE c_asigna='333809' AND horas_teoricas > 0 [1][0] OK
C:[19/08/2013 13:04:45.56][181.185.249.220][1138] SELECT pre_cod_asig1,pre_cod_asig2,pre_cod_asig3,pre_cod_asig4,pre_cod_asig5,pre_cod_asig6,pre_cod_asig7 FROM tblaca009_p_int WHERE pensum='5' AND c_uni_ca='6' AND c_asigna='300956' [1][0] OK
C:[19/08/2013 13:04:45.56][181.185.249.220][1151] SELECT c_asigna FROM dace004 WHERE exp_e='09-21250361' AND c_asigna='300422' AND status IN ('0','3','B','C') [1][0] OK
C:[19/08/2013 13:04:45.37][181.185.249.220][1182] SELECT par_cod_asig1,par_cod_asig2,par_cod_asig3 FROM tblaca009_p_int WHERE pensum='5' AND c_uni_ca='6' AND c_asigna='300956' [1][0] OK
C:[19/08/2013 13:04:45.51][181.185.249.220][1312] SELECT horas_lab FROM tblaca008 WHERE c_asigna='300956' AND horas_teoricas > 0 [1][0] OK
C:[19/08/2013 13:04:55.35][190.198.187.116][1138] SELECT pre_cod_asig1,pre_cod_asig2,pre_cod_asig3,pre_cod_asig4,pre_cod_asig5,pre_cod_asig6,pre_cod_asig7 FROM tblaca009_p_int WHERE pensum='5' AND c_uni_ca='3' AND c_asigna='300313' [1][0] OK
C:[19/08/2013 13:04:55.35][190.198.187.116][1151] SELECT c_asigna FROM dace004 WHERE exp_e='09-20702063' AND c_asigna='300213' AND status IN ('0','3','B','C') [1][0] OK
C:[19/08/2013 13:04:55.35][190.198.187.116][1138] SELECT pre_cod_asig1,pre_cod_asig2,pre_cod_asig3,pre_cod_asig4,pre_cod_asig5,pre_cod_asig6,pre_cod_asig7 FROM tblaca009_p_int WHERE pensum='5' AND c_uni_ca='3' AND c_asigna='311554' [1][0] OK
C:[19/08/2013 13:04:55.35][190.198.187.116][1151] SELECT c_asigna FROM dace004 WHERE exp_e='09-20702063' AND c_asigna='300318' AND status IN ('0','3','B','C') [1][0] OK
C:[19/08/2013 13:04:55.85][190.198.187.116][1182] SELECT par_cod_asig1,par_cod_asig2,par_cod_asig3 FROM tblaca009_p_int WHERE pensum='5' AND c_uni_ca='3' AND c_asigna='300313' [1][0] OK
C:[19/08/2013 13:04:55.85][190.198.187.116][1182] SELECT par_cod_asig1,par_cod_asig2,par_cod_asig3 FROM tblaca009_p_int WHERE pensum='5' AND c_uni_ca='3' AND c_asigna='311554' [1][0] OK
C:[19/08/2013 13:04:55.11][190.198.187.116][1312] SELECT horas_lab FROM tblaca008 WHERE c_asigna='300313' AND horas_teoricas > 0 [1][0] OK
C:[19/08/2013 13:04:55.11][190.198.187.116][1312] SELECT horas_lab FROM tblaca008 WHERE c_asigna='311554' AND horas_teoricas > 0 [1][0] OK
C:[19/08/2013 13:05:03.22][190.60.50.181][1138] SELECT pre_cod_asig1,pre_cod_asig2,pre_cod_asig3,pre_cod_asig4,pre_cod_asig5,pre_cod_asig6,pre_cod_asig7 FROM tblaca009_p_int WHERE pensum='5' AND c_uni_ca='2' AND c_asigna='300101' [1][0] OK
C:[19/08/2013 13:05:03.22][190.60.50.181][1138] SELECT pre_cod_asig1,pre_cod_asig2,pre_cod_asig3,pre_cod_asig4,pre_cod_asig5,pre_cod_asig6,pre_cod_asig7 FROM tblaca009_p_int WHERE pensum='5' AND c_uni_ca='2' AND c_asigna='320311' [1][0] OK
C:[19/08/2013 13:05:03.22][190.60.50.181][1151] SELECT c_asigna FROM dace004 WHERE exp_e='12-24513622' AND c_asigna='300013' AND status IN ('0','3','B','C') [1][0] OK
C:[19/08/2013 13:05:03.22][190.60.50.181][1151] SELECT c_asigna FROM dace004 WHERE exp_e='12-24513622' AND c_asigna='300113' AND status IN ('0','3','B','C') [1][0] OK
C:[19/08/2013 13:05:03.28][190.60.50.181][1182] SELECT par_cod_asig1,par_cod_asig2,par_cod_asig3 FROM tblaca009_p_int WHERE pensum='5' AND c_uni_ca='2' AND c_asigna='300101' [1][0] OK
C:[19/08/2013 13:05:03.28][190.60.50.181][1182] SELECT par_cod_asig1,par_cod_asig2,par_cod_asig3 FROM tblaca009_p_int WHERE pensum='5' AND c_uni_ca='2' AND c_asigna='320311' [1][0] OK
C:[19/08/2013 13:05:03.54][190.60.50.181][1312] SELECT horas_lab FROM tblaca008 WHERE c_asigna='300101' AND horas_teoricas > 0 [1][0] OK
C:[19/08/2013 13:05:03.54][190.60.50.181][1312] SELECT horas_lab FROM tblaca008 WHERE c_asigna='320311' AND horas_teoricas > 0 [1][0] OK
C:[19/08/2013 13:05:03.77][186.88.134.57][1138] SELECT pre_cod_asig1,pre_cod_asig2,pre_cod_asig3,pre_cod_asig4,pre_cod_asig5,pre_cod_asig6,pre_cod_asig7 FROM tblaca009_p_int WHERE pensum='5' AND c_uni_ca='3' AND c_asigna='311431' [1][0] OK
C:[19/08/2013 13:05:03.77][186.88.134.57][1151] SELECT c_asigna FROM dace004 WHERE exp_e='11-24411287' AND c_asigna='300317' AND status IN ('0','3','B','C') [1][0] OK
C:[19/08/2013 13:05:03.77][186.88.134.57][1151] SELECT c_asigna FROM dace004 WHERE exp_e='11-24411287' AND c_asigna='300318' AND status IN ('0','3','B','C') [1][0] OK
C:[19/08/2013 13:05:03.77][186.88.134.57][1138] SELECT pre_cod_asig1,pre_cod_asig2,pre_cod_asig3,pre_cod_asig4,pre_cod_asig5,pre_cod_asig6,pre_cod_asig7 FROM tblaca009_p_int WHERE pensum='5' AND c_uni_ca='3' AND c_asigna='311554' [1][0] OK
C:[19/08/2013 13:05:03.77][186.88.134.57][1151] SELECT c_asigna FROM dace004 WHERE exp_e='11-24411287' AND c_asigna='300318' AND status IN ('0','3','B','C') [1][0] OK
C:[19/08/2013 13:05:04.41][186.88.134.57][1182] SELECT par_cod_asig1,par_cod_asig2,par_cod_asig3 FROM tblaca009_p_int WHERE pensum='5' AND c_uni_ca='3' AND c_asigna='311431' [1][0] OK
C:[19/08/2013 13:05:04.41][186.88.134.57][1182] SELECT par_cod_asig1,par_cod_asig2,par_cod_asig3 FROM tblaca009_p_int WHERE pensum='5' AND c_uni_ca='3' AND c_asigna='311554' [1][0] OK
C:[19/08/2013 13:05:04.66][186.88.134.57][1312] SELECT horas_lab FROM tblaca008 WHERE c_asigna='311431' AND horas_teoricas > 0 [1][0] OK
C:[19/08/2013 13:05:04.66][186.88.134.57][1312] SELECT horas_lab FROM tblaca008 WHERE c_asigna='311554' AND horas_teoricas > 0 [1][0] OK
C:[19/08/2013 13:05:45.70][190.79.7.216][1138] SELECT pre_cod_asig1,pre_cod_asig2,pre_cod_asig3,pre_cod_asig4,pre_cod_asig5,pre_cod_asig6,pre_cod_asig7 FROM tblaca009_p_int WHERE pensum='5' AND c_uni_ca='6' AND c_asigna='344688' [1][0] OK
C:[19/08/2013 13:05:45.70][190.79.7.216][1151] SELECT c_asigna FROM dace004 WHERE exp_e='07-20504156' AND c_asigna='344565' AND status IN ('0','3','B','C') [1][0] OK
C:[19/08/2013 13:05:45.70][190.79.7.216][1138] SELECT pre_cod_asig1,pre_cod_asig2,pre_cod_asig3,pre_cod_asig4,pre_cod_asig5,pre_cod_asig6,pre_cod_asig7 FROM tblaca009_p_int WHERE pensum='5' AND c_uni_ca='6' AND c_asigna='344733' [1][0] OK
C:[19/08/2013 13:05:45.64][190.79.7.216][1182] SELECT par_cod_asig1,par_cod_asig2,par_cod_asig3 FROM tblaca009_p_int WHERE pensum='5' AND c_uni_ca='6' AND c_asigna='344688' [1][0] OK
C:[19/08/2013 13:05:45.64][190.79.7.216][1182] SELECT par_cod_asig1,par_cod_asig2,par_cod_asig3 FROM tblaca009_p_int WHERE pensum='5' AND c_uni_ca='6' AND c_asigna='344733' [1][0] OK
C:[19/08/2013 13:05:45.46][190.79.7.216][1312] SELECT horas_lab FROM tblaca008 WHERE c_asigna='344688' AND horas_teoricas > 0 [1][0] OK
C:[19/08/2013 13:05:45.46][190.79.7.216][1312] SELECT horas_lab FROM tblaca008 WHERE c_asigna='344733' AND horas_teoricas > 0 [1][0] OK
C:[19/08/2013 13:06:51.00][172.17.170.65][1138] SELECT pre_cod_asig1,pre_cod_asig2,pre_cod_asig3,pre_cod_asig4,pre_cod_asig5,pre_cod_asig6,pre_cod_asig7 FROM tblaca009_p_int WHERE pensum='5' AND c_uni_ca='3' AND c_asigna='300209' [1][0] OK
C:[19/08/2013 13:06:51.00][172.17.170.65][1151] SELECT c_asigna FROM dace004 WHERE exp_e='11-26138169' AND c_asigna='300101' AND status IN ('0','3','B','C') [1][0] OK
C:[19/08/2013 13:06:51.81][172.17.170.65][1182] SELECT par_cod_asig1,par_cod_asig2,par_cod_asig3 FROM tblaca009_p_int WHERE pensum='5' AND c_uni_ca='3' AND c_asigna='300209' [1][0] OK
C:[19/08/2013 13:06:51.95][172.17.170.65][1312] SELECT horas_lab FROM tblaca008 WHERE c_asigna='300209' AND horas_teoricas > 0 [1][0] OK
C:[19/08/2013 13:08:10.40][190.199.92.188][1138] SELECT pre_cod_asig1,pre_cod_asig2,pre_cod_asig3,pre_cod_asig4,pre_cod_asig5,pre_cod_asig6,pre_cod_asig7 FROM tblaca009_p_int WHERE pensum='5' AND c_uni_ca='3' AND c_asigna='312333' [1][0] OK
C:[19/08/2013 13:08:10.40][190.199.92.188][1151] SELECT c_asigna FROM dace004 WHERE exp_e='03-17041436' AND c_asigna='300228' AND status IN ('0','3','B','C') [1][0] OK
C:[19/08/2013 13:08:10.40][190.199.92.188][1138] SELECT pre_cod_asig1,pre_cod_asig2,pre_cod_asig3,pre_cod_asig4,pre_cod_asig5,pre_cod_asig6,pre_cod_asig7 FROM tblaca009_p_int WHERE pensum='5' AND c_uni_ca='3' AND c_asigna='311673' [1][0] OK
C:[19/08/2013 13:08:10.40][190.199.92.188][1151] SELECT c_asigna FROM dace004 WHERE exp_e='03-17041436' AND c_asigna='311551' AND status IN ('0','3','B','C') [1][0] OK
C:[19/08/2013 13:08:10.40][190.199.92.188][1138] SELECT pre_cod_asig1,pre_cod_asig2,pre_cod_asig3,pre_cod_asig4,pre_cod_asig5,pre_cod_asig6,pre_cod_asig7 FROM tblaca009_p_int WHERE pensum='5' AND c_uni_ca='3' AND c_asigna='311704' [1][0] OK
C:[19/08/2013 13:08:10.40][190.199.92.188][1151] SELECT c_asigna FROM dace004 WHERE exp_e='03-17041436' AND c_asigna='315671' AND status IN ('0','3','B','C') [1][0] OK
C:[19/08/2013 13:08:10.72][190.199.92.188][1182] SELECT par_cod_asig1,par_cod_asig2,par_cod_asig3 FROM tblaca009_p_int WHERE pensum='5' AND c_uni_ca='3' AND c_asigna='312333' [1][0] OK
C:[19/08/2013 13:08:10.72][190.199.92.188][1182] SELECT par_cod_asig1,par_cod_asig2,par_cod_asig3 FROM tblaca009_p_int WHERE pensum='5' AND c_uni_ca='3' AND c_asigna='311673' [1][0] OK
C:[19/08/2013 13:08:10.72][190.199.92.188][1182] SELECT par_cod_asig1,par_cod_asig2,par_cod_asig3 FROM tblaca009_p_int WHERE pensum='5' AND c_uni_ca='3' AND c_asigna='311704' [1][0] OK
C:[19/08/2013 13:08:10.11][190.199.92.188][1312] SELECT horas_lab FROM tblaca008 WHERE c_asigna='312333' AND horas_teoricas > 0 [1][0] OK
C:[19/08/2013 13:08:10.11][190.199.92.188][1312] SELECT horas_lab FROM tblaca008 WHERE c_asigna='311673' AND horas_teoricas > 0 [1][0] OK
C:[19/08/2013 13:08:10.11][190.199.92.188][1312] SELECT horas_lab FROM tblaca008 WHERE c_asigna='311704' AND horas_teoricas > 0 [1][0] OK
C:[19/08/2013 13:08:48.08][172.16.4.254][1138] SELECT pre_cod_asig1,pre_cod_asig2,pre_cod_asig3,pre_cod_asig4,pre_cod_asig5,pre_cod_asig6,pre_cod_asig7 FROM tblaca009_p_int WHERE pensum='5' AND c_uni_ca='6' AND c_asigna='300207' [1][0] OK
C:[19/08/2013 13:08:48.08][172.16.4.254][1151] SELECT c_asigna FROM dace004 WHERE exp_e='06-19158427' AND c_asigna='300101' AND status IN ('0','3','B','C') [1][0] OK
C:[19/08/2013 13:08:48.91][172.16.4.254][1182] SELECT par_cod_asig1,par_cod_asig2,par_cod_asig3 FROM tblaca009_p_int WHERE pensum='5' AND c_uni_ca='6' AND c_asigna='300207' [1][0] OK
C:[19/08/2013 13:08:48.03][172.16.4.254][1312] SELECT horas_lab FROM tblaca008 WHERE c_asigna='300207' AND horas_teoricas > 0 [1][0] OK
C:[19/08/2013 13:10:31.37][186.94.61.243][1138] SELECT pre_cod_asig1,pre_cod_asig2,pre_cod_asig3,pre_cod_asig4,pre_cod_asig5,pre_cod_asig6,pre_cod_asig7 FROM tblaca009_p_int WHERE pensum='5' AND c_uni_ca='6' AND c_asigna='344715' [1][0] OK
C:[19/08/2013 13:10:31.37][186.94.61.243][1151] SELECT c_asigna FROM dace004 WHERE exp_e='05-18515880' AND c_asigna='344688' AND status IN ('0','3','B','C') [1][0] OK
C:[19/08/2013 13:10:31.37][186.94.61.243][1151] SELECT c_asigna FROM dace004 WHERE exp_e='05-18515880' AND c_asigna='344613' AND status IN ('0','3','B','C') [1][0] OK
C:[19/08/2013 13:10:31.37][186.94.61.243][1138] SELECT pre_cod_asig1,pre_cod_asig2,pre_cod_asig3,pre_cod_asig4,pre_cod_asig5,pre_cod_asig6,pre_cod_asig7 FROM tblaca009_p_int WHERE pensum='5' AND c_uni_ca='6' AND c_asigna='344843' [1][0] OK
C:[19/08/2013 13:10:31.37][186.94.61.243][1151] SELECT c_asigna FROM dace004 WHERE exp_e='05-18515880' AND c_asigna='344714' AND status IN ('0','3','B','C') [1][0] OK
C:[19/08/2013 13:10:31.54][186.94.61.243][1182] SELECT par_cod_asig1,par_cod_asig2,par_cod_asig3 FROM tblaca009_p_int WHERE pensum='5' AND c_uni_ca='6' AND c_asigna='344715' [1][0] OK
C:[19/08/2013 13:10:31.54][186.94.61.243][1182] SELECT par_cod_asig1,par_cod_asig2,par_cod_asig3 FROM tblaca009_p_int WHERE pensum='5' AND c_uni_ca='6' AND c_asigna='344843' [1][0] OK
C:[19/08/2013 13:10:31.80][186.94.61.243][1312] SELECT horas_lab FROM tblaca008 WHERE c_asigna='344715' AND horas_teoricas > 0 [1][0] OK
C:[19/08/2013 13:10:31.80][186.94.61.243][1312] SELECT horas_lab FROM tblaca008 WHERE c_asigna='344843' AND horas_teoricas > 0 [1][0] OK
C:[19/08/2013 13:10:32.31][190.37.153.201][1138] SELECT pre_cod_asig1,pre_cod_asig2,pre_cod_asig3,pre_cod_asig4,pre_cod_asig5,pre_cod_asig6,pre_cod_asig7 FROM tblaca009_p_int WHERE pensum='5' AND c_uni_ca='4' AND c_asigna='300207' [1][0] OK
C:[19/08/2013 13:10:32.31][190.37.153.201][1151] SELECT c_asigna FROM dace004 WHERE exp_e='10-20507845' AND c_asigna='300101' AND status IN ('0','3','B','C') [1][0] OK
C:[19/08/2013 13:10:32.31][190.37.153.201][1138] SELECT pre_cod_asig1,pre_cod_asig2,pre_cod_asig3,pre_cod_asig4,pre_cod_asig5,pre_cod_asig6,pre_cod_asig7 FROM tblaca009_p_int WHERE pensum='5' AND c_uni_ca='4' AND c_asigna='300209' [1][0] OK
C:[19/08/2013 13:10:32.31][190.37.153.201][1151] SELECT c_asigna FROM dace004 WHERE exp_e='10-20507845' AND c_asigna='300101' AND status IN ('0','3','B','C') [1][0] OK
C:[19/08/2013 13:10:32.81][190.37.153.201][1182] SELECT par_cod_asig1,par_cod_asig2,par_cod_asig3 FROM tblaca009_p_int WHERE pensum='5' AND c_uni_ca='4' AND c_asigna='300207' [1][0] OK
C:[19/08/2013 13:10:32.81][190.37.153.201][1182] SELECT par_cod_asig1,par_cod_asig2,par_cod_asig3 FROM tblaca009_p_int WHERE pensum='5' AND c_uni_ca='4' AND c_asigna='300209' [1][0] OK
C:[19/08/2013 13:10:32.08][190.37.153.201][1312] SELECT horas_lab FROM tblaca008 WHERE c_asigna='300207' AND horas_teoricas > 0 [1][0] OK
C:[19/08/2013 13:10:32.08][190.37.153.201][1312] SELECT horas_lab FROM tblaca008 WHERE c_asigna='300209' AND horas_teoricas > 0 [1][0] OK
C:[19/08/2013 13:10:41.58][172.16.4.254][1138] SELECT pre_cod_asig1,pre_cod_asig2,pre_cod_asig3,pre_cod_asig4,pre_cod_asig5,pre_cod_asig6,pre_cod_asig7 FROM tblaca009_p_int WHERE pensum='5' AND c_uni_ca='6' AND c_asigna='300207' [1][0] OK
C:[19/08/2013 13:10:41.58][172.16.4.254][1151] SELECT c_asigna FROM dace004 WHERE exp_e='06-19158427' AND c_asigna='300101' AND status IN ('0','3','B','C') [1][0] OK
C:[19/08/2013 13:10:41.39][172.16.4.254][1182] SELECT par_cod_asig1,par_cod_asig2,par_cod_asig3 FROM tblaca009_p_int WHERE pensum='5' AND c_uni_ca='6' AND c_asigna='300207' [1][0] OK
C:[19/08/2013 13:10:41.53][172.16.4.254][1312] SELECT horas_lab FROM tblaca008 WHERE c_asigna='300207' AND horas_teoricas > 0 [1][0] OK
C:[19/08/2013 13:11:01.04][186.89.178.19][1138] SELECT pre_cod_asig1,pre_cod_asig2,pre_cod_asig3,pre_cod_asig4,pre_cod_asig5,pre_cod_asig6,pre_cod_asig7 FROM tblaca009_p_int WHERE pensum='5' AND c_uni_ca='5' AND c_asigna='300013' [1][0] OK
C:[19/08/2013 13:11:01.04][186.89.178.19][1138] SELECT pre_cod_asig1,pre_cod_asig2,pre_cod_asig3,pre_cod_asig4,pre_cod_asig5,pre_cod_asig6,pre_cod_asig7 FROM tblaca009_p_int WHERE pensum='5' AND c_uni_ca='5' AND c_asigna='300226' [1][0] OK
C:[19/08/2013 13:11:01.04][186.89.178.19][1151] SELECT c_asigna FROM dace004 WHERE exp_e='00-15632304' AND c_asigna='300116' AND status IN ('0','3','B','C') [1][0] OK
C:[19/08/2013 13:11:02.98][186.89.178.19][1182] SELECT par_cod_asig1,par_cod_asig2,par_cod_asig3 FROM tblaca009_p_int WHERE pensum='5' AND c_uni_ca='5' AND c_asigna='300013' [1][0] OK
C:[19/08/2013 13:11:02.98][186.89.178.19][1182] SELECT par_cod_asig1,par_cod_asig2,par_cod_asig3 FROM tblaca009_p_int WHERE pensum='5' AND c_uni_ca='5' AND c_asigna='300226' [1][0] OK
C:[19/08/2013 13:11:02.28][186.89.178.19][1312] SELECT horas_lab FROM tblaca008 WHERE c_asigna='300013' AND horas_teoricas > 0 [1][0] OK
C:[19/08/2013 13:11:02.28][186.89.178.19][1312] SELECT horas_lab FROM tblaca008 WHERE c_asigna='300226' AND horas_teoricas > 0 [1][0] OK
C:[19/08/2013 13:11:13.50][190.206.229.46][1138] SELECT pre_cod_asig1,pre_cod_asig2,pre_cod_asig3,pre_cod_asig4,pre_cod_asig5,pre_cod_asig6,pre_cod_asig7 FROM tblaca009_p_int WHERE pensum='5' AND c_uni_ca='5' AND c_asigna='355572' [1][0] OK
C:[19/08/2013 13:11:13.50][190.206.229.46][1151] SELECT c_asigna FROM dace004 WHERE exp_e='03-17632615' AND c_asigna='300428' AND status IN ('0','3','B','C') [1][0] OK
C:[19/08/2013 13:11:13.75][190.206.229.46][1182] SELECT par_cod_asig1,par_cod_asig2,par_cod_asig3 FROM tblaca009_p_int WHERE pensum='5' AND c_uni_ca='5' AND c_asigna='355572' [1][0] OK
C:[19/08/2013 13:11:13.89][190.206.229.46][1312] SELECT horas_lab FROM tblaca008 WHERE c_asigna='355572' AND horas_teoricas > 0 [1][0] OK
C:[19/08/2013 13:11:46.99][190.37.113.214][1138] SELECT pre_cod_asig1,pre_cod_asig2,pre_cod_asig3,pre_cod_asig4,pre_cod_asig5,pre_cod_asig6,pre_cod_asig7 FROM tblaca009_p_int WHERE pensum='5' AND c_uni_ca='3' AND c_asigna='300101' [1][0] OK
C:[19/08/2013 13:11:46.68][190.37.113.214][1182] SELECT par_cod_asig1,par_cod_asig2,par_cod_asig3 FROM tblaca009_p_int WHERE pensum='5' AND c_uni_ca='3' AND c_asigna='300101' [1][0] OK
C:[19/08/2013 13:11:46.80][190.37.113.214][1312] SELECT horas_lab FROM tblaca008 WHERE c_asigna='300101' AND horas_teoricas > 0 [1][0] OK
C:[19/08/2013 13:13:15.49][190.74.183.22][1138] SELECT pre_cod_asig1,pre_cod_asig2,pre_cod_asig3,pre_cod_asig4,pre_cod_asig5,pre_cod_asig6,pre_cod_asig7 FROM tblaca009_p_int WHERE pensum='5' AND c_uni_ca='5' AND c_asigna='300870' [1][0] OK
C:[19/08/2013 13:13:16.18][190.74.183.22][1182] SELECT par_cod_asig1,par_cod_asig2,par_cod_asig3 FROM tblaca009_p_int WHERE pensum='5' AND c_uni_ca='5' AND c_asigna='300870' [1][0] OK
C:[19/08/2013 13:13:16.31][190.74.183.22][1312] SELECT horas_lab FROM tblaca008 WHERE c_asigna='300870' AND horas_teoricas > 0 [1][0] OK
C:[19/08/2013 13:13:28.50][200.90.99.102][1138] SELECT pre_cod_asig1,pre_cod_asig2,pre_cod_asig3,pre_cod_asig4,pre_cod_asig5,pre_cod_asig6,pre_cod_asig7 FROM tblaca009_p_int WHERE pensum='5' AND c_uni_ca='2' AND c_asigna='300207' [1][0] OK
C:[19/08/2013 13:13:28.50][200.90.99.102][1151] SELECT c_asigna FROM dace004 WHERE exp_e='11-21248976' AND c_asigna='300101' AND status IN ('0','3','B','C') [1][0] OK
C:[19/08/2013 13:13:28.50][200.90.99.102][1138] SELECT pre_cod_asig1,pre_cod_asig2,pre_cod_asig3,pre_cod_asig4,pre_cod_asig5,pre_cod_asig6,pre_cod_asig7 FROM tblaca009_p_int WHERE pensum='5' AND c_uni_ca='2' AND c_asigna='300209' [1][0] OK
C:[19/08/2013 13:13:28.50][200.90.99.102][1151] SELECT c_asigna FROM dace004 WHERE exp_e='11-21248976' AND c_asigna='300101' AND status IN ('0','3','B','C') [1][0] OK
C:[19/08/2013 13:13:28.99][200.90.99.102][1182] SELECT par_cod_asig1,par_cod_asig2,par_cod_asig3 FROM tblaca009_p_int WHERE pensum='5' AND c_uni_ca='2' AND c_asigna='300207' [1][0] OK
C:[19/08/2013 13:13:28.99][200.90.99.102][1182] SELECT par_cod_asig1,par_cod_asig2,par_cod_asig3 FROM tblaca009_p_int WHERE pensum='5' AND c_uni_ca='2' AND c_asigna='300209' [1][0] OK
C:[19/08/2013 13:13:28.28][200.90.99.102][1312] SELECT horas_lab FROM tblaca008 WHERE c_asigna='300207' AND horas_teoricas > 0 [1][0] OK
C:[19/08/2013 13:13:28.28][200.90.99.102][1312] SELECT horas_lab FROM tblaca008 WHERE c_asigna='300209' AND horas_teoricas > 0 [1][0] OK
C:[19/08/2013 13:14:17.87][186.90.221.76][1138] SELECT pre_cod_asig1,pre_cod_asig2,pre_cod_asig3,pre_cod_asig4,pre_cod_asig5,pre_cod_asig6,pre_cod_asig7 FROM tblaca009_p_int WHERE pensum='5' AND c_uni_ca='2' AND c_asigna='300013' [1][0] OK
C:[19/08/2013 13:14:17.55][186.90.221.76][1182] SELECT par_cod_asig1,par_cod_asig2,par_cod_asig3 FROM tblaca009_p_int WHERE pensum='5' AND c_uni_ca='2' AND c_asigna='300013' [1][0] OK
C:[19/08/2013 13:14:17.69][186.90.221.76][1312] SELECT horas_lab FROM tblaca008 WHERE c_asigna='300013' AND horas_teoricas > 0 [1][0] OK
C:[19/08/2013 13:14:29.53][190.77.224.109][1138] SELECT pre_cod_asig1,pre_cod_asig2,pre_cod_asig3,pre_cod_asig4,pre_cod_asig5,pre_cod_asig6,pre_cod_asig7 FROM tblaca009_p_int WHERE pensum='5' AND c_uni_ca='2' AND c_asigna='300213' [1][0] OK
C:[19/08/2013 13:14:29.53][190.77.224.109][1151] SELECT c_asigna FROM dace004 WHERE exp_e='10-21247376' AND c_asigna='300101' AND status IN ('0','3','B','C') [1][0] OK
C:[19/08/2013 13:14:29.77][190.77.224.109][1182] SELECT par_cod_asig1,par_cod_asig2,par_cod_asig3 FROM tblaca009_p_int WHERE pensum='5' AND c_uni_ca='2' AND c_asigna='300213' [1][0] OK
C:[19/08/2013 13:14:29.90][190.77.224.109][1312] SELECT horas_lab FROM tblaca008 WHERE c_asigna='300213' AND horas_teoricas > 0 [1][0] OK
C:[19/08/2013 13:14:39.05][190.199.92.188][1138] SELECT pre_cod_asig1,pre_cod_asig2,pre_cod_asig3,pre_cod_asig4,pre_cod_asig5,pre_cod_asig6,pre_cod_asig7 FROM tblaca009_p_int WHERE pensum='5' AND c_uni_ca='3' AND c_asigna='311824' [1][0] OK
C:[19/08/2013 13:14:39.05][190.199.92.188][1151] SELECT c_asigna FROM dace004 WHERE exp_e='09-20563613' AND c_asigna='311796' AND status IN ('0','3','B','C') [1][0] OK
C:[19/08/2013 13:14:39.86][190.199.92.188][1182] SELECT par_cod_asig1,par_cod_asig2,par_cod_asig3 FROM tblaca009_p_int WHERE pensum='5' AND c_uni_ca='3' AND c_asigna='311824' [1][0] OK
C:[19/08/2013 13:14:39.00][190.199.92.188][1312] SELECT horas_lab FROM tblaca008 WHERE c_asigna='311824' AND horas_teoricas > 0 [1][0] OK
C:[19/08/2013 13:15:11.65][190.73.234.82][1138] SELECT pre_cod_asig1,pre_cod_asig2,pre_cod_asig3,pre_cod_asig4,pre_cod_asig5,pre_cod_asig6,pre_cod_asig7 FROM tblaca009_p_int WHERE pensum='5' AND c_uni_ca='2' AND c_asigna='300101' [1][0] OK
C:[19/08/2013 13:15:12.34][190.73.234.82][1182] SELECT par_cod_asig1,par_cod_asig2,par_cod_asig3 FROM tblaca009_p_int WHERE pensum='5' AND c_uni_ca='2' AND c_asigna='300101' [1][0] OK
C:[19/08/2013 13:15:12.47][190.73.234.82][1312] SELECT horas_lab FROM tblaca008 WHERE c_asigna='300101' AND horas_teoricas > 0 [1][0] OK
C:[19/08/2013 13:15:34.49][190.200.20.7][1138] SELECT pre_cod_asig1,pre_cod_asig2,pre_cod_asig3,pre_cod_asig4,pre_cod_asig5,pre_cod_asig6,pre_cod_asig7 FROM tblaca009_p_int WHERE pensum='5' AND c_uni_ca='2' AND c_asigna='300956' [1][0] OK
C:[19/08/2013 13:15:34.49][190.200.20.7][1151] SELECT c_asigna FROM dace004 WHERE exp_e='09-20300339' AND c_asigna='300422' AND status IN ('0','3','B','C') [1][0] OK
C:[19/08/2013 13:15:34.30][190.200.20.7][1182] SELECT par_cod_asig1,par_cod_asig2,par_cod_asig3 FROM tblaca009_p_int WHERE pensum='5' AND c_uni_ca='2' AND c_asigna='300956' [1][0] OK
C:[19/08/2013 13:15:34.44][190.200.20.7][1312] SELECT horas_lab FROM tblaca008 WHERE c_asigna='300956' AND horas_teoricas > 0 [1][0] OK
C:[19/08/2013 13:15:59.98][190.77.213.252][1138] SELECT pre_cod_asig1,pre_cod_asig2,pre_cod_asig3,pre_cod_asig4,pre_cod_asig5,pre_cod_asig6,pre_cod_asig7 FROM tblaca009_p_int WHERE pensum='5' AND c_uni_ca='2' AND c_asigna='320311' [1][0] OK
C:[19/08/2013 13:15:59.98][190.77.213.252][1151] SELECT c_asigna FROM dace004 WHERE exp_e='12-24037462' AND c_asigna='300013' AND status IN ('0','3','B','C') [1][0] OK
C:[19/08/2013 13:15:59.98][190.77.213.252][1151] SELECT c_asigna FROM dace004 WHERE exp_e='12-24037462' AND c_asigna='300113' AND status IN ('0','3','B','C') [1][0] OK
C:[19/08/2013 13:15:59.91][190.77.213.252][1182] SELECT par_cod_asig1,par_cod_asig2,par_cod_asig3 FROM tblaca009_p_int WHERE pensum='5' AND c_uni_ca='2' AND c_asigna='320311' [1][0] OK
C:[19/08/2013 13:15:59.05][190.77.213.252][1312] SELECT horas_lab FROM tblaca008 WHERE c_asigna='320311' AND horas_teoricas > 0 [1][0] OK
C:[19/08/2013 13:16:46.55][172.16.4.247][1138] SELECT pre_cod_asig1,pre_cod_asig2,pre_cod_asig3,pre_cod_asig4,pre_cod_asig5,pre_cod_asig6,pre_cod_asig7 FROM tblaca009_p_int WHERE pensum='5' AND c_uni_ca='5' AND c_asigna='300313' [1][0] OK
C:[19/08/2013 13:16:46.55][172.16.4.247][1151] SELECT c_asigna FROM dace004 WHERE exp_e='08-20036612' AND c_asigna='300213' AND status IN ('0','3','B','C') [1][0] OK
C:[19/08/2013 13:16:46.36][172.16.4.247][1182] SELECT par_cod_asig1,par_cod_asig2,par_cod_asig3 FROM tblaca009_p_int WHERE pensum='5' AND c_uni_ca='5' AND c_asigna='300313' [1][0] OK
C:[19/08/2013 13:16:46.50][172.16.4.247][1312] SELECT horas_lab FROM tblaca008 WHERE c_asigna='300313' AND horas_teoricas > 0 [1][0] OK
C:[19/08/2013 13:17:31.51][190.37.173.203][1138] SELECT pre_cod_asig1,pre_cod_asig2,pre_cod_asig3,pre_cod_asig4,pre_cod_asig5,pre_cod_asig6,pre_cod_asig7 FROM tblaca009_p_int WHERE pensum='5' AND c_uni_ca='3' AND c_asigna='300207' [1][0] OK
C:[19/08/2013 13:17:31.51][190.37.173.203][1151] SELECT c_asigna FROM dace004 WHERE exp_e='07-18982938' AND c_asigna='300101' AND status IN ('0','3','B','C') [1][0] OK
C:[19/08/2013 13:17:31.32][190.37.173.203][1182] SELECT par_cod_asig1,par_cod_asig2,par_cod_asig3 FROM tblaca009_p_int WHERE pensum='5' AND c_uni_ca='3' AND c_asigna='300207' [1][0] OK
C:[19/08/2013 13:17:31.46][190.37.173.203][1312] SELECT horas_lab FROM tblaca008 WHERE c_asigna='300207' AND horas_teoricas > 0 [1][0] OK
C:[19/08/2013 13:17:48.60][172.17.148.26][1138] SELECT pre_cod_asig1,pre_cod_asig2,pre_cod_asig3,pre_cod_asig4,pre_cod_asig5,pre_cod_asig6,pre_cod_asig7 FROM tblaca009_p_int WHERE pensum='5' AND c_uni_ca='6' AND c_asigna='300207' [1][0] OK
C:[19/08/2013 13:17:48.60][172.17.148.26][1151] SELECT c_asigna FROM dace004 WHERE exp_e='06-19158427' AND c_asigna='300101' AND status IN ('0','3','B','C') [1][0] OK
C:[19/08/2013 13:17:48.41][172.17.148.26][1182] SELECT par_cod_asig1,par_cod_asig2,par_cod_asig3 FROM tblaca009_p_int WHERE pensum='5' AND c_uni_ca='6' AND c_asigna='300207' [1][0] OK
C:[19/08/2013 13:17:48.55][172.17.148.26][1312] SELECT horas_lab FROM tblaca008 WHERE c_asigna='300207' AND horas_teoricas > 0 [1][0] OK
C:[19/08/2013 13:18:27.85][190.199.92.188][1138] SELECT pre_cod_asig1,pre_cod_asig2,pre_cod_asig3,pre_cod_asig4,pre_cod_asig5,pre_cod_asig6,pre_cod_asig7 FROM tblaca009_p_int WHERE pensum='5' AND c_uni_ca='5' AND c_asigna='300013' [1][0] OK
C:[19/08/2013 13:18:27.85][190.199.92.188][1138] SELECT pre_cod_asig1,pre_cod_asig2,pre_cod_asig3,pre_cod_asig4,pre_cod_asig5,pre_cod_asig6,pre_cod_asig7 FROM tblaca009_p_int WHERE pensum='5' AND c_uni_ca='5' AND c_asigna='300112' [1][0] OK
C:[19/08/2013 13:18:27.67][190.199.92.188][1182] SELECT par_cod_asig1,par_cod_asig2,par_cod_asig3 FROM tblaca009_p_int WHERE pensum='5' AND c_uni_ca='5' AND c_asigna='300013' [1][0] OK
C:[19/08/2013 13:18:27.67][190.199.92.188][1182] SELECT par_cod_asig1,par_cod_asig2,par_cod_asig3 FROM tblaca009_p_int WHERE pensum='5' AND c_uni_ca='5' AND c_asigna='300112' [1][0] OK
C:[19/08/2013 13:18:27.95][190.199.92.188][1312] SELECT horas_lab FROM tblaca008 WHERE c_asigna='300013' AND horas_teoricas > 0 [1][0] OK
C:[19/08/2013 13:18:27.95][190.199.92.188][1312] SELECT horas_lab FROM tblaca008 WHERE c_asigna='300112' AND horas_teoricas > 0 [1][0] OK
C:[19/08/2013 13:19:26.54][172.17.148.26][1138] SELECT pre_cod_asig1,pre_cod_asig2,pre_cod_asig3,pre_cod_asig4,pre_cod_asig5,pre_cod_asig6,pre_cod_asig7 FROM tblaca009_p_int WHERE pensum='5' AND c_uni_ca='6' AND c_asigna='300207' [1][0] OK
C:[19/08/2013 13:19:26.54][172.17.148.26][1151] SELECT c_asigna FROM dace004 WHERE exp_e='06-19158427' AND c_asigna='300101' AND status IN ('0','3','B','C') [1][0] OK
C:[19/08/2013 13:19:26.35][172.17.148.26][1182] SELECT par_cod_asig1,par_cod_asig2,par_cod_asig3 FROM tblaca009_p_int WHERE pensum='5' AND c_uni_ca='6' AND c_asigna='300207' [1][0] OK
C:[19/08/2013 13:19:26.48][172.17.148.26][1312] SELECT horas_lab FROM tblaca008 WHERE c_asigna='300207' AND horas_teoricas > 0 [1][0] OK
C:[19/08/2013 13:19:37.31][190.199.92.188][1138] SELECT pre_cod_asig1,pre_cod_asig2,pre_cod_asig3,pre_cod_asig4,pre_cod_asig5,pre_cod_asig6,pre_cod_asig7 FROM tblaca009_p_int WHERE pensum='5' AND c_uni_ca='4' AND c_asigna='300112' [1][0] OK
C:[19/08/2013 13:19:37.31][190.199.92.188][1138] SELECT pre_cod_asig1,pre_cod_asig2,pre_cod_asig3,pre_cod_asig4,pre_cod_asig5,pre_cod_asig6,pre_cod_asig7 FROM tblaca009_p_int WHERE pensum='5' AND c_uni_ca='4' AND c_asigna='300116' [1][0] OK
C:[19/08/2013 13:19:37.56][190.199.92.188][1182] SELECT par_cod_asig1,par_cod_asig2,par_cod_asig3 FROM tblaca009_p_int WHERE pensum='5' AND c_uni_ca='4' AND c_asigna='300112' [1][0] OK
C:[19/08/2013 13:19:37.56][190.199.92.188][1182] SELECT par_cod_asig1,par_cod_asig2,par_cod_asig3 FROM tblaca009_p_int WHERE pensum='5' AND c_uni_ca='4' AND c_asigna='300116' [1][0] OK
C:[19/08/2013 13:19:37.82][190.199.92.188][1312] SELECT horas_lab FROM tblaca008 WHERE c_asigna='300112' AND horas_teoricas > 0 [1][0] OK
C:[19/08/2013 13:19:37.82][190.199.92.188][1312] SELECT horas_lab FROM tblaca008 WHERE c_asigna='300116' AND horas_teoricas > 0 [1][0] OK
C:[19/08/2013 13:20:12.10][186.167.243.120][1138] SELECT pre_cod_asig1,pre_cod_asig2,pre_cod_asig3,pre_cod_asig4,pre_cod_asig5,pre_cod_asig6,pre_cod_asig7 FROM tblaca009_p_int WHERE pensum='5' AND c_uni_ca='3' AND c_asigna='310548' [1][0] OK
C:[19/08/2013 13:20:12.10][186.167.243.120][1151] SELECT c_asigna FROM dace004 WHERE exp_e='09-21249112' AND c_asigna='300428' AND status IN ('0','3','B','C') [1][0] OK
C:[19/08/2013 13:20:12.10][186.167.243.120][1138] SELECT pre_cod_asig1,pre_cod_asig2,pre_cod_asig3,pre_cod_asig4,pre_cod_asig5,pre_cod_asig6,pre_cod_asig7 FROM tblaca009_p_int WHERE pensum='5' AND c_uni_ca='3' AND c_asigna='311551' [1][0] OK
C:[19/08/2013 13:20:12.10][186.167.243.120][1151] SELECT c_asigna FROM dace004 WHERE exp_e='09-21249112' AND c_asigna='311430' AND status IN ('0','3','B','C') [1][0] OK
C:[19/08/2013 13:20:12.10][186.167.243.120][1138] SELECT pre_cod_asig1,pre_cod_asig2,pre_cod_asig3,pre_cod_asig4,pre_cod_asig5,pre_cod_asig6,pre_cod_asig7 FROM tblaca009_p_int WHERE pensum='5' AND c_uni_ca='3' AND c_asigna='311556' [1][0] OK
C:[19/08/2013 13:20:12.10][186.167.243.120][1151] SELECT c_asigna FROM dace004 WHERE exp_e='09-21249112' AND c_asigna='311430' AND status IN ('0','3','B','C') [1][0] OK
C:[19/08/2013 13:20:13.41][186.167.243.120][1182] SELECT par_cod_asig1,par_cod_asig2,par_cod_asig3 FROM tblaca009_p_int WHERE pensum='5' AND c_uni_ca='3' AND c_asigna='310548' [1][0] OK
C:[19/08/2013 13:20:13.41][186.167.243.120][1182] SELECT par_cod_asig1,par_cod_asig2,par_cod_asig3 FROM tblaca009_p_int WHERE pensum='5' AND c_uni_ca='3' AND c_asigna='311551' [1][0] OK
C:[19/08/2013 13:20:13.41][186.167.243.120][1182] SELECT par_cod_asig1,par_cod_asig2,par_cod_asig3 FROM tblaca009_p_int WHERE pensum='5' AND c_uni_ca='3' AND c_asigna='311556' [1][0] OK
C:[19/08/2013 13:20:13.80][186.167.243.120][1312] SELECT horas_lab FROM tblaca008 WHERE c_asigna='310548' AND horas_teoricas > 0 [1][0] OK
C:[19/08/2013 13:20:13.80][186.167.243.120][1312] SELECT horas_lab FROM tblaca008 WHERE c_asigna='311551' AND horas_teoricas > 0 [1][0] OK
C:[19/08/2013 13:20:13.80][186.167.243.120][1312] SELECT horas_lab FROM tblaca008 WHERE c_asigna='311556' AND horas_teoricas > 0 [0][0] OK
C:[19/08/2013 13:21:14.27][186.90.218.60][1138] SELECT pre_cod_asig1,pre_cod_asig2,pre_cod_asig3,pre_cod_asig4,pre_cod_asig5,pre_cod_asig6,pre_cod_asig7 FROM tblaca009_p_int WHERE pensum='5' AND c_uni_ca='4' AND c_asigna='333639' [1][0] OK
C:[19/08/2013 13:21:14.27][186.90.218.60][1151] SELECT c_asigna FROM dace004 WHERE exp_e='08-20471482' AND c_asigna='333585' AND status IN ('0','3','B','C') [1][0] OK
C:[19/08/2013 13:21:14.08][186.90.218.60][1182] SELECT par_cod_asig1,par_cod_asig2,par_cod_asig3 FROM tblaca009_p_int WHERE pensum='5' AND c_uni_ca='4' AND c_asigna='333639' [1][0] OK
C:[19/08/2013 13:21:14.21][186.90.218.60][1312] SELECT horas_lab FROM tblaca008 WHERE c_asigna='333639' AND horas_teoricas > 0 [1][0] OK
C:[19/08/2013 13:21:32.93][190.39.5.74][1138] SELECT pre_cod_asig1,pre_cod_asig2,pre_cod_asig3,pre_cod_asig4,pre_cod_asig5,pre_cod_asig6,pre_cod_asig7 FROM tblaca009_p_int WHERE pensum='5' AND c_uni_ca='2' AND c_asigna='322703' [1][0] OK
C:[19/08/2013 13:21:32.93][190.39.5.74][1151] SELECT c_asigna FROM dace004 WHERE exp_e='07-20284875' AND c_asigna='322669' AND status IN ('0','3','B','C') [1][0] OK
C:[19/08/2013 13:21:32.93][190.39.5.74][1138] SELECT pre_cod_asig1,pre_cod_asig2,pre_cod_asig3,pre_cod_asig4,pre_cod_asig5,pre_cod_asig6,pre_cod_asig7 FROM tblaca009_p_int WHERE pensum='5' AND c_uni_ca='2' AND c_asigna='322041' [1][0] OK
C:[19/08/2013 13:21:32.87][190.39.5.74][1182] SELECT par_cod_asig1,par_cod_asig2,par_cod_asig3 FROM tblaca009_p_int WHERE pensum='5' AND c_uni_ca='2' AND c_asigna='322703' [1][0] OK
C:[19/08/2013 13:21:32.87][190.39.5.74][1182] SELECT par_cod_asig1,par_cod_asig2,par_cod_asig3 FROM tblaca009_p_int WHERE pensum='5' AND c_uni_ca='2' AND c_asigna='322041' [1][0] OK
C:[19/08/2013 13:21:32.12][190.39.5.74][1312] SELECT horas_lab FROM tblaca008 WHERE c_asigna='322703' AND horas_teoricas > 0 [1][0] OK
C:[19/08/2013 13:21:32.12][190.39.5.74][1312] SELECT horas_lab FROM tblaca008 WHERE c_asigna='322041' AND horas_teoricas > 0 [1][0] OK
C:[19/08/2013 13:21:58.82][186.90.215.230][1138] SELECT pre_cod_asig1,pre_cod_asig2,pre_cod_asig3,pre_cod_asig4,pre_cod_asig5,pre_cod_asig6,pre_cod_asig7 FROM tblaca009_p_int WHERE pensum='5' AND c_uni_ca='6' AND c_asigna='342436' [1][0] OK
C:[19/08/2013 13:21:58.82][186.90.215.230][1151] SELECT c_asigna FROM dace004 WHERE exp_e='11-20975242' AND c_asigna='300318' AND status IN ('0','3','B','C') [1][0] OK
C:[19/08/2013 13:21:58.82][186.90.215.230][1151] SELECT c_asigna FROM dace004 WHERE exp_e='11-20975242' AND c_asigna='300317' AND status IN ('0','3','B','C') [1][0] OK
C:[19/08/2013 13:21:58.76][186.90.215.230][1182] SELECT par_cod_asig1,par_cod_asig2,par_cod_asig3 FROM tblaca009_p_int WHERE pensum='5' AND c_uni_ca='6' AND c_asigna='342436' [1][0] OK
C:[19/08/2013 13:21:58.91][186.90.215.230][1312] SELECT horas_lab FROM tblaca008 WHERE c_asigna='342436' AND horas_teoricas > 0 [1][0] OK
C:[19/08/2013 13:22:25.24][186.26.206.11][1138] SELECT pre_cod_asig1,pre_cod_asig2,pre_cod_asig3,pre_cod_asig4,pre_cod_asig5,pre_cod_asig6,pre_cod_asig7 FROM tblaca009_p_int WHERE pensum='5' AND c_uni_ca='6' AND c_asigna='300956' [1][0] OK
C:[19/08/2013 13:22:25.24][186.26.206.11][1151] SELECT c_asigna FROM dace004 WHERE exp_e='08-20504634' AND c_asigna='300422' AND status IN ('0','3','B','C') [1][0] OK
C:[19/08/2013 13:22:25.06][186.26.206.11][1182] SELECT par_cod_asig1,par_cod_asig2,par_cod_asig3 FROM tblaca009_p_int WHERE pensum='5' AND c_uni_ca='6' AND c_asigna='300956' [1][0] OK
C:[19/08/2013 13:22:25.89][186.26.206.11][1312] SELECT horas_lab FROM tblaca008 WHERE c_asigna='300956' AND horas_teoricas > 0 [1][0] OK
C:[19/08/2013 13:23:42.04][190.60.50.67][1138] SELECT pre_cod_asig1,pre_cod_asig2,pre_cod_asig3,pre_cod_asig4,pre_cod_asig5,pre_cod_asig6,pre_cod_asig7 FROM tblaca009_p_int WHERE pensum='5' AND c_uni_ca='3' AND c_asigna='311824' [1][0] OK
C:[19/08/2013 13:23:42.04][190.60.50.67][1151] SELECT c_asigna FROM dace004 WHERE exp_e='08-19419203' AND c_asigna='311796' AND status IN ('0','3','B','C') [1][0] OK
C:[19/08/2013 13:23:42.04][190.60.50.67][1138] SELECT pre_cod_asig1,pre_cod_asig2,pre_cod_asig3,pre_cod_asig4,pre_cod_asig5,pre_cod_asig6,pre_cod_asig7 FROM tblaca009_p_int WHERE pensum='5' AND c_uni_ca='3' AND c_asigna='300956' [1][0] OK
C:[19/08/2013 13:23:42.98][190.60.50.67][1182] SELECT par_cod_asig1,par_cod_asig2,par_cod_asig3 FROM tblaca009_p_int WHERE pensum='5' AND c_uni_ca='3' AND c_asigna='311824' [1][0] OK
C:[19/08/2013 13:23:42.98][190.60.50.67][1182] SELECT par_cod_asig1,par_cod_asig2,par_cod_asig3 FROM tblaca009_p_int WHERE pensum='5' AND c_uni_ca='3' AND c_asigna='300956' [1][0] OK
C:[19/08/2013 13:23:42.24][190.60.50.67][1312] SELECT horas_lab FROM tblaca008 WHERE c_asigna='311824' AND horas_teoricas > 0 [1][0] OK
C:[19/08/2013 13:23:42.24][190.60.50.67][1312] SELECT horas_lab FROM tblaca008 WHERE c_asigna='300956' AND horas_teoricas > 0 [1][0] OK
C:[19/08/2013 13:24:22.72][190.199.92.188][1138] SELECT pre_cod_asig1,pre_cod_asig2,pre_cod_asig3,pre_cod_asig4,pre_cod_asig5,pre_cod_asig6,pre_cod_asig7 FROM tblaca009_p_int WHERE pensum='5' AND c_uni_ca='5' AND c_asigna='300013' [1][0] OK
C:[19/08/2013 13:24:22.10][190.199.92.188][1182] SELECT par_cod_asig1,par_cod_asig2,par_cod_asig3 FROM tblaca009_p_int WHERE pensum='5' AND c_uni_ca='5' AND c_asigna='300013' [1][0] OK
C:[19/08/2013 13:24:22.23][190.199.92.188][1312] SELECT horas_lab FROM tblaca008 WHERE c_asigna='300013' AND horas_teoricas > 0 [1][0] OK
C:[19/08/2013 13:24:49.15][190.199.92.188][1138] SELECT pre_cod_asig1,pre_cod_asig2,pre_cod_asig3,pre_cod_asig4,pre_cod_asig5,pre_cod_asig6,pre_cod_asig7 FROM tblaca009_p_int WHERE pensum='5' AND c_uni_ca='6' AND c_asigna='300101' [1][0] OK
C:[19/08/2013 13:24:49.84][190.199.92.188][1182] SELECT par_cod_asig1,par_cod_asig2,par_cod_asig3 FROM tblaca009_p_int WHERE pensum='5' AND c_uni_ca='6' AND c_asigna='300101' [1][0] OK
C:[19/08/2013 13:24:49.99][190.199.92.188][1312] SELECT horas_lab FROM tblaca008 WHERE c_asigna='300101' AND horas_teoricas > 0 [1][0] OK
C:[19/08/2013 13:27:09.21][190.199.92.188][1138] SELECT pre_cod_asig1,pre_cod_asig2,pre_cod_asig3,pre_cod_asig4,pre_cod_asig5,pre_cod_asig6,pre_cod_asig7 FROM tblaca009_p_int WHERE pensum='5' AND c_uni_ca='3' AND c_asigna='300209' [1][0] OK
C:[19/08/2013 13:27:09.21][190.199.92.188][1151] SELECT c_asigna FROM dace004 WHERE exp_e='11-26138169' AND c_asigna='300101' AND status IN ('0','3','B','C') [1][0] OK
C:[19/08/2013 13:27:09.71][190.199.92.188][1182] SELECT par_cod_asig1,par_cod_asig2,par_cod_asig3 FROM tblaca009_p_int WHERE pensum='5' AND c_uni_ca='3' AND c_asigna='300209' [1][0] OK
C:[19/08/2013 13:27:09.86][190.199.92.188][1312] SELECT horas_lab FROM tblaca008 WHERE c_asigna='300209' AND horas_teoricas > 0 [1][0] OK
C:[19/08/2013 13:28:08.80][190.199.92.188][1138] SELECT pre_cod_asig1,pre_cod_asig2,pre_cod_asig3,pre_cod_asig4,pre_cod_asig5,pre_cod_asig6,pre_cod_asig7 FROM tblaca009_p_int WHERE pensum='5' AND c_uni_ca='3' AND c_asigna='300313' [1][0] OK
C:[19/08/2013 13:28:08.80][190.199.92.188][1151] SELECT c_asigna FROM dace004 WHERE exp_e='11-22586012' AND c_asigna='300213' AND status IN ('0','3','B','C') [1][0] OK
C:[19/08/2013 13:28:08.62][190.199.92.188][1182] SELECT par_cod_asig1,par_cod_asig2,par_cod_asig3 FROM tblaca009_p_int WHERE pensum='5' AND c_uni_ca='3' AND c_asigna='300313' [1][0] OK
C:[19/08/2013 13:28:08.75][190.199.92.188][1312] SELECT horas_lab FROM tblaca008 WHERE c_asigna='300313' AND horas_teoricas > 0 [1][0] OK
C:[19/08/2013 13:31:57.08][190.37.47.228][1138] SELECT pre_cod_asig1,pre_cod_asig2,pre_cod_asig3,pre_cod_asig4,pre_cod_asig5,pre_cod_asig6,pre_cod_asig7 FROM tblaca009_p_int WHERE pensum='5' AND c_uni_ca='2' AND c_asigna='300213' [1][0] OK
C:[19/08/2013 13:31:57.08][190.37.47.228][1151] SELECT c_asigna FROM dace004 WHERE exp_e='12-24118742' AND c_asigna='300101' AND status IN ('0','3','B','C') [1][0] OK
C:[19/08/2013 13:31:57.08][190.37.47.228][1138] SELECT pre_cod_asig1,pre_cod_asig2,pre_cod_asig3,pre_cod_asig4,pre_cod_asig5,pre_cod_asig6,pre_cod_asig7 FROM tblaca009_p_int WHERE pensum='5' AND c_uni_ca='2' AND c_asigna='300218' [1][0] OK
C:[19/08/2013 13:31:57.08][190.37.47.228][1138] SELECT pre_cod_asig1,pre_cod_asig2,pre_cod_asig3,pre_cod_asig4,pre_cod_asig5,pre_cod_asig6,pre_cod_asig7 FROM tblaca009_p_int WHERE pensum='5' AND c_uni_ca='2' AND c_asigna='300228' [1][0] OK
C:[19/08/2013 13:31:57.08][190.37.47.228][1151] SELECT c_asigna FROM dace004 WHERE exp_e='12-24118742' AND c_asigna='300101' AND status IN ('0','3','B','C') [1][0] OK
C:[19/08/2013 13:31:57.26][190.37.47.228][1182] SELECT par_cod_asig1,par_cod_asig2,par_cod_asig3 FROM tblaca009_p_int WHERE pensum='5' AND c_uni_ca='2' AND c_asigna='300213' [1][0] OK
C:[19/08/2013 13:31:57.26][190.37.47.228][1182] SELECT par_cod_asig1,par_cod_asig2,par_cod_asig3 FROM tblaca009_p_int WHERE pensum='5' AND c_uni_ca='2' AND c_asigna='300218' [1][0] OK
C:[19/08/2013 13:31:57.26][190.37.47.228][1196] SELECT c_asigna FROM dace004 WHERE exp_e='12-24118742' AND c_asigna='300228' AND status IN ('0','3','B','C') [0][0] OK
C:[19/08/2013 13:31:57.26][190.37.47.228][1182] SELECT par_cod_asig1,par_cod_asig2,par_cod_asig3 FROM tblaca009_p_int WHERE pensum='5' AND c_uni_ca='2' AND c_asigna='300228' [1][0] OK
C:[19/08/2013 13:31:57.78][190.37.47.228][1312] SELECT horas_lab FROM tblaca008 WHERE c_asigna='300213' AND horas_teoricas > 0 [1][0] OK
C:[19/08/2013 13:31:57.78][190.37.47.228][1312] SELECT horas_lab FROM tblaca008 WHERE c_asigna='300218' AND horas_teoricas > 0 [0][0] OK
C:[19/08/2013 13:31:57.78][190.37.47.228][1312] SELECT horas_lab FROM tblaca008 WHERE c_asigna='300228' AND horas_teoricas > 0 [1][0] OK
C:[19/08/2013 13:34:18.23][190.204.175.43][1138] SELECT pre_cod_asig1,pre_cod_asig2,pre_cod_asig3,pre_cod_asig4,pre_cod_asig5,pre_cod_asig6,pre_cod_asig7 FROM tblaca009_p_int WHERE pensum='5' AND c_uni_ca='3' AND c_asigna='311704' [1][0] OK
C:[19/08/2013 13:34:18.23][190.204.175.43][1151] SELECT c_asigna FROM dace004 WHERE exp_e='99-15468808' AND c_asigna='315671' AND status IN ('0','3','B','C') [1][0] OK
C:[19/08/2013 13:34:18.04][190.204.175.43][1182] SELECT par_cod_asig1,par_cod_asig2,par_cod_asig3 FROM tblaca009_p_int WHERE pensum='5' AND c_uni_ca='3' AND c_asigna='311704' [1][0] OK
C:[19/08/2013 13:34:18.19][190.204.175.43][1312] SELECT horas_lab FROM tblaca008 WHERE c_asigna='311704' AND horas_teoricas > 0 [1][0] OK
C:[19/08/2013 13:35:15.51][186.89.214.251][1138] SELECT pre_cod_asig1,pre_cod_asig2,pre_cod_asig3,pre_cod_asig4,pre_cod_asig5,pre_cod_asig6,pre_cod_asig7 FROM tblaca009_p_int WHERE pensum='5' AND c_uni_ca='2' AND c_asigna='300428' [1][0] OK
C:[19/08/2013 13:35:15.51][186.89.214.251][1151] SELECT c_asigna FROM dace004 WHERE exp_e='13-16393283' AND c_asigna='300317' AND status IN ('0','3','B','C') [1][0] OK
C:[19/08/2013 13:35:15.32][186.89.214.251][1182] SELECT par_cod_asig1,par_cod_asig2,par_cod_asig3 FROM tblaca009_p_int WHERE pensum='5' AND c_uni_ca='2' AND c_asigna='300428' [1][0] OK
C:[19/08/2013 13:35:15.46][186.89.214.251][1312] SELECT horas_lab FROM tblaca008 WHERE c_asigna='300428' AND horas_teoricas > 0 [1][0] OK
C:[19/08/2013 13:35:29.64][190.199.92.188][1138] SELECT pre_cod_asig1,pre_cod_asig2,pre_cod_asig3,pre_cod_asig4,pre_cod_asig5,pre_cod_asig6,pre_cod_asig7 FROM tblaca009_p_int WHERE pensum='5' AND c_uni_ca='4' AND c_asigna='300101' [1][0] OK
C:[19/08/2013 13:35:29.64][190.199.92.188][1138] SELECT pre_cod_asig1,pre_cod_asig2,pre_cod_asig3,pre_cod_asig4,pre_cod_asig5,pre_cod_asig6,pre_cod_asig7 FROM tblaca009_p_int WHERE pensum='5' AND c_uni_ca='4' AND c_asigna='300116' [1][0] OK
C:[19/08/2013 13:35:30.02][190.199.92.188][1182] SELECT par_cod_asig1,par_cod_asig2,par_cod_asig3 FROM tblaca009_p_int WHERE pensum='5' AND c_uni_ca='4' AND c_asigna='300101' [1][0] OK
C:[19/08/2013 13:35:30.02][190.199.92.188][1182] SELECT par_cod_asig1,par_cod_asig2,par_cod_asig3 FROM tblaca009_p_int WHERE pensum='5' AND c_uni_ca='4' AND c_asigna='300116' [1][0] OK
C:[19/08/2013 13:35:30.28][190.199.92.188][1312] SELECT horas_lab FROM tblaca008 WHERE c_asigna='300101' AND horas_teoricas > 0 [1][0] OK
C:[19/08/2013 13:35:30.28][190.199.92.188][1312] SELECT horas_lab FROM tblaca008 WHERE c_asigna='300116' AND horas_teoricas > 0 [1][0] OK
C:[19/08/2013 13:35:45.99][74.82.64.161][1138] SELECT pre_cod_asig1,pre_cod_asig2,pre_cod_asig3,pre_cod_asig4,pre_cod_asig5,pre_cod_asig6,pre_cod_asig7 FROM tblaca009_p_int WHERE pensum='5' AND c_uni_ca='3' AND c_asigna='300209' [1][0] OK
C:[19/08/2013 13:35:45.99][74.82.64.161][1151] SELECT c_asigna FROM dace004 WHERE exp_e='10-21197714' AND c_asigna='300101' AND status IN ('0','3','B','C') [1][0] OK
C:[19/08/2013 13:35:46.79][74.82.64.161][1182] SELECT par_cod_asig1,par_cod_asig2,par_cod_asig3 FROM tblaca009_p_int WHERE pensum='5' AND c_uni_ca='3' AND c_asigna='300209' [1][0] OK
C:[19/08/2013 13:35:46.23][74.82.64.161][1312] SELECT horas_lab FROM tblaca008 WHERE c_asigna='300209' AND horas_teoricas > 0 [1][0] OK
C:[19/08/2013 13:36:14.36][172.16.4.254][1138] SELECT pre_cod_asig1,pre_cod_asig2,pre_cod_asig3,pre_cod_asig4,pre_cod_asig5,pre_cod_asig6,pre_cod_asig7 FROM tblaca009_p_int WHERE pensum='5' AND c_uni_ca='5' AND c_asigna='351330' [1][0] OK
C:[19/08/2013 13:36:14.36][172.16.4.254][1151] SELECT c_asigna FROM dace004 WHERE exp_e='11-24039390' AND c_asigna='300218' AND status IN ('0','3','B','C') [1][0] OK
C:[19/08/2013 13:36:14.36][172.16.4.254][1138] SELECT pre_cod_asig1,pre_cod_asig2,pre_cod_asig3,pre_cod_asig4,pre_cod_asig5,pre_cod_asig6,pre_cod_asig7 FROM tblaca009_p_int WHERE pensum='5' AND c_uni_ca='5' AND c_asigna='352440' [1][0] OK
C:[19/08/2013 13:36:14.36][172.16.4.254][1151] SELECT c_asigna FROM dace004 WHERE exp_e='11-24039390' AND c_asigna='300317' AND status IN ('0','3','B','C') [1][0] OK
C:[19/08/2013 13:36:14.36][172.16.4.254][1151] SELECT c_asigna FROM dace004 WHERE exp_e='11-24039390' AND c_asigna='300013' AND status IN ('0','3','B','C') [1][0] OK
C:[19/08/2013 13:36:14.55][172.16.4.254][1182] SELECT par_cod_asig1,par_cod_asig2,par_cod_asig3 FROM tblaca009_p_int WHERE pensum='5' AND c_uni_ca='5' AND c_asigna='351330' [1][0] OK
C:[19/08/2013 13:36:14.55][172.16.4.254][1196] SELECT c_asigna FROM dace004 WHERE exp_e='11-24039390' AND c_asigna='300317' AND status IN ('0','3','B','C') [1][0] OK
C:[19/08/2013 13:36:14.55][172.16.4.254][1182] SELECT par_cod_asig1,par_cod_asig2,par_cod_asig3 FROM tblaca009_p_int WHERE pensum='5' AND c_uni_ca='5' AND c_asigna='352440' [1][0] OK
C:[19/08/2013 13:36:15.94][172.16.4.254][1312] SELECT horas_lab FROM tblaca008 WHERE c_asigna='351330' AND horas_teoricas > 0 [1][0] OK
C:[19/08/2013 13:36:15.94][172.16.4.254][1312] SELECT horas_lab FROM tblaca008 WHERE c_asigna='352440' AND horas_teoricas > 0 [1][0] OK
C:[19/08/2013 13:36:17.93][190.94.207.127][1138] SELECT pre_cod_asig1,pre_cod_asig2,pre_cod_asig3,pre_cod_asig4,pre_cod_asig5,pre_cod_asig6,pre_cod_asig7 FROM tblaca009_p_int WHERE pensum='5' AND c_uni_ca='3' AND c_asigna='300112' [1][0] OK
C:[19/08/2013 13:36:17.44][190.94.207.127][1182] SELECT par_cod_asig1,par_cod_asig2,par_cod_asig3 FROM tblaca009_p_int WHERE pensum='5' AND c_uni_ca='3' AND c_asigna='300112' [1][0] OK
C:[19/08/2013 13:36:17.19][190.94.207.127][1312] SELECT horas_lab FROM tblaca008 WHERE c_asigna='300112' AND horas_teoricas > 0 [1][0] OK
C:[19/08/2013 13:36:24.13][190.199.92.188][1138] SELECT pre_cod_asig1,pre_cod_asig2,pre_cod_asig3,pre_cod_asig4,pre_cod_asig5,pre_cod_asig6,pre_cod_asig7 FROM tblaca009_p_int WHERE pensum='5' AND c_uni_ca='6' AND c_asigna='300207' [1][0] OK
C:[19/08/2013 13:36:24.13][190.199.92.188][1151] SELECT c_asigna FROM dace004 WHERE exp_e='10-21338539' AND c_asigna='300101' AND status IN ('0','3','B','C') [1][0] OK
C:[19/08/2013 13:36:24.94][190.199.92.188][1182] SELECT par_cod_asig1,par_cod_asig2,par_cod_asig3 FROM tblaca009_p_int WHERE pensum='5' AND c_uni_ca='6' AND c_asigna='300207' [1][0] OK
C:[19/08/2013 13:36:24.08][190.199.92.188][1312] SELECT horas_lab FROM tblaca008 WHERE c_asigna='300207' AND horas_teoricas > 0 [1][0] OK
C:[19/08/2013 13:36:28.19][190.199.92.188][1138] SELECT pre_cod_asig1,pre_cod_asig2,pre_cod_asig3,pre_cod_asig4,pre_cod_asig5,pre_cod_asig6,pre_cod_asig7 FROM tblaca009_p_int WHERE pensum='5' AND c_uni_ca='3' AND c_asigna='300101' [1][0] OK
C:[19/08/2013 13:36:28.31][190.199.92.188][1182] SELECT par_cod_asig1,par_cod_asig2,par_cod_asig3 FROM tblaca009_p_int WHERE pensum='5' AND c_uni_ca='3' AND c_asigna='300101' [1][0] OK
C:[19/08/2013 13:36:28.45][190.199.92.188][1312] SELECT horas_lab FROM tblaca008 WHERE c_asigna='300101' AND horas_teoricas > 0 [1][0] OK
C:[19/08/2013 13:37:22.41][172.16.4.247][1138] SELECT pre_cod_asig1,pre_cod_asig2,pre_cod_asig3,pre_cod_asig4,pre_cod_asig5,pre_cod_asig6,pre_cod_asig7 FROM tblaca009_p_int WHERE pensum='5' AND c_uni_ca='5' AND c_asigna='300317' [1][0] OK
C:[19/08/2013 13:37:22.41][172.16.4.247][1151] SELECT c_asigna FROM dace004 WHERE exp_e='09-19871848' AND c_asigna='300207' AND status IN ('0','3','B','C') [1][0] OK
C:[19/08/2013 13:37:22.41][172.16.4.247][1151] SELECT c_asigna FROM dace004 WHERE exp_e='09-19871848' AND c_asigna='300209' AND status IN ('0','3','B','C') [1][0] OK
C:[19/08/2013 13:37:22.41][172.16.4.247][1138] SELECT pre_cod_asig1,pre_cod_asig2,pre_cod_asig3,pre_cod_asig4,pre_cod_asig5,pre_cod_asig6,pre_cod_asig7 FROM tblaca009_p_int WHERE pensum='5' AND c_uni_ca='5' AND c_asigna='300318' [1][0] OK
C:[19/08/2013 13:37:22.41][172.16.4.247][1151] SELECT c_asigna FROM dace004 WHERE exp_e='09-19871848' AND c_asigna='300228' AND status IN ('0','3','B','C') [1][0] OK
C:[19/08/2013 13:37:22.41][172.16.4.247][1151] SELECT c_asigna FROM dace004 WHERE exp_e='09-19871848' AND c_asigna='300207' AND status IN ('0','3','B','C') [1][0] OK
C:[19/08/2013 13:37:22.41][172.16.4.247][1151] SELECT c_asigna FROM dace004 WHERE exp_e='09-19871848' AND c_asigna='300218' AND status IN ('0','3','B','C') [1][0] OK
C:[19/08/2013 13:37:23.85][172.16.4.247][1182] SELECT par_cod_asig1,par_cod_asig2,par_cod_asig3 FROM tblaca009_p_int WHERE pensum='5' AND c_uni_ca='5' AND c_asigna='300317' [1][0] OK
C:[19/08/2013 13:37:23.85][172.16.4.247][1182] SELECT par_cod_asig1,par_cod_asig2,par_cod_asig3 FROM tblaca009_p_int WHERE pensum='5' AND c_uni_ca='5' AND c_asigna='300318' [1][0] OK
C:[19/08/2013 13:37:23.11][172.16.4.247][1312] SELECT horas_lab FROM tblaca008 WHERE c_asigna='300317' AND horas_teoricas > 0 [1][0] OK
C:[19/08/2013 13:37:23.11][172.16.4.247][1312] SELECT horas_lab FROM tblaca008 WHERE c_asigna='300318' AND horas_teoricas > 0 [1][0] OK
C:[19/08/2013 13:37:50.30][200.84.65.200][1138] SELECT pre_cod_asig1,pre_cod_asig2,pre_cod_asig3,pre_cod_asig4,pre_cod_asig5,pre_cod_asig6,pre_cod_asig7 FROM tblaca009_p_int WHERE pensum='5' AND c_uni_ca='6' AND c_asigna='300428' [1][0] OK
C:[19/08/2013 13:37:50.30][200.84.65.200][1151] SELECT c_asigna FROM dace004 WHERE exp_e='07-19128542' AND c_asigna='300317' AND status IN ('0','3','B','C') [1][0] OK
C:[19/08/2013 13:37:50.30][200.84.65.200][1138] SELECT pre_cod_asig1,pre_cod_asig2,pre_cod_asig3,pre_cod_asig4,pre_cod_asig5,pre_cod_asig6,pre_cod_asig7 FROM tblaca009_p_int WHERE pensum='5' AND c_uni_ca='6' AND c_asigna='344688' [1][0] OK
C:[19/08/2013 13:37:50.30][200.84.65.200][1151] SELECT c_asigna FROM dace004 WHERE exp_e='07-19128542' AND c_asigna='344565' AND status IN ('0','3','B','C') [1][0] OK
C:[19/08/2013 13:37:50.36][200.84.65.200][1182] SELECT par_cod_asig1,par_cod_asig2,par_cod_asig3 FROM tblaca009_p_int WHERE pensum='5' AND c_uni_ca='6' AND c_asigna='300428' [1][0] OK
C:[19/08/2013 13:37:50.36][200.84.65.200][1182] SELECT par_cod_asig1,par_cod_asig2,par_cod_asig3 FROM tblaca009_p_int WHERE pensum='5' AND c_uni_ca='6' AND c_asigna='344688' [1][0] OK
C:[19/08/2013 13:37:50.63][200.84.65.200][1312] SELECT horas_lab FROM tblaca008 WHERE c_asigna='300428' AND horas_teoricas > 0 [1][0] OK
C:[19/08/2013 13:37:50.63][200.84.65.200][1312] SELECT horas_lab FROM tblaca008 WHERE c_asigna='344688' AND horas_teoricas > 0 [1][0] OK
C:[19/08/2013 13:38:52.70][190.94.251.7][1138] SELECT pre_cod_asig1,pre_cod_asig2,pre_cod_asig3,pre_cod_asig4,pre_cod_asig5,pre_cod_asig6,pre_cod_asig7 FROM tblaca009_p_int WHERE pensum='5' AND c_uni_ca='2' AND c_asigna='322801' [1][0] OK
C:[19/08/2013 13:38:52.70][190.94.251.7][1151] SELECT c_asigna FROM dace004 WHERE exp_e='10-20503990' AND c_asigna='322780' AND status IN ('0','3','B','C') [1][0] OK
C:[19/08/2013 13:38:52.70][190.94.251.7][1138] SELECT pre_cod_asig1,pre_cod_asig2,pre_cod_asig3,pre_cod_asig4,pre_cod_asig5,pre_cod_asig6,pre_cod_asig7 FROM tblaca009_p_int WHERE pensum='5' AND c_uni_ca='2' AND c_asigna='322826' [1][0] OK
C:[19/08/2013 13:38:52.70][190.94.251.7][1151] SELECT c_asigna FROM dace004 WHERE exp_e='10-20503990' AND c_asigna='322683' AND status IN ('0','3','B','C') [1][0] OK
C:[19/08/2013 13:38:52.77][190.94.251.7][1182] SELECT par_cod_asig1,par_cod_asig2,par_cod_asig3 FROM tblaca009_p_int WHERE pensum='5' AND c_uni_ca='2' AND c_asigna='322801' [1][0] OK
C:[19/08/2013 13:38:52.77][190.94.251.7][1182] SELECT par_cod_asig1,par_cod_asig2,par_cod_asig3 FROM tblaca009_p_int WHERE pensum='5' AND c_uni_ca='2' AND c_asigna='322826' [1][0] OK
C:[19/08/2013 13:38:52.03][190.94.251.7][1312] SELECT horas_lab FROM tblaca008 WHERE c_asigna='322801' AND horas_teoricas > 0 [1][0] OK
C:[19/08/2013 13:38:52.03][190.94.251.7][1312] SELECT horas_lab FROM tblaca008 WHERE c_asigna='322826' AND horas_teoricas > 0 [1][0] OK
C:[19/08/2013 13:39:35.24][190.199.92.188][1138] SELECT pre_cod_asig1,pre_cod_asig2,pre_cod_asig3,pre_cod_asig4,pre_cod_asig5,pre_cod_asig6,pre_cod_asig7 FROM tblaca009_p_int WHERE pensum='5' AND c_uni_ca='6' AND c_asigna='300209' [1][0] OK
C:[19/08/2013 13:39:35.24][190.199.92.188][1151] SELECT c_asigna FROM dace004 WHERE exp_e='12-24963701' AND c_asigna='300101' AND status IN ('0','3','B','C') [1][0] OK
C:[19/08/2013 13:39:35.24][190.199.92.188][1138] SELECT pre_cod_asig1,pre_cod_asig2,pre_cod_asig3,pre_cod_asig4,pre_cod_asig5,pre_cod_asig6,pre_cod_asig7 FROM tblaca009_p_int WHERE pensum='5' AND c_uni_ca='6' AND c_asigna='300213' [1][0] OK
C:[19/08/2013 13:39:35.24][190.199.92.188][1151] SELECT c_asigna FROM dace004 WHERE exp_e='12-24963701' AND c_asigna='300101' AND status IN ('0','3','B','C') [1][0] OK
C:[19/08/2013 13:39:35.30][190.199.92.188][1182] SELECT par_cod_asig1,par_cod_asig2,par_cod_asig3 FROM tblaca009_p_int WHERE pensum='5' AND c_uni_ca='6' AND c_asigna='300209' [1][0] OK
C:[19/08/2013 13:39:35.30][190.199.92.188][1182] SELECT par_cod_asig1,par_cod_asig2,par_cod_asig3 FROM tblaca009_p_int WHERE pensum='5' AND c_uni_ca='6' AND c_asigna='300213' [1][0] OK
C:[19/08/2013 13:39:35.57][190.199.92.188][1312] SELECT horas_lab FROM tblaca008 WHERE c_asigna='300209' AND horas_teoricas > 0 [1][0] OK
C:[19/08/2013 13:39:35.57][190.199.92.188][1312] SELECT horas_lab FROM tblaca008 WHERE c_asigna='300213' AND horas_teoricas > 0 [1][0] OK
C:[19/08/2013 13:39:49.71][186.167.243.120][1138] SELECT pre_cod_asig1,pre_cod_asig2,pre_cod_asig3,pre_cod_asig4,pre_cod_asig5,pre_cod_asig6,pre_cod_asig7 FROM tblaca009_p_int WHERE pensum='5' AND c_uni_ca='4' AND c_asigna='333563' [1][0] OK
C:[19/08/2013 13:39:49.71][186.167.243.120][1151] SELECT c_asigna FROM dace004 WHERE exp_e='09-21236106' AND c_asigna='333440' AND status IN ('0','3','B','C') [1][0] OK
C:[19/08/2013 13:39:49.71][186.167.243.120][1151] SELECT c_asigna FROM dace004 WHERE exp_e='09-21236106' AND c_asigna='333442' AND status IN ('0','3','B','C') [1][0] OK
C:[19/08/2013 13:39:49.71][186.167.243.120][1138] SELECT pre_cod_asig1,pre_cod_asig2,pre_cod_asig3,pre_cod_asig4,pre_cod_asig5,pre_cod_asig6,pre_cod_asig7 FROM tblaca009_p_int WHERE pensum='5' AND c_uni_ca='4' AND c_asigna='333683' [1][0] OK
C:[19/08/2013 13:39:49.71][186.167.243.120][1151] SELECT c_asigna FROM dace004 WHERE exp_e='09-21236106' AND c_asigna='333564' AND status IN ('0','3','B','C') [1][0] OK
C:[19/08/2013 13:39:49.33][186.167.243.120][1182] SELECT par_cod_asig1,par_cod_asig2,par_cod_asig3 FROM tblaca009_p_int WHERE pensum='5' AND c_uni_ca='4' AND c_asigna='333563' [1][0] OK
C:[19/08/2013 13:39:49.33][186.167.243.120][1182] SELECT par_cod_asig1,par_cod_asig2,par_cod_asig3 FROM tblaca009_p_int WHERE pensum='5' AND c_uni_ca='4' AND c_asigna='333683' [1][0] OK
C:[19/08/2013 13:39:49.60][186.167.243.120][1312] SELECT horas_lab FROM tblaca008 WHERE c_asigna='333563' AND horas_teoricas > 0 [1][0] OK
C:[19/08/2013 13:39:49.60][186.167.243.120][1312] SELECT horas_lab FROM tblaca008 WHERE c_asigna='333683' AND horas_teoricas > 0 [1][0] OK
C:[19/08/2013 13:40:28.82][190.79.12.167][1138] SELECT pre_cod_asig1,pre_cod_asig2,pre_cod_asig3,pre_cod_asig4,pre_cod_asig5,pre_cod_asig6,pre_cod_asig7 FROM tblaca009_p_int WHERE pensum='5' AND c_uni_ca='3' AND c_asigna='300226' [1][0] OK
C:[19/08/2013 13:40:28.82][190.79.12.167][1151] SELECT c_asigna FROM dace004 WHERE exp_e='12-23502157' AND c_asigna='300116' AND status IN ('0','3','B','C') [1][0] OK
C:[19/08/2013 13:40:28.64][190.79.12.167][1182] SELECT par_cod_asig1,par_cod_asig2,par_cod_asig3 FROM tblaca009_p_int WHERE pensum='5' AND c_uni_ca='3' AND c_asigna='300226' [1][0] OK
C:[19/08/2013 13:40:28.77][190.79.12.167][1312] SELECT horas_lab FROM tblaca008 WHERE c_asigna='300226' AND horas_teoricas > 0 [1][0] OK
C:[19/08/2013 13:40:43.66][172.16.4.247][1138] SELECT pre_cod_asig1,pre_cod_asig2,pre_cod_asig3,pre_cod_asig4,pre_cod_asig5,pre_cod_asig6,pre_cod_asig7 FROM tblaca009_p_int WHERE pensum='5' AND c_uni_ca='2' AND c_asigna='300112' [1][0] OK
C:[19/08/2013 13:40:43.35][172.16.4.247][1182] SELECT par_cod_asig1,par_cod_asig2,par_cod_asig3 FROM tblaca009_p_int WHERE pensum='5' AND c_uni_ca='2' AND c_asigna='300112' [1][0] OK
C:[19/08/2013 13:40:43.48][172.16.4.247][1312] SELECT horas_lab FROM tblaca008 WHERE c_asigna='300112' AND horas_teoricas > 0 [1][0] OK
C:[19/08/2013 13:40:59.73][186.89.176.95][1138] SELECT pre_cod_asig1,pre_cod_asig2,pre_cod_asig3,pre_cod_asig4,pre_cod_asig5,pre_cod_asig6,pre_cod_asig7 FROM tblaca009_p_int WHERE pensum='5' AND c_uni_ca='2' AND c_asigna='300228' [1][0] OK
C:[19/08/2013 13:40:59.73][186.89.176.95][1151] SELECT c_asigna FROM dace004 WHERE exp_e='12-19332036' AND c_asigna='300101' AND status IN ('0','3','B','C') [1][0] OK
C:[19/08/2013 13:40:59.55][186.89.176.95][1182] SELECT par_cod_asig1,par_cod_asig2,par_cod_asig3 FROM tblaca009_p_int WHERE pensum='5' AND c_uni_ca='2' AND c_asigna='300228' [1][0] OK
C:[19/08/2013 13:40:59.68][186.89.176.95][1312] SELECT horas_lab FROM tblaca008 WHERE c_asigna='300228' AND horas_teoricas > 0 [1][0] OK
C:[19/08/2013 13:41:21.66][186.89.174.231][1138] SELECT pre_cod_asig1,pre_cod_asig2,pre_cod_asig3,pre_cod_asig4,pre_cod_asig5,pre_cod_asig6,pre_cod_asig7 FROM tblaca009_p_int WHERE pensum='5' AND c_uni_ca='4' AND c_asigna='330435' [1][0] OK
C:[19/08/2013 13:41:21.35][186.89.174.231][1182] SELECT par_cod_asig1,par_cod_asig2,par_cod_asig3 FROM tblaca009_p_int WHERE pensum='5' AND c_uni_ca='4' AND c_asigna='330435' [1][0] OK
C:[19/08/2013 13:41:21.48][186.89.174.231][1312] SELECT horas_lab FROM tblaca008 WHERE c_asigna='330435' AND horas_teoricas > 0 [1][0] OK
C:[19/08/2013 13:42:52.96][200.84.67.8][1138] SELECT pre_cod_asig1,pre_cod_asig2,pre_cod_asig3,pre_cod_asig4,pre_cod_asig5,pre_cod_asig6,pre_cod_asig7 FROM tblaca009_p_int WHERE pensum='5' AND c_uni_ca='3' AND c_asigna='311824' [1][0] OK
C:[19/08/2013 13:42:52.96][200.84.67.8][1151] SELECT c_asigna FROM dace004 WHERE exp_e='10-21177233' AND c_asigna='311796' AND status IN ('0','3','B','C') [1][0] OK
C:[19/08/2013 13:42:52.77][200.84.67.8][1182] SELECT par_cod_asig1,par_cod_asig2,par_cod_asig3 FROM tblaca009_p_int WHERE pensum='5' AND c_uni_ca='3' AND c_asigna='311824' [1][0] OK
C:[19/08/2013 13:42:53.91][200.84.67.8][1312] SELECT horas_lab FROM tblaca008 WHERE c_asigna='311824' AND horas_teoricas > 0 [1][0] OK
C:[19/08/2013 13:42:53.90][190.74.176.227][1138] SELECT pre_cod_asig1,pre_cod_asig2,pre_cod_asig3,pre_cod_asig4,pre_cod_asig5,pre_cod_asig6,pre_cod_asig7 FROM tblaca009_p_int WHERE pensum='5' AND c_uni_ca='3' AND c_asigna='300428' [1][0] OK
C:[19/08/2013 13:42:53.90][190.74.176.227][1151] SELECT c_asigna FROM dace004 WHERE exp_e='08-19621779' AND c_asigna='300317' AND status IN ('0','3','B','C') [1][0] OK
C:[19/08/2013 13:42:53.17][190.74.176.227][1182] SELECT par_cod_asig1,par_cod_asig2,par_cod_asig3 FROM tblaca009_p_int WHERE pensum='5' AND c_uni_ca='3' AND c_asigna='300428' [1][0] OK
C:[19/08/2013 13:42:53.29][190.74.176.227][1312] SELECT horas_lab FROM tblaca008 WHERE c_asigna='300428' AND horas_teoricas > 0 [1][0] OK
C:[19/08/2013 13:43:32.35][74.82.68.161][1138] SELECT pre_cod_asig1,pre_cod_asig2,pre_cod_asig3,pre_cod_asig4,pre_cod_asig5,pre_cod_asig6,pre_cod_asig7 FROM tblaca009_p_int WHERE pensum='5' AND c_uni_ca='3' AND c_asigna='300207' [1][0] OK
C:[19/08/2013 13:43:32.35][74.82.68.161][1151] SELECT c_asigna FROM dace004 WHERE exp_e='10-21197714' AND c_asigna='300101' AND status IN ('0','3','B','C') [1][0] OK
C:[19/08/2013 13:43:32.35][74.82.68.161][1138] SELECT pre_cod_asig1,pre_cod_asig2,pre_cod_asig3,pre_cod_asig4,pre_cod_asig5,pre_cod_asig6,pre_cod_asig7 FROM tblaca009_p_int WHERE pensum='5' AND c_uni_ca='3' AND c_asigna='300209' [1][0] OK
C:[19/08/2013 13:43:32.35][74.82.68.161][1151] SELECT c_asigna FROM dace004 WHERE exp_e='10-21197714' AND c_asigna='300101' AND status IN ('0','3','B','C') [1][0] OK
C:[19/08/2013 13:43:32.42][74.82.68.161][1182] SELECT par_cod_asig1,par_cod_asig2,par_cod_asig3 FROM tblaca009_p_int WHERE pensum='5' AND c_uni_ca='3' AND c_asigna='300207' [1][0] OK
C:[19/08/2013 13:43:32.42][74.82.68.161][1182] SELECT par_cod_asig1,par_cod_asig2,par_cod_asig3 FROM tblaca009_p_int WHERE pensum='5' AND c_uni_ca='3' AND c_asigna='300209' [1][0] OK
C:[19/08/2013 13:43:32.68][74.82.68.161][1312] SELECT horas_lab FROM tblaca008 WHERE c_asigna='300207' AND horas_teoricas > 0 [1][0] OK
C:[19/08/2013 13:43:32.68][74.82.68.161][1312] SELECT horas_lab FROM tblaca008 WHERE c_asigna='300209' AND horas_teoricas > 0 [1][0] OK
C:[19/08/2013 13:43:51.09][190.199.92.188][1138] SELECT pre_cod_asig1,pre_cod_asig2,pre_cod_asig3,pre_cod_asig4,pre_cod_asig5,pre_cod_asig6,pre_cod_asig7 FROM tblaca009_p_int WHERE pensum='5' AND c_uni_ca='2' AND c_asigna='300207' [1][0] OK
C:[19/08/2013 13:43:51.09][190.199.92.188][1151] SELECT c_asigna FROM dace004 WHERE exp_e='10-19580585' AND c_asigna='300101' AND status IN ('0','3','B','C') [1][0] OK
C:[19/08/2013 13:43:51.91][190.199.92.188][1182] SELECT par_cod_asig1,par_cod_asig2,par_cod_asig3 FROM tblaca009_p_int WHERE pensum='5' AND c_uni_ca='2' AND c_asigna='300207' [1][0] OK
C:[19/08/2013 13:43:51.04][190.199.92.188][1312] SELECT horas_lab FROM tblaca008 WHERE c_asigna='300207' AND horas_teoricas > 0 [1][0] OK
C:[19/08/2013 13:46:52.06][181.182.182.149][1138] SELECT pre_cod_asig1,pre_cod_asig2,pre_cod_asig3,pre_cod_asig4,pre_cod_asig5,pre_cod_asig6,pre_cod_asig7 FROM tblaca009_p_int WHERE pensum='5' AND c_uni_ca='6' AND c_asigna='300428' [1][0] OK
C:[19/08/2013 13:46:52.06][181.182.182.149][1151] SELECT c_asigna FROM dace004 WHERE exp_e='09-20804203' AND c_asigna='300317' AND status IN ('0','3','B','C') [1][0] OK
C:[19/08/2013 13:46:52.06][181.182.182.149][1138] SELECT pre_cod_asig1,pre_cod_asig2,pre_cod_asig3,pre_cod_asig4,pre_cod_asig5,pre_cod_asig6,pre_cod_asig7 FROM tblaca009_p_int WHERE pensum='5' AND c_uni_ca='6' AND c_asigna='343568' [1][0] OK
C:[19/08/2013 13:46:52.55][181.182.182.149][1182] SELECT par_cod_asig1,par_cod_asig2,par_cod_asig3 FROM tblaca009_p_int WHERE pensum='5' AND c_uni_ca='6' AND c_asigna='300428' [1][0] OK
C:[19/08/2013 13:46:52.55][181.182.182.149][1182] SELECT par_cod_asig1,par_cod_asig2,par_cod_asig3 FROM tblaca009_p_int WHERE pensum='5' AND c_uni_ca='6' AND c_asigna='343568' [1][0] OK
C:[19/08/2013 13:46:52.82][181.182.182.149][1312] SELECT horas_lab FROM tblaca008 WHERE c_asigna='300428' AND horas_teoricas > 0 [1][0] OK
C:[19/08/2013 13:46:52.82][181.182.182.149][1312] SELECT horas_lab FROM tblaca008 WHERE c_asigna='343568' AND horas_teoricas > 0 [1][0] OK
C:[19/08/2013 13:49:15.31][190.199.92.188][1138] SELECT pre_cod_asig1,pre_cod_asig2,pre_cod_asig3,pre_cod_asig4,pre_cod_asig5,pre_cod_asig6,pre_cod_asig7 FROM tblaca009_p_int WHERE pensum='5' AND c_uni_ca='6' AND c_asigna='340327' [1][0] OK
C:[19/08/2013 13:49:15.31][190.199.92.188][1151] SELECT c_asigna FROM dace004 WHERE exp_e='08-22831294' AND c_asigna='300013' AND status IN ('0','3','B','C') [1][0] OK
C:[19/08/2013 13:49:15.31][190.199.92.188][1151] SELECT c_asigna FROM dace004 WHERE exp_e='08-22831294' AND c_asigna='300113' AND status IN ('0','3','B','C') [1][0] OK
C:[19/08/2013 13:49:15.31][190.199.92.188][1138] SELECT pre_cod_asig1,pre_cod_asig2,pre_cod_asig3,pre_cod_asig4,pre_cod_asig5,pre_cod_asig6,pre_cod_asig7 FROM tblaca009_p_int WHERE pensum='5' AND c_uni_ca='6' AND c_asigna='344565' [1][0] OK
C:[19/08/2013 13:49:15.31][190.199.92.188][1151] SELECT c_asigna FROM dace004 WHERE exp_e='08-22831294' AND c_asigna='344445' AND status IN ('0','3','B','C') [1][0] OK
C:[19/08/2013 13:49:16.49][190.199.92.188][1182] SELECT par_cod_asig1,par_cod_asig2,par_cod_asig3 FROM tblaca009_p_int WHERE pensum='5' AND c_uni_ca='6' AND c_asigna='340327' [1][0] OK
C:[19/08/2013 13:49:16.49][190.199.92.188][1182] SELECT par_cod_asig1,par_cod_asig2,par_cod_asig3 FROM tblaca009_p_int WHERE pensum='5' AND c_uni_ca='6' AND c_asigna='344565' [1][0] OK
C:[19/08/2013 13:49:16.75][190.199.92.188][1312] SELECT horas_lab FROM tblaca008 WHERE c_asigna='340327' AND horas_teoricas > 0 [1][0] OK
C:[19/08/2013 13:49:16.75][190.199.92.188][1312] SELECT horas_lab FROM tblaca008 WHERE c_asigna='344565' AND horas_teoricas > 0 [1][0] OK
C:[19/08/2013 13:49:17.57][190.199.92.188][1138] SELECT pre_cod_asig1,pre_cod_asig2,pre_cod_asig3,pre_cod_asig4,pre_cod_asig5,pre_cod_asig6,pre_cod_asig7 FROM tblaca009_p_int WHERE pensum='5' AND c_uni_ca='2' AND c_asigna='300101' [1][0] OK
C:[19/08/2013 13:49:17.70][190.199.92.188][1182] SELECT par_cod_asig1,par_cod_asig2,par_cod_asig3 FROM tblaca009_p_int WHERE pensum='5' AND c_uni_ca='2' AND c_asigna='300101' [1][0] OK
C:[19/08/2013 13:49:18.83][190.199.92.188][1312] SELECT horas_lab FROM tblaca008 WHERE c_asigna='300101' AND horas_teoricas > 0 [1][0] OK
C:[19/08/2013 13:50:00.09][190.74.176.227][1138] SELECT pre_cod_asig1,pre_cod_asig2,pre_cod_asig3,pre_cod_asig4,pre_cod_asig5,pre_cod_asig6,pre_cod_asig7 FROM tblaca009_p_int WHERE pensum='5' AND c_uni_ca='2' AND c_asigna='322436' [1][0] OK
C:[19/08/2013 13:50:00.09][190.74.176.227][1151] SELECT c_asigna FROM dace004 WHERE exp_e='10-20036438' AND c_asigna='320311' AND status IN ('0','3','B','C') [1][0] OK
C:[19/08/2013 13:50:00.09][190.74.176.227][1138] SELECT pre_cod_asig1,pre_cod_asig2,pre_cod_asig3,pre_cod_asig4,pre_cod_asig5,pre_cod_asig6,pre_cod_asig7 FROM tblaca009_p_int WHERE pensum='5' AND c_uni_ca='2' AND c_asigna='322550' [1][0] OK
C:[19/08/2013 13:50:00.09][190.74.176.227][1151] SELECT c_asigna FROM dace004 WHERE exp_e='10-20036438' AND c_asigna='322433' AND status IN ('0','3','B','C') [1][0] OK
C:[19/08/2013 13:50:00.09][190.74.176.227][1138] SELECT pre_cod_asig1,pre_cod_asig2,pre_cod_asig3,pre_cod_asig4,pre_cod_asig5,pre_cod_asig6,pre_cod_asig7 FROM tblaca009_p_int WHERE pensum='5' AND c_uni_ca='2' AND c_asigna='322558' [1][0] OK
C:[19/08/2013 13:50:00.09][190.74.176.227][1151] SELECT c_asigna FROM dace004 WHERE exp_e='10-20036438' AND c_asigna='320323' AND status IN ('0','3','B','C') [1][0] OK
C:[19/08/2013 13:50:00.41][190.74.176.227][1182] SELECT par_cod_asig1,par_cod_asig2,par_cod_asig3 FROM tblaca009_p_int WHERE pensum='5' AND c_uni_ca='2' AND c_asigna='322436' [1][0] OK
C:[19/08/2013 13:50:00.41][190.74.176.227][1182] SELECT par_cod_asig1,par_cod_asig2,par_cod_asig3 FROM tblaca009_p_int WHERE pensum='5' AND c_uni_ca='2' AND c_asigna='322550' [1][0] OK
C:[19/08/2013 13:50:00.41][190.74.176.227][1182] SELECT par_cod_asig1,par_cod_asig2,par_cod_asig3 FROM tblaca009_p_int WHERE pensum='5' AND c_uni_ca='2' AND c_asigna='322558' [1][0] OK
C:[19/08/2013 13:50:00.79][190.74.176.227][1312] SELECT horas_lab FROM tblaca008 WHERE c_asigna='322436' AND horas_teoricas > 0 [1][0] OK
C:[19/08/2013 13:50:00.79][190.74.176.227][1312] SELECT horas_lab FROM tblaca008 WHERE c_asigna='322550' AND horas_teoricas > 0 [1][0] OK
C:[19/08/2013 13:50:00.79][190.74.176.227][1312] SELECT horas_lab FROM tblaca008 WHERE c_asigna='322558' AND horas_teoricas > 0 [1][0] OK
C:[19/08/2013 13:50:09.78][190.79.21.236][1138] SELECT pre_cod_asig1,pre_cod_asig2,pre_cod_asig3,pre_cod_asig4,pre_cod_asig5,pre_cod_asig6,pre_cod_asig7 FROM tblaca009_p_int WHERE pensum='5' AND c_uni_ca='2' AND c_asigna='322678' [1][0] OK
C:[19/08/2013 13:50:09.78][190.79.21.236][1151] SELECT c_asigna FROM dace004 WHERE exp_e='07-18585659' AND c_asigna='322559' AND status IN ('0','3','B','C') [1][0] OK
C:[19/08/2013 13:50:09.04][190.79.21.236][1182] SELECT par_cod_asig1,par_cod_asig2,par_cod_asig3 FROM tblaca009_p_int WHERE pensum='5' AND c_uni_ca='2' AND c_asigna='322678' [1][0] OK
C:[19/08/2013 13:50:09.17][190.79.21.236][1312] SELECT horas_lab FROM tblaca008 WHERE c_asigna='322678' AND horas_teoricas > 0 [1][0] OK
C:[19/08/2013 13:50:33.97][186.88.165.225][1138] SELECT pre_cod_asig1,pre_cod_asig2,pre_cod_asig3,pre_cod_asig4,pre_cod_asig5,pre_cod_asig6,pre_cod_asig7 FROM tblaca009_p_int WHERE pensum='5' AND c_uni_ca='6' AND c_asigna='300116' [1][0] OK
C:[19/08/2013 13:50:33.97][186.88.165.225][1138] SELECT pre_cod_asig1,pre_cod_asig2,pre_cod_asig3,pre_cod_asig4,pre_cod_asig5,pre_cod_asig6,pre_cod_asig7 FROM tblaca009_p_int WHERE pensum='5' AND c_uni_ca='6' AND c_asigna='300222' [1][0] OK
C:[19/08/2013 13:50:33.97][186.88.165.225][1151] SELECT c_asigna FROM dace004 WHERE exp_e='06-18886323' AND c_asigna='300112' AND status IN ('0','3','B','C') [1][0] OK
C:[19/08/2013 13:50:33.90][186.88.165.225][1182] SELECT par_cod_asig1,par_cod_asig2,par_cod_asig3 FROM tblaca009_p_int WHERE pensum='5' AND c_uni_ca='6' AND c_asigna='300116' [1][0] OK
C:[19/08/2013 13:50:33.90][186.88.165.225][1182] SELECT par_cod_asig1,par_cod_asig2,par_cod_asig3 FROM tblaca009_p_int WHERE pensum='5' AND c_uni_ca='6' AND c_asigna='300222' [1][0] OK
C:[19/08/2013 13:50:34.18][186.88.165.225][1312] SELECT horas_lab FROM tblaca008 WHERE c_asigna='300116' AND horas_teoricas > 0 [1][0] OK
C:[19/08/2013 13:50:34.18][186.88.165.225][1312] SELECT horas_lab FROM tblaca008 WHERE c_asigna='300222' AND horas_teoricas > 0 [1][0] OK
C:[19/08/2013 13:50:51.61][190.199.92.188][1138] SELECT pre_cod_asig1,pre_cod_asig2,pre_cod_asig3,pre_cod_asig4,pre_cod_asig5,pre_cod_asig6,pre_cod_asig7 FROM tblaca009_p_int WHERE pensum='5' AND c_uni_ca='4' AND c_asigna='300101' [1][0] OK
C:[19/08/2013 13:50:51.61][190.199.92.188][1138] SELECT pre_cod_asig1,pre_cod_asig2,pre_cod_asig3,pre_cod_asig4,pre_cod_asig5,pre_cod_asig6,pre_cod_asig7 FROM tblaca009_p_int WHERE pensum='5' AND c_uni_ca='4' AND c_asigna='300116' [1][0] OK
C:[19/08/2013 13:50:51.43][190.199.92.188][1182] SELECT par_cod_asig1,par_cod_asig2,par_cod_asig3 FROM tblaca009_p_int WHERE pensum='5' AND c_uni_ca='4' AND c_asigna='300101' [1][0] OK
C:[19/08/2013 13:50:51.43][190.199.92.188][1182] SELECT par_cod_asig1,par_cod_asig2,par_cod_asig3 FROM tblaca009_p_int WHERE pensum='5' AND c_uni_ca='4' AND c_asigna='300116' [1][0] OK
C:[19/08/2013 13:50:51.69][190.199.92.188][1312] SELECT horas_lab FROM tblaca008 WHERE c_asigna='300101' AND horas_teoricas > 0 [1][0] OK
C:[19/08/2013 13:50:51.69][190.199.92.188][1312] SELECT horas_lab FROM tblaca008 WHERE c_asigna='300116' AND horas_teoricas > 0 [1][0] OK
C:[19/08/2013 13:50:59.14][190.204.212.167][1138] SELECT pre_cod_asig1,pre_cod_asig2,pre_cod_asig3,pre_cod_asig4,pre_cod_asig5,pre_cod_asig6,pre_cod_asig7 FROM tblaca009_p_int WHERE pensum='5' AND c_uni_ca='6' AND c_asigna='340327' [1][0] OK
C:[19/08/2013 13:50:59.14][190.204.212.167][1151] SELECT c_asigna FROM dace004 WHERE exp_e='12-21249667' AND c_asigna='300013' AND status IN ('0','3','B','C') [1][0] OK
C:[19/08/2013 13:50:59.14][190.204.212.167][1151] SELECT c_asigna FROM dace004 WHERE exp_e='12-21249667' AND c_asigna='300113' AND status IN ('0','3','B','C') [1][0] OK
C:[19/08/2013 13:50:59.63][190.204.212.167][1182] SELECT par_cod_asig1,par_cod_asig2,par_cod_asig3 FROM tblaca009_p_int WHERE pensum='5' AND c_uni_ca='6' AND c_asigna='340327' [1][0] OK
C:[19/08/2013 13:50:59.77][190.204.212.167][1312] SELECT horas_lab FROM tblaca008 WHERE c_asigna='340327' AND horas_teoricas > 0 [1][0] OK
C:[19/08/2013 13:51:00.91][190.78.100.199][1138] SELECT pre_cod_asig1,pre_cod_asig2,pre_cod_asig3,pre_cod_asig4,pre_cod_asig5,pre_cod_asig6,pre_cod_asig7 FROM tblaca009_p_int WHERE pensum='5' AND c_uni_ca='5' AND c_asigna='300101' [1][0] OK
C:[19/08/2013 13:51:00.04][190.78.100.199][1182] SELECT par_cod_asig1,par_cod_asig2,par_cod_asig3 FROM tblaca009_p_int WHERE pensum='5' AND c_uni_ca='5' AND c_asigna='300101' [1][0] OK
C:[19/08/2013 13:51:00.17][190.78.100.199][1312] SELECT horas_lab FROM tblaca008 WHERE c_asigna='300101' AND horas_teoricas > 0 [1][0] OK
C:[19/08/2013 13:51:39.16][190.207.40.100][1138] SELECT pre_cod_asig1,pre_cod_asig2,pre_cod_asig3,pre_cod_asig4,pre_cod_asig5,pre_cod_asig6,pre_cod_asig7 FROM tblaca009_p_int WHERE pensum='5' AND c_uni_ca='5' AND c_asigna='355722' [1][0] OK
C:[19/08/2013 13:51:39.16][190.207.40.100][1151] SELECT c_asigna FROM dace004 WHERE exp_e='01-17632786' AND c_asigna='355691' AND status IN ('0','3','B','C') [1][0] OK
C:[19/08/2013 13:51:39.16][190.207.40.100][1151] SELECT c_asigna FROM dace004 WHERE exp_e='01-17632786' AND c_asigna='355595' AND status IN ('0','3','B','C') [1][0] OK
C:[19/08/2013 13:51:39.10][190.207.40.100][1182] SELECT par_cod_asig1,par_cod_asig2,par_cod_asig3 FROM tblaca009_p_int WHERE pensum='5' AND c_uni_ca='5' AND c_asigna='355722' [1][0] OK
C:[19/08/2013 13:51:39.24][190.207.40.100][1312] SELECT horas_lab FROM tblaca008 WHERE c_asigna='355722' AND horas_teoricas > 0 [1][0] OK
C:[19/08/2013 13:51:46.79][190.199.92.188][1138] SELECT pre_cod_asig1,pre_cod_asig2,pre_cod_asig3,pre_cod_asig4,pre_cod_asig5,pre_cod_asig6,pre_cod_asig7 FROM tblaca009_p_int WHERE pensum='5' AND c_uni_ca='5' AND c_asigna='300112' [1][0] OK
C:[19/08/2013 13:51:46.79][190.199.92.188][1138] SELECT pre_cod_asig1,pre_cod_asig2,pre_cod_asig3,pre_cod_asig4,pre_cod_asig5,pre_cod_asig6,pre_cod_asig7 FROM tblaca009_p_int WHERE pensum='5' AND c_uni_ca='5' AND c_asigna='300113' [1][0] OK
C:[19/08/2013 13:51:46.04][190.199.92.188][1182] SELECT par_cod_asig1,par_cod_asig2,par_cod_asig3 FROM tblaca009_p_int WHERE pensum='5' AND c_uni_ca='5' AND c_asigna='300112' [1][0] OK
C:[19/08/2013 13:51:46.04][190.199.92.188][1182] SELECT par_cod_asig1,par_cod_asig2,par_cod_asig3 FROM tblaca009_p_int WHERE pensum='5' AND c_uni_ca='5' AND c_asigna='300113' [1][0] OK
C:[19/08/2013 13:51:46.04][190.199.92.188][1196] SELECT c_asigna FROM dace004 WHERE exp_e='13-26154927' AND c_asigna='300013' AND status IN ('0','3','B','C') [0][0] OK
C:[19/08/2013 13:51:47.44][190.199.92.188][1312] SELECT horas_lab FROM tblaca008 WHERE c_asigna='300112' AND horas_teoricas > 0 [1][0] OK
C:[19/08/2013 13:51:47.44][190.199.92.188][1312] SELECT horas_lab FROM tblaca008 WHERE c_asigna='300113' AND horas_teoricas > 0 [0][0] OK
C:[19/08/2013 13:51:51.17][190.199.92.188][1138] SELECT pre_cod_asig1,pre_cod_asig2,pre_cod_asig3,pre_cod_asig4,pre_cod_asig5,pre_cod_asig6,pre_cod_asig7 FROM tblaca009_p_int WHERE pensum='5' AND c_uni_ca='3' AND c_asigna='300112' [1][0] OK
C:[19/08/2013 13:51:51.30][190.199.92.188][1182] SELECT par_cod_asig1,par_cod_asig2,par_cod_asig3 FROM tblaca009_p_int WHERE pensum='5' AND c_uni_ca='3' AND c_asigna='300112' [1][0] OK
C:[19/08/2013 13:51:51.43][190.199.92.188][1312] SELECT horas_lab FROM tblaca008 WHERE c_asigna='300112' AND horas_teoricas > 0 [1][0] OK
C:[19/08/2013 13:51:53.73][190.199.92.188][1138] SELECT pre_cod_asig1,pre_cod_asig2,pre_cod_asig3,pre_cod_asig4,pre_cod_asig5,pre_cod_asig6,pre_cod_asig7 FROM tblaca009_p_int WHERE pensum='5' AND c_uni_ca='6' AND c_asigna='344688' [1][0] OK
C:[19/08/2013 13:51:53.73][190.199.92.188][1151] SELECT c_asigna FROM dace004 WHERE exp_e='10-19302911' AND c_asigna='344565' AND status IN ('0','3','B','C') [1][0] OK
C:[19/08/2013 13:51:53.73][190.199.92.188][1138] SELECT pre_cod_asig1,pre_cod_asig2,pre_cod_asig3,pre_cod_asig4,pre_cod_asig5,pre_cod_asig6,pre_cod_asig7 FROM tblaca009_p_int WHERE pensum='5' AND c_uni_ca='6' AND c_asigna='344689' [1][0] OK
C:[19/08/2013 13:51:53.73][190.199.92.188][1151] SELECT c_asigna FROM dace004 WHERE exp_e='10-19302911' AND c_asigna='300209' AND status IN ('0','3','B','C') [1][0] OK
C:[19/08/2013 13:51:53.23][190.199.92.188][1182] SELECT par_cod_asig1,par_cod_asig2,par_cod_asig3 FROM tblaca009_p_int WHERE pensum='5' AND c_uni_ca='6' AND c_asigna='344688' [1][0] OK
C:[19/08/2013 13:51:53.23][190.199.92.188][1182] SELECT par_cod_asig1,par_cod_asig2,par_cod_asig3 FROM tblaca009_p_int WHERE pensum='5' AND c_uni_ca='6' AND c_asigna='344689' [1][0] OK
C:[19/08/2013 13:51:53.06][190.199.92.188][1312] SELECT horas_lab FROM tblaca008 WHERE c_asigna='344688' AND horas_teoricas > 0 [1][0] OK
C:[19/08/2013 13:51:53.06][190.199.92.188][1312] SELECT horas_lab FROM tblaca008 WHERE c_asigna='344689' AND horas_teoricas > 0 [1][0] OK
C:[19/08/2013 13:52:21.74][190.78.100.199][1138] SELECT pre_cod_asig1,pre_cod_asig2,pre_cod_asig3,pre_cod_asig4,pre_cod_asig5,pre_cod_asig6,pre_cod_asig7 FROM tblaca009_p_int WHERE pensum='5' AND c_uni_ca='5' AND c_asigna='300101' [1][0] OK
C:[19/08/2013 13:52:21.43][190.78.100.199][1182] SELECT par_cod_asig1,par_cod_asig2,par_cod_asig3 FROM tblaca009_p_int WHERE pensum='5' AND c_uni_ca='5' AND c_asigna='300101' [1][0] OK
C:[19/08/2013 13:52:22.57][190.78.100.199][1312] SELECT horas_lab FROM tblaca008 WHERE c_asigna='300101' AND horas_teoricas > 0 [1][0] OK
C:[19/08/2013 13:52:36.05][190.94.207.127][1138] SELECT pre_cod_asig1,pre_cod_asig2,pre_cod_asig3,pre_cod_asig4,pre_cod_asig5,pre_cod_asig6,pre_cod_asig7 FROM tblaca009_p_int WHERE pensum='5' AND c_uni_ca='3' AND c_asigna='300112' [1][0] OK
C:[19/08/2013 13:52:36.73][190.94.207.127][1182] SELECT par_cod_asig1,par_cod_asig2,par_cod_asig3 FROM tblaca009_p_int WHERE pensum='5' AND c_uni_ca='3' AND c_asigna='300112' [1][0] OK
C:[19/08/2013 13:52:36.87][190.94.207.127][1312] SELECT horas_lab FROM tblaca008 WHERE c_asigna='300112' AND horas_teoricas > 0 [1][0] OK
C:[19/08/2013 13:53:13.35][190.199.92.188][1138] SELECT pre_cod_asig1,pre_cod_asig2,pre_cod_asig3,pre_cod_asig4,pre_cod_asig5,pre_cod_asig6,pre_cod_asig7 FROM tblaca009_p_int WHERE pensum='5' AND c_uni_ca='4' AND c_asigna='300101' [1][0] OK
C:[19/08/2013 13:53:13.03][190.199.92.188][1182] SELECT par_cod_asig1,par_cod_asig2,par_cod_asig3 FROM tblaca009_p_int WHERE pensum='5' AND c_uni_ca='4' AND c_asigna='300101' [1][0] OK
C:[19/08/2013 13:53:13.17][190.199.92.188][1312] SELECT horas_lab FROM tblaca008 WHERE c_asigna='300101' AND horas_teoricas > 0 [1][0] OK
C:[19/08/2013 13:54:13.67][200.90.102.195][1138] SELECT pre_cod_asig1,pre_cod_asig2,pre_cod_asig3,pre_cod_asig4,pre_cod_asig5,pre_cod_asig6,pre_cod_asig7 FROM tblaca009_p_int WHERE pensum='5' AND c_uni_ca='5' AND c_asigna='300101' [1][0] OK
C:[19/08/2013 13:54:13.36][200.90.102.195][1182] SELECT par_cod_asig1,par_cod_asig2,par_cod_asig3 FROM tblaca009_p_int WHERE pensum='5' AND c_uni_ca='5' AND c_asigna='300101' [1][0] OK
C:[19/08/2013 13:54:13.49][200.90.102.195][1312] SELECT horas_lab FROM tblaca008 WHERE c_asigna='300101' AND horas_teoricas > 0 [1][0] OK
C:[19/08/2013 13:54:40.58][190.78.178.119][1138] SELECT pre_cod_asig1,pre_cod_asig2,pre_cod_asig3,pre_cod_asig4,pre_cod_asig5,pre_cod_asig6,pre_cod_asig7 FROM tblaca009_p_int WHERE pensum='5' AND c_uni_ca='2' AND c_asigna='300101' [1][0] OK
C:[19/08/2013 13:54:40.27][190.78.178.119][1182] SELECT par_cod_asig1,par_cod_asig2,par_cod_asig3 FROM tblaca009_p_int WHERE pensum='5' AND c_uni_ca='2' AND c_asigna='300101' [1][0] OK
C:[19/08/2013 13:54:40.41][190.78.178.119][1312] SELECT horas_lab FROM tblaca008 WHERE c_asigna='300101' AND horas_teoricas > 0 [1][0] OK
C:[19/08/2013 13:54:50.72][190.199.80.176][1138] SELECT pre_cod_asig1,pre_cod_asig2,pre_cod_asig3,pre_cod_asig4,pre_cod_asig5,pre_cod_asig6,pre_cod_asig7 FROM tblaca009_p_int WHERE pensum='5' AND c_uni_ca='5' AND c_asigna='300428' [1][0] OK
C:[19/08/2013 13:54:50.72][190.199.80.176][1151] SELECT c_asigna FROM dace004 WHERE exp_e='10-20804007' AND c_asigna='300317' AND status IN ('0','3','B','C') [1][0] OK
C:[19/08/2013 13:54:50.54][190.199.80.176][1182] SELECT par_cod_asig1,par_cod_asig2,par_cod_asig3 FROM tblaca009_p_int WHERE pensum='5' AND c_uni_ca='5' AND c_asigna='300428' [1][0] OK
C:[19/08/2013 13:54:50.67][190.199.80.176][1312] SELECT horas_lab FROM tblaca008 WHERE c_asigna='300428' AND horas_teoricas > 0 [1][0] OK
C:[19/08/2013 13:55:55.23][186.90.181.202][1138] SELECT pre_cod_asig1,pre_cod_asig2,pre_cod_asig3,pre_cod_asig4,pre_cod_asig5,pre_cod_asig6,pre_cod_asig7 FROM tblaca009_p_int WHERE pensum='5' AND c_uni_ca='3' AND c_asigna='300013' [1][0] OK
C:[19/08/2013 13:55:55.23][186.90.181.202][1138] SELECT pre_cod_asig1,pre_cod_asig2,pre_cod_asig3,pre_cod_asig4,pre_cod_asig5,pre_cod_asig6,pre_cod_asig7 FROM tblaca009_p_int WHERE pensum='5' AND c_uni_ca='3' AND c_asigna='300112' [1][0] OK
C:[19/08/2013 13:55:55.23][186.90.181.202][1138] SELECT pre_cod_asig1,pre_cod_asig2,pre_cod_asig3,pre_cod_asig4,pre_cod_asig5,pre_cod_asig6,pre_cod_asig7 FROM tblaca009_p_int WHERE pensum='5' AND c_uni_ca='3' AND c_asigna='300113' [1][0] OK
C:[19/08/2013 13:55:56.16][186.90.181.202][1182] SELECT par_cod_asig1,par_cod_asig2,par_cod_asig3 FROM tblaca009_p_int WHERE pensum='5' AND c_uni_ca='3' AND c_asigna='300013' [1][0] OK
C:[19/08/2013 13:55:56.16][186.90.181.202][1182] SELECT par_cod_asig1,par_cod_asig2,par_cod_asig3 FROM tblaca009_p_int WHERE pensum='5' AND c_uni_ca='3' AND c_asigna='300112' [1][0] OK
C:[19/08/2013 13:55:56.16][186.90.181.202][1182] SELECT par_cod_asig1,par_cod_asig2,par_cod_asig3 FROM tblaca009_p_int WHERE pensum='5' AND c_uni_ca='3' AND c_asigna='300113' [1][0] OK
C:[19/08/2013 13:55:56.16][186.90.181.202][1196] SELECT c_asigna FROM dace004 WHERE exp_e='13-22593237' AND c_asigna='300013' AND status IN ('0','3','B','C') [0][0] OK
C:[19/08/2013 13:55:56.67][186.90.181.202][1312] SELECT horas_lab FROM tblaca008 WHERE c_asigna='300013' AND horas_teoricas > 0 [1][0] OK
C:[19/08/2013 13:55:56.67][186.90.181.202][1312] SELECT horas_lab FROM tblaca008 WHERE c_asigna='300112' AND horas_teoricas > 0 [1][0] OK
C:[19/08/2013 13:55:56.67][186.90.181.202][1312] SELECT horas_lab FROM tblaca008 WHERE c_asigna='300113' AND horas_teoricas > 0 [0][0] OK
C:[19/08/2013 13:56:17.31][190.205.15.4][1138] SELECT pre_cod_asig1,pre_cod_asig2,pre_cod_asig3,pre_cod_asig4,pre_cod_asig5,pre_cod_asig6,pre_cod_asig7 FROM tblaca009_p_int WHERE pensum='5' AND c_uni_ca='6' AND c_asigna='300101' [1][0] OK
C:[19/08/2013 13:56:17.99][190.205.15.4][1182] SELECT par_cod_asig1,par_cod_asig2,par_cod_asig3 FROM tblaca009_p_int WHERE pensum='5' AND c_uni_ca='6' AND c_asigna='300101' [1][0] OK
C:[19/08/2013 13:56:17.13][190.205.15.4][1312] SELECT horas_lab FROM tblaca008 WHERE c_asigna='300101' AND horas_teoricas > 0 [1][0] OK
C:[19/08/2013 13:56:22.95][190.204.96.58][1138] SELECT pre_cod_asig1,pre_cod_asig2,pre_cod_asig3,pre_cod_asig4,pre_cod_asig5,pre_cod_asig6,pre_cod_asig7 FROM tblaca009_p_int WHERE pensum='5' AND c_uni_ca='3' AND c_asigna='311551' [1][0] OK
C:[19/08/2013 13:56:22.95][190.204.96.58][1151] SELECT c_asigna FROM dace004 WHERE exp_e='10-22817787' AND c_asigna='311430' AND status IN ('0','3','B','C') [1][0] OK
C:[19/08/2013 13:56:22.95][190.204.96.58][1138] SELECT pre_cod_asig1,pre_cod_asig2,pre_cod_asig3,pre_cod_asig4,pre_cod_asig5,pre_cod_asig6,pre_cod_asig7 FROM tblaca009_p_int WHERE pensum='5' AND c_uni_ca='3' AND c_asigna='311556' [1][0] OK
C:[19/08/2013 13:56:22.95][190.204.96.58][1151] SELECT c_asigna FROM dace004 WHERE exp_e='10-22817787' AND c_asigna='311430' AND status IN ('0','3','B','C') [1][0] OK
C:[19/08/2013 13:56:22.45][190.204.96.58][1182] SELECT par_cod_asig1,par_cod_asig2,par_cod_asig3 FROM tblaca009_p_int WHERE pensum='5' AND c_uni_ca='3' AND c_asigna='311551' [1][0] OK
C:[19/08/2013 13:56:22.45][190.204.96.58][1182] SELECT par_cod_asig1,par_cod_asig2,par_cod_asig3 FROM tblaca009_p_int WHERE pensum='5' AND c_uni_ca='3' AND c_asigna='311556' [1][0] OK
C:[19/08/2013 13:56:22.71][190.204.96.58][1312] SELECT horas_lab FROM tblaca008 WHERE c_asigna='311551' AND horas_teoricas > 0 [1][0] OK
C:[19/08/2013 13:56:22.71][190.204.96.58][1312] SELECT horas_lab FROM tblaca008 WHERE c_asigna='311556' AND horas_teoricas > 0 [0][0] OK
C:[19/08/2013 13:56:57.75][190.75.137.22][1138] SELECT pre_cod_asig1,pre_cod_asig2,pre_cod_asig3,pre_cod_asig4,pre_cod_asig5,pre_cod_asig6,pre_cod_asig7 FROM tblaca009_p_int WHERE pensum='5' AND c_uni_ca='2' AND c_asigna='300207' [1][0] OK
C:[19/08/2013 13:56:57.75][190.75.137.22][1151] SELECT c_asigna FROM dace004 WHERE exp_e='11-20806398' AND c_asigna='300101' AND status IN ('0','3','B','C') [1][0] OK
C:[19/08/2013 13:56:57.12][190.75.137.22][1182] SELECT par_cod_asig1,par_cod_asig2,par_cod_asig3 FROM tblaca009_p_int WHERE pensum='5' AND c_uni_ca='2' AND c_asigna='300207' [1][0] OK
C:[19/08/2013 13:56:57.26][190.75.137.22][1312] SELECT horas_lab FROM tblaca008 WHERE c_asigna='300207' AND horas_teoricas > 0 [1][0] OK
C:[19/08/2013 13:57:01.77][190.199.92.188][1138] SELECT pre_cod_asig1,pre_cod_asig2,pre_cod_asig3,pre_cod_asig4,pre_cod_asig5,pre_cod_asig6,pre_cod_asig7 FROM tblaca009_p_int WHERE pensum='5' AND c_uni_ca='4' AND c_asigna='300207' [1][0] OK
C:[19/08/2013 13:57:01.77][190.199.92.188][1151] SELECT c_asigna FROM dace004 WHERE exp_e='07-18917199' AND c_asigna='300101' AND status IN ('0','3','B','C') [1][0] OK
C:[19/08/2013 13:57:01.77][190.199.92.188][1138] SELECT pre_cod_asig1,pre_cod_asig2,pre_cod_asig3,pre_cod_asig4,pre_cod_asig5,pre_cod_asig6,pre_cod_asig7 FROM tblaca009_p_int WHERE pensum='5' AND c_uni_ca='4' AND c_asigna='300213' [1][0] OK
C:[19/08/2013 13:57:01.77][190.199.92.188][1151] SELECT c_asigna FROM dace004 WHERE exp_e='07-18917199' AND c_asigna='300101' AND status IN ('0','3','B','C') [1][0] OK
C:[19/08/2013 13:57:01.28][190.199.92.188][1182] SELECT par_cod_asig1,par_cod_asig2,par_cod_asig3 FROM tblaca009_p_int WHERE pensum='5' AND c_uni_ca='4' AND c_asigna='300207' [1][0] OK
C:[19/08/2013 13:57:01.28][190.199.92.188][1182] SELECT par_cod_asig1,par_cod_asig2,par_cod_asig3 FROM tblaca009_p_int WHERE pensum='5' AND c_uni_ca='4' AND c_asigna='300213' [1][0] OK
C:[19/08/2013 13:57:01.53][190.199.92.188][1312] SELECT horas_lab FROM tblaca008 WHERE c_asigna='300207' AND horas_teoricas > 0 [1][0] OK
C:[19/08/2013 13:57:01.53][190.199.92.188][1312] SELECT horas_lab FROM tblaca008 WHERE c_asigna='300213' AND horas_teoricas > 0 [1][0] OK
C:[19/08/2013 13:57:12.55][190.199.92.188][1138] SELECT pre_cod_asig1,pre_cod_asig2,pre_cod_asig3,pre_cod_asig4,pre_cod_asig5,pre_cod_asig6,pre_cod_asig7 FROM tblaca009_p_int WHERE pensum='5' AND c_uni_ca='5' AND c_asigna='300207' [1][0] OK
C:[19/08/2013 13:57:12.55][190.199.92.188][1151] SELECT c_asigna FROM dace004 WHERE exp_e='12-19157745' AND c_asigna='300101' AND status IN ('0','3','B','C') [1][0] OK
C:[19/08/2013 13:57:12.55][190.199.92.188][1138] SELECT pre_cod_asig1,pre_cod_asig2,pre_cod_asig3,pre_cod_asig4,pre_cod_asig5,pre_cod_asig6,pre_cod_asig7 FROM tblaca009_p_int WHERE pensum='5' AND c_uni_ca='5' AND c_asigna='300313' [1][0] OK
C:[19/08/2013 13:57:12.55][190.199.92.188][1151] SELECT c_asigna FROM dace004 WHERE exp_e='12-19157745' AND c_asigna='300213' AND status IN ('0','3','B','C') [1][0] OK
C:[19/08/2013 13:57:12.61][190.199.92.188][1182] SELECT par_cod_asig1,par_cod_asig2,par_cod_asig3 FROM tblaca009_p_int WHERE pensum='5' AND c_uni_ca='5' AND c_asigna='300207' [1][0] OK
C:[19/08/2013 13:57:12.61][190.199.92.188][1182] SELECT par_cod_asig1,par_cod_asig2,par_cod_asig3 FROM tblaca009_p_int WHERE pensum='5' AND c_uni_ca='5' AND c_asigna='300313' [1][0] OK
C:[19/08/2013 13:57:13.87][190.199.92.188][1312] SELECT horas_lab FROM tblaca008 WHERE c_asigna='300207' AND horas_teoricas > 0 [1][0] OK
C:[19/08/2013 13:57:13.87][190.199.92.188][1312] SELECT horas_lab FROM tblaca008 WHERE c_asigna='300313' AND horas_teoricas > 0 [1][0] OK
C:[19/08/2013 13:59:40.22][181.183.248.88][1138] SELECT pre_cod_asig1,pre_cod_asig2,pre_cod_asig3,pre_cod_asig4,pre_cod_asig5,pre_cod_asig6,pre_cod_asig7 FROM tblaca009_p_int WHERE pensum='5' AND c_uni_ca='2' AND c_asigna='300101' [1][0] OK
C:[19/08/2013 13:59:40.84][181.183.248.88][1182] SELECT par_cod_asig1,par_cod_asig2,par_cod_asig3 FROM tblaca009_p_int WHERE pensum='5' AND c_uni_ca='2' AND c_asigna='300101' [1][0] OK
C:[19/08/2013 13:59:40.97][181.183.248.88][1312] SELECT horas_lab FROM tblaca008 WHERE c_asigna='300101' AND horas_teoricas > 0 [1][0] OK
C:[19/08/2013 14:00:04.97][186.95.59.200][1138] SELECT pre_cod_asig1,pre_cod_asig2,pre_cod_asig3,pre_cod_asig4,pre_cod_asig5,pre_cod_asig6,pre_cod_asig7 FROM tblaca009_p_int WHERE pensum='5' AND c_uni_ca='2' AND c_asigna='322559' [1][0] OK
C:[19/08/2013 14:00:04.97][186.95.59.200][1151] SELECT c_asigna FROM dace004 WHERE exp_e='07-19910318' AND c_asigna='300428' AND status IN ('0','3','B','C') [1][0] OK
C:[19/08/2013 14:00:04.97][186.95.59.200][1151] SELECT c_asigna FROM dace004 WHERE exp_e='07-19910318' AND c_asigna='322436' AND status IN ('0','3','B','C') [1][0] OK
C:[19/08/2013 14:00:04.91][186.95.59.200][1182] SELECT par_cod_asig1,par_cod_asig2,par_cod_asig3 FROM tblaca009_p_int WHERE pensum='5' AND c_uni_ca='2' AND c_asigna='322559' [1][0] OK
C:[19/08/2013 14:00:04.18][186.95.59.200][1312] SELECT horas_lab FROM tblaca008 WHERE c_asigna='322559' AND horas_teoricas > 0 [1][0] OK
C:[19/08/2013 14:00:20.80][186.89.158.245][1138] SELECT pre_cod_asig1,pre_cod_asig2,pre_cod_asig3,pre_cod_asig4,pre_cod_asig5,pre_cod_asig6,pre_cod_asig7 FROM tblaca009_p_int WHERE pensum='5' AND c_uni_ca='6' AND c_asigna='340327' [1][0] OK
C:[19/08/2013 14:00:20.80][186.89.158.245][1151] SELECT c_asigna FROM dace004 WHERE exp_e='08-22831294' AND c_asigna='300013' AND status IN ('0','3','B','C') [1][0] OK
C:[19/08/2013 14:00:20.80][186.89.158.245][1151] SELECT c_asigna FROM dace004 WHERE exp_e='08-22831294' AND c_asigna='300113' AND status IN ('0','3','B','C') [1][0] OK
C:[19/08/2013 14:00:20.80][186.89.158.245][1138] SELECT pre_cod_asig1,pre_cod_asig2,pre_cod_asig3,pre_cod_asig4,pre_cod_asig5,pre_cod_asig6,pre_cod_asig7 FROM tblaca009_p_int WHERE pensum='5' AND c_uni_ca='6' AND c_asigna='344565' [1][0] OK
C:[19/08/2013 14:00:20.80][186.89.158.245][1151] SELECT c_asigna FROM dace004 WHERE exp_e='08-22831294' AND c_asigna='344445' AND status IN ('0','3','B','C') [1][0] OK
C:[19/08/2013 14:00:20.99][186.89.158.245][1182] SELECT par_cod_asig1,par_cod_asig2,par_cod_asig3 FROM tblaca009_p_int WHERE pensum='5' AND c_uni_ca='6' AND c_asigna='340327' [1][0] OK
C:[19/08/2013 14:00:20.99][186.89.158.245][1182] SELECT par_cod_asig1,par_cod_asig2,par_cod_asig3 FROM tblaca009_p_int WHERE pensum='5' AND c_uni_ca='6' AND c_asigna='344565' [1][0] OK
C:[19/08/2013 14:00:20.25][186.89.158.245][1312] SELECT horas_lab FROM tblaca008 WHERE c_asigna='340327' AND horas_teoricas > 0 [1][0] OK
C:[19/08/2013 14:00:20.25][186.89.158.245][1312] SELECT horas_lab FROM tblaca008 WHERE c_asigna='344565' AND horas_teoricas > 0 [1][0] OK
C:[19/08/2013 14:00:46.37][190.39.5.74][1138] SELECT pre_cod_asig1,pre_cod_asig2,pre_cod_asig3,pre_cod_asig4,pre_cod_asig5,pre_cod_asig6,pre_cod_asig7 FROM tblaca009_p_int WHERE pensum='5' AND c_uni_ca='5' AND c_asigna='300101' [1][0] OK
C:[19/08/2013 14:00:46.37][190.39.5.74][1138] SELECT pre_cod_asig1,pre_cod_asig2,pre_cod_asig3,pre_cod_asig4,pre_cod_asig5,pre_cod_asig6,pre_cod_asig7 FROM tblaca009_p_int WHERE pensum='5' AND c_uni_ca='5' AND c_asigna='300116' [1][0] OK
C:[19/08/2013 14:00:46.18][190.39.5.74][1182] SELECT par_cod_asig1,par_cod_asig2,par_cod_asig3 FROM tblaca009_p_int WHERE pensum='5' AND c_uni_ca='5' AND c_asigna='300101' [1][0] OK
C:[19/08/2013 14:00:46.18][190.39.5.74][1182] SELECT par_cod_asig1,par_cod_asig2,par_cod_asig3 FROM tblaca009_p_int WHERE pensum='5' AND c_uni_ca='5' AND c_asigna='300116' [1][0] OK
C:[19/08/2013 14:00:46.43][190.39.5.74][1312] SELECT horas_lab FROM tblaca008 WHERE c_asigna='300101' AND horas_teoricas > 0 [1][0] OK
C:[19/08/2013 14:00:46.43][190.39.5.74][1312] SELECT horas_lab FROM tblaca008 WHERE c_asigna='300116' AND horas_teoricas > 0 [1][0] OK
C:[19/08/2013 14:01:22.98][186.89.158.245][1138] SELECT pre_cod_asig1,pre_cod_asig2,pre_cod_asig3,pre_cod_asig4,pre_cod_asig5,pre_cod_asig6,pre_cod_asig7 FROM tblaca009_p_int WHERE pensum='5' AND c_uni_ca='6' AND c_asigna='340327' [1][0] OK
C:[19/08/2013 14:01:22.98][186.89.158.245][1151] SELECT c_asigna FROM dace004 WHERE exp_e='08-22831294' AND c_asigna='300013' AND status IN ('0','3','B','C') [1][0] OK
C:[19/08/2013 14:01:22.98][186.89.158.245][1151] SELECT c_asigna FROM dace004 WHERE exp_e='08-22831294' AND c_asigna='300113' AND status IN ('0','3','B','C') [1][0] OK
C:[19/08/2013 14:01:22.98][186.89.158.245][1138] SELECT pre_cod_asig1,pre_cod_asig2,pre_cod_asig3,pre_cod_asig4,pre_cod_asig5,pre_cod_asig6,pre_cod_asig7 FROM tblaca009_p_int WHERE pensum='5' AND c_uni_ca='6' AND c_asigna='344565' [1][0] OK
C:[19/08/2013 14:01:22.98][186.89.158.245][1151] SELECT c_asigna FROM dace004 WHERE exp_e='08-22831294' AND c_asigna='344445' AND status IN ('0','3','B','C') [1][0] OK
C:[19/08/2013 14:01:22.17][186.89.158.245][1182] SELECT par_cod_asig1,par_cod_asig2,par_cod_asig3 FROM tblaca009_p_int WHERE pensum='5' AND c_uni_ca='6' AND c_asigna='340327' [1][0] OK
C:[19/08/2013 14:01:22.17][186.89.158.245][1182] SELECT par_cod_asig1,par_cod_asig2,par_cod_asig3 FROM tblaca009_p_int WHERE pensum='5' AND c_uni_ca='6' AND c_asigna='344565' [1][0] OK
C:[19/08/2013 14:01:22.43][186.89.158.245][1312] SELECT horas_lab FROM tblaca008 WHERE c_asigna='340327' AND horas_teoricas > 0 [1][0] OK
C:[19/08/2013 14:01:22.43][186.89.158.245][1312] SELECT horas_lab FROM tblaca008 WHERE c_asigna='344565' AND horas_teoricas > 0 [1][0] OK
C:[19/08/2013 14:01:27.30][190.38.118.125][1138] SELECT pre_cod_asig1,pre_cod_asig2,pre_cod_asig3,pre_cod_asig4,pre_cod_asig5,pre_cod_asig6,pre_cod_asig7 FROM tblaca009_p_int WHERE pensum='5' AND c_uni_ca='3' AND c_asigna='300313' [1][0] OK
C:[19/08/2013 14:01:27.30][190.38.118.125][1151] SELECT c_asigna FROM dace004 WHERE exp_e='10-20224045' AND c_asigna='300213' AND status IN ('0','3','B','C') [1][0] OK
C:[19/08/2013 14:01:27.30][190.38.118.125][1138] SELECT pre_cod_asig1,pre_cod_asig2,pre_cod_asig3,pre_cod_asig4,pre_cod_asig5,pre_cod_asig6,pre_cod_asig7 FROM tblaca009_p_int WHERE pensum='5' AND c_uni_ca='3' AND c_asigna='312333' [1][0] OK
C:[19/08/2013 14:01:27.30][190.38.118.125][1151] SELECT c_asigna FROM dace004 WHERE exp_e='10-20224045' AND c_asigna='300228' AND status IN ('0','3','B','C') [1][0] OK
C:[19/08/2013 14:01:27.80][190.38.118.125][1182] SELECT par_cod_asig1,par_cod_asig2,par_cod_asig3 FROM tblaca009_p_int WHERE pensum='5' AND c_uni_ca='3' AND c_asigna='300313' [1][0] OK
C:[19/08/2013 14:01:27.80][190.38.118.125][1182] SELECT par_cod_asig1,par_cod_asig2,par_cod_asig3 FROM tblaca009_p_int WHERE pensum='5' AND c_uni_ca='3' AND c_asigna='312333' [1][0] OK
C:[19/08/2013 14:01:27.07][190.38.118.125][1312] SELECT horas_lab FROM tblaca008 WHERE c_asigna='300313' AND horas_teoricas > 0 [1][0] OK
C:[19/08/2013 14:01:27.07][190.38.118.125][1312] SELECT horas_lab FROM tblaca008 WHERE c_asigna='312333' AND horas_teoricas > 0 [1][0] OK
C:[19/08/2013 14:01:47.14][190.199.92.188][1138] SELECT pre_cod_asig1,pre_cod_asig2,pre_cod_asig3,pre_cod_asig4,pre_cod_asig5,pre_cod_asig6,pre_cod_asig7 FROM tblaca009_p_int WHERE pensum='5' AND c_uni_ca='3' AND c_asigna='300112' [1][0] OK
C:[19/08/2013 14:01:47.83][190.199.92.188][1182] SELECT par_cod_asig1,par_cod_asig2,par_cod_asig3 FROM tblaca009_p_int WHERE pensum='5' AND c_uni_ca='3' AND c_asigna='300112' [1][0] OK
C:[19/08/2013 14:01:47.98][190.199.92.188][1312] SELECT horas_lab FROM tblaca008 WHERE c_asigna='300112' AND horas_teoricas > 0 [1][0] OK
C:[19/08/2013 14:01:47.35][190.205.15.4][1138] SELECT pre_cod_asig1,pre_cod_asig2,pre_cod_asig3,pre_cod_asig4,pre_cod_asig5,pre_cod_asig6,pre_cod_asig7 FROM tblaca009_p_int WHERE pensum='5' AND c_uni_ca='6' AND c_asigna='300101' [1][0] OK
C:[19/08/2013 14:01:47.48][190.205.15.4][1182] SELECT par_cod_asig1,par_cod_asig2,par_cod_asig3 FROM tblaca009_p_int WHERE pensum='5' AND c_uni_ca='6' AND c_asigna='300101' [1][0] OK
C:[19/08/2013 14:01:47.62][190.205.15.4][1312] SELECT horas_lab FROM tblaca008 WHERE c_asigna='300101' AND horas_teoricas > 0 [1][0] OK
C:[19/08/2013 14:02:18.03][190.39.5.74][1138] SELECT pre_cod_asig1,pre_cod_asig2,pre_cod_asig3,pre_cod_asig4,pre_cod_asig5,pre_cod_asig6,pre_cod_asig7 FROM tblaca009_p_int WHERE pensum='5' AND c_uni_ca='3' AND c_asigna='300101' [1][0] OK
C:[19/08/2013 14:02:19.72][190.39.5.74][1182] SELECT par_cod_asig1,par_cod_asig2,par_cod_asig3 FROM tblaca009_p_int WHERE pensum='5' AND c_uni_ca='3' AND c_asigna='300101' [1][0] OK
C:[19/08/2013 14:02:19.85][190.39.5.74][1312] SELECT horas_lab FROM tblaca008 WHERE c_asigna='300101' AND horas_teoricas > 0 [1][0] OK
C:[19/08/2013 14:03:09.52][190.199.92.188][1138] SELECT pre_cod_asig1,pre_cod_asig2,pre_cod_asig3,pre_cod_asig4,pre_cod_asig5,pre_cod_asig6,pre_cod_asig7 FROM tblaca009_p_int WHERE pensum='5' AND c_uni_ca='6' AND c_asigna='342444' [1][0] OK
C:[19/08/2013 14:03:09.52][190.199.92.188][1151] SELECT c_asigna FROM dace004 WHERE exp_e='07-20975018' AND c_asigna='340323' AND status IN ('0','3','B','C') [1][0] OK
C:[19/08/2013 14:03:09.33][190.199.92.188][1182] SELECT par_cod_asig1,par_cod_asig2,par_cod_asig3 FROM tblaca009_p_int WHERE pensum='5' AND c_uni_ca='6' AND c_asigna='342444' [1][0] OK
C:[19/08/2013 14:03:09.46][190.199.92.188][1312] SELECT horas_lab FROM tblaca008 WHERE c_asigna='342444' AND horas_teoricas > 0 [1][0] OK
C:[19/08/2013 14:03:28.36][190.37.44.151][1138] SELECT pre_cod_asig1,pre_cod_asig2,pre_cod_asig3,pre_cod_asig4,pre_cod_asig5,pre_cod_asig6,pre_cod_asig7 FROM tblaca009_p_int WHERE pensum='5' AND c_uni_ca='2' AND c_asigna='322550' [1][0] OK
C:[19/08/2013 14:03:28.36][190.37.44.151][1151] SELECT c_asigna FROM dace004 WHERE exp_e='06-19804208' AND c_asigna='322433' AND status IN ('0','3','B','C') [1][0] OK
C:[19/08/2013 14:03:28.18][190.37.44.151][1182] SELECT par_cod_asig1,par_cod_asig2,par_cod_asig3 FROM tblaca009_p_int WHERE pensum='5' AND c_uni_ca='2' AND c_asigna='322550' [1][0] OK
C:[19/08/2013 14:03:28.30][190.37.44.151][1312] SELECT horas_lab FROM tblaca008 WHERE c_asigna='322550' AND horas_teoricas > 0 [1][0] OK
C:[19/08/2013 14:03:51.69][172.16.3.88][1138] SELECT pre_cod_asig1,pre_cod_asig2,pre_cod_asig3,pre_cod_asig4,pre_cod_asig5,pre_cod_asig6,pre_cod_asig7 FROM tblaca009_p_int WHERE pensum='5' AND c_uni_ca='4' AND c_asigna='300101' [1][0] OK
C:[19/08/2013 14:03:52.38][172.16.3.88][1182] SELECT par_cod_asig1,par_cod_asig2,par_cod_asig3 FROM tblaca009_p_int WHERE pensum='5' AND c_uni_ca='4' AND c_asigna='300101' [1][0] OK
C:[19/08/2013 14:03:52.52][172.16.3.88][1312] SELECT horas_lab FROM tblaca008 WHERE c_asigna='300101' AND horas_teoricas > 0 [1][0] OK
C:[19/08/2013 14:04:48.65][186.89.174.231][1138] SELECT pre_cod_asig1,pre_cod_asig2,pre_cod_asig3,pre_cod_asig4,pre_cod_asig5,pre_cod_asig6,pre_cod_asig7 FROM tblaca009_p_int WHERE pensum='5' AND c_uni_ca='3' AND c_asigna='300116' [1][0] OK
C:[19/08/2013 14:04:48.33][186.89.174.231][1182] SELECT par_cod_asig1,par_cod_asig2,par_cod_asig3 FROM tblaca009_p_int WHERE pensum='5' AND c_uni_ca='3' AND c_asigna='300116' [1][0] OK
C:[19/08/2013 14:04:48.46][186.89.174.231][1312] SELECT horas_lab FROM tblaca008 WHERE c_asigna='300116' AND horas_teoricas > 0 [1][0] OK
C:[19/08/2013 14:05:03.17][172.16.5.132][1138] SELECT pre_cod_asig1,pre_cod_asig2,pre_cod_asig3,pre_cod_asig4,pre_cod_asig5,pre_cod_asig6,pre_cod_asig7 FROM tblaca009_p_int WHERE pensum='5' AND c_uni_ca='4' AND c_asigna='300112' [1][0] OK
C:[19/08/2013 14:05:03.17][172.16.5.132][1138] SELECT pre_cod_asig1,pre_cod_asig2,pre_cod_asig3,pre_cod_asig4,pre_cod_asig5,pre_cod_asig6,pre_cod_asig7 FROM tblaca009_p_int WHERE pensum='5' AND c_uni_ca='4' AND c_asigna='300207' [1][0] OK
C:[19/08/2013 14:05:03.17][172.16.5.132][1151] SELECT c_asigna FROM dace004 WHERE exp_e='11-22587977' AND c_asigna='300101' AND status IN ('0','3','B','C') [1][0] OK
C:[19/08/2013 14:05:03.55][172.16.5.132][1182] SELECT par_cod_asig1,par_cod_asig2,par_cod_asig3 FROM tblaca009_p_int WHERE pensum='5' AND c_uni_ca='4' AND c_asigna='300112' [1][0] OK
C:[19/08/2013 14:05:03.55][172.16.5.132][1182] SELECT par_cod_asig1,par_cod_asig2,par_cod_asig3 FROM tblaca009_p_int WHERE pensum='5' AND c_uni_ca='4' AND c_asigna='300207' [1][0] OK
C:[19/08/2013 14:05:03.82][172.16.5.132][1312] SELECT horas_lab FROM tblaca008 WHERE c_asigna='300112' AND horas_teoricas > 0 [1][0] OK
C:[19/08/2013 14:05:03.82][172.16.5.132][1312] SELECT horas_lab FROM tblaca008 WHERE c_asigna='300207' AND horas_teoricas > 0 [1][0] OK
C:[19/08/2013 14:05:08.53][190.77.212.221][1138] SELECT pre_cod_asig1,pre_cod_asig2,pre_cod_asig3,pre_cod_asig4,pre_cod_asig5,pre_cod_asig6,pre_cod_asig7 FROM tblaca009_p_int WHERE pensum='5' AND c_uni_ca='4' AND c_asigna='300207' [1][0] OK
C:[19/08/2013 14:05:08.53][190.77.212.221][1151] SELECT c_asigna FROM dace004 WHERE exp_e='11-20885601' AND c_asigna='300101' AND status IN ('0','3','B','C') [1][0] OK
C:[19/08/2013 14:05:08.35][190.77.212.221][1182] SELECT par_cod_asig1,par_cod_asig2,par_cod_asig3 FROM tblaca009_p_int WHERE pensum='5' AND c_uni_ca='4' AND c_asigna='300207' [1][0] OK
C:[19/08/2013 14:05:08.48][190.77.212.221][1312] SELECT horas_lab FROM tblaca008 WHERE c_asigna='300207' AND horas_teoricas > 0 [1][0] OK
C:[19/08/2013 14:05:25.70][200.90.96.226][1138] SELECT pre_cod_asig1,pre_cod_asig2,pre_cod_asig3,pre_cod_asig4,pre_cod_asig5,pre_cod_asig6,pre_cod_asig7 FROM tblaca009_p_int WHERE pensum='5' AND c_uni_ca='3' AND c_asigna='312333' [1][0] OK
C:[19/08/2013 14:05:25.70][200.90.96.226][1151] SELECT c_asigna FROM dace004 WHERE exp_e='08-21234976' AND c_asigna='300228' AND status IN ('0','3','B','C') [1][0] OK
C:[19/08/2013 14:05:25.51][200.90.96.226][1182] SELECT par_cod_asig1,par_cod_asig2,par_cod_asig3 FROM tblaca009_p_int WHERE pensum='5' AND c_uni_ca='3' AND c_asigna='312333' [1][0] OK
C:[19/08/2013 14:05:25.66][200.90.96.226][1312] SELECT horas_lab FROM tblaca008 WHERE c_asigna='312333' AND horas_teoricas > 0 [1][0] OK
C:[19/08/2013 14:05:29.16][190.77.255.31][1138] SELECT pre_cod_asig1,pre_cod_asig2,pre_cod_asig3,pre_cod_asig4,pre_cod_asig5,pre_cod_asig6,pre_cod_asig7 FROM tblaca009_p_int WHERE pensum='5' AND c_uni_ca='6' AND c_asigna='300213' [1][0] OK
C:[19/08/2013 14:05:29.16][190.77.255.31][1151] SELECT c_asigna FROM dace004 WHERE exp_e='04-16287797' AND c_asigna='300101' AND status IN ('0','3','B','C') [1][0] OK
C:[19/08/2013 14:05:29.40][190.77.255.31][1182] SELECT par_cod_asig1,par_cod_asig2,par_cod_asig3 FROM tblaca009_p_int WHERE pensum='5' AND c_uni_ca='6' AND c_asigna='300213' [1][0] OK
C:[19/08/2013 14:05:29.54][190.77.255.31][1312] SELECT horas_lab FROM tblaca008 WHERE c_asigna='300213' AND horas_teoricas > 0 [1][0] OK
C:[19/08/2013 14:05:35.78][190.199.92.188][1138] SELECT pre_cod_asig1,pre_cod_asig2,pre_cod_asig3,pre_cod_asig4,pre_cod_asig5,pre_cod_asig6,pre_cod_asig7 FROM tblaca009_p_int WHERE pensum='5' AND c_uni_ca='6' AND c_asigna='300101' [1][0] OK
C:[19/08/2013 14:05:35.91][190.199.92.188][1182] SELECT par_cod_asig1,par_cod_asig2,par_cod_asig3 FROM tblaca009_p_int WHERE pensum='5' AND c_uni_ca='6' AND c_asigna='300101' [1][0] OK
C:[19/08/2013 14:05:35.04][190.199.92.188][1312] SELECT horas_lab FROM tblaca008 WHERE c_asigna='300101' AND horas_teoricas > 0 [1][0] OK
C:[19/08/2013 14:05:39.09][190.94.238.199][1138] SELECT pre_cod_asig1,pre_cod_asig2,pre_cod_asig3,pre_cod_asig4,pre_cod_asig5,pre_cod_asig6,pre_cod_asig7 FROM tblaca009_p_int WHERE pensum='5' AND c_uni_ca='3' AND c_asigna='300213' [1][0] OK
C:[19/08/2013 14:05:39.09][190.94.238.199][1151] SELECT c_asigna FROM dace004 WHERE exp_e='10-20701676' AND c_asigna='300101' AND status IN ('0','3','B','C') [1][0] OK
C:[19/08/2013 14:05:39.09][190.94.238.199][1138] SELECT pre_cod_asig1,pre_cod_asig2,pre_cod_asig3,pre_cod_asig4,pre_cod_asig5,pre_cod_asig6,pre_cod_asig7 FROM tblaca009_p_int WHERE pensum='5' AND c_uni_ca='3' AND c_asigna='300228' [1][0] OK
C:[19/08/2013 14:05:39.09][190.94.238.199][1151] SELECT c_asigna FROM dace004 WHERE exp_e='10-20701676' AND c_asigna='300101' AND status IN ('0','3','B','C') [1][0] OK
C:[19/08/2013 14:05:39.59][190.94.238.199][1182] SELECT par_cod_asig1,par_cod_asig2,par_cod_asig3 FROM tblaca009_p_int WHERE pensum='5' AND c_uni_ca='3' AND c_asigna='300213' [1][0] OK
C:[19/08/2013 14:05:39.59][190.94.238.199][1182] SELECT par_cod_asig1,par_cod_asig2,par_cod_asig3 FROM tblaca009_p_int WHERE pensum='5' AND c_uni_ca='3' AND c_asigna='300228' [1][0] OK
C:[19/08/2013 14:05:39.86][190.94.238.199][1312] SELECT horas_lab FROM tblaca008 WHERE c_asigna='300213' AND horas_teoricas > 0 [1][0] OK
C:[19/08/2013 14:05:39.86][190.94.238.199][1312] SELECT horas_lab FROM tblaca008 WHERE c_asigna='300228' AND horas_teoricas > 0 [1][0] OK
C:[19/08/2013 14:07:43.80][190.73.234.82][1138] SELECT pre_cod_asig1,pre_cod_asig2,pre_cod_asig3,pre_cod_asig4,pre_cod_asig5,pre_cod_asig6,pre_cod_asig7 FROM tblaca009_p_int WHERE pensum='5' AND c_uni_ca='2' AND c_asigna='322550' [1][0] OK
C:[19/08/2013 14:07:43.80][190.73.234.82][1151] SELECT c_asigna FROM dace004 WHERE exp_e='06-17999021' AND c_asigna='322433' AND status IN ('0','3','B','C') [1][0] OK
C:[19/08/2013 14:07:43.80][190.73.234.82][1138] SELECT pre_cod_asig1,pre_cod_asig2,pre_cod_asig3,pre_cod_asig4,pre_cod_asig5,pre_cod_asig6,pre_cod_asig7 FROM tblaca009_p_int WHERE pensum='5' AND c_uni_ca='2' AND c_asigna='322559' [1][0] OK
C:[19/08/2013 14:07:43.80][190.73.234.82][1151] SELECT c_asigna FROM dace004 WHERE exp_e='06-17999021' AND c_asigna='300428' AND status IN ('0','3','B','C') [1][0] OK
C:[19/08/2013 14:07:43.80][190.73.234.82][1151] SELECT c_asigna FROM dace004 WHERE exp_e='06-17999021' AND c_asigna='322436' AND status IN ('0','3','B','C') [1][0] OK
C:[19/08/2013 14:07:43.80][190.73.234.82][1138] SELECT pre_cod_asig1,pre_cod_asig2,pre_cod_asig3,pre_cod_asig4,pre_cod_asig5,pre_cod_asig6,pre_cod_asig7 FROM tblaca009_p_int WHERE pensum='5' AND c_uni_ca='2' AND c_asigna='322826' [1][0] OK
C:[19/08/2013 14:07:43.80][190.73.234.82][1151] SELECT c_asigna FROM dace004 WHERE exp_e='06-17999021' AND c_asigna='322683' AND status IN ('0','3','B','C') [1][0] OK
C:[19/08/2013 14:07:43.25][190.73.234.82][1182] SELECT par_cod_asig1,par_cod_asig2,par_cod_asig3 FROM tblaca009_p_int WHERE pensum='5' AND c_uni_ca='2' AND c_asigna='322550' [1][0] OK
C:[19/08/2013 14:07:43.25][190.73.234.82][1182] SELECT par_cod_asig1,par_cod_asig2,par_cod_asig3 FROM tblaca009_p_int WHERE pensum='5' AND c_uni_ca='2' AND c_asigna='322559' [1][0] OK
C:[19/08/2013 14:07:43.25][190.73.234.82][1182] SELECT par_cod_asig1,par_cod_asig2,par_cod_asig3 FROM tblaca009_p_int WHERE pensum='5' AND c_uni_ca='2' AND c_asigna='322826' [1][0] OK
C:[19/08/2013 14:07:43.63][190.73.234.82][1312] SELECT horas_lab FROM tblaca008 WHERE c_asigna='322550' AND horas_teoricas > 0 [1][0] OK
C:[19/08/2013 14:07:43.63][190.73.234.82][1312] SELECT horas_lab FROM tblaca008 WHERE c_asigna='322559' AND horas_teoricas > 0 [1][0] OK
C:[19/08/2013 14:07:43.63][190.73.234.82][1312] SELECT horas_lab FROM tblaca008 WHERE c_asigna='322826' AND horas_teoricas > 0 [1][0] OK
C:[19/08/2013 14:09:01.95][190.60.50.204][1138] SELECT pre_cod_asig1,pre_cod_asig2,pre_cod_asig3,pre_cod_asig4,pre_cod_asig5,pre_cod_asig6,pre_cod_asig7 FROM tblaca009_p_int WHERE pensum='5' AND c_uni_ca='3' AND c_asigna='311434' [1][0] OK
C:[19/08/2013 14:09:01.95][190.60.50.204][1151] SELECT c_asigna FROM dace004 WHERE exp_e='10-18960534' AND c_asigna='300317' AND status IN ('0','3','B','C') [1][0] OK
C:[19/08/2013 14:09:01.95][190.60.50.204][1151] SELECT c_asigna FROM dace004 WHERE exp_e='10-18960534' AND c_asigna='300318' AND status IN ('0','3','B','C') [1][0] OK
C:[19/08/2013 14:09:01.95][190.60.50.204][1138] SELECT pre_cod_asig1,pre_cod_asig2,pre_cod_asig3,pre_cod_asig4,pre_cod_asig5,pre_cod_asig6,pre_cod_asig7 FROM tblaca009_p_int WHERE pensum='5' AND c_uni_ca='3' AND c_asigna='311551' [1][0] OK
C:[19/08/2013 14:09:01.95][190.60.50.204][1151] SELECT c_asigna FROM dace004 WHERE exp_e='10-18960534' AND c_asigna='311430' AND status IN ('0','3','B','C') [1][0] OK
C:[19/08/2013 14:09:01.95][190.60.50.204][1138] SELECT pre_cod_asig1,pre_cod_asig2,pre_cod_asig3,pre_cod_asig4,pre_cod_asig5,pre_cod_asig6,pre_cod_asig7 FROM tblaca009_p_int WHERE pensum='5' AND c_uni_ca='3' AND c_asigna='311556' [1][0] OK
C:[19/08/2013 14:09:01.95][190.60.50.204][1151] SELECT c_asigna FROM dace004 WHERE exp_e='10-18960534' AND c_asigna='311430' AND status IN ('0','3','B','C') [1][0] OK
C:[19/08/2013 14:09:01.76][190.60.50.204][1182] SELECT par_cod_asig1,par_cod_asig2,par_cod_asig3 FROM tblaca009_p_int WHERE pensum='5' AND c_uni_ca='3' AND c_asigna='311434' [1][0] OK
C:[19/08/2013 14:09:01.76][190.60.50.204][1182] SELECT par_cod_asig1,par_cod_asig2,par_cod_asig3 FROM tblaca009_p_int WHERE pensum='5' AND c_uni_ca='3' AND c_asigna='311551' [1][0] OK
C:[19/08/2013 14:09:01.76][190.60.50.204][1182] SELECT par_cod_asig1,par_cod_asig2,par_cod_asig3 FROM tblaca009_p_int WHERE pensum='5' AND c_uni_ca='3' AND c_asigna='311556' [1][0] OK
C:[19/08/2013 14:09:01.97][190.60.50.204][1312] SELECT horas_lab FROM tblaca008 WHERE c_asigna='311434' AND horas_teoricas > 0 [0][0] OK
C:[19/08/2013 14:09:01.97][190.60.50.204][1312] SELECT horas_lab FROM tblaca008 WHERE c_asigna='311551' AND horas_teoricas > 0 [1][0] OK
C:[19/08/2013 14:09:01.97][190.60.50.204][1312] SELECT horas_lab FROM tblaca008 WHERE c_asigna='311556' AND horas_teoricas > 0 [0][0] OK
C:[19/08/2013 14:09:09.04][190.200.31.202][1138] SELECT pre_cod_asig1,pre_cod_asig2,pre_cod_asig3,pre_cod_asig4,pre_cod_asig5,pre_cod_asig6,pre_cod_asig7 FROM tblaca009_p_int WHERE pensum='5' AND c_uni_ca='2' AND c_asigna='322683' [1][0] OK
C:[19/08/2013 14:09:09.04][190.200.31.202][1151] SELECT c_asigna FROM dace004 WHERE exp_e='10-20807079' AND c_asigna='322560' AND status IN ('0','3','B','C') [1][0] OK
C:[19/08/2013 14:09:09.29][190.200.31.202][1182] SELECT par_cod_asig1,par_cod_asig2,par_cod_asig3 FROM tblaca009_p_int WHERE pensum='5' AND c_uni_ca='2' AND c_asigna='322683' [1][0] OK
C:[19/08/2013 14:09:09.43][190.200.31.202][1312] SELECT horas_lab FROM tblaca008 WHERE c_asigna='322683' AND horas_teoricas > 0 [1][0] OK
C:[19/08/2013 14:09:14.00][172.16.5.132][1138] SELECT pre_cod_asig1,pre_cod_asig2,pre_cod_asig3,pre_cod_asig4,pre_cod_asig5,pre_cod_asig6,pre_cod_asig7 FROM tblaca009_p_int WHERE pensum='5' AND c_uni_ca='2' AND c_asigna='322550' [1][0] OK
C:[19/08/2013 14:09:14.00][172.16.5.132][1151] SELECT c_asigna FROM dace004 WHERE exp_e='10-19302292' AND c_asigna='322433' AND status IN ('0','3','B','C') [1][0] OK
C:[19/08/2013 14:09:14.00][172.16.5.132][1138] SELECT pre_cod_asig1,pre_cod_asig2,pre_cod_asig3,pre_cod_asig4,pre_cod_asig5,pre_cod_asig6,pre_cod_asig7 FROM tblaca009_p_int WHERE pensum='5' AND c_uni_ca='2' AND c_asigna='322558' [1][0] OK
C:[19/08/2013 14:09:14.00][172.16.5.132][1151] SELECT c_asigna FROM dace004 WHERE exp_e='10-19302292' AND c_asigna='320323' AND status IN ('0','3','B','C') [1][0] OK
C:[19/08/2013 14:09:14.00][172.16.5.132][1138] SELECT pre_cod_asig1,pre_cod_asig2,pre_cod_asig3,pre_cod_asig4,pre_cod_asig5,pre_cod_asig6,pre_cod_asig7 FROM tblaca009_p_int WHERE pensum='5' AND c_uni_ca='2' AND c_asigna='322728' [1][0] OK
C:[19/08/2013 14:09:14.00][172.16.5.132][1151] SELECT c_asigna FROM dace004 WHERE exp_e='10-19302292' AND c_asigna='322681' AND status IN ('0','3','B','C') [1][0] OK
C:[19/08/2013 14:09:14.76][172.16.5.132][1182] SELECT par_cod_asig1,par_cod_asig2,par_cod_asig3 FROM tblaca009_p_int WHERE pensum='5' AND c_uni_ca='2' AND c_asigna='322550' [1][0] OK
C:[19/08/2013 14:09:14.76][172.16.5.132][1182] SELECT par_cod_asig1,par_cod_asig2,par_cod_asig3 FROM tblaca009_p_int WHERE pensum='5' AND c_uni_ca='2' AND c_asigna='322558' [1][0] OK
C:[19/08/2013 14:09:14.76][172.16.5.132][1182] SELECT par_cod_asig1,par_cod_asig2,par_cod_asig3 FROM tblaca009_p_int WHERE pensum='5' AND c_uni_ca='2' AND c_asigna='322728' [1][0] OK
C:[19/08/2013 14:09:15.16][172.16.5.132][1312] SELECT horas_lab FROM tblaca008 WHERE c_asigna='322550' AND horas_teoricas > 0 [1][0] OK
C:[19/08/2013 14:09:15.16][172.16.5.132][1312] SELECT horas_lab FROM tblaca008 WHERE c_asigna='322558' AND horas_teoricas > 0 [1][0] OK
C:[19/08/2013 14:09:15.16][172.16.5.132][1312] SELECT horas_lab FROM tblaca008 WHERE c_asigna='322728' AND horas_teoricas > 0 [1][0] OK
C:[19/08/2013 14:09:17.93][172.16.4.247][1138] SELECT pre_cod_asig1,pre_cod_asig2,pre_cod_asig3,pre_cod_asig4,pre_cod_asig5,pre_cod_asig6,pre_cod_asig7 FROM tblaca009_p_int WHERE pensum='5' AND c_uni_ca='5' AND c_asigna='300013' [1][0] OK
C:[19/08/2013 14:09:17.93][172.16.4.247][1138] SELECT pre_cod_asig1,pre_cod_asig2,pre_cod_asig3,pre_cod_asig4,pre_cod_asig5,pre_cod_asig6,pre_cod_asig7 FROM tblaca009_p_int WHERE pensum='5' AND c_uni_ca='5' AND c_asigna='300116' [1][0] OK
C:[19/08/2013 14:09:17.18][172.16.4.247][1182] SELECT par_cod_asig1,par_cod_asig2,par_cod_asig3 FROM tblaca009_p_int WHERE pensum='5' AND c_uni_ca='5' AND c_asigna='300013' [1][0] OK
C:[19/08/2013 14:09:17.18][172.16.4.247][1182] SELECT par_cod_asig1,par_cod_asig2,par_cod_asig3 FROM tblaca009_p_int WHERE pensum='5' AND c_uni_ca='5' AND c_asigna='300116' [1][0] OK
C:[19/08/2013 14:09:17.44][172.16.4.247][1312] SELECT horas_lab FROM tblaca008 WHERE c_asigna='300013' AND horas_teoricas > 0 [1][0] OK
C:[19/08/2013 14:09:17.44][172.16.4.247][1312] SELECT horas_lab FROM tblaca008 WHERE c_asigna='300116' AND horas_teoricas > 0 [1][0] OK
C:[19/08/2013 14:11:17.36][190.199.92.188][1138] SELECT pre_cod_asig1,pre_cod_asig2,pre_cod_asig3,pre_cod_asig4,pre_cod_asig5,pre_cod_asig6,pre_cod_asig7 FROM tblaca009_p_int WHERE pensum='5' AND c_uni_ca='6' AND c_asigna='300101' [1][0] OK
C:[19/08/2013 14:11:17.68][190.199.92.188][1182] SELECT par_cod_asig1,par_cod_asig2,par_cod_asig3 FROM tblaca009_p_int WHERE pensum='5' AND c_uni_ca='6' AND c_asigna='300101' [1][0] OK
C:[19/08/2013 14:11:17.83][190.199.92.188][1312] SELECT horas_lab FROM tblaca008 WHERE c_asigna='300101' AND horas_teoricas > 0 [1][0] OK
C:[19/08/2013 14:11:21.99][190.199.92.188][1138] SELECT pre_cod_asig1,pre_cod_asig2,pre_cod_asig3,pre_cod_asig4,pre_cod_asig5,pre_cod_asig6,pre_cod_asig7 FROM tblaca009_p_int WHERE pensum='5' AND c_uni_ca='3' AND c_asigna='300112' [1][0] OK
C:[19/08/2013 14:11:21.99][190.199.92.188][1138] SELECT pre_cod_asig1,pre_cod_asig2,pre_cod_asig3,pre_cod_asig4,pre_cod_asig5,pre_cod_asig6,pre_cod_asig7 FROM tblaca009_p_int WHERE pensum='5' AND c_uni_ca='3' AND c_asigna='300228' [1][0] OK
C:[19/08/2013 14:11:21.99][190.199.92.188][1151] SELECT c_asigna FROM dace004 WHERE exp_e='06-19804576' AND c_asigna='300101' AND status IN ('0','3','B','C') [1][0] OK
C:[19/08/2013 14:11:21.37][190.199.92.188][1182] SELECT par_cod_asig1,par_cod_asig2,par_cod_asig3 FROM tblaca009_p_int WHERE pensum='5' AND c_uni_ca='3' AND c_asigna='300112' [1][0] OK
C:[19/08/2013 14:11:21.37][190.199.92.188][1182] SELECT par_cod_asig1,par_cod_asig2,par_cod_asig3 FROM tblaca009_p_int WHERE pensum='5' AND c_uni_ca='3' AND c_asigna='300228' [1][0] OK
C:[19/08/2013 14:11:21.63][190.199.92.188][1312] SELECT horas_lab FROM tblaca008 WHERE c_asigna='300112' AND horas_teoricas > 0 [1][0] OK
C:[19/08/2013 14:11:21.63][190.199.92.188][1312] SELECT horas_lab FROM tblaca008 WHERE c_asigna='300228' AND horas_teoricas > 0 [1][0] OK
C:[19/08/2013 14:11:21.47][190.201.166.121][1138] SELECT pre_cod_asig1,pre_cod_asig2,pre_cod_asig3,pre_cod_asig4,pre_cod_asig5,pre_cod_asig6,pre_cod_asig7 FROM tblaca009_p_int WHERE pensum='5' AND c_uni_ca='2' AND c_asigna='322702' [1][0] OK
C:[19/08/2013 14:11:21.47][190.201.166.121][1151] SELECT c_asigna FROM dace004 WHERE exp_e='05-18521151' AND c_asigna='322683' AND status IN ('0','3','B','C') [1][0] OK
C:[19/08/2013 14:11:21.47][190.201.166.121][1138] SELECT pre_cod_asig1,pre_cod_asig2,pre_cod_asig3,pre_cod_asig4,pre_cod_asig5,pre_cod_asig6,pre_cod_asig7 FROM tblaca009_p_int WHERE pensum='5' AND c_uni_ca='2' AND c_asigna='322780' [1][0] OK
C:[19/08/2013 14:11:21.47][190.201.166.121][1151] SELECT c_asigna FROM dace004 WHERE exp_e='05-18521151' AND c_asigna='322678' AND status IN ('0','3','B','C') [1][0] OK
C:[19/08/2013 14:11:21.47][190.201.166.121][1138] SELECT pre_cod_asig1,pre_cod_asig2,pre_cod_asig3,pre_cod_asig4,pre_cod_asig5,pre_cod_asig6,pre_cod_asig7 FROM tblaca009_p_int WHERE pensum='5' AND c_uni_ca='2' AND c_asigna='322826' [1][0] OK
C:[19/08/2013 14:11:21.47][190.201.166.121][1151] SELECT c_asigna FROM dace004 WHERE exp_e='05-18521151' AND c_asigna='322683' AND status IN ('0','3','B','C') [1][0] OK
C:[19/08/2013 14:11:22.91][190.201.166.121][1182] SELECT par_cod_asig1,par_cod_asig2,par_cod_asig3 FROM tblaca009_p_int WHERE pensum='5' AND c_uni_ca='2' AND c_asigna='322702' [1][0] OK
C:[19/08/2013 14:11:22.91][190.201.166.121][1182] SELECT par_cod_asig1,par_cod_asig2,par_cod_asig3 FROM tblaca009_p_int WHERE pensum='5' AND c_uni_ca='2' AND c_asigna='322780' [1][0] OK
C:[19/08/2013 14:11:22.91][190.201.166.121][1182] SELECT par_cod_asig1,par_cod_asig2,par_cod_asig3 FROM tblaca009_p_int WHERE pensum='5' AND c_uni_ca='2' AND c_asigna='322826' [1][0] OK
C:[19/08/2013 14:11:22.29][190.201.166.121][1312] SELECT horas_lab FROM tblaca008 WHERE c_asigna='322702' AND horas_teoricas > 0 [1][0] OK
C:[19/08/2013 14:11:22.29][190.201.166.121][1312] SELECT horas_lab FROM tblaca008 WHERE c_asigna='322780' AND horas_teoricas > 0 [1][0] OK
C:[19/08/2013 14:11:22.29][190.201.166.121][1312] SELECT horas_lab FROM tblaca008 WHERE c_asigna='322826' AND horas_teoricas > 0 [1][0] OK
C:[19/08/2013 14:11:35.21][181.182.182.149][1138] SELECT pre_cod_asig1,pre_cod_asig2,pre_cod_asig3,pre_cod_asig4,pre_cod_asig5,pre_cod_asig6,pre_cod_asig7 FROM tblaca009_p_int WHERE pensum='5' AND c_uni_ca='6' AND c_asigna='343568' [1][0] OK
C:[19/08/2013 14:11:35.60][181.182.182.149][1182] SELECT par_cod_asig1,par_cod_asig2,par_cod_asig3 FROM tblaca009_p_int WHERE pensum='5' AND c_uni_ca='6' AND c_asigna='343568' [1][0] OK
C:[19/08/2013 14:11:35.29][181.182.182.149][1312] SELECT horas_lab FROM tblaca008 WHERE c_asigna='343568' AND horas_teoricas > 0 [1][0] OK
C:[19/08/2013 14:11:37.99][190.199.92.188][1138] SELECT pre_cod_asig1,pre_cod_asig2,pre_cod_asig3,pre_cod_asig4,pre_cod_asig5,pre_cod_asig6,pre_cod_asig7 FROM tblaca009_p_int WHERE pensum='5' AND c_uni_ca='4' AND c_asigna='300101' [1][0] OK
C:[19/08/2013 14:11:37.11][190.199.92.188][1182] SELECT par_cod_asig1,par_cod_asig2,par_cod_asig3 FROM tblaca009_p_int WHERE pensum='5' AND c_uni_ca='4' AND c_asigna='300101' [1][0] OK
C:[19/08/2013 14:11:37.25][190.199.92.188][1312] SELECT horas_lab FROM tblaca008 WHERE c_asigna='300101' AND horas_teoricas > 0 [1][0] OK
C:[19/08/2013 14:12:48.40][190.199.82.127][1138] SELECT pre_cod_asig1,pre_cod_asig2,pre_cod_asig3,pre_cod_asig4,pre_cod_asig5,pre_cod_asig6,pre_cod_asig7 FROM tblaca009_p_int WHERE pensum='5' AND c_uni_ca='3' AND c_asigna='311795' [1][0] OK
C:[19/08/2013 14:12:48.40][190.199.82.127][1151] SELECT c_asigna FROM dace004 WHERE exp_e='09-20807078' AND c_asigna='311674' AND status IN ('0','3','B','C') [1][0] OK
C:[19/08/2013 14:12:48.61][190.199.82.127][1182] SELECT par_cod_asig1,par_cod_asig2,par_cod_asig3 FROM tblaca009_p_int WHERE pensum='5' AND c_uni_ca='3' AND c_asigna='311795' [1][0] OK
C:[19/08/2013 14:12:48.77][190.199.82.127][1312] SELECT horas_lab FROM tblaca008 WHERE c_asigna='311795' AND horas_teoricas > 0 [1][0] OK
C:[19/08/2013 14:12:48.37][200.84.69.137][1138] SELECT pre_cod_asig1,pre_cod_asig2,pre_cod_asig3,pre_cod_asig4,pre_cod_asig5,pre_cod_asig6,pre_cod_asig7 FROM tblaca009_p_int WHERE pensum='5' AND c_uni_ca='5' AND c_asigna='300209' [1][0] OK
C:[19/08/2013 14:12:48.37][200.84.69.137][1151] SELECT c_asigna FROM dace004 WHERE exp_e='12-24842883' AND c_asigna='300101' AND status IN ('0','3','B','C') [1][0] OK
C:[19/08/2013 14:12:48.37][200.84.69.137][1138] SELECT pre_cod_asig1,pre_cod_asig2,pre_cod_asig3,pre_cod_asig4,pre_cod_asig5,pre_cod_asig6,pre_cod_asig7 FROM tblaca009_p_int WHERE pensum='5' AND c_uni_ca='5' AND c_asigna='300213' [1][0] OK
C:[19/08/2013 14:12:48.37][200.84.69.137][1151] SELECT c_asigna FROM dace004 WHERE exp_e='12-24842883' AND c_asigna='300101' AND status IN ('0','3','B','C') [1][0] OK
C:[19/08/2013 14:12:49.68][200.84.69.137][1182] SELECT par_cod_asig1,par_cod_asig2,par_cod_asig3 FROM tblaca009_p_int WHERE pensum='5' AND c_uni_ca='5' AND c_asigna='300209' [1][0] OK
C:[19/08/2013 14:12:49.68][200.84.69.137][1182] SELECT par_cod_asig1,par_cod_asig2,par_cod_asig3 FROM tblaca009_p_int WHERE pensum='5' AND c_uni_ca='5' AND c_asigna='300213' [1][0] OK
C:[19/08/2013 14:12:49.64][200.84.69.137][1312] SELECT horas_lab FROM tblaca008 WHERE c_asigna='300209' AND horas_teoricas > 0 [1][0] OK
C:[19/08/2013 14:12:49.64][200.84.69.137][1312] SELECT horas_lab FROM tblaca008 WHERE c_asigna='300213' AND horas_teoricas > 0 [1][0] OK
C:[19/08/2013 14:12:49.86][190.198.249.124][1138] SELECT pre_cod_asig1,pre_cod_asig2,pre_cod_asig3,pre_cod_asig4,pre_cod_asig5,pre_cod_asig6,pre_cod_asig7 FROM tblaca009_p_int WHERE pensum='5' AND c_uni_ca='4' AND c_asigna='330435' [1][0] OK
C:[19/08/2013 14:12:49.86][190.198.249.124][1138] SELECT pre_cod_asig1,pre_cod_asig2,pre_cod_asig3,pre_cod_asig4,pre_cod_asig5,pre_cod_asig6,pre_cod_asig7 FROM tblaca009_p_int WHERE pensum='5' AND c_uni_ca='4' AND c_asigna='333683' [1][0] OK
C:[19/08/2013 14:12:49.86][190.198.249.124][1151] SELECT c_asigna FROM dace004 WHERE exp_e='08-21237563' AND c_asigna='333564' AND status IN ('0','3','B','C') [1][0] OK
C:[19/08/2013 14:12:49.22][190.198.249.124][1182] SELECT par_cod_asig1,par_cod_asig2,par_cod_asig3 FROM tblaca009_p_int WHERE pensum='5' AND c_uni_ca='4' AND c_asigna='330435' [1][0] OK
C:[19/08/2013 14:12:49.22][190.198.249.124][1182] SELECT par_cod_asig1,par_cod_asig2,par_cod_asig3 FROM tblaca009_p_int WHERE pensum='5' AND c_uni_ca='4' AND c_asigna='333683' [1][0] OK
C:[19/08/2013 14:12:49.48][190.198.249.124][1312] SELECT horas_lab FROM tblaca008 WHERE c_asigna='330435' AND horas_teoricas > 0 [1][0] OK
C:[19/08/2013 14:12:49.48][190.198.249.124][1312] SELECT horas_lab FROM tblaca008 WHERE c_asigna='333683' AND horas_teoricas > 0 [1][0] OK
C:[19/08/2013 14:13:39.79][190.205.15.4][1138] SELECT pre_cod_asig1,pre_cod_asig2,pre_cod_asig3,pre_cod_asig4,pre_cod_asig5,pre_cod_asig6,pre_cod_asig7 FROM tblaca009_p_int WHERE pensum='5' AND c_uni_ca='6' AND c_asigna='300101' [1][0] OK
C:[19/08/2013 14:13:39.49][190.205.15.4][1182] SELECT par_cod_asig1,par_cod_asig2,par_cod_asig3 FROM tblaca009_p_int WHERE pensum='5' AND c_uni_ca='6' AND c_asigna='300101' [1][0] OK
C:[19/08/2013 14:13:39.61][190.205.15.4][1312] SELECT horas_lab FROM tblaca008 WHERE c_asigna='300101' AND horas_teoricas > 0 [1][0] OK
C:[19/08/2013 14:14:21.20][190.199.92.188][1138] SELECT pre_cod_asig1,pre_cod_asig2,pre_cod_asig3,pre_cod_asig4,pre_cod_asig5,pre_cod_asig6,pre_cod_asig7 FROM tblaca009_p_int WHERE pensum='5' AND c_uni_ca='6' AND c_asigna='300228' [1][0] OK
C:[19/08/2013 14:14:21.20][190.199.92.188][1151] SELECT c_asigna FROM dace004 WHERE exp_e='12-24856166' AND c_asigna='300101' AND status IN ('0','3','B','C') [1][0] OK
C:[19/08/2013 14:14:21.02][190.199.92.188][1182] SELECT par_cod_asig1,par_cod_asig2,par_cod_asig3 FROM tblaca009_p_int WHERE pensum='5' AND c_uni_ca='6' AND c_asigna='300228' [1][0] OK
C:[19/08/2013 14:14:21.15][190.199.92.188][1312] SELECT horas_lab FROM tblaca008 WHERE c_asigna='300228' AND horas_teoricas > 0 [1][0] OK
C:[19/08/2013 14:14:39.74][190.198.164.214][1138] SELECT pre_cod_asig1,pre_cod_asig2,pre_cod_asig3,pre_cod_asig4,pre_cod_asig5,pre_cod_asig6,pre_cod_asig7 FROM tblaca009_p_int WHERE pensum='5' AND c_uni_ca='3' AND c_asigna='311822' [1][0] OK
C:[19/08/2013 14:14:39.86][172.16.3.232][1138] SELECT pre_cod_asig1,pre_cod_asig2,pre_cod_asig3,pre_cod_asig4,pre_cod_asig5,pre_cod_asig6,pre_cod_asig7 FROM tblaca009_p_int WHERE pensum='5' AND c_uni_ca='3' AND c_asigna='311551' [1][0] OK
C:[19/08/2013 14:14:39.74][190.198.164.214][1151] SELECT c_asigna FROM dace004 WHERE exp_e='04-17091998' AND c_asigna='311795' AND status IN ('0','3','B','C') [1][0] OK
C:[19/08/2013 14:14:39.29][190.198.164.214][1182] SELECT par_cod_asig1,par_cod_asig2,par_cod_asig3 FROM tblaca009_p_int WHERE pensum='5' AND c_uni_ca='3' AND c_asigna='311822' [1][0] OK
C:[19/08/2013 14:14:39.86][172.16.3.232][1151] SELECT c_asigna FROM dace004 WHERE exp_e='07-19159177' AND c_asigna='311430' AND status IN ('0','3','B','C') [1][0] OK
C:[19/08/2013 14:14:39.86][172.16.3.232][1138] SELECT pre_cod_asig1,pre_cod_asig2,pre_cod_asig3,pre_cod_asig4,pre_cod_asig5,pre_cod_asig6,pre_cod_asig7 FROM tblaca009_p_int WHERE pensum='5' AND c_uni_ca='3' AND c_asigna='315671' [1][0] OK
C:[19/08/2013 14:14:39.12][190.198.164.214][1312] SELECT horas_lab FROM tblaca008 WHERE c_asigna='311822' AND horas_teoricas > 0 [1][0] OK
C:[19/08/2013 14:14:39.86][172.16.3.232][1151] SELECT c_asigna FROM dace004 WHERE exp_e='07-19159177' AND c_asigna='315552' AND status IN ('0','3','B','C') [1][0] OK
C:[19/08/2013 14:14:39.55][172.16.3.232][1182] SELECT par_cod_asig1,par_cod_asig2,par_cod_asig3 FROM tblaca009_p_int WHERE pensum='5' AND c_uni_ca='3' AND c_asigna='311551' [1][0] OK
C:[19/08/2013 14:14:39.55][172.16.3.232][1182] SELECT par_cod_asig1,par_cod_asig2,par_cod_asig3 FROM tblaca009_p_int WHERE pensum='5' AND c_uni_ca='3' AND c_asigna='315671' [1][0] OK
C:[19/08/2013 14:14:40.19][172.16.3.232][1312] SELECT horas_lab FROM tblaca008 WHERE c_asigna='311551' AND horas_teoricas > 0 [1][0] OK
C:[19/08/2013 14:14:40.19][172.16.3.232][1312] SELECT horas_lab FROM tblaca008 WHERE c_asigna='315671' AND horas_teoricas > 0 [1][0] OK
C:[19/08/2013 14:15:05.12][190.198.255.89][1138] SELECT pre_cod_asig1,pre_cod_asig2,pre_cod_asig3,pre_cod_asig4,pre_cod_asig5,pre_cod_asig6,pre_cod_asig7 FROM tblaca009_p_int WHERE pensum='5' AND c_uni_ca='5' AND c_asigna='300101' [1][0] OK
C:[19/08/2013 14:15:05.81][190.198.255.89][1182] SELECT par_cod_asig1,par_cod_asig2,par_cod_asig3 FROM tblaca009_p_int WHERE pensum='5' AND c_uni_ca='5' AND c_asigna='300101' [1][0] OK
C:[19/08/2013 14:15:05.96][190.198.255.89][1312] SELECT horas_lab FROM tblaca008 WHERE c_asigna='300101' AND horas_teoricas > 0 [1][0] OK
C:[19/08/2013 14:15:11.13][190.198.249.124][1138] SELECT pre_cod_asig1,pre_cod_asig2,pre_cod_asig3,pre_cod_asig4,pre_cod_asig5,pre_cod_asig6,pre_cod_asig7 FROM tblaca009_p_int WHERE pensum='5' AND c_uni_ca='4' AND c_asigna='330435' [1][0] OK
C:[19/08/2013 14:15:11.13][190.198.249.124][1138] SELECT pre_cod_asig1,pre_cod_asig2,pre_cod_asig3,pre_cod_asig4,pre_cod_asig5,pre_cod_asig6,pre_cod_asig7 FROM tblaca009_p_int WHERE pensum='5' AND c_uni_ca='4' AND c_asigna='333683' [1][0] OK
C:[19/08/2013 14:15:11.13][190.198.249.124][1151] SELECT c_asigna FROM dace004 WHERE exp_e='08-21237563' AND c_asigna='333564' AND status IN ('0','3','B','C') [1][0] OK
C:[19/08/2013 14:15:11.51][190.198.249.124][1182] SELECT par_cod_asig1,par_cod_asig2,par_cod_asig3 FROM tblaca009_p_int WHERE pensum='5' AND c_uni_ca='4' AND c_asigna='330435' [1][0] OK
C:[19/08/2013 14:15:11.51][190.198.249.124][1182] SELECT par_cod_asig1,par_cod_asig2,par_cod_asig3 FROM tblaca009_p_int WHERE pensum='5' AND c_uni_ca='4' AND c_asigna='333683' [1][0] OK
C:[19/08/2013 14:15:11.77][190.198.249.124][1312] SELECT horas_lab FROM tblaca008 WHERE c_asigna='330435' AND horas_teoricas > 0 [1][0] OK
C:[19/08/2013 14:15:11.77][190.198.249.124][1312] SELECT horas_lab FROM tblaca008 WHERE c_asigna='333683' AND horas_teoricas > 0 [1][0] OK
C:[19/08/2013 14:15:30.66][190.73.234.82][1138] SELECT pre_cod_asig1,pre_cod_asig2,pre_cod_asig3,pre_cod_asig4,pre_cod_asig5,pre_cod_asig6,pre_cod_asig7 FROM tblaca009_p_int WHERE pensum='5' AND c_uni_ca='2' AND c_asigna='322550' [1][0] OK
C:[19/08/2013 14:15:30.66][190.73.234.82][1151] SELECT c_asigna FROM dace004 WHERE exp_e='06-17999021' AND c_asigna='322433' AND status IN ('0','3','B','C') [1][0] OK
C:[19/08/2013 14:15:30.66][190.73.234.82][1138] SELECT pre_cod_asig1,pre_cod_asig2,pre_cod_asig3,pre_cod_asig4,pre_cod_asig5,pre_cod_asig6,pre_cod_asig7 FROM tblaca009_p_int WHERE pensum='5' AND c_uni_ca='2' AND c_asigna='322559' [1][0] OK
C:[19/08/2013 14:15:30.66][190.73.234.82][1151] SELECT c_asigna FROM dace004 WHERE exp_e='06-17999021' AND c_asigna='300428' AND status IN ('0','3','B','C') [1][0] OK
C:[19/08/2013 14:15:30.66][190.73.234.82][1151] SELECT c_asigna FROM dace004 WHERE exp_e='06-17999021' AND c_asigna='322436' AND status IN ('0','3','B','C') [1][0] OK
C:[19/08/2013 14:15:30.66][190.73.234.82][1138] SELECT pre_cod_asig1,pre_cod_asig2,pre_cod_asig3,pre_cod_asig4,pre_cod_asig5,pre_cod_asig6,pre_cod_asig7 FROM tblaca009_p_int WHERE pensum='5' AND c_uni_ca='2' AND c_asigna='322826' [1][0] OK
C:[19/08/2013 14:15:30.66][190.73.234.82][1151] SELECT c_asigna FROM dace004 WHERE exp_e='06-17999021' AND c_asigna='322683' AND status IN ('0','3','B','C') [1][0] OK
C:[19/08/2013 14:15:30.10][190.73.234.82][1182] SELECT par_cod_asig1,par_cod_asig2,par_cod_asig3 FROM tblaca009_p_int WHERE pensum='5' AND c_uni_ca='2' AND c_asigna='322550' [1][0] OK
C:[19/08/2013 14:15:30.10][190.73.234.82][1182] SELECT par_cod_asig1,par_cod_asig2,par_cod_asig3 FROM tblaca009_p_int WHERE pensum='5' AND c_uni_ca='2' AND c_asigna='322559' [1][0] OK
C:[19/08/2013 14:15:30.10][190.73.234.82][1182] SELECT par_cod_asig1,par_cod_asig2,par_cod_asig3 FROM tblaca009_p_int WHERE pensum='5' AND c_uni_ca='2' AND c_asigna='322826' [1][0] OK
C:[19/08/2013 14:15:30.49][190.73.234.82][1312] SELECT horas_lab FROM tblaca008 WHERE c_asigna='322550' AND horas_teoricas > 0 [1][0] OK
C:[19/08/2013 14:15:30.49][190.73.234.82][1312] SELECT horas_lab FROM tblaca008 WHERE c_asigna='322559' AND horas_teoricas > 0 [1][0] OK
C:[19/08/2013 14:15:30.49][190.73.234.82][1312] SELECT horas_lab FROM tblaca008 WHERE c_asigna='322826' AND horas_teoricas > 0 [1][0] OK
C:[19/08/2013 14:16:14.17][190.198.146.253][1138] SELECT pre_cod_asig1,pre_cod_asig2,pre_cod_asig3,pre_cod_asig4,pre_cod_asig5,pre_cod_asig6,pre_cod_asig7 FROM tblaca009_p_int WHERE pensum='5' AND c_uni_ca='6' AND c_asigna='300101' [1][0] OK
C:[19/08/2013 14:16:14.86][190.198.146.253][1182] SELECT par_cod_asig1,par_cod_asig2,par_cod_asig3 FROM tblaca009_p_int WHERE pensum='5' AND c_uni_ca='6' AND c_asigna='300101' [1][0] OK
C:[19/08/2013 14:16:14.00][190.198.146.253][1312] SELECT horas_lab FROM tblaca008 WHERE c_asigna='300101' AND horas_teoricas > 0 [1][0] OK
C:[19/08/2013 14:16:44.21][190.199.92.188][1138] SELECT pre_cod_asig1,pre_cod_asig2,pre_cod_asig3,pre_cod_asig4,pre_cod_asig5,pre_cod_asig6,pre_cod_asig7 FROM tblaca009_p_int WHERE pensum='5' AND c_uni_ca='4' AND c_asigna='300101' [1][0] OK
C:[19/08/2013 14:16:44.92][190.199.92.188][1182] SELECT par_cod_asig1,par_cod_asig2,par_cod_asig3 FROM tblaca009_p_int WHERE pensum='5' AND c_uni_ca='4' AND c_asigna='300101' [1][0] OK
C:[19/08/2013 14:16:44.03][190.199.92.188][1312] SELECT horas_lab FROM tblaca008 WHERE c_asigna='300101' AND horas_teoricas > 0 [1][0] OK
C:[19/08/2013 14:17:08.54][190.199.92.188][1138] SELECT pre_cod_asig1,pre_cod_asig2,pre_cod_asig3,pre_cod_asig4,pre_cod_asig5,pre_cod_asig6,pre_cod_asig7 FROM tblaca009_p_int WHERE pensum='5' AND c_uni_ca='4' AND c_asigna='300112' [1][0] OK
C:[19/08/2013 14:17:08.54][190.199.92.188][1138] SELECT pre_cod_asig1,pre_cod_asig2,pre_cod_asig3,pre_cod_asig4,pre_cod_asig5,pre_cod_asig6,pre_cod_asig7 FROM tblaca009_p_int WHERE pensum='5' AND c_uni_ca='4' AND c_asigna='300207' [1][0] OK
C:[19/08/2013 14:17:08.54][190.199.92.188][1151] SELECT c_asigna FROM dace004 WHERE exp_e='11-22587977' AND c_asigna='300101' AND status IN ('0','3','B','C') [1][0] OK
C:[19/08/2013 14:17:09.48][190.199.92.188][1182] SELECT par_cod_asig1,par_cod_asig2,par_cod_asig3 FROM tblaca009_p_int WHERE pensum='5' AND c_uni_ca='4' AND c_asigna='300112' [1][0] OK
C:[19/08/2013 14:17:09.48][190.199.92.188][1182] SELECT par_cod_asig1,par_cod_asig2,par_cod_asig3 FROM tblaca009_p_int WHERE pensum='5' AND c_uni_ca='4' AND c_asigna='300207' [1][0] OK
C:[19/08/2013 14:17:09.76][190.199.92.188][1312] SELECT horas_lab FROM tblaca008 WHERE c_asigna='300112' AND horas_teoricas > 0 [1][0] OK
C:[19/08/2013 14:17:09.76][190.199.92.188][1312] SELECT horas_lab FROM tblaca008 WHERE c_asigna='300207' AND horas_teoricas > 0 [1][0] OK
C:[19/08/2013 14:18:03.73][190.94.232.209][1138] SELECT pre_cod_asig1,pre_cod_asig2,pre_cod_asig3,pre_cod_asig4,pre_cod_asig5,pre_cod_asig6,pre_cod_asig7 FROM tblaca009_p_int WHERE pensum='5' AND c_uni_ca='3' AND c_asigna='300222' [1][0] OK
C:[19/08/2013 14:18:03.73][190.94.232.209][1151] SELECT c_asigna FROM dace004 WHERE exp_e='09-20504173' AND c_asigna='300112' AND status IN ('0','3','B','C') [1][0] OK
C:[19/08/2013 14:18:03.53][190.94.232.209][1182] SELECT par_cod_asig1,par_cod_asig2,par_cod_asig3 FROM tblaca009_p_int WHERE pensum='5' AND c_uni_ca='3' AND c_asigna='300222' [1][0] OK
C:[19/08/2013 14:18:03.68][190.94.232.209][1312] SELECT horas_lab FROM tblaca008 WHERE c_asigna='300222' AND horas_teoricas > 0 [1][0] OK
C:[19/08/2013 14:18:16.07][190.199.92.188][1138] SELECT pre_cod_asig1,pre_cod_asig2,pre_cod_asig3,pre_cod_asig4,pre_cod_asig5,pre_cod_asig6,pre_cod_asig7 FROM tblaca009_p_int WHERE pensum='5' AND c_uni_ca='6' AND c_asigna='344689' [1][0] OK
C:[19/08/2013 14:18:16.07][190.199.92.188][1151] SELECT c_asigna FROM dace004 WHERE exp_e='10-21340415' AND c_asigna='300209' AND status IN ('0','3','B','C') [1][0] OK
C:[19/08/2013 14:18:16.32][190.199.92.188][1182] SELECT par_cod_asig1,par_cod_asig2,par_cod_asig3 FROM tblaca009_p_int WHERE pensum='5' AND c_uni_ca='6' AND c_asigna='344689' [1][0] OK
C:[19/08/2013 14:18:16.47][190.199.92.188][1312] SELECT horas_lab FROM tblaca008 WHERE c_asigna='344689' AND horas_teoricas > 0 [1][0] OK
C:[19/08/2013 14:18:27.61][190.199.92.188][1138] SELECT pre_cod_asig1,pre_cod_asig2,pre_cod_asig3,pre_cod_asig4,pre_cod_asig5,pre_cod_asig6,pre_cod_asig7 FROM tblaca009_p_int WHERE pensum='5' AND c_uni_ca='2' AND c_asigna='300222' [1][0] OK
C:[19/08/2013 14:18:27.61][190.199.92.188][1151] SELECT c_asigna FROM dace004 WHERE exp_e='12-23131119' AND c_asigna='300112' AND status IN ('0','3','B','C') [1][0] OK
C:[19/08/2013 14:18:27.41][190.199.92.188][1182] SELECT par_cod_asig1,par_cod_asig2,par_cod_asig3 FROM tblaca009_p_int WHERE pensum='5' AND c_uni_ca='2' AND c_asigna='300222' [1][0] OK
C:[19/08/2013 14:18:27.57][190.199.92.188][1312] SELECT horas_lab FROM tblaca008 WHERE c_asigna='300222' AND horas_teoricas > 0 [1][0] OK
C:[19/08/2013 14:18:31.99][190.36.21.96][1138] SELECT pre_cod_asig1,pre_cod_asig2,pre_cod_asig3,pre_cod_asig4,pre_cod_asig5,pre_cod_asig6,pre_cod_asig7 FROM tblaca009_p_int WHERE pensum='5' AND c_uni_ca='5' AND c_asigna='300101' [1][0] OK
C:[19/08/2013 14:18:31.64][190.36.21.96][1182] SELECT par_cod_asig1,par_cod_asig2,par_cod_asig3 FROM tblaca009_p_int WHERE pensum='5' AND c_uni_ca='5' AND c_asigna='300101' [1][0] OK
C:[19/08/2013 14:18:31.78][190.36.21.96][1312] SELECT horas_lab FROM tblaca008 WHERE c_asigna='300101' AND horas_teoricas > 0 [1][0] OK
C:[19/08/2013 14:18:38.38][190.199.92.188][1138] SELECT pre_cod_asig1,pre_cod_asig2,pre_cod_asig3,pre_cod_asig4,pre_cod_asig5,pre_cod_asig6,pre_cod_asig7 FROM tblaca009_p_int WHERE pensum='5' AND c_uni_ca='2' AND c_asigna='322449' [1][0] OK
C:[19/08/2013 14:18:38.38][190.199.92.188][1151] SELECT c_asigna FROM dace004 WHERE exp_e='10-20595563' AND c_asigna='300222' AND status IN ('0','3','B','C') [1][0] OK
C:[19/08/2013 14:18:38.63][190.199.92.188][1182] SELECT par_cod_asig1,par_cod_asig2,par_cod_asig3 FROM tblaca009_p_int WHERE pensum='5' AND c_uni_ca='2' AND c_asigna='322449' [1][0] OK
C:[19/08/2013 14:18:38.77][190.199.92.188][1312] SELECT horas_lab FROM tblaca008 WHERE c_asigna='322449' AND horas_teoricas > 0 [1][0] OK
C:[19/08/2013 14:21:13.70][190.76.41.243][1138] SELECT pre_cod_asig1,pre_cod_asig2,pre_cod_asig3,pre_cod_asig4,pre_cod_asig5,pre_cod_asig6,pre_cod_asig7 FROM tblaca009_p_int WHERE pensum='5' AND c_uni_ca='3' AND c_asigna='300222' [1][0] OK
C:[19/08/2013 14:21:13.70][190.76.41.243][1151] SELECT c_asigna FROM dace004 WHERE exp_e='10-19474082' AND c_asigna='300112' AND status IN ('0','3','B','C') [1][0] OK
C:[19/08/2013 14:21:13.51][190.76.41.243][1182] SELECT par_cod_asig1,par_cod_asig2,par_cod_asig3 FROM tblaca009_p_int WHERE pensum='5' AND c_uni_ca='3' AND c_asigna='300222' [1][0] OK
C:[19/08/2013 14:21:13.65][190.76.41.243][1312] SELECT horas_lab FROM tblaca008 WHERE c_asigna='300222' AND horas_teoricas > 0 [1][0] OK
C:[19/08/2013 14:21:18.09][190.204.195.235][1138] SELECT pre_cod_asig1,pre_cod_asig2,pre_cod_asig3,pre_cod_asig4,pre_cod_asig5,pre_cod_asig6,pre_cod_asig7 FROM tblaca009_p_int WHERE pensum='5' AND c_uni_ca='6' AND c_asigna='344733' [1][0] OK
C:[19/08/2013 14:21:19.22][190.204.195.235][1182] SELECT par_cod_asig1,par_cod_asig2,par_cod_asig3 FROM tblaca009_p_int WHERE pensum='5' AND c_uni_ca='6' AND c_asigna='344733' [1][0] OK
C:[19/08/2013 14:21:19.37][190.204.195.235][1312] SELECT horas_lab FROM tblaca008 WHERE c_asigna='344733' AND horas_teoricas > 0 [1][0] OK
C:[19/08/2013 14:21:38.75][190.77.244.212][1138] SELECT pre_cod_asig1,pre_cod_asig2,pre_cod_asig3,pre_cod_asig4,pre_cod_asig5,pre_cod_asig6,pre_cod_asig7 FROM tblaca009_p_int WHERE pensum='5' AND c_uni_ca='6' AND c_asigna='300317' [1][0] OK
C:[19/08/2013 14:21:38.75][190.77.244.212][1151] SELECT c_asigna FROM dace004 WHERE exp_e='12-26129131' AND c_asigna='300207' AND status IN ('0','3','B','C') [1][0] OK
C:[19/08/2013 14:21:38.75][190.77.244.212][1151] SELECT c_asigna FROM dace004 WHERE exp_e='12-26129131' AND c_asigna='300209' AND status IN ('0','3','B','C') [1][0] OK
C:[19/08/2013 14:21:38.68][190.77.244.212][1182] SELECT par_cod_asig1,par_cod_asig2,par_cod_asig3 FROM tblaca009_p_int WHERE pensum='5' AND c_uni_ca='6' AND c_asigna='300317' [1][0] OK
C:[19/08/2013 14:21:38.81][190.77.244.212][1312] SELECT horas_lab FROM tblaca008 WHERE c_asigna='300317' AND horas_teoricas > 0 [1][0] OK
C:[19/08/2013 14:22:44.57][190.199.92.188][1138] SELECT pre_cod_asig1,pre_cod_asig2,pre_cod_asig3,pre_cod_asig4,pre_cod_asig5,pre_cod_asig6,pre_cod_asig7 FROM tblaca009_p_int WHERE pensum='5' AND c_uni_ca='6' AND c_asigna='342444' [1][0] OK
C:[19/08/2013 14:22:44.57][190.199.92.188][1151] SELECT c_asigna FROM dace004 WHERE exp_e='10-20298259' AND c_asigna='340323' AND status IN ('0','3','B','C') [1][0] OK
C:[19/08/2013 14:22:44.57][190.199.92.188][1138] SELECT pre_cod_asig1,pre_cod_asig2,pre_cod_asig3,pre_cod_asig4,pre_cod_asig5,pre_cod_asig6,pre_cod_asig7 FROM tblaca009_p_int WHERE pensum='5' AND c_uni_ca='6' AND c_asigna='344689' [1][0] OK
C:[19/08/2013 14:22:44.57][190.199.92.188][1151] SELECT c_asigna FROM dace004 WHERE exp_e='10-20298259' AND c_asigna='300209' AND status IN ('0','3','B','C') [1][0] OK
C:[19/08/2013 14:22:44.64][190.199.92.188][1182] SELECT par_cod_asig1,par_cod_asig2,par_cod_asig3 FROM tblaca009_p_int WHERE pensum='5' AND c_uni_ca='6' AND c_asigna='342444' [1][0] OK
C:[19/08/2013 14:22:44.64][190.199.92.188][1182] SELECT par_cod_asig1,par_cod_asig2,par_cod_asig3 FROM tblaca009_p_int WHERE pensum='5' AND c_uni_ca='6' AND c_asigna='344689' [1][0] OK
C:[19/08/2013 14:22:44.99][190.199.92.188][1312] SELECT horas_lab FROM tblaca008 WHERE c_asigna='342444' AND horas_teoricas > 0 [1][0] OK
C:[19/08/2013 14:22:44.99][190.199.92.188][1312] SELECT horas_lab FROM tblaca008 WHERE c_asigna='344689' AND horas_teoricas > 0 [1][0] OK
C:[19/08/2013 14:23:11.01][190.199.92.188][1138] SELECT pre_cod_asig1,pre_cod_asig2,pre_cod_asig3,pre_cod_asig4,pre_cod_asig5,pre_cod_asig6,pre_cod_asig7 FROM tblaca009_p_int WHERE pensum='5' AND c_uni_ca='6' AND c_asigna='300105' [1][0] OK
C:[19/08/2013 14:23:11.01][190.199.92.188][1138] SELECT pre_cod_asig1,pre_cod_asig2,pre_cod_asig3,pre_cod_asig4,pre_cod_asig5,pre_cod_asig6,pre_cod_asig7 FROM tblaca009_p_int WHERE pensum='5' AND c_uni_ca='6' AND c_asigna='300116' [1][0] OK
C:[19/08/2013 14:23:11.81][190.199.92.188][1182] SELECT par_cod_asig1,par_cod_asig2,par_cod_asig3 FROM tblaca009_p_int WHERE pensum='5' AND c_uni_ca='6' AND c_asigna='300105' [1][0] OK
C:[19/08/2013 14:23:11.81][190.199.92.188][1182] SELECT par_cod_asig1,par_cod_asig2,par_cod_asig3 FROM tblaca009_p_int WHERE pensum='5' AND c_uni_ca='6' AND c_asigna='300116' [1][0] OK
C:[19/08/2013 14:23:11.08][190.199.92.188][1312] SELECT horas_lab FROM tblaca008 WHERE c_asigna='300105' AND horas_teoricas > 0 [1][0] OK
C:[19/08/2013 14:23:11.08][190.199.92.188][1312] SELECT horas_lab FROM tblaca008 WHERE c_asigna='300116' AND horas_teoricas > 0 [1][0] OK
C:[19/08/2013 14:23:42.40][172.16.5.132][1138] SELECT pre_cod_asig1,pre_cod_asig2,pre_cod_asig3,pre_cod_asig4,pre_cod_asig5,pre_cod_asig6,pre_cod_asig7 FROM tblaca009_p_int WHERE pensum='5' AND c_uni_ca='3' AND c_asigna='300113' [1][0] OK
C:[19/08/2013 14:23:42.40][172.16.5.132][1138] SELECT pre_cod_asig1,pre_cod_asig2,pre_cod_asig3,pre_cod_asig4,pre_cod_asig5,pre_cod_asig6,pre_cod_asig7 FROM tblaca009_p_int WHERE pensum='5' AND c_uni_ca='3' AND c_asigna='300209' [1][0] OK
C:[19/08/2013 14:23:42.40][172.16.5.132][1151] SELECT c_asigna FROM dace004 WHERE exp_e='08-19093829' AND c_asigna='300101' AND status IN ('0','3','B','C') [1][0] OK
C:[19/08/2013 14:23:42.34][172.16.5.132][1182] SELECT par_cod_asig1,par_cod_asig2,par_cod_asig3 FROM tblaca009_p_int WHERE pensum='5' AND c_uni_ca='3' AND c_asigna='300113' [1][0] OK
C:[19/08/2013 14:23:42.34][172.16.5.132][1196] SELECT c_asigna FROM dace004 WHERE exp_e='08-19093829' AND c_asigna='300013' AND status IN ('0','3','B','C') [1][0] OK
C:[19/08/2013 14:23:42.34][172.16.5.132][1182] SELECT par_cod_asig1,par_cod_asig2,par_cod_asig3 FROM tblaca009_p_int WHERE pensum='5' AND c_uni_ca='3' AND c_asigna='300209' [1][0] OK
C:[19/08/2013 14:23:42.73][172.16.5.132][1312] SELECT horas_lab FROM tblaca008 WHERE c_asigna='300113' AND horas_teoricas > 0 [0][0] OK
C:[19/08/2013 14:23:42.73][172.16.5.132][1312] SELECT horas_lab FROM tblaca008 WHERE c_asigna='300209' AND horas_teoricas > 0 [1][0] OK
C:[19/08/2013 14:24:17.51][172.16.3.88][1138] SELECT pre_cod_asig1,pre_cod_asig2,pre_cod_asig3,pre_cod_asig4,pre_cod_asig5,pre_cod_asig6,pre_cod_asig7 FROM tblaca009_p_int WHERE pensum='5' AND c_uni_ca='2' AND c_asigna='300105' [1][0] OK
C:[19/08/2013 14:24:17.51][172.16.3.88][1138] SELECT pre_cod_asig1,pre_cod_asig2,pre_cod_asig3,pre_cod_asig4,pre_cod_asig5,pre_cod_asig6,pre_cod_asig7 FROM tblaca009_p_int WHERE pensum='5' AND c_uni_ca='2' AND c_asigna='300113' [1][0] OK
C:[19/08/2013 14:24:17.51][172.16.3.88][1138] SELECT pre_cod_asig1,pre_cod_asig2,pre_cod_asig3,pre_cod_asig4,pre_cod_asig5,pre_cod_asig6,pre_cod_asig7 FROM tblaca009_p_int WHERE pensum='5' AND c_uni_ca='2' AND c_asigna='300116' [1][0] OK
C:[19/08/2013 14:24:18.01][172.16.3.88][1182] SELECT par_cod_asig1,par_cod_asig2,par_cod_asig3 FROM tblaca009_p_int WHERE pensum='5' AND c_uni_ca='2' AND c_asigna='300105' [1][0] OK
C:[19/08/2013 14:24:18.01][172.16.3.88][1182] SELECT par_cod_asig1,par_cod_asig2,par_cod_asig3 FROM tblaca009_p_int WHERE pensum='5' AND c_uni_ca='2' AND c_asigna='300113' [1][0] OK
C:[19/08/2013 14:24:18.01][172.16.3.88][1196] SELECT c_asigna FROM dace004 WHERE exp_e='13-24889122' AND c_asigna='300013' AND status IN ('0','3','B','C') [0][0] OK
C:[19/08/2013 14:24:18.01][172.16.3.88][1182] SELECT par_cod_asig1,par_cod_asig2,par_cod_asig3 FROM tblaca009_p_int WHERE pensum='5' AND c_uni_ca='2' AND c_asigna='300116' [1][0] OK
C:[19/08/2013 14:24:18.55][172.16.3.88][1312] SELECT horas_lab FROM tblaca008 WHERE c_asigna='300105' AND horas_teoricas > 0 [1][0] OK
C:[19/08/2013 14:24:18.55][172.16.3.88][1312] SELECT horas_lab FROM tblaca008 WHERE c_asigna='300113' AND horas_teoricas > 0 [0][0] OK
C:[19/08/2013 14:24:18.55][172.16.3.88][1312] SELECT horas_lab FROM tblaca008 WHERE c_asigna='300116' AND horas_teoricas > 0 [1][0] OK
C:[19/08/2013 14:24:22.62][190.199.92.188][1138] SELECT pre_cod_asig1,pre_cod_asig2,pre_cod_asig3,pre_cod_asig4,pre_cod_asig5,pre_cod_asig6,pre_cod_asig7 FROM tblaca009_p_int WHERE pensum='5' AND c_uni_ca='5' AND c_asigna='300112' [1][0] OK
C:[19/08/2013 14:24:22.75][190.199.92.188][1182] SELECT par_cod_asig1,par_cod_asig2,par_cod_asig3 FROM tblaca009_p_int WHERE pensum='5' AND c_uni_ca='5' AND c_asigna='300112' [1][0] OK
C:[19/08/2013 14:24:22.88][190.199.92.188][1312] SELECT horas_lab FROM tblaca008 WHERE c_asigna='300112' AND horas_teoricas > 0 [1][0] OK
C:[19/08/2013 14:25:08.62][200.82.180.211][1138] SELECT pre_cod_asig1,pre_cod_asig2,pre_cod_asig3,pre_cod_asig4,pre_cod_asig5,pre_cod_asig6,pre_cod_asig7 FROM tblaca009_p_int WHERE pensum='5' AND c_uni_ca='4' AND c_asigna='333585' [1][0] OK
C:[19/08/2013 14:25:08.62][200.82.180.211][1151] SELECT c_asigna FROM dace004 WHERE exp_e='08-19897066' AND c_asigna='333440' AND status IN ('0','3','B','C') [1][0] OK
C:[19/08/2013 14:25:08.62][200.82.180.211][1151] SELECT c_asigna FROM dace004 WHERE exp_e='08-19897066' AND c_asigna='333326' AND status IN ('0','3','B','C') [1][0] OK
C:[19/08/2013 14:25:08.64][200.82.180.211][1182] SELECT par_cod_asig1,par_cod_asig2,par_cod_asig3 FROM tblaca009_p_int WHERE pensum='5' AND c_uni_ca='4' AND c_asigna='333585' [1][0] OK
C:[19/08/2013 14:25:08.70][200.82.180.211][1312] SELECT horas_lab FROM tblaca008 WHERE c_asigna='333585' AND horas_teoricas > 0 [1][0] OK
C:[19/08/2013 14:27:25.40][190.199.92.188][1138] SELECT pre_cod_asig1,pre_cod_asig2,pre_cod_asig3,pre_cod_asig4,pre_cod_asig5,pre_cod_asig6,pre_cod_asig7 FROM tblaca009_p_int WHERE pensum='5' AND c_uni_ca='3' AND c_asigna='311430' [1][0] OK
C:[19/08/2013 14:27:25.40][190.199.92.188][1151] SELECT c_asigna FROM dace004 WHERE exp_e='10-22813165' AND c_asigna='300317' AND status IN ('0','3','B','C') [1][0] OK
C:[19/08/2013 14:27:25.40][190.199.92.188][1151] SELECT c_asigna FROM dace004 WHERE exp_e='10-22813165' AND c_asigna='300318' AND status IN ('0','3','B','C') [1][0] OK
C:[19/08/2013 14:27:25.40][190.199.92.188][1138] SELECT pre_cod_asig1,pre_cod_asig2,pre_cod_asig3,pre_cod_asig4,pre_cod_asig5,pre_cod_asig6,pre_cod_asig7 FROM tblaca009_p_int WHERE pensum='5' AND c_uni_ca='3' AND c_asigna='311554' [1][0] OK
C:[19/08/2013 14:27:25.40][190.199.92.188][1151] SELECT c_asigna FROM dace004 WHERE exp_e='10-22813165' AND c_asigna='300318' AND status IN ('0','3','B','C') [1][0] OK
C:[19/08/2013 14:27:26.59][190.199.92.188][1182] SELECT par_cod_asig1,par_cod_asig2,par_cod_asig3 FROM tblaca009_p_int WHERE pensum='5' AND c_uni_ca='3' AND c_asigna='311430' [1][0] OK
C:[19/08/2013 14:27:26.59][190.199.92.188][1182] SELECT par_cod_asig1,par_cod_asig2,par_cod_asig3 FROM tblaca009_p_int WHERE pensum='5' AND c_uni_ca='3' AND c_asigna='311554' [1][0] OK
C:[19/08/2013 14:27:26.85][190.199.92.188][1312] SELECT horas_lab FROM tblaca008 WHERE c_asigna='311430' AND horas_teoricas > 0 [1][0] OK
C:[19/08/2013 14:27:26.85][190.199.92.188][1312] SELECT horas_lab FROM tblaca008 WHERE c_asigna='311554' AND horas_teoricas > 0 [1][0] OK
C:[19/08/2013 14:28:22.04][190.73.233.41][1138] SELECT pre_cod_asig1,pre_cod_asig2,pre_cod_asig3,pre_cod_asig4,pre_cod_asig5,pre_cod_asig6,pre_cod_asig7 FROM tblaca009_p_int WHERE pensum='5' AND c_uni_ca='2' AND c_asigna='322826' [1][0] OK
C:[19/08/2013 14:28:22.04][190.73.233.41][1151] SELECT c_asigna FROM dace004 WHERE exp_e='08-21281833' AND c_asigna='322683' AND status IN ('0','3','B','C') [1][0] OK
C:[19/08/2013 14:28:22.04][190.73.233.41][1138] SELECT pre_cod_asig1,pre_cod_asig2,pre_cod_asig3,pre_cod_asig4,pre_cod_asig5,pre_cod_asig6,pre_cod_asig7 FROM tblaca009_p_int WHERE pensum='5' AND c_uni_ca='2' AND c_asigna='322041' [1][0] OK
C:[19/08/2013 14:28:22.98][190.73.233.41][1182] SELECT par_cod_asig1,par_cod_asig2,par_cod_asig3 FROM tblaca009_p_int WHERE pensum='5' AND c_uni_ca='2' AND c_asigna='322826' [1][0] OK
C:[19/08/2013 14:28:22.98][190.73.233.41][1182] SELECT par_cod_asig1,par_cod_asig2,par_cod_asig3 FROM tblaca009_p_int WHERE pensum='5' AND c_uni_ca='2' AND c_asigna='322041' [1][0] OK
C:[19/08/2013 14:28:22.24][190.73.233.41][1312] SELECT horas_lab FROM tblaca008 WHERE c_asigna='322826' AND horas_teoricas > 0 [1][0] OK
C:[19/08/2013 14:28:22.24][190.73.233.41][1312] SELECT horas_lab FROM tblaca008 WHERE c_asigna='322041' AND horas_teoricas > 0 [1][0] OK
C:[19/08/2013 14:30:50.80][190.205.147.57][1138] SELECT pre_cod_asig1,pre_cod_asig2,pre_cod_asig3,pre_cod_asig4,pre_cod_asig5,pre_cod_asig6,pre_cod_asig7 FROM tblaca009_p_int WHERE pensum='5' AND c_uni_ca='6' AND c_asigna='300101' [1][0] OK
C:[19/08/2013 14:30:50.49][190.205.147.57][1182] SELECT par_cod_asig1,par_cod_asig2,par_cod_asig3 FROM tblaca009_p_int WHERE pensum='5' AND c_uni_ca='6' AND c_asigna='300101' [1][0] OK
C:[19/08/2013 14:30:50.64][190.205.147.57][1312] SELECT horas_lab FROM tblaca008 WHERE c_asigna='300101' AND horas_teoricas > 0 [1][0] OK
C:[19/08/2013 14:30:53.76][186.88.99.70][1138] SELECT pre_cod_asig1,pre_cod_asig2,pre_cod_asig3,pre_cod_asig4,pre_cod_asig5,pre_cod_asig6,pre_cod_asig7 FROM tblaca009_p_int WHERE pensum='5' AND c_uni_ca='6' AND c_asigna='300112' [1][0] OK
C:[19/08/2013 14:30:53.76][186.88.99.70][1138] SELECT pre_cod_asig1,pre_cod_asig2,pre_cod_asig3,pre_cod_asig4,pre_cod_asig5,pre_cod_asig6,pre_cod_asig7 FROM tblaca009_p_int WHERE pensum='5' AND c_uni_ca='6' AND c_asigna='300209' [1][0] OK
C:[19/08/2013 14:30:53.76][186.88.99.70][1151] SELECT c_asigna FROM dace004 WHERE exp_e='10-20807522' AND c_asigna='300101' AND status IN ('0','3','B','C') [1][0] OK
C:[19/08/2013 14:30:53.14][186.88.99.70][1182] SELECT par_cod_asig1,par_cod_asig2,par_cod_asig3 FROM tblaca009_p_int WHERE pensum='5' AND c_uni_ca='6' AND c_asigna='300112' [1][0] OK
C:[19/08/2013 14:30:53.14][186.88.99.70][1182] SELECT par_cod_asig1,par_cod_asig2,par_cod_asig3 FROM tblaca009_p_int WHERE pensum='5' AND c_uni_ca='6' AND c_asigna='300209' [1][0] OK
C:[19/08/2013 14:30:53.40][186.88.99.70][1312] SELECT horas_lab FROM tblaca008 WHERE c_asigna='300112' AND horas_teoricas > 0 [1][0] OK
C:[19/08/2013 14:30:53.40][186.88.99.70][1312] SELECT horas_lab FROM tblaca008 WHERE c_asigna='300209' AND horas_teoricas > 0 [1][0] OK
C:[19/08/2013 14:30:55.24][181.17.189.128][1138] SELECT pre_cod_asig1,pre_cod_asig2,pre_cod_asig3,pre_cod_asig4,pre_cod_asig5,pre_cod_asig6,pre_cod_asig7 FROM tblaca009_p_int WHERE pensum='5' AND c_uni_ca='4' AND c_asigna='333639' [1][0] OK
C:[19/08/2013 14:30:55.24][181.17.189.128][1151] SELECT c_asigna FROM dace004 WHERE exp_e='08-20471482' AND c_asigna='333585' AND status IN ('0','3','B','C') [1][0] OK
C:[19/08/2013 14:30:55.49][181.17.189.128][1182] SELECT par_cod_asig1,par_cod_asig2,par_cod_asig3 FROM tblaca009_p_int WHERE pensum='5' AND c_uni_ca='4' AND c_asigna='333639' [1][0] OK
C:[19/08/2013 14:30:55.63][181.17.189.128][1312] SELECT horas_lab FROM tblaca008 WHERE c_asigna='333639' AND horas_teoricas > 0 [1][0] OK
C:[19/08/2013 14:31:24.14][190.38.221.83][1138] SELECT pre_cod_asig1,pre_cod_asig2,pre_cod_asig3,pre_cod_asig4,pre_cod_asig5,pre_cod_asig6,pre_cod_asig7 FROM tblaca009_p_int WHERE pensum='5' AND c_uni_ca='4' AND c_asigna='333683' [1][0] OK
C:[19/08/2013 14:31:24.14][190.38.221.83][1151] SELECT c_asigna FROM dace004 WHERE exp_e='05-19136205' AND c_asigna='333564' AND status IN ('0','3','B','C') [1][0] OK
C:[19/08/2013 14:31:24.94][190.38.221.83][1182] SELECT par_cod_asig1,par_cod_asig2,par_cod_asig3 FROM tblaca009_p_int WHERE pensum='5' AND c_uni_ca='4' AND c_asigna='333683' [1][0] OK
C:[19/08/2013 14:31:24.10][190.38.221.83][1312] SELECT horas_lab FROM tblaca008 WHERE c_asigna='333683' AND horas_teoricas > 0 [1][0] OK
C:[19/08/2013 14:32:44.48][190.198.89.23][1138] SELECT pre_cod_asig1,pre_cod_asig2,pre_cod_asig3,pre_cod_asig4,pre_cod_asig5,pre_cod_asig6,pre_cod_asig7 FROM tblaca009_p_int WHERE pensum='5' AND c_uni_ca='5' AND c_asigna='355874' [1][0] OK
C:[19/08/2013 14:32:44.48][190.198.89.23][1151] SELECT c_asigna FROM dace004 WHERE exp_e='07-19303263' AND c_asigna='355448' AND status IN ('0','3','B','C') [1][0] OK
C:[19/08/2013 14:32:44.30][190.198.89.23][1182] SELECT par_cod_asig1,par_cod_asig2,par_cod_asig3 FROM tblaca009_p_int WHERE pensum='5' AND c_uni_ca='5' AND c_asigna='355874' [1][0] OK
C:[19/08/2013 14:32:44.43][190.198.89.23][1312] SELECT horas_lab FROM tblaca008 WHERE c_asigna='355874' AND horas_teoricas > 0 [1][0] OK
C:[19/08/2013 14:34:16.03][186.24.14.106][1138] SELECT pre_cod_asig1,pre_cod_asig2,pre_cod_asig3,pre_cod_asig4,pre_cod_asig5,pre_cod_asig6,pre_cod_asig7 FROM tblaca009_p_int WHERE pensum='5' AND c_uni_ca='6' AND c_asigna='343568' [1][0] OK
C:[19/08/2013 14:34:16.72][186.24.14.106][1182] SELECT par_cod_asig1,par_cod_asig2,par_cod_asig3 FROM tblaca009_p_int WHERE pensum='5' AND c_uni_ca='6' AND c_asigna='343568' [1][0] OK
C:[19/08/2013 14:34:16.86][186.24.14.106][1312] SELECT horas_lab FROM tblaca008 WHERE c_asigna='343568' AND horas_teoricas > 0 [1][0] OK
C:[19/08/2013 14:34:47.87][172.16.4.247][1138] SELECT pre_cod_asig1,pre_cod_asig2,pre_cod_asig3,pre_cod_asig4,pre_cod_asig5,pre_cod_asig6,pre_cod_asig7 FROM tblaca009_p_int WHERE pensum='5' AND c_uni_ca='2' AND c_asigna='300222' [1][0] OK
C:[19/08/2013 14:34:47.87][172.16.4.247][1151] SELECT c_asigna FROM dace004 WHERE exp_e='10-15355368' AND c_asigna='300112' AND status IN ('0','3','B','C') [1][0] OK
C:[19/08/2013 14:34:47.66][172.16.4.247][1182] SELECT par_cod_asig1,par_cod_asig2,par_cod_asig3 FROM tblaca009_p_int WHERE pensum='5' AND c_uni_ca='2' AND c_asigna='300222' [1][0] OK
C:[19/08/2013 14:34:47.80][172.16.4.247][1312] SELECT horas_lab FROM tblaca008 WHERE c_asigna='300222' AND horas_teoricas > 0 [1][0] OK
C:[19/08/2013 14:35:20.67][172.17.143.185][1138] SELECT pre_cod_asig1,pre_cod_asig2,pre_cod_asig3,pre_cod_asig4,pre_cod_asig5,pre_cod_asig6,pre_cod_asig7 FROM tblaca009_p_int WHERE pensum='5' AND c_uni_ca='2' AND c_asigna='322433' [1][0] OK
C:[19/08/2013 14:35:20.67][172.17.143.185][1151] SELECT c_asigna FROM dace004 WHERE exp_e='09-20285735' AND c_asigna='320323' AND status IN ('0','3','B','C') [1][0] OK
C:[19/08/2013 14:35:20.67][172.17.143.185][1151] SELECT c_asigna FROM dace004 WHERE exp_e='09-20285735' AND c_asigna='300209' AND status IN ('0','3','B','C') [1][0] OK
C:[19/08/2013 14:35:20.61][172.17.143.185][1182] SELECT par_cod_asig1,par_cod_asig2,par_cod_asig3 FROM tblaca009_p_int WHERE pensum='5' AND c_uni_ca='2' AND c_asigna='322433' [1][0] OK
C:[19/08/2013 14:35:20.74][172.17.143.185][1312] SELECT horas_lab FROM tblaca008 WHERE c_asigna='322433' AND horas_teoricas > 0 [1][0] OK
C:[19/08/2013 14:35:29.12][190.199.92.188][1138] SELECT pre_cod_asig1,pre_cod_asig2,pre_cod_asig3,pre_cod_asig4,pre_cod_asig5,pre_cod_asig6,pre_cod_asig7 FROM tblaca009_p_int WHERE pensum='5' AND c_uni_ca='5' AND c_asigna='300101' [1][0] OK
C:[19/08/2013 14:35:29.25][190.199.92.188][1182] SELECT par_cod_asig1,par_cod_asig2,par_cod_asig3 FROM tblaca009_p_int WHERE pensum='5' AND c_uni_ca='5' AND c_asigna='300101' [1][0] OK
C:[19/08/2013 14:35:29.39][190.199.92.188][1312] SELECT horas_lab FROM tblaca008 WHERE c_asigna='300101' AND horas_teoricas > 0 [1][0] OK
C:[19/08/2013 14:37:26.75][186.89.158.245][1138] SELECT pre_cod_asig1,pre_cod_asig2,pre_cod_asig3,pre_cod_asig4,pre_cod_asig5,pre_cod_asig6,pre_cod_asig7 FROM tblaca009_p_int WHERE pensum='5' AND c_uni_ca='6' AND c_asigna='340327' [1][0] OK
C:[19/08/2013 14:37:26.75][186.89.158.245][1151] SELECT c_asigna FROM dace004 WHERE exp_e='08-22831294' AND c_asigna='300013' AND status IN ('0','3','B','C') [1][0] OK
C:[19/08/2013 14:37:26.75][186.89.158.245][1151] SELECT c_asigna FROM dace004 WHERE exp_e='08-22831294' AND c_asigna='300113' AND status IN ('0','3','B','C') [1][0] OK
C:[19/08/2013 14:37:26.75][186.89.158.245][1138] SELECT pre_cod_asig1,pre_cod_asig2,pre_cod_asig3,pre_cod_asig4,pre_cod_asig5,pre_cod_asig6,pre_cod_asig7 FROM tblaca009_p_int WHERE pensum='5' AND c_uni_ca='6' AND c_asigna='344565' [1][0] OK
C:[19/08/2013 14:37:26.75][186.89.158.245][1151] SELECT c_asigna FROM dace004 WHERE exp_e='08-22831294' AND c_asigna='344445' AND status IN ('0','3','B','C') [1][0] OK
C:[19/08/2013 14:37:26.94][186.89.158.245][1182] SELECT par_cod_asig1,par_cod_asig2,par_cod_asig3 FROM tblaca009_p_int WHERE pensum='5' AND c_uni_ca='6' AND c_asigna='340327' [1][0] OK
C:[19/08/2013 14:37:26.94][186.89.158.245][1182] SELECT par_cod_asig1,par_cod_asig2,par_cod_asig3 FROM tblaca009_p_int WHERE pensum='5' AND c_uni_ca='6' AND c_asigna='344565' [1][0] OK
C:[19/08/2013 14:37:26.21][186.89.158.245][1312] SELECT horas_lab FROM tblaca008 WHERE c_asigna='340327' AND horas_teoricas > 0 [1][0] OK
C:[19/08/2013 14:37:26.21][186.89.158.245][1312] SELECT horas_lab FROM tblaca008 WHERE c_asigna='344565' AND horas_teoricas > 0 [1][0] OK
C:[19/08/2013 14:37:56.11][190.78.181.109][1138] SELECT pre_cod_asig1,pre_cod_asig2,pre_cod_asig3,pre_cod_asig4,pre_cod_asig5,pre_cod_asig6,pre_cod_asig7 FROM tblaca009_p_int WHERE pensum='5' AND c_uni_ca='6' AND c_asigna='340327' [1][0] OK
C:[19/08/2013 14:37:56.11][190.78.181.109][1151] SELECT c_asigna FROM dace004 WHERE exp_e='11-26326184' AND c_asigna='300013' AND status IN ('0','3','B','C') [1][0] OK
C:[19/08/2013 14:37:56.11][190.78.181.109][1151] SELECT c_asigna FROM dace004 WHERE exp_e='11-26326184' AND c_asigna='300113' AND status IN ('0','3','B','C') [1][0] OK
C:[19/08/2013 14:37:56.11][190.78.181.109][1138] SELECT pre_cod_asig1,pre_cod_asig2,pre_cod_asig3,pre_cod_asig4,pre_cod_asig5,pre_cod_asig6,pre_cod_asig7 FROM tblaca009_p_int WHERE pensum='5' AND c_uni_ca='6' AND c_asigna='344689' [1][0] OK
C:[19/08/2013 14:37:56.11][190.78.181.109][1151] SELECT c_asigna FROM dace004 WHERE exp_e='11-26326184' AND c_asigna='300209' AND status IN ('0','3','B','C') [1][0] OK
C:[19/08/2013 14:37:56.42][190.78.181.109][1182] SELECT par_cod_asig1,par_cod_asig2,par_cod_asig3 FROM tblaca009_p_int WHERE pensum='5' AND c_uni_ca='6' AND c_asigna='340327' [1][0] OK
C:[19/08/2013 14:37:56.42][190.78.181.109][1182] SELECT par_cod_asig1,par_cod_asig2,par_cod_asig3 FROM tblaca009_p_int WHERE pensum='5' AND c_uni_ca='6' AND c_asigna='344689' [1][0] OK
C:[19/08/2013 14:37:56.68][190.78.181.109][1312] SELECT horas_lab FROM tblaca008 WHERE c_asigna='340327' AND horas_teoricas > 0 [1][0] OK
C:[19/08/2013 14:37:56.68][190.78.181.109][1312] SELECT horas_lab FROM tblaca008 WHERE c_asigna='344689' AND horas_teoricas > 0 [1][0] OK
C:[19/08/2013 14:38:14.09][186.89.158.245][1138] SELECT pre_cod_asig1,pre_cod_asig2,pre_cod_asig3,pre_cod_asig4,pre_cod_asig5,pre_cod_asig6,pre_cod_asig7 FROM tblaca009_p_int WHERE pensum='5' AND c_uni_ca='6' AND c_asigna='340327' [1][0] OK
C:[19/08/2013 14:38:14.09][186.89.158.245][1151] SELECT c_asigna FROM dace004 WHERE exp_e='08-22831294' AND c_asigna='300013' AND status IN ('0','3','B','C') [1][0] OK
C:[19/08/2013 14:38:14.09][186.89.158.245][1151] SELECT c_asigna FROM dace004 WHERE exp_e='08-22831294' AND c_asigna='300113' AND status IN ('0','3','B','C') [1][0] OK
C:[19/08/2013 14:38:14.09][186.89.158.245][1138] SELECT pre_cod_asig1,pre_cod_asig2,pre_cod_asig3,pre_cod_asig4,pre_cod_asig5,pre_cod_asig6,pre_cod_asig7 FROM tblaca009_p_int WHERE pensum='5' AND c_uni_ca='6' AND c_asigna='344565' [1][0] OK
C:[19/08/2013 14:38:14.09][186.89.158.245][1151] SELECT c_asigna FROM dace004 WHERE exp_e='08-22831294' AND c_asigna='344445' AND status IN ('0','3','B','C') [1][0] OK
C:[19/08/2013 14:38:14.28][186.89.158.245][1182] SELECT par_cod_asig1,par_cod_asig2,par_cod_asig3 FROM tblaca009_p_int WHERE pensum='5' AND c_uni_ca='6' AND c_asigna='340327' [1][0] OK
C:[19/08/2013 14:38:14.28][186.89.158.245][1182] SELECT par_cod_asig1,par_cod_asig2,par_cod_asig3 FROM tblaca009_p_int WHERE pensum='5' AND c_uni_ca='6' AND c_asigna='344565' [1][0] OK
C:[19/08/2013 14:38:14.54][186.89.158.245][1312] SELECT horas_lab FROM tblaca008 WHERE c_asigna='340327' AND horas_teoricas > 0 [1][0] OK
C:[19/08/2013 14:38:14.54][186.89.158.245][1312] SELECT horas_lab FROM tblaca008 WHERE c_asigna='344565' AND horas_teoricas > 0 [1][0] OK
C:[19/08/2013 14:41:33.69][190.94.237.158][1138] SELECT pre_cod_asig1,pre_cod_asig2,pre_cod_asig3,pre_cod_asig4,pre_cod_asig5,pre_cod_asig6,pre_cod_asig7 FROM tblaca009_p_int WHERE pensum='5' AND c_uni_ca='2' AND c_asigna='300222' [1][0] OK
C:[19/08/2013 14:41:33.69][190.94.237.158][1151] SELECT c_asigna FROM dace004 WHERE exp_e='10-21496681' AND c_asigna='300112' AND status IN ('0','3','B','C') [1][0] OK
C:[19/08/2013 14:41:33.69][190.94.237.158][1138] SELECT pre_cod_asig1,pre_cod_asig2,pre_cod_asig3,pre_cod_asig4,pre_cod_asig5,pre_cod_asig6,pre_cod_asig7 FROM tblaca009_p_int WHERE pensum='5' AND c_uni_ca='2' AND c_asigna='300428' [1][0] OK
C:[19/08/2013 14:41:33.69][190.94.237.158][1151] SELECT c_asigna FROM dace004 WHERE exp_e='10-21496681' AND c_asigna='300317' AND status IN ('0','3','B','C') [1][0] OK
C:[19/08/2013 14:41:33.87][190.94.237.158][1182] SELECT par_cod_asig1,par_cod_asig2,par_cod_asig3 FROM tblaca009_p_int WHERE pensum='5' AND c_uni_ca='2' AND c_asigna='300222' [1][0] OK
C:[19/08/2013 14:41:33.87][190.94.237.158][1182] SELECT par_cod_asig1,par_cod_asig2,par_cod_asig3 FROM tblaca009_p_int WHERE pensum='5' AND c_uni_ca='2' AND c_asigna='300428' [1][0] OK
C:[19/08/2013 14:41:33.13][190.94.237.158][1312] SELECT horas_lab FROM tblaca008 WHERE c_asigna='300222' AND horas_teoricas > 0 [1][0] OK
C:[19/08/2013 14:41:33.13][190.94.237.158][1312] SELECT horas_lab FROM tblaca008 WHERE c_asigna='300428' AND horas_teoricas > 0 [1][0] OK
C:[19/08/2013 14:41:37.20][190.200.62.71][1138] SELECT pre_cod_asig1,pre_cod_asig2,pre_cod_asig3,pre_cod_asig4,pre_cod_asig5,pre_cod_asig6,pre_cod_asig7 FROM tblaca009_p_int WHERE pensum='5' AND c_uni_ca='6' AND c_asigna='300313' [1][0] OK
C:[19/08/2013 14:41:37.20][190.200.62.71][1151] SELECT c_asigna FROM dace004 WHERE exp_e='07-20703464' AND c_asigna='300213' AND status IN ('0','3','B','C') [1][0] OK
C:[19/08/2013 14:41:37.20][190.200.62.71][1138] SELECT pre_cod_asig1,pre_cod_asig2,pre_cod_asig3,pre_cod_asig4,pre_cod_asig5,pre_cod_asig6,pre_cod_asig7 FROM tblaca009_p_int WHERE pensum='5' AND c_uni_ca='6' AND c_asigna='300428' [1][0] OK
C:[19/08/2013 14:41:37.20][190.200.62.71][1151] SELECT c_asigna FROM dace004 WHERE exp_e='07-20703464' AND c_asigna='300317' AND status IN ('0','3','B','C') [1][0] OK
C:[19/08/2013 14:41:37.70][190.200.62.71][1182] SELECT par_cod_asig1,par_cod_asig2,par_cod_asig3 FROM tblaca009_p_int WHERE pensum='5' AND c_uni_ca='6' AND c_asigna='300313' [1][0] OK
C:[19/08/2013 14:41:37.70][190.200.62.71][1182] SELECT par_cod_asig1,par_cod_asig2,par_cod_asig3 FROM tblaca009_p_int WHERE pensum='5' AND c_uni_ca='6' AND c_asigna='300428' [1][0] OK
C:[19/08/2013 14:41:37.96][190.200.62.71][1312] SELECT horas_lab FROM tblaca008 WHERE c_asigna='300313' AND horas_teoricas > 0 [1][0] OK
C:[19/08/2013 14:41:37.96][190.200.62.71][1312] SELECT horas_lab FROM tblaca008 WHERE c_asigna='300428' AND horas_teoricas > 0 [1][0] OK
C:[19/08/2013 14:42:06.85][172.16.5.132][1138] SELECT pre_cod_asig1,pre_cod_asig2,pre_cod_asig3,pre_cod_asig4,pre_cod_asig5,pre_cod_asig6,pre_cod_asig7 FROM tblaca009_p_int WHERE pensum='5' AND c_uni_ca='4' AND c_asigna='300101' [1][0] OK
C:[19/08/2013 14:42:06.54][172.16.5.132][1182] SELECT par_cod_asig1,par_cod_asig2,par_cod_asig3 FROM tblaca009_p_int WHERE pensum='5' AND c_uni_ca='4' AND c_asigna='300101' [1][0] OK
C:[19/08/2013 14:42:06.70][172.16.5.132][1312] SELECT horas_lab FROM tblaca008 WHERE c_asigna='300101' AND horas_teoricas > 0 [1][0] OK
C:[19/08/2013 14:42:42.37][190.199.92.188][1138] SELECT pre_cod_asig1,pre_cod_asig2,pre_cod_asig3,pre_cod_asig4,pre_cod_asig5,pre_cod_asig6,pre_cod_asig7 FROM tblaca009_p_int WHERE pensum='5' AND c_uni_ca='3' AND c_asigna='300226' [1][0] OK
C:[19/08/2013 14:42:42.37][190.199.92.188][1151] SELECT c_asigna FROM dace004 WHERE exp_e='07-19301408' AND c_asigna='300116' AND status IN ('0','3','B','C') [1][0] OK
C:[19/08/2013 14:42:42.18][190.199.92.188][1182] SELECT par_cod_asig1,par_cod_asig2,par_cod_asig3 FROM tblaca009_p_int WHERE pensum='5' AND c_uni_ca='3' AND c_asigna='300226' [1][0] OK
C:[19/08/2013 14:42:42.33][190.199.92.188][1312] SELECT horas_lab FROM tblaca008 WHERE c_asigna='300226' AND horas_teoricas > 0 [1][0] OK
C:[19/08/2013 14:43:03.28][190.199.92.188][1138] SELECT pre_cod_asig1,pre_cod_asig2,pre_cod_asig3,pre_cod_asig4,pre_cod_asig5,pre_cod_asig6,pre_cod_asig7 FROM tblaca009_p_int WHERE pensum='5' AND c_uni_ca='4' AND c_asigna='300113' [1][0] OK
C:[19/08/2013 14:43:03.97][190.199.92.188][1182] SELECT par_cod_asig1,par_cod_asig2,par_cod_asig3 FROM tblaca009_p_int WHERE pensum='5' AND c_uni_ca='4' AND c_asigna='300113' [1][0] OK
C:[19/08/2013 14:43:03.97][190.199.92.188][1196] SELECT c_asigna FROM dace004 WHERE exp_e='10-22588559' AND c_asigna='300013' AND status IN ('0','3','B','C') [1][0] OK
C:[19/08/2013 14:43:03.23][190.199.92.188][1312] SELECT horas_lab FROM tblaca008 WHERE c_asigna='300113' AND horas_teoricas > 0 [0][0] OK
C:[19/08/2013 14:43:44.84][186.90.218.60][1138] SELECT pre_cod_asig1,pre_cod_asig2,pre_cod_asig3,pre_cod_asig4,pre_cod_asig5,pre_cod_asig6,pre_cod_asig7 FROM tblaca009_p_int WHERE pensum='5' AND c_uni_ca='4' AND c_asigna='333639' [1][0] OK
C:[19/08/2013 14:43:44.84][186.90.218.60][1151] SELECT c_asigna FROM dace004 WHERE exp_e='08-20471482' AND c_asigna='333585' AND status IN ('0','3','B','C') [1][0] OK
C:[19/08/2013 14:43:44.84][186.90.218.60][1138] SELECT pre_cod_asig1,pre_cod_asig2,pre_cod_asig3,pre_cod_asig4,pre_cod_asig5,pre_cod_asig6,pre_cod_asig7 FROM tblaca009_p_int WHERE pensum='5' AND c_uni_ca='4' AND c_asigna='334781' [1][0] OK
C:[19/08/2013 14:43:44.84][186.90.218.60][1151] SELECT c_asigna FROM dace004 WHERE exp_e='08-20471482' AND c_asigna='333444' AND status IN ('0','3','B','C') [1][0] OK
C:[19/08/2013 14:43:44.91][186.90.218.60][1182] SELECT par_cod_asig1,par_cod_asig2,par_cod_asig3 FROM tblaca009_p_int WHERE pensum='5' AND c_uni_ca='4' AND c_asigna='333639' [1][0] OK
C:[19/08/2013 14:43:44.91][186.90.218.60][1182] SELECT par_cod_asig1,par_cod_asig2,par_cod_asig3 FROM tblaca009_p_int WHERE pensum='5' AND c_uni_ca='4' AND c_asigna='334781' [1][0] OK
C:[19/08/2013 14:43:44.17][186.90.218.60][1312] SELECT horas_lab FROM tblaca008 WHERE c_asigna='333639' AND horas_teoricas > 0 [1][0] OK
C:[19/08/2013 14:43:44.17][186.90.218.60][1312] SELECT horas_lab FROM tblaca008 WHERE c_asigna='334781' AND horas_teoricas > 0 [1][0] OK
C:[19/08/2013 14:45:29.19][190.199.92.188][1138] SELECT pre_cod_asig1,pre_cod_asig2,pre_cod_asig3,pre_cod_asig4,pre_cod_asig5,pre_cod_asig6,pre_cod_asig7 FROM tblaca009_p_int WHERE pensum='5' AND c_uni_ca='5' AND c_asigna='300113' [1][0] OK
C:[19/08/2013 14:45:29.89][190.199.92.188][1182] SELECT par_cod_asig1,par_cod_asig2,par_cod_asig3 FROM tblaca009_p_int WHERE pensum='5' AND c_uni_ca='5' AND c_asigna='300113' [1][0] OK
C:[19/08/2013 14:45:29.89][190.199.92.188][1196] SELECT c_asigna FROM dace004 WHERE exp_e='06-17633291' AND c_asigna='300013' AND status IN ('0','3','B','C') [1][0] OK
C:[19/08/2013 14:45:29.14][190.199.92.188][1312] SELECT horas_lab FROM tblaca008 WHERE c_asigna='300113' AND horas_teoricas > 0 [0][0] OK
C:[19/08/2013 14:45:53.76][190.199.92.188][1138] SELECT pre_cod_asig1,pre_cod_asig2,pre_cod_asig3,pre_cod_asig4,pre_cod_asig5,pre_cod_asig6,pre_cod_asig7 FROM tblaca009_p_int WHERE pensum='5' AND c_uni_ca='2' AND c_asigna='300101' [1][0] OK
C:[19/08/2013 14:45:53.50][190.199.92.188][1182] SELECT par_cod_asig1,par_cod_asig2,par_cod_asig3 FROM tblaca009_p_int WHERE pensum='5' AND c_uni_ca='2' AND c_asigna='300101' [1][0] OK
C:[19/08/2013 14:45:53.64][190.199.92.188][1312] SELECT horas_lab FROM tblaca008 WHERE c_asigna='300101' AND horas_teoricas > 0 [1][0] OK
C:[19/08/2013 14:45:57.23][68.171.231.83][1138] SELECT pre_cod_asig1,pre_cod_asig2,pre_cod_asig3,pre_cod_asig4,pre_cod_asig5,pre_cod_asig6,pre_cod_asig7 FROM tblaca009_p_int WHERE pensum='5' AND c_uni_ca='4' AND c_asigna='300209' [1][0] OK
C:[19/08/2013 14:45:57.23][68.171.231.83][1151] SELECT c_asigna FROM dace004 WHERE exp_e='10-21261521' AND c_asigna='300101' AND status IN ('0','3','B','C') [1][0] OK
C:[19/08/2013 14:45:57.23][68.171.231.83][1138] SELECT pre_cod_asig1,pre_cod_asig2,pre_cod_asig3,pre_cod_asig4,pre_cod_asig5,pre_cod_asig6,pre_cod_asig7 FROM tblaca009_p_int WHERE pensum='5' AND c_uni_ca='4' AND c_asigna='300228' [1][0] OK
C:[19/08/2013 14:45:57.23][68.171.231.83][1151] SELECT c_asigna FROM dace004 WHERE exp_e='10-21261521' AND c_asigna='300101' AND status IN ('0','3','B','C') [1][0] OK
C:[19/08/2013 14:45:57.23][68.171.231.83][1138] SELECT pre_cod_asig1,pre_cod_asig2,pre_cod_asig3,pre_cod_asig4,pre_cod_asig5,pre_cod_asig6,pre_cod_asig7 FROM tblaca009_p_int WHERE pensum='5' AND c_uni_ca='4' AND c_asigna='330310' [1][0] OK
C:[19/08/2013 14:45:57.23][68.171.231.83][1151] SELECT c_asigna FROM dace004 WHERE exp_e='10-21261521' AND c_asigna='300013' AND status IN ('0','3','B','C') [1][0] OK
C:[19/08/2013 14:45:57.23][68.171.231.83][1151] SELECT c_asigna FROM dace004 WHERE exp_e='10-21261521' AND c_asigna='300113' AND status IN ('0','3','B','C') [1][0] OK
C:[19/08/2013 14:45:57.11][68.171.231.83][1182] SELECT par_cod_asig1,par_cod_asig2,par_cod_asig3 FROM tblaca009_p_int WHERE pensum='5' AND c_uni_ca='4' AND c_asigna='300209' [1][0] OK
C:[19/08/2013 14:45:57.11][68.171.231.83][1182] SELECT par_cod_asig1,par_cod_asig2,par_cod_asig3 FROM tblaca009_p_int WHERE pensum='5' AND c_uni_ca='4' AND c_asigna='300228' [1][0] OK
C:[19/08/2013 14:45:57.11][68.171.231.83][1182] SELECT par_cod_asig1,par_cod_asig2,par_cod_asig3 FROM tblaca009_p_int WHERE pensum='5' AND c_uni_ca='4' AND c_asigna='330310' [1][0] OK
C:[19/08/2013 14:45:57.50][68.171.231.83][1312] SELECT horas_lab FROM tblaca008 WHERE c_asigna='300209' AND horas_teoricas > 0 [1][0] OK
C:[19/08/2013 14:45:57.50][68.171.231.83][1312] SELECT horas_lab FROM tblaca008 WHERE c_asigna='300228' AND horas_teoricas > 0 [1][0] OK
C:[19/08/2013 14:45:57.50][68.171.231.83][1312] SELECT horas_lab FROM tblaca008 WHERE c_asigna='330310' AND horas_teoricas > 0 [1][0] OK
C:[19/08/2013 14:46:45.60][190.199.92.188][1138] SELECT pre_cod_asig1,pre_cod_asig2,pre_cod_asig3,pre_cod_asig4,pre_cod_asig5,pre_cod_asig6,pre_cod_asig7 FROM tblaca009_p_int WHERE pensum='5' AND c_uni_ca='6' AND c_asigna='300112' [1][0] OK
C:[19/08/2013 14:46:45.60][190.199.92.188][1138] SELECT pre_cod_asig1,pre_cod_asig2,pre_cod_asig3,pre_cod_asig4,pre_cod_asig5,pre_cod_asig6,pre_cod_asig7 FROM tblaca009_p_int WHERE pensum='5' AND c_uni_ca='6' AND c_asigna='300207' [1][0] OK
C:[19/08/2013 14:46:45.60][190.199.92.188][1151] SELECT c_asigna FROM dace004 WHERE exp_e='11-20885615' AND c_asigna='300101' AND status IN ('0','3','B','C') [1][0] OK
C:[19/08/2013 14:46:45.53][190.199.92.188][1182] SELECT par_cod_asig1,par_cod_asig2,par_cod_asig3 FROM tblaca009_p_int WHERE pensum='5' AND c_uni_ca='6' AND c_asigna='300112' [1][0] OK
C:[19/08/2013 14:46:45.53][190.199.92.188][1182] SELECT par_cod_asig1,par_cod_asig2,par_cod_asig3 FROM tblaca009_p_int WHERE pensum='5' AND c_uni_ca='6' AND c_asigna='300207' [1][0] OK
C:[19/08/2013 14:46:45.81][190.199.92.188][1312] SELECT horas_lab FROM tblaca008 WHERE c_asigna='300112' AND horas_teoricas > 0 [1][0] OK
C:[19/08/2013 14:46:45.81][190.199.92.188][1312] SELECT horas_lab FROM tblaca008 WHERE c_asigna='300207' AND horas_teoricas > 0 [1][0] OK
C:[19/08/2013 14:47:28.07][190.75.160.233][1138] SELECT pre_cod_asig1,pre_cod_asig2,pre_cod_asig3,pre_cod_asig4,pre_cod_asig5,pre_cod_asig6,pre_cod_asig7 FROM tblaca009_p_int WHERE pensum='5' AND c_uni_ca='3' AND c_asigna='311824' [1][0] OK
C:[19/08/2013 14:47:28.07][190.75.160.233][1151] SELECT c_asigna FROM dace004 WHERE exp_e='07-19622777' AND c_asigna='311796' AND status IN ('0','3','B','C') [1][0] OK
C:[19/08/2013 14:47:28.43][190.75.160.233][1182] SELECT par_cod_asig1,par_cod_asig2,par_cod_asig3 FROM tblaca009_p_int WHERE pensum='5' AND c_uni_ca='3' AND c_asigna='311824' [1][0] OK
C:[19/08/2013 14:47:28.57][190.75.160.233][1312] SELECT horas_lab FROM tblaca008 WHERE c_asigna='311824' AND horas_teoricas > 0 [1][0] OK
C:[19/08/2013 14:47:29.48][190.199.92.188][1138] SELECT pre_cod_asig1,pre_cod_asig2,pre_cod_asig3,pre_cod_asig4,pre_cod_asig5,pre_cod_asig6,pre_cod_asig7 FROM tblaca009_p_int WHERE pensum='5' AND c_uni_ca='4' AND c_asigna='300101' [1][0] OK
C:[19/08/2013 14:47:29.61][190.199.92.188][1182] SELECT par_cod_asig1,par_cod_asig2,par_cod_asig3 FROM tblaca009_p_int WHERE pensum='5' AND c_uni_ca='4' AND c_asigna='300101' [1][0] OK
C:[19/08/2013 14:47:29.74][190.199.92.188][1312] SELECT horas_lab FROM tblaca008 WHERE c_asigna='300101' AND horas_teoricas > 0 [1][0] OK
C:[19/08/2013 14:48:56.70][190.199.92.188][1138] SELECT pre_cod_asig1,pre_cod_asig2,pre_cod_asig3,pre_cod_asig4,pre_cod_asig5,pre_cod_asig6,pre_cod_asig7 FROM tblaca009_p_int WHERE pensum='5' AND c_uni_ca='2' AND c_asigna='322780' [1][0] OK
C:[19/08/2013 14:48:56.70][190.199.92.188][1151] SELECT c_asigna FROM dace004 WHERE exp_e='10-20564202' AND c_asigna='322678' AND status IN ('0','3','B','C') [1][0] OK
C:[19/08/2013 14:48:56.70][190.199.92.188][1138] SELECT pre_cod_asig1,pre_cod_asig2,pre_cod_asig3,pre_cod_asig4,pre_cod_asig5,pre_cod_asig6,pre_cod_asig7 FROM tblaca009_p_int WHERE pensum='5' AND c_uni_ca='2' AND c_asigna='322826' [1][0] OK
C:[19/08/2013 14:48:56.70][190.199.92.188][1151] SELECT c_asigna FROM dace004 WHERE exp_e='10-20564202' AND c_asigna='322683' AND status IN ('0','3','B','C') [1][0] OK
C:[19/08/2013 14:48:57.77][190.199.92.188][1182] SELECT par_cod_asig1,par_cod_asig2,par_cod_asig3 FROM tblaca009_p_int WHERE pensum='5' AND c_uni_ca='2' AND c_asigna='322780' [1][0] OK
C:[19/08/2013 14:48:57.77][190.199.92.188][1182] SELECT par_cod_asig1,par_cod_asig2,par_cod_asig3 FROM tblaca009_p_int WHERE pensum='5' AND c_uni_ca='2' AND c_asigna='322826' [1][0] OK
C:[19/08/2013 14:48:57.03][190.199.92.188][1312] SELECT horas_lab FROM tblaca008 WHERE c_asigna='322780' AND horas_teoricas > 0 [1][0] OK
C:[19/08/2013 14:48:57.03][190.199.92.188][1312] SELECT horas_lab FROM tblaca008 WHERE c_asigna='322826' AND horas_teoricas > 0 [1][0] OK
C:[19/08/2013 14:51:46.46][190.199.92.188][1138] SELECT pre_cod_asig1,pre_cod_asig2,pre_cod_asig3,pre_cod_asig4,pre_cod_asig5,pre_cod_asig6,pre_cod_asig7 FROM tblaca009_p_int WHERE pensum='5' AND c_uni_ca='3' AND c_asigna='300101' [1][0] OK
C:[19/08/2013 14:51:46.14][190.199.92.188][1182] SELECT par_cod_asig1,par_cod_asig2,par_cod_asig3 FROM tblaca009_p_int WHERE pensum='5' AND c_uni_ca='3' AND c_asigna='300101' [1][0] OK
C:[19/08/2013 14:51:47.28][190.199.92.188][1312] SELECT horas_lab FROM tblaca008 WHERE c_asigna='300101' AND horas_teoricas > 0 [1][0] OK
C:[19/08/2013 14:52:11.68][190.199.92.188][1138] SELECT pre_cod_asig1,pre_cod_asig2,pre_cod_asig3,pre_cod_asig4,pre_cod_asig5,pre_cod_asig6,pre_cod_asig7 FROM tblaca009_p_int WHERE pensum='5' AND c_uni_ca='6' AND c_asigna='300222' [1][0] OK
C:[19/08/2013 14:52:11.68][190.199.92.188][1151] SELECT c_asigna FROM dace004 WHERE exp_e='05-18917503' AND c_asigna='300112' AND status IN ('0','3','B','C') [1][0] OK
C:[19/08/2013 14:52:11.48][190.199.92.188][1182] SELECT par_cod_asig1,par_cod_asig2,par_cod_asig3 FROM tblaca009_p_int WHERE pensum='5' AND c_uni_ca='6' AND c_asigna='300222' [1][0] OK
C:[19/08/2013 14:52:11.63][190.199.92.188][1312] SELECT horas_lab FROM tblaca008 WHERE c_asigna='300222' AND horas_teoricas > 0 [1][0] OK
C:[19/08/2013 14:52:44.53][190.199.92.188][1138] SELECT pre_cod_asig1,pre_cod_asig2,pre_cod_asig3,pre_cod_asig4,pre_cod_asig5,pre_cod_asig6,pre_cod_asig7 FROM tblaca009_p_int WHERE pensum='5' AND c_uni_ca='2' AND c_asigna='300116' [1][0] OK
C:[19/08/2013 14:52:45.22][190.199.92.188][1182] SELECT par_cod_asig1,par_cod_asig2,par_cod_asig3 FROM tblaca009_p_int WHERE pensum='5' AND c_uni_ca='2' AND c_asigna='300116' [1][0] OK
C:[19/08/2013 14:52:45.37][190.199.92.188][1312] SELECT horas_lab FROM tblaca008 WHERE c_asigna='300116' AND horas_teoricas > 0 [1][0] OK
C:[19/08/2013 14:53:26.10][172.16.5.132][1138] SELECT pre_cod_asig1,pre_cod_asig2,pre_cod_asig3,pre_cod_asig4,pre_cod_asig5,pre_cod_asig6,pre_cod_asig7 FROM tblaca009_p_int WHERE pensum='5' AND c_uni_ca='3' AND c_asigna='300956' [1][0] OK
C:[19/08/2013 14:53:26.10][172.16.5.132][1138] SELECT pre_cod_asig1,pre_cod_asig2,pre_cod_asig3,pre_cod_asig4,pre_cod_asig5,pre_cod_asig6,pre_cod_asig7 FROM tblaca009_p_int WHERE pensum='5' AND c_uni_ca='3' AND c_asigna='300890' [1][0] OK
C:[19/08/2013 14:53:26.92][172.16.5.132][1182] SELECT par_cod_asig1,par_cod_asig2,par_cod_asig3 FROM tblaca009_p_int WHERE pensum='5' AND c_uni_ca='3' AND c_asigna='300956' [1][0] OK
C:[19/08/2013 14:53:26.92][172.16.5.132][1182] SELECT par_cod_asig1,par_cod_asig2,par_cod_asig3 FROM tblaca009_p_int WHERE pensum='5' AND c_uni_ca='3' AND c_asigna='300890' [1][0] OK
C:[19/08/2013 14:53:26.19][172.16.5.132][1312] SELECT horas_lab FROM tblaca008 WHERE c_asigna='300956' AND horas_teoricas > 0 [1][0] OK
C:[19/08/2013 14:53:26.19][172.16.5.132][1312] SELECT horas_lab FROM tblaca008 WHERE c_asigna='300890' AND horas_teoricas > 0 [1][0] OK
C:[19/08/2013 14:54:40.86][190.75.160.233][1138] SELECT pre_cod_asig1,pre_cod_asig2,pre_cod_asig3,pre_cod_asig4,pre_cod_asig5,pre_cod_asig6,pre_cod_asig7 FROM tblaca009_p_int WHERE pensum='5' AND c_uni_ca='3' AND c_asigna='300956' [1][0] OK
C:[19/08/2013 14:54:40.86][190.75.160.233][1138] SELECT pre_cod_asig1,pre_cod_asig2,pre_cod_asig3,pre_cod_asig4,pre_cod_asig5,pre_cod_asig6,pre_cod_asig7 FROM tblaca009_p_int WHERE pensum='5' AND c_uni_ca='3' AND c_asigna='300870' [1][0] OK
C:[19/08/2013 14:54:40.67][190.75.160.233][1182] SELECT par_cod_asig1,par_cod_asig2,par_cod_asig3 FROM tblaca009_p_int WHERE pensum='5' AND c_uni_ca='3' AND c_asigna='300956' [1][0] OK
C:[19/08/2013 14:54:40.67][190.75.160.233][1182] SELECT par_cod_asig1,par_cod_asig2,par_cod_asig3 FROM tblaca009_p_int WHERE pensum='5' AND c_uni_ca='3' AND c_asigna='300870' [1][0] OK
C:[19/08/2013 14:54:40.98][190.75.160.233][1312] SELECT horas_lab FROM tblaca008 WHERE c_asigna='300956' AND horas_teoricas > 0 [1][0] OK
C:[19/08/2013 14:54:40.98][190.75.160.233][1312] SELECT horas_lab FROM tblaca008 WHERE c_asigna='300870' AND horas_teoricas > 0 [1][0] OK
C:[19/08/2013 14:55:43.49][190.199.92.188][1138] SELECT pre_cod_asig1,pre_cod_asig2,pre_cod_asig3,pre_cod_asig4,pre_cod_asig5,pre_cod_asig6,pre_cod_asig7 FROM tblaca009_p_int WHERE pensum='5' AND c_uni_ca='2' AND c_asigna='300101' [1][0] OK
C:[19/08/2013 14:55:43.74][190.199.92.188][1182] SELECT par_cod_asig1,par_cod_asig2,par_cod_asig3 FROM tblaca009_p_int WHERE pensum='5' AND c_uni_ca='2' AND c_asigna='300101' [1][0] OK
C:[19/08/2013 14:55:43.88][190.199.92.188][1312] SELECT horas_lab FROM tblaca008 WHERE c_asigna='300101' AND horas_teoricas > 0 [1][0] OK
C:[19/08/2013 14:59:10.38][190.199.92.188][1138] SELECT pre_cod_asig1,pre_cod_asig2,pre_cod_asig3,pre_cod_asig4,pre_cod_asig5,pre_cod_asig6,pre_cod_asig7 FROM tblaca009_p_int WHERE pensum='5' AND c_uni_ca='2' AND c_asigna='300116' [1][0] OK
C:[19/08/2013 14:59:10.08][190.199.92.188][1182] SELECT par_cod_asig1,par_cod_asig2,par_cod_asig3 FROM tblaca009_p_int WHERE pensum='5' AND c_uni_ca='2' AND c_asigna='300116' [1][0] OK
C:[19/08/2013 14:59:10.21][190.199.92.188][1312] SELECT horas_lab FROM tblaca008 WHERE c_asigna='300116' AND horas_teoricas > 0 [1][0] OK
C:[19/08/2013 15:00:20.04][190.199.92.188][1138] SELECT pre_cod_asig1,pre_cod_asig2,pre_cod_asig3,pre_cod_asig4,pre_cod_asig5,pre_cod_asig6,pre_cod_asig7 FROM tblaca009_p_int WHERE pensum='5' AND c_uni_ca='6' AND c_asigna='300222' [1][0] OK
C:[19/08/2013 15:00:20.04][190.199.92.188][1151] SELECT c_asigna FROM dace004 WHERE exp_e='11-24559378' AND c_asigna='300112' AND status IN ('0','3','B','C') [1][0] OK
C:[19/08/2013 15:00:20.04][190.199.92.188][1138] SELECT pre_cod_asig1,pre_cod_asig2,pre_cod_asig3,pre_cod_asig4,pre_cod_asig5,pre_cod_asig6,pre_cod_asig7 FROM tblaca009_p_int WHERE pensum='5' AND c_uni_ca='6' AND c_asigna='300226' [1][0] OK
C:[19/08/2013 15:00:20.04][190.199.92.188][1151] SELECT c_asigna FROM dace004 WHERE exp_e='11-24559378' AND c_asigna='300116' AND status IN ('0','3','B','C') [1][0] OK
C:[19/08/2013 15:00:21.10][190.199.92.188][1182] SELECT par_cod_asig1,par_cod_asig2,par_cod_asig3 FROM tblaca009_p_int WHERE pensum='5' AND c_uni_ca='6' AND c_asigna='300222' [1][0] OK
C:[19/08/2013 15:00:21.10][190.199.92.188][1182] SELECT par_cod_asig1,par_cod_asig2,par_cod_asig3 FROM tblaca009_p_int WHERE pensum='5' AND c_uni_ca='6' AND c_asigna='300226' [1][0] OK
C:[19/08/2013 15:00:21.36][190.199.92.188][1312] SELECT horas_lab FROM tblaca008 WHERE c_asigna='300222' AND horas_teoricas > 0 [1][0] OK
C:[19/08/2013 15:00:21.36][190.199.92.188][1312] SELECT horas_lab FROM tblaca008 WHERE c_asigna='300226' AND horas_teoricas > 0 [1][0] OK
C:[19/08/2013 15:00:49.67][190.199.92.188][1138] SELECT pre_cod_asig1,pre_cod_asig2,pre_cod_asig3,pre_cod_asig4,pre_cod_asig5,pre_cod_asig6,pre_cod_asig7 FROM tblaca009_p_int WHERE pensum='5' AND c_uni_ca='3' AND c_asigna='300318' [1][0] OK
C:[19/08/2013 15:00:49.67][190.199.92.188][1151] SELECT c_asigna FROM dace004 WHERE exp_e='11-23730931' AND c_asigna='300228' AND status IN ('0','3','B','C') [1][0] OK
C:[19/08/2013 15:00:49.67][190.199.92.188][1151] SELECT c_asigna FROM dace004 WHERE exp_e='11-23730931' AND c_asigna='300207' AND status IN ('0','3','B','C') [1][0] OK
C:[19/08/2013 15:00:49.67][190.199.92.188][1151] SELECT c_asigna FROM dace004 WHERE exp_e='11-23730931' AND c_asigna='300218' AND status IN ('0','3','B','C') [1][0] OK
C:[19/08/2013 15:00:49.73][190.199.92.188][1182] SELECT par_cod_asig1,par_cod_asig2,par_cod_asig3 FROM tblaca009_p_int WHERE pensum='5' AND c_uni_ca='3' AND c_asigna='300318' [1][0] OK
C:[19/08/2013 15:00:49.87][190.199.92.188][1312] SELECT horas_lab FROM tblaca008 WHERE c_asigna='300318' AND horas_teoricas > 0 [1][0] OK
C:[19/08/2013 15:00:50.22][190.205.150.239][1138] SELECT pre_cod_asig1,pre_cod_asig2,pre_cod_asig3,pre_cod_asig4,pre_cod_asig5,pre_cod_asig6,pre_cod_asig7 FROM tblaca009_p_int WHERE pensum='5' AND c_uni_ca='4' AND c_asigna='300105' [1][0] OK
C:[19/08/2013 15:00:50.36][190.205.150.239][1182] SELECT par_cod_asig1,par_cod_asig2,par_cod_asig3 FROM tblaca009_p_int WHERE pensum='5' AND c_uni_ca='4' AND c_asigna='300105' [1][0] OK
C:[19/08/2013 15:00:50.49][190.205.150.239][1312] SELECT horas_lab FROM tblaca008 WHERE c_asigna='300105' AND horas_teoricas > 0 [1][0] OK
C:[19/08/2013 15:02:10.69][190.199.92.188][1138] SELECT pre_cod_asig1,pre_cod_asig2,pre_cod_asig3,pre_cod_asig4,pre_cod_asig5,pre_cod_asig6,pre_cod_asig7 FROM tblaca009_p_int WHERE pensum='5' AND c_uni_ca='5' AND c_asigna='300207' [1][0] OK
C:[19/08/2013 15:02:10.69][190.199.92.188][1151] SELECT c_asigna FROM dace004 WHERE exp_e='09-20223875' AND c_asigna='300101' AND status IN ('0','3','B','C') [1][0] OK
C:[19/08/2013 15:02:11.50][190.199.92.188][1182] SELECT par_cod_asig1,par_cod_asig2,par_cod_asig3 FROM tblaca009_p_int WHERE pensum='5' AND c_uni_ca='5' AND c_asigna='300207' [1][0] OK
C:[19/08/2013 15:02:11.64][190.199.92.188][1312] SELECT horas_lab FROM tblaca008 WHERE c_asigna='300207' AND horas_teoricas > 0 [1][0] OK
C:[19/08/2013 15:02:29.78][172.16.4.254][1138] SELECT pre_cod_asig1,pre_cod_asig2,pre_cod_asig3,pre_cod_asig4,pre_cod_asig5,pre_cod_asig6,pre_cod_asig7 FROM tblaca009_p_int WHERE pensum='5' AND c_uni_ca='2' AND c_asigna='322780' [1][0] OK
C:[19/08/2013 15:02:29.78][172.16.4.254][1151] SELECT c_asigna FROM dace004 WHERE exp_e='07-19352296' AND c_asigna='322678' AND status IN ('0','3','B','C') [1][0] OK
C:[19/08/2013 15:02:29.60][172.16.4.254][1182] SELECT par_cod_asig1,par_cod_asig2,par_cod_asig3 FROM tblaca009_p_int WHERE pensum='5' AND c_uni_ca='2' AND c_asigna='322780' [1][0] OK
C:[19/08/2013 15:02:29.73][172.16.4.254][1312] SELECT horas_lab FROM tblaca008 WHERE c_asigna='322780' AND horas_teoricas > 0 [1][0] OK
C:[19/08/2013 15:06:34.07][190.94.251.54][1138] SELECT pre_cod_asig1,pre_cod_asig2,pre_cod_asig3,pre_cod_asig4,pre_cod_asig5,pre_cod_asig6,pre_cod_asig7 FROM tblaca009_p_int WHERE pensum='5' AND c_uni_ca='2' AND c_asigna='300313' [1][0] OK
C:[19/08/2013 15:06:34.07][190.94.251.54][1151] SELECT c_asigna FROM dace004 WHERE exp_e='11-20503729' AND c_asigna='300213' AND status IN ('0','3','B','C') [1][0] OK
C:[19/08/2013 15:06:34.07][190.94.251.54][1138] SELECT pre_cod_asig1,pre_cod_asig2,pre_cod_asig3,pre_cod_asig4,pre_cod_asig5,pre_cod_asig6,pre_cod_asig7 FROM tblaca009_p_int WHERE pensum='5' AND c_uni_ca='2' AND c_asigna='300317' [1][0] OK
C:[19/08/2013 15:06:34.07][190.94.251.54][1151] SELECT c_asigna FROM dace004 WHERE exp_e='11-20503729' AND c_asigna='300207' AND status IN ('0','3','B','C') [1][0] OK
C:[19/08/2013 15:06:34.07][190.94.251.54][1151] SELECT c_asigna FROM dace004 WHERE exp_e='11-20503729' AND c_asigna='300209' AND status IN ('0','3','B','C') [1][0] OK
C:[19/08/2013 15:06:34.07][190.94.251.54][1138] SELECT pre_cod_asig1,pre_cod_asig2,pre_cod_asig3,pre_cod_asig4,pre_cod_asig5,pre_cod_asig6,pre_cod_asig7 FROM tblaca009_p_int WHERE pensum='5' AND c_uni_ca='2' AND c_asigna='320323' [1][0] OK
C:[19/08/2013 15:06:34.07][190.94.251.54][1151] SELECT c_asigna FROM dace004 WHERE exp_e='11-20503729' AND c_asigna='300228' AND status IN ('0','3','B','C') [1][0] OK
C:[19/08/2013 15:06:34.07][190.94.251.54][1151] SELECT c_asigna FROM dace004 WHERE exp_e='11-20503729' AND c_asigna='300218' AND status IN ('0','3','B','C') [1][0] OK
C:[19/08/2013 15:06:35.64][190.94.251.54][1182] SELECT par_cod_asig1,par_cod_asig2,par_cod_asig3 FROM tblaca009_p_int WHERE pensum='5' AND c_uni_ca='2' AND c_asigna='300313' [1][0] OK
C:[19/08/2013 15:06:35.64][190.94.251.54][1182] SELECT par_cod_asig1,par_cod_asig2,par_cod_asig3 FROM tblaca009_p_int WHERE pensum='5' AND c_uni_ca='2' AND c_asigna='300317' [1][0] OK
C:[19/08/2013 15:06:35.64][190.94.251.54][1182] SELECT par_cod_asig1,par_cod_asig2,par_cod_asig3 FROM tblaca009_p_int WHERE pensum='5' AND c_uni_ca='2' AND c_asigna='320323' [1][0] OK
C:[19/08/2013 15:06:35.03][190.94.251.54][1312] SELECT horas_lab FROM tblaca008 WHERE c_asigna='300313' AND horas_teoricas > 0 [1][0] OK
C:[19/08/2013 15:06:35.03][190.94.251.54][1312] SELECT horas_lab FROM tblaca008 WHERE c_asigna='300317' AND horas_teoricas > 0 [1][0] OK
C:[19/08/2013 15:06:35.03][190.94.251.54][1312] SELECT horas_lab FROM tblaca008 WHERE c_asigna='320323' AND horas_teoricas > 0 [1][0] OK
C:[19/08/2013 15:07:16.94][181.185.115.120][1138] SELECT pre_cod_asig1,pre_cod_asig2,pre_cod_asig3,pre_cod_asig4,pre_cod_asig5,pre_cod_asig6,pre_cod_asig7 FROM tblaca009_p_int WHERE pensum='5' AND c_uni_ca='6' AND c_asigna='300207' [1][0] OK
C:[19/08/2013 15:07:16.94][181.185.115.120][1151] SELECT c_asigna FROM dace004 WHERE exp_e='10-21498022' AND c_asigna='300101' AND status IN ('0','3','B','C') [1][0] OK
C:[19/08/2013 15:07:16.76][181.185.115.120][1182] SELECT par_cod_asig1,par_cod_asig2,par_cod_asig3 FROM tblaca009_p_int WHERE pensum='5' AND c_uni_ca='6' AND c_asigna='300207' [1][0] OK
C:[19/08/2013 15:07:16.89][181.185.115.120][1312] SELECT horas_lab FROM tblaca008 WHERE c_asigna='300207' AND horas_teoricas > 0 [1][0] OK
C:[19/08/2013 15:07:31.24][181.17.226.135][1138] SELECT pre_cod_asig1,pre_cod_asig2,pre_cod_asig3,pre_cod_asig4,pre_cod_asig5,pre_cod_asig6,pre_cod_asig7 FROM tblaca009_p_int WHERE pensum='5' AND c_uni_ca='2' AND c_asigna='300209' [1][0] OK
C:[19/08/2013 15:07:31.24][181.17.226.135][1151] SELECT c_asigna FROM dace004 WHERE exp_e='05-18665284' AND c_asigna='300101' AND status IN ('0','3','B','C') [1][0] OK
C:[19/08/2013 15:07:31.24][181.17.226.135][1138] SELECT pre_cod_asig1,pre_cod_asig2,pre_cod_asig3,pre_cod_asig4,pre_cod_asig5,pre_cod_asig6,pre_cod_asig7 FROM tblaca009_p_int WHERE pensum='5' AND c_uni_ca='2' AND c_asigna='320323' [1][0] OK
C:[19/08/2013 15:07:31.24][181.17.226.135][1151] SELECT c_asigna FROM dace004 WHERE exp_e='05-18665284' AND c_asigna='300228' AND status IN ('0','3','B','C') [1][0] OK
C:[19/08/2013 15:07:31.24][181.17.226.135][1151] SELECT c_asigna FROM dace004 WHERE exp_e='05-18665284' AND c_asigna='300218' AND status IN ('0','3','B','C') [1][0] OK
C:[19/08/2013 15:07:32.42][181.17.226.135][1182] SELECT par_cod_asig1,par_cod_asig2,par_cod_asig3 FROM tblaca009_p_int WHERE pensum='5' AND c_uni_ca='2' AND c_asigna='300209' [1][0] OK
C:[19/08/2013 15:07:32.42][181.17.226.135][1182] SELECT par_cod_asig1,par_cod_asig2,par_cod_asig3 FROM tblaca009_p_int WHERE pensum='5' AND c_uni_ca='2' AND c_asigna='320323' [1][0] OK
C:[19/08/2013 15:07:32.69][181.17.226.135][1312] SELECT horas_lab FROM tblaca008 WHERE c_asigna='300209' AND horas_teoricas > 0 [1][0] OK
C:[19/08/2013 15:07:32.69][181.17.226.135][1312] SELECT horas_lab FROM tblaca008 WHERE c_asigna='320323' AND horas_teoricas > 0 [1][0] OK
C:[19/08/2013 15:08:52.80][190.199.92.188][1138] SELECT pre_cod_asig1,pre_cod_asig2,pre_cod_asig3,pre_cod_asig4,pre_cod_asig5,pre_cod_asig6,pre_cod_asig7 FROM tblaca009_p_int WHERE pensum='5' AND c_uni_ca='2' AND c_asigna='322433' [1][0] OK
C:[19/08/2013 15:08:52.80][190.199.92.188][1151] SELECT c_asigna FROM dace004 WHERE exp_e='09-20285735' AND c_asigna='320323' AND status IN ('0','3','B','C') [1][0] OK
C:[19/08/2013 15:08:52.80][190.199.92.188][1151] SELECT c_asigna FROM dace004 WHERE exp_e='09-20285735' AND c_asigna='300209' AND status IN ('0','3','B','C') [1][0] OK
C:[19/08/2013 15:08:52.80][190.199.92.188][1138] SELECT pre_cod_asig1,pre_cod_asig2,pre_cod_asig3,pre_cod_asig4,pre_cod_asig5,pre_cod_asig6,pre_cod_asig7 FROM tblaca009_p_int WHERE pensum='5' AND c_uni_ca='2' AND c_asigna='322702' [1][0] OK
C:[19/08/2013 15:08:52.80][190.199.92.188][1151] SELECT c_asigna FROM dace004 WHERE exp_e='09-20285735' AND c_asigna='322683' AND status IN ('0','3','B','C') [1][0] OK
C:[19/08/2013 15:08:52.99][190.199.92.188][1182] SELECT par_cod_asig1,par_cod_asig2,par_cod_asig3 FROM tblaca009_p_int WHERE pensum='5' AND c_uni_ca='2' AND c_asigna='322433' [1][0] OK
C:[19/08/2013 15:08:52.99][190.199.92.188][1182] SELECT par_cod_asig1,par_cod_asig2,par_cod_asig3 FROM tblaca009_p_int WHERE pensum='5' AND c_uni_ca='2' AND c_asigna='322702' [1][0] OK
C:[19/08/2013 15:08:52.25][190.199.92.188][1312] SELECT horas_lab FROM tblaca008 WHERE c_asigna='322433' AND horas_teoricas > 0 [1][0] OK
C:[19/08/2013 15:08:52.25][190.199.92.188][1312] SELECT horas_lab FROM tblaca008 WHERE c_asigna='322702' AND horas_teoricas > 0 [1][0] OK
C:[19/08/2013 15:11:13.75][190.199.92.188][1138] SELECT pre_cod_asig1,pre_cod_asig2,pre_cod_asig3,pre_cod_asig4,pre_cod_asig5,pre_cod_asig6,pre_cod_asig7 FROM tblaca009_p_int WHERE pensum='5' AND c_uni_ca='2' AND c_asigna='300101' [1][0] OK
C:[19/08/2013 15:11:13.45][190.199.92.188][1182] SELECT par_cod_asig1,par_cod_asig2,par_cod_asig3 FROM tblaca009_p_int WHERE pensum='5' AND c_uni_ca='2' AND c_asigna='300101' [1][0] OK
C:[19/08/2013 15:11:13.58][190.199.92.188][1312] SELECT horas_lab FROM tblaca008 WHERE c_asigna='300101' AND horas_teoricas > 0 [1][0] OK
C:[19/08/2013 15:12:48.11][190.78.111.180][1138] SELECT pre_cod_asig1,pre_cod_asig2,pre_cod_asig3,pre_cod_asig4,pre_cod_asig5,pre_cod_asig6,pre_cod_asig7 FROM tblaca009_p_int WHERE pensum='5' AND c_uni_ca='5' AND c_asigna='300218' [1][0] OK
C:[19/08/2013 15:12:48.11][190.78.111.180][1138] SELECT pre_cod_asig1,pre_cod_asig2,pre_cod_asig3,pre_cod_asig4,pre_cod_asig5,pre_cod_asig6,pre_cod_asig7 FROM tblaca009_p_int WHERE pensum='5' AND c_uni_ca='5' AND c_asigna='300228' [1][0] OK
C:[19/08/2013 15:12:48.11][190.78.111.180][1151] SELECT c_asigna FROM dace004 WHERE exp_e='11-20804173' AND c_asigna='300101' AND status IN ('0','3','B','C') [1][0] OK
C:[19/08/2013 15:12:48.04][190.78.111.180][1182] SELECT par_cod_asig1,par_cod_asig2,par_cod_asig3 FROM tblaca009_p_int WHERE pensum='5' AND c_uni_ca='5' AND c_asigna='300218' [1][0] OK
C:[19/08/2013 15:12:48.04][190.78.111.180][1196] SELECT c_asigna FROM dace004 WHERE exp_e='11-20804173' AND c_asigna='300228' AND status IN ('0','3','B','C') [0][0] OK
C:[19/08/2013 15:12:48.04][190.78.111.180][1182] SELECT par_cod_asig1,par_cod_asig2,par_cod_asig3 FROM tblaca009_p_int WHERE pensum='5' AND c_uni_ca='5' AND c_asigna='300228' [1][0] OK
C:[19/08/2013 15:12:48.43][190.78.111.180][1312] SELECT horas_lab FROM tblaca008 WHERE c_asigna='300218' AND horas_teoricas > 0 [0][0] OK
C:[19/08/2013 15:12:48.43][190.78.111.180][1312] SELECT horas_lab FROM tblaca008 WHERE c_asigna='300228' AND horas_teoricas > 0 [1][0] OK
C:[19/08/2013 15:14:19.93][190.199.92.188][1138] SELECT pre_cod_asig1,pre_cod_asig2,pre_cod_asig3,pre_cod_asig4,pre_cod_asig5,pre_cod_asig6,pre_cod_asig7 FROM tblaca009_p_int WHERE pensum='5' AND c_uni_ca='4' AND c_asigna='300101' [1][0] OK
C:[19/08/2013 15:14:19.62][190.199.92.188][1182] SELECT par_cod_asig1,par_cod_asig2,par_cod_asig3 FROM tblaca009_p_int WHERE pensum='5' AND c_uni_ca='4' AND c_asigna='300101' [1][0] OK
C:[19/08/2013 15:14:19.76][190.199.92.188][1312] SELECT horas_lab FROM tblaca008 WHERE c_asigna='300101' AND horas_teoricas > 0 [1][0] OK
C:[19/08/2013 15:14:32.75][190.207.50.114][1138] SELECT pre_cod_asig1,pre_cod_asig2,pre_cod_asig3,pre_cod_asig4,pre_cod_asig5,pre_cod_asig6,pre_cod_asig7 FROM tblaca009_p_int WHERE pensum='5' AND c_uni_ca='2' AND c_asigna='322702' [1][0] OK
C:[19/08/2013 15:14:32.75][190.207.50.114][1151] SELECT c_asigna FROM dace004 WHERE exp_e='09-19095131' AND c_asigna='322683' AND status IN ('0','3','B','C') [1][0] OK
C:[19/08/2013 15:14:32.56][190.207.50.114][1182] SELECT par_cod_asig1,par_cod_asig2,par_cod_asig3 FROM tblaca009_p_int WHERE pensum='5' AND c_uni_ca='2' AND c_asigna='322702' [1][0] OK
C:[19/08/2013 15:14:32.70][190.207.50.114][1312] SELECT horas_lab FROM tblaca008 WHERE c_asigna='322702' AND horas_teoricas > 0 [1][0] OK
C:[19/08/2013 15:15:18.81][190.199.92.188][1138] SELECT pre_cod_asig1,pre_cod_asig2,pre_cod_asig3,pre_cod_asig4,pre_cod_asig5,pre_cod_asig6,pre_cod_asig7 FROM tblaca009_p_int WHERE pensum='5' AND c_uni_ca='5' AND c_asigna='352440' [1][0] OK
C:[19/08/2013 15:15:18.81][190.199.92.188][1151] SELECT c_asigna FROM dace004 WHERE exp_e='10-20934394' AND c_asigna='300317' AND status IN ('0','3','B','C') [1][0] OK
C:[19/08/2013 15:15:18.81][190.199.92.188][1151] SELECT c_asigna FROM dace004 WHERE exp_e='10-20934394' AND c_asigna='300013' AND status IN ('0','3','B','C') [1][0] OK
C:[19/08/2013 15:15:18.81][190.199.92.188][1138] SELECT pre_cod_asig1,pre_cod_asig2,pre_cod_asig3,pre_cod_asig4,pre_cod_asig5,pre_cod_asig6,pre_cod_asig7 FROM tblaca009_p_int WHERE pensum='5' AND c_uni_ca='5' AND c_asigna='355571' [1][0] OK
C:[19/08/2013 15:15:18.81][190.199.92.188][1151] SELECT c_asigna FROM dace004 WHERE exp_e='10-20934394' AND c_asigna='355447' AND status IN ('0','3','B','C') [1][0] OK
C:[19/08/2013 15:15:18.81][190.199.92.188][1138] SELECT pre_cod_asig1,pre_cod_asig2,pre_cod_asig3,pre_cod_asig4,pre_cod_asig5,pre_cod_asig6,pre_cod_asig7 FROM tblaca009_p_int WHERE pensum='5' AND c_uni_ca='5' AND c_asigna='355573' [1][0] OK
C:[19/08/2013 15:15:18.81][190.199.92.188][1151] SELECT c_asigna FROM dace004 WHERE exp_e='10-20934394' AND c_asigna='355448' AND status IN ('0','3','B','C') [1][0] OK
C:[19/08/2013 15:15:18.23][190.199.92.188][1182] SELECT par_cod_asig1,par_cod_asig2,par_cod_asig3 FROM tblaca009_p_int WHERE pensum='5' AND c_uni_ca='5' AND c_asigna='352440' [1][0] OK
C:[19/08/2013 15:15:18.23][190.199.92.188][1182] SELECT par_cod_asig1,par_cod_asig2,par_cod_asig3 FROM tblaca009_p_int WHERE pensum='5' AND c_uni_ca='5' AND c_asigna='355571' [1][0] OK
C:[19/08/2013 15:15:18.23][190.199.92.188][1182] SELECT par_cod_asig1,par_cod_asig2,par_cod_asig3 FROM tblaca009_p_int WHERE pensum='5' AND c_uni_ca='5' AND c_asigna='355573' [1][0] OK
C:[19/08/2013 15:15:18.62][190.199.92.188][1312] SELECT horas_lab FROM tblaca008 WHERE c_asigna='352440' AND horas_teoricas > 0 [1][0] OK
C:[19/08/2013 15:15:18.62][190.199.92.188][1312] SELECT horas_lab FROM tblaca008 WHERE c_asigna='355571' AND horas_teoricas > 0 [1][0] OK
C:[19/08/2013 15:15:18.62][190.199.92.188][1312] SELECT horas_lab FROM tblaca008 WHERE c_asigna='355573' AND horas_teoricas > 0 [1][0] OK
C:[19/08/2013 15:16:22.22][190.199.92.188][1138] SELECT pre_cod_asig1,pre_cod_asig2,pre_cod_asig3,pre_cod_asig4,pre_cod_asig5,pre_cod_asig6,pre_cod_asig7 FROM tblaca009_p_int WHERE pensum='5' AND c_uni_ca='4' AND c_asigna='300013' [1][0] OK
C:[19/08/2013 15:16:22.91][190.199.92.188][1182] SELECT par_cod_asig1,par_cod_asig2,par_cod_asig3 FROM tblaca009_p_int WHERE pensum='5' AND c_uni_ca='4' AND c_asigna='300013' [1][0] OK
C:[19/08/2013 15:16:22.05][190.199.92.188][1312] SELECT horas_lab FROM tblaca008 WHERE c_asigna='300013' AND horas_teoricas > 0 [1][0] OK
C:[19/08/2013 15:17:27.64][190.199.92.188][1138] SELECT pre_cod_asig1,pre_cod_asig2,pre_cod_asig3,pre_cod_asig4,pre_cod_asig5,pre_cod_asig6,pre_cod_asig7 FROM tblaca009_p_int WHERE pensum='5' AND c_uni_ca='2' AND c_asigna='300313' [1][0] OK
C:[19/08/2013 15:17:27.64][190.199.92.188][1151] SELECT c_asigna FROM dace004 WHERE exp_e='08-20504274' AND c_asigna='300213' AND status IN ('0','3','B','C') [1][0] OK
C:[19/08/2013 15:17:27.45][190.199.92.188][1182] SELECT par_cod_asig1,par_cod_asig2,par_cod_asig3 FROM tblaca009_p_int WHERE pensum='5' AND c_uni_ca='2' AND c_asigna='300313' [1][0] OK
C:[19/08/2013 15:17:27.59][190.199.92.188][1312] SELECT horas_lab FROM tblaca008 WHERE c_asigna='300313' AND horas_teoricas > 0 [1][0] OK
C:[19/08/2013 15:17:29.14][190.199.92.188][1138] SELECT pre_cod_asig1,pre_cod_asig2,pre_cod_asig3,pre_cod_asig4,pre_cod_asig5,pre_cod_asig6,pre_cod_asig7 FROM tblaca009_p_int WHERE pensum='5' AND c_uni_ca='2' AND c_asigna='300105' [1][0] OK
C:[19/08/2013 15:17:29.14][190.199.92.188][1138] SELECT pre_cod_asig1,pre_cod_asig2,pre_cod_asig3,pre_cod_asig4,pre_cod_asig5,pre_cod_asig6,pre_cod_asig7 FROM tblaca009_p_int WHERE pensum='5' AND c_uni_ca='2' AND c_asigna='300113' [1][0] OK
C:[19/08/2013 15:17:29.14][190.199.92.188][1138] SELECT pre_cod_asig1,pre_cod_asig2,pre_cod_asig3,pre_cod_asig4,pre_cod_asig5,pre_cod_asig6,pre_cod_asig7 FROM tblaca009_p_int WHERE pensum='5' AND c_uni_ca='2' AND c_asigna='300116' [1][0] OK
C:[19/08/2013 15:17:29.51][190.199.92.188][1182] SELECT par_cod_asig1,par_cod_asig2,par_cod_asig3 FROM tblaca009_p_int WHERE pensum='5' AND c_uni_ca='2' AND c_asigna='300105' [1][0] OK
C:[19/08/2013 15:17:29.51][190.199.92.188][1182] SELECT par_cod_asig1,par_cod_asig2,par_cod_asig3 FROM tblaca009_p_int WHERE pensum='5' AND c_uni_ca='2' AND c_asigna='300113' [1][0] OK
C:[19/08/2013 15:17:29.51][190.199.92.188][1196] SELECT c_asigna FROM dace004 WHERE exp_e='13-24889122' AND c_asigna='300013' AND status IN ('0','3','B','C') [0][0] OK
C:[19/08/2013 15:17:29.51][190.199.92.188][1182] SELECT par_cod_asig1,par_cod_asig2,par_cod_asig3 FROM tblaca009_p_int WHERE pensum='5' AND c_uni_ca='2' AND c_asigna='300116' [1][0] OK
C:[19/08/2013 15:17:29.02][190.199.92.188][1312] SELECT horas_lab FROM tblaca008 WHERE c_asigna='300105' AND horas_teoricas > 0 [1][0] OK
C:[19/08/2013 15:17:29.02][190.199.92.188][1312] SELECT horas_lab FROM tblaca008 WHERE c_asigna='300113' AND horas_teoricas > 0 [0][0] OK
C:[19/08/2013 15:17:29.02][190.199.92.188][1312] SELECT horas_lab FROM tblaca008 WHERE c_asigna='300116' AND horas_teoricas > 0 [1][0] OK
C:[19/08/2013 15:17:42.98][201.243.98.168][1138] SELECT pre_cod_asig1,pre_cod_asig2,pre_cod_asig3,pre_cod_asig4,pre_cod_asig5,pre_cod_asig6,pre_cod_asig7 FROM tblaca009_p_int WHERE pensum='5' AND c_uni_ca='3' AND c_asigna='311551' [1][0] OK
C:[19/08/2013 15:17:42.98][201.243.98.168][1151] SELECT c_asigna FROM dace004 WHERE exp_e='09-20506713' AND c_asigna='311430' AND status IN ('0','3','B','C') [1][0] OK
C:[19/08/2013 15:17:42.98][201.243.98.168][1138] SELECT pre_cod_asig1,pre_cod_asig2,pre_cod_asig3,pre_cod_asig4,pre_cod_asig5,pre_cod_asig6,pre_cod_asig7 FROM tblaca009_p_int WHERE pensum='5' AND c_uni_ca='3' AND c_asigna='315671' [1][0] OK
C:[19/08/2013 15:17:42.98][201.243.98.168][1151] SELECT c_asigna FROM dace004 WHERE exp_e='09-20506713' AND c_asigna='315552' AND status IN ('0','3','B','C') [1][0] OK
C:[19/08/2013 15:17:42.04][201.243.98.168][1182] SELECT par_cod_asig1,par_cod_asig2,par_cod_asig3 FROM tblaca009_p_int WHERE pensum='5' AND c_uni_ca='3' AND c_asigna='311551' [1][0] OK
C:[19/08/2013 15:17:42.04][201.243.98.168][1182] SELECT par_cod_asig1,par_cod_asig2,par_cod_asig3 FROM tblaca009_p_int WHERE pensum='5' AND c_uni_ca='3' AND c_asigna='315671' [1][0] OK
C:[19/08/2013 15:17:42.86][201.243.98.168][1312] SELECT horas_lab FROM tblaca008 WHERE c_asigna='311551' AND horas_teoricas > 0 [1][0] OK
C:[19/08/2013 15:17:42.86][201.243.98.168][1312] SELECT horas_lab FROM tblaca008 WHERE c_asigna='315671' AND horas_teoricas > 0 [1][0] OK
C:[19/08/2013 15:21:42.69][190.199.92.188][1138] SELECT pre_cod_asig1,pre_cod_asig2,pre_cod_asig3,pre_cod_asig4,pre_cod_asig5,pre_cod_asig6,pre_cod_asig7 FROM tblaca009_p_int WHERE pensum='5' AND c_uni_ca='3' AND c_asigna='300101' [1][0] OK
C:[19/08/2013 15:21:42.38][190.199.92.188][1182] SELECT par_cod_asig1,par_cod_asig2,par_cod_asig3 FROM tblaca009_p_int WHERE pensum='5' AND c_uni_ca='3' AND c_asigna='300101' [1][0] OK
C:[19/08/2013 15:21:42.52][190.199.92.188][1312] SELECT horas_lab FROM tblaca008 WHERE c_asigna='300101' AND horas_teoricas > 0 [1][0] OK
C:[19/08/2013 15:22:01.76][172.16.5.132][1138] SELECT pre_cod_asig1,pre_cod_asig2,pre_cod_asig3,pre_cod_asig4,pre_cod_asig5,pre_cod_asig6,pre_cod_asig7 FROM tblaca009_p_int WHERE pensum='5' AND c_uni_ca='6' AND c_asigna='344948' [1][0] OK
C:[19/08/2013 15:22:01.45][172.16.5.132][1182] SELECT par_cod_asig1,par_cod_asig2,par_cod_asig3 FROM tblaca009_p_int WHERE pensum='5' AND c_uni_ca='6' AND c_asigna='344948' [1][0] OK
C:[19/08/2013 15:22:01.58][172.16.5.132][1312] SELECT horas_lab FROM tblaca008 WHERE c_asigna='344948' AND horas_teoricas > 0 [1][0] OK
C:[19/08/2013 15:22:26.87][190.199.92.188][1138] SELECT pre_cod_asig1,pre_cod_asig2,pre_cod_asig3,pre_cod_asig4,pre_cod_asig5,pre_cod_asig6,pre_cod_asig7 FROM tblaca009_p_int WHERE pensum='5' AND c_uni_ca='2' AND c_asigna='300313' [1][0] OK
C:[19/08/2013 15:22:26.87][190.199.92.188][1151] SELECT c_asigna FROM dace004 WHERE exp_e='08-20504274' AND c_asigna='300213' AND status IN ('0','3','B','C') [1][0] OK
C:[19/08/2013 15:22:26.81][190.199.92.188][1182] SELECT par_cod_asig1,par_cod_asig2,par_cod_asig3 FROM tblaca009_p_int WHERE pensum='5' AND c_uni_ca='2' AND c_asigna='300313' [1][0] OK
C:[19/08/2013 15:22:26.94][190.199.92.188][1312] SELECT horas_lab FROM tblaca008 WHERE c_asigna='300313' AND horas_teoricas > 0 [1][0] OK
C:[19/08/2013 15:23:03.84][190.73.233.41][1138] SELECT pre_cod_asig1,pre_cod_asig2,pre_cod_asig3,pre_cod_asig4,pre_cod_asig5,pre_cod_asig6,pre_cod_asig7 FROM tblaca009_p_int WHERE pensum='5' AND c_uni_ca='2' AND c_asigna='322801' [1][0] OK
C:[19/08/2013 15:23:03.84][190.73.233.41][1151] SELECT c_asigna FROM dace004 WHERE exp_e='07-20285346' AND c_asigna='322780' AND status IN ('0','3','B','C') [1][0] OK
C:[19/08/2013 15:23:03.84][190.73.233.41][1138] SELECT pre_cod_asig1,pre_cod_asig2,pre_cod_asig3,pre_cod_asig4,pre_cod_asig5,pre_cod_asig6,pre_cod_asig7 FROM tblaca009_p_int WHERE pensum='5' AND c_uni_ca='2' AND c_asigna='322904' [1][0] OK
C:[19/08/2013 15:23:03.78][190.73.233.41][1182] SELECT par_cod_asig1,par_cod_asig2,par_cod_asig3 FROM tblaca009_p_int WHERE pensum='5' AND c_uni_ca='2' AND c_asigna='322801' [1][0] OK
C:[19/08/2013 15:23:03.78][190.73.233.41][1182] SELECT par_cod_asig1,par_cod_asig2,par_cod_asig3 FROM tblaca009_p_int WHERE pensum='5' AND c_uni_ca='2' AND c_asigna='322904' [1][0] OK
C:[19/08/2013 15:23:03.04][190.73.233.41][1312] SELECT horas_lab FROM tblaca008 WHERE c_asigna='322801' AND horas_teoricas > 0 [1][0] OK
C:[19/08/2013 15:23:03.04][190.73.233.41][1312] SELECT horas_lab FROM tblaca008 WHERE c_asigna='322904' AND horas_teoricas > 0 [1][0] OK
C:[19/08/2013 15:23:22.00][190.199.92.188][1138] SELECT pre_cod_asig1,pre_cod_asig2,pre_cod_asig3,pre_cod_asig4,pre_cod_asig5,pre_cod_asig6,pre_cod_asig7 FROM tblaca009_p_int WHERE pensum='5' AND c_uni_ca='2' AND c_asigna='300313' [1][0] OK
C:[19/08/2013 15:23:22.00][190.199.92.188][1151] SELECT c_asigna FROM dace004 WHERE exp_e='08-20504274' AND c_asigna='300213' AND status IN ('0','3','B','C') [1][0] OK
C:[19/08/2013 15:23:22.80][190.199.92.188][1182] SELECT par_cod_asig1,par_cod_asig2,par_cod_asig3 FROM tblaca009_p_int WHERE pensum='5' AND c_uni_ca='2' AND c_asigna='300313' [1][0] OK
C:[19/08/2013 15:23:22.95][190.199.92.188][1312] SELECT horas_lab FROM tblaca008 WHERE c_asigna='300313' AND horas_teoricas > 0 [1][0] OK
C:[19/08/2013 15:24:04.29][186.164.108.153][1138] SELECT pre_cod_asig1,pre_cod_asig2,pre_cod_asig3,pre_cod_asig4,pre_cod_asig5,pre_cod_asig6,pre_cod_asig7 FROM tblaca009_p_int WHERE pensum='5' AND c_uni_ca='2' AND c_asigna='300956' [1][0] OK
C:[19/08/2013 15:24:04.29][186.164.108.153][1151] SELECT c_asigna FROM dace004 WHERE exp_e='09-20547303' AND c_asigna='300422' AND status IN ('0','3','B','C') [1][0] OK
C:[19/08/2013 15:24:04.29][186.164.108.153][1138] SELECT pre_cod_asig1,pre_cod_asig2,pre_cod_asig3,pre_cod_asig4,pre_cod_asig5,pre_cod_asig6,pre_cod_asig7 FROM tblaca009_p_int WHERE pensum='5' AND c_uni_ca='2' AND c_asigna='322904' [1][0] OK
C:[19/08/2013 15:24:04.29][186.164.108.153][1138] SELECT pre_cod_asig1,pre_cod_asig2,pre_cod_asig3,pre_cod_asig4,pre_cod_asig5,pre_cod_asig6,pre_cod_asig7 FROM tblaca009_p_int WHERE pensum='5' AND c_uni_ca='2' AND c_asigna='322041' [1][0] OK
C:[19/08/2013 15:24:04.36][186.164.108.153][1182] SELECT par_cod_asig1,par_cod_asig2,par_cod_asig3 FROM tblaca009_p_int WHERE pensum='5' AND c_uni_ca='2' AND c_asigna='300956' [1][0] OK
C:[19/08/2013 15:24:04.36][186.164.108.153][1182] SELECT par_cod_asig1,par_cod_asig2,par_cod_asig3 FROM tblaca009_p_int WHERE pensum='5' AND c_uni_ca='2' AND c_asigna='322904' [1][0] OK
C:[19/08/2013 15:24:04.36][186.164.108.153][1182] SELECT par_cod_asig1,par_cod_asig2,par_cod_asig3 FROM tblaca009_p_int WHERE pensum='5' AND c_uni_ca='2' AND c_asigna='322041' [1][0] OK
C:[19/08/2013 15:24:04.74][186.164.108.153][1312] SELECT horas_lab FROM tblaca008 WHERE c_asigna='300956' AND horas_teoricas > 0 [1][0] OK
C:[19/08/2013 15:24:04.74][186.164.108.153][1312] SELECT horas_lab FROM tblaca008 WHERE c_asigna='322904' AND horas_teoricas > 0 [1][0] OK
C:[19/08/2013 15:24:04.74][186.164.108.153][1312] SELECT horas_lab FROM tblaca008 WHERE c_asigna='322041' AND horas_teoricas > 0 [1][0] OK
C:[19/08/2013 15:25:12.50][200.84.79.247][1138] SELECT pre_cod_asig1,pre_cod_asig2,pre_cod_asig3,pre_cod_asig4,pre_cod_asig5,pre_cod_asig6,pre_cod_asig7 FROM tblaca009_p_int WHERE pensum='5' AND c_uni_ca='4' AND c_asigna='333563' [1][0] OK
C:[19/08/2013 15:25:12.50][200.84.79.247][1151] SELECT c_asigna FROM dace004 WHERE exp_e='06-19301860' AND c_asigna='333440' AND status IN ('0','3','B','C') [1][0] OK
C:[19/08/2013 15:25:12.50][200.84.79.247][1151] SELECT c_asigna FROM dace004 WHERE exp_e='06-19301860' AND c_asigna='333442' AND status IN ('0','3','B','C') [1][0] OK
C:[19/08/2013 15:25:12.44][200.84.79.247][1182] SELECT par_cod_asig1,par_cod_asig2,par_cod_asig3 FROM tblaca009_p_int WHERE pensum='5' AND c_uni_ca='4' AND c_asigna='333563' [1][0] OK
C:[19/08/2013 15:25:12.58][200.84.79.247][1312] SELECT horas_lab FROM tblaca008 WHERE c_asigna='333563' AND horas_teoricas > 0 [1][0] OK
C:[19/08/2013 15:29:44.19][190.199.92.188][1138] SELECT pre_cod_asig1,pre_cod_asig2,pre_cod_asig3,pre_cod_asig4,pre_cod_asig5,pre_cod_asig6,pre_cod_asig7 FROM tblaca009_p_int WHERE pensum='5' AND c_uni_ca='4' AND c_asigna='330435' [1][0] OK
C:[19/08/2013 15:29:44.19][190.199.92.188][1138] SELECT pre_cod_asig1,pre_cod_asig2,pre_cod_asig3,pre_cod_asig4,pre_cod_asig5,pre_cod_asig6,pre_cod_asig7 FROM tblaca009_p_int WHERE pensum='5' AND c_uni_ca='4' AND c_asigna='333444' [1][0] OK
C:[19/08/2013 15:29:44.19][190.199.92.188][1151] SELECT c_asigna FROM dace004 WHERE exp_e='09-20285582' AND c_asigna='300317' AND status IN ('0','3','B','C') [1][0] OK
C:[19/08/2013 15:29:44.25][190.199.92.188][1182] SELECT par_cod_asig1,par_cod_asig2,par_cod_asig3 FROM tblaca009_p_int WHERE pensum='5' AND c_uni_ca='4' AND c_asigna='330435' [1][0] OK
C:[19/08/2013 15:29:44.25][190.199.92.188][1182] SELECT par_cod_asig1,par_cod_asig2,par_cod_asig3 FROM tblaca009_p_int WHERE pensum='5' AND c_uni_ca='4' AND c_asigna='333444' [1][0] OK
C:[19/08/2013 15:29:44.52][190.199.92.188][1312] SELECT horas_lab FROM tblaca008 WHERE c_asigna='330435' AND horas_teoricas > 0 [1][0] OK
C:[19/08/2013 15:29:44.52][190.199.92.188][1312] SELECT horas_lab FROM tblaca008 WHERE c_asigna='333444' AND horas_teoricas > 0 [1][0] OK
C:[19/08/2013 15:32:56.54][190.199.92.188][1138] SELECT pre_cod_asig1,pre_cod_asig2,pre_cod_asig3,pre_cod_asig4,pre_cod_asig5,pre_cod_asig6,pre_cod_asig7 FROM tblaca009_p_int WHERE pensum='5' AND c_uni_ca='4' AND c_asigna='300313' [1][0] OK
C:[19/08/2013 15:32:56.54][190.199.92.188][1151] SELECT c_asigna FROM dace004 WHERE exp_e='10-23500944' AND c_asigna='300213' AND status IN ('0','3','B','C') [1][0] OK
C:[19/08/2013 15:32:56.54][190.199.92.188][1138] SELECT pre_cod_asig1,pre_cod_asig2,pre_cod_asig3,pre_cod_asig4,pre_cod_asig5,pre_cod_asig6,pre_cod_asig7 FROM tblaca009_p_int WHERE pensum='5' AND c_uni_ca='4' AND c_asigna='330310' [1][0] OK
C:[19/08/2013 15:32:56.54][190.199.92.188][1151] SELECT c_asigna FROM dace004 WHERE exp_e='10-23500944' AND c_asigna='300013' AND status IN ('0','3','B','C') [1][0] OK
C:[19/08/2013 15:32:56.54][190.199.92.188][1151] SELECT c_asigna FROM dace004 WHERE exp_e='10-23500944' AND c_asigna='300113' AND status IN ('0','3','B','C') [1][0] OK
C:[19/08/2013 15:32:56.73][190.199.92.188][1182] SELECT par_cod_asig1,par_cod_asig2,par_cod_asig3 FROM tblaca009_p_int WHERE pensum='5' AND c_uni_ca='4' AND c_asigna='300313' [1][0] OK
C:[19/08/2013 15:32:56.73][190.199.92.188][1182] SELECT par_cod_asig1,par_cod_asig2,par_cod_asig3 FROM tblaca009_p_int WHERE pensum='5' AND c_uni_ca='4' AND c_asigna='330310' [1][0] OK
C:[19/08/2013 15:32:56.00][190.199.92.188][1312] SELECT horas_lab FROM tblaca008 WHERE c_asigna='300313' AND horas_teoricas > 0 [1][0] OK
C:[19/08/2013 15:32:56.00][190.199.92.188][1312] SELECT horas_lab FROM tblaca008 WHERE c_asigna='330310' AND horas_teoricas > 0 [1][0] OK
C:[19/08/2013 15:36:20.30][190.199.92.188][1138] SELECT pre_cod_asig1,pre_cod_asig2,pre_cod_asig3,pre_cod_asig4,pre_cod_asig5,pre_cod_asig6,pre_cod_asig7 FROM tblaca009_p_int WHERE pensum='5' AND c_uni_ca='2' AND c_asigna='300318' [1][0] OK
C:[19/08/2013 15:36:20.30][190.199.92.188][1151] SELECT c_asigna FROM dace004 WHERE exp_e='10-21198393' AND c_asigna='300228' AND status IN ('0','3','B','C') [1][0] OK
C:[19/08/2013 15:36:20.30][190.199.92.188][1151] SELECT c_asigna FROM dace004 WHERE exp_e='10-21198393' AND c_asigna='300207' AND status IN ('0','3','B','C') [1][0] OK
C:[19/08/2013 15:36:20.30][190.199.92.188][1151] SELECT c_asigna FROM dace004 WHERE exp_e='10-21198393' AND c_asigna='300218' AND status IN ('0','3','B','C') [1][0] OK
C:[19/08/2013 15:36:20.30][190.199.92.188][1138] SELECT pre_cod_asig1,pre_cod_asig2,pre_cod_asig3,pre_cod_asig4,pre_cod_asig5,pre_cod_asig6,pre_cod_asig7 FROM tblaca009_p_int WHERE pensum='5' AND c_uni_ca='2' AND c_asigna='300428' [1][0] OK
C:[19/08/2013 15:36:20.30][190.199.92.188][1151] SELECT c_asigna FROM dace004 WHERE exp_e='10-21198393' AND c_asigna='300317' AND status IN ('0','3','B','C') [1][0] OK
C:[19/08/2013 15:36:20.30][190.199.92.188][1138] SELECT pre_cod_asig1,pre_cod_asig2,pre_cod_asig3,pre_cod_asig4,pre_cod_asig5,pre_cod_asig6,pre_cod_asig7 FROM tblaca009_p_int WHERE pensum='5' AND c_uni_ca='2' AND c_asigna='320437' [1][0] OK
C:[19/08/2013 15:36:20.30][190.199.92.188][1151] SELECT c_asigna FROM dace004 WHERE exp_e='10-21198393' AND c_asigna='300317' AND status IN ('0','3','B','C') [1][0] OK
C:[19/08/2013 15:36:20.86][190.199.92.188][1182] SELECT par_cod_asig1,par_cod_asig2,par_cod_asig3 FROM tblaca009_p_int WHERE pensum='5' AND c_uni_ca='2' AND c_asigna='300318' [1][0] OK
C:[19/08/2013 15:36:20.86][190.199.92.188][1182] SELECT par_cod_asig1,par_cod_asig2,par_cod_asig3 FROM tblaca009_p_int WHERE pensum='5' AND c_uni_ca='2' AND c_asigna='300428' [1][0] OK
C:[19/08/2013 15:36:20.86][190.199.92.188][1182] SELECT par_cod_asig1,par_cod_asig2,par_cod_asig3 FROM tblaca009_p_int WHERE pensum='5' AND c_uni_ca='2' AND c_asigna='320437' [1][0] OK
C:[19/08/2013 15:36:20.24][190.199.92.188][1312] SELECT horas_lab FROM tblaca008 WHERE c_asigna='300318' AND horas_teoricas > 0 [1][0] OK
C:[19/08/2013 15:36:20.24][190.199.92.188][1312] SELECT horas_lab FROM tblaca008 WHERE c_asigna='300428' AND horas_teoricas > 0 [1][0] OK
C:[19/08/2013 15:36:20.24][190.199.92.188][1312] SELECT horas_lab FROM tblaca008 WHERE c_asigna='320437' AND horas_teoricas > 0 [1][0] OK
C:[19/08/2013 15:36:24.79][190.199.92.188][1138] SELECT pre_cod_asig1,pre_cod_asig2,pre_cod_asig3,pre_cod_asig4,pre_cod_asig5,pre_cod_asig6,pre_cod_asig7 FROM tblaca009_p_int WHERE pensum='5' AND c_uni_ca='2' AND c_asigna='300313' [1][0] OK
C:[19/08/2013 15:36:24.79][190.199.92.188][1151] SELECT c_asigna FROM dace004 WHERE exp_e='08-20504274' AND c_asigna='300213' AND status IN ('0','3','B','C') [1][0] OK
C:[19/08/2013 15:36:24.79][190.199.92.188][1138] SELECT pre_cod_asig1,pre_cod_asig2,pre_cod_asig3,pre_cod_asig4,pre_cod_asig5,pre_cod_asig6,pre_cod_asig7 FROM tblaca009_p_int WHERE pensum='5' AND c_uni_ca='2' AND c_asigna='300317' [1][0] OK
C:[19/08/2013 15:36:24.79][190.199.92.188][1151] SELECT c_asigna FROM dace004 WHERE exp_e='08-20504274' AND c_asigna='300207' AND status IN ('0','3','B','C') [1][0] OK
C:[19/08/2013 15:36:24.79][190.199.92.188][1151] SELECT c_asigna FROM dace004 WHERE exp_e='08-20504274' AND c_asigna='300209' AND status IN ('0','3','B','C') [1][0] OK
C:[19/08/2013 15:36:24.41][190.199.92.188][1182] SELECT par_cod_asig1,par_cod_asig2,par_cod_asig3 FROM tblaca009_p_int WHERE pensum='5' AND c_uni_ca='2' AND c_asigna='300313' [1][0] OK
C:[19/08/2013 15:36:24.41][190.199.92.188][1182] SELECT par_cod_asig1,par_cod_asig2,par_cod_asig3 FROM tblaca009_p_int WHERE pensum='5' AND c_uni_ca='2' AND c_asigna='300317' [1][0] OK
C:[19/08/2013 15:36:24.67][190.199.92.188][1312] SELECT horas_lab FROM tblaca008 WHERE c_asigna='300313' AND horas_teoricas > 0 [1][0] OK
C:[19/08/2013 15:36:24.67][190.199.92.188][1312] SELECT horas_lab FROM tblaca008 WHERE c_asigna='300317' AND horas_teoricas > 0 [1][0] OK
C:[19/08/2013 15:36:36.09][186.89.158.245][1138] SELECT pre_cod_asig1,pre_cod_asig2,pre_cod_asig3,pre_cod_asig4,pre_cod_asig5,pre_cod_asig6,pre_cod_asig7 FROM tblaca009_p_int WHERE pensum='5' AND c_uni_ca='6' AND c_asigna='340327' [1][0] OK
C:[19/08/2013 15:36:36.09][186.89.158.245][1151] SELECT c_asigna FROM dace004 WHERE exp_e='08-22831294' AND c_asigna='300013' AND status IN ('0','3','B','C') [1][0] OK
C:[19/08/2013 15:36:36.09][186.89.158.245][1151] SELECT c_asigna FROM dace004 WHERE exp_e='08-22831294' AND c_asigna='300113' AND status IN ('0','3','B','C') [1][0] OK
C:[19/08/2013 15:36:36.09][186.89.158.245][1138] SELECT pre_cod_asig1,pre_cod_asig2,pre_cod_asig3,pre_cod_asig4,pre_cod_asig5,pre_cod_asig6,pre_cod_asig7 FROM tblaca009_p_int WHERE pensum='5' AND c_uni_ca='6' AND c_asigna='344565' [1][0] OK
C:[19/08/2013 15:36:36.09][186.89.158.245][1151] SELECT c_asigna FROM dace004 WHERE exp_e='08-22831294' AND c_asigna='344445' AND status IN ('0','3','B','C') [1][0] OK
C:[19/08/2013 15:36:37.28][186.89.158.245][1182] SELECT par_cod_asig1,par_cod_asig2,par_cod_asig3 FROM tblaca009_p_int WHERE pensum='5' AND c_uni_ca='6' AND c_asigna='340327' [1][0] OK
C:[19/08/2013 15:36:37.28][186.89.158.245][1182] SELECT par_cod_asig1,par_cod_asig2,par_cod_asig3 FROM tblaca009_p_int WHERE pensum='5' AND c_uni_ca='6' AND c_asigna='344565' [1][0] OK
C:[19/08/2013 15:36:37.54][186.89.158.245][1312] SELECT horas_lab FROM tblaca008 WHERE c_asigna='340327' AND horas_teoricas > 0 [1][0] OK
C:[19/08/2013 15:36:37.54][186.89.158.245][1312] SELECT horas_lab FROM tblaca008 WHERE c_asigna='344565' AND horas_teoricas > 0 [1][0] OK
C:[19/08/2013 15:37:03.53][190.199.92.188][1138] SELECT pre_cod_asig1,pre_cod_asig2,pre_cod_asig3,pre_cod_asig4,pre_cod_asig5,pre_cod_asig6,pre_cod_asig7 FROM tblaca009_p_int WHERE pensum='5' AND c_uni_ca='2' AND c_asigna='300101' [1][0] OK
C:[19/08/2013 15:37:03.53][190.199.92.188][1138] SELECT pre_cod_asig1,pre_cod_asig2,pre_cod_asig3,pre_cod_asig4,pre_cod_asig5,pre_cod_asig6,pre_cod_asig7 FROM tblaca009_p_int WHERE pensum='5' AND c_uni_ca='2' AND c_asigna='300112' [1][0] OK
C:[19/08/2013 15:37:03.35][190.199.92.188][1182] SELECT par_cod_asig1,par_cod_asig2,par_cod_asig3 FROM tblaca009_p_int WHERE pensum='5' AND c_uni_ca='2' AND c_asigna='300101' [1][0] OK
C:[19/08/2013 15:37:03.35][190.199.92.188][1182] SELECT par_cod_asig1,par_cod_asig2,par_cod_asig3 FROM tblaca009_p_int WHERE pensum='5' AND c_uni_ca='2' AND c_asigna='300112' [1][0] OK
C:[19/08/2013 15:37:04.61][190.199.92.188][1312] SELECT horas_lab FROM tblaca008 WHERE c_asigna='300101' AND horas_teoricas > 0 [1][0] OK
C:[19/08/2013 15:37:04.61][190.199.92.188][1312] SELECT horas_lab FROM tblaca008 WHERE c_asigna='300112' AND horas_teoricas > 0 [1][0] OK
C:[19/08/2013 15:43:20.40][190.199.92.188][1138] SELECT pre_cod_asig1,pre_cod_asig2,pre_cod_asig3,pre_cod_asig4,pre_cod_asig5,pre_cod_asig6,pre_cod_asig7 FROM tblaca009_p_int WHERE pensum='5' AND c_uni_ca='5' AND c_asigna='351451' [1][0] OK
C:[19/08/2013 15:43:20.40][190.199.92.188][1151] SELECT c_asigna FROM dace004 WHERE exp_e='11-24559482' AND c_asigna='351330' AND status IN ('0','3','B','C') [1][0] OK
C:[19/08/2013 15:43:20.40][190.199.92.188][1151] SELECT c_asigna FROM dace004 WHERE exp_e='11-24559482' AND c_asigna='355350' AND status IN ('0','3','B','C') [1][0] OK
C:[19/08/2013 15:43:20.40][190.199.92.188][1151] SELECT c_asigna FROM dace004 WHERE exp_e='11-24559482' AND c_asigna='300318' AND status IN ('0','3','B','C') [1][0] OK
C:[19/08/2013 15:43:20.40][190.199.92.188][1138] SELECT pre_cod_asig1,pre_cod_asig2,pre_cod_asig3,pre_cod_asig4,pre_cod_asig5,pre_cod_asig6,pre_cod_asig7 FROM tblaca009_p_int WHERE pensum='5' AND c_uni_ca='5' AND c_asigna='300676' [1][0] OK
C:[19/08/2013 15:43:20.59][190.199.92.188][1182] SELECT par_cod_asig1,par_cod_asig2,par_cod_asig3 FROM tblaca009_p_int WHERE pensum='5' AND c_uni_ca='5' AND c_asigna='351451' [1][0] OK
C:[19/08/2013 15:43:20.59][190.199.92.188][1182] SELECT par_cod_asig1,par_cod_asig2,par_cod_asig3 FROM tblaca009_p_int WHERE pensum='5' AND c_uni_ca='5' AND c_asigna='300676' [1][0] OK
C:[19/08/2013 15:43:20.86][190.199.92.188][1312] SELECT horas_lab FROM tblaca008 WHERE c_asigna='351451' AND horas_teoricas > 0 [1][0] OK
C:[19/08/2013 15:43:20.86][190.199.92.188][1312] SELECT horas_lab FROM tblaca008 WHERE c_asigna='300676' AND horas_teoricas > 0 [1][0] OK
C:[19/08/2013 15:43:49.68][190.199.92.188][1138] SELECT pre_cod_asig1,pre_cod_asig2,pre_cod_asig3,pre_cod_asig4,pre_cod_asig5,pre_cod_asig6,pre_cod_asig7 FROM tblaca009_p_int WHERE pensum='5' AND c_uni_ca='6' AND c_asigna='340327' [1][0] OK
C:[19/08/2013 15:43:49.68][190.199.92.188][1151] SELECT c_asigna FROM dace004 WHERE exp_e='10-18828057' AND c_asigna='300013' AND status IN ('0','3','B','C') [1][0] OK
C:[19/08/2013 15:43:49.68][190.199.92.188][1151] SELECT c_asigna FROM dace004 WHERE exp_e='10-18828057' AND c_asigna='300113' AND status IN ('0','3','B','C') [1][0] OK
C:[19/08/2013 15:43:49.68][190.199.92.188][1138] SELECT pre_cod_asig1,pre_cod_asig2,pre_cod_asig3,pre_cod_asig4,pre_cod_asig5,pre_cod_asig6,pre_cod_asig7 FROM tblaca009_p_int WHERE pensum='5' AND c_uni_ca='6' AND c_asigna='300428' [1][0] OK
C:[19/08/2013 15:43:49.68][190.199.92.188][1151] SELECT c_asigna FROM dace004 WHERE exp_e='10-18828057' AND c_asigna='300317' AND status IN ('0','3','B','C') [1][0] OK
C:[19/08/2013 15:43:49.43][190.199.92.188][1182] SELECT par_cod_asig1,par_cod_asig2,par_cod_asig3 FROM tblaca009_p_int WHERE pensum='5' AND c_uni_ca='6' AND c_asigna='340327' [1][0] OK
C:[19/08/2013 15:43:49.43][190.199.92.188][1182] SELECT par_cod_asig1,par_cod_asig2,par_cod_asig3 FROM tblaca009_p_int WHERE pensum='5' AND c_uni_ca='6' AND c_asigna='300428' [1][0] OK
C:[19/08/2013 15:43:49.69][190.199.92.188][1312] SELECT horas_lab FROM tblaca008 WHERE c_asigna='340327' AND horas_teoricas > 0 [1][0] OK
C:[19/08/2013 15:43:49.69][190.199.92.188][1312] SELECT horas_lab FROM tblaca008 WHERE c_asigna='300428' AND horas_teoricas > 0 [1][0] OK
C:[19/08/2013 15:44:23.81][190.94.249.229][1138] SELECT pre_cod_asig1,pre_cod_asig2,pre_cod_asig3,pre_cod_asig4,pre_cod_asig5,pre_cod_asig6,pre_cod_asig7 FROM tblaca009_p_int WHERE pensum='5' AND c_uni_ca='5' AND c_asigna='355692' [1][0] OK
C:[19/08/2013 15:44:23.81][190.94.249.229][1151] SELECT c_asigna FROM dace004 WHERE exp_e='06-18886610' AND c_asigna='355448' AND status IN ('0','3','B','C') [1][0] OK
C:[19/08/2013 15:44:23.81][190.94.249.229][1151] SELECT c_asigna FROM dace004 WHERE exp_e='06-18886610' AND c_asigna='355570' AND status IN ('0','3','B','C') [1][0] OK
C:[19/08/2013 15:44:23.74][190.94.249.229][1182] SELECT par_cod_asig1,par_cod_asig2,par_cod_asig3 FROM tblaca009_p_int WHERE pensum='5' AND c_uni_ca='5' AND c_asigna='355692' [1][0] OK
C:[19/08/2013 15:44:23.89][190.94.249.229][1312] SELECT horas_lab FROM tblaca008 WHERE c_asigna='355692' AND horas_teoricas > 0 [1][0] OK
C:[19/08/2013 15:45:26.67][190.199.92.188][1138] SELECT pre_cod_asig1,pre_cod_asig2,pre_cod_asig3,pre_cod_asig4,pre_cod_asig5,pre_cod_asig6,pre_cod_asig7 FROM tblaca009_p_int WHERE pensum='5' AND c_uni_ca='2' AND c_asigna='322550' [1][0] OK
C:[19/08/2013 15:45:26.67][190.199.92.188][1151] SELECT c_asigna FROM dace004 WHERE exp_e='07-19911380' AND c_asigna='322433' AND status IN ('0','3','B','C') [1][0] OK
C:[19/08/2013 15:45:26.67][190.199.92.188][1138] SELECT pre_cod_asig1,pre_cod_asig2,pre_cod_asig3,pre_cod_asig4,pre_cod_asig5,pre_cod_asig6,pre_cod_asig7 FROM tblaca009_p_int WHERE pensum='5' AND c_uni_ca='2' AND c_asigna='322559' [1][0] OK
C:[19/08/2013 15:45:26.67][190.199.92.188][1151] SELECT c_asigna FROM dace004 WHERE exp_e='07-19911380' AND c_asigna='300428' AND status IN ('0','3','B','C') [1][0] OK
C:[19/08/2013 15:45:26.67][190.199.92.188][1151] SELECT c_asigna FROM dace004 WHERE exp_e='07-19911380' AND c_asigna='322436' AND status IN ('0','3','B','C') [1][0] OK
C:[19/08/2013 15:45:26.67][190.199.92.188][1138] SELECT pre_cod_asig1,pre_cod_asig2,pre_cod_asig3,pre_cod_asig4,pre_cod_asig5,pre_cod_asig6,pre_cod_asig7 FROM tblaca009_p_int WHERE pensum='5' AND c_uni_ca='2' AND c_asigna='322669' [1][0] OK
C:[19/08/2013 15:45:26.67][190.199.92.188][1151] SELECT c_asigna FROM dace004 WHERE exp_e='07-19911380' AND c_asigna='322558' AND status IN ('0','3','B','C') [1][0] OK
C:[19/08/2013 15:45:26.11][190.199.92.188][1182] SELECT par_cod_asig1,par_cod_asig2,par_cod_asig3 FROM tblaca009_p_int WHERE pensum='5' AND c_uni_ca='2' AND c_asigna='322550' [1][0] OK
C:[19/08/2013 15:45:26.11][190.199.92.188][1182] SELECT par_cod_asig1,par_cod_asig2,par_cod_asig3 FROM tblaca009_p_int WHERE pensum='5' AND c_uni_ca='2' AND c_asigna='322559' [1][0] OK
C:[19/08/2013 15:45:26.11][190.199.92.188][1182] SELECT par_cod_asig1,par_cod_asig2,par_cod_asig3 FROM tblaca009_p_int WHERE pensum='5' AND c_uni_ca='2' AND c_asigna='322669' [1][0] OK
C:[19/08/2013 15:45:26.50][190.199.92.188][1312] SELECT horas_lab FROM tblaca008 WHERE c_asigna='322550' AND horas_teoricas > 0 [1][0] OK
C:[19/08/2013 15:45:26.50][190.199.92.188][1312] SELECT horas_lab FROM tblaca008 WHERE c_asigna='322559' AND horas_teoricas > 0 [1][0] OK
C:[19/08/2013 15:45:26.50][190.199.92.188][1312] SELECT horas_lab FROM tblaca008 WHERE c_asigna='322669' AND horas_teoricas > 0 [1][0] OK
C:[19/08/2013 15:49:30.43][181.185.174.68][1138] SELECT pre_cod_asig1,pre_cod_asig2,pre_cod_asig3,pre_cod_asig4,pre_cod_asig5,pre_cod_asig6,pre_cod_asig7 FROM tblaca009_p_int WHERE pensum='5' AND c_uni_ca='5' AND c_asigna='355722' [1][0] OK
C:[19/08/2013 15:49:30.43][181.185.174.68][1151] SELECT c_asigna FROM dace004 WHERE exp_e='09-20504519' AND c_asigna='355691' AND status IN ('0','3','B','C') [1][0] OK
C:[19/08/2013 15:49:30.43][181.185.174.68][1151] SELECT c_asigna FROM dace004 WHERE exp_e='09-20504519' AND c_asigna='355595' AND status IN ('0','3','B','C') [1][0] OK
C:[19/08/2013 15:49:30.43][181.185.174.68][1138] SELECT pre_cod_asig1,pre_cod_asig2,pre_cod_asig3,pre_cod_asig4,pre_cod_asig5,pre_cod_asig6,pre_cod_asig7 FROM tblaca009_p_int WHERE pensum='5' AND c_uni_ca='5' AND c_asigna='300870' [1][0] OK
C:[19/08/2013 15:49:31.18][181.185.174.68][1182] SELECT par_cod_asig1,par_cod_asig2,par_cod_asig3 FROM tblaca009_p_int WHERE pensum='5' AND c_uni_ca='5' AND c_asigna='355722' [1][0] OK
C:[19/08/2013 15:49:31.18][181.185.174.68][1182] SELECT par_cod_asig1,par_cod_asig2,par_cod_asig3 FROM tblaca009_p_int WHERE pensum='5' AND c_uni_ca='5' AND c_asigna='300870' [1][0] OK
C:[19/08/2013 15:49:31.44][181.185.174.68][1312] SELECT horas_lab FROM tblaca008 WHERE c_asigna='355722' AND horas_teoricas > 0 [1][0] OK
C:[19/08/2013 15:49:31.44][181.185.174.68][1312] SELECT horas_lab FROM tblaca008 WHERE c_asigna='300870' AND horas_teoricas > 0 [1][0] OK
C:[19/08/2013 15:53:37.93][190.74.160.221][1138] SELECT pre_cod_asig1,pre_cod_asig2,pre_cod_asig3,pre_cod_asig4,pre_cod_asig5,pre_cod_asig6,pre_cod_asig7 FROM tblaca009_p_int WHERE pensum='5' AND c_uni_ca='5' AND c_asigna='355720' [1][0] OK
C:[19/08/2013 15:53:37.93][190.74.160.221][1151] SELECT c_asigna FROM dace004 WHERE exp_e='92-14725594' AND c_asigna='355692' AND status IN ('0','3','B','C') [1][0] OK
C:[19/08/2013 15:53:37.93][190.74.160.221][1151] SELECT c_asigna FROM dace004 WHERE exp_e='92-14725594' AND c_asigna='355696' AND status IN ('0','3','B','C') [1][0] OK
C:[19/08/2013 15:53:37.86][190.74.160.221][1182] SELECT par_cod_asig1,par_cod_asig2,par_cod_asig3 FROM tblaca009_p_int WHERE pensum='5' AND c_uni_ca='5' AND c_asigna='355720' [1][0] OK
C:[19/08/2013 15:53:37.01][190.74.160.221][1312] SELECT horas_lab FROM tblaca008 WHERE c_asigna='355720' AND horas_teoricas > 0 [1][0] OK
C:[19/08/2013 15:55:49.82][190.199.92.188][1138] SELECT pre_cod_asig1,pre_cod_asig2,pre_cod_asig3,pre_cod_asig4,pre_cod_asig5,pre_cod_asig6,pre_cod_asig7 FROM tblaca009_p_int WHERE pensum='5' AND c_uni_ca='6' AND c_asigna='344688' [1][0] OK
C:[19/08/2013 15:55:49.82][190.199.92.188][1151] SELECT c_asigna FROM dace004 WHERE exp_e='08-20503880' AND c_asigna='344565' AND status IN ('0','3','B','C') [1][0] OK
C:[19/08/2013 15:55:49.63][190.199.92.188][1182] SELECT par_cod_asig1,par_cod_asig2,par_cod_asig3 FROM tblaca009_p_int WHERE pensum='5' AND c_uni_ca='6' AND c_asigna='344688' [1][0] OK
C:[19/08/2013 15:55:49.77][190.199.92.188][1312] SELECT horas_lab FROM tblaca008 WHERE c_asigna='344688' AND horas_teoricas > 0 [1][0] OK
C:[19/08/2013 15:56:08.28][190.199.92.188][1138] SELECT pre_cod_asig1,pre_cod_asig2,pre_cod_asig3,pre_cod_asig4,pre_cod_asig5,pre_cod_asig6,pre_cod_asig7 FROM tblaca009_p_int WHERE pensum='5' AND c_uni_ca='6' AND c_asigna='344688' [1][0] OK
C:[19/08/2013 15:56:08.28][190.199.92.188][1151] SELECT c_asigna FROM dace004 WHERE exp_e='09-21248999' AND c_asigna='344565' AND status IN ('0','3','B','C') [1][0] OK
C:[19/08/2013 15:56:08.28][190.199.92.188][1138] SELECT pre_cod_asig1,pre_cod_asig2,pre_cod_asig3,pre_cod_asig4,pre_cod_asig5,pre_cod_asig6,pre_cod_asig7 FROM tblaca009_p_int WHERE pensum='5' AND c_uni_ca='6' AND c_asigna='344687' [1][0] OK
C:[19/08/2013 15:56:08.28][190.199.92.188][1151] SELECT c_asigna FROM dace004 WHERE exp_e='09-21248999' AND c_asigna='344565' AND status IN ('0','3','B','C') [1][0] OK
C:[19/08/2013 15:56:08.34][190.199.92.188][1182] SELECT par_cod_asig1,par_cod_asig2,par_cod_asig3 FROM tblaca009_p_int WHERE pensum='5' AND c_uni_ca='6' AND c_asigna='344688' [1][0] OK
C:[19/08/2013 15:56:08.34][190.199.92.188][1182] SELECT par_cod_asig1,par_cod_asig2,par_cod_asig3 FROM tblaca009_p_int WHERE pensum='5' AND c_uni_ca='6' AND c_asigna='344687' [1][0] OK
C:[19/08/2013 15:56:09.60][190.199.92.188][1312] SELECT horas_lab FROM tblaca008 WHERE c_asigna='344688' AND horas_teoricas > 0 [1][0] OK
C:[19/08/2013 15:56:09.60][190.199.92.188][1312] SELECT horas_lab FROM tblaca008 WHERE c_asigna='344687' AND horas_teoricas > 0 [1][0] OK
C:[19/08/2013 15:56:39.25][190.74.160.221][1138] SELECT pre_cod_asig1,pre_cod_asig2,pre_cod_asig3,pre_cod_asig4,pre_cod_asig5,pre_cod_asig6,pre_cod_asig7 FROM tblaca009_p_int WHERE pensum='5' AND c_uni_ca='5' AND c_asigna='355720' [1][0] OK
C:[19/08/2013 15:56:39.25][190.74.160.221][1151] SELECT c_asigna FROM dace004 WHERE exp_e='92-14725594' AND c_asigna='355692' AND status IN ('0','3','B','C') [1][0] OK
C:[19/08/2013 15:56:39.25][190.74.160.221][1151] SELECT c_asigna FROM dace004 WHERE exp_e='92-14725594' AND c_asigna='355696' AND status IN ('0','3','B','C') [1][0] OK
C:[19/08/2013 15:56:39.19][190.74.160.221][1182] SELECT par_cod_asig1,par_cod_asig2,par_cod_asig3 FROM tblaca009_p_int WHERE pensum='5' AND c_uni_ca='5' AND c_asigna='355720' [1][0] OK
C:[19/08/2013 15:56:39.33][190.74.160.221][1312] SELECT horas_lab FROM tblaca008 WHERE c_asigna='355720' AND horas_teoricas > 0 [1][0] OK
C:[19/08/2013 15:57:40.88][186.167.243.97][1138] SELECT pre_cod_asig1,pre_cod_asig2,pre_cod_asig3,pre_cod_asig4,pre_cod_asig5,pre_cod_asig6,pre_cod_asig7 FROM tblaca009_p_int WHERE pensum='5' AND c_uni_ca='5' AND c_asigna='355720' [1][0] OK
C:[19/08/2013 15:57:40.88][186.167.243.97][1151] SELECT c_asigna FROM dace004 WHERE exp_e='05-18666425' AND c_asigna='355692' AND status IN ('0','3','B','C') [1][0] OK
C:[19/08/2013 15:57:40.88][186.167.243.97][1151] SELECT c_asigna FROM dace004 WHERE exp_e='05-18666425' AND c_asigna='355696' AND status IN ('0','3','B','C') [1][0] OK
C:[19/08/2013 15:57:40.88][186.167.243.97][1138] SELECT pre_cod_asig1,pre_cod_asig2,pre_cod_asig3,pre_cod_asig4,pre_cod_asig5,pre_cod_asig6,pre_cod_asig7 FROM tblaca009_p_int WHERE pensum='5' AND c_uni_ca='5' AND c_asigna='300956' [1][0] OK
C:[19/08/2013 15:57:40.88][186.167.243.97][1151] SELECT c_asigna FROM dace004 WHERE exp_e='05-18666425' AND c_asigna='300422' AND status IN ('0','3','B','C') [1][0] OK
C:[19/08/2013 15:57:40.88][186.167.243.97][1138] SELECT pre_cod_asig1,pre_cod_asig2,pre_cod_asig3,pre_cod_asig4,pre_cod_asig5,pre_cod_asig6,pre_cod_asig7 FROM tblaca009_p_int WHERE pensum='5' AND c_uni_ca='5' AND c_asigna='300870' [1][0] OK
C:[19/08/2013 15:57:40.19][186.167.243.97][1182] SELECT par_cod_asig1,par_cod_asig2,par_cod_asig3 FROM tblaca009_p_int WHERE pensum='5' AND c_uni_ca='5' AND c_asigna='355720' [1][0] OK
C:[19/08/2013 15:57:40.19][186.167.243.97][1182] SELECT par_cod_asig1,par_cod_asig2,par_cod_asig3 FROM tblaca009_p_int WHERE pensum='5' AND c_uni_ca='5' AND c_asigna='300956' [1][0] OK
C:[19/08/2013 15:57:40.19][186.167.243.97][1182] SELECT par_cod_asig1,par_cod_asig2,par_cod_asig3 FROM tblaca009_p_int WHERE pensum='5' AND c_uni_ca='5' AND c_asigna='300870' [1][0] OK
C:[19/08/2013 15:57:40.58][186.167.243.97][1312] SELECT horas_lab FROM tblaca008 WHERE c_asigna='355720' AND horas_teoricas > 0 [1][0] OK
C:[19/08/2013 15:57:40.58][186.167.243.97][1312] SELECT horas_lab FROM tblaca008 WHERE c_asigna='300956' AND horas_teoricas > 0 [1][0] OK
C:[19/08/2013 15:57:40.58][186.167.243.97][1312] SELECT horas_lab FROM tblaca008 WHERE c_asigna='300870' AND horas_teoricas > 0 [1][0] OK
C:[19/08/2013 15:57:45.42][68.171.231.85][1138] SELECT pre_cod_asig1,pre_cod_asig2,pre_cod_asig3,pre_cod_asig4,pre_cod_asig5,pre_cod_asig6,pre_cod_asig7 FROM tblaca009_p_int WHERE pensum='5' AND c_uni_ca='6' AND c_asigna='342436' [1][0] OK
C:[19/08/2013 15:57:45.42][68.171.231.85][1151] SELECT c_asigna FROM dace004 WHERE exp_e='10-20223780' AND c_asigna='300318' AND status IN ('0','3','B','C') [1][0] OK
C:[19/08/2013 15:57:45.42][68.171.231.85][1151] SELECT c_asigna FROM dace004 WHERE exp_e='10-20223780' AND c_asigna='300317' AND status IN ('0','3','B','C') [1][0] OK
C:[19/08/2013 15:57:45.80][68.171.231.85][1182] SELECT par_cod_asig1,par_cod_asig2,par_cod_asig3 FROM tblaca009_p_int WHERE pensum='5' AND c_uni_ca='6' AND c_asigna='342436' [1][0] OK
C:[19/08/2013 15:57:45.94][68.171.231.85][1312] SELECT horas_lab FROM tblaca008 WHERE c_asigna='342436' AND horas_teoricas > 0 [1][0] OK
C:[19/08/2013 15:58:04.41][190.199.92.188][1138] SELECT pre_cod_asig1,pre_cod_asig2,pre_cod_asig3,pre_cod_asig4,pre_cod_asig5,pre_cod_asig6,pre_cod_asig7 FROM tblaca009_p_int WHERE pensum='5' AND c_uni_ca='6' AND c_asigna='344688' [1][0] OK
C:[19/08/2013 15:58:04.41][190.199.92.188][1151] SELECT c_asigna FROM dace004 WHERE exp_e='08-20159734' AND c_asigna='344565' AND status IN ('0','3','B','C') [1][0] OK
C:[19/08/2013 15:58:04.22][190.199.92.188][1182] SELECT par_cod_asig1,par_cod_asig2,par_cod_asig3 FROM tblaca009_p_int WHERE pensum='5' AND c_uni_ca='6' AND c_asigna='344688' [1][0] OK
C:[19/08/2013 15:58:04.35][190.199.92.188][1312] SELECT horas_lab FROM tblaca008 WHERE c_asigna='344688' AND horas_teoricas > 0 [1][0] OK
C:[19/08/2013 15:58:13.22][190.200.30.165][1138] SELECT pre_cod_asig1,pre_cod_asig2,pre_cod_asig3,pre_cod_asig4,pre_cod_asig5,pre_cod_asig6,pre_cod_asig7 FROM tblaca009_p_int WHERE pensum='5' AND c_uni_ca='5' AND c_asigna='351330' [1][0] OK
C:[19/08/2013 15:58:13.22][190.200.30.165][1151] SELECT c_asigna FROM dace004 WHERE exp_e='10-20804763' AND c_asigna='300218' AND status IN ('0','3','B','C') [1][0] OK
C:[19/08/2013 15:58:13.22][190.200.30.165][1138] SELECT pre_cod_asig1,pre_cod_asig2,pre_cod_asig3,pre_cod_asig4,pre_cod_asig5,pre_cod_asig6,pre_cod_asig7 FROM tblaca009_p_int WHERE pensum='5' AND c_uni_ca='5' AND c_asigna='300428' [1][0] OK
C:[19/08/2013 15:58:13.22][190.200.30.165][1151] SELECT c_asigna FROM dace004 WHERE exp_e='10-20804763' AND c_asigna='300317' AND status IN ('0','3','B','C') [1][0] OK
C:[19/08/2013 15:58:13.72][190.200.30.165][1182] SELECT par_cod_asig1,par_cod_asig2,par_cod_asig3 FROM tblaca009_p_int WHERE pensum='5' AND c_uni_ca='5' AND c_asigna='351330' [1][0] OK
C:[19/08/2013 15:58:13.72][190.200.30.165][1196] SELECT c_asigna FROM dace004 WHERE exp_e='10-20804763' AND c_asigna='300317' AND status IN ('0','3','B','C') [1][0] OK
C:[19/08/2013 15:58:13.72][190.200.30.165][1182] SELECT par_cod_asig1,par_cod_asig2,par_cod_asig3 FROM tblaca009_p_int WHERE pensum='5' AND c_uni_ca='5' AND c_asigna='300428' [1][0] OK
C:[19/08/2013 15:58:13.11][190.200.30.165][1312] SELECT horas_lab FROM tblaca008 WHERE c_asigna='351330' AND horas_teoricas > 0 [1][0] OK
C:[19/08/2013 15:58:13.11][190.200.30.165][1312] SELECT horas_lab FROM tblaca008 WHERE c_asigna='300428' AND horas_teoricas > 0 [1][0] OK
C:[19/08/2013 15:58:53.89][186.90.170.37][1138] SELECT pre_cod_asig1,pre_cod_asig2,pre_cod_asig3,pre_cod_asig4,pre_cod_asig5,pre_cod_asig6,pre_cod_asig7 FROM tblaca009_p_int WHERE pensum='5' AND c_uni_ca='5' AND c_asigna='351451' [1][0] OK
C:[19/08/2013 15:58:53.89][186.90.170.37][1151] SELECT c_asigna FROM dace004 WHERE exp_e='05-18896126' AND c_asigna='351330' AND status IN ('0','3','B','C') [1][0] OK
C:[19/08/2013 15:58:53.89][186.90.170.37][1151] SELECT c_asigna FROM dace004 WHERE exp_e='05-18896126' AND c_asigna='355350' AND status IN ('0','3','B','C') [1][0] OK
C:[19/08/2013 15:58:53.89][186.90.170.37][1151] SELECT c_asigna FROM dace004 WHERE exp_e='05-18896126' AND c_asigna='300318' AND status IN ('0','3','B','C') [1][0] OK
C:[19/08/2013 15:58:53.89][186.90.170.37][1138] SELECT pre_cod_asig1,pre_cod_asig2,pre_cod_asig3,pre_cod_asig4,pre_cod_asig5,pre_cod_asig6,pre_cod_asig7 FROM tblaca009_p_int WHERE pensum='5' AND c_uni_ca='5' AND c_asigna='355573' [1][0] OK
C:[19/08/2013 15:58:53.89][186.90.170.37][1151] SELECT c_asigna FROM dace004 WHERE exp_e='05-18896126' AND c_asigna='355448' AND status IN ('0','3','B','C') [1][0] OK
C:[19/08/2013 15:58:53.20][186.90.170.37][1182] SELECT par_cod_asig1,par_cod_asig2,par_cod_asig3 FROM tblaca009_p_int WHERE pensum='5' AND c_uni_ca='5' AND c_asigna='351451' [1][0] OK
C:[19/08/2013 15:58:53.20][186.90.170.37][1182] SELECT par_cod_asig1,par_cod_asig2,par_cod_asig3 FROM tblaca009_p_int WHERE pensum='5' AND c_uni_ca='5' AND c_asigna='355573' [1][0] OK
C:[19/08/2013 15:58:53.46][186.90.170.37][1312] SELECT horas_lab FROM tblaca008 WHERE c_asigna='351451' AND horas_teoricas > 0 [1][0] OK
C:[19/08/2013 15:58:53.46][186.90.170.37][1312] SELECT horas_lab FROM tblaca008 WHERE c_asigna='355573' AND horas_teoricas > 0 [1][0] OK
C:[19/08/2013 15:59:16.04][200.109.215.168][1138] SELECT pre_cod_asig1,pre_cod_asig2,pre_cod_asig3,pre_cod_asig4,pre_cod_asig5,pre_cod_asig6,pre_cod_asig7 FROM tblaca009_p_int WHERE pensum='5' AND c_uni_ca='6' AND c_asigna='344689' [1][0] OK
C:[19/08/2013 15:59:16.04][200.109.215.168][1151] SELECT c_asigna FROM dace004 WHERE exp_e='11-23503154' AND c_asigna='300209' AND status IN ('0','3','B','C') [1][0] OK
C:[19/08/2013 15:59:16.85][200.109.215.168][1182] SELECT par_cod_asig1,par_cod_asig2,par_cod_asig3 FROM tblaca009_p_int WHERE pensum='5' AND c_uni_ca='6' AND c_asigna='344689' [1][0] OK
C:[19/08/2013 15:59:16.99][200.109.215.168][1312] SELECT horas_lab FROM tblaca008 WHERE c_asigna='344689' AND horas_teoricas > 0 [1][0] OK
C:[19/08/2013 16:00:34.17][186.90.120.206][1138] SELECT pre_cod_asig1,pre_cod_asig2,pre_cod_asig3,pre_cod_asig4,pre_cod_asig5,pre_cod_asig6,pre_cod_asig7 FROM tblaca009_p_int WHERE pensum='5' AND c_uni_ca='6' AND c_asigna='300313' [1][0] OK
C:[19/08/2013 16:00:34.17][186.90.120.206][1151] SELECT c_asigna FROM dace004 WHERE exp_e='08-20286293' AND c_asigna='300213' AND status IN ('0','3','B','C') [1][0] OK
C:[19/08/2013 16:00:34.17][186.90.120.206][1138] SELECT pre_cod_asig1,pre_cod_asig2,pre_cod_asig3,pre_cod_asig4,pre_cod_asig5,pre_cod_asig6,pre_cod_asig7 FROM tblaca009_p_int WHERE pensum='5' AND c_uni_ca='6' AND c_asigna='342436' [1][0] OK
C:[19/08/2013 16:00:34.17][186.90.120.206][1151] SELECT c_asigna FROM dace004 WHERE exp_e='08-20286293' AND c_asigna='300318' AND status IN ('0','3','B','C') [1][0] OK
C:[19/08/2013 16:00:34.17][186.90.120.206][1151] SELECT c_asigna FROM dace004 WHERE exp_e='08-20286293' AND c_asigna='300317' AND status IN ('0','3','B','C') [1][0] OK
C:[19/08/2013 16:00:35.36][186.90.120.206][1182] SELECT par_cod_asig1,par_cod_asig2,par_cod_asig3 FROM tblaca009_p_int WHERE pensum='5' AND c_uni_ca='6' AND c_asigna='300313' [1][0] OK
C:[19/08/2013 16:00:35.36][186.90.120.206][1182] SELECT par_cod_asig1,par_cod_asig2,par_cod_asig3 FROM tblaca009_p_int WHERE pensum='5' AND c_uni_ca='6' AND c_asigna='342436' [1][0] OK
C:[19/08/2013 16:00:35.62][186.90.120.206][1312] SELECT horas_lab FROM tblaca008 WHERE c_asigna='300313' AND horas_teoricas > 0 [1][0] OK
C:[19/08/2013 16:00:35.62][186.90.120.206][1312] SELECT horas_lab FROM tblaca008 WHERE c_asigna='342436' AND horas_teoricas > 0 [1][0] OK
C:[19/08/2013 16:01:30.17][190.199.92.188][1138] SELECT pre_cod_asig1,pre_cod_asig2,pre_cod_asig3,pre_cod_asig4,pre_cod_asig5,pre_cod_asig6,pre_cod_asig7 FROM tblaca009_p_int WHERE pensum='5' AND c_uni_ca='6' AND c_asigna='344687' [1][0] OK
C:[19/08/2013 16:01:30.17][190.199.92.188][1151] SELECT c_asigna FROM dace004 WHERE exp_e='07-18666958' AND c_asigna='344565' AND status IN ('0','3','B','C') [1][0] OK
C:[19/08/2013 16:01:30.17][190.199.92.188][1138] SELECT pre_cod_asig1,pre_cod_asig2,pre_cod_asig3,pre_cod_asig4,pre_cod_asig5,pre_cod_asig6,pre_cod_asig7 FROM tblaca009_p_int WHERE pensum='5' AND c_uni_ca='6' AND c_asigna='344715' [1][0] OK
C:[19/08/2013 16:01:30.17][190.199.92.188][1151] SELECT c_asigna FROM dace004 WHERE exp_e='07-18666958' AND c_asigna='344688' AND status IN ('0','3','B','C') [1][0] OK
C:[19/08/2013 16:01:30.17][190.199.92.188][1151] SELECT c_asigna FROM dace004 WHERE exp_e='07-18666958' AND c_asigna='344613' AND status IN ('0','3','B','C') [1][0] OK
C:[19/08/2013 16:01:30.36][190.199.92.188][1182] SELECT par_cod_asig1,par_cod_asig2,par_cod_asig3 FROM tblaca009_p_int WHERE pensum='5' AND c_uni_ca='6' AND c_asigna='344687' [1][0] OK
C:[19/08/2013 16:01:30.36][190.199.92.188][1182] SELECT par_cod_asig1,par_cod_asig2,par_cod_asig3 FROM tblaca009_p_int WHERE pensum='5' AND c_uni_ca='6' AND c_asigna='344715' [1][0] OK
C:[19/08/2013 16:01:30.62][190.199.92.188][1312] SELECT horas_lab FROM tblaca008 WHERE c_asigna='344687' AND horas_teoricas > 0 [1][0] OK
C:[19/08/2013 16:01:30.62][190.199.92.188][1312] SELECT horas_lab FROM tblaca008 WHERE c_asigna='344715' AND horas_teoricas > 0 [1][0] OK
C:[19/08/2013 16:02:31.24][190.199.92.188][1138] SELECT pre_cod_asig1,pre_cod_asig2,pre_cod_asig3,pre_cod_asig4,pre_cod_asig5,pre_cod_asig6,pre_cod_asig7 FROM tblaca009_p_int WHERE pensum='5' AND c_uni_ca='3' AND c_asigna='315671' [1][0] OK
C:[19/08/2013 16:02:31.24][190.199.92.188][1151] SELECT c_asigna FROM dace004 WHERE exp_e='07-19041851' AND c_asigna='315552' AND status IN ('0','3','B','C') [1][0] OK
C:[19/08/2013 16:02:31.05][190.199.92.188][1182] SELECT par_cod_asig1,par_cod_asig2,par_cod_asig3 FROM tblaca009_p_int WHERE pensum='5' AND c_uni_ca='3' AND c_asigna='315671' [1][0] OK
C:[19/08/2013 16:02:31.19][190.199.92.188][1312] SELECT horas_lab FROM tblaca008 WHERE c_asigna='315671' AND horas_teoricas > 0 [1][0] OK
C:[19/08/2013 16:02:59.92][186.90.170.37][1138] SELECT pre_cod_asig1,pre_cod_asig2,pre_cod_asig3,pre_cod_asig4,pre_cod_asig5,pre_cod_asig6,pre_cod_asig7 FROM tblaca009_p_int WHERE pensum='5' AND c_uni_ca='5' AND c_asigna='355573' [1][0] OK
C:[19/08/2013 16:02:59.92][186.90.170.37][1151] SELECT c_asigna FROM dace004 WHERE exp_e='05-18896126' AND c_asigna='355448' AND status IN ('0','3','B','C') [1][0] OK
C:[19/08/2013 16:02:59.73][186.90.170.37][1182] SELECT par_cod_asig1,par_cod_asig2,par_cod_asig3 FROM tblaca009_p_int WHERE pensum='5' AND c_uni_ca='5' AND c_asigna='355573' [1][0] OK
C:[19/08/2013 16:02:59.87][186.90.170.37][1312] SELECT horas_lab FROM tblaca008 WHERE c_asigna='355573' AND horas_teoricas > 0 [1][0] OK
C:[19/08/2013 16:08:15.40][190.199.92.188][1138] SELECT pre_cod_asig1,pre_cod_asig2,pre_cod_asig3,pre_cod_asig4,pre_cod_asig5,pre_cod_asig6,pre_cod_asig7 FROM tblaca009_p_int WHERE pensum='5' AND c_uni_ca='3' AND c_asigna='300313' [1][0] OK
C:[19/08/2013 16:08:15.40][190.199.92.188][1151] SELECT c_asigna FROM dace004 WHERE exp_e='11-19910810' AND c_asigna='300213' AND status IN ('0','3','B','C') [1][0] OK
C:[19/08/2013 16:08:15.40][190.199.92.188][1138] SELECT pre_cod_asig1,pre_cod_asig2,pre_cod_asig3,pre_cod_asig4,pre_cod_asig5,pre_cod_asig6,pre_cod_asig7 FROM tblaca009_p_int WHERE pensum='5' AND c_uni_ca='3' AND c_asigna='312333' [1][0] OK
C:[19/08/2013 16:08:15.40][190.199.92.188][1151] SELECT c_asigna FROM dace004 WHERE exp_e='11-19910810' AND c_asigna='300228' AND status IN ('0','3','B','C') [1][0] OK
C:[19/08/2013 16:08:15.47][190.199.92.188][1182] SELECT par_cod_asig1,par_cod_asig2,par_cod_asig3 FROM tblaca009_p_int WHERE pensum='5' AND c_uni_ca='3' AND c_asigna='300313' [1][0] OK
C:[19/08/2013 16:08:15.47][190.199.92.188][1182] SELECT par_cod_asig1,par_cod_asig2,par_cod_asig3 FROM tblaca009_p_int WHERE pensum='5' AND c_uni_ca='3' AND c_asigna='312333' [1][0] OK
C:[19/08/2013 16:08:15.73][190.199.92.188][1312] SELECT horas_lab FROM tblaca008 WHERE c_asigna='300313' AND horas_teoricas > 0 [1][0] OK
C:[19/08/2013 16:08:15.73][190.199.92.188][1312] SELECT horas_lab FROM tblaca008 WHERE c_asigna='312333' AND horas_teoricas > 0 [1][0] OK
C:[19/08/2013 16:08:52.13][190.199.92.188][1138] SELECT pre_cod_asig1,pre_cod_asig2,pre_cod_asig3,pre_cod_asig4,pre_cod_asig5,pre_cod_asig6,pre_cod_asig7 FROM tblaca009_p_int WHERE pensum='5' AND c_uni_ca='6' AND c_asigna='300207' [1][0] OK
C:[19/08/2013 16:08:52.13][190.199.92.188][1151] SELECT c_asigna FROM dace004 WHERE exp_e='12-25321758' AND c_asigna='300101' AND status IN ('0','3','B','C') [1][0] OK
C:[19/08/2013 16:08:52.13][190.199.92.188][1138] SELECT pre_cod_asig1,pre_cod_asig2,pre_cod_asig3,pre_cod_asig4,pre_cod_asig5,pre_cod_asig6,pre_cod_asig7 FROM tblaca009_p_int WHERE pensum='5' AND c_uni_ca='6' AND c_asigna='300218' [1][0] OK
C:[19/08/2013 16:08:52.13][190.199.92.188][1138] SELECT pre_cod_asig1,pre_cod_asig2,pre_cod_asig3,pre_cod_asig4,pre_cod_asig5,pre_cod_asig6,pre_cod_asig7 FROM tblaca009_p_int WHERE pensum='5' AND c_uni_ca='6' AND c_asigna='300228' [1][0] OK
C:[19/08/2013 16:08:52.13][190.199.92.188][1151] SELECT c_asigna FROM dace004 WHERE exp_e='12-25321758' AND c_asigna='300101' AND status IN ('0','3','B','C') [1][0] OK
C:[19/08/2013 16:08:52.32][190.199.92.188][1182] SELECT par_cod_asig1,par_cod_asig2,par_cod_asig3 FROM tblaca009_p_int WHERE pensum='5' AND c_uni_ca='6' AND c_asigna='300207' [1][0] OK
C:[19/08/2013 16:08:52.32][190.199.92.188][1182] SELECT par_cod_asig1,par_cod_asig2,par_cod_asig3 FROM tblaca009_p_int WHERE pensum='5' AND c_uni_ca='6' AND c_asigna='300218' [1][0] OK
C:[19/08/2013 16:08:52.32][190.199.92.188][1196] SELECT c_asigna FROM dace004 WHERE exp_e='12-25321758' AND c_asigna='300228' AND status IN ('0','3','B','C') [0][0] OK
C:[19/08/2013 16:08:52.32][190.199.92.188][1182] SELECT par_cod_asig1,par_cod_asig2,par_cod_asig3 FROM tblaca009_p_int WHERE pensum='5' AND c_uni_ca='6' AND c_asigna='300228' [1][0] OK
C:[19/08/2013 16:08:52.83][190.199.92.188][1312] SELECT horas_lab FROM tblaca008 WHERE c_asigna='300207' AND horas_teoricas > 0 [1][0] OK
C:[19/08/2013 16:08:52.83][190.199.92.188][1312] SELECT horas_lab FROM tblaca008 WHERE c_asigna='300218' AND horas_teoricas > 0 [0][0] OK
C:[19/08/2013 16:08:52.83][190.199.92.188][1312] SELECT horas_lab FROM tblaca008 WHERE c_asigna='300228' AND horas_teoricas > 0 [1][0] OK
C:[19/08/2013 16:13:34.41][190.199.92.188][1138] SELECT pre_cod_asig1,pre_cod_asig2,pre_cod_asig3,pre_cod_asig4,pre_cod_asig5,pre_cod_asig6,pre_cod_asig7 FROM tblaca009_p_int WHERE pensum='5' AND c_uni_ca='3' AND c_asigna='300428' [1][0] OK
C:[19/08/2013 16:13:34.41][190.199.92.188][1151] SELECT c_asigna FROM dace004 WHERE exp_e='08-20507158' AND c_asigna='300317' AND status IN ('0','3','B','C') [1][0] OK
C:[19/08/2013 16:13:34.41][190.199.92.188][1138] SELECT pre_cod_asig1,pre_cod_asig2,pre_cod_asig3,pre_cod_asig4,pre_cod_asig5,pre_cod_asig6,pre_cod_asig7 FROM tblaca009_p_int WHERE pensum='5' AND c_uni_ca='3' AND c_asigna='311430' [1][0] OK
C:[19/08/2013 16:13:34.41][190.199.92.188][1151] SELECT c_asigna FROM dace004 WHERE exp_e='08-20507158' AND c_asigna='300317' AND status IN ('0','3','B','C') [1][0] OK
C:[19/08/2013 16:13:34.41][190.199.92.188][1151] SELECT c_asigna FROM dace004 WHERE exp_e='08-20507158' AND c_asigna='300318' AND status IN ('0','3','B','C') [1][0] OK
C:[19/08/2013 16:13:34.59][190.199.92.188][1182] SELECT par_cod_asig1,par_cod_asig2,par_cod_asig3 FROM tblaca009_p_int WHERE pensum='5' AND c_uni_ca='3' AND c_asigna='300428' [1][0] OK
C:[19/08/2013 16:13:34.59][190.199.92.188][1182] SELECT par_cod_asig1,par_cod_asig2,par_cod_asig3 FROM tblaca009_p_int WHERE pensum='5' AND c_uni_ca='3' AND c_asigna='311430' [1][0] OK
C:[19/08/2013 16:13:34.86][190.199.92.188][1312] SELECT horas_lab FROM tblaca008 WHERE c_asigna='300428' AND horas_teoricas > 0 [1][0] OK
C:[19/08/2013 16:13:34.86][190.199.92.188][1312] SELECT horas_lab FROM tblaca008 WHERE c_asigna='311430' AND horas_teoricas > 0 [1][0] OK
C:[19/08/2013 16:13:58.78][190.201.171.104][1138] SELECT pre_cod_asig1,pre_cod_asig2,pre_cod_asig3,pre_cod_asig4,pre_cod_asig5,pre_cod_asig6,pre_cod_asig7 FROM tblaca009_p_int WHERE pensum='5' AND c_uni_ca='5' AND c_asigna='300209' [1][0] OK
C:[19/08/2013 16:13:58.78][190.201.171.104][1151] SELECT c_asigna FROM dace004 WHERE exp_e='12-25936817' AND c_asigna='300101' AND status IN ('0','3','B','C') [1][0] OK
C:[19/08/2013 16:13:58.59][190.201.171.104][1182] SELECT par_cod_asig1,par_cod_asig2,par_cod_asig3 FROM tblaca009_p_int WHERE pensum='5' AND c_uni_ca='5' AND c_asigna='300209' [1][0] OK
C:[19/08/2013 16:13:58.73][190.201.171.104][1312] SELECT horas_lab FROM tblaca008 WHERE c_asigna='300209' AND horas_teoricas > 0 [1][0] OK
C:[19/08/2013 16:15:44.39][200.90.101.93][1138] SELECT pre_cod_asig1,pre_cod_asig2,pre_cod_asig3,pre_cod_asig4,pre_cod_asig5,pre_cod_asig6,pre_cod_asig7 FROM tblaca009_p_int WHERE pensum='5' AND c_uni_ca='6' AND c_asigna='300013' [1][0] OK
C:[19/08/2013 16:15:44.39][200.90.101.93][1138] SELECT pre_cod_asig1,pre_cod_asig2,pre_cod_asig3,pre_cod_asig4,pre_cod_asig5,pre_cod_asig6,pre_cod_asig7 FROM tblaca009_p_int WHERE pensum='5' AND c_uni_ca='6' AND c_asigna='300113' [1][0] OK
C:[19/08/2013 16:15:44.21][200.90.101.93][1182] SELECT par_cod_asig1,par_cod_asig2,par_cod_asig3 FROM tblaca009_p_int WHERE pensum='5' AND c_uni_ca='6' AND c_asigna='300013' [1][0] OK
C:[19/08/2013 16:15:44.21][200.90.101.93][1182] SELECT par_cod_asig1,par_cod_asig2,par_cod_asig3 FROM tblaca009_p_int WHERE pensum='5' AND c_uni_ca='6' AND c_asigna='300113' [1][0] OK
C:[19/08/2013 16:15:44.21][200.90.101.93][1196] SELECT c_asigna FROM dace004 WHERE exp_e='13-25084137' AND c_asigna='300013' AND status IN ('0','3','B','C') [0][0] OK
C:[19/08/2013 16:15:44.59][200.90.101.93][1312] SELECT horas_lab FROM tblaca008 WHERE c_asigna='300013' AND horas_teoricas > 0 [1][0] OK
C:[19/08/2013 16:15:44.59][200.90.101.93][1312] SELECT horas_lab FROM tblaca008 WHERE c_asigna='300113' AND horas_teoricas > 0 [0][0] OK
C:[19/08/2013 16:15:56.64][190.200.59.77][1138] SELECT pre_cod_asig1,pre_cod_asig2,pre_cod_asig3,pre_cod_asig4,pre_cod_asig5,pre_cod_asig6,pre_cod_asig7 FROM tblaca009_p_int WHERE pensum='5' AND c_uni_ca='5' AND c_asigna='300313' [1][0] OK
C:[19/08/2013 16:15:56.64][190.200.59.77][1151] SELECT c_asigna FROM dace004 WHERE exp_e='11-22587106' AND c_asigna='300213' AND status IN ('0','3','B','C') [1][0] OK
C:[19/08/2013 16:15:56.64][190.200.59.77][1138] SELECT pre_cod_asig1,pre_cod_asig2,pre_cod_asig3,pre_cod_asig4,pre_cod_asig5,pre_cod_asig6,pre_cod_asig7 FROM tblaca009_p_int WHERE pensum='5' AND c_uni_ca='5' AND c_asigna='351451' [1][0] OK
C:[19/08/2013 16:15:56.64][190.200.59.77][1151] SELECT c_asigna FROM dace004 WHERE exp_e='11-22587106' AND c_asigna='351330' AND status IN ('0','3','B','C') [1][0] OK
C:[19/08/2013 16:15:56.64][190.200.59.77][1151] SELECT c_asigna FROM dace004 WHERE exp_e='11-22587106' AND c_asigna='355350' AND status IN ('0','3','B','C') [1][0] OK
C:[19/08/2013 16:15:56.64][190.200.59.77][1151] SELECT c_asigna FROM dace004 WHERE exp_e='11-22587106' AND c_asigna='300318' AND status IN ('0','3','B','C') [1][0] OK
C:[19/08/2013 16:15:57.40][190.200.59.77][1182] SELECT par_cod_asig1,par_cod_asig2,par_cod_asig3 FROM tblaca009_p_int WHERE pensum='5' AND c_uni_ca='5' AND c_asigna='300313' [1][0] OK
C:[19/08/2013 16:15:57.40][190.200.59.77][1182] SELECT par_cod_asig1,par_cod_asig2,par_cod_asig3 FROM tblaca009_p_int WHERE pensum='5' AND c_uni_ca='5' AND c_asigna='351451' [1][0] OK
C:[19/08/2013 16:15:57.65][190.200.59.77][1312] SELECT horas_lab FROM tblaca008 WHERE c_asigna='300313' AND horas_teoricas > 0 [1][0] OK
C:[19/08/2013 16:15:57.65][190.200.59.77][1312] SELECT horas_lab FROM tblaca008 WHERE c_asigna='351451' AND horas_teoricas > 0 [1][0] OK
C:[19/08/2013 16:22:21.33][190.199.92.188][1138] SELECT pre_cod_asig1,pre_cod_asig2,pre_cod_asig3,pre_cod_asig4,pre_cod_asig5,pre_cod_asig6,pre_cod_asig7 FROM tblaca009_p_int WHERE pensum='5' AND c_uni_ca='2' AND c_asigna='322550' [1][0] OK
C:[19/08/2013 16:22:21.33][190.199.92.188][1151] SELECT c_asigna FROM dace004 WHERE exp_e='09-20222635' AND c_asigna='322433' AND status IN ('0','3','B','C') [1][0] OK
C:[19/08/2013 16:22:21.33][190.199.92.188][1138] SELECT pre_cod_asig1,pre_cod_asig2,pre_cod_asig3,pre_cod_asig4,pre_cod_asig5,pre_cod_asig6,pre_cod_asig7 FROM tblaca009_p_int WHERE pensum='5' AND c_uni_ca='2' AND c_asigna='322605' [1][0] OK
C:[19/08/2013 16:22:21.33][190.199.92.188][1151] SELECT c_asigna FROM dace004 WHERE exp_e='09-20222635' AND c_asigna='322436' AND status IN ('0','3','B','C') [1][0] OK
C:[19/08/2013 16:22:21.51][190.199.92.188][1182] SELECT par_cod_asig1,par_cod_asig2,par_cod_asig3 FROM tblaca009_p_int WHERE pensum='5' AND c_uni_ca='2' AND c_asigna='322550' [1][0] OK
C:[19/08/2013 16:22:21.51][190.199.92.188][1182] SELECT par_cod_asig1,par_cod_asig2,par_cod_asig3 FROM tblaca009_p_int WHERE pensum='5' AND c_uni_ca='2' AND c_asigna='322605' [1][0] OK
C:[19/08/2013 16:22:21.77][190.199.92.188][1312] SELECT horas_lab FROM tblaca008 WHERE c_asigna='322550' AND horas_teoricas > 0 [1][0] OK
C:[19/08/2013 16:22:21.77][190.199.92.188][1312] SELECT horas_lab FROM tblaca008 WHERE c_asigna='322605' AND horas_teoricas > 0 [1][0] OK
C:[19/08/2013 16:22:23.28][190.199.92.188][1138] SELECT pre_cod_asig1,pre_cod_asig2,pre_cod_asig3,pre_cod_asig4,pre_cod_asig5,pre_cod_asig6,pre_cod_asig7 FROM tblaca009_p_int WHERE pensum='5' AND c_uni_ca='5' AND c_asigna='355693' [1][0] OK
C:[19/08/2013 16:22:23.28][190.199.92.188][1151] SELECT c_asigna FROM dace004 WHERE exp_e='07-20503139' AND c_asigna='355572' AND status IN ('0','3','B','C') [1][0] OK
C:[19/08/2013 16:22:23.28][190.199.92.188][1151] SELECT c_asigna FROM dace004 WHERE exp_e='07-20503139' AND c_asigna='352440' AND status IN ('0','3','B','C') [1][0] OK
C:[19/08/2013 16:22:23.28][190.199.92.188][1151] SELECT c_asigna FROM dace004 WHERE exp_e='07-20503139' AND c_asigna='355573' AND status IN ('0','3','B','C') [1][0] OK
C:[19/08/2013 16:22:23.77][190.199.92.188][1182] SELECT par_cod_asig1,par_cod_asig2,par_cod_asig3 FROM tblaca009_p_int WHERE pensum='5' AND c_uni_ca='5' AND c_asigna='355693' [1][0] OK
C:[19/08/2013 16:22:23.91][190.199.92.188][1312] SELECT horas_lab FROM tblaca008 WHERE c_asigna='355693' AND horas_teoricas > 0 [1][0] OK
C:[19/08/2013 16:23:52.14][190.199.92.188][1138] SELECT pre_cod_asig1,pre_cod_asig2,pre_cod_asig3,pre_cod_asig4,pre_cod_asig5,pre_cod_asig6,pre_cod_asig7 FROM tblaca009_p_int WHERE pensum='5' AND c_uni_ca='5' AND c_asigna='355693' [1][0] OK
C:[19/08/2013 16:23:52.14][190.199.92.188][1151] SELECT c_asigna FROM dace004 WHERE exp_e='07-20503139' AND c_asigna='355572' AND status IN ('0','3','B','C') [1][0] OK
C:[19/08/2013 16:23:52.14][190.199.92.188][1151] SELECT c_asigna FROM dace004 WHERE exp_e='07-20503139' AND c_asigna='352440' AND status IN ('0','3','B','C') [1][0] OK
C:[19/08/2013 16:23:52.14][190.199.92.188][1151] SELECT c_asigna FROM dace004 WHERE exp_e='07-20503139' AND c_asigna='355573' AND status IN ('0','3','B','C') [1][0] OK
C:[19/08/2013 16:23:52.20][190.199.92.188][1182] SELECT par_cod_asig1,par_cod_asig2,par_cod_asig3 FROM tblaca009_p_int WHERE pensum='5' AND c_uni_ca='5' AND c_asigna='355693' [1][0] OK
C:[19/08/2013 16:23:52.33][190.199.92.188][1312] SELECT horas_lab FROM tblaca008 WHERE c_asigna='355693' AND horas_teoricas > 0 [1][0] OK
C:[19/08/2013 16:24:39.02][190.204.91.123][1138] SELECT pre_cod_asig1,pre_cod_asig2,pre_cod_asig3,pre_cod_asig4,pre_cod_asig5,pre_cod_asig6,pre_cod_asig7 FROM tblaca009_p_int WHERE pensum='5' AND c_uni_ca='3' AND c_asigna='311551' [1][0] OK
C:[19/08/2013 16:24:39.02][190.204.91.123][1151] SELECT c_asigna FROM dace004 WHERE exp_e='09-20505115' AND c_asigna='311430' AND status IN ('0','3','B','C') [1][0] OK
C:[19/08/2013 16:24:39.82][190.204.91.123][1182] SELECT par_cod_asig1,par_cod_asig2,par_cod_asig3 FROM tblaca009_p_int WHERE pensum='5' AND c_uni_ca='3' AND c_asigna='311551' [1][0] OK
C:[19/08/2013 16:24:39.97][190.204.91.123][1312] SELECT horas_lab FROM tblaca008 WHERE c_asigna='311551' AND horas_teoricas > 0 [1][0] OK
C:[19/08/2013 16:24:42.37][190.73.237.85][1138] SELECT pre_cod_asig1,pre_cod_asig2,pre_cod_asig3,pre_cod_asig4,pre_cod_asig5,pre_cod_asig6,pre_cod_asig7 FROM tblaca009_p_int WHERE pensum='5' AND c_uni_ca='4' AND c_asigna='333563' [1][0] OK
C:[19/08/2013 16:24:42.37][190.73.237.85][1151] SELECT c_asigna FROM dace004 WHERE exp_e='08-21249095' AND c_asigna='333440' AND status IN ('0','3','B','C') [1][0] OK
C:[19/08/2013 16:24:42.37][190.73.237.85][1151] SELECT c_asigna FROM dace004 WHERE exp_e='08-21249095' AND c_asigna='333442' AND status IN ('0','3','B','C') [1][0] OK
C:[19/08/2013 16:24:42.37][190.73.237.85][1138] SELECT pre_cod_asig1,pre_cod_asig2,pre_cod_asig3,pre_cod_asig4,pre_cod_asig5,pre_cod_asig6,pre_cod_asig7 FROM tblaca009_p_int WHERE pensum='5' AND c_uni_ca='4' AND c_asigna='333584' [1][0] OK
C:[19/08/2013 16:24:42.37][190.73.237.85][1151] SELECT c_asigna FROM dace004 WHERE exp_e='08-21249095' AND c_asigna='300428' AND status IN ('0','3','B','C') [1][0] OK
C:[19/08/2013 16:24:42.37][190.73.237.85][1151] SELECT c_asigna FROM dace004 WHERE exp_e='08-21249095' AND c_asigna='333440' AND status IN ('0','3','B','C') [1][0] OK
C:[19/08/2013 16:24:42.12][190.73.237.85][1182] SELECT par_cod_asig1,par_cod_asig2,par_cod_asig3 FROM tblaca009_p_int WHERE pensum='5' AND c_uni_ca='4' AND c_asigna='333563' [1][0] OK
C:[19/08/2013 16:24:42.12][190.73.237.85][1182] SELECT par_cod_asig1,par_cod_asig2,par_cod_asig3 FROM tblaca009_p_int WHERE pensum='5' AND c_uni_ca='4' AND c_asigna='333584' [1][0] OK
C:[19/08/2013 16:24:42.38][190.73.237.85][1312] SELECT horas_lab FROM tblaca008 WHERE c_asigna='333563' AND horas_teoricas > 0 [1][0] OK
C:[19/08/2013 16:24:42.38][190.73.237.85][1312] SELECT horas_lab FROM tblaca008 WHERE c_asigna='333584' AND horas_teoricas > 0 [1][0] OK
C:[19/08/2013 16:25:02.54][186.167.243.251][1138] SELECT pre_cod_asig1,pre_cod_asig2,pre_cod_asig3,pre_cod_asig4,pre_cod_asig5,pre_cod_asig6,pre_cod_asig7 FROM tblaca009_p_int WHERE pensum='5' AND c_uni_ca='2' AND c_asigna='300318' [1][0] OK
C:[19/08/2013 16:25:02.54][186.167.243.251][1151] SELECT c_asigna FROM dace004 WHERE exp_e='08-20383812' AND c_asigna='300228' AND status IN ('0','3','B','C') [1][0] OK
C:[19/08/2013 16:25:02.54][186.167.243.251][1151] SELECT c_asigna FROM dace004 WHERE exp_e='08-20383812' AND c_asigna='300207' AND status IN ('0','3','B','C') [1][0] OK
C:[19/08/2013 16:25:02.54][186.167.243.251][1151] SELECT c_asigna FROM dace004 WHERE exp_e='08-20383812' AND c_asigna='300218' AND status IN ('0','3','B','C') [1][0] OK
C:[19/08/2013 16:25:02.54][186.167.243.251][1138] SELECT pre_cod_asig1,pre_cod_asig2,pre_cod_asig3,pre_cod_asig4,pre_cod_asig5,pre_cod_asig6,pre_cod_asig7 FROM tblaca009_p_int WHERE pensum='5' AND c_uni_ca='2' AND c_asigna='300428' [1][0] OK
C:[19/08/2013 16:25:02.54][186.167.243.251][1151] SELECT c_asigna FROM dace004 WHERE exp_e='08-20383812' AND c_asigna='300317' AND status IN ('0','3','B','C') [1][0] OK
C:[19/08/2013 16:25:03.86][186.167.243.251][1182] SELECT par_cod_asig1,par_cod_asig2,par_cod_asig3 FROM tblaca009_p_int WHERE pensum='5' AND c_uni_ca='2' AND c_asigna='300318' [1][0] OK
C:[19/08/2013 16:25:03.86][186.167.243.251][1182] SELECT par_cod_asig1,par_cod_asig2,par_cod_asig3 FROM tblaca009_p_int WHERE pensum='5' AND c_uni_ca='2' AND c_asigna='300428' [1][0] OK
C:[19/08/2013 16:25:03.13][186.167.243.251][1312] SELECT horas_lab FROM tblaca008 WHERE c_asigna='300318' AND horas_teoricas > 0 [1][0] OK
C:[19/08/2013 16:25:03.13][186.167.243.251][1312] SELECT horas_lab FROM tblaca008 WHERE c_asigna='300428' AND horas_teoricas > 0 [1][0] OK
C:[19/08/2013 16:27:02.84][200.84.72.16][1138] SELECT pre_cod_asig1,pre_cod_asig2,pre_cod_asig3,pre_cod_asig4,pre_cod_asig5,pre_cod_asig6,pre_cod_asig7 FROM tblaca009_p_int WHERE pensum='5' AND c_uni_ca='6' AND c_asigna='344689' [1][0] OK
C:[19/08/2013 16:27:02.84][200.84.72.16][1151] SELECT c_asigna FROM dace004 WHERE exp_e='10-21338158' AND c_asigna='300209' AND status IN ('0','3','B','C') [1][0] OK
C:[19/08/2013 16:27:02.84][200.84.72.16][1138] SELECT pre_cod_asig1,pre_cod_asig2,pre_cod_asig3,pre_cod_asig4,pre_cod_asig5,pre_cod_asig6,pre_cod_asig7 FROM tblaca009_p_int WHERE pensum='5' AND c_uni_ca='6' AND c_asigna='344688' [1][0] OK
C:[19/08/2013 16:27:02.84][200.84.72.16][1151] SELECT c_asigna FROM dace004 WHERE exp_e='10-21338158' AND c_asigna='344565' AND status IN ('0','3','B','C') [1][0] OK
C:[19/08/2013 16:27:02.90][200.84.72.16][1182] SELECT par_cod_asig1,par_cod_asig2,par_cod_asig3 FROM tblaca009_p_int WHERE pensum='5' AND c_uni_ca='6' AND c_asigna='344689' [1][0] OK
C:[19/08/2013 16:27:02.90][200.84.72.16][1182] SELECT par_cod_asig1,par_cod_asig2,par_cod_asig3 FROM tblaca009_p_int WHERE pensum='5' AND c_uni_ca='6' AND c_asigna='344688' [1][0] OK
C:[19/08/2013 16:27:02.17][200.84.72.16][1312] SELECT horas_lab FROM tblaca008 WHERE c_asigna='344689' AND horas_teoricas > 0 [1][0] OK
C:[19/08/2013 16:27:02.17][200.84.72.16][1312] SELECT horas_lab FROM tblaca008 WHERE c_asigna='344688' AND horas_teoricas > 0 [1][0] OK
C:[19/08/2013 16:31:00.33][190.199.92.188][1138] SELECT pre_cod_asig1,pre_cod_asig2,pre_cod_asig3,pre_cod_asig4,pre_cod_asig5,pre_cod_asig6,pre_cod_asig7 FROM tblaca009_p_int WHERE pensum='5' AND c_uni_ca='4' AND c_asigna='300112' [1][0] OK
C:[19/08/2013 16:31:00.33][190.199.92.188][1138] SELECT pre_cod_asig1,pre_cod_asig2,pre_cod_asig3,pre_cod_asig4,pre_cod_asig5,pre_cod_asig6,pre_cod_asig7 FROM tblaca009_p_int WHERE pensum='5' AND c_uni_ca='4' AND c_asigna='330435' [1][0] OK
C:[19/08/2013 16:31:00.33][190.199.92.188][1138] SELECT pre_cod_asig1,pre_cod_asig2,pre_cod_asig3,pre_cod_asig4,pre_cod_asig5,pre_cod_asig6,pre_cod_asig7 FROM tblaca009_p_int WHERE pensum='5' AND c_uni_ca='4' AND c_asigna='333440' [1][0] OK
C:[19/08/2013 16:31:00.33][190.199.92.188][1151] SELECT c_asigna FROM dace004 WHERE exp_e='10-20224562' AND c_asigna='300317' AND status IN ('0','3','B','C') [1][0] OK
C:[19/08/2013 16:31:00.33][190.199.92.188][1151] SELECT c_asigna FROM dace004 WHERE exp_e='10-20224562' AND c_asigna='330310' AND status IN ('0','3','B','C') [1][0] OK
C:[19/08/2013 16:31:00.51][190.199.92.188][1182] SELECT par_cod_asig1,par_cod_asig2,par_cod_asig3 FROM tblaca009_p_int WHERE pensum='5' AND c_uni_ca='4' AND c_asigna='300112' [1][0] OK
C:[19/08/2013 16:31:00.51][190.199.92.188][1182] SELECT par_cod_asig1,par_cod_asig2,par_cod_asig3 FROM tblaca009_p_int WHERE pensum='5' AND c_uni_ca='4' AND c_asigna='330435' [1][0] OK
C:[19/08/2013 16:31:00.51][190.199.92.188][1182] SELECT par_cod_asig1,par_cod_asig2,par_cod_asig3 FROM tblaca009_p_int WHERE pensum='5' AND c_uni_ca='4' AND c_asigna='333440' [1][0] OK
C:[19/08/2013 16:31:00.14][190.199.92.188][1312] SELECT horas_lab FROM tblaca008 WHERE c_asigna='300112' AND horas_teoricas > 0 [1][0] OK
C:[19/08/2013 16:31:00.14][190.199.92.188][1312] SELECT horas_lab FROM tblaca008 WHERE c_asigna='330435' AND horas_teoricas > 0 [1][0] OK
C:[19/08/2013 16:31:00.14][190.199.92.188][1312] SELECT horas_lab FROM tblaca008 WHERE c_asigna='333440' AND horas_teoricas > 0 [1][0] OK
C:[19/08/2013 16:32:01.80][190.199.92.188][1138] SELECT pre_cod_asig1,pre_cod_asig2,pre_cod_asig3,pre_cod_asig4,pre_cod_asig5,pre_cod_asig6,pre_cod_asig7 FROM tblaca009_p_int WHERE pensum='5' AND c_uni_ca='2' AND c_asigna='320311' [1][0] OK
C:[19/08/2013 16:32:01.80][190.199.92.188][1151] SELECT c_asigna FROM dace004 WHERE exp_e='11-24701291' AND c_asigna='300013' AND status IN ('0','3','B','C') [1][0] OK
C:[19/08/2013 16:32:01.80][190.199.92.188][1151] SELECT c_asigna FROM dace004 WHERE exp_e='11-24701291' AND c_asigna='300113' AND status IN ('0','3','B','C') [1][0] OK
C:[19/08/2013 16:32:01.80][190.199.92.188][1138] SELECT pre_cod_asig1,pre_cod_asig2,pre_cod_asig3,pre_cod_asig4,pre_cod_asig5,pre_cod_asig6,pre_cod_asig7 FROM tblaca009_p_int WHERE pensum='5' AND c_uni_ca='2' AND c_asigna='322449' [1][0] OK
C:[19/08/2013 16:32:01.80][190.199.92.188][1151] SELECT c_asigna FROM dace004 WHERE exp_e='11-24701291' AND c_asigna='300222' AND status IN ('0','3','B','C') [1][0] OK
C:[19/08/2013 16:32:01.99][190.199.92.188][1182] SELECT par_cod_asig1,par_cod_asig2,par_cod_asig3 FROM tblaca009_p_int WHERE pensum='5' AND c_uni_ca='2' AND c_asigna='320311' [1][0] OK
C:[19/08/2013 16:32:01.99][190.199.92.188][1182] SELECT par_cod_asig1,par_cod_asig2,par_cod_asig3 FROM tblaca009_p_int WHERE pensum='5' AND c_uni_ca='2' AND c_asigna='322449' [1][0] OK
C:[19/08/2013 16:32:01.25][190.199.92.188][1312] SELECT horas_lab FROM tblaca008 WHERE c_asigna='320311' AND horas_teoricas > 0 [1][0] OK
C:[19/08/2013 16:32:01.25][190.199.92.188][1312] SELECT horas_lab FROM tblaca008 WHERE c_asigna='322449' AND horas_teoricas > 0 [1][0] OK
C:[19/08/2013 16:33:32.36][172.17.143.185][1138] SELECT pre_cod_asig1,pre_cod_asig2,pre_cod_asig3,pre_cod_asig4,pre_cod_asig5,pre_cod_asig6,pre_cod_asig7 FROM tblaca009_p_int WHERE pensum='5' AND c_uni_ca='2' AND c_asigna='300313' [1][0] OK
C:[19/08/2013 16:33:32.36][172.17.143.185][1151] SELECT c_asigna FROM dace004 WHERE exp_e='08-21182405' AND c_asigna='300213' AND status IN ('0','3','B','C') [1][0] OK
C:[19/08/2013 16:33:32.36][172.17.143.185][1138] SELECT pre_cod_asig1,pre_cod_asig2,pre_cod_asig3,pre_cod_asig4,pre_cod_asig5,pre_cod_asig6,pre_cod_asig7 FROM tblaca009_p_int WHERE pensum='5' AND c_uni_ca='2' AND c_asigna='322702' [1][0] OK
C:[19/08/2013 16:33:32.36][172.17.143.185][1151] SELECT c_asigna FROM dace004 WHERE exp_e='08-21182405' AND c_asigna='322683' AND status IN ('0','3','B','C') [1][0] OK
C:[19/08/2013 16:33:32.36][172.17.143.185][1138] SELECT pre_cod_asig1,pre_cod_asig2,pre_cod_asig3,pre_cod_asig4,pre_cod_asig5,pre_cod_asig6,pre_cod_asig7 FROM tblaca009_p_int WHERE pensum='5' AND c_uni_ca='2' AND c_asigna='322703' [1][0] OK
C:[19/08/2013 16:33:32.36][172.17.143.185][1151] SELECT c_asigna FROM dace004 WHERE exp_e='08-21182405' AND c_asigna='322669' AND status IN ('0','3','B','C') [1][0] OK
C:[19/08/2013 16:33:32.68][172.17.143.185][1182] SELECT par_cod_asig1,par_cod_asig2,par_cod_asig3 FROM tblaca009_p_int WHERE pensum='5' AND c_uni_ca='2' AND c_asigna='300313' [1][0] OK
C:[19/08/2013 16:33:32.68][172.17.143.185][1182] SELECT par_cod_asig1,par_cod_asig2,par_cod_asig3 FROM tblaca009_p_int WHERE pensum='5' AND c_uni_ca='2' AND c_asigna='322702' [1][0] OK
C:[19/08/2013 16:33:32.68][172.17.143.185][1182] SELECT par_cod_asig1,par_cod_asig2,par_cod_asig3 FROM tblaca009_p_int WHERE pensum='5' AND c_uni_ca='2' AND c_asigna='322703' [1][0] OK
C:[19/08/2013 16:33:32.06][172.17.143.185][1312] SELECT horas_lab FROM tblaca008 WHERE c_asigna='300313' AND horas_teoricas > 0 [1][0] OK
C:[19/08/2013 16:33:32.06][172.17.143.185][1312] SELECT horas_lab FROM tblaca008 WHERE c_asigna='322702' AND horas_teoricas > 0 [1][0] OK
C:[19/08/2013 16:33:32.06][172.17.143.185][1312] SELECT horas_lab FROM tblaca008 WHERE c_asigna='322703' AND horas_teoricas > 0 [1][0] OK
C:[19/08/2013 16:33:40.60][190.78.105.125][1138] SELECT pre_cod_asig1,pre_cod_asig2,pre_cod_asig3,pre_cod_asig4,pre_cod_asig5,pre_cod_asig6,pre_cod_asig7 FROM tblaca009_p_int WHERE pensum='5' AND c_uni_ca='5' AND c_asigna='355696' [1][0] OK
C:[19/08/2013 16:33:40.60][190.78.105.125][1151] SELECT c_asigna FROM dace004 WHERE exp_e='10-24559181' AND c_asigna='355570' AND status IN ('0','3','B','C') [1][0] OK
C:[19/08/2013 16:33:40.60][190.78.105.125][1151] SELECT c_asigna FROM dace004 WHERE exp_e='10-24559181' AND c_asigna='355571' AND status IN ('0','3','B','C') [1][0] OK
C:[19/08/2013 16:33:40.60][190.78.105.125][1138] SELECT pre_cod_asig1,pre_cod_asig2,pre_cod_asig3,pre_cod_asig4,pre_cod_asig5,pre_cod_asig6,pre_cod_asig7 FROM tblaca009_p_int WHERE pensum='5' AND c_uni_ca='5' AND c_asigna='355874' [1][0] OK
C:[19/08/2013 16:33:40.60][190.78.105.125][1151] SELECT c_asigna FROM dace004 WHERE exp_e='10-24559181' AND c_asigna='355448' AND status IN ('0','3','B','C') [1][0] OK
C:[19/08/2013 16:33:40.79][190.78.105.125][1182] SELECT par_cod_asig1,par_cod_asig2,par_cod_asig3 FROM tblaca009_p_int WHERE pensum='5' AND c_uni_ca='5' AND c_asigna='355696' [1][0] OK
C:[19/08/2013 16:33:40.79][190.78.105.125][1182] SELECT par_cod_asig1,par_cod_asig2,par_cod_asig3 FROM tblaca009_p_int WHERE pensum='5' AND c_uni_ca='5' AND c_asigna='355874' [1][0] OK
C:[19/08/2013 16:33:40.05][190.78.105.125][1312] SELECT horas_lab FROM tblaca008 WHERE c_asigna='355696' AND horas_teoricas > 0 [1][0] OK
C:[19/08/2013 16:33:40.05][190.78.105.125][1312] SELECT horas_lab FROM tblaca008 WHERE c_asigna='355874' AND horas_teoricas > 0 [1][0] OK
C:[19/08/2013 16:34:05.07][190.37.44.1][1138] SELECT pre_cod_asig1,pre_cod_asig2,pre_cod_asig3,pre_cod_asig4,pre_cod_asig5,pre_cod_asig6,pre_cod_asig7 FROM tblaca009_p_int WHERE pensum='5' AND c_uni_ca='3' AND c_asigna='311556' [1][0] OK
C:[19/08/2013 16:34:05.07][190.37.44.1][1151] SELECT c_asigna FROM dace004 WHERE exp_e='08-19729090' AND c_asigna='311430' AND status IN ('0','3','B','C') [1][0] OK
C:[19/08/2013 16:34:05.45][190.37.44.1][1182] SELECT par_cod_asig1,par_cod_asig2,par_cod_asig3 FROM tblaca009_p_int WHERE pensum='5' AND c_uni_ca='3' AND c_asigna='311556' [1][0] OK
C:[19/08/2013 16:34:05.58][190.37.44.1][1312] SELECT horas_lab FROM tblaca008 WHERE c_asigna='311556' AND horas_teoricas > 0 [0][0] OK
C:[19/08/2013 16:35:21.68][190.75.137.22][1138] SELECT pre_cod_asig1,pre_cod_asig2,pre_cod_asig3,pre_cod_asig4,pre_cod_asig5,pre_cod_asig6,pre_cod_asig7 FROM tblaca009_p_int WHERE pensum='5' AND c_uni_ca='3' AND c_asigna='300013' [1][0] OK
C:[19/08/2013 16:35:21.68][190.75.137.22][1138] SELECT pre_cod_asig1,pre_cod_asig2,pre_cod_asig3,pre_cod_asig4,pre_cod_asig5,pre_cod_asig6,pre_cod_asig7 FROM tblaca009_p_int WHERE pensum='5' AND c_uni_ca='3' AND c_asigna='300112' [1][0] OK
C:[19/08/2013 16:35:21.49][190.75.137.22][1182] SELECT par_cod_asig1,par_cod_asig2,par_cod_asig3 FROM tblaca009_p_int WHERE pensum='5' AND c_uni_ca='3' AND c_asigna='300013' [1][0] OK
C:[19/08/2013 16:35:21.49][190.75.137.22][1182] SELECT par_cod_asig1,par_cod_asig2,par_cod_asig3 FROM tblaca009_p_int WHERE pensum='5' AND c_uni_ca='3' AND c_asigna='300112' [1][0] OK
C:[19/08/2013 16:35:22.76][190.75.137.22][1312] SELECT horas_lab FROM tblaca008 WHERE c_asigna='300013' AND horas_teoricas > 0 [1][0] OK
C:[19/08/2013 16:35:22.76][190.75.137.22][1312] SELECT horas_lab FROM tblaca008 WHERE c_asigna='300112' AND horas_teoricas > 0 [1][0] OK
C:[19/08/2013 16:38:49.18][200.84.69.137][1138] SELECT pre_cod_asig1,pre_cod_asig2,pre_cod_asig3,pre_cod_asig4,pre_cod_asig5,pre_cod_asig6,pre_cod_asig7 FROM tblaca009_p_int WHERE pensum='5' AND c_uni_ca='5' AND c_asigna='300209' [1][0] OK
C:[19/08/2013 16:38:49.18][200.84.69.137][1151] SELECT c_asigna FROM dace004 WHERE exp_e='12-24842883' AND c_asigna='300101' AND status IN ('0','3','B','C') [1][0] OK
C:[19/08/2013 16:38:49.18][200.84.69.137][1138] SELECT pre_cod_asig1,pre_cod_asig2,pre_cod_asig3,pre_cod_asig4,pre_cod_asig5,pre_cod_asig6,pre_cod_asig7 FROM tblaca009_p_int WHERE pensum='5' AND c_uni_ca='5' AND c_asigna='300213' [1][0] OK
C:[19/08/2013 16:38:49.18][200.84.69.137][1151] SELECT c_asigna FROM dace004 WHERE exp_e='12-24842883' AND c_asigna='300101' AND status IN ('0','3','B','C') [1][0] OK
C:[19/08/2013 16:38:49.18][200.84.69.137][1138] SELECT pre_cod_asig1,pre_cod_asig2,pre_cod_asig3,pre_cod_asig4,pre_cod_asig5,pre_cod_asig6,pre_cod_asig7 FROM tblaca009_p_int WHERE pensum='5' AND c_uni_ca='5' AND c_asigna='300226' [1][0] OK
C:[19/08/2013 16:38:49.18][200.84.69.137][1151] SELECT c_asigna FROM dace004 WHERE exp_e='12-24842883' AND c_asigna='300116' AND status IN ('0','3','B','C') [1][0] OK
C:[19/08/2013 16:38:49.50][200.84.69.137][1182] SELECT par_cod_asig1,par_cod_asig2,par_cod_asig3 FROM tblaca009_p_int WHERE pensum='5' AND c_uni_ca='5' AND c_asigna='300209' [1][0] OK
C:[19/08/2013 16:38:49.50][200.84.69.137][1182] SELECT par_cod_asig1,par_cod_asig2,par_cod_asig3 FROM tblaca009_p_int WHERE pensum='5' AND c_uni_ca='5' AND c_asigna='300213' [1][0] OK
C:[19/08/2013 16:38:49.50][200.84.69.137][1182] SELECT par_cod_asig1,par_cod_asig2,par_cod_asig3 FROM tblaca009_p_int WHERE pensum='5' AND c_uni_ca='5' AND c_asigna='300226' [1][0] OK
C:[19/08/2013 16:38:49.89][200.84.69.137][1312] SELECT horas_lab FROM tblaca008 WHERE c_asigna='300209' AND horas_teoricas > 0 [1][0] OK
C:[19/08/2013 16:38:49.89][200.84.69.137][1312] SELECT horas_lab FROM tblaca008 WHERE c_asigna='300213' AND horas_teoricas > 0 [1][0] OK
C:[19/08/2013 16:38:49.89][200.84.69.137][1312] SELECT horas_lab FROM tblaca008 WHERE c_asigna='300226' AND horas_teoricas > 0 [1][0] OK
C:[19/08/2013 16:39:27.33][190.75.137.22][1138] SELECT pre_cod_asig1,pre_cod_asig2,pre_cod_asig3,pre_cod_asig4,pre_cod_asig5,pre_cod_asig6,pre_cod_asig7 FROM tblaca009_p_int WHERE pensum='5' AND c_uni_ca='6' AND c_asigna='300013' [1][0] OK
C:[19/08/2013 16:39:27.33][190.75.137.22][1138] SELECT pre_cod_asig1,pre_cod_asig2,pre_cod_asig3,pre_cod_asig4,pre_cod_asig5,pre_cod_asig6,pre_cod_asig7 FROM tblaca009_p_int WHERE pensum='5' AND c_uni_ca='6' AND c_asigna='300112' [1][0] OK
C:[19/08/2013 16:39:27.14][190.75.137.22][1182] SELECT par_cod_asig1,par_cod_asig2,par_cod_asig3 FROM tblaca009_p_int WHERE pensum='5' AND c_uni_ca='6' AND c_asigna='300013' [1][0] OK
C:[19/08/2013 16:39:27.14][190.75.137.22][1182] SELECT par_cod_asig1,par_cod_asig2,par_cod_asig3 FROM tblaca009_p_int WHERE pensum='5' AND c_uni_ca='6' AND c_asigna='300112' [1][0] OK
C:[19/08/2013 16:39:27.40][190.75.137.22][1312] SELECT horas_lab FROM tblaca008 WHERE c_asigna='300013' AND horas_teoricas > 0 [1][0] OK
C:[19/08/2013 16:39:27.40][190.75.137.22][1312] SELECT horas_lab FROM tblaca008 WHERE c_asigna='300112' AND horas_teoricas > 0 [1][0] OK
C:[19/08/2013 16:40:35.80][190.201.11.147][1138] SELECT pre_cod_asig1,pre_cod_asig2,pre_cod_asig3,pre_cod_asig4,pre_cod_asig5,pre_cod_asig6,pre_cod_asig7 FROM tblaca009_p_int WHERE pensum='5' AND c_uni_ca='3' AND c_asigna='311551' [1][0] OK
C:[19/08/2013 16:40:35.80][190.201.11.147][1151] SELECT c_asigna FROM dace004 WHERE exp_e='10-16164144' AND c_asigna='311430' AND status IN ('0','3','B','C') [1][0] OK
C:[19/08/2013 16:40:35.80][190.201.11.147][1138] SELECT pre_cod_asig1,pre_cod_asig2,pre_cod_asig3,pre_cod_asig4,pre_cod_asig5,pre_cod_asig6,pre_cod_asig7 FROM tblaca009_p_int WHERE pensum='5' AND c_uni_ca='3' AND c_asigna='311556' [1][0] OK
C:[19/08/2013 16:40:35.80][190.201.11.147][1151] SELECT c_asigna FROM dace004 WHERE exp_e='10-16164144' AND c_asigna='311430' AND status IN ('0','3','B','C') [1][0] OK
C:[19/08/2013 16:40:35.80][190.201.11.147][1138] SELECT pre_cod_asig1,pre_cod_asig2,pre_cod_asig3,pre_cod_asig4,pre_cod_asig5,pre_cod_asig6,pre_cod_asig7 FROM tblaca009_p_int WHERE pensum='5' AND c_uni_ca='3' AND c_asigna='315671' [1][0] OK
C:[19/08/2013 16:40:35.80][190.201.11.147][1151] SELECT c_asigna FROM dace004 WHERE exp_e='10-16164144' AND c_asigna='315552' AND status IN ('0','3','B','C') [1][0] OK
C:[19/08/2013 16:40:36.11][190.201.11.147][1182] SELECT par_cod_asig1,par_cod_asig2,par_cod_asig3 FROM tblaca009_p_int WHERE pensum='5' AND c_uni_ca='3' AND c_asigna='311551' [1][0] OK
C:[19/08/2013 16:40:36.11][190.201.11.147][1182] SELECT par_cod_asig1,par_cod_asig2,par_cod_asig3 FROM tblaca009_p_int WHERE pensum='5' AND c_uni_ca='3' AND c_asigna='311556' [1][0] OK
C:[19/08/2013 16:40:36.11][190.201.11.147][1182] SELECT par_cod_asig1,par_cod_asig2,par_cod_asig3 FROM tblaca009_p_int WHERE pensum='5' AND c_uni_ca='3' AND c_asigna='315671' [1][0] OK
C:[19/08/2013 16:40:36.50][190.201.11.147][1312] SELECT horas_lab FROM tblaca008 WHERE c_asigna='311551' AND horas_teoricas > 0 [1][0] OK
C:[19/08/2013 16:40:36.50][190.201.11.147][1312] SELECT horas_lab FROM tblaca008 WHERE c_asigna='311556' AND horas_teoricas > 0 [0][0] OK
C:[19/08/2013 16:40:36.50][190.201.11.147][1312] SELECT horas_lab FROM tblaca008 WHERE c_asigna='315671' AND horas_teoricas > 0 [1][0] OK
C:[19/08/2013 16:42:54.17][190.75.137.22][1138] SELECT pre_cod_asig1,pre_cod_asig2,pre_cod_asig3,pre_cod_asig4,pre_cod_asig5,pre_cod_asig6,pre_cod_asig7 FROM tblaca009_p_int WHERE pensum='5' AND c_uni_ca='2' AND c_asigna='300013' [1][0] OK
C:[19/08/2013 16:42:54.17][190.75.137.22][1138] SELECT pre_cod_asig1,pre_cod_asig2,pre_cod_asig3,pre_cod_asig4,pre_cod_asig5,pre_cod_asig6,pre_cod_asig7 FROM tblaca009_p_int WHERE pensum='5' AND c_uni_ca='2' AND c_asigna='300113' [1][0] OK
C:[19/08/2013 16:42:54.67][190.75.137.22][1182] SELECT par_cod_asig1,par_cod_asig2,par_cod_asig3 FROM tblaca009_p_int WHERE pensum='5' AND c_uni_ca='2' AND c_asigna='300013' [1][0] OK
C:[19/08/2013 16:42:54.67][190.75.137.22][1182] SELECT par_cod_asig1,par_cod_asig2,par_cod_asig3 FROM tblaca009_p_int WHERE pensum='5' AND c_uni_ca='2' AND c_asigna='300113' [1][0] OK
C:[19/08/2013 16:42:54.67][190.75.137.22][1196] SELECT c_asigna FROM dace004 WHERE exp_e='12-26073542' AND c_asigna='300013' AND status IN ('0','3','B','C') [0][0] OK
C:[19/08/2013 16:42:54.06][190.75.137.22][1312] SELECT horas_lab FROM tblaca008 WHERE c_asigna='300013' AND horas_teoricas > 0 [1][0] OK
C:[19/08/2013 16:42:54.06][190.75.137.22][1312] SELECT horas_lab FROM tblaca008 WHERE c_asigna='300113' AND horas_teoricas > 0 [0][0] OK
C:[19/08/2013 16:50:28.13][190.37.102.244][1138] SELECT pre_cod_asig1,pre_cod_asig2,pre_cod_asig3,pre_cod_asig4,pre_cod_asig5,pre_cod_asig6,pre_cod_asig7 FROM tblaca009_p_int WHERE pensum='5' AND c_uni_ca='5' AND c_asigna='355572' [1][0] OK
C:[19/08/2013 16:50:28.13][190.37.102.244][1151] SELECT c_asigna FROM dace004 WHERE exp_e='06-19127094' AND c_asigna='300428' AND status IN ('0','3','B','C') [1][0] OK
C:[19/08/2013 16:50:28.95][190.37.102.244][1182] SELECT par_cod_asig1,par_cod_asig2,par_cod_asig3 FROM tblaca009_p_int WHERE pensum='5' AND c_uni_ca='5' AND c_asigna='355572' [1][0] OK
C:[19/08/2013 16:50:28.08][190.37.102.244][1312] SELECT horas_lab FROM tblaca008 WHERE c_asigna='355572' AND horas_teoricas > 0 [1][0] OK
C:[19/08/2013 16:52:01.82][186.90.181.202][1138] SELECT pre_cod_asig1,pre_cod_asig2,pre_cod_asig3,pre_cod_asig4,pre_cod_asig5,pre_cod_asig6,pre_cod_asig7 FROM tblaca009_p_int WHERE pensum='5' AND c_uni_ca='3' AND c_asigna='300013' [1][0] OK
C:[19/08/2013 16:52:01.82][186.90.181.202][1138] SELECT pre_cod_asig1,pre_cod_asig2,pre_cod_asig3,pre_cod_asig4,pre_cod_asig5,pre_cod_asig6,pre_cod_asig7 FROM tblaca009_p_int WHERE pensum='5' AND c_uni_ca='3' AND c_asigna='300112' [1][0] OK
C:[19/08/2013 16:52:01.82][186.90.181.202][1138] SELECT pre_cod_asig1,pre_cod_asig2,pre_cod_asig3,pre_cod_asig4,pre_cod_asig5,pre_cod_asig6,pre_cod_asig7 FROM tblaca009_p_int WHERE pensum='5' AND c_uni_ca='3' AND c_asigna='300113' [1][0] OK
C:[19/08/2013 16:52:01.76][186.90.181.202][1182] SELECT par_cod_asig1,par_cod_asig2,par_cod_asig3 FROM tblaca009_p_int WHERE pensum='5' AND c_uni_ca='3' AND c_asigna='300013' [1][0] OK
C:[19/08/2013 16:52:01.76][186.90.181.202][1182] SELECT par_cod_asig1,par_cod_asig2,par_cod_asig3 FROM tblaca009_p_int WHERE pensum='5' AND c_uni_ca='3' AND c_asigna='300112' [1][0] OK
C:[19/08/2013 16:52:01.76][186.90.181.202][1182] SELECT par_cod_asig1,par_cod_asig2,par_cod_asig3 FROM tblaca009_p_int WHERE pensum='5' AND c_uni_ca='3' AND c_asigna='300113' [1][0] OK
C:[19/08/2013 16:52:01.76][186.90.181.202][1196] SELECT c_asigna FROM dace004 WHERE exp_e='13-22593237' AND c_asigna='300013' AND status IN ('0','3','B','C') [0][0] OK
C:[19/08/2013 16:52:02.27][186.90.181.202][1312] SELECT horas_lab FROM tblaca008 WHERE c_asigna='300013' AND horas_teoricas > 0 [1][0] OK
C:[19/08/2013 16:52:02.27][186.90.181.202][1312] SELECT horas_lab FROM tblaca008 WHERE c_asigna='300112' AND horas_teoricas > 0 [1][0] OK
C:[19/08/2013 16:52:02.27][186.90.181.202][1312] SELECT horas_lab FROM tblaca008 WHERE c_asigna='300113' AND horas_teoricas > 0 [0][0] OK
C:[19/08/2013 16:55:44.31][186.88.167.200][1138] SELECT pre_cod_asig1,pre_cod_asig2,pre_cod_asig3,pre_cod_asig4,pre_cod_asig5,pre_cod_asig6,pre_cod_asig7 FROM tblaca009_p_int WHERE pensum='5' AND c_uni_ca='3' AND c_asigna='311824' [1][0] OK
C:[19/08/2013 16:55:44.31][186.88.167.200][1151] SELECT c_asigna FROM dace004 WHERE exp_e='07-19622777' AND c_asigna='311796' AND status IN ('0','3','B','C') [1][0] OK
C:[19/08/2013 16:55:44.11][186.88.167.200][1182] SELECT par_cod_asig1,par_cod_asig2,par_cod_asig3 FROM tblaca009_p_int WHERE pensum='5' AND c_uni_ca='3' AND c_asigna='311824' [1][0] OK
C:[19/08/2013 16:55:44.25][186.88.167.200][1312] SELECT horas_lab FROM tblaca008 WHERE c_asigna='311824' AND horas_teoricas > 0 [1][0] OK
C:[19/08/2013 16:56:51.03][190.205.156.82][1138] SELECT pre_cod_asig1,pre_cod_asig2,pre_cod_asig3,pre_cod_asig4,pre_cod_asig5,pre_cod_asig6,pre_cod_asig7 FROM tblaca009_p_int WHERE pensum='5' AND c_uni_ca='4' AND c_asigna='333611' [1][0] OK
C:[19/08/2013 16:56:51.03][190.205.156.82][1151] SELECT c_asigna FROM dace004 WHERE exp_e='06-18515980' AND c_asigna='333584' AND status IN ('0','3','B','C') [1][0] OK
C:[19/08/2013 16:56:51.85][190.205.156.82][1182] SELECT par_cod_asig1,par_cod_asig2,par_cod_asig3 FROM tblaca009_p_int WHERE pensum='5' AND c_uni_ca='4' AND c_asigna='333611' [1][0] OK
C:[19/08/2013 16:56:51.98][190.205.156.82][1312] SELECT horas_lab FROM tblaca008 WHERE c_asigna='333611' AND horas_teoricas > 0 [1][0] OK
C:[19/08/2013 16:58:29.23][186.90.123.102][1138] SELECT pre_cod_asig1,pre_cod_asig2,pre_cod_asig3,pre_cod_asig4,pre_cod_asig5,pre_cod_asig6,pre_cod_asig7 FROM tblaca009_p_int WHERE pensum='5' AND c_uni_ca='2' AND c_asigna='300013' [1][0] OK
C:[19/08/2013 16:58:29.23][186.90.123.102][1138] SELECT pre_cod_asig1,pre_cod_asig2,pre_cod_asig3,pre_cod_asig4,pre_cod_asig5,pre_cod_asig6,pre_cod_asig7 FROM tblaca009_p_int WHERE pensum='5' AND c_uni_ca='2' AND c_asigna='300105' [1][0] OK
C:[19/08/2013 16:58:29.23][186.90.123.102][1138] SELECT pre_cod_asig1,pre_cod_asig2,pre_cod_asig3,pre_cod_asig4,pre_cod_asig5,pre_cod_asig6,pre_cod_asig7 FROM tblaca009_p_int WHERE pensum='5' AND c_uni_ca='2' AND c_asigna='300113' [1][0] OK
C:[19/08/2013 16:58:29.17][186.90.123.102][1182] SELECT par_cod_asig1,par_cod_asig2,par_cod_asig3 FROM tblaca009_p_int WHERE pensum='5' AND c_uni_ca='2' AND c_asigna='300013' [1][0] OK
C:[19/08/2013 16:58:29.17][186.90.123.102][1182] SELECT par_cod_asig1,par_cod_asig2,par_cod_asig3 FROM tblaca009_p_int WHERE pensum='5' AND c_uni_ca='2' AND c_asigna='300105' [1][0] OK
C:[19/08/2013 16:58:29.17][186.90.123.102][1182] SELECT par_cod_asig1,par_cod_asig2,par_cod_asig3 FROM tblaca009_p_int WHERE pensum='5' AND c_uni_ca='2' AND c_asigna='300113' [1][0] OK
C:[19/08/2013 16:58:29.17][186.90.123.102][1196] SELECT c_asigna FROM dace004 WHERE exp_e='11-23503057' AND c_asigna='300013' AND status IN ('0','3','B','C') [0][0] OK
C:[19/08/2013 16:58:29.68][186.90.123.102][1312] SELECT horas_lab FROM tblaca008 WHERE c_asigna='300013' AND horas_teoricas > 0 [1][0] OK
C:[19/08/2013 16:58:29.68][186.90.123.102][1312] SELECT horas_lab FROM tblaca008 WHERE c_asigna='300105' AND horas_teoricas > 0 [1][0] OK
C:[19/08/2013 16:58:29.68][186.90.123.102][1312] SELECT horas_lab FROM tblaca008 WHERE c_asigna='300113' AND horas_teoricas > 0 [0][0] OK
C:[19/08/2013 16:59:18.97][190.74.182.178][1138] SELECT pre_cod_asig1,pre_cod_asig2,pre_cod_asig3,pre_cod_asig4,pre_cod_asig5,pre_cod_asig6,pre_cod_asig7 FROM tblaca009_p_int WHERE pensum='5' AND c_uni_ca='5' AND c_asigna='351330' [1][0] OK
C:[19/08/2013 16:59:18.97][190.74.182.178][1151] SELECT c_asigna FROM dace004 WHERE exp_e='08-20507480' AND c_asigna='300218' AND status IN ('0','3','B','C') [1][0] OK
C:[19/08/2013 16:59:18.79][190.74.182.178][1182] SELECT par_cod_asig1,par_cod_asig2,par_cod_asig3 FROM tblaca009_p_int WHERE pensum='5' AND c_uni_ca='5' AND c_asigna='351330' [1][0] OK
C:[19/08/2013 16:59:18.79][190.74.182.178][1196] SELECT c_asigna FROM dace004 WHERE exp_e='08-20507480' AND c_asigna='300317' AND status IN ('0','3','B','C') [1][0] OK
C:[19/08/2013 16:59:18.04][190.74.182.178][1312] SELECT horas_lab FROM tblaca008 WHERE c_asigna='351330' AND horas_teoricas > 0 [1][0] OK
C:[19/08/2013 17:00:40.96][186.90.123.102][1138] SELECT pre_cod_asig1,pre_cod_asig2,pre_cod_asig3,pre_cod_asig4,pre_cod_asig5,pre_cod_asig6,pre_cod_asig7 FROM tblaca009_p_int WHERE pensum='5' AND c_uni_ca='2' AND c_asigna='300013' [1][0] OK
C:[19/08/2013 17:00:40.96][186.90.123.102][1138] SELECT pre_cod_asig1,pre_cod_asig2,pre_cod_asig3,pre_cod_asig4,pre_cod_asig5,pre_cod_asig6,pre_cod_asig7 FROM tblaca009_p_int WHERE pensum='5' AND c_uni_ca='2' AND c_asigna='300113' [1][0] OK
C:[19/08/2013 17:00:40.76][186.90.123.102][1182] SELECT par_cod_asig1,par_cod_asig2,par_cod_asig3 FROM tblaca009_p_int WHERE pensum='5' AND c_uni_ca='2' AND c_asigna='300013' [1][0] OK
C:[19/08/2013 17:00:40.76][186.90.123.102][1182] SELECT par_cod_asig1,par_cod_asig2,par_cod_asig3 FROM tblaca009_p_int WHERE pensum='5' AND c_uni_ca='2' AND c_asigna='300113' [1][0] OK
C:[19/08/2013 17:00:40.76][186.90.123.102][1196] SELECT c_asigna FROM dace004 WHERE exp_e='11-23503057' AND c_asigna='300013' AND status IN ('0','3','B','C') [0][0] OK
C:[19/08/2013 17:00:40.15][186.90.123.102][1312] SELECT horas_lab FROM tblaca008 WHERE c_asigna='300013' AND horas_teoricas > 0 [1][0] OK
C:[19/08/2013 17:00:40.15][186.90.123.102][1312] SELECT horas_lab FROM tblaca008 WHERE c_asigna='300113' AND horas_teoricas > 0 [0][0] OK
C:[19/08/2013 17:01:09.38][200.109.207.82][1138] SELECT pre_cod_asig1,pre_cod_asig2,pre_cod_asig3,pre_cod_asig4,pre_cod_asig5,pre_cod_asig6,pre_cod_asig7 FROM tblaca009_p_int WHERE pensum='5' AND c_uni_ca='3' AND c_asigna='311673' [1][0] OK
C:[19/08/2013 17:01:09.38][200.109.207.82][1151] SELECT c_asigna FROM dace004 WHERE exp_e='08-17303344' AND c_asigna='311551' AND status IN ('0','3','B','C') [1][0] OK
C:[19/08/2013 17:01:09.38][200.109.207.82][1138] SELECT pre_cod_asig1,pre_cod_asig2,pre_cod_asig3,pre_cod_asig4,pre_cod_asig5,pre_cod_asig6,pre_cod_asig7 FROM tblaca009_p_int WHERE pensum='5' AND c_uni_ca='3' AND c_asigna='315671' [1][0] OK
C:[19/08/2013 17:01:09.38][200.109.207.82][1151] SELECT c_asigna FROM dace004 WHERE exp_e='08-17303344' AND c_asigna='315552' AND status IN ('0','3','B','C') [1][0] OK
C:[19/08/2013 17:01:09.44][200.109.207.82][1182] SELECT par_cod_asig1,par_cod_asig2,par_cod_asig3 FROM tblaca009_p_int WHERE pensum='5' AND c_uni_ca='3' AND c_asigna='311673' [1][0] OK
C:[19/08/2013 17:01:09.44][200.109.207.82][1182] SELECT par_cod_asig1,par_cod_asig2,par_cod_asig3 FROM tblaca009_p_int WHERE pensum='5' AND c_uni_ca='3' AND c_asigna='315671' [1][0] OK
C:[19/08/2013 17:01:09.70][200.109.207.82][1312] SELECT horas_lab FROM tblaca008 WHERE c_asigna='311673' AND horas_teoricas > 0 [1][0] OK
C:[19/08/2013 17:01:09.70][200.109.207.82][1312] SELECT horas_lab FROM tblaca008 WHERE c_asigna='315671' AND horas_teoricas > 0 [1][0] OK
C:[19/08/2013 17:06:02.08][190.79.26.23][1138] SELECT pre_cod_asig1,pre_cod_asig2,pre_cod_asig3,pre_cod_asig4,pre_cod_asig5,pre_cod_asig6,pre_cod_asig7 FROM tblaca009_p_int WHERE pensum='5' AND c_uni_ca='2' AND c_asigna='300222' [1][0] OK
C:[19/08/2013 17:06:02.08][190.79.26.23][1151] SELECT c_asigna FROM dace004 WHERE exp_e='12-26513894' AND c_asigna='300112' AND status IN ('0','3','B','C') [1][0] OK
C:[19/08/2013 17:06:02.08][190.79.26.23][1138] SELECT pre_cod_asig1,pre_cod_asig2,pre_cod_asig3,pre_cod_asig4,pre_cod_asig5,pre_cod_asig6,pre_cod_asig7 FROM tblaca009_p_int WHERE pensum='5' AND c_uni_ca='2' AND c_asigna='300209' [1][0] OK
C:[19/08/2013 17:06:02.08][190.79.26.23][1151] SELECT c_asigna FROM dace004 WHERE exp_e='12-26513894' AND c_asigna='300101' AND status IN ('0','3','B','C') [1][0] OK
C:[19/08/2013 17:06:02.13][190.79.26.23][1182] SELECT par_cod_asig1,par_cod_asig2,par_cod_asig3 FROM tblaca009_p_int WHERE pensum='5' AND c_uni_ca='2' AND c_asigna='300222' [1][0] OK
C:[19/08/2013 17:06:02.13][190.79.26.23][1182] SELECT par_cod_asig1,par_cod_asig2,par_cod_asig3 FROM tblaca009_p_int WHERE pensum='5' AND c_uni_ca='2' AND c_asigna='300209' [1][0] OK
C:[19/08/2013 17:06:02.39][190.79.26.23][1312] SELECT horas_lab FROM tblaca008 WHERE c_asigna='300222' AND horas_teoricas > 0 [1][0] OK
C:[19/08/2013 17:06:02.39][190.79.26.23][1312] SELECT horas_lab FROM tblaca008 WHERE c_asigna='300209' AND horas_teoricas > 0 [1][0] OK
C:[19/08/2013 17:07:43.91][190.199.92.188][1138] SELECT pre_cod_asig1,pre_cod_asig2,pre_cod_asig3,pre_cod_asig4,pre_cod_asig5,pre_cod_asig6,pre_cod_asig7 FROM tblaca009_p_int WHERE pensum='5' AND c_uni_ca='3' AND c_asigna='300207' [1][0] OK
C:[19/08/2013 17:07:43.91][190.199.92.188][1151] SELECT c_asigna FROM dace004 WHERE exp_e='09-23521132' AND c_asigna='300101' AND status IN ('0','3','B','C') [1][0] OK
C:[19/08/2013 17:07:43.91][190.199.92.188][1138] SELECT pre_cod_asig1,pre_cod_asig2,pre_cod_asig3,pre_cod_asig4,pre_cod_asig5,pre_cod_asig6,pre_cod_asig7 FROM tblaca009_p_int WHERE pensum='5' AND c_uni_ca='3' AND c_asigna='300228' [1][0] OK
C:[19/08/2013 17:07:43.91][190.199.92.188][1151] SELECT c_asigna FROM dace004 WHERE exp_e='09-23521132' AND c_asigna='300101' AND status IN ('0','3','B','C') [1][0] OK
C:[19/08/2013 17:07:43.97][190.199.92.188][1182] SELECT par_cod_asig1,par_cod_asig2,par_cod_asig3 FROM tblaca009_p_int WHERE pensum='5' AND c_uni_ca='3' AND c_asigna='300207' [1][0] OK
C:[19/08/2013 17:07:43.97][190.199.92.188][1182] SELECT par_cod_asig1,par_cod_asig2,par_cod_asig3 FROM tblaca009_p_int WHERE pensum='5' AND c_uni_ca='3' AND c_asigna='300228' [1][0] OK
C:[19/08/2013 17:07:43.23][190.199.92.188][1312] SELECT horas_lab FROM tblaca008 WHERE c_asigna='300207' AND horas_teoricas > 0 [1][0] OK
C:[19/08/2013 17:07:43.23][190.199.92.188][1312] SELECT horas_lab FROM tblaca008 WHERE c_asigna='300228' AND horas_teoricas > 0 [1][0] OK
C:[19/08/2013 17:11:08.40][186.167.242.56][1138] SELECT pre_cod_asig1,pre_cod_asig2,pre_cod_asig3,pre_cod_asig4,pre_cod_asig5,pre_cod_asig6,pre_cod_asig7 FROM tblaca009_p_int WHERE pensum='5' AND c_uni_ca='3' AND c_asigna='300313' [1][0] OK
C:[19/08/2013 17:11:08.40][186.167.242.56][1151] SELECT c_asigna FROM dace004 WHERE exp_e='12-20561537' AND c_asigna='300213' AND status IN ('0','3','B','C') [1][0] OK
C:[19/08/2013 17:11:08.40][186.167.242.56][1138] SELECT pre_cod_asig1,pre_cod_asig2,pre_cod_asig3,pre_cod_asig4,pre_cod_asig5,pre_cod_asig6,pre_cod_asig7 FROM tblaca009_p_int WHERE pensum='5' AND c_uni_ca='3' AND c_asigna='312333' [1][0] OK
C:[19/08/2013 17:11:08.40][186.167.242.56][1151] SELECT c_asigna FROM dace004 WHERE exp_e='12-20561537' AND c_asigna='300228' AND status IN ('0','3','B','C') [1][0] OK
C:[19/08/2013 17:11:08.46][186.167.242.56][1182] SELECT par_cod_asig1,par_cod_asig2,par_cod_asig3 FROM tblaca009_p_int WHERE pensum='5' AND c_uni_ca='3' AND c_asigna='300313' [1][0] OK
C:[19/08/2013 17:11:08.46][186.167.242.56][1182] SELECT par_cod_asig1,par_cod_asig2,par_cod_asig3 FROM tblaca009_p_int WHERE pensum='5' AND c_uni_ca='3' AND c_asigna='312333' [1][0] OK
C:[19/08/2013 17:11:08.72][186.167.242.56][1312] SELECT horas_lab FROM tblaca008 WHERE c_asigna='300313' AND horas_teoricas > 0 [1][0] OK
C:[19/08/2013 17:11:08.72][186.167.242.56][1312] SELECT horas_lab FROM tblaca008 WHERE c_asigna='312333' AND horas_teoricas > 0 [1][0] OK
C:[19/08/2013 17:14:48.15][190.199.94.54][1138] SELECT pre_cod_asig1,pre_cod_asig2,pre_cod_asig3,pre_cod_asig4,pre_cod_asig5,pre_cod_asig6,pre_cod_asig7 FROM tblaca009_p_int WHERE pensum='5' AND c_uni_ca='2' AND c_asigna='300113' [1][0] OK
C:[19/08/2013 17:14:48.84][190.199.94.54][1182] SELECT par_cod_asig1,par_cod_asig2,par_cod_asig3 FROM tblaca009_p_int WHERE pensum='5' AND c_uni_ca='2' AND c_asigna='300113' [1][0] OK
C:[19/08/2013 17:14:48.84][190.199.94.54][1196] SELECT c_asigna FROM dace004 WHERE exp_e='08-20505430' AND c_asigna='300013' AND status IN ('0','3','B','C') [1][0] OK
C:[19/08/2013 17:14:48.09][190.199.94.54][1312] SELECT horas_lab FROM tblaca008 WHERE c_asigna='300113' AND horas_teoricas > 0 [0][0] OK
C:[19/08/2013 17:17:56.65][190.77.208.145][1138] SELECT pre_cod_asig1,pre_cod_asig2,pre_cod_asig3,pre_cod_asig4,pre_cod_asig5,pre_cod_asig6,pre_cod_asig7 FROM tblaca009_p_int WHERE pensum='5' AND c_uni_ca='5' AND c_asigna='300209' [1][0] OK
C:[19/08/2013 17:17:56.65][190.77.208.145][1151] SELECT c_asigna FROM dace004 WHERE exp_e='12-25849842' AND c_asigna='300101' AND status IN ('0','3','B','C') [1][0] OK
C:[19/08/2013 17:17:56.65][190.77.208.145][1138] SELECT pre_cod_asig1,pre_cod_asig2,pre_cod_asig3,pre_cod_asig4,pre_cod_asig5,pre_cod_asig6,pre_cod_asig7 FROM tblaca009_p_int WHERE pensum='5' AND c_uni_ca='5' AND c_asigna='300218' [1][0] OK
C:[19/08/2013 17:17:56.59][190.77.208.145][1182] SELECT par_cod_asig1,par_cod_asig2,par_cod_asig3 FROM tblaca009_p_int WHERE pensum='5' AND c_uni_ca='5' AND c_asigna='300209' [1][0] OK
C:[19/08/2013 17:17:56.59][190.77.208.145][1182] SELECT par_cod_asig1,par_cod_asig2,par_cod_asig3 FROM tblaca009_p_int WHERE pensum='5' AND c_uni_ca='5' AND c_asigna='300218' [1][0] OK
C:[19/08/2013 17:17:56.59][190.77.208.145][1196] SELECT c_asigna FROM dace004 WHERE exp_e='12-25849842' AND c_asigna='300228' AND status IN ('0','3','B','C') [0][0] OK
C:[19/08/2013 17:17:56.97][190.77.208.145][1312] SELECT horas_lab FROM tblaca008 WHERE c_asigna='300209' AND horas_teoricas > 0 [1][0] OK
C:[19/08/2013 17:17:56.97][190.77.208.145][1312] SELECT horas_lab FROM tblaca008 WHERE c_asigna='300218' AND horas_teoricas > 0 [0][0] OK
C:[19/08/2013 17:18:34.26][190.201.28.88][1138] SELECT pre_cod_asig1,pre_cod_asig2,pre_cod_asig3,pre_cod_asig4,pre_cod_asig5,pre_cod_asig6,pre_cod_asig7 FROM tblaca009_p_int WHERE pensum='5' AND c_uni_ca='5' AND c_asigna='355722' [1][0] OK
C:[19/08/2013 17:18:34.26][190.201.28.88][1151] SELECT c_asigna FROM dace004 WHERE exp_e='08-20160479' AND c_asigna='355691' AND status IN ('0','3','B','C') [1][0] OK
C:[19/08/2013 17:18:34.26][190.201.28.88][1151] SELECT c_asigna FROM dace004 WHERE exp_e='08-20160479' AND c_asigna='355595' AND status IN ('0','3','B','C') [1][0] OK
C:[19/08/2013 17:18:34.26][190.201.28.88][1138] SELECT pre_cod_asig1,pre_cod_asig2,pre_cod_asig3,pre_cod_asig4,pre_cod_asig5,pre_cod_asig6,pre_cod_asig7 FROM tblaca009_p_int WHERE pensum='5' AND c_uni_ca='5' AND c_asigna='355874' [1][0] OK
C:[19/08/2013 17:18:34.26][190.201.28.88][1151] SELECT c_asigna FROM dace004 WHERE exp_e='08-20160479' AND c_asigna='355448' AND status IN ('0','3','B','C') [1][0] OK
C:[19/08/2013 17:18:34.44][190.201.28.88][1182] SELECT par_cod_asig1,par_cod_asig2,par_cod_asig3 FROM tblaca009_p_int WHERE pensum='5' AND c_uni_ca='5' AND c_asigna='355722' [1][0] OK
C:[19/08/2013 17:18:34.44][190.201.28.88][1182] SELECT par_cod_asig1,par_cod_asig2,par_cod_asig3 FROM tblaca009_p_int WHERE pensum='5' AND c_uni_ca='5' AND c_asigna='355874' [1][0] OK
C:[19/08/2013 17:18:34.71][190.201.28.88][1312] SELECT horas_lab FROM tblaca008 WHERE c_asigna='355722' AND horas_teoricas > 0 [1][0] OK
C:[19/08/2013 17:18:34.71][190.201.28.88][1312] SELECT horas_lab FROM tblaca008 WHERE c_asigna='355874' AND horas_teoricas > 0 [1][0] OK
C:[19/08/2013 17:25:45.87][186.88.168.161][1138] SELECT pre_cod_asig1,pre_cod_asig2,pre_cod_asig3,pre_cod_asig4,pre_cod_asig5,pre_cod_asig6,pre_cod_asig7 FROM tblaca009_p_int WHERE pensum='5' AND c_uni_ca='6' AND c_asigna='300956' [1][0] OK
C:[19/08/2013 17:25:45.87][186.88.168.161][1151] SELECT c_asigna FROM dace004 WHERE exp_e='09-20442357' AND c_asigna='300422' AND status IN ('0','3','B','C') [1][0] OK
C:[19/08/2013 17:25:45.68][186.88.168.161][1182] SELECT par_cod_asig1,par_cod_asig2,par_cod_asig3 FROM tblaca009_p_int WHERE pensum='5' AND c_uni_ca='6' AND c_asigna='300956' [1][0] OK
C:[19/08/2013 17:25:45.82][186.88.168.161][1312] SELECT horas_lab FROM tblaca008 WHERE c_asigna='300956' AND horas_teoricas > 0 [1][0] OK
C:[19/08/2013 17:26:40.58][190.205.19.80][1138] SELECT pre_cod_asig1,pre_cod_asig2,pre_cod_asig3,pre_cod_asig4,pre_cod_asig5,pre_cod_asig6,pre_cod_asig7 FROM tblaca009_p_int WHERE pensum='5' AND c_uni_ca='5' AND c_asigna='300013' [1][0] OK
C:[19/08/2013 17:26:40.27][190.205.19.80][1182] SELECT par_cod_asig1,par_cod_asig2,par_cod_asig3 FROM tblaca009_p_int WHERE pensum='5' AND c_uni_ca='5' AND c_asigna='300013' [1][0] OK
C:[19/08/2013 17:26:40.41][190.205.19.80][1312] SELECT horas_lab FROM tblaca008 WHERE c_asigna='300013' AND horas_teoricas > 0 [1][0] OK
C:[19/08/2013 17:27:12.62][190.73.233.150][1138] SELECT pre_cod_asig1,pre_cod_asig2,pre_cod_asig3,pre_cod_asig4,pre_cod_asig5,pre_cod_asig6,pre_cod_asig7 FROM tblaca009_p_int WHERE pensum='5' AND c_uni_ca='3' AND c_asigna='311673' [1][0] OK
C:[19/08/2013 17:27:12.62][190.73.233.150][1151] SELECT c_asigna FROM dace004 WHERE exp_e='08-19536447' AND c_asigna='311551' AND status IN ('0','3','B','C') [1][0] OK
C:[19/08/2013 17:27:12.62][190.73.233.150][1138] SELECT pre_cod_asig1,pre_cod_asig2,pre_cod_asig3,pre_cod_asig4,pre_cod_asig5,pre_cod_asig6,pre_cod_asig7 FROM tblaca009_p_int WHERE pensum='5' AND c_uni_ca='3' AND c_asigna='311795' [1][0] OK
C:[19/08/2013 17:27:12.62][190.73.233.150][1151] SELECT c_asigna FROM dace004 WHERE exp_e='08-19536447' AND c_asigna='311674' AND status IN ('0','3','B','C') [1][0] OK
C:[19/08/2013 17:27:12.69][190.73.233.150][1182] SELECT par_cod_asig1,par_cod_asig2,par_cod_asig3 FROM tblaca009_p_int WHERE pensum='5' AND c_uni_ca='3' AND c_asigna='311673' [1][0] OK
C:[19/08/2013 17:27:12.69][190.73.233.150][1182] SELECT par_cod_asig1,par_cod_asig2,par_cod_asig3 FROM tblaca009_p_int WHERE pensum='5' AND c_uni_ca='3' AND c_asigna='311795' [1][0] OK
C:[19/08/2013 17:27:12.94][190.73.233.150][1312] SELECT horas_lab FROM tblaca008 WHERE c_asigna='311673' AND horas_teoricas > 0 [1][0] OK
C:[19/08/2013 17:27:12.94][190.73.233.150][1312] SELECT horas_lab FROM tblaca008 WHERE c_asigna='311795' AND horas_teoricas > 0 [1][0] OK
C:[19/08/2013 17:28:23.84][190.198.187.91][1138] SELECT pre_cod_asig1,pre_cod_asig2,pre_cod_asig3,pre_cod_asig4,pre_cod_asig5,pre_cod_asig6,pre_cod_asig7 FROM tblaca009_p_int WHERE pensum='5' AND c_uni_ca='4' AND c_asigna='330310' [1][0] OK
C:[19/08/2013 17:28:23.84][190.198.187.91][1151] SELECT c_asigna FROM dace004 WHERE exp_e='09-22887673' AND c_asigna='300013' AND status IN ('0','3','B','C') [1][0] OK
C:[19/08/2013 17:28:23.84][190.198.187.91][1151] SELECT c_asigna FROM dace004 WHERE exp_e='09-22887673' AND c_asigna='300113' AND status IN ('0','3','B','C') [1][0] OK
C:[19/08/2013 17:28:24.58][190.198.187.91][1182] SELECT par_cod_asig1,par_cod_asig2,par_cod_asig3 FROM tblaca009_p_int WHERE pensum='5' AND c_uni_ca='4' AND c_asigna='330310' [1][0] OK
C:[19/08/2013 17:28:24.72][190.198.187.91][1312] SELECT horas_lab FROM tblaca008 WHERE c_asigna='330310' AND horas_teoricas > 0 [1][0] OK
C:[19/08/2013 17:30:45.53][190.37.47.228][1138] SELECT pre_cod_asig1,pre_cod_asig2,pre_cod_asig3,pre_cod_asig4,pre_cod_asig5,pre_cod_asig6,pre_cod_asig7 FROM tblaca009_p_int WHERE pensum='5' AND c_uni_ca='2' AND c_asigna='300213' [1][0] OK
C:[19/08/2013 17:30:45.53][190.37.47.228][1151] SELECT c_asigna FROM dace004 WHERE exp_e='12-24118742' AND c_asigna='300101' AND status IN ('0','3','B','C') [1][0] OK
C:[19/08/2013 17:30:45.53][190.37.47.228][1138] SELECT pre_cod_asig1,pre_cod_asig2,pre_cod_asig3,pre_cod_asig4,pre_cod_asig5,pre_cod_asig6,pre_cod_asig7 FROM tblaca009_p_int WHERE pensum='5' AND c_uni_ca='2' AND c_asigna='300218' [1][0] OK
C:[19/08/2013 17:30:45.53][190.37.47.228][1138] SELECT pre_cod_asig1,pre_cod_asig2,pre_cod_asig3,pre_cod_asig4,pre_cod_asig5,pre_cod_asig6,pre_cod_asig7 FROM tblaca009_p_int WHERE pensum='5' AND c_uni_ca='2' AND c_asigna='300228' [1][0] OK
C:[19/08/2013 17:30:45.53][190.37.47.228][1151] SELECT c_asigna FROM dace004 WHERE exp_e='12-24118742' AND c_asigna='300101' AND status IN ('0','3','B','C') [1][0] OK
C:[19/08/2013 17:30:46.72][190.37.47.228][1182] SELECT par_cod_asig1,par_cod_asig2,par_cod_asig3 FROM tblaca009_p_int WHERE pensum='5' AND c_uni_ca='2' AND c_asigna='300213' [1][0] OK
C:[19/08/2013 17:30:46.72][190.37.47.228][1182] SELECT par_cod_asig1,par_cod_asig2,par_cod_asig3 FROM tblaca009_p_int WHERE pensum='5' AND c_uni_ca='2' AND c_asigna='300218' [1][0] OK
C:[19/08/2013 17:30:46.72][190.37.47.228][1196] SELECT c_asigna FROM dace004 WHERE exp_e='12-24118742' AND c_asigna='300228' AND status IN ('0','3','B','C') [0][0] OK
C:[19/08/2013 17:30:46.72][190.37.47.228][1182] SELECT par_cod_asig1,par_cod_asig2,par_cod_asig3 FROM tblaca009_p_int WHERE pensum='5' AND c_uni_ca='2' AND c_asigna='300228' [1][0] OK
C:[19/08/2013 17:30:46.23][190.37.47.228][1312] SELECT horas_lab FROM tblaca008 WHERE c_asigna='300213' AND horas_teoricas > 0 [1][0] OK
C:[19/08/2013 17:30:46.23][190.37.47.228][1312] SELECT horas_lab FROM tblaca008 WHERE c_asigna='300218' AND horas_teoricas > 0 [0][0] OK
C:[19/08/2013 17:30:46.23][190.37.47.228][1312] SELECT horas_lab FROM tblaca008 WHERE c_asigna='300228' AND horas_teoricas > 0 [1][0] OK
C:[19/08/2013 17:35:14.54][200.109.195.114][1138] SELECT pre_cod_asig1,pre_cod_asig2,pre_cod_asig3,pre_cod_asig4,pre_cod_asig5,pre_cod_asig6,pre_cod_asig7 FROM tblaca009_p_int WHERE pensum='5' AND c_uni_ca='6' AND c_asigna='342436' [1][0] OK
C:[19/08/2013 17:35:14.54][200.109.195.114][1151] SELECT c_asigna FROM dace004 WHERE exp_e='10-20223780' AND c_asigna='300318' AND status IN ('0','3','B','C') [1][0] OK
C:[19/08/2013 17:35:14.54][200.109.195.114][1151] SELECT c_asigna FROM dace004 WHERE exp_e='10-20223780' AND c_asigna='300317' AND status IN ('0','3','B','C') [1][0] OK
C:[19/08/2013 17:35:14.48][200.109.195.114][1182] SELECT par_cod_asig1,par_cod_asig2,par_cod_asig3 FROM tblaca009_p_int WHERE pensum='5' AND c_uni_ca='6' AND c_asigna='342436' [1][0] OK
C:[19/08/2013 17:35:14.62][200.109.195.114][1312] SELECT horas_lab FROM tblaca008 WHERE c_asigna='342436' AND horas_teoricas > 0 [1][0] OK
C:[19/08/2013 17:36:19.00][68.171.231.84][1138] SELECT pre_cod_asig1,pre_cod_asig2,pre_cod_asig3,pre_cod_asig4,pre_cod_asig5,pre_cod_asig6,pre_cod_asig7 FROM tblaca009_p_int WHERE pensum='5' AND c_uni_ca='4' AND c_asigna='333809' [1][0] OK
C:[19/08/2013 17:36:19.00][68.171.231.84][1151] SELECT c_asigna FROM dace004 WHERE exp_e='07-19332209' AND c_asigna='333683' AND status IN ('0','3','B','C') [1][0] OK
C:[19/08/2013 17:36:19.00][68.171.231.84][1151] SELECT c_asigna FROM dace004 WHERE exp_e='07-19332209' AND c_asigna='333710' AND status IN ('0','3','B','C') [1][0] OK
C:[19/08/2013 17:36:19.00][68.171.231.84][1138] SELECT pre_cod_asig1,pre_cod_asig2,pre_cod_asig3,pre_cod_asig4,pre_cod_asig5,pre_cod_asig6,pre_cod_asig7 FROM tblaca009_p_int WHERE pensum='5' AND c_uni_ca='4' AND c_asigna='333838' [1][0] OK
C:[19/08/2013 17:36:19.00][68.171.231.84][1151] SELECT c_asigna FROM dace004 WHERE exp_e='07-19332209' AND c_asigna='333563' AND status IN ('0','3','B','C') [1][0] OK
C:[19/08/2013 17:36:19.00][68.171.231.84][1151] SELECT c_asigna FROM dace004 WHERE exp_e='07-19332209' AND c_asigna='333683' AND status IN ('0','3','B','C') [1][0] OK
C:[19/08/2013 17:36:19.31][68.171.231.84][1182] SELECT par_cod_asig1,par_cod_asig2,par_cod_asig3 FROM tblaca009_p_int WHERE pensum='5' AND c_uni_ca='4' AND c_asigna='333809' [1][0] OK
C:[19/08/2013 17:36:19.31][68.171.231.84][1182] SELECT par_cod_asig1,par_cod_asig2,par_cod_asig3 FROM tblaca009_p_int WHERE pensum='5' AND c_uni_ca='4' AND c_asigna='333838' [1][0] OK
C:[19/08/2013 17:36:19.57][68.171.231.84][1312] SELECT horas_lab FROM tblaca008 WHERE c_asigna='333809' AND horas_teoricas > 0 [1][0] OK
C:[19/08/2013 17:36:19.57][68.171.231.84][1312] SELECT horas_lab FROM tblaca008 WHERE c_asigna='333838' AND horas_teoricas > 0 [1][0] OK
C:[19/08/2013 17:40:41.62][186.90.187.248][1138] SELECT pre_cod_asig1,pre_cod_asig2,pre_cod_asig3,pre_cod_asig4,pre_cod_asig5,pre_cod_asig6,pre_cod_asig7 FROM tblaca009_p_int WHERE pensum='5' AND c_uni_ca='6' AND c_asigna='300207' [1][0] OK
C:[19/08/2013 17:40:41.62][186.90.187.248][1151] SELECT c_asigna FROM dace004 WHERE exp_e='10-84426824' AND c_asigna='300101' AND status IN ('0','3','B','C') [1][0] OK
C:[19/08/2013 17:40:41.62][186.90.187.248][1138] SELECT pre_cod_asig1,pre_cod_asig2,pre_cod_asig3,pre_cod_asig4,pre_cod_asig5,pre_cod_asig6,pre_cod_asig7 FROM tblaca009_p_int WHERE pensum='5' AND c_uni_ca='6' AND c_asigna='300228' [1][0] OK
C:[19/08/2013 17:40:41.62][186.90.187.248][1151] SELECT c_asigna FROM dace004 WHERE exp_e='10-84426824' AND c_asigna='300101' AND status IN ('0','3','B','C') [1][0] OK
C:[19/08/2013 17:40:41.68][186.90.187.248][1182] SELECT par_cod_asig1,par_cod_asig2,par_cod_asig3 FROM tblaca009_p_int WHERE pensum='5' AND c_uni_ca='6' AND c_asigna='300207' [1][0] OK
C:[19/08/2013 17:40:41.68][186.90.187.248][1182] SELECT par_cod_asig1,par_cod_asig2,par_cod_asig3 FROM tblaca009_p_int WHERE pensum='5' AND c_uni_ca='6' AND c_asigna='300228' [1][0] OK
C:[19/08/2013 17:40:41.95][186.90.187.248][1312] SELECT horas_lab FROM tblaca008 WHERE c_asigna='300207' AND horas_teoricas > 0 [1][0] OK
C:[19/08/2013 17:40:41.95][186.90.187.248][1312] SELECT horas_lab FROM tblaca008 WHERE c_asigna='300228' AND horas_teoricas > 0 [1][0] OK
C:[19/08/2013 17:41:13.96][201.242.183.21][1138] SELECT pre_cod_asig1,pre_cod_asig2,pre_cod_asig3,pre_cod_asig4,pre_cod_asig5,pre_cod_asig6,pre_cod_asig7 FROM tblaca009_p_int WHERE pensum='5' AND c_uni_ca='2' AND c_asigna='320437' [1][0] OK
C:[19/08/2013 17:41:13.96][201.242.183.21][1151] SELECT c_asigna FROM dace004 WHERE exp_e='11-20701851' AND c_asigna='300317' AND status IN ('0','3','B','C') [1][0] OK
C:[19/08/2013 17:41:13.96][201.242.183.21][1138] SELECT pre_cod_asig1,pre_cod_asig2,pre_cod_asig3,pre_cod_asig4,pre_cod_asig5,pre_cod_asig6,pre_cod_asig7 FROM tblaca009_p_int WHERE pensum='5' AND c_uni_ca='2' AND c_asigna='322436' [1][0] OK
C:[19/08/2013 17:41:13.96][201.242.183.21][1151] SELECT c_asigna FROM dace004 WHERE exp_e='11-20701851' AND c_asigna='320311' AND status IN ('0','3','B','C') [1][0] OK
C:[19/08/2013 17:41:13.03][201.242.183.21][1182] SELECT par_cod_asig1,par_cod_asig2,par_cod_asig3 FROM tblaca009_p_int WHERE pensum='5' AND c_uni_ca='2' AND c_asigna='320437' [1][0] OK
C:[19/08/2013 17:41:13.03][201.242.183.21][1182] SELECT par_cod_asig1,par_cod_asig2,par_cod_asig3 FROM tblaca009_p_int WHERE pensum='5' AND c_uni_ca='2' AND c_asigna='322436' [1][0] OK
C:[19/08/2013 17:41:13.29][201.242.183.21][1312] SELECT horas_lab FROM tblaca008 WHERE c_asigna='320437' AND horas_teoricas > 0 [1][0] OK
C:[19/08/2013 17:41:13.29][201.242.183.21][1312] SELECT horas_lab FROM tblaca008 WHERE c_asigna='322436' AND horas_teoricas > 0 [1][0] OK
C:[19/08/2013 17:48:14.64][190.198.165.207][1138] SELECT pre_cod_asig1,pre_cod_asig2,pre_cod_asig3,pre_cod_asig4,pre_cod_asig5,pre_cod_asig6,pre_cod_asig7 FROM tblaca009_p_int WHERE pensum='5' AND c_uni_ca='6' AND c_asigna='343568' [1][0] OK
C:[19/08/2013 17:48:14.34][190.198.165.207][1182] SELECT par_cod_asig1,par_cod_asig2,par_cod_asig3 FROM tblaca009_p_int WHERE pensum='5' AND c_uni_ca='6' AND c_asigna='343568' [1][0] OK
C:[19/08/2013 17:48:14.47][190.198.165.207][1312] SELECT horas_lab FROM tblaca008 WHERE c_asigna='343568' AND horas_teoricas > 0 [1][0] OK
C:[19/08/2013 17:55:40.84][190.205.22.199][1138] SELECT pre_cod_asig1,pre_cod_asig2,pre_cod_asig3,pre_cod_asig4,pre_cod_asig5,pre_cod_asig6,pre_cod_asig7 FROM tblaca009_p_int WHERE pensum='5' AND c_uni_ca='6' AND c_asigna='300101' [1][0] OK
C:[19/08/2013 17:55:40.52][190.205.22.199][1182] SELECT par_cod_asig1,par_cod_asig2,par_cod_asig3 FROM tblaca009_p_int WHERE pensum='5' AND c_uni_ca='6' AND c_asigna='300101' [1][0] OK
C:[19/08/2013 17:55:40.65][190.205.22.199][1312] SELECT horas_lab FROM tblaca008 WHERE c_asigna='300101' AND horas_teoricas > 0 [1][0] OK
C:[19/08/2013 17:59:42.08][190.74.185.119][1138] SELECT pre_cod_asig1,pre_cod_asig2,pre_cod_asig3,pre_cod_asig4,pre_cod_asig5,pre_cod_asig6,pre_cod_asig7 FROM tblaca009_p_int WHERE pensum='5' AND c_uni_ca='6' AND c_asigna='300116' [1][0] OK
C:[19/08/2013 17:59:42.08][190.74.185.119][1138] SELECT pre_cod_asig1,pre_cod_asig2,pre_cod_asig3,pre_cod_asig4,pre_cod_asig5,pre_cod_asig6,pre_cod_asig7 FROM tblaca009_p_int WHERE pensum='5' AND c_uni_ca='6' AND c_asigna='300207' [1][0] OK
C:[19/08/2013 17:59:42.08][190.74.185.119][1151] SELECT c_asigna FROM dace004 WHERE exp_e='09-20506778' AND c_asigna='300101' AND status IN ('0','3','B','C') [1][0] OK
C:[19/08/2013 17:59:42.02][190.74.185.119][1182] SELECT par_cod_asig1,par_cod_asig2,par_cod_asig3 FROM tblaca009_p_int WHERE pensum='5' AND c_uni_ca='6' AND c_asigna='300116' [1][0] OK
C:[19/08/2013 17:59:42.02][190.74.185.119][1182] SELECT par_cod_asig1,par_cod_asig2,par_cod_asig3 FROM tblaca009_p_int WHERE pensum='5' AND c_uni_ca='6' AND c_asigna='300207' [1][0] OK
C:[19/08/2013 17:59:42.27][190.74.185.119][1312] SELECT horas_lab FROM tblaca008 WHERE c_asigna='300116' AND horas_teoricas > 0 [1][0] OK
C:[19/08/2013 17:59:42.27][190.74.185.119][1312] SELECT horas_lab FROM tblaca008 WHERE c_asigna='300207' AND horas_teoricas > 0 [1][0] OK
C:[19/08/2013 18:07:12.84][200.84.87.12][1138] SELECT pre_cod_asig1,pre_cod_asig2,pre_cod_asig3,pre_cod_asig4,pre_cod_asig5,pre_cod_asig6,pre_cod_asig7 FROM tblaca009_p_int WHERE pensum='5' AND c_uni_ca='2' AND c_asigna='322605' [1][0] OK
C:[19/08/2013 18:07:12.84][200.84.87.12][1151] SELECT c_asigna FROM dace004 WHERE exp_e='07-19158230' AND c_asigna='322436' AND status IN ('0','3','B','C') [1][0] OK
C:[19/08/2013 18:07:12.84][200.84.87.12][1138] SELECT pre_cod_asig1,pre_cod_asig2,pre_cod_asig3,pre_cod_asig4,pre_cod_asig5,pre_cod_asig6,pre_cod_asig7 FROM tblaca009_p_int WHERE pensum='5' AND c_uni_ca='2' AND c_asigna='322702' [1][0] OK
C:[19/08/2013 18:07:12.84][200.84.87.12][1151] SELECT c_asigna FROM dace004 WHERE exp_e='07-19158230' AND c_asigna='322683' AND status IN ('0','3','B','C') [1][0] OK
C:[19/08/2013 18:07:12.90][200.84.87.12][1182] SELECT par_cod_asig1,par_cod_asig2,par_cod_asig3 FROM tblaca009_p_int WHERE pensum='5' AND c_uni_ca='2' AND c_asigna='322605' [1][0] OK
C:[19/08/2013 18:07:12.90][200.84.87.12][1182] SELECT par_cod_asig1,par_cod_asig2,par_cod_asig3 FROM tblaca009_p_int WHERE pensum='5' AND c_uni_ca='2' AND c_asigna='322702' [1][0] OK
C:[19/08/2013 18:07:12.16][200.84.87.12][1312] SELECT horas_lab FROM tblaca008 WHERE c_asigna='322605' AND horas_teoricas > 0 [1][0] OK
C:[19/08/2013 18:07:12.16][200.84.87.12][1312] SELECT horas_lab FROM tblaca008 WHERE c_asigna='322702' AND horas_teoricas > 0 [1][0] OK
C:[19/08/2013 18:07:54.36][190.38.211.131][1138] SELECT pre_cod_asig1,pre_cod_asig2,pre_cod_asig3,pre_cod_asig4,pre_cod_asig5,pre_cod_asig6,pre_cod_asig7 FROM tblaca009_p_int WHERE pensum='5' AND c_uni_ca='3' AND c_asigna='300013' [1][0] OK
C:[19/08/2013 18:07:54.36][190.38.211.131][1138] SELECT pre_cod_asig1,pre_cod_asig2,pre_cod_asig3,pre_cod_asig4,pre_cod_asig5,pre_cod_asig6,pre_cod_asig7 FROM tblaca009_p_int WHERE pensum='5' AND c_uni_ca='3' AND c_asigna='300207' [1][0] OK
C:[19/08/2013 18:07:54.36][190.38.211.131][1151] SELECT c_asigna FROM dace004 WHERE exp_e='11-22593252' AND c_asigna='300101' AND status IN ('0','3','B','C') [1][0] OK
C:[19/08/2013 18:07:54.30][190.38.211.131][1182] SELECT par_cod_asig1,par_cod_asig2,par_cod_asig3 FROM tblaca009_p_int WHERE pensum='5' AND c_uni_ca='3' AND c_asigna='300013' [1][0] OK
C:[19/08/2013 18:07:54.30][190.38.211.131][1182] SELECT par_cod_asig1,par_cod_asig2,par_cod_asig3 FROM tblaca009_p_int WHERE pensum='5' AND c_uni_ca='3' AND c_asigna='300207' [1][0] OK
C:[19/08/2013 18:07:54.58][190.38.211.131][1312] SELECT horas_lab FROM tblaca008 WHERE c_asigna='300013' AND horas_teoricas > 0 [1][0] OK
C:[19/08/2013 18:07:54.58][190.38.211.131][1312] SELECT horas_lab FROM tblaca008 WHERE c_asigna='300207' AND horas_teoricas > 0 [1][0] OK
C:[19/08/2013 18:08:14.65][190.207.62.197][1138] SELECT pre_cod_asig1,pre_cod_asig2,pre_cod_asig3,pre_cod_asig4,pre_cod_asig5,pre_cod_asig6,pre_cod_asig7 FROM tblaca009_p_int WHERE pensum='5' AND c_uni_ca='6' AND c_asigna='300222' [1][0] OK
C:[19/08/2013 18:08:14.65][190.207.62.197][1151] SELECT c_asigna FROM dace004 WHERE exp_e='12-25446591' AND c_asigna='300112' AND status IN ('0','3','B','C') [1][0] OK
C:[19/08/2013 18:08:14.47][190.207.62.197][1182] SELECT par_cod_asig1,par_cod_asig2,par_cod_asig3 FROM tblaca009_p_int WHERE pensum='5' AND c_uni_ca='6' AND c_asigna='300222' [1][0] OK
C:[19/08/2013 18:08:14.59][190.207.62.197][1312] SELECT horas_lab FROM tblaca008 WHERE c_asigna='300222' AND horas_teoricas > 0 [1][0] OK
C:[19/08/2013 18:08:14.02][190.198.187.91][1138] SELECT pre_cod_asig1,pre_cod_asig2,pre_cod_asig3,pre_cod_asig4,pre_cod_asig5,pre_cod_asig6,pre_cod_asig7 FROM tblaca009_p_int WHERE pensum='5' AND c_uni_ca='4' AND c_asigna='330310' [1][0] OK
C:[19/08/2013 18:08:14.02][190.198.187.91][1151] SELECT c_asigna FROM dace004 WHERE exp_e='09-22887673' AND c_asigna='300013' AND status IN ('0','3','B','C') [1][0] OK
C:[19/08/2013 18:08:14.02][190.198.187.91][1151] SELECT c_asigna FROM dace004 WHERE exp_e='09-22887673' AND c_asigna='300113' AND status IN ('0','3','B','C') [1][0] OK
C:[19/08/2013 18:08:14.40][190.198.187.91][1182] SELECT par_cod_asig1,par_cod_asig2,par_cod_asig3 FROM tblaca009_p_int WHERE pensum='5' AND c_uni_ca='4' AND c_asigna='330310' [1][0] OK
C:[19/08/2013 18:08:14.53][190.198.187.91][1312] SELECT horas_lab FROM tblaca008 WHERE c_asigna='330310' AND horas_teoricas > 0 [1][0] OK
C:[19/08/2013 18:13:35.51][181.185.134.98][1138] SELECT pre_cod_asig1,pre_cod_asig2,pre_cod_asig3,pre_cod_asig4,pre_cod_asig5,pre_cod_asig6,pre_cod_asig7 FROM tblaca009_p_int WHERE pensum='5' AND c_uni_ca='5' AND c_asigna='355722' [1][0] OK
C:[19/08/2013 18:13:35.51][181.185.134.98][1151] SELECT c_asigna FROM dace004 WHERE exp_e='07-20882848' AND c_asigna='355691' AND status IN ('0','3','B','C') [1][0] OK
C:[19/08/2013 18:13:35.51][181.185.134.98][1151] SELECT c_asigna FROM dace004 WHERE exp_e='07-20882848' AND c_asigna='355595' AND status IN ('0','3','B','C') [1][0] OK
C:[19/08/2013 18:13:36.45][181.185.134.98][1182] SELECT par_cod_asig1,par_cod_asig2,par_cod_asig3 FROM tblaca009_p_int WHERE pensum='5' AND c_uni_ca='5' AND c_asigna='355722' [1][0] OK
C:[19/08/2013 18:13:36.58][181.185.134.98][1312] SELECT horas_lab FROM tblaca008 WHERE c_asigna='355722' AND horas_teoricas > 0 [1][0] OK
C:[19/08/2013 18:15:31.17][190.77.239.92][1138] SELECT pre_cod_asig1,pre_cod_asig2,pre_cod_asig3,pre_cod_asig4,pre_cod_asig5,pre_cod_asig6,pre_cod_asig7 FROM tblaca009_p_int WHERE pensum='5' AND c_uni_ca='3' AND c_asigna='300870' [1][0] OK
C:[19/08/2013 18:15:31.85][190.77.239.92][1182] SELECT par_cod_asig1,par_cod_asig2,par_cod_asig3 FROM tblaca009_p_int WHERE pensum='5' AND c_uni_ca='3' AND c_asigna='300870' [1][0] OK
C:[19/08/2013 18:15:31.99][190.77.239.92][1312] SELECT horas_lab FROM tblaca008 WHERE c_asigna='300870' AND horas_teoricas > 0 [1][0] OK
C:[19/08/2013 18:18:54.43][186.90.120.129][1138] SELECT pre_cod_asig1,pre_cod_asig2,pre_cod_asig3,pre_cod_asig4,pre_cod_asig5,pre_cod_asig6,pre_cod_asig7 FROM tblaca009_p_int WHERE pensum='5' AND c_uni_ca='5' AND c_asigna='300207' [1][0] OK
C:[19/08/2013 18:18:54.43][186.90.120.129][1151] SELECT c_asigna FROM dace004 WHERE exp_e='11-24037033' AND c_asigna='300101' AND status IN ('0','3','B','C') [1][0] OK
C:[19/08/2013 18:18:54.43][186.90.120.129][1138] SELECT pre_cod_asig1,pre_cod_asig2,pre_cod_asig3,pre_cod_asig4,pre_cod_asig5,pre_cod_asig6,pre_cod_asig7 FROM tblaca009_p_int WHERE pensum='5' AND c_uni_ca='5' AND c_asigna='300209' [1][0] OK
C:[19/08/2013 18:18:54.43][186.90.120.129][1151] SELECT c_asigna FROM dace004 WHERE exp_e='11-24037033' AND c_asigna='300101' AND status IN ('0','3','B','C') [1][0] OK
C:[19/08/2013 18:18:54.49][186.90.120.129][1182] SELECT par_cod_asig1,par_cod_asig2,par_cod_asig3 FROM tblaca009_p_int WHERE pensum='5' AND c_uni_ca='5' AND c_asigna='300207' [1][0] OK
C:[19/08/2013 18:18:54.49][186.90.120.129][1182] SELECT par_cod_asig1,par_cod_asig2,par_cod_asig3 FROM tblaca009_p_int WHERE pensum='5' AND c_uni_ca='5' AND c_asigna='300209' [1][0] OK
C:[19/08/2013 18:18:54.75][186.90.120.129][1312] SELECT horas_lab FROM tblaca008 WHERE c_asigna='300207' AND horas_teoricas > 0 [1][0] OK
C:[19/08/2013 18:18:54.75][186.90.120.129][1312] SELECT horas_lab FROM tblaca008 WHERE c_asigna='300209' AND horas_teoricas > 0 [1][0] OK
C:[19/08/2013 18:20:18.63][190.207.40.11][1138] SELECT pre_cod_asig1,pre_cod_asig2,pre_cod_asig3,pre_cod_asig4,pre_cod_asig5,pre_cod_asig6,pre_cod_asig7 FROM tblaca009_p_int WHERE pensum='5' AND c_uni_ca='6' AND c_asigna='300222' [1][0] OK
C:[19/08/2013 18:20:18.63][190.207.40.11][1151] SELECT c_asigna FROM dace004 WHERE exp_e='09-19905279' AND c_asigna='300112' AND status IN ('0','3','B','C') [1][0] OK
C:[19/08/2013 18:20:18.63][190.207.40.11][1138] SELECT pre_cod_asig1,pre_cod_asig2,pre_cod_asig3,pre_cod_asig4,pre_cod_asig5,pre_cod_asig6,pre_cod_asig7 FROM tblaca009_p_int WHERE pensum='5' AND c_uni_ca='6' AND c_asigna='300228' [1][0] OK
C:[19/08/2013 18:20:18.63][190.207.40.11][1151] SELECT c_asigna FROM dace004 WHERE exp_e='09-19905279' AND c_asigna='300101' AND status IN ('0','3','B','C') [1][0] OK
C:[19/08/2013 18:20:18.69][190.207.40.11][1182] SELECT par_cod_asig1,par_cod_asig2,par_cod_asig3 FROM tblaca009_p_int WHERE pensum='5' AND c_uni_ca='6' AND c_asigna='300222' [1][0] OK
C:[19/08/2013 18:20:18.69][190.207.40.11][1182] SELECT par_cod_asig1,par_cod_asig2,par_cod_asig3 FROM tblaca009_p_int WHERE pensum='5' AND c_uni_ca='6' AND c_asigna='300228' [1][0] OK
C:[19/08/2013 18:20:19.96][190.207.40.11][1312] SELECT horas_lab FROM tblaca008 WHERE c_asigna='300222' AND horas_teoricas > 0 [1][0] OK
C:[19/08/2013 18:20:19.96][190.207.40.11][1312] SELECT horas_lab FROM tblaca008 WHERE c_asigna='300228' AND horas_teoricas > 0 [1][0] OK
C:[19/08/2013 18:29:50.10][190.205.29.9][1138] SELECT pre_cod_asig1,pre_cod_asig2,pre_cod_asig3,pre_cod_asig4,pre_cod_asig5,pre_cod_asig6,pre_cod_asig7 FROM tblaca009_p_int WHERE pensum='5' AND c_uni_ca='5' AND c_asigna='355720' [1][0] OK
C:[19/08/2013 18:29:50.10][190.205.29.9][1151] SELECT c_asigna FROM dace004 WHERE exp_e='05-18666425' AND c_asigna='355692' AND status IN ('0','3','B','C') [1][0] OK
C:[19/08/2013 18:29:50.10][190.205.29.9][1151] SELECT c_asigna FROM dace004 WHERE exp_e='05-18666425' AND c_asigna='355696' AND status IN ('0','3','B','C') [1][0] OK
C:[19/08/2013 18:29:50.10][190.205.29.9][1138] SELECT pre_cod_asig1,pre_cod_asig2,pre_cod_asig3,pre_cod_asig4,pre_cod_asig5,pre_cod_asig6,pre_cod_asig7 FROM tblaca009_p_int WHERE pensum='5' AND c_uni_ca='5' AND c_asigna='300956' [1][0] OK
C:[19/08/2013 18:29:50.10][190.205.29.9][1151] SELECT c_asigna FROM dace004 WHERE exp_e='05-18666425' AND c_asigna='300422' AND status IN ('0','3','B','C') [1][0] OK
C:[19/08/2013 18:29:50.10][190.205.29.9][1138] SELECT pre_cod_asig1,pre_cod_asig2,pre_cod_asig3,pre_cod_asig4,pre_cod_asig5,pre_cod_asig6,pre_cod_asig7 FROM tblaca009_p_int WHERE pensum='5' AND c_uni_ca='5' AND c_asigna='300870' [1][0] OK
C:[19/08/2013 18:29:50.41][190.205.29.9][1182] SELECT par_cod_asig1,par_cod_asig2,par_cod_asig3 FROM tblaca009_p_int WHERE pensum='5' AND c_uni_ca='5' AND c_asigna='355720' [1][0] OK
C:[19/08/2013 18:29:50.41][190.205.29.9][1182] SELECT par_cod_asig1,par_cod_asig2,par_cod_asig3 FROM tblaca009_p_int WHERE pensum='5' AND c_uni_ca='5' AND c_asigna='300956' [1][0] OK
C:[19/08/2013 18:29:50.41][190.205.29.9][1182] SELECT par_cod_asig1,par_cod_asig2,par_cod_asig3 FROM tblaca009_p_int WHERE pensum='5' AND c_uni_ca='5' AND c_asigna='300870' [1][0] OK
C:[19/08/2013 18:29:50.80][190.205.29.9][1312] SELECT horas_lab FROM tblaca008 WHERE c_asigna='355720' AND horas_teoricas > 0 [1][0] OK
C:[19/08/2013 18:29:50.80][190.205.29.9][1312] SELECT horas_lab FROM tblaca008 WHERE c_asigna='300956' AND horas_teoricas > 0 [1][0] OK
C:[19/08/2013 18:29:50.80][190.205.29.9][1312] SELECT horas_lab FROM tblaca008 WHERE c_asigna='300870' AND horas_teoricas > 0 [1][0] OK
C:[19/08/2013 18:32:47.50][190.198.149.55][1138] SELECT pre_cod_asig1,pre_cod_asig2,pre_cod_asig3,pre_cod_asig4,pre_cod_asig5,pre_cod_asig6,pre_cod_asig7 FROM tblaca009_p_int WHERE pensum='5' AND c_uni_ca='6' AND c_asigna='342444' [1][0] OK
C:[19/08/2013 18:32:47.50][190.198.149.55][1151] SELECT c_asigna FROM dace004 WHERE exp_e='08-20013499' AND c_asigna='340323' AND status IN ('0','3','B','C') [1][0] OK
C:[19/08/2013 18:32:47.31][190.198.149.55][1182] SELECT par_cod_asig1,par_cod_asig2,par_cod_asig3 FROM tblaca009_p_int WHERE pensum='5' AND c_uni_ca='6' AND c_asigna='342444' [1][0] OK
C:[19/08/2013 18:32:47.44][190.198.149.55][1312] SELECT horas_lab FROM tblaca008 WHERE c_asigna='342444' AND horas_teoricas > 0 [1][0] OK
C:[19/08/2013 18:38:45.86][190.198.92.22][1138] SELECT pre_cod_asig1,pre_cod_asig2,pre_cod_asig3,pre_cod_asig4,pre_cod_asig5,pre_cod_asig6,pre_cod_asig7 FROM tblaca009_p_int WHERE pensum='5' AND c_uni_ca='3' AND c_asigna='300226' [1][0] OK
C:[19/08/2013 18:38:45.86][190.198.92.22][1151] SELECT c_asigna FROM dace004 WHERE exp_e='12-24560687' AND c_asigna='300116' AND status IN ('0','3','B','C') [1][0] OK
C:[19/08/2013 18:38:45.67][190.198.92.22][1182] SELECT par_cod_asig1,par_cod_asig2,par_cod_asig3 FROM tblaca009_p_int WHERE pensum='5' AND c_uni_ca='3' AND c_asigna='300226' [1][0] OK
C:[19/08/2013 18:38:45.80][190.198.92.22][1312] SELECT horas_lab FROM tblaca008 WHERE c_asigna='300226' AND horas_teoricas > 0 [1][0] OK
C:[19/08/2013 18:39:56.35][186.90.166.43][1138] SELECT pre_cod_asig1,pre_cod_asig2,pre_cod_asig3,pre_cod_asig4,pre_cod_asig5,pre_cod_asig6,pre_cod_asig7 FROM tblaca009_p_int WHERE pensum='5' AND c_uni_ca='6' AND c_asigna='300207' [1][0] OK
C:[19/08/2013 18:39:56.35][186.90.166.43][1151] SELECT c_asigna FROM dace004 WHERE exp_e='06-19158427' AND c_asigna='300101' AND status IN ('0','3','B','C') [1][0] OK
C:[19/08/2013 18:39:56.17][186.90.166.43][1182] SELECT par_cod_asig1,par_cod_asig2,par_cod_asig3 FROM tblaca009_p_int WHERE pensum='5' AND c_uni_ca='6' AND c_asigna='300207' [1][0] OK
C:[19/08/2013 18:39:56.30][186.90.166.43][1312] SELECT horas_lab FROM tblaca008 WHERE c_asigna='300207' AND horas_teoricas > 0 [1][0] OK
C:[19/08/2013 18:40:54.79][190.207.51.174][1138] SELECT pre_cod_asig1,pre_cod_asig2,pre_cod_asig3,pre_cod_asig4,pre_cod_asig5,pre_cod_asig6,pre_cod_asig7 FROM tblaca009_p_int WHERE pensum='5' AND c_uni_ca='2' AND c_asigna='300207' [1][0] OK
C:[19/08/2013 18:40:54.79][190.207.51.174][1151] SELECT c_asigna FROM dace004 WHERE exp_e='11-24037575' AND c_asigna='300101' AND status IN ('0','3','B','C') [1][0] OK
C:[19/08/2013 18:40:54.60][190.207.51.174][1182] SELECT par_cod_asig1,par_cod_asig2,par_cod_asig3 FROM tblaca009_p_int WHERE pensum='5' AND c_uni_ca='2' AND c_asigna='300207' [1][0] OK
C:[19/08/2013 18:40:54.74][190.207.51.174][1312] SELECT horas_lab FROM tblaca008 WHERE c_asigna='300207' AND horas_teoricas > 0 [1][0] OK
C:[19/08/2013 18:43:18.09][186.94.90.253][1138] SELECT pre_cod_asig1,pre_cod_asig2,pre_cod_asig3,pre_cod_asig4,pre_cod_asig5,pre_cod_asig6,pre_cod_asig7 FROM tblaca009_p_int WHERE pensum='5' AND c_uni_ca='6' AND c_asigna='342559' [1][0] OK
C:[19/08/2013 18:43:18.09][186.94.90.253][1151] SELECT c_asigna FROM dace004 WHERE exp_e='07-19332580' AND c_asigna='342436' AND status IN ('0','3','B','C') [1][0] OK
C:[19/08/2013 18:43:18.09][186.94.90.253][1138] SELECT pre_cod_asig1,pre_cod_asig2,pre_cod_asig3,pre_cod_asig4,pre_cod_asig5,pre_cod_asig6,pre_cod_asig7 FROM tblaca009_p_int WHERE pensum='5' AND c_uni_ca='6' AND c_asigna='344843' [1][0] OK
C:[19/08/2013 18:43:18.09][186.94.90.253][1151] SELECT c_asigna FROM dace004 WHERE exp_e='07-19332580' AND c_asigna='344714' AND status IN ('0','3','B','C') [1][0] OK
C:[19/08/2013 18:43:19.15][186.94.90.253][1182] SELECT par_cod_asig1,par_cod_asig2,par_cod_asig3 FROM tblaca009_p_int WHERE pensum='5' AND c_uni_ca='6' AND c_asigna='342559' [1][0] OK
C:[19/08/2013 18:43:19.15][186.94.90.253][1182] SELECT par_cod_asig1,par_cod_asig2,par_cod_asig3 FROM tblaca009_p_int WHERE pensum='5' AND c_uni_ca='6' AND c_asigna='344843' [1][0] OK
C:[19/08/2013 18:43:19.42][186.94.90.253][1312] SELECT horas_lab FROM tblaca008 WHERE c_asigna='342559' AND horas_teoricas > 0 [1][0] OK
C:[19/08/2013 18:43:19.42][186.94.90.253][1312] SELECT horas_lab FROM tblaca008 WHERE c_asigna='344843' AND horas_teoricas > 0 [1][0] OK
C:[19/08/2013 18:48:33.64][190.94.232.209][1138] SELECT pre_cod_asig1,pre_cod_asig2,pre_cod_asig3,pre_cod_asig4,pre_cod_asig5,pre_cod_asig6,pre_cod_asig7 FROM tblaca009_p_int WHERE pensum='5' AND c_uni_ca='2' AND c_asigna='300428' [1][0] OK
C:[19/08/2013 18:48:33.64][190.94.232.209][1151] SELECT c_asigna FROM dace004 WHERE exp_e='09-20507213' AND c_asigna='300317' AND status IN ('0','3','B','C') [1][0] OK
C:[19/08/2013 18:48:33.64][190.94.232.209][1138] SELECT pre_cod_asig1,pre_cod_asig2,pre_cod_asig3,pre_cod_asig4,pre_cod_asig5,pre_cod_asig6,pre_cod_asig7 FROM tblaca009_p_int WHERE pensum='5' AND c_uni_ca='2' AND c_asigna='322436' [1][0] OK
C:[19/08/2013 18:48:33.64][190.94.232.209][1151] SELECT c_asigna FROM dace004 WHERE exp_e='09-20507213' AND c_asigna='320311' AND status IN ('0','3','B','C') [1][0] OK
C:[19/08/2013 18:48:33.64][190.94.232.209][1138] SELECT pre_cod_asig1,pre_cod_asig2,pre_cod_asig3,pre_cod_asig4,pre_cod_asig5,pre_cod_asig6,pre_cod_asig7 FROM tblaca009_p_int WHERE pensum='5' AND c_uni_ca='2' AND c_asigna='322550' [1][0] OK
C:[19/08/2013 18:48:33.64][190.94.232.209][1151] SELECT c_asigna FROM dace004 WHERE exp_e='09-20507213' AND c_asigna='322433' AND status IN ('0','3','B','C') [1][0] OK
C:[19/08/2013 18:48:33.96][190.94.232.209][1182] SELECT par_cod_asig1,par_cod_asig2,par_cod_asig3 FROM tblaca009_p_int WHERE pensum='5' AND c_uni_ca='2' AND c_asigna='300428' [1][0] OK
C:[19/08/2013 18:48:33.96][190.94.232.209][1182] SELECT par_cod_asig1,par_cod_asig2,par_cod_asig3 FROM tblaca009_p_int WHERE pensum='5' AND c_uni_ca='2' AND c_asigna='322436' [1][0] OK
C:[19/08/2013 18:48:33.96][190.94.232.209][1182] SELECT par_cod_asig1,par_cod_asig2,par_cod_asig3 FROM tblaca009_p_int WHERE pensum='5' AND c_uni_ca='2' AND c_asigna='322550' [1][0] OK
C:[19/08/2013 18:48:33.34][190.94.232.209][1312] SELECT horas_lab FROM tblaca008 WHERE c_asigna='300428' AND horas_teoricas > 0 [1][0] OK
C:[19/08/2013 18:48:33.34][190.94.232.209][1312] SELECT horas_lab FROM tblaca008 WHERE c_asigna='322436' AND horas_teoricas > 0 [1][0] OK
C:[19/08/2013 18:48:33.34][190.94.232.209][1312] SELECT horas_lab FROM tblaca008 WHERE c_asigna='322550' AND horas_teoricas > 0 [1][0] OK
C:[19/08/2013 18:52:19.73][190.37.120.1][1138] SELECT pre_cod_asig1,pre_cod_asig2,pre_cod_asig3,pre_cod_asig4,pre_cod_asig5,pre_cod_asig6,pre_cod_asig7 FROM tblaca009_p_int WHERE pensum='5' AND c_uni_ca='3' AND c_asigna='311098' [1][0] OK
C:[19/08/2013 18:52:19.73][190.37.120.1][1151] SELECT c_asigna FROM dace004 WHERE exp_e='09-20503630' AND c_asigna='311822' AND status IN ('0','3','B','C') [1][0] OK
C:[19/08/2013 18:52:19.54][190.37.120.1][1182] SELECT par_cod_asig1,par_cod_asig2,par_cod_asig3 FROM tblaca009_p_int WHERE pensum='5' AND c_uni_ca='3' AND c_asigna='311098' [1][0] OK
C:[19/08/2013 18:52:20.68][190.37.120.1][1312] SELECT horas_lab FROM tblaca008 WHERE c_asigna='311098' AND horas_teoricas > 0 [1][0] OK
C:[19/08/2013 18:53:47.52][190.199.82.127][1138] SELECT pre_cod_asig1,pre_cod_asig2,pre_cod_asig3,pre_cod_asig4,pre_cod_asig5,pre_cod_asig6,pre_cod_asig7 FROM tblaca009_p_int WHERE pensum='5' AND c_uni_ca='3' AND c_asigna='311673' [1][0] OK
C:[19/08/2013 18:53:47.52][190.199.82.127][1151] SELECT c_asigna FROM dace004 WHERE exp_e='08-19419990' AND c_asigna='311551' AND status IN ('0','3','B','C') [1][0] OK
C:[19/08/2013 18:53:47.52][190.199.82.127][1138] SELECT pre_cod_asig1,pre_cod_asig2,pre_cod_asig3,pre_cod_asig4,pre_cod_asig5,pre_cod_asig6,pre_cod_asig7 FROM tblaca009_p_int WHERE pensum='5' AND c_uni_ca='3' AND c_asigna='311795' [1][0] OK
C:[19/08/2013 18:53:47.52][190.199.82.127][1151] SELECT c_asigna FROM dace004 WHERE exp_e='08-19419990' AND c_asigna='311674' AND status IN ('0','3','B','C') [1][0] OK
C:[19/08/2013 18:53:48.59][190.199.82.127][1182] SELECT par_cod_asig1,par_cod_asig2,par_cod_asig3 FROM tblaca009_p_int WHERE pensum='5' AND c_uni_ca='3' AND c_asigna='311673' [1][0] OK
C:[19/08/2013 18:53:48.59][190.199.82.127][1182] SELECT par_cod_asig1,par_cod_asig2,par_cod_asig3 FROM tblaca009_p_int WHERE pensum='5' AND c_uni_ca='3' AND c_asigna='311795' [1][0] OK
C:[19/08/2013 18:53:48.85][190.199.82.127][1312] SELECT horas_lab FROM tblaca008 WHERE c_asigna='311673' AND horas_teoricas > 0 [1][0] OK
C:[19/08/2013 18:53:48.85][190.199.82.127][1312] SELECT horas_lab FROM tblaca008 WHERE c_asigna='311795' AND horas_teoricas > 0 [1][0] OK
C:[19/08/2013 18:55:49.74][190.73.233.150][1138] SELECT pre_cod_asig1,pre_cod_asig2,pre_cod_asig3,pre_cod_asig4,pre_cod_asig5,pre_cod_asig6,pre_cod_asig7 FROM tblaca009_p_int WHERE pensum='5' AND c_uni_ca='2' AND c_asigna='322826' [1][0] OK
C:[19/08/2013 18:55:49.74][190.73.233.150][1151] SELECT c_asigna FROM dace004 WHERE exp_e='08-21281833' AND c_asigna='322683' AND status IN ('0','3','B','C') [1][0] OK
C:[19/08/2013 18:55:49.74][190.73.233.150][1138] SELECT pre_cod_asig1,pre_cod_asig2,pre_cod_asig3,pre_cod_asig4,pre_cod_asig5,pre_cod_asig6,pre_cod_asig7 FROM tblaca009_p_int WHERE pensum='5' AND c_uni_ca='2' AND c_asigna='322041' [1][0] OK
C:[19/08/2013 18:55:49.68][190.73.233.150][1182] SELECT par_cod_asig1,par_cod_asig2,par_cod_asig3 FROM tblaca009_p_int WHERE pensum='5' AND c_uni_ca='2' AND c_asigna='322826' [1][0] OK
C:[19/08/2013 18:55:49.68][190.73.233.150][1182] SELECT par_cod_asig1,par_cod_asig2,par_cod_asig3 FROM tblaca009_p_int WHERE pensum='5' AND c_uni_ca='2' AND c_asigna='322041' [1][0] OK
C:[19/08/2013 18:55:50.94][190.73.233.150][1312] SELECT horas_lab FROM tblaca008 WHERE c_asigna='322826' AND horas_teoricas > 0 [1][0] OK
C:[19/08/2013 18:55:50.94][190.73.233.150][1312] SELECT horas_lab FROM tblaca008 WHERE c_asigna='322041' AND horas_teoricas > 0 [1][0] OK
C:[19/08/2013 19:16:46.54][190.201.120.84][1138] SELECT pre_cod_asig1,pre_cod_asig2,pre_cod_asig3,pre_cod_asig4,pre_cod_asig5,pre_cod_asig6,pre_cod_asig7 FROM tblaca009_p_int WHERE pensum='5' AND c_uni_ca='2' AND c_asigna='322558' [1][0] OK
C:[19/08/2013 19:16:46.54][190.201.120.84][1151] SELECT c_asigna FROM dace004 WHERE exp_e='11-20807124' AND c_asigna='320323' AND status IN ('0','3','B','C') [1][0] OK
C:[19/08/2013 19:16:46.36][190.201.120.84][1182] SELECT par_cod_asig1,par_cod_asig2,par_cod_asig3 FROM tblaca009_p_int WHERE pensum='5' AND c_uni_ca='2' AND c_asigna='322558' [1][0] OK
C:[19/08/2013 19:16:46.50][190.201.120.84][1312] SELECT horas_lab FROM tblaca008 WHERE c_asigna='322558' AND horas_teoricas > 0 [1][0] OK
C:[19/08/2013 19:25:45.83][190.205.156.82][1138] SELECT pre_cod_asig1,pre_cod_asig2,pre_cod_asig3,pre_cod_asig4,pre_cod_asig5,pre_cod_asig6,pre_cod_asig7 FROM tblaca009_p_int WHERE pensum='5' AND c_uni_ca='4' AND c_asigna='300105' [1][0] OK
C:[19/08/2013 19:25:45.52][190.205.156.82][1182] SELECT par_cod_asig1,par_cod_asig2,par_cod_asig3 FROM tblaca009_p_int WHERE pensum='5' AND c_uni_ca='4' AND c_asigna='300105' [1][0] OK
C:[19/08/2013 19:25:45.67][190.205.156.82][1312] SELECT horas_lab FROM tblaca008 WHERE c_asigna='300105' AND horas_teoricas > 0 [1][0] OK
C:[19/08/2013 19:30:43.47][186.89.182.98][1138] SELECT pre_cod_asig1,pre_cod_asig2,pre_cod_asig3,pre_cod_asig4,pre_cod_asig5,pre_cod_asig6,pre_cod_asig7 FROM tblaca009_p_int WHERE pensum='5' AND c_uni_ca='2' AND c_asigna='300226' [1][0] OK
C:[19/08/2013 19:30:43.47][186.89.182.98][1151] SELECT c_asigna FROM dace004 WHERE exp_e='11-23121116' AND c_asigna='300116' AND status IN ('0','3','B','C') [1][0] OK
C:[19/08/2013 19:30:43.47][186.89.182.98][1138] SELECT pre_cod_asig1,pre_cod_asig2,pre_cod_asig3,pre_cod_asig4,pre_cod_asig5,pre_cod_asig6,pre_cod_asig7 FROM tblaca009_p_int WHERE pensum='5' AND c_uni_ca='2' AND c_asigna='320311' [1][0] OK
C:[19/08/2013 19:30:43.47][186.89.182.98][1151] SELECT c_asigna FROM dace004 WHERE exp_e='11-23121116' AND c_asigna='300013' AND status IN ('0','3','B','C') [1][0] OK
C:[19/08/2013 19:30:43.47][186.89.182.98][1151] SELECT c_asigna FROM dace004 WHERE exp_e='11-23121116' AND c_asigna='300113' AND status IN ('0','3','B','C') [1][0] OK
C:[19/08/2013 19:30:43.64][186.89.182.98][1182] SELECT par_cod_asig1,par_cod_asig2,par_cod_asig3 FROM tblaca009_p_int WHERE pensum='5' AND c_uni_ca='2' AND c_asigna='300226' [1][0] OK
C:[19/08/2013 19:30:43.64][186.89.182.98][1182] SELECT par_cod_asig1,par_cod_asig2,par_cod_asig3 FROM tblaca009_p_int WHERE pensum='5' AND c_uni_ca='2' AND c_asigna='320311' [1][0] OK
C:[19/08/2013 19:30:43.91][186.89.182.98][1312] SELECT horas_lab FROM tblaca008 WHERE c_asigna='300226' AND horas_teoricas > 0 [1][0] OK
C:[19/08/2013 19:30:43.91][186.89.182.98][1312] SELECT horas_lab FROM tblaca008 WHERE c_asigna='320311' AND horas_teoricas > 0 [1][0] OK
C:[19/08/2013 20:13:17.37][186.88.161.1][1138] SELECT pre_cod_asig1,pre_cod_asig2,pre_cod_asig3,pre_cod_asig4,pre_cod_asig5,pre_cod_asig6,pre_cod_asig7 FROM tblaca009_p_int WHERE pensum='5' AND c_uni_ca='5' AND c_asigna='300101' [1][0] OK
C:[19/08/2013 20:13:17.06][186.88.161.1][1182] SELECT par_cod_asig1,par_cod_asig2,par_cod_asig3 FROM tblaca009_p_int WHERE pensum='5' AND c_uni_ca='5' AND c_asigna='300101' [1][0] OK
C:[19/08/2013 20:13:17.19][186.88.161.1][1312] SELECT horas_lab FROM tblaca008 WHERE c_asigna='300101' AND horas_teoricas > 0 [1][0] OK
C:[19/08/2013 20:21:05.03][190.204.191.96][1138] SELECT pre_cod_asig1,pre_cod_asig2,pre_cod_asig3,pre_cod_asig4,pre_cod_asig5,pre_cod_asig6,pre_cod_asig7 FROM tblaca009_p_int WHERE pensum='5' AND c_uni_ca='5' AND c_asigna='300101' [1][0] OK
C:[19/08/2013 20:21:05.72][190.204.191.96][1182] SELECT par_cod_asig1,par_cod_asig2,par_cod_asig3 FROM tblaca009_p_int WHERE pensum='5' AND c_uni_ca='5' AND c_asigna='300101' [1][0] OK
C:[19/08/2013 20:21:05.86][190.204.191.96][1312] SELECT horas_lab FROM tblaca008 WHERE c_asigna='300101' AND horas_teoricas > 0 [1][0] OK
C:[19/08/2013 20:34:37.17][190.198.237.20][1138] SELECT pre_cod_asig1,pre_cod_asig2,pre_cod_asig3,pre_cod_asig4,pre_cod_asig5,pre_cod_asig6,pre_cod_asig7 FROM tblaca009_p_int WHERE pensum='5' AND c_uni_ca='5' AND c_asigna='355720' [1][0] OK
C:[19/08/2013 20:34:37.17][190.198.237.20][1151] SELECT c_asigna FROM dace004 WHERE exp_e='06-18665038' AND c_asigna='355692' AND status IN ('0','3','B','C') [1][0] OK
C:[19/08/2013 20:34:37.17][190.198.237.20][1151] SELECT c_asigna FROM dace004 WHERE exp_e='06-18665038' AND c_asigna='355696' AND status IN ('0','3','B','C') [1][0] OK
C:[19/08/2013 20:34:37.10][190.198.237.20][1182] SELECT par_cod_asig1,par_cod_asig2,par_cod_asig3 FROM tblaca009_p_int WHERE pensum='5' AND c_uni_ca='5' AND c_asigna='355720' [1][0] OK
C:[19/08/2013 20:34:37.24][190.198.237.20][1312] SELECT horas_lab FROM tblaca008 WHERE c_asigna='355720' AND horas_teoricas > 0 [1][0] OK
C:[19/08/2013 21:20:25.90][190.78.126.97][1138] SELECT pre_cod_asig1,pre_cod_asig2,pre_cod_asig3,pre_cod_asig4,pre_cod_asig5,pre_cod_asig6,pre_cod_asig7 FROM tblaca009_p_int WHERE pensum='5' AND c_uni_ca='3' AND c_asigna='300226' [1][0] OK
C:[19/08/2013 21:20:25.90][190.78.126.97][1151] SELECT c_asigna FROM dace004 WHERE exp_e='07-19301408' AND c_asigna='300116' AND status IN ('0','3','B','C') [1][0] OK
C:[19/08/2013 21:20:25.90][190.78.126.97][1138] SELECT pre_cod_asig1,pre_cod_asig2,pre_cod_asig3,pre_cod_asig4,pre_cod_asig5,pre_cod_asig6,pre_cod_asig7 FROM tblaca009_p_int WHERE pensum='5' AND c_uni_ca='3' AND c_asigna='311822' [1][0] OK
C:[19/08/2013 21:20:25.90][190.78.126.97][1151] SELECT c_asigna FROM dace004 WHERE exp_e='07-19301408' AND c_asigna='311795' AND status IN ('0','3','B','C') [1][0] OK
C:[19/08/2013 21:20:25.96][190.78.126.97][1182] SELECT par_cod_asig1,par_cod_asig2,par_cod_asig3 FROM tblaca009_p_int WHERE pensum='5' AND c_uni_ca='3' AND c_asigna='300226' [1][0] OK
C:[19/08/2013 21:20:25.96][190.78.126.97][1182] SELECT par_cod_asig1,par_cod_asig2,par_cod_asig3 FROM tblaca009_p_int WHERE pensum='5' AND c_uni_ca='3' AND c_asigna='311822' [1][0] OK
C:[19/08/2013 21:20:25.22][190.78.126.97][1312] SELECT horas_lab FROM tblaca008 WHERE c_asigna='300226' AND horas_teoricas > 0 [1][0] OK
C:[19/08/2013 21:20:25.22][190.78.126.97][1312] SELECT horas_lab FROM tblaca008 WHERE c_asigna='311822' AND horas_teoricas > 0 [1][0] OK
C:[19/08/2013 22:05:15.40][186.90.166.43][1138] SELECT pre_cod_asig1,pre_cod_asig2,pre_cod_asig3,pre_cod_asig4,pre_cod_asig5,pre_cod_asig6,pre_cod_asig7 FROM tblaca009_p_int WHERE pensum='5' AND c_uni_ca='6' AND c_asigna='300207' [1][0] OK
C:[19/08/2013 22:05:15.40][186.90.166.43][1151] SELECT c_asigna FROM dace004 WHERE exp_e='06-19158427' AND c_asigna='300101' AND status IN ('0','3','B','C') [1][0] OK
C:[19/08/2013 22:05:15.21][186.90.166.43][1182] SELECT par_cod_asig1,par_cod_asig2,par_cod_asig3 FROM tblaca009_p_int WHERE pensum='5' AND c_uni_ca='6' AND c_asigna='300207' [1][0] OK
C:[19/08/2013 22:05:15.35][186.90.166.43][1312] SELECT horas_lab FROM tblaca008 WHERE c_asigna='300207' AND horas_teoricas > 0 [1][0] OK
C:[19/08/2013 22:10:11.31][190.201.175.103][1138] SELECT pre_cod_asig1,pre_cod_asig2,pre_cod_asig3,pre_cod_asig4,pre_cod_asig5,pre_cod_asig6,pre_cod_asig7 FROM tblaca009_p_int WHERE pensum='5' AND c_uni_ca='2' AND c_asigna='322826' [1][0] OK
C:[19/08/2013 22:10:11.31][190.201.175.103][1151] SELECT c_asigna FROM dace004 WHERE exp_e='09-20741131' AND c_asigna='322683' AND status IN ('0','3','B','C') [1][0] OK
C:[19/08/2013 22:10:11.31][190.201.175.103][1138] SELECT pre_cod_asig1,pre_cod_asig2,pre_cod_asig3,pre_cod_asig4,pre_cod_asig5,pre_cod_asig6,pre_cod_asig7 FROM tblaca009_p_int WHERE pensum='5' AND c_uni_ca='2' AND c_asigna='322904' [1][0] OK
C:[19/08/2013 22:10:11.31][190.201.175.103][1138] SELECT pre_cod_asig1,pre_cod_asig2,pre_cod_asig3,pre_cod_asig4,pre_cod_asig5,pre_cod_asig6,pre_cod_asig7 FROM tblaca009_p_int WHERE pensum='5' AND c_uni_ca='2' AND c_asigna='322041' [1][0] OK
C:[19/08/2013 22:10:12.38][190.201.175.103][1182] SELECT par_cod_asig1,par_cod_asig2,par_cod_asig3 FROM tblaca009_p_int WHERE pensum='5' AND c_uni_ca='2' AND c_asigna='322826' [1][0] OK
C:[19/08/2013 22:10:12.38][190.201.175.103][1182] SELECT par_cod_asig1,par_cod_asig2,par_cod_asig3 FROM tblaca009_p_int WHERE pensum='5' AND c_uni_ca='2' AND c_asigna='322904' [1][0] OK
C:[19/08/2013 22:10:12.38][190.201.175.103][1182] SELECT par_cod_asig1,par_cod_asig2,par_cod_asig3 FROM tblaca009_p_int WHERE pensum='5' AND c_uni_ca='2' AND c_asigna='322041' [1][0] OK
C:[19/08/2013 22:10:12.76][190.201.175.103][1312] SELECT horas_lab FROM tblaca008 WHERE c_asigna='322826' AND horas_teoricas > 0 [1][0] OK
C:[19/08/2013 22:10:12.76][190.201.175.103][1312] SELECT horas_lab FROM tblaca008 WHERE c_asigna='322904' AND horas_teoricas > 0 [1][0] OK
C:[19/08/2013 22:10:12.76][190.201.175.103][1312] SELECT horas_lab FROM tblaca008 WHERE c_asigna='322041' AND horas_teoricas > 0 [1][0] OK
C:[20/08/2013 05:53:07.47][200.90.99.202][1138] SELECT pre_cod_asig1,pre_cod_asig2,pre_cod_asig3,pre_cod_asig4,pre_cod_asig5,pre_cod_asig6,pre_cod_asig7 FROM tblaca009_p_int WHERE pensum='5' AND c_uni_ca='3' AND c_asigna='300318' [1][0] OK
C:[20/08/2013 05:53:07.47][200.90.99.202][1151] SELECT c_asigna FROM dace004 WHERE exp_e='11-20805321' AND c_asigna='300228' AND status IN ('0','3','B','C') [1][0] OK
C:[20/08/2013 05:53:07.47][200.90.99.202][1151] SELECT c_asigna FROM dace004 WHERE exp_e='11-20805321' AND c_asigna='300207' AND status IN ('0','3','B','C') [1][0] OK
C:[20/08/2013 05:53:07.47][200.90.99.202][1151] SELECT c_asigna FROM dace004 WHERE exp_e='11-20805321' AND c_asigna='300218' AND status IN ('0','3','B','C') [1][0] OK
C:[20/08/2013 05:53:07.53][200.90.99.202][1182] SELECT par_cod_asig1,par_cod_asig2,par_cod_asig3 FROM tblaca009_p_int WHERE pensum='5' AND c_uni_ca='3' AND c_asigna='300318' [1][0] OK
C:[20/08/2013 05:53:07.67][200.90.99.202][1312] SELECT horas_lab FROM tblaca008 WHERE c_asigna='300318' AND horas_teoricas > 0 [1][0] OK
C:[20/08/2013 07:28:22.58][190.200.52.52][1138] SELECT pre_cod_asig1,pre_cod_asig2,pre_cod_asig3,pre_cod_asig4,pre_cod_asig5,pre_cod_asig6,pre_cod_asig7 FROM tblaca009_p_int WHERE pensum='5' AND c_uni_ca='5' AND c_asigna='300207' [1][0] OK
C:[20/08/2013 07:28:22.58][190.200.52.52][1151] SELECT c_asigna FROM dace004 WHERE exp_e='11-23501891' AND c_asigna='300101' AND status IN ('0','3','B','C') [1][0] OK
C:[20/08/2013 07:28:22.58][190.200.52.52][1138] SELECT pre_cod_asig1,pre_cod_asig2,pre_cod_asig3,pre_cod_asig4,pre_cod_asig5,pre_cod_asig6,pre_cod_asig7 FROM tblaca009_p_int WHERE pensum='5' AND c_uni_ca='5' AND c_asigna='300209' [1][0] OK
C:[20/08/2013 07:28:22.58][190.200.52.52][1151] SELECT c_asigna FROM dace004 WHERE exp_e='11-23501891' AND c_asigna='300101' AND status IN ('0','3','B','C') [1][0] OK
C:[20/08/2013 07:28:23.21][190.200.52.52][1182] SELECT par_cod_asig1,par_cod_asig2,par_cod_asig3 FROM tblaca009_p_int WHERE pensum='5' AND c_uni_ca='5' AND c_asigna='300207' [1][0] OK
C:[20/08/2013 07:28:23.21][190.200.52.52][1182] SELECT par_cod_asig1,par_cod_asig2,par_cod_asig3 FROM tblaca009_p_int WHERE pensum='5' AND c_uni_ca='5' AND c_asigna='300209' [1][0] OK
C:[20/08/2013 07:28:23.47][190.200.52.52][1312] SELECT horas_lab FROM tblaca008 WHERE c_asigna='300207' AND horas_teoricas > 0 [1][0] OK
C:[20/08/2013 07:28:23.47][190.200.52.52][1312] SELECT horas_lab FROM tblaca008 WHERE c_asigna='300209' AND horas_teoricas > 0 [1][0] OK
C:[20/08/2013 07:30:22.34][172.17.172.61][1138] SELECT pre_cod_asig1,pre_cod_asig2,pre_cod_asig3,pre_cod_asig4,pre_cod_asig5,pre_cod_asig6,pre_cod_asig7 FROM tblaca009_p_int WHERE pensum='5' AND c_uni_ca='6' AND c_asigna='344715' [1][0] OK
C:[20/08/2013 07:30:22.34][172.17.172.61][1151] SELECT c_asigna FROM dace004 WHERE exp_e='06-18248173' AND c_asigna='344688' AND status IN ('0','3','B','C') [1][0] OK
C:[20/08/2013 07:30:22.34][172.17.172.61][1151] SELECT c_asigna FROM dace004 WHERE exp_e='06-18248173' AND c_asigna='344613' AND status IN ('0','3','B','C') [1][0] OK
C:[20/08/2013 07:30:22.34][172.17.172.61][1138] SELECT pre_cod_asig1,pre_cod_asig2,pre_cod_asig3,pre_cod_asig4,pre_cod_asig5,pre_cod_asig6,pre_cod_asig7 FROM tblaca009_p_int WHERE pensum='5' AND c_uni_ca='6' AND c_asigna='344843' [1][0] OK
C:[20/08/2013 07:30:22.34][172.17.172.61][1151] SELECT c_asigna FROM dace004 WHERE exp_e='06-18248173' AND c_asigna='344714' AND status IN ('0','3','B','C') [1][0] OK
C:[20/08/2013 07:30:22.53][172.17.172.61][1182] SELECT par_cod_asig1,par_cod_asig2,par_cod_asig3 FROM tblaca009_p_int WHERE pensum='5' AND c_uni_ca='6' AND c_asigna='344715' [1][0] OK
C:[20/08/2013 07:30:22.53][172.17.172.61][1182] SELECT par_cod_asig1,par_cod_asig2,par_cod_asig3 FROM tblaca009_p_int WHERE pensum='5' AND c_uni_ca='6' AND c_asigna='344843' [1][0] OK
C:[20/08/2013 07:30:22.79][172.17.172.61][1312] SELECT horas_lab FROM tblaca008 WHERE c_asigna='344715' AND horas_teoricas > 0 [1][0] OK
C:[20/08/2013 07:30:22.79][172.17.172.61][1312] SELECT horas_lab FROM tblaca008 WHERE c_asigna='344843' AND horas_teoricas > 0 [1][0] OK
C:[20/08/2013 07:32:35.35][190.200.52.52][1138] SELECT pre_cod_asig1,pre_cod_asig2,pre_cod_asig3,pre_cod_asig4,pre_cod_asig5,pre_cod_asig6,pre_cod_asig7 FROM tblaca009_p_int WHERE pensum='5' AND c_uni_ca='6' AND c_asigna='340327' [1][0] OK
C:[20/08/2013 07:32:35.35][190.200.52.52][1151] SELECT c_asigna FROM dace004 WHERE exp_e='04-18886325' AND c_asigna='300013' AND status IN ('0','3','B','C') [1][0] OK
C:[20/08/2013 07:32:35.35][190.200.52.52][1151] SELECT c_asigna FROM dace004 WHERE exp_e='04-18886325' AND c_asigna='300113' AND status IN ('0','3','B','C') [1][0] OK
C:[20/08/2013 07:32:35.35][190.200.52.52][1138] SELECT pre_cod_asig1,pre_cod_asig2,pre_cod_asig3,pre_cod_asig4,pre_cod_asig5,pre_cod_asig6,pre_cod_asig7 FROM tblaca009_p_int WHERE pensum='5' AND c_uni_ca='6' AND c_asigna='344688' [1][0] OK
C:[20/08/2013 07:32:35.35][190.200.52.52][1151] SELECT c_asigna FROM dace004 WHERE exp_e='04-18886325' AND c_asigna='344565' AND status IN ('0','3','B','C') [1][0] OK
C:[20/08/2013 07:32:36.54][190.200.52.52][1182] SELECT par_cod_asig1,par_cod_asig2,par_cod_asig3 FROM tblaca009_p_int WHERE pensum='5' AND c_uni_ca='6' AND c_asigna='340327' [1][0] OK
C:[20/08/2013 07:32:36.54][190.200.52.52][1182] SELECT par_cod_asig1,par_cod_asig2,par_cod_asig3 FROM tblaca009_p_int WHERE pensum='5' AND c_uni_ca='6' AND c_asigna='344688' [1][0] OK
C:[20/08/2013 07:32:36.80][190.200.52.52][1312] SELECT horas_lab FROM tblaca008 WHERE c_asigna='340327' AND horas_teoricas > 0 [1][0] OK
C:[20/08/2013 07:32:36.80][190.200.52.52][1312] SELECT horas_lab FROM tblaca008 WHERE c_asigna='344688' AND horas_teoricas > 0 [1][0] OK
C:[20/08/2013 07:51:50.96][190.200.52.52][1138] SELECT pre_cod_asig1,pre_cod_asig2,pre_cod_asig3,pre_cod_asig4,pre_cod_asig5,pre_cod_asig6,pre_cod_asig7 FROM tblaca009_p_int WHERE pensum='5' AND c_uni_ca='6' AND c_asigna='300101' [1][0] OK
C:[20/08/2013 07:51:50.64][190.200.52.52][1182] SELECT par_cod_asig1,par_cod_asig2,par_cod_asig3 FROM tblaca009_p_int WHERE pensum='5' AND c_uni_ca='6' AND c_asigna='300101' [1][0] OK
C:[20/08/2013 07:51:50.77][190.200.52.52][1312] SELECT horas_lab FROM tblaca008 WHERE c_asigna='300101' AND horas_teoricas > 0 [1][0] OK
C:[20/08/2013 07:59:48.95][181.17.171.207][1138] SELECT pre_cod_asig1,pre_cod_asig2,pre_cod_asig3,pre_cod_asig4,pre_cod_asig5,pre_cod_asig6,pre_cod_asig7 FROM tblaca009_p_int WHERE pensum='5' AND c_uni_ca='6' AND c_asigna='300956' [1][0] OK
C:[20/08/2013 07:59:48.95][181.17.171.207][1151] SELECT c_asigna FROM dace004 WHERE exp_e='06-17632061' AND c_asigna='300422' AND status IN ('0','3','B','C') [1][0] OK
C:[20/08/2013 07:59:48.76][181.17.171.207][1182] SELECT par_cod_asig1,par_cod_asig2,par_cod_asig3 FROM tblaca009_p_int WHERE pensum='5' AND c_uni_ca='6' AND c_asigna='300956' [1][0] OK
C:[20/08/2013 07:59:48.89][181.17.171.207][1312] SELECT horas_lab FROM tblaca008 WHERE c_asigna='300956' AND horas_teoricas > 0 [1][0] OK
C:[20/08/2013 08:08:31.26][200.84.87.12][1138] SELECT pre_cod_asig1,pre_cod_asig2,pre_cod_asig3,pre_cod_asig4,pre_cod_asig5,pre_cod_asig6,pre_cod_asig7 FROM tblaca009_p_int WHERE pensum='5' AND c_uni_ca='2' AND c_asigna='322605' [1][0] OK
C:[20/08/2013 08:08:31.26][200.84.87.12][1151] SELECT c_asigna FROM dace004 WHERE exp_e='07-19158230' AND c_asigna='322436' AND status IN ('0','3','B','C') [1][0] OK
C:[20/08/2013 08:08:31.26][200.84.87.12][1138] SELECT pre_cod_asig1,pre_cod_asig2,pre_cod_asig3,pre_cod_asig4,pre_cod_asig5,pre_cod_asig6,pre_cod_asig7 FROM tblaca009_p_int WHERE pensum='5' AND c_uni_ca='2' AND c_asigna='322702' [1][0] OK
C:[20/08/2013 08:08:31.26][200.84.87.12][1151] SELECT c_asigna FROM dace004 WHERE exp_e='07-19158230' AND c_asigna='322683' AND status IN ('0','3','B','C') [1][0] OK
C:[20/08/2013 08:08:32.32][200.84.87.12][1182] SELECT par_cod_asig1,par_cod_asig2,par_cod_asig3 FROM tblaca009_p_int WHERE pensum='5' AND c_uni_ca='2' AND c_asigna='322605' [1][0] OK
C:[20/08/2013 08:08:32.32][200.84.87.12][1182] SELECT par_cod_asig1,par_cod_asig2,par_cod_asig3 FROM tblaca009_p_int WHERE pensum='5' AND c_uni_ca='2' AND c_asigna='322702' [1][0] OK
C:[20/08/2013 08:08:32.58][200.84.87.12][1312] SELECT horas_lab FROM tblaca008 WHERE c_asigna='322605' AND horas_teoricas > 0 [1][0] OK
C:[20/08/2013 08:08:32.58][200.84.87.12][1312] SELECT horas_lab FROM tblaca008 WHERE c_asigna='322702' AND horas_teoricas > 0 [1][0] OK
C:[20/08/2013 08:09:02.99][190.200.52.52][1138] SELECT pre_cod_asig1,pre_cod_asig2,pre_cod_asig3,pre_cod_asig4,pre_cod_asig5,pre_cod_asig6,pre_cod_asig7 FROM tblaca009_p_int WHERE pensum='5' AND c_uni_ca='6' AND c_asigna='300101' [1][0] OK
C:[20/08/2013 08:09:03.68][190.200.52.52][1182] SELECT par_cod_asig1,par_cod_asig2,par_cod_asig3 FROM tblaca009_p_int WHERE pensum='5' AND c_uni_ca='6' AND c_asigna='300101' [1][0] OK
C:[20/08/2013 08:09:03.81][190.200.52.52][1312] SELECT horas_lab FROM tblaca008 WHERE c_asigna='300101' AND horas_teoricas > 0 [1][0] OK
C:[20/08/2013 08:12:08.05][190.200.52.52][1138] SELECT pre_cod_asig1,pre_cod_asig2,pre_cod_asig3,pre_cod_asig4,pre_cod_asig5,pre_cod_asig6,pre_cod_asig7 FROM tblaca009_p_int WHERE pensum='5' AND c_uni_ca='2' AND c_asigna='300101' [1][0] OK
C:[20/08/2013 08:12:08.86][190.200.52.52][1182] SELECT par_cod_asig1,par_cod_asig2,par_cod_asig3 FROM tblaca009_p_int WHERE pensum='5' AND c_uni_ca='2' AND c_asigna='300101' [1][0] OK
C:[20/08/2013 08:12:08.00][190.200.52.52][1312] SELECT horas_lab FROM tblaca008 WHERE c_asigna='300101' AND horas_teoricas > 0 [1][0] OK
C:[20/08/2013 08:13:26.53][190.200.52.52][1138] SELECT pre_cod_asig1,pre_cod_asig2,pre_cod_asig3,pre_cod_asig4,pre_cod_asig5,pre_cod_asig6,pre_cod_asig7 FROM tblaca009_p_int WHERE pensum='5' AND c_uni_ca='6' AND c_asigna='300101' [1][0] OK
C:[20/08/2013 08:13:26.22][190.200.52.52][1182] SELECT par_cod_asig1,par_cod_asig2,par_cod_asig3 FROM tblaca009_p_int WHERE pensum='5' AND c_uni_ca='6' AND c_asigna='300101' [1][0] OK
C:[20/08/2013 08:13:26.37][190.200.52.52][1312] SELECT horas_lab FROM tblaca008 WHERE c_asigna='300101' AND horas_teoricas > 0 [1][0] OK
C:[20/08/2013 08:25:56.34][190.198.254.211][1138] SELECT pre_cod_asig1,pre_cod_asig2,pre_cod_asig3,pre_cod_asig4,pre_cod_asig5,pre_cod_asig6,pre_cod_asig7 FROM tblaca009_p_int WHERE pensum='5' AND c_uni_ca='6' AND c_asigna='344948' [1][0] OK
C:[20/08/2013 08:25:57.47][190.198.254.211][1182] SELECT par_cod_asig1,par_cod_asig2,par_cod_asig3 FROM tblaca009_p_int WHERE pensum='5' AND c_uni_ca='6' AND c_asigna='344948' [1][0] OK
C:[20/08/2013 08:25:57.59][190.198.254.211][1312] SELECT horas_lab FROM tblaca008 WHERE c_asigna='344948' AND horas_teoricas > 0 [1][0] OK
C:[20/08/2013 08:39:41.31][200.84.78.131][1138] SELECT pre_cod_asig1,pre_cod_asig2,pre_cod_asig3,pre_cod_asig4,pre_cod_asig5,pre_cod_asig6,pre_cod_asig7 FROM tblaca009_p_int WHERE pensum='5' AND c_uni_ca='2' AND c_asigna='300890' [1][0] OK
C:[20/08/2013 08:39:41.31][200.84.78.131][1138] SELECT pre_cod_asig1,pre_cod_asig2,pre_cod_asig3,pre_cod_asig4,pre_cod_asig5,pre_cod_asig6,pre_cod_asig7 FROM tblaca009_p_int WHERE pensum='5' AND c_uni_ca='2' AND c_asigna='322041' [1][0] OK
C:[20/08/2013 08:39:41.69][200.84.78.131][1182] SELECT par_cod_asig1,par_cod_asig2,par_cod_asig3 FROM tblaca009_p_int WHERE pensum='5' AND c_uni_ca='2' AND c_asigna='300890' [1][0] OK
C:[20/08/2013 08:39:41.69][200.84.78.131][1182] SELECT par_cod_asig1,par_cod_asig2,par_cod_asig3 FROM tblaca009_p_int WHERE pensum='5' AND c_uni_ca='2' AND c_asigna='322041' [1][0] OK
C:[20/08/2013 08:39:41.95][200.84.78.131][1312] SELECT horas_lab FROM tblaca008 WHERE c_asigna='300890' AND horas_teoricas > 0 [1][0] OK
C:[20/08/2013 08:39:41.95][200.84.78.131][1312] SELECT horas_lab FROM tblaca008 WHERE c_asigna='322041' AND horas_teoricas > 0 [1][0] OK
C:[20/08/2013 08:43:14.15][200.109.201.55][1138] SELECT pre_cod_asig1,pre_cod_asig2,pre_cod_asig3,pre_cod_asig4,pre_cod_asig5,pre_cod_asig6,pre_cod_asig7 FROM tblaca009_p_int WHERE pensum='5' AND c_uni_ca='2' AND c_asigna='322041' [1][0] OK
C:[20/08/2013 08:43:14.40][200.109.201.55][1182] SELECT par_cod_asig1,par_cod_asig2,par_cod_asig3 FROM tblaca009_p_int WHERE pensum='5' AND c_uni_ca='2' AND c_asigna='322041' [1][0] OK
C:[20/08/2013 08:43:14.54][200.109.201.55][1312] SELECT horas_lab FROM tblaca008 WHERE c_asigna='322041' AND horas_teoricas > 0 [1][0] OK
C:[20/08/2013 08:50:49.41][190.200.52.52][1138] SELECT pre_cod_asig1,pre_cod_asig2,pre_cod_asig3,pre_cod_asig4,pre_cod_asig5,pre_cod_asig6,pre_cod_asig7 FROM tblaca009_p_int WHERE pensum='5' AND c_uni_ca='2' AND c_asigna='300213' [1][0] OK
C:[20/08/2013 08:50:49.41][190.200.52.52][1151] SELECT c_asigna FROM dace004 WHERE exp_e='12-24118742' AND c_asigna='300101' AND status IN ('0','3','B','C') [1][0] OK
C:[20/08/2013 08:50:49.41][190.200.52.52][1138] SELECT pre_cod_asig1,pre_cod_asig2,pre_cod_asig3,pre_cod_asig4,pre_cod_asig5,pre_cod_asig6,pre_cod_asig7 FROM tblaca009_p_int WHERE pensum='5' AND c_uni_ca='2' AND c_asigna='300218' [1][0] OK
C:[20/08/2013 08:50:49.41][190.200.52.52][1138] SELECT pre_cod_asig1,pre_cod_asig2,pre_cod_asig3,pre_cod_asig4,pre_cod_asig5,pre_cod_asig6,pre_cod_asig7 FROM tblaca009_p_int WHERE pensum='5' AND c_uni_ca='2' AND c_asigna='300228' [1][0] OK
C:[20/08/2013 08:50:49.41][190.200.52.52][1151] SELECT c_asigna FROM dace004 WHERE exp_e='12-24118742' AND c_asigna='300101' AND status IN ('0','3','B','C') [1][0] OK
C:[20/08/2013 08:50:49.61][190.200.52.52][1182] SELECT par_cod_asig1,par_cod_asig2,par_cod_asig3 FROM tblaca009_p_int WHERE pensum='5' AND c_uni_ca='2' AND c_asigna='300213' [1][0] OK
C:[20/08/2013 08:50:49.61][190.200.52.52][1182] SELECT par_cod_asig1,par_cod_asig2,par_cod_asig3 FROM tblaca009_p_int WHERE pensum='5' AND c_uni_ca='2' AND c_asigna='300218' [1][0] OK
C:[20/08/2013 08:50:49.61][190.200.52.52][1196] SELECT c_asigna FROM dace004 WHERE exp_e='12-24118742' AND c_asigna='300228' AND status IN ('0','3','B','C') [0][0] OK
C:[20/08/2013 08:50:49.61][190.200.52.52][1182] SELECT par_cod_asig1,par_cod_asig2,par_cod_asig3 FROM tblaca009_p_int WHERE pensum='5' AND c_uni_ca='2' AND c_asigna='300228' [1][0] OK
C:[20/08/2013 08:50:49.69][190.200.52.52][1312] SELECT horas_lab FROM tblaca008 WHERE c_asigna='300213' AND horas_teoricas > 0 [1][0] OK
C:[20/08/2013 08:50:49.69][190.200.52.52][1312] SELECT horas_lab FROM tblaca008 WHERE c_asigna='300218' AND horas_teoricas > 0 [0][0] OK
C:[20/08/2013 08:50:49.69][190.200.52.52][1312] SELECT horas_lab FROM tblaca008 WHERE c_asigna='300228' AND horas_teoricas > 0 [1][0] OK
C:[20/08/2013 08:54:33.09][190.200.52.52][1138] SELECT pre_cod_asig1,pre_cod_asig2,pre_cod_asig3,pre_cod_asig4,pre_cod_asig5,pre_cod_asig6,pre_cod_asig7 FROM tblaca009_p_int WHERE pensum='5' AND c_uni_ca='3' AND c_asigna='312333' [1][0] OK
C:[20/08/2013 08:54:33.09][190.200.52.52][1151] SELECT c_asigna FROM dace004 WHERE exp_e='10-20807069' AND c_asigna='300228' AND status IN ('0','3','B','C') [1][0] OK
C:[20/08/2013 08:54:33.09][190.200.52.52][1138] SELECT pre_cod_asig1,pre_cod_asig2,pre_cod_asig3,pre_cod_asig4,pre_cod_asig5,pre_cod_asig6,pre_cod_asig7 FROM tblaca009_p_int WHERE pensum='5' AND c_uni_ca='3' AND c_asigna='300428' [1][0] OK
C:[20/08/2013 08:54:33.09][190.200.52.52][1151] SELECT c_asigna FROM dace004 WHERE exp_e='10-20807069' AND c_asigna='300317' AND status IN ('0','3','B','C') [1][0] OK
C:[20/08/2013 08:54:33.09][190.200.52.52][1138] SELECT pre_cod_asig1,pre_cod_asig2,pre_cod_asig3,pre_cod_asig4,pre_cod_asig5,pre_cod_asig6,pre_cod_asig7 FROM tblaca009_p_int WHERE pensum='5' AND c_uni_ca='3' AND c_asigna='311430' [1][0] OK
C:[20/08/2013 08:54:33.09][190.200.52.52][1151] SELECT c_asigna FROM dace004 WHERE exp_e='10-20807069' AND c_asigna='300317' AND status IN ('0','3','B','C') [1][0] OK
C:[20/08/2013 08:54:33.09][190.200.52.52][1151] SELECT c_asigna FROM dace004 WHERE exp_e='10-20807069' AND c_asigna='300318' AND status IN ('0','3','B','C') [1][0] OK
C:[20/08/2013 08:54:33.09][190.200.52.52][1182] SELECT par_cod_asig1,par_cod_asig2,par_cod_asig3 FROM tblaca009_p_int WHERE pensum='5' AND c_uni_ca='3' AND c_asigna='312333' [1][0] OK
C:[20/08/2013 08:54:33.09][190.200.52.52][1182] SELECT par_cod_asig1,par_cod_asig2,par_cod_asig3 FROM tblaca009_p_int WHERE pensum='5' AND c_uni_ca='3' AND c_asigna='300428' [1][0] OK
C:[20/08/2013 08:54:33.09][190.200.52.52][1182] SELECT par_cod_asig1,par_cod_asig2,par_cod_asig3 FROM tblaca009_p_int WHERE pensum='5' AND c_uni_ca='3' AND c_asigna='311430' [1][0] OK
C:[20/08/2013 08:54:33.47][190.200.52.52][1312] SELECT horas_lab FROM tblaca008 WHERE c_asigna='312333' AND horas_teoricas > 0 [1][0] OK
C:[20/08/2013 08:54:33.47][190.200.52.52][1312] SELECT horas_lab FROM tblaca008 WHERE c_asigna='300428' AND horas_teoricas > 0 [1][0] OK
C:[20/08/2013 08:54:33.47][190.200.52.52][1312] SELECT horas_lab FROM tblaca008 WHERE c_asigna='311430' AND horas_teoricas > 0 [1][0] OK
C:[20/08/2013 08:54:51.23][190.200.52.52][1138] SELECT pre_cod_asig1,pre_cod_asig2,pre_cod_asig3,pre_cod_asig4,pre_cod_asig5,pre_cod_asig6,pre_cod_asig7 FROM tblaca009_p_int WHERE pensum='5' AND c_uni_ca='3' AND c_asigna='300428' [1][0] OK
C:[20/08/2013 08:54:51.23][190.200.52.52][1151] SELECT c_asigna FROM dace004 WHERE exp_e='11-20290308' AND c_asigna='300317' AND status IN ('0','3','B','C') [1][0] OK
C:[20/08/2013 08:54:51.23][190.200.52.52][1138] SELECT pre_cod_asig1,pre_cod_asig2,pre_cod_asig3,pre_cod_asig4,pre_cod_asig5,pre_cod_asig6,pre_cod_asig7 FROM tblaca009_p_int WHERE pensum='5' AND c_uni_ca='3' AND c_asigna='311430' [1][0] OK
C:[20/08/2013 08:54:51.23][190.200.52.52][1151] SELECT c_asigna FROM dace004 WHERE exp_e='11-20290308' AND c_asigna='300317' AND status IN ('0','3','B','C') [1][0] OK
C:[20/08/2013 08:54:51.23][190.200.52.52][1151] SELECT c_asigna FROM dace004 WHERE exp_e='11-20290308' AND c_asigna='300318' AND status IN ('0','3','B','C') [1][0] OK
C:[20/08/2013 08:54:51.98][190.200.52.52][1182] SELECT par_cod_asig1,par_cod_asig2,par_cod_asig3 FROM tblaca009_p_int WHERE pensum='5' AND c_uni_ca='3' AND c_asigna='300428' [1][0] OK
C:[20/08/2013 08:54:51.98][190.200.52.52][1182] SELECT par_cod_asig1,par_cod_asig2,par_cod_asig3 FROM tblaca009_p_int WHERE pensum='5' AND c_uni_ca='3' AND c_asigna='311430' [1][0] OK
C:[20/08/2013 08:54:51.54][190.200.52.52][1312] SELECT horas_lab FROM tblaca008 WHERE c_asigna='300428' AND horas_teoricas > 0 [1][0] OK
C:[20/08/2013 08:54:51.54][190.200.52.52][1312] SELECT horas_lab FROM tblaca008 WHERE c_asigna='311430' AND horas_teoricas > 0 [1][0] OK
C:[20/08/2013 08:55:01.51][190.200.52.52][1138] SELECT pre_cod_asig1,pre_cod_asig2,pre_cod_asig3,pre_cod_asig4,pre_cod_asig5,pre_cod_asig6,pre_cod_asig7 FROM tblaca009_p_int WHERE pensum='5' AND c_uni_ca='3' AND c_asigna='311430' [1][0] OK
C:[20/08/2013 08:55:01.51][190.200.52.52][1151] SELECT c_asigna FROM dace004 WHERE exp_e='10-25552694' AND c_asigna='300317' AND status IN ('0','3','B','C') [1][0] OK
C:[20/08/2013 08:55:01.51][190.200.52.52][1151] SELECT c_asigna FROM dace004 WHERE exp_e='10-25552694' AND c_asigna='300318' AND status IN ('0','3','B','C') [1][0] OK
C:[20/08/2013 08:55:01.51][190.200.52.52][1138] SELECT pre_cod_asig1,pre_cod_asig2,pre_cod_asig3,pre_cod_asig4,pre_cod_asig5,pre_cod_asig6,pre_cod_asig7 FROM tblaca009_p_int WHERE pensum='5' AND c_uni_ca='3' AND c_asigna='310548' [1][0] OK
C:[20/08/2013 08:55:01.51][190.200.52.52][1151] SELECT c_asigna FROM dace004 WHERE exp_e='10-25552694' AND c_asigna='300428' AND status IN ('0','3','B','C') [1][0] OK
C:[20/08/2013 08:55:01.14][190.200.52.52][1182] SELECT par_cod_asig1,par_cod_asig2,par_cod_asig3 FROM tblaca009_p_int WHERE pensum='5' AND c_uni_ca='3' AND c_asigna='311430' [1][0] OK
C:[20/08/2013 08:55:01.14][190.200.52.52][1182] SELECT par_cod_asig1,par_cod_asig2,par_cod_asig3 FROM tblaca009_p_int WHERE pensum='5' AND c_uni_ca='3' AND c_asigna='310548' [1][0] OK
C:[20/08/2013 08:55:01.40][190.200.52.52][1312] SELECT horas_lab FROM tblaca008 WHERE c_asigna='311430' AND horas_teoricas > 0 [1][0] OK
C:[20/08/2013 08:55:01.40][190.200.52.52][1312] SELECT horas_lab FROM tblaca008 WHERE c_asigna='310548' AND horas_teoricas > 0 [1][0] OK
C:[20/08/2013 08:56:19.60][190.200.52.52][1138] SELECT pre_cod_asig1,pre_cod_asig2,pre_cod_asig3,pre_cod_asig4,pre_cod_asig5,pre_cod_asig6,pre_cod_asig7 FROM tblaca009_p_int WHERE pensum='5' AND c_uni_ca='3' AND c_asigna='312333' [1][0] OK
C:[20/08/2013 08:56:19.60][190.200.52.52][1151] SELECT c_asigna FROM dace004 WHERE exp_e='09-20805362' AND c_asigna='300228' AND status IN ('0','3','B','C') [1][0] OK
C:[20/08/2013 08:56:19.60][190.200.52.52][1138] SELECT pre_cod_asig1,pre_cod_asig2,pre_cod_asig3,pre_cod_asig4,pre_cod_asig5,pre_cod_asig6,pre_cod_asig7 FROM tblaca009_p_int WHERE pensum='5' AND c_uni_ca='3' AND c_asigna='311430' [1][0] OK
C:[20/08/2013 08:56:19.60][190.200.52.52][1151] SELECT c_asigna FROM dace004 WHERE exp_e='09-20805362' AND c_asigna='300317' AND status IN ('0','3','B','C') [1][0] OK
C:[20/08/2013 08:56:19.60][190.200.52.52][1151] SELECT c_asigna FROM dace004 WHERE exp_e='09-20805362' AND c_asigna='300318' AND status IN ('0','3','B','C') [1][0] OK
C:[20/08/2013 08:56:19.60][190.200.52.52][1138] SELECT pre_cod_asig1,pre_cod_asig2,pre_cod_asig3,pre_cod_asig4,pre_cod_asig5,pre_cod_asig6,pre_cod_asig7 FROM tblaca009_p_int WHERE pensum='5' AND c_uni_ca='3' AND c_asigna='311431' [1][0] OK
C:[20/08/2013 08:56:19.60][190.200.52.52][1151] SELECT c_asigna FROM dace004 WHERE exp_e='09-20805362' AND c_asigna='300317' AND status IN ('0','3','B','C') [1][0] OK
C:[20/08/2013 08:56:19.60][190.200.52.52][1151] SELECT c_asigna FROM dace004 WHERE exp_e='09-20805362' AND c_asigna='300318' AND status IN ('0','3','B','C') [1][0] OK
C:[20/08/2013 08:56:19.72][190.200.52.52][1182] SELECT par_cod_asig1,par_cod_asig2,par_cod_asig3 FROM tblaca009_p_int WHERE pensum='5' AND c_uni_ca='3' AND c_asigna='312333' [1][0] OK
C:[20/08/2013 08:56:19.72][190.200.52.52][1182] SELECT par_cod_asig1,par_cod_asig2,par_cod_asig3 FROM tblaca009_p_int WHERE pensum='5' AND c_uni_ca='3' AND c_asigna='311430' [1][0] OK
C:[20/08/2013 08:56:19.72][190.200.52.52][1182] SELECT par_cod_asig1,par_cod_asig2,par_cod_asig3 FROM tblaca009_p_int WHERE pensum='5' AND c_uni_ca='3' AND c_asigna='311431' [1][0] OK
C:[20/08/2013 08:56:19.13][190.200.52.52][1312] SELECT horas_lab FROM tblaca008 WHERE c_asigna='312333' AND horas_teoricas > 0 [1][0] OK
C:[20/08/2013 08:56:19.13][190.200.52.52][1312] SELECT horas_lab FROM tblaca008 WHERE c_asigna='311430' AND horas_teoricas > 0 [1][0] OK
C:[20/08/2013 08:56:19.13][190.200.52.52][1312] SELECT horas_lab FROM tblaca008 WHERE c_asigna='311431' AND horas_teoricas > 0 [1][0] OK
C:[20/08/2013 08:56:27.95][190.200.52.52][1138] SELECT pre_cod_asig1,pre_cod_asig2,pre_cod_asig3,pre_cod_asig4,pre_cod_asig5,pre_cod_asig6,pre_cod_asig7 FROM tblaca009_p_int WHERE pensum='5' AND c_uni_ca='6' AND c_asigna='300101' [1][0] OK
C:[20/08/2013 08:56:27.89][190.200.52.52][1182] SELECT par_cod_asig1,par_cod_asig2,par_cod_asig3 FROM tblaca009_p_int WHERE pensum='5' AND c_uni_ca='6' AND c_asigna='300101' [1][0] OK
C:[20/08/2013 08:56:27.02][190.200.52.52][1312] SELECT horas_lab FROM tblaca008 WHERE c_asigna='300101' AND horas_teoricas > 0 [1][0] OK
C:[20/08/2013 08:56:34.67][190.200.24.102][1138] SELECT pre_cod_asig1,pre_cod_asig2,pre_cod_asig3,pre_cod_asig4,pre_cod_asig5,pre_cod_asig6,pre_cod_asig7 FROM tblaca009_p_int WHERE pensum='5' AND c_uni_ca='2' AND c_asigna='322702' [1][0] OK
C:[20/08/2013 08:56:34.67][190.200.24.102][1151] SELECT c_asigna FROM dace004 WHERE exp_e='08-20035749' AND c_asigna='322683' AND status IN ('0','3','B','C') [1][0] OK
C:[20/08/2013 08:56:34.91][190.200.24.102][1182] SELECT par_cod_asig1,par_cod_asig2,par_cod_asig3 FROM tblaca009_p_int WHERE pensum='5' AND c_uni_ca='2' AND c_asigna='322702' [1][0] OK
C:[20/08/2013 08:56:34.05][190.200.24.102][1312] SELECT horas_lab FROM tblaca008 WHERE c_asigna='322702' AND horas_teoricas > 0 [1][0] OK
C:[20/08/2013 08:58:03.34][190.200.52.52][1138] SELECT pre_cod_asig1,pre_cod_asig2,pre_cod_asig3,pre_cod_asig4,pre_cod_asig5,pre_cod_asig6,pre_cod_asig7 FROM tblaca009_p_int WHERE pensum='5' AND c_uni_ca='5' AND c_asigna='300101' [1][0] OK
C:[20/08/2013 08:58:03.59][190.200.52.52][1182] SELECT par_cod_asig1,par_cod_asig2,par_cod_asig3 FROM tblaca009_p_int WHERE pensum='5' AND c_uni_ca='5' AND c_asigna='300101' [1][0] OK
C:[20/08/2013 08:58:03.72][190.200.52.52][1312] SELECT horas_lab FROM tblaca008 WHERE c_asigna='300101' AND horas_teoricas > 0 [1][0] OK
C:[20/08/2013 08:59:15.76][190.200.52.52][1138] SELECT pre_cod_asig1,pre_cod_asig2,pre_cod_asig3,pre_cod_asig4,pre_cod_asig5,pre_cod_asig6,pre_cod_asig7 FROM tblaca009_p_int WHERE pensum='5' AND c_uni_ca='6' AND c_asigna='300101' [1][0] OK
C:[20/08/2013 08:59:15.01][190.200.52.52][1182] SELECT par_cod_asig1,par_cod_asig2,par_cod_asig3 FROM tblaca009_p_int WHERE pensum='5' AND c_uni_ca='6' AND c_asigna='300101' [1][0] OK
C:[20/08/2013 08:59:15.13][190.200.52.52][1312] SELECT horas_lab FROM tblaca008 WHERE c_asigna='300101' AND horas_teoricas > 0 [1][0] OK
C:[20/08/2013 09:05:46.79][186.90.221.76][1138] SELECT pre_cod_asig1,pre_cod_asig2,pre_cod_asig3,pre_cod_asig4,pre_cod_asig5,pre_cod_asig6,pre_cod_asig7 FROM tblaca009_p_int WHERE pensum='5' AND c_uni_ca='4' AND c_asigna='333563' [1][0] OK
C:[20/08/2013 09:05:46.79][186.90.221.76][1151] SELECT c_asigna FROM dace004 WHERE exp_e='06-19301860' AND c_asigna='333440' AND status IN ('0','3','B','C') [1][0] OK
C:[20/08/2013 09:05:46.79][186.90.221.76][1151] SELECT c_asigna FROM dace004 WHERE exp_e='06-19301860' AND c_asigna='333442' AND status IN ('0','3','B','C') [1][0] OK
C:[20/08/2013 09:05:46.79][186.90.221.76][1138] SELECT pre_cod_asig1,pre_cod_asig2,pre_cod_asig3,pre_cod_asig4,pre_cod_asig5,pre_cod_asig6,pre_cod_asig7 FROM tblaca009_p_int WHERE pensum='5' AND c_uni_ca='4' AND c_asigna='300870' [1][0] OK
C:[20/08/2013 09:05:46.41][186.90.221.76][1182] SELECT par_cod_asig1,par_cod_asig2,par_cod_asig3 FROM tblaca009_p_int WHERE pensum='5' AND c_uni_ca='4' AND c_asigna='333563' [1][0] OK
C:[20/08/2013 09:05:46.41][186.90.221.76][1182] SELECT par_cod_asig1,par_cod_asig2,par_cod_asig3 FROM tblaca009_p_int WHERE pensum='5' AND c_uni_ca='4' AND c_asigna='300870' [1][0] OK
C:[20/08/2013 09:05:46.67][186.90.221.76][1312] SELECT horas_lab FROM tblaca008 WHERE c_asigna='333563' AND horas_teoricas > 0 [1][0] OK
C:[20/08/2013 09:05:46.67][186.90.221.76][1312] SELECT horas_lab FROM tblaca008 WHERE c_asigna='300870' AND horas_teoricas > 0 [1][0] OK
C:[20/08/2013 09:10:50.92][190.75.139.25][1138] SELECT pre_cod_asig1,pre_cod_asig2,pre_cod_asig3,pre_cod_asig4,pre_cod_asig5,pre_cod_asig6,pre_cod_asig7 FROM tblaca009_p_int WHERE pensum='5' AND c_uni_ca='2' AND c_asigna='322702' [1][0] OK
C:[20/08/2013 09:10:50.92][190.75.139.25][1151] SELECT c_asigna FROM dace004 WHERE exp_e='05-18521792' AND c_asigna='322683' AND status IN ('0','3','B','C') [1][0] OK
C:[20/08/2013 09:10:50.92][190.75.139.25][1138] SELECT pre_cod_asig1,pre_cod_asig2,pre_cod_asig3,pre_cod_asig4,pre_cod_asig5,pre_cod_asig6,pre_cod_asig7 FROM tblaca009_p_int WHERE pensum='5' AND c_uni_ca='2' AND c_asigna='322826' [1][0] OK
C:[20/08/2013 09:10:50.92][190.75.139.25][1151] SELECT c_asigna FROM dace004 WHERE exp_e='05-18521792' AND c_asigna='322683' AND status IN ('0','3','B','C') [1][0] OK
C:[20/08/2013 09:10:50.54][190.75.139.25][1182] SELECT par_cod_asig1,par_cod_asig2,par_cod_asig3 FROM tblaca009_p_int WHERE pensum='5' AND c_uni_ca='2' AND c_asigna='322702' [1][0] OK
C:[20/08/2013 09:10:50.54][190.75.139.25][1182] SELECT par_cod_asig1,par_cod_asig2,par_cod_asig3 FROM tblaca009_p_int WHERE pensum='5' AND c_uni_ca='2' AND c_asigna='322826' [1][0] OK
C:[20/08/2013 09:10:50.80][190.75.139.25][1312] SELECT horas_lab FROM tblaca008 WHERE c_asigna='322702' AND horas_teoricas > 0 [1][0] OK
C:[20/08/2013 09:10:50.80][190.75.139.25][1312] SELECT horas_lab FROM tblaca008 WHERE c_asigna='322826' AND horas_teoricas > 0 [1][0] OK
C:[20/08/2013 09:17:39.82][186.90.221.76][1138] SELECT pre_cod_asig1,pre_cod_asig2,pre_cod_asig3,pre_cod_asig4,pre_cod_asig5,pre_cod_asig6,pre_cod_asig7 FROM tblaca009_p_int WHERE pensum='5' AND c_uni_ca='4' AND c_asigna='333563' [1][0] OK
C:[20/08/2013 09:17:39.82][186.90.221.76][1151] SELECT c_asigna FROM dace004 WHERE exp_e='06-19301860' AND c_asigna='333440' AND status IN ('0','3','B','C') [1][0] OK
C:[20/08/2013 09:17:39.82][186.90.221.76][1151] SELECT c_asigna FROM dace004 WHERE exp_e='06-19301860' AND c_asigna='333442' AND status IN ('0','3','B','C') [1][0] OK
C:[20/08/2013 09:17:39.82][186.90.221.76][1138] SELECT pre_cod_asig1,pre_cod_asig2,pre_cod_asig3,pre_cod_asig4,pre_cod_asig5,pre_cod_asig6,pre_cod_asig7 FROM tblaca009_p_int WHERE pensum='5' AND c_uni_ca='4' AND c_asigna='300870' [1][0] OK
C:[20/08/2013 09:17:39.89][186.90.221.76][1182] SELECT par_cod_asig1,par_cod_asig2,par_cod_asig3 FROM tblaca009_p_int WHERE pensum='5' AND c_uni_ca='4' AND c_asigna='333563' [1][0] OK
C:[20/08/2013 09:17:39.89][186.90.221.76][1182] SELECT par_cod_asig1,par_cod_asig2,par_cod_asig3 FROM tblaca009_p_int WHERE pensum='5' AND c_uni_ca='4' AND c_asigna='300870' [1][0] OK
C:[20/08/2013 09:17:39.14][186.90.221.76][1312] SELECT horas_lab FROM tblaca008 WHERE c_asigna='333563' AND horas_teoricas > 0 [1][0] OK
C:[20/08/2013 09:17:39.14][186.90.221.76][1312] SELECT horas_lab FROM tblaca008 WHERE c_asigna='300870' AND horas_teoricas > 0 [1][0] OK
C:[20/08/2013 09:17:40.74][190.200.52.52][1138] SELECT pre_cod_asig1,pre_cod_asig2,pre_cod_asig3,pre_cod_asig4,pre_cod_asig5,pre_cod_asig6,pre_cod_asig7 FROM tblaca009_p_int WHERE pensum='5' AND c_uni_ca='3' AND c_asigna='311430' [1][0] OK
C:[20/08/2013 09:17:40.74][190.200.52.52][1151] SELECT c_asigna FROM dace004 WHERE exp_e='11-23611912' AND c_asigna='300317' AND status IN ('0','3','B','C') [1][0] OK
C:[20/08/2013 09:17:40.74][190.200.52.52][1151] SELECT c_asigna FROM dace004 WHERE exp_e='11-23611912' AND c_asigna='300318' AND status IN ('0','3','B','C') [1][0] OK
C:[20/08/2013 09:17:40.74][190.200.52.52][1138] SELECT pre_cod_asig1,pre_cod_asig2,pre_cod_asig3,pre_cod_asig4,pre_cod_asig5,pre_cod_asig6,pre_cod_asig7 FROM tblaca009_p_int WHERE pensum='5' AND c_uni_ca='3' AND c_asigna='311431' [1][0] OK
C:[20/08/2013 09:17:40.74][190.200.52.52][1151] SELECT c_asigna FROM dace004 WHERE exp_e='11-23611912' AND c_asigna='300317' AND status IN ('0','3','B','C') [1][0] OK
C:[20/08/2013 09:17:40.74][190.200.52.52][1151] SELECT c_asigna FROM dace004 WHERE exp_e='11-23611912' AND c_asigna='300318' AND status IN ('0','3','B','C') [1][0] OK
C:[20/08/2013 09:17:40.74][190.200.52.52][1138] SELECT pre_cod_asig1,pre_cod_asig2,pre_cod_asig3,pre_cod_asig4,pre_cod_asig5,pre_cod_asig6,pre_cod_asig7 FROM tblaca009_p_int WHERE pensum='5' AND c_uni_ca='3' AND c_asigna='311434' [1][0] OK
C:[20/08/2013 09:17:40.74][190.200.52.52][1151] SELECT c_asigna FROM dace004 WHERE exp_e='11-23611912' AND c_asigna='300317' AND status IN ('0','3','B','C') [1][0] OK
C:[20/08/2013 09:17:40.74][190.200.52.52][1151] SELECT c_asigna FROM dace004 WHERE exp_e='11-23611912' AND c_asigna='300318' AND status IN ('0','3','B','C') [1][0] OK
C:[20/08/2013 09:17:41.86][190.200.52.52][1182] SELECT par_cod_asig1,par_cod_asig2,par_cod_asig3 FROM tblaca009_p_int WHERE pensum='5' AND c_uni_ca='3' AND c_asigna='311430' [1][0] OK
C:[20/08/2013 09:17:41.86][190.200.52.52][1182] SELECT par_cod_asig1,par_cod_asig2,par_cod_asig3 FROM tblaca009_p_int WHERE pensum='5' AND c_uni_ca='3' AND c_asigna='311431' [1][0] OK
C:[20/08/2013 09:17:41.86][190.200.52.52][1182] SELECT par_cod_asig1,par_cod_asig2,par_cod_asig3 FROM tblaca009_p_int WHERE pensum='5' AND c_uni_ca='3' AND c_asigna='311434' [1][0] OK
C:[20/08/2013 09:17:41.25][190.200.52.52][1312] SELECT horas_lab FROM tblaca008 WHERE c_asigna='311430' AND horas_teoricas > 0 [1][0] OK
C:[20/08/2013 09:17:41.25][190.200.52.52][1312] SELECT horas_lab FROM tblaca008 WHERE c_asigna='311431' AND horas_teoricas > 0 [1][0] OK
C:[20/08/2013 09:17:41.25][190.200.52.52][1312] SELECT horas_lab FROM tblaca008 WHERE c_asigna='311434' AND horas_teoricas > 0 [0][0] OK
C:[20/08/2013 09:22:42.21][186.90.221.76][1138] SELECT pre_cod_asig1,pre_cod_asig2,pre_cod_asig3,pre_cod_asig4,pre_cod_asig5,pre_cod_asig6,pre_cod_asig7 FROM tblaca009_p_int WHERE pensum='5' AND c_uni_ca='4' AND c_asigna='333563' [1][0] OK
C:[20/08/2013 09:22:42.21][186.90.221.76][1151] SELECT c_asigna FROM dace004 WHERE exp_e='06-19301860' AND c_asigna='333440' AND status IN ('0','3','B','C') [1][0] OK
C:[20/08/2013 09:22:42.21][186.90.221.76][1151] SELECT c_asigna FROM dace004 WHERE exp_e='06-19301860' AND c_asigna='333442' AND status IN ('0','3','B','C') [1][0] OK
C:[20/08/2013 09:22:42.21][186.90.221.76][1138] SELECT pre_cod_asig1,pre_cod_asig2,pre_cod_asig3,pre_cod_asig4,pre_cod_asig5,pre_cod_asig6,pre_cod_asig7 FROM tblaca009_p_int WHERE pensum='5' AND c_uni_ca='4' AND c_asigna='300870' [1][0] OK
C:[20/08/2013 09:22:42.84][186.90.221.76][1182] SELECT par_cod_asig1,par_cod_asig2,par_cod_asig3 FROM tblaca009_p_int WHERE pensum='5' AND c_uni_ca='4' AND c_asigna='333563' [1][0] OK
C:[20/08/2013 09:22:42.84][186.90.221.76][1182] SELECT par_cod_asig1,par_cod_asig2,par_cod_asig3 FROM tblaca009_p_int WHERE pensum='5' AND c_uni_ca='4' AND c_asigna='300870' [1][0] OK
C:[20/08/2013 09:22:42.10][186.90.221.76][1312] SELECT horas_lab FROM tblaca008 WHERE c_asigna='333563' AND horas_teoricas > 0 [1][0] OK
C:[20/08/2013 09:22:42.10][186.90.221.76][1312] SELECT horas_lab FROM tblaca008 WHERE c_asigna='300870' AND horas_teoricas > 0 [1][0] OK
C:[20/08/2013 09:22:43.56][190.200.52.52][1138] SELECT pre_cod_asig1,pre_cod_asig2,pre_cod_asig3,pre_cod_asig4,pre_cod_asig5,pre_cod_asig6,pre_cod_asig7 FROM tblaca009_p_int WHERE pensum='5' AND c_uni_ca='3' AND c_asigna='300101' [1][0] OK
C:[20/08/2013 09:22:43.68][190.200.52.52][1182] SELECT par_cod_asig1,par_cod_asig2,par_cod_asig3 FROM tblaca009_p_int WHERE pensum='5' AND c_uni_ca='3' AND c_asigna='300101' [1][0] OK
C:[20/08/2013 09:22:43.81][190.200.52.52][1312] SELECT horas_lab FROM tblaca008 WHERE c_asigna='300101' AND horas_teoricas > 0 [1][0] OK
C:[20/08/2013 09:31:18.78][190.200.52.52][1138] SELECT pre_cod_asig1,pre_cod_asig2,pre_cod_asig3,pre_cod_asig4,pre_cod_asig5,pre_cod_asig6,pre_cod_asig7 FROM tblaca009_p_int WHERE pensum='5' AND c_uni_ca='5' AND c_asigna='300013' [1][0] OK
C:[20/08/2013 09:31:18.78][190.200.52.52][1138] SELECT pre_cod_asig1,pre_cod_asig2,pre_cod_asig3,pre_cod_asig4,pre_cod_asig5,pre_cod_asig6,pre_cod_asig7 FROM tblaca009_p_int WHERE pensum='5' AND c_uni_ca='5' AND c_asigna='300113' [1][0] OK
C:[20/08/2013 09:31:19.16][190.200.52.52][1182] SELECT par_cod_asig1,par_cod_asig2,par_cod_asig3 FROM tblaca009_p_int WHERE pensum='5' AND c_uni_ca='5' AND c_asigna='300013' [1][0] OK
C:[20/08/2013 09:31:19.16][190.200.52.52][1182] SELECT par_cod_asig1,par_cod_asig2,par_cod_asig3 FROM tblaca009_p_int WHERE pensum='5' AND c_uni_ca='5' AND c_asigna='300113' [1][0] OK
C:[20/08/2013 09:31:19.16][190.200.52.52][1196] SELECT c_asigna FROM dace004 WHERE exp_e='12-24889470' AND c_asigna='300013' AND status IN ('0','3','B','C') [0][0] OK
C:[20/08/2013 09:31:19.67][190.200.52.52][1312] SELECT horas_lab FROM tblaca008 WHERE c_asigna='300013' AND horas_teoricas > 0 [1][0] OK
C:[20/08/2013 09:31:19.67][190.200.52.52][1312] SELECT horas_lab FROM tblaca008 WHERE c_asigna='300113' AND horas_teoricas > 0 [0][0] OK
C:[20/08/2013 09:31:40.87][190.200.52.52][1138] SELECT pre_cod_asig1,pre_cod_asig2,pre_cod_asig3,pre_cod_asig4,pre_cod_asig5,pre_cod_asig6,pre_cod_asig7 FROM tblaca009_p_int WHERE pensum='5' AND c_uni_ca='5' AND c_asigna='355722' [1][0] OK
C:[20/08/2013 09:31:40.87][190.200.52.52][1151] SELECT c_asigna FROM dace004 WHERE exp_e='06-18385642' AND c_asigna='355691' AND status IN ('0','3','B','C') [1][0] OK
C:[20/08/2013 09:31:40.87][190.200.52.52][1151] SELECT c_asigna FROM dace004 WHERE exp_e='06-18385642' AND c_asigna='355595' AND status IN ('0','3','B','C') [1][0] OK
C:[20/08/2013 09:31:40.81][190.200.52.52][1182] SELECT par_cod_asig1,par_cod_asig2,par_cod_asig3 FROM tblaca009_p_int WHERE pensum='5' AND c_uni_ca='5' AND c_asigna='355722' [1][0] OK
C:[20/08/2013 09:31:40.95][190.200.52.52][1312] SELECT horas_lab FROM tblaca008 WHERE c_asigna='355722' AND horas_teoricas > 0 [1][0] OK
C:[20/08/2013 09:32:24.97][190.78.120.248][1138] SELECT pre_cod_asig1,pre_cod_asig2,pre_cod_asig3,pre_cod_asig4,pre_cod_asig5,pre_cod_asig6,pre_cod_asig7 FROM tblaca009_p_int WHERE pensum='5' AND c_uni_ca='3' AND c_asigna='311551' [1][0] OK
C:[20/08/2013 09:32:24.97][190.78.120.248][1151] SELECT c_asigna FROM dace004 WHERE exp_e='09-18476070' AND c_asigna='311430' AND status IN ('0','3','B','C') [1][0] OK
C:[20/08/2013 09:32:24.97][190.78.120.248][1138] SELECT pre_cod_asig1,pre_cod_asig2,pre_cod_asig3,pre_cod_asig4,pre_cod_asig5,pre_cod_asig6,pre_cod_asig7 FROM tblaca009_p_int WHERE pensum='5' AND c_uni_ca='3' AND c_asigna='315671' [1][0] OK
C:[20/08/2013 09:32:24.97][190.78.120.248][1151] SELECT c_asigna FROM dace004 WHERE exp_e='09-18476070' AND c_asigna='315552' AND status IN ('0','3','B','C') [1][0] OK
C:[20/08/2013 09:32:24.59][190.78.120.248][1182] SELECT par_cod_asig1,par_cod_asig2,par_cod_asig3 FROM tblaca009_p_int WHERE pensum='5' AND c_uni_ca='3' AND c_asigna='311551' [1][0] OK
C:[20/08/2013 09:32:24.59][190.78.120.248][1182] SELECT par_cod_asig1,par_cod_asig2,par_cod_asig3 FROM tblaca009_p_int WHERE pensum='5' AND c_uni_ca='3' AND c_asigna='315671' [1][0] OK
C:[20/08/2013 09:32:24.85][190.78.120.248][1312] SELECT horas_lab FROM tblaca008 WHERE c_asigna='311551' AND horas_teoricas > 0 [1][0] OK
C:[20/08/2013 09:32:24.85][190.78.120.248][1312] SELECT horas_lab FROM tblaca008 WHERE c_asigna='315671' AND horas_teoricas > 0 [1][0] OK
C:[20/08/2013 09:33:23.16][190.200.52.52][1138] SELECT pre_cod_asig1,pre_cod_asig2,pre_cod_asig3,pre_cod_asig4,pre_cod_asig5,pre_cod_asig6,pre_cod_asig7 FROM tblaca009_p_int WHERE pensum='5' AND c_uni_ca='2' AND c_asigna='300101' [1][0] OK
C:[20/08/2013 09:33:23.16][190.200.52.52][1138] SELECT pre_cod_asig1,pre_cod_asig2,pre_cod_asig3,pre_cod_asig4,pre_cod_asig5,pre_cod_asig6,pre_cod_asig7 FROM tblaca009_p_int WHERE pensum='5' AND c_uni_ca='2' AND c_asigna='300113' [1][0] OK
C:[20/08/2013 09:33:23.98][190.200.52.52][1182] SELECT par_cod_asig1,par_cod_asig2,par_cod_asig3 FROM tblaca009_p_int WHERE pensum='5' AND c_uni_ca='2' AND c_asigna='300101' [1][0] OK
C:[20/08/2013 09:33:23.98][190.200.52.52][1182] SELECT par_cod_asig1,par_cod_asig2,par_cod_asig3 FROM tblaca009_p_int WHERE pensum='5' AND c_uni_ca='2' AND c_asigna='300113' [1][0] OK
C:[20/08/2013 09:33:23.98][190.200.52.52][1196] SELECT c_asigna FROM dace004 WHERE exp_e='13-24964272' AND c_asigna='300013' AND status IN ('0','3','B','C') [0][0] OK
C:[20/08/2013 09:33:23.37][190.200.52.52][1312] SELECT horas_lab FROM tblaca008 WHERE c_asigna='300101' AND horas_teoricas > 0 [1][0] OK
C:[20/08/2013 09:33:23.37][190.200.52.52][1312] SELECT horas_lab FROM tblaca008 WHERE c_asigna='300113' AND horas_teoricas > 0 [0][0] OK
C:[20/08/2013 09:33:33.51][68.171.231.80][1138] SELECT pre_cod_asig1,pre_cod_asig2,pre_cod_asig3,pre_cod_asig4,pre_cod_asig5,pre_cod_asig6,pre_cod_asig7 FROM tblaca009_p_int WHERE pensum='5' AND c_uni_ca='4' AND c_asigna='330435' [1][0] OK
C:[20/08/2013 09:33:33.21][68.171.231.80][1182] SELECT par_cod_asig1,par_cod_asig2,par_cod_asig3 FROM tblaca009_p_int WHERE pensum='5' AND c_uni_ca='4' AND c_asigna='330435' [1][0] OK
C:[20/08/2013 09:33:33.34][68.171.231.80][1312] SELECT horas_lab FROM tblaca008 WHERE c_asigna='330435' AND horas_teoricas > 0 [1][0] OK
C:[20/08/2013 09:35:24.34][172.17.148.26][1138] SELECT pre_cod_asig1,pre_cod_asig2,pre_cod_asig3,pre_cod_asig4,pre_cod_asig5,pre_cod_asig6,pre_cod_asig7 FROM tblaca009_p_int WHERE pensum='5' AND c_uni_ca='2' AND c_asigna='300112' [1][0] OK
C:[20/08/2013 09:35:24.59][172.17.148.26][1182] SELECT par_cod_asig1,par_cod_asig2,par_cod_asig3 FROM tblaca009_p_int WHERE pensum='5' AND c_uni_ca='2' AND c_asigna='300112' [1][0] OK
C:[20/08/2013 09:35:24.72][172.17.148.26][1312] SELECT horas_lab FROM tblaca008 WHERE c_asigna='300112' AND horas_teoricas > 0 [1][0] OK
C:[20/08/2013 09:36:51.53][190.200.52.52][1138] SELECT pre_cod_asig1,pre_cod_asig2,pre_cod_asig3,pre_cod_asig4,pre_cod_asig5,pre_cod_asig6,pre_cod_asig7 FROM tblaca009_p_int WHERE pensum='5' AND c_uni_ca='3' AND c_asigna='300101' [1][0] OK
C:[20/08/2013 09:36:51.22][190.200.52.52][1182] SELECT par_cod_asig1,par_cod_asig2,par_cod_asig3 FROM tblaca009_p_int WHERE pensum='5' AND c_uni_ca='3' AND c_asigna='300101' [1][0] OK
C:[20/08/2013 09:36:51.36][190.200.52.52][1312] SELECT horas_lab FROM tblaca008 WHERE c_asigna='300101' AND horas_teoricas > 0 [1][0] OK
C:[20/08/2013 09:37:42.70][190.200.52.52][1138] SELECT pre_cod_asig1,pre_cod_asig2,pre_cod_asig3,pre_cod_asig4,pre_cod_asig5,pre_cod_asig6,pre_cod_asig7 FROM tblaca009_p_int WHERE pensum='5' AND c_uni_ca='2' AND c_asigna='322605' [1][0] OK
C:[20/08/2013 09:37:42.70][190.200.52.52][1151] SELECT c_asigna FROM dace004 WHERE exp_e='08-19302816' AND c_asigna='322436' AND status IN ('0','3','B','C') [1][0] OK
C:[20/08/2013 09:37:42.70][190.200.52.52][1138] SELECT pre_cod_asig1,pre_cod_asig2,pre_cod_asig3,pre_cod_asig4,pre_cod_asig5,pre_cod_asig6,pre_cod_asig7 FROM tblaca009_p_int WHERE pensum='5' AND c_uni_ca='2' AND c_asigna='322669' [1][0] OK
C:[20/08/2013 09:37:42.70][190.200.52.52][1151] SELECT c_asigna FROM dace004 WHERE exp_e='08-19302816' AND c_asigna='322558' AND status IN ('0','3','B','C') [1][0] OK
C:[20/08/2013 09:37:42.77][190.200.52.52][1182] SELECT par_cod_asig1,par_cod_asig2,par_cod_asig3 FROM tblaca009_p_int WHERE pensum='5' AND c_uni_ca='2' AND c_asigna='322605' [1][0] OK
C:[20/08/2013 09:37:42.77][190.200.52.52][1182] SELECT par_cod_asig1,par_cod_asig2,par_cod_asig3 FROM tblaca009_p_int WHERE pensum='5' AND c_uni_ca='2' AND c_asigna='322669' [1][0] OK
C:[20/08/2013 09:37:42.04][190.200.52.52][1312] SELECT horas_lab FROM tblaca008 WHERE c_asigna='322605' AND horas_teoricas > 0 [1][0] OK
C:[20/08/2013 09:37:42.04][190.200.52.52][1312] SELECT horas_lab FROM tblaca008 WHERE c_asigna='322669' AND horas_teoricas > 0 [1][0] OK
C:[20/08/2013 09:40:12.27][190.200.52.52][1138] SELECT pre_cod_asig1,pre_cod_asig2,pre_cod_asig3,pre_cod_asig4,pre_cod_asig5,pre_cod_asig6,pre_cod_asig7 FROM tblaca009_p_int WHERE pensum='5' AND c_uni_ca='2' AND c_asigna='300112' [1][0] OK
C:[20/08/2013 09:40:12.96][190.200.52.52][1182] SELECT par_cod_asig1,par_cod_asig2,par_cod_asig3 FROM tblaca009_p_int WHERE pensum='5' AND c_uni_ca='2' AND c_asigna='300112' [1][0] OK
C:[20/08/2013 09:40:12.11][190.200.52.52][1312] SELECT horas_lab FROM tblaca008 WHERE c_asigna='300112' AND horas_teoricas > 0 [1][0] OK
C:[20/08/2013 09:41:49.24][181.184.93.197][1138] SELECT pre_cod_asig1,pre_cod_asig2,pre_cod_asig3,pre_cod_asig4,pre_cod_asig5,pre_cod_asig6,pre_cod_asig7 FROM tblaca009_p_int WHERE pensum='5' AND c_uni_ca='2' AND c_asigna='322550' [1][0] OK
C:[20/08/2013 09:41:49.24][181.184.93.197][1151] SELECT c_asigna FROM dace004 WHERE exp_e='06-18288918' AND c_asigna='322433' AND status IN ('0','3','B','C') [1][0] OK
C:[20/08/2013 09:41:49.24][181.184.93.197][1138] SELECT pre_cod_asig1,pre_cod_asig2,pre_cod_asig3,pre_cod_asig4,pre_cod_asig5,pre_cod_asig6,pre_cod_asig7 FROM tblaca009_p_int WHERE pensum='5' AND c_uni_ca='2' AND c_asigna='322605' [1][0] OK
C:[20/08/2013 09:41:49.24][181.184.93.197][1151] SELECT c_asigna FROM dace004 WHERE exp_e='06-18288918' AND c_asigna='322436' AND status IN ('0','3','B','C') [1][0] OK
C:[20/08/2013 09:41:49.31][181.184.93.197][1182] SELECT par_cod_asig1,par_cod_asig2,par_cod_asig3 FROM tblaca009_p_int WHERE pensum='5' AND c_uni_ca='2' AND c_asigna='322550' [1][0] OK
C:[20/08/2013 09:41:49.31][181.184.93.197][1182] SELECT par_cod_asig1,par_cod_asig2,par_cod_asig3 FROM tblaca009_p_int WHERE pensum='5' AND c_uni_ca='2' AND c_asigna='322605' [1][0] OK
C:[20/08/2013 09:41:49.56][181.184.93.197][1312] SELECT horas_lab FROM tblaca008 WHERE c_asigna='322550' AND horas_teoricas > 0 [1][0] OK
C:[20/08/2013 09:41:49.56][181.184.93.197][1312] SELECT horas_lab FROM tblaca008 WHERE c_asigna='322605' AND horas_teoricas > 0 [1][0] OK
C:[20/08/2013 09:43:20.23][200.84.69.150][1138] SELECT pre_cod_asig1,pre_cod_asig2,pre_cod_asig3,pre_cod_asig4,pre_cod_asig5,pre_cod_asig6,pre_cod_asig7 FROM tblaca009_p_int WHERE pensum='5' AND c_uni_ca='4' AND c_asigna='333563' [1][0] OK
C:[20/08/2013 09:43:20.23][200.84.69.150][1151] SELECT c_asigna FROM dace004 WHERE exp_e='06-19301860' AND c_asigna='333440' AND status IN ('0','3','B','C') [1][0] OK
C:[20/08/2013 09:43:20.23][200.84.69.150][1151] SELECT c_asigna FROM dace004 WHERE exp_e='06-19301860' AND c_asigna='333442' AND status IN ('0','3','B','C') [1][0] OK
C:[20/08/2013 09:43:20.23][200.84.69.150][1138] SELECT pre_cod_asig1,pre_cod_asig2,pre_cod_asig3,pre_cod_asig4,pre_cod_asig5,pre_cod_asig6,pre_cod_asig7 FROM tblaca009_p_int WHERE pensum='5' AND c_uni_ca='4' AND c_asigna='300870' [1][0] OK
C:[20/08/2013 09:43:20.29][200.84.69.150][1182] SELECT par_cod_asig1,par_cod_asig2,par_cod_asig3 FROM tblaca009_p_int WHERE pensum='5' AND c_uni_ca='4' AND c_asigna='333563' [1][0] OK
C:[20/08/2013 09:43:20.29][200.84.69.150][1182] SELECT par_cod_asig1,par_cod_asig2,par_cod_asig3 FROM tblaca009_p_int WHERE pensum='5' AND c_uni_ca='4' AND c_asigna='300870' [1][0] OK
C:[20/08/2013 09:43:20.57][200.84.69.150][1312] SELECT horas_lab FROM tblaca008 WHERE c_asigna='333563' AND horas_teoricas > 0 [1][0] OK
C:[20/08/2013 09:43:20.57][200.84.69.150][1312] SELECT horas_lab FROM tblaca008 WHERE c_asigna='300870' AND horas_teoricas > 0 [1][0] OK
C:[20/08/2013 09:43:25.09][190.200.52.52][1138] SELECT pre_cod_asig1,pre_cod_asig2,pre_cod_asig3,pre_cod_asig4,pre_cod_asig5,pre_cod_asig6,pre_cod_asig7 FROM tblaca009_p_int WHERE pensum='5' AND c_uni_ca='6' AND c_asigna='300013' [1][0] OK
C:[20/08/2013 09:43:25.77][190.200.52.52][1182] SELECT par_cod_asig1,par_cod_asig2,par_cod_asig3 FROM tblaca009_p_int WHERE pensum='5' AND c_uni_ca='6' AND c_asigna='300013' [1][0] OK
C:[20/08/2013 09:43:25.93][190.200.52.52][1312] SELECT horas_lab FROM tblaca008 WHERE c_asigna='300013' AND horas_teoricas > 0 [1][0] OK
C:[20/08/2013 09:43:28.71][190.37.125.41][1138] SELECT pre_cod_asig1,pre_cod_asig2,pre_cod_asig3,pre_cod_asig4,pre_cod_asig5,pre_cod_asig6,pre_cod_asig7 FROM tblaca009_p_int WHERE pensum='5' AND c_uni_ca='2' AND c_asigna='320437' [1][0] OK
C:[20/08/2013 09:43:28.71][190.37.125.41][1151] SELECT c_asigna FROM dace004 WHERE exp_e='11-24179443' AND c_asigna='300317' AND status IN ('0','3','B','C') [1][0] OK
C:[20/08/2013 09:43:28.71][190.37.125.41][1138] SELECT pre_cod_asig1,pre_cod_asig2,pre_cod_asig3,pre_cod_asig4,pre_cod_asig5,pre_cod_asig6,pre_cod_asig7 FROM tblaca009_p_int WHERE pensum='5' AND c_uni_ca='2' AND c_asigna='322436' [1][0] OK
C:[20/08/2013 09:43:28.71][190.37.125.41][1151] SELECT c_asigna FROM dace004 WHERE exp_e='11-24179443' AND c_asigna='320311' AND status IN ('0','3','B','C') [1][0] OK
C:[20/08/2013 09:43:28.20][190.37.125.41][1182] SELECT par_cod_asig1,par_cod_asig2,par_cod_asig3 FROM tblaca009_p_int WHERE pensum='5' AND c_uni_ca='2' AND c_asigna='320437' [1][0] OK
C:[20/08/2013 09:43:28.20][190.37.125.41][1182] SELECT par_cod_asig1,par_cod_asig2,par_cod_asig3 FROM tblaca009_p_int WHERE pensum='5' AND c_uni_ca='2' AND c_asigna='322436' [1][0] OK
C:[20/08/2013 09:43:28.48][190.37.125.41][1312] SELECT horas_lab FROM tblaca008 WHERE c_asigna='320437' AND horas_teoricas > 0 [1][0] OK
C:[20/08/2013 09:43:28.48][190.37.125.41][1312] SELECT horas_lab FROM tblaca008 WHERE c_asigna='322436' AND horas_teoricas > 0 [1][0] OK
C:[20/08/2013 09:44:52.76][190.200.52.52][1138] SELECT pre_cod_asig1,pre_cod_asig2,pre_cod_asig3,pre_cod_asig4,pre_cod_asig5,pre_cod_asig6,pre_cod_asig7 FROM tblaca009_p_int WHERE pensum='5' AND c_uni_ca='6' AND c_asigna='300013' [1][0] OK
C:[20/08/2013 09:44:52.76][190.200.52.52][1138] SELECT pre_cod_asig1,pre_cod_asig2,pre_cod_asig3,pre_cod_asig4,pre_cod_asig5,pre_cod_asig6,pre_cod_asig7 FROM tblaca009_p_int WHERE pensum='5' AND c_uni_ca='6' AND c_asigna='300113' [1][0] OK
C:[20/08/2013 09:44:52.57][190.200.52.52][1182] SELECT par_cod_asig1,par_cod_asig2,par_cod_asig3 FROM tblaca009_p_int WHERE pensum='5' AND c_uni_ca='6' AND c_asigna='300013' [1][0] OK
C:[20/08/2013 09:44:52.57][190.200.52.52][1182] SELECT par_cod_asig1,par_cod_asig2,par_cod_asig3 FROM tblaca009_p_int WHERE pensum='5' AND c_uni_ca='6' AND c_asigna='300113' [1][0] OK
C:[20/08/2013 09:44:52.57][190.200.52.52][1196] SELECT c_asigna FROM dace004 WHERE exp_e='13-25084137' AND c_asigna='300013' AND status IN ('0','3','B','C') [0][0] OK
C:[20/08/2013 09:44:52.96][190.200.52.52][1312] SELECT horas_lab FROM tblaca008 WHERE c_asigna='300013' AND horas_teoricas > 0 [1][0] OK
C:[20/08/2013 09:44:52.96][190.200.52.52][1312] SELECT horas_lab FROM tblaca008 WHERE c_asigna='300113' AND horas_teoricas > 0 [0][0] OK
C:[20/08/2013 09:45:35.93][190.37.125.41][1138] SELECT pre_cod_asig1,pre_cod_asig2,pre_cod_asig3,pre_cod_asig4,pre_cod_asig5,pre_cod_asig6,pre_cod_asig7 FROM tblaca009_p_int WHERE pensum='5' AND c_uni_ca='2' AND c_asigna='320437' [1][0] OK
C:[20/08/2013 09:45:35.93][190.37.125.41][1151] SELECT c_asigna FROM dace004 WHERE exp_e='11-21247035' AND c_asigna='300317' AND status IN ('0','3','B','C') [1][0] OK
C:[20/08/2013 09:45:35.93][190.37.125.41][1138] SELECT pre_cod_asig1,pre_cod_asig2,pre_cod_asig3,pre_cod_asig4,pre_cod_asig5,pre_cod_asig6,pre_cod_asig7 FROM tblaca009_p_int WHERE pensum='5' AND c_uni_ca='2' AND c_asigna='322436' [1][0] OK
C:[20/08/2013 09:45:35.93][190.37.125.41][1151] SELECT c_asigna FROM dace004 WHERE exp_e='11-21247035' AND c_asigna='320311' AND status IN ('0','3','B','C') [1][0] OK
C:[20/08/2013 09:45:35.99][190.37.125.41][1182] SELECT par_cod_asig1,par_cod_asig2,par_cod_asig3 FROM tblaca009_p_int WHERE pensum='5' AND c_uni_ca='2' AND c_asigna='320437' [1][0] OK
C:[20/08/2013 09:45:35.99][190.37.125.41][1182] SELECT par_cod_asig1,par_cod_asig2,par_cod_asig3 FROM tblaca009_p_int WHERE pensum='5' AND c_uni_ca='2' AND c_asigna='322436' [1][0] OK
C:[20/08/2013 09:45:35.25][190.37.125.41][1312] SELECT horas_lab FROM tblaca008 WHERE c_asigna='320437' AND horas_teoricas > 0 [1][0] OK
C:[20/08/2013 09:45:35.25][190.37.125.41][1312] SELECT horas_lab FROM tblaca008 WHERE c_asigna='322436' AND horas_teoricas > 0 [1][0] OK
C:[20/08/2013 09:46:30.05][190.200.52.52][1138] SELECT pre_cod_asig1,pre_cod_asig2,pre_cod_asig3,pre_cod_asig4,pre_cod_asig5,pre_cod_asig6,pre_cod_asig7 FROM tblaca009_p_int WHERE pensum='5' AND c_uni_ca='4' AND c_asigna='300101' [1][0] OK
C:[20/08/2013 09:46:31.75][190.200.52.52][1182] SELECT par_cod_asig1,par_cod_asig2,par_cod_asig3 FROM tblaca009_p_int WHERE pensum='5' AND c_uni_ca='4' AND c_asigna='300101' [1][0] OK
C:[20/08/2013 09:46:31.88][190.200.52.52][1312] SELECT horas_lab FROM tblaca008 WHERE c_asigna='300101' AND horas_teoricas > 0 [1][0] OK
C:[20/08/2013 09:47:18.84][190.200.52.52][1138] SELECT pre_cod_asig1,pre_cod_asig2,pre_cod_asig3,pre_cod_asig4,pre_cod_asig5,pre_cod_asig6,pre_cod_asig7 FROM tblaca009_p_int WHERE pensum='5' AND c_uni_ca='2' AND c_asigna='322550' [1][0] OK
C:[20/08/2013 09:47:18.84][190.200.52.52][1151] SELECT c_asigna FROM dace004 WHERE exp_e='06-18288918' AND c_asigna='322433' AND status IN ('0','3','B','C') [1][0] OK
C:[20/08/2013 09:47:18.84][190.200.52.52][1138] SELECT pre_cod_asig1,pre_cod_asig2,pre_cod_asig3,pre_cod_asig4,pre_cod_asig5,pre_cod_asig6,pre_cod_asig7 FROM tblaca009_p_int WHERE pensum='5' AND c_uni_ca='2' AND c_asigna='322605' [1][0] OK
C:[20/08/2013 09:47:18.84][190.200.52.52][1151] SELECT c_asigna FROM dace004 WHERE exp_e='06-18288918' AND c_asigna='322436' AND status IN ('0','3','B','C') [1][0] OK
C:[20/08/2013 09:47:18.89][190.200.52.52][1182] SELECT par_cod_asig1,par_cod_asig2,par_cod_asig3 FROM tblaca009_p_int WHERE pensum='5' AND c_uni_ca='2' AND c_asigna='322550' [1][0] OK
C:[20/08/2013 09:47:18.89][190.200.52.52][1182] SELECT par_cod_asig1,par_cod_asig2,par_cod_asig3 FROM tblaca009_p_int WHERE pensum='5' AND c_uni_ca='2' AND c_asigna='322605' [1][0] OK
C:[20/08/2013 09:47:18.16][190.200.52.52][1312] SELECT horas_lab FROM tblaca008 WHERE c_asigna='322550' AND horas_teoricas > 0 [1][0] OK
C:[20/08/2013 09:47:18.16][190.200.52.52][1312] SELECT horas_lab FROM tblaca008 WHERE c_asigna='322605' AND horas_teoricas > 0 [1][0] OK
C:[20/08/2013 09:50:15.09][190.200.52.52][1138] SELECT pre_cod_asig1,pre_cod_asig2,pre_cod_asig3,pre_cod_asig4,pre_cod_asig5,pre_cod_asig6,pre_cod_asig7 FROM tblaca009_p_int WHERE pensum='5' AND c_uni_ca='3' AND c_asigna='311673' [1][0] OK
C:[20/08/2013 09:50:15.09][190.200.52.52][1151] SELECT c_asigna FROM dace004 WHERE exp_e='08-21176847' AND c_asigna='311551' AND status IN ('0','3','B','C') [1][0] OK
C:[20/08/2013 09:50:15.09][190.200.52.52][1138] SELECT pre_cod_asig1,pre_cod_asig2,pre_cod_asig3,pre_cod_asig4,pre_cod_asig5,pre_cod_asig6,pre_cod_asig7 FROM tblaca009_p_int WHERE pensum='5' AND c_uni_ca='3' AND c_asigna='315671' [1][0] OK
C:[20/08/2013 09:50:15.09][190.200.52.52][1151] SELECT c_asigna FROM dace004 WHERE exp_e='08-21176847' AND c_asigna='315552' AND status IN ('0','3','B','C') [1][0] OK
C:[20/08/2013 09:50:15.16][190.200.52.52][1182] SELECT par_cod_asig1,par_cod_asig2,par_cod_asig3 FROM tblaca009_p_int WHERE pensum='5' AND c_uni_ca='3' AND c_asigna='311673' [1][0] OK
C:[20/08/2013 09:50:15.16][190.200.52.52][1182] SELECT par_cod_asig1,par_cod_asig2,par_cod_asig3 FROM tblaca009_p_int WHERE pensum='5' AND c_uni_ca='3' AND c_asigna='315671' [1][0] OK
C:[20/08/2013 09:50:15.41][190.200.52.52][1312] SELECT horas_lab FROM tblaca008 WHERE c_asigna='311673' AND horas_teoricas > 0 [1][0] OK
C:[20/08/2013 09:50:15.41][190.200.52.52][1312] SELECT horas_lab FROM tblaca008 WHERE c_asigna='315671' AND horas_teoricas > 0 [1][0] OK
C:[20/08/2013 09:51:40.48][190.200.52.52][1138] SELECT pre_cod_asig1,pre_cod_asig2,pre_cod_asig3,pre_cod_asig4,pre_cod_asig5,pre_cod_asig6,pre_cod_asig7 FROM tblaca009_p_int WHERE pensum='5' AND c_uni_ca='2' AND c_asigna='322559' [1][0] OK
C:[20/08/2013 09:51:40.48][190.200.52.52][1151] SELECT c_asigna FROM dace004 WHERE exp_e='10-20804638' AND c_asigna='300428' AND status IN ('0','3','B','C') [1][0] OK
C:[20/08/2013 09:51:40.48][190.200.52.52][1151] SELECT c_asigna FROM dace004 WHERE exp_e='10-20804638' AND c_asigna='322436' AND status IN ('0','3','B','C') [1][0] OK
C:[20/08/2013 09:51:40.48][190.200.52.52][1138] SELECT pre_cod_asig1,pre_cod_asig2,pre_cod_asig3,pre_cod_asig4,pre_cod_asig5,pre_cod_asig6,pre_cod_asig7 FROM tblaca009_p_int WHERE pensum='5' AND c_uni_ca='2' AND c_asigna='322605' [1][0] OK
C:[20/08/2013 09:51:40.48][190.200.52.52][1151] SELECT c_asigna FROM dace004 WHERE exp_e='10-20804638' AND c_asigna='322436' AND status IN ('0','3','B','C') [1][0] OK
C:[20/08/2013 09:51:40.66][190.200.52.52][1182] SELECT par_cod_asig1,par_cod_asig2,par_cod_asig3 FROM tblaca009_p_int WHERE pensum='5' AND c_uni_ca='2' AND c_asigna='322559' [1][0] OK
C:[20/08/2013 09:51:40.66][190.200.52.52][1182] SELECT par_cod_asig1,par_cod_asig2,par_cod_asig3 FROM tblaca009_p_int WHERE pensum='5' AND c_uni_ca='2' AND c_asigna='322605' [1][0] OK
C:[20/08/2013 09:51:40.93][190.200.52.52][1312] SELECT horas_lab FROM tblaca008 WHERE c_asigna='322559' AND horas_teoricas > 0 [1][0] OK
C:[20/08/2013 09:51:40.93][190.200.52.52][1312] SELECT horas_lab FROM tblaca008 WHERE c_asigna='322605' AND horas_teoricas > 0 [1][0] OK
C:[20/08/2013 09:52:52.38][190.94.243.202][1138] SELECT pre_cod_asig1,pre_cod_asig2,pre_cod_asig3,pre_cod_asig4,pre_cod_asig5,pre_cod_asig6,pre_cod_asig7 FROM tblaca009_p_int WHERE pensum='5' AND c_uni_ca='2' AND c_asigna='322702' [1][0] OK
C:[20/08/2013 09:52:52.38][190.94.243.202][1151] SELECT c_asigna FROM dace004 WHERE exp_e='05-18521792' AND c_asigna='322683' AND status IN ('0','3','B','C') [1][0] OK
C:[20/08/2013 09:52:52.38][190.94.243.202][1138] SELECT pre_cod_asig1,pre_cod_asig2,pre_cod_asig3,pre_cod_asig4,pre_cod_asig5,pre_cod_asig6,pre_cod_asig7 FROM tblaca009_p_int WHERE pensum='5' AND c_uni_ca='2' AND c_asigna='322826' [1][0] OK
C:[20/08/2013 09:52:52.38][190.94.243.202][1151] SELECT c_asigna FROM dace004 WHERE exp_e='05-18521792' AND c_asigna='322683' AND status IN ('0','3','B','C') [1][0] OK
C:[20/08/2013 09:52:52.70][190.94.243.202][1182] SELECT par_cod_asig1,par_cod_asig2,par_cod_asig3 FROM tblaca009_p_int WHERE pensum='5' AND c_uni_ca='2' AND c_asigna='322702' [1][0] OK
C:[20/08/2013 09:52:52.70][190.94.243.202][1182] SELECT par_cod_asig1,par_cod_asig2,par_cod_asig3 FROM tblaca009_p_int WHERE pensum='5' AND c_uni_ca='2' AND c_asigna='322826' [1][0] OK
C:[20/08/2013 09:52:52.96][190.94.243.202][1312] SELECT horas_lab FROM tblaca008 WHERE c_asigna='322702' AND horas_teoricas > 0 [1][0] OK
C:[20/08/2013 09:52:52.96][190.94.243.202][1312] SELECT horas_lab FROM tblaca008 WHERE c_asigna='322826' AND horas_teoricas > 0 [1][0] OK
C:[20/08/2013 09:53:00.40][172.16.4.247][1138] SELECT pre_cod_asig1,pre_cod_asig2,pre_cod_asig3,pre_cod_asig4,pre_cod_asig5,pre_cod_asig6,pre_cod_asig7 FROM tblaca009_p_int WHERE pensum='5' AND c_uni_ca='4' AND c_asigna='300112' [1][0] OK
C:[20/08/2013 09:53:00.08][172.16.4.247][1182] SELECT par_cod_asig1,par_cod_asig2,par_cod_asig3 FROM tblaca009_p_int WHERE pensum='5' AND c_uni_ca='4' AND c_asigna='300112' [1][0] OK
C:[20/08/2013 09:53:00.21][172.16.4.247][1312] SELECT horas_lab FROM tblaca008 WHERE c_asigna='300112' AND horas_teoricas > 0 [1][0] OK
C:[20/08/2013 09:53:29.24][190.200.52.52][1138] SELECT pre_cod_asig1,pre_cod_asig2,pre_cod_asig3,pre_cod_asig4,pre_cod_asig5,pre_cod_asig6,pre_cod_asig7 FROM tblaca009_p_int WHERE pensum='5' AND c_uni_ca='3' AND c_asigna='300116' [1][0] OK
C:[20/08/2013 09:53:29.94][190.200.52.52][1182] SELECT par_cod_asig1,par_cod_asig2,par_cod_asig3 FROM tblaca009_p_int WHERE pensum='5' AND c_uni_ca='3' AND c_asigna='300116' [1][0] OK
C:[20/08/2013 09:53:30.09][190.200.52.52][1312] SELECT horas_lab FROM tblaca008 WHERE c_asigna='300116' AND horas_teoricas > 0 [1][0] OK
C:[20/08/2013 09:56:48.84][190.200.52.52][1138] SELECT pre_cod_asig1,pre_cod_asig2,pre_cod_asig3,pre_cod_asig4,pre_cod_asig5,pre_cod_asig6,pre_cod_asig7 FROM tblaca009_p_int WHERE pensum='5' AND c_uni_ca='2' AND c_asigna='300207' [1][0] OK
C:[20/08/2013 09:56:48.84][190.200.52.52][1151] SELECT c_asigna FROM dace004 WHERE exp_e='08-20035782' AND c_asigna='300101' AND status IN ('0','3','B','C') [1][0] OK
C:[20/08/2013 09:56:48.65][190.200.52.52][1182] SELECT par_cod_asig1,par_cod_asig2,par_cod_asig3 FROM tblaca009_p_int WHERE pensum='5' AND c_uni_ca='2' AND c_asigna='300207' [1][0] OK
C:[20/08/2013 09:56:48.78][190.200.52.52][1312] SELECT horas_lab FROM tblaca008 WHERE c_asigna='300207' AND horas_teoricas > 0 [1][0] OK
C:[20/08/2013 09:57:41.53][190.200.52.52][1138] SELECT pre_cod_asig1,pre_cod_asig2,pre_cod_asig3,pre_cod_asig4,pre_cod_asig5,pre_cod_asig6,pre_cod_asig7 FROM tblaca009_p_int WHERE pensum='5' AND c_uni_ca='2' AND c_asigna='300213' [1][0] OK
C:[20/08/2013 09:57:41.53][190.200.52.52][1151] SELECT c_asigna FROM dace004 WHERE exp_e='10-21339661' AND c_asigna='300101' AND status IN ('0','3','B','C') [1][0] OK
C:[20/08/2013 09:57:41.53][190.200.52.52][1138] SELECT pre_cod_asig1,pre_cod_asig2,pre_cod_asig3,pre_cod_asig4,pre_cod_asig5,pre_cod_asig6,pre_cod_asig7 FROM tblaca009_p_int WHERE pensum='5' AND c_uni_ca='2' AND c_asigna='300318' [1][0] OK
C:[20/08/2013 09:57:41.53][190.200.52.52][1151] SELECT c_asigna FROM dace004 WHERE exp_e='10-21339661' AND c_asigna='300228' AND status IN ('0','3','B','C') [1][0] OK
C:[20/08/2013 09:57:41.53][190.200.52.52][1151] SELECT c_asigna FROM dace004 WHERE exp_e='10-21339661' AND c_asigna='300207' AND status IN ('0','3','B','C') [1][0] OK
C:[20/08/2013 09:57:41.53][190.200.52.52][1151] SELECT c_asigna FROM dace004 WHERE exp_e='10-21339661' AND c_asigna='300218' AND status IN ('0','3','B','C') [1][0] OK
C:[20/08/2013 09:57:41.53][190.200.52.52][1138] SELECT pre_cod_asig1,pre_cod_asig2,pre_cod_asig3,pre_cod_asig4,pre_cod_asig5,pre_cod_asig6,pre_cod_asig7 FROM tblaca009_p_int WHERE pensum='5' AND c_uni_ca='2' AND c_asigna='322449' [1][0] OK
C:[20/08/2013 09:57:41.53][190.200.52.52][1151] SELECT c_asigna FROM dace004 WHERE exp_e='10-21339661' AND c_asigna='300222' AND status IN ('0','3','B','C') [1][0] OK
C:[20/08/2013 09:57:41.59][190.200.52.52][1182] SELECT par_cod_asig1,par_cod_asig2,par_cod_asig3 FROM tblaca009_p_int WHERE pensum='5' AND c_uni_ca='2' AND c_asigna='300213' [1][0] OK
C:[20/08/2013 09:57:41.59][190.200.52.52][1182] SELECT par_cod_asig1,par_cod_asig2,par_cod_asig3 FROM tblaca009_p_int WHERE pensum='5' AND c_uni_ca='2' AND c_asigna='300318' [1][0] OK
C:[20/08/2013 09:57:41.59][190.200.52.52][1182] SELECT par_cod_asig1,par_cod_asig2,par_cod_asig3 FROM tblaca009_p_int WHERE pensum='5' AND c_uni_ca='2' AND c_asigna='322449' [1][0] OK
C:[20/08/2013 09:57:41.98][190.200.52.52][1312] SELECT horas_lab FROM tblaca008 WHERE c_asigna='300213' AND horas_teoricas > 0 [1][0] OK
C:[20/08/2013 09:57:41.98][190.200.52.52][1312] SELECT horas_lab FROM tblaca008 WHERE c_asigna='300318' AND horas_teoricas > 0 [1][0] OK
C:[20/08/2013 09:57:41.98][190.200.52.52][1312] SELECT horas_lab FROM tblaca008 WHERE c_asigna='322449' AND horas_teoricas > 0 [1][0] OK
C:[20/08/2013 09:59:07.39][172.16.4.247][1138] SELECT pre_cod_asig1,pre_cod_asig2,pre_cod_asig3,pre_cod_asig4,pre_cod_asig5,pre_cod_asig6,pre_cod_asig7 FROM tblaca009_p_int WHERE pensum='5' AND c_uni_ca='3' AND c_asigna='311673' [1][0] OK
C:[20/08/2013 09:59:07.39][172.16.4.247][1151] SELECT c_asigna FROM dace004 WHERE exp_e='07-19041118' AND c_asigna='311551' AND status IN ('0','3','B','C') [1][0] OK
C:[20/08/2013 09:59:07.39][172.16.4.247][1138] SELECT pre_cod_asig1,pre_cod_asig2,pre_cod_asig3,pre_cod_asig4,pre_cod_asig5,pre_cod_asig6,pre_cod_asig7 FROM tblaca009_p_int WHERE pensum='5' AND c_uni_ca='3' AND c_asigna='311674' [1][0] OK
C:[20/08/2013 09:59:07.39][172.16.4.247][1151] SELECT c_asigna FROM dace004 WHERE exp_e='07-19041118' AND c_asigna='311551' AND status IN ('0','3','B','C') [1][0] OK
C:[20/08/2013 09:59:07.04][172.16.4.247][1182] SELECT par_cod_asig1,par_cod_asig2,par_cod_asig3 FROM tblaca009_p_int WHERE pensum='5' AND c_uni_ca='3' AND c_asigna='311673' [1][0] OK
C:[20/08/2013 09:59:07.04][172.16.4.247][1182] SELECT par_cod_asig1,par_cod_asig2,par_cod_asig3 FROM tblaca009_p_int WHERE pensum='5' AND c_uni_ca='3' AND c_asigna='311674' [1][0] OK
C:[20/08/2013 09:59:07.29][172.16.4.247][1312] SELECT horas_lab FROM tblaca008 WHERE c_asigna='311673' AND horas_teoricas > 0 [1][0] OK
C:[20/08/2013 09:59:07.29][172.16.4.247][1312] SELECT horas_lab FROM tblaca008 WHERE c_asigna='311674' AND horas_teoricas > 0 [1][0] OK
C:[20/08/2013 09:59:08.72][190.200.52.52][1138] SELECT pre_cod_asig1,pre_cod_asig2,pre_cod_asig3,pre_cod_asig4,pre_cod_asig5,pre_cod_asig6,pre_cod_asig7 FROM tblaca009_p_int WHERE pensum='5' AND c_uni_ca='2' AND c_asigna='322605' [1][0] OK
C:[20/08/2013 09:59:08.72][190.200.52.52][1151] SELECT c_asigna FROM dace004 WHERE exp_e='08-19302816' AND c_asigna='322436' AND status IN ('0','3','B','C') [1][0] OK
C:[20/08/2013 09:59:08.72][190.200.52.52][1138] SELECT pre_cod_asig1,pre_cod_asig2,pre_cod_asig3,pre_cod_asig4,pre_cod_asig5,pre_cod_asig6,pre_cod_asig7 FROM tblaca009_p_int WHERE pensum='5' AND c_uni_ca='2' AND c_asigna='322669' [1][0] OK
C:[20/08/2013 09:59:08.72][190.200.52.52][1151] SELECT c_asigna FROM dace004 WHERE exp_e='08-19302816' AND c_asigna='322558' AND status IN ('0','3','B','C') [1][0] OK
C:[20/08/2013 09:59:09.21][190.200.52.52][1182] SELECT par_cod_asig1,par_cod_asig2,par_cod_asig3 FROM tblaca009_p_int WHERE pensum='5' AND c_uni_ca='2' AND c_asigna='322605' [1][0] OK
C:[20/08/2013 09:59:09.21][190.200.52.52][1182] SELECT par_cod_asig1,par_cod_asig2,par_cod_asig3 FROM tblaca009_p_int WHERE pensum='5' AND c_uni_ca='2' AND c_asigna='322669' [1][0] OK
C:[20/08/2013 09:59:09.04][190.200.52.52][1312] SELECT horas_lab FROM tblaca008 WHERE c_asigna='322605' AND horas_teoricas > 0 [1][0] OK
C:[20/08/2013 09:59:09.04][190.200.52.52][1312] SELECT horas_lab FROM tblaca008 WHERE c_asigna='322669' AND horas_teoricas > 0 [1][0] OK
C:[20/08/2013 09:59:22.58][190.200.52.52][1138] SELECT pre_cod_asig1,pre_cod_asig2,pre_cod_asig3,pre_cod_asig4,pre_cod_asig5,pre_cod_asig6,pre_cod_asig7 FROM tblaca009_p_int WHERE pensum='5' AND c_uni_ca='4' AND c_asigna='332604' [1][0] OK
C:[20/08/2013 09:59:22.27][190.200.52.52][1182] SELECT par_cod_asig1,par_cod_asig2,par_cod_asig3 FROM tblaca009_p_int WHERE pensum='5' AND c_uni_ca='4' AND c_asigna='332604' [1][0] OK
C:[20/08/2013 09:59:22.43][190.200.52.52][1312] SELECT horas_lab FROM tblaca008 WHERE c_asigna='332604' AND horas_teoricas > 0 [1][0] OK
C:[20/08/2013 10:00:06.36][190.200.52.52][1138] SELECT pre_cod_asig1,pre_cod_asig2,pre_cod_asig3,pre_cod_asig4,pre_cod_asig5,pre_cod_asig6,pre_cod_asig7 FROM tblaca009_p_int WHERE pensum='5' AND c_uni_ca='2' AND c_asigna='300228' [1][0] OK
C:[20/08/2013 10:00:06.36][190.200.52.52][1151] SELECT c_asigna FROM dace004 WHERE exp_e='12-19332036' AND c_asigna='300101' AND status IN ('0','3','B','C') [1][0] OK
C:[20/08/2013 10:00:06.17][190.200.52.52][1182] SELECT par_cod_asig1,par_cod_asig2,par_cod_asig3 FROM tblaca009_p_int WHERE pensum='5' AND c_uni_ca='2' AND c_asigna='300228' [1][0] OK
C:[20/08/2013 10:00:06.31][190.200.52.52][1312] SELECT horas_lab FROM tblaca008 WHERE c_asigna='300228' AND horas_teoricas > 0 [1][0] OK
C:[20/08/2013 10:00:37.02][190.200.52.52][1138] SELECT pre_cod_asig1,pre_cod_asig2,pre_cod_asig3,pre_cod_asig4,pre_cod_asig5,pre_cod_asig6,pre_cod_asig7 FROM tblaca009_p_int WHERE pensum='5' AND c_uni_ca='4' AND c_asigna='330435' [1][0] OK
C:[20/08/2013 10:00:37.02][190.200.52.52][1138] SELECT pre_cod_asig1,pre_cod_asig2,pre_cod_asig3,pre_cod_asig4,pre_cod_asig5,pre_cod_asig6,pre_cod_asig7 FROM tblaca009_p_int WHERE pensum='5' AND c_uni_ca='4' AND c_asigna='332604' [1][0] OK
C:[20/08/2013 10:00:37.82][190.200.52.52][1182] SELECT par_cod_asig1,par_cod_asig2,par_cod_asig3 FROM tblaca009_p_int WHERE pensum='5' AND c_uni_ca='4' AND c_asigna='330435' [1][0] OK
C:[20/08/2013 10:00:37.82][190.200.52.52][1182] SELECT par_cod_asig1,par_cod_asig2,par_cod_asig3 FROM tblaca009_p_int WHERE pensum='5' AND c_uni_ca='4' AND c_asigna='332604' [1][0] OK
C:[20/08/2013 10:00:37.08][190.200.52.52][1312] SELECT horas_lab FROM tblaca008 WHERE c_asigna='330435' AND horas_teoricas > 0 [1][0] OK
C:[20/08/2013 10:00:37.08][190.200.52.52][1312] SELECT horas_lab FROM tblaca008 WHERE c_asigna='332604' AND horas_teoricas > 0 [1][0] OK
C:[20/08/2013 10:03:06.16][190.200.52.52][1138] SELECT pre_cod_asig1,pre_cod_asig2,pre_cod_asig3,pre_cod_asig4,pre_cod_asig5,pre_cod_asig6,pre_cod_asig7 FROM tblaca009_p_int WHERE pensum='5' AND c_uni_ca='4' AND c_asigna='332604' [1][0] OK
C:[20/08/2013 10:03:06.16][190.200.52.52][1138] SELECT pre_cod_asig1,pre_cod_asig2,pre_cod_asig3,pre_cod_asig4,pre_cod_asig5,pre_cod_asig6,pre_cod_asig7 FROM tblaca009_p_int WHERE pensum='5' AND c_uni_ca='4' AND c_asigna='333639' [1][0] OK
C:[20/08/2013 10:03:06.16][190.200.52.52][1151] SELECT c_asigna FROM dace004 WHERE exp_e='10-21339448' AND c_asigna='333585' AND status IN ('0','3','B','C') [1][0] OK
C:[20/08/2013 10:03:06.10][190.200.52.52][1182] SELECT par_cod_asig1,par_cod_asig2,par_cod_asig3 FROM tblaca009_p_int WHERE pensum='5' AND c_uni_ca='4' AND c_asigna='332604' [1][0] OK
C:[20/08/2013 10:03:06.10][190.200.52.52][1182] SELECT par_cod_asig1,par_cod_asig2,par_cod_asig3 FROM tblaca009_p_int WHERE pensum='5' AND c_uni_ca='4' AND c_asigna='333639' [1][0] OK
C:[20/08/2013 10:03:06.36][190.200.52.52][1312] SELECT horas_lab FROM tblaca008 WHERE c_asigna='332604' AND horas_teoricas > 0 [1][0] OK
C:[20/08/2013 10:03:06.36][190.200.52.52][1312] SELECT horas_lab FROM tblaca008 WHERE c_asigna='333639' AND horas_teoricas > 0 [1][0] OK
C:[20/08/2013 10:03:42.74][190.198.144.168][1138] SELECT pre_cod_asig1,pre_cod_asig2,pre_cod_asig3,pre_cod_asig4,pre_cod_asig5,pre_cod_asig6,pre_cod_asig7 FROM tblaca009_p_int WHERE pensum='5' AND c_uni_ca='4' AND c_asigna='330435' [1][0] OK
C:[20/08/2013 10:03:42.74][190.198.144.168][1138] SELECT pre_cod_asig1,pre_cod_asig2,pre_cod_asig3,pre_cod_asig4,pre_cod_asig5,pre_cod_asig6,pre_cod_asig7 FROM tblaca009_p_int WHERE pensum='5' AND c_uni_ca='4' AND c_asigna='332604' [1][0] OK
C:[20/08/2013 10:03:42.56][190.198.144.168][1182] SELECT par_cod_asig1,par_cod_asig2,par_cod_asig3 FROM tblaca009_p_int WHERE pensum='5' AND c_uni_ca='4' AND c_asigna='330435' [1][0] OK
C:[20/08/2013 10:03:42.56][190.198.144.168][1182] SELECT par_cod_asig1,par_cod_asig2,par_cod_asig3 FROM tblaca009_p_int WHERE pensum='5' AND c_uni_ca='4' AND c_asigna='332604' [1][0] OK
C:[20/08/2013 10:03:42.82][190.198.144.168][1312] SELECT horas_lab FROM tblaca008 WHERE c_asigna='330435' AND horas_teoricas > 0 [1][0] OK
C:[20/08/2013 10:03:42.82][190.198.144.168][1312] SELECT horas_lab FROM tblaca008 WHERE c_asigna='332604' AND horas_teoricas > 0 [1][0] OK
C:[20/08/2013 10:06:03.02][190.36.31.243][1138] SELECT pre_cod_asig1,pre_cod_asig2,pre_cod_asig3,pre_cod_asig4,pre_cod_asig5,pre_cod_asig6,pre_cod_asig7 FROM tblaca009_p_int WHERE pensum='5' AND c_uni_ca='3' AND c_asigna='311796' [1][0] OK
C:[20/08/2013 10:06:03.02][190.36.31.243][1151] SELECT c_asigna FROM dace004 WHERE exp_e='06-19094261' AND c_asigna='315671' AND status IN ('0','3','B','C') [1][0] OK
C:[20/08/2013 10:06:03.02][190.36.31.243][1138] SELECT pre_cod_asig1,pre_cod_asig2,pre_cod_asig3,pre_cod_asig4,pre_cod_asig5,pre_cod_asig6,pre_cod_asig7 FROM tblaca009_p_int WHERE pensum='5' AND c_uni_ca='3' AND c_asigna='311823' [1][0] OK
C:[20/08/2013 10:06:03.02][190.36.31.243][1151] SELECT c_asigna FROM dace004 WHERE exp_e='06-19094261' AND c_asigna='311795' AND status IN ('0','3','B','C') [1][0] OK
C:[20/08/2013 10:06:03.65][190.36.31.243][1182] SELECT par_cod_asig1,par_cod_asig2,par_cod_asig3 FROM tblaca009_p_int WHERE pensum='5' AND c_uni_ca='3' AND c_asigna='311796' [1][0] OK
C:[20/08/2013 10:06:03.65][190.36.31.243][1182] SELECT par_cod_asig1,par_cod_asig2,par_cod_asig3 FROM tblaca009_p_int WHERE pensum='5' AND c_uni_ca='3' AND c_asigna='311823' [1][0] OK
C:[20/08/2013 10:06:03.90][190.36.31.243][1312] SELECT horas_lab FROM tblaca008 WHERE c_asigna='311796' AND horas_teoricas > 0 [1][0] OK
C:[20/08/2013 10:06:03.90][190.36.31.243][1312] SELECT horas_lab FROM tblaca008 WHERE c_asigna='311823' AND horas_teoricas > 0 [1][0] OK
C:[20/08/2013 10:08:39.56][200.109.203.94][1138] SELECT pre_cod_asig1,pre_cod_asig2,pre_cod_asig3,pre_cod_asig4,pre_cod_asig5,pre_cod_asig6,pre_cod_asig7 FROM tblaca009_p_int WHERE pensum='5' AND c_uni_ca='3' AND c_asigna='300213' [1][0] OK
C:[20/08/2013 10:08:39.56][200.109.203.94][1151] SELECT c_asigna FROM dace004 WHERE exp_e='08-21175260' AND c_asigna='300101' AND status IN ('0','3','B','C') [1][0] OK
C:[20/08/2013 10:08:39.93][200.109.203.94][1182] SELECT par_cod_asig1,par_cod_asig2,par_cod_asig3 FROM tblaca009_p_int WHERE pensum='5' AND c_uni_ca='3' AND c_asigna='300213' [1][0] OK
C:[20/08/2013 10:08:39.07][200.109.203.94][1312] SELECT horas_lab FROM tblaca008 WHERE c_asigna='300213' AND horas_teoricas > 0 [1][0] OK
C:[20/08/2013 10:10:30.23][190.199.71.100][1138] SELECT pre_cod_asig1,pre_cod_asig2,pre_cod_asig3,pre_cod_asig4,pre_cod_asig5,pre_cod_asig6,pre_cod_asig7 FROM tblaca009_p_int WHERE pensum='5' AND c_uni_ca='3' AND c_asigna='300313' [1][0] OK
C:[20/08/2013 10:10:30.23][190.199.71.100][1151] SELECT c_asigna FROM dace004 WHERE exp_e='09-19420923' AND c_asigna='300213' AND status IN ('0','3','B','C') [1][0] OK
C:[20/08/2013 10:10:31.60][190.199.71.100][1182] SELECT par_cod_asig1,par_cod_asig2,par_cod_asig3 FROM tblaca009_p_int WHERE pensum='5' AND c_uni_ca='3' AND c_asigna='300313' [1][0] OK
C:[20/08/2013 10:10:31.75][190.199.71.100][1312] SELECT horas_lab FROM tblaca008 WHERE c_asigna='300313' AND horas_teoricas > 0 [1][0] OK
C:[20/08/2013 10:12:36.36][190.200.52.52][1138] SELECT pre_cod_asig1,pre_cod_asig2,pre_cod_asig3,pre_cod_asig4,pre_cod_asig5,pre_cod_asig6,pre_cod_asig7 FROM tblaca009_p_int WHERE pensum='5' AND c_uni_ca='4' AND c_asigna='330435' [1][0] OK
C:[20/08/2013 10:12:36.36][190.200.52.52][1138] SELECT pre_cod_asig1,pre_cod_asig2,pre_cod_asig3,pre_cod_asig4,pre_cod_asig5,pre_cod_asig6,pre_cod_asig7 FROM tblaca009_p_int WHERE pensum='5' AND c_uni_ca='4' AND c_asigna='332604' [1][0] OK
C:[20/08/2013 10:12:37.75][190.200.52.52][1182] SELECT par_cod_asig1,par_cod_asig2,par_cod_asig3 FROM tblaca009_p_int WHERE pensum='5' AND c_uni_ca='4' AND c_asigna='330435' [1][0] OK
C:[20/08/2013 10:12:37.75][190.200.52.52][1182] SELECT par_cod_asig1,par_cod_asig2,par_cod_asig3 FROM tblaca009_p_int WHERE pensum='5' AND c_uni_ca='4' AND c_asigna='332604' [1][0] OK
C:[20/08/2013 10:12:37.00][190.200.52.52][1312] SELECT horas_lab FROM tblaca008 WHERE c_asigna='330435' AND horas_teoricas > 0 [1][0] OK
C:[20/08/2013 10:12:37.00][190.200.52.52][1312] SELECT horas_lab FROM tblaca008 WHERE c_asigna='332604' AND horas_teoricas > 0 [1][0] OK
C:[20/08/2013 10:16:55.62][190.200.52.52][1138] SELECT pre_cod_asig1,pre_cod_asig2,pre_cod_asig3,pre_cod_asig4,pre_cod_asig5,pre_cod_asig6,pre_cod_asig7 FROM tblaca009_p_int WHERE pensum='5' AND c_uni_ca='6' AND c_asigna='344687' [1][0] OK
C:[20/08/2013 10:16:55.62][190.200.52.52][1151] SELECT c_asigna FROM dace004 WHERE exp_e='06-18666807' AND c_asigna='344565' AND status IN ('0','3','B','C') [1][0] OK
C:[20/08/2013 10:16:55.62][190.200.52.52][1138] SELECT pre_cod_asig1,pre_cod_asig2,pre_cod_asig3,pre_cod_asig4,pre_cod_asig5,pre_cod_asig6,pre_cod_asig7 FROM tblaca009_p_int WHERE pensum='5' AND c_uni_ca='6' AND c_asigna='344688' [1][0] OK
C:[20/08/2013 10:16:55.62][190.200.52.52][1151] SELECT c_asigna FROM dace004 WHERE exp_e='06-18666807' AND c_asigna='344565' AND status IN ('0','3','B','C') [1][0] OK
C:[20/08/2013 10:16:55.24][190.200.52.52][1182] SELECT par_cod_asig1,par_cod_asig2,par_cod_asig3 FROM tblaca009_p_int WHERE pensum='5' AND c_uni_ca='6' AND c_asigna='344687' [1][0] OK
C:[20/08/2013 10:16:55.24][190.200.52.52][1182] SELECT par_cod_asig1,par_cod_asig2,par_cod_asig3 FROM tblaca009_p_int WHERE pensum='5' AND c_uni_ca='6' AND c_asigna='344688' [1][0] OK
C:[20/08/2013 10:16:56.51][190.200.52.52][1312] SELECT horas_lab FROM tblaca008 WHERE c_asigna='344687' AND horas_teoricas > 0 [1][0] OK
C:[20/08/2013 10:16:56.51][190.200.52.52][1312] SELECT horas_lab FROM tblaca008 WHERE c_asigna='344688' AND horas_teoricas > 0 [1][0] OK
C:[20/08/2013 10:21:49.69][190.200.52.52][1138] SELECT pre_cod_asig1,pre_cod_asig2,pre_cod_asig3,pre_cod_asig4,pre_cod_asig5,pre_cod_asig6,pre_cod_asig7 FROM tblaca009_p_int WHERE pensum='5' AND c_uni_ca='6' AND c_asigna='344688' [1][0] OK
C:[20/08/2013 10:21:49.69][190.200.52.52][1151] SELECT c_asigna FROM dace004 WHERE exp_e='07-20504156' AND c_asigna='344565' AND status IN ('0','3','B','C') [1][0] OK
C:[20/08/2013 10:21:49.69][190.200.52.52][1138] SELECT pre_cod_asig1,pre_cod_asig2,pre_cod_asig3,pre_cod_asig4,pre_cod_asig5,pre_cod_asig6,pre_cod_asig7 FROM tblaca009_p_int WHERE pensum='5' AND c_uni_ca='6' AND c_asigna='344733' [1][0] OK
C:[20/08/2013 10:21:49.19][190.200.52.52][1182] SELECT par_cod_asig1,par_cod_asig2,par_cod_asig3 FROM tblaca009_p_int WHERE pensum='5' AND c_uni_ca='6' AND c_asigna='344688' [1][0] OK
C:[20/08/2013 10:21:49.19][190.200.52.52][1182] SELECT par_cod_asig1,par_cod_asig2,par_cod_asig3 FROM tblaca009_p_int WHERE pensum='5' AND c_uni_ca='6' AND c_asigna='344733' [1][0] OK
C:[20/08/2013 10:21:49.47][190.200.52.52][1312] SELECT horas_lab FROM tblaca008 WHERE c_asigna='344688' AND horas_teoricas > 0 [1][0] OK
C:[20/08/2013 10:21:49.47][190.200.52.52][1312] SELECT horas_lab FROM tblaca008 WHERE c_asigna='344733' AND horas_teoricas > 0 [1][0] OK
C:[20/08/2013 10:23:34.87][190.200.52.52][1138] SELECT pre_cod_asig1,pre_cod_asig2,pre_cod_asig3,pre_cod_asig4,pre_cod_asig5,pre_cod_asig6,pre_cod_asig7 FROM tblaca009_p_int WHERE pensum='5' AND c_uni_ca='6' AND c_asigna='344715' [1][0] OK
C:[20/08/2013 10:23:34.87][190.200.52.52][1151] SELECT c_asigna FROM dace004 WHERE exp_e='07-19657063' AND c_asigna='344688' AND status IN ('0','3','B','C') [1][0] OK
C:[20/08/2013 10:23:34.87][190.200.52.52][1151] SELECT c_asigna FROM dace004 WHERE exp_e='07-19657063' AND c_asigna='344613' AND status IN ('0','3','B','C') [1][0] OK
C:[20/08/2013 10:23:34.87][190.200.52.52][1138] SELECT pre_cod_asig1,pre_cod_asig2,pre_cod_asig3,pre_cod_asig4,pre_cod_asig5,pre_cod_asig6,pre_cod_asig7 FROM tblaca009_p_int WHERE pensum='5' AND c_uni_ca='6' AND c_asigna='344733' [1][0] OK
C:[20/08/2013 10:23:34.49][190.200.52.52][1182] SELECT par_cod_asig1,par_cod_asig2,par_cod_asig3 FROM tblaca009_p_int WHERE pensum='5' AND c_uni_ca='6' AND c_asigna='344715' [1][0] OK
C:[20/08/2013 10:23:34.49][190.200.52.52][1182] SELECT par_cod_asig1,par_cod_asig2,par_cod_asig3 FROM tblaca009_p_int WHERE pensum='5' AND c_uni_ca='6' AND c_asigna='344733' [1][0] OK
C:[20/08/2013 10:23:34.75][190.200.52.52][1312] SELECT horas_lab FROM tblaca008 WHERE c_asigna='344715' AND horas_teoricas > 0 [1][0] OK
C:[20/08/2013 10:23:34.75][190.200.52.52][1312] SELECT horas_lab FROM tblaca008 WHERE c_asigna='344733' AND horas_teoricas > 0 [1][0] OK
C:[20/08/2013 10:26:44.43][190.206.253.34][1138] SELECT pre_cod_asig1,pre_cod_asig2,pre_cod_asig3,pre_cod_asig4,pre_cod_asig5,pre_cod_asig6,pre_cod_asig7 FROM tblaca009_p_int WHERE pensum='5' AND c_uni_ca='3' AND c_asigna='311823' [1][0] OK
C:[20/08/2013 10:26:44.43][190.206.253.34][1151] SELECT c_asigna FROM dace004 WHERE exp_e='02-16485278' AND c_asigna='311795' AND status IN ('0','3','B','C') [1][0] OK
C:[20/08/2013 10:26:44.81][190.206.253.34][1182] SELECT par_cod_asig1,par_cod_asig2,par_cod_asig3 FROM tblaca009_p_int WHERE pensum='5' AND c_uni_ca='3' AND c_asigna='311823' [1][0] OK
C:[20/08/2013 10:26:44.96][190.206.253.34][1312] SELECT horas_lab FROM tblaca008 WHERE c_asigna='311823' AND horas_teoricas > 0 [1][0] OK
C:[20/08/2013 10:29:18.80][190.76.34.198][1138] SELECT pre_cod_asig1,pre_cod_asig2,pre_cod_asig3,pre_cod_asig4,pre_cod_asig5,pre_cod_asig6,pre_cod_asig7 FROM tblaca009_p_int WHERE pensum='5' AND c_uni_ca='4' AND c_asigna='333563' [1][0] OK
C:[20/08/2013 10:29:18.80][190.76.34.198][1151] SELECT c_asigna FROM dace004 WHERE exp_e='09-19622416' AND c_asigna='333440' AND status IN ('0','3','B','C') [1][0] OK
C:[20/08/2013 10:29:18.80][190.76.34.198][1151] SELECT c_asigna FROM dace004 WHERE exp_e='09-19622416' AND c_asigna='333442' AND status IN ('0','3','B','C') [1][0] OK
C:[20/08/2013 10:29:18.80][190.76.34.198][1138] SELECT pre_cod_asig1,pre_cod_asig2,pre_cod_asig3,pre_cod_asig4,pre_cod_asig5,pre_cod_asig6,pre_cod_asig7 FROM tblaca009_p_int WHERE pensum='5' AND c_uni_ca='4' AND c_asigna='332604' [1][0] OK
C:[20/08/2013 10:29:18.43][190.76.34.198][1182] SELECT par_cod_asig1,par_cod_asig2,par_cod_asig3 FROM tblaca009_p_int WHERE pensum='5' AND c_uni_ca='4' AND c_asigna='333563' [1][0] OK
C:[20/08/2013 10:29:18.43][190.76.34.198][1182] SELECT par_cod_asig1,par_cod_asig2,par_cod_asig3 FROM tblaca009_p_int WHERE pensum='5' AND c_uni_ca='4' AND c_asigna='332604' [1][0] OK
C:[20/08/2013 10:29:18.69][190.76.34.198][1312] SELECT horas_lab FROM tblaca008 WHERE c_asigna='333563' AND horas_teoricas > 0 [1][0] OK
C:[20/08/2013 10:29:18.69][190.76.34.198][1312] SELECT horas_lab FROM tblaca008 WHERE c_asigna='332604' AND horas_teoricas > 0 [1][0] OK
C:[20/08/2013 10:29:39.11][190.94.239.95][1138] SELECT pre_cod_asig1,pre_cod_asig2,pre_cod_asig3,pre_cod_asig4,pre_cod_asig5,pre_cod_asig6,pre_cod_asig7 FROM tblaca009_p_int WHERE pensum='5' AND c_uni_ca='4' AND c_asigna='300222' [1][0] OK
C:[20/08/2013 10:29:39.11][190.94.239.95][1151] SELECT c_asigna FROM dace004 WHERE exp_e='12-23498236' AND c_asigna='300112' AND status IN ('0','3','B','C') [1][0] OK
C:[20/08/2013 10:29:39.49][190.94.239.95][1182] SELECT par_cod_asig1,par_cod_asig2,par_cod_asig3 FROM tblaca009_p_int WHERE pensum='5' AND c_uni_ca='4' AND c_asigna='300222' [1][0] OK
C:[20/08/2013 10:29:39.62][190.94.239.95][1312] SELECT horas_lab FROM tblaca008 WHERE c_asigna='300222' AND horas_teoricas > 0 [1][0] OK
C:[20/08/2013 10:32:40.44][190.202.116.19][1138] SELECT pre_cod_asig1,pre_cod_asig2,pre_cod_asig3,pre_cod_asig4,pre_cod_asig5,pre_cod_asig6,pre_cod_asig7 FROM tblaca009_p_int WHERE pensum='5' AND c_uni_ca='2' AND c_asigna='322041' [1][0] OK
C:[20/08/2013 10:32:40.69][190.202.116.19][1182] SELECT par_cod_asig1,par_cod_asig2,par_cod_asig3 FROM tblaca009_p_int WHERE pensum='5' AND c_uni_ca='2' AND c_asigna='322041' [1][0] OK
C:[20/08/2013 10:32:40.82][190.202.116.19][1312] SELECT horas_lab FROM tblaca008 WHERE c_asigna='322041' AND horas_teoricas > 0 [1][0] OK
C:[20/08/2013 10:34:14.34][190.200.52.52][1138] SELECT pre_cod_asig1,pre_cod_asig2,pre_cod_asig3,pre_cod_asig4,pre_cod_asig5,pre_cod_asig6,pre_cod_asig7 FROM tblaca009_p_int WHERE pensum='5' AND c_uni_ca='6' AND c_asigna='300226' [1][0] OK
C:[20/08/2013 10:34:14.34][190.200.52.52][1151] SELECT c_asigna FROM dace004 WHERE exp_e='05-18885069' AND c_asigna='300116' AND status IN ('0','3','B','C') [1][0] OK
C:[20/08/2013 10:34:14.72][190.200.52.52][1182] SELECT par_cod_asig1,par_cod_asig2,par_cod_asig3 FROM tblaca009_p_int WHERE pensum='5' AND c_uni_ca='6' AND c_asigna='300226' [1][0] OK
C:[20/08/2013 10:34:14.85][190.200.52.52][1312] SELECT horas_lab FROM tblaca008 WHERE c_asigna='300226' AND horas_teoricas > 0 [1][0] OK
C:[20/08/2013 10:40:29.60][190.200.18.89][1138] SELECT pre_cod_asig1,pre_cod_asig2,pre_cod_asig3,pre_cod_asig4,pre_cod_asig5,pre_cod_asig6,pre_cod_asig7 FROM tblaca009_p_int WHERE pensum='5' AND c_uni_ca='4' AND c_asigna='334781' [1][0] OK
C:[20/08/2013 10:40:29.60][190.200.18.89][1151] SELECT c_asigna FROM dace004 WHERE exp_e='07-14726722' AND c_asigna='333444' AND status IN ('0','3','B','C') [1][0] OK
C:[20/08/2013 10:40:29.60][190.200.18.89][1138] SELECT pre_cod_asig1,pre_cod_asig2,pre_cod_asig3,pre_cod_asig4,pre_cod_asig5,pre_cod_asig6,pre_cod_asig7 FROM tblaca009_p_int WHERE pensum='5' AND c_uni_ca='4' AND c_asigna='300870' [1][0] OK
C:[20/08/2013 10:40:29.10][190.200.18.89][1182] SELECT par_cod_asig1,par_cod_asig2,par_cod_asig3 FROM tblaca009_p_int WHERE pensum='5' AND c_uni_ca='4' AND c_asigna='334781' [1][0] OK
C:[20/08/2013 10:40:29.10][190.200.18.89][1182] SELECT par_cod_asig1,par_cod_asig2,par_cod_asig3 FROM tblaca009_p_int WHERE pensum='5' AND c_uni_ca='4' AND c_asigna='300870' [1][0] OK
C:[20/08/2013 10:40:29.37][190.200.18.89][1312] SELECT horas_lab FROM tblaca008 WHERE c_asigna='334781' AND horas_teoricas > 0 [1][0] OK
C:[20/08/2013 10:40:29.37][190.200.18.89][1312] SELECT horas_lab FROM tblaca008 WHERE c_asigna='300870' AND horas_teoricas > 0 [1][0] OK
C:[20/08/2013 10:43:08.01][190.200.18.89][1138] SELECT pre_cod_asig1,pre_cod_asig2,pre_cod_asig3,pre_cod_asig4,pre_cod_asig5,pre_cod_asig6,pre_cod_asig7 FROM tblaca009_p_int WHERE pensum='5' AND c_uni_ca='4' AND c_asigna='334781' [1][0] OK
C:[20/08/2013 10:43:08.01][190.200.18.89][1151] SELECT c_asigna FROM dace004 WHERE exp_e='07-14726722' AND c_asigna='333444' AND status IN ('0','3','B','C') [1][0] OK
C:[20/08/2013 10:43:08.01][190.200.18.89][1138] SELECT pre_cod_asig1,pre_cod_asig2,pre_cod_asig3,pre_cod_asig4,pre_cod_asig5,pre_cod_asig6,pre_cod_asig7 FROM tblaca009_p_int WHERE pensum='5' AND c_uni_ca='4' AND c_asigna='300870' [1][0] OK
C:[20/08/2013 10:43:08.52][190.200.18.89][1182] SELECT par_cod_asig1,par_cod_asig2,par_cod_asig3 FROM tblaca009_p_int WHERE pensum='5' AND c_uni_ca='4' AND c_asigna='334781' [1][0] OK
C:[20/08/2013 10:43:08.52][190.200.18.89][1182] SELECT par_cod_asig1,par_cod_asig2,par_cod_asig3 FROM tblaca009_p_int WHERE pensum='5' AND c_uni_ca='4' AND c_asigna='300870' [1][0] OK
C:[20/08/2013 10:43:08.78][190.200.18.89][1312] SELECT horas_lab FROM tblaca008 WHERE c_asigna='334781' AND horas_teoricas > 0 [1][0] OK
C:[20/08/2013 10:43:08.78][190.200.18.89][1312] SELECT horas_lab FROM tblaca008 WHERE c_asigna='300870' AND horas_teoricas > 0 [1][0] OK
C:[20/08/2013 10:46:08.16][190.200.52.52][1138] SELECT pre_cod_asig1,pre_cod_asig2,pre_cod_asig3,pre_cod_asig4,pre_cod_asig5,pre_cod_asig6,pre_cod_asig7 FROM tblaca009_p_int WHERE pensum='5' AND c_uni_ca='5' AND c_asigna='300318' [1][0] OK
C:[20/08/2013 10:46:08.16][190.200.52.52][1151] SELECT c_asigna FROM dace004 WHERE exp_e='09-20703727' AND c_asigna='300228' AND status IN ('0','3','B','C') [1][0] OK
C:[20/08/2013 10:46:08.16][190.200.52.52][1151] SELECT c_asigna FROM dace004 WHERE exp_e='09-20703727' AND c_asigna='300207' AND status IN ('0','3','B','C') [1][0] OK
C:[20/08/2013 10:46:08.16][190.200.52.52][1151] SELECT c_asigna FROM dace004 WHERE exp_e='09-20703727' AND c_asigna='300218' AND status IN ('0','3','B','C') [1][0] OK
C:[20/08/2013 10:46:08.16][190.200.52.52][1138] SELECT pre_cod_asig1,pre_cod_asig2,pre_cod_asig3,pre_cod_asig4,pre_cod_asig5,pre_cod_asig6,pre_cod_asig7 FROM tblaca009_p_int WHERE pensum='5' AND c_uni_ca='5' AND c_asigna='351330' [1][0] OK
C:[20/08/2013 10:46:08.16][190.200.52.52][1151] SELECT c_asigna FROM dace004 WHERE exp_e='09-20703727' AND c_asigna='300218' AND status IN ('0','3','B','C') [1][0] OK
C:[20/08/2013 10:46:08.04][190.200.52.52][1182] SELECT par_cod_asig1,par_cod_asig2,par_cod_asig3 FROM tblaca009_p_int WHERE pensum='5' AND c_uni_ca='5' AND c_asigna='300318' [1][0] OK
C:[20/08/2013 10:46:08.04][190.200.52.52][1182] SELECT par_cod_asig1,par_cod_asig2,par_cod_asig3 FROM tblaca009_p_int WHERE pensum='5' AND c_uni_ca='5' AND c_asigna='351330' [1][0] OK
C:[20/08/2013 10:46:08.04][190.200.52.52][1196] SELECT c_asigna FROM dace004 WHERE exp_e='09-20703727' AND c_asigna='300317' AND status IN ('0','3','B','C') [1][0] OK
C:[20/08/2013 10:46:08.43][190.200.52.52][1312] SELECT horas_lab FROM tblaca008 WHERE c_asigna='300318' AND horas_teoricas > 0 [1][0] OK
C:[20/08/2013 10:46:08.43][190.200.52.52][1312] SELECT horas_lab FROM tblaca008 WHERE c_asigna='351330' AND horas_teoricas > 0 [1][0] OK
C:[20/08/2013 10:50:34.92][190.73.224.57][1138] SELECT pre_cod_asig1,pre_cod_asig2,pre_cod_asig3,pre_cod_asig4,pre_cod_asig5,pre_cod_asig6,pre_cod_asig7 FROM tblaca009_p_int WHERE pensum='5' AND c_uni_ca='2' AND c_asigna='300313' [1][0] OK
C:[20/08/2013 10:50:34.92][190.73.224.57][1151] SELECT c_asigna FROM dace004 WHERE exp_e='08-20286696' AND c_asigna='300213' AND status IN ('0','3','B','C') [1][0] OK
C:[20/08/2013 10:50:34.92][190.73.224.57][1138] SELECT pre_cod_asig1,pre_cod_asig2,pre_cod_asig3,pre_cod_asig4,pre_cod_asig5,pre_cod_asig6,pre_cod_asig7 FROM tblaca009_p_int WHERE pensum='5' AND c_uni_ca='2' AND c_asigna='322550' [1][0] OK
C:[20/08/2013 10:50:34.92][190.73.224.57][1151] SELECT c_asigna FROM dace004 WHERE exp_e='08-20286696' AND c_asigna='322433' AND status IN ('0','3','B','C') [1][0] OK
C:[20/08/2013 10:50:34.92][190.73.224.57][1138] SELECT pre_cod_asig1,pre_cod_asig2,pre_cod_asig3,pre_cod_asig4,pre_cod_asig5,pre_cod_asig6,pre_cod_asig7 FROM tblaca009_p_int WHERE pensum='5' AND c_uni_ca='2' AND c_asigna='322702' [1][0] OK
C:[20/08/2013 10:50:34.92][190.73.224.57][1151] SELECT c_asigna FROM dace004 WHERE exp_e='08-20286696' AND c_asigna='322683' AND status IN ('0','3','B','C') [1][0] OK
C:[20/08/2013 10:50:35.80][190.73.224.57][1182] SELECT par_cod_asig1,par_cod_asig2,par_cod_asig3 FROM tblaca009_p_int WHERE pensum='5' AND c_uni_ca='2' AND c_asigna='300313' [1][0] OK
C:[20/08/2013 10:50:35.80][190.73.224.57][1182] SELECT par_cod_asig1,par_cod_asig2,par_cod_asig3 FROM tblaca009_p_int WHERE pensum='5' AND c_uni_ca='2' AND c_asigna='322550' [1][0] OK
C:[20/08/2013 10:50:35.80][190.73.224.57][1182] SELECT par_cod_asig1,par_cod_asig2,par_cod_asig3 FROM tblaca009_p_int WHERE pensum='5' AND c_uni_ca='2' AND c_asigna='322702' [1][0] OK
C:[20/08/2013 10:50:35.17][190.73.224.57][1312] SELECT horas_lab FROM tblaca008 WHERE c_asigna='300313' AND horas_teoricas > 0 [1][0] OK
C:[20/08/2013 10:50:35.17][190.73.224.57][1312] SELECT horas_lab FROM tblaca008 WHERE c_asigna='322550' AND horas_teoricas > 0 [1][0] OK
C:[20/08/2013 10:50:35.17][190.73.224.57][1312] SELECT horas_lab FROM tblaca008 WHERE c_asigna='322702' AND horas_teoricas > 0 [1][0] OK
C:[20/08/2013 10:50:50.14][190.37.173.203][1138] SELECT pre_cod_asig1,pre_cod_asig2,pre_cod_asig3,pre_cod_asig4,pre_cod_asig5,pre_cod_asig6,pre_cod_asig7 FROM tblaca009_p_int WHERE pensum='5' AND c_uni_ca='2' AND c_asigna='300213' [1][0] OK
C:[20/08/2013 10:50:50.14][190.37.173.203][1151] SELECT c_asigna FROM dace004 WHERE exp_e='10-22969102' AND c_asigna='300101' AND status IN ('0','3','B','C') [1][0] OK
C:[20/08/2013 10:50:50.14][190.37.173.203][1138] SELECT pre_cod_asig1,pre_cod_asig2,pre_cod_asig3,pre_cod_asig4,pre_cod_asig5,pre_cod_asig6,pre_cod_asig7 FROM tblaca009_p_int WHERE pensum='5' AND c_uni_ca='2' AND c_asigna='320323' [1][0] OK
C:[20/08/2013 10:50:50.14][190.37.173.203][1151] SELECT c_asigna FROM dace004 WHERE exp_e='10-22969102' AND c_asigna='300228' AND status IN ('0','3','B','C') [1][0] OK
C:[20/08/2013 10:50:50.14][190.37.173.203][1151] SELECT c_asigna FROM dace004 WHERE exp_e='10-22969102' AND c_asigna='300218' AND status IN ('0','3','B','C') [1][0] OK
C:[20/08/2013 10:50:50.14][190.37.173.203][1138] SELECT pre_cod_asig1,pre_cod_asig2,pre_cod_asig3,pre_cod_asig4,pre_cod_asig5,pre_cod_asig6,pre_cod_asig7 FROM tblaca009_p_int WHERE pensum='5' AND c_uni_ca='2' AND c_asigna='322436' [1][0] OK
C:[20/08/2013 10:50:50.14][190.37.173.203][1151] SELECT c_asigna FROM dace004 WHERE exp_e='10-22969102' AND c_asigna='320311' AND status IN ('0','3','B','C') [1][0] OK
C:[20/08/2013 10:50:50.14][190.37.173.203][1182] SELECT par_cod_asig1,par_cod_asig2,par_cod_asig3 FROM tblaca009_p_int WHERE pensum='5' AND c_uni_ca='2' AND c_asigna='300213' [1][0] OK
C:[20/08/2013 10:50:50.14][190.37.173.203][1182] SELECT par_cod_asig1,par_cod_asig2,par_cod_asig3 FROM tblaca009_p_int WHERE pensum='5' AND c_uni_ca='2' AND c_asigna='320323' [1][0] OK
C:[20/08/2013 10:50:50.14][190.37.173.203][1182] SELECT par_cod_asig1,par_cod_asig2,par_cod_asig3 FROM tblaca009_p_int WHERE pensum='5' AND c_uni_ca='2' AND c_asigna='322436' [1][0] OK
C:[20/08/2013 10:50:51.54][190.37.173.203][1312] SELECT horas_lab FROM tblaca008 WHERE c_asigna='300213' AND horas_teoricas > 0 [1][0] OK
C:[20/08/2013 10:50:51.54][190.37.173.203][1312] SELECT horas_lab FROM tblaca008 WHERE c_asigna='320323' AND horas_teoricas > 0 [1][0] OK
C:[20/08/2013 10:50:51.54][190.37.173.203][1312] SELECT horas_lab FROM tblaca008 WHERE c_asigna='322436' AND horas_teoricas > 0 [1][0] OK
C:[20/08/2013 10:51:35.70][190.200.52.52][1138] SELECT pre_cod_asig1,pre_cod_asig2,pre_cod_asig3,pre_cod_asig4,pre_cod_asig5,pre_cod_asig6,pre_cod_asig7 FROM tblaca009_p_int WHERE pensum='5' AND c_uni_ca='3' AND c_asigna='300101' [1][0] OK
C:[20/08/2013 10:51:35.70][190.200.52.52][1138] SELECT pre_cod_asig1,pre_cod_asig2,pre_cod_asig3,pre_cod_asig4,pre_cod_asig5,pre_cod_asig6,pre_cod_asig7 FROM tblaca009_p_int WHERE pensum='5' AND c_uni_ca='3' AND c_asigna='300116' [1][0] OK
C:[20/08/2013 10:51:35.08][190.200.52.52][1182] SELECT par_cod_asig1,par_cod_asig2,par_cod_asig3 FROM tblaca009_p_int WHERE pensum='5' AND c_uni_ca='3' AND c_asigna='300101' [1][0] OK
C:[20/08/2013 10:51:35.08][190.200.52.52][1182] SELECT par_cod_asig1,par_cod_asig2,par_cod_asig3 FROM tblaca009_p_int WHERE pensum='5' AND c_uni_ca='3' AND c_asigna='300116' [1][0] OK
C:[20/08/2013 10:51:35.34][190.200.52.52][1312] SELECT horas_lab FROM tblaca008 WHERE c_asigna='300101' AND horas_teoricas > 0 [1][0] OK
C:[20/08/2013 10:51:35.34][190.200.52.52][1312] SELECT horas_lab FROM tblaca008 WHERE c_asigna='300116' AND horas_teoricas > 0 [1][0] OK
C:[20/08/2013 10:52:31.60][186.89.149.163][1138] SELECT pre_cod_asig1,pre_cod_asig2,pre_cod_asig3,pre_cod_asig4,pre_cod_asig5,pre_cod_asig6,pre_cod_asig7 FROM tblaca009_p_int WHERE pensum='5' AND c_uni_ca='4' AND c_asigna='333809' [1][0] OK
C:[20/08/2013 10:52:31.60][186.89.149.163][1151] SELECT c_asigna FROM dace004 WHERE exp_e='08-20805352' AND c_asigna='333683' AND status IN ('0','3','B','C') [1][0] OK
C:[20/08/2013 10:52:31.60][186.89.149.163][1151] SELECT c_asigna FROM dace004 WHERE exp_e='08-20805352' AND c_asigna='333710' AND status IN ('0','3','B','C') [1][0] OK
C:[20/08/2013 10:52:31.60][186.89.149.163][1138] SELECT pre_cod_asig1,pre_cod_asig2,pre_cod_asig3,pre_cod_asig4,pre_cod_asig5,pre_cod_asig6,pre_cod_asig7 FROM tblaca009_p_int WHERE pensum='5' AND c_uni_ca='4' AND c_asigna='300890' [1][0] OK
C:[20/08/2013 10:52:31.23][186.89.149.163][1182] SELECT par_cod_asig1,par_cod_asig2,par_cod_asig3 FROM tblaca009_p_int WHERE pensum='5' AND c_uni_ca='4' AND c_asigna='333809' [1][0] OK
C:[20/08/2013 10:52:31.23][186.89.149.163][1182] SELECT par_cod_asig1,par_cod_asig2,par_cod_asig3 FROM tblaca009_p_int WHERE pensum='5' AND c_uni_ca='4' AND c_asigna='300890' [1][0] OK
C:[20/08/2013 10:52:31.50][186.89.149.163][1312] SELECT horas_lab FROM tblaca008 WHERE c_asigna='333809' AND horas_teoricas > 0 [1][0] OK
C:[20/08/2013 10:52:31.50][186.89.149.163][1312] SELECT horas_lab FROM tblaca008 WHERE c_asigna='300890' AND horas_teoricas > 0 [1][0] OK
C:[20/08/2013 10:53:35.52][190.200.52.52][1138] SELECT pre_cod_asig1,pre_cod_asig2,pre_cod_asig3,pre_cod_asig4,pre_cod_asig5,pre_cod_asig6,pre_cod_asig7 FROM tblaca009_p_int WHERE pensum='5' AND c_uni_ca='5' AND c_asigna='300318' [1][0] OK
C:[20/08/2013 10:53:35.52][190.200.52.52][1151] SELECT c_asigna FROM dace004 WHERE exp_e='09-20703727' AND c_asigna='300228' AND status IN ('0','3','B','C') [1][0] OK
C:[20/08/2013 10:53:35.52][190.200.52.52][1151] SELECT c_asigna FROM dace004 WHERE exp_e='09-20703727' AND c_asigna='300207' AND status IN ('0','3','B','C') [1][0] OK
C:[20/08/2013 10:53:35.52][190.200.52.52][1151] SELECT c_asigna FROM dace004 WHERE exp_e='09-20703727' AND c_asigna='300218' AND status IN ('0','3','B','C') [1][0] OK
C:[20/08/2013 10:53:35.52][190.200.52.52][1138] SELECT pre_cod_asig1,pre_cod_asig2,pre_cod_asig3,pre_cod_asig4,pre_cod_asig5,pre_cod_asig6,pre_cod_asig7 FROM tblaca009_p_int WHERE pensum='5' AND c_uni_ca='5' AND c_asigna='351330' [1][0] OK
C:[20/08/2013 10:53:35.52][190.200.52.52][1151] SELECT c_asigna FROM dace004 WHERE exp_e='09-20703727' AND c_asigna='300218' AND status IN ('0','3','B','C') [1][0] OK
C:[20/08/2013 10:53:35.40][190.200.52.52][1182] SELECT par_cod_asig1,par_cod_asig2,par_cod_asig3 FROM tblaca009_p_int WHERE pensum='5' AND c_uni_ca='5' AND c_asigna='300318' [1][0] OK
C:[20/08/2013 10:53:35.40][190.200.52.52][1182] SELECT par_cod_asig1,par_cod_asig2,par_cod_asig3 FROM tblaca009_p_int WHERE pensum='5' AND c_uni_ca='5' AND c_asigna='351330' [1][0] OK
C:[20/08/2013 10:53:35.40][190.200.52.52][1196] SELECT c_asigna FROM dace004 WHERE exp_e='09-20703727' AND c_asigna='300317' AND status IN ('0','3','B','C') [1][0] OK
C:[20/08/2013 10:53:35.92][190.200.52.52][1312] SELECT horas_lab FROM tblaca008 WHERE c_asigna='300318' AND horas_teoricas > 0 [1][0] OK
C:[20/08/2013 10:53:35.92][190.200.52.52][1312] SELECT horas_lab FROM tblaca008 WHERE c_asigna='351330' AND horas_teoricas > 0 [1][0] OK
C:[20/08/2013 10:55:38.57][190.200.52.52][1138] SELECT pre_cod_asig1,pre_cod_asig2,pre_cod_asig3,pre_cod_asig4,pre_cod_asig5,pre_cod_asig6,pre_cod_asig7 FROM tblaca009_p_int WHERE pensum='5' AND c_uni_ca='3' AND c_asigna='311796' [1][0] OK
C:[20/08/2013 10:55:38.57][190.200.52.52][1151] SELECT c_asigna FROM dace004 WHERE exp_e='09-20137971' AND c_asigna='315671' AND status IN ('0','3','B','C') [1][0] OK
C:[20/08/2013 10:55:38.63][190.200.52.52][1182] SELECT par_cod_asig1,par_cod_asig2,par_cod_asig3 FROM tblaca009_p_int WHERE pensum='5' AND c_uni_ca='3' AND c_asigna='311796' [1][0] OK
C:[20/08/2013 10:55:38.33][190.200.52.52][1312] SELECT horas_lab FROM tblaca008 WHERE c_asigna='311796' AND horas_teoricas > 0 [1][0] OK
C:[20/08/2013 10:56:10.40][172.16.4.247][1138] SELECT pre_cod_asig1,pre_cod_asig2,pre_cod_asig3,pre_cod_asig4,pre_cod_asig5,pre_cod_asig6,pre_cod_asig7 FROM tblaca009_p_int WHERE pensum='5' AND c_uni_ca='4' AND c_asigna='330435' [1][0] OK
C:[20/08/2013 10:56:10.40][172.16.4.247][1138] SELECT pre_cod_asig1,pre_cod_asig2,pre_cod_asig3,pre_cod_asig4,pre_cod_asig5,pre_cod_asig6,pre_cod_asig7 FROM tblaca009_p_int WHERE pensum='5' AND c_uni_ca='4' AND c_asigna='332604' [1][0] OK
C:[20/08/2013 10:56:10.77][172.16.4.247][1182] SELECT par_cod_asig1,par_cod_asig2,par_cod_asig3 FROM tblaca009_p_int WHERE pensum='5' AND c_uni_ca='4' AND c_asigna='330435' [1][0] OK
C:[20/08/2013 10:56:10.77][172.16.4.247][1182] SELECT par_cod_asig1,par_cod_asig2,par_cod_asig3 FROM tblaca009_p_int WHERE pensum='5' AND c_uni_ca='4' AND c_asigna='332604' [1][0] OK
C:[20/08/2013 10:56:10.03][172.16.4.247][1312] SELECT horas_lab FROM tblaca008 WHERE c_asigna='330435' AND horas_teoricas > 0 [1][0] OK
C:[20/08/2013 10:56:10.03][172.16.4.247][1312] SELECT horas_lab FROM tblaca008 WHERE c_asigna='332604' AND horas_teoricas > 0 [1][0] OK
C:[20/08/2013 10:56:37.84][190.200.18.59][1138] SELECT pre_cod_asig1,pre_cod_asig2,pre_cod_asig3,pre_cod_asig4,pre_cod_asig5,pre_cod_asig6,pre_cod_asig7 FROM tblaca009_p_int WHERE pensum='5' AND c_uni_ca='2' AND c_asigna='320437' [1][0] OK
C:[20/08/2013 10:56:37.84][190.200.18.59][1151] SELECT c_asigna FROM dace004 WHERE exp_e='10-20840118' AND c_asigna='300317' AND status IN ('0','3','B','C') [1][0] OK
C:[20/08/2013 10:56:37.84][190.200.18.59][1138] SELECT pre_cod_asig1,pre_cod_asig2,pre_cod_asig3,pre_cod_asig4,pre_cod_asig5,pre_cod_asig6,pre_cod_asig7 FROM tblaca009_p_int WHERE pensum='5' AND c_uni_ca='2' AND c_asigna='322449' [1][0] OK
C:[20/08/2013 10:56:37.84][190.200.18.59][1151] SELECT c_asigna FROM dace004 WHERE exp_e='10-20840118' AND c_asigna='300222' AND status IN ('0','3','B','C') [1][0] OK
C:[20/08/2013 10:56:37.46][190.200.18.59][1182] SELECT par_cod_asig1,par_cod_asig2,par_cod_asig3 FROM tblaca009_p_int WHERE pensum='5' AND c_uni_ca='2' AND c_asigna='320437' [1][0] OK
C:[20/08/2013 10:56:37.46][190.200.18.59][1182] SELECT par_cod_asig1,par_cod_asig2,par_cod_asig3 FROM tblaca009_p_int WHERE pensum='5' AND c_uni_ca='2' AND c_asigna='322449' [1][0] OK
C:[20/08/2013 10:56:37.73][190.200.18.59][1312] SELECT horas_lab FROM tblaca008 WHERE c_asigna='320437' AND horas_teoricas > 0 [1][0] OK
C:[20/08/2013 10:56:37.73][190.200.18.59][1312] SELECT horas_lab FROM tblaca008 WHERE c_asigna='322449' AND horas_teoricas > 0 [1][0] OK
C:[20/08/2013 10:57:15.69][190.200.52.52][1138] SELECT pre_cod_asig1,pre_cod_asig2,pre_cod_asig3,pre_cod_asig4,pre_cod_asig5,pre_cod_asig6,pre_cod_asig7 FROM tblaca009_p_int WHERE pensum='5' AND c_uni_ca='6' AND c_asigna='300226' [1][0] OK
C:[20/08/2013 10:57:15.69][190.200.52.52][1151] SELECT c_asigna FROM dace004 WHERE exp_e='05-18885069' AND c_asigna='300116' AND status IN ('0','3','B','C') [1][0] OK
C:[20/08/2013 10:57:15.07][190.200.52.52][1182] SELECT par_cod_asig1,par_cod_asig2,par_cod_asig3 FROM tblaca009_p_int WHERE pensum='5' AND c_uni_ca='6' AND c_asigna='300226' [1][0] OK
C:[20/08/2013 10:57:15.21][190.200.52.52][1312] SELECT horas_lab FROM tblaca008 WHERE c_asigna='300226' AND horas_teoricas > 0 [1][0] OK
C:[20/08/2013 10:59:38.06][190.200.52.52][1138] SELECT pre_cod_asig1,pre_cod_asig2,pre_cod_asig3,pre_cod_asig4,pre_cod_asig5,pre_cod_asig6,pre_cod_asig7 FROM tblaca009_p_int WHERE pensum='5' AND c_uni_ca='2' AND c_asigna='300101' [1][0] OK
C:[20/08/2013 10:59:38.32][190.200.52.52][1182] SELECT par_cod_asig1,par_cod_asig2,par_cod_asig3 FROM tblaca009_p_int WHERE pensum='5' AND c_uni_ca='2' AND c_asigna='300101' [1][0] OK
C:[20/08/2013 10:59:38.45][190.200.52.52][1312] SELECT horas_lab FROM tblaca008 WHERE c_asigna='300101' AND horas_teoricas > 0 [1][0] OK
C:[20/08/2013 11:00:51.07][190.36.0.88][1138] SELECT pre_cod_asig1,pre_cod_asig2,pre_cod_asig3,pre_cod_asig4,pre_cod_asig5,pre_cod_asig6,pre_cod_asig7 FROM tblaca009_p_int WHERE pensum='5' AND c_uni_ca='5' AND c_asigna='300013' [1][0] OK
C:[20/08/2013 11:00:51.07][190.36.0.88][1138] SELECT pre_cod_asig1,pre_cod_asig2,pre_cod_asig3,pre_cod_asig4,pre_cod_asig5,pre_cod_asig6,pre_cod_asig7 FROM tblaca009_p_int WHERE pensum='5' AND c_uni_ca='5' AND c_asigna='355571' [1][0] OK
C:[20/08/2013 11:00:51.07][190.36.0.88][1151] SELECT c_asigna FROM dace004 WHERE exp_e='09-20702168' AND c_asigna='355447' AND status IN ('0','3','B','C') [1][0] OK
C:[20/08/2013 11:00:51.59][190.36.0.88][1182] SELECT par_cod_asig1,par_cod_asig2,par_cod_asig3 FROM tblaca009_p_int WHERE pensum='5' AND c_uni_ca='5' AND c_asigna='300013' [1][0] OK
C:[20/08/2013 11:00:51.59][190.36.0.88][1182] SELECT par_cod_asig1,par_cod_asig2,par_cod_asig3 FROM tblaca009_p_int WHERE pensum='5' AND c_uni_ca='5' AND c_asigna='355571' [1][0] OK
C:[20/08/2013 11:00:51.84][190.36.0.88][1312] SELECT horas_lab FROM tblaca008 WHERE c_asigna='300013' AND horas_teoricas > 0 [1][0] OK
C:[20/08/2013 11:00:51.84][190.36.0.88][1312] SELECT horas_lab FROM tblaca008 WHERE c_asigna='355571' AND horas_teoricas > 0 [1][0] OK
C:[20/08/2013 11:01:03.16][190.200.52.52][1138] SELECT pre_cod_asig1,pre_cod_asig2,pre_cod_asig3,pre_cod_asig4,pre_cod_asig5,pre_cod_asig6,pre_cod_asig7 FROM tblaca009_p_int WHERE pensum='5' AND c_uni_ca='2' AND c_asigna='322801' [1][0] OK
C:[20/08/2013 11:01:03.16][190.200.52.52][1151] SELECT c_asigna FROM dace004 WHERE exp_e='07-20286762' AND c_asigna='322780' AND status IN ('0','3','B','C') [1][0] OK
C:[20/08/2013 11:01:03.16][190.200.52.52][1138] SELECT pre_cod_asig1,pre_cod_asig2,pre_cod_asig3,pre_cod_asig4,pre_cod_asig5,pre_cod_asig6,pre_cod_asig7 FROM tblaca009_p_int WHERE pensum='5' AND c_uni_ca='2' AND c_asigna='322826' [1][0] OK
C:[20/08/2013 11:01:03.16][190.200.52.52][1151] SELECT c_asigna FROM dace004 WHERE exp_e='07-20286762' AND c_asigna='322683' AND status IN ('0','3','B','C') [1][0] OK
C:[20/08/2013 11:01:03.23][190.200.52.52][1182] SELECT par_cod_asig1,par_cod_asig2,par_cod_asig3 FROM tblaca009_p_int WHERE pensum='5' AND c_uni_ca='2' AND c_asigna='322801' [1][0] OK
C:[20/08/2013 11:01:03.23][190.200.52.52][1182] SELECT par_cod_asig1,par_cod_asig2,par_cod_asig3 FROM tblaca009_p_int WHERE pensum='5' AND c_uni_ca='2' AND c_asigna='322826' [1][0] OK
C:[20/08/2013 11:01:04.49][190.200.52.52][1312] SELECT horas_lab FROM tblaca008 WHERE c_asigna='322801' AND horas_teoricas > 0 [1][0] OK
C:[20/08/2013 11:01:04.49][190.200.52.52][1312] SELECT horas_lab FROM tblaca008 WHERE c_asigna='322826' AND horas_teoricas > 0 [1][0] OK
C:[20/08/2013 11:04:21.25][190.200.52.52][1138] SELECT pre_cod_asig1,pre_cod_asig2,pre_cod_asig3,pre_cod_asig4,pre_cod_asig5,pre_cod_asig6,pre_cod_asig7 FROM tblaca009_p_int WHERE pensum='5' AND c_uni_ca='5' AND c_asigna='300013' [1][0] OK
C:[20/08/2013 11:04:21.50][190.200.52.52][1182] SELECT par_cod_asig1,par_cod_asig2,par_cod_asig3 FROM tblaca009_p_int WHERE pensum='5' AND c_uni_ca='5' AND c_asigna='300013' [1][0] OK
C:[20/08/2013 11:04:21.65][190.200.52.52][1312] SELECT horas_lab FROM tblaca008 WHERE c_asigna='300013' AND horas_teoricas > 0 [1][0] OK
C:[20/08/2013 11:05:11.03][172.17.150.108][1138] SELECT pre_cod_asig1,pre_cod_asig2,pre_cod_asig3,pre_cod_asig4,pre_cod_asig5,pre_cod_asig6,pre_cod_asig7 FROM tblaca009_p_int WHERE pensum='5' AND c_uni_ca='2' AND c_asigna='322801' [1][0] OK
C:[20/08/2013 11:05:11.03][172.17.150.108][1151] SELECT c_asigna FROM dace004 WHERE exp_e='08-19800436' AND c_asigna='322780' AND status IN ('0','3','B','C') [1][0] OK
C:[20/08/2013 11:05:11.41][172.17.150.108][1182] SELECT par_cod_asig1,par_cod_asig2,par_cod_asig3 FROM tblaca009_p_int WHERE pensum='5' AND c_uni_ca='2' AND c_asigna='322801' [1][0] OK
C:[20/08/2013 11:05:11.56][172.17.150.108][1312] SELECT horas_lab FROM tblaca008 WHERE c_asigna='322801' AND horas_teoricas > 0 [1][0] OK
C:[20/08/2013 11:05:46.45][190.200.52.52][1138] SELECT pre_cod_asig1,pre_cod_asig2,pre_cod_asig3,pre_cod_asig4,pre_cod_asig5,pre_cod_asig6,pre_cod_asig7 FROM tblaca009_p_int WHERE pensum='5' AND c_uni_ca='4' AND c_asigna='330435' [1][0] OK
C:[20/08/2013 11:05:46.70][190.200.52.52][1182] SELECT par_cod_asig1,par_cod_asig2,par_cod_asig3 FROM tblaca009_p_int WHERE pensum='5' AND c_uni_ca='4' AND c_asigna='330435' [1][0] OK
C:[20/08/2013 11:05:46.84][190.200.52.52][1312] SELECT horas_lab FROM tblaca008 WHERE c_asigna='330435' AND horas_teoricas > 0 [1][0] OK
C:[20/08/2013 11:08:35.02][186.14.241.96][1138] SELECT pre_cod_asig1,pre_cod_asig2,pre_cod_asig3,pre_cod_asig4,pre_cod_asig5,pre_cod_asig6,pre_cod_asig7 FROM tblaca009_p_int WHERE pensum='5' AND c_uni_ca='6' AND c_asigna='344715' [1][0] OK
C:[20/08/2013 11:08:35.02][186.14.241.96][1151] SELECT c_asigna FROM dace004 WHERE exp_e='09-20740988' AND c_asigna='344688' AND status IN ('0','3','B','C') [1][0] OK
C:[20/08/2013 11:08:35.02][186.14.241.96][1151] SELECT c_asigna FROM dace004 WHERE exp_e='09-20740988' AND c_asigna='344613' AND status IN ('0','3','B','C') [1][0] OK
C:[20/08/2013 11:08:35.52][186.14.241.96][1182] SELECT par_cod_asig1,par_cod_asig2,par_cod_asig3 FROM tblaca009_p_int WHERE pensum='5' AND c_uni_ca='6' AND c_asigna='344715' [1][0] OK
C:[20/08/2013 11:08:36.66][186.14.241.96][1312] SELECT horas_lab FROM tblaca008 WHERE c_asigna='344715' AND horas_teoricas > 0 [1][0] OK
C:[20/08/2013 11:08:38.37][190.94.248.74][1138] SELECT pre_cod_asig1,pre_cod_asig2,pre_cod_asig3,pre_cod_asig4,pre_cod_asig5,pre_cod_asig6,pre_cod_asig7 FROM tblaca009_p_int WHERE pensum='5' AND c_uni_ca='4' AND c_asigna='300209' [1][0] OK
C:[20/08/2013 11:08:38.37][190.94.248.74][1151] SELECT c_asigna FROM dace004 WHERE exp_e='09-22824133' AND c_asigna='300101' AND status IN ('0','3','B','C') [1][0] OK
C:[20/08/2013 11:08:38.58][190.94.248.74][1182] SELECT par_cod_asig1,par_cod_asig2,par_cod_asig3 FROM tblaca009_p_int WHERE pensum='5' AND c_uni_ca='4' AND c_asigna='300209' [1][0] OK
C:[20/08/2013 11:08:38.73][190.94.248.74][1312] SELECT horas_lab FROM tblaca008 WHERE c_asigna='300209' AND horas_teoricas > 0 [1][0] OK
C:[20/08/2013 11:08:43.77][190.205.156.82][1138] SELECT pre_cod_asig1,pre_cod_asig2,pre_cod_asig3,pre_cod_asig4,pre_cod_asig5,pre_cod_asig6,pre_cod_asig7 FROM tblaca009_p_int WHERE pensum='5' AND c_uni_ca='4' AND c_asigna='300105' [1][0] OK
C:[20/08/2013 11:08:43.77][190.205.156.82][1138] SELECT pre_cod_asig1,pre_cod_asig2,pre_cod_asig3,pre_cod_asig4,pre_cod_asig5,pre_cod_asig6,pre_cod_asig7 FROM tblaca009_p_int WHERE pensum='5' AND c_uni_ca='4' AND c_asigna='332604' [1][0] OK
C:[20/08/2013 11:08:43.03][190.205.156.82][1182] SELECT par_cod_asig1,par_cod_asig2,par_cod_asig3 FROM tblaca009_p_int WHERE pensum='5' AND c_uni_ca='4' AND c_asigna='300105' [1][0] OK
C:[20/08/2013 11:08:43.03][190.205.156.82][1182] SELECT par_cod_asig1,par_cod_asig2,par_cod_asig3 FROM tblaca009_p_int WHERE pensum='5' AND c_uni_ca='4' AND c_asigna='332604' [1][0] OK
C:[20/08/2013 11:08:43.29][190.205.156.82][1312] SELECT horas_lab FROM tblaca008 WHERE c_asigna='300105' AND horas_teoricas > 0 [1][0] OK
C:[20/08/2013 11:08:43.29][190.205.156.82][1312] SELECT horas_lab FROM tblaca008 WHERE c_asigna='332604' AND horas_teoricas > 0 [1][0] OK
C:[20/08/2013 11:09:43.77][186.14.241.96][1138] SELECT pre_cod_asig1,pre_cod_asig2,pre_cod_asig3,pre_cod_asig4,pre_cod_asig5,pre_cod_asig6,pre_cod_asig7 FROM tblaca009_p_int WHERE pensum='5' AND c_uni_ca='6' AND c_asigna='344715' [1][0] OK
C:[20/08/2013 11:09:43.77][186.14.241.96][1151] SELECT c_asigna FROM dace004 WHERE exp_e='09-20740988' AND c_asigna='344688' AND status IN ('0','3','B','C') [1][0] OK
C:[20/08/2013 11:09:43.77][186.14.241.96][1151] SELECT c_asigna FROM dace004 WHERE exp_e='09-20740988' AND c_asigna='344613' AND status IN ('0','3','B','C') [1][0] OK
C:[20/08/2013 11:09:43.77][186.14.241.96][1138] SELECT pre_cod_asig1,pre_cod_asig2,pre_cod_asig3,pre_cod_asig4,pre_cod_asig5,pre_cod_asig6,pre_cod_asig7 FROM tblaca009_p_int WHERE pensum='5' AND c_uni_ca='6' AND c_asigna='344843' [1][0] OK
C:[20/08/2013 11:09:43.77][186.14.241.96][1151] SELECT c_asigna FROM dace004 WHERE exp_e='09-20740988' AND c_asigna='344714' AND status IN ('0','3','B','C') [1][0] OK
C:[20/08/2013 11:09:44.52][186.14.241.96][1182] SELECT par_cod_asig1,par_cod_asig2,par_cod_asig3 FROM tblaca009_p_int WHERE pensum='5' AND c_uni_ca='6' AND c_asigna='344715' [1][0] OK
C:[20/08/2013 11:09:44.52][186.14.241.96][1182] SELECT par_cod_asig1,par_cod_asig2,par_cod_asig3 FROM tblaca009_p_int WHERE pensum='5' AND c_uni_ca='6' AND c_asigna='344843' [1][0] OK
C:[20/08/2013 11:09:44.81][186.14.241.96][1312] SELECT horas_lab FROM tblaca008 WHERE c_asigna='344715' AND horas_teoricas > 0 [1][0] OK
C:[20/08/2013 11:09:44.81][186.14.241.96][1312] SELECT horas_lab FROM tblaca008 WHERE c_asigna='344843' AND horas_teoricas > 0 [1][0] OK
C:[20/08/2013 11:11:24.92][190.200.52.52][1138] SELECT pre_cod_asig1,pre_cod_asig2,pre_cod_asig3,pre_cod_asig4,pre_cod_asig5,pre_cod_asig6,pre_cod_asig7 FROM tblaca009_p_int WHERE pensum='5' AND c_uni_ca='6' AND c_asigna='300013' [1][0] OK
C:[20/08/2013 11:11:24.20][190.200.52.52][1182] SELECT par_cod_asig1,par_cod_asig2,par_cod_asig3 FROM tblaca009_p_int WHERE pensum='5' AND c_uni_ca='6' AND c_asigna='300013' [1][0] OK
C:[20/08/2013 11:11:24.32][190.200.52.52][1312] SELECT horas_lab FROM tblaca008 WHERE c_asigna='300013' AND horas_teoricas > 0 [1][0] OK
C:[20/08/2013 11:11:27.67][190.200.52.52][1138] SELECT pre_cod_asig1,pre_cod_asig2,pre_cod_asig3,pre_cod_asig4,pre_cod_asig5,pre_cod_asig6,pre_cod_asig7 FROM tblaca009_p_int WHERE pensum='5' AND c_uni_ca='2' AND c_asigna='322801' [1][0] OK
C:[20/08/2013 11:11:27.67][190.200.52.52][1151] SELECT c_asigna FROM dace004 WHERE exp_e='08-19800436' AND c_asigna='322780' AND status IN ('0','3','B','C') [1][0] OK
C:[20/08/2013 11:11:27.91][190.200.52.52][1182] SELECT par_cod_asig1,par_cod_asig2,par_cod_asig3 FROM tblaca009_p_int WHERE pensum='5' AND c_uni_ca='2' AND c_asigna='322801' [1][0] OK
C:[20/08/2013 11:11:27.04][190.200.52.52][1312] SELECT horas_lab FROM tblaca008 WHERE c_asigna='322801' AND horas_teoricas > 0 [1][0] OK
C:[20/08/2013 11:11:53.61][190.200.52.52][1138] SELECT pre_cod_asig1,pre_cod_asig2,pre_cod_asig3,pre_cod_asig4,pre_cod_asig5,pre_cod_asig6,pre_cod_asig7 FROM tblaca009_p_int WHERE pensum='5' AND c_uni_ca='6' AND c_asigna='344733' [1][0] OK
C:[20/08/2013 11:11:53.87][190.200.52.52][1182] SELECT par_cod_asig1,par_cod_asig2,par_cod_asig3 FROM tblaca009_p_int WHERE pensum='5' AND c_uni_ca='6' AND c_asigna='344733' [1][0] OK
C:[20/08/2013 11:11:53.00][190.200.52.52][1312] SELECT horas_lab FROM tblaca008 WHERE c_asigna='344733' AND horas_teoricas > 0 [1][0] OK
C:[20/08/2013 11:12:49.51][190.200.52.52][1138] SELECT pre_cod_asig1,pre_cod_asig2,pre_cod_asig3,pre_cod_asig4,pre_cod_asig5,pre_cod_asig6,pre_cod_asig7 FROM tblaca009_p_int WHERE pensum='5' AND c_uni_ca='4' AND c_asigna='332604' [1][0] OK
C:[20/08/2013 11:12:49.75][190.200.52.52][1182] SELECT par_cod_asig1,par_cod_asig2,par_cod_asig3 FROM tblaca009_p_int WHERE pensum='5' AND c_uni_ca='4' AND c_asigna='332604' [1][0] OK
C:[20/08/2013 11:12:49.92][190.200.52.52][1312] SELECT horas_lab FROM tblaca008 WHERE c_asigna='332604' AND horas_teoricas > 0 [1][0] OK
C:[20/08/2013 11:13:24.36][190.200.52.52][1138] SELECT pre_cod_asig1,pre_cod_asig2,pre_cod_asig3,pre_cod_asig4,pre_cod_asig5,pre_cod_asig6,pre_cod_asig7 FROM tblaca009_p_int WHERE pensum='5' AND c_uni_ca='3' AND c_asigna='300313' [1][0] OK
C:[20/08/2013 11:13:24.36][190.200.52.52][1151] SELECT c_asigna FROM dace004 WHERE exp_e='09-19420923' AND c_asigna='300213' AND status IN ('0','3','B','C') [1][0] OK
C:[20/08/2013 11:13:24.74][190.200.52.52][1182] SELECT par_cod_asig1,par_cod_asig2,par_cod_asig3 FROM tblaca009_p_int WHERE pensum='5' AND c_uni_ca='3' AND c_asigna='300313' [1][0] OK
C:[20/08/2013 11:13:24.87][190.200.52.52][1312] SELECT horas_lab FROM tblaca008 WHERE c_asigna='300313' AND horas_teoricas > 0 [1][0] OK
C:[20/08/2013 11:14:25.49][190.200.52.52][1138] SELECT pre_cod_asig1,pre_cod_asig2,pre_cod_asig3,pre_cod_asig4,pre_cod_asig5,pre_cod_asig6,pre_cod_asig7 FROM tblaca009_p_int WHERE pensum='5' AND c_uni_ca='4' AND c_asigna='330435' [1][0] OK
C:[20/08/2013 11:14:25.49][190.200.52.52][1138] SELECT pre_cod_asig1,pre_cod_asig2,pre_cod_asig3,pre_cod_asig4,pre_cod_asig5,pre_cod_asig6,pre_cod_asig7 FROM tblaca009_p_int WHERE pensum='5' AND c_uni_ca='4' AND c_asigna='332604' [1][0] OK
C:[20/08/2013 11:14:26.87][190.200.52.52][1182] SELECT par_cod_asig1,par_cod_asig2,par_cod_asig3 FROM tblaca009_p_int WHERE pensum='5' AND c_uni_ca='4' AND c_asigna='330435' [1][0] OK
C:[20/08/2013 11:14:26.87][190.200.52.52][1182] SELECT par_cod_asig1,par_cod_asig2,par_cod_asig3 FROM tblaca009_p_int WHERE pensum='5' AND c_uni_ca='4' AND c_asigna='332604' [1][0] OK
C:[20/08/2013 11:14:26.12][190.200.52.52][1312] SELECT horas_lab FROM tblaca008 WHERE c_asigna='330435' AND horas_teoricas > 0 [1][0] OK
C:[20/08/2013 11:14:26.12][190.200.52.52][1312] SELECT horas_lab FROM tblaca008 WHERE c_asigna='332604' AND horas_teoricas > 0 [1][0] OK
C:[20/08/2013 11:19:31.22][190.198.179.90][1138] SELECT pre_cod_asig1,pre_cod_asig2,pre_cod_asig3,pre_cod_asig4,pre_cod_asig5,pre_cod_asig6,pre_cod_asig7 FROM tblaca009_p_int WHERE pensum='5' AND c_uni_ca='4' AND c_asigna='333585' [1][0] OK
C:[20/08/2013 11:19:31.22][190.198.179.90][1151] SELECT c_asigna FROM dace004 WHERE exp_e='11-22822628' AND c_asigna='333440' AND status IN ('0','3','B','C') [1][0] OK
C:[20/08/2013 11:19:31.22][190.198.179.90][1151] SELECT c_asigna FROM dace004 WHERE exp_e='11-22822628' AND c_asigna='333326' AND status IN ('0','3','B','C') [1][0] OK
C:[20/08/2013 11:19:31.22][190.198.179.90][1138] SELECT pre_cod_asig1,pre_cod_asig2,pre_cod_asig3,pre_cod_asig4,pre_cod_asig5,pre_cod_asig6,pre_cod_asig7 FROM tblaca009_p_int WHERE pensum='5' AND c_uni_ca='4' AND c_asigna='332604' [1][0] OK
C:[20/08/2013 11:19:31.22][190.198.179.90][1138] SELECT pre_cod_asig1,pre_cod_asig2,pre_cod_asig3,pre_cod_asig4,pre_cod_asig5,pre_cod_asig6,pre_cod_asig7 FROM tblaca009_p_int WHERE pensum='5' AND c_uni_ca='4' AND c_asigna='334781' [1][0] OK
C:[20/08/2013 11:19:31.22][190.198.179.90][1151] SELECT c_asigna FROM dace004 WHERE exp_e='11-22822628' AND c_asigna='333444' AND status IN ('0','3','B','C') [1][0] OK
C:[20/08/2013 11:19:32.09][190.198.179.90][1182] SELECT par_cod_asig1,par_cod_asig2,par_cod_asig3 FROM tblaca009_p_int WHERE pensum='5' AND c_uni_ca='4' AND c_asigna='333585' [1][0] OK
C:[20/08/2013 11:19:32.09][190.198.179.90][1182] SELECT par_cod_asig1,par_cod_asig2,par_cod_asig3 FROM tblaca009_p_int WHERE pensum='5' AND c_uni_ca='4' AND c_asigna='332604' [1][0] OK
C:[20/08/2013 11:19:32.09][190.198.179.90][1182] SELECT par_cod_asig1,par_cod_asig2,par_cod_asig3 FROM tblaca009_p_int WHERE pensum='5' AND c_uni_ca='4' AND c_asigna='334781' [1][0] OK
C:[20/08/2013 11:19:32.48][190.198.179.90][1312] SELECT horas_lab FROM tblaca008 WHERE c_asigna='333585' AND horas_teoricas > 0 [1][0] OK
C:[20/08/2013 11:19:32.48][190.198.179.90][1312] SELECT horas_lab FROM tblaca008 WHERE c_asigna='332604' AND horas_teoricas > 0 [1][0] OK
C:[20/08/2013 11:19:32.48][190.198.179.90][1312] SELECT horas_lab FROM tblaca008 WHERE c_asigna='334781' AND horas_teoricas > 0 [1][0] OK
C:[20/08/2013 11:22:26.32][190.200.52.52][1138] SELECT pre_cod_asig1,pre_cod_asig2,pre_cod_asig3,pre_cod_asig4,pre_cod_asig5,pre_cod_asig6,pre_cod_asig7 FROM tblaca009_p_int WHERE pensum='5' AND c_uni_ca='4' AND c_asigna='332604' [1][0] OK
C:[20/08/2013 11:22:26.32][190.200.52.52][1138] SELECT pre_cod_asig1,pre_cod_asig2,pre_cod_asig3,pre_cod_asig4,pre_cod_asig5,pre_cod_asig6,pre_cod_asig7 FROM tblaca009_p_int WHERE pensum='5' AND c_uni_ca='4' AND c_asigna='333639' [1][0] OK
C:[20/08/2013 11:22:26.32][190.200.52.52][1151] SELECT c_asigna FROM dace004 WHERE exp_e='10-24701539' AND c_asigna='333585' AND status IN ('0','3','B','C') [1][0] OK
C:[20/08/2013 11:22:26.82][190.200.52.52][1182] SELECT par_cod_asig1,par_cod_asig2,par_cod_asig3 FROM tblaca009_p_int WHERE pensum='5' AND c_uni_ca='4' AND c_asigna='332604' [1][0] OK
C:[20/08/2013 11:22:26.82][190.200.52.52][1182] SELECT par_cod_asig1,par_cod_asig2,par_cod_asig3 FROM tblaca009_p_int WHERE pensum='5' AND c_uni_ca='4' AND c_asigna='333639' [1][0] OK
C:[20/08/2013 11:22:26.08][190.200.52.52][1312] SELECT horas_lab FROM tblaca008 WHERE c_asigna='332604' AND horas_teoricas > 0 [1][0] OK
C:[20/08/2013 11:22:26.08][190.200.52.52][1312] SELECT horas_lab FROM tblaca008 WHERE c_asigna='333639' AND horas_teoricas > 0 [1][0] OK
C:[20/08/2013 11:22:41.18][190.200.52.52][1138] SELECT pre_cod_asig1,pre_cod_asig2,pre_cod_asig3,pre_cod_asig4,pre_cod_asig5,pre_cod_asig6,pre_cod_asig7 FROM tblaca009_p_int WHERE pensum='5' AND c_uni_ca='4' AND c_asigna='332604' [1][0] OK
C:[20/08/2013 11:22:41.18][190.200.52.52][1138] SELECT pre_cod_asig1,pre_cod_asig2,pre_cod_asig3,pre_cod_asig4,pre_cod_asig5,pre_cod_asig6,pre_cod_asig7 FROM tblaca009_p_int WHERE pensum='5' AND c_uni_ca='4' AND c_asigna='333639' [1][0] OK
C:[20/08/2013 11:22:41.18][190.200.52.52][1151] SELECT c_asigna FROM dace004 WHERE exp_e='10-25277701' AND c_asigna='333585' AND status IN ('0','3','B','C') [1][0] OK
C:[20/08/2013 11:22:42.69][190.200.52.52][1182] SELECT par_cod_asig1,par_cod_asig2,par_cod_asig3 FROM tblaca009_p_int WHERE pensum='5' AND c_uni_ca='4' AND c_asigna='332604' [1][0] OK
C:[20/08/2013 11:22:42.69][190.200.52.52][1182] SELECT par_cod_asig1,par_cod_asig2,par_cod_asig3 FROM tblaca009_p_int WHERE pensum='5' AND c_uni_ca='4' AND c_asigna='333639' [1][0] OK
C:[20/08/2013 11:22:42.95][190.200.52.52][1312] SELECT horas_lab FROM tblaca008 WHERE c_asigna='332604' AND horas_teoricas > 0 [1][0] OK
C:[20/08/2013 11:22:42.95][190.200.52.52][1312] SELECT horas_lab FROM tblaca008 WHERE c_asigna='333639' AND horas_teoricas > 0 [1][0] OK
C:[20/08/2013 11:23:58.10][190.200.52.52][1138] SELECT pre_cod_asig1,pre_cod_asig2,pre_cod_asig3,pre_cod_asig4,pre_cod_asig5,pre_cod_asig6,pre_cod_asig7 FROM tblaca009_p_int WHERE pensum='5' AND c_uni_ca='3' AND c_asigna='300213' [1][0] OK
C:[20/08/2013 11:23:58.10][190.200.52.52][1151] SELECT c_asigna FROM dace004 WHERE exp_e='12-22587140' AND c_asigna='300101' AND status IN ('0','3','B','C') [1][0] OK
C:[20/08/2013 11:23:58.10][190.200.52.52][1138] SELECT pre_cod_asig1,pre_cod_asig2,pre_cod_asig3,pre_cod_asig4,pre_cod_asig5,pre_cod_asig6,pre_cod_asig7 FROM tblaca009_p_int WHERE pensum='5' AND c_uni_ca='3' AND c_asigna='300228' [1][0] OK
C:[20/08/2013 11:23:58.10][190.200.52.52][1151] SELECT c_asigna FROM dace004 WHERE exp_e='12-22587140' AND c_asigna='300101' AND status IN ('0','3','B','C') [1][0] OK
C:[20/08/2013 11:23:58.72][190.200.52.52][1182] SELECT par_cod_asig1,par_cod_asig2,par_cod_asig3 FROM tblaca009_p_int WHERE pensum='5' AND c_uni_ca='3' AND c_asigna='300213' [1][0] OK
C:[20/08/2013 11:23:58.72][190.200.52.52][1182] SELECT par_cod_asig1,par_cod_asig2,par_cod_asig3 FROM tblaca009_p_int WHERE pensum='5' AND c_uni_ca='3' AND c_asigna='300228' [1][0] OK
C:[20/08/2013 11:23:58.97][190.200.52.52][1312] SELECT horas_lab FROM tblaca008 WHERE c_asigna='300213' AND horas_teoricas > 0 [1][0] OK
C:[20/08/2013 11:23:58.97][190.200.52.52][1312] SELECT horas_lab FROM tblaca008 WHERE c_asigna='300228' AND horas_teoricas > 0 [1][0] OK
C:[20/08/2013 11:28:22.55][190.37.34.94][1138] SELECT pre_cod_asig1,pre_cod_asig2,pre_cod_asig3,pre_cod_asig4,pre_cod_asig5,pre_cod_asig6,pre_cod_asig7 FROM tblaca009_p_int WHERE pensum='5' AND c_uni_ca='4' AND c_asigna='333584' [1][0] OK
C:[20/08/2013 11:28:22.55][190.37.34.94][1151] SELECT c_asigna FROM dace004 WHERE exp_e='10-22587763' AND c_asigna='300428' AND status IN ('0','3','B','C') [1][0] OK
C:[20/08/2013 11:28:22.55][190.37.34.94][1151] SELECT c_asigna FROM dace004 WHERE exp_e='10-22587763' AND c_asigna='333440' AND status IN ('0','3','B','C') [1][0] OK
C:[20/08/2013 11:28:22.55][190.37.34.94][1138] SELECT pre_cod_asig1,pre_cod_asig2,pre_cod_asig3,pre_cod_asig4,pre_cod_asig5,pre_cod_asig6,pre_cod_asig7 FROM tblaca009_p_int WHERE pensum='5' AND c_uni_ca='4' AND c_asigna='333585' [1][0] OK
C:[20/08/2013 11:28:22.55][190.37.34.94][1151] SELECT c_asigna FROM dace004 WHERE exp_e='10-22587763' AND c_asigna='333440' AND status IN ('0','3','B','C') [1][0] OK
C:[20/08/2013 11:28:22.55][190.37.34.94][1151] SELECT c_asigna FROM dace004 WHERE exp_e='10-22587763' AND c_asigna='333326' AND status IN ('0','3','B','C') [1][0] OK
C:[20/08/2013 11:28:22.43][190.37.34.94][1182] SELECT par_cod_asig1,par_cod_asig2,par_cod_asig3 FROM tblaca009_p_int WHERE pensum='5' AND c_uni_ca='4' AND c_asigna='333584' [1][0] OK
C:[20/08/2013 11:28:22.43][190.37.34.94][1182] SELECT par_cod_asig1,par_cod_asig2,par_cod_asig3 FROM tblaca009_p_int WHERE pensum='5' AND c_uni_ca='4' AND c_asigna='333585' [1][0] OK
C:[20/08/2013 11:28:23.69][190.37.34.94][1312] SELECT horas_lab FROM tblaca008 WHERE c_asigna='333584' AND horas_teoricas > 0 [1][0] OK
C:[20/08/2013 11:28:23.69][190.37.34.94][1312] SELECT horas_lab FROM tblaca008 WHERE c_asigna='333585' AND horas_teoricas > 0 [1][0] OK
C:[20/08/2013 11:30:06.35][190.200.52.52][1138] SELECT pre_cod_asig1,pre_cod_asig2,pre_cod_asig3,pre_cod_asig4,pre_cod_asig5,pre_cod_asig6,pre_cod_asig7 FROM tblaca009_p_int WHERE pensum='5' AND c_uni_ca='2' AND c_asigna='322436' [1][0] OK
C:[20/08/2013 11:30:06.35][190.200.52.52][1151] SELECT c_asigna FROM dace004 WHERE exp_e='08-18078471' AND c_asigna='320311' AND status IN ('0','3','B','C') [1][0] OK
C:[20/08/2013 11:30:06.35][190.200.52.52][1138] SELECT pre_cod_asig1,pre_cod_asig2,pre_cod_asig3,pre_cod_asig4,pre_cod_asig5,pre_cod_asig6,pre_cod_asig7 FROM tblaca009_p_int WHERE pensum='5' AND c_uni_ca='2' AND c_asigna='322683' [1][0] OK
C:[20/08/2013 11:30:06.35][190.200.52.52][1151] SELECT c_asigna FROM dace004 WHERE exp_e='08-18078471' AND c_asigna='322560' AND status IN ('0','3','B','C') [1][0] OK
C:[20/08/2013 11:30:06.97][190.200.52.52][1182] SELECT par_cod_asig1,par_cod_asig2,par_cod_asig3 FROM tblaca009_p_int WHERE pensum='5' AND c_uni_ca='2' AND c_asigna='322436' [1][0] OK
C:[20/08/2013 11:30:06.97][190.200.52.52][1182] SELECT par_cod_asig1,par_cod_asig2,par_cod_asig3 FROM tblaca009_p_int WHERE pensum='5' AND c_uni_ca='2' AND c_asigna='322683' [1][0] OK
C:[20/08/2013 11:30:06.23][190.200.52.52][1312] SELECT horas_lab FROM tblaca008 WHERE c_asigna='322436' AND horas_teoricas > 0 [1][0] OK
C:[20/08/2013 11:30:06.23][190.200.52.52][1312] SELECT horas_lab FROM tblaca008 WHERE c_asigna='322683' AND horas_teoricas > 0 [1][0] OK
C:[20/08/2013 11:33:37.06][190.200.17.49][1138] SELECT pre_cod_asig1,pre_cod_asig2,pre_cod_asig3,pre_cod_asig4,pre_cod_asig5,pre_cod_asig6,pre_cod_asig7 FROM tblaca009_p_int WHERE pensum='5' AND c_uni_ca='2' AND c_asigna='322669' [1][0] OK
C:[20/08/2013 11:33:37.06][190.200.17.49][1151] SELECT c_asigna FROM dace004 WHERE exp_e='09-20975287' AND c_asigna='322558' AND status IN ('0','3','B','C') [1][0] OK
C:[20/08/2013 11:33:37.06][190.200.17.49][1138] SELECT pre_cod_asig1,pre_cod_asig2,pre_cod_asig3,pre_cod_asig4,pre_cod_asig5,pre_cod_asig6,pre_cod_asig7 FROM tblaca009_p_int WHERE pensum='5' AND c_uni_ca='2' AND c_asigna='322683' [1][0] OK
C:[20/08/2013 11:33:37.06][190.200.17.49][1151] SELECT c_asigna FROM dace004 WHERE exp_e='09-20975287' AND c_asigna='322560' AND status IN ('0','3','B','C') [1][0] OK
C:[20/08/2013 11:33:37.69][190.200.17.49][1182] SELECT par_cod_asig1,par_cod_asig2,par_cod_asig3 FROM tblaca009_p_int WHERE pensum='5' AND c_uni_ca='2' AND c_asigna='322669' [1][0] OK
C:[20/08/2013 11:33:37.69][190.200.17.49][1182] SELECT par_cod_asig1,par_cod_asig2,par_cod_asig3 FROM tblaca009_p_int WHERE pensum='5' AND c_uni_ca='2' AND c_asigna='322683' [1][0] OK
C:[20/08/2013 11:33:37.95][190.200.17.49][1312] SELECT horas_lab FROM tblaca008 WHERE c_asigna='322669' AND horas_teoricas > 0 [1][0] OK
C:[20/08/2013 11:33:37.95][190.200.17.49][1312] SELECT horas_lab FROM tblaca008 WHERE c_asigna='322683' AND horas_teoricas > 0 [1][0] OK
C:[20/08/2013 11:35:48.05][190.205.156.82][1138] SELECT pre_cod_asig1,pre_cod_asig2,pre_cod_asig3,pre_cod_asig4,pre_cod_asig5,pre_cod_asig6,pre_cod_asig7 FROM tblaca009_p_int WHERE pensum='5' AND c_uni_ca='4' AND c_asigna='332604' [1][0] OK
C:[20/08/2013 11:35:48.32][190.205.156.82][1182] SELECT par_cod_asig1,par_cod_asig2,par_cod_asig3 FROM tblaca009_p_int WHERE pensum='5' AND c_uni_ca='4' AND c_asigna='332604' [1][0] OK
C:[20/08/2013 11:35:48.43][190.205.156.82][1312] SELECT horas_lab FROM tblaca008 WHERE c_asigna='332604' AND horas_teoricas > 0 [1][0] OK
C:[20/08/2013 11:38:13.15][68.171.231.80][1138] SELECT pre_cod_asig1,pre_cod_asig2,pre_cod_asig3,pre_cod_asig4,pre_cod_asig5,pre_cod_asig6,pre_cod_asig7 FROM tblaca009_p_int WHERE pensum='5' AND c_uni_ca='6' AND c_asigna='344715' [1][0] OK
C:[20/08/2013 11:38:13.15][68.171.231.80][1151] SELECT c_asigna FROM dace004 WHERE exp_e='07-19939801' AND c_asigna='344688' AND status IN ('0','3','B','C') [1][0] OK
C:[20/08/2013 11:38:13.15][68.171.231.80][1151] SELECT c_asigna FROM dace004 WHERE exp_e='07-19939801' AND c_asigna='344613' AND status IN ('0','3','B','C') [1][0] OK
C:[20/08/2013 11:38:13.15][68.171.231.80][1138] SELECT pre_cod_asig1,pre_cod_asig2,pre_cod_asig3,pre_cod_asig4,pre_cod_asig5,pre_cod_asig6,pre_cod_asig7 FROM tblaca009_p_int WHERE pensum='5' AND c_uni_ca='6' AND c_asigna='344843' [1][0] OK
C:[20/08/2013 11:38:13.15][68.171.231.80][1151] SELECT c_asigna FROM dace004 WHERE exp_e='07-19939801' AND c_asigna='344714' AND status IN ('0','3','B','C') [1][0] OK
C:[20/08/2013 11:38:13.90][68.171.231.80][1182] SELECT par_cod_asig1,par_cod_asig2,par_cod_asig3 FROM tblaca009_p_int WHERE pensum='5' AND c_uni_ca='6' AND c_asigna='344715' [1][0] OK
C:[20/08/2013 11:38:13.90][68.171.231.80][1182] SELECT par_cod_asig1,par_cod_asig2,par_cod_asig3 FROM tblaca009_p_int WHERE pensum='5' AND c_uni_ca='6' AND c_asigna='344843' [1][0] OK
C:[20/08/2013 11:38:13.17][68.171.231.80][1312] SELECT horas_lab FROM tblaca008 WHERE c_asigna='344715' AND horas_teoricas > 0 [1][0] OK
C:[20/08/2013 11:38:13.17][68.171.231.80][1312] SELECT horas_lab FROM tblaca008 WHERE c_asigna='344843' AND horas_teoricas > 0 [1][0] OK
C:[20/08/2013 11:44:44.08][190.202.82.98][1138] SELECT pre_cod_asig1,pre_cod_asig2,pre_cod_asig3,pre_cod_asig4,pre_cod_asig5,pre_cod_asig6,pre_cod_asig7 FROM tblaca009_p_int WHERE pensum='5' AND c_uni_ca='6' AND c_asigna='300313' [1][0] OK
C:[20/08/2013 11:44:44.08][190.202.82.98][1151] SELECT c_asigna FROM dace004 WHERE exp_e='02-15908444' AND c_asigna='300213' AND status IN ('0','3','B','C') [1][0] OK
C:[20/08/2013 11:44:44.08][190.202.82.98][1138] SELECT pre_cod_asig1,pre_cod_asig2,pre_cod_asig3,pre_cod_asig4,pre_cod_asig5,pre_cod_asig6,pre_cod_asig7 FROM tblaca009_p_int WHERE pensum='5' AND c_uni_ca='6' AND c_asigna='300956' [1][0] OK
C:[20/08/2013 11:44:44.08][190.202.82.98][1151] SELECT c_asigna FROM dace004 WHERE exp_e='02-15908444' AND c_asigna='300422' AND status IN ('0','3','B','C') [1][0] OK
C:[20/08/2013 11:44:44.08][190.202.82.98][1138] SELECT pre_cod_asig1,pre_cod_asig2,pre_cod_asig3,pre_cod_asig4,pre_cod_asig5,pre_cod_asig6,pre_cod_asig7 FROM tblaca009_p_int WHERE pensum='5' AND c_uni_ca='6' AND c_asigna='344046' [1][0] OK
C:[20/08/2013 11:44:44.08][190.202.82.98][1151] SELECT c_asigna FROM dace004 WHERE exp_e='02-15908444' AND c_asigna='344714' AND status IN ('0','3','B','C') [1][0] OK
C:[20/08/2013 11:44:44.33][190.202.82.98][1182] SELECT par_cod_asig1,par_cod_asig2,par_cod_asig3 FROM tblaca009_p_int WHERE pensum='5' AND c_uni_ca='6' AND c_asigna='300313' [1][0] OK
C:[20/08/2013 11:44:44.33][190.202.82.98][1182] SELECT par_cod_asig1,par_cod_asig2,par_cod_asig3 FROM tblaca009_p_int WHERE pensum='5' AND c_uni_ca='6' AND c_asigna='300956' [1][0] OK
C:[20/08/2013 11:44:44.33][190.202.82.98][1182] SELECT par_cod_asig1,par_cod_asig2,par_cod_asig3 FROM tblaca009_p_int WHERE pensum='5' AND c_uni_ca='6' AND c_asigna='344046' [1][0] OK
C:[20/08/2013 11:44:44.72][190.202.82.98][1312] SELECT horas_lab FROM tblaca008 WHERE c_asigna='300313' AND horas_teoricas > 0 [1][0] OK
C:[20/08/2013 11:44:44.72][190.202.82.98][1312] SELECT horas_lab FROM tblaca008 WHERE c_asigna='300956' AND horas_teoricas > 0 [1][0] OK
C:[20/08/2013 11:44:44.72][190.202.82.98][1312] SELECT horas_lab FROM tblaca008 WHERE c_asigna='344046' AND horas_teoricas > 0 [1][0] OK
C:[20/08/2013 11:46:04.79][200.84.92.76][1138] SELECT pre_cod_asig1,pre_cod_asig2,pre_cod_asig3,pre_cod_asig4,pre_cod_asig5,pre_cod_asig6,pre_cod_asig7 FROM tblaca009_p_int WHERE pensum='5' AND c_uni_ca='5' AND c_asigna='300013' [1][0] OK
C:[20/08/2013 11:46:04.05][200.84.92.76][1182] SELECT par_cod_asig1,par_cod_asig2,par_cod_asig3 FROM tblaca009_p_int WHERE pensum='5' AND c_uni_ca='5' AND c_asigna='300013' [1][0] OK
C:[20/08/2013 11:46:04.18][200.84.92.76][1312] SELECT horas_lab FROM tblaca008 WHERE c_asigna='300013' AND horas_teoricas > 0 [1][0] OK
C:[20/08/2013 11:48:01.12][186.95.57.237][1138] SELECT pre_cod_asig1,pre_cod_asig2,pre_cod_asig3,pre_cod_asig4,pre_cod_asig5,pre_cod_asig6,pre_cod_asig7 FROM tblaca009_p_int WHERE pensum='5' AND c_uni_ca='4' AND c_asigna='332604' [1][0] OK
C:[20/08/2013 11:48:01.94][186.95.57.237][1182] SELECT par_cod_asig1,par_cod_asig2,par_cod_asig3 FROM tblaca009_p_int WHERE pensum='5' AND c_uni_ca='4' AND c_asigna='332604' [1][0] OK
C:[20/08/2013 11:48:01.08][186.95.57.237][1312] SELECT horas_lab FROM tblaca008 WHERE c_asigna='332604' AND horas_teoricas > 0 [1][0] OK
C:[20/08/2013 11:48:38.44][190.204.164.170][1138] SELECT pre_cod_asig1,pre_cod_asig2,pre_cod_asig3,pre_cod_asig4,pre_cod_asig5,pre_cod_asig6,pre_cod_asig7 FROM tblaca009_p_int WHERE pensum='5' AND c_uni_ca='6' AND c_asigna='344565' [1][0] OK
C:[20/08/2013 11:48:38.44][190.204.164.170][1151] SELECT c_asigna FROM dace004 WHERE exp_e='09-19911518' AND c_asigna='344445' AND status IN ('0','3','B','C') [1][0] OK
C:[20/08/2013 11:48:38.44][190.204.164.170][1138] SELECT pre_cod_asig1,pre_cod_asig2,pre_cod_asig3,pre_cod_asig4,pre_cod_asig5,pre_cod_asig6,pre_cod_asig7 FROM tblaca009_p_int WHERE pensum='5' AND c_uni_ca='6' AND c_asigna='344689' [1][0] OK
C:[20/08/2013 11:48:38.44][190.204.164.170][1151] SELECT c_asigna FROM dace004 WHERE exp_e='09-19911518' AND c_asigna='300209' AND status IN ('0','3','B','C') [1][0] OK
C:[20/08/2013 11:48:39.07][190.204.164.170][1182] SELECT par_cod_asig1,par_cod_asig2,par_cod_asig3 FROM tblaca009_p_int WHERE pensum='5' AND c_uni_ca='6' AND c_asigna='344565' [1][0] OK
C:[20/08/2013 11:48:39.07][190.204.164.170][1182] SELECT par_cod_asig1,par_cod_asig2,par_cod_asig3 FROM tblaca009_p_int WHERE pensum='5' AND c_uni_ca='6' AND c_asigna='344689' [1][0] OK
C:[20/08/2013 11:48:39.33][190.204.164.170][1312] SELECT horas_lab FROM tblaca008 WHERE c_asigna='344565' AND horas_teoricas > 0 [1][0] OK
C:[20/08/2013 11:48:39.33][190.204.164.170][1312] SELECT horas_lab FROM tblaca008 WHERE c_asigna='344689' AND horas_teoricas > 0 [1][0] OK
C:[20/08/2013 11:49:58.96][190.200.52.52][1138] SELECT pre_cod_asig1,pre_cod_asig2,pre_cod_asig3,pre_cod_asig4,pre_cod_asig5,pre_cod_asig6,pre_cod_asig7 FROM tblaca009_p_int WHERE pensum='5' AND c_uni_ca='5' AND c_asigna='355722' [1][0] OK
C:[20/08/2013 11:49:58.96][190.200.52.52][1151] SELECT c_asigna FROM dace004 WHERE exp_e='05-16614216' AND c_asigna='355691' AND status IN ('0','3','B','C') [1][0] OK
C:[20/08/2013 11:49:58.96][190.200.52.52][1151] SELECT c_asigna FROM dace004 WHERE exp_e='05-16614216' AND c_asigna='355595' AND status IN ('0','3','B','C') [1][0] OK
C:[20/08/2013 11:49:58.46][190.200.52.52][1182] SELECT par_cod_asig1,par_cod_asig2,par_cod_asig3 FROM tblaca009_p_int WHERE pensum='5' AND c_uni_ca='5' AND c_asigna='355722' [1][0] OK
C:[20/08/2013 11:49:58.61][190.200.52.52][1312] SELECT horas_lab FROM tblaca008 WHERE c_asigna='355722' AND horas_teoricas > 0 [1][0] OK
C:[20/08/2013 11:52:22.51][172.17.143.185][1138] SELECT pre_cod_asig1,pre_cod_asig2,pre_cod_asig3,pre_cod_asig4,pre_cod_asig5,pre_cod_asig6,pre_cod_asig7 FROM tblaca009_p_int WHERE pensum='5' AND c_uni_ca='6' AND c_asigna='300101' [1][0] OK
C:[20/08/2013 11:52:22.78][172.17.143.185][1182] SELECT par_cod_asig1,par_cod_asig2,par_cod_asig3 FROM tblaca009_p_int WHERE pensum='5' AND c_uni_ca='6' AND c_asigna='300101' [1][0] OK
C:[20/08/2013 11:52:22.90][172.17.143.185][1312] SELECT horas_lab FROM tblaca008 WHERE c_asigna='300101' AND horas_teoricas > 0 [1][0] OK
C:[20/08/2013 11:54:53.66][172.17.143.185][1138] SELECT pre_cod_asig1,pre_cod_asig2,pre_cod_asig3,pre_cod_asig4,pre_cod_asig5,pre_cod_asig6,pre_cod_asig7 FROM tblaca009_p_int WHERE pensum='5' AND c_uni_ca='3' AND c_asigna='300228' [1][0] OK
C:[20/08/2013 11:54:53.66][172.17.143.185][1151] SELECT c_asigna FROM dace004 WHERE exp_e='12-22830682' AND c_asigna='300101' AND status IN ('0','3','B','C') [1][0] OK
C:[20/08/2013 11:54:54.09][172.17.143.185][1182] SELECT par_cod_asig1,par_cod_asig2,par_cod_asig3 FROM tblaca009_p_int WHERE pensum='5' AND c_uni_ca='3' AND c_asigna='300228' [1][0] OK
C:[20/08/2013 11:54:54.18][172.17.143.185][1312] SELECT horas_lab FROM tblaca008 WHERE c_asigna='300228' AND horas_teoricas > 0 [1][0] OK
C:[20/08/2013 11:55:03.91][190.205.156.82][1138] SELECT pre_cod_asig1,pre_cod_asig2,pre_cod_asig3,pre_cod_asig4,pre_cod_asig5,pre_cod_asig6,pre_cod_asig7 FROM tblaca009_p_int WHERE pensum='5' AND c_uni_ca='4' AND c_asigna='332604' [1][0] OK
C:[20/08/2013 11:55:03.91][190.205.156.82][1138] SELECT pre_cod_asig1,pre_cod_asig2,pre_cod_asig3,pre_cod_asig4,pre_cod_asig5,pre_cod_asig6,pre_cod_asig7 FROM tblaca009_p_int WHERE pensum='5' AND c_uni_ca='4' AND c_asigna='333611' [1][0] OK
C:[20/08/2013 11:55:03.91][190.205.156.82][1151] SELECT c_asigna FROM dace004 WHERE exp_e='06-18515980' AND c_asigna='333584' AND status IN ('0','3','B','C') [1][0] OK
C:[20/08/2013 11:55:03.41][190.205.156.82][1182] SELECT par_cod_asig1,par_cod_asig2,par_cod_asig3 FROM tblaca009_p_int WHERE pensum='5' AND c_uni_ca='4' AND c_asigna='332604' [1][0] OK
C:[20/08/2013 11:55:03.41][190.205.156.82][1182] SELECT par_cod_asig1,par_cod_asig2,par_cod_asig3 FROM tblaca009_p_int WHERE pensum='5' AND c_uni_ca='4' AND c_asigna='333611' [1][0] OK
C:[20/08/2013 11:55:03.68][190.205.156.82][1312] SELECT horas_lab FROM tblaca008 WHERE c_asigna='332604' AND horas_teoricas > 0 [1][0] OK
C:[20/08/2013 11:55:03.68][190.205.156.82][1312] SELECT horas_lab FROM tblaca008 WHERE c_asigna='333611' AND horas_teoricas > 0 [1][0] OK
C:[20/08/2013 11:57:39.21][186.90.124.19][1138] SELECT pre_cod_asig1,pre_cod_asig2,pre_cod_asig3,pre_cod_asig4,pre_cod_asig5,pre_cod_asig6,pre_cod_asig7 FROM tblaca009_p_int WHERE pensum='5' AND c_uni_ca='6' AND c_asigna='344565' [1][0] OK
C:[20/08/2013 11:57:39.21][186.90.124.19][1151] SELECT c_asigna FROM dace004 WHERE exp_e='09-21007979' AND c_asigna='344445' AND status IN ('0','3','B','C') [1][0] OK
C:[20/08/2013 11:57:39.21][186.90.124.19][1138] SELECT pre_cod_asig1,pre_cod_asig2,pre_cod_asig3,pre_cod_asig4,pre_cod_asig5,pre_cod_asig6,pre_cod_asig7 FROM tblaca009_p_int WHERE pensum='5' AND c_uni_ca='6' AND c_asigna='344689' [1][0] OK
C:[20/08/2013 11:57:39.21][186.90.124.19][1151] SELECT c_asigna FROM dace004 WHERE exp_e='09-21007979' AND c_asigna='300209' AND status IN ('0','3','B','C') [1][0] OK
C:[20/08/2013 11:57:40.84][186.90.124.19][1182] SELECT par_cod_asig1,par_cod_asig2,par_cod_asig3 FROM tblaca009_p_int WHERE pensum='5' AND c_uni_ca='6' AND c_asigna='344565' [1][0] OK
C:[20/08/2013 11:57:40.84][186.90.124.19][1182] SELECT par_cod_asig1,par_cod_asig2,par_cod_asig3 FROM tblaca009_p_int WHERE pensum='5' AND c_uni_ca='6' AND c_asigna='344689' [1][0] OK
C:[20/08/2013 11:57:40.10][186.90.124.19][1312] SELECT horas_lab FROM tblaca008 WHERE c_asigna='344565' AND horas_teoricas > 0 [1][0] OK
C:[20/08/2013 11:57:40.10][186.90.124.19][1312] SELECT horas_lab FROM tblaca008 WHERE c_asigna='344689' AND horas_teoricas > 0 [1][0] OK
C:[20/08/2013 12:00:11.08][190.37.184.198][1138] SELECT pre_cod_asig1,pre_cod_asig2,pre_cod_asig3,pre_cod_asig4,pre_cod_asig5,pre_cod_asig6,pre_cod_asig7 FROM tblaca009_p_int WHERE pensum='5' AND c_uni_ca='6' AND c_asigna='344565' [1][0] OK
C:[20/08/2013 12:00:11.08][190.37.184.198][1151] SELECT c_asigna FROM dace004 WHERE exp_e='08-20702007' AND c_asigna='344445' AND status IN ('0','3','B','C') [1][0] OK
C:[20/08/2013 12:00:11.08][190.37.184.198][1138] SELECT pre_cod_asig1,pre_cod_asig2,pre_cod_asig3,pre_cod_asig4,pre_cod_asig5,pre_cod_asig6,pre_cod_asig7 FROM tblaca009_p_int WHERE pensum='5' AND c_uni_ca='6' AND c_asigna='342679' [1][0] OK
C:[20/08/2013 12:00:11.08][190.37.184.198][1151] SELECT c_asigna FROM dace004 WHERE exp_e='08-20702007' AND c_asigna='342567' AND status IN ('0','3','B','C') [1][0] OK
C:[20/08/2013 12:00:11.70][190.37.184.198][1182] SELECT par_cod_asig1,par_cod_asig2,par_cod_asig3 FROM tblaca009_p_int WHERE pensum='5' AND c_uni_ca='6' AND c_asigna='344565' [1][0] OK
C:[20/08/2013 12:00:11.70][190.37.184.198][1182] SELECT par_cod_asig1,par_cod_asig2,par_cod_asig3 FROM tblaca009_p_int WHERE pensum='5' AND c_uni_ca='6' AND c_asigna='342679' [1][0] OK
C:[20/08/2013 12:00:11.97][190.37.184.198][1312] SELECT horas_lab FROM tblaca008 WHERE c_asigna='344565' AND horas_teoricas > 0 [1][0] OK
C:[20/08/2013 12:00:11.97][190.37.184.198][1312] SELECT horas_lab FROM tblaca008 WHERE c_asigna='342679' AND horas_teoricas > 0 [1][0] OK
C:[20/08/2013 12:02:07.68][186.167.243.51][1138] SELECT pre_cod_asig1,pre_cod_asig2,pre_cod_asig3,pre_cod_asig4,pre_cod_asig5,pre_cod_asig6,pre_cod_asig7 FROM tblaca009_p_int WHERE pensum='5' AND c_uni_ca='5' AND c_asigna='355874' [1][0] OK
C:[20/08/2013 12:02:07.68][186.167.243.51][1151] SELECT c_asigna FROM dace004 WHERE exp_e='05-22592832' AND c_asigna='355448' AND status IN ('0','3','B','C') [1][0] OK
C:[20/08/2013 12:02:07.05][186.167.243.51][1182] SELECT par_cod_asig1,par_cod_asig2,par_cod_asig3 FROM tblaca009_p_int WHERE pensum='5' AND c_uni_ca='5' AND c_asigna='355874' [1][0] OK
C:[20/08/2013 12:02:07.18][186.167.243.51][1312] SELECT horas_lab FROM tblaca008 WHERE c_asigna='355874' AND horas_teoricas > 0 [1][0] OK
C:[20/08/2013 12:03:27.82][181.18.24.124][1138] SELECT pre_cod_asig1,pre_cod_asig2,pre_cod_asig3,pre_cod_asig4,pre_cod_asig5,pre_cod_asig6,pre_cod_asig7 FROM tblaca009_p_int WHERE pensum='5' AND c_uni_ca='6' AND c_asigna='344565' [1][0] OK
C:[20/08/2013 12:03:27.82][181.18.24.124][1151] SELECT c_asigna FROM dace004 WHERE exp_e='09-20507918' AND c_asigna='344445' AND status IN ('0','3','B','C') [1][0] OK
C:[20/08/2013 12:03:27.82][181.18.24.124][1138] SELECT pre_cod_asig1,pre_cod_asig2,pre_cod_asig3,pre_cod_asig4,pre_cod_asig5,pre_cod_asig6,pre_cod_asig7 FROM tblaca009_p_int WHERE pensum='5' AND c_uni_ca='6' AND c_asigna='344689' [1][0] OK
C:[20/08/2013 12:03:27.82][181.18.24.124][1151] SELECT c_asigna FROM dace004 WHERE exp_e='09-20507918' AND c_asigna='300209' AND status IN ('0','3','B','C') [1][0] OK
C:[20/08/2013 12:03:27.45][181.18.24.124][1182] SELECT par_cod_asig1,par_cod_asig2,par_cod_asig3 FROM tblaca009_p_int WHERE pensum='5' AND c_uni_ca='6' AND c_asigna='344565' [1][0] OK
C:[20/08/2013 12:03:27.45][181.18.24.124][1182] SELECT par_cod_asig1,par_cod_asig2,par_cod_asig3 FROM tblaca009_p_int WHERE pensum='5' AND c_uni_ca='6' AND c_asigna='344689' [1][0] OK
C:[20/08/2013 12:03:28.73][181.18.24.124][1312] SELECT horas_lab FROM tblaca008 WHERE c_asigna='344565' AND horas_teoricas > 0 [1][0] OK
C:[20/08/2013 12:03:28.73][181.18.24.124][1312] SELECT horas_lab FROM tblaca008 WHERE c_asigna='344689' AND horas_teoricas > 0 [1][0] OK
C:[20/08/2013 12:05:36.64][200.84.79.220][1138] SELECT pre_cod_asig1,pre_cod_asig2,pre_cod_asig3,pre_cod_asig4,pre_cod_asig5,pre_cod_asig6,pre_cod_asig7 FROM tblaca009_p_int WHERE pensum='5' AND c_uni_ca='4' AND c_asigna='333585' [1][0] OK
C:[20/08/2013 12:05:36.64][200.84.79.220][1151] SELECT c_asigna FROM dace004 WHERE exp_e='10-27158919' AND c_asigna='333440' AND status IN ('0','3','B','C') [1][0] OK
C:[20/08/2013 12:05:36.64][200.84.79.220][1151] SELECT c_asigna FROM dace004 WHERE exp_e='10-27158919' AND c_asigna='333326' AND status IN ('0','3','B','C') [1][0] OK
C:[20/08/2013 12:05:36.64][200.84.79.220][1138] SELECT pre_cod_asig1,pre_cod_asig2,pre_cod_asig3,pre_cod_asig4,pre_cod_asig5,pre_cod_asig6,pre_cod_asig7 FROM tblaca009_p_int WHERE pensum='5' AND c_uni_ca='4' AND c_asigna='332604' [1][0] OK
C:[20/08/2013 12:05:36.25][200.84.79.220][1182] SELECT par_cod_asig1,par_cod_asig2,par_cod_asig3 FROM tblaca009_p_int WHERE pensum='5' AND c_uni_ca='4' AND c_asigna='333585' [1][0] OK
C:[20/08/2013 12:05:36.25][200.84.79.220][1182] SELECT par_cod_asig1,par_cod_asig2,par_cod_asig3 FROM tblaca009_p_int WHERE pensum='5' AND c_uni_ca='4' AND c_asigna='332604' [1][0] OK
C:[20/08/2013 12:05:36.51][200.84.79.220][1312] SELECT horas_lab FROM tblaca008 WHERE c_asigna='333585' AND horas_teoricas > 0 [1][0] OK
C:[20/08/2013 12:05:36.51][200.84.79.220][1312] SELECT horas_lab FROM tblaca008 WHERE c_asigna='332604' AND horas_teoricas > 0 [1][0] OK
C:[20/08/2013 12:06:41.81][181.184.18.44][1138] SELECT pre_cod_asig1,pre_cod_asig2,pre_cod_asig3,pre_cod_asig4,pre_cod_asig5,pre_cod_asig6,pre_cod_asig7 FROM tblaca009_p_int WHERE pensum='5' AND c_uni_ca='6' AND c_asigna='344565' [1][0] OK
C:[20/08/2013 12:06:41.81][181.184.18.44][1151] SELECT c_asigna FROM dace004 WHERE exp_e='10-24964455' AND c_asigna='344445' AND status IN ('0','3','B','C') [1][0] OK
C:[20/08/2013 12:06:41.81][181.184.18.44][1138] SELECT pre_cod_asig1,pre_cod_asig2,pre_cod_asig3,pre_cod_asig4,pre_cod_asig5,pre_cod_asig6,pre_cod_asig7 FROM tblaca009_p_int WHERE pensum='5' AND c_uni_ca='6' AND c_asigna='344689' [1][0] OK
C:[20/08/2013 12:06:41.81][181.184.18.44][1151] SELECT c_asigna FROM dace004 WHERE exp_e='10-24964455' AND c_asigna='300209' AND status IN ('0','3','B','C') [1][0] OK
C:[20/08/2013 12:06:41.43][181.184.18.44][1182] SELECT par_cod_asig1,par_cod_asig2,par_cod_asig3 FROM tblaca009_p_int WHERE pensum='5' AND c_uni_ca='6' AND c_asigna='344565' [1][0] OK
C:[20/08/2013 12:06:41.43][181.184.18.44][1182] SELECT par_cod_asig1,par_cod_asig2,par_cod_asig3 FROM tblaca009_p_int WHERE pensum='5' AND c_uni_ca='6' AND c_asigna='344689' [1][0] OK
C:[20/08/2013 12:06:41.70][181.184.18.44][1312] SELECT horas_lab FROM tblaca008 WHERE c_asigna='344565' AND horas_teoricas > 0 [1][0] OK
C:[20/08/2013 12:06:41.70][181.184.18.44][1312] SELECT horas_lab FROM tblaca008 WHERE c_asigna='344689' AND horas_teoricas > 0 [1][0] OK
C:[20/08/2013 12:11:58.40][172.16.4.247][1138] SELECT pre_cod_asig1,pre_cod_asig2,pre_cod_asig3,pre_cod_asig4,pre_cod_asig5,pre_cod_asig6,pre_cod_asig7 FROM tblaca009_p_int WHERE pensum='5' AND c_uni_ca='6' AND c_asigna='340327' [1][0] OK
C:[20/08/2013 12:11:58.40][172.16.4.247][1151] SELECT c_asigna FROM dace004 WHERE exp_e='08-22831294' AND c_asigna='300013' AND status IN ('0','3','B','C') [1][0] OK
C:[20/08/2013 12:11:58.40][172.16.4.247][1151] SELECT c_asigna FROM dace004 WHERE exp_e='08-22831294' AND c_asigna='300113' AND status IN ('0','3','B','C') [1][0] OK
C:[20/08/2013 12:11:58.40][172.16.4.247][1138] SELECT pre_cod_asig1,pre_cod_asig2,pre_cod_asig3,pre_cod_asig4,pre_cod_asig5,pre_cod_asig6,pre_cod_asig7 FROM tblaca009_p_int WHERE pensum='5' AND c_uni_ca='6' AND c_asigna='344565' [1][0] OK
C:[20/08/2013 12:11:58.40][172.16.4.247][1151] SELECT c_asigna FROM dace004 WHERE exp_e='08-22831294' AND c_asigna='344445' AND status IN ('0','3','B','C') [1][0] OK
C:[20/08/2013 12:11:58.15][172.16.4.247][1182] SELECT par_cod_asig1,par_cod_asig2,par_cod_asig3 FROM tblaca009_p_int WHERE pensum='5' AND c_uni_ca='6' AND c_asigna='340327' [1][0] OK
C:[20/08/2013 12:11:58.15][172.16.4.247][1182] SELECT par_cod_asig1,par_cod_asig2,par_cod_asig3 FROM tblaca009_p_int WHERE pensum='5' AND c_uni_ca='6' AND c_asigna='344565' [1][0] OK
C:[20/08/2013 12:11:58.40][172.16.4.247][1312] SELECT horas_lab FROM tblaca008 WHERE c_asigna='340327' AND horas_teoricas > 0 [1][0] OK
C:[20/08/2013 12:11:58.40][172.16.4.247][1312] SELECT horas_lab FROM tblaca008 WHERE c_asigna='344565' AND horas_teoricas > 0 [1][0] OK
C:[20/08/2013 12:13:18.71][190.37.111.160][1138] SELECT pre_cod_asig1,pre_cod_asig2,pre_cod_asig3,pre_cod_asig4,pre_cod_asig5,pre_cod_asig6,pre_cod_asig7 FROM tblaca009_p_int WHERE pensum='5' AND c_uni_ca='4' AND c_asigna='300870' [1][0] OK
C:[20/08/2013 12:13:18.96][190.37.111.160][1182] SELECT par_cod_asig1,par_cod_asig2,par_cod_asig3 FROM tblaca009_p_int WHERE pensum='5' AND c_uni_ca='4' AND c_asigna='300870' [1][0] OK
C:[20/08/2013 12:13:18.41][190.37.111.160][1312] SELECT horas_lab FROM tblaca008 WHERE c_asigna='300870' AND horas_teoricas > 0 [1][0] OK
C:[20/08/2013 12:13:33.53][68.171.231.83][1138] SELECT pre_cod_asig1,pre_cod_asig2,pre_cod_asig3,pre_cod_asig4,pre_cod_asig5,pre_cod_asig6,pre_cod_asig7 FROM tblaca009_p_int WHERE pensum='5' AND c_uni_ca='6' AND c_asigna='300313' [1][0] OK
C:[20/08/2013 12:13:33.53][68.171.231.83][1151] SELECT c_asigna FROM dace004 WHERE exp_e='10-20804309' AND c_asigna='300213' AND status IN ('0','3','B','C') [1][0] OK
C:[20/08/2013 12:13:33.53][68.171.231.83][1138] SELECT pre_cod_asig1,pre_cod_asig2,pre_cod_asig3,pre_cod_asig4,pre_cod_asig5,pre_cod_asig6,pre_cod_asig7 FROM tblaca009_p_int WHERE pensum='5' AND c_uni_ca='6' AND c_asigna='344565' [1][0] OK
C:[20/08/2013 12:13:33.53][68.171.231.83][1151] SELECT c_asigna FROM dace004 WHERE exp_e='10-20804309' AND c_asigna='344445' AND status IN ('0','3','B','C') [1][0] OK
C:[20/08/2013 12:13:34.16][68.171.231.83][1182] SELECT par_cod_asig1,par_cod_asig2,par_cod_asig3 FROM tblaca009_p_int WHERE pensum='5' AND c_uni_ca='6' AND c_asigna='300313' [1][0] OK
C:[20/08/2013 12:13:34.16][68.171.231.83][1182] SELECT par_cod_asig1,par_cod_asig2,par_cod_asig3 FROM tblaca009_p_int WHERE pensum='5' AND c_uni_ca='6' AND c_asigna='344565' [1][0] OK
C:[20/08/2013 12:13:34.42][68.171.231.83][1312] SELECT horas_lab FROM tblaca008 WHERE c_asigna='300313' AND horas_teoricas > 0 [1][0] OK
C:[20/08/2013 12:13:34.42][68.171.231.83][1312] SELECT horas_lab FROM tblaca008 WHERE c_asigna='344565' AND horas_teoricas > 0 [1][0] OK
C:[20/08/2013 12:16:53.97][68.171.231.86][1138] SELECT pre_cod_asig1,pre_cod_asig2,pre_cod_asig3,pre_cod_asig4,pre_cod_asig5,pre_cod_asig6,pre_cod_asig7 FROM tblaca009_p_int WHERE pensum='5' AND c_uni_ca='6' AND c_asigna='344565' [1][0] OK
C:[20/08/2013 12:16:53.97][68.171.231.86][1151] SELECT c_asigna FROM dace004 WHERE exp_e='09-20298396' AND c_asigna='344445' AND status IN ('0','3','B','C') [1][0] OK
C:[20/08/2013 12:16:53.36][68.171.231.86][1182] SELECT par_cod_asig1,par_cod_asig2,par_cod_asig3 FROM tblaca009_p_int WHERE pensum='5' AND c_uni_ca='6' AND c_asigna='344565' [1][0] OK
C:[20/08/2013 12:16:53.48][68.171.231.86][1312] SELECT horas_lab FROM tblaca008 WHERE c_asigna='344565' AND horas_teoricas > 0 [1][0] OK
C:[20/08/2013 12:20:22.72][172.16.4.247][1138] SELECT pre_cod_asig1,pre_cod_asig2,pre_cod_asig3,pre_cod_asig4,pre_cod_asig5,pre_cod_asig6,pre_cod_asig7 FROM tblaca009_p_int WHERE pensum='5' AND c_uni_ca='4' AND c_asigna='333585' [1][0] OK
C:[20/08/2013 12:20:22.72][172.16.4.247][1151] SELECT c_asigna FROM dace004 WHERE exp_e='02-17040098' AND c_asigna='333440' AND status IN ('0','3','B','C') [1][0] OK
C:[20/08/2013 12:20:22.72][172.16.4.247][1151] SELECT c_asigna FROM dace004 WHERE exp_e='02-17040098' AND c_asigna='333326' AND status IN ('0','3','B','C') [1][0] OK
C:[20/08/2013 12:20:22.72][172.16.4.247][1138] SELECT pre_cod_asig1,pre_cod_asig2,pre_cod_asig3,pre_cod_asig4,pre_cod_asig5,pre_cod_asig6,pre_cod_asig7 FROM tblaca009_p_int WHERE pensum='5' AND c_uni_ca='4' AND c_asigna='333838' [1][0] OK
C:[20/08/2013 12:20:22.72][172.16.4.247][1151] SELECT c_asigna FROM dace004 WHERE exp_e='02-17040098' AND c_asigna='333563' AND status IN ('0','3','B','C') [1][0] OK
C:[20/08/2013 12:20:22.72][172.16.4.247][1151] SELECT c_asigna FROM dace004 WHERE exp_e='02-17040098' AND c_asigna='333683' AND status IN ('0','3','B','C') [1][0] OK
C:[20/08/2013 12:20:22.03][172.16.4.247][1182] SELECT par_cod_asig1,par_cod_asig2,par_cod_asig3 FROM tblaca009_p_int WHERE pensum='5' AND c_uni_ca='4' AND c_asigna='333585' [1][0] OK
C:[20/08/2013 12:20:22.03][172.16.4.247][1182] SELECT par_cod_asig1,par_cod_asig2,par_cod_asig3 FROM tblaca009_p_int WHERE pensum='5' AND c_uni_ca='4' AND c_asigna='333838' [1][0] OK
C:[20/08/2013 12:20:22.29][172.16.4.247][1312] SELECT horas_lab FROM tblaca008 WHERE c_asigna='333585' AND horas_teoricas > 0 [1][0] OK
C:[20/08/2013 12:20:22.29][172.16.4.247][1312] SELECT horas_lab FROM tblaca008 WHERE c_asigna='333838' AND horas_teoricas > 0 [1][0] OK
C:[20/08/2013 12:20:30.00][190.37.35.170][1138] SELECT pre_cod_asig1,pre_cod_asig2,pre_cod_asig3,pre_cod_asig4,pre_cod_asig5,pre_cod_asig6,pre_cod_asig7 FROM tblaca009_p_int WHERE pensum='5' AND c_uni_ca='6' AND c_asigna='344565' [1][0] OK
C:[20/08/2013 12:20:30.00][190.37.35.170][1151] SELECT c_asigna FROM dace004 WHERE exp_e='11-19804441' AND c_asigna='344445' AND status IN ('0','3','B','C') [1][0] OK
C:[20/08/2013 12:20:30.46][190.37.35.170][1182] SELECT par_cod_asig1,par_cod_asig2,par_cod_asig3 FROM tblaca009_p_int WHERE pensum='5' AND c_uni_ca='6' AND c_asigna='344565' [1][0] OK
C:[20/08/2013 12:20:30.64][190.37.35.170][1312] SELECT horas_lab FROM tblaca008 WHERE c_asigna='344565' AND horas_teoricas > 0 [1][0] OK
C:[20/08/2013 12:23:42.61][68.171.231.82][1138] SELECT pre_cod_asig1,pre_cod_asig2,pre_cod_asig3,pre_cod_asig4,pre_cod_asig5,pre_cod_asig6,pre_cod_asig7 FROM tblaca009_p_int WHERE pensum='5' AND c_uni_ca='6' AND c_asigna='342559' [1][0] OK
C:[20/08/2013 12:23:42.61][68.171.231.82][1151] SELECT c_asigna FROM dace004 WHERE exp_e='07-20036308' AND c_asigna='342436' AND status IN ('0','3','B','C') [1][0] OK
C:[20/08/2013 12:23:42.61][68.171.231.82][1138] SELECT pre_cod_asig1,pre_cod_asig2,pre_cod_asig3,pre_cod_asig4,pre_cod_asig5,pre_cod_asig6,pre_cod_asig7 FROM tblaca009_p_int WHERE pensum='5' AND c_uni_ca='6' AND c_asigna='344565' [1][0] OK
C:[20/08/2013 12:23:42.61][68.171.231.82][1151] SELECT c_asigna FROM dace004 WHERE exp_e='07-20036308' AND c_asigna='344445' AND status IN ('0','3','B','C') [1][0] OK
C:[20/08/2013 12:23:42.61][68.171.231.82][1138] SELECT pre_cod_asig1,pre_cod_asig2,pre_cod_asig3,pre_cod_asig4,pre_cod_asig5,pre_cod_asig6,pre_cod_asig7 FROM tblaca009_p_int WHERE pensum='5' AND c_uni_ca='6' AND c_asigna='344566' [1][0] OK
C:[20/08/2013 12:23:42.61][68.171.231.82][1151] SELECT c_asigna FROM dace004 WHERE exp_e='07-20036308' AND c_asigna='344446' AND status IN ('0','3','B','C') [1][0] OK
C:[20/08/2013 12:23:42.61][68.171.231.82][1151] SELECT c_asigna FROM dace004 WHERE exp_e='07-20036308' AND c_asigna='300428' AND status IN ('0','3','B','C') [1][0] OK
C:[20/08/2013 12:23:43.05][68.171.231.82][1182] SELECT par_cod_asig1,par_cod_asig2,par_cod_asig3 FROM tblaca009_p_int WHERE pensum='5' AND c_uni_ca='6' AND c_asigna='342559' [1][0] OK
C:[20/08/2013 12:23:43.05][68.171.231.82][1182] SELECT par_cod_asig1,par_cod_asig2,par_cod_asig3 FROM tblaca009_p_int WHERE pensum='5' AND c_uni_ca='6' AND c_asigna='344565' [1][0] OK
C:[20/08/2013 12:23:43.05][68.171.231.82][1182] SELECT par_cod_asig1,par_cod_asig2,par_cod_asig3 FROM tblaca009_p_int WHERE pensum='5' AND c_uni_ca='6' AND c_asigna='344566' [1][0] OK
C:[20/08/2013 12:23:43.43][68.171.231.82][1312] SELECT horas_lab FROM tblaca008 WHERE c_asigna='342559' AND horas_teoricas > 0 [1][0] OK
C:[20/08/2013 12:23:43.43][68.171.231.82][1312] SELECT horas_lab FROM tblaca008 WHERE c_asigna='344565' AND horas_teoricas > 0 [1][0] OK
C:[20/08/2013 12:23:43.43][68.171.231.82][1312] SELECT horas_lab FROM tblaca008 WHERE c_asigna='344566' AND horas_teoricas > 0 [1][0] OK
C:[20/08/2013 12:24:22.58][200.90.108.141][1138] SELECT pre_cod_asig1,pre_cod_asig2,pre_cod_asig3,pre_cod_asig4,pre_cod_asig5,pre_cod_asig6,pre_cod_asig7 FROM tblaca009_p_int WHERE pensum='5' AND c_uni_ca='6' AND c_asigna='344565' [1][0] OK
C:[20/08/2013 12:24:22.58][200.90.108.141][1151] SELECT c_asigna FROM dace004 WHERE exp_e='08-21338906' AND c_asigna='344445' AND status IN ('0','3','B','C') [1][0] OK
C:[20/08/2013 12:24:22.58][200.90.108.141][1138] SELECT pre_cod_asig1,pre_cod_asig2,pre_cod_asig3,pre_cod_asig4,pre_cod_asig5,pre_cod_asig6,pre_cod_asig7 FROM tblaca009_p_int WHERE pensum='5' AND c_uni_ca='6' AND c_asigna='344689' [1][0] OK
C:[20/08/2013 12:24:22.58][200.90.108.141][1151] SELECT c_asigna FROM dace004 WHERE exp_e='08-21338906' AND c_asigna='300209' AND status IN ('0','3','B','C') [1][0] OK
C:[20/08/2013 12:24:23.65][200.90.108.141][1182] SELECT par_cod_asig1,par_cod_asig2,par_cod_asig3 FROM tblaca009_p_int WHERE pensum='5' AND c_uni_ca='6' AND c_asigna='344565' [1][0] OK
C:[20/08/2013 12:24:23.65][200.90.108.141][1182] SELECT par_cod_asig1,par_cod_asig2,par_cod_asig3 FROM tblaca009_p_int WHERE pensum='5' AND c_uni_ca='6' AND c_asigna='344689' [1][0] OK
C:[20/08/2013 12:24:23.91][200.90.108.141][1312] SELECT horas_lab FROM tblaca008 WHERE c_asigna='344565' AND horas_teoricas > 0 [1][0] OK
C:[20/08/2013 12:24:23.91][200.90.108.141][1312] SELECT horas_lab FROM tblaca008 WHERE c_asigna='344689' AND horas_teoricas > 0 [1][0] OK
C:[20/08/2013 12:25:56.98][181.185.255.126][1138] SELECT pre_cod_asig1,pre_cod_asig2,pre_cod_asig3,pre_cod_asig4,pre_cod_asig5,pre_cod_asig6,pre_cod_asig7 FROM tblaca009_p_int WHERE pensum='5' AND c_uni_ca='6' AND c_asigna='344565' [1][0] OK
C:[20/08/2013 12:25:56.98][181.185.255.126][1151] SELECT c_asigna FROM dace004 WHERE exp_e='10-20807581' AND c_asigna='344445' AND status IN ('0','3','B','C') [1][0] OK
C:[20/08/2013 12:25:56.98][181.185.255.126][1138] SELECT pre_cod_asig1,pre_cod_asig2,pre_cod_asig3,pre_cod_asig4,pre_cod_asig5,pre_cod_asig6,pre_cod_asig7 FROM tblaca009_p_int WHERE pensum='5' AND c_uni_ca='6' AND c_asigna='344689' [1][0] OK
C:[20/08/2013 12:25:56.98][181.185.255.126][1151] SELECT c_asigna FROM dace004 WHERE exp_e='10-20807581' AND c_asigna='300209' AND status IN ('0','3','B','C') [1][0] OK
C:[20/08/2013 12:25:56.60][181.185.255.126][1182] SELECT par_cod_asig1,par_cod_asig2,par_cod_asig3 FROM tblaca009_p_int WHERE pensum='5' AND c_uni_ca='6' AND c_asigna='344565' [1][0] OK
C:[20/08/2013 12:25:56.60][181.185.255.126][1182] SELECT par_cod_asig1,par_cod_asig2,par_cod_asig3 FROM tblaca009_p_int WHERE pensum='5' AND c_uni_ca='6' AND c_asigna='344689' [1][0] OK
C:[20/08/2013 12:25:56.86][181.185.255.126][1312] SELECT horas_lab FROM tblaca008 WHERE c_asigna='344565' AND horas_teoricas > 0 [1][0] OK
C:[20/08/2013 12:25:56.86][181.185.255.126][1312] SELECT horas_lab FROM tblaca008 WHERE c_asigna='344689' AND horas_teoricas > 0 [1][0] OK
C:[20/08/2013 12:26:44.28][190.206.79.63][1138] SELECT pre_cod_asig1,pre_cod_asig2,pre_cod_asig3,pre_cod_asig4,pre_cod_asig5,pre_cod_asig6,pre_cod_asig7 FROM tblaca009_p_int WHERE pensum='5' AND c_uni_ca='2' AND c_asigna='322702' [1][0] OK
C:[20/08/2013 12:26:44.28][190.206.79.63][1151] SELECT c_asigna FROM dace004 WHERE exp_e='09-20557100' AND c_asigna='322683' AND status IN ('0','3','B','C') [1][0] OK
C:[20/08/2013 12:26:44.66][190.206.79.63][1182] SELECT par_cod_asig1,par_cod_asig2,par_cod_asig3 FROM tblaca009_p_int WHERE pensum='5' AND c_uni_ca='2' AND c_asigna='322702' [1][0] OK
C:[20/08/2013 12:26:44.81][190.206.79.63][1312] SELECT horas_lab FROM tblaca008 WHERE c_asigna='322702' AND horas_teoricas > 0 [1][0] OK
C:[20/08/2013 12:29:00.40][190.36.21.109][1138] SELECT pre_cod_asig1,pre_cod_asig2,pre_cod_asig3,pre_cod_asig4,pre_cod_asig5,pre_cod_asig6,pre_cod_asig7 FROM tblaca009_p_int WHERE pensum='5' AND c_uni_ca='6' AND c_asigna='344565' [1][0] OK
C:[20/08/2013 12:29:00.40][190.36.21.109][1151] SELECT c_asigna FROM dace004 WHERE exp_e='10-20285434' AND c_asigna='344445' AND status IN ('0','3','B','C') [1][0] OK
C:[20/08/2013 12:29:00.40][190.36.21.109][1138] SELECT pre_cod_asig1,pre_cod_asig2,pre_cod_asig3,pre_cod_asig4,pre_cod_asig5,pre_cod_asig6,pre_cod_asig7 FROM tblaca009_p_int WHERE pensum='5' AND c_uni_ca='6' AND c_asigna='344689' [1][0] OK
C:[20/08/2013 12:29:00.40][190.36.21.109][1151] SELECT c_asigna FROM dace004 WHERE exp_e='10-20285434' AND c_asigna='300209' AND status IN ('0','3','B','C') [1][0] OK
C:[20/08/2013 12:29:00.02][190.36.21.109][1182] SELECT par_cod_asig1,par_cod_asig2,par_cod_asig3 FROM tblaca009_p_int WHERE pensum='5' AND c_uni_ca='6' AND c_asigna='344565' [1][0] OK
C:[20/08/2013 12:29:00.02][190.36.21.109][1182] SELECT par_cod_asig1,par_cod_asig2,par_cod_asig3 FROM tblaca009_p_int WHERE pensum='5' AND c_uni_ca='6' AND c_asigna='344689' [1][0] OK
C:[20/08/2013 12:29:01.28][190.36.21.109][1312] SELECT horas_lab FROM tblaca008 WHERE c_asigna='344565' AND horas_teoricas > 0 [1][0] OK
C:[20/08/2013 12:29:01.28][190.36.21.109][1312] SELECT horas_lab FROM tblaca008 WHERE c_asigna='344689' AND horas_teoricas > 0 [1][0] OK
C:[20/08/2013 12:29:45.46][68.171.231.81][1138] SELECT pre_cod_asig1,pre_cod_asig2,pre_cod_asig3,pre_cod_asig4,pre_cod_asig5,pre_cod_asig6,pre_cod_asig7 FROM tblaca009_p_int WHERE pensum='5' AND c_uni_ca='6' AND c_asigna='344565' [1][0] OK
C:[20/08/2013 12:29:45.46][68.171.231.81][1151] SELECT c_asigna FROM dace004 WHERE exp_e='10-20808566' AND c_asigna='344445' AND status IN ('0','3','B','C') [1][0] OK
C:[20/08/2013 12:29:45.46][68.171.231.81][1138] SELECT pre_cod_asig1,pre_cod_asig2,pre_cod_asig3,pre_cod_asig4,pre_cod_asig5,pre_cod_asig6,pre_cod_asig7 FROM tblaca009_p_int WHERE pensum='5' AND c_uni_ca='6' AND c_asigna='344689' [1][0] OK
C:[20/08/2013 12:29:45.46][68.171.231.81][1151] SELECT c_asigna FROM dace004 WHERE exp_e='10-20808566' AND c_asigna='300209' AND status IN ('0','3','B','C') [1][0] OK
C:[20/08/2013 12:29:45.52][68.171.231.81][1182] SELECT par_cod_asig1,par_cod_asig2,par_cod_asig3 FROM tblaca009_p_int WHERE pensum='5' AND c_uni_ca='6' AND c_asigna='344565' [1][0] OK
C:[20/08/2013 12:29:45.52][68.171.231.81][1182] SELECT par_cod_asig1,par_cod_asig2,par_cod_asig3 FROM tblaca009_p_int WHERE pensum='5' AND c_uni_ca='6' AND c_asigna='344689' [1][0] OK
C:[20/08/2013 12:29:45.81][68.171.231.81][1312] SELECT horas_lab FROM tblaca008 WHERE c_asigna='344565' AND horas_teoricas > 0 [1][0] OK
C:[20/08/2013 12:29:45.81][68.171.231.81][1312] SELECT horas_lab FROM tblaca008 WHERE c_asigna='344689' AND horas_teoricas > 0 [1][0] OK
C:[20/08/2013 12:30:35.13][172.17.148.26][1138] SELECT pre_cod_asig1,pre_cod_asig2,pre_cod_asig3,pre_cod_asig4,pre_cod_asig5,pre_cod_asig6,pre_cod_asig7 FROM tblaca009_p_int WHERE pensum='5' AND c_uni_ca='3' AND c_asigna='300676' [1][0] OK
C:[20/08/2013 12:30:35.38][172.17.148.26][1182] SELECT par_cod_asig1,par_cod_asig2,par_cod_asig3 FROM tblaca009_p_int WHERE pensum='5' AND c_uni_ca='3' AND c_asigna='300676' [1][0] OK
C:[20/08/2013 12:30:35.52][172.17.148.26][1312] SELECT horas_lab FROM tblaca008 WHERE c_asigna='300676' AND horas_teoricas > 0 [1][0] OK
C:[20/08/2013 12:36:56.28][190.94.251.7][1138] SELECT pre_cod_asig1,pre_cod_asig2,pre_cod_asig3,pre_cod_asig4,pre_cod_asig5,pre_cod_asig6,pre_cod_asig7 FROM tblaca009_p_int WHERE pensum='5' AND c_uni_ca='2' AND c_asigna='322801' [1][0] OK
C:[20/08/2013 12:36:56.28][190.94.251.7][1151] SELECT c_asigna FROM dace004 WHERE exp_e='10-20503990' AND c_asigna='322780' AND status IN ('0','3','B','C') [1][0] OK
C:[20/08/2013 12:36:56.28][190.94.251.7][1138] SELECT pre_cod_asig1,pre_cod_asig2,pre_cod_asig3,pre_cod_asig4,pre_cod_asig5,pre_cod_asig6,pre_cod_asig7 FROM tblaca009_p_int WHERE pensum='5' AND c_uni_ca='2' AND c_asigna='322826' [1][0] OK
C:[20/08/2013 12:36:56.28][190.94.251.7][1151] SELECT c_asigna FROM dace004 WHERE exp_e='10-20503990' AND c_asigna='322683' AND status IN ('0','3','B','C') [1][0] OK
C:[20/08/2013 12:36:56.90][190.94.251.7][1182] SELECT par_cod_asig1,par_cod_asig2,par_cod_asig3 FROM tblaca009_p_int WHERE pensum='5' AND c_uni_ca='2' AND c_asigna='322801' [1][0] OK
C:[20/08/2013 12:36:56.90][190.94.251.7][1182] SELECT par_cod_asig1,par_cod_asig2,par_cod_asig3 FROM tblaca009_p_int WHERE pensum='5' AND c_uni_ca='2' AND c_asigna='322826' [1][0] OK
C:[20/08/2013 12:36:56.17][190.94.251.7][1312] SELECT horas_lab FROM tblaca008 WHERE c_asigna='322801' AND horas_teoricas > 0 [1][0] OK
C:[20/08/2013 12:36:56.17][190.94.251.7][1312] SELECT horas_lab FROM tblaca008 WHERE c_asigna='322826' AND horas_teoricas > 0 [1][0] OK
C:[20/08/2013 12:38:06.43][186.90.196.241][1138] SELECT pre_cod_asig1,pre_cod_asig2,pre_cod_asig3,pre_cod_asig4,pre_cod_asig5,pre_cod_asig6,pre_cod_asig7 FROM tblaca009_p_int WHERE pensum='5' AND c_uni_ca='6' AND c_asigna='344565' [1][0] OK
C:[20/08/2013 12:38:06.43][186.90.196.241][1151] SELECT c_asigna FROM dace004 WHERE exp_e='09-20373005' AND c_asigna='344445' AND status IN ('0','3','B','C') [1][0] OK
C:[20/08/2013 12:38:06.43][186.90.196.241][1138] SELECT pre_cod_asig1,pre_cod_asig2,pre_cod_asig3,pre_cod_asig4,pre_cod_asig5,pre_cod_asig6,pre_cod_asig7 FROM tblaca009_p_int WHERE pensum='5' AND c_uni_ca='6' AND c_asigna='344689' [1][0] OK
C:[20/08/2013 12:38:06.43][186.90.196.241][1151] SELECT c_asigna FROM dace004 WHERE exp_e='09-20373005' AND c_asigna='300209' AND status IN ('0','3','B','C') [1][0] OK
C:[20/08/2013 12:38:06.06][186.90.196.241][1182] SELECT par_cod_asig1,par_cod_asig2,par_cod_asig3 FROM tblaca009_p_int WHERE pensum='5' AND c_uni_ca='6' AND c_asigna='344565' [1][0] OK
C:[20/08/2013 12:38:06.06][186.90.196.241][1182] SELECT par_cod_asig1,par_cod_asig2,par_cod_asig3 FROM tblaca009_p_int WHERE pensum='5' AND c_uni_ca='6' AND c_asigna='344689' [1][0] OK
C:[20/08/2013 12:38:06.32][186.90.196.241][1312] SELECT horas_lab FROM tblaca008 WHERE c_asigna='344565' AND horas_teoricas > 0 [1][0] OK
C:[20/08/2013 12:38:06.32][186.90.196.241][1312] SELECT horas_lab FROM tblaca008 WHERE c_asigna='344689' AND horas_teoricas > 0 [1][0] OK
C:[20/08/2013 12:43:47.36][190.94.238.180][1138] SELECT pre_cod_asig1,pre_cod_asig2,pre_cod_asig3,pre_cod_asig4,pre_cod_asig5,pre_cod_asig6,pre_cod_asig7 FROM tblaca009_p_int WHERE pensum='5' AND c_uni_ca='2' AND c_asigna='300890' [1][0] OK
C:[20/08/2013 12:43:47.60][190.94.238.180][1182] SELECT par_cod_asig1,par_cod_asig2,par_cod_asig3 FROM tblaca009_p_int WHERE pensum='5' AND c_uni_ca='2' AND c_asigna='300890' [1][0] OK
C:[20/08/2013 12:43:47.74][190.94.238.180][1312] SELECT horas_lab FROM tblaca008 WHERE c_asigna='300890' AND horas_teoricas > 0 [1][0] OK
C:[20/08/2013 12:45:29.49][200.109.203.246][1138] SELECT pre_cod_asig1,pre_cod_asig2,pre_cod_asig3,pre_cod_asig4,pre_cod_asig5,pre_cod_asig6,pre_cod_asig7 FROM tblaca009_p_int WHERE pensum='5' AND c_uni_ca='2' AND c_asigna='322702' [1][0] OK
C:[20/08/2013 12:45:29.49][200.109.203.246][1151] SELECT c_asigna FROM dace004 WHERE exp_e='04-17381962' AND c_asigna='322683' AND status IN ('0','3','B','C') [1][0] OK
C:[20/08/2013 12:45:29.49][200.109.203.246][1138] SELECT pre_cod_asig1,pre_cod_asig2,pre_cod_asig3,pre_cod_asig4,pre_cod_asig5,pre_cod_asig6,pre_cod_asig7 FROM tblaca009_p_int WHERE pensum='5' AND c_uni_ca='2' AND c_asigna='322801' [1][0] OK
C:[20/08/2013 12:45:29.49][200.109.203.246][1151] SELECT c_asigna FROM dace004 WHERE exp_e='04-17381962' AND c_asigna='322780' AND status IN ('0','3','B','C') [1][0] OK
C:[20/08/2013 12:45:29.12][200.109.203.246][1182] SELECT par_cod_asig1,par_cod_asig2,par_cod_asig3 FROM tblaca009_p_int WHERE pensum='5' AND c_uni_ca='2' AND c_asigna='322702' [1][0] OK
C:[20/08/2013 12:45:29.12][200.109.203.246][1182] SELECT par_cod_asig1,par_cod_asig2,par_cod_asig3 FROM tblaca009_p_int WHERE pensum='5' AND c_uni_ca='2' AND c_asigna='322801' [1][0] OK
C:[20/08/2013 12:45:29.38][200.109.203.246][1312] SELECT horas_lab FROM tblaca008 WHERE c_asigna='322702' AND horas_teoricas > 0 [1][0] OK
C:[20/08/2013 12:45:29.38][200.109.203.246][1312] SELECT horas_lab FROM tblaca008 WHERE c_asigna='322801' AND horas_teoricas > 0 [1][0] OK
C:[20/08/2013 12:49:28.19][190.94.238.180][1138] SELECT pre_cod_asig1,pre_cod_asig2,pre_cod_asig3,pre_cod_asig4,pre_cod_asig5,pre_cod_asig6,pre_cod_asig7 FROM tblaca009_p_int WHERE pensum='5' AND c_uni_ca='6' AND c_asigna='342444' [1][0] OK
C:[20/08/2013 12:49:28.19][190.94.238.180][1151] SELECT c_asigna FROM dace004 WHERE exp_e='08-19622086' AND c_asigna='340323' AND status IN ('0','3','B','C') [1][0] OK
C:[20/08/2013 12:49:28.19][190.94.238.180][1138] SELECT pre_cod_asig1,pre_cod_asig2,pre_cod_asig3,pre_cod_asig4,pre_cod_asig5,pre_cod_asig6,pre_cod_asig7 FROM tblaca009_p_int WHERE pensum='5' AND c_uni_ca='6' AND c_asigna='344565' [1][0] OK
C:[20/08/2013 12:49:28.19][190.94.238.180][1151] SELECT c_asigna FROM dace004 WHERE exp_e='08-19622086' AND c_asigna='344445' AND status IN ('0','3','B','C') [1][0] OK
C:[20/08/2013 12:49:28.19][190.94.238.180][1138] SELECT pre_cod_asig1,pre_cod_asig2,pre_cod_asig3,pre_cod_asig4,pre_cod_asig5,pre_cod_asig6,pre_cod_asig7 FROM tblaca009_p_int WHERE pensum='5' AND c_uni_ca='6' AND c_asigna='344613' [1][0] OK
C:[20/08/2013 12:49:28.19][190.94.238.180][1151] SELECT c_asigna FROM dace004 WHERE exp_e='08-19622086' AND c_asigna='344566' AND status IN ('0','3','B','C') [1][0] OK
C:[20/08/2013 12:49:28.06][190.94.238.180][1182] SELECT par_cod_asig1,par_cod_asig2,par_cod_asig3 FROM tblaca009_p_int WHERE pensum='5' AND c_uni_ca='6' AND c_asigna='342444' [1][0] OK
C:[20/08/2013 12:49:28.06][190.94.238.180][1182] SELECT par_cod_asig1,par_cod_asig2,par_cod_asig3 FROM tblaca009_p_int WHERE pensum='5' AND c_uni_ca='6' AND c_asigna='344565' [1][0] OK
C:[20/08/2013 12:49:28.06][190.94.238.180][1182] SELECT par_cod_asig1,par_cod_asig2,par_cod_asig3 FROM tblaca009_p_int WHERE pensum='5' AND c_uni_ca='6' AND c_asigna='344613' [1][0] OK
C:[20/08/2013 12:49:29.45][190.94.238.180][1312] SELECT horas_lab FROM tblaca008 WHERE c_asigna='342444' AND horas_teoricas > 0 [1][0] OK
C:[20/08/2013 12:49:29.45][190.94.238.180][1312] SELECT horas_lab FROM tblaca008 WHERE c_asigna='344565' AND horas_teoricas > 0 [1][0] OK
C:[20/08/2013 12:49:29.45][190.94.238.180][1312] SELECT horas_lab FROM tblaca008 WHERE c_asigna='344613' AND horas_teoricas > 0 [1][0] OK
C:[20/08/2013 12:49:51.17][190.75.137.22][1138] SELECT pre_cod_asig1,pre_cod_asig2,pre_cod_asig3,pre_cod_asig4,pre_cod_asig5,pre_cod_asig6,pre_cod_asig7 FROM tblaca009_p_int WHERE pensum='5' AND c_uni_ca='2' AND c_asigna='300013' [1][0] OK
C:[20/08/2013 12:49:51.17][190.75.137.22][1138] SELECT pre_cod_asig1,pre_cod_asig2,pre_cod_asig3,pre_cod_asig4,pre_cod_asig5,pre_cod_asig6,pre_cod_asig7 FROM tblaca009_p_int WHERE pensum='5' AND c_uni_ca='2' AND c_asigna='300101' [1][0] OK
C:[20/08/2013 12:49:52.54][190.75.137.22][1182] SELECT par_cod_asig1,par_cod_asig2,par_cod_asig3 FROM tblaca009_p_int WHERE pensum='5' AND c_uni_ca='2' AND c_asigna='300013' [1][0] OK
C:[20/08/2013 12:49:52.54][190.75.137.22][1182] SELECT par_cod_asig1,par_cod_asig2,par_cod_asig3 FROM tblaca009_p_int WHERE pensum='5' AND c_uni_ca='2' AND c_asigna='300101' [1][0] OK
C:[20/08/2013 12:49:52.80][190.75.137.22][1312] SELECT horas_lab FROM tblaca008 WHERE c_asigna='300013' AND horas_teoricas > 0 [1][0] OK
C:[20/08/2013 12:49:52.80][190.75.137.22][1312] SELECT horas_lab FROM tblaca008 WHERE c_asigna='300101' AND horas_teoricas > 0 [1][0] OK
C:[20/08/2013 12:51:40.33][186.167.242.28][1138] SELECT pre_cod_asig1,pre_cod_asig2,pre_cod_asig3,pre_cod_asig4,pre_cod_asig5,pre_cod_asig6,pre_cod_asig7 FROM tblaca009_p_int WHERE pensum='5' AND c_uni_ca='4' AND c_asigna='330435' [1][0] OK
C:[20/08/2013 12:51:40.33][186.167.242.28][1138] SELECT pre_cod_asig1,pre_cod_asig2,pre_cod_asig3,pre_cod_asig4,pre_cod_asig5,pre_cod_asig6,pre_cod_asig7 FROM tblaca009_p_int WHERE pensum='5' AND c_uni_ca='4' AND c_asigna='332604' [1][0] OK
C:[20/08/2013 12:51:40.71][186.167.242.28][1182] SELECT par_cod_asig1,par_cod_asig2,par_cod_asig3 FROM tblaca009_p_int WHERE pensum='5' AND c_uni_ca='4' AND c_asigna='330435' [1][0] OK
C:[20/08/2013 12:51:40.71][186.167.242.28][1182] SELECT par_cod_asig1,par_cod_asig2,par_cod_asig3 FROM tblaca009_p_int WHERE pensum='5' AND c_uni_ca='4' AND c_asigna='332604' [1][0] OK
C:[20/08/2013 12:51:40.97][186.167.242.28][1312] SELECT horas_lab FROM tblaca008 WHERE c_asigna='330435' AND horas_teoricas > 0 [1][0] OK
C:[20/08/2013 12:51:40.97][186.167.242.28][1312] SELECT horas_lab FROM tblaca008 WHERE c_asigna='332604' AND horas_teoricas > 0 [1][0] OK
C:[20/08/2013 12:53:49.24][190.199.71.100][1138] SELECT pre_cod_asig1,pre_cod_asig2,pre_cod_asig3,pre_cod_asig4,pre_cod_asig5,pre_cod_asig6,pre_cod_asig7 FROM tblaca009_p_int WHERE pensum='5' AND c_uni_ca='3' AND c_asigna='300313' [1][0] OK
C:[20/08/2013 12:53:49.24][190.199.71.100][1151] SELECT c_asigna FROM dace004 WHERE exp_e='09-20773409' AND c_asigna='300213' AND status IN ('0','3','B','C') [1][0] OK
C:[20/08/2013 12:53:49.61][190.199.71.100][1182] SELECT par_cod_asig1,par_cod_asig2,par_cod_asig3 FROM tblaca009_p_int WHERE pensum='5' AND c_uni_ca='3' AND c_asigna='300313' [1][0] OK
C:[20/08/2013 12:53:49.75][190.199.71.100][1312] SELECT horas_lab FROM tblaca008 WHERE c_asigna='300313' AND horas_teoricas > 0 [1][0] OK
C:[20/08/2013 12:54:45.30][190.94.238.180][1138] SELECT pre_cod_asig1,pre_cod_asig2,pre_cod_asig3,pre_cod_asig4,pre_cod_asig5,pre_cod_asig6,pre_cod_asig7 FROM tblaca009_p_int WHERE pensum='5' AND c_uni_ca='6' AND c_asigna='342444' [1][0] OK
C:[20/08/2013 12:54:45.30][190.94.238.180][1151] SELECT c_asigna FROM dace004 WHERE exp_e='08-20013499' AND c_asigna='340323' AND status IN ('0','3','B','C') [1][0] OK
C:[20/08/2013 12:54:45.30][190.94.238.180][1138] SELECT pre_cod_asig1,pre_cod_asig2,pre_cod_asig3,pre_cod_asig4,pre_cod_asig5,pre_cod_asig6,pre_cod_asig7 FROM tblaca009_p_int WHERE pensum='5' AND c_uni_ca='6' AND c_asigna='344565' [1][0] OK
C:[20/08/2013 12:54:45.30][190.94.238.180][1151] SELECT c_asigna FROM dace004 WHERE exp_e='08-20013499' AND c_asigna='344445' AND status IN ('0','3','B','C') [1][0] OK
C:[20/08/2013 12:54:46.39][190.94.238.180][1182] SELECT par_cod_asig1,par_cod_asig2,par_cod_asig3 FROM tblaca009_p_int WHERE pensum='5' AND c_uni_ca='6' AND c_asigna='342444' [1][0] OK
C:[20/08/2013 12:54:46.39][190.94.238.180][1182] SELECT par_cod_asig1,par_cod_asig2,par_cod_asig3 FROM tblaca009_p_int WHERE pensum='5' AND c_uni_ca='6' AND c_asigna='344565' [1][0] OK
C:[20/08/2013 12:54:46.63][190.94.238.180][1312] SELECT horas_lab FROM tblaca008 WHERE c_asigna='342444' AND horas_teoricas > 0 [1][0] OK
C:[20/08/2013 12:54:46.63][190.94.238.180][1312] SELECT horas_lab FROM tblaca008 WHERE c_asigna='344565' AND horas_teoricas > 0 [1][0] OK
C:[20/08/2013 12:56:41.25][186.88.128.194][1138] SELECT pre_cod_asig1,pre_cod_asig2,pre_cod_asig3,pre_cod_asig4,pre_cod_asig5,pre_cod_asig6,pre_cod_asig7 FROM tblaca009_p_int WHERE pensum='5' AND c_uni_ca='3' AND c_asigna='300228' [1][0] OK
C:[20/08/2013 12:56:41.25][186.88.128.194][1151] SELECT c_asigna FROM dace004 WHERE exp_e='11-20505034' AND c_asigna='300101' AND status IN ('0','3','B','C') [1][0] OK
C:[20/08/2013 12:56:41.07][186.88.128.194][1182] SELECT par_cod_asig1,par_cod_asig2,par_cod_asig3 FROM tblaca009_p_int WHERE pensum='5' AND c_uni_ca='3' AND c_asigna='300228' [1][0] OK
C:[20/08/2013 12:56:41.21][186.88.128.194][1312] SELECT horas_lab FROM tblaca008 WHERE c_asigna='300228' AND horas_teoricas > 0 [1][0] OK
C:[20/08/2013 12:57:20.80][190.79.24.47][1138] SELECT pre_cod_asig1,pre_cod_asig2,pre_cod_asig3,pre_cod_asig4,pre_cod_asig5,pre_cod_asig6,pre_cod_asig7 FROM tblaca009_p_int WHERE pensum='5' AND c_uni_ca='3' AND c_asigna='300428' [1][0] OK
C:[20/08/2013 12:57:20.80][190.79.24.47][1151] SELECT c_asigna FROM dace004 WHERE exp_e='11-24890325' AND c_asigna='300317' AND status IN ('0','3','B','C') [1][0] OK
C:[20/08/2013 12:57:20.17][190.79.24.47][1182] SELECT par_cod_asig1,par_cod_asig2,par_cod_asig3 FROM tblaca009_p_int WHERE pensum='5' AND c_uni_ca='3' AND c_asigna='300428' [1][0] OK
C:[20/08/2013 12:57:20.31][190.79.24.47][1312] SELECT horas_lab FROM tblaca008 WHERE c_asigna='300428' AND horas_teoricas > 0 [1][0] OK
C:[20/08/2013 12:59:03.61][190.201.29.199][1138] SELECT pre_cod_asig1,pre_cod_asig2,pre_cod_asig3,pre_cod_asig4,pre_cod_asig5,pre_cod_asig6,pre_cod_asig7 FROM tblaca009_p_int WHERE pensum='5' AND c_uni_ca='4' AND c_asigna='334781' [1][0] OK
C:[20/08/2013 12:59:03.61][190.201.29.199][1151] SELECT c_asigna FROM dace004 WHERE exp_e='07-20505896' AND c_asigna='333444' AND status IN ('0','3','B','C') [1][0] OK
C:[20/08/2013 12:59:03.43][190.201.29.199][1182] SELECT par_cod_asig1,par_cod_asig2,par_cod_asig3 FROM tblaca009_p_int WHERE pensum='5' AND c_uni_ca='4' AND c_asigna='334781' [1][0] OK
C:[20/08/2013 12:59:03.56][190.201.29.199][1312] SELECT horas_lab FROM tblaca008 WHERE c_asigna='334781' AND horas_teoricas > 0 [1][0] OK
C:[20/08/2013 13:02:16.80][190.73.226.217][1138] SELECT pre_cod_asig1,pre_cod_asig2,pre_cod_asig3,pre_cod_asig4,pre_cod_asig5,pre_cod_asig6,pre_cod_asig7 FROM tblaca009_p_int WHERE pensum='5' AND c_uni_ca='6' AND c_asigna='300222' [1][0] OK
C:[20/08/2013 13:02:16.80][190.73.226.217][1151] SELECT c_asigna FROM dace004 WHERE exp_e='07-19419400' AND c_asigna='300112' AND status IN ('0','3','B','C') [1][0] OK
C:[20/08/2013 13:02:16.80][190.73.226.217][1138] SELECT pre_cod_asig1,pre_cod_asig2,pre_cod_asig3,pre_cod_asig4,pre_cod_asig5,pre_cod_asig6,pre_cod_asig7 FROM tblaca009_p_int WHERE pensum='5' AND c_uni_ca='6' AND c_asigna='300226' [1][0] OK
C:[20/08/2013 13:02:16.80][190.73.226.217][1151] SELECT c_asigna FROM dace004 WHERE exp_e='07-19419400' AND c_asigna='300116' AND status IN ('0','3','B','C') [1][0] OK
C:[20/08/2013 13:02:16.80][190.73.226.217][1138] SELECT pre_cod_asig1,pre_cod_asig2,pre_cod_asig3,pre_cod_asig4,pre_cod_asig5,pre_cod_asig6,pre_cod_asig7 FROM tblaca009_p_int WHERE pensum='5' AND c_uni_ca='6' AND c_asigna='344047' [1][0] OK
C:[20/08/2013 13:02:16.80][190.73.226.217][1151] SELECT c_asigna FROM dace004 WHERE exp_e='07-19419400' AND c_asigna='344715' AND status IN ('0','3','B','C') [1][0] OK
C:[20/08/2013 13:02:16.80][190.73.226.217][1151] SELECT c_asigna FROM dace004 WHERE exp_e='07-19419400' AND c_asigna='344843' AND status IN ('0','3','B','C') [1][0] OK
C:[20/08/2013 13:02:16.79][190.73.226.217][1182] SELECT par_cod_asig1,par_cod_asig2,par_cod_asig3 FROM tblaca009_p_int WHERE pensum='5' AND c_uni_ca='6' AND c_asigna='300222' [1][0] OK
C:[20/08/2013 13:02:16.79][190.73.226.217][1182] SELECT par_cod_asig1,par_cod_asig2,par_cod_asig3 FROM tblaca009_p_int WHERE pensum='5' AND c_uni_ca='6' AND c_asigna='300226' [1][0] OK
C:[20/08/2013 13:02:16.79][190.73.226.217][1182] SELECT par_cod_asig1,par_cod_asig2,par_cod_asig3 FROM tblaca009_p_int WHERE pensum='5' AND c_uni_ca='6' AND c_asigna='344047' [1][0] OK
C:[20/08/2013 13:02:16.18][190.73.226.217][1312] SELECT horas_lab FROM tblaca008 WHERE c_asigna='300222' AND horas_teoricas > 0 [1][0] OK
C:[20/08/2013 13:02:16.18][190.73.226.217][1312] SELECT horas_lab FROM tblaca008 WHERE c_asigna='300226' AND horas_teoricas > 0 [1][0] OK
C:[20/08/2013 13:02:16.18][190.73.226.217][1312] SELECT horas_lab FROM tblaca008 WHERE c_asigna='344047' AND horas_teoricas > 0 [1][0] OK
C:[20/08/2013 13:02:25.70][190.207.38.93][1138] SELECT pre_cod_asig1,pre_cod_asig2,pre_cod_asig3,pre_cod_asig4,pre_cod_asig5,pre_cod_asig6,pre_cod_asig7 FROM tblaca009_p_int WHERE pensum='5' AND c_uni_ca='6' AND c_asigna='344046' [1][0] OK
C:[20/08/2013 13:02:25.70][190.207.38.93][1151] SELECT c_asigna FROM dace004 WHERE exp_e='06-18335393' AND c_asigna='344714' AND status IN ('0','3','B','C') [1][0] OK
C:[20/08/2013 13:02:25.07][190.207.38.93][1182] SELECT par_cod_asig1,par_cod_asig2,par_cod_asig3 FROM tblaca009_p_int WHERE pensum='5' AND c_uni_ca='6' AND c_asigna='344046' [1][0] OK
C:[20/08/2013 13:02:25.20][190.207.38.93][1312] SELECT horas_lab FROM tblaca008 WHERE c_asigna='344046' AND horas_teoricas > 0 [1][0] OK
C:[20/08/2013 13:02:35.58][68.171.231.86][1138] SELECT pre_cod_asig1,pre_cod_asig2,pre_cod_asig3,pre_cod_asig4,pre_cod_asig5,pre_cod_asig6,pre_cod_asig7 FROM tblaca009_p_int WHERE pensum='5' AND c_uni_ca='4' AND c_asigna='332604' [1][0] OK
C:[20/08/2013 13:02:35.58][68.171.231.86][1138] SELECT pre_cod_asig1,pre_cod_asig2,pre_cod_asig3,pre_cod_asig4,pre_cod_asig5,pre_cod_asig6,pre_cod_asig7 FROM tblaca009_p_int WHERE pensum='5' AND c_uni_ca='4' AND c_asigna='333809' [1][0] OK
C:[20/08/2013 13:02:35.58][68.171.231.86][1151] SELECT c_asigna FROM dace004 WHERE exp_e='07-19332209' AND c_asigna='333683' AND status IN ('0','3','B','C') [1][0] OK
C:[20/08/2013 13:02:35.58][68.171.231.86][1151] SELECT c_asigna FROM dace004 WHERE exp_e='07-19332209' AND c_asigna='333710' AND status IN ('0','3','B','C') [1][0] OK
C:[20/08/2013 13:02:35.58][68.171.231.86][1138] SELECT pre_cod_asig1,pre_cod_asig2,pre_cod_asig3,pre_cod_asig4,pre_cod_asig5,pre_cod_asig6,pre_cod_asig7 FROM tblaca009_p_int WHERE pensum='5' AND c_uni_ca='4' AND c_asigna='333838' [1][0] OK
C:[20/08/2013 13:02:35.58][68.171.231.86][1151] SELECT c_asigna FROM dace004 WHERE exp_e='07-19332209' AND c_asigna='333563' AND status IN ('0','3','B','C') [1][0] OK
C:[20/08/2013 13:02:35.58][68.171.231.86][1151] SELECT c_asigna FROM dace004 WHERE exp_e='07-19332209' AND c_asigna='333683' AND status IN ('0','3','B','C') [1][0] OK
C:[20/08/2013 13:02:35.01][68.171.231.86][1182] SELECT par_cod_asig1,par_cod_asig2,par_cod_asig3 FROM tblaca009_p_int WHERE pensum='5' AND c_uni_ca='4' AND c_asigna='332604' [1][0] OK
C:[20/08/2013 13:02:35.01][68.171.231.86][1182] SELECT par_cod_asig1,par_cod_asig2,par_cod_asig3 FROM tblaca009_p_int WHERE pensum='5' AND c_uni_ca='4' AND c_asigna='333809' [1][0] OK
C:[20/08/2013 13:02:35.01][68.171.231.86][1182] SELECT par_cod_asig1,par_cod_asig2,par_cod_asig3 FROM tblaca009_p_int WHERE pensum='5' AND c_uni_ca='4' AND c_asigna='333838' [1][0] OK
C:[20/08/2013 13:02:35.40][68.171.231.86][1312] SELECT horas_lab FROM tblaca008 WHERE c_asigna='332604' AND horas_teoricas > 0 [1][0] OK
C:[20/08/2013 13:02:35.40][68.171.231.86][1312] SELECT horas_lab FROM tblaca008 WHERE c_asigna='333809' AND horas_teoricas > 0 [1][0] OK
C:[20/08/2013 13:02:35.40][68.171.231.86][1312] SELECT horas_lab FROM tblaca008 WHERE c_asigna='333838' AND horas_teoricas > 0 [1][0] OK
C:[20/08/2013 13:05:15.38][216.72.94.202][1138] SELECT pre_cod_asig1,pre_cod_asig2,pre_cod_asig3,pre_cod_asig4,pre_cod_asig5,pre_cod_asig6,pre_cod_asig7 FROM tblaca009_p_int WHERE pensum='5' AND c_uni_ca='3' AND c_asigna='311556' [1][0] OK
C:[20/08/2013 13:05:15.38][216.72.94.202][1151] SELECT c_asigna FROM dace004 WHERE exp_e='08-15617334' AND c_asigna='311430' AND status IN ('0','3','B','C') [1][0] OK
C:[20/08/2013 13:05:15.38][216.72.94.202][1138] SELECT pre_cod_asig1,pre_cod_asig2,pre_cod_asig3,pre_cod_asig4,pre_cod_asig5,pre_cod_asig6,pre_cod_asig7 FROM tblaca009_p_int WHERE pensum='5' AND c_uni_ca='3' AND c_asigna='311673' [1][0] OK
C:[20/08/2013 13:05:15.38][216.72.94.202][1151] SELECT c_asigna FROM dace004 WHERE exp_e='08-15617334' AND c_asigna='311551' AND status IN ('0','3','B','C') [1][0] OK
C:[20/08/2013 13:05:15.38][216.72.94.202][1138] SELECT pre_cod_asig1,pre_cod_asig2,pre_cod_asig3,pre_cod_asig4,pre_cod_asig5,pre_cod_asig6,pre_cod_asig7 FROM tblaca009_p_int WHERE pensum='5' AND c_uni_ca='3' AND c_asigna='315671' [1][0] OK
C:[20/08/2013 13:05:15.38][216.72.94.202][1151] SELECT c_asigna FROM dace004 WHERE exp_e='08-15617334' AND c_asigna='315552' AND status IN ('0','3','B','C') [1][0] OK
C:[20/08/2013 13:05:15.25][216.72.94.202][1182] SELECT par_cod_asig1,par_cod_asig2,par_cod_asig3 FROM tblaca009_p_int WHERE pensum='5' AND c_uni_ca='3' AND c_asigna='311556' [1][0] OK
C:[20/08/2013 13:05:15.25][216.72.94.202][1182] SELECT par_cod_asig1,par_cod_asig2,par_cod_asig3 FROM tblaca009_p_int WHERE pensum='5' AND c_uni_ca='3' AND c_asigna='311673' [1][0] OK
C:[20/08/2013 13:05:15.25][216.72.94.202][1182] SELECT par_cod_asig1,par_cod_asig2,par_cod_asig3 FROM tblaca009_p_int WHERE pensum='5' AND c_uni_ca='3' AND c_asigna='315671' [1][0] OK
C:[20/08/2013 13:05:16.64][216.72.94.202][1312] SELECT horas_lab FROM tblaca008 WHERE c_asigna='311556' AND horas_teoricas > 0 [0][0] OK
C:[20/08/2013 13:05:16.64][216.72.94.202][1312] SELECT horas_lab FROM tblaca008 WHERE c_asigna='311673' AND horas_teoricas > 0 [1][0] OK
C:[20/08/2013 13:05:16.64][216.72.94.202][1312] SELECT horas_lab FROM tblaca008 WHERE c_asigna='315671' AND horas_teoricas > 0 [1][0] OK
C:[20/08/2013 13:05:25.73][190.200.52.52][1138] SELECT pre_cod_asig1,pre_cod_asig2,pre_cod_asig3,pre_cod_asig4,pre_cod_asig5,pre_cod_asig6,pre_cod_asig7 FROM tblaca009_p_int WHERE pensum='5' AND c_uni_ca='6' AND c_asigna='300101' [1][0] OK
C:[20/08/2013 13:05:25.73][190.200.52.52][1138] SELECT pre_cod_asig1,pre_cod_asig2,pre_cod_asig3,pre_cod_asig4,pre_cod_asig5,pre_cod_asig6,pre_cod_asig7 FROM tblaca009_p_int WHERE pensum='5' AND c_uni_ca='6' AND c_asigna='300113' [1][0] OK
C:[20/08/2013 13:05:25.54][190.200.52.52][1182] SELECT par_cod_asig1,par_cod_asig2,par_cod_asig3 FROM tblaca009_p_int WHERE pensum='5' AND c_uni_ca='6' AND c_asigna='300101' [1][0] OK
C:[20/08/2013 13:05:25.54][190.200.52.52][1182] SELECT par_cod_asig1,par_cod_asig2,par_cod_asig3 FROM tblaca009_p_int WHERE pensum='5' AND c_uni_ca='6' AND c_asigna='300113' [1][0] OK
C:[20/08/2013 13:05:25.54][190.200.52.52][1196] SELECT c_asigna FROM dace004 WHERE exp_e='12-23966912' AND c_asigna='300013' AND status IN ('0','3','B','C') [0][0] OK
C:[20/08/2013 13:05:25.93][190.200.52.52][1312] SELECT horas_lab FROM tblaca008 WHERE c_asigna='300101' AND horas_teoricas > 0 [1][0] OK
C:[20/08/2013 13:05:25.93][190.200.52.52][1312] SELECT horas_lab FROM tblaca008 WHERE c_asigna='300113' AND horas_teoricas > 0 [0][0] OK
C:[20/08/2013 13:05:31.50][172.16.4.247][1138] SELECT pre_cod_asig1,pre_cod_asig2,pre_cod_asig3,pre_cod_asig4,pre_cod_asig5,pre_cod_asig6,pre_cod_asig7 FROM tblaca009_p_int WHERE pensum='5' AND c_uni_ca='4' AND c_asigna='332604' [1][0] OK
C:[20/08/2013 13:05:31.75][172.16.4.247][1182] SELECT par_cod_asig1,par_cod_asig2,par_cod_asig3 FROM tblaca009_p_int WHERE pensum='5' AND c_uni_ca='4' AND c_asigna='332604' [1][0] OK
C:[20/08/2013 13:05:31.89][172.16.4.247][1312] SELECT horas_lab FROM tblaca008 WHERE c_asigna='332604' AND horas_teoricas > 0 [1][0] OK
C:[20/08/2013 13:06:31.42][190.38.113.105][1138] SELECT pre_cod_asig1,pre_cod_asig2,pre_cod_asig3,pre_cod_asig4,pre_cod_asig5,pre_cod_asig6,pre_cod_asig7 FROM tblaca009_p_int WHERE pensum='5' AND c_uni_ca='4' AND c_asigna='333639' [1][0] OK
C:[20/08/2013 13:06:31.42][190.38.113.105][1151] SELECT c_asigna FROM dace004 WHERE exp_e='08-20706036' AND c_asigna='333585' AND status IN ('0','3','B','C') [1][0] OK
C:[20/08/2013 13:06:31.42][190.38.113.105][1138] SELECT pre_cod_asig1,pre_cod_asig2,pre_cod_asig3,pre_cod_asig4,pre_cod_asig5,pre_cod_asig6,pre_cod_asig7 FROM tblaca009_p_int WHERE pensum='5' AND c_uni_ca='4' AND c_asigna='333838' [1][0] OK
C:[20/08/2013 13:06:31.42][190.38.113.105][1151] SELECT c_asigna FROM dace004 WHERE exp_e='08-20706036' AND c_asigna='333563' AND status IN ('0','3','B','C') [1][0] OK
C:[20/08/2013 13:06:31.42][190.38.113.105][1151] SELECT c_asigna FROM dace004 WHERE exp_e='08-20706036' AND c_asigna='333683' AND status IN ('0','3','B','C') [1][0] OK
C:[20/08/2013 13:06:32.16][190.38.113.105][1182] SELECT par_cod_asig1,par_cod_asig2,par_cod_asig3 FROM tblaca009_p_int WHERE pensum='5' AND c_uni_ca='4' AND c_asigna='333639' [1][0] OK
C:[20/08/2013 13:06:32.16][190.38.113.105][1182] SELECT par_cod_asig1,par_cod_asig2,par_cod_asig3 FROM tblaca009_p_int WHERE pensum='5' AND c_uni_ca='4' AND c_asigna='333838' [1][0] OK
C:[20/08/2013 13:06:32.42][190.38.113.105][1312] SELECT horas_lab FROM tblaca008 WHERE c_asigna='333639' AND horas_teoricas > 0 [1][0] OK
C:[20/08/2013 13:06:32.42][190.38.113.105][1312] SELECT horas_lab FROM tblaca008 WHERE c_asigna='333838' AND horas_teoricas > 0 [1][0] OK
C:[20/08/2013 13:10:08.01][190.36.20.23][1138] SELECT pre_cod_asig1,pre_cod_asig2,pre_cod_asig3,pre_cod_asig4,pre_cod_asig5,pre_cod_asig6,pre_cod_asig7 FROM tblaca009_p_int WHERE pensum='5' AND c_uni_ca='5' AND c_asigna='355722' [1][0] OK
C:[20/08/2013 13:10:08.01][190.36.20.23][1151] SELECT c_asigna FROM dace004 WHERE exp_e='05-18665726' AND c_asigna='355691' AND status IN ('0','3','B','C') [1][0] OK
C:[20/08/2013 13:10:08.01][190.36.20.23][1151] SELECT c_asigna FROM dace004 WHERE exp_e='05-18665726' AND c_asigna='355595' AND status IN ('0','3','B','C') [1][0] OK
C:[20/08/2013 13:10:08.95][190.36.20.23][1182] SELECT par_cod_asig1,par_cod_asig2,par_cod_asig3 FROM tblaca009_p_int WHERE pensum='5' AND c_uni_ca='5' AND c_asigna='355722' [1][0] OK
C:[20/08/2013 13:10:08.08][190.36.20.23][1312] SELECT horas_lab FROM tblaca008 WHERE c_asigna='355722' AND horas_teoricas > 0 [1][0] OK
C:[20/08/2013 13:12:31.58][190.73.226.15][1138] SELECT pre_cod_asig1,pre_cod_asig2,pre_cod_asig3,pre_cod_asig4,pre_cod_asig5,pre_cod_asig6,pre_cod_asig7 FROM tblaca009_p_int WHERE pensum='5' AND c_uni_ca='2' AND c_asigna='322780' [1][0] OK
C:[20/08/2013 13:12:31.58][190.73.226.15][1151] SELECT c_asigna FROM dace004 WHERE exp_e='06-18938790' AND c_asigna='322678' AND status IN ('0','3','B','C') [1][0] OK
C:[20/08/2013 13:12:32.95][190.73.226.15][1182] SELECT par_cod_asig1,par_cod_asig2,par_cod_asig3 FROM tblaca009_p_int WHERE pensum='5' AND c_uni_ca='2' AND c_asigna='322780' [1][0] OK
C:[20/08/2013 13:12:32.09][190.73.226.15][1312] SELECT horas_lab FROM tblaca008 WHERE c_asigna='322780' AND horas_teoricas > 0 [1][0] OK
C:[20/08/2013 13:13:44.06][190.200.52.52][1138] SELECT pre_cod_asig1,pre_cod_asig2,pre_cod_asig3,pre_cod_asig4,pre_cod_asig5,pre_cod_asig6,pre_cod_asig7 FROM tblaca009_p_int WHERE pensum='5' AND c_uni_ca='4' AND c_asigna='300228' [1][0] OK
C:[20/08/2013 13:13:44.06][190.200.52.52][1151] SELECT c_asigna FROM dace004 WHERE exp_e='12-25391989' AND c_asigna='300101' AND status IN ('0','3','B','C') [1][0] OK
C:[20/08/2013 13:13:45.44][190.200.52.52][1182] SELECT par_cod_asig1,par_cod_asig2,par_cod_asig3 FROM tblaca009_p_int WHERE pensum='5' AND c_uni_ca='4' AND c_asigna='300228' [1][0] OK
C:[20/08/2013 13:13:45.57][190.200.52.52][1312] SELECT horas_lab FROM tblaca008 WHERE c_asigna='300228' AND horas_teoricas > 0 [1][0] OK
C:[20/08/2013 13:15:17.88][190.198.234.210][1138] SELECT pre_cod_asig1,pre_cod_asig2,pre_cod_asig3,pre_cod_asig4,pre_cod_asig5,pre_cod_asig6,pre_cod_asig7 FROM tblaca009_p_int WHERE pensum='5' AND c_uni_ca='5' AND c_asigna='300209' [1][0] OK
C:[20/08/2013 13:15:17.88][190.198.234.210][1151] SELECT c_asigna FROM dace004 WHERE exp_e='12-23503807' AND c_asigna='300101' AND status IN ('0','3','B','C') [1][0] OK
C:[20/08/2013 13:15:17.26][190.198.234.210][1182] SELECT par_cod_asig1,par_cod_asig2,par_cod_asig3 FROM tblaca009_p_int WHERE pensum='5' AND c_uni_ca='5' AND c_asigna='300209' [1][0] OK
C:[20/08/2013 13:15:17.40][190.198.234.210][1312] SELECT horas_lab FROM tblaca008 WHERE c_asigna='300209' AND horas_teoricas > 0 [1][0] OK
C:[20/08/2013 13:16:15.66][186.89.184.241][1138] SELECT pre_cod_asig1,pre_cod_asig2,pre_cod_asig3,pre_cod_asig4,pre_cod_asig5,pre_cod_asig6,pre_cod_asig7 FROM tblaca009_p_int WHERE pensum='5' AND c_uni_ca='4' AND c_asigna='330435' [1][0] OK
C:[20/08/2013 13:16:15.66][186.89.184.241][1138] SELECT pre_cod_asig1,pre_cod_asig2,pre_cod_asig3,pre_cod_asig4,pre_cod_asig5,pre_cod_asig6,pre_cod_asig7 FROM tblaca009_p_int WHERE pensum='5' AND c_uni_ca='4' AND c_asigna='333563' [1][0] OK
C:[20/08/2013 13:16:15.66][186.89.184.241][1151] SELECT c_asigna FROM dace004 WHERE exp_e='08-18943596' AND c_asigna='333440' AND status IN ('0','3','B','C') [1][0] OK
C:[20/08/2013 13:16:15.66][186.89.184.241][1151] SELECT c_asigna FROM dace004 WHERE exp_e='08-18943596' AND c_asigna='333442' AND status IN ('0','3','B','C') [1][0] OK
C:[20/08/2013 13:16:15.66][186.89.184.241][1138] SELECT pre_cod_asig1,pre_cod_asig2,pre_cod_asig3,pre_cod_asig4,pre_cod_asig5,pre_cod_asig6,pre_cod_asig7 FROM tblaca009_p_int WHERE pensum='5' AND c_uni_ca='4' AND c_asigna='332604' [1][0] OK
C:[20/08/2013 13:16:16.41][186.89.184.241][1182] SELECT par_cod_asig1,par_cod_asig2,par_cod_asig3 FROM tblaca009_p_int WHERE pensum='5' AND c_uni_ca='4' AND c_asigna='330435' [1][0] OK
C:[20/08/2013 13:16:16.41][186.89.184.241][1182] SELECT par_cod_asig1,par_cod_asig2,par_cod_asig3 FROM tblaca009_p_int WHERE pensum='5' AND c_uni_ca='4' AND c_asigna='333563' [1][0] OK
C:[20/08/2013 13:16:16.41][186.89.184.241][1182] SELECT par_cod_asig1,par_cod_asig2,par_cod_asig3 FROM tblaca009_p_int WHERE pensum='5' AND c_uni_ca='4' AND c_asigna='332604' [1][0] OK
C:[20/08/2013 13:16:16.79][186.89.184.241][1312] SELECT horas_lab FROM tblaca008 WHERE c_asigna='330435' AND horas_teoricas > 0 [1][0] OK
C:[20/08/2013 13:16:16.79][186.89.184.241][1312] SELECT horas_lab FROM tblaca008 WHERE c_asigna='333563' AND horas_teoricas > 0 [1][0] OK
C:[20/08/2013 13:16:16.79][186.89.184.241][1312] SELECT horas_lab FROM tblaca008 WHERE c_asigna='332604' AND horas_teoricas > 0 [1][0] OK
C:[20/08/2013 13:19:34.12][190.36.21.233][1138] SELECT pre_cod_asig1,pre_cod_asig2,pre_cod_asig3,pre_cod_asig4,pre_cod_asig5,pre_cod_asig6,pre_cod_asig7 FROM tblaca009_p_int WHERE pensum='5' AND c_uni_ca='6' AND c_asigna='340323' [1][0] OK
C:[20/08/2013 13:19:34.12][190.36.21.233][1151] SELECT c_asigna FROM dace004 WHERE exp_e='08-20805542' AND c_asigna='300228' AND status IN ('0','3','B','C') [1][0] OK
C:[20/08/2013 13:19:34.12][190.36.21.233][1151] SELECT c_asigna FROM dace004 WHERE exp_e='08-20805542' AND c_asigna='300207' AND status IN ('0','3','B','C') [1][0] OK
C:[20/08/2013 13:19:34.12][190.36.21.233][1138] SELECT pre_cod_asig1,pre_cod_asig2,pre_cod_asig3,pre_cod_asig4,pre_cod_asig5,pre_cod_asig6,pre_cod_asig7 FROM tblaca009_p_int WHERE pensum='5' AND c_uni_ca='6' AND c_asigna='342559' [1][0] OK
C:[20/08/2013 13:19:34.12][190.36.21.233][1151] SELECT c_asigna FROM dace004 WHERE exp_e='08-20805542' AND c_asigna='342436' AND status IN ('0','3','B','C') [1][0] OK
C:[20/08/2013 13:19:34.87][190.36.21.233][1182] SELECT par_cod_asig1,par_cod_asig2,par_cod_asig3 FROM tblaca009_p_int WHERE pensum='5' AND c_uni_ca='6' AND c_asigna='340323' [1][0] OK
C:[20/08/2013 13:19:34.87][190.36.21.233][1182] SELECT par_cod_asig1,par_cod_asig2,par_cod_asig3 FROM tblaca009_p_int WHERE pensum='5' AND c_uni_ca='6' AND c_asigna='342559' [1][0] OK
C:[20/08/2013 13:19:34.15][190.36.21.233][1312] SELECT horas_lab FROM tblaca008 WHERE c_asigna='340323' AND horas_teoricas > 0 [1][0] OK
C:[20/08/2013 13:19:34.15][190.36.21.233][1312] SELECT horas_lab FROM tblaca008 WHERE c_asigna='342559' AND horas_teoricas > 0 [1][0] OK
C:[20/08/2013 13:21:53.91][190.36.21.233][1138] SELECT pre_cod_asig1,pre_cod_asig2,pre_cod_asig3,pre_cod_asig4,pre_cod_asig5,pre_cod_asig6,pre_cod_asig7 FROM tblaca009_p_int WHERE pensum='5' AND c_uni_ca='6' AND c_asigna='342559' [1][0] OK
C:[20/08/2013 13:21:53.91][190.36.21.233][1151] SELECT c_asigna FROM dace004 WHERE exp_e='08-20703853' AND c_asigna='342436' AND status IN ('0','3','B','C') [1][0] OK
C:[20/08/2013 13:21:53.91][190.36.21.233][1138] SELECT pre_cod_asig1,pre_cod_asig2,pre_cod_asig3,pre_cod_asig4,pre_cod_asig5,pre_cod_asig6,pre_cod_asig7 FROM tblaca009_p_int WHERE pensum='5' AND c_uni_ca='6' AND c_asigna='344566' [1][0] OK
C:[20/08/2013 13:21:53.91][190.36.21.233][1151] SELECT c_asigna FROM dace004 WHERE exp_e='08-20703853' AND c_asigna='344446' AND status IN ('0','3','B','C') [1][0] OK
C:[20/08/2013 13:21:53.91][190.36.21.233][1151] SELECT c_asigna FROM dace004 WHERE exp_e='08-20703853' AND c_asigna='300428' AND status IN ('0','3','B','C') [1][0] OK
C:[20/08/2013 13:21:53.66][190.36.21.233][1182] SELECT par_cod_asig1,par_cod_asig2,par_cod_asig3 FROM tblaca009_p_int WHERE pensum='5' AND c_uni_ca='6' AND c_asigna='342559' [1][0] OK
C:[20/08/2013 13:21:53.66][190.36.21.233][1182] SELECT par_cod_asig1,par_cod_asig2,par_cod_asig3 FROM tblaca009_p_int WHERE pensum='5' AND c_uni_ca='6' AND c_asigna='344566' [1][0] OK
C:[20/08/2013 13:21:53.92][190.36.21.233][1312] SELECT horas_lab FROM tblaca008 WHERE c_asigna='342559' AND horas_teoricas > 0 [1][0] OK
C:[20/08/2013 13:21:53.92][190.36.21.233][1312] SELECT horas_lab FROM tblaca008 WHERE c_asigna='344566' AND horas_teoricas > 0 [1][0] OK
C:[20/08/2013 13:22:28.93][190.60.50.54][1138] SELECT pre_cod_asig1,pre_cod_asig2,pre_cod_asig3,pre_cod_asig4,pre_cod_asig5,pre_cod_asig6,pre_cod_asig7 FROM tblaca009_p_int WHERE pensum='5' AND c_uni_ca='4' AND c_asigna='300213' [1][0] OK
C:[20/08/2013 13:22:28.93][190.60.50.54][1151] SELECT c_asigna FROM dace004 WHERE exp_e='09-21196907' AND c_asigna='300101' AND status IN ('0','3','B','C') [1][0] OK
C:[20/08/2013 13:22:28.75][190.60.50.54][1182] SELECT par_cod_asig1,par_cod_asig2,par_cod_asig3 FROM tblaca009_p_int WHERE pensum='5' AND c_uni_ca='4' AND c_asigna='300213' [1][0] OK
C:[20/08/2013 13:22:28.88][190.60.50.54][1312] SELECT horas_lab FROM tblaca008 WHERE c_asigna='300213' AND horas_teoricas > 0 [1][0] OK
C:[20/08/2013 13:25:23.52][190.200.52.52][1138] SELECT pre_cod_asig1,pre_cod_asig2,pre_cod_asig3,pre_cod_asig4,pre_cod_asig5,pre_cod_asig6,pre_cod_asig7 FROM tblaca009_p_int WHERE pensum='5' AND c_uni_ca='6' AND c_asigna='344565' [1][0] OK
C:[20/08/2013 13:25:23.52][190.200.52.52][1151] SELECT c_asigna FROM dace004 WHERE exp_e='11-24448677' AND c_asigna='344445' AND status IN ('0','3','B','C') [1][0] OK
C:[20/08/2013 13:25:23.90][190.200.52.52][1182] SELECT par_cod_asig1,par_cod_asig2,par_cod_asig3 FROM tblaca009_p_int WHERE pensum='5' AND c_uni_ca='6' AND c_asigna='344565' [1][0] OK
C:[20/08/2013 13:25:23.05][190.200.52.52][1312] SELECT horas_lab FROM tblaca008 WHERE c_asigna='344565' AND horas_teoricas > 0 [1][0] OK
C:[20/08/2013 13:25:31.84][190.77.238.197][1138] SELECT pre_cod_asig1,pre_cod_asig2,pre_cod_asig3,pre_cod_asig4,pre_cod_asig5,pre_cod_asig6,pre_cod_asig7 FROM tblaca009_p_int WHERE pensum='5' AND c_uni_ca='5' AND c_asigna='300218' [1][0] OK
C:[20/08/2013 13:25:31.84][190.77.238.197][1138] SELECT pre_cod_asig1,pre_cod_asig2,pre_cod_asig3,pre_cod_asig4,pre_cod_asig5,pre_cod_asig6,pre_cod_asig7 FROM tblaca009_p_int WHERE pensum='5' AND c_uni_ca='5' AND c_asigna='300228' [1][0] OK
C:[20/08/2013 13:25:31.84][190.77.238.197][1151] SELECT c_asigna FROM dace004 WHERE exp_e='11-21609113' AND c_asigna='300101' AND status IN ('0','3','B','C') [1][0] OK
C:[20/08/2013 13:25:31.22][190.77.238.197][1182] SELECT par_cod_asig1,par_cod_asig2,par_cod_asig3 FROM tblaca009_p_int WHERE pensum='5' AND c_uni_ca='5' AND c_asigna='300218' [1][0] OK
C:[20/08/2013 13:25:31.22][190.77.238.197][1196] SELECT c_asigna FROM dace004 WHERE exp_e='11-21609113' AND c_asigna='300228' AND status IN ('0','3','B','C') [0][0] OK
C:[20/08/2013 13:25:31.22][190.77.238.197][1182] SELECT par_cod_asig1,par_cod_asig2,par_cod_asig3 FROM tblaca009_p_int WHERE pensum='5' AND c_uni_ca='5' AND c_asigna='300228' [1][0] OK
C:[20/08/2013 13:25:31.60][190.77.238.197][1312] SELECT horas_lab FROM tblaca008 WHERE c_asigna='300218' AND horas_teoricas > 0 [0][0] OK
C:[20/08/2013 13:25:31.60][190.77.238.197][1312] SELECT horas_lab FROM tblaca008 WHERE c_asigna='300228' AND horas_teoricas > 0 [1][0] OK
C:[20/08/2013 13:27:55.30][74.82.68.160][1138] SELECT pre_cod_asig1,pre_cod_asig2,pre_cod_asig3,pre_cod_asig4,pre_cod_asig5,pre_cod_asig6,pre_cod_asig7 FROM tblaca009_p_int WHERE pensum='5' AND c_uni_ca='6' AND c_asigna='344565' [1][0] OK
C:[20/08/2013 13:27:55.30][74.82.68.160][1151] SELECT c_asigna FROM dace004 WHERE exp_e='09-22820542' AND c_asigna='344445' AND status IN ('0','3','B','C') [1][0] OK
C:[20/08/2013 13:27:55.30][74.82.68.160][1138] SELECT pre_cod_asig1,pre_cod_asig2,pre_cod_asig3,pre_cod_asig4,pre_cod_asig5,pre_cod_asig6,pre_cod_asig7 FROM tblaca009_p_int WHERE pensum='5' AND c_uni_ca='6' AND c_asigna='344689' [1][0] OK
C:[20/08/2013 13:27:55.30][74.82.68.160][1151] SELECT c_asigna FROM dace004 WHERE exp_e='09-22820542' AND c_asigna='300209' AND status IN ('0','3','B','C') [1][0] OK
C:[20/08/2013 13:27:55.36][74.82.68.160][1182] SELECT par_cod_asig1,par_cod_asig2,par_cod_asig3 FROM tblaca009_p_int WHERE pensum='5' AND c_uni_ca='6' AND c_asigna='344565' [1][0] OK
C:[20/08/2013 13:27:55.36][74.82.68.160][1182] SELECT par_cod_asig1,par_cod_asig2,par_cod_asig3 FROM tblaca009_p_int WHERE pensum='5' AND c_uni_ca='6' AND c_asigna='344689' [1][0] OK
C:[20/08/2013 13:27:55.63][74.82.68.160][1312] SELECT horas_lab FROM tblaca008 WHERE c_asigna='344565' AND horas_teoricas > 0 [1][0] OK
C:[20/08/2013 13:27:55.63][74.82.68.160][1312] SELECT horas_lab FROM tblaca008 WHERE c_asigna='344689' AND horas_teoricas > 0 [1][0] OK
C:[20/08/2013 13:28:16.01][186.167.243.138][1138] SELECT pre_cod_asig1,pre_cod_asig2,pre_cod_asig3,pre_cod_asig4,pre_cod_asig5,pre_cod_asig6,pre_cod_asig7 FROM tblaca009_p_int WHERE pensum='5' AND c_uni_ca='4' AND c_asigna='332604' [1][0] OK
C:[20/08/2013 13:28:16.01][186.167.243.138][1138] SELECT pre_cod_asig1,pre_cod_asig2,pre_cod_asig3,pre_cod_asig4,pre_cod_asig5,pre_cod_asig6,pre_cod_asig7 FROM tblaca009_p_int WHERE pensum='5' AND c_uni_ca='4' AND c_asigna='333639' [1][0] OK
C:[20/08/2013 13:28:16.01][186.167.243.138][1151] SELECT c_asigna FROM dace004 WHERE exp_e='10-21109624' AND c_asigna='333585' AND status IN ('0','3','B','C') [1][0] OK
C:[20/08/2013 13:28:16.01][186.167.243.138][1138] SELECT pre_cod_asig1,pre_cod_asig2,pre_cod_asig3,pre_cod_asig4,pre_cod_asig5,pre_cod_asig6,pre_cod_asig7 FROM tblaca009_p_int WHERE pensum='5' AND c_uni_ca='4' AND c_asigna='334781' [1][0] OK
C:[20/08/2013 13:28:16.01][186.167.243.138][1151] SELECT c_asigna FROM dace004 WHERE exp_e='10-21109624' AND c_asigna='333444' AND status IN ('0','3','B','C') [1][0] OK
C:[20/08/2013 13:28:16.81][186.167.243.138][1182] SELECT par_cod_asig1,par_cod_asig2,par_cod_asig3 FROM tblaca009_p_int WHERE pensum='5' AND c_uni_ca='4' AND c_asigna='332604' [1][0] OK
C:[20/08/2013 13:28:16.81][186.167.243.138][1182] SELECT par_cod_asig1,par_cod_asig2,par_cod_asig3 FROM tblaca009_p_int WHERE pensum='5' AND c_uni_ca='4' AND c_asigna='333639' [1][0] OK
C:[20/08/2013 13:28:16.81][186.167.243.138][1182] SELECT par_cod_asig1,par_cod_asig2,par_cod_asig3 FROM tblaca009_p_int WHERE pensum='5' AND c_uni_ca='4' AND c_asigna='334781' [1][0] OK
C:[20/08/2013 13:28:16.28][186.167.243.138][1312] SELECT horas_lab FROM tblaca008 WHERE c_asigna='332604' AND horas_teoricas > 0 [1][0] OK
C:[20/08/2013 13:28:16.28][186.167.243.138][1312] SELECT horas_lab FROM tblaca008 WHERE c_asigna='333639' AND horas_teoricas > 0 [1][0] OK
C:[20/08/2013 13:28:16.28][186.167.243.138][1312] SELECT horas_lab FROM tblaca008 WHERE c_asigna='334781' AND horas_teoricas > 0 [1][0] OK
C:[03/09/2013 07:55:13.08][200.90.100.83][1138] SELECT pre_cod_asig1,pre_cod_asig2,pre_cod_asig3,pre_cod_asig4,pre_cod_asig5,pre_cod_asig6,pre_cod_asig7 FROM tblaca009_p_int WHERE pensum='5' AND c_uni_ca='5' AND c_asigna='300105' [1][0] OK
C:[03/09/2013 07:55:13.44][200.90.100.83][1182] SELECT par_cod_asig1,par_cod_asig2,par_cod_asig3 FROM tblaca009_p_int WHERE pensum='5' AND c_uni_ca='5' AND c_asigna='300105' [1][0] OK
C:[03/09/2013 07:55:13.58][200.90.100.83][1312] SELECT horas_lab FROM tblaca008 WHERE c_asigna='300105' AND horas_teoricas > 0 [1][0] OK
C:[03/09/2013 08:47:49.74][200.90.100.83][1138] SELECT pre_cod_asig1,pre_cod_asig2,pre_cod_asig3,pre_cod_asig4,pre_cod_asig5,pre_cod_asig6,pre_cod_asig7 FROM tblaca009_p_int WHERE pensum='5' AND c_uni_ca='5' AND c_asigna='300105' [1][0] OK
C:[03/09/2013 08:47:49.99][200.90.100.83][1182] SELECT par_cod_asig1,par_cod_asig2,par_cod_asig3 FROM tblaca009_p_int WHERE pensum='5' AND c_uni_ca='5' AND c_asigna='300105' [1][0] OK
C:[03/09/2013 08:47:49.12][200.90.100.83][1312] SELECT horas_lab FROM tblaca008 WHERE c_asigna='300105' AND horas_teoricas > 0 [1][0] OK
C:[04/09/2013 09:35:24.71][181.185.67.39][1138] SELECT pre_cod_asig1,pre_cod_asig2,pre_cod_asig3,pre_cod_asig4,pre_cod_asig5,pre_cod_asig6,pre_cod_asig7 FROM tblaca009_p_int WHERE pensum='5' AND c_uni_ca='5' AND c_asigna='300105' [1][0] OK
C:[04/09/2013 09:35:24.09][181.185.67.39][1182] SELECT par_cod_asig1,par_cod_asig2,par_cod_asig3 FROM tblaca009_p_int WHERE pensum='5' AND c_uni_ca='5' AND c_asigna='300105' [1][0] OK
C:[04/09/2013 09:35:24.23][181.185.67.39][1312] SELECT horas_lab FROM tblaca008 WHERE c_asigna='300105' AND horas_teoricas > 0 [1][0] OK
C:[04/09/2013 09:35:39.81][181.185.67.39][1138] SELECT pre_cod_asig1,pre_cod_asig2,pre_cod_asig3,pre_cod_asig4,pre_cod_asig5,pre_cod_asig6,pre_cod_asig7 FROM tblaca009_p_int WHERE pensum='5' AND c_uni_ca='5' AND c_asigna='300105' [1][0] OK
C:[04/09/2013 09:35:39.08][181.185.67.39][1182] SELECT par_cod_asig1,par_cod_asig2,par_cod_asig3 FROM tblaca009_p_int WHERE pensum='5' AND c_uni_ca='5' AND c_asigna='300105' [1][0] OK
C:[04/09/2013 09:35:39.19][181.185.67.39][1312] SELECT horas_lab FROM tblaca008 WHERE c_asigna='300105' AND horas_teoricas > 0 [1][0] OK
C:[08/09/2013 01:02:07.54][200.90.100.83][1138] SELECT pre_cod_asig1,pre_cod_asig2,pre_cod_asig3,pre_cod_asig4,pre_cod_asig5,pre_cod_asig6,pre_cod_asig7 FROM tblaca009_p_int WHERE pensum='5' AND c_uni_ca='5' AND c_asigna='300105' [1][0] OK
C:[08/09/2013 01:02:07.48][200.90.100.83][1182] SELECT par_cod_asig1,par_cod_asig2,par_cod_asig3 FROM tblaca009_p_int WHERE pensum='5' AND c_uni_ca='5' AND c_asigna='300105' [1][0] OK
C:[08/09/2013 01:02:08.62][200.90.100.83][1312] SELECT horas_lab FROM tblaca008 WHERE c_asigna='300105' AND horas_teoricas > 0 [1][0] OK
C:[01/08/2014 08:42:04.65][190.77.243.50][1138] SELECT pre_cod_asig1,pre_cod_asig2,pre_cod_asig3,pre_cod_asig4,pre_cod_asig5,pre_cod_asig6,pre_cod_asig7 FROM tblaca009_p_int WHERE pensum='5' AND c_uni_ca='2' AND c_asigna='322558' [1][0] OK
C:[01/08/2014 08:42:04.65][190.77.243.50][1151] SELECT c_asigna FROM dace004 WHERE exp_e='11-24559667' AND c_asigna='320323' AND status IN ('0','3','B','C') [1][0] OK
C:[01/08/2014 08:42:04.65][190.77.243.50][1138] SELECT pre_cod_asig1,pre_cod_asig2,pre_cod_asig3,pre_cod_asig4,pre_cod_asig5,pre_cod_asig6,pre_cod_asig7 FROM tblaca009_p_int WHERE pensum='5' AND c_uni_ca='2' AND c_asigna='322605' [1][0] OK
C:[01/08/2014 08:42:04.65][190.77.243.50][1151] SELECT c_asigna FROM dace004 WHERE exp_e='11-24559667' AND c_asigna='322436' AND status IN ('0','3','B','C') [1][0] OK
C:[01/08/2014 08:42:04.09][190.77.243.50][1182] SELECT par_cod_asig1,par_cod_asig2,par_cod_asig3 FROM tblaca009_p_int WHERE pensum='5' AND c_uni_ca='2' AND c_asigna='322558' [1][0] OK
C:[01/08/2014 08:42:04.09][190.77.243.50][1182] SELECT par_cod_asig1,par_cod_asig2,par_cod_asig3 FROM tblaca009_p_int WHERE pensum='5' AND c_uni_ca='2' AND c_asigna='322605' [1][0] OK
C:[01/08/2014 08:42:04.35][190.77.243.50][1312] SELECT horas_lab FROM tblaca008 WHERE c_asigna='322558' AND horas_teoricas > 0 [1][0] OK
C:[01/08/2014 08:42:04.35][190.77.243.50][1312] SELECT horas_lab FROM tblaca008 WHERE c_asigna='322605' AND horas_teoricas > 0 [1][0] OK
C:[01/08/2014 08:43:12.65][190.201.168.142][1138] SELECT pre_cod_asig1,pre_cod_asig2,pre_cod_asig3,pre_cod_asig4,pre_cod_asig5,pre_cod_asig6,pre_cod_asig7 FROM tblaca009_p_int WHERE pensum='5' AND c_uni_ca='4' AND c_asigna='300101' [1][0] OK
C:[01/08/2014 08:43:12.65][190.201.168.142][1138] SELECT pre_cod_asig1,pre_cod_asig2,pre_cod_asig3,pre_cod_asig4,pre_cod_asig5,pre_cod_asig6,pre_cod_asig7 FROM tblaca009_p_int WHERE pensum='5' AND c_uni_ca='4' AND c_asigna='300222' [1][0] OK
C:[01/08/2014 08:43:12.65][190.201.168.142][1151] SELECT c_asigna FROM dace004 WHERE exp_e='13-25266347' AND c_asigna='300112' AND status IN ('0','3','B','C') [1][0] OK
C:[01/08/2014 08:43:12.71][190.201.168.142][1182] SELECT par_cod_asig1,par_cod_asig2,par_cod_asig3 FROM tblaca009_p_int WHERE pensum='5' AND c_uni_ca='4' AND c_asigna='300101' [1][0] OK
C:[01/08/2014 08:43:12.71][190.201.168.142][1182] SELECT par_cod_asig1,par_cod_asig2,par_cod_asig3 FROM tblaca009_p_int WHERE pensum='5' AND c_uni_ca='4' AND c_asigna='300222' [1][0] OK
C:[01/08/2014 08:43:12.97][190.201.168.142][1312] SELECT horas_lab FROM tblaca008 WHERE c_asigna='300101' AND horas_teoricas > 0 [1][0] OK
C:[01/08/2014 08:43:12.97][190.201.168.142][1312] SELECT horas_lab FROM tblaca008 WHERE c_asigna='300222' AND horas_teoricas > 0 [1][0] OK
C:[01/08/2014 08:43:23.67][190.38.209.148][1138] SELECT pre_cod_asig1,pre_cod_asig2,pre_cod_asig3,pre_cod_asig4,pre_cod_asig5,pre_cod_asig6,pre_cod_asig7 FROM tblaca009_p_int WHERE pensum='5' AND c_uni_ca='3' AND c_asigna='300101' [1][0] OK
C:[01/08/2014 08:43:23.48][190.38.209.148][1182] SELECT par_cod_asig1,par_cod_asig2,par_cod_asig3 FROM tblaca009_p_int WHERE pensum='5' AND c_uni_ca='3' AND c_asigna='300101' [1][0] OK
C:[01/08/2014 08:43:23.62][190.38.209.148][1312] SELECT horas_lab FROM tblaca008 WHERE c_asigna='300101' AND horas_teoricas > 0 [1][0] OK
C:[01/08/2014 08:52:39.48][186.90.123.79][1138] SELECT pre_cod_asig1,pre_cod_asig2,pre_cod_asig3,pre_cod_asig4,pre_cod_asig5,pre_cod_asig6,pre_cod_asig7 FROM tblaca009_p_int WHERE pensum='5' AND c_uni_ca='5' AND c_asigna='300313' [1][0] OK
C:[01/08/2014 08:52:39.48][186.90.123.79][1151] SELECT c_asigna FROM dace004 WHERE exp_e='13-25849054' AND c_asigna='300213' AND status IN ('0','3','B','C') [1][0] OK
C:[01/08/2014 08:52:39.48][186.90.123.79][1138] SELECT pre_cod_asig1,pre_cod_asig2,pre_cod_asig3,pre_cod_asig4,pre_cod_asig5,pre_cod_asig6,pre_cod_asig7 FROM tblaca009_p_int WHERE pensum='5' AND c_uni_ca='5' AND c_asigna='300317' [1][0] OK
C:[01/08/2014 08:52:39.48][186.90.123.79][1151] SELECT c_asigna FROM dace004 WHERE exp_e='13-25849054' AND c_asigna='300207' AND status IN ('0','3','B','C') [1][0] OK
C:[01/08/2014 08:52:39.48][186.90.123.79][1151] SELECT c_asigna FROM dace004 WHERE exp_e='13-25849054' AND c_asigna='300209' AND status IN ('0','3','B','C') [1][0] OK
C:[01/08/2014 08:52:39.80][186.90.123.79][1182] SELECT par_cod_asig1,par_cod_asig2,par_cod_asig3 FROM tblaca009_p_int WHERE pensum='5' AND c_uni_ca='5' AND c_asigna='300313' [1][0] OK
C:[01/08/2014 08:52:39.80][186.90.123.79][1182] SELECT par_cod_asig1,par_cod_asig2,par_cod_asig3 FROM tblaca009_p_int WHERE pensum='5' AND c_uni_ca='5' AND c_asigna='300317' [1][0] OK
C:[01/08/2014 08:52:39.07][186.90.123.79][1312] SELECT horas_lab FROM tblaca008 WHERE c_asigna='300313' AND horas_teoricas > 0 [1][0] OK
C:[01/08/2014 08:52:39.07][186.90.123.79][1312] SELECT horas_lab FROM tblaca008 WHERE c_asigna='300317' AND horas_teoricas > 0 [1][0] OK
C:[01/08/2014 08:53:23.17][190.206.81.91][1138] SELECT pre_cod_asig1,pre_cod_asig2,pre_cod_asig3,pre_cod_asig4,pre_cod_asig5,pre_cod_asig6,pre_cod_asig7 FROM tblaca009_p_int WHERE pensum='5' AND c_uni_ca='3' AND c_asigna='300317' [1][0] OK
C:[01/08/2014 08:53:23.17][190.206.81.91][1151] SELECT c_asigna FROM dace004 WHERE exp_e='12-24795608' AND c_asigna='300207' AND status IN ('0','3','B','C') [1][0] OK
C:[01/08/2014 08:53:23.17][190.206.81.91][1151] SELECT c_asigna FROM dace004 WHERE exp_e='12-24795608' AND c_asigna='300209' AND status IN ('0','3','B','C') [1][0] OK
C:[01/08/2014 08:53:23.24][190.206.81.91][1182] SELECT par_cod_asig1,par_cod_asig2,par_cod_asig3 FROM tblaca009_p_int WHERE pensum='5' AND c_uni_ca='3' AND c_asigna='300317' [1][0] OK
C:[01/08/2014 08:53:23.37][190.206.81.91][1312] SELECT horas_lab FROM tblaca008 WHERE c_asigna='300317' AND horas_teoricas > 0 [1][0] OK
C:[01/08/2014 09:01:18.10][190.36.21.29][1138] SELECT pre_cod_asig1,pre_cod_asig2,pre_cod_asig3,pre_cod_asig4,pre_cod_asig5,pre_cod_asig6,pre_cod_asig7 FROM tblaca009_p_int WHERE pensum='5' AND c_uni_ca='6' AND c_asigna='342679' [1][0] OK
C:[01/08/2014 09:01:18.10][190.36.21.29][1151] SELECT c_asigna FROM dace004 WHERE exp_e='11-23533168' AND c_asigna='342567' AND status IN ('0','3','B','C') [1][0] OK
C:[01/08/2014 09:01:18.10][190.36.21.29][1138] SELECT pre_cod_asig1,pre_cod_asig2,pre_cod_asig3,pre_cod_asig4,pre_cod_asig5,pre_cod_asig6,pre_cod_asig7 FROM tblaca009_p_int WHERE pensum='5' AND c_uni_ca='6' AND c_asigna='344689' [1][0] OK
C:[01/08/2014 09:01:18.10][190.36.21.29][1151] SELECT c_asigna FROM dace004 WHERE exp_e='11-23533168' AND c_asigna='300209' AND status IN ('0','3','B','C') [1][0] OK
C:[01/08/2014 09:01:18.29][190.36.21.29][1182] SELECT par_cod_asig1,par_cod_asig2,par_cod_asig3 FROM tblaca009_p_int WHERE pensum='5' AND c_uni_ca='6' AND c_asigna='342679' [1][0] OK
C:[01/08/2014 09:01:18.29][190.36.21.29][1182] SELECT par_cod_asig1,par_cod_asig2,par_cod_asig3 FROM tblaca009_p_int WHERE pensum='5' AND c_uni_ca='6' AND c_asigna='344689' [1][0] OK
C:[01/08/2014 09:01:18.56][190.36.21.29][1312] SELECT horas_lab FROM tblaca008 WHERE c_asigna='342679' AND horas_teoricas > 0 [1][0] OK
C:[01/08/2014 09:01:18.56][190.36.21.29][1312] SELECT horas_lab FROM tblaca008 WHERE c_asigna='344689' AND horas_teoricas > 0 [1][0] OK
C:[01/08/2014 09:11:09.85][186.90.123.79][1138] SELECT pre_cod_asig1,pre_cod_asig2,pre_cod_asig3,pre_cod_asig4,pre_cod_asig5,pre_cod_asig6,pre_cod_asig7 FROM tblaca009_p_int WHERE pensum='5' AND c_uni_ca='3' AND c_asigna='300317' [1][0] OK
C:[01/08/2014 09:11:09.85][186.90.123.79][1151] SELECT c_asigna FROM dace004 WHERE exp_e='13-23505850' AND c_asigna='300207' AND status IN ('0','3','B','C') [1][0] OK
C:[01/08/2014 09:11:09.85][186.90.123.79][1151] SELECT c_asigna FROM dace004 WHERE exp_e='13-23505850' AND c_asigna='300209' AND status IN ('0','3','B','C') [1][0] OK
C:[01/08/2014 09:11:09.85][186.90.123.79][1138] SELECT pre_cod_asig1,pre_cod_asig2,pre_cod_asig3,pre_cod_asig4,pre_cod_asig5,pre_cod_asig6,pre_cod_asig7 FROM tblaca009_p_int WHERE pensum='5' AND c_uni_ca='3' AND c_asigna='300313' [1][0] OK
C:[01/08/2014 09:11:09.85][186.90.123.79][1151] SELECT c_asigna FROM dace004 WHERE exp_e='13-23505850' AND c_asigna='300213' AND status IN ('0','3','B','C') [1][0] OK
C:[01/08/2014 09:11:09.28][186.90.123.79][1182] SELECT par_cod_asig1,par_cod_asig2,par_cod_asig3 FROM tblaca009_p_int WHERE pensum='5' AND c_uni_ca='3' AND c_asigna='300317' [1][0] OK
C:[01/08/2014 09:11:09.28][186.90.123.79][1182] SELECT par_cod_asig1,par_cod_asig2,par_cod_asig3 FROM tblaca009_p_int WHERE pensum='5' AND c_uni_ca='3' AND c_asigna='300313' [1][0] OK
C:[01/08/2014 09:11:09.54][186.90.123.79][1312] SELECT horas_lab FROM tblaca008 WHERE c_asigna='300317' AND horas_teoricas > 0 [1][0] OK
C:[01/08/2014 09:11:09.54][186.90.123.79][1312] SELECT horas_lab FROM tblaca008 WHERE c_asigna='300313' AND horas_teoricas > 0 [1][0] OK
C:[01/08/2014 09:16:42.17][186.90.214.75][1138] SELECT pre_cod_asig1,pre_cod_asig2,pre_cod_asig3,pre_cod_asig4,pre_cod_asig5,pre_cod_asig6,pre_cod_asig7 FROM tblaca009_p_int WHERE pensum='5' AND c_uni_ca='6' AND c_asigna='344715' [1][0] OK
C:[01/08/2014 09:16:42.17][186.90.214.75][1151] SELECT c_asigna FROM dace004 WHERE exp_e='10-21338158' AND c_asigna='344688' AND status IN ('0','3','B','C') [1][0] OK
C:[01/08/2014 09:16:42.17][186.90.214.75][1151] SELECT c_asigna FROM dace004 WHERE exp_e='10-21338158' AND c_asigna='344613' AND status IN ('0','3','B','C') [1][0] OK
C:[01/08/2014 09:16:42.24][186.90.214.75][1182] SELECT par_cod_asig1,par_cod_asig2,par_cod_asig3 FROM tblaca009_p_int WHERE pensum='5' AND c_uni_ca='6' AND c_asigna='344715' [1][0] OK
C:[01/08/2014 09:16:42.37][186.90.214.75][1312] SELECT horas_lab FROM tblaca008 WHERE c_asigna='344715' AND horas_teoricas > 0 [1][0] OK
C:[01/08/2014 09:25:56.68][201.243.104.90][1138] SELECT pre_cod_asig1,pre_cod_asig2,pre_cod_asig3,pre_cod_asig4,pre_cod_asig5,pre_cod_asig6,pre_cod_asig7 FROM tblaca009_p_int WHERE pensum='5' AND c_uni_ca='5' AND c_asigna='300317' [1][0] OK
C:[01/08/2014 09:25:56.68][201.243.104.90][1151] SELECT c_asigna FROM dace004 WHERE exp_e='12-24125133' AND c_asigna='300207' AND status IN ('0','3','B','C') [1][0] OK
C:[01/08/2014 09:25:56.68][201.243.104.90][1151] SELECT c_asigna FROM dace004 WHERE exp_e='12-24125133' AND c_asigna='300209' AND status IN ('0','3','B','C') [1][0] OK
C:[01/08/2014 09:25:56.74][201.243.104.90][1182] SELECT par_cod_asig1,par_cod_asig2,par_cod_asig3 FROM tblaca009_p_int WHERE pensum='5' AND c_uni_ca='5' AND c_asigna='300317' [1][0] OK
C:[01/08/2014 09:25:56.88][201.243.104.90][1312] SELECT horas_lab FROM tblaca008 WHERE c_asigna='300317' AND horas_teoricas > 0 [1][0] OK
C:[01/08/2014 09:57:24.67][190.38.88.206][1138] SELECT pre_cod_asig1,pre_cod_asig2,pre_cod_asig3,pre_cod_asig4,pre_cod_asig5,pre_cod_asig6,pre_cod_asig7 FROM tblaca009_p_int WHERE pensum='5' AND c_uni_ca='3' AND c_asigna='300956' [1][0] OK
C:[01/08/2014 09:57:25.48][190.38.88.206][1182] SELECT par_cod_asig1,par_cod_asig2,par_cod_asig3 FROM tblaca009_p_int WHERE pensum='5' AND c_uni_ca='3' AND c_asigna='300956' [1][0] OK
C:[01/08/2014 09:57:25.62][190.38.88.206][1312] SELECT horas_lab FROM tblaca008 WHERE c_asigna='300956' AND horas_teoricas > 0 [1][0] OK
C:[01/08/2014 10:00:18.74][190.206.81.91][1138] SELECT pre_cod_asig1,pre_cod_asig2,pre_cod_asig3,pre_cod_asig4,pre_cod_asig5,pre_cod_asig6,pre_cod_asig7 FROM tblaca009_p_int WHERE pensum='5' AND c_uni_ca='3' AND c_asigna='300317' [1][0] OK
C:[01/08/2014 10:00:18.74][190.206.81.91][1151] SELECT c_asigna FROM dace004 WHERE exp_e='12-24795608' AND c_asigna='300207' AND status IN ('0','3','B','C') [1][0] OK
C:[01/08/2014 10:00:18.74][190.206.81.91][1151] SELECT c_asigna FROM dace004 WHERE exp_e='12-24795608' AND c_asigna='300209' AND status IN ('0','3','B','C') [1][0] OK
C:[01/08/2014 10:00:18.81][190.206.81.91][1182] SELECT par_cod_asig1,par_cod_asig2,par_cod_asig3 FROM tblaca009_p_int WHERE pensum='5' AND c_uni_ca='3' AND c_asigna='300317' [1][0] OK
C:[01/08/2014 10:00:18.94][190.206.81.91][1312] SELECT horas_lab FROM tblaca008 WHERE c_asigna='300317' AND horas_teoricas > 0 [1][0] OK
C:[01/08/2014 10:13:01.47][186.90.123.79][1138] SELECT pre_cod_asig1,pre_cod_asig2,pre_cod_asig3,pre_cod_asig4,pre_cod_asig5,pre_cod_asig6,pre_cod_asig7 FROM tblaca009_p_int WHERE pensum='5' AND c_uni_ca='6' AND c_asigna='300317' [1][0] OK
C:[01/08/2014 10:13:01.47][186.90.123.79][1151] SELECT c_asigna FROM dace004 WHERE exp_e='12-23730016' AND c_asigna='300207' AND status IN ('0','3','B','C') [1][0] OK
C:[01/08/2014 10:13:01.47][186.90.123.79][1151] SELECT c_asigna FROM dace004 WHERE exp_e='12-23730016' AND c_asigna='300209' AND status IN ('0','3','B','C') [1][0] OK
C:[01/08/2014 10:13:01.53][186.90.123.79][1182] SELECT par_cod_asig1,par_cod_asig2,par_cod_asig3 FROM tblaca009_p_int WHERE pensum='5' AND c_uni_ca='6' AND c_asigna='300317' [1][0] OK
C:[01/08/2014 10:13:01.67][186.90.123.79][1312] SELECT horas_lab FROM tblaca008 WHERE c_asigna='300317' AND horas_teoricas > 0 [1][0] OK
C:[01/08/2014 10:19:21.95][190.60.51.179][1138] SELECT pre_cod_asig1,pre_cod_asig2,pre_cod_asig3,pre_cod_asig4,pre_cod_asig5,pre_cod_asig6,pre_cod_asig7 FROM tblaca009_p_int WHERE pensum='5' AND c_uni_ca='3' AND c_asigna='300101' [1][0] OK
C:[01/08/2014 10:19:21.76][190.60.51.179][1182] SELECT par_cod_asig1,par_cod_asig2,par_cod_asig3 FROM tblaca009_p_int WHERE pensum='5' AND c_uni_ca='3' AND c_asigna='300101' [1][0] OK
C:[01/08/2014 10:19:21.90][190.60.51.179][1312] SELECT horas_lab FROM tblaca008 WHERE c_asigna='300101' AND horas_teoricas > 0 [1][0] OK
C:[01/08/2014 10:46:25.58][186.89.191.176][1138] SELECT pre_cod_asig1,pre_cod_asig2,pre_cod_asig3,pre_cod_asig4,pre_cod_asig5,pre_cod_asig6,pre_cod_asig7 FROM tblaca009_p_int WHERE pensum='5' AND c_uni_ca='3' AND c_asigna='311094' [1][0] OK
C:[01/08/2014 10:46:25.58][186.89.191.176][1151] SELECT c_asigna FROM dace004 WHERE exp_e='09-19159161' AND c_asigna='311823' AND status IN ('0','3','B','C') [1][0] OK
C:[01/08/2014 10:46:25.58][186.89.191.176][1138] SELECT pre_cod_asig1,pre_cod_asig2,pre_cod_asig3,pre_cod_asig4,pre_cod_asig5,pre_cod_asig6,pre_cod_asig7 FROM tblaca009_p_int WHERE pensum='5' AND c_uni_ca='3' AND c_asigna='311934' [1][0] OK
C:[01/08/2014 10:46:25.58][186.89.191.176][1151] SELECT c_asigna FROM dace004 WHERE exp_e='09-19159161' AND c_asigna='311827' AND status IN ('0','3','B','C') [1][0] OK
C:[01/08/2014 10:46:25.02][186.89.191.176][1182] SELECT par_cod_asig1,par_cod_asig2,par_cod_asig3 FROM tblaca009_p_int WHERE pensum='5' AND c_uni_ca='3' AND c_asigna='311094' [1][0] OK
C:[01/08/2014 10:46:25.02][186.89.191.176][1182] SELECT par_cod_asig1,par_cod_asig2,par_cod_asig3 FROM tblaca009_p_int WHERE pensum='5' AND c_uni_ca='3' AND c_asigna='311934' [1][0] OK
C:[01/08/2014 10:46:26.28][186.89.191.176][1312] SELECT horas_lab FROM tblaca008 WHERE c_asigna='311094' AND horas_teoricas > 0 [1][0] OK
C:[01/08/2014 10:46:26.28][186.89.191.176][1312] SELECT horas_lab FROM tblaca008 WHERE c_asigna='311934' AND horas_teoricas > 0 [1][0] OK
C:[01/08/2014 10:55:14.59][186.89.191.176][1138] SELECT pre_cod_asig1,pre_cod_asig2,pre_cod_asig3,pre_cod_asig4,pre_cod_asig5,pre_cod_asig6,pre_cod_asig7 FROM tblaca009_p_int WHERE pensum='5' AND c_uni_ca='3' AND c_asigna='311094' [1][0] OK
C:[01/08/2014 10:55:14.59][186.89.191.176][1151] SELECT c_asigna FROM dace004 WHERE exp_e='09-19159161' AND c_asigna='311823' AND status IN ('0','3','B','C') [1][0] OK
C:[01/08/2014 10:55:14.59][186.89.191.176][1138] SELECT pre_cod_asig1,pre_cod_asig2,pre_cod_asig3,pre_cod_asig4,pre_cod_asig5,pre_cod_asig6,pre_cod_asig7 FROM tblaca009_p_int WHERE pensum='5' AND c_uni_ca='3' AND c_asigna='311934' [1][0] OK
C:[01/08/2014 10:55:14.59][186.89.191.176][1151] SELECT c_asigna FROM dace004 WHERE exp_e='09-19159161' AND c_asigna='311827' AND status IN ('0','3','B','C') [1][0] OK
C:[01/08/2014 10:55:15.40][186.89.191.176][1182] SELECT par_cod_asig1,par_cod_asig2,par_cod_asig3 FROM tblaca009_p_int WHERE pensum='5' AND c_uni_ca='3' AND c_asigna='311094' [1][0] OK
C:[01/08/2014 10:55:15.40][186.89.191.176][1182] SELECT par_cod_asig1,par_cod_asig2,par_cod_asig3 FROM tblaca009_p_int WHERE pensum='5' AND c_uni_ca='3' AND c_asigna='311934' [1][0] OK
C:[01/08/2014 10:55:15.67][186.89.191.176][1312] SELECT horas_lab FROM tblaca008 WHERE c_asigna='311094' AND horas_teoricas > 0 [1][0] OK
C:[01/08/2014 10:55:15.67][186.89.191.176][1312] SELECT horas_lab FROM tblaca008 WHERE c_asigna='311934' AND horas_teoricas > 0 [1][0] OK
C:[01/08/2014 11:01:11.81][190.198.179.164][1138] SELECT pre_cod_asig1,pre_cod_asig2,pre_cod_asig3,pre_cod_asig4,pre_cod_asig5,pre_cod_asig6,pre_cod_asig7 FROM tblaca009_p_int WHERE pensum='5' AND c_uni_ca='2' AND c_asigna='322936' [1][0] OK
C:[01/08/2014 11:01:11.81][190.198.179.164][1151] SELECT c_asigna FROM dace004 WHERE exp_e='08-20506217' AND c_asigna='322801' AND status IN ('0','3','B','C') [1][0] OK
C:[01/08/2014 11:01:11.69][190.198.179.164][1182] SELECT par_cod_asig1,par_cod_asig2,par_cod_asig3 FROM tblaca009_p_int WHERE pensum='5' AND c_uni_ca='2' AND c_asigna='322936' [1][0] OK
C:[01/08/2014 11:01:11.83][190.198.179.164][1312] SELECT horas_lab FROM tblaca008 WHERE c_asigna='322936' AND horas_teoricas > 0 [1][0] OK
C:[01/08/2014 11:07:50.81][190.74.183.47][1138] SELECT pre_cod_asig1,pre_cod_asig2,pre_cod_asig3,pre_cod_asig4,pre_cod_asig5,pre_cod_asig6,pre_cod_asig7 FROM tblaca009_p_int WHERE pensum='5' AND c_uni_ca='5' AND c_asigna='300870' [1][0] OK
C:[01/08/2014 11:07:50.12][190.74.183.47][1182] SELECT par_cod_asig1,par_cod_asig2,par_cod_asig3 FROM tblaca009_p_int WHERE pensum='5' AND c_uni_ca='5' AND c_asigna='300870' [1][0] OK
C:[01/08/2014 11:07:51.25][190.74.183.47][1312] SELECT horas_lab FROM tblaca008 WHERE c_asigna='300870' AND horas_teoricas > 0 [1][0] OK
C:[01/08/2014 11:13:18.49][172.16.4.254][1138] SELECT pre_cod_asig1,pre_cod_asig2,pre_cod_asig3,pre_cod_asig4,pre_cod_asig5,pre_cod_asig6,pre_cod_asig7 FROM tblaca009_p_int WHERE pensum='5' AND c_uni_ca='2' AND c_asigna='300956' [1][0] OK
C:[01/08/2014 11:13:18.49][172.16.4.254][1151] SELECT c_asigna FROM dace004 WHERE exp_e='10-20886704' AND c_asigna='300422' AND status IN ('0','3','B','C') [1][0] OK
C:[01/08/2014 11:13:18.49][172.16.4.254][1138] SELECT pre_cod_asig1,pre_cod_asig2,pre_cod_asig3,pre_cod_asig4,pre_cod_asig5,pre_cod_asig6,pre_cod_asig7 FROM tblaca009_p_int WHERE pensum='5' AND c_uni_ca='2' AND c_asigna='322904' [1][0] OK
C:[01/08/2014 11:13:18.87][172.16.4.254][1182] SELECT par_cod_asig1,par_cod_asig2,par_cod_asig3 FROM tblaca009_p_int WHERE pensum='5' AND c_uni_ca='2' AND c_asigna='300956' [1][0] OK
C:[01/08/2014 11:13:18.87][172.16.4.254][1182] SELECT par_cod_asig1,par_cod_asig2,par_cod_asig3 FROM tblaca009_p_int WHERE pensum='5' AND c_uni_ca='2' AND c_asigna='322904' [1][0] OK
C:[01/08/2014 11:13:18.19][172.16.4.254][1312] SELECT horas_lab FROM tblaca008 WHERE c_asigna='300956' AND horas_teoricas > 0 [1][0] OK
C:[01/08/2014 11:13:18.19][172.16.4.254][1312] SELECT horas_lab FROM tblaca008 WHERE c_asigna='322904' AND horas_teoricas > 0 [1][0] OK
C:[01/08/2014 11:14:14.98][190.204.88.28][1138] SELECT pre_cod_asig1,pre_cod_asig2,pre_cod_asig3,pre_cod_asig4,pre_cod_asig5,pre_cod_asig6,pre_cod_asig7 FROM tblaca009_p_int WHERE pensum='5' AND c_uni_ca='3' AND c_asigna='311775' [1][0] OK
C:[01/08/2014 11:14:14.98][190.204.88.28][1151] SELECT c_asigna FROM dace004 WHERE exp_e='07-18886082' AND c_asigna='311655' AND status IN ('0','3','B','C') [1][0] OK
C:[01/08/2014 11:14:14.44][190.204.88.28][1182] SELECT par_cod_asig1,par_cod_asig2,par_cod_asig3 FROM tblaca009_p_int WHERE pensum='5' AND c_uni_ca='3' AND c_asigna='311775' [1][0] OK
C:[01/08/2014 11:14:14.56][190.204.88.28][1312] SELECT horas_lab FROM tblaca008 WHERE c_asigna='311775' AND horas_teoricas > 0 [1][0] OK
C:[01/08/2014 11:14:35.74][190.38.88.206][1138] SELECT pre_cod_asig1,pre_cod_asig2,pre_cod_asig3,pre_cod_asig4,pre_cod_asig5,pre_cod_asig6,pre_cod_asig7 FROM tblaca009_p_int WHERE pensum='5' AND c_uni_ca='3' AND c_asigna='311094' [1][0] OK
C:[01/08/2014 11:14:35.74][190.38.88.206][1151] SELECT c_asigna FROM dace004 WHERE exp_e='09-24691954' AND c_asigna='311823' AND status IN ('0','3','B','C') [1][0] OK
C:[01/08/2014 11:14:35.74][190.38.88.206][1138] SELECT pre_cod_asig1,pre_cod_asig2,pre_cod_asig3,pre_cod_asig4,pre_cod_asig5,pre_cod_asig6,pre_cod_asig7 FROM tblaca009_p_int WHERE pensum='5' AND c_uni_ca='3' AND c_asigna='311986' [1][0] OK
C:[01/08/2014 11:14:35.74][190.38.88.206][1151] SELECT c_asigna FROM dace004 WHERE exp_e='09-24691954' AND c_asigna='311825' AND status IN ('0','3','B','C') [1][0] OK
C:[01/08/2014 11:14:35.86][190.38.88.206][1182] SELECT par_cod_asig1,par_cod_asig2,par_cod_asig3 FROM tblaca009_p_int WHERE pensum='5' AND c_uni_ca='3' AND c_asigna='311094' [1][0] OK
C:[01/08/2014 11:14:35.86][190.38.88.206][1182] SELECT par_cod_asig1,par_cod_asig2,par_cod_asig3 FROM tblaca009_p_int WHERE pensum='5' AND c_uni_ca='3' AND c_asigna='311986' [1][0] OK
C:[01/08/2014 11:14:35.15][190.38.88.206][1312] SELECT horas_lab FROM tblaca008 WHERE c_asigna='311094' AND horas_teoricas > 0 [1][0] OK
C:[01/08/2014 11:14:35.15][190.38.88.206][1312] SELECT horas_lab FROM tblaca008 WHERE c_asigna='311986' AND horas_teoricas > 0 [1][0] OK
C:[01/08/2014 11:15:55.60][201.243.102.158][1138] SELECT pre_cod_asig1,pre_cod_asig2,pre_cod_asig3,pre_cod_asig4,pre_cod_asig5,pre_cod_asig6,pre_cod_asig7 FROM tblaca009_p_int WHERE pensum='5' AND c_uni_ca='5' AND c_asigna='355448' [1][0] OK
C:[01/08/2014 11:15:55.60][201.243.102.158][1151] SELECT c_asigna FROM dace004 WHERE exp_e='03-17956872' AND c_asigna='300313' AND status IN ('0','3','B','C') [1][0] OK
C:[01/08/2014 11:15:55.10][201.243.102.158][1182] SELECT par_cod_asig1,par_cod_asig2,par_cod_asig3 FROM tblaca009_p_int WHERE pensum='5' AND c_uni_ca='5' AND c_asigna='355448' [1][0] OK
C:[01/08/2014 11:15:55.24][201.243.102.158][1312] SELECT horas_lab FROM tblaca008 WHERE c_asigna='355448' AND horas_teoricas > 0 [1][0] OK
C:[01/08/2014 11:28:33.86][190.205.156.6][1138] SELECT pre_cod_asig1,pre_cod_asig2,pre_cod_asig3,pre_cod_asig4,pre_cod_asig5,pre_cod_asig6,pre_cod_asig7 FROM tblaca009_p_int WHERE pensum='5' AND c_uni_ca='5' AND c_asigna='355696' [1][0] OK
C:[01/08/2014 11:28:33.86][190.205.156.6][1151] SELECT c_asigna FROM dace004 WHERE exp_e='09-24559768' AND c_asigna='355570' AND status IN ('0','3','B','C') [1][0] OK
C:[01/08/2014 11:28:33.86][190.205.156.6][1151] SELECT c_asigna FROM dace004 WHERE exp_e='09-24559768' AND c_asigna='355571' AND status IN ('0','3','B','C') [1][0] OK
C:[01/08/2014 11:28:33.48][190.205.156.6][1182] SELECT par_cod_asig1,par_cod_asig2,par_cod_asig3 FROM tblaca009_p_int WHERE pensum='5' AND c_uni_ca='5' AND c_asigna='355696' [1][0] OK
C:[01/08/2014 11:28:34.62][190.205.156.6][1312] SELECT horas_lab FROM tblaca008 WHERE c_asigna='355696' AND horas_teoricas > 0 [1][0] OK
C:[01/08/2014 11:33:06.87][190.206.245.237][1138] SELECT pre_cod_asig1,pre_cod_asig2,pre_cod_asig3,pre_cod_asig4,pre_cod_asig5,pre_cod_asig6,pre_cod_asig7 FROM tblaca009_p_int WHERE pensum='5' AND c_uni_ca='6' AND c_asigna='300317' [1][0] OK
C:[01/08/2014 11:33:06.87][190.206.245.237][1151] SELECT c_asigna FROM dace004 WHERE exp_e='07-19803177' AND c_asigna='300207' AND status IN ('0','3','B','C') [1][0] OK
C:[01/08/2014 11:33:06.87][190.206.245.237][1151] SELECT c_asigna FROM dace004 WHERE exp_e='07-19803177' AND c_asigna='300209' AND status IN ('0','3','B','C') [1][0] OK
C:[01/08/2014 11:33:06.49][190.206.245.237][1182] SELECT par_cod_asig1,par_cod_asig2,par_cod_asig3 FROM tblaca009_p_int WHERE pensum='5' AND c_uni_ca='6' AND c_asigna='300317' [1][0] OK
C:[01/08/2014 11:33:06.63][190.206.245.237][1312] SELECT horas_lab FROM tblaca008 WHERE c_asigna='300317' AND horas_teoricas > 0 [1][0] OK
C:[01/08/2014 11:36:32.81][190.75.156.4][1138] SELECT pre_cod_asig1,pre_cod_asig2,pre_cod_asig3,pre_cod_asig4,pre_cod_asig5,pre_cod_asig6,pre_cod_asig7 FROM tblaca009_p_int WHERE pensum='5' AND c_uni_ca='3' AND c_asigna='300209' [1][0] OK
C:[01/08/2014 11:36:32.81][190.75.156.4][1151] SELECT c_asigna FROM dace004 WHERE exp_e='13-24856858' AND c_asigna='300101' AND status IN ('0','3','B','C') [1][0] OK
C:[01/08/2014 11:36:32.32][190.75.156.4][1182] SELECT par_cod_asig1,par_cod_asig2,par_cod_asig3 FROM tblaca009_p_int WHERE pensum='5' AND c_uni_ca='3' AND c_asigna='300209' [1][0] OK
C:[01/08/2014 11:36:32.45][190.75.156.4][1312] SELECT horas_lab FROM tblaca008 WHERE c_asigna='300209' AND horas_teoricas > 0 [1][0] OK
C:[01/08/2014 11:56:12.73][190.73.231.121][1138] SELECT pre_cod_asig1,pre_cod_asig2,pre_cod_asig3,pre_cod_asig4,pre_cod_asig5,pre_cod_asig6,pre_cod_asig7 FROM tblaca009 WHERE pensum='5' AND c_uni_ca='3' AND c_asigna='300101' [1][0] OK
C:[01/08/2014 11:56:12.73][190.73.231.121][1138] SELECT pre_cod_asig1,pre_cod_asig2,pre_cod_asig3,pre_cod_asig4,pre_cod_asig5,pre_cod_asig6,pre_cod_asig7 FROM tblaca009 WHERE pensum='5' AND c_uni_ca='3' AND c_asigna='300222' [1][0] OK
C:[01/08/2014 11:56:12.73][190.73.231.121][1151] SELECT c_asigna FROM dace004 WHERE exp_e='13-26582323' AND c_asigna='300112' AND status IN ('0','3','B','C') [1][0] OK
C:[01/08/2014 11:56:12.73][190.73.231.121][1138] SELECT pre_cod_asig1,pre_cod_asig2,pre_cod_asig3,pre_cod_asig4,pre_cod_asig5,pre_cod_asig6,pre_cod_asig7 FROM tblaca009 WHERE pensum='5' AND c_uni_ca='3' AND c_asigna='300226' [1][0] OK
C:[01/08/2014 11:56:12.73][190.73.231.121][1151] SELECT c_asigna FROM dace004 WHERE exp_e='13-26582323' AND c_asigna='300116' AND status IN ('0','3','B','C') [1][0] OK
C:[01/08/2014 11:56:12.61][190.73.231.121][1182] SELECT par_cod_asig1,par_cod_asig2,par_cod_asig3 FROM tblaca009 WHERE pensum='5' AND c_uni_ca='3' AND c_asigna='300101' [1][0] OK
C:[01/08/2014 11:56:12.61][190.73.231.121][1182] SELECT par_cod_asig1,par_cod_asig2,par_cod_asig3 FROM tblaca009 WHERE pensum='5' AND c_uni_ca='3' AND c_asigna='300222' [1][0] OK
C:[01/08/2014 11:56:12.61][190.73.231.121][1182] SELECT par_cod_asig1,par_cod_asig2,par_cod_asig3 FROM tblaca009 WHERE pensum='5' AND c_uni_ca='3' AND c_asigna='300226' [1][0] OK
C:[01/08/2014 11:56:12.00][190.73.231.121][1312] SELECT horas_lab FROM tblaca008 WHERE c_asigna='300101' AND horas_teoricas > 0 [1][0] OK
C:[01/08/2014 11:56:12.00][190.73.231.121][1312] SELECT horas_lab FROM tblaca008 WHERE c_asigna='300222' AND horas_teoricas > 0 [1][0] OK
C:[01/08/2014 11:56:12.00][190.73.231.121][1312] SELECT horas_lab FROM tblaca008 WHERE c_asigna='300226' AND horas_teoricas > 0 [1][0] OK
C:[01/08/2014 12:01:53.13][186.89.191.176][1138] SELECT pre_cod_asig1,pre_cod_asig2,pre_cod_asig3,pre_cod_asig4,pre_cod_asig5,pre_cod_asig6,pre_cod_asig7 FROM tblaca009 WHERE pensum='5' AND c_uni_ca='4' AND c_asigna='300209' [1][0] OK
C:[01/08/2014 12:01:53.13][186.89.191.176][1151] SELECT c_asigna FROM dace004 WHERE exp_e='13-25267982' AND c_asigna='300101' AND status IN ('0','3','B','C') [1][0] OK
C:[01/08/2014 12:01:53.13][186.89.191.176][1138] SELECT pre_cod_asig1,pre_cod_asig2,pre_cod_asig3,pre_cod_asig4,pre_cod_asig5,pre_cod_asig6,pre_cod_asig7 FROM tblaca009 WHERE pensum='5' AND c_uni_ca='4' AND c_asigna='300222' [1][0] OK
C:[01/08/2014 12:01:53.13][186.89.191.176][1151] SELECT c_asigna FROM dace004 WHERE exp_e='13-25267982' AND c_asigna='300112' AND status IN ('0','3','B','C') [1][0] OK
C:[01/08/2014 12:01:53.88][186.89.191.176][1182] SELECT par_cod_asig1,par_cod_asig2,par_cod_asig3 FROM tblaca009 WHERE pensum='5' AND c_uni_ca='4' AND c_asigna='300209' [1][0] OK
C:[01/08/2014 12:01:53.88][186.89.191.176][1182] SELECT par_cod_asig1,par_cod_asig2,par_cod_asig3 FROM tblaca009 WHERE pensum='5' AND c_uni_ca='4' AND c_asigna='300222' [1][0] OK
C:[01/08/2014 12:01:53.14][186.89.191.176][1312] SELECT horas_lab FROM tblaca008 WHERE c_asigna='300209' AND horas_teoricas > 0 [1][0] OK
C:[01/08/2014 12:01:53.14][186.89.191.176][1312] SELECT horas_lab FROM tblaca008 WHERE c_asigna='300222' AND horas_teoricas > 0 [1][0] OK
C:[01/08/2014 12:02:11.00][200.109.199.65][1138] SELECT pre_cod_asig1,pre_cod_asig2,pre_cod_asig3,pre_cod_asig4,pre_cod_asig5,pre_cod_asig6,pre_cod_asig7 FROM tblaca009 WHERE pensum='5' AND c_uni_ca='6' AND c_asigna='342559' [1][0] OK
C:[01/08/2014 12:02:11.00][200.109.199.65][1151] SELECT c_asigna FROM dace004 WHERE exp_e='09-20503289' AND c_asigna='342436' AND status IN ('0','3','B','C') [1][0] OK
C:[01/08/2014 12:02:11.00][200.109.199.65][1138] SELECT pre_cod_asig1,pre_cod_asig2,pre_cod_asig3,pre_cod_asig4,pre_cod_asig5,pre_cod_asig6,pre_cod_asig7 FROM tblaca009 WHERE pensum='5' AND c_uni_ca='6' AND c_asigna='300956' [1][0] OK
C:[01/08/2014 12:02:11.00][200.109.199.65][1151] SELECT c_asigna FROM dace004 WHERE exp_e='09-20503289' AND c_asigna='300422' AND status IN ('0','3','B','C') [1][0] OK
C:[01/08/2014 12:02:11.00][200.109.199.65][1151] SELECT c_asigna FROM dace004 WHERE exp_e='09-20503289' AND c_asigna='300105' AND status IN ('0','3','B','C') [1][0] OK
C:[01/08/2014 12:02:11.00][200.109.199.65][1151] SELECT c_asigna FROM dace004 WHERE exp_e='09-20503289' AND c_asigna='300314' AND status IN ('0','3','B','C') [1][0] OK
C:[01/08/2014 12:02:11.00][200.109.199.65][1182] SELECT par_cod_asig1,par_cod_asig2,par_cod_asig3 FROM tblaca009 WHERE pensum='5' AND c_uni_ca='6' AND c_asigna='342559' [1][0] OK
C:[01/08/2014 12:02:11.00][200.109.199.65][1182] SELECT par_cod_asig1,par_cod_asig2,par_cod_asig3 FROM tblaca009 WHERE pensum='5' AND c_uni_ca='6' AND c_asigna='300956' [1][0] OK
C:[01/08/2014 12:02:11.27][200.109.199.65][1312] SELECT horas_lab FROM tblaca008 WHERE c_asigna='342559' AND horas_teoricas > 0 [1][0] OK
C:[01/08/2014 12:02:11.27][200.109.199.65][1312] SELECT horas_lab FROM tblaca008 WHERE c_asigna='300956' AND horas_teoricas > 0 [1][0] OK
C:[01/08/2014 12:03:18.95][190.37.46.116][1138] SELECT pre_cod_asig1,pre_cod_asig2,pre_cod_asig3,pre_cod_asig4,pre_cod_asig5,pre_cod_asig6,pre_cod_asig7 FROM tblaca009 WHERE pensum='5' AND c_uni_ca='5' AND c_asigna='355691' [1][0] OK
C:[01/08/2014 12:03:18.95][190.37.46.116][1151] SELECT c_asigna FROM dace004 WHERE exp_e='11-23500652' AND c_asigna='355571' AND status IN ('0','3','B','C') [1][0] OK
C:[01/08/2014 12:03:18.95][190.37.46.116][1138] SELECT pre_cod_asig1,pre_cod_asig2,pre_cod_asig3,pre_cod_asig4,pre_cod_asig5,pre_cod_asig6,pre_cod_asig7 FROM tblaca009 WHERE pensum='5' AND c_uni_ca='5' AND c_asigna='355692' [1][0] OK
C:[01/08/2014 12:03:18.95][190.37.46.116][1151] SELECT c_asigna FROM dace004 WHERE exp_e='11-23500652' AND c_asigna='355448' AND status IN ('0','3','B','C') [1][0] OK
C:[01/08/2014 12:03:18.95][190.37.46.116][1151] SELECT c_asigna FROM dace004 WHERE exp_e='11-23500652' AND c_asigna='355570' AND status IN ('0','3','B','C') [1][0] OK
C:[01/08/2014 12:03:18.82][190.37.46.116][1182] SELECT par_cod_asig1,par_cod_asig2,par_cod_asig3 FROM tblaca009 WHERE pensum='5' AND c_uni_ca='5' AND c_asigna='355691' [1][0] OK
C:[01/08/2014 12:03:18.82][190.37.46.116][1182] SELECT par_cod_asig1,par_cod_asig2,par_cod_asig3 FROM tblaca009 WHERE pensum='5' AND c_uni_ca='5' AND c_asigna='355692' [1][0] OK
C:[01/08/2014 12:03:18.09][190.37.46.116][1312] SELECT horas_lab FROM tblaca008 WHERE c_asigna='355691' AND horas_teoricas > 0 [1][0] OK
C:[01/08/2014 12:03:18.09][190.37.46.116][1312] SELECT horas_lab FROM tblaca008 WHERE c_asigna='355692' AND horas_teoricas > 0 [1][0] OK
C:[01/08/2014 12:05:59.92][186.167.243.198][1138] SELECT pre_cod_asig1,pre_cod_asig2,pre_cod_asig3,pre_cod_asig4,pre_cod_asig5,pre_cod_asig6,pre_cod_asig7 FROM tblaca009 WHERE pensum='5' AND c_uni_ca='3' AND c_asigna='300313' [1][0] OK
C:[01/08/2014 12:05:59.92][186.167.243.198][1151] SELECT c_asigna FROM dace004 WHERE exp_e='12-21339293' AND c_asigna='300213' AND status IN ('0','3','B','C') [1][0] OK
C:[01/08/2014 12:05:59.92][186.167.243.198][1151] SELECT c_asigna FROM dace004 WHERE exp_e='12-21339293' AND c_asigna='300226' AND status IN ('0','3','B','C') [1][0] OK
C:[01/08/2014 12:05:59.92][186.167.243.198][1151] SELECT c_asigna FROM dace004 WHERE exp_e='12-21339293' AND c_asigna='300222' AND status IN ('0','3','B','C') [1][0] OK
C:[01/08/2014 12:05:59.92][186.167.243.198][1151] SELECT c_asigna FROM dace004 WHERE exp_e='12-21339293' AND c_asigna='300209' AND status IN ('0','3','B','C') [1][0] OK
C:[01/08/2014 12:05:59.92][186.167.243.198][1138] SELECT pre_cod_asig1,pre_cod_asig2,pre_cod_asig3,pre_cod_asig4,pre_cod_asig5,pre_cod_asig6,pre_cod_asig7 FROM tblaca009 WHERE pensum='5' AND c_uni_ca='3' AND c_asigna='300318' [1][0] OK
C:[01/08/2014 12:05:59.92][186.167.243.198][1151] SELECT c_asigna FROM dace004 WHERE exp_e='12-21339293' AND c_asigna='300228' AND status IN ('0','3','B','C') [1][0] OK
C:[01/08/2014 12:05:59.92][186.167.243.198][1151] SELECT c_asigna FROM dace004 WHERE exp_e='12-21339293' AND c_asigna='300207' AND status IN ('0','3','B','C') [1][0] OK
C:[01/08/2014 12:05:59.92][186.167.243.198][1151] SELECT c_asigna FROM dace004 WHERE exp_e='12-21339293' AND c_asigna='300218' AND status IN ('0','3','B','C') [1][0] OK
C:[01/08/2014 12:05:59.29][186.167.243.198][1182] SELECT par_cod_asig1,par_cod_asig2,par_cod_asig3 FROM tblaca009 WHERE pensum='5' AND c_uni_ca='3' AND c_asigna='300313' [1][0] OK
C:[01/08/2014 12:05:59.29][186.167.243.198][1182] SELECT par_cod_asig1,par_cod_asig2,par_cod_asig3 FROM tblaca009 WHERE pensum='5' AND c_uni_ca='3' AND c_asigna='300318' [1][0] OK
C:[01/08/2014 12:05:59.56][186.167.243.198][1312] SELECT horas_lab FROM tblaca008 WHERE c_asigna='300313' AND horas_teoricas > 0 [1][0] OK
C:[01/08/2014 12:05:59.56][186.167.243.198][1312] SELECT horas_lab FROM tblaca008 WHERE c_asigna='300318' AND horas_teoricas > 0 [1][0] OK
C:[01/08/2014 12:07:42.80][200.90.108.143][1138] SELECT pre_cod_asig1,pre_cod_asig2,pre_cod_asig3,pre_cod_asig4,pre_cod_asig5,pre_cod_asig6,pre_cod_asig7 FROM tblaca009 WHERE pensum='5' AND c_uni_ca='3' AND c_asigna='300317' [1][0] OK
C:[01/08/2014 12:07:42.80][200.90.108.143][1151] SELECT c_asigna FROM dace004 WHERE exp_e='10-19040559' AND c_asigna='300207' AND status IN ('0','3','B','C') [1][0] OK
C:[01/08/2014 12:07:42.80][200.90.108.143][1151] SELECT c_asigna FROM dace004 WHERE exp_e='10-19040559' AND c_asigna='300209' AND status IN ('0','3','B','C') [1][0] OK
C:[01/08/2014 12:07:42.44][200.90.108.143][1182] SELECT par_cod_asig1,par_cod_asig2,par_cod_asig3 FROM tblaca009 WHERE pensum='5' AND c_uni_ca='3' AND c_asigna='300317' [1][0] OK
C:[01/08/2014 12:07:42.56][200.90.108.143][1312] SELECT horas_lab FROM tblaca008 WHERE c_asigna='300317' AND horas_teoricas > 0 [1][0] OK
C:[01/08/2014 12:11:24.67][190.78.18.77][1138] SELECT pre_cod_asig1,pre_cod_asig2,pre_cod_asig3,pre_cod_asig4,pre_cod_asig5,pre_cod_asig6,pre_cod_asig7 FROM tblaca009 WHERE pensum='5' AND c_uni_ca='2' AND c_asigna='300313' [1][0] OK
C:[01/08/2014 12:11:24.67][190.78.18.77][1151] SELECT c_asigna FROM dace004 WHERE exp_e='11-18169519' AND c_asigna='300213' AND status IN ('0','3','B','C') [1][0] OK
C:[01/08/2014 12:11:24.67][190.78.18.77][1151] SELECT c_asigna FROM dace004 WHERE exp_e='11-18169519' AND c_asigna='300226' AND status IN ('0','3','B','C') [1][0] OK
C:[01/08/2014 12:11:24.67][190.78.18.77][1151] SELECT c_asigna FROM dace004 WHERE exp_e='11-18169519' AND c_asigna='300209' AND status IN ('0','3','B','C') [1][0] OK
C:[01/08/2014 12:11:24.67][190.78.18.77][1138] SELECT pre_cod_asig1,pre_cod_asig2,pre_cod_asig3,pre_cod_asig4,pre_cod_asig5,pre_cod_asig6,pre_cod_asig7 FROM tblaca009 WHERE pensum='5' AND c_uni_ca='2' AND c_asigna='300428' [1][0] OK
C:[01/08/2014 12:11:24.67][190.78.18.77][1151] SELECT c_asigna FROM dace004 WHERE exp_e='11-18169519' AND c_asigna='300317' AND status IN ('0','3','B','C') [1][0] OK
C:[01/08/2014 12:11:24.67][190.78.18.77][1151] SELECT c_asigna FROM dace004 WHERE exp_e='11-18169519' AND c_asigna='300209' AND status IN ('0','3','B','C') [1][0] OK
C:[01/08/2014 12:11:24.35][190.78.18.77][1182] SELECT par_cod_asig1,par_cod_asig2,par_cod_asig3 FROM tblaca009 WHERE pensum='5' AND c_uni_ca='2' AND c_asigna='300313' [1][0] OK
C:[01/08/2014 12:11:24.35][190.78.18.77][1182] SELECT par_cod_asig1,par_cod_asig2,par_cod_asig3 FROM tblaca009 WHERE pensum='5' AND c_uni_ca='2' AND c_asigna='300428' [1][0] OK
C:[01/08/2014 12:11:24.62][190.78.18.77][1312] SELECT horas_lab FROM tblaca008 WHERE c_asigna='300313' AND horas_teoricas > 0 [1][0] OK
C:[01/08/2014 12:11:24.62][190.78.18.77][1312] SELECT horas_lab FROM tblaca008 WHERE c_asigna='300428' AND horas_teoricas > 0 [1][0] OK
C:[01/08/2014 12:17:38.31][172.16.4.254][1138] SELECT pre_cod_asig1,pre_cod_asig2,pre_cod_asig3,pre_cod_asig4,pre_cod_asig5,pre_cod_asig6,pre_cod_asig7 FROM tblaca009 WHERE pensum='5' AND c_uni_ca='4' AND c_asigna='300101' [1][0] OK
C:[01/08/2014 12:17:38.31][172.16.4.254][1138] SELECT pre_cod_asig1,pre_cod_asig2,pre_cod_asig3,pre_cod_asig4,pre_cod_asig5,pre_cod_asig6,pre_cod_asig7 FROM tblaca009 WHERE pensum='5' AND c_uni_ca='4' AND c_asigna='300105' [1][0] OK
C:[01/08/2014 12:17:38.81][172.16.4.254][1182] SELECT par_cod_asig1,par_cod_asig2,par_cod_asig3 FROM tblaca009 WHERE pensum='5' AND c_uni_ca='4' AND c_asigna='300101' [1][0] OK
C:[01/08/2014 12:17:38.81][172.16.4.254][1182] SELECT par_cod_asig1,par_cod_asig2,par_cod_asig3 FROM tblaca009 WHERE pensum='5' AND c_uni_ca='4' AND c_asigna='300105' [1][0] OK
C:[01/08/2014 12:17:38.07][172.16.4.254][1312] SELECT horas_lab FROM tblaca008 WHERE c_asigna='300101' AND horas_teoricas > 0 [1][0] OK
C:[01/08/2014 12:17:38.07][172.16.4.254][1312] SELECT horas_lab FROM tblaca008 WHERE c_asigna='300105' AND horas_teoricas > 0 [1][0] OK
C:[01/08/2014 12:21:11.05][190.74.183.47][1138] SELECT pre_cod_asig1,pre_cod_asig2,pre_cod_asig3,pre_cod_asig4,pre_cod_asig5,pre_cod_asig6,pre_cod_asig7 FROM tblaca009 WHERE pensum='5' AND c_uni_ca='6' AND c_asigna='344687' [1][0] OK
C:[01/08/2014 12:21:11.05][190.74.183.47][1151] SELECT c_asigna FROM dace004 WHERE exp_e='11-23733076' AND c_asigna='344565' AND status IN ('0','3','B','C') [1][0] OK
C:[01/08/2014 12:21:11.55][190.74.183.47][1182] SELECT par_cod_asig1,par_cod_asig2,par_cod_asig3 FROM tblaca009 WHERE pensum='5' AND c_uni_ca='6' AND c_asigna='344687' [1][0] OK
C:[01/08/2014 12:21:11.69][190.74.183.47][1312] SELECT horas_lab FROM tblaca008 WHERE c_asigna='344687' AND horas_teoricas > 0 [1][0] OK
C:[01/08/2014 12:21:46.68][190.198.83.245][1138] SELECT pre_cod_asig1,pre_cod_asig2,pre_cod_asig3,pre_cod_asig4,pre_cod_asig5,pre_cod_asig6,pre_cod_asig7 FROM tblaca009 WHERE pensum='5' AND c_uni_ca='5' AND c_asigna='300317' [1][0] OK
C:[01/08/2014 12:21:46.68][190.198.83.245][1151] SELECT c_asigna FROM dace004 WHERE exp_e='11-20804173' AND c_asigna='300207' AND status IN ('0','3','B','C') [1][0] OK
C:[01/08/2014 12:21:46.68][190.198.83.245][1151] SELECT c_asigna FROM dace004 WHERE exp_e='11-20804173' AND c_asigna='300209' AND status IN ('0','3','B','C') [1][0] OK
C:[01/08/2014 12:21:46.31][190.198.83.245][1182] SELECT par_cod_asig1,par_cod_asig2,par_cod_asig3 FROM tblaca009 WHERE pensum='5' AND c_uni_ca='5' AND c_asigna='300317' [1][0] OK
C:[01/08/2014 12:21:46.45][190.198.83.245][1312] SELECT horas_lab FROM tblaca008 WHERE c_asigna='300317' AND horas_teoricas > 0 [1][0] OK
C:[01/08/2014 12:22:33.78][172.16.4.254][1138] SELECT pre_cod_asig1,pre_cod_asig2,pre_cod_asig3,pre_cod_asig4,pre_cod_asig5,pre_cod_asig6,pre_cod_asig7 FROM tblaca009 WHERE pensum='5' AND c_uni_ca='5' AND c_asigna='300218' [1][0] OK
C:[01/08/2014 12:22:33.78][172.16.4.254][1151] SELECT c_asigna FROM dace004 WHERE exp_e='10-20808107' AND c_asigna='300101' AND status IN ('0','3','B','C') [1][0] OK
C:[01/08/2014 12:22:33.78][172.16.4.254][1138] SELECT pre_cod_asig1,pre_cod_asig2,pre_cod_asig3,pre_cod_asig4,pre_cod_asig5,pre_cod_asig6,pre_cod_asig7 FROM tblaca009 WHERE pensum='5' AND c_uni_ca='5' AND c_asigna='300228' [1][0] OK
C:[01/08/2014 12:22:33.78][172.16.4.254][1151] SELECT c_asigna FROM dace004 WHERE exp_e='10-20808107' AND c_asigna='300101' AND status IN ('0','3','B','C') [1][0] OK
C:[01/08/2014 12:22:33.53][172.16.4.254][1182] SELECT par_cod_asig1,par_cod_asig2,par_cod_asig3 FROM tblaca009 WHERE pensum='5' AND c_uni_ca='5' AND c_asigna='300218' [1][0] OK
C:[01/08/2014 12:22:33.53][172.16.4.254][1196] SELECT c_asigna FROM dace004 WHERE exp_e='10-20808107' AND c_asigna='300228' AND status IN ('0','3','B','C') [0][0] OK
C:[01/08/2014 12:22:33.53][172.16.4.254][1182] SELECT par_cod_asig1,par_cod_asig2,par_cod_asig3 FROM tblaca009 WHERE pensum='5' AND c_uni_ca='5' AND c_asigna='300228' [1][0] OK
C:[01/08/2014 12:22:33.93][172.16.4.254][1312] SELECT horas_lab FROM tblaca008 WHERE c_asigna='300218' AND horas_teoricas > 0 [0][0] OK
C:[01/08/2014 12:22:33.93][172.16.4.254][1312] SELECT horas_lab FROM tblaca008 WHERE c_asigna='300228' AND horas_teoricas > 0 [1][0] OK
C:[01/08/2014 12:25:07.73][190.75.182.89][1138] SELECT pre_cod_asig1,pre_cod_asig2,pre_cod_asig3,pre_cod_asig4,pre_cod_asig5,pre_cod_asig6,pre_cod_asig7 FROM tblaca009 WHERE pensum='5' AND c_uni_ca='3' AND c_asigna='300317' [1][0] OK
C:[01/08/2014 12:25:07.73][190.75.182.89][1151] SELECT c_asigna FROM dace004 WHERE exp_e='12-21314879' AND c_asigna='300207' AND status IN ('0','3','B','C') [1][0] OK
C:[01/08/2014 12:25:07.73][190.75.182.89][1151] SELECT c_asigna FROM dace004 WHERE exp_e='12-21314879' AND c_asigna='300209' AND status IN ('0','3','B','C') [1][0] OK
C:[01/08/2014 12:25:07.35][190.75.182.89][1182] SELECT par_cod_asig1,par_cod_asig2,par_cod_asig3 FROM tblaca009 WHERE pensum='5' AND c_uni_ca='3' AND c_asigna='300317' [1][0] OK
C:[01/08/2014 12:25:07.48][190.75.182.89][1312] SELECT horas_lab FROM tblaca008 WHERE c_asigna='300317' AND horas_teoricas > 0 [1][0] OK
C:[01/08/2014 12:26:10.39][186.94.42.127][1138] SELECT pre_cod_asig1,pre_cod_asig2,pre_cod_asig3,pre_cod_asig4,pre_cod_asig5,pre_cod_asig6,pre_cod_asig7 FROM tblaca009 WHERE pensum='5' AND c_uni_ca='4' AND c_asigna='300207' [1][0] OK
C:[01/08/2014 12:26:10.39][186.94.42.127][1151] SELECT c_asigna FROM dace004 WHERE exp_e='12-25937969' AND c_asigna='300101' AND status IN ('0','3','B','C') [1][0] OK
C:[01/08/2014 12:26:10.89][186.94.42.127][1182] SELECT par_cod_asig1,par_cod_asig2,par_cod_asig3 FROM tblaca009 WHERE pensum='5' AND c_uni_ca='4' AND c_asigna='300207' [1][0] OK
C:[01/08/2014 12:26:10.05][186.94.42.127][1312] SELECT horas_lab FROM tblaca008 WHERE c_asigna='300207' AND horas_teoricas > 0 [1][0] OK
C:[01/08/2014 12:28:05.18][186.166.143.239][1138] SELECT pre_cod_asig1,pre_cod_asig2,pre_cod_asig3,pre_cod_asig4,pre_cod_asig5,pre_cod_asig6,pre_cod_asig7 FROM tblaca009 WHERE pensum='5' AND c_uni_ca='5' AND c_asigna='355722' [1][0] OK
C:[01/08/2014 12:28:05.18][186.166.143.239][1151] SELECT c_asigna FROM dace004 WHERE exp_e='05-18371650' AND c_asigna='355691' AND status IN ('0','3','B','C') [1][0] OK
C:[01/08/2014 12:28:05.18][186.166.143.239][1151] SELECT c_asigna FROM dace004 WHERE exp_e='05-18371650' AND c_asigna='355595' AND status IN ('0','3','B','C') [1][0] OK
C:[01/08/2014 12:28:05.18][186.166.143.239][1138] SELECT pre_cod_asig1,pre_cod_asig2,pre_cod_asig3,pre_cod_asig4,pre_cod_asig5,pre_cod_asig6,pre_cod_asig7 FROM tblaca009 WHERE pensum='5' AND c_uni_ca='5' AND c_asigna='355725' [1][0] OK
C:[01/08/2014 12:28:05.18][186.166.143.239][1151] SELECT c_asigna FROM dace004 WHERE exp_e='05-18371650' AND c_asigna='355693' AND status IN ('0','3','B','C') [1][0] OK
C:[01/08/2014 12:28:05.18][186.166.143.239][1151] SELECT c_asigna FROM dace004 WHERE exp_e='05-18371650' AND c_asigna='355692' AND status IN ('0','3','B','C') [1][0] OK
C:[01/08/2014 12:28:06.73][186.166.143.239][1182] SELECT par_cod_asig1,par_cod_asig2,par_cod_asig3 FROM tblaca009 WHERE pensum='5' AND c_uni_ca='5' AND c_asigna='355722' [1][0] OK
C:[01/08/2014 12:28:06.73][186.166.143.239][1182] SELECT par_cod_asig1,par_cod_asig2,par_cod_asig3 FROM tblaca009 WHERE pensum='5' AND c_uni_ca='5' AND c_asigna='355725' [1][0] OK
C:[01/08/2014 12:28:06.00][186.166.143.239][1312] SELECT horas_lab FROM tblaca008 WHERE c_asigna='355722' AND horas_teoricas > 0 [1][0] OK
C:[01/08/2014 12:28:06.00][186.166.143.239][1312] SELECT horas_lab FROM tblaca008 WHERE c_asigna='355725' AND horas_teoricas > 0 [1][0] OK
C:[01/08/2014 12:31:39.11][172.16.4.254][1138] SELECT pre_cod_asig1,pre_cod_asig2,pre_cod_asig3,pre_cod_asig4,pre_cod_asig5,pre_cod_asig6,pre_cod_asig7 FROM tblaca009 WHERE pensum='5' AND c_uni_ca='2' AND c_asigna='322678' [1][0] OK
C:[01/08/2014 12:31:39.11][172.16.4.254][1151] SELECT c_asigna FROM dace004 WHERE exp_e='09-20808632' AND c_asigna='322559' AND status IN ('0','3','B','C') [1][0] OK
C:[01/08/2014 12:31:39.11][172.16.4.254][1138] SELECT pre_cod_asig1,pre_cod_asig2,pre_cod_asig3,pre_cod_asig4,pre_cod_asig5,pre_cod_asig6,pre_cod_asig7 FROM tblaca009 WHERE pensum='5' AND c_uni_ca='2' AND c_asigna='322782' [1][0] OK
C:[01/08/2014 12:31:39.11][172.16.4.254][1151] SELECT c_asigna FROM dace004 WHERE exp_e='09-20808632' AND c_asigna='322669' AND status IN ('0','3','B','C') [1][0] OK
C:[01/08/2014 12:31:39.11][172.16.4.254][1151] SELECT c_asigna FROM dace004 WHERE exp_e='09-20808632' AND c_asigna='322550' AND status IN ('0','3','B','C') [1][0] OK
C:[01/08/2014 12:31:40.03][172.16.4.254][1182] SELECT par_cod_asig1,par_cod_asig2,par_cod_asig3 FROM tblaca009 WHERE pensum='5' AND c_uni_ca='2' AND c_asigna='322678' [1][0] OK
C:[01/08/2014 12:31:40.03][172.16.4.254][1182] SELECT par_cod_asig1,par_cod_asig2,par_cod_asig3 FROM tblaca009 WHERE pensum='5' AND c_uni_ca='2' AND c_asigna='322782' [1][0] OK
C:[01/08/2014 12:31:40.30][172.16.4.254][1312] SELECT horas_lab FROM tblaca008 WHERE c_asigna='322678' AND horas_teoricas > 0 [1][0] OK
C:[01/08/2014 12:31:40.30][172.16.4.254][1312] SELECT horas_lab FROM tblaca008 WHERE c_asigna='322782' AND horas_teoricas > 0 [1][0] OK
C:[01/08/2014 12:35:55.45][190.37.119.236][1138] SELECT pre_cod_asig1,pre_cod_asig2,pre_cod_asig3,pre_cod_asig4,pre_cod_asig5,pre_cod_asig6,pre_cod_asig7 FROM tblaca009 WHERE pensum='5' AND c_uni_ca='3' AND c_asigna='311795' [1][0] OK
C:[01/08/2014 12:35:55.45][190.37.119.236][1151] SELECT c_asigna FROM dace004 WHERE exp_e='08-20506837' AND c_asigna='311674' AND status IN ('0','3','B','C') [1][0] OK
C:[01/08/2014 12:35:55.45][190.37.119.236][1151] SELECT c_asigna FROM dace004 WHERE exp_e='08-20506837' AND c_asigna='311673' AND status IN ('0','3','B','C') [1][0] OK
C:[01/08/2014 12:35:55.08][190.37.119.236][1182] SELECT par_cod_asig1,par_cod_asig2,par_cod_asig3 FROM tblaca009 WHERE pensum='5' AND c_uni_ca='3' AND c_asigna='311795' [1][0] OK
C:[01/08/2014 12:35:55.22][190.37.119.236][1312] SELECT horas_lab FROM tblaca008 WHERE c_asigna='311795' AND horas_teoricas > 0 [1][0] OK
C:[01/08/2014 12:42:45.28][190.206.81.87][1138] SELECT pre_cod_asig1,pre_cod_asig2,pre_cod_asig3,pre_cod_asig4,pre_cod_asig5,pre_cod_asig6,pre_cod_asig7 FROM tblaca009 WHERE pensum='5' AND c_uni_ca='2' AND c_asigna='300101' [1][0] OK
C:[01/08/2014 12:42:45.66][190.206.81.87][1182] SELECT par_cod_asig1,par_cod_asig2,par_cod_asig3 FROM tblaca009 WHERE pensum='5' AND c_uni_ca='2' AND c_asigna='300101' [1][0] OK
C:[01/08/2014 12:42:45.80][190.206.81.87][1312] SELECT horas_lab FROM tblaca008 WHERE c_asigna='300101' AND horas_teoricas > 0 [1][0] OK
C:[01/08/2014 12:45:24.90][201.243.109.45][1138] SELECT pre_cod_asig1,pre_cod_asig2,pre_cod_asig3,pre_cod_asig4,pre_cod_asig5,pre_cod_asig6,pre_cod_asig7 FROM tblaca009 WHERE pensum='5' AND c_uni_ca='3' AND c_asigna='311674' [1][0] OK
C:[01/08/2014 12:45:24.90][201.243.109.45][1151] SELECT c_asigna FROM dace004 WHERE exp_e='10-18960534' AND c_asigna='310548' AND status IN ('0','3','B','C') [1][0] OK
C:[01/08/2014 12:45:24.90][201.243.109.45][1151] SELECT c_asigna FROM dace004 WHERE exp_e='10-18960534' AND c_asigna='311551' AND status IN ('0','3','B','C') [1][0] OK
C:[01/08/2014 12:45:24.90][201.243.109.45][1151] SELECT c_asigna FROM dace004 WHERE exp_e='10-18960534' AND c_asigna='311320' AND status IN ('0','3','B','C') [1][0] OK
C:[01/08/2014 12:45:24.64][201.243.109.45][1182] SELECT par_cod_asig1,par_cod_asig2,par_cod_asig3 FROM tblaca009 WHERE pensum='5' AND c_uni_ca='3' AND c_asigna='311674' [1][0] OK
C:[01/08/2014 12:45:24.78][201.243.109.45][1312] SELECT horas_lab FROM tblaca008 WHERE c_asigna='311674' AND horas_teoricas > 0 [1][0] OK
C:[01/08/2014 12:49:22.01][186.89.146.196][1138] SELECT pre_cod_asig1,pre_cod_asig2,pre_cod_asig3,pre_cod_asig4,pre_cod_asig5,pre_cod_asig6,pre_cod_asig7 FROM tblaca009 WHERE pensum='5' AND c_uni_ca='5' AND c_asigna='355573' [1][0] OK
C:[01/08/2014 12:49:22.01][186.89.146.196][1151] SELECT c_asigna FROM dace004 WHERE exp_e='03-17632615' AND c_asigna='355448' AND status IN ('0','3','B','C') [1][0] OK
C:[01/08/2014 12:49:23.54][186.89.146.196][1182] SELECT par_cod_asig1,par_cod_asig2,par_cod_asig3 FROM tblaca009 WHERE pensum='5' AND c_uni_ca='5' AND c_asigna='355573' [1][0] OK
C:[01/08/2014 12:49:23.66][186.89.146.196][1312] SELECT horas_lab FROM tblaca008 WHERE c_asigna='355573' AND horas_teoricas > 0 [1][0] OK
C:[01/08/2014 12:49:33.80][186.94.34.178][1138] SELECT pre_cod_asig1,pre_cod_asig2,pre_cod_asig3,pre_cod_asig4,pre_cod_asig5,pre_cod_asig6,pre_cod_asig7 FROM tblaca009 WHERE pensum='5' AND c_uni_ca='3' AND c_asigna='311434' [1][0] OK
C:[01/08/2014 12:49:33.80][186.94.34.178][1151] SELECT c_asigna FROM dace004 WHERE exp_e='06-19446698' AND c_asigna='300222' AND status IN ('0','3','B','C') [1][0] OK
C:[01/08/2014 12:49:33.80][186.94.34.178][1151] SELECT c_asigna FROM dace004 WHERE exp_e='06-19446698' AND c_asigna='300226' AND status IN ('0','3','B','C') [1][0] OK
C:[01/08/2014 12:49:33.80][186.94.34.178][1151] SELECT c_asigna FROM dace004 WHERE exp_e='06-19446698' AND c_asigna='300209' AND status IN ('0','3','B','C') [1][0] OK
C:[01/08/2014 12:49:33.80][186.94.34.178][1138] SELECT pre_cod_asig1,pre_cod_asig2,pre_cod_asig3,pre_cod_asig4,pre_cod_asig5,pre_cod_asig6,pre_cod_asig7 FROM tblaca009 WHERE pensum='5' AND c_uni_ca='3' AND c_asigna='311431' [1][0] OK
C:[01/08/2014 12:49:33.80][186.94.34.178][1151] SELECT c_asigna FROM dace004 WHERE exp_e='06-19446698' AND c_asigna='311320' AND status IN ('0','3','B','C') [1][0] OK
C:[01/08/2014 12:49:33.80][186.94.34.178][1151] SELECT c_asigna FROM dace004 WHERE exp_e='06-19446698' AND c_asigna='300013' AND status IN ('0','3','B','C') [1][0] OK
C:[01/08/2014 12:49:33.80][186.94.34.178][1151] SELECT c_asigna FROM dace004 WHERE exp_e='06-19446698' AND c_asigna='300113' AND status IN ('0','3','B','C') [1][0] OK
C:[01/08/2014 12:49:33.80][186.94.34.178][1151] SELECT c_asigna FROM dace004 WHERE exp_e='06-19446698' AND c_asigna='300222' AND status IN ('0','3','B','C') [1][0] OK
C:[01/08/2014 12:49:33.80][186.94.34.178][1151] SELECT c_asigna FROM dace004 WHERE exp_e='06-19446698' AND c_asigna='300226' AND status IN ('0','3','B','C') [1][0] OK
C:[01/08/2014 12:49:33.80][186.94.34.178][1151] SELECT c_asigna FROM dace004 WHERE exp_e='06-19446698' AND c_asigna='300209' AND status IN ('0','3','B','C') [1][0] OK
C:[01/08/2014 12:49:33.16][186.94.34.178][1182] SELECT par_cod_asig1,par_cod_asig2,par_cod_asig3 FROM tblaca009 WHERE pensum='5' AND c_uni_ca='3' AND c_asigna='311434' [1][0] OK
C:[01/08/2014 12:49:33.16][186.94.34.178][1196] SELECT c_asigna FROM dace004 WHERE exp_e='06-19446698' AND c_asigna='311431' AND status IN ('0','3','B','C') [0][0] OK
C:[01/08/2014 12:49:33.16][186.94.34.178][1182] SELECT par_cod_asig1,par_cod_asig2,par_cod_asig3 FROM tblaca009 WHERE pensum='5' AND c_uni_ca='3' AND c_asigna='311431' [1][0] OK
C:[01/08/2014 12:49:33.16][186.94.34.178][1196] SELECT c_asigna FROM dace004 WHERE exp_e='06-19446698' AND c_asigna='311430' AND status IN ('0','3','B','C') [1][0] OK
C:[01/08/2014 12:49:33.67][186.94.34.178][1312] SELECT horas_lab FROM tblaca008 WHERE c_asigna='311434' AND horas_teoricas > 0 [0][0] OK
C:[01/08/2014 12:49:33.67][186.94.34.178][1312] SELECT horas_lab FROM tblaca008 WHERE c_asigna='311431' AND horas_teoricas > 0 [1][0] OK
C:[01/08/2014 12:49:42.59][190.77.249.155][1138] SELECT pre_cod_asig1,pre_cod_asig2,pre_cod_asig3,pre_cod_asig4,pre_cod_asig5,pre_cod_asig6,pre_cod_asig7 FROM tblaca009 WHERE pensum='5' AND c_uni_ca='6' AND c_asigna='344733' [1][0] OK
C:[01/08/2014 12:49:42.41][190.77.249.155][1182] SELECT par_cod_asig1,par_cod_asig2,par_cod_asig3 FROM tblaca009 WHERE pensum='5' AND c_uni_ca='6' AND c_asigna='344733' [1][0] OK
C:[01/08/2014 12:49:42.54][190.77.249.155][1312] SELECT horas_lab FROM tblaca008 WHERE c_asigna='344733' AND horas_teoricas > 0 [1][0] OK
C:[01/08/2014 12:50:26.94][186.94.51.161][1138] SELECT pre_cod_asig1,pre_cod_asig2,pre_cod_asig3,pre_cod_asig4,pre_cod_asig5,pre_cod_asig6,pre_cod_asig7 FROM tblaca009 WHERE pensum='5' AND c_uni_ca='4' AND c_asigna='300101' [1][0] OK
C:[01/08/2014 12:50:26.32][186.94.51.161][1182] SELECT par_cod_asig1,par_cod_asig2,par_cod_asig3 FROM tblaca009 WHERE pensum='5' AND c_uni_ca='4' AND c_asigna='300101' [1][0] OK
C:[01/08/2014 12:50:26.46][186.94.51.161][1312] SELECT horas_lab FROM tblaca008 WHERE c_asigna='300101' AND horas_teoricas > 0 [1][0] OK
C:[01/08/2014 12:51:12.79][190.199.66.15][1138] SELECT pre_cod_asig1,pre_cod_asig2,pre_cod_asig3,pre_cod_asig4,pre_cod_asig5,pre_cod_asig6,pre_cod_asig7 FROM tblaca009 WHERE pensum='5' AND c_uni_ca='5' AND c_asigna='355448' [1][0] OK
C:[01/08/2014 12:51:12.79][190.199.66.15][1151] SELECT c_asigna FROM dace004 WHERE exp_e='09-20506101' AND c_asigna='300313' AND status IN ('0','3','B','C') [1][0] OK
C:[01/08/2014 12:51:12.79][190.199.66.15][1151] SELECT c_asigna FROM dace004 WHERE exp_e='09-20506101' AND c_asigna='300209' AND status IN ('0','3','B','C') [1][0] OK
C:[01/08/2014 12:51:12.79][190.199.66.15][1151] SELECT c_asigna FROM dace004 WHERE exp_e='09-20506101' AND c_asigna='300226' AND status IN ('0','3','B','C') [1][0] OK
C:[01/08/2014 12:51:12.79][190.199.66.15][1151] SELECT c_asigna FROM dace004 WHERE exp_e='09-20506101' AND c_asigna='300222' AND status IN ('0','3','B','C') [1][0] OK
C:[01/08/2014 12:51:13.09][190.199.66.15][1182] SELECT par_cod_asig1,par_cod_asig2,par_cod_asig3 FROM tblaca009 WHERE pensum='5' AND c_uni_ca='5' AND c_asigna='355448' [1][0] OK
C:[01/08/2014 12:51:13.79][190.199.66.15][1312] SELECT horas_lab FROM tblaca008 WHERE c_asigna='355448' AND horas_teoricas > 0 [1][0] OK
C:[01/08/2014 12:51:22.50][186.94.51.161][1138] SELECT pre_cod_asig1,pre_cod_asig2,pre_cod_asig3,pre_cod_asig4,pre_cod_asig5,pre_cod_asig6,pre_cod_asig7 FROM tblaca009 WHERE pensum='5' AND c_uni_ca='4' AND c_asigna='300313' [1][0] OK
C:[01/08/2014 12:51:22.50][186.94.51.161][1151] SELECT c_asigna FROM dace004 WHERE exp_e='06-18077543' AND c_asigna='300213' AND status IN ('0','3','B','C') [1][0] OK
C:[01/08/2014 12:51:22.50][186.94.51.161][1151] SELECT c_asigna FROM dace004 WHERE exp_e='06-18077543' AND c_asigna='300226' AND status IN ('0','3','B','C') [1][0] OK
C:[01/08/2014 12:51:22.50][186.94.51.161][1151] SELECT c_asigna FROM dace004 WHERE exp_e='06-18077543' AND c_asigna='300222' AND status IN ('0','3','B','C') [1][0] OK
C:[01/08/2014 12:51:22.50][186.94.51.161][1151] SELECT c_asigna FROM dace004 WHERE exp_e='06-18077543' AND c_asigna='300209' AND status IN ('0','3','B','C') [1][0] OK
C:[01/08/2014 12:51:22.12][186.94.51.161][1182] SELECT par_cod_asig1,par_cod_asig2,par_cod_asig3 FROM tblaca009 WHERE pensum='5' AND c_uni_ca='4' AND c_asigna='300313' [1][0] OK
C:[01/08/2014 12:51:22.25][186.94.51.161][1312] SELECT horas_lab FROM tblaca008 WHERE c_asigna='300313' AND horas_teoricas > 0 [1][0] OK
C:[01/08/2014 12:51:35.63][190.206.81.87][1138] SELECT pre_cod_asig1,pre_cod_asig2,pre_cod_asig3,pre_cod_asig4,pre_cod_asig5,pre_cod_asig6,pre_cod_asig7 FROM tblaca009 WHERE pensum='5' AND c_uni_ca='2' AND c_asigna='322436' [1][0] OK
C:[01/08/2014 12:51:35.63][190.206.81.87][1151] SELECT c_asigna FROM dace004 WHERE exp_e='08-17624807' AND c_asigna='300317' AND status IN ('0','3','B','C') [1][0] OK
C:[01/08/2014 12:51:35.63][190.206.81.87][1151] SELECT c_asigna FROM dace004 WHERE exp_e='08-17624807' AND c_asigna='320311' AND status IN ('0','3','B','C') [1][0] OK
C:[01/08/2014 12:51:35.25][190.206.81.87][1182] SELECT par_cod_asig1,par_cod_asig2,par_cod_asig3 FROM tblaca009 WHERE pensum='5' AND c_uni_ca='2' AND c_asigna='322436' [1][0] OK
C:[01/08/2014 12:51:35.39][190.206.81.87][1312] SELECT horas_lab FROM tblaca008 WHERE c_asigna='322436' AND horas_teoricas > 0 [1][0] OK
C:[01/08/2014 12:51:40.24][190.39.5.99][1138] SELECT pre_cod_asig1,pre_cod_asig2,pre_cod_asig3,pre_cod_asig4,pre_cod_asig5,pre_cod_asig6,pre_cod_asig7 FROM tblaca009 WHERE pensum='5' AND c_uni_ca='2' AND c_asigna='322782' [1][0] OK
C:[01/08/2014 12:51:40.24][190.39.5.99][1151] SELECT c_asigna FROM dace004 WHERE exp_e='07-20284875' AND c_asigna='322669' AND status IN ('0','3','B','C') [1][0] OK
C:[01/08/2014 12:51:40.24][190.39.5.99][1151] SELECT c_asigna FROM dace004 WHERE exp_e='07-20284875' AND c_asigna='322550' AND status IN ('0','3','B','C') [1][0] OK
C:[01/08/2014 12:51:40.59][190.39.5.99][1182] SELECT par_cod_asig1,par_cod_asig2,par_cod_asig3 FROM tblaca009 WHERE pensum='5' AND c_uni_ca='2' AND c_asigna='322782' [1][0] OK
C:[01/08/2014 12:51:40.72][190.39.5.99][1312] SELECT horas_lab FROM tblaca008 WHERE c_asigna='322782' AND horas_teoricas > 0 [1][0] OK
C:[01/08/2014 12:57:00.44][190.199.65.200][1138] SELECT pre_cod_asig1,pre_cod_asig2,pre_cod_asig3,pre_cod_asig4,pre_cod_asig5,pre_cod_asig6,pre_cod_asig7 FROM tblaca009 WHERE pensum='5' AND c_uni_ca='3' AND c_asigna='300428' [1][0] OK
C:[01/08/2014 12:57:00.44][190.199.65.200][1151] SELECT c_asigna FROM dace004 WHERE exp_e='11-24541622' AND c_asigna='300317' AND status IN ('0','3','B','C') [1][0] OK
C:[01/08/2014 12:57:00.44][190.199.65.200][1151] SELECT c_asigna FROM dace004 WHERE exp_e='11-24541622' AND c_asigna='300209' AND status IN ('0','3','B','C') [1][0] OK
C:[01/08/2014 12:57:00.07][190.199.65.200][1182] SELECT par_cod_asig1,par_cod_asig2,par_cod_asig3 FROM tblaca009 WHERE pensum='5' AND c_uni_ca='3' AND c_asigna='300428' [1][0] OK
C:[01/08/2014 12:57:00.20][190.199.65.200][1312] SELECT horas_lab FROM tblaca008 WHERE c_asigna='300428' AND horas_teoricas > 0 [1][0] OK
C:[01/08/2014 12:57:51.91][190.206.245.237][1138] SELECT pre_cod_asig1,pre_cod_asig2,pre_cod_asig3,pre_cod_asig4,pre_cod_asig5,pre_cod_asig6,pre_cod_asig7 FROM tblaca009 WHERE pensum='5' AND c_uni_ca='6' AND c_asigna='300317' [1][0] OK
C:[01/08/2014 12:57:51.91][190.206.245.237][1151] SELECT c_asigna FROM dace004 WHERE exp_e='10-84426824' AND c_asigna='300207' AND status IN ('0','3','B','C') [1][0] OK
C:[01/08/2014 12:57:51.91][190.206.245.237][1151] SELECT c_asigna FROM dace004 WHERE exp_e='10-84426824' AND c_asigna='300209' AND status IN ('0','3','B','C') [1][0] OK
C:[01/08/2014 12:57:52.54][190.206.245.237][1182] SELECT par_cod_asig1,par_cod_asig2,par_cod_asig3 FROM tblaca009 WHERE pensum='5' AND c_uni_ca='6' AND c_asigna='300317' [1][0] OK
C:[01/08/2014 12:57:52.67][190.206.245.237][1312] SELECT horas_lab FROM tblaca008 WHERE c_asigna='300317' AND horas_teoricas > 0 [1][0] OK
C:[01/08/2014 12:57:56.67][200.90.103.252][1138] SELECT pre_cod_asig1,pre_cod_asig2,pre_cod_asig3,pre_cod_asig4,pre_cod_asig5,pre_cod_asig6,pre_cod_asig7 FROM tblaca009 WHERE pensum='5' AND c_uni_ca='2' AND c_asigna='300101' [1][0] OK
C:[01/08/2014 12:57:56.67][200.90.103.252][1138] SELECT pre_cod_asig1,pre_cod_asig2,pre_cod_asig3,pre_cod_asig4,pre_cod_asig5,pre_cod_asig6,pre_cod_asig7 FROM tblaca009 WHERE pensum='5' AND c_uni_ca='2' AND c_asigna='300112' [1][0] OK
C:[01/08/2014 12:57:56.67][200.90.103.252][1138] SELECT pre_cod_asig1,pre_cod_asig2,pre_cod_asig3,pre_cod_asig4,pre_cod_asig5,pre_cod_asig6,pre_cod_asig7 FROM tblaca009 WHERE pensum='5' AND c_uni_ca='2' AND c_asigna='300226' [1][0] OK
C:[01/08/2014 12:57:56.67][200.90.103.252][1151] SELECT c_asigna FROM dace004 WHERE exp_e='13-25901006' AND c_asigna='300116' AND status IN ('0','3','B','C') [1][0] OK
C:[01/08/2014 12:57:56.17][200.90.103.252][1182] SELECT par_cod_asig1,par_cod_asig2,par_cod_asig3 FROM tblaca009 WHERE pensum='5' AND c_uni_ca='2' AND c_asigna='300101' [1][0] OK
C:[01/08/2014 12:57:56.17][200.90.103.252][1182] SELECT par_cod_asig1,par_cod_asig2,par_cod_asig3 FROM tblaca009 WHERE pensum='5' AND c_uni_ca='2' AND c_asigna='300112' [1][0] OK
C:[01/08/2014 12:57:56.17][200.90.103.252][1182] SELECT par_cod_asig1,par_cod_asig2,par_cod_asig3 FROM tblaca009 WHERE pensum='5' AND c_uni_ca='2' AND c_asigna='300226' [1][0] OK
C:[01/08/2014 12:57:56.55][200.90.103.252][1312] SELECT horas_lab FROM tblaca008 WHERE c_asigna='300101' AND horas_teoricas > 0 [1][0] OK
C:[01/08/2014 12:57:56.55][200.90.103.252][1312] SELECT horas_lab FROM tblaca008 WHERE c_asigna='300112' AND horas_teoricas > 0 [1][0] OK
C:[01/08/2014 12:57:56.55][200.90.103.252][1312] SELECT horas_lab FROM tblaca008 WHERE c_asigna='300226' AND horas_teoricas > 0 [1][0] OK
C:[01/08/2014 13:00:17.15][190.200.23.188][1138] SELECT pre_cod_asig1,pre_cod_asig2,pre_cod_asig3,pre_cod_asig4,pre_cod_asig5,pre_cod_asig6,pre_cod_asig7 FROM tblaca009 WHERE pensum='5' AND c_uni_ca='4' AND c_asigna='300209' [1][0] OK
C:[01/08/2014 13:00:17.15][190.200.23.188][1151] SELECT c_asigna FROM dace004 WHERE exp_e='12-24482344' AND c_asigna='300101' AND status IN ('0','3','B','C') [1][0] OK
C:[01/08/2014 13:00:17.65][190.200.23.188][1182] SELECT par_cod_asig1,par_cod_asig2,par_cod_asig3 FROM tblaca009 WHERE pensum='5' AND c_uni_ca='4' AND c_asigna='300209' [1][0] OK
C:[01/08/2014 13:00:17.78][190.200.23.188][1312] SELECT horas_lab FROM tblaca008 WHERE c_asigna='300209' AND horas_teoricas > 0 [1][0] OK
C:[01/08/2014 13:00:37.81][190.77.216.45][1138] SELECT pre_cod_asig1,pre_cod_asig2,pre_cod_asig3,pre_cod_asig4,pre_cod_asig5,pre_cod_asig6,pre_cod_asig7 FROM tblaca009 WHERE pensum='5' AND c_uni_ca='5' AND c_asigna='300213' [1][0] OK
C:[01/08/2014 13:00:37.81][190.77.216.45][1151] SELECT c_asigna FROM dace004 WHERE exp_e='12-20807483' AND c_asigna='300101' AND status IN ('0','3','B','C') [1][0] OK
C:[01/08/2014 13:00:37.81][190.77.216.45][1138] SELECT pre_cod_asig1,pre_cod_asig2,pre_cod_asig3,pre_cod_asig4,pre_cod_asig5,pre_cod_asig6,pre_cod_asig7 FROM tblaca009 WHERE pensum='5' AND c_uni_ca='5' AND c_asigna='300317' [1][0] OK
C:[01/08/2014 13:00:37.81][190.77.216.45][1151] SELECT c_asigna FROM dace004 WHERE exp_e='12-20807483' AND c_asigna='300207' AND status IN ('0','3','B','C') [1][0] OK
C:[01/08/2014 13:00:37.81][190.77.216.45][1151] SELECT c_asigna FROM dace004 WHERE exp_e='12-20807483' AND c_asigna='300209' AND status IN ('0','3','B','C') [1][0] OK
C:[01/08/2014 13:00:37.68][190.77.216.45][1182] SELECT par_cod_asig1,par_cod_asig2,par_cod_asig3 FROM tblaca009 WHERE pensum='5' AND c_uni_ca='5' AND c_asigna='300213' [1][0] OK
C:[01/08/2014 13:00:37.68][190.77.216.45][1196] SELECT c_asigna FROM dace004 WHERE exp_e='12-20807483' AND c_asigna='300209' AND status IN ('0','3','B','C') [1][0] OK
C:[01/08/2014 13:00:37.68][190.77.216.45][1182] SELECT par_cod_asig1,par_cod_asig2,par_cod_asig3 FROM tblaca009 WHERE pensum='5' AND c_uni_ca='5' AND c_asigna='300317' [1][0] OK
C:[01/08/2014 13:00:37.07][190.77.216.45][1312] SELECT horas_lab FROM tblaca008 WHERE c_asigna='300213' AND horas_teoricas > 0 [1][0] OK
C:[01/08/2014 13:00:37.07][190.77.216.45][1312] SELECT horas_lab FROM tblaca008 WHERE c_asigna='300317' AND horas_teoricas > 0 [1][0] OK
C:[01/08/2014 13:07:07.23][186.90.214.75][1138] SELECT pre_cod_asig1,pre_cod_asig2,pre_cod_asig3,pre_cod_asig4,pre_cod_asig5,pre_cod_asig6,pre_cod_asig7 FROM tblaca009 WHERE pensum='5' AND c_uni_ca='6' AND c_asigna='344566' [1][0] OK
C:[01/08/2014 13:07:07.23][186.90.214.75][1151] SELECT c_asigna FROM dace004 WHERE exp_e='07-20171109' AND c_asigna='344446' AND status IN ('0','3','B','C') [1][0] OK
C:[01/08/2014 13:07:07.23][186.90.214.75][1151] SELECT c_asigna FROM dace004 WHERE exp_e='07-20171109' AND c_asigna='300428' AND status IN ('0','3','B','C') [1][0] OK
C:[01/08/2014 13:07:07.23][186.90.214.75][1151] SELECT c_asigna FROM dace004 WHERE exp_e='07-20171109' AND c_asigna='300209' AND status IN ('0','3','B','C') [1][0] OK
C:[01/08/2014 13:07:07.23][186.90.214.75][1151] SELECT c_asigna FROM dace004 WHERE exp_e='07-20171109' AND c_asigna='300222' AND status IN ('0','3','B','C') [1][0] OK
C:[01/08/2014 13:07:07.23][186.90.214.75][1151] SELECT c_asigna FROM dace004 WHERE exp_e='07-20171109' AND c_asigna='300226' AND status IN ('0','3','B','C') [1][0] OK
C:[01/08/2014 13:07:07.23][186.90.214.75][1151] SELECT c_asigna FROM dace004 WHERE exp_e='07-20171109' AND c_asigna='300317' AND status IN ('0','3','B','C') [1][0] OK
C:[01/08/2014 13:07:07.23][186.90.214.75][1151] SELECT c_asigna FROM dace004 WHERE exp_e='07-20171109' AND c_asigna='300313' AND status IN ('0','3','B','C') [0][0] OK
C:[01/08/2014 13:07:08.48][186.90.214.75][1182] SELECT par_cod_asig1,par_cod_asig2,par_cod_asig3 FROM tblaca009 WHERE pensum='5' AND c_uni_ca='6' AND c_asigna='344566' [1][0] OK
C:[01/08/2014 13:07:08.62][186.90.214.75][1312] SELECT horas_lab FROM tblaca008 WHERE c_asigna='344566' AND horas_teoricas > 0 [1][0] OK
C:[01/08/2014 13:14:18.42][190.198.179.164][1138] SELECT pre_cod_asig1,pre_cod_asig2,pre_cod_asig3,pre_cod_asig4,pre_cod_asig5,pre_cod_asig6,pre_cod_asig7 FROM tblaca009 WHERE pensum='5' AND c_uni_ca='2' AND c_asigna='300956' [1][0] OK
C:[01/08/2014 13:14:18.42][190.198.179.164][1151] SELECT c_asigna FROM dace004 WHERE exp_e='09-20703935' AND c_asigna='300422' AND status IN ('0','3','B','C') [1][0] OK
C:[01/08/2014 13:14:18.42][190.198.179.164][1151] SELECT c_asigna FROM dace004 WHERE exp_e='09-20703935' AND c_asigna='300105' AND status IN ('0','3','B','C') [1][0] OK
C:[01/08/2014 13:14:18.42][190.198.179.164][1151] SELECT c_asigna FROM dace004 WHERE exp_e='09-20703935' AND c_asigna='300314' AND status IN ('0','3','B','C') [1][0] OK
C:[01/08/2014 13:14:18.42][190.198.179.164][1138] SELECT pre_cod_asig1,pre_cod_asig2,pre_cod_asig3,pre_cod_asig4,pre_cod_asig5,pre_cod_asig6,pre_cod_asig7 FROM tblaca009 WHERE pensum='5' AND c_uni_ca='2' AND c_asigna='322936' [1][0] OK
C:[01/08/2014 13:14:18.42][190.198.179.164][1151] SELECT c_asigna FROM dace004 WHERE exp_e='09-20703935' AND c_asigna='322801' AND status IN ('0','3','B','C') [1][0] OK
C:[01/08/2014 13:14:18.42][190.198.179.164][1182] SELECT par_cod_asig1,par_cod_asig2,par_cod_asig3 FROM tblaca009 WHERE pensum='5' AND c_uni_ca='2' AND c_asigna='300956' [1][0] OK
C:[01/08/2014 13:14:18.42][190.198.179.164][1182] SELECT par_cod_asig1,par_cod_asig2,par_cod_asig3 FROM tblaca009 WHERE pensum='5' AND c_uni_ca='2' AND c_asigna='322936' [1][0] OK
C:[01/08/2014 13:14:18.68][190.198.179.164][1312] SELECT horas_lab FROM tblaca008 WHERE c_asigna='300956' AND horas_teoricas > 0 [1][0] OK
C:[01/08/2014 13:14:18.68][190.198.179.164][1312] SELECT horas_lab FROM tblaca008 WHERE c_asigna='322936' AND horas_teoricas > 0 [1][0] OK
C:[01/08/2014 13:15:25.63][186.94.51.161][1138] SELECT pre_cod_asig1,pre_cod_asig2,pre_cod_asig3,pre_cod_asig4,pre_cod_asig5,pre_cod_asig6,pre_cod_asig7 FROM tblaca009 WHERE pensum='5' AND c_uni_ca='3' AND c_asigna='300222' [1][0] OK
C:[01/08/2014 13:15:25.63][186.94.51.161][1151] SELECT c_asigna FROM dace004 WHERE exp_e='13-25859030' AND c_asigna='300112' AND status IN ('0','3','B','C') [1][0] OK
C:[01/08/2014 13:15:25.63][186.94.51.161][1138] SELECT pre_cod_asig1,pre_cod_asig2,pre_cod_asig3,pre_cod_asig4,pre_cod_asig5,pre_cod_asig6,pre_cod_asig7 FROM tblaca009 WHERE pensum='5' AND c_uni_ca='3' AND c_asigna='300207' [1][0] OK
C:[01/08/2014 13:15:25.63][186.94.51.161][1151] SELECT c_asigna FROM dace004 WHERE exp_e='13-25859030' AND c_asigna='300101' AND status IN ('0','3','B','C') [1][0] OK
C:[01/08/2014 13:15:25.63][186.94.51.161][1138] SELECT pre_cod_asig1,pre_cod_asig2,pre_cod_asig3,pre_cod_asig4,pre_cod_asig5,pre_cod_asig6,pre_cod_asig7 FROM tblaca009 WHERE pensum='5' AND c_uni_ca='3' AND c_asigna='300228' [1][0] OK
C:[01/08/2014 13:15:25.63][186.94.51.161][1151] SELECT c_asigna FROM dace004 WHERE exp_e='13-25859030' AND c_asigna='300101' AND status IN ('0','3','B','C') [1][0] OK
C:[01/08/2014 13:15:26.75][186.94.51.161][1182] SELECT par_cod_asig1,par_cod_asig2,par_cod_asig3 FROM tblaca009 WHERE pensum='5' AND c_uni_ca='3' AND c_asigna='300222' [1][0] OK
C:[01/08/2014 13:15:26.75][186.94.51.161][1182] SELECT par_cod_asig1,par_cod_asig2,par_cod_asig3 FROM tblaca009 WHERE pensum='5' AND c_uni_ca='3' AND c_asigna='300207' [1][0] OK
C:[01/08/2014 13:15:26.75][186.94.51.161][1182] SELECT par_cod_asig1,par_cod_asig2,par_cod_asig3 FROM tblaca009 WHERE pensum='5' AND c_uni_ca='3' AND c_asigna='300228' [1][0] OK
C:[01/08/2014 13:15:26.14][186.94.51.161][1312] SELECT horas_lab FROM tblaca008 WHERE c_asigna='300222' AND horas_teoricas > 0 [1][0] OK
C:[01/08/2014 13:15:26.14][186.94.51.161][1312] SELECT horas_lab FROM tblaca008 WHERE c_asigna='300207' AND horas_teoricas > 0 [1][0] OK
C:[01/08/2014 13:15:26.14][186.94.51.161][1312] SELECT horas_lab FROM tblaca008 WHERE c_asigna='300228' AND horas_teoricas > 0 [1][0] OK
C:[01/08/2014 13:16:03.65][186.90.214.75][1138] SELECT pre_cod_asig1,pre_cod_asig2,pre_cod_asig3,pre_cod_asig4,pre_cod_asig5,pre_cod_asig6,pre_cod_asig7 FROM tblaca009 WHERE pensum='5' AND c_uni_ca='3' AND c_asigna='311655' [1][0] OK
C:[01/08/2014 13:16:03.65][186.90.214.75][1151] SELECT c_asigna FROM dace004 WHERE exp_e='08-20035471' AND c_asigna='311556' AND status IN ('0','3','B','C') [1][0] OK
C:[01/08/2014 13:16:03.65][186.90.214.75][1138] SELECT pre_cod_asig1,pre_cod_asig2,pre_cod_asig3,pre_cod_asig4,pre_cod_asig5,pre_cod_asig6,pre_cod_asig7 FROM tblaca009 WHERE pensum='5' AND c_uni_ca='3' AND c_asigna='311674' [1][0] OK
C:[01/08/2014 13:16:03.65][186.90.214.75][1151] SELECT c_asigna FROM dace004 WHERE exp_e='08-20035471' AND c_asigna='310548' AND status IN ('0','3','B','C') [1][0] OK
C:[01/08/2014 13:16:03.65][186.90.214.75][1151] SELECT c_asigna FROM dace004 WHERE exp_e='08-20035471' AND c_asigna='311551' AND status IN ('0','3','B','C') [1][0] OK
C:[01/08/2014 13:16:03.65][186.90.214.75][1151] SELECT c_asigna FROM dace004 WHERE exp_e='08-20035471' AND c_asigna='311320' AND status IN ('0','3','B','C') [1][0] OK
C:[01/08/2014 13:16:03.65][186.90.214.75][1182] SELECT par_cod_asig1,par_cod_asig2,par_cod_asig3 FROM tblaca009 WHERE pensum='5' AND c_uni_ca='3' AND c_asigna='311655' [1][0] OK
C:[01/08/2014 13:16:03.65][186.90.214.75][1182] SELECT par_cod_asig1,par_cod_asig2,par_cod_asig3 FROM tblaca009 WHERE pensum='5' AND c_uni_ca='3' AND c_asigna='311674' [1][0] OK
C:[01/08/2014 13:16:03.93][186.90.214.75][1312] SELECT horas_lab FROM tblaca008 WHERE c_asigna='311655' AND horas_teoricas > 0 [1][0] OK
C:[01/08/2014 13:16:03.93][186.90.214.75][1312] SELECT horas_lab FROM tblaca008 WHERE c_asigna='311674' AND horas_teoricas > 0 [1][0] OK
C:[01/08/2014 13:16:07.47][190.75.138.206][1138] SELECT pre_cod_asig1,pre_cod_asig2,pre_cod_asig3,pre_cod_asig4,pre_cod_asig5,pre_cod_asig6,pre_cod_asig7 FROM tblaca009 WHERE pensum='5' AND c_uni_ca='4' AND c_asigna='300207' [1][0] OK
C:[01/08/2014 13:16:07.47][190.75.138.206][1151] SELECT c_asigna FROM dace004 WHERE exp_e='11-21235000' AND c_asigna='300101' AND status IN ('0','3','B','C') [1][0] OK
C:[01/08/2014 13:16:07.47][190.75.138.206][1138] SELECT pre_cod_asig1,pre_cod_asig2,pre_cod_asig3,pre_cod_asig4,pre_cod_asig5,pre_cod_asig6,pre_cod_asig7 FROM tblaca009 WHERE pensum='5' AND c_uni_ca='4' AND c_asigna='300209' [1][0] OK
C:[01/08/2014 13:16:07.47][190.75.138.206][1151] SELECT c_asigna FROM dace004 WHERE exp_e='11-21235000' AND c_asigna='300101' AND status IN ('0','3','B','C') [1][0] OK
C:[01/08/2014 13:16:07.97][190.75.138.206][1182] SELECT par_cod_asig1,par_cod_asig2,par_cod_asig3 FROM tblaca009 WHERE pensum='5' AND c_uni_ca='4' AND c_asigna='300207' [1][0] OK
C:[01/08/2014 13:16:07.97][190.75.138.206][1182] SELECT par_cod_asig1,par_cod_asig2,par_cod_asig3 FROM tblaca009 WHERE pensum='5' AND c_uni_ca='4' AND c_asigna='300209' [1][0] OK
C:[01/08/2014 13:16:07.24][190.75.138.206][1312] SELECT horas_lab FROM tblaca008 WHERE c_asigna='300207' AND horas_teoricas > 0 [1][0] OK
C:[01/08/2014 13:16:07.24][190.75.138.206][1312] SELECT horas_lab FROM tblaca008 WHERE c_asigna='300209' AND horas_teoricas > 0 [1][0] OK
C:[01/08/2014 13:17:24.33][190.37.46.116][1138] SELECT pre_cod_asig1,pre_cod_asig2,pre_cod_asig3,pre_cod_asig4,pre_cod_asig5,pre_cod_asig6,pre_cod_asig7 FROM tblaca009 WHERE pensum='5' AND c_uni_ca='5' AND c_asigna='355691' [1][0] OK
C:[01/08/2014 13:17:24.33][190.37.46.116][1151] SELECT c_asigna FROM dace004 WHERE exp_e='10-20298085' AND c_asigna='355571' AND status IN ('0','3','B','C') [1][0] OK
C:[01/08/2014 13:17:24.33][190.37.46.116][1138] SELECT pre_cod_asig1,pre_cod_asig2,pre_cod_asig3,pre_cod_asig4,pre_cod_asig5,pre_cod_asig6,pre_cod_asig7 FROM tblaca009 WHERE pensum='5' AND c_uni_ca='5' AND c_asigna='355692' [1][0] OK
C:[01/08/2014 13:17:24.33][190.37.46.116][1151] SELECT c_asigna FROM dace004 WHERE exp_e='10-20298085' AND c_asigna='355448' AND status IN ('0','3','B','C') [1][0] OK
C:[01/08/2014 13:17:24.33][190.37.46.116][1151] SELECT c_asigna FROM dace004 WHERE exp_e='10-20298085' AND c_asigna='355570' AND status IN ('0','3','B','C') [1][0] OK
C:[01/08/2014 13:17:24.21][190.37.46.116][1182] SELECT par_cod_asig1,par_cod_asig2,par_cod_asig3 FROM tblaca009 WHERE pensum='5' AND c_uni_ca='5' AND c_asigna='355691' [1][0] OK
C:[01/08/2014 13:17:24.21][190.37.46.116][1182] SELECT par_cod_asig1,par_cod_asig2,par_cod_asig3 FROM tblaca009 WHERE pensum='5' AND c_uni_ca='5' AND c_asigna='355692' [1][0] OK
C:[01/08/2014 13:17:24.47][190.37.46.116][1312] SELECT horas_lab FROM tblaca008 WHERE c_asigna='355691' AND horas_teoricas > 0 [1][0] OK
C:[01/08/2014 13:17:24.47][190.37.46.116][1312] SELECT horas_lab FROM tblaca008 WHERE c_asigna='355692' AND horas_teoricas > 0 [1][0] OK
C:[01/08/2014 13:18:27.99][190.200.39.65][1138] SELECT pre_cod_asig1,pre_cod_asig2,pre_cod_asig3,pre_cod_asig4,pre_cod_asig5,pre_cod_asig6,pre_cod_asig7 FROM tblaca009 WHERE pensum='5' AND c_uni_ca='5' AND c_asigna='355448' [1][0] OK
C:[01/08/2014 13:18:27.99][190.200.39.65][1151] SELECT c_asigna FROM dace004 WHERE exp_e='09-20506101' AND c_asigna='300313' AND status IN ('0','3','B','C') [1][0] OK
C:[01/08/2014 13:18:27.99][190.200.39.65][1151] SELECT c_asigna FROM dace004 WHERE exp_e='09-20506101' AND c_asigna='300209' AND status IN ('0','3','B','C') [1][0] OK
C:[01/08/2014 13:18:27.99][190.200.39.65][1151] SELECT c_asigna FROM dace004 WHERE exp_e='09-20506101' AND c_asigna='300226' AND status IN ('0','3','B','C') [1][0] OK
C:[01/08/2014 13:18:27.99][190.200.39.65][1151] SELECT c_asigna FROM dace004 WHERE exp_e='09-20506101' AND c_asigna='300222' AND status IN ('0','3','B','C') [1][0] OK
C:[01/08/2014 13:18:28.86][190.200.39.65][1182] SELECT par_cod_asig1,par_cod_asig2,par_cod_asig3 FROM tblaca009 WHERE pensum='5' AND c_uni_ca='5' AND c_asigna='355448' [1][0] OK
C:[01/08/2014 13:18:28.07][190.200.39.65][1312] SELECT horas_lab FROM tblaca008 WHERE c_asigna='355448' AND horas_teoricas > 0 [1][0] OK
C:[01/08/2014 13:20:37.17][190.74.183.47][1138] SELECT pre_cod_asig1,pre_cod_asig2,pre_cod_asig3,pre_cod_asig4,pre_cod_asig5,pre_cod_asig6,pre_cod_asig7 FROM tblaca009 WHERE pensum='5' AND c_uni_ca='6' AND c_asigna='344613' [1][0] OK
C:[01/08/2014 13:20:37.17][190.74.183.47][1151] SELECT c_asigna FROM dace004 WHERE exp_e='11-23733076' AND c_asigna='344566' AND status IN ('0','3','B','C') [1][0] OK
C:[01/08/2014 13:20:37.17][190.74.183.47][1151] SELECT c_asigna FROM dace004 WHERE exp_e='11-23733076' AND c_asigna='300209' AND status IN ('0','3','B','C') [1][0] OK
C:[01/08/2014 13:20:37.17][190.74.183.47][1151] SELECT c_asigna FROM dace004 WHERE exp_e='11-23733076' AND c_asigna='300222' AND status IN ('0','3','B','C') [1][0] OK
C:[01/08/2014 13:20:37.17][190.74.183.47][1151] SELECT c_asigna FROM dace004 WHERE exp_e='11-23733076' AND c_asigna='300226' AND status IN ('0','3','B','C') [1][0] OK
C:[01/08/2014 13:20:37.17][190.74.183.47][1151] SELECT c_asigna FROM dace004 WHERE exp_e='11-23733076' AND c_asigna='300313' AND status IN ('0','3','B','C') [1][0] OK
C:[01/08/2014 13:20:37.17][190.74.183.47][1151] SELECT c_asigna FROM dace004 WHERE exp_e='11-23733076' AND c_asigna='300428' AND status IN ('0','3','B','C') [1][0] OK
C:[01/08/2014 13:20:37.17][190.74.183.47][1151] SELECT c_asigna FROM dace004 WHERE exp_e='11-23733076' AND c_asigna='300317' AND status IN ('0','3','B','C') [1][0] OK
C:[01/08/2014 13:20:37.17][190.74.183.47][1138] SELECT pre_cod_asig1,pre_cod_asig2,pre_cod_asig3,pre_cod_asig4,pre_cod_asig5,pre_cod_asig6,pre_cod_asig7 FROM tblaca009 WHERE pensum='5' AND c_uni_ca='6' AND c_asigna='344687' [1][0] OK
C:[01/08/2014 13:20:37.17][190.74.183.47][1151] SELECT c_asigna FROM dace004 WHERE exp_e='11-23733076' AND c_asigna='344565' AND status IN ('0','3','B','C') [1][0] OK
C:[01/08/2014 13:20:37.68][190.74.183.47][1182] SELECT par_cod_asig1,par_cod_asig2,par_cod_asig3 FROM tblaca009 WHERE pensum='5' AND c_uni_ca='6' AND c_asigna='344613' [1][0] OK
C:[01/08/2014 13:20:37.68][190.74.183.47][1182] SELECT par_cod_asig1,par_cod_asig2,par_cod_asig3 FROM tblaca009 WHERE pensum='5' AND c_uni_ca='6' AND c_asigna='344687' [1][0] OK
C:[01/08/2014 13:20:37.94][190.74.183.47][1312] SELECT horas_lab FROM tblaca008 WHERE c_asigna='344613' AND horas_teoricas > 0 [1][0] OK
C:[01/08/2014 13:20:37.94][190.74.183.47][1312] SELECT horas_lab FROM tblaca008 WHERE c_asigna='344687' AND horas_teoricas > 0 [1][0] OK
C:[01/08/2014 13:22:03.94][190.73.231.121][1138] SELECT pre_cod_asig1,pre_cod_asig2,pre_cod_asig3,pre_cod_asig4,pre_cod_asig5,pre_cod_asig6,pre_cod_asig7 FROM tblaca009 WHERE pensum='5' AND c_uni_ca='5' AND c_asigna='300207' [1][0] OK
C:[01/08/2014 13:22:03.94][190.73.231.121][1151] SELECT c_asigna FROM dace004 WHERE exp_e='11-24117090' AND c_asigna='300101' AND status IN ('0','3','B','C') [1][0] OK
C:[01/08/2014 13:22:03.94][190.73.231.121][1138] SELECT pre_cod_asig1,pre_cod_asig2,pre_cod_asig3,pre_cod_asig4,pre_cod_asig5,pre_cod_asig6,pre_cod_asig7 FROM tblaca009 WHERE pensum='5' AND c_uni_ca='5' AND c_asigna='300209' [1][0] OK
C:[01/08/2014 13:22:03.94][190.73.231.121][1151] SELECT c_asigna FROM dace004 WHERE exp_e='11-24117090' AND c_asigna='300101' AND status IN ('0','3','B','C') [1][0] OK
C:[01/08/2014 13:22:03.94][190.73.231.121][1138] SELECT pre_cod_asig1,pre_cod_asig2,pre_cod_asig3,pre_cod_asig4,pre_cod_asig5,pre_cod_asig6,pre_cod_asig7 FROM tblaca009 WHERE pensum='5' AND c_uni_ca='5' AND c_asigna='300228' [1][0] OK
C:[01/08/2014 13:22:03.94][190.73.231.121][1151] SELECT c_asigna FROM dace004 WHERE exp_e='11-24117090' AND c_asigna='300101' AND status IN ('0','3','B','C') [1][0] OK
C:[01/08/2014 13:22:03.95][190.73.231.121][1182] SELECT par_cod_asig1,par_cod_asig2,par_cod_asig3 FROM tblaca009 WHERE pensum='5' AND c_uni_ca='5' AND c_asigna='300207' [1][0] OK
C:[01/08/2014 13:22:03.95][190.73.231.121][1182] SELECT par_cod_asig1,par_cod_asig2,par_cod_asig3 FROM tblaca009 WHERE pensum='5' AND c_uni_ca='5' AND c_asigna='300209' [1][0] OK
C:[01/08/2014 13:22:03.95][190.73.231.121][1182] SELECT par_cod_asig1,par_cod_asig2,par_cod_asig3 FROM tblaca009 WHERE pensum='5' AND c_uni_ca='5' AND c_asigna='300228' [1][0] OK
C:[01/08/2014 13:22:04.34][190.73.231.121][1312] SELECT horas_lab FROM tblaca008 WHERE c_asigna='300207' AND horas_teoricas > 0 [1][0] OK
C:[01/08/2014 13:22:04.34][190.73.231.121][1312] SELECT horas_lab FROM tblaca008 WHERE c_asigna='300209' AND horas_teoricas > 0 [1][0] OK
C:[01/08/2014 13:22:04.34][190.73.231.121][1312] SELECT horas_lab FROM tblaca008 WHERE c_asigna='300228' AND horas_teoricas > 0 [1][0] OK
C:[01/08/2014 13:24:43.80][190.201.6.138][1138] SELECT pre_cod_asig1,pre_cod_asig2,pre_cod_asig3,pre_cod_asig4,pre_cod_asig5,pre_cod_asig6,pre_cod_asig7 FROM tblaca009 WHERE pensum='5' AND c_uni_ca='5' AND c_asigna='300112' [1][0] OK
C:[01/08/2014 13:24:43.80][190.201.6.138][1138] SELECT pre_cod_asig1,pre_cod_asig2,pre_cod_asig3,pre_cod_asig4,pre_cod_asig5,pre_cod_asig6,pre_cod_asig7 FROM tblaca009 WHERE pensum='5' AND c_uni_ca='5' AND c_asigna='300209' [1][0] OK
C:[01/08/2014 13:24:43.80][190.201.6.138][1151] SELECT c_asigna FROM dace004 WHERE exp_e='13-26048174' AND c_asigna='300101' AND status IN ('0','3','B','C') [1][0] OK
C:[01/08/2014 13:24:43.43][190.201.6.138][1182] SELECT par_cod_asig1,par_cod_asig2,par_cod_asig3 FROM tblaca009 WHERE pensum='5' AND c_uni_ca='5' AND c_asigna='300112' [1][0] OK
C:[01/08/2014 13:24:43.43][190.201.6.138][1182] SELECT par_cod_asig1,par_cod_asig2,par_cod_asig3 FROM tblaca009 WHERE pensum='5' AND c_uni_ca='5' AND c_asigna='300209' [1][0] OK
C:[01/08/2014 13:24:43.69][190.201.6.138][1312] SELECT horas_lab FROM tblaca008 WHERE c_asigna='300112' AND horas_teoricas > 0 [1][0] OK
C:[01/08/2014 13:24:43.69][190.201.6.138][1312] SELECT horas_lab FROM tblaca008 WHERE c_asigna='300209' AND horas_teoricas > 0 [1][0] OK
C:[01/08/2014 13:24:51.78][186.89.191.176][1138] SELECT pre_cod_asig1,pre_cod_asig2,pre_cod_asig3,pre_cod_asig4,pre_cod_asig5,pre_cod_asig6,pre_cod_asig7 FROM tblaca009 WHERE pensum='5' AND c_uni_ca='3' AND c_asigna='300101' [1][0] OK
C:[01/08/2014 13:24:51.16][186.89.191.176][1182] SELECT par_cod_asig1,par_cod_asig2,par_cod_asig3 FROM tblaca009 WHERE pensum='5' AND c_uni_ca='3' AND c_asigna='300101' [1][0] OK
C:[01/08/2014 13:24:51.29][186.89.191.176][1312] SELECT horas_lab FROM tblaca008 WHERE c_asigna='300101' AND horas_teoricas > 0 [1][0] OK
C:[01/08/2014 13:29:35.55][186.90.214.75][1138] SELECT pre_cod_asig1,pre_cod_asig2,pre_cod_asig3,pre_cod_asig4,pre_cod_asig5,pre_cod_asig6,pre_cod_asig7 FROM tblaca009 WHERE pensum='5' AND c_uni_ca='5' AND c_asigna='351451' [1][0] OK
C:[01/08/2014 13:29:35.55][186.90.214.75][1151] SELECT c_asigna FROM dace004 WHERE exp_e='08-20808614' AND c_asigna='351330' AND status IN ('0','3','B','C') [1][0] OK
C:[01/08/2014 13:29:35.55][186.90.214.75][1151] SELECT c_asigna FROM dace004 WHERE exp_e='08-20808614' AND c_asigna='355350' AND status IN ('0','3','B','C') [1][0] OK
C:[01/08/2014 13:29:35.55][186.90.214.75][1151] SELECT c_asigna FROM dace004 WHERE exp_e='08-20808614' AND c_asigna='300318' AND status IN ('0','3','B','C') [1][0] OK
C:[01/08/2014 13:29:35.55][186.90.214.75][1151] SELECT c_asigna FROM dace004 WHERE exp_e='08-20808614' AND c_asigna='300209' AND status IN ('0','3','B','C') [1][0] OK
C:[01/08/2014 13:29:35.55][186.90.214.75][1151] SELECT c_asigna FROM dace004 WHERE exp_e='08-20808614' AND c_asigna='300222' AND status IN ('0','3','B','C') [1][0] OK
C:[01/08/2014 13:29:35.00][186.90.214.75][1182] SELECT par_cod_asig1,par_cod_asig2,par_cod_asig3 FROM tblaca009 WHERE pensum='5' AND c_uni_ca='5' AND c_asigna='351451' [1][0] OK
C:[01/08/2014 13:29:35.13][186.90.214.75][1312] SELECT horas_lab FROM tblaca008 WHERE c_asigna='351451' AND horas_teoricas > 0 [1][0] OK
C:[01/08/2014 13:30:15.29][200.47.180.142][1138] SELECT pre_cod_asig1,pre_cod_asig2,pre_cod_asig3,pre_cod_asig4,pre_cod_asig5,pre_cod_asig6,pre_cod_asig7 FROM tblaca009 WHERE pensum='5' AND c_uni_ca='6' AND c_asigna='344742' [1][0] OK
C:[01/08/2014 13:30:15.29][200.47.180.142][1151] SELECT c_asigna FROM dace004 WHERE exp_e='11-24448677' AND c_asigna='344688' AND status IN ('0','3','B','C') [1][0] OK
C:[01/08/2014 13:30:15.29][200.47.180.142][1151] SELECT c_asigna FROM dace004 WHERE exp_e='11-24448677' AND c_asigna='342679' AND status IN ('0','3','B','C') [1][0] OK
C:[01/08/2014 13:30:15.35][200.47.180.142][1182] SELECT par_cod_asig1,par_cod_asig2,par_cod_asig3 FROM tblaca009 WHERE pensum='5' AND c_uni_ca='6' AND c_asigna='344742' [1][0] OK
C:[01/08/2014 13:30:15.48][200.47.180.142][1312] SELECT horas_lab FROM tblaca008 WHERE c_asigna='344742' AND horas_teoricas > 0 [1][0] OK
C:[01/08/2014 13:32:31.09][186.88.105.72][1138] SELECT pre_cod_asig1,pre_cod_asig2,pre_cod_asig3,pre_cod_asig4,pre_cod_asig5,pre_cod_asig6,pre_cod_asig7 FROM tblaca009 WHERE pensum='5' AND c_uni_ca='5' AND c_asigna='351451' [1][0] OK
C:[01/08/2014 13:32:31.09][186.88.105.72][1151] SELECT c_asigna FROM dace004 WHERE exp_e='09-22831279' AND c_asigna='351330' AND status IN ('0','3','B','C') [1][0] OK
C:[01/08/2014 13:32:31.09][186.88.105.72][1151] SELECT c_asigna FROM dace004 WHERE exp_e='09-22831279' AND c_asigna='355350' AND status IN ('0','3','B','C') [1][0] OK
C:[01/08/2014 13:32:31.09][186.88.105.72][1151] SELECT c_asigna FROM dace004 WHERE exp_e='09-22831279' AND c_asigna='300318' AND status IN ('0','3','B','C') [1][0] OK
C:[01/08/2014 13:32:31.09][186.88.105.72][1151] SELECT c_asigna FROM dace004 WHERE exp_e='09-22831279' AND c_asigna='300209' AND status IN ('0','3','B','C') [1][0] OK
C:[01/08/2014 13:32:31.09][186.88.105.72][1151] SELECT c_asigna FROM dace004 WHERE exp_e='09-22831279' AND c_asigna='300222' AND status IN ('0','3','B','C') [1][0] OK
C:[01/08/2014 13:32:31.08][186.88.105.72][1182] SELECT par_cod_asig1,par_cod_asig2,par_cod_asig3 FROM tblaca009 WHERE pensum='5' AND c_uni_ca='5' AND c_asigna='351451' [1][0] OK
C:[01/08/2014 13:32:31.22][186.88.105.72][1312] SELECT horas_lab FROM tblaca008 WHERE c_asigna='351451' AND horas_teoricas > 0 [1][0] OK
C:[01/08/2014 13:32:34.40][190.199.66.15][1138] SELECT pre_cod_asig1,pre_cod_asig2,pre_cod_asig3,pre_cod_asig4,pre_cod_asig5,pre_cod_asig6,pre_cod_asig7 FROM tblaca009 WHERE pensum='5' AND c_uni_ca='5' AND c_asigna='352440' [1][0] OK
C:[01/08/2014 13:32:34.40][190.199.66.15][1151] SELECT c_asigna FROM dace004 WHERE exp_e='06-18901509' AND c_asigna='300317' AND status IN ('0','3','B','C') [1][0] OK
C:[01/08/2014 13:32:34.40][190.199.66.15][1151] SELECT c_asigna FROM dace004 WHERE exp_e='06-18901509' AND c_asigna='300013' AND status IN ('0','3','B','C') [1][0] OK
C:[01/08/2014 13:32:34.40][190.199.66.15][1151] SELECT c_asigna FROM dace004 WHERE exp_e='06-18901509' AND c_asigna='300113' AND status IN ('0','3','B','C') [1][0] OK
C:[01/08/2014 13:32:34.40][190.199.66.15][1138] SELECT pre_cod_asig1,pre_cod_asig2,pre_cod_asig3,pre_cod_asig4,pre_cod_asig5,pre_cod_asig6,pre_cod_asig7 FROM tblaca009 WHERE pensum='5' AND c_uni_ca='5' AND c_asigna='355595' [1][0] OK
C:[01/08/2014 13:32:34.40][190.199.66.15][1151] SELECT c_asigna FROM dace004 WHERE exp_e='06-18901509' AND c_asigna='351451' AND status IN ('0','3','B','C') [1][0] OK
C:[01/08/2014 13:32:34.40][190.199.66.15][1151] SELECT c_asigna FROM dace004 WHERE exp_e='06-18901509' AND c_asigna='355350' AND status IN ('0','3','B','C') [1][0] OK
C:[01/08/2014 13:32:34.40][190.199.66.15][1151] SELECT c_asigna FROM dace004 WHERE exp_e='06-18901509' AND c_asigna='300318' AND status IN ('0','3','B','C') [1][0] OK
C:[01/08/2014 13:32:34.40][190.199.66.15][1182] SELECT par_cod_asig1,par_cod_asig2,par_cod_asig3 FROM tblaca009 WHERE pensum='5' AND c_uni_ca='5' AND c_asigna='352440' [1][0] OK
C:[01/08/2014 13:32:34.40][190.199.66.15][1182] SELECT par_cod_asig1,par_cod_asig2,par_cod_asig3 FROM tblaca009 WHERE pensum='5' AND c_uni_ca='5' AND c_asigna='355595' [1][0] OK
C:[01/08/2014 13:32:34.66][190.199.66.15][1312] SELECT horas_lab FROM tblaca008 WHERE c_asigna='352440' AND horas_teoricas > 0 [1][0] OK
C:[01/08/2014 13:32:34.66][190.199.66.15][1312] SELECT horas_lab FROM tblaca008 WHERE c_asigna='355595' AND horas_teoricas > 0 [1][0] OK
C:[01/08/2014 13:37:01.82][190.75.138.206][1138] SELECT pre_cod_asig1,pre_cod_asig2,pre_cod_asig3,pre_cod_asig4,pre_cod_asig5,pre_cod_asig6,pre_cod_asig7 FROM tblaca009 WHERE pensum='5' AND c_uni_ca='4' AND c_asigna='300207' [1][0] OK
C:[01/08/2014 13:37:01.82][190.75.138.206][1151] SELECT c_asigna FROM dace004 WHERE exp_e='11-21235000' AND c_asigna='300101' AND status IN ('0','3','B','C') [1][0] OK
C:[01/08/2014 13:37:01.82][190.75.138.206][1138] SELECT pre_cod_asig1,pre_cod_asig2,pre_cod_asig3,pre_cod_asig4,pre_cod_asig5,pre_cod_asig6,pre_cod_asig7 FROM tblaca009 WHERE pensum='5' AND c_uni_ca='4' AND c_asigna='300209' [1][0] OK
C:[01/08/2014 13:37:01.82][190.75.138.206][1151] SELECT c_asigna FROM dace004 WHERE exp_e='11-21235000' AND c_asigna='300101' AND status IN ('0','3','B','C') [1][0] OK
C:[01/08/2014 13:37:01.58][190.75.138.206][1182] SELECT par_cod_asig1,par_cod_asig2,par_cod_asig3 FROM tblaca009 WHERE pensum='5' AND c_uni_ca='4' AND c_asigna='300207' [1][0] OK
C:[01/08/2014 13:37:01.58][190.75.138.206][1182] SELECT par_cod_asig1,par_cod_asig2,par_cod_asig3 FROM tblaca009 WHERE pensum='5' AND c_uni_ca='4' AND c_asigna='300209' [1][0] OK
C:[01/08/2014 13:37:01.84][190.75.138.206][1312] SELECT horas_lab FROM tblaca008 WHERE c_asigna='300207' AND horas_teoricas > 0 [1][0] OK
C:[01/08/2014 13:37:01.84][190.75.138.206][1312] SELECT horas_lab FROM tblaca008 WHERE c_asigna='300209' AND horas_teoricas > 0 [1][0] OK
C:[01/08/2014 13:39:01.95][190.37.46.116][1138] SELECT pre_cod_asig1,pre_cod_asig2,pre_cod_asig3,pre_cod_asig4,pre_cod_asig5,pre_cod_asig6,pre_cod_asig7 FROM tblaca009 WHERE pensum='5' AND c_uni_ca='3' AND c_asigna='300226' [1][0] OK
C:[01/08/2014 13:39:01.95][190.37.46.116][1151] SELECT c_asigna FROM dace004 WHERE exp_e='12-25081969' AND c_asigna='300116' AND status IN ('0','3','B','C') [1][0] OK
C:[01/08/2014 13:39:01.44][190.37.46.116][1182] SELECT par_cod_asig1,par_cod_asig2,par_cod_asig3 FROM tblaca009 WHERE pensum='5' AND c_uni_ca='3' AND c_asigna='300226' [1][0] OK
C:[01/08/2014 13:39:01.59][190.37.46.116][1312] SELECT horas_lab FROM tblaca008 WHERE c_asigna='300226' AND horas_teoricas > 0 [1][0] OK
C:[01/08/2014 13:39:46.04][186.167.243.213][1138] SELECT pre_cod_asig1,pre_cod_asig2,pre_cod_asig3,pre_cod_asig4,pre_cod_asig5,pre_cod_asig6,pre_cod_asig7 FROM tblaca009 WHERE pensum='5' AND c_uni_ca='4' AND c_asigna='300112' [1][0] OK
C:[01/08/2014 13:39:46.42][186.167.243.213][1182] SELECT par_cod_asig1,par_cod_asig2,par_cod_asig3 FROM tblaca009 WHERE pensum='5' AND c_uni_ca='4' AND c_asigna='300112' [1][0] OK
C:[01/08/2014 13:39:46.56][186.167.243.213][1312] SELECT horas_lab FROM tblaca008 WHERE c_asigna='300112' AND horas_teoricas > 0 [1][0] OK
C:[01/08/2014 13:46:34.32][186.90.214.75][1138] SELECT pre_cod_asig1,pre_cod_asig2,pre_cod_asig3,pre_cod_asig4,pre_cod_asig5,pre_cod_asig6,pre_cod_asig7 FROM tblaca009 WHERE pensum='5' AND c_uni_ca='6' AND c_asigna='344843' [1][0] OK
C:[01/08/2014 13:46:34.32][186.90.214.75][1151] SELECT c_asigna FROM dace004 WHERE exp_e='08-20885011' AND c_asigna='344714' AND status IN ('0','3','B','C') [1][0] OK
C:[01/08/2014 13:46:34.32][186.90.214.75][1151] SELECT c_asigna FROM dace004 WHERE exp_e='08-20885011' AND c_asigna='344715' AND status IN ('0','3','B','C') [1][0] OK
C:[01/08/2014 13:46:34.32][186.90.214.75][1151] SELECT c_asigna FROM dace004 WHERE exp_e='08-20885011' AND c_asigna='300313' AND status IN ('0','3','B','C') [1][0] OK
C:[01/08/2014 13:46:34.07][186.90.214.75][1182] SELECT par_cod_asig1,par_cod_asig2,par_cod_asig3 FROM tblaca009 WHERE pensum='5' AND c_uni_ca='6' AND c_asigna='344843' [1][0] OK
C:[01/08/2014 13:46:34.20][186.90.214.75][1312] SELECT horas_lab FROM tblaca008 WHERE c_asigna='344843' AND horas_teoricas > 0 [1][0] OK
C:[01/08/2014 13:50:30.49][190.199.66.15][1138] SELECT pre_cod_asig1,pre_cod_asig2,pre_cod_asig3,pre_cod_asig4,pre_cod_asig5,pre_cod_asig6,pre_cod_asig7 FROM tblaca009 WHERE pensum='5' AND c_uni_ca='5' AND c_asigna='355448' [1][0] OK
C:[01/08/2014 13:50:30.49][190.199.66.15][1151] SELECT c_asigna FROM dace004 WHERE exp_e='08-19333312' AND c_asigna='300313' AND status IN ('0','3','B','C') [1][0] OK
C:[01/08/2014 13:50:30.49][190.199.66.15][1151] SELECT c_asigna FROM dace004 WHERE exp_e='08-19333312' AND c_asigna='300209' AND status IN ('0','3','B','C') [1][0] OK
C:[01/08/2014 13:50:30.49][190.199.66.15][1151] SELECT c_asigna FROM dace004 WHERE exp_e='08-19333312' AND c_asigna='300226' AND status IN ('0','3','B','C') [1][0] OK
C:[01/08/2014 13:50:30.49][190.199.66.15][1151] SELECT c_asigna FROM dace004 WHERE exp_e='08-19333312' AND c_asigna='300222' AND status IN ('0','3','B','C') [1][0] OK
C:[01/08/2014 13:50:30.49][190.199.66.15][1138] SELECT pre_cod_asig1,pre_cod_asig2,pre_cod_asig3,pre_cod_asig4,pre_cod_asig5,pre_cod_asig6,pre_cod_asig7 FROM tblaca009 WHERE pensum='5' AND c_uni_ca='5' AND c_asigna='355691' [1][0] OK
C:[01/08/2014 13:50:30.49][190.199.66.15][1151] SELECT c_asigna FROM dace004 WHERE exp_e='08-19333312' AND c_asigna='355571' AND status IN ('0','3','B','C') [1][0] OK
C:[01/08/2014 13:50:30.61][190.199.66.15][1182] SELECT par_cod_asig1,par_cod_asig2,par_cod_asig3 FROM tblaca009 WHERE pensum='5' AND c_uni_ca='5' AND c_asigna='355448' [1][0] OK
C:[01/08/2014 13:50:30.61][190.199.66.15][1182] SELECT par_cod_asig1,par_cod_asig2,par_cod_asig3 FROM tblaca009 WHERE pensum='5' AND c_uni_ca='5' AND c_asigna='355691' [1][0] OK
C:[01/08/2014 13:50:30.87][190.199.66.15][1312] SELECT horas_lab FROM tblaca008 WHERE c_asigna='355448' AND horas_teoricas > 0 [1][0] OK
C:[01/08/2014 13:50:30.87][190.199.66.15][1312] SELECT horas_lab FROM tblaca008 WHERE c_asigna='355691' AND horas_teoricas > 0 [1][0] OK
C:[01/08/2014 14:01:45.76][186.94.51.161][1138] SELECT pre_cod_asig1,pre_cod_asig2,pre_cod_asig3,pre_cod_asig4,pre_cod_asig5,pre_cod_asig6,pre_cod_asig7 FROM tblaca009 WHERE pensum='' AND c_uni_ca='' AND c_asigna='300013' [0][0] [MERANT][ODBC SQLBase driver][SQLBase]09268 GCI CCN Cannot connect
C:[01/08/2014 14:01:45.40][190.79.11.170][1138] SELECT pre_cod_asig1,pre_cod_asig2,pre_cod_asig3,pre_cod_asig4,pre_cod_asig5,pre_cod_asig6,pre_cod_asig7 FROM tblaca009 WHERE pensum='5' AND c_uni_ca='6' AND c_asigna='300101' [1][0] [MERANT][ODBC SQLBase driver][SQLBase]09268 GCI CCN Cannot connect
C:[01/08/2014 14:01:45.22][190.79.11.170][1182] SELECT par_cod_asig1,par_cod_asig2,par_cod_asig3 FROM tblaca009 WHERE pensum='5' AND c_uni_ca='6' AND c_asigna='300101' [1][0] [MERANT][ODBC SQLBase driver][SQLBase]09268 GCI CCN Cannot connect
C:[01/08/2014 14:01:45.18][186.94.51.161][1182] SELECT par_cod_asig1,par_cod_asig2,par_cod_asig3 FROM tblaca009 WHERE pensum='' AND c_uni_ca='' AND c_asigna='300013' [0][0] [MERANT][ODBC SQLBase driver][SQLBase]09268 GCI CCN Cannot connect
C:[01/08/2014 14:01:46.54][190.79.11.170][1312] SELECT horas_lab FROM tblaca008 WHERE c_asigna='300101' AND horas_teoricas > 0 [1][0] [MERANT][ODBC SQLBase driver][SQLBase]09268 GCI CCN Cannot connect
C:[01/08/2014 14:01:46.49][186.94.51.161][1312] SELECT horas_lab FROM tblaca008 WHERE c_asigna='300013' AND horas_teoricas > 0 [1][0] [MERANT][ODBC SQLBase driver][SQLBase]09268 GCI CCN Cannot connect
C:[01/08/2014 14:15:16.71][190.37.170.240][1138] SELECT pre_cod_asig1,pre_cod_asig2,pre_cod_asig3,pre_cod_asig4,pre_cod_asig5,pre_cod_asig6,pre_cod_asig7 FROM tblaca009 WHERE pensum='5' AND c_uni_ca='6' AND c_asigna='300101' [1][0] OK
C:[01/08/2014 14:15:16.53][190.37.170.240][1182] SELECT par_cod_asig1,par_cod_asig2,par_cod_asig3 FROM tblaca009 WHERE pensum='5' AND c_uni_ca='6' AND c_asigna='300101' [1][0] OK
C:[01/08/2014 14:15:16.66][190.37.170.240][1312] SELECT horas_lab FROM tblaca008 WHERE c_asigna='300101' AND horas_teoricas > 0 [1][0] OK
C:[01/08/2014 14:16:48.94][186.89.178.231][1138] SELECT pre_cod_asig1,pre_cod_asig2,pre_cod_asig3,pre_cod_asig4,pre_cod_asig5,pre_cod_asig6,pre_cod_asig7 FROM tblaca009 WHERE pensum='5' AND c_uni_ca='3' AND c_asigna='300207' [1][0] OK
C:[01/08/2014 14:16:48.94][186.89.178.231][1151] SELECT c_asigna FROM dace004 WHERE exp_e='11-23502725' AND c_asigna='300101' AND status IN ('0','3','B','C') [1][0] OK
C:[01/08/2014 14:16:48.94][186.89.178.231][1138] SELECT pre_cod_asig1,pre_cod_asig2,pre_cod_asig3,pre_cod_asig4,pre_cod_asig5,pre_cod_asig6,pre_cod_asig7 FROM tblaca009 WHERE pensum='5' AND c_uni_ca='3' AND c_asigna='300209' [1][0] OK
C:[01/08/2014 14:16:48.94][186.89.178.231][1151] SELECT c_asigna FROM dace004 WHERE exp_e='11-23502725' AND c_asigna='300101' AND status IN ('0','3','B','C') [1][0] OK
C:[01/08/2014 14:16:49.68][186.89.178.231][1182] SELECT par_cod_asig1,par_cod_asig2,par_cod_asig3 FROM tblaca009 WHERE pensum='5' AND c_uni_ca='3' AND c_asigna='300207' [1][0] OK
C:[01/08/2014 14:16:49.68][186.89.178.231][1182] SELECT par_cod_asig1,par_cod_asig2,par_cod_asig3 FROM tblaca009 WHERE pensum='5' AND c_uni_ca='3' AND c_asigna='300209' [1][0] OK
C:[01/08/2014 14:16:49.94][186.89.178.231][1312] SELECT horas_lab FROM tblaca008 WHERE c_asigna='300207' AND horas_teoricas > 0 [1][0] OK
C:[01/08/2014 14:16:49.94][186.89.178.231][1312] SELECT horas_lab FROM tblaca008 WHERE c_asigna='300209' AND horas_teoricas > 0 [1][0] OK
C:[01/08/2014 14:17:56.06][190.73.231.121][1138] SELECT pre_cod_asig1,pre_cod_asig2,pre_cod_asig3,pre_cod_asig4,pre_cod_asig5,pre_cod_asig6,pre_cod_asig7 FROM tblaca009 WHERE pensum='5' AND c_uni_ca='3' AND c_asigna='300213' [1][0] OK
C:[01/08/2014 14:17:56.06][190.73.231.121][1151] SELECT c_asigna FROM dace004 WHERE exp_e='12-25124081' AND c_asigna='300101' AND status IN ('0','3','B','C') [1][0] OK
C:[01/08/2014 14:17:56.06][190.73.231.121][1138] SELECT pre_cod_asig1,pre_cod_asig2,pre_cod_asig3,pre_cod_asig4,pre_cod_asig5,pre_cod_asig6,pre_cod_asig7 FROM tblaca009 WHERE pensum='5' AND c_uni_ca='3' AND c_asigna='300228' [1][0] OK
C:[01/08/2014 14:17:56.06][190.73.231.121][1151] SELECT c_asigna FROM dace004 WHERE exp_e='12-25124081' AND c_asigna='300101' AND status IN ('0','3','B','C') [1][0] OK
C:[01/08/2014 14:17:56.81][190.73.231.121][1182] SELECT par_cod_asig1,par_cod_asig2,par_cod_asig3 FROM tblaca009 WHERE pensum='5' AND c_uni_ca='3' AND c_asigna='300213' [1][0] OK
C:[01/08/2014 14:17:56.81][190.73.231.121][1196] SELECT c_asigna FROM dace004 WHERE exp_e='12-25124081' AND c_asigna='300209' AND status IN ('0','3','B','C') [1][0] OK
C:[01/08/2014 14:17:56.81][190.73.231.121][1182] SELECT par_cod_asig1,par_cod_asig2,par_cod_asig3 FROM tblaca009 WHERE pensum='5' AND c_uni_ca='3' AND c_asigna='300228' [1][0] OK
C:[01/08/2014 14:17:56.19][190.73.231.121][1312] SELECT horas_lab FROM tblaca008 WHERE c_asigna='300213' AND horas_teoricas > 0 [1][0] OK
C:[01/08/2014 14:17:56.19][190.73.231.121][1312] SELECT horas_lab FROM tblaca008 WHERE c_asigna='300228' AND horas_teoricas > 0 [1][0] OK
C:[01/08/2014 14:19:09.63][190.37.46.116][1138] SELECT pre_cod_asig1,pre_cod_asig2,pre_cod_asig3,pre_cod_asig4,pre_cod_asig5,pre_cod_asig6,pre_cod_asig7 FROM tblaca009 WHERE pensum='5' AND c_uni_ca='3' AND c_asigna='300226' [1][0] OK
C:[01/08/2014 14:19:09.63][190.37.46.116][1151] SELECT c_asigna FROM dace004 WHERE exp_e='12-25081969' AND c_asigna='300116' AND status IN ('0','3','B','C') [1][0] OK
C:[01/08/2014 14:19:09.15][190.37.46.116][1182] SELECT par_cod_asig1,par_cod_asig2,par_cod_asig3 FROM tblaca009 WHERE pensum='5' AND c_uni_ca='3' AND c_asigna='300226' [1][0] OK
C:[01/08/2014 14:19:09.27][190.37.46.116][1312] SELECT horas_lab FROM tblaca008 WHERE c_asigna='300226' AND horas_teoricas > 0 [1][0] OK
C:[01/08/2014 14:19:19.03][190.94.207.29][1138] SELECT pre_cod_asig1,pre_cod_asig2,pre_cod_asig3,pre_cod_asig4,pre_cod_asig5,pre_cod_asig6,pre_cod_asig7 FROM tblaca009 WHERE pensum='5' AND c_uni_ca='3' AND c_asigna='300101' [1][0] OK
C:[01/08/2014 14:19:19.15][190.94.207.29][1182] SELECT par_cod_asig1,par_cod_asig2,par_cod_asig3 FROM tblaca009 WHERE pensum='5' AND c_uni_ca='3' AND c_asigna='300101' [1][0] OK
C:[01/08/2014 14:19:19.29][190.94.207.29][1312] SELECT horas_lab FROM tblaca008 WHERE c_asigna='300101' AND horas_teoricas > 0 [1][0] OK
C:[01/08/2014 14:20:39.26][186.94.51.161][1138] SELECT pre_cod_asig1,pre_cod_asig2,pre_cod_asig3,pre_cod_asig4,pre_cod_asig5,pre_cod_asig6,pre_cod_asig7 FROM tblaca009 WHERE pensum='5' AND c_uni_ca='5' AND c_asigna='355722' [1][0] OK
C:[01/08/2014 14:20:39.26][186.94.51.161][1151] SELECT c_asigna FROM dace004 WHERE exp_e='06-18665038' AND c_asigna='355691' AND status IN ('0','3','B','C') [1][0] OK
C:[01/08/2014 14:20:39.26][186.94.51.161][1151] SELECT c_asigna FROM dace004 WHERE exp_e='06-18665038' AND c_asigna='355595' AND status IN ('0','3','B','C') [1][0] OK
C:[01/08/2014 14:20:39.26][186.94.51.161][1138] SELECT pre_cod_asig1,pre_cod_asig2,pre_cod_asig3,pre_cod_asig4,pre_cod_asig5,pre_cod_asig6,pre_cod_asig7 FROM tblaca009 WHERE pensum='5' AND c_uni_ca='5' AND c_asigna='300956' [1][0] OK
C:[01/08/2014 14:20:39.26][186.94.51.161][1151] SELECT c_asigna FROM dace004 WHERE exp_e='06-18665038' AND c_asigna='300422' AND status IN ('0','3','B','C') [1][0] OK
C:[01/08/2014 14:20:39.26][186.94.51.161][1151] SELECT c_asigna FROM dace004 WHERE exp_e='06-18665038' AND c_asigna='300105' AND status IN ('0','3','B','C') [1][0] OK
C:[01/08/2014 14:20:39.26][186.94.51.161][1151] SELECT c_asigna FROM dace004 WHERE exp_e='06-18665038' AND c_asigna='300314' AND status IN ('0','3','B','C') [1][0] OK
C:[01/08/2014 14:20:39.26][186.94.51.161][1138] SELECT pre_cod_asig1,pre_cod_asig2,pre_cod_asig3,pre_cod_asig4,pre_cod_asig5,pre_cod_asig6,pre_cod_asig7 FROM tblaca009 WHERE pensum='5' AND c_uni_ca='5' AND c_asigna='300870' [1][0] OK
C:[01/08/2014 14:20:39.52][186.94.51.161][1182] SELECT par_cod_asig1,par_cod_asig2,par_cod_asig3 FROM tblaca009 WHERE pensum='5' AND c_uni_ca='5' AND c_asigna='355722' [1][0] OK
C:[01/08/2014 14:20:39.52][186.94.51.161][1182] SELECT par_cod_asig1,par_cod_asig2,par_cod_asig3 FROM tblaca009 WHERE pensum='5' AND c_uni_ca='5' AND c_asigna='300956' [1][0] OK
C:[01/08/2014 14:20:39.52][186.94.51.161][1182] SELECT par_cod_asig1,par_cod_asig2,par_cod_asig3 FROM tblaca009 WHERE pensum='5' AND c_uni_ca='5' AND c_asigna='300870' [1][0] OK
C:[01/08/2014 14:20:39.91][186.94.51.161][1312] SELECT horas_lab FROM tblaca008 WHERE c_asigna='355722' AND horas_teoricas > 0 [1][0] OK
C:[01/08/2014 14:20:39.91][186.94.51.161][1312] SELECT horas_lab FROM tblaca008 WHERE c_asigna='300956' AND horas_teoricas > 0 [1][0] OK
C:[01/08/2014 14:20:39.91][186.94.51.161][1312] SELECT horas_lab FROM tblaca008 WHERE c_asigna='300870' AND horas_teoricas > 0 [1][0] OK
C:[01/08/2014 14:21:24.24][186.88.130.83][1138] SELECT pre_cod_asig1,pre_cod_asig2,pre_cod_asig3,pre_cod_asig4,pre_cod_asig5,pre_cod_asig6,pre_cod_asig7 FROM tblaca009 WHERE pensum='5' AND c_uni_ca='6' AND c_asigna='300313' [1][0] OK
C:[01/08/2014 14:21:24.24][186.88.130.83][1151] SELECT c_asigna FROM dace004 WHERE exp_e='04-18451853' AND c_asigna='300213' AND status IN ('0','3','B','C') [1][0] OK
C:[01/08/2014 14:21:24.24][186.88.130.83][1151] SELECT c_asigna FROM dace004 WHERE exp_e='04-18451853' AND c_asigna='300226' AND status IN ('0','3','B','C') [1][0] OK
C:[01/08/2014 14:21:24.24][186.88.130.83][1151] SELECT c_asigna FROM dace004 WHERE exp_e='04-18451853' AND c_asigna='300222' AND status IN ('0','3','B','C') [1][0] OK
C:[01/08/2014 14:21:24.24][186.88.130.83][1151] SELECT c_asigna FROM dace004 WHERE exp_e='04-18451853' AND c_asigna='300209' AND status IN ('0','3','B','C') [1][0] OK
C:[01/08/2014 14:21:24.24][186.88.130.83][1138] SELECT pre_cod_asig1,pre_cod_asig2,pre_cod_asig3,pre_cod_asig4,pre_cod_asig5,pre_cod_asig6,pre_cod_asig7 FROM tblaca009 WHERE pensum='5' AND c_uni_ca='6' AND c_asigna='300428' [1][0] OK
C:[01/08/2014 14:21:24.24][186.88.130.83][1151] SELECT c_asigna FROM dace004 WHERE exp_e='04-18451853' AND c_asigna='300317' AND status IN ('0','3','B','C') [1][0] OK
C:[01/08/2014 14:21:24.24][186.88.130.83][1151] SELECT c_asigna FROM dace004 WHERE exp_e='04-18451853' AND c_asigna='300209' AND status IN ('0','3','B','C') [1][0] OK
C:[01/08/2014 14:21:24.93][186.88.130.83][1182] SELECT par_cod_asig1,par_cod_asig2,par_cod_asig3 FROM tblaca009 WHERE pensum='5' AND c_uni_ca='6' AND c_asigna='300313' [1][0] OK
C:[01/08/2014 14:21:24.93][186.88.130.83][1182] SELECT par_cod_asig1,par_cod_asig2,par_cod_asig3 FROM tblaca009 WHERE pensum='5' AND c_uni_ca='6' AND c_asigna='300428' [1][0] OK
C:[01/08/2014 14:21:24.20][186.88.130.83][1312] SELECT horas_lab FROM tblaca008 WHERE c_asigna='300313' AND horas_teoricas > 0 [1][0] OK
C:[01/08/2014 14:21:24.20][186.88.130.83][1312] SELECT horas_lab FROM tblaca008 WHERE c_asigna='300428' AND horas_teoricas > 0 [1][0] OK
C:[01/08/2014 14:22:11.88][190.206.79.139][1138] SELECT pre_cod_asig1,pre_cod_asig2,pre_cod_asig3,pre_cod_asig4,pre_cod_asig5,pre_cod_asig6,pre_cod_asig7 FROM tblaca009 WHERE pensum='5' AND c_uni_ca='3' AND c_asigna='311100' [1][0] OK
C:[01/08/2014 14:22:11.68][190.206.79.139][1182] SELECT par_cod_asig1,par_cod_asig2,par_cod_asig3 FROM tblaca009 WHERE pensum='5' AND c_uni_ca='3' AND c_asigna='311100' [1][0] OK
C:[01/08/2014 14:22:11.83][190.206.79.139][1312] SELECT horas_lab FROM tblaca008 WHERE c_asigna='311100' AND horas_teoricas > 0 [1][0] OK
C:[01/08/2014 14:22:53.84][190.37.46.116][1138] SELECT pre_cod_asig1,pre_cod_asig2,pre_cod_asig3,pre_cod_asig4,pre_cod_asig5,pre_cod_asig6,pre_cod_asig7 FROM tblaca009 WHERE pensum='5' AND c_uni_ca='3' AND c_asigna='300226' [1][0] OK
C:[01/08/2014 14:22:53.84][190.37.46.116][1151] SELECT c_asigna FROM dace004 WHERE exp_e='12-25081969' AND c_asigna='300116' AND status IN ('0','3','B','C') [1][0] OK
C:[01/08/2014 14:22:53.34][190.37.46.116][1182] SELECT par_cod_asig1,par_cod_asig2,par_cod_asig3 FROM tblaca009 WHERE pensum='5' AND c_uni_ca='3' AND c_asigna='300226' [1][0] OK
C:[01/08/2014 14:22:53.47][190.37.46.116][1312] SELECT horas_lab FROM tblaca008 WHERE c_asigna='300226' AND horas_teoricas > 0 [1][0] OK
C:[01/08/2014 14:23:11.29][186.90.116.114][1138] SELECT pre_cod_asig1,pre_cod_asig2,pre_cod_asig3,pre_cod_asig4,pre_cod_asig5,pre_cod_asig6,pre_cod_asig7 FROM tblaca009 WHERE pensum='5' AND c_uni_ca='3' AND c_asigna='311430' [1][0] OK
C:[01/08/2014 14:23:11.29][186.90.116.114][1151] SELECT c_asigna FROM dace004 WHERE exp_e='09-18452997' AND c_asigna='300317' AND status IN ('0','3','B','C') [1][0] OK
C:[01/08/2014 14:23:11.29][186.90.116.114][1151] SELECT c_asigna FROM dace004 WHERE exp_e='09-18452997' AND c_asigna='300318' AND status IN ('0','3','B','C') [1][0] OK
C:[01/08/2014 14:23:11.29][186.90.116.114][1151] SELECT c_asigna FROM dace004 WHERE exp_e='09-18452997' AND c_asigna='300313' AND status IN ('0','3','B','C') [1][0] OK
C:[01/08/2014 14:23:11.29][186.90.116.114][1151] SELECT c_asigna FROM dace004 WHERE exp_e='09-18452997' AND c_asigna='300222' AND status IN ('0','3','B','C') [1][0] OK
C:[01/08/2014 14:23:11.29][186.90.116.114][1151] SELECT c_asigna FROM dace004 WHERE exp_e='09-18452997' AND c_asigna='300226' AND status IN ('0','3','B','C') [1][0] OK
C:[01/08/2014 14:23:11.29][186.90.116.114][1151] SELECT c_asigna FROM dace004 WHERE exp_e='09-18452997' AND c_asigna='300209' AND status IN ('0','3','B','C') [1][0] OK
C:[01/08/2014 14:23:11.42][186.90.116.114][1182] SELECT par_cod_asig1,par_cod_asig2,par_cod_asig3 FROM tblaca009 WHERE pensum='5' AND c_uni_ca='3' AND c_asigna='311430' [1][0] OK
C:[01/08/2014 14:23:11.55][186.90.116.114][1312] SELECT horas_lab FROM tblaca008 WHERE c_asigna='311430' AND horas_teoricas > 0 [1][0] OK
C:[01/08/2014 14:23:28.44][190.79.11.170][1138] SELECT pre_cod_asig1,pre_cod_asig2,pre_cod_asig3,pre_cod_asig4,pre_cod_asig5,pre_cod_asig6,pre_cod_asig7 FROM tblaca009 WHERE pensum='5' AND c_uni_ca='6' AND c_asigna='300101' [1][0] OK
C:[01/08/2014 14:23:28.82][190.79.11.170][1182] SELECT par_cod_asig1,par_cod_asig2,par_cod_asig3 FROM tblaca009 WHERE pensum='5' AND c_uni_ca='6' AND c_asigna='300101' [1][0] OK
C:[01/08/2014 14:23:28.95][190.79.11.170][1312] SELECT horas_lab FROM tblaca008 WHERE c_asigna='300101' AND horas_teoricas > 0 [1][0] OK
C:[01/08/2014 14:25:11.02][190.39.7.219][1138] SELECT pre_cod_asig1,pre_cod_asig2,pre_cod_asig3,pre_cod_asig4,pre_cod_asig5,pre_cod_asig6,pre_cod_asig7 FROM tblaca009 WHERE pensum='5' AND c_uni_ca='3' AND c_asigna='310548' [1][0] OK
C:[01/08/2014 14:25:11.02][190.39.7.219][1151] SELECT c_asigna FROM dace004 WHERE exp_e='07-20207701' AND c_asigna='300428' AND status IN ('0','3','B','C') [1][0] OK
C:[01/08/2014 14:25:11.02][190.39.7.219][1151] SELECT c_asigna FROM dace004 WHERE exp_e='07-20207701' AND c_asigna='300313' AND status IN ('0','3','B','C') [1][0] OK
C:[01/08/2014 14:25:11.02][190.39.7.219][1151] SELECT c_asigna FROM dace004 WHERE exp_e='07-20207701' AND c_asigna='300222' AND status IN ('0','3','B','C') [1][0] OK
C:[01/08/2014 14:25:11.02][190.39.7.219][1151] SELECT c_asigna FROM dace004 WHERE exp_e='07-20207701' AND c_asigna='300226' AND status IN ('0','3','B','C') [1][0] OK
C:[01/08/2014 14:25:11.02][190.39.7.219][1151] SELECT c_asigna FROM dace004 WHERE exp_e='07-20207701' AND c_asigna='300209' AND status IN ('0','3','B','C') [1][0] OK
C:[01/08/2014 14:25:11.02][190.39.7.219][1138] SELECT pre_cod_asig1,pre_cod_asig2,pre_cod_asig3,pre_cod_asig4,pre_cod_asig5,pre_cod_asig6,pre_cod_asig7 FROM tblaca009 WHERE pensum='5' AND c_uni_ca='3' AND c_asigna='311556' [1][0] OK
C:[01/08/2014 14:25:11.02][190.39.7.219][1151] SELECT c_asigna FROM dace004 WHERE exp_e='07-20207701' AND c_asigna='311434' AND status IN ('0','3','B','C') [1][0] OK
C:[01/08/2014 14:25:11.02][190.39.7.219][1151] SELECT c_asigna FROM dace004 WHERE exp_e='07-20207701' AND c_asigna='311430' AND status IN ('0','3','B','C') [1][0] OK
C:[01/08/2014 14:25:11.02][190.39.7.219][1151] SELECT c_asigna FROM dace004 WHERE exp_e='07-20207701' AND c_asigna='300222' AND status IN ('0','3','B','C') [1][0] OK
C:[01/08/2014 14:25:11.02][190.39.7.219][1151] SELECT c_asigna FROM dace004 WHERE exp_e='07-20207701' AND c_asigna='300226' AND status IN ('0','3','B','C') [1][0] OK
C:[01/08/2014 14:25:11.02][190.39.7.219][1151] SELECT c_asigna FROM dace004 WHERE exp_e='07-20207701' AND c_asigna='300209' AND status IN ('0','3','B','C') [1][0] OK
C:[01/08/2014 14:25:12.78][190.39.7.219][1182] SELECT par_cod_asig1,par_cod_asig2,par_cod_asig3 FROM tblaca009 WHERE pensum='5' AND c_uni_ca='3' AND c_asigna='310548' [1][0] OK
C:[01/08/2014 14:25:12.78][190.39.7.219][1182] SELECT par_cod_asig1,par_cod_asig2,par_cod_asig3 FROM tblaca009 WHERE pensum='5' AND c_uni_ca='3' AND c_asigna='311556' [1][0] OK
C:[01/08/2014 14:25:12.78][190.39.7.219][1196] SELECT c_asigna FROM dace004 WHERE exp_e='07-20207701' AND c_asigna='311551' AND status IN ('0','3','B','C') [1][0] OK
C:[01/08/2014 14:25:12.17][190.39.7.219][1312] SELECT horas_lab FROM tblaca008 WHERE c_asigna='310548' AND horas_teoricas > 0 [1][0] OK
C:[01/08/2014 14:25:12.17][190.39.7.219][1312] SELECT horas_lab FROM tblaca008 WHERE c_asigna='311556' AND horas_teoricas > 0 [0][0] OK
C:[01/08/2014 14:27:09.84][190.76.102.158][1138] SELECT pre_cod_asig1,pre_cod_asig2,pre_cod_asig3,pre_cod_asig4,pre_cod_asig5,pre_cod_asig6,pre_cod_asig7 FROM tblaca009 WHERE pensum='5' AND c_uni_ca='5' AND c_asigna='300207' [1][0] OK
C:[01/08/2014 14:27:09.84][190.76.102.158][1151] SELECT c_asigna FROM dace004 WHERE exp_e='13-24541027' AND c_asigna='300101' AND status IN ('0','3','B','C') [1][0] OK
C:[01/08/2014 14:27:09.84][190.76.102.158][1138] SELECT pre_cod_asig1,pre_cod_asig2,pre_cod_asig3,pre_cod_asig4,pre_cod_asig5,pre_cod_asig6,pre_cod_asig7 FROM tblaca009 WHERE pensum='5' AND c_uni_ca='5' AND c_asigna='300228' [1][0] OK
C:[01/08/2014 14:27:09.84][190.76.102.158][1151] SELECT c_asigna FROM dace004 WHERE exp_e='13-24541027' AND c_asigna='300101' AND status IN ('0','3','B','C') [1][0] OK
C:[01/08/2014 14:27:09.84][190.76.102.158][1138] SELECT pre_cod_asig1,pre_cod_asig2,pre_cod_asig3,pre_cod_asig4,pre_cod_asig5,pre_cod_asig6,pre_cod_asig7 FROM tblaca009 WHERE pensum='5' AND c_uni_ca='5' AND c_asigna='300213' [1][0] OK
C:[01/08/2014 14:27:09.84][190.76.102.158][1151] SELECT c_asigna FROM dace004 WHERE exp_e='13-24541027' AND c_asigna='300101' AND status IN ('0','3','B','C') [1][0] OK
C:[01/08/2014 14:27:09.84][190.76.102.158][1182] SELECT par_cod_asig1,par_cod_asig2,par_cod_asig3 FROM tblaca009 WHERE pensum='5' AND c_uni_ca='5' AND c_asigna='300207' [1][0] OK
C:[01/08/2014 14:27:09.84][190.76.102.158][1182] SELECT par_cod_asig1,par_cod_asig2,par_cod_asig3 FROM tblaca009 WHERE pensum='5' AND c_uni_ca='5' AND c_asigna='300228' [1][0] OK
C:[01/08/2014 14:27:09.84][190.76.102.158][1182] SELECT par_cod_asig1,par_cod_asig2,par_cod_asig3 FROM tblaca009 WHERE pensum='5' AND c_uni_ca='5' AND c_asigna='300213' [1][0] OK
C:[01/08/2014 14:27:09.84][190.76.102.158][1196] SELECT c_asigna FROM dace004 WHERE exp_e='13-24541027' AND c_asigna='300209' AND status IN ('0','3','B','C') [1][0] OK
C:[01/08/2014 14:27:10.35][190.76.102.158][1312] SELECT horas_lab FROM tblaca008 WHERE c_asigna='300207' AND horas_teoricas > 0 [1][0] OK
C:[01/08/2014 14:27:10.35][190.76.102.158][1312] SELECT horas_lab FROM tblaca008 WHERE c_asigna='300228' AND horas_teoricas > 0 [1][0] OK
C:[01/08/2014 14:27:10.35][190.76.102.158][1312] SELECT horas_lab FROM tblaca008 WHERE c_asigna='300213' AND horas_teoricas > 0 [1][0] OK
C:[01/08/2014 14:27:31.52][200.109.206.27][1138] SELECT pre_cod_asig1,pre_cod_asig2,pre_cod_asig3,pre_cod_asig4,pre_cod_asig5,pre_cod_asig6,pre_cod_asig7 FROM tblaca009 WHERE pensum='5' AND c_uni_ca='2' AND c_asigna='300101' [1][0] OK
C:[01/08/2014 14:27:31.52][200.109.206.27][1138] SELECT pre_cod_asig1,pre_cod_asig2,pre_cod_asig3,pre_cod_asig4,pre_cod_asig5,pre_cod_asig6,pre_cod_asig7 FROM tblaca009 WHERE pensum='5' AND c_uni_ca='2' AND c_asigna='300112' [1][0] OK
C:[01/08/2014 14:27:31.52][200.109.206.27][1138] SELECT pre_cod_asig1,pre_cod_asig2,pre_cod_asig3,pre_cod_asig4,pre_cod_asig5,pre_cod_asig6,pre_cod_asig7 FROM tblaca009 WHERE pensum='5' AND c_uni_ca='2' AND c_asigna='300226' [1][0] OK
C:[01/08/2014 14:27:31.52][200.109.206.27][1151] SELECT c_asigna FROM dace004 WHERE exp_e='13-25901006' AND c_asigna='300116' AND status IN ('0','3','B','C') [1][0] OK
C:[01/08/2014 14:27:31.28][200.109.206.27][1182] SELECT par_cod_asig1,par_cod_asig2,par_cod_asig3 FROM tblaca009 WHERE pensum='5' AND c_uni_ca='2' AND c_asigna='300101' [1][0] OK
C:[01/08/2014 14:27:31.28][200.109.206.27][1182] SELECT par_cod_asig1,par_cod_asig2,par_cod_asig3 FROM tblaca009 WHERE pensum='5' AND c_uni_ca='2' AND c_asigna='300112' [1][0] OK
C:[01/08/2014 14:27:31.28][200.109.206.27][1182] SELECT par_cod_asig1,par_cod_asig2,par_cod_asig3 FROM tblaca009 WHERE pensum='5' AND c_uni_ca='2' AND c_asigna='300226' [1][0] OK
C:[01/08/2014 14:27:31.65][200.109.206.27][1312] SELECT horas_lab FROM tblaca008 WHERE c_asigna='300101' AND horas_teoricas > 0 [1][0] OK
C:[01/08/2014 14:27:31.65][200.109.206.27][1312] SELECT horas_lab FROM tblaca008 WHERE c_asigna='300112' AND horas_teoricas > 0 [1][0] OK
C:[01/08/2014 14:27:31.65][200.109.206.27][1312] SELECT horas_lab FROM tblaca008 WHERE c_asigna='300226' AND horas_teoricas > 0 [1][0] OK
C:[01/08/2014 14:28:02.12][190.37.138.94][1138] SELECT pre_cod_asig1,pre_cod_asig2,pre_cod_asig3,pre_cod_asig4,pre_cod_asig5,pre_cod_asig6,pre_cod_asig7 FROM tblaca009 WHERE pensum='5' AND c_uni_ca='2' AND c_asigna='300207' [1][0] OK
C:[01/08/2014 14:28:02.12][190.37.138.94][1151] SELECT c_asigna FROM dace004 WHERE exp_e='12-22593753' AND c_asigna='300101' AND status IN ('0','3','B','C') [1][0] OK
C:[01/08/2014 14:28:02.12][190.37.138.94][1138] SELECT pre_cod_asig1,pre_cod_asig2,pre_cod_asig3,pre_cod_asig4,pre_cod_asig5,pre_cod_asig6,pre_cod_asig7 FROM tblaca009 WHERE pensum='5' AND c_uni_ca='2' AND c_asigna='300228' [1][0] OK
C:[01/08/2014 14:28:02.12][190.37.138.94][1151] SELECT c_asigna FROM dace004 WHERE exp_e='12-22593753' AND c_asigna='300101' AND status IN ('0','3','B','C') [1][0] OK
C:[01/08/2014 14:28:02.86][190.37.138.94][1182] SELECT par_cod_asig1,par_cod_asig2,par_cod_asig3 FROM tblaca009 WHERE pensum='5' AND c_uni_ca='2' AND c_asigna='300207' [1][0] OK
C:[01/08/2014 14:28:02.86][190.37.138.94][1182] SELECT par_cod_asig1,par_cod_asig2,par_cod_asig3 FROM tblaca009 WHERE pensum='5' AND c_uni_ca='2' AND c_asigna='300228' [1][0] OK
C:[01/08/2014 14:28:02.12][190.37.138.94][1312] SELECT horas_lab FROM tblaca008 WHERE c_asigna='300207' AND horas_teoricas > 0 [1][0] OK
C:[01/08/2014 14:28:02.12][190.37.138.94][1312] SELECT horas_lab FROM tblaca008 WHERE c_asigna='300228' AND horas_teoricas > 0 [1][0] OK
C:[01/08/2014 14:30:47.89][190.38.120.43][1138] SELECT pre_cod_asig1,pre_cod_asig2,pre_cod_asig3,pre_cod_asig4,pre_cod_asig5,pre_cod_asig6,pre_cod_asig7 FROM tblaca009 WHERE pensum='5' AND c_uni_ca='3' AND c_asigna='300207' [1][0] OK
C:[01/08/2014 14:30:47.89][190.38.120.43][1151] SELECT c_asigna FROM dace004 WHERE exp_e='12-25937079' AND c_asigna='300101' AND status IN ('0','3','B','C') [1][0] OK
C:[01/08/2014 14:30:47.89][190.38.120.43][1138] SELECT pre_cod_asig1,pre_cod_asig2,pre_cod_asig3,pre_cod_asig4,pre_cod_asig5,pre_cod_asig6,pre_cod_asig7 FROM tblaca009 WHERE pensum='5' AND c_uni_ca='3' AND c_asigna='300213' [1][0] OK
C:[01/08/2014 14:30:47.89][190.38.120.43][1151] SELECT c_asigna FROM dace004 WHERE exp_e='12-25937079' AND c_asigna='300101' AND status IN ('0','3','B','C') [1][0] OK
C:[01/08/2014 14:30:47.64][190.38.120.43][1182] SELECT par_cod_asig1,par_cod_asig2,par_cod_asig3 FROM tblaca009 WHERE pensum='5' AND c_uni_ca='3' AND c_asigna='300207' [1][0] OK
C:[01/08/2014 14:30:47.64][190.38.120.43][1182] SELECT par_cod_asig1,par_cod_asig2,par_cod_asig3 FROM tblaca009 WHERE pensum='5' AND c_uni_ca='3' AND c_asigna='300213' [1][0] OK
C:[01/08/2014 14:30:47.64][190.38.120.43][1196] SELECT c_asigna FROM dace004 WHERE exp_e='12-25937079' AND c_asigna='300209' AND status IN ('0','3','B','C') [1][0] OK
C:[01/08/2014 14:30:47.02][190.38.120.43][1312] SELECT horas_lab FROM tblaca008 WHERE c_asigna='300207' AND horas_teoricas > 0 [1][0] OK
C:[01/08/2014 14:30:47.02][190.38.120.43][1312] SELECT horas_lab FROM tblaca008 WHERE c_asigna='300213' AND horas_teoricas > 0 [1][0] OK
C:[01/08/2014 14:35:16.13][190.73.231.121][1138] SELECT pre_cod_asig1,pre_cod_asig2,pre_cod_asig3,pre_cod_asig4,pre_cod_asig5,pre_cod_asig6,pre_cod_asig7 FROM tblaca009 WHERE pensum='5' AND c_uni_ca='6' AND c_asigna='300101' [1][0] OK
C:[01/08/2014 14:35:16.13][190.73.231.121][1138] SELECT pre_cod_asig1,pre_cod_asig2,pre_cod_asig3,pre_cod_asig4,pre_cod_asig5,pre_cod_asig6,pre_cod_asig7 FROM tblaca009 WHERE pensum='5' AND c_uni_ca='6' AND c_asigna='300226' [1][0] OK
C:[01/08/2014 14:35:16.13][190.73.231.121][1151] SELECT c_asigna FROM dace004 WHERE exp_e='13-25934978' AND c_asigna='300116' AND status IN ('0','3','B','C') [1][0] OK
C:[01/08/2014 14:35:16.76][190.73.231.121][1182] SELECT par_cod_asig1,par_cod_asig2,par_cod_asig3 FROM tblaca009 WHERE pensum='5' AND c_uni_ca='6' AND c_asigna='300101' [1][0] OK
C:[01/08/2014 14:35:16.76][190.73.231.121][1182] SELECT par_cod_asig1,par_cod_asig2,par_cod_asig3 FROM tblaca009 WHERE pensum='5' AND c_uni_ca='6' AND c_asigna='300226' [1][0] OK
C:[01/08/2014 14:35:16.02][190.73.231.121][1312] SELECT horas_lab FROM tblaca008 WHERE c_asigna='300101' AND horas_teoricas > 0 [1][0] OK
C:[01/08/2014 14:35:16.02][190.73.231.121][1312] SELECT horas_lab FROM tblaca008 WHERE c_asigna='300226' AND horas_teoricas > 0 [1][0] OK
C:[01/08/2014 14:35:27.13][190.37.238.133][1138] SELECT pre_cod_asig1,pre_cod_asig2,pre_cod_asig3,pre_cod_asig4,pre_cod_asig5,pre_cod_asig6,pre_cod_asig7 FROM tblaca009 WHERE pensum='5' AND c_uni_ca='2' AND c_asigna='300207' [1][0] OK
C:[01/08/2014 14:35:27.13][190.37.238.133][1151] SELECT c_asigna FROM dace004 WHERE exp_e='10-21249970' AND c_asigna='300101' AND status IN ('0','3','B','C') [1][0] OK
C:[01/08/2014 14:35:27.50][190.37.238.133][1182] SELECT par_cod_asig1,par_cod_asig2,par_cod_asig3 FROM tblaca009 WHERE pensum='5' AND c_uni_ca='2' AND c_asigna='300207' [1][0] OK
C:[01/08/2014 14:35:27.51][190.37.238.133][1312] SELECT horas_lab FROM tblaca008 WHERE c_asigna='300207' AND horas_teoricas > 0 [1][0] OK
C:[01/08/2014 14:35:29.40][186.94.51.161][1138] SELECT pre_cod_asig1,pre_cod_asig2,pre_cod_asig3,pre_cod_asig4,pre_cod_asig5,pre_cod_asig6,pre_cod_asig7 FROM tblaca009 WHERE pensum='5' AND c_uni_ca='6' AND c_asigna='342679' [1][0] OK
C:[01/08/2014 14:35:29.40][186.94.51.161][1151] SELECT c_asigna FROM dace004 WHERE exp_e='05-15372063' AND c_asigna='342567' AND status IN ('0','3','B','C') [1][0] OK
C:[01/08/2014 14:35:29.40][186.94.51.161][1138] SELECT pre_cod_asig1,pre_cod_asig2,pre_cod_asig3,pre_cod_asig4,pre_cod_asig5,pre_cod_asig6,pre_cod_asig7 FROM tblaca009 WHERE pensum='5' AND c_uni_ca='6' AND c_asigna='344688' [1][0] OK
C:[01/08/2014 14:35:29.40][186.94.51.161][1151] SELECT c_asigna FROM dace004 WHERE exp_e='05-15372063' AND c_asigna='342567' AND status IN ('0','3','B','C') [1][0] OK
C:[01/08/2014 14:35:29.40][186.94.51.161][1151] SELECT c_asigna FROM dace004 WHERE exp_e='05-15372063' AND c_asigna='344565' AND status IN ('0','3','B','C') [1][0] OK
C:[01/08/2014 14:35:29.02][186.94.51.161][1182] SELECT par_cod_asig1,par_cod_asig2,par_cod_asig3 FROM tblaca009 WHERE pensum='5' AND c_uni_ca='6' AND c_asigna='342679' [1][0] OK
C:[01/08/2014 14:35:29.02][186.94.51.161][1182] SELECT par_cod_asig1,par_cod_asig2,par_cod_asig3 FROM tblaca009 WHERE pensum='5' AND c_uni_ca='6' AND c_asigna='344688' [1][0] OK
C:[01/08/2014 14:35:29.29][186.94.51.161][1312] SELECT horas_lab FROM tblaca008 WHERE c_asigna='342679' AND horas_teoricas > 0 [1][0] OK
C:[01/08/2014 14:35:29.29][186.94.51.161][1312] SELECT horas_lab FROM tblaca008 WHERE c_asigna='344688' AND horas_teoricas > 0 [1][0] OK
C:[01/08/2014 14:35:36.50][186.94.51.161][1138] SELECT pre_cod_asig1,pre_cod_asig2,pre_cod_asig3,pre_cod_asig4,pre_cod_asig5,pre_cod_asig6,pre_cod_asig7 FROM tblaca009 WHERE pensum='5' AND c_uni_ca='2' AND c_asigna='300209' [1][0] OK
C:[01/08/2014 14:35:36.50][186.94.51.161][1151] SELECT c_asigna FROM dace004 WHERE exp_e='13-25277431' AND c_asigna='300101' AND status IN ('0','3','B','C') [1][0] OK
C:[01/08/2014 14:35:36.50][186.94.51.161][1138] SELECT pre_cod_asig1,pre_cod_asig2,pre_cod_asig3,pre_cod_asig4,pre_cod_asig5,pre_cod_asig6,pre_cod_asig7 FROM tblaca009 WHERE pensum='5' AND c_uni_ca='2' AND c_asigna='300213' [1][0] OK
C:[01/08/2014 14:35:36.50][186.94.51.161][1151] SELECT c_asigna FROM dace004 WHERE exp_e='13-25277431' AND c_asigna='300101' AND status IN ('0','3','B','C') [1][0] OK
C:[01/08/2014 14:35:36.25][186.94.51.161][1182] SELECT par_cod_asig1,par_cod_asig2,par_cod_asig3 FROM tblaca009 WHERE pensum='5' AND c_uni_ca='2' AND c_asigna='300209' [1][0] OK
C:[01/08/2014 14:35:36.25][186.94.51.161][1182] SELECT par_cod_asig1,par_cod_asig2,par_cod_asig3 FROM tblaca009 WHERE pensum='5' AND c_uni_ca='2' AND c_asigna='300213' [1][0] OK
C:[01/08/2014 14:35:36.25][186.94.51.161][1196] SELECT c_asigna FROM dace004 WHERE exp_e='13-25277431' AND c_asigna='300209' AND status IN ('0','3','B','C') [0][0] OK
C:[01/08/2014 14:35:36.63][186.94.51.161][1312] SELECT horas_lab FROM tblaca008 WHERE c_asigna='300209' AND horas_teoricas > 0 [1][0] OK
C:[01/08/2014 14:35:36.63][186.94.51.161][1312] SELECT horas_lab FROM tblaca008 WHERE c_asigna='300213' AND horas_teoricas > 0 [1][0] OK
C:[01/08/2014 14:35:59.61][200.109.206.27][1138] SELECT pre_cod_asig1,pre_cod_asig2,pre_cod_asig3,pre_cod_asig4,pre_cod_asig5,pre_cod_asig6,pre_cod_asig7 FROM tblaca009 WHERE pensum='5' AND c_uni_ca='2' AND c_asigna='300101' [1][0] OK
C:[01/08/2014 14:35:59.61][200.109.206.27][1138] SELECT pre_cod_asig1,pre_cod_asig2,pre_cod_asig3,pre_cod_asig4,pre_cod_asig5,pre_cod_asig6,pre_cod_asig7 FROM tblaca009 WHERE pensum='5' AND c_uni_ca='2' AND c_asigna='300112' [1][0] OK
C:[01/08/2014 14:35:59.61][200.109.206.27][1138] SELECT pre_cod_asig1,pre_cod_asig2,pre_cod_asig3,pre_cod_asig4,pre_cod_asig5,pre_cod_asig6,pre_cod_asig7 FROM tblaca009 WHERE pensum='5' AND c_uni_ca='2' AND c_asigna='300226' [1][0] OK
C:[01/08/2014 14:35:59.61][200.109.206.27][1151] SELECT c_asigna FROM dace004 WHERE exp_e='13-25901006' AND c_asigna='300116' AND status IN ('0','3','B','C') [1][0] OK
C:[01/08/2014 14:35:59.37][200.109.206.27][1182] SELECT par_cod_asig1,par_cod_asig2,par_cod_asig3 FROM tblaca009 WHERE pensum='5' AND c_uni_ca='2' AND c_asigna='300101' [1][0] OK
C:[01/08/2014 14:35:59.37][200.109.206.27][1182] SELECT par_cod_asig1,par_cod_asig2,par_cod_asig3 FROM tblaca009 WHERE pensum='5' AND c_uni_ca='2' AND c_asigna='300112' [1][0] OK
C:[01/08/2014 14:35:59.37][200.109.206.27][1182] SELECT par_cod_asig1,par_cod_asig2,par_cod_asig3 FROM tblaca009 WHERE pensum='5' AND c_uni_ca='2' AND c_asigna='300226' [1][0] OK
C:[01/08/2014 14:35:59.87][200.109.206.27][1312] SELECT horas_lab FROM tblaca008 WHERE c_asigna='300101' AND horas_teoricas > 0 [1][0] OK
C:[01/08/2014 14:35:59.87][200.109.206.27][1312] SELECT horas_lab FROM tblaca008 WHERE c_asigna='300112' AND horas_teoricas > 0 [1][0] OK
C:[01/08/2014 14:35:59.87][200.109.206.27][1312] SELECT horas_lab FROM tblaca008 WHERE c_asigna='300226' AND horas_teoricas > 0 [1][0] OK
C:[01/08/2014 14:37:12.34][186.94.86.123][1138] SELECT pre_cod_asig1,pre_cod_asig2,pre_cod_asig3,pre_cod_asig4,pre_cod_asig5,pre_cod_asig6,pre_cod_asig7 FROM tblaca009 WHERE pensum='5' AND c_uni_ca='5' AND c_asigna='300112' [1][0] OK
C:[01/08/2014 14:37:12.34][186.94.86.123][1138] SELECT pre_cod_asig1,pre_cod_asig2,pre_cod_asig3,pre_cod_asig4,pre_cod_asig5,pre_cod_asig6,pre_cod_asig7 FROM tblaca009 WHERE pensum='5' AND c_uni_ca='5' AND c_asigna='300209' [1][0] OK
C:[01/08/2014 14:37:12.34][186.94.86.123][1151] SELECT c_asigna FROM dace004 WHERE exp_e='13-26048174' AND c_asigna='300101' AND status IN ('0','3','B','C') [1][0] OK
C:[01/08/2014 14:37:12.96][186.94.86.123][1182] SELECT par_cod_asig1,par_cod_asig2,par_cod_asig3 FROM tblaca009 WHERE pensum='5' AND c_uni_ca='5' AND c_asigna='300112' [1][0] OK
C:[01/08/2014 14:37:12.96][186.94.86.123][1182] SELECT par_cod_asig1,par_cod_asig2,par_cod_asig3 FROM tblaca009 WHERE pensum='5' AND c_uni_ca='5' AND c_asigna='300209' [1][0] OK
C:[01/08/2014 14:37:12.79][186.94.86.123][1312] SELECT horas_lab FROM tblaca008 WHERE c_asigna='300112' AND horas_teoricas > 0 [1][0] OK
C:[01/08/2014 14:37:12.79][186.94.86.123][1312] SELECT horas_lab FROM tblaca008 WHERE c_asigna='300209' AND horas_teoricas > 0 [1][0] OK
C:[01/08/2014 14:37:14.47][201.242.58.172][1138] SELECT pre_cod_asig1,pre_cod_asig2,pre_cod_asig3,pre_cod_asig4,pre_cod_asig5,pre_cod_asig6,pre_cod_asig7 FROM tblaca009 WHERE pensum='5' AND c_uni_ca='4' AND c_asigna='300209' [1][0] OK
C:[01/08/2014 14:37:14.47][201.242.58.172][1151] SELECT c_asigna FROM dace004 WHERE exp_e='08-21249304' AND c_asigna='300101' AND status IN ('0','3','B','C') [1][0] OK
C:[01/08/2014 14:37:14.72][201.242.58.172][1182] SELECT par_cod_asig1,par_cod_asig2,par_cod_asig3 FROM tblaca009 WHERE pensum='5' AND c_uni_ca='4' AND c_asigna='300209' [1][0] OK
C:[01/08/2014 14:37:14.86][201.242.58.172][1312] SELECT horas_lab FROM tblaca008 WHERE c_asigna='300209' AND horas_teoricas > 0 [1][0] OK
C:[01/08/2014 14:37:30.89][190.73.231.121][1138] SELECT pre_cod_asig1,pre_cod_asig2,pre_cod_asig3,pre_cod_asig4,pre_cod_asig5,pre_cod_asig6,pre_cod_asig7 FROM tblaca009 WHERE pensum='5' AND c_uni_ca='6' AND c_asigna='300101' [1][0] OK
C:[01/08/2014 14:37:30.27][190.73.231.121][1182] SELECT par_cod_asig1,par_cod_asig2,par_cod_asig3 FROM tblaca009 WHERE pensum='5' AND c_uni_ca='6' AND c_asigna='300101' [1][0] OK
C:[01/08/2014 14:37:30.40][190.73.231.121][1312] SELECT horas_lab FROM tblaca008 WHERE c_asigna='300101' AND horas_teoricas > 0 [1][0] OK
C:[01/08/2014 14:37:35.64][186.94.51.161][1138] SELECT pre_cod_asig1,pre_cod_asig2,pre_cod_asig3,pre_cod_asig4,pre_cod_asig5,pre_cod_asig6,pre_cod_asig7 FROM tblaca009 WHERE pensum='5' AND c_uni_ca='6' AND c_asigna='300317' [1][0] OK
C:[01/08/2014 14:37:35.64][186.94.51.161][1151] SELECT c_asigna FROM dace004 WHERE exp_e='13-24035591' AND c_asigna='300207' AND status IN ('0','3','B','C') [1][0] OK
C:[01/08/2014 14:37:35.64][186.94.51.161][1151] SELECT c_asigna FROM dace004 WHERE exp_e='13-24035591' AND c_asigna='300209' AND status IN ('0','3','B','C') [1][0] OK
C:[01/08/2014 14:37:35.02][186.94.51.161][1182] SELECT par_cod_asig1,par_cod_asig2,par_cod_asig3 FROM tblaca009 WHERE pensum='5' AND c_uni_ca='6' AND c_asigna='300317' [1][0] OK
C:[01/08/2014 14:37:35.15][186.94.51.161][1312] SELECT horas_lab FROM tblaca008 WHERE c_asigna='300317' AND horas_teoricas > 0 [1][0] OK
C:[01/08/2014 14:37:48.89][190.76.102.158][1138] SELECT pre_cod_asig1,pre_cod_asig2,pre_cod_asig3,pre_cod_asig4,pre_cod_asig5,pre_cod_asig6,pre_cod_asig7 FROM tblaca009 WHERE pensum='5' AND c_uni_ca='5' AND c_asigna='300207' [1][0] OK
C:[01/08/2014 14:37:48.89][190.76.102.158][1151] SELECT c_asigna FROM dace004 WHERE exp_e='13-24541027' AND c_asigna='300101' AND status IN ('0','3','B','C') [1][0] OK
C:[01/08/2014 14:37:48.89][190.76.102.158][1138] SELECT pre_cod_asig1,pre_cod_asig2,pre_cod_asig3,pre_cod_asig4,pre_cod_asig5,pre_cod_asig6,pre_cod_asig7 FROM tblaca009 WHERE pensum='5' AND c_uni_ca='5' AND c_asigna='300228' [1][0] OK
C:[01/08/2014 14:37:48.89][190.76.102.158][1151] SELECT c_asigna FROM dace004 WHERE exp_e='13-24541027' AND c_asigna='300101' AND status IN ('0','3','B','C') [1][0] OK
C:[01/08/2014 14:37:48.89][190.76.102.158][1138] SELECT pre_cod_asig1,pre_cod_asig2,pre_cod_asig3,pre_cod_asig4,pre_cod_asig5,pre_cod_asig6,pre_cod_asig7 FROM tblaca009 WHERE pensum='5' AND c_uni_ca='5' AND c_asigna='300213' [1][0] OK
C:[01/08/2014 14:37:48.89][190.76.102.158][1151] SELECT c_asigna FROM dace004 WHERE exp_e='13-24541027' AND c_asigna='300101' AND status IN ('0','3','B','C') [1][0] OK
C:[01/08/2014 14:37:48.89][190.76.102.158][1182] SELECT par_cod_asig1,par_cod_asig2,par_cod_asig3 FROM tblaca009 WHERE pensum='5' AND c_uni_ca='5' AND c_asigna='300207' [1][0] OK
C:[01/08/2014 14:37:48.89][190.76.102.158][1182] SELECT par_cod_asig1,par_cod_asig2,par_cod_asig3 FROM tblaca009 WHERE pensum='5' AND c_uni_ca='5' AND c_asigna='300228' [1][0] OK
C:[01/08/2014 14:37:48.89][190.76.102.158][1182] SELECT par_cod_asig1,par_cod_asig2,par_cod_asig3 FROM tblaca009 WHERE pensum='5' AND c_uni_ca='5' AND c_asigna='300213' [1][0] OK
C:[01/08/2014 14:37:48.89][190.76.102.158][1196] SELECT c_asigna FROM dace004 WHERE exp_e='13-24541027' AND c_asigna='300209' AND status IN ('0','3','B','C') [1][0] OK
C:[01/08/2014 14:37:48.39][190.76.102.158][1312] SELECT horas_lab FROM tblaca008 WHERE c_asigna='300207' AND horas_teoricas > 0 [1][0] OK
C:[01/08/2014 14:37:48.39][190.76.102.158][1312] SELECT horas_lab FROM tblaca008 WHERE c_asigna='300228' AND horas_teoricas > 0 [1][0] OK
C:[01/08/2014 14:37:48.39][190.76.102.158][1312] SELECT horas_lab FROM tblaca008 WHERE c_asigna='300213' AND horas_teoricas > 0 [1][0] OK
C:[01/08/2014 14:37:53.56][190.205.97.160][1138] SELECT pre_cod_asig1,pre_cod_asig2,pre_cod_asig3,pre_cod_asig4,pre_cod_asig5,pre_cod_asig6,pre_cod_asig7 FROM tblaca009 WHERE pensum='5' AND c_uni_ca='6' AND c_asigna='342679' [1][0] OK
C:[01/08/2014 14:37:53.56][190.205.97.160][1151] SELECT c_asigna FROM dace004 WHERE exp_e='08-21017384' AND c_asigna='342567' AND status IN ('0','3','B','C') [1][0] OK
C:[01/08/2014 14:37:53.56][190.205.97.160][1138] SELECT pre_cod_asig1,pre_cod_asig2,pre_cod_asig3,pre_cod_asig4,pre_cod_asig5,pre_cod_asig6,pre_cod_asig7 FROM tblaca009 WHERE pensum='5' AND c_uni_ca='6' AND c_asigna='344613' [1][0] OK
C:[01/08/2014 14:37:53.56][190.205.97.160][1151] SELECT c_asigna FROM dace004 WHERE exp_e='08-21017384' AND c_asigna='344566' AND status IN ('0','3','B','C') [1][0] OK
C:[01/08/2014 14:37:53.95][190.204.193.239][1138] SELECT pre_cod_asig1,pre_cod_asig2,pre_cod_asig3,pre_cod_asig4,pre_cod_asig5,pre_cod_asig6,pre_cod_asig7 FROM tblaca009 WHERE pensum='5' AND c_uni_ca='3' AND c_asigna='311100' [1][0] OK
C:[01/08/2014 14:37:53.56][190.205.97.160][1151] SELECT c_asigna FROM dace004 WHERE exp_e='08-21017384' AND c_asigna='300209' AND status IN ('0','3','B','C') [1][0] OK
C:[01/08/2014 14:37:53.95][190.204.193.239][1138] SELECT pre_cod_asig1,pre_cod_asig2,pre_cod_asig3,pre_cod_asig4,pre_cod_asig5,pre_cod_asig6,pre_cod_asig7 FROM tblaca009 WHERE pensum='5' AND c_uni_ca='3' AND c_asigna='311986' [1][0] OK
C:[01/08/2014 14:37:53.56][190.205.97.160][1151] SELECT c_asigna FROM dace004 WHERE exp_e='08-21017384' AND c_asigna='300222' AND status IN ('0','3','B','C') [1][0] OK
C:[01/08/2014 14:37:53.95][190.204.193.239][1151] SELECT c_asigna FROM dace004 WHERE exp_e='05-16395238' AND c_asigna='311825' AND status IN ('0','3','B','C') [1][0] OK
C:[01/08/2014 14:37:53.56][190.205.97.160][1151] SELECT c_asigna FROM dace004 WHERE exp_e='08-21017384' AND c_asigna='300226' AND status IN ('0','3','B','C') [1][0] OK
C:[01/08/2014 14:37:53.31][190.204.193.239][1182] SELECT par_cod_asig1,par_cod_asig2,par_cod_asig3 FROM tblaca009 WHERE pensum='5' AND c_uni_ca='3' AND c_asigna='311100' [1][0] OK
C:[01/08/2014 14:37:53.56][190.205.97.160][1151] SELECT c_asigna FROM dace004 WHERE exp_e='08-21017384' AND c_asigna='300313' AND status IN ('0','3','B','C') [1][0] OK
C:[01/08/2014 14:37:53.31][190.204.193.239][1182] SELECT par_cod_asig1,par_cod_asig2,par_cod_asig3 FROM tblaca009 WHERE pensum='5' AND c_uni_ca='3' AND c_asigna='311986' [1][0] OK
C:[01/08/2014 14:37:53.56][190.205.97.160][1151] SELECT c_asigna FROM dace004 WHERE exp_e='08-21017384' AND c_asigna='300428' AND status IN ('0','3','B','C') [1][0] OK
C:[01/08/2014 14:37:53.57][190.204.193.239][1312] SELECT horas_lab FROM tblaca008 WHERE c_asigna='311100' AND horas_teoricas > 0 [1][0] OK
C:[01/08/2014 14:37:53.56][190.205.97.160][1151] SELECT c_asigna FROM dace004 WHERE exp_e='08-21017384' AND c_asigna='300317' AND status IN ('0','3','B','C') [1][0] OK
C:[01/08/2014 14:37:53.57][190.204.193.239][1312] SELECT horas_lab FROM tblaca008 WHERE c_asigna='311986' AND horas_teoricas > 0 [1][0] OK
C:[01/08/2014 14:37:53.56][190.205.97.160][1138] SELECT pre_cod_asig1,pre_cod_asig2,pre_cod_asig3,pre_cod_asig4,pre_cod_asig5,pre_cod_asig6,pre_cod_asig7 FROM tblaca009 WHERE pensum='5' AND c_uni_ca='6' AND c_asigna='344688' [1][0] OK
C:[01/08/2014 14:37:53.56][190.205.97.160][1151] SELECT c_asigna FROM dace004 WHERE exp_e='08-21017384' AND c_asigna='342567' AND status IN ('0','3','B','C') [1][0] OK
C:[01/08/2014 14:37:53.56][190.205.97.160][1151] SELECT c_asigna FROM dace004 WHERE exp_e='08-21017384' AND c_asigna='344565' AND status IN ('0','3','B','C') [1][0] OK
C:[01/08/2014 14:37:53.18][190.205.97.160][1182] SELECT par_cod_asig1,par_cod_asig2,par_cod_asig3 FROM tblaca009 WHERE pensum='5' AND c_uni_ca='6' AND c_asigna='342679' [1][0] OK
C:[01/08/2014 14:37:53.18][190.205.97.160][1182] SELECT par_cod_asig1,par_cod_asig2,par_cod_asig3 FROM tblaca009 WHERE pensum='5' AND c_uni_ca='6' AND c_asigna='344613' [1][0] OK
C:[01/08/2014 14:37:53.18][190.205.97.160][1182] SELECT par_cod_asig1,par_cod_asig2,par_cod_asig3 FROM tblaca009 WHERE pensum='5' AND c_uni_ca='6' AND c_asigna='344688' [1][0] OK
C:[01/08/2014 14:37:53.57][190.205.97.160][1312] SELECT horas_lab FROM tblaca008 WHERE c_asigna='342679' AND horas_teoricas > 0 [1][0] OK
C:[01/08/2014 14:37:53.57][190.205.97.160][1312] SELECT horas_lab FROM tblaca008 WHERE c_asigna='344613' AND horas_teoricas > 0 [1][0] OK
C:[01/08/2014 14:37:53.57][190.205.97.160][1312] SELECT horas_lab FROM tblaca008 WHERE c_asigna='344688' AND horas_teoricas > 0 [1][0] OK
C:[01/08/2014 14:37:58.67][190.37.122.184][1138] SELECT pre_cod_asig1,pre_cod_asig2,pre_cod_asig3,pre_cod_asig4,pre_cod_asig5,pre_cod_asig6,pre_cod_asig7 FROM tblaca009 WHERE pensum='5' AND c_uni_ca='5' AND c_asigna='300209' [1][0] OK
C:[01/08/2014 14:37:58.67][190.37.122.184][1151] SELECT c_asigna FROM dace004 WHERE exp_e='11-21247769' AND c_asigna='300101' AND status IN ('0','3','B','C') [1][0] OK
C:[01/08/2014 14:37:58.92][190.37.122.184][1182] SELECT par_cod_asig1,par_cod_asig2,par_cod_asig3 FROM tblaca009 WHERE pensum='5' AND c_uni_ca='5' AND c_asigna='300209' [1][0] OK
C:[01/08/2014 14:37:58.06][190.37.122.184][1312] SELECT horas_lab FROM tblaca008 WHERE c_asigna='300209' AND horas_teoricas > 0 [1][0] OK
C:[01/08/2014 14:39:28.40][190.204.212.79][1138] SELECT pre_cod_asig1,pre_cod_asig2,pre_cod_asig3,pre_cod_asig4,pre_cod_asig5,pre_cod_asig6,pre_cod_asig7 FROM tblaca009 WHERE pensum='5' AND c_uni_ca='6' AND c_asigna='300213' [1][0] OK
C:[01/08/2014 14:39:28.40][190.204.212.79][1151] SELECT c_asigna FROM dace004 WHERE exp_e='07-18010984' AND c_asigna='300101' AND status IN ('0','3','B','C') [1][0] OK
C:[01/08/2014 14:39:28.40][190.204.212.79][1138] SELECT pre_cod_asig1,pre_cod_asig2,pre_cod_asig3,pre_cod_asig4,pre_cod_asig5,pre_cod_asig6,pre_cod_asig7 FROM tblaca009 WHERE pensum='5' AND c_uni_ca='6' AND c_asigna='340327' [1][0] OK
C:[01/08/2014 14:39:28.40][190.204.212.79][1151] SELECT c_asigna FROM dace004 WHERE exp_e='07-18010984' AND c_asigna='300013' AND status IN ('0','3','B','C') [1][0] OK
C:[01/08/2014 14:39:28.40][190.204.212.79][1151] SELECT c_asigna FROM dace004 WHERE exp_e='07-18010984' AND c_asigna='300113' AND status IN ('0','3','B','C') [1][0] OK
C:[01/08/2014 14:39:28.27][190.204.212.79][1182] SELECT par_cod_asig1,par_cod_asig2,par_cod_asig3 FROM tblaca009 WHERE pensum='5' AND c_uni_ca='6' AND c_asigna='300213' [1][0] OK
C:[01/08/2014 14:39:28.27][190.204.212.79][1196] SELECT c_asigna FROM dace004 WHERE exp_e='07-18010984' AND c_asigna='300209' AND status IN ('0','3','B','C') [1][0] OK
C:[01/08/2014 14:39:28.27][190.204.212.79][1182] SELECT par_cod_asig1,par_cod_asig2,par_cod_asig3 FROM tblaca009 WHERE pensum='5' AND c_uni_ca='6' AND c_asigna='340327' [1][0] OK
C:[01/08/2014 14:39:28.66][190.204.212.79][1312] SELECT horas_lab FROM tblaca008 WHERE c_asigna='300213' AND horas_teoricas > 0 [1][0] OK
C:[01/08/2014 14:39:28.66][190.204.212.79][1312] SELECT horas_lab FROM tblaca008 WHERE c_asigna='340327' AND horas_teoricas > 0 [1][0] OK
C:[01/08/2014 14:41:13.88][190.205.150.122][1138] SELECT pre_cod_asig1,pre_cod_asig2,pre_cod_asig3,pre_cod_asig4,pre_cod_asig5,pre_cod_asig6,pre_cod_asig7 FROM tblaca009 WHERE pensum='5' AND c_uni_ca='3' AND c_asigna='300317' [1][0] OK
C:[01/08/2014 14:41:13.88][190.205.150.122][1151] SELECT c_asigna FROM dace004 WHERE exp_e='11-21248811' AND c_asigna='300207' AND status IN ('0','3','B','C') [1][0] OK
C:[01/08/2014 14:41:13.88][190.205.150.122][1151] SELECT c_asigna FROM dace004 WHERE exp_e='11-21248811' AND c_asigna='300209' AND status IN ('0','3','B','C') [1][0] OK
C:[01/08/2014 14:41:13.50][190.205.150.122][1182] SELECT par_cod_asig1,par_cod_asig2,par_cod_asig3 FROM tblaca009 WHERE pensum='5' AND c_uni_ca='3' AND c_asigna='300317' [1][0] OK
C:[01/08/2014 14:41:13.64][190.205.150.122][1312] SELECT horas_lab FROM tblaca008 WHERE c_asigna='300317' AND horas_teoricas > 0 [1][0] OK
C:[01/08/2014 14:41:54.81][200.109.205.91][1138] SELECT pre_cod_asig1,pre_cod_asig2,pre_cod_asig3,pre_cod_asig4,pre_cod_asig5,pre_cod_asig6,pre_cod_asig7 FROM tblaca009 WHERE pensum='5' AND c_uni_ca='6' AND c_asigna='344733' [1][0] OK
C:[01/08/2014 14:41:54.81][200.109.205.91][1138] SELECT pre_cod_asig1,pre_cod_asig2,pre_cod_asig3,pre_cod_asig4,pre_cod_asig5,pre_cod_asig6,pre_cod_asig7 FROM tblaca009 WHERE pensum='5' AND c_uni_ca='6' AND c_asigna='344046' [1][0] OK
C:[01/08/2014 14:41:54.81][200.109.205.91][1151] SELECT c_asigna FROM dace004 WHERE exp_e='07-20222499' AND c_asigna='344834' AND status IN ('0','3','B','C') [1][0] OK
C:[01/08/2014 14:41:54.81][200.109.205.91][1151] SELECT c_asigna FROM dace004 WHERE exp_e='07-20222499' AND c_asigna='344732' AND status IN ('0','3','B','C') [1][0] OK
C:[01/08/2014 14:41:54.56][200.109.205.91][1182] SELECT par_cod_asig1,par_cod_asig2,par_cod_asig3 FROM tblaca009 WHERE pensum='5' AND c_uni_ca='6' AND c_asigna='344733' [1][0] OK
C:[01/08/2014 14:41:54.56][200.109.205.91][1182] SELECT par_cod_asig1,par_cod_asig2,par_cod_asig3 FROM tblaca009 WHERE pensum='5' AND c_uni_ca='6' AND c_asigna='344046' [1][0] OK
C:[01/08/2014 14:41:54.82][200.109.205.91][1312] SELECT horas_lab FROM tblaca008 WHERE c_asigna='344733' AND horas_teoricas > 0 [1][0] OK
C:[01/08/2014 14:41:54.82][200.109.205.91][1312] SELECT horas_lab FROM tblaca008 WHERE c_asigna='344046' AND horas_teoricas > 0 [1][0] OK
C:[01/08/2014 14:43:12.33][186.94.51.161][1138] SELECT pre_cod_asig1,pre_cod_asig2,pre_cod_asig3,pre_cod_asig4,pre_cod_asig5,pre_cod_asig6,pre_cod_asig7 FROM tblaca009 WHERE pensum='5' AND c_uni_ca='4' AND c_asigna='300213' [1][0] OK
C:[01/08/2014 14:43:12.33][186.94.51.161][1151] SELECT c_asigna FROM dace004 WHERE exp_e='08-20805898' AND c_asigna='300101' AND status IN ('0','3','B','C') [1][0] OK
C:[01/08/2014 14:43:12.33][186.94.51.161][1138] SELECT pre_cod_asig1,pre_cod_asig2,pre_cod_asig3,pre_cod_asig4,pre_cod_asig5,pre_cod_asig6,pre_cod_asig7 FROM tblaca009 WHERE pensum='5' AND c_uni_ca='4' AND c_asigna='300317' [1][0] OK
C:[01/08/2014 14:43:12.33][186.94.51.161][1151] SELECT c_asigna FROM dace004 WHERE exp_e='08-20805898' AND c_asigna='300207' AND status IN ('0','3','B','C') [1][0] OK
C:[01/08/2014 14:43:12.33][186.94.51.161][1151] SELECT c_asigna FROM dace004 WHERE exp_e='08-20805898' AND c_asigna='300209' AND status IN ('0','3','B','C') [1][0] OK
C:[01/08/2014 14:43:12.21][186.94.51.161][1182] SELECT par_cod_asig1,par_cod_asig2,par_cod_asig3 FROM tblaca009 WHERE pensum='5' AND c_uni_ca='4' AND c_asigna='300213' [1][0] OK
C:[01/08/2014 14:43:12.21][186.94.51.161][1196] SELECT c_asigna FROM dace004 WHERE exp_e='08-20805898' AND c_asigna='300209' AND status IN ('0','3','B','C') [1][0] OK
C:[01/08/2014 14:43:12.21][186.94.51.161][1182] SELECT par_cod_asig1,par_cod_asig2,par_cod_asig3 FROM tblaca009 WHERE pensum='5' AND c_uni_ca='4' AND c_asigna='300317' [1][0] OK
C:[01/08/2014 14:43:12.60][186.94.51.161][1312] SELECT horas_lab FROM tblaca008 WHERE c_asigna='300213' AND horas_teoricas > 0 [1][0] OK
C:[01/08/2014 14:43:12.60][186.94.51.161][1312] SELECT horas_lab FROM tblaca008 WHERE c_asigna='300317' AND horas_teoricas > 0 [1][0] OK
C:[01/08/2014 14:43:33.98][186.94.51.161][1138] SELECT pre_cod_asig1,pre_cod_asig2,pre_cod_asig3,pre_cod_asig4,pre_cod_asig5,pre_cod_asig6,pre_cod_asig7 FROM tblaca009 WHERE pensum='5' AND c_uni_ca='6' AND c_asigna='300101' [1][0] OK
C:[01/08/2014 14:43:33.36][186.94.51.161][1182] SELECT par_cod_asig1,par_cod_asig2,par_cod_asig3 FROM tblaca009 WHERE pensum='5' AND c_uni_ca='6' AND c_asigna='300101' [1][0] OK
C:[01/08/2014 14:43:33.51][186.94.51.161][1312] SELECT horas_lab FROM tblaca008 WHERE c_asigna='300101' AND horas_teoricas > 0 [1][0] OK
C:[01/08/2014 14:43:34.39][190.202.81.200][1138] SELECT pre_cod_asig1,pre_cod_asig2,pre_cod_asig3,pre_cod_asig4,pre_cod_asig5,pre_cod_asig6,pre_cod_asig7 FROM tblaca009 WHERE pensum='5' AND c_uni_ca='3' AND c_asigna='311673' [1][0] OK
C:[01/08/2014 14:43:34.39][190.202.81.200][1151] SELECT c_asigna FROM dace004 WHERE exp_e='12-18806107' AND c_asigna='311551' AND status IN ('0','3','B','C') [1][0] OK
C:[01/08/2014 14:43:34.39][190.202.81.200][1151] SELECT c_asigna FROM dace004 WHERE exp_e='12-18806107' AND c_asigna='311554' AND status IN ('0','3','B','C') [1][0] OK
C:[01/08/2014 14:43:34.39][190.202.81.200][1151] SELECT c_asigna FROM dace004 WHERE exp_e='12-18806107' AND c_asigna='311320' AND status IN ('0','3','B','C') [1][0] OK
C:[01/08/2014 14:43:34.89][190.202.81.200][1182] SELECT par_cod_asig1,par_cod_asig2,par_cod_asig3 FROM tblaca009 WHERE pensum='5' AND c_uni_ca='3' AND c_asigna='311673' [1][0] OK
C:[01/08/2014 14:43:34.03][190.202.81.200][1312] SELECT horas_lab FROM tblaca008 WHERE c_asigna='311673' AND horas_teoricas > 0 [1][0] OK
C:[01/08/2014 14:44:09.46][190.205.1.99][1138] SELECT pre_cod_asig1,pre_cod_asig2,pre_cod_asig3,pre_cod_asig4,pre_cod_asig5,pre_cod_asig6,pre_cod_asig7 FROM tblaca009 WHERE pensum='5' AND c_uni_ca='5' AND c_asigna='300101' [1][0] OK
C:[01/08/2014 14:44:09.46][190.205.1.99][1138] SELECT pre_cod_asig1,pre_cod_asig2,pre_cod_asig3,pre_cod_asig4,pre_cod_asig5,pre_cod_asig6,pre_cod_asig7 FROM tblaca009 WHERE pensum='5' AND c_uni_ca='5' AND c_asigna='300112' [1][0] OK
C:[01/08/2014 14:44:10.96][190.205.1.99][1182] SELECT par_cod_asig1,par_cod_asig2,par_cod_asig3 FROM tblaca009 WHERE pensum='5' AND c_uni_ca='5' AND c_asigna='300101' [1][0] OK
C:[01/08/2014 14:44:10.96][190.205.1.99][1182] SELECT par_cod_asig1,par_cod_asig2,par_cod_asig3 FROM tblaca009 WHERE pensum='5' AND c_uni_ca='5' AND c_asigna='300112' [1][0] OK
C:[01/08/2014 14:44:10.23][190.205.1.99][1312] SELECT horas_lab FROM tblaca008 WHERE c_asigna='300101' AND horas_teoricas > 0 [1][0] OK
C:[01/08/2014 14:44:10.23][190.205.1.99][1312] SELECT horas_lab FROM tblaca008 WHERE c_asigna='300112' AND horas_teoricas > 0 [1][0] OK
C:[01/08/2014 14:44:20.64][186.94.51.161][1138] SELECT pre_cod_asig1,pre_cod_asig2,pre_cod_asig3,pre_cod_asig4,pre_cod_asig5,pre_cod_asig6,pre_cod_asig7 FROM tblaca009 WHERE pensum='5' AND c_uni_ca='4' AND c_asigna='300112' [1][0] OK
C:[01/08/2014 14:44:20.02][186.94.51.161][1182] SELECT par_cod_asig1,par_cod_asig2,par_cod_asig3 FROM tblaca009 WHERE pensum='5' AND c_uni_ca='4' AND c_asigna='300112' [1][0] OK
C:[01/08/2014 14:44:21.16][186.94.51.161][1312] SELECT horas_lab FROM tblaca008 WHERE c_asigna='300112' AND horas_teoricas > 0 [1][0] OK
C:[01/08/2014 14:44:22.63][190.74.169.130][1138] SELECT pre_cod_asig1,pre_cod_asig2,pre_cod_asig3,pre_cod_asig4,pre_cod_asig5,pre_cod_asig6,pre_cod_asig7 FROM tblaca009 WHERE pensum='5' AND c_uni_ca='4' AND c_asigna='300101' [1][0] OK
C:[01/08/2014 14:44:22.76][190.74.169.130][1182] SELECT par_cod_asig1,par_cod_asig2,par_cod_asig3 FROM tblaca009 WHERE pensum='5' AND c_uni_ca='4' AND c_asigna='300101' [1][0] OK
C:[01/08/2014 14:44:22.89][190.74.169.130][1312] SELECT horas_lab FROM tblaca008 WHERE c_asigna='300101' AND horas_teoricas > 0 [1][0] OK
C:[01/08/2014 14:44:34.48][190.206.79.139][1138] SELECT pre_cod_asig1,pre_cod_asig2,pre_cod_asig3,pre_cod_asig4,pre_cod_asig5,pre_cod_asig6,pre_cod_asig7 FROM tblaca009 WHERE pensum='5' AND c_uni_ca='3' AND c_asigna='311986' [1][0] OK
C:[01/08/2014 14:44:34.48][190.206.79.139][1151] SELECT c_asigna FROM dace004 WHERE exp_e='08-20224634' AND c_asigna='311825' AND status IN ('0','3','B','C') [1][0] OK
C:[01/08/2014 14:44:34.48][190.206.79.139][1138] SELECT pre_cod_asig1,pre_cod_asig2,pre_cod_asig3,pre_cod_asig4,pre_cod_asig5,pre_cod_asig6,pre_cod_asig7 FROM tblaca009 WHERE pensum='5' AND c_uni_ca='3' AND c_asigna='311100' [1][0] OK
C:[01/08/2014 14:44:34.11][190.206.79.139][1182] SELECT par_cod_asig1,par_cod_asig2,par_cod_asig3 FROM tblaca009 WHERE pensum='5' AND c_uni_ca='3' AND c_asigna='311986' [1][0] OK
C:[01/08/2014 14:44:34.11][190.206.79.139][1182] SELECT par_cod_asig1,par_cod_asig2,par_cod_asig3 FROM tblaca009 WHERE pensum='5' AND c_uni_ca='3' AND c_asigna='311100' [1][0] OK
C:[01/08/2014 14:44:34.37][190.206.79.139][1312] SELECT horas_lab FROM tblaca008 WHERE c_asigna='311986' AND horas_teoricas > 0 [1][0] OK
C:[01/08/2014 14:44:34.37][190.206.79.139][1312] SELECT horas_lab FROM tblaca008 WHERE c_asigna='311100' AND horas_teoricas > 0 [1][0] OK
C:[01/08/2014 14:45:08.73][186.94.93.27][1138] SELECT pre_cod_asig1,pre_cod_asig2,pre_cod_asig3,pre_cod_asig4,pre_cod_asig5,pre_cod_asig6,pre_cod_asig7 FROM tblaca009 WHERE pensum='5' AND c_uni_ca='6' AND c_asigna='344812' [1][0] OK
C:[01/08/2014 14:45:08.73][186.94.93.27][1151] SELECT c_asigna FROM dace004 WHERE exp_e='10-20807055' AND c_asigna='344715' AND status IN ('0','3','B','C') [1][0] OK
C:[01/08/2014 14:45:08.73][186.94.93.27][1151] SELECT c_asigna FROM dace004 WHERE exp_e='10-20807055' AND c_asigna='344742' AND status IN ('0','3','B','C') [1][0] OK
C:[01/08/2014 14:45:08.73][186.94.93.27][1138] SELECT pre_cod_asig1,pre_cod_asig2,pre_cod_asig3,pre_cod_asig4,pre_cod_asig5,pre_cod_asig6,pre_cod_asig7 FROM tblaca009 WHERE pensum='5' AND c_uni_ca='6' AND c_asigna='344834' [1][0] OK
C:[01/08/2014 14:45:08.73][186.94.93.27][1151] SELECT c_asigna FROM dace004 WHERE exp_e='10-20807055' AND c_asigna='344715' AND status IN ('0','3','B','C') [1][0] OK
C:[01/08/2014 14:45:08.73][186.94.93.27][1151] SELECT c_asigna FROM dace004 WHERE exp_e='10-20807055' AND c_asigna='344716' AND status IN ('0','3','B','C') [1][0] OK
C:[01/08/2014 14:45:08.73][186.94.93.27][1138] SELECT pre_cod_asig1,pre_cod_asig2,pre_cod_asig3,pre_cod_asig4,pre_cod_asig5,pre_cod_asig6,pre_cod_asig7 FROM tblaca009 WHERE pensum='5' AND c_uni_ca='6' AND c_asigna='344843' [1][0] OK
C:[01/08/2014 14:45:08.73][186.94.93.27][1151] SELECT c_asigna FROM dace004 WHERE exp_e='10-20807055' AND c_asigna='344714' AND status IN ('0','3','B','C') [1][0] OK
C:[01/08/2014 14:45:08.73][186.94.93.27][1151] SELECT c_asigna FROM dace004 WHERE exp_e='10-20807055' AND c_asigna='344715' AND status IN ('0','3','B','C') [1][0] OK
C:[01/08/2014 14:45:08.73][186.94.93.27][1151] SELECT c_asigna FROM dace004 WHERE exp_e='10-20807055' AND c_asigna='300313' AND status IN ('0','3','B','C') [1][0] OK
C:[01/08/2014 14:45:08.36][186.94.93.27][1182] SELECT par_cod_asig1,par_cod_asig2,par_cod_asig3 FROM tblaca009 WHERE pensum='5' AND c_uni_ca='6' AND c_asigna='344812' [1][0] OK
C:[01/08/2014 14:45:08.36][186.94.93.27][1182] SELECT par_cod_asig1,par_cod_asig2,par_cod_asig3 FROM tblaca009 WHERE pensum='5' AND c_uni_ca='6' AND c_asigna='344834' [1][0] OK
C:[01/08/2014 14:45:08.36][186.94.93.27][1182] SELECT par_cod_asig1,par_cod_asig2,par_cod_asig3 FROM tblaca009 WHERE pensum='5' AND c_uni_ca='6' AND c_asigna='344843' [1][0] OK
C:[01/08/2014 14:45:08.76][186.94.93.27][1312] SELECT horas_lab FROM tblaca008 WHERE c_asigna='344812' AND horas_teoricas > 0 [1][0] OK
C:[01/08/2014 14:45:08.76][186.94.93.27][1312] SELECT horas_lab FROM tblaca008 WHERE c_asigna='344834' AND horas_teoricas > 0 [1][0] OK
C:[01/08/2014 14:45:08.76][186.94.93.27][1312] SELECT horas_lab FROM tblaca008 WHERE c_asigna='344843' AND horas_teoricas > 0 [1][0] OK
C:[01/08/2014 14:45:28.22][190.36.27.169][1138] SELECT pre_cod_asig1,pre_cod_asig2,pre_cod_asig3,pre_cod_asig4,pre_cod_asig5,pre_cod_asig6,pre_cod_asig7 FROM tblaca009 WHERE pensum='5' AND c_uni_ca='3' AND c_asigna='300101' [1][0] OK
C:[01/08/2014 14:45:28.60][190.36.27.169][1182] SELECT par_cod_asig1,par_cod_asig2,par_cod_asig3 FROM tblaca009 WHERE pensum='5' AND c_uni_ca='3' AND c_asigna='300101' [1][0] OK
C:[01/08/2014 14:45:28.73][190.36.27.169][1312] SELECT horas_lab FROM tblaca008 WHERE c_asigna='300101' AND horas_teoricas > 0 [1][0] OK
C:[01/08/2014 14:46:40.62][190.204.193.239][1138] SELECT pre_cod_asig1,pre_cod_asig2,pre_cod_asig3,pre_cod_asig4,pre_cod_asig5,pre_cod_asig6,pre_cod_asig7 FROM tblaca009 WHERE pensum='5' AND c_uni_ca='3' AND c_asigna='300226' [1][0] OK
C:[01/08/2014 14:46:40.62][190.204.193.239][1151] SELECT c_asigna FROM dace004 WHERE exp_e='01-17039186' AND c_asigna='300116' AND status IN ('0','3','B','C') [1][0] OK
C:[01/08/2014 14:46:40.62][190.204.193.239][1138] SELECT pre_cod_asig1,pre_cod_asig2,pre_cod_asig3,pre_cod_asig4,pre_cod_asig5,pre_cod_asig6,pre_cod_asig7 FROM tblaca009 WHERE pensum='5' AND c_uni_ca='3' AND c_asigna='311100' [1][0] OK
C:[01/08/2014 14:46:40.62][190.204.193.239][1138] SELECT pre_cod_asig1,pre_cod_asig2,pre_cod_asig3,pre_cod_asig4,pre_cod_asig5,pre_cod_asig6,pre_cod_asig7 FROM tblaca009 WHERE pensum='5' AND c_uni_ca='3' AND c_asigna='311986' [1][0] OK
C:[01/08/2014 14:46:40.62][190.204.193.239][1151] SELECT c_asigna FROM dace004 WHERE exp_e='01-17039186' AND c_asigna='311825' AND status IN ('0','3','B','C') [1][0] OK
C:[01/08/2014 14:46:41.50][190.204.193.239][1182] SELECT par_cod_asig1,par_cod_asig2,par_cod_asig3 FROM tblaca009 WHERE pensum='5' AND c_uni_ca='3' AND c_asigna='300226' [1][0] OK
C:[01/08/2014 14:46:41.50][190.204.193.239][1182] SELECT par_cod_asig1,par_cod_asig2,par_cod_asig3 FROM tblaca009 WHERE pensum='5' AND c_uni_ca='3' AND c_asigna='311100' [1][0] OK
C:[01/08/2014 14:46:41.50][190.204.193.239][1182] SELECT par_cod_asig1,par_cod_asig2,par_cod_asig3 FROM tblaca009 WHERE pensum='5' AND c_uni_ca='3' AND c_asigna='311986' [1][0] OK
C:[01/08/2014 14:46:41.88][190.204.193.239][1312] SELECT horas_lab FROM tblaca008 WHERE c_asigna='300226' AND horas_teoricas > 0 [1][0] OK
C:[01/08/2014 14:46:41.88][190.204.193.239][1312] SELECT horas_lab FROM tblaca008 WHERE c_asigna='311100' AND horas_teoricas > 0 [1][0] OK
C:[01/08/2014 14:46:41.88][190.204.193.239][1312] SELECT horas_lab FROM tblaca008 WHERE c_asigna='311986' AND horas_teoricas > 0 [1][0] OK
C:[01/08/2014 14:48:09.35][186.90.125.28][1138] SELECT pre_cod_asig1,pre_cod_asig2,pre_cod_asig3,pre_cod_asig4,pre_cod_asig5,pre_cod_asig6,pre_cod_asig7 FROM tblaca009 WHERE pensum='5' AND c_uni_ca='4' AND c_asigna='300101' [1][0] OK
C:[01/08/2014 14:48:09.72][186.90.125.28][1182] SELECT par_cod_asig1,par_cod_asig2,par_cod_asig3 FROM tblaca009 WHERE pensum='5' AND c_uni_ca='4' AND c_asigna='300101' [1][0] OK
C:[01/08/2014 14:48:09.85][186.90.125.28][1312] SELECT horas_lab FROM tblaca008 WHERE c_asigna='300101' AND horas_teoricas > 0 [1][0] OK
C:[01/08/2014 14:48:40.90][190.77.241.174][1138] SELECT pre_cod_asig1,pre_cod_asig2,pre_cod_asig3,pre_cod_asig4,pre_cod_asig5,pre_cod_asig6,pre_cod_asig7 FROM tblaca009 WHERE pensum='5' AND c_uni_ca='2' AND c_asigna='300112' [1][0] OK
C:[01/08/2014 14:48:40.90][190.77.241.174][1138] SELECT pre_cod_asig1,pre_cod_asig2,pre_cod_asig3,pre_cod_asig4,pre_cod_asig5,pre_cod_asig6,pre_cod_asig7 FROM tblaca009 WHERE pensum='5' AND c_uni_ca='2' AND c_asigna='300101' [1][0] OK
C:[01/08/2014 14:48:40.31][190.77.241.174][1182] SELECT par_cod_asig1,par_cod_asig2,par_cod_asig3 FROM tblaca009 WHERE pensum='5' AND c_uni_ca='2' AND c_asigna='300112' [1][0] OK
C:[01/08/2014 14:48:40.31][190.77.241.174][1182] SELECT par_cod_asig1,par_cod_asig2,par_cod_asig3 FROM tblaca009 WHERE pensum='5' AND c_uni_ca='2' AND c_asigna='300101' [1][0] OK
C:[01/08/2014 14:48:40.58][190.77.241.174][1312] SELECT horas_lab FROM tblaca008 WHERE c_asigna='300112' AND horas_teoricas > 0 [1][0] OK
C:[01/08/2014 14:48:40.58][190.77.241.174][1312] SELECT horas_lab FROM tblaca008 WHERE c_asigna='300101' AND horas_teoricas > 0 [1][0] OK
C:[01/08/2014 14:49:12.95][190.36.21.86][1138] SELECT pre_cod_asig1,pre_cod_asig2,pre_cod_asig3,pre_cod_asig4,pre_cod_asig5,pre_cod_asig6,pre_cod_asig7 FROM tblaca009 WHERE pensum='5' AND c_uni_ca='4' AND c_asigna='300112' [1][0] OK
C:[01/08/2014 14:49:12.95][190.36.21.86][1138] SELECT pre_cod_asig1,pre_cod_asig2,pre_cod_asig3,pre_cod_asig4,pre_cod_asig5,pre_cod_asig6,pre_cod_asig7 FROM tblaca009 WHERE pensum='5' AND c_uni_ca='4' AND c_asigna='300101' [1][0] OK
C:[01/08/2014 14:49:12.44][190.36.21.86][1182] SELECT par_cod_asig1,par_cod_asig2,par_cod_asig3 FROM tblaca009 WHERE pensum='5' AND c_uni_ca='4' AND c_asigna='300112' [1][0] OK
C:[01/08/2014 14:49:12.44][190.36.21.86][1182] SELECT par_cod_asig1,par_cod_asig2,par_cod_asig3 FROM tblaca009 WHERE pensum='5' AND c_uni_ca='4' AND c_asigna='300101' [1][0] OK
C:[01/08/2014 14:49:12.71][190.36.21.86][1312] SELECT horas_lab FROM tblaca008 WHERE c_asigna='300112' AND horas_teoricas > 0 [1][0] OK
C:[01/08/2014 14:49:12.71][190.36.21.86][1312] SELECT horas_lab FROM tblaca008 WHERE c_asigna='300101' AND horas_teoricas > 0 [1][0] OK
C:[01/08/2014 14:49:24.79][200.82.180.31][1138] SELECT pre_cod_asig1,pre_cod_asig2,pre_cod_asig3,pre_cod_asig4,pre_cod_asig5,pre_cod_asig6,pre_cod_asig7 FROM tblaca009 WHERE pensum='5' AND c_uni_ca='5' AND c_asigna='355722' [1][0] OK
C:[01/08/2014 14:49:24.79][200.82.180.31][1151] SELECT c_asigna FROM dace004 WHERE exp_e='08-19871046' AND c_asigna='355691' AND status IN ('0','3','B','C') [1][0] OK
C:[01/08/2014 14:49:24.79][200.82.180.31][1151] SELECT c_asigna FROM dace004 WHERE exp_e='08-19871046' AND c_asigna='355595' AND status IN ('0','3','B','C') [1][0] OK
C:[01/08/2014 14:49:24.79][200.82.180.31][1138] SELECT pre_cod_asig1,pre_cod_asig2,pre_cod_asig3,pre_cod_asig4,pre_cod_asig5,pre_cod_asig6,pre_cod_asig7 FROM tblaca009 WHERE pensum='5' AND c_uni_ca='5' AND c_asigna='354852' [1][0] OK
C:[01/08/2014 14:49:24.54][200.82.180.31][1182] SELECT par_cod_asig1,par_cod_asig2,par_cod_asig3 FROM tblaca009 WHERE pensum='5' AND c_uni_ca='5' AND c_asigna='355722' [1][0] OK
C:[01/08/2014 14:49:24.54][200.82.180.31][1182] SELECT par_cod_asig1,par_cod_asig2,par_cod_asig3 FROM tblaca009 WHERE pensum='5' AND c_uni_ca='5' AND c_asigna='354852' [1][0] OK
C:[01/08/2014 14:49:24.80][200.82.180.31][1312] SELECT horas_lab FROM tblaca008 WHERE c_asigna='355722' AND horas_teoricas > 0 [1][0] OK
C:[01/08/2014 14:49:24.80][200.82.180.31][1312] SELECT horas_lab FROM tblaca008 WHERE c_asigna='354852' AND horas_teoricas > 0 [1][0] OK
C:[01/08/2014 14:50:11.11][190.206.79.139][1138] SELECT pre_cod_asig1,pre_cod_asig2,pre_cod_asig3,pre_cod_asig4,pre_cod_asig5,pre_cod_asig6,pre_cod_asig7 FROM tblaca009 WHERE pensum='5' AND c_uni_ca='3' AND c_asigna='311100' [1][0] OK
C:[01/08/2014 14:50:11.11][190.206.79.139][1138] SELECT pre_cod_asig1,pre_cod_asig2,pre_cod_asig3,pre_cod_asig4,pre_cod_asig5,pre_cod_asig6,pre_cod_asig7 FROM tblaca009 WHERE pensum='5' AND c_uni_ca='3' AND c_asigna='311986' [1][0] OK
C:[01/08/2014 14:50:11.11][190.206.79.139][1151] SELECT c_asigna FROM dace004 WHERE exp_e='09-21497289' AND c_asigna='311825' AND status IN ('0','3','B','C') [1][0] OK
C:[01/08/2014 14:50:11.74][190.206.79.139][1182] SELECT par_cod_asig1,par_cod_asig2,par_cod_asig3 FROM tblaca009 WHERE pensum='5' AND c_uni_ca='3' AND c_asigna='311100' [1][0] OK
C:[01/08/2014 14:50:11.74][190.206.79.139][1182] SELECT par_cod_asig1,par_cod_asig2,par_cod_asig3 FROM tblaca009 WHERE pensum='5' AND c_uni_ca='3' AND c_asigna='311986' [1][0] OK
C:[01/08/2014 14:50:11.00][190.206.79.139][1312] SELECT horas_lab FROM tblaca008 WHERE c_asigna='311100' AND horas_teoricas > 0 [1][0] OK
C:[01/08/2014 14:50:11.00][190.206.79.139][1312] SELECT horas_lab FROM tblaca008 WHERE c_asigna='311986' AND horas_teoricas > 0 [1][0] OK
C:[01/08/2014 14:50:57.28][190.204.193.239][1138] SELECT pre_cod_asig1,pre_cod_asig2,pre_cod_asig3,pre_cod_asig4,pre_cod_asig5,pre_cod_asig6,pre_cod_asig7 FROM tblaca009 WHERE pensum='5' AND c_uni_ca='3' AND c_asigna='311100' [1][0] OK
C:[01/08/2014 14:50:57.28][190.204.193.239][1138] SELECT pre_cod_asig1,pre_cod_asig2,pre_cod_asig3,pre_cod_asig4,pre_cod_asig5,pre_cod_asig6,pre_cod_asig7 FROM tblaca009 WHERE pensum='5' AND c_uni_ca='3' AND c_asigna='311986' [1][0] OK
C:[01/08/2014 14:50:57.28][190.204.193.239][1151] SELECT c_asigna FROM dace004 WHERE exp_e='01-17039186' AND c_asigna='311825' AND status IN ('0','3','B','C') [1][0] OK
C:[01/08/2014 14:50:57.91][190.204.193.239][1182] SELECT par_cod_asig1,par_cod_asig2,par_cod_asig3 FROM tblaca009 WHERE pensum='5' AND c_uni_ca='3' AND c_asigna='311100' [1][0] OK
C:[01/08/2014 14:50:57.91][190.204.193.239][1182] SELECT par_cod_asig1,par_cod_asig2,par_cod_asig3 FROM tblaca009 WHERE pensum='5' AND c_uni_ca='3' AND c_asigna='311986' [1][0] OK
C:[01/08/2014 14:50:57.17][190.204.193.239][1312] SELECT horas_lab FROM tblaca008 WHERE c_asigna='311100' AND horas_teoricas > 0 [1][0] OK
C:[01/08/2014 14:50:57.17][190.204.193.239][1312] SELECT horas_lab FROM tblaca008 WHERE c_asigna='311986' AND horas_teoricas > 0 [1][0] OK
C:[01/08/2014 14:50:58.78][186.90.220.131][1138] SELECT pre_cod_asig1,pre_cod_asig2,pre_cod_asig3,pre_cod_asig4,pre_cod_asig5,pre_cod_asig6,pre_cod_asig7 FROM tblaca009 WHERE pensum='5' AND c_uni_ca='2' AND c_asigna='322436' [1][0] OK
C:[01/08/2014 14:50:58.78][186.90.220.131][1151] SELECT c_asigna FROM dace004 WHERE exp_e='10-23590838' AND c_asigna='300317' AND status IN ('0','3','B','C') [1][0] OK
C:[01/08/2014 14:50:58.78][186.90.220.131][1151] SELECT c_asigna FROM dace004 WHERE exp_e='10-23590838' AND c_asigna='320311' AND status IN ('0','3','B','C') [1][0] OK
C:[01/08/2014 14:50:58.16][186.90.220.131][1182] SELECT par_cod_asig1,par_cod_asig2,par_cod_asig3 FROM tblaca009 WHERE pensum='5' AND c_uni_ca='2' AND c_asigna='322436' [1][0] OK
C:[01/08/2014 14:50:58.29][186.90.220.131][1312] SELECT horas_lab FROM tblaca008 WHERE c_asigna='322436' AND horas_teoricas > 0 [1][0] OK
C:[01/08/2014 14:51:07.19][190.199.65.99][1138] SELECT pre_cod_asig1,pre_cod_asig2,pre_cod_asig3,pre_cod_asig4,pre_cod_asig5,pre_cod_asig6,pre_cod_asig7 FROM tblaca009 WHERE pensum='5' AND c_uni_ca='2' AND c_asigna='322801' [1][0] OK
C:[01/08/2014 14:51:07.19][190.199.65.99][1151] SELECT c_asigna FROM dace004 WHERE exp_e='04-18452153' AND c_asigna='322780' AND status IN ('0','3','B','C') [1][0] OK
C:[01/08/2014 14:51:07.19][190.199.65.99][1151] SELECT c_asigna FROM dace004 WHERE exp_e='04-18452153' AND c_asigna='322605' AND status IN ('0','3','B','C') [1][0] OK
C:[01/08/2014 14:51:07.56][190.199.65.99][1182] SELECT par_cod_asig1,par_cod_asig2,par_cod_asig3 FROM tblaca009 WHERE pensum='5' AND c_uni_ca='2' AND c_asigna='322801' [1][0] OK
C:[01/08/2014 14:51:07.70][190.199.65.99][1312] SELECT horas_lab FROM tblaca008 WHERE c_asigna='322801' AND horas_teoricas > 0 [1][0] OK
C:[01/08/2014 14:51:46.60][190.201.166.178][1138] SELECT pre_cod_asig1,pre_cod_asig2,pre_cod_asig3,pre_cod_asig4,pre_cod_asig5,pre_cod_asig6,pre_cod_asig7 FROM tblaca009 WHERE pensum='5' AND c_uni_ca='3' AND c_asigna='310548' [1][0] OK
C:[01/08/2014 14:51:46.60][190.201.166.178][1151] SELECT c_asigna FROM dace004 WHERE exp_e='05-18248843' AND c_asigna='300428' AND status IN ('0','3','B','C') [1][0] OK
C:[01/08/2014 14:51:46.60][190.201.166.178][1151] SELECT c_asigna FROM dace004 WHERE exp_e='05-18248843' AND c_asigna='300313' AND status IN ('0','3','B','C') [1][0] OK
C:[01/08/2014 14:51:46.60][190.201.166.178][1151] SELECT c_asigna FROM dace004 WHERE exp_e='05-18248843' AND c_asigna='300222' AND status IN ('0','3','B','C') [1][0] OK
C:[01/08/2014 14:51:46.60][190.201.166.178][1151] SELECT c_asigna FROM dace004 WHERE exp_e='05-18248843' AND c_asigna='300226' AND status IN ('0','3','B','C') [1][0] OK
C:[01/08/2014 14:51:46.60][190.201.166.178][1151] SELECT c_asigna FROM dace004 WHERE exp_e='05-18248843' AND c_asigna='300209' AND status IN ('0','3','B','C') [1][0] OK
C:[01/08/2014 14:51:46.60][190.201.166.178][1138] SELECT pre_cod_asig1,pre_cod_asig2,pre_cod_asig3,pre_cod_asig4,pre_cod_asig5,pre_cod_asig6,pre_cod_asig7 FROM tblaca009 WHERE pensum='5' AND c_uni_ca='3' AND c_asigna='311673' [1][0] OK
C:[01/08/2014 14:51:46.60][190.201.166.178][1151] SELECT c_asigna FROM dace004 WHERE exp_e='05-18248843' AND c_asigna='311551' AND status IN ('0','3','B','C') [1][0] OK
C:[01/08/2014 14:51:46.60][190.201.166.178][1151] SELECT c_asigna FROM dace004 WHERE exp_e='05-18248843' AND c_asigna='311554' AND status IN ('0','3','B','C') [1][0] OK
C:[01/08/2014 14:51:46.60][190.201.166.178][1151] SELECT c_asigna FROM dace004 WHERE exp_e='05-18248843' AND c_asigna='311320' AND status IN ('0','3','B','C') [1][0] OK
C:[01/08/2014 14:51:46.66][190.201.166.178][1182] SELECT par_cod_asig1,par_cod_asig2,par_cod_asig3 FROM tblaca009 WHERE pensum='5' AND c_uni_ca='3' AND c_asigna='310548' [1][0] OK
C:[01/08/2014 14:51:46.66][190.201.166.178][1182] SELECT par_cod_asig1,par_cod_asig2,par_cod_asig3 FROM tblaca009 WHERE pensum='5' AND c_uni_ca='3' AND c_asigna='311673' [1][0] OK
C:[01/08/2014 14:51:46.93][190.201.166.178][1312] SELECT horas_lab FROM tblaca008 WHERE c_asigna='310548' AND horas_teoricas > 0 [1][0] OK
C:[01/08/2014 14:51:46.93][190.201.166.178][1312] SELECT horas_lab FROM tblaca008 WHERE c_asigna='311673' AND horas_teoricas > 0 [1][0] OK
C:[01/08/2014 14:52:57.87][186.94.51.161][1138] SELECT pre_cod_asig1,pre_cod_asig2,pre_cod_asig3,pre_cod_asig4,pre_cod_asig5,pre_cod_asig6,pre_cod_asig7 FROM tblaca009 WHERE pensum='5' AND c_uni_ca='6' AND c_asigna='300101' [1][0] OK
C:[01/08/2014 14:52:57.90][190.38.124.58][1138] SELECT pre_cod_asig1,pre_cod_asig2,pre_cod_asig3,pre_cod_asig4,pre_cod_asig5,pre_cod_asig6,pre_cod_asig7 FROM tblaca009 WHERE pensum='5' AND c_uni_ca='2' AND c_asigna='300209' [1][0] OK
C:[01/08/2014 14:52:57.25][186.94.51.161][1182] SELECT par_cod_asig1,par_cod_asig2,par_cod_asig3 FROM tblaca009 WHERE pensum='5' AND c_uni_ca='6' AND c_asigna='300101' [1][0] OK
C:[01/08/2014 14:52:57.90][190.38.124.58][1151] SELECT c_asigna FROM dace004 WHERE exp_e='12-22586987' AND c_asigna='300101' AND status IN ('0','3','B','C') [1][0] OK
C:[01/08/2014 14:52:58.40][186.94.51.161][1312] SELECT horas_lab FROM tblaca008 WHERE c_asigna='300101' AND horas_teoricas > 0 [1][0] OK
C:[01/08/2014 14:52:58.42][190.38.124.58][1182] SELECT par_cod_asig1,par_cod_asig2,par_cod_asig3 FROM tblaca009 WHERE pensum='5' AND c_uni_ca='2' AND c_asigna='300209' [1][0] OK
C:[01/08/2014 14:52:58.54][190.38.124.58][1312] SELECT horas_lab FROM tblaca008 WHERE c_asigna='300209' AND horas_teoricas > 0 [1][0] OK
C:[01/08/2014 14:53:06.71][190.37.122.184][1138] SELECT pre_cod_asig1,pre_cod_asig2,pre_cod_asig3,pre_cod_asig4,pre_cod_asig5,pre_cod_asig6,pre_cod_asig7 FROM tblaca009 WHERE pensum='5' AND c_uni_ca='5' AND c_asigna='300209' [1][0] OK
C:[01/08/2014 14:53:06.71][190.37.122.184][1151] SELECT c_asigna FROM dace004 WHERE exp_e='11-21247769' AND c_asigna='300101' AND status IN ('0','3','B','C') [1][0] OK
C:[01/08/2014 14:53:06.96][190.37.122.184][1182] SELECT par_cod_asig1,par_cod_asig2,par_cod_asig3 FROM tblaca009 WHERE pensum='5' AND c_uni_ca='5' AND c_asigna='300209' [1][0] OK
C:[01/08/2014 14:53:06.10][190.37.122.184][1312] SELECT horas_lab FROM tblaca008 WHERE c_asigna='300209' AND horas_teoricas > 0 [1][0] OK
C:[01/08/2014 14:53:16.26][186.90.189.22][1138] SELECT pre_cod_asig1,pre_cod_asig2,pre_cod_asig3,pre_cod_asig4,pre_cod_asig5,pre_cod_asig6,pre_cod_asig7 FROM tblaca009 WHERE pensum='5' AND c_uni_ca='4' AND c_asigna='300213' [1][0] OK
C:[01/08/2014 14:53:16.26][186.90.189.22][1151] SELECT c_asigna FROM dace004 WHERE exp_e='12-26359388' AND c_asigna='300101' AND status IN ('0','3','B','C') [1][0] OK
C:[01/08/2014 14:53:17.82][186.90.189.22][1182] SELECT par_cod_asig1,par_cod_asig2,par_cod_asig3 FROM tblaca009 WHERE pensum='5' AND c_uni_ca='4' AND c_asigna='300213' [1][0] OK
C:[01/08/2014 14:53:17.82][186.90.189.22][1196] SELECT c_asigna FROM dace004 WHERE exp_e='12-26359388' AND c_asigna='300209' AND status IN ('0','3','B','C') [1][0] OK
C:[01/08/2014 14:53:17.03][186.90.189.22][1312] SELECT horas_lab FROM tblaca008 WHERE c_asigna='300213' AND horas_teoricas > 0 [1][0] OK
C:[01/08/2014 14:53:20.19][186.90.220.131][1138] SELECT pre_cod_asig1,pre_cod_asig2,pre_cod_asig3,pre_cod_asig4,pre_cod_asig5,pre_cod_asig6,pre_cod_asig7 FROM tblaca009 WHERE pensum='5' AND c_uni_ca='2' AND c_asigna='322436' [1][0] OK
C:[01/08/2014 14:53:20.19][186.90.220.131][1151] SELECT c_asigna FROM dace004 WHERE exp_e='10-23590838' AND c_asigna='300317' AND status IN ('0','3','B','C') [1][0] OK
C:[01/08/2014 14:53:20.19][186.90.220.131][1151] SELECT c_asigna FROM dace004 WHERE exp_e='10-23590838' AND c_asigna='320311' AND status IN ('0','3','B','C') [1][0] OK
C:[01/08/2014 14:53:20.57][186.90.220.131][1182] SELECT par_cod_asig1,par_cod_asig2,par_cod_asig3 FROM tblaca009 WHERE pensum='5' AND c_uni_ca='2' AND c_asigna='322436' [1][0] OK
C:[01/08/2014 14:53:20.69][186.90.220.131][1312] SELECT horas_lab FROM tblaca008 WHERE c_asigna='322436' AND horas_teoricas > 0 [1][0] OK
C:[01/08/2014 14:53:27.98][190.37.104.178][1138] SELECT pre_cod_asig1,pre_cod_asig2,pre_cod_asig3,pre_cod_asig4,pre_cod_asig5,pre_cod_asig6,pre_cod_asig7 FROM tblaca009 WHERE pensum='5' AND c_uni_ca='5' AND c_asigna='300013' [1][0] OK
C:[01/08/2014 14:53:27.35][190.37.104.178][1182] SELECT par_cod_asig1,par_cod_asig2,par_cod_asig3 FROM tblaca009 WHERE pensum='5' AND c_uni_ca='5' AND c_asigna='300013' [1][0] OK
C:[01/08/2014 14:53:27.49][190.37.104.178][1312] SELECT horas_lab FROM tblaca008 WHERE c_asigna='300013' AND horas_teoricas > 0 [1][0] OK
C:[01/08/2014 14:53:49.40][201.242.58.172][1138] SELECT pre_cod_asig1,pre_cod_asig2,pre_cod_asig3,pre_cod_asig4,pre_cod_asig5,pre_cod_asig6,pre_cod_asig7 FROM tblaca009 WHERE pensum='5' AND c_uni_ca='4' AND c_asigna='300209' [1][0] OK
C:[01/08/2014 14:53:49.40][201.242.58.172][1151] SELECT c_asigna FROM dace004 WHERE exp_e='08-21249304' AND c_asigna='300101' AND status IN ('0','3','B','C') [1][0] OK
C:[01/08/2014 14:53:49.91][201.242.58.172][1182] SELECT par_cod_asig1,par_cod_asig2,par_cod_asig3 FROM tblaca009 WHERE pensum='5' AND c_uni_ca='4' AND c_asigna='300209' [1][0] OK
C:[01/08/2014 14:53:49.03][201.242.58.172][1312] SELECT horas_lab FROM tblaca008 WHERE c_asigna='300209' AND horas_teoricas > 0 [1][0] OK
C:[01/08/2014 14:54:32.42][190.37.122.184][1138] SELECT pre_cod_asig1,pre_cod_asig2,pre_cod_asig3,pre_cod_asig4,pre_cod_asig5,pre_cod_asig6,pre_cod_asig7 FROM tblaca009 WHERE pensum='5' AND c_uni_ca='5' AND c_asigna='300209' [1][0] OK
C:[01/08/2014 14:54:32.42][190.37.122.184][1151] SELECT c_asigna FROM dace004 WHERE exp_e='11-21247769' AND c_asigna='300101' AND status IN ('0','3','B','C') [1][0] OK
C:[01/08/2014 14:54:32.93][190.37.122.184][1182] SELECT par_cod_asig1,par_cod_asig2,par_cod_asig3 FROM tblaca009 WHERE pensum='5' AND c_uni_ca='5' AND c_asigna='300209' [1][0] OK
C:[01/08/2014 14:54:32.06][190.37.122.184][1312] SELECT horas_lab FROM tblaca008 WHERE c_asigna='300209' AND horas_teoricas > 0 [1][0] OK
C:[01/08/2014 14:55:07.96][190.202.86.250][1138] SELECT pre_cod_asig1,pre_cod_asig2,pre_cod_asig3,pre_cod_asig4,pre_cod_asig5,pre_cod_asig6,pre_cod_asig7 FROM tblaca009 WHERE pensum='5' AND c_uni_ca='6' AND c_asigna='344046' [1][0] OK
C:[01/08/2014 14:55:07.96][190.202.86.250][1151] SELECT c_asigna FROM dace004 WHERE exp_e='06-18248173' AND c_asigna='344834' AND status IN ('0','3','B','C') [1][0] OK
C:[01/08/2014 14:55:07.96][190.202.86.250][1151] SELECT c_asigna FROM dace004 WHERE exp_e='06-18248173' AND c_asigna='344732' AND status IN ('0','3','B','C') [1][0] OK
C:[01/08/2014 14:55:07.57][190.202.86.250][1182] SELECT par_cod_asig1,par_cod_asig2,par_cod_asig3 FROM tblaca009 WHERE pensum='5' AND c_uni_ca='6' AND c_asigna='344046' [1][0] OK
C:[01/08/2014 14:55:07.71][190.202.86.250][1312] SELECT horas_lab FROM tblaca008 WHERE c_asigna='344046' AND horas_teoricas > 0 [1][0] OK
C:[01/08/2014 14:55:17.55][186.90.220.131][1138] SELECT pre_cod_asig1,pre_cod_asig2,pre_cod_asig3,pre_cod_asig4,pre_cod_asig5,pre_cod_asig6,pre_cod_asig7 FROM tblaca009 WHERE pensum='5' AND c_uni_ca='2' AND c_asigna='322436' [1][0] OK
C:[01/08/2014 14:55:17.55][186.90.220.131][1151] SELECT c_asigna FROM dace004 WHERE exp_e='10-23590838' AND c_asigna='300317' AND status IN ('0','3','B','C') [1][0] OK
C:[01/08/2014 14:55:17.55][186.90.220.131][1151] SELECT c_asigna FROM dace004 WHERE exp_e='10-23590838' AND c_asigna='320311' AND status IN ('0','3','B','C') [1][0] OK
C:[01/08/2014 14:55:18.93][186.90.220.131][1182] SELECT par_cod_asig1,par_cod_asig2,par_cod_asig3 FROM tblaca009 WHERE pensum='5' AND c_uni_ca='2' AND c_asigna='322436' [1][0] OK
C:[01/08/2014 14:55:18.07][186.90.220.131][1312] SELECT horas_lab FROM tblaca008 WHERE c_asigna='322436' AND horas_teoricas > 0 [1][0] OK
C:[01/08/2014 14:55:45.16][186.94.51.161][1138] SELECT pre_cod_asig1,pre_cod_asig2,pre_cod_asig3,pre_cod_asig4,pre_cod_asig5,pre_cod_asig6,pre_cod_asig7 FROM tblaca009 WHERE pensum='5' AND c_uni_ca='2' AND c_asigna='300101' [1][0] OK
C:[01/08/2014 14:55:45.54][186.94.51.161][1182] SELECT par_cod_asig1,par_cod_asig2,par_cod_asig3 FROM tblaca009 WHERE pensum='5' AND c_uni_ca='2' AND c_asigna='300101' [1][0] OK
C:[01/08/2014 14:55:45.68][186.94.51.161][1312] SELECT horas_lab FROM tblaca008 WHERE c_asigna='300101' AND horas_teoricas > 0 [1][0] OK
C:[01/08/2014 14:56:26.17][190.36.18.207][1138] SELECT pre_cod_asig1,pre_cod_asig2,pre_cod_asig3,pre_cod_asig4,pre_cod_asig5,pre_cod_asig6,pre_cod_asig7 FROM tblaca009 WHERE pensum='5' AND c_uni_ca='4' AND c_asigna='300228' [1][0] OK
C:[01/08/2014 14:56:26.17][190.36.18.207][1151] SELECT c_asigna FROM dace004 WHERE exp_e='12-24183487' AND c_asigna='300101' AND status IN ('0','3','B','C') [1][0] OK
C:[01/08/2014 14:56:26.24][190.36.18.207][1182] SELECT par_cod_asig1,par_cod_asig2,par_cod_asig3 FROM tblaca009 WHERE pensum='5' AND c_uni_ca='4' AND c_asigna='300228' [1][0] OK
C:[01/08/2014 14:56:26.37][190.36.18.207][1312] SELECT horas_lab FROM tblaca008 WHERE c_asigna='300228' AND horas_teoricas > 0 [1][0] OK
C:[01/08/2014 14:56:32.07][190.36.21.86][1138] SELECT pre_cod_asig1,pre_cod_asig2,pre_cod_asig3,pre_cod_asig4,pre_cod_asig5,pre_cod_asig6,pre_cod_asig7 FROM tblaca009 WHERE pensum='5' AND c_uni_ca='4' AND c_asigna='300112' [1][0] OK
C:[01/08/2014 14:56:32.07][190.36.21.86][1138] SELECT pre_cod_asig1,pre_cod_asig2,pre_cod_asig3,pre_cod_asig4,pre_cod_asig5,pre_cod_asig6,pre_cod_asig7 FROM tblaca009 WHERE pensum='5' AND c_uni_ca='4' AND c_asigna='300101' [1][0] OK
C:[01/08/2014 14:56:32.32][190.36.21.86][1182] SELECT par_cod_asig1,par_cod_asig2,par_cod_asig3 FROM tblaca009 WHERE pensum='5' AND c_uni_ca='4' AND c_asigna='300112' [1][0] OK
C:[01/08/2014 14:56:32.32][190.36.21.86][1182] SELECT par_cod_asig1,par_cod_asig2,par_cod_asig3 FROM tblaca009 WHERE pensum='5' AND c_uni_ca='4' AND c_asigna='300101' [1][0] OK
C:[01/08/2014 14:56:32.58][190.36.21.86][1312] SELECT horas_lab FROM tblaca008 WHERE c_asigna='300112' AND horas_teoricas > 0 [1][0] OK
C:[01/08/2014 14:56:32.58][190.36.21.86][1312] SELECT horas_lab FROM tblaca008 WHERE c_asigna='300101' AND horas_teoricas > 0 [1][0] OK
C:[01/08/2014 14:56:34.71][186.94.51.161][1138] SELECT pre_cod_asig1,pre_cod_asig2,pre_cod_asig3,pre_cod_asig4,pre_cod_asig5,pre_cod_asig6,pre_cod_asig7 FROM tblaca009 WHERE pensum='5' AND c_uni_ca='2' AND c_asigna='300209' [1][0] OK
C:[01/08/2014 14:56:34.71][186.94.51.161][1151] SELECT c_asigna FROM dace004 WHERE exp_e='12-22586987' AND c_asigna='300101' AND status IN ('0','3','B','C') [1][0] OK
C:[01/08/2014 14:56:34.96][186.94.51.161][1182] SELECT par_cod_asig1,par_cod_asig2,par_cod_asig3 FROM tblaca009 WHERE pensum='5' AND c_uni_ca='2' AND c_asigna='300209' [1][0] OK
C:[01/08/2014 14:56:34.09][186.94.51.161][1312] SELECT horas_lab FROM tblaca008 WHERE c_asigna='300209' AND horas_teoricas > 0 [1][0] OK
C:[01/08/2014 14:56:41.72][190.206.39.141][1138] SELECT pre_cod_asig1,pre_cod_asig2,pre_cod_asig3,pre_cod_asig4,pre_cod_asig5,pre_cod_asig6,pre_cod_asig7 FROM tblaca009 WHERE pensum='5' AND c_uni_ca='5' AND c_asigna='300113' [1][0] OK
C:[01/08/2014 14:56:41.09][190.206.39.141][1182] SELECT par_cod_asig1,par_cod_asig2,par_cod_asig3 FROM tblaca009 WHERE pensum='5' AND c_uni_ca='5' AND c_asigna='300113' [1][0] OK
C:[01/08/2014 14:56:41.09][190.206.39.141][1196] SELECT c_asigna FROM dace004 WHERE exp_e='12-24863898' AND c_asigna='300013' AND status IN ('0','3','B','C') [1][0] OK
C:[01/08/2014 14:56:41.35][190.206.39.141][1312] SELECT horas_lab FROM tblaca008 WHERE c_asigna='300113' AND horas_teoricas > 0 [0][0] OK
C:[01/08/2014 14:56:48.82][190.36.27.169][1138] SELECT pre_cod_asig1,pre_cod_asig2,pre_cod_asig3,pre_cod_asig4,pre_cod_asig5,pre_cod_asig6,pre_cod_asig7 FROM tblaca009 WHERE pensum='5' AND c_uni_ca='3' AND c_asigna='300101' [1][0] OK
C:[01/08/2014 14:56:48.94][190.36.27.169][1182] SELECT par_cod_asig1,par_cod_asig2,par_cod_asig3 FROM tblaca009 WHERE pensum='5' AND c_uni_ca='3' AND c_asigna='300101' [1][0] OK
C:[01/08/2014 14:56:48.08][190.36.27.169][1312] SELECT horas_lab FROM tblaca008 WHERE c_asigna='300101' AND horas_teoricas > 0 [1][0] OK
C:[01/08/2014 14:57:08.59][186.94.51.161][1138] SELECT pre_cod_asig1,pre_cod_asig2,pre_cod_asig3,pre_cod_asig4,pre_cod_asig5,pre_cod_asig6,pre_cod_asig7 FROM tblaca009 WHERE pensum='5' AND c_uni_ca='6' AND c_asigna='342444' [1][0] OK
C:[01/08/2014 14:57:08.59][186.94.51.161][1151] SELECT c_asigna FROM dace004 WHERE exp_e='07-19786113' AND c_asigna='340323' AND status IN ('0','3','B','C') [1][0] OK
C:[01/08/2014 14:57:08.59][186.94.51.161][1138] SELECT pre_cod_asig1,pre_cod_asig2,pre_cod_asig3,pre_cod_asig4,pre_cod_asig5,pre_cod_asig6,pre_cod_asig7 FROM tblaca009 WHERE pensum='5' AND c_uni_ca='6' AND c_asigna='344687' [1][0] OK
C:[01/08/2014 14:57:08.59][186.94.51.161][1151] SELECT c_asigna FROM dace004 WHERE exp_e='07-19786113' AND c_asigna='344565' AND status IN ('0','3','B','C') [1][0] OK
C:[01/08/2014 14:57:08.35][186.94.51.161][1182] SELECT par_cod_asig1,par_cod_asig2,par_cod_asig3 FROM tblaca009 WHERE pensum='5' AND c_uni_ca='6' AND c_asigna='342444' [1][0] OK
C:[01/08/2014 14:57:08.35][186.94.51.161][1182] SELECT par_cod_asig1,par_cod_asig2,par_cod_asig3 FROM tblaca009 WHERE pensum='5' AND c_uni_ca='6' AND c_asigna='344687' [1][0] OK
C:[01/08/2014 14:57:08.61][186.94.51.161][1312] SELECT horas_lab FROM tblaca008 WHERE c_asigna='342444' AND horas_teoricas > 0 [1][0] OK
C:[01/08/2014 14:57:08.61][186.94.51.161][1312] SELECT horas_lab FROM tblaca008 WHERE c_asigna='344687' AND horas_teoricas > 0 [1][0] OK
C:[01/08/2014 14:57:14.88][66.249.88.57][1138] SELECT pre_cod_asig1,pre_cod_asig2,pre_cod_asig3,pre_cod_asig4,pre_cod_asig5,pre_cod_asig6,pre_cod_asig7 FROM tblaca009 WHERE pensum='5' AND c_uni_ca='4' AND c_asigna='333639' [1][0] OK
C:[01/08/2014 14:57:14.88][66.249.88.57][1151] SELECT c_asigna FROM dace004 WHERE exp_e='06-18666838' AND c_asigna='333585' AND status IN ('0','3','B','C') [1][0] OK
C:[01/08/2014 14:57:14.12][66.249.88.57][1182] SELECT par_cod_asig1,par_cod_asig2,par_cod_asig3 FROM tblaca009 WHERE pensum='5' AND c_uni_ca='4' AND c_asigna='333639' [1][0] OK
C:[01/08/2014 14:57:14.26][66.249.88.57][1312] SELECT horas_lab FROM tblaca008 WHERE c_asigna='333639' AND horas_teoricas > 0 [1][0] OK
C:[01/08/2014 14:57:15.99][186.90.56.96][1138] SELECT pre_cod_asig1,pre_cod_asig2,pre_cod_asig3,pre_cod_asig4,pre_cod_asig5,pre_cod_asig6,pre_cod_asig7 FROM tblaca009 WHERE pensum='5' AND c_uni_ca='6' AND c_asigna='300101' [1][0] OK
C:[01/08/2014 14:57:15.99][186.90.56.96][1138] SELECT pre_cod_asig1,pre_cod_asig2,pre_cod_asig3,pre_cod_asig4,pre_cod_asig5,pre_cod_asig6,pre_cod_asig7 FROM tblaca009 WHERE pensum='5' AND c_uni_ca='6' AND c_asigna='300112' [1][0] OK
C:[01/08/2014 14:57:15.24][186.90.56.96][1182] SELECT par_cod_asig1,par_cod_asig2,par_cod_asig3 FROM tblaca009 WHERE pensum='5' AND c_uni_ca='6' AND c_asigna='300101' [1][0] OK
C:[01/08/2014 14:57:15.24][186.90.56.96][1182] SELECT par_cod_asig1,par_cod_asig2,par_cod_asig3 FROM tblaca009 WHERE pensum='5' AND c_uni_ca='6' AND c_asigna='300112' [1][0] OK
C:[01/08/2014 14:57:16.50][186.90.56.96][1312] SELECT horas_lab FROM tblaca008 WHERE c_asigna='300101' AND horas_teoricas > 0 [1][0] OK
C:[01/08/2014 14:57:16.50][186.90.56.96][1312] SELECT horas_lab FROM tblaca008 WHERE c_asigna='300112' AND horas_teoricas > 0 [1][0] OK
C:[01/08/2014 14:57:29.59][186.94.51.161][1138] SELECT pre_cod_asig1,pre_cod_asig2,pre_cod_asig3,pre_cod_asig4,pre_cod_asig5,pre_cod_asig6,pre_cod_asig7 FROM tblaca009 WHERE pensum='5' AND c_uni_ca='5' AND c_asigna='355691' [1][0] OK
C:[01/08/2014 14:57:29.59][186.94.51.161][1151] SELECT c_asigna FROM dace004 WHERE exp_e='09-21251005' AND c_asigna='355571' AND status IN ('0','3','B','C') [1][0] OK
C:[01/08/2014 14:57:29.59][186.94.51.161][1138] SELECT pre_cod_asig1,pre_cod_asig2,pre_cod_asig3,pre_cod_asig4,pre_cod_asig5,pre_cod_asig6,pre_cod_asig7 FROM tblaca009 WHERE pensum='5' AND c_uni_ca='5' AND c_asigna='355692' [1][0] OK
C:[01/08/2014 14:57:29.59][186.94.51.161][1151] SELECT c_asigna FROM dace004 WHERE exp_e='09-21251005' AND c_asigna='355448' AND status IN ('0','3','B','C') [1][0] OK
C:[01/08/2014 14:57:29.59][186.94.51.161][1151] SELECT c_asigna FROM dace004 WHERE exp_e='09-21251005' AND c_asigna='355570' AND status IN ('0','3','B','C') [1][0] OK
C:[01/08/2014 14:57:29.59][186.94.51.161][1138] SELECT pre_cod_asig1,pre_cod_asig2,pre_cod_asig3,pre_cod_asig4,pre_cod_asig5,pre_cod_asig6,pre_cod_asig7 FROM tblaca009 WHERE pensum='5' AND c_uni_ca='5' AND c_asigna='355696' [1][0] OK
C:[01/08/2014 14:57:29.59][186.94.51.161][1151] SELECT c_asigna FROM dace004 WHERE exp_e='09-21251005' AND c_asigna='355570' AND status IN ('0','3','B','C') [1][0] OK
C:[01/08/2014 14:57:29.59][186.94.51.161][1151] SELECT c_asigna FROM dace004 WHERE exp_e='09-21251005' AND c_asigna='355571' AND status IN ('0','3','B','C') [1][0] OK
C:[01/08/2014 14:57:30.84][186.94.51.161][1182] SELECT par_cod_asig1,par_cod_asig2,par_cod_asig3 FROM tblaca009 WHERE pensum='5' AND c_uni_ca='5' AND c_asigna='355691' [1][0] OK
C:[01/08/2014 14:57:30.84][186.94.51.161][1182] SELECT par_cod_asig1,par_cod_asig2,par_cod_asig3 FROM tblaca009 WHERE pensum='5' AND c_uni_ca='5' AND c_asigna='355692' [1][0] OK
C:[01/08/2014 14:57:30.84][186.94.51.161][1182] SELECT par_cod_asig1,par_cod_asig2,par_cod_asig3 FROM tblaca009 WHERE pensum='5' AND c_uni_ca='5' AND c_asigna='355696' [1][0] OK
C:[01/08/2014 14:57:30.24][186.94.51.161][1312] SELECT horas_lab FROM tblaca008 WHERE c_asigna='355691' AND horas_teoricas > 0 [1][0] OK
C:[01/08/2014 14:57:30.24][186.94.51.161][1312] SELECT horas_lab FROM tblaca008 WHERE c_asigna='355692' AND horas_teoricas > 0 [1][0] OK
C:[01/08/2014 14:57:30.24][186.94.51.161][1312] SELECT horas_lab FROM tblaca008 WHERE c_asigna='355696' AND horas_teoricas > 0 [1][0] OK
C:[01/08/2014 14:57:36.42][186.94.51.161][1138] SELECT pre_cod_asig1,pre_cod_asig2,pre_cod_asig3,pre_cod_asig4,pre_cod_asig5,pre_cod_asig6,pre_cod_asig7 FROM tblaca009 WHERE pensum='5' AND c_uni_ca='4' AND c_asigna='300317' [1][0] OK
C:[01/08/2014 14:57:36.42][186.94.51.161][1151] SELECT c_asigna FROM dace004 WHERE exp_e='12-17750236' AND c_asigna='300207' AND status IN ('0','3','B','C') [1][0] OK
C:[01/08/2014 14:57:36.42][186.94.51.161][1151] SELECT c_asigna FROM dace004 WHERE exp_e='12-17750236' AND c_asigna='300209' AND status IN ('0','3','B','C') [1][0] OK
C:[01/08/2014 14:57:36.79][186.94.51.161][1182] SELECT par_cod_asig1,par_cod_asig2,par_cod_asig3 FROM tblaca009 WHERE pensum='5' AND c_uni_ca='4' AND c_asigna='300317' [1][0] OK
C:[01/08/2014 14:57:36.94][186.94.51.161][1312] SELECT horas_lab FROM tblaca008 WHERE c_asigna='300317' AND horas_teoricas > 0 [1][0] OK
C:[01/08/2014 14:57:45.17][181.19.119.237][1138] SELECT pre_cod_asig1,pre_cod_asig2,pre_cod_asig3,pre_cod_asig4,pre_cod_asig5,pre_cod_asig6,pre_cod_asig7 FROM tblaca009 WHERE pensum='5' AND c_uni_ca='4' AND c_asigna='333639' [1][0] OK
C:[01/08/2014 14:57:45.17][181.19.119.237][1151] SELECT c_asigna FROM dace004 WHERE exp_e='10-24039174' AND c_asigna='333585' AND status IN ('0','3','B','C') [1][0] OK
C:[01/08/2014 14:57:45.17][181.19.119.237][1138] SELECT pre_cod_asig1,pre_cod_asig2,pre_cod_asig3,pre_cod_asig4,pre_cod_asig5,pre_cod_asig6,pre_cod_asig7 FROM tblaca009 WHERE pensum='5' AND c_uni_ca='4' AND c_asigna='333782' [1][0] OK
C:[01/08/2014 14:57:45.17][181.19.119.237][1151] SELECT c_asigna FROM dace004 WHERE exp_e='10-24039174' AND c_asigna='333606' AND status IN ('0','3','B','C') [1][0] OK
C:[01/08/2014 14:57:45.17][181.19.119.237][1138] SELECT pre_cod_asig1,pre_cod_asig2,pre_cod_asig3,pre_cod_asig4,pre_cod_asig5,pre_cod_asig6,pre_cod_asig7 FROM tblaca009 WHERE pensum='5' AND c_uni_ca='4' AND c_asigna='333710' [1][0] OK
C:[01/08/2014 14:57:45.17][181.19.119.237][1151] SELECT c_asigna FROM dace004 WHERE exp_e='10-24039174' AND c_asigna='333683' AND status IN ('0','3','B','C') [1][0] OK
C:[01/08/2014 14:57:45.17][181.19.119.237][1151] SELECT c_asigna FROM dace004 WHERE exp_e='10-24039174' AND c_asigna='333606' AND status IN ('0','3','B','C') [1][0] OK
C:[01/08/2014 14:57:46.30][181.19.119.237][1182] SELECT par_cod_asig1,par_cod_asig2,par_cod_asig3 FROM tblaca009 WHERE pensum='5' AND c_uni_ca='4' AND c_asigna='333639' [1][0] OK
C:[01/08/2014 14:57:46.30][181.19.119.237][1182] SELECT par_cod_asig1,par_cod_asig2,par_cod_asig3 FROM tblaca009 WHERE pensum='5' AND c_uni_ca='4' AND c_asigna='333782' [1][0] OK
C:[01/08/2014 14:57:46.30][181.19.119.237][1182] SELECT par_cod_asig1,par_cod_asig2,par_cod_asig3 FROM tblaca009 WHERE pensum='5' AND c_uni_ca='4' AND c_asigna='333710' [1][0] OK
C:[01/08/2014 14:57:46.30][181.19.119.237][1196] SELECT c_asigna FROM dace004 WHERE exp_e='10-24039174' AND c_asigna='333782' AND status IN ('0','3','B','C') [0][0] OK
C:[01/08/2014 14:57:46.81][181.19.119.237][1312] SELECT horas_lab FROM tblaca008 WHERE c_asigna='333639' AND horas_teoricas > 0 [1][0] OK
C:[01/08/2014 14:57:46.81][181.19.119.237][1312] SELECT horas_lab FROM tblaca008 WHERE c_asigna='333782' AND horas_teoricas > 0 [1][0] OK
C:[01/08/2014 14:57:46.81][181.19.119.237][1312] SELECT horas_lab FROM tblaca008 WHERE c_asigna='333710' AND horas_teoricas > 0 [1][0] OK
C:[01/08/2014 14:57:55.22][190.37.122.184][1138] SELECT pre_cod_asig1,pre_cod_asig2,pre_cod_asig3,pre_cod_asig4,pre_cod_asig5,pre_cod_asig6,pre_cod_asig7 FROM tblaca009 WHERE pensum='5' AND c_uni_ca='5' AND c_asigna='300209' [1][0] OK
C:[01/08/2014 14:57:55.22][190.37.122.184][1151] SELECT c_asigna FROM dace004 WHERE exp_e='11-21247769' AND c_asigna='300101' AND status IN ('0','3','B','C') [1][0] OK
C:[01/08/2014 14:57:55.46][190.37.122.184][1182] SELECT par_cod_asig1,par_cod_asig2,par_cod_asig3 FROM tblaca009 WHERE pensum='5' AND c_uni_ca='5' AND c_asigna='300209' [1][0] OK
C:[01/08/2014 14:57:55.61][190.37.122.184][1312] SELECT horas_lab FROM tblaca008 WHERE c_asigna='300209' AND horas_teoricas > 0 [1][0] OK
C:[01/08/2014 14:58:10.59][186.94.86.123][1138] SELECT pre_cod_asig1,pre_cod_asig2,pre_cod_asig3,pre_cod_asig4,pre_cod_asig5,pre_cod_asig6,pre_cod_asig7 FROM tblaca009 WHERE pensum='5' AND c_uni_ca='5' AND c_asigna='300112' [1][0] OK
C:[01/08/2014 14:58:10.59][186.94.86.123][1138] SELECT pre_cod_asig1,pre_cod_asig2,pre_cod_asig3,pre_cod_asig4,pre_cod_asig5,pre_cod_asig6,pre_cod_asig7 FROM tblaca009 WHERE pensum='5' AND c_uni_ca='5' AND c_asigna='300209' [1][0] OK
C:[01/08/2014 14:58:10.59][186.94.86.123][1151] SELECT c_asigna FROM dace004 WHERE exp_e='13-26048174' AND c_asigna='300101' AND status IN ('0','3','B','C') [1][0] OK
C:[01/08/2014 14:58:10.21][186.94.86.123][1182] SELECT par_cod_asig1,par_cod_asig2,par_cod_asig3 FROM tblaca009 WHERE pensum='5' AND c_uni_ca='5' AND c_asigna='300112' [1][0] OK
C:[01/08/2014 14:58:10.21][186.94.86.123][1182] SELECT par_cod_asig1,par_cod_asig2,par_cod_asig3 FROM tblaca009 WHERE pensum='5' AND c_uni_ca='5' AND c_asigna='300209' [1][0] OK
C:[01/08/2014 14:58:10.47][186.94.86.123][1312] SELECT horas_lab FROM tblaca008 WHERE c_asigna='300112' AND horas_teoricas > 0 [1][0] OK
C:[01/08/2014 14:58:10.47][186.94.86.123][1312] SELECT horas_lab FROM tblaca008 WHERE c_asigna='300209' AND horas_teoricas > 0 [1][0] OK
C:[01/08/2014 14:58:37.76][186.94.51.161][1138] SELECT pre_cod_asig1,pre_cod_asig2,pre_cod_asig3,pre_cod_asig4,pre_cod_asig5,pre_cod_asig6,pre_cod_asig7 FROM tblaca009 WHERE pensum='5' AND c_uni_ca='3' AND c_asigna='311430' [1][0] OK
C:[01/08/2014 14:58:37.76][186.94.51.161][1151] SELECT c_asigna FROM dace004 WHERE exp_e='10-19905035' AND c_asigna='300317' AND status IN ('0','3','B','C') [1][0] OK
C:[01/08/2014 14:58:37.76][186.94.51.161][1151] SELECT c_asigna FROM dace004 WHERE exp_e='10-19905035' AND c_asigna='300318' AND status IN ('0','3','B','C') [1][0] OK
C:[01/08/2014 14:58:37.76][186.94.51.161][1151] SELECT c_asigna FROM dace004 WHERE exp_e='10-19905035' AND c_asigna='300313' AND status IN ('0','3','B','C') [1][0] OK
C:[01/08/2014 14:58:37.76][186.94.51.161][1151] SELECT c_asigna FROM dace004 WHERE exp_e='10-19905035' AND c_asigna='300222' AND status IN ('0','3','B','C') [1][0] OK
C:[01/08/2014 14:58:37.76][186.94.51.161][1151] SELECT c_asigna FROM dace004 WHERE exp_e='10-19905035' AND c_asigna='300226' AND status IN ('0','3','B','C') [1][0] OK
C:[01/08/2014 14:58:37.76][186.94.51.161][1151] SELECT c_asigna FROM dace004 WHERE exp_e='10-19905035' AND c_asigna='300209' AND status IN ('0','3','B','C') [1][0] OK
C:[01/08/2014 14:58:37.89][186.94.51.161][1182] SELECT par_cod_asig1,par_cod_asig2,par_cod_asig3 FROM tblaca009 WHERE pensum='5' AND c_uni_ca='3' AND c_asigna='311430' [1][0] OK
C:[01/08/2014 14:58:37.02][186.94.51.161][1312] SELECT horas_lab FROM tblaca008 WHERE c_asigna='311430' AND horas_teoricas > 0 [1][0] OK
C:[01/08/2014 15:00:08.21][190.37.122.184][1138] SELECT pre_cod_asig1,pre_cod_asig2,pre_cod_asig3,pre_cod_asig4,pre_cod_asig5,pre_cod_asig6,pre_cod_asig7 FROM tblaca009 WHERE pensum='5' AND c_uni_ca='5' AND c_asigna='300209' [1][0] OK
C:[01/08/2014 15:00:08.21][190.37.122.184][1151] SELECT c_asigna FROM dace004 WHERE exp_e='11-21247769' AND c_asigna='300101' AND status IN ('0','3','B','C') [1][0] OK
C:[01/08/2014 15:00:09.71][190.37.122.184][1182] SELECT par_cod_asig1,par_cod_asig2,par_cod_asig3 FROM tblaca009 WHERE pensum='5' AND c_uni_ca='5' AND c_asigna='300209' [1][0] OK
C:[01/08/2014 15:00:09.86][190.37.122.184][1312] SELECT horas_lab FROM tblaca008 WHERE c_asigna='300209' AND horas_teoricas > 0 [1][0] OK
C:[01/08/2014 15:00:46.29][186.94.51.161][1138] SELECT pre_cod_asig1,pre_cod_asig2,pre_cod_asig3,pre_cod_asig4,pre_cod_asig5,pre_cod_asig6,pre_cod_asig7 FROM tblaca009 WHERE pensum='5' AND c_uni_ca='2' AND c_asigna='300318' [1][0] OK
C:[01/08/2014 15:00:46.29][186.94.51.161][1151] SELECT c_asigna FROM dace004 WHERE exp_e='11-25084785' AND c_asigna='300228' AND status IN ('0','3','B','C') [1][0] OK
C:[01/08/2014 15:00:46.29][186.94.51.161][1151] SELECT c_asigna FROM dace004 WHERE exp_e='11-25084785' AND c_asigna='300207' AND status IN ('0','3','B','C') [1][0] OK
C:[01/08/2014 15:00:46.29][186.94.51.161][1151] SELECT c_asigna FROM dace004 WHERE exp_e='11-25084785' AND c_asigna='300218' AND status IN ('0','3','B','C') [1][0] OK
C:[01/08/2014 15:00:46.29][186.94.51.161][1138] SELECT pre_cod_asig1,pre_cod_asig2,pre_cod_asig3,pre_cod_asig4,pre_cod_asig5,pre_cod_asig6,pre_cod_asig7 FROM tblaca009 WHERE pensum='5' AND c_uni_ca='2' AND c_asigna='300428' [1][0] OK
C:[01/08/2014 15:00:46.29][186.94.51.161][1151] SELECT c_asigna FROM dace004 WHERE exp_e='11-25084785' AND c_asigna='300317' AND status IN ('0','3','B','C') [1][0] OK
C:[01/08/2014 15:00:46.29][186.94.51.161][1151] SELECT c_asigna FROM dace004 WHERE exp_e='11-25084785' AND c_asigna='300209' AND status IN ('0','3','B','C') [1][0] OK
C:[01/08/2014 15:00:46.42][186.94.51.161][1182] SELECT par_cod_asig1,par_cod_asig2,par_cod_asig3 FROM tblaca009 WHERE pensum='5' AND c_uni_ca='2' AND c_asigna='300318' [1][0] OK
C:[01/08/2014 15:00:46.42][186.94.51.161][1182] SELECT par_cod_asig1,par_cod_asig2,par_cod_asig3 FROM tblaca009 WHERE pensum='5' AND c_uni_ca='2' AND c_asigna='300428' [1][0] OK
C:[01/08/2014 15:00:46.67][186.94.51.161][1312] SELECT horas_lab FROM tblaca008 WHERE c_asigna='300318' AND horas_teoricas > 0 [1][0] OK
C:[01/08/2014 15:00:46.67][186.94.51.161][1312] SELECT horas_lab FROM tblaca008 WHERE c_asigna='300428' AND horas_teoricas > 0 [1][0] OK
C:[01/08/2014 15:01:33.57][186.88.168.205][1138] SELECT pre_cod_asig1,pre_cod_asig2,pre_cod_asig3,pre_cod_asig4,pre_cod_asig5,pre_cod_asig6,pre_cod_asig7 FROM tblaca009 WHERE pensum='5' AND c_uni_ca='6' AND c_asigna='300101' [1][0] OK
C:[01/08/2014 15:01:33.94][186.88.168.205][1182] SELECT par_cod_asig1,par_cod_asig2,par_cod_asig3 FROM tblaca009 WHERE pensum='5' AND c_uni_ca='6' AND c_asigna='300101' [1][0] OK
C:[01/08/2014 15:01:33.08][186.88.168.205][1312] SELECT horas_lab FROM tblaca008 WHERE c_asigna='300101' AND horas_teoricas > 0 [1][0] OK
C:[01/08/2014 15:01:41.19][190.198.157.68][1138] SELECT pre_cod_asig1,pre_cod_asig2,pre_cod_asig3,pre_cod_asig4,pre_cod_asig5,pre_cod_asig6,pre_cod_asig7 FROM tblaca009 WHERE pensum='5' AND c_uni_ca='3' AND c_asigna='300101' [1][0] OK
C:[01/08/2014 15:01:41.57][190.198.157.68][1182] SELECT par_cod_asig1,par_cod_asig2,par_cod_asig3 FROM tblaca009 WHERE pensum='5' AND c_uni_ca='3' AND c_asigna='300101' [1][0] OK
C:[01/08/2014 15:01:41.71][190.198.157.68][1312] SELECT horas_lab FROM tblaca008 WHERE c_asigna='300101' AND horas_teoricas > 0 [1][0] OK
C:[01/08/2014 15:01:44.75][186.94.56.251][1138] SELECT pre_cod_asig1,pre_cod_asig2,pre_cod_asig3,pre_cod_asig4,pre_cod_asig5,pre_cod_asig6,pre_cod_asig7 FROM tblaca009 WHERE pensum='5' AND c_uni_ca='5' AND c_asigna='355724' [1][0] OK
C:[01/08/2014 15:01:44.75][186.94.56.251][1151] SELECT c_asigna FROM dace004 WHERE exp_e='10-21110355' AND c_asigna='355692' AND status IN ('0','3','B','C') [1][0] OK
C:[01/08/2014 15:01:44.00][186.94.56.251][1182] SELECT par_cod_asig1,par_cod_asig2,par_cod_asig3 FROM tblaca009 WHERE pensum='5' AND c_uni_ca='5' AND c_asigna='355724' [1][0] OK
C:[01/08/2014 15:01:44.14][186.94.56.251][1312] SELECT horas_lab FROM tblaca008 WHERE c_asigna='355724' AND horas_teoricas > 0 [1][0] OK
C:[01/08/2014 15:01:55.00][200.62.19.36][1138] SELECT pre_cod_asig1,pre_cod_asig2,pre_cod_asig3,pre_cod_asig4,pre_cod_asig5,pre_cod_asig6,pre_cod_asig7 FROM tblaca009 WHERE pensum='5' AND c_uni_ca='5' AND c_asigna='300956' [1][0] OK
C:[01/08/2014 15:01:55.00][200.62.19.36][1151] SELECT c_asigna FROM dace004 WHERE exp_e='03-17288734' AND c_asigna='300422' AND status IN ('0','3','B','C') [1][0] OK
C:[01/08/2014 15:01:55.00][200.62.19.36][1151] SELECT c_asigna FROM dace004 WHERE exp_e='03-17288734' AND c_asigna='300105' AND status IN ('0','3','B','C') [1][0] OK
C:[01/08/2014 15:01:55.00][200.62.19.36][1151] SELECT c_asigna FROM dace004 WHERE exp_e='03-17288734' AND c_asigna='300314' AND status IN ('0','3','B','C') [1][0] OK
C:[01/08/2014 15:01:56.75][200.62.19.36][1182] SELECT par_cod_asig1,par_cod_asig2,par_cod_asig3 FROM tblaca009 WHERE pensum='5' AND c_uni_ca='5' AND c_asigna='300956' [1][0] OK
C:[01/08/2014 15:01:56.89][200.62.19.36][1312] SELECT horas_lab FROM tblaca008 WHERE c_asigna='300956' AND horas_teoricas > 0 [1][0] OK
C:[01/08/2014 15:02:28.54][190.37.122.184][1138] SELECT pre_cod_asig1,pre_cod_asig2,pre_cod_asig3,pre_cod_asig4,pre_cod_asig5,pre_cod_asig6,pre_cod_asig7 FROM tblaca009 WHERE pensum='5' AND c_uni_ca='5' AND c_asigna='300209' [1][0] OK
C:[01/08/2014 15:02:28.54][190.37.122.184][1151] SELECT c_asigna FROM dace004 WHERE exp_e='11-21247769' AND c_asigna='300101' AND status IN ('0','3','B','C') [1][0] OK
C:[01/08/2014 15:02:29.04][190.37.122.184][1182] SELECT par_cod_asig1,par_cod_asig2,par_cod_asig3 FROM tblaca009 WHERE pensum='5' AND c_uni_ca='5' AND c_asigna='300209' [1][0] OK
C:[01/08/2014 15:02:29.19][190.37.122.184][1312] SELECT horas_lab FROM tblaca008 WHERE c_asigna='300209' AND horas_teoricas > 0 [1][0] OK
C:[01/08/2014 15:02:31.72][201.242.58.172][1138] SELECT pre_cod_asig1,pre_cod_asig2,pre_cod_asig3,pre_cod_asig4,pre_cod_asig5,pre_cod_asig6,pre_cod_asig7 FROM tblaca009 WHERE pensum='5' AND c_uni_ca='4' AND c_asigna='300209' [1][0] OK
C:[01/08/2014 15:02:31.72][201.242.58.172][1151] SELECT c_asigna FROM dace004 WHERE exp_e='08-21249304' AND c_asigna='300101' AND status IN ('0','3','B','C') [1][0] OK
C:[01/08/2014 15:02:31.98][201.242.58.172][1182] SELECT par_cod_asig1,par_cod_asig2,par_cod_asig3 FROM tblaca009 WHERE pensum='5' AND c_uni_ca='4' AND c_asigna='300209' [1][0] OK
C:[01/08/2014 15:02:31.11][201.242.58.172][1312] SELECT horas_lab FROM tblaca008 WHERE c_asigna='300209' AND horas_teoricas > 0 [1][0] OK
C:[01/08/2014 15:03:26.33][190.75.129.233][1138] SELECT pre_cod_asig1,pre_cod_asig2,pre_cod_asig3,pre_cod_asig4,pre_cod_asig5,pre_cod_asig6,pre_cod_asig7 FROM tblaca009 WHERE pensum='5' AND c_uni_ca='6' AND c_asigna='300428' [1][0] OK
C:[01/08/2014 15:03:26.33][190.75.129.233][1151] SELECT c_asigna FROM dace004 WHERE exp_e='12-25557906' AND c_asigna='300317' AND status IN ('0','3','B','C') [1][0] OK
C:[01/08/2014 15:03:26.33][190.75.129.233][1151] SELECT c_asigna FROM dace004 WHERE exp_e='12-25557906' AND c_asigna='300209' AND status IN ('0','3','B','C') [1][0] OK
C:[01/08/2014 15:03:26.96][190.75.129.233][1182] SELECT par_cod_asig1,par_cod_asig2,par_cod_asig3 FROM tblaca009 WHERE pensum='5' AND c_uni_ca='6' AND c_asigna='300428' [1][0] OK
C:[01/08/2014 15:03:26.09][190.75.129.233][1312] SELECT horas_lab FROM tblaca008 WHERE c_asigna='300428' AND horas_teoricas > 0 [1][0] OK
C:[01/08/2014 15:03:34.22][186.167.243.114][1138] SELECT pre_cod_asig1,pre_cod_asig2,pre_cod_asig3,pre_cod_asig4,pre_cod_asig5,pre_cod_asig6,pre_cod_asig7 FROM tblaca009 WHERE pensum='5' AND c_uni_ca='6' AND c_asigna='300207' [1][0] OK
C:[01/08/2014 15:03:34.22][186.167.243.114][1151] SELECT c_asigna FROM dace004 WHERE exp_e='11-20286377' AND c_asigna='300101' AND status IN ('0','3','B','C') [1][0] OK
C:[01/08/2014 15:03:34.22][186.167.243.114][1138] SELECT pre_cod_asig1,pre_cod_asig2,pre_cod_asig3,pre_cod_asig4,pre_cod_asig5,pre_cod_asig6,pre_cod_asig7 FROM tblaca009 WHERE pensum='5' AND c_uni_ca='6' AND c_asigna='300209' [1][0] OK
C:[01/08/2014 15:03:34.22][186.167.243.114][1151] SELECT c_asigna FROM dace004 WHERE exp_e='11-20286377' AND c_asigna='300101' AND status IN ('0','3','B','C') [1][0] OK
C:[01/08/2014 15:03:34.72][186.167.243.114][1182] SELECT par_cod_asig1,par_cod_asig2,par_cod_asig3 FROM tblaca009 WHERE pensum='5' AND c_uni_ca='6' AND c_asigna='300207' [1][0] OK
C:[01/08/2014 15:03:34.72][186.167.243.114][1182] SELECT par_cod_asig1,par_cod_asig2,par_cod_asig3 FROM tblaca009 WHERE pensum='5' AND c_uni_ca='6' AND c_asigna='300209' [1][0] OK
C:[01/08/2014 15:03:34.98][186.167.243.114][1312] SELECT horas_lab FROM tblaca008 WHERE c_asigna='300207' AND horas_teoricas > 0 [1][0] OK
C:[01/08/2014 15:03:34.98][186.167.243.114][1312] SELECT horas_lab FROM tblaca008 WHERE c_asigna='300209' AND horas_teoricas > 0 [1][0] OK
C:[01/08/2014 15:03:35.17][190.200.25.200][1138] SELECT pre_cod_asig1,pre_cod_asig2,pre_cod_asig3,pre_cod_asig4,pre_cod_asig5,pre_cod_asig6,pre_cod_asig7 FROM tblaca009 WHERE pensum='5' AND c_uni_ca='2' AND c_asigna='322904' [1][0] OK
C:[01/08/2014 15:03:35.17][190.200.25.200][1151] SELECT c_asigna FROM dace004 WHERE exp_e='07-20286762' AND c_asigna='322782' AND status IN ('0','3','B','C') [1][0] OK
C:[01/08/2014 15:03:35.17][190.200.25.200][1151] SELECT c_asigna FROM dace004 WHERE exp_e='07-20286762' AND c_asigna='322801' AND status IN ('0','3','B','C') [1][0] OK
C:[01/08/2014 15:03:35.17][190.200.25.200][1138] SELECT pre_cod_asig1,pre_cod_asig2,pre_cod_asig3,pre_cod_asig4,pre_cod_asig5,pre_cod_asig6,pre_cod_asig7 FROM tblaca009 WHERE pensum='5' AND c_uni_ca='2' AND c_asigna='322041' [1][0] OK
C:[01/08/2014 15:03:35.66][190.200.25.200][1182] SELECT par_cod_asig1,par_cod_asig2,par_cod_asig3 FROM tblaca009 WHERE pensum='5' AND c_uni_ca='2' AND c_asigna='322904' [1][0] OK
C:[01/08/2014 15:03:35.66][190.200.25.200][1182] SELECT par_cod_asig1,par_cod_asig2,par_cod_asig3 FROM tblaca009 WHERE pensum='5' AND c_uni_ca='2' AND c_asigna='322041' [1][0] OK
C:[01/08/2014 15:03:36.92][190.200.25.200][1312] SELECT horas_lab FROM tblaca008 WHERE c_asigna='322904' AND horas_teoricas > 0 [1][0] OK
C:[01/08/2014 15:03:36.92][190.200.25.200][1312] SELECT horas_lab FROM tblaca008 WHERE c_asigna='322041' AND horas_teoricas > 0 [1][0] OK
C:[01/08/2014 15:03:36.51][190.37.122.184][1138] SELECT pre_cod_asig1,pre_cod_asig2,pre_cod_asig3,pre_cod_asig4,pre_cod_asig5,pre_cod_asig6,pre_cod_asig7 FROM tblaca009 WHERE pensum='5' AND c_uni_ca='5' AND c_asigna='300209' [1][0] OK
C:[01/08/2014 15:03:36.51][190.37.122.184][1151] SELECT c_asigna FROM dace004 WHERE exp_e='11-21247769' AND c_asigna='300101' AND status IN ('0','3','B','C') [1][0] OK
C:[01/08/2014 15:03:36.74][190.37.122.184][1182] SELECT par_cod_asig1,par_cod_asig2,par_cod_asig3 FROM tblaca009 WHERE pensum='5' AND c_uni_ca='5' AND c_asigna='300209' [1][0] OK
C:[01/08/2014 15:03:36.88][190.37.122.184][1312] SELECT horas_lab FROM tblaca008 WHERE c_asigna='300209' AND horas_teoricas > 0 [1][0] OK
C:[01/08/2014 15:03:38.57][186.94.51.161][1138] SELECT pre_cod_asig1,pre_cod_asig2,pre_cod_asig3,pre_cod_asig4,pre_cod_asig5,pre_cod_asig6,pre_cod_asig7 FROM tblaca009 WHERE pensum='5' AND c_uni_ca='2' AND c_asigna='322433' [1][0] OK
C:[01/08/2014 15:03:38.57][186.94.51.161][1151] SELECT c_asigna FROM dace004 WHERE exp_e='11-25274977' AND c_asigna='320323' AND status IN ('0','3','B','C') [1][0] OK
C:[01/08/2014 15:03:38.57][186.94.51.161][1151] SELECT c_asigna FROM dace004 WHERE exp_e='11-25274977' AND c_asigna='300209' AND status IN ('0','3','B','C') [1][0] OK
C:[01/08/2014 15:03:38.57][186.94.51.161][1138] SELECT pre_cod_asig1,pre_cod_asig2,pre_cod_asig3,pre_cod_asig4,pre_cod_asig5,pre_cod_asig6,pre_cod_asig7 FROM tblaca009 WHERE pensum='5' AND c_uni_ca='2' AND c_asigna='322436' [1][0] OK
C:[01/08/2014 15:03:38.57][186.94.51.161][1151] SELECT c_asigna FROM dace004 WHERE exp_e='11-25274977' AND c_asigna='300317' AND status IN ('0','3','B','C') [1][0] OK
C:[01/08/2014 15:03:38.57][186.94.51.161][1151] SELECT c_asigna FROM dace004 WHERE exp_e='11-25274977' AND c_asigna='320311' AND status IN ('0','3','B','C') [1][0] OK
C:[01/08/2014 15:03:38.32][186.94.51.161][1182] SELECT par_cod_asig1,par_cod_asig2,par_cod_asig3 FROM tblaca009 WHERE pensum='5' AND c_uni_ca='2' AND c_asigna='322433' [1][0] OK
C:[01/08/2014 15:03:38.32][186.94.51.161][1182] SELECT par_cod_asig1,par_cod_asig2,par_cod_asig3 FROM tblaca009 WHERE pensum='5' AND c_uni_ca='2' AND c_asigna='322436' [1][0] OK
C:[01/08/2014 15:03:38.58][186.94.51.161][1312] SELECT horas_lab FROM tblaca008 WHERE c_asigna='322433' AND horas_teoricas > 0 [1][0] OK
C:[01/08/2014 15:03:38.58][186.94.51.161][1312] SELECT horas_lab FROM tblaca008 WHERE c_asigna='322436' AND horas_teoricas > 0 [1][0] OK
C:[01/08/2014 15:04:14.42][186.94.86.123][1138] SELECT pre_cod_asig1,pre_cod_asig2,pre_cod_asig3,pre_cod_asig4,pre_cod_asig5,pre_cod_asig6,pre_cod_asig7 FROM tblaca009 WHERE pensum='5' AND c_uni_ca='2' AND c_asigna='322782' [1][0] OK
C:[01/08/2014 15:04:14.42][186.94.86.123][1151] SELECT c_asigna FROM dace004 WHERE exp_e='09-23731560' AND c_asigna='322669' AND status IN ('0','3','B','C') [1][0] OK
C:[01/08/2014 15:04:14.42][186.94.86.123][1151] SELECT c_asigna FROM dace004 WHERE exp_e='09-23731560' AND c_asigna='322550' AND status IN ('0','3','B','C') [1][0] OK
C:[01/08/2014 15:04:14.42][186.94.86.123][1138] SELECT pre_cod_asig1,pre_cod_asig2,pre_cod_asig3,pre_cod_asig4,pre_cod_asig5,pre_cod_asig6,pre_cod_asig7 FROM tblaca009 WHERE pensum='5' AND c_uni_ca='2' AND c_asigna='322826' [1][0] OK
C:[01/08/2014 15:04:14.42][186.94.86.123][1151] SELECT c_asigna FROM dace004 WHERE exp_e='09-23731560' AND c_asigna='322702' AND status IN ('0','3','B','C') [1][0] OK
C:[01/08/2014 15:04:14.42][186.94.86.123][1138] SELECT pre_cod_asig1,pre_cod_asig2,pre_cod_asig3,pre_cod_asig4,pre_cod_asig5,pre_cod_asig6,pre_cod_asig7 FROM tblaca009 WHERE pensum='5' AND c_uni_ca='2' AND c_asigna='322041' [1][0] OK
C:[01/08/2014 15:04:14.99][186.94.86.123][1182] SELECT par_cod_asig1,par_cod_asig2,par_cod_asig3 FROM tblaca009 WHERE pensum='5' AND c_uni_ca='2' AND c_asigna='322782' [1][0] OK
C:[01/08/2014 15:04:14.99][186.94.86.123][1182] SELECT par_cod_asig1,par_cod_asig2,par_cod_asig3 FROM tblaca009 WHERE pensum='5' AND c_uni_ca='2' AND c_asigna='322826' [1][0] OK
C:[01/08/2014 15:04:14.99][186.94.86.123][1182] SELECT par_cod_asig1,par_cod_asig2,par_cod_asig3 FROM tblaca009 WHERE pensum='5' AND c_uni_ca='2' AND c_asigna='322041' [1][0] OK
C:[01/08/2014 15:04:14.38][186.94.86.123][1312] SELECT horas_lab FROM tblaca008 WHERE c_asigna='322782' AND horas_teoricas > 0 [1][0] OK
C:[01/08/2014 15:04:14.38][186.94.86.123][1312] SELECT horas_lab FROM tblaca008 WHERE c_asigna='322826' AND horas_teoricas > 0 [1][0] OK
C:[01/08/2014 15:04:14.38][186.94.86.123][1312] SELECT horas_lab FROM tblaca008 WHERE c_asigna='322041' AND horas_teoricas > 0 [1][0] OK
C:[01/08/2014 15:04:17.43][190.199.95.198][1138] SELECT pre_cod_asig1,pre_cod_asig2,pre_cod_asig3,pre_cod_asig4,pre_cod_asig5,pre_cod_asig6,pre_cod_asig7 FROM tblaca009 WHERE pensum='5' AND c_uni_ca='2' AND c_asigna='300213' [1][0] OK
C:[01/08/2014 15:04:17.43][190.199.95.198][1151] SELECT c_asigna FROM dace004 WHERE exp_e='11-24577986' AND c_asigna='300101' AND status IN ('0','3','B','C') [1][0] OK
C:[01/08/2014 15:04:17.43][190.199.95.198][1138] SELECT pre_cod_asig1,pre_cod_asig2,pre_cod_asig3,pre_cod_asig4,pre_cod_asig5,pre_cod_asig6,pre_cod_asig7 FROM tblaca009 WHERE pensum='5' AND c_uni_ca='2' AND c_asigna='322449' [1][0] OK
C:[01/08/2014 15:04:17.43][190.199.95.198][1151] SELECT c_asigna FROM dace004 WHERE exp_e='11-24577986' AND c_asigna='300222' AND status IN ('0','3','B','C') [1][0] OK
C:[01/08/2014 15:04:17.93][190.199.95.198][1182] SELECT par_cod_asig1,par_cod_asig2,par_cod_asig3 FROM tblaca009 WHERE pensum='5' AND c_uni_ca='2' AND c_asigna='300213' [1][0] OK
C:[01/08/2014 15:04:17.93][190.199.95.198][1196] SELECT c_asigna FROM dace004 WHERE exp_e='11-24577986' AND c_asigna='300209' AND status IN ('0','3','B','C') [1][0] OK
C:[01/08/2014 15:04:17.93][190.199.95.198][1182] SELECT par_cod_asig1,par_cod_asig2,par_cod_asig3 FROM tblaca009 WHERE pensum='5' AND c_uni_ca='2' AND c_asigna='322449' [1][0] OK
C:[01/08/2014 15:04:17.32][190.199.95.198][1312] SELECT horas_lab FROM tblaca008 WHERE c_asigna='300213' AND horas_teoricas > 0 [1][0] OK
C:[01/08/2014 15:04:17.32][190.199.95.198][1312] SELECT horas_lab FROM tblaca008 WHERE c_asigna='322449' AND horas_teoricas > 0 [1][0] OK
C:[01/08/2014 15:05:08.99][190.37.42.62][1138] SELECT pre_cod_asig1,pre_cod_asig2,pre_cod_asig3,pre_cod_asig4,pre_cod_asig5,pre_cod_asig6,pre_cod_asig7 FROM tblaca009 WHERE pensum='5' AND c_uni_ca='6' AND c_asigna='344812' [1][0] OK
C:[01/08/2014 15:05:08.99][190.37.42.62][1151] SELECT c_asigna FROM dace004 WHERE exp_e='07-20504156' AND c_asigna='344715' AND status IN ('0','3','B','C') [1][0] OK
C:[01/08/2014 15:05:08.99][190.37.42.62][1151] SELECT c_asigna FROM dace004 WHERE exp_e='07-20504156' AND c_asigna='344742' AND status IN ('0','3','B','C') [1][0] OK
C:[01/08/2014 15:05:08.99][190.37.42.62][1138] SELECT pre_cod_asig1,pre_cod_asig2,pre_cod_asig3,pre_cod_asig4,pre_cod_asig5,pre_cod_asig6,pre_cod_asig7 FROM tblaca009 WHERE pensum='5' AND c_uni_ca='6' AND c_asigna='344834' [1][0] OK
C:[01/08/2014 15:05:08.99][190.37.42.62][1151] SELECT c_asigna FROM dace004 WHERE exp_e='07-20504156' AND c_asigna='344715' AND status IN ('0','3','B','C') [1][0] OK
C:[01/08/2014 15:05:08.99][190.37.42.62][1151] SELECT c_asigna FROM dace004 WHERE exp_e='07-20504156' AND c_asigna='344716' AND status IN ('0','3','B','C') [1][0] OK
C:[01/08/2014 15:05:08.91][190.38.120.43][1138] SELECT pre_cod_asig1,pre_cod_asig2,pre_cod_asig3,pre_cod_asig4,pre_cod_asig5,pre_cod_asig6,pre_cod_asig7 FROM tblaca009 WHERE pensum='5' AND c_uni_ca='3' AND c_asigna='300207' [1][0] OK
C:[01/08/2014 15:05:08.99][190.37.42.62][1138] SELECT pre_cod_asig1,pre_cod_asig2,pre_cod_asig3,pre_cod_asig4,pre_cod_asig5,pre_cod_asig6,pre_cod_asig7 FROM tblaca009 WHERE pensum='5' AND c_uni_ca='6' AND c_asigna='344948' [1][0] OK
C:[01/08/2014 15:05:08.91][190.38.120.43][1151] SELECT c_asigna FROM dace004 WHERE exp_e='12-24856462' AND c_asigna='300101' AND status IN ('0','3','B','C') [1][0] OK
C:[01/08/2014 15:05:08.91][190.38.120.43][1138] SELECT pre_cod_asig1,pre_cod_asig2,pre_cod_asig3,pre_cod_asig4,pre_cod_asig5,pre_cod_asig6,pre_cod_asig7 FROM tblaca009 WHERE pensum='5' AND c_uni_ca='3' AND c_asigna='300222' [1][0] OK
C:[01/08/2014 15:05:08.37][190.37.42.62][1182] SELECT par_cod_asig1,par_cod_asig2,par_cod_asig3 FROM tblaca009 WHERE pensum='5' AND c_uni_ca='6' AND c_asigna='344812' [1][0] OK
C:[01/08/2014 15:05:08.37][190.37.42.62][1182] SELECT par_cod_asig1,par_cod_asig2,par_cod_asig3 FROM tblaca009 WHERE pensum='5' AND c_uni_ca='6' AND c_asigna='344834' [1][0] OK
C:[01/08/2014 15:05:08.91][190.38.120.43][1151] SELECT c_asigna FROM dace004 WHERE exp_e='12-24856462' AND c_asigna='300112' AND status IN ('0','3','B','C') [1][0] OK
C:[01/08/2014 15:05:08.37][190.37.42.62][1182] SELECT par_cod_asig1,par_cod_asig2,par_cod_asig3 FROM tblaca009 WHERE pensum='5' AND c_uni_ca='6' AND c_asigna='344948' [1][0] OK
C:[01/08/2014 15:05:08.40][190.38.120.43][1182] SELECT par_cod_asig1,par_cod_asig2,par_cod_asig3 FROM tblaca009 WHERE pensum='5' AND c_uni_ca='3' AND c_asigna='300207' [1][0] OK
C:[01/08/2014 15:05:08.40][190.38.120.43][1182] SELECT par_cod_asig1,par_cod_asig2,par_cod_asig3 FROM tblaca009 WHERE pensum='5' AND c_uni_ca='3' AND c_asigna='300222' [1][0] OK
C:[01/08/2014 15:05:08.75][190.37.42.62][1312] SELECT horas_lab FROM tblaca008 WHERE c_asigna='344812' AND horas_teoricas > 0 [1][0] OK
C:[01/08/2014 15:05:08.22][190.38.120.43][1312] SELECT horas_lab FROM tblaca008 WHERE c_asigna='300207' AND horas_teoricas > 0 [1][0] OK
C:[01/08/2014 15:05:08.75][190.37.42.62][1312] SELECT horas_lab FROM tblaca008 WHERE c_asigna='344834' AND horas_teoricas > 0 [1][0] OK
C:[01/08/2014 15:05:08.22][190.38.120.43][1312] SELECT horas_lab FROM tblaca008 WHERE c_asigna='300222' AND horas_teoricas > 0 [1][0] OK
C:[01/08/2014 15:05:08.75][190.37.42.62][1312] SELECT horas_lab FROM tblaca008 WHERE c_asigna='344948' AND horas_teoricas > 0 [1][0] OK
C:[01/08/2014 15:05:17.80][190.204.92.61][1138] SELECT pre_cod_asig1,pre_cod_asig2,pre_cod_asig3,pre_cod_asig4,pre_cod_asig5,pre_cod_asig6,pre_cod_asig7 FROM tblaca009 WHERE pensum='5' AND c_uni_ca='3' AND c_asigna='311431' [1][0] OK
C:[01/08/2014 15:05:17.80][190.204.92.61][1151] SELECT c_asigna FROM dace004 WHERE exp_e='09-20286788' AND c_asigna='311320' AND status IN ('0','3','B','C') [1][0] OK
C:[01/08/2014 15:05:17.80][190.204.92.61][1151] SELECT c_asigna FROM dace004 WHERE exp_e='09-20286788' AND c_asigna='300013' AND status IN ('0','3','B','C') [1][0] OK
C:[01/08/2014 15:05:17.80][190.204.92.61][1151] SELECT c_asigna FROM dace004 WHERE exp_e='09-20286788' AND c_asigna='300113' AND status IN ('0','3','B','C') [1][0] OK
C:[01/08/2014 15:05:17.80][190.204.92.61][1151] SELECT c_asigna FROM dace004 WHERE exp_e='09-20286788' AND c_asigna='300222' AND status IN ('0','3','B','C') [1][0] OK
C:[01/08/2014 15:05:17.80][190.204.92.61][1151] SELECT c_asigna FROM dace004 WHERE exp_e='09-20286788' AND c_asigna='300226' AND status IN ('0','3','B','C') [1][0] OK
C:[01/08/2014 15:05:17.80][190.204.92.61][1151] SELECT c_asigna FROM dace004 WHERE exp_e='09-20286788' AND c_asigna='300209' AND status IN ('0','3','B','C') [1][0] OK
C:[01/08/2014 15:05:17.80][190.204.92.61][1138] SELECT pre_cod_asig1,pre_cod_asig2,pre_cod_asig3,pre_cod_asig4,pre_cod_asig5,pre_cod_asig6,pre_cod_asig7 FROM tblaca009 WHERE pensum='5' AND c_uni_ca='3' AND c_asigna='310548' [1][0] OK
C:[01/08/2014 15:05:17.80][190.204.92.61][1151] SELECT c_asigna FROM dace004 WHERE exp_e='09-20286788' AND c_asigna='300428' AND status IN ('0','3','B','C') [1][0] OK
C:[01/08/2014 15:05:17.80][190.204.92.61][1151] SELECT c_asigna FROM dace004 WHERE exp_e='09-20286788' AND c_asigna='300313' AND status IN ('0','3','B','C') [1][0] OK
C:[01/08/2014 15:05:17.80][190.204.92.61][1151] SELECT c_asigna FROM dace004 WHERE exp_e='09-20286788' AND c_asigna='300222' AND status IN ('0','3','B','C') [1][0] OK
C:[01/08/2014 15:05:17.80][190.204.92.61][1151] SELECT c_asigna FROM dace004 WHERE exp_e='09-20286788' AND c_asigna='300226' AND status IN ('0','3','B','C') [1][0] OK
C:[01/08/2014 15:05:17.80][190.204.92.61][1151] SELECT c_asigna FROM dace004 WHERE exp_e='09-20286788' AND c_asigna='300209' AND status IN ('0','3','B','C') [1][0] OK
C:[01/08/2014 15:05:18.43][190.204.92.61][1182] SELECT par_cod_asig1,par_cod_asig2,par_cod_asig3 FROM tblaca009 WHERE pensum='5' AND c_uni_ca='3' AND c_asigna='311431' [1][0] OK
C:[01/08/2014 15:05:18.43][190.204.92.61][1196] SELECT c_asigna FROM dace004 WHERE exp_e='09-20286788' AND c_asigna='311430' AND status IN ('0','3','B','C') [1][0] OK
C:[01/08/2014 15:05:18.43][190.204.92.61][1182] SELECT par_cod_asig1,par_cod_asig2,par_cod_asig3 FROM tblaca009 WHERE pensum='5' AND c_uni_ca='3' AND c_asigna='310548' [1][0] OK
C:[01/08/2014 15:05:18.82][190.204.92.61][1312] SELECT horas_lab FROM tblaca008 WHERE c_asigna='311431' AND horas_teoricas > 0 [1][0] OK
C:[01/08/2014 15:05:18.82][190.204.92.61][1312] SELECT horas_lab FROM tblaca008 WHERE c_asigna='310548' AND horas_teoricas > 0 [1][0] OK
C:[01/08/2014 15:05:18.00][190.75.167.231][1138] SELECT pre_cod_asig1,pre_cod_asig2,pre_cod_asig3,pre_cod_asig4,pre_cod_asig5,pre_cod_asig6,pre_cod_asig7 FROM tblaca009 WHERE pensum='5' AND c_uni_ca='6' AND c_asigna='300428' [1][0] OK
C:[01/08/2014 15:05:18.00][190.75.167.231][1151] SELECT c_asigna FROM dace004 WHERE exp_e='04-16287797' AND c_asigna='300317' AND status IN ('0','3','B','C') [1][0] OK
C:[01/08/2014 15:05:18.00][190.75.167.231][1151] SELECT c_asigna FROM dace004 WHERE exp_e='04-16287797' AND c_asigna='300209' AND status IN ('0','3','B','C') [1][0] OK
C:[01/08/2014 15:05:18.38][190.75.167.231][1182] SELECT par_cod_asig1,par_cod_asig2,par_cod_asig3 FROM tblaca009 WHERE pensum='5' AND c_uni_ca='6' AND c_asigna='300428' [1][0] OK
C:[01/08/2014 15:05:18.51][190.75.167.231][1312] SELECT horas_lab FROM tblaca008 WHERE c_asigna='300428' AND horas_teoricas > 0 [1][0] OK
C:[01/08/2014 15:05:37.92][74.82.68.145][1138] SELECT pre_cod_asig1,pre_cod_asig2,pre_cod_asig3,pre_cod_asig4,pre_cod_asig5,pre_cod_asig6,pre_cod_asig7 FROM tblaca009 WHERE pensum='5' AND c_uni_ca='5' AND c_asigna='300317' [1][0] OK
C:[01/08/2014 15:05:37.92][74.82.68.145][1151] SELECT c_asigna FROM dace004 WHERE exp_e='11-24560272' AND c_asigna='300207' AND status IN ('0','3','B','C') [1][0] OK
C:[01/08/2014 15:05:37.92][74.82.68.145][1151] SELECT c_asigna FROM dace004 WHERE exp_e='11-24560272' AND c_asigna='300209' AND status IN ('0','3','B','C') [1][0] OK
C:[01/08/2014 15:05:37.54][74.82.68.145][1182] SELECT par_cod_asig1,par_cod_asig2,par_cod_asig3 FROM tblaca009 WHERE pensum='5' AND c_uni_ca='5' AND c_asigna='300317' [1][0] OK
C:[01/08/2014 15:05:37.67][74.82.68.145][1312] SELECT horas_lab FROM tblaca008 WHERE c_asigna='300317' AND horas_teoricas > 0 [1][0] OK
C:[01/08/2014 15:05:37.29][190.77.196.100][1138] SELECT pre_cod_asig1,pre_cod_asig2,pre_cod_asig3,pre_cod_asig4,pre_cod_asig5,pre_cod_asig6,pre_cod_asig7 FROM tblaca009 WHERE pensum='5' AND c_uni_ca='5' AND c_asigna='300101' [1][0] OK
C:[01/08/2014 15:05:37.29][190.77.196.100][1138] SELECT pre_cod_asig1,pre_cod_asig2,pre_cod_asig3,pre_cod_asig4,pre_cod_asig5,pre_cod_asig6,pre_cod_asig7 FROM tblaca009 WHERE pensum='5' AND c_uni_ca='5' AND c_asigna='300113' [1][0] OK
C:[01/08/2014 15:05:37.09][190.77.196.100][1182] SELECT par_cod_asig1,par_cod_asig2,par_cod_asig3 FROM tblaca009 WHERE pensum='5' AND c_uni_ca='5' AND c_asigna='300101' [1][0] OK
C:[01/08/2014 15:05:37.09][190.77.196.100][1182] SELECT par_cod_asig1,par_cod_asig2,par_cod_asig3 FROM tblaca009 WHERE pensum='5' AND c_uni_ca='5' AND c_asigna='300113' [1][0] OK
C:[01/08/2014 15:05:37.09][190.77.196.100][1196] SELECT c_asigna FROM dace004 WHERE exp_e='10-20804815' AND c_asigna='300013' AND status IN ('0','3','B','C') [1][0] OK
C:[01/08/2014 15:05:37.48][190.77.196.100][1312] SELECT horas_lab FROM tblaca008 WHERE c_asigna='300101' AND horas_teoricas > 0 [1][0] OK
C:[01/08/2014 15:05:37.48][190.77.196.100][1312] SELECT horas_lab FROM tblaca008 WHERE c_asigna='300113' AND horas_teoricas > 0 [0][0] OK
C:[01/08/2014 15:06:01.59][186.94.51.161][1138] SELECT pre_cod_asig1,pre_cod_asig2,pre_cod_asig3,pre_cod_asig4,pre_cod_asig5,pre_cod_asig6,pre_cod_asig7 FROM tblaca009 WHERE pensum='5' AND c_uni_ca='3' AND c_asigna='300101' [1][0] OK
C:[01/08/2014 15:06:02.40][186.94.51.161][1182] SELECT par_cod_asig1,par_cod_asig2,par_cod_asig3 FROM tblaca009 WHERE pensum='5' AND c_uni_ca='3' AND c_asigna='300101' [1][0] OK
C:[01/08/2014 15:06:02.54][186.94.51.161][1312] SELECT horas_lab FROM tblaca008 WHERE c_asigna='300101' AND horas_teoricas > 0 [1][0] OK
C:[01/08/2014 15:06:51.12][186.94.51.161][1138] SELECT pre_cod_asig1,pre_cod_asig2,pre_cod_asig3,pre_cod_asig4,pre_cod_asig5,pre_cod_asig6,pre_cod_asig7 FROM tblaca009 WHERE pensum='5' AND c_uni_ca='6' AND c_asigna='300207' [1][0] OK
C:[01/08/2014 15:06:51.12][186.94.51.161][1151] SELECT c_asigna FROM dace004 WHERE exp_e='12-25002528' AND c_asigna='300101' AND status IN ('0','3','B','C') [1][0] OK
C:[01/08/2014 15:06:51.18][186.94.51.161][1182] SELECT par_cod_asig1,par_cod_asig2,par_cod_asig3 FROM tblaca009 WHERE pensum='5' AND c_uni_ca='6' AND c_asigna='300207' [1][0] OK
C:[01/08/2014 15:06:51.31][186.94.51.161][1312] SELECT horas_lab FROM tblaca008 WHERE c_asigna='300207' AND horas_teoricas > 0 [1][0] OK
C:[01/08/2014 15:07:45.69][186.94.86.123][1138] SELECT pre_cod_asig1,pre_cod_asig2,pre_cod_asig3,pre_cod_asig4,pre_cod_asig5,pre_cod_asig6,pre_cod_asig7 FROM tblaca009 WHERE pensum='5' AND c_uni_ca='2' AND c_asigna='322782' [1][0] OK
C:[01/08/2014 15:07:45.69][186.94.86.123][1151] SELECT c_asigna FROM dace004 WHERE exp_e='09-23731560' AND c_asigna='322669' AND status IN ('0','3','B','C') [1][0] OK
C:[01/08/2014 15:07:45.69][186.94.86.123][1151] SELECT c_asigna FROM dace004 WHERE exp_e='09-23731560' AND c_asigna='322550' AND status IN ('0','3','B','C') [1][0] OK
C:[01/08/2014 15:07:45.69][186.94.86.123][1138] SELECT pre_cod_asig1,pre_cod_asig2,pre_cod_asig3,pre_cod_asig4,pre_cod_asig5,pre_cod_asig6,pre_cod_asig7 FROM tblaca009 WHERE pensum='5' AND c_uni_ca='2' AND c_asigna='322826' [1][0] OK
C:[01/08/2014 15:07:45.69][186.94.86.123][1151] SELECT c_asigna FROM dace004 WHERE exp_e='09-23731560' AND c_asigna='322702' AND status IN ('0','3','B','C') [1][0] OK
C:[01/08/2014 15:07:45.69][186.94.86.123][1138] SELECT pre_cod_asig1,pre_cod_asig2,pre_cod_asig3,pre_cod_asig4,pre_cod_asig5,pre_cod_asig6,pre_cod_asig7 FROM tblaca009 WHERE pensum='5' AND c_uni_ca='2' AND c_asigna='322041' [1][0] OK
C:[01/08/2014 15:07:45.69][186.94.86.123][1182] SELECT par_cod_asig1,par_cod_asig2,par_cod_asig3 FROM tblaca009 WHERE pensum='5' AND c_uni_ca='2' AND c_asigna='322782' [1][0] OK
C:[01/08/2014 15:07:45.69][186.94.86.123][1182] SELECT par_cod_asig1,par_cod_asig2,par_cod_asig3 FROM tblaca009 WHERE pensum='5' AND c_uni_ca='2' AND c_asigna='322826' [1][0] OK
C:[01/08/2014 15:07:45.69][186.94.86.123][1182] SELECT par_cod_asig1,par_cod_asig2,par_cod_asig3 FROM tblaca009 WHERE pensum='5' AND c_uni_ca='2' AND c_asigna='322041' [1][0] OK
C:[01/08/2014 15:07:46.09][186.94.86.123][1312] SELECT horas_lab FROM tblaca008 WHERE c_asigna='322782' AND horas_teoricas > 0 [1][0] OK
C:[01/08/2014 15:07:46.09][186.94.86.123][1312] SELECT horas_lab FROM tblaca008 WHERE c_asigna='322826' AND horas_teoricas > 0 [1][0] OK
C:[01/08/2014 15:07:46.09][186.94.86.123][1312] SELECT horas_lab FROM tblaca008 WHERE c_asigna='322041' AND horas_teoricas > 0 [1][0] OK
C:[01/08/2014 15:07:46.96][190.198.157.68][1138] SELECT pre_cod_asig1,pre_cod_asig2,pre_cod_asig3,pre_cod_asig4,pre_cod_asig5,pre_cod_asig6,pre_cod_asig7 FROM tblaca009 WHERE pensum='5' AND c_uni_ca='3' AND c_asigna='300101' [1][0] OK
C:[01/08/2014 15:07:46.06][190.198.157.68][1182] SELECT par_cod_asig1,par_cod_asig2,par_cod_asig3 FROM tblaca009 WHERE pensum='5' AND c_uni_ca='3' AND c_asigna='300101' [1][0] OK
C:[01/08/2014 15:07:46.20][190.198.157.68][1312] SELECT horas_lab FROM tblaca008 WHERE c_asigna='300101' AND horas_teoricas > 0 [1][0] OK
C:[01/08/2014 15:07:55.47][190.201.12.220][1138] SELECT pre_cod_asig1,pre_cod_asig2,pre_cod_asig3,pre_cod_asig4,pre_cod_asig5,pre_cod_asig6,pre_cod_asig7 FROM tblaca009 WHERE pensum='5' AND c_uni_ca='6' AND c_asigna='300101' [1][0] OK
C:[01/08/2014 15:07:55.60][190.201.12.220][1182] SELECT par_cod_asig1,par_cod_asig2,par_cod_asig3 FROM tblaca009 WHERE pensum='5' AND c_uni_ca='6' AND c_asigna='300101' [1][0] OK
C:[01/08/2014 15:07:55.82][190.201.12.220][1312] SELECT horas_lab FROM tblaca008 WHERE c_asigna='300101' AND horas_teoricas > 0 [1][0] OK
C:[01/08/2014 15:08:03.85][200.62.19.43][1138] SELECT pre_cod_asig1,pre_cod_asig2,pre_cod_asig3,pre_cod_asig4,pre_cod_asig5,pre_cod_asig6,pre_cod_asig7 FROM tblaca009 WHERE pensum='5' AND c_uni_ca='2' AND c_asigna='322669' [1][0] OK
C:[01/08/2014 15:08:03.85][200.62.19.43][1151] SELECT c_asigna FROM dace004 WHERE exp_e='11-22822513' AND c_asigna='322558' AND status IN ('0','3','B','C') [1][0] OK
C:[01/08/2014 15:08:03.85][200.62.19.43][1151] SELECT c_asigna FROM dace004 WHERE exp_e='11-22822513' AND c_asigna='323528' AND status IN ('0','3','B','C') [1][0] OK
C:[01/08/2014 15:08:03.85][200.62.19.43][1138] SELECT pre_cod_asig1,pre_cod_asig2,pre_cod_asig3,pre_cod_asig4,pre_cod_asig5,pre_cod_asig6,pre_cod_asig7 FROM tblaca009 WHERE pensum='5' AND c_uni_ca='2' AND c_asigna='322683' [1][0] OK
C:[01/08/2014 15:08:03.85][200.62.19.43][1151] SELECT c_asigna FROM dace004 WHERE exp_e='11-22822513' AND c_asigna='322560' AND status IN ('0','3','B','C') [1][0] OK
C:[01/08/2014 15:08:04.72][200.62.19.43][1182] SELECT par_cod_asig1,par_cod_asig2,par_cod_asig3 FROM tblaca009 WHERE pensum='5' AND c_uni_ca='2' AND c_asigna='322669' [1][0] OK
C:[01/08/2014 15:08:04.72][200.62.19.43][1182] SELECT par_cod_asig1,par_cod_asig2,par_cod_asig3 FROM tblaca009 WHERE pensum='5' AND c_uni_ca='2' AND c_asigna='322683' [1][0] OK
C:[01/08/2014 15:08:04.72][200.62.19.43][1196] SELECT c_asigna FROM dace004 WHERE exp_e='11-22822513' AND c_asigna='322681' AND status IN ('0','3','B','C') [1][0] OK
C:[01/08/2014 15:08:04.10][200.62.19.43][1312] SELECT horas_lab FROM tblaca008 WHERE c_asigna='322669' AND horas_teoricas > 0 [1][0] OK
C:[01/08/2014 15:08:04.10][200.62.19.43][1312] SELECT horas_lab FROM tblaca008 WHERE c_asigna='322683' AND horas_teoricas > 0 [1][0] OK
C:[01/08/2014 15:08:07.97][190.73.121.68][1138] SELECT pre_cod_asig1,pre_cod_asig2,pre_cod_asig3,pre_cod_asig4,pre_cod_asig5,pre_cod_asig6,pre_cod_asig7 FROM tblaca009 WHERE pensum='5' AND c_uni_ca='2' AND c_asigna='300428' [1][0] OK
C:[01/08/2014 15:08:07.97][190.73.121.68][1151] SELECT c_asigna FROM dace004 WHERE exp_e='08-19095695' AND c_asigna='300317' AND status IN ('0','3','B','C') [1][0] OK
C:[01/08/2014 15:08:07.97][190.73.121.68][1151] SELECT c_asigna FROM dace004 WHERE exp_e='08-19095695' AND c_asigna='300209' AND status IN ('0','3','B','C') [1][0] OK
C:[01/08/2014 15:08:07.35][190.73.121.68][1182] SELECT par_cod_asig1,par_cod_asig2,par_cod_asig3 FROM tblaca009 WHERE pensum='5' AND c_uni_ca='2' AND c_asigna='300428' [1][0] OK
C:[01/08/2014 15:08:07.54][190.73.121.68][1312] SELECT horas_lab FROM tblaca008 WHERE c_asigna='300428' AND horas_teoricas > 0 [1][0] OK
C:[01/08/2014 15:08:48.36][190.73.143.118][1138] SELECT pre_cod_asig1,pre_cod_asig2,pre_cod_asig3,pre_cod_asig4,pre_cod_asig5,pre_cod_asig6,pre_cod_asig7 FROM tblaca009 WHERE pensum='5' AND c_uni_ca='2' AND c_asigna='300101' [1][0] OK
C:[01/08/2014 15:08:48.74][190.73.143.118][1182] SELECT par_cod_asig1,par_cod_asig2,par_cod_asig3 FROM tblaca009 WHERE pensum='5' AND c_uni_ca='2' AND c_asigna='300101' [1][0] OK
C:[01/08/2014 15:08:48.88][190.73.143.118][1312] SELECT horas_lab FROM tblaca008 WHERE c_asigna='300101' AND horas_teoricas > 0 [1][0] OK
C:[01/08/2014 15:08:50.64][186.167.243.235][1138] SELECT pre_cod_asig1,pre_cod_asig2,pre_cod_asig3,pre_cod_asig4,pre_cod_asig5,pre_cod_asig6,pre_cod_asig7 FROM tblaca009 WHERE pensum='5' AND c_uni_ca='2' AND c_asigna='300101' [1][0] OK
C:[01/08/2014 15:08:50.77][186.167.243.235][1182] SELECT par_cod_asig1,par_cod_asig2,par_cod_asig3 FROM tblaca009 WHERE pensum='5' AND c_uni_ca='2' AND c_asigna='300101' [1][0] OK
C:[01/08/2014 15:08:50.90][186.167.243.235][1312] SELECT horas_lab FROM tblaca008 WHERE c_asigna='300101' AND horas_teoricas > 0 [1][0] OK
C:[01/08/2014 15:08:51.59][186.94.51.161][1138] SELECT pre_cod_asig1,pre_cod_asig2,pre_cod_asig3,pre_cod_asig4,pre_cod_asig5,pre_cod_asig6,pre_cod_asig7 FROM tblaca009 WHERE pensum='5' AND c_uni_ca='2' AND c_asigna='322782' [1][0] OK
C:[01/08/2014 15:08:51.59][186.94.51.161][1151] SELECT c_asigna FROM dace004 WHERE exp_e='04-14505451' AND c_asigna='322669' AND status IN ('0','3','B','C') [1][0] OK
C:[01/08/2014 15:08:51.59][186.94.51.161][1151] SELECT c_asigna FROM dace004 WHERE exp_e='04-14505451' AND c_asigna='322550' AND status IN ('0','3','B','C') [1][0] OK
C:[01/08/2014 15:08:51.97][186.94.51.161][1182] SELECT par_cod_asig1,par_cod_asig2,par_cod_asig3 FROM tblaca009 WHERE pensum='5' AND c_uni_ca='2' AND c_asigna='322782' [1][0] OK
C:[01/08/2014 15:08:51.11][186.94.51.161][1312] SELECT horas_lab FROM tblaca008 WHERE c_asigna='322782' AND horas_teoricas > 0 [1][0] OK
C:[01/08/2014 15:09:09.07][200.84.79.153][1138] SELECT pre_cod_asig1,pre_cod_asig2,pre_cod_asig3,pre_cod_asig4,pre_cod_asig5,pre_cod_asig6,pre_cod_asig7 FROM tblaca009 WHERE pensum='5' AND c_uni_ca='6' AND c_asigna='300101' [1][0] OK
C:[01/08/2014 15:09:09.44][200.84.79.153][1182] SELECT par_cod_asig1,par_cod_asig2,par_cod_asig3 FROM tblaca009 WHERE pensum='5' AND c_uni_ca='6' AND c_asigna='300101' [1][0] OK
C:[01/08/2014 15:09:09.59][200.84.79.153][1312] SELECT horas_lab FROM tblaca008 WHERE c_asigna='300101' AND horas_teoricas > 0 [1][0] OK
C:[01/08/2014 15:09:13.01][200.90.96.190][1138] SELECT pre_cod_asig1,pre_cod_asig2,pre_cod_asig3,pre_cod_asig4,pre_cod_asig5,pre_cod_asig6,pre_cod_asig7 FROM tblaca009 WHERE pensum='5' AND c_uni_ca='6' AND c_asigna='300101' [1][0] OK
C:[01/08/2014 15:09:13.15][200.90.96.190][1182] SELECT par_cod_asig1,par_cod_asig2,par_cod_asig3 FROM tblaca009 WHERE pensum='5' AND c_uni_ca='6' AND c_asigna='300101' [1][0] OK
C:[01/08/2014 15:09:13.27][200.90.96.190][1312] SELECT horas_lab FROM tblaca008 WHERE c_asigna='300101' AND horas_teoricas > 0 [1][0] OK
C:[01/08/2014 15:09:14.00][190.199.89.144][1138] SELECT pre_cod_asig1,pre_cod_asig2,pre_cod_asig3,pre_cod_asig4,pre_cod_asig5,pre_cod_asig6,pre_cod_asig7 FROM tblaca009 WHERE pensum='5' AND c_uni_ca='6' AND c_asigna='300101' [1][0] OK
C:[01/08/2014 15:09:14.12][190.199.89.144][1182] SELECT par_cod_asig1,par_cod_asig2,par_cod_asig3 FROM tblaca009 WHERE pensum='5' AND c_uni_ca='6' AND c_asigna='300101' [1][0] OK
C:[01/08/2014 15:09:14.25][190.199.89.144][1312] SELECT horas_lab FROM tblaca008 WHERE c_asigna='300101' AND horas_teoricas > 0 [1][0] OK
C:[01/08/2014 15:09:57.80][200.35.106.92][1138] SELECT pre_cod_asig1,pre_cod_asig2,pre_cod_asig3,pre_cod_asig4,pre_cod_asig5,pre_cod_asig6,pre_cod_asig7 FROM tblaca009 WHERE pensum='5' AND c_uni_ca='4' AND c_asigna='300113' [1][0] OK
C:[01/08/2014 15:09:57.18][200.35.106.92][1182] SELECT par_cod_asig1,par_cod_asig2,par_cod_asig3 FROM tblaca009 WHERE pensum='5' AND c_uni_ca='4' AND c_asigna='300113' [1][0] OK
C:[01/08/2014 15:09:57.18][200.35.106.92][1196] SELECT c_asigna FROM dace004 WHERE exp_e='10-22594428' AND c_asigna='300013' AND status IN ('0','3','B','C') [1][0] OK
C:[01/08/2014 15:09:57.42][200.35.106.92][1312] SELECT horas_lab FROM tblaca008 WHERE c_asigna='300113' AND horas_teoricas > 0 [0][0] OK
C:[01/08/2014 15:10:02.87][190.37.42.62][1138] SELECT pre_cod_asig1,pre_cod_asig2,pre_cod_asig3,pre_cod_asig4,pre_cod_asig5,pre_cod_asig6,pre_cod_asig7 FROM tblaca009 WHERE pensum='5' AND c_uni_ca='6' AND c_asigna='344812' [1][0] OK
C:[01/08/2014 15:10:02.87][190.37.42.62][1151] SELECT c_asigna FROM dace004 WHERE exp_e='07-20504156' AND c_asigna='344715' AND status IN ('0','3','B','C') [1][0] OK
C:[01/08/2014 15:10:02.87][190.37.42.62][1151] SELECT c_asigna FROM dace004 WHERE exp_e='07-20504156' AND c_asigna='344742' AND status IN ('0','3','B','C') [1][0] OK
C:[01/08/2014 15:10:02.87][190.37.42.62][1138] SELECT pre_cod_asig1,pre_cod_asig2,pre_cod_asig3,pre_cod_asig4,pre_cod_asig5,pre_cod_asig6,pre_cod_asig7 FROM tblaca009 WHERE pensum='5' AND c_uni_ca='6' AND c_asigna='344834' [1][0] OK
C:[01/08/2014 15:10:02.87][190.37.42.62][1151] SELECT c_asigna FROM dace004 WHERE exp_e='07-20504156' AND c_asigna='344715' AND status IN ('0','3','B','C') [1][0] OK
C:[01/08/2014 15:10:02.87][190.37.42.62][1151] SELECT c_asigna FROM dace004 WHERE exp_e='07-20504156' AND c_asigna='344716' AND status IN ('0','3','B','C') [1][0] OK
C:[01/08/2014 15:10:02.87][190.37.42.62][1138] SELECT pre_cod_asig1,pre_cod_asig2,pre_cod_asig3,pre_cod_asig4,pre_cod_asig5,pre_cod_asig6,pre_cod_asig7 FROM tblaca009 WHERE pensum='5' AND c_uni_ca='6' AND c_asigna='344948' [1][0] OK
C:[01/08/2014 15:10:02.75][190.37.42.62][1182] SELECT par_cod_asig1,par_cod_asig2,par_cod_asig3 FROM tblaca009 WHERE pensum='5' AND c_uni_ca='6' AND c_asigna='344812' [1][0] OK
C:[01/08/2014 15:10:02.75][190.37.42.62][1182] SELECT par_cod_asig1,par_cod_asig2,par_cod_asig3 FROM tblaca009 WHERE pensum='5' AND c_uni_ca='6' AND c_asigna='344834' [1][0] OK
C:[01/08/2014 15:10:02.75][190.37.42.62][1182] SELECT par_cod_asig1,par_cod_asig2,par_cod_asig3 FROM tblaca009 WHERE pensum='5' AND c_uni_ca='6' AND c_asigna='344948' [1][0] OK
C:[01/08/2014 15:10:02.13][190.37.42.62][1312] SELECT horas_lab FROM tblaca008 WHERE c_asigna='344812' AND horas_teoricas > 0 [1][0] OK
C:[01/08/2014 15:10:02.13][190.37.42.62][1312] SELECT horas_lab FROM tblaca008 WHERE c_asigna='344834' AND horas_teoricas > 0 [1][0] OK
C:[01/08/2014 15:10:02.13][190.37.42.62][1312] SELECT horas_lab FROM tblaca008 WHERE c_asigna='344948' AND horas_teoricas > 0 [1][0] OK
C:[01/08/2014 15:10:32.98][200.62.19.43][1138] SELECT pre_cod_asig1,pre_cod_asig2,pre_cod_asig3,pre_cod_asig4,pre_cod_asig5,pre_cod_asig6,pre_cod_asig7 FROM tblaca009 WHERE pensum='5' AND c_uni_ca='5' AND c_asigna='355721' [1][0] OK
C:[01/08/2014 15:10:32.98][200.62.19.43][1151] SELECT c_asigna FROM dace004 WHERE exp_e='11-24847626' AND c_asigna='355693' AND status IN ('0','3','B','C') [1][0] OK
C:[01/08/2014 15:10:32.98][200.62.19.43][1151] SELECT c_asigna FROM dace004 WHERE exp_e='11-24847626' AND c_asigna='355696' AND status IN ('0','3','B','C') [1][0] OK
C:[01/08/2014 15:10:32.98][200.62.19.43][1138] SELECT pre_cod_asig1,pre_cod_asig2,pre_cod_asig3,pre_cod_asig4,pre_cod_asig5,pre_cod_asig6,pre_cod_asig7 FROM tblaca009 WHERE pensum='5' AND c_uni_ca='5' AND c_asigna='355725' [1][0] OK
C:[01/08/2014 15:10:32.98][200.62.19.43][1151] SELECT c_asigna FROM dace004 WHERE exp_e='11-24847626' AND c_asigna='355693' AND status IN ('0','3','B','C') [1][0] OK
C:[01/08/2014 15:10:32.98][200.62.19.43][1151] SELECT c_asigna FROM dace004 WHERE exp_e='11-24847626' AND c_asigna='355692' AND status IN ('0','3','B','C') [1][0] OK
C:[01/08/2014 15:10:32.98][200.62.19.43][1138] SELECT pre_cod_asig1,pre_cod_asig2,pre_cod_asig3,pre_cod_asig4,pre_cod_asig5,pre_cod_asig6,pre_cod_asig7 FROM tblaca009 WHERE pensum='5' AND c_uni_ca='5' AND c_asigna='354852' [1][0] OK
C:[01/08/2014 15:10:32.11][200.62.19.43][1182] SELECT par_cod_asig1,par_cod_asig2,par_cod_asig3 FROM tblaca009 WHERE pensum='5' AND c_uni_ca='5' AND c_asigna='355721' [1][0] OK
C:[01/08/2014 15:10:32.11][200.62.19.43][1182] SELECT par_cod_asig1,par_cod_asig2,par_cod_asig3 FROM tblaca009 WHERE pensum='5' AND c_uni_ca='5' AND c_asigna='355725' [1][0] OK
C:[01/08/2014 15:10:32.11][200.62.19.43][1182] SELECT par_cod_asig1,par_cod_asig2,par_cod_asig3 FROM tblaca009 WHERE pensum='5' AND c_uni_ca='5' AND c_asigna='354852' [1][0] OK
C:[01/08/2014 15:10:32.49][200.62.19.43][1312] SELECT horas_lab FROM tblaca008 WHERE c_asigna='355721' AND horas_teoricas > 0 [1][0] OK
C:[01/08/2014 15:10:32.49][200.62.19.43][1312] SELECT horas_lab FROM tblaca008 WHERE c_asigna='355725' AND horas_teoricas > 0 [1][0] OK
C:[01/08/2014 15:10:32.49][200.62.19.43][1312] SELECT horas_lab FROM tblaca008 WHERE c_asigna='354852' AND horas_teoricas > 0 [1][0] OK
C:[01/08/2014 15:10:57.87][190.77.228.25][1138] SELECT pre_cod_asig1,pre_cod_asig2,pre_cod_asig3,pre_cod_asig4,pre_cod_asig5,pre_cod_asig6,pre_cod_asig7 FROM tblaca009 WHERE pensum='5' AND c_uni_ca='2' AND c_asigna='300101' [1][0] OK
C:[01/08/2014 15:10:57.65][190.77.228.25][1182] SELECT par_cod_asig1,par_cod_asig2,par_cod_asig3 FROM tblaca009 WHERE pensum='5' AND c_uni_ca='2' AND c_asigna='300101' [1][0] OK
C:[01/08/2014 15:10:57.79][190.77.228.25][1312] SELECT horas_lab FROM tblaca008 WHERE c_asigna='300101' AND horas_teoricas > 0 [1][0] OK
C:[01/08/2014 15:12:29.41][186.94.51.161][1138] SELECT pre_cod_asig1,pre_cod_asig2,pre_cod_asig3,pre_cod_asig4,pre_cod_asig5,pre_cod_asig6,pre_cod_asig7 FROM tblaca009 WHERE pensum='5' AND c_uni_ca='5' AND c_asigna='300207' [1][0] OK
C:[01/08/2014 15:12:29.41][186.94.51.161][1151] SELECT c_asigna FROM dace004 WHERE exp_e='13-25324137' AND c_asigna='300101' AND status IN ('0','3','B','C') [1][0] OK
C:[01/08/2014 15:12:29.35][186.94.51.161][1182] SELECT par_cod_asig1,par_cod_asig2,par_cod_asig3 FROM tblaca009 WHERE pensum='5' AND c_uni_ca='5' AND c_asigna='300207' [1][0] OK
C:[01/08/2014 15:12:29.49][186.94.51.161][1312] SELECT horas_lab FROM tblaca008 WHERE c_asigna='300207' AND horas_teoricas > 0 [1][0] OK
C:[01/08/2014 15:13:24.16][186.167.243.114][1138] SELECT pre_cod_asig1,pre_cod_asig2,pre_cod_asig3,pre_cod_asig4,pre_cod_asig5,pre_cod_asig6,pre_cod_asig7 FROM tblaca009 WHERE pensum='5' AND c_uni_ca='6' AND c_asigna='300207' [1][0] OK
C:[01/08/2014 15:13:24.16][186.167.243.114][1151] SELECT c_asigna FROM dace004 WHERE exp_e='11-20286377' AND c_asigna='300101' AND status IN ('0','3','B','C') [1][0] OK
C:[01/08/2014 15:13:24.16][186.167.243.114][1138] SELECT pre_cod_asig1,pre_cod_asig2,pre_cod_asig3,pre_cod_asig4,pre_cod_asig5,pre_cod_asig6,pre_cod_asig7 FROM tblaca009 WHERE pensum='5' AND c_uni_ca='6' AND c_asigna='300209' [1][0] OK
C:[01/08/2014 15:13:24.16][186.167.243.114][1151] SELECT c_asigna FROM dace004 WHERE exp_e='11-20286377' AND c_asigna='300101' AND status IN ('0','3','B','C') [1][0] OK
C:[01/08/2014 15:13:24.91][186.167.243.114][1182] SELECT par_cod_asig1,par_cod_asig2,par_cod_asig3 FROM tblaca009 WHERE pensum='5' AND c_uni_ca='6' AND c_asigna='300207' [1][0] OK
C:[01/08/2014 15:13:24.91][186.167.243.114][1182] SELECT par_cod_asig1,par_cod_asig2,par_cod_asig3 FROM tblaca009 WHERE pensum='5' AND c_uni_ca='6' AND c_asigna='300209' [1][0] OK
C:[01/08/2014 15:13:24.17][186.167.243.114][1312] SELECT horas_lab FROM tblaca008 WHERE c_asigna='300207' AND horas_teoricas > 0 [1][0] OK
C:[01/08/2014 15:13:24.17][186.167.243.114][1312] SELECT horas_lab FROM tblaca008 WHERE c_asigna='300209' AND horas_teoricas > 0 [1][0] OK
C:[01/08/2014 15:14:14.23][190.200.25.200][1138] SELECT pre_cod_asig1,pre_cod_asig2,pre_cod_asig3,pre_cod_asig4,pre_cod_asig5,pre_cod_asig6,pre_cod_asig7 FROM tblaca009 WHERE pensum='5' AND c_uni_ca='2' AND c_asigna='300101' [1][0] OK
C:[01/08/2014 15:14:14.59][190.200.25.200][1182] SELECT par_cod_asig1,par_cod_asig2,par_cod_asig3 FROM tblaca009 WHERE pensum='5' AND c_uni_ca='2' AND c_asigna='300101' [1][0] OK
C:[01/08/2014 15:14:14.72][190.200.25.200][1312] SELECT horas_lab FROM tblaca008 WHERE c_asigna='300101' AND horas_teoricas > 0 [1][0] OK
C:[01/08/2014 15:14:19.39][181.225.51.64][1138] SELECT pre_cod_asig1,pre_cod_asig2,pre_cod_asig3,pre_cod_asig4,pre_cod_asig5,pre_cod_asig6,pre_cod_asig7 FROM tblaca009 WHERE pensum='5' AND c_uni_ca='2' AND c_asigna='300207' [1][0] OK
C:[01/08/2014 15:14:19.39][181.225.51.64][1151] SELECT c_asigna FROM dace004 WHERE exp_e='13-23121167' AND c_asigna='300101' AND status IN ('0','3','B','C') [1][0] OK
C:[01/08/2014 15:14:19.39][181.225.51.64][1138] SELECT pre_cod_asig1,pre_cod_asig2,pre_cod_asig3,pre_cod_asig4,pre_cod_asig5,pre_cod_asig6,pre_cod_asig7 FROM tblaca009 WHERE pensum='5' AND c_uni_ca='2' AND c_asigna='322449' [1][0] OK
C:[01/08/2014 15:14:19.39][181.225.51.64][1151] SELECT c_asigna FROM dace004 WHERE exp_e='13-23121167' AND c_asigna='300222' AND status IN ('0','3','B','C') [1][0] OK
C:[01/08/2014 15:14:19.89][181.225.51.64][1182] SELECT par_cod_asig1,par_cod_asig2,par_cod_asig3 FROM tblaca009 WHERE pensum='5' AND c_uni_ca='2' AND c_asigna='300207' [1][0] OK
C:[01/08/2014 15:14:19.89][181.225.51.64][1182] SELECT par_cod_asig1,par_cod_asig2,par_cod_asig3 FROM tblaca009 WHERE pensum='5' AND c_uni_ca='2' AND c_asigna='322449' [1][0] OK
C:[01/08/2014 15:14:19.15][181.225.51.64][1312] SELECT horas_lab FROM tblaca008 WHERE c_asigna='300207' AND horas_teoricas > 0 [1][0] OK
C:[01/08/2014 15:14:19.15][181.225.51.64][1312] SELECT horas_lab FROM tblaca008 WHERE c_asigna='322449' AND horas_teoricas > 0 [1][0] OK
C:[01/08/2014 15:16:04.60][190.204.92.61][1138] SELECT pre_cod_asig1,pre_cod_asig2,pre_cod_asig3,pre_cod_asig4,pre_cod_asig5,pre_cod_asig6,pre_cod_asig7 FROM tblaca009 WHERE pensum='5' AND c_uni_ca='6' AND c_asigna='300428' [1][0] OK
C:[01/08/2014 15:16:04.60][190.204.92.61][1151] SELECT c_asigna FROM dace004 WHERE exp_e='08-21339517' AND c_asigna='300317' AND status IN ('0','3','B','C') [1][0] OK
C:[01/08/2014 15:16:04.60][190.204.92.61][1151] SELECT c_asigna FROM dace004 WHERE exp_e='08-21339517' AND c_asigna='300209' AND status IN ('0','3','B','C') [1][0] OK
C:[01/08/2014 15:16:04.22][190.204.92.61][1182] SELECT par_cod_asig1,par_cod_asig2,par_cod_asig3 FROM tblaca009 WHERE pensum='5' AND c_uni_ca='6' AND c_asigna='300428' [1][0] OK
C:[01/08/2014 15:16:04.36][190.204.92.61][1312] SELECT horas_lab FROM tblaca008 WHERE c_asigna='300428' AND horas_teoricas > 0 [1][0] OK
C:[01/08/2014 15:16:10.35][190.204.94.33][1138] SELECT pre_cod_asig1,pre_cod_asig2,pre_cod_asig3,pre_cod_asig4,pre_cod_asig5,pre_cod_asig6,pre_cod_asig7 FROM tblaca009 WHERE pensum='5' AND c_uni_ca='6' AND c_asigna='342679' [1][0] OK
C:[01/08/2014 15:16:10.35][190.204.94.33][1151] SELECT c_asigna FROM dace004 WHERE exp_e='07-19332580' AND c_asigna='342567' AND status IN ('0','3','B','C') [1][0] OK
C:[01/08/2014 15:16:10.60][190.204.94.33][1182] SELECT par_cod_asig1,par_cod_asig2,par_cod_asig3 FROM tblaca009 WHERE pensum='5' AND c_uni_ca='6' AND c_asigna='342679' [1][0] OK
C:[01/08/2014 15:16:10.74][190.204.94.33][1312] SELECT horas_lab FROM tblaca008 WHERE c_asigna='342679' AND horas_teoricas > 0 [1][0] OK
C:[01/08/2014 15:16:12.23][200.109.201.62][1138] SELECT pre_cod_asig1,pre_cod_asig2,pre_cod_asig3,pre_cod_asig4,pre_cod_asig5,pre_cod_asig6,pre_cod_asig7 FROM tblaca009 WHERE pensum='5' AND c_uni_ca='5' AND c_asigna='300209' [1][0] OK
C:[01/08/2014 15:16:12.23][200.109.201.62][1151] SELECT c_asigna FROM dace004 WHERE exp_e='13-26026257' AND c_asigna='300101' AND status IN ('0','3','B','C') [1][0] OK
C:[01/08/2014 15:16:12.23][200.109.201.62][1138] SELECT pre_cod_asig1,pre_cod_asig2,pre_cod_asig3,pre_cod_asig4,pre_cod_asig5,pre_cod_asig6,pre_cod_asig7 FROM tblaca009 WHERE pensum='5' AND c_uni_ca='5' AND c_asigna='300226' [1][0] OK
C:[01/08/2014 15:16:12.23][200.109.201.62][1151] SELECT c_asigna FROM dace004 WHERE exp_e='13-26026257' AND c_asigna='300116' AND status IN ('0','3','B','C') [1][0] OK
C:[01/08/2014 15:16:12.73][200.109.201.62][1182] SELECT par_cod_asig1,par_cod_asig2,par_cod_asig3 FROM tblaca009 WHERE pensum='5' AND c_uni_ca='5' AND c_asigna='300209' [1][0] OK
C:[01/08/2014 15:16:12.73][200.109.201.62][1182] SELECT par_cod_asig1,par_cod_asig2,par_cod_asig3 FROM tblaca009 WHERE pensum='5' AND c_uni_ca='5' AND c_asigna='300226' [1][0] OK
C:[01/08/2014 15:16:12.00][200.109.201.62][1312] SELECT horas_lab FROM tblaca008 WHERE c_asigna='300209' AND horas_teoricas > 0 [1][0] OK
C:[01/08/2014 15:16:12.00][200.109.201.62][1312] SELECT horas_lab FROM tblaca008 WHERE c_asigna='300226' AND horas_teoricas > 0 [1][0] OK
C:[01/08/2014 15:16:19.46][190.200.36.41][1138] SELECT pre_cod_asig1,pre_cod_asig2,pre_cod_asig3,pre_cod_asig4,pre_cod_asig5,pre_cod_asig6,pre_cod_asig7 FROM tblaca009 WHERE pensum='5' AND c_uni_ca='2' AND c_asigna='322782' [1][0] OK
C:[01/08/2014 15:16:19.46][190.200.36.41][1151] SELECT c_asigna FROM dace004 WHERE exp_e='09-20124263' AND c_asigna='322669' AND status IN ('0','3','B','C') [1][0] OK
C:[01/08/2014 15:16:19.46][190.200.36.41][1151] SELECT c_asigna FROM dace004 WHERE exp_e='09-20124263' AND c_asigna='322550' AND status IN ('0','3','B','C') [1][0] OK
C:[01/08/2014 15:16:19.46][190.200.36.41][1138] SELECT pre_cod_asig1,pre_cod_asig2,pre_cod_asig3,pre_cod_asig4,pre_cod_asig5,pre_cod_asig6,pre_cod_asig7 FROM tblaca009 WHERE pensum='5' AND c_uni_ca='2' AND c_asigna='322936' [1][0] OK
C:[01/08/2014 15:16:19.46][190.200.36.41][1151] SELECT c_asigna FROM dace004 WHERE exp_e='09-20124263' AND c_asigna='322801' AND status IN ('0','3','B','C') [1][0] OK
C:[01/08/2014 15:16:19.46][190.200.36.41][1138] SELECT pre_cod_asig1,pre_cod_asig2,pre_cod_asig3,pre_cod_asig4,pre_cod_asig5,pre_cod_asig6,pre_cod_asig7 FROM tblaca009 WHERE pensum='5' AND c_uni_ca='2' AND c_asigna='322041' [1][0] OK
C:[01/08/2014 15:16:19.45][190.200.36.41][1182] SELECT par_cod_asig1,par_cod_asig2,par_cod_asig3 FROM tblaca009 WHERE pensum='5' AND c_uni_ca='2' AND c_asigna='322782' [1][0] OK
C:[01/08/2014 15:16:19.45][190.200.36.41][1182] SELECT par_cod_asig1,par_cod_asig2,par_cod_asig3 FROM tblaca009 WHERE pensum='5' AND c_uni_ca='2' AND c_asigna='322936' [1][0] OK
C:[01/08/2014 15:16:19.45][190.200.36.41][1182] SELECT par_cod_asig1,par_cod_asig2,par_cod_asig3 FROM tblaca009 WHERE pensum='5' AND c_uni_ca='2' AND c_asigna='322041' [1][0] OK
C:[01/08/2014 15:16:19.84][190.200.36.41][1312] SELECT horas_lab FROM tblaca008 WHERE c_asigna='322782' AND horas_teoricas > 0 [1][0] OK
C:[01/08/2014 15:16:19.84][190.200.36.41][1312] SELECT horas_lab FROM tblaca008 WHERE c_asigna='322936' AND horas_teoricas > 0 [1][0] OK
C:[01/08/2014 15:16:19.84][190.200.36.41][1312] SELECT horas_lab FROM tblaca008 WHERE c_asigna='322041' AND horas_teoricas > 0 [1][0] OK
C:[01/08/2014 15:16:31.29][190.73.143.118][1138] SELECT pre_cod_asig1,pre_cod_asig2,pre_cod_asig3,pre_cod_asig4,pre_cod_asig5,pre_cod_asig6,pre_cod_asig7 FROM tblaca009 WHERE pensum='5' AND c_uni_ca='5' AND c_asigna='300209' [1][0] OK
C:[01/08/2014 15:16:31.29][190.73.143.118][1151] SELECT c_asigna FROM dace004 WHERE exp_e='13-25395906' AND c_asigna='300101' AND status IN ('0','3','B','C') [1][0] OK
C:[01/08/2014 15:16:31.29][190.73.143.118][1138] SELECT pre_cod_asig1,pre_cod_asig2,pre_cod_asig3,pre_cod_asig4,pre_cod_asig5,pre_cod_asig6,pre_cod_asig7 FROM tblaca009 WHERE pensum='5' AND c_uni_ca='5' AND c_asigna='300222' [1][0] OK
C:[01/08/2014 15:16:31.29][190.73.143.118][1151] SELECT c_asigna FROM dace004 WHERE exp_e='13-25395906' AND c_asigna='300112' AND status IN ('0','3','B','C') [1][0] OK
C:[01/08/2014 15:16:32.79][190.73.143.118][1182] SELECT par_cod_asig1,par_cod_asig2,par_cod_asig3 FROM tblaca009 WHERE pensum='5' AND c_uni_ca='5' AND c_asigna='300209' [1][0] OK
C:[01/08/2014 15:16:32.79][190.73.143.118][1182] SELECT par_cod_asig1,par_cod_asig2,par_cod_asig3 FROM tblaca009 WHERE pensum='5' AND c_uni_ca='5' AND c_asigna='300222' [1][0] OK
C:[01/08/2014 15:16:32.05][190.73.143.118][1312] SELECT horas_lab FROM tblaca008 WHERE c_asigna='300209' AND horas_teoricas > 0 [1][0] OK
C:[01/08/2014 15:16:32.05][190.73.143.118][1312] SELECT horas_lab FROM tblaca008 WHERE c_asigna='300222' AND horas_teoricas > 0 [1][0] OK
C:[01/08/2014 15:17:05.48][186.167.243.114][1138] SELECT pre_cod_asig1,pre_cod_asig2,pre_cod_asig3,pre_cod_asig4,pre_cod_asig5,pre_cod_asig6,pre_cod_asig7 FROM tblaca009 WHERE pensum='5' AND c_uni_ca='6' AND c_asigna='300207' [1][0] OK
C:[01/08/2014 15:17:05.48][186.167.243.114][1151] SELECT c_asigna FROM dace004 WHERE exp_e='11-20286377' AND c_asigna='300101' AND status IN ('0','3','B','C') [1][0] OK
C:[01/08/2014 15:17:05.42][186.167.243.114][1182] SELECT par_cod_asig1,par_cod_asig2,par_cod_asig3 FROM tblaca009 WHERE pensum='5' AND c_uni_ca='6' AND c_asigna='300207' [1][0] OK
C:[01/08/2014 15:17:05.56][186.167.243.114][1312] SELECT horas_lab FROM tblaca008 WHERE c_asigna='300207' AND horas_teoricas > 0 [1][0] OK
C:[01/08/2014 15:17:11.08][190.77.228.25][1138] SELECT pre_cod_asig1,pre_cod_asig2,pre_cod_asig3,pre_cod_asig4,pre_cod_asig5,pre_cod_asig6,pre_cod_asig7 FROM tblaca009 WHERE pensum='5' AND c_uni_ca='2' AND c_asigna='300101' [1][0] OK
C:[01/08/2014 15:17:11.21][190.77.228.25][1182] SELECT par_cod_asig1,par_cod_asig2,par_cod_asig3 FROM tblaca009 WHERE pensum='5' AND c_uni_ca='2' AND c_asigna='300101' [1][0] OK
C:[01/08/2014 15:17:11.35][190.77.228.25][1312] SELECT horas_lab FROM tblaca008 WHERE c_asigna='300101' AND horas_teoricas > 0 [1][0] OK
C:[01/08/2014 15:17:21.07][186.94.51.161][1138] SELECT pre_cod_asig1,pre_cod_asig2,pre_cod_asig3,pre_cod_asig4,pre_cod_asig5,pre_cod_asig6,pre_cod_asig7 FROM tblaca009 WHERE pensum='5' AND c_uni_ca='5' AND c_asigna='300112' [1][0] OK
C:[01/08/2014 15:17:21.07][186.94.51.161][1138] SELECT pre_cod_asig1,pre_cod_asig2,pre_cod_asig3,pre_cod_asig4,pre_cod_asig5,pre_cod_asig6,pre_cod_asig7 FROM tblaca009 WHERE pensum='5' AND c_uni_ca='5' AND c_asigna='300207' [1][0] OK
C:[01/08/2014 15:17:21.07][186.94.51.161][1151] SELECT c_asigna FROM dace004 WHERE exp_e='12-19157745' AND c_asigna='300101' AND status IN ('0','3','B','C') [1][0] OK
C:[01/08/2014 15:17:21.58][186.94.51.161][1182] SELECT par_cod_asig1,par_cod_asig2,par_cod_asig3 FROM tblaca009 WHERE pensum='5' AND c_uni_ca='5' AND c_asigna='300112' [1][0] OK
C:[01/08/2014 15:17:21.58][186.94.51.161][1182] SELECT par_cod_asig1,par_cod_asig2,par_cod_asig3 FROM tblaca009 WHERE pensum='5' AND c_uni_ca='5' AND c_asigna='300207' [1][0] OK
C:[01/08/2014 15:17:21.84][186.94.51.161][1312] SELECT horas_lab FROM tblaca008 WHERE c_asigna='300112' AND horas_teoricas > 0 [1][0] OK
C:[01/08/2014 15:17:21.84][186.94.51.161][1312] SELECT horas_lab FROM tblaca008 WHERE c_asigna='300207' AND horas_teoricas > 0 [1][0] OK
C:[01/08/2014 15:17:22.47][190.39.3.229][1138] SELECT pre_cod_asig1,pre_cod_asig2,pre_cod_asig3,pre_cod_asig4,pre_cod_asig5,pre_cod_asig6,pre_cod_asig7 FROM tblaca009 WHERE pensum='5' AND c_uni_ca='5' AND c_asigna='300207' [1][0] OK
C:[01/08/2014 15:17:22.47][190.39.3.229][1151] SELECT c_asigna FROM dace004 WHERE exp_e='13-25034752' AND c_asigna='300101' AND status IN ('0','3','B','C') [1][0] OK
C:[01/08/2014 15:17:22.47][190.39.3.229][1138] SELECT pre_cod_asig1,pre_cod_asig2,pre_cod_asig3,pre_cod_asig4,pre_cod_asig5,pre_cod_asig6,pre_cod_asig7 FROM tblaca009 WHERE pensum='5' AND c_uni_ca='5' AND c_asigna='300209' [1][0] OK
C:[01/08/2014 15:17:22.47][190.39.3.229][1151] SELECT c_asigna FROM dace004 WHERE exp_e='13-25034752' AND c_asigna='300101' AND status IN ('0','3','B','C') [1][0] OK
C:[01/08/2014 15:17:22.98][190.39.3.229][1182] SELECT par_cod_asig1,par_cod_asig2,par_cod_asig3 FROM tblaca009 WHERE pensum='5' AND c_uni_ca='5' AND c_asigna='300207' [1][0] OK
C:[01/08/2014 15:17:22.98][190.39.3.229][1182] SELECT par_cod_asig1,par_cod_asig2,par_cod_asig3 FROM tblaca009 WHERE pensum='5' AND c_uni_ca='5' AND c_asigna='300209' [1][0] OK
C:[01/08/2014 15:17:22.23][190.39.3.229][1312] SELECT horas_lab FROM tblaca008 WHERE c_asigna='300207' AND horas_teoricas > 0 [1][0] OK
C:[01/08/2014 15:17:22.23][190.39.3.229][1312] SELECT horas_lab FROM tblaca008 WHERE c_asigna='300209' AND horas_teoricas > 0 [1][0] OK
C:[01/08/2014 15:17:33.75][190.37.42.62][1138] SELECT pre_cod_asig1,pre_cod_asig2,pre_cod_asig3,pre_cod_asig4,pre_cod_asig5,pre_cod_asig6,pre_cod_asig7 FROM tblaca009 WHERE pensum='5' AND c_uni_ca='6' AND c_asigna='344566' [1][0] OK
C:[01/08/2014 15:17:33.75][190.37.42.62][1151] SELECT c_asigna FROM dace004 WHERE exp_e='07-19128542' AND c_asigna='344446' AND status IN ('0','3','B','C') [1][0] OK
C:[01/08/2014 15:17:33.75][190.37.42.62][1151] SELECT c_asigna FROM dace004 WHERE exp_e='07-19128542' AND c_asigna='300428' AND status IN ('0','3','B','C') [1][0] OK
C:[01/08/2014 15:17:33.75][190.37.42.62][1151] SELECT c_asigna FROM dace004 WHERE exp_e='07-19128542' AND c_asigna='300209' AND status IN ('0','3','B','C') [1][0] OK
C:[01/08/2014 15:17:33.75][190.37.42.62][1151] SELECT c_asigna FROM dace004 WHERE exp_e='07-19128542' AND c_asigna='300222' AND status IN ('0','3','B','C') [1][0] OK
C:[01/08/2014 15:17:33.75][190.37.42.62][1151] SELECT c_asigna FROM dace004 WHERE exp_e='07-19128542' AND c_asigna='300226' AND status IN ('0','3','B','C') [1][0] OK
C:[01/08/2014 15:17:33.75][190.37.42.62][1151] SELECT c_asigna FROM dace004 WHERE exp_e='07-19128542' AND c_asigna='300317' AND status IN ('0','3','B','C') [1][0] OK
C:[01/08/2014 15:17:33.75][190.37.42.62][1151] SELECT c_asigna FROM dace004 WHERE exp_e='07-19128542' AND c_asigna='300313' AND status IN ('0','3','B','C') [0][0] OK
C:[01/08/2014 15:17:33.00][190.37.42.62][1182] SELECT par_cod_asig1,par_cod_asig2,par_cod_asig3 FROM tblaca009 WHERE pensum='5' AND c_uni_ca='6' AND c_asigna='344566' [1][0] OK
C:[01/08/2014 15:17:33.13][190.37.42.62][1312] SELECT horas_lab FROM tblaca008 WHERE c_asigna='344566' AND horas_teoricas > 0 [1][0] OK
C:[01/08/2014 15:18:43.83][200.109.199.30][1138] SELECT pre_cod_asig1,pre_cod_asig2,pre_cod_asig3,pre_cod_asig4,pre_cod_asig5,pre_cod_asig6,pre_cod_asig7 FROM tblaca009 WHERE pensum='5' AND c_uni_ca='6' AND c_asigna='300956' [1][0] OK
C:[01/08/2014 15:18:43.83][200.109.199.30][1151] SELECT c_asigna FROM dace004 WHERE exp_e='08-20035604' AND c_asigna='300422' AND status IN ('0','3','B','C') [1][0] OK
C:[01/08/2014 15:18:43.83][200.109.199.30][1151] SELECT c_asigna FROM dace004 WHERE exp_e='08-20035604' AND c_asigna='300105' AND status IN ('0','3','B','C') [1][0] OK
C:[01/08/2014 15:18:43.83][200.109.199.30][1151] SELECT c_asigna FROM dace004 WHERE exp_e='08-20035604' AND c_asigna='300314' AND status IN ('0','3','B','C') [1][0] OK
C:[01/08/2014 15:18:43.20][200.109.199.30][1182] SELECT par_cod_asig1,par_cod_asig2,par_cod_asig3 FROM tblaca009 WHERE pensum='5' AND c_uni_ca='6' AND c_asigna='300956' [1][0] OK
C:[01/08/2014 15:18:43.34][200.109.199.30][1312] SELECT horas_lab FROM tblaca008 WHERE c_asigna='300956' AND horas_teoricas > 0 [1][0] OK
C:[01/08/2014 15:18:47.49][190.200.61.134][1138] SELECT pre_cod_asig1,pre_cod_asig2,pre_cod_asig3,pre_cod_asig4,pre_cod_asig5,pre_cod_asig6,pre_cod_asig7 FROM tblaca009 WHERE pensum='5' AND c_uni_ca='6' AND c_asigna='342559' [1][0] OK
C:[01/08/2014 15:18:47.49][190.200.61.134][1151] SELECT c_asigna FROM dace004 WHERE exp_e='11-21196031' AND c_asigna='342436' AND status IN ('0','3','B','C') [1][0] OK
C:[01/08/2014 15:18:47.49][190.200.61.134][1138] SELECT pre_cod_asig1,pre_cod_asig2,pre_cod_asig3,pre_cod_asig4,pre_cod_asig5,pre_cod_asig6,pre_cod_asig7 FROM tblaca009 WHERE pensum='5' AND c_uni_ca='6' AND c_asigna='342567' [1][0] OK
C:[01/08/2014 15:18:47.49][190.200.61.134][1151] SELECT c_asigna FROM dace004 WHERE exp_e='11-21196031' AND c_asigna='342444' AND status IN ('0','3','B','C') [1][0] OK
C:[01/08/2014 15:18:47.01][190.200.61.134][1182] SELECT par_cod_asig1,par_cod_asig2,par_cod_asig3 FROM tblaca009 WHERE pensum='5' AND c_uni_ca='6' AND c_asigna='342559' [1][0] OK
C:[01/08/2014 15:18:47.01][190.200.61.134][1182] SELECT par_cod_asig1,par_cod_asig2,par_cod_asig3 FROM tblaca009 WHERE pensum='5' AND c_uni_ca='6' AND c_asigna='342567' [1][0] OK
C:[01/08/2014 15:18:48.26][190.200.61.134][1312] SELECT horas_lab FROM tblaca008 WHERE c_asigna='342559' AND horas_teoricas > 0 [1][0] OK
C:[01/08/2014 15:18:48.26][190.200.61.134][1312] SELECT horas_lab FROM tblaca008 WHERE c_asigna='342567' AND horas_teoricas > 0 [1][0] OK
C:[01/08/2014 15:19:08.16][190.200.53.28][1138] SELECT pre_cod_asig1,pre_cod_asig2,pre_cod_asig3,pre_cod_asig4,pre_cod_asig5,pre_cod_asig6,pre_cod_asig7 FROM tblaca009 WHERE pensum='5' AND c_uni_ca='4' AND c_asigna='300207' [1][0] OK
C:[01/08/2014 15:19:08.16][190.200.53.28][1151] SELECT c_asigna FROM dace004 WHERE exp_e='11-20936918' AND c_asigna='300101' AND status IN ('0','3','B','C') [1][0] OK
C:[01/08/2014 15:19:08.16][190.200.53.28][1138] SELECT pre_cod_asig1,pre_cod_asig2,pre_cod_asig3,pre_cod_asig4,pre_cod_asig5,pre_cod_asig6,pre_cod_asig7 FROM tblaca009 WHERE pensum='5' AND c_uni_ca='4' AND c_asigna='300313' [1][0] OK
C:[01/08/2014 15:19:08.16][190.200.53.28][1151] SELECT c_asigna FROM dace004 WHERE exp_e='11-20936918' AND c_asigna='300213' AND status IN ('0','3','B','C') [1][0] OK
C:[01/08/2014 15:19:08.16][190.200.53.28][1151] SELECT c_asigna FROM dace004 WHERE exp_e='11-20936918' AND c_asigna='300226' AND status IN ('0','3','B','C') [1][0] OK
C:[01/08/2014 15:19:08.16][190.200.53.28][1151] SELECT c_asigna FROM dace004 WHERE exp_e='11-20936918' AND c_asigna='300222' AND status IN ('0','3','B','C') [1][0] OK
C:[01/08/2014 15:19:08.16][190.200.53.28][1151] SELECT c_asigna FROM dace004 WHERE exp_e='11-20936918' AND c_asigna='300209' AND status IN ('0','3','B','C') [1][0] OK
C:[01/08/2014 15:19:09.28][190.200.53.28][1182] SELECT par_cod_asig1,par_cod_asig2,par_cod_asig3 FROM tblaca009 WHERE pensum='5' AND c_uni_ca='4' AND c_asigna='300207' [1][0] OK
C:[01/08/2014 15:19:09.28][190.200.53.28][1182] SELECT par_cod_asig1,par_cod_asig2,par_cod_asig3 FROM tblaca009 WHERE pensum='5' AND c_uni_ca='4' AND c_asigna='300313' [1][0] OK
C:[01/08/2014 15:19:09.55][190.200.53.28][1312] SELECT horas_lab FROM tblaca008 WHERE c_asigna='300207' AND horas_teoricas > 0 [1][0] OK
C:[01/08/2014 15:19:09.55][190.200.53.28][1312] SELECT horas_lab FROM tblaca008 WHERE c_asigna='300313' AND horas_teoricas > 0 [1][0] OK
C:[01/08/2014 15:19:12.83][190.73.143.118][1138] SELECT pre_cod_asig1,pre_cod_asig2,pre_cod_asig3,pre_cod_asig4,pre_cod_asig5,pre_cod_asig6,pre_cod_asig7 FROM tblaca009 WHERE pensum='5' AND c_uni_ca='2' AND c_asigna='300013' [1][0] OK
C:[01/08/2014 15:19:12.83][190.73.143.118][1138] SELECT pre_cod_asig1,pre_cod_asig2,pre_cod_asig3,pre_cod_asig4,pre_cod_asig5,pre_cod_asig6,pre_cod_asig7 FROM tblaca009 WHERE pensum='5' AND c_uni_ca='2' AND c_asigna='300101' [1][0] OK
C:[01/08/2014 15:19:12.09][190.73.143.118][1182] SELECT par_cod_asig1,par_cod_asig2,par_cod_asig3 FROM tblaca009 WHERE pensum='5' AND c_uni_ca='2' AND c_asigna='300013' [1][0] OK
C:[01/08/2014 15:19:12.09][190.73.143.118][1182] SELECT par_cod_asig1,par_cod_asig2,par_cod_asig3 FROM tblaca009 WHERE pensum='5' AND c_uni_ca='2' AND c_asigna='300101' [1][0] OK
C:[01/08/2014 15:19:12.34][190.73.143.118][1312] SELECT horas_lab FROM tblaca008 WHERE c_asigna='300013' AND horas_teoricas > 0 [1][0] OK
C:[01/08/2014 15:19:12.34][190.73.143.118][1312] SELECT horas_lab FROM tblaca008 WHERE c_asigna='300101' AND horas_teoricas > 0 [1][0] OK
C:[01/08/2014 15:19:17.24][186.94.51.161][1138] SELECT pre_cod_asig1,pre_cod_asig2,pre_cod_asig3,pre_cod_asig4,pre_cod_asig5,pre_cod_asig6,pre_cod_asig7 FROM tblaca009 WHERE pensum='5' AND c_uni_ca='5' AND c_asigna='300013' [1][0] OK
C:[01/08/2014 15:19:17.24][186.94.51.161][1138] SELECT pre_cod_asig1,pre_cod_asig2,pre_cod_asig3,pre_cod_asig4,pre_cod_asig5,pre_cod_asig6,pre_cod_asig7 FROM tblaca009 WHERE pensum='5' AND c_uni_ca='5' AND c_asigna='300101' [1][0] OK
C:[01/08/2014 15:19:17.49][186.94.51.161][1182] SELECT par_cod_asig1,par_cod_asig2,par_cod_asig3 FROM tblaca009 WHERE pensum='5' AND c_uni_ca='5' AND c_asigna='300013' [1][0] OK
C:[01/08/2014 15:19:17.49][186.94.51.161][1182] SELECT par_cod_asig1,par_cod_asig2,par_cod_asig3 FROM tblaca009 WHERE pensum='5' AND c_uni_ca='5' AND c_asigna='300101' [1][0] OK
C:[01/08/2014 15:19:17.76][186.94.51.161][1312] SELECT horas_lab FROM tblaca008 WHERE c_asigna='300013' AND horas_teoricas > 0 [1][0] OK
C:[01/08/2014 15:19:17.76][186.94.51.161][1312] SELECT horas_lab FROM tblaca008 WHERE c_asigna='300101' AND horas_teoricas > 0 [1][0] OK
C:[01/08/2014 15:19:25.79][200.90.96.190][1138] SELECT pre_cod_asig1,pre_cod_asig2,pre_cod_asig3,pre_cod_asig4,pre_cod_asig5,pre_cod_asig6,pre_cod_asig7 FROM tblaca009 WHERE pensum='5' AND c_uni_ca='6' AND c_asigna='300101' [1][0] OK
C:[01/08/2014 15:19:25.60][200.90.96.190][1182] SELECT par_cod_asig1,par_cod_asig2,par_cod_asig3 FROM tblaca009 WHERE pensum='5' AND c_uni_ca='6' AND c_asigna='300101' [1][0] OK
C:[01/08/2014 15:19:25.74][200.90.96.190][1312] SELECT horas_lab FROM tblaca008 WHERE c_asigna='300101' AND horas_teoricas > 0 [1][0] OK
C:[01/08/2014 15:19:29.62][190.202.19.202][1138] SELECT pre_cod_asig1,pre_cod_asig2,pre_cod_asig3,pre_cod_asig4,pre_cod_asig5,pre_cod_asig6,pre_cod_asig7 FROM tblaca009 WHERE pensum='5' AND c_uni_ca='4' AND c_asigna='300956' [1][0] OK
C:[01/08/2014 15:19:29.62][190.202.19.202][1151] SELECT c_asigna FROM dace004 WHERE exp_e='06-18960017' AND c_asigna='300422' AND status IN ('0','3','B','C') [1][0] OK
C:[01/08/2014 15:19:29.62][190.202.19.202][1151] SELECT c_asigna FROM dace004 WHERE exp_e='06-18960017' AND c_asigna='300105' AND status IN ('0','3','B','C') [1][0] OK
C:[01/08/2014 15:19:29.62][190.202.19.202][1151] SELECT c_asigna FROM dace004 WHERE exp_e='06-18960017' AND c_asigna='300314' AND status IN ('0','3','B','C') [1][0] OK
C:[01/08/2014 15:19:29.12][190.202.19.202][1182] SELECT par_cod_asig1,par_cod_asig2,par_cod_asig3 FROM tblaca009 WHERE pensum='5' AND c_uni_ca='4' AND c_asigna='300956' [1][0] OK
C:[01/08/2014 15:19:29.73][190.37.33.203][1138] SELECT pre_cod_asig1,pre_cod_asig2,pre_cod_asig3,pre_cod_asig4,pre_cod_asig5,pre_cod_asig6,pre_cod_asig7 FROM tblaca009 WHERE pensum='5' AND c_uni_ca='5' AND c_asigna='300222' [1][0] OK
C:[01/08/2014 15:19:29.26][190.202.19.202][1312] SELECT horas_lab FROM tblaca008 WHERE c_asigna='300956' AND horas_teoricas > 0 [1][0] OK
C:[01/08/2014 15:19:29.73][190.37.33.203][1151] SELECT c_asigna FROM dace004 WHERE exp_e='13-25017846' AND c_asigna='300112' AND status IN ('0','3','B','C') [1][0] OK
C:[01/08/2014 15:19:29.98][190.37.33.203][1182] SELECT par_cod_asig1,par_cod_asig2,par_cod_asig3 FROM tblaca009 WHERE pensum='5' AND c_uni_ca='5' AND c_asigna='300222' [1][0] OK
C:[01/08/2014 15:19:29.12][190.37.33.203][1312] SELECT horas_lab FROM tblaca008 WHERE c_asigna='300222' AND horas_teoricas > 0 [1][0] OK
C:[01/08/2014 15:19:31.58][190.200.36.41][1138] SELECT pre_cod_asig1,pre_cod_asig2,pre_cod_asig3,pre_cod_asig4,pre_cod_asig5,pre_cod_asig6,pre_cod_asig7 FROM tblaca009 WHERE pensum='5' AND c_uni_ca='2' AND c_asigna='322782' [1][0] OK
C:[01/08/2014 15:19:31.58][190.200.36.41][1151] SELECT c_asigna FROM dace004 WHERE exp_e='09-20124263' AND c_asigna='322669' AND status IN ('0','3','B','C') [1][0] OK
C:[01/08/2014 15:19:31.58][190.200.36.41][1151] SELECT c_asigna FROM dace004 WHERE exp_e='09-20124263' AND c_asigna='322550' AND status IN ('0','3','B','C') [1][0] OK
C:[01/08/2014 15:19:31.58][190.200.36.41][1138] SELECT pre_cod_asig1,pre_cod_asig2,pre_cod_asig3,pre_cod_asig4,pre_cod_asig5,pre_cod_asig6,pre_cod_asig7 FROM tblaca009 WHERE pensum='5' AND c_uni_ca='2' AND c_asigna='322936' [1][0] OK
C:[01/08/2014 15:19:31.58][190.200.36.41][1151] SELECT c_asigna FROM dace004 WHERE exp_e='09-20124263' AND c_asigna='322801' AND status IN ('0','3','B','C') [1][0] OK
C:[01/08/2014 15:19:31.58][190.200.36.41][1138] SELECT pre_cod_asig1,pre_cod_asig2,pre_cod_asig3,pre_cod_asig4,pre_cod_asig5,pre_cod_asig6,pre_cod_asig7 FROM tblaca009 WHERE pensum='5' AND c_uni_ca='2' AND c_asigna='322041' [1][0] OK
C:[01/08/2014 15:19:31.33][190.200.36.41][1182] SELECT par_cod_asig1,par_cod_asig2,par_cod_asig3 FROM tblaca009 WHERE pensum='5' AND c_uni_ca='2' AND c_asigna='322782' [1][0] OK
C:[01/08/2014 15:19:31.33][190.200.36.41][1182] SELECT par_cod_asig1,par_cod_asig2,par_cod_asig3 FROM tblaca009 WHERE pensum='5' AND c_uni_ca='2' AND c_asigna='322936' [1][0] OK
C:[01/08/2014 15:19:31.33][190.200.36.41][1182] SELECT par_cod_asig1,par_cod_asig2,par_cod_asig3 FROM tblaca009 WHERE pensum='5' AND c_uni_ca='2' AND c_asigna='322041' [1][0] OK
C:[01/08/2014 15:19:31.74][190.200.36.41][1312] SELECT horas_lab FROM tblaca008 WHERE c_asigna='322782' AND horas_teoricas > 0 [1][0] OK
C:[01/08/2014 15:19:31.74][190.200.36.41][1312] SELECT horas_lab FROM tblaca008 WHERE c_asigna='322936' AND horas_teoricas > 0 [1][0] OK
C:[01/08/2014 15:19:31.74][190.200.36.41][1312] SELECT horas_lab FROM tblaca008 WHERE c_asigna='322041' AND horas_teoricas > 0 [1][0] OK
C:[01/08/2014 15:19:59.13][172.16.4.254][1138] SELECT pre_cod_asig1,pre_cod_asig2,pre_cod_asig3,pre_cod_asig4,pre_cod_asig5,pre_cod_asig6,pre_cod_asig7 FROM tblaca009 WHERE pensum='5' AND c_uni_ca='2' AND c_asigna='322559' [1][0] OK
C:[01/08/2014 15:19:59.13][172.16.4.254][1151] SELECT c_asigna FROM dace004 WHERE exp_e='05-14187325' AND c_asigna='300428' AND status IN ('0','3','B','C') [1][0] OK
C:[01/08/2014 15:19:59.13][172.16.4.254][1151] SELECT c_asigna FROM dace004 WHERE exp_e='05-14187325' AND c_asigna='322436' AND status IN ('0','3','B','C') [1][0] OK
C:[01/08/2014 15:19:59.13][172.16.4.254][1138] SELECT pre_cod_asig1,pre_cod_asig2,pre_cod_asig3,pre_cod_asig4,pre_cod_asig5,pre_cod_asig6,pre_cod_asig7 FROM tblaca009 WHERE pensum='5' AND c_uni_ca='2' AND c_asigna='322605' [1][0] OK
C:[01/08/2014 15:19:59.13][172.16.4.254][1151] SELECT c_asigna FROM dace004 WHERE exp_e='05-14187325' AND c_asigna='322436' AND status IN ('0','3','B','C') [1][0] OK
C:[01/08/2014 15:19:59.00][172.16.4.254][1182] SELECT par_cod_asig1,par_cod_asig2,par_cod_asig3 FROM tblaca009 WHERE pensum='5' AND c_uni_ca='2' AND c_asigna='322559' [1][0] OK
C:[01/08/2014 15:19:59.00][172.16.4.254][1182] SELECT par_cod_asig1,par_cod_asig2,par_cod_asig3 FROM tblaca009 WHERE pensum='5' AND c_uni_ca='2' AND c_asigna='322605' [1][0] OK
C:[01/08/2014 15:19:59.27][172.16.4.254][1312] SELECT horas_lab FROM tblaca008 WHERE c_asigna='322559' AND horas_teoricas > 0 [1][0] OK
C:[01/08/2014 15:19:59.27][172.16.4.254][1312] SELECT horas_lab FROM tblaca008 WHERE c_asigna='322605' AND horas_teoricas > 0 [1][0] OK
C:[01/08/2014 15:20:28.98][190.38.209.103][1138] SELECT pre_cod_asig1,pre_cod_asig2,pre_cod_asig3,pre_cod_asig4,pre_cod_asig5,pre_cod_asig6,pre_cod_asig7 FROM tblaca009 WHERE pensum='5' AND c_uni_ca='6' AND c_asigna='344812' [1][0] OK
C:[01/08/2014 15:20:28.98][190.38.209.103][1151] SELECT c_asigna FROM dace004 WHERE exp_e='08-20159734' AND c_asigna='344715' AND status IN ('0','3','B','C') [1][0] OK
C:[01/08/2014 15:20:28.98][190.38.209.103][1151] SELECT c_asigna FROM dace004 WHERE exp_e='08-20159734' AND c_asigna='344742' AND status IN ('0','3','B','C') [1][0] OK
C:[01/08/2014 15:20:28.98][190.38.209.103][1138] SELECT pre_cod_asig1,pre_cod_asig2,pre_cod_asig3,pre_cod_asig4,pre_cod_asig5,pre_cod_asig6,pre_cod_asig7 FROM tblaca009 WHERE pensum='5' AND c_uni_ca='6' AND c_asigna='344834' [1][0] OK
C:[01/08/2014 15:20:28.98][190.38.209.103][1151] SELECT c_asigna FROM dace004 WHERE exp_e='08-20159734' AND c_asigna='344715' AND status IN ('0','3','B','C') [1][0] OK
C:[01/08/2014 15:20:28.98][190.38.209.103][1151] SELECT c_asigna FROM dace004 WHERE exp_e='08-20159734' AND c_asigna='344716' AND status IN ('0','3','B','C') [1][0] OK
C:[01/08/2014 15:20:28.98][190.38.209.103][1138] SELECT pre_cod_asig1,pre_cod_asig2,pre_cod_asig3,pre_cod_asig4,pre_cod_asig5,pre_cod_asig6,pre_cod_asig7 FROM tblaca009 WHERE pensum='5' AND c_uni_ca='6' AND c_asigna='344843' [1][0] OK
C:[01/08/2014 15:20:28.98][190.38.209.103][1151] SELECT c_asigna FROM dace004 WHERE exp_e='08-20159734' AND c_asigna='344714' AND status IN ('0','3','B','C') [1][0] OK
C:[01/08/2014 15:20:28.98][190.38.209.103][1151] SELECT c_asigna FROM dace004 WHERE exp_e='08-20159734' AND c_asigna='344715' AND status IN ('0','3','B','C') [1][0] OK
C:[01/08/2014 15:20:28.98][190.38.209.103][1151] SELECT c_asigna FROM dace004 WHERE exp_e='08-20159734' AND c_asigna='300313' AND status IN ('0','3','B','C') [1][0] OK
C:[01/08/2014 15:20:28.92][190.38.209.103][1182] SELECT par_cod_asig1,par_cod_asig2,par_cod_asig3 FROM tblaca009 WHERE pensum='5' AND c_uni_ca='6' AND c_asigna='344812' [1][0] OK
C:[01/08/2014 15:20:28.92][190.38.209.103][1182] SELECT par_cod_asig1,par_cod_asig2,par_cod_asig3 FROM tblaca009 WHERE pensum='5' AND c_uni_ca='6' AND c_asigna='344834' [1][0] OK
C:[01/08/2014 15:20:28.92][190.38.209.103][1182] SELECT par_cod_asig1,par_cod_asig2,par_cod_asig3 FROM tblaca009 WHERE pensum='5' AND c_uni_ca='6' AND c_asigna='344843' [1][0] OK
C:[01/08/2014 15:20:28.31][190.38.209.103][1312] SELECT horas_lab FROM tblaca008 WHERE c_asigna='344812' AND horas_teoricas > 0 [1][0] OK
C:[01/08/2014 15:20:28.31][190.38.209.103][1312] SELECT horas_lab FROM tblaca008 WHERE c_asigna='344834' AND horas_teoricas > 0 [1][0] OK
C:[01/08/2014 15:20:28.31][190.38.209.103][1312] SELECT horas_lab FROM tblaca008 WHERE c_asigna='344843' AND horas_teoricas > 0 [1][0] OK
C:[01/08/2014 15:20:46.25][201.243.112.244][1138] SELECT pre_cod_asig1,pre_cod_asig2,pre_cod_asig3,pre_cod_asig4,pre_cod_asig5,pre_cod_asig6,pre_cod_asig7 FROM tblaca009 WHERE pensum='5' AND c_uni_ca='2' AND c_asigna='322904' [1][0] OK
C:[01/08/2014 15:20:46.25][201.243.112.244][1151] SELECT c_asigna FROM dace004 WHERE exp_e='10-20886356' AND c_asigna='322782' AND status IN ('0','3','B','C') [1][0] OK
C:[01/08/2014 15:20:46.25][201.243.112.244][1151] SELECT c_asigna FROM dace004 WHERE exp_e='10-20886356' AND c_asigna='322801' AND status IN ('0','3','B','C') [1][0] OK
C:[01/08/2014 15:20:46.25][201.243.112.244][1138] SELECT pre_cod_asig1,pre_cod_asig2,pre_cod_asig3,pre_cod_asig4,pre_cod_asig5,pre_cod_asig6,pre_cod_asig7 FROM tblaca009 WHERE pensum='5' AND c_uni_ca='2' AND c_asigna='322936' [1][0] OK
C:[01/08/2014 15:20:46.25][201.243.112.244][1151] SELECT c_asigna FROM dace004 WHERE exp_e='10-20886356' AND c_asigna='322801' AND status IN ('0','3','B','C') [1][0] OK
C:[01/08/2014 15:20:46.25][201.243.112.244][1138] SELECT pre_cod_asig1,pre_cod_asig2,pre_cod_asig3,pre_cod_asig4,pre_cod_asig5,pre_cod_asig6,pre_cod_asig7 FROM tblaca009 WHERE pensum='5' AND c_uni_ca='2' AND c_asigna='322041' [1][0] OK
C:[01/08/2014 15:20:47.25][201.243.112.244][1182] SELECT par_cod_asig1,par_cod_asig2,par_cod_asig3 FROM tblaca009 WHERE pensum='5' AND c_uni_ca='2' AND c_asigna='322904' [1][0] OK
C:[01/08/2014 15:20:47.25][201.243.112.244][1182] SELECT par_cod_asig1,par_cod_asig2,par_cod_asig3 FROM tblaca009 WHERE pensum='5' AND c_uni_ca='2' AND c_asigna='322936' [1][0] OK
C:[01/08/2014 15:20:47.25][201.243.112.244][1182] SELECT par_cod_asig1,par_cod_asig2,par_cod_asig3 FROM tblaca009 WHERE pensum='5' AND c_uni_ca='2' AND c_asigna='322041' [1][0] OK
C:[01/08/2014 15:20:47.64][201.243.112.244][1312] SELECT horas_lab FROM tblaca008 WHERE c_asigna='322904' AND horas_teoricas > 0 [1][0] OK
C:[01/08/2014 15:20:47.64][201.243.112.244][1312] SELECT horas_lab FROM tblaca008 WHERE c_asigna='322936' AND horas_teoricas > 0 [1][0] OK
C:[01/08/2014 15:20:47.64][201.243.112.244][1312] SELECT horas_lab FROM tblaca008 WHERE c_asigna='322041' AND horas_teoricas > 0 [1][0] OK
C:[01/08/2014 15:20:51.68][186.167.243.114][1138] SELECT pre_cod_asig1,pre_cod_asig2,pre_cod_asig3,pre_cod_asig4,pre_cod_asig5,pre_cod_asig6,pre_cod_asig7 FROM tblaca009 WHERE pensum='5' AND c_uni_ca='6' AND c_asigna='300207' [1][0] OK
C:[01/08/2014 15:20:51.68][186.167.243.114][1151] SELECT c_asigna FROM dace004 WHERE exp_e='11-22971909' AND c_asigna='300101' AND status IN ('0','3','B','C') [1][0] OK
C:[01/08/2014 15:20:51.92][186.167.243.114][1182] SELECT par_cod_asig1,par_cod_asig2,par_cod_asig3 FROM tblaca009 WHERE pensum='5' AND c_uni_ca='6' AND c_asigna='300207' [1][0] OK
C:[01/08/2014 15:20:52.06][186.167.243.114][1312] SELECT horas_lab FROM tblaca008 WHERE c_asigna='300207' AND horas_teoricas > 0 [1][0] OK
C:[01/08/2014 15:20:55.22][186.94.51.161][1138] SELECT pre_cod_asig1,pre_cod_asig2,pre_cod_asig3,pre_cod_asig4,pre_cod_asig5,pre_cod_asig6,pre_cod_asig7 FROM tblaca009 WHERE pensum='5' AND c_uni_ca='3' AND c_asigna='300013' [1][0] OK
C:[01/08/2014 15:20:55.35][186.94.51.161][1182] SELECT par_cod_asig1,par_cod_asig2,par_cod_asig3 FROM tblaca009 WHERE pensum='5' AND c_uni_ca='3' AND c_asigna='300013' [1][0] OK
C:[01/08/2014 15:20:55.48][186.94.51.161][1312] SELECT horas_lab FROM tblaca008 WHERE c_asigna='300013' AND horas_teoricas > 0 [1][0] OK
C:[01/08/2014 15:21:16.34][190.204.70.182][1138] SELECT pre_cod_asig1,pre_cod_asig2,pre_cod_asig3,pre_cod_asig4,pre_cod_asig5,pre_cod_asig6,pre_cod_asig7 FROM tblaca009 WHERE pensum='5' AND c_uni_ca='2' AND c_asigna='322780' [1][0] OK
C:[01/08/2014 15:21:16.34][190.204.70.182][1151] SELECT c_asigna FROM dace004 WHERE exp_e='09-20299457' AND c_asigna='322678' AND status IN ('0','3','B','C') [1][0] OK
C:[01/08/2014 15:21:16.83][190.204.70.182][1182] SELECT par_cod_asig1,par_cod_asig2,par_cod_asig3 FROM tblaca009 WHERE pensum='5' AND c_uni_ca='2' AND c_asigna='322780' [1][0] OK
C:[01/08/2014 15:21:16.97][190.204.70.182][1312] SELECT horas_lab FROM tblaca008 WHERE c_asigna='322780' AND horas_teoricas > 0 [1][0] OK
C:[01/08/2014 15:21:32.36][190.201.168.142][1138] SELECT pre_cod_asig1,pre_cod_asig2,pre_cod_asig3,pre_cod_asig4,pre_cod_asig5,pre_cod_asig6,pre_cod_asig7 FROM tblaca009 WHERE pensum='5' AND c_uni_ca='4' AND c_asigna='300101' [1][0] OK
C:[01/08/2014 15:21:32.36][190.201.168.142][1138] SELECT pre_cod_asig1,pre_cod_asig2,pre_cod_asig3,pre_cod_asig4,pre_cod_asig5,pre_cod_asig6,pre_cod_asig7 FROM tblaca009 WHERE pensum='5' AND c_uni_ca='4' AND c_asigna='300222' [1][0] OK
C:[01/08/2014 15:21:32.36][190.201.168.142][1151] SELECT c_asigna FROM dace004 WHERE exp_e='13-25266347' AND c_asigna='300112' AND status IN ('0','3','B','C') [1][0] OK
C:[01/08/2014 15:21:32.99][190.201.168.142][1182] SELECT par_cod_asig1,par_cod_asig2,par_cod_asig3 FROM tblaca009 WHERE pensum='5' AND c_uni_ca='4' AND c_asigna='300101' [1][0] OK
C:[01/08/2014 15:21:32.99][190.201.168.142][1182] SELECT par_cod_asig1,par_cod_asig2,par_cod_asig3 FROM tblaca009 WHERE pensum='5' AND c_uni_ca='4' AND c_asigna='300222' [1][0] OK
C:[01/08/2014 15:21:32.25][190.201.168.142][1312] SELECT horas_lab FROM tblaca008 WHERE c_asigna='300101' AND horas_teoricas > 0 [1][0] OK
C:[01/08/2014 15:21:32.25][190.201.168.142][1312] SELECT horas_lab FROM tblaca008 WHERE c_asigna='300222' AND horas_teoricas > 0 [1][0] OK
C:[01/08/2014 15:21:35.95][186.95.41.233][1138] SELECT pre_cod_asig1,pre_cod_asig2,pre_cod_asig3,pre_cod_asig4,pre_cod_asig5,pre_cod_asig6,pre_cod_asig7 FROM tblaca009 WHERE pensum='5' AND c_uni_ca='4' AND c_asigna='300956' [1][0] OK
C:[01/08/2014 15:21:35.95][186.95.41.233][1151] SELECT c_asigna FROM dace004 WHERE exp_e='08-19688147' AND c_asigna='300422' AND status IN ('0','3','B','C') [1][0] OK
C:[01/08/2014 15:21:35.95][186.95.41.233][1151] SELECT c_asigna FROM dace004 WHERE exp_e='08-19688147' AND c_asigna='300105' AND status IN ('0','3','B','C') [1][0] OK
C:[01/08/2014 15:21:35.95][186.95.41.233][1151] SELECT c_asigna FROM dace004 WHERE exp_e='08-19688147' AND c_asigna='300314' AND status IN ('0','3','B','C') [1][0] OK
C:[01/08/2014 15:21:35.45][186.95.41.233][1182] SELECT par_cod_asig1,par_cod_asig2,par_cod_asig3 FROM tblaca009 WHERE pensum='5' AND c_uni_ca='4' AND c_asigna='300956' [1][0] OK
C:[01/08/2014 15:21:35.59][186.95.41.233][1312] SELECT horas_lab FROM tblaca008 WHERE c_asigna='300956' AND horas_teoricas > 0 [1][0] OK
C:[01/08/2014 15:22:35.86][201.243.126.168][1138] SELECT pre_cod_asig1,pre_cod_asig2,pre_cod_asig3,pre_cod_asig4,pre_cod_asig5,pre_cod_asig6,pre_cod_asig7 FROM tblaca009 WHERE pensum='5' AND c_uni_ca='3' AND c_asigna='311551' [1][0] OK
C:[01/08/2014 15:22:35.86][201.243.126.168][1151] SELECT c_asigna FROM dace004 WHERE exp_e='08-20124096' AND c_asigna='311430' AND status IN ('0','3','B','C') [1][0] OK
C:[01/08/2014 15:22:35.86][201.243.126.168][1151] SELECT c_asigna FROM dace004 WHERE exp_e='08-20124096' AND c_asigna='311431' AND status IN ('0','3','B','C') [1][0] OK
C:[01/08/2014 15:22:35.86][201.243.126.168][1151] SELECT c_asigna FROM dace004 WHERE exp_e='08-20124096' AND c_asigna='300222' AND status IN ('0','3','B','C') [1][0] OK
C:[01/08/2014 15:22:35.86][201.243.126.168][1151] SELECT c_asigna FROM dace004 WHERE exp_e='08-20124096' AND c_asigna='300226' AND status IN ('0','3','B','C') [1][0] OK
C:[01/08/2014 15:22:35.86][201.243.126.168][1151] SELECT c_asigna FROM dace004 WHERE exp_e='08-20124096' AND c_asigna='300209' AND status IN ('0','3','B','C') [1][0] OK
C:[01/08/2014 15:22:35.86][201.243.126.168][1151] SELECT c_asigna FROM dace004 WHERE exp_e='08-20124096' AND c_asigna='311320' AND status IN ('0','3','B','C') [1][0] OK
C:[01/08/2014 15:22:35.42][201.243.126.168][1182] SELECT par_cod_asig1,par_cod_asig2,par_cod_asig3 FROM tblaca009 WHERE pensum='5' AND c_uni_ca='3' AND c_asigna='311551' [1][0] OK
C:[01/08/2014 15:22:35.55][201.243.126.168][1312] SELECT horas_lab FROM tblaca008 WHERE c_asigna='311551' AND horas_teoricas > 0 [1][0] OK
C:[01/08/2014 15:22:38.77][201.243.112.244][1138] SELECT pre_cod_asig1,pre_cod_asig2,pre_cod_asig3,pre_cod_asig4,pre_cod_asig5,pre_cod_asig6,pre_cod_asig7 FROM tblaca009 WHERE pensum='5' AND c_uni_ca='2' AND c_asigna='322904' [1][0] OK
C:[01/08/2014 15:22:38.77][201.243.112.244][1151] SELECT c_asigna FROM dace004 WHERE exp_e='07-19157729' AND c_asigna='322782' AND status IN ('0','3','B','C') [1][0] OK
C:[01/08/2014 15:22:38.77][201.243.112.244][1151] SELECT c_asigna FROM dace004 WHERE exp_e='07-19157729' AND c_asigna='322801' AND status IN ('0','3','B','C') [1][0] OK
C:[01/08/2014 15:22:38.77][201.243.112.244][1138] SELECT pre_cod_asig1,pre_cod_asig2,pre_cod_asig3,pre_cod_asig4,pre_cod_asig5,pre_cod_asig6,pre_cod_asig7 FROM tblaca009 WHERE pensum='5' AND c_uni_ca='2' AND c_asigna='322936' [1][0] OK
C:[01/08/2014 15:22:38.77][201.243.112.244][1151] SELECT c_asigna FROM dace004 WHERE exp_e='07-19157729' AND c_asigna='322801' AND status IN ('0','3','B','C') [1][0] OK
C:[01/08/2014 15:22:38.77][201.243.112.244][1138] SELECT pre_cod_asig1,pre_cod_asig2,pre_cod_asig3,pre_cod_asig4,pre_cod_asig5,pre_cod_asig6,pre_cod_asig7 FROM tblaca009 WHERE pensum='5' AND c_uni_ca='2' AND c_asigna='322041' [1][0] OK
C:[01/08/2014 15:22:38.53][201.243.112.244][1182] SELECT par_cod_asig1,par_cod_asig2,par_cod_asig3 FROM tblaca009 WHERE pensum='5' AND c_uni_ca='2' AND c_asigna='322904' [1][0] OK
C:[01/08/2014 15:22:38.53][201.243.112.244][1182] SELECT par_cod_asig1,par_cod_asig2,par_cod_asig3 FROM tblaca009 WHERE pensum='5' AND c_uni_ca='2' AND c_asigna='322936' [1][0] OK
C:[01/08/2014 15:22:38.53][201.243.112.244][1182] SELECT par_cod_asig1,par_cod_asig2,par_cod_asig3 FROM tblaca009 WHERE pensum='5' AND c_uni_ca='2' AND c_asigna='322041' [1][0] OK
C:[01/08/2014 15:22:38.91][201.243.112.244][1312] SELECT horas_lab FROM tblaca008 WHERE c_asigna='322904' AND horas_teoricas > 0 [1][0] OK
C:[01/08/2014 15:22:38.91][201.243.112.244][1312] SELECT horas_lab FROM tblaca008 WHERE c_asigna='322936' AND horas_teoricas > 0 [1][0] OK
C:[01/08/2014 15:22:38.91][201.243.112.244][1312] SELECT horas_lab FROM tblaca008 WHERE c_asigna='322041' AND horas_teoricas > 0 [1][0] OK
C:[01/08/2014 15:23:01.56][186.94.51.161][1138] SELECT pre_cod_asig1,pre_cod_asig2,pre_cod_asig3,pre_cod_asig4,pre_cod_asig5,pre_cod_asig6,pre_cod_asig7 FROM tblaca009 WHERE pensum='5' AND c_uni_ca='4' AND c_asigna='300101' [1][0] OK
C:[01/08/2014 15:23:01.56][186.94.51.161][1138] SELECT pre_cod_asig1,pre_cod_asig2,pre_cod_asig3,pre_cod_asig4,pre_cod_asig5,pre_cod_asig6,pre_cod_asig7 FROM tblaca009 WHERE pensum='5' AND c_uni_ca='4' AND c_asigna='300222' [1][0] OK
C:[01/08/2014 15:23:01.56][186.94.51.161][1151] SELECT c_asigna FROM dace004 WHERE exp_e='11-25086982' AND c_asigna='300112' AND status IN ('0','3','B','C') [1][0] OK
C:[01/08/2014 15:23:01.17][186.94.51.161][1182] SELECT par_cod_asig1,par_cod_asig2,par_cod_asig3 FROM tblaca009 WHERE pensum='5' AND c_uni_ca='4' AND c_asigna='300101' [1][0] OK
C:[01/08/2014 15:23:01.17][186.94.51.161][1182] SELECT par_cod_asig1,par_cod_asig2,par_cod_asig3 FROM tblaca009 WHERE pensum='5' AND c_uni_ca='4' AND c_asigna='300222' [1][0] OK
C:[01/08/2014 15:23:01.43][186.94.51.161][1312] SELECT horas_lab FROM tblaca008 WHERE c_asigna='300101' AND horas_teoricas > 0 [1][0] OK
C:[01/08/2014 15:23:01.43][186.94.51.161][1312] SELECT horas_lab FROM tblaca008 WHERE c_asigna='300222' AND horas_teoricas > 0 [1][0] OK
C:[01/08/2014 15:23:06.49][186.90.222.165][1138] SELECT pre_cod_asig1,pre_cod_asig2,pre_cod_asig3,pre_cod_asig4,pre_cod_asig5,pre_cod_asig6,pre_cod_asig7 FROM tblaca009 WHERE pensum='5' AND c_uni_ca='2' AND c_asigna='300228' [1][0] OK
C:[01/08/2014 15:23:06.49][186.90.222.165][1151] SELECT c_asigna FROM dace004 WHERE exp_e='13-25397454' AND c_asigna='300101' AND status IN ('0','3','B','C') [1][0] OK
C:[01/08/2014 15:23:06.74][186.90.222.165][1182] SELECT par_cod_asig1,par_cod_asig2,par_cod_asig3 FROM tblaca009 WHERE pensum='5' AND c_uni_ca='2' AND c_asigna='300228' [1][0] OK
C:[01/08/2014 15:23:06.87][186.90.222.165][1312] SELECT horas_lab FROM tblaca008 WHERE c_asigna='300228' AND horas_teoricas > 0 [1][0] OK
C:[01/08/2014 15:23:11.01][200.109.201.62][1138] SELECT pre_cod_asig1,pre_cod_asig2,pre_cod_asig3,pre_cod_asig4,pre_cod_asig5,pre_cod_asig6,pre_cod_asig7 FROM tblaca009 WHERE pensum='5' AND c_uni_ca='5' AND c_asigna='300209' [1][0] OK
C:[01/08/2014 15:23:11.01][200.109.201.62][1151] SELECT c_asigna FROM dace004 WHERE exp_e='13-26026257' AND c_asigna='300101' AND status IN ('0','3','B','C') [1][0] OK
C:[01/08/2014 15:23:11.01][200.109.201.62][1138] SELECT pre_cod_asig1,pre_cod_asig2,pre_cod_asig3,pre_cod_asig4,pre_cod_asig5,pre_cod_asig6,pre_cod_asig7 FROM tblaca009 WHERE pensum='5' AND c_uni_ca='5' AND c_asigna='300226' [1][0] OK
C:[01/08/2014 15:23:11.01][200.109.201.62][1151] SELECT c_asigna FROM dace004 WHERE exp_e='13-26026257' AND c_asigna='300116' AND status IN ('0','3','B','C') [1][0] OK
C:[01/08/2014 15:23:11.51][200.109.201.62][1182] SELECT par_cod_asig1,par_cod_asig2,par_cod_asig3 FROM tblaca009 WHERE pensum='5' AND c_uni_ca='5' AND c_asigna='300209' [1][0] OK
C:[01/08/2014 15:23:11.51][200.109.201.62][1182] SELECT par_cod_asig1,par_cod_asig2,par_cod_asig3 FROM tblaca009 WHERE pensum='5' AND c_uni_ca='5' AND c_asigna='300226' [1][0] OK
C:[01/08/2014 15:23:11.77][200.109.201.62][1312] SELECT horas_lab FROM tblaca008 WHERE c_asigna='300209' AND horas_teoricas > 0 [1][0] OK
C:[01/08/2014 15:23:11.77][200.109.201.62][1312] SELECT horas_lab FROM tblaca008 WHERE c_asigna='300226' AND horas_teoricas > 0 [1][0] OK
C:[01/08/2014 15:23:18.67][186.94.51.161][1138] SELECT pre_cod_asig1,pre_cod_asig2,pre_cod_asig3,pre_cod_asig4,pre_cod_asig5,pre_cod_asig6,pre_cod_asig7 FROM tblaca009 WHERE pensum='5' AND c_uni_ca='5' AND c_asigna='300207' [1][0] OK
C:[01/08/2014 15:23:18.67][186.94.51.161][1151] SELECT c_asigna FROM dace004 WHERE exp_e='13-25324137' AND c_asigna='300101' AND status IN ('0','3','B','C') [1][0] OK
C:[01/08/2014 15:23:18.67][186.94.51.161][1138] SELECT pre_cod_asig1,pre_cod_asig2,pre_cod_asig3,pre_cod_asig4,pre_cod_asig5,pre_cod_asig6,pre_cod_asig7 FROM tblaca009 WHERE pensum='5' AND c_uni_ca='5' AND c_asigna='300228' [1][0] OK
C:[01/08/2014 15:23:18.67][186.94.51.161][1151] SELECT c_asigna FROM dace004 WHERE exp_e='13-25324137' AND c_asigna='300101' AND status IN ('0','3','B','C') [1][0] OK
C:[01/08/2014 15:23:18.43][186.94.51.161][1182] SELECT par_cod_asig1,par_cod_asig2,par_cod_asig3 FROM tblaca009 WHERE pensum='5' AND c_uni_ca='5' AND c_asigna='300207' [1][0] OK
C:[01/08/2014 15:23:18.43][186.94.51.161][1182] SELECT par_cod_asig1,par_cod_asig2,par_cod_asig3 FROM tblaca009 WHERE pensum='5' AND c_uni_ca='5' AND c_asigna='300228' [1][0] OK
C:[01/08/2014 15:23:18.69][186.94.51.161][1312] SELECT horas_lab FROM tblaca008 WHERE c_asigna='300207' AND horas_teoricas > 0 [1][0] OK
C:[01/08/2014 15:23:18.69][186.94.51.161][1312] SELECT horas_lab FROM tblaca008 WHERE c_asigna='300228' AND horas_teoricas > 0 [1][0] OK
C:[01/08/2014 15:24:20.32][190.204.98.81][1138] SELECT pre_cod_asig1,pre_cod_asig2,pre_cod_asig3,pre_cod_asig4,pre_cod_asig5,pre_cod_asig6,pre_cod_asig7 FROM tblaca009 WHERE pensum='5' AND c_uni_ca='5' AND c_asigna='300209' [1][0] OK
C:[01/08/2014 15:24:20.32][190.204.98.81][1151] SELECT c_asigna FROM dace004 WHERE exp_e='11-23501891' AND c_asigna='300101' AND status IN ('0','3','B','C') [1][0] OK
C:[01/08/2014 15:24:20.32][190.204.98.81][1138] SELECT pre_cod_asig1,pre_cod_asig2,pre_cod_asig3,pre_cod_asig4,pre_cod_asig5,pre_cod_asig6,pre_cod_asig7 FROM tblaca009 WHERE pensum='5' AND c_uni_ca='5' AND c_asigna='300222' [1][0] OK
C:[01/08/2014 15:24:20.32][190.204.98.81][1151] SELECT c_asigna FROM dace004 WHERE exp_e='11-23501891' AND c_asigna='300112' AND status IN ('0','3','B','C') [1][0] OK
C:[01/08/2014 15:24:20.07][190.204.98.81][1182] SELECT par_cod_asig1,par_cod_asig2,par_cod_asig3 FROM tblaca009 WHERE pensum='5' AND c_uni_ca='5' AND c_asigna='300209' [1][0] OK
C:[01/08/2014 15:24:20.07][190.204.98.81][1182] SELECT par_cod_asig1,par_cod_asig2,par_cod_asig3 FROM tblaca009 WHERE pensum='5' AND c_uni_ca='5' AND c_asigna='300222' [1][0] OK
C:[01/08/2014 15:24:20.33][190.204.98.81][1312] SELECT horas_lab FROM tblaca008 WHERE c_asigna='300209' AND horas_teoricas > 0 [1][0] OK
C:[01/08/2014 15:24:20.33][190.204.98.81][1312] SELECT horas_lab FROM tblaca008 WHERE c_asigna='300222' AND horas_teoricas > 0 [1][0] OK
C:[01/08/2014 15:24:30.44][190.202.19.202][1138] SELECT pre_cod_asig1,pre_cod_asig2,pre_cod_asig3,pre_cod_asig4,pre_cod_asig5,pre_cod_asig6,pre_cod_asig7 FROM tblaca009 WHERE pensum='5' AND c_uni_ca='4' AND c_asigna='300956' [1][0] OK
C:[01/08/2014 15:24:30.44][190.202.19.202][1151] SELECT c_asigna FROM dace004 WHERE exp_e='06-19041346' AND c_asigna='300422' AND status IN ('0','3','B','C') [1][0] OK
C:[01/08/2014 15:24:30.44][190.202.19.202][1151] SELECT c_asigna FROM dace004 WHERE exp_e='06-19041346' AND c_asigna='300105' AND status IN ('0','3','B','C') [1][0] OK
C:[01/08/2014 15:24:30.44][190.202.19.202][1151] SELECT c_asigna FROM dace004 WHERE exp_e='06-19041346' AND c_asigna='300314' AND status IN ('0','3','B','C') [1][0] OK
C:[01/08/2014 15:24:30.17][190.202.19.202][1182] SELECT par_cod_asig1,par_cod_asig2,par_cod_asig3 FROM tblaca009 WHERE pensum='5' AND c_uni_ca='4' AND c_asigna='300956' [1][0] OK
C:[01/08/2014 15:24:30.32][190.202.19.202][1312] SELECT horas_lab FROM tblaca008 WHERE c_asigna='300956' AND horas_teoricas > 0 [1][0] OK
C:[01/08/2014 15:24:34.06][190.37.122.184][1138] SELECT pre_cod_asig1,pre_cod_asig2,pre_cod_asig3,pre_cod_asig4,pre_cod_asig5,pre_cod_asig6,pre_cod_asig7 FROM tblaca009 WHERE pensum='5' AND c_uni_ca='5' AND c_asigna='300209' [1][0] OK
C:[01/08/2014 15:24:34.06][190.37.122.184][1151] SELECT c_asigna FROM dace004 WHERE exp_e='11-21247769' AND c_asigna='300101' AND status IN ('0','3','B','C') [1][0] OK
C:[01/08/2014 15:24:34.31][190.37.122.184][1182] SELECT par_cod_asig1,par_cod_asig2,par_cod_asig3 FROM tblaca009 WHERE pensum='5' AND c_uni_ca='5' AND c_asigna='300209' [1][0] OK
C:[01/08/2014 15:24:34.45][190.37.122.184][1312] SELECT horas_lab FROM tblaca008 WHERE c_asigna='300209' AND horas_teoricas > 0 [1][0] OK
C:[01/08/2014 15:24:53.89][190.201.12.220][1138] SELECT pre_cod_asig1,pre_cod_asig2,pre_cod_asig3,pre_cod_asig4,pre_cod_asig5,pre_cod_asig6,pre_cod_asig7 FROM tblaca009 WHERE pensum='5' AND c_uni_ca='3' AND c_asigna='300101' [1][0] OK
C:[01/08/2014 15:24:53.26][190.201.12.220][1182] SELECT par_cod_asig1,par_cod_asig2,par_cod_asig3 FROM tblaca009 WHERE pensum='5' AND c_uni_ca='3' AND c_asigna='300101' [1][0] OK
C:[01/08/2014 15:24:53.41][190.201.12.220][1312] SELECT horas_lab FROM tblaca008 WHERE c_asigna='300101' AND horas_teoricas > 0 [1][0] OK
C:[01/08/2014 15:26:16.55][186.94.51.161][1138] SELECT pre_cod_asig1,pre_cod_asig2,pre_cod_asig3,pre_cod_asig4,pre_cod_asig5,pre_cod_asig6,pre_cod_asig7 FROM tblaca009 WHERE pensum='5' AND c_uni_ca='5' AND c_asigna='355694' [1][0] OK
C:[01/08/2014 15:26:16.55][186.94.51.161][1151] SELECT c_asigna FROM dace004 WHERE exp_e='04-16407950' AND c_asigna='355572' AND status IN ('0','3','B','C') [1][0] OK
C:[01/08/2014 15:26:16.55][186.94.51.161][1151] SELECT c_asigna FROM dace004 WHERE exp_e='04-16407950' AND c_asigna='355571' AND status IN ('0','3','B','C') [1][0] OK
C:[01/08/2014 15:26:16.55][186.94.51.161][1138] SELECT pre_cod_asig1,pre_cod_asig2,pre_cod_asig3,pre_cod_asig4,pre_cod_asig5,pre_cod_asig6,pre_cod_asig7 FROM tblaca009 WHERE pensum='5' AND c_uni_ca='5' AND c_asigna='355724' [1][0] OK
C:[01/08/2014 15:26:16.55][186.94.51.161][1151] SELECT c_asigna FROM dace004 WHERE exp_e='04-16407950' AND c_asigna='355692' AND status IN ('0','3','B','C') [1][0] OK
C:[01/08/2014 15:26:16.23][186.94.51.161][1182] SELECT par_cod_asig1,par_cod_asig2,par_cod_asig3 FROM tblaca009 WHERE pensum='5' AND c_uni_ca='5' AND c_asigna='355694' [1][0] OK
C:[01/08/2014 15:26:16.23][186.94.51.161][1182] SELECT par_cod_asig1,par_cod_asig2,par_cod_asig3 FROM tblaca009 WHERE pensum='5' AND c_uni_ca='5' AND c_asigna='355724' [1][0] OK
C:[01/08/2014 15:26:16.49][186.94.51.161][1312] SELECT horas_lab FROM tblaca008 WHERE c_asigna='355694' AND horas_teoricas > 0 [1][0] OK
C:[01/08/2014 15:26:16.49][186.94.51.161][1312] SELECT horas_lab FROM tblaca008 WHERE c_asigna='355724' AND horas_teoricas > 0 [1][0] OK
C:[01/08/2014 15:26:23.80][190.206.39.141][1138] SELECT pre_cod_asig1,pre_cod_asig2,pre_cod_asig3,pre_cod_asig4,pre_cod_asig5,pre_cod_asig6,pre_cod_asig7 FROM tblaca009 WHERE pensum='5' AND c_uni_ca='5' AND c_asigna='300105' [1][0] OK
C:[01/08/2014 15:26:23.80][190.206.39.141][1138] SELECT pre_cod_asig1,pre_cod_asig2,pre_cod_asig3,pre_cod_asig4,pre_cod_asig5,pre_cod_asig6,pre_cod_asig7 FROM tblaca009 WHERE pensum='5' AND c_uni_ca='5' AND c_asigna='300113' [1][0] OK
C:[01/08/2014 15:26:23.04][190.206.39.141][1182] SELECT par_cod_asig1,par_cod_asig2,par_cod_asig3 FROM tblaca009 WHERE pensum='5' AND c_uni_ca='5' AND c_asigna='300105' [1][0] OK
C:[01/08/2014 15:26:23.04][190.206.39.141][1182] SELECT par_cod_asig1,par_cod_asig2,par_cod_asig3 FROM tblaca009 WHERE pensum='5' AND c_uni_ca='5' AND c_asigna='300113' [1][0] OK
C:[01/08/2014 15:26:23.04][190.206.39.141][1196] SELECT c_asigna FROM dace004 WHERE exp_e='12-24863898' AND c_asigna='300013' AND status IN ('0','3','B','C') [1][0] OK
C:[01/08/2014 15:26:23.42][190.206.39.141][1312] SELECT horas_lab FROM tblaca008 WHERE c_asigna='300105' AND horas_teoricas > 0 [1][0] OK
C:[01/08/2014 15:26:23.42][190.206.39.141][1312] SELECT horas_lab FROM tblaca008 WHERE c_asigna='300113' AND horas_teoricas > 0 [0][0] OK
C:[01/08/2014 15:27:02.61][201.243.112.244][1138] SELECT pre_cod_asig1,pre_cod_asig2,pre_cod_asig3,pre_cod_asig4,pre_cod_asig5,pre_cod_asig6,pre_cod_asig7 FROM tblaca009 WHERE pensum='5' AND c_uni_ca='2' AND c_asigna='300956' [1][0] OK
C:[01/08/2014 15:27:02.61][201.243.112.244][1151] SELECT c_asigna FROM dace004 WHERE exp_e='09-19910136' AND c_asigna='300422' AND status IN ('0','3','B','C') [1][0] OK
C:[01/08/2014 15:27:02.61][201.243.112.244][1151] SELECT c_asigna FROM dace004 WHERE exp_e='09-19910136' AND c_asigna='300105' AND status IN ('0','3','B','C') [1][0] OK
C:[01/08/2014 15:27:02.61][201.243.112.244][1151] SELECT c_asigna FROM dace004 WHERE exp_e='09-19910136' AND c_asigna='300314' AND status IN ('0','3','B','C') [1][0] OK
C:[01/08/2014 15:27:02.61][201.243.112.244][1138] SELECT pre_cod_asig1,pre_cod_asig2,pre_cod_asig3,pre_cod_asig4,pre_cod_asig5,pre_cod_asig6,pre_cod_asig7 FROM tblaca009 WHERE pensum='5' AND c_uni_ca='2' AND c_asigna='322904' [1][0] OK
C:[01/08/2014 15:27:02.61][201.243.112.244][1151] SELECT c_asigna FROM dace004 WHERE exp_e='09-19910136' AND c_asigna='322782' AND status IN ('0','3','B','C') [1][0] OK
C:[01/08/2014 15:27:02.61][201.243.112.244][1151] SELECT c_asigna FROM dace004 WHERE exp_e='09-19910136' AND c_asigna='322801' AND status IN ('0','3','B','C') [1][0] OK
C:[01/08/2014 15:27:02.74][201.243.112.244][1182] SELECT par_cod_asig1,par_cod_asig2,par_cod_asig3 FROM tblaca009 WHERE pensum='5' AND c_uni_ca='2' AND c_asigna='300956' [1][0] OK
C:[01/08/2014 15:27:02.74][201.243.112.244][1182] SELECT par_cod_asig1,par_cod_asig2,par_cod_asig3 FROM tblaca009 WHERE pensum='5' AND c_uni_ca='2' AND c_asigna='322904' [1][0] OK
C:[01/08/2014 15:27:02.00][201.243.112.244][1312] SELECT horas_lab FROM tblaca008 WHERE c_asigna='300956' AND horas_teoricas > 0 [1][0] OK
C:[01/08/2014 15:27:02.00][201.243.112.244][1312] SELECT horas_lab FROM tblaca008 WHERE c_asigna='322904' AND horas_teoricas > 0 [1][0] OK
C:[01/08/2014 15:27:32.85][186.94.51.161][1138] SELECT pre_cod_asig1,pre_cod_asig2,pre_cod_asig3,pre_cod_asig4,pre_cod_asig5,pre_cod_asig6,pre_cod_asig7 FROM tblaca009 WHERE pensum='5' AND c_uni_ca='2' AND c_asigna='300013' [1][0] OK
C:[01/08/2014 15:27:32.85][186.94.51.161][1138] SELECT pre_cod_asig1,pre_cod_asig2,pre_cod_asig3,pre_cod_asig4,pre_cod_asig5,pre_cod_asig6,pre_cod_asig7 FROM tblaca009 WHERE pensum='5' AND c_uni_ca='2' AND c_asigna='300218' [1][0] OK
C:[01/08/2014 15:27:32.85][186.94.51.161][1151] SELECT c_asigna FROM dace004 WHERE exp_e='13-16162613' AND c_asigna='300101' AND status IN ('0','3','B','C') [1][0] OK
C:[01/08/2014 15:27:32.85][186.94.51.161][1138] SELECT pre_cod_asig1,pre_cod_asig2,pre_cod_asig3,pre_cod_asig4,pre_cod_asig5,pre_cod_asig6,pre_cod_asig7 FROM tblaca009 WHERE pensum='5' AND c_uni_ca='2' AND c_asigna='300228' [1][0] OK
C:[01/08/2014 15:27:32.85][186.94.51.161][1151] SELECT c_asigna FROM dace004 WHERE exp_e='13-16162613' AND c_asigna='300101' AND status IN ('0','3','B','C') [1][0] OK
C:[01/08/2014 15:27:32.55][186.94.51.161][1182] SELECT par_cod_asig1,par_cod_asig2,par_cod_asig3 FROM tblaca009 WHERE pensum='5' AND c_uni_ca='2' AND c_asigna='300013' [1][0] OK
C:[01/08/2014 15:27:32.55][186.94.51.161][1182] SELECT par_cod_asig1,par_cod_asig2,par_cod_asig3 FROM tblaca009 WHERE pensum='5' AND c_uni_ca='2' AND c_asigna='300218' [1][0] OK
C:[01/08/2014 15:27:32.55][186.94.51.161][1196] SELECT c_asigna FROM dace004 WHERE exp_e='13-16162613' AND c_asigna='300228' AND status IN ('0','3','B','C') [0][0] OK
C:[01/08/2014 15:27:32.55][186.94.51.161][1182] SELECT par_cod_asig1,par_cod_asig2,par_cod_asig3 FROM tblaca009 WHERE pensum='5' AND c_uni_ca='2' AND c_asigna='300228' [1][0] OK
C:[01/08/2014 15:27:32.05][186.94.51.161][1312] SELECT horas_lab FROM tblaca008 WHERE c_asigna='300013' AND horas_teoricas > 0 [1][0] OK
C:[01/08/2014 15:27:32.05][186.94.51.161][1312] SELECT horas_lab FROM tblaca008 WHERE c_asigna='300218' AND horas_teoricas > 0 [0][0] OK
C:[01/08/2014 15:27:32.05][186.94.51.161][1312] SELECT horas_lab FROM tblaca008 WHERE c_asigna='300228' AND horas_teoricas > 0 [1][0] OK
C:[01/08/2014 15:28:43.98][186.90.222.165][1138] SELECT pre_cod_asig1,pre_cod_asig2,pre_cod_asig3,pre_cod_asig4,pre_cod_asig5,pre_cod_asig6,pre_cod_asig7 FROM tblaca009 WHERE pensum='5' AND c_uni_ca='2' AND c_asigna='300228' [1][0] OK
C:[01/08/2014 15:28:43.98][186.90.222.165][1151] SELECT c_asigna FROM dace004 WHERE exp_e='13-25397454' AND c_asigna='300101' AND status IN ('0','3','B','C') [1][0] OK
C:[01/08/2014 15:28:43.49][186.90.222.165][1182] SELECT par_cod_asig1,par_cod_asig2,par_cod_asig3 FROM tblaca009 WHERE pensum='5' AND c_uni_ca='2' AND c_asigna='300228' [1][0] OK
C:[01/08/2014 15:28:43.62][186.90.222.165][1312] SELECT horas_lab FROM tblaca008 WHERE c_asigna='300228' AND horas_teoricas > 0 [1][0] OK
C:[01/08/2014 15:31:08.13][200.109.201.62][1138] SELECT pre_cod_asig1,pre_cod_asig2,pre_cod_asig3,pre_cod_asig4,pre_cod_asig5,pre_cod_asig6,pre_cod_asig7 FROM tblaca009 WHERE pensum='5' AND c_uni_ca='5' AND c_asigna='300209' [1][0] OK
C:[01/08/2014 15:31:08.13][200.109.201.62][1151] SELECT c_asigna FROM dace004 WHERE exp_e='13-26026257' AND c_asigna='300101' AND status IN ('0','3','B','C') [1][0] OK
C:[01/08/2014 15:31:08.13][200.109.201.62][1138] SELECT pre_cod_asig1,pre_cod_asig2,pre_cod_asig3,pre_cod_asig4,pre_cod_asig5,pre_cod_asig6,pre_cod_asig7 FROM tblaca009 WHERE pensum='5' AND c_uni_ca='5' AND c_asigna='300226' [1][0] OK
C:[01/08/2014 15:31:08.13][200.109.201.62][1151] SELECT c_asigna FROM dace004 WHERE exp_e='13-26026257' AND c_asigna='300116' AND status IN ('0','3','B','C') [1][0] OK
C:[01/08/2014 15:31:08.84][200.109.201.62][1182] SELECT par_cod_asig1,par_cod_asig2,par_cod_asig3 FROM tblaca009 WHERE pensum='5' AND c_uni_ca='5' AND c_asigna='300209' [1][0] OK
C:[01/08/2014 15:31:08.84][200.109.201.62][1182] SELECT par_cod_asig1,par_cod_asig2,par_cod_asig3 FROM tblaca009 WHERE pensum='5' AND c_uni_ca='5' AND c_asigna='300226' [1][0] OK
C:[01/08/2014 15:31:08.10][200.109.201.62][1312] SELECT horas_lab FROM tblaca008 WHERE c_asigna='300209' AND horas_teoricas > 0 [1][0] OK
C:[01/08/2014 15:31:08.10][200.109.201.62][1312] SELECT horas_lab FROM tblaca008 WHERE c_asigna='300226' AND horas_teoricas > 0 [1][0] OK
C:[01/08/2014 15:31:11.24][186.90.56.96][1138] SELECT pre_cod_asig1,pre_cod_asig2,pre_cod_asig3,pre_cod_asig4,pre_cod_asig5,pre_cod_asig6,pre_cod_asig7 FROM tblaca009 WHERE pensum='5' AND c_uni_ca='2' AND c_asigna='300101' [1][0] OK
C:[01/08/2014 15:31:11.36][186.90.56.96][1182] SELECT par_cod_asig1,par_cod_asig2,par_cod_asig3 FROM tblaca009 WHERE pensum='5' AND c_uni_ca='2' AND c_asigna='300101' [1][0] OK
C:[01/08/2014 15:31:11.50][186.90.56.96][1312] SELECT horas_lab FROM tblaca008 WHERE c_asigna='300101' AND horas_teoricas > 0 [1][0] OK
C:[01/08/2014 15:31:13.71][200.109.205.91][1138] SELECT pre_cod_asig1,pre_cod_asig2,pre_cod_asig3,pre_cod_asig4,pre_cod_asig5,pre_cod_asig6,pre_cod_asig7 FROM tblaca009 WHERE pensum='5' AND c_uni_ca='6' AND c_asigna='342559' [1][0] OK
C:[01/08/2014 15:31:13.71][200.109.205.91][1151] SELECT c_asigna FROM dace004 WHERE exp_e='07-20224268' AND c_asigna='342436' AND status IN ('0','3','B','C') [1][0] OK
C:[01/08/2014 15:31:13.96][200.109.205.91][1182] SELECT par_cod_asig1,par_cod_asig2,par_cod_asig3 FROM tblaca009 WHERE pensum='5' AND c_uni_ca='6' AND c_asigna='342559' [1][0] OK
C:[01/08/2014 15:31:13.10][200.109.205.91][1312] SELECT horas_lab FROM tblaca008 WHERE c_asigna='342559' AND horas_teoricas > 0 [1][0] OK
C:[01/08/2014 15:32:03.52][190.37.126.13][1138] SELECT pre_cod_asig1,pre_cod_asig2,pre_cod_asig3,pre_cod_asig4,pre_cod_asig5,pre_cod_asig6,pre_cod_asig7 FROM tblaca009 WHERE pensum='5' AND c_uni_ca='2' AND c_asigna='322827' [1][0] OK
C:[01/08/2014 15:32:03.52][190.37.126.13][1151] SELECT c_asigna FROM dace004 WHERE exp_e='05-18521792' AND c_asigna='322703' AND status IN ('0','3','B','C') [1][0] OK
C:[01/08/2014 15:32:03.52][190.37.126.13][1151] SELECT c_asigna FROM dace004 WHERE exp_e='05-18521792' AND c_asigna='322782' AND status IN ('0','3','B','C') [1][0] OK
C:[01/08/2014 15:32:03.52][190.37.126.13][1151] SELECT c_asigna FROM dace004 WHERE exp_e='05-18521792' AND c_asigna='322449' AND status IN ('0','3','B','C') [1][0] OK
C:[01/08/2014 15:32:03.27][190.37.126.13][1182] SELECT par_cod_asig1,par_cod_asig2,par_cod_asig3 FROM tblaca009 WHERE pensum='5' AND c_uni_ca='2' AND c_asigna='322827' [1][0] OK
C:[01/08/2014 15:32:03.40][190.37.126.13][1312] SELECT horas_lab FROM tblaca008 WHERE c_asigna='322827' AND horas_teoricas > 0 [1][0] OK
C:[01/08/2014 15:32:13.94][186.94.51.161][1138] SELECT pre_cod_asig1,pre_cod_asig2,pre_cod_asig3,pre_cod_asig4,pre_cod_asig5,pre_cod_asig6,pre_cod_asig7 FROM tblaca009 WHERE pensum='5' AND c_uni_ca='3' AND c_asigna='300207' [1][0] OK
C:[01/08/2014 15:32:13.94][186.94.51.161][1151] SELECT c_asigna FROM dace004 WHERE exp_e='12-26562930' AND c_asigna='300101' AND status IN ('0','3','B','C') [1][0] OK
C:[01/08/2014 15:32:13.94][186.94.51.161][1138] SELECT pre_cod_asig1,pre_cod_asig2,pre_cod_asig3,pre_cod_asig4,pre_cod_asig5,pre_cod_asig6,pre_cod_asig7 FROM tblaca009 WHERE pensum='5' AND c_uni_ca='3' AND c_asigna='300213' [1][0] OK
C:[01/08/2014 15:32:13.94][186.94.51.161][1151] SELECT c_asigna FROM dace004 WHERE exp_e='12-26562930' AND c_asigna='300101' AND status IN ('0','3','B','C') [1][0] OK
C:[01/08/2014 15:32:13.44][186.94.51.161][1182] SELECT par_cod_asig1,par_cod_asig2,par_cod_asig3 FROM tblaca009 WHERE pensum='5' AND c_uni_ca='3' AND c_asigna='300207' [1][0] OK
C:[01/08/2014 15:32:13.44][186.94.51.161][1182] SELECT par_cod_asig1,par_cod_asig2,par_cod_asig3 FROM tblaca009 WHERE pensum='5' AND c_uni_ca='3' AND c_asigna='300213' [1][0] OK
C:[01/08/2014 15:32:13.44][186.94.51.161][1196] SELECT c_asigna FROM dace004 WHERE exp_e='12-26562930' AND c_asigna='300209' AND status IN ('0','3','B','C') [1][0] OK
C:[01/08/2014 15:32:13.83][186.94.51.161][1312] SELECT horas_lab FROM tblaca008 WHERE c_asigna='300207' AND horas_teoricas > 0 [1][0] OK
C:[01/08/2014 15:32:13.83][186.94.51.161][1312] SELECT horas_lab FROM tblaca008 WHERE c_asigna='300213' AND horas_teoricas > 0 [1][0] OK
C:[01/08/2014 15:36:33.93][190.205.1.99][1138] SELECT pre_cod_asig1,pre_cod_asig2,pre_cod_asig3,pre_cod_asig4,pre_cod_asig5,pre_cod_asig6,pre_cod_asig7 FROM tblaca009 WHERE pensum='5' AND c_uni_ca='6' AND c_asigna='300101' [1][0] OK
C:[01/08/2014 15:36:33.93][190.205.1.99][1138] SELECT pre_cod_asig1,pre_cod_asig2,pre_cod_asig3,pre_cod_asig4,pre_cod_asig5,pre_cod_asig6,pre_cod_asig7 FROM tblaca009 WHERE pensum='5' AND c_uni_ca='6' AND c_asigna='300112' [1][0] OK
C:[01/08/2014 15:36:33.43][190.205.1.99][1182] SELECT par_cod_asig1,par_cod_asig2,par_cod_asig3 FROM tblaca009 WHERE pensum='5' AND c_uni_ca='6' AND c_asigna='300101' [1][0] OK
C:[01/08/2014 15:36:33.43][190.205.1.99][1182] SELECT par_cod_asig1,par_cod_asig2,par_cod_asig3 FROM tblaca009 WHERE pensum='5' AND c_uni_ca='6' AND c_asigna='300112' [1][0] OK
C:[01/08/2014 15:36:33.69][190.205.1.99][1312] SELECT horas_lab FROM tblaca008 WHERE c_asigna='300101' AND horas_teoricas > 0 [1][0] OK
C:[01/08/2014 15:36:33.69][190.205.1.99][1312] SELECT horas_lab FROM tblaca008 WHERE c_asigna='300112' AND horas_teoricas > 0 [1][0] OK
C:[01/08/2014 15:36:35.95][190.205.28.169][1138] SELECT pre_cod_asig1,pre_cod_asig2,pre_cod_asig3,pre_cod_asig4,pre_cod_asig5,pre_cod_asig6,pre_cod_asig7 FROM tblaca009 WHERE pensum='5' AND c_uni_ca='3' AND c_asigna='311704' [1][0] OK
C:[01/08/2014 15:36:35.95][190.205.28.169][1151] SELECT c_asigna FROM dace004 WHERE exp_e='04-17091998' AND c_asigna='315671' AND status IN ('0','3','B','C') [1][0] OK
C:[01/08/2014 15:36:35.19][190.205.28.169][1182] SELECT par_cod_asig1,par_cod_asig2,par_cod_asig3 FROM tblaca009 WHERE pensum='5' AND c_uni_ca='3' AND c_asigna='311704' [1][0] OK
C:[01/08/2014 15:36:35.34][190.205.28.169][1312] SELECT horas_lab FROM tblaca008 WHERE c_asigna='311704' AND horas_teoricas > 0 [1][0] OK
C:[01/08/2014 15:37:38.56][200.109.201.62][1138] SELECT pre_cod_asig1,pre_cod_asig2,pre_cod_asig3,pre_cod_asig4,pre_cod_asig5,pre_cod_asig6,pre_cod_asig7 FROM tblaca009 WHERE pensum='5' AND c_uni_ca='5' AND c_asigna='300209' [1][0] OK
C:[01/08/2014 15:37:38.56][200.109.201.62][1151] SELECT c_asigna FROM dace004 WHERE exp_e='13-26026257' AND c_asigna='300101' AND status IN ('0','3','B','C') [1][0] OK
C:[01/08/2014 15:37:38.56][200.109.201.62][1138] SELECT pre_cod_asig1,pre_cod_asig2,pre_cod_asig3,pre_cod_asig4,pre_cod_asig5,pre_cod_asig6,pre_cod_asig7 FROM tblaca009 WHERE pensum='5' AND c_uni_ca='5' AND c_asigna='300226' [1][0] OK
C:[01/08/2014 15:37:38.56][200.109.201.62][1151] SELECT c_asigna FROM dace004 WHERE exp_e='13-26026257' AND c_asigna='300116' AND status IN ('0','3','B','C') [1][0] OK
C:[01/08/2014 15:37:38.31][200.109.201.62][1182] SELECT par_cod_asig1,par_cod_asig2,par_cod_asig3 FROM tblaca009 WHERE pensum='5' AND c_uni_ca='5' AND c_asigna='300209' [1][0] OK
C:[01/08/2014 15:37:38.31][200.109.201.62][1182] SELECT par_cod_asig1,par_cod_asig2,par_cod_asig3 FROM tblaca009 WHERE pensum='5' AND c_uni_ca='5' AND c_asigna='300226' [1][0] OK
C:[01/08/2014 15:37:38.57][200.109.201.62][1312] SELECT horas_lab FROM tblaca008 WHERE c_asigna='300209' AND horas_teoricas > 0 [1][0] OK
C:[01/08/2014 15:37:38.57][200.109.201.62][1312] SELECT horas_lab FROM tblaca008 WHERE c_asigna='300226' AND horas_teoricas > 0 [1][0] OK
C:[01/08/2014 15:38:51.89][190.199.67.204][1138] SELECT pre_cod_asig1,pre_cod_asig2,pre_cod_asig3,pre_cod_asig4,pre_cod_asig5,pre_cod_asig6,pre_cod_asig7 FROM tblaca009 WHERE pensum='5' AND c_uni_ca='3' AND c_asigna='300101' [1][0] OK
C:[01/08/2014 15:38:51.26][190.199.67.204][1182] SELECT par_cod_asig1,par_cod_asig2,par_cod_asig3 FROM tblaca009 WHERE pensum='5' AND c_uni_ca='3' AND c_asigna='300101' [1][0] OK
C:[01/08/2014 15:38:51.40][190.199.67.204][1312] SELECT horas_lab FROM tblaca008 WHERE c_asigna='300101' AND horas_teoricas > 0 [1][0] OK
C:[01/08/2014 15:39:35.00][200.109.201.62][1138] SELECT pre_cod_asig1,pre_cod_asig2,pre_cod_asig3,pre_cod_asig4,pre_cod_asig5,pre_cod_asig6,pre_cod_asig7 FROM tblaca009 WHERE pensum='5' AND c_uni_ca='5' AND c_asigna='300226' [1][0] OK
C:[01/08/2014 15:39:35.00][200.109.201.62][1151] SELECT c_asigna FROM dace004 WHERE exp_e='13-26026257' AND c_asigna='300116' AND status IN ('0','3','B','C') [1][0] OK
C:[01/08/2014 15:39:36.50][200.109.201.62][1182] SELECT par_cod_asig1,par_cod_asig2,par_cod_asig3 FROM tblaca009 WHERE pensum='5' AND c_uni_ca='5' AND c_asigna='300226' [1][0] OK
C:[01/08/2014 15:39:36.64][200.109.201.62][1312] SELECT horas_lab FROM tblaca008 WHERE c_asigna='300226' AND horas_teoricas > 0 [1][0] OK
C:[01/08/2014 15:39:40.60][186.94.51.161][1138] SELECT pre_cod_asig1,pre_cod_asig2,pre_cod_asig3,pre_cod_asig4,pre_cod_asig5,pre_cod_asig6,pre_cod_asig7 FROM tblaca009 WHERE pensum='5' AND c_uni_ca='6' AND c_asigna='300101' [1][0] OK
C:[01/08/2014 15:39:40.73][186.94.51.161][1182] SELECT par_cod_asig1,par_cod_asig2,par_cod_asig3 FROM tblaca009 WHERE pensum='5' AND c_uni_ca='6' AND c_asigna='300101' [1][0] OK
C:[01/08/2014 15:39:40.86][186.94.51.161][1312] SELECT horas_lab FROM tblaca008 WHERE c_asigna='300101' AND horas_teoricas > 0 [1][0] OK
C:[01/08/2014 15:40:33.40][190.77.246.152][1138] SELECT pre_cod_asig1,pre_cod_asig2,pre_cod_asig3,pre_cod_asig4,pre_cod_asig5,pre_cod_asig6,pre_cod_asig7 FROM tblaca009 WHERE pensum='5' AND c_uni_ca='2' AND c_asigna='322433' [1][0] OK
C:[01/08/2014 15:40:33.40][190.77.246.152][1151] SELECT c_asigna FROM dace004 WHERE exp_e='13-16393283' AND c_asigna='320323' AND status IN ('0','3','B','C') [1][0] OK
C:[01/08/2014 15:40:33.40][190.77.246.152][1151] SELECT c_asigna FROM dace004 WHERE exp_e='13-16393283' AND c_asigna='300209' AND status IN ('0','3','B','C') [1][0] OK
C:[01/08/2014 15:40:33.40][190.77.246.152][1138] SELECT pre_cod_asig1,pre_cod_asig2,pre_cod_asig3,pre_cod_asig4,pre_cod_asig5,pre_cod_asig6,pre_cod_asig7 FROM tblaca009 WHERE pensum='5' AND c_uni_ca='2' AND c_asigna='322436' [1][0] OK
C:[01/08/2014 15:40:33.40][190.77.246.152][1151] SELECT c_asigna FROM dace004 WHERE exp_e='13-16393283' AND c_asigna='300317' AND status IN ('0','3','B','C') [1][0] OK
C:[01/08/2014 15:40:33.40][190.77.246.152][1151] SELECT c_asigna FROM dace004 WHERE exp_e='13-16393283' AND c_asigna='320311' AND status IN ('0','3','B','C') [1][0] OK
C:[01/08/2014 15:40:33.40][190.77.246.152][1182] SELECT par_cod_asig1,par_cod_asig2,par_cod_asig3 FROM tblaca009 WHERE pensum='5' AND c_uni_ca='2' AND c_asigna='322433' [1][0] OK
C:[01/08/2014 15:40:33.40][190.77.246.152][1182] SELECT par_cod_asig1,par_cod_asig2,par_cod_asig3 FROM tblaca009 WHERE pensum='5' AND c_uni_ca='2' AND c_asigna='322436' [1][0] OK
C:[01/08/2014 15:40:34.66][190.77.246.152][1312] SELECT horas_lab FROM tblaca008 WHERE c_asigna='322433' AND horas_teoricas > 0 [1][0] OK
C:[01/08/2014 15:40:34.66][190.77.246.152][1312] SELECT horas_lab FROM tblaca008 WHERE c_asigna='322436' AND horas_teoricas > 0 [1][0] OK
C:[01/08/2014 15:41:14.10][200.84.80.143][1138] SELECT pre_cod_asig1,pre_cod_asig2,pre_cod_asig3,pre_cod_asig4,pre_cod_asig5,pre_cod_asig6,pre_cod_asig7 FROM tblaca009 WHERE pensum='5' AND c_uni_ca='5' AND c_asigna='300209' [1][0] OK
C:[01/08/2014 15:41:14.10][200.84.80.143][1151] SELECT c_asigna FROM dace004 WHERE exp_e='13-24963987' AND c_asigna='300101' AND status IN ('0','3','B','C') [1][0] OK
C:[01/08/2014 15:41:14.10][200.84.80.143][1138] SELECT pre_cod_asig1,pre_cod_asig2,pre_cod_asig3,pre_cod_asig4,pre_cod_asig5,pre_cod_asig6,pre_cod_asig7 FROM tblaca009 WHERE pensum='5' AND c_uni_ca='5' AND c_asigna='300207' [1][0] OK
C:[01/08/2014 15:41:14.10][200.84.80.143][1151] SELECT c_asigna FROM dace004 WHERE exp_e='13-24963987' AND c_asigna='300101' AND status IN ('0','3','B','C') [1][0] OK
C:[01/08/2014 15:41:14.85][200.84.80.143][1182] SELECT par_cod_asig1,par_cod_asig2,par_cod_asig3 FROM tblaca009 WHERE pensum='5' AND c_uni_ca='5' AND c_asigna='300209' [1][0] OK
C:[01/08/2014 15:41:14.85][200.84.80.143][1182] SELECT par_cod_asig1,par_cod_asig2,par_cod_asig3 FROM tblaca009 WHERE pensum='5' AND c_uni_ca='5' AND c_asigna='300207' [1][0] OK
C:[01/08/2014 15:41:14.13][200.84.80.143][1312] SELECT horas_lab FROM tblaca008 WHERE c_asigna='300209' AND horas_teoricas > 0 [1][0] OK
C:[01/08/2014 15:41:14.13][200.84.80.143][1312] SELECT horas_lab FROM tblaca008 WHERE c_asigna='300207' AND horas_teoricas > 0 [1][0] OK
C:[01/08/2014 15:42:10.50][186.165.36.112][1138] SELECT pre_cod_asig1,pre_cod_asig2,pre_cod_asig3,pre_cod_asig4,pre_cod_asig5,pre_cod_asig6,pre_cod_asig7 FROM tblaca009 WHERE pensum='5' AND c_uni_ca='2' AND c_asigna='322559' [1][0] OK
C:[01/08/2014 15:42:10.50][186.165.36.112][1151] SELECT c_asigna FROM dace004 WHERE exp_e='06-17999021' AND c_asigna='300428' AND status IN ('0','3','B','C') [1][0] OK
C:[01/08/2014 15:42:10.50][186.165.36.112][1151] SELECT c_asigna FROM dace004 WHERE exp_e='06-17999021' AND c_asigna='322436' AND status IN ('0','3','B','C') [1][0] OK
C:[01/08/2014 15:42:10.50][186.165.36.112][1138] SELECT pre_cod_asig1,pre_cod_asig2,pre_cod_asig3,pre_cod_asig4,pre_cod_asig5,pre_cod_asig6,pre_cod_asig7 FROM tblaca009 WHERE pensum='5' AND c_uni_ca='2' AND c_asigna='322782' [1][0] OK
C:[01/08/2014 15:42:10.50][186.165.36.112][1151] SELECT c_asigna FROM dace004 WHERE exp_e='06-17999021' AND c_asigna='322669' AND status IN ('0','3','B','C') [1][0] OK
C:[01/08/2014 15:42:10.50][186.165.36.112][1151] SELECT c_asigna FROM dace004 WHERE exp_e='06-17999021' AND c_asigna='322550' AND status IN ('0','3','B','C') [1][0] OK
C:[01/08/2014 15:42:10.50][186.165.36.112][1182] SELECT par_cod_asig1,par_cod_asig2,par_cod_asig3 FROM tblaca009 WHERE pensum='5' AND c_uni_ca='2' AND c_asigna='322559' [1][0] OK
C:[01/08/2014 15:42:10.50][186.165.36.112][1182] SELECT par_cod_asig1,par_cod_asig2,par_cod_asig3 FROM tblaca009 WHERE pensum='5' AND c_uni_ca='2' AND c_asigna='322782' [1][0] OK
C:[01/08/2014 15:42:10.76][186.165.36.112][1312] SELECT horas_lab FROM tblaca008 WHERE c_asigna='322559' AND horas_teoricas > 0 [1][0] OK
C:[01/08/2014 15:42:10.76][186.165.36.112][1312] SELECT horas_lab FROM tblaca008 WHERE c_asigna='322782' AND horas_teoricas > 0 [1][0] OK
C:[01/08/2014 15:42:12.91][190.199.67.204][1138] SELECT pre_cod_asig1,pre_cod_asig2,pre_cod_asig3,pre_cod_asig4,pre_cod_asig5,pre_cod_asig6,pre_cod_asig7 FROM tblaca009 WHERE pensum='5' AND c_uni_ca='3' AND c_asigna='300101' [1][0] OK
C:[01/08/2014 15:42:12.04][190.199.67.204][1182] SELECT par_cod_asig1,par_cod_asig2,par_cod_asig3 FROM tblaca009 WHERE pensum='5' AND c_uni_ca='3' AND c_asigna='300101' [1][0] OK
C:[01/08/2014 15:42:12.17][190.199.67.204][1312] SELECT horas_lab FROM tblaca008 WHERE c_asigna='300101' AND horas_teoricas > 0 [1][0] OK
C:[01/08/2014 15:42:17.10][200.109.201.62][1138] SELECT pre_cod_asig1,pre_cod_asig2,pre_cod_asig3,pre_cod_asig4,pre_cod_asig5,pre_cod_asig6,pre_cod_asig7 FROM tblaca009 WHERE pensum='5' AND c_uni_ca='5' AND c_asigna='300209' [1][0] OK
C:[01/08/2014 15:42:17.10][200.109.201.62][1151] SELECT c_asigna FROM dace004 WHERE exp_e='13-26026257' AND c_asigna='300101' AND status IN ('0','3','B','C') [1][0] OK
C:[01/08/2014 15:42:17.10][200.109.201.62][1138] SELECT pre_cod_asig1,pre_cod_asig2,pre_cod_asig3,pre_cod_asig4,pre_cod_asig5,pre_cod_asig6,pre_cod_asig7 FROM tblaca009 WHERE pensum='5' AND c_uni_ca='5' AND c_asigna='300226' [1][0] OK
C:[01/08/2014 15:42:17.10][200.109.201.62][1151] SELECT c_asigna FROM dace004 WHERE exp_e='13-26026257' AND c_asigna='300116' AND status IN ('0','3','B','C') [1][0] OK
C:[01/08/2014 15:42:18.60][200.109.201.62][1182] SELECT par_cod_asig1,par_cod_asig2,par_cod_asig3 FROM tblaca009 WHERE pensum='5' AND c_uni_ca='5' AND c_asigna='300209' [1][0] OK
C:[01/08/2014 15:42:18.60][200.109.201.62][1182] SELECT par_cod_asig1,par_cod_asig2,par_cod_asig3 FROM tblaca009 WHERE pensum='5' AND c_uni_ca='5' AND c_asigna='300226' [1][0] OK
C:[01/08/2014 15:42:18.87][200.109.201.62][1312] SELECT horas_lab FROM tblaca008 WHERE c_asigna='300209' AND horas_teoricas > 0 [1][0] OK
C:[01/08/2014 15:42:18.87][200.109.201.62][1312] SELECT horas_lab FROM tblaca008 WHERE c_asigna='300226' AND horas_teoricas > 0 [1][0] OK
C:[01/08/2014 15:42:18.70][190.77.246.152][1138] SELECT pre_cod_asig1,pre_cod_asig2,pre_cod_asig3,pre_cod_asig4,pre_cod_asig5,pre_cod_asig6,pre_cod_asig7 FROM tblaca009 WHERE pensum='5' AND c_uni_ca='2' AND c_asigna='322433' [1][0] OK
C:[01/08/2014 15:42:18.70][190.77.246.152][1151] SELECT c_asigna FROM dace004 WHERE exp_e='13-16393283' AND c_asigna='320323' AND status IN ('0','3','B','C') [1][0] OK
C:[01/08/2014 15:42:18.70][190.77.246.152][1151] SELECT c_asigna FROM dace004 WHERE exp_e='13-16393283' AND c_asigna='300209' AND status IN ('0','3','B','C') [1][0] OK
C:[01/08/2014 15:42:18.70][190.77.246.152][1138] SELECT pre_cod_asig1,pre_cod_asig2,pre_cod_asig3,pre_cod_asig4,pre_cod_asig5,pre_cod_asig6,pre_cod_asig7 FROM tblaca009 WHERE pensum='5' AND c_uni_ca='2' AND c_asigna='322436' [1][0] OK
C:[01/08/2014 15:42:18.70][190.77.246.152][1151] SELECT c_asigna FROM dace004 WHERE exp_e='13-16393283' AND c_asigna='300317' AND status IN ('0','3','B','C') [1][0] OK
C:[01/08/2014 15:42:18.70][190.77.246.152][1151] SELECT c_asigna FROM dace004 WHERE exp_e='13-16393283' AND c_asigna='320311' AND status IN ('0','3','B','C') [1][0] OK
C:[01/08/2014 15:42:18.45][190.77.246.152][1182] SELECT par_cod_asig1,par_cod_asig2,par_cod_asig3 FROM tblaca009 WHERE pensum='5' AND c_uni_ca='2' AND c_asigna='322433' [1][0] OK
C:[01/08/2014 15:42:18.45][190.77.246.152][1182] SELECT par_cod_asig1,par_cod_asig2,par_cod_asig3 FROM tblaca009 WHERE pensum='5' AND c_uni_ca='2' AND c_asigna='322436' [1][0] OK
C:[01/08/2014 15:42:18.71][190.77.246.152][1312] SELECT horas_lab FROM tblaca008 WHERE c_asigna='322433' AND horas_teoricas > 0 [1][0] OK
C:[01/08/2014 15:42:18.71][190.77.246.152][1312] SELECT horas_lab FROM tblaca008 WHERE c_asigna='322436' AND horas_teoricas > 0 [1][0] OK
C:[01/08/2014 15:43:20.80][186.94.51.161][1138] SELECT pre_cod_asig1,pre_cod_asig2,pre_cod_asig3,pre_cod_asig4,pre_cod_asig5,pre_cod_asig6,pre_cod_asig7 FROM tblaca009 WHERE pensum='5' AND c_uni_ca='2' AND c_asigna='322669' [1][0] OK
C:[01/08/2014 15:43:20.80][186.94.51.161][1151] SELECT c_asigna FROM dace004 WHERE exp_e='11-20976621' AND c_asigna='322558' AND status IN ('0','3','B','C') [1][0] OK
C:[01/08/2014 15:43:20.80][186.94.51.161][1151] SELECT c_asigna FROM dace004 WHERE exp_e='11-20976621' AND c_asigna='323528' AND status IN ('0','3','B','C') [1][0] OK
C:[01/08/2014 15:43:20.80][186.94.51.161][1138] SELECT pre_cod_asig1,pre_cod_asig2,pre_cod_asig3,pre_cod_asig4,pre_cod_asig5,pre_cod_asig6,pre_cod_asig7 FROM tblaca009 WHERE pensum='5' AND c_uni_ca='2' AND c_asigna='322683' [1][0] OK
C:[01/08/2014 15:43:20.80][186.94.51.161][1151] SELECT c_asigna FROM dace004 WHERE exp_e='11-20976621' AND c_asigna='322560' AND status IN ('0','3','B','C') [1][0] OK
C:[01/08/2014 15:43:21.68][186.94.51.161][1182] SELECT par_cod_asig1,par_cod_asig2,par_cod_asig3 FROM tblaca009 WHERE pensum='5' AND c_uni_ca='2' AND c_asigna='322669' [1][0] OK
C:[01/08/2014 15:43:21.68][186.94.51.161][1182] SELECT par_cod_asig1,par_cod_asig2,par_cod_asig3 FROM tblaca009 WHERE pensum='5' AND c_uni_ca='2' AND c_asigna='322683' [1][0] OK
C:[01/08/2014 15:43:21.68][186.94.51.161][1196] SELECT c_asigna FROM dace004 WHERE exp_e='11-20976621' AND c_asigna='322681' AND status IN ('0','3','B','C') [1][0] OK
C:[01/08/2014 15:43:21.07][186.94.51.161][1312] SELECT horas_lab FROM tblaca008 WHERE c_asigna='322669' AND horas_teoricas > 0 [1][0] OK
C:[01/08/2014 15:43:21.07][186.94.51.161][1312] SELECT horas_lab FROM tblaca008 WHERE c_asigna='322683' AND horas_teoricas > 0 [1][0] OK
C:[01/08/2014 15:44:23.04][190.206.54.195][1138] SELECT pre_cod_asig1,pre_cod_asig2,pre_cod_asig3,pre_cod_asig4,pre_cod_asig5,pre_cod_asig6,pre_cod_asig7 FROM tblaca009 WHERE pensum='5' AND c_uni_ca='6' AND c_asigna='344046' [1][0] OK
C:[01/08/2014 15:44:23.04][190.206.54.195][1151] SELECT c_asigna FROM dace004 WHERE exp_e='08-19804710' AND c_asigna='344834' AND status IN ('0','3','B','C') [1][0] OK
C:[01/08/2014 15:44:23.04][190.206.54.195][1151] SELECT c_asigna FROM dace004 WHERE exp_e='08-19804710' AND c_asigna='344732' AND status IN ('0','3','B','C') [1][0] OK
C:[01/08/2014 15:44:23.04][190.206.54.195][1138] SELECT pre_cod_asig1,pre_cod_asig2,pre_cod_asig3,pre_cod_asig4,pre_cod_asig5,pre_cod_asig6,pre_cod_asig7 FROM tblaca009 WHERE pensum='5' AND c_uni_ca='6' AND c_asigna='344948' [1][0] OK
C:[01/08/2014 15:44:23.79][190.206.54.195][1182] SELECT par_cod_asig1,par_cod_asig2,par_cod_asig3 FROM tblaca009 WHERE pensum='5' AND c_uni_ca='6' AND c_asigna='344046' [1][0] OK
C:[01/08/2014 15:44:23.79][190.206.54.195][1182] SELECT par_cod_asig1,par_cod_asig2,par_cod_asig3 FROM tblaca009 WHERE pensum='5' AND c_uni_ca='6' AND c_asigna='344948' [1][0] OK
C:[01/08/2014 15:44:24.05][190.206.54.195][1312] SELECT horas_lab FROM tblaca008 WHERE c_asigna='344046' AND horas_teoricas > 0 [1][0] OK
C:[01/08/2014 15:44:24.05][190.206.54.195][1312] SELECT horas_lab FROM tblaca008 WHERE c_asigna='344948' AND horas_teoricas > 0 [1][0] OK
C:[01/08/2014 15:45:27.76][200.109.201.62][1138] SELECT pre_cod_asig1,pre_cod_asig2,pre_cod_asig3,pre_cod_asig4,pre_cod_asig5,pre_cod_asig6,pre_cod_asig7 FROM tblaca009 WHERE pensum='5' AND c_uni_ca='5' AND c_asigna='300209' [1][0] OK
C:[01/08/2014 15:45:27.76][200.109.201.62][1151] SELECT c_asigna FROM dace004 WHERE exp_e='13-26026257' AND c_asigna='300101' AND status IN ('0','3','B','C') [1][0] OK
C:[01/08/2014 15:45:27.76][200.109.201.62][1138] SELECT pre_cod_asig1,pre_cod_asig2,pre_cod_asig3,pre_cod_asig4,pre_cod_asig5,pre_cod_asig6,pre_cod_asig7 FROM tblaca009 WHERE pensum='5' AND c_uni_ca='5' AND c_asigna='300226' [1][0] OK
C:[01/08/2014 15:45:27.76][200.109.201.62][1151] SELECT c_asigna FROM dace004 WHERE exp_e='13-26026257' AND c_asigna='300116' AND status IN ('0','3','B','C') [1][0] OK
C:[01/08/2014 15:45:28.95][200.109.201.62][1182] SELECT par_cod_asig1,par_cod_asig2,par_cod_asig3 FROM tblaca009 WHERE pensum='5' AND c_uni_ca='5' AND c_asigna='300209' [1][0] OK
C:[01/08/2014 15:45:28.95][200.109.201.62][1182] SELECT par_cod_asig1,par_cod_asig2,par_cod_asig3 FROM tblaca009 WHERE pensum='5' AND c_uni_ca='5' AND c_asigna='300226' [1][0] OK
C:[01/08/2014 15:45:28.21][200.109.201.62][1312] SELECT horas_lab FROM tblaca008 WHERE c_asigna='300209' AND horas_teoricas > 0 [1][0] OK
C:[01/08/2014 15:45:28.21][200.109.201.62][1312] SELECT horas_lab FROM tblaca008 WHERE c_asigna='300226' AND horas_teoricas > 0 [1][0] OK
C:[01/08/2014 15:45:40.32][186.94.51.161][1138] SELECT pre_cod_asig1,pre_cod_asig2,pre_cod_asig3,pre_cod_asig4,pre_cod_asig5,pre_cod_asig6,pre_cod_asig7 FROM tblaca009 WHERE pensum='5' AND c_uni_ca='2' AND c_asigna='300318' [1][0] OK
C:[01/08/2014 15:45:40.32][186.94.51.161][1151] SELECT c_asigna FROM dace004 WHERE exp_e='08-20137388' AND c_asigna='300228' AND status IN ('0','3','B','C') [1][0] OK
C:[01/08/2014 15:45:40.32][186.94.51.161][1151] SELECT c_asigna FROM dace004 WHERE exp_e='08-20137388' AND c_asigna='300207' AND status IN ('0','3','B','C') [1][0] OK
C:[01/08/2014 15:45:40.32][186.94.51.161][1151] SELECT c_asigna FROM dace004 WHERE exp_e='08-20137388' AND c_asigna='300218' AND status IN ('0','3','B','C') [1][0] OK
C:[01/08/2014 15:45:41.61][186.94.51.161][1182] SELECT par_cod_asig1,par_cod_asig2,par_cod_asig3 FROM tblaca009 WHERE pensum='5' AND c_uni_ca='2' AND c_asigna='300318' [1][0] OK
C:[01/08/2014 15:45:41.75][186.94.51.161][1312] SELECT horas_lab FROM tblaca008 WHERE c_asigna='300318' AND horas_teoricas > 0 [1][0] OK
C:[01/08/2014 15:46:07.31][190.206.46.141][1138] SELECT pre_cod_asig1,pre_cod_asig2,pre_cod_asig3,pre_cod_asig4,pre_cod_asig5,pre_cod_asig6,pre_cod_asig7 FROM tblaca009 WHERE pensum='5' AND c_uni_ca='2' AND c_asigna='300207' [1][0] OK
C:[01/08/2014 15:46:07.31][190.206.46.141][1151] SELECT c_asigna FROM dace004 WHERE exp_e='13-23121167' AND c_asigna='300101' AND status IN ('0','3','B','C') [1][0] OK
C:[01/08/2014 15:46:07.31][190.206.46.141][1138] SELECT pre_cod_asig1,pre_cod_asig2,pre_cod_asig3,pre_cod_asig4,pre_cod_asig5,pre_cod_asig6,pre_cod_asig7 FROM tblaca009 WHERE pensum='5' AND c_uni_ca='2' AND c_asigna='322449' [1][0] OK
C:[01/08/2014 15:46:07.31][190.206.46.141][1151] SELECT c_asigna FROM dace004 WHERE exp_e='13-23121167' AND c_asigna='300222' AND status IN ('0','3','B','C') [1][0] OK
C:[01/08/2014 15:46:07.07][190.206.46.141][1182] SELECT par_cod_asig1,par_cod_asig2,par_cod_asig3 FROM tblaca009 WHERE pensum='5' AND c_uni_ca='2' AND c_asigna='300207' [1][0] OK
C:[01/08/2014 15:46:07.07][190.206.46.141][1182] SELECT par_cod_asig1,par_cod_asig2,par_cod_asig3 FROM tblaca009 WHERE pensum='5' AND c_uni_ca='2' AND c_asigna='322449' [1][0] OK
C:[01/08/2014 15:46:07.32][190.206.46.141][1312] SELECT horas_lab FROM tblaca008 WHERE c_asigna='300207' AND horas_teoricas > 0 [1][0] OK
C:[01/08/2014 15:46:07.32][190.206.46.141][1312] SELECT horas_lab FROM tblaca008 WHERE c_asigna='322449' AND horas_teoricas > 0 [1][0] OK
C:[01/08/2014 15:46:42.83][190.206.54.195][1138] SELECT pre_cod_asig1,pre_cod_asig2,pre_cod_asig3,pre_cod_asig4,pre_cod_asig5,pre_cod_asig6,pre_cod_asig7 FROM tblaca009 WHERE pensum='5' AND c_uni_ca='6' AND c_asigna='344046' [1][0] OK
C:[01/08/2014 15:46:42.83][190.206.54.195][1151] SELECT c_asigna FROM dace004 WHERE exp_e='08-19804710' AND c_asigna='344834' AND status IN ('0','3','B','C') [1][0] OK
C:[01/08/2014 15:46:42.83][190.206.54.195][1151] SELECT c_asigna FROM dace004 WHERE exp_e='08-19804710' AND c_asigna='344732' AND status IN ('0','3','B','C') [1][0] OK
C:[01/08/2014 15:46:42.46][190.206.54.195][1182] SELECT par_cod_asig1,par_cod_asig2,par_cod_asig3 FROM tblaca009 WHERE pensum='5' AND c_uni_ca='6' AND c_asigna='344046' [1][0] OK
C:[01/08/2014 15:46:42.59][190.206.54.195][1312] SELECT horas_lab FROM tblaca008 WHERE c_asigna='344046' AND horas_teoricas > 0 [1][0] OK
C:[01/08/2014 15:47:14.15][190.198.181.134][1138] SELECT pre_cod_asig1,pre_cod_asig2,pre_cod_asig3,pre_cod_asig4,pre_cod_asig5,pre_cod_asig6,pre_cod_asig7 FROM tblaca009 WHERE pensum='5' AND c_uni_ca='4' AND c_asigna='333809' [1][0] OK
C:[01/08/2014 15:47:14.15][190.198.181.134][1151] SELECT c_asigna FROM dace004 WHERE exp_e='10-25324971' AND c_asigna='333683' AND status IN ('0','3','B','C') [1][0] OK
C:[01/08/2014 15:47:14.15][190.198.181.134][1151] SELECT c_asigna FROM dace004 WHERE exp_e='10-25324971' AND c_asigna='333710' AND status IN ('0','3','B','C') [1][0] OK
C:[01/08/2014 15:47:14.15][190.198.181.134][1138] SELECT pre_cod_asig1,pre_cod_asig2,pre_cod_asig3,pre_cod_asig4,pre_cod_asig5,pre_cod_asig6,pre_cod_asig7 FROM tblaca009 WHERE pensum='5' AND c_uni_ca='4' AND c_asigna='333830' [1][0] OK
C:[01/08/2014 15:47:14.15][190.198.181.134][1151] SELECT c_asigna FROM dace004 WHERE exp_e='10-25324971' AND c_asigna='333710' AND status IN ('0','3','B','C') [1][0] OK
C:[01/08/2014 15:47:14.15][190.198.181.134][1151] SELECT c_asigna FROM dace004 WHERE exp_e='10-25324971' AND c_asigna='333782' AND status IN ('0','3','B','C') [1][0] OK
C:[01/08/2014 15:47:14.15][190.198.181.134][1182] SELECT par_cod_asig1,par_cod_asig2,par_cod_asig3 FROM tblaca009 WHERE pensum='5' AND c_uni_ca='4' AND c_asigna='333809' [1][0] OK
C:[01/08/2014 15:47:14.15][190.198.181.134][1182] SELECT par_cod_asig1,par_cod_asig2,par_cod_asig3 FROM tblaca009 WHERE pensum='5' AND c_uni_ca='4' AND c_asigna='333830' [1][0] OK
C:[01/08/2014 15:47:14.43][190.198.181.134][1312] SELECT horas_lab FROM tblaca008 WHERE c_asigna='333809' AND horas_teoricas > 0 [1][0] OK
C:[01/08/2014 15:47:14.43][190.198.181.134][1312] SELECT horas_lab FROM tblaca008 WHERE c_asigna='333830' AND horas_teoricas > 0 [1][0] OK
C:[01/08/2014 15:48:18.50][200.109.205.212][1138] SELECT pre_cod_asig1,pre_cod_asig2,pre_cod_asig3,pre_cod_asig4,pre_cod_asig5,pre_cod_asig6,pre_cod_asig7 FROM tblaca009 WHERE pensum='5' AND c_uni_ca='5' AND c_asigna='300101' [1][0] OK
C:[01/08/2014 15:48:18.50][200.109.205.212][1138] SELECT pre_cod_asig1,pre_cod_asig2,pre_cod_asig3,pre_cod_asig4,pre_cod_asig5,pre_cod_asig6,pre_cod_asig7 FROM tblaca009 WHERE pensum='5' AND c_uni_ca='5' AND c_asigna='300112' [1][0] OK
C:[01/08/2014 15:48:18.00][200.109.205.212][1182] SELECT par_cod_asig1,par_cod_asig2,par_cod_asig3 FROM tblaca009 WHERE pensum='5' AND c_uni_ca='5' AND c_asigna='300101' [1][0] OK
C:[01/08/2014 15:48:18.00][200.109.205.212][1182] SELECT par_cod_asig1,par_cod_asig2,par_cod_asig3 FROM tblaca009 WHERE pensum='5' AND c_uni_ca='5' AND c_asigna='300112' [1][0] OK
C:[01/08/2014 15:48:18.26][200.109.205.212][1312] SELECT horas_lab FROM tblaca008 WHERE c_asigna='300101' AND horas_teoricas > 0 [1][0] OK
C:[01/08/2014 15:48:18.26][200.109.205.212][1312] SELECT horas_lab FROM tblaca008 WHERE c_asigna='300112' AND horas_teoricas > 0 [1][0] OK
C:[01/08/2014 15:49:08.54][186.90.221.81][1138] SELECT pre_cod_asig1,pre_cod_asig2,pre_cod_asig3,pre_cod_asig4,pre_cod_asig5,pre_cod_asig6,pre_cod_asig7 FROM tblaca009 WHERE pensum='5' AND c_uni_ca='5' AND c_asigna='351451' [1][0] OK
C:[01/08/2014 15:49:08.54][186.90.221.81][1151] SELECT c_asigna FROM dace004 WHERE exp_e='09-20556851' AND c_asigna='351330' AND status IN ('0','3','B','C') [1][0] OK
C:[01/08/2014 15:49:08.54][186.90.221.81][1151] SELECT c_asigna FROM dace004 WHERE exp_e='09-20556851' AND c_asigna='355350' AND status IN ('0','3','B','C') [1][0] OK
C:[01/08/2014 15:49:08.54][186.90.221.81][1151] SELECT c_asigna FROM dace004 WHERE exp_e='09-20556851' AND c_asigna='300318' AND status IN ('0','3','B','C') [1][0] OK
C:[01/08/2014 15:49:08.54][186.90.221.81][1151] SELECT c_asigna FROM dace004 WHERE exp_e='09-20556851' AND c_asigna='300209' AND status IN ('0','3','B','C') [1][0] OK
C:[01/08/2014 15:49:08.54][186.90.221.81][1151] SELECT c_asigna FROM dace004 WHERE exp_e='09-20556851' AND c_asigna='300222' AND status IN ('0','3','B','C') [1][0] OK
C:[01/08/2014 15:49:08.54][186.90.221.81][1138] SELECT pre_cod_asig1,pre_cod_asig2,pre_cod_asig3,pre_cod_asig4,pre_cod_asig5,pre_cod_asig6,pre_cod_asig7 FROM tblaca009 WHERE pensum='5' AND c_uni_ca='5' AND c_asigna='355572' [1][0] OK
C:[01/08/2014 15:49:08.54][186.90.221.81][1151] SELECT c_asigna FROM dace004 WHERE exp_e='09-20556851' AND c_asigna='300428' AND status IN ('0','3','B','C') [1][0] OK
C:[01/08/2014 15:49:09.79][186.90.221.81][1182] SELECT par_cod_asig1,par_cod_asig2,par_cod_asig3 FROM tblaca009 WHERE pensum='5' AND c_uni_ca='5' AND c_asigna='351451' [1][0] OK
C:[01/08/2014 15:49:09.79][186.90.221.81][1182] SELECT par_cod_asig1,par_cod_asig2,par_cod_asig3 FROM tblaca009 WHERE pensum='5' AND c_uni_ca='5' AND c_asigna='355572' [1][0] OK
C:[01/08/2014 15:49:09.05][186.90.221.81][1312] SELECT horas_lab FROM tblaca008 WHERE c_asigna='351451' AND horas_teoricas > 0 [1][0] OK
C:[01/08/2014 15:49:09.05][186.90.221.81][1312] SELECT horas_lab FROM tblaca008 WHERE c_asigna='355572' AND horas_teoricas > 0 [1][0] OK
C:[01/08/2014 15:49:18.94][186.90.56.96][1138] SELECT pre_cod_asig1,pre_cod_asig2,pre_cod_asig3,pre_cod_asig4,pre_cod_asig5,pre_cod_asig6,pre_cod_asig7 FROM tblaca009 WHERE pensum='5' AND c_uni_ca='2' AND c_asigna='300101' [1][0] OK
C:[01/08/2014 15:49:18.32][186.90.56.96][1182] SELECT par_cod_asig1,par_cod_asig2,par_cod_asig3 FROM tblaca009 WHERE pensum='5' AND c_uni_ca='2' AND c_asigna='300101' [1][0] OK
C:[01/08/2014 15:49:18.45][186.90.56.96][1312] SELECT horas_lab FROM tblaca008 WHERE c_asigna='300101' AND horas_teoricas > 0 [1][0] OK
C:[01/08/2014 15:49:40.57][190.204.85.87][1138] SELECT pre_cod_asig1,pre_cod_asig2,pre_cod_asig3,pre_cod_asig4,pre_cod_asig5,pre_cod_asig6,pre_cod_asig7 FROM tblaca009 WHERE pensum='5' AND c_uni_ca='5' AND c_asigna='300101' [1][0] OK
C:[01/08/2014 15:49:40.96][190.204.85.87][1182] SELECT par_cod_asig1,par_cod_asig2,par_cod_asig3 FROM tblaca009 WHERE pensum='5' AND c_uni_ca='5' AND c_asigna='300101' [1][0] OK
C:[01/08/2014 15:49:40.08][190.204.85.87][1312] SELECT horas_lab FROM tblaca008 WHERE c_asigna='300101' AND horas_teoricas > 0 [1][0] OK
C:[01/08/2014 15:50:23.91][190.38.88.206][1138] SELECT pre_cod_asig1,pre_cod_asig2,pre_cod_asig3,pre_cod_asig4,pre_cod_asig5,pre_cod_asig6,pre_cod_asig7 FROM tblaca009 WHERE pensum='5' AND c_uni_ca='3' AND c_asigna='300956' [1][0] OK
C:[01/08/2014 15:50:23.91][190.38.88.206][1151] SELECT c_asigna FROM dace004 WHERE exp_e='09-18139940' AND c_asigna='300422' AND status IN ('0','3','B','C') [1][0] OK
C:[01/08/2014 15:50:23.91][190.38.88.206][1151] SELECT c_asigna FROM dace004 WHERE exp_e='09-18139940' AND c_asigna='300105' AND status IN ('0','3','B','C') [1][0] OK
C:[01/08/2014 15:50:23.91][190.38.88.206][1151] SELECT c_asigna FROM dace004 WHERE exp_e='09-18139940' AND c_asigna='300314' AND status IN ('0','3','B','C') [1][0] OK
C:[01/08/2014 15:50:23.10][190.38.88.206][1182] SELECT par_cod_asig1,par_cod_asig2,par_cod_asig3 FROM tblaca009 WHERE pensum='5' AND c_uni_ca='3' AND c_asigna='300956' [1][0] OK
C:[01/08/2014 15:50:23.23][190.38.88.206][1312] SELECT horas_lab FROM tblaca008 WHERE c_asigna='300956' AND horas_teoricas > 0 [1][0] OK
C:[01/08/2014 15:51:13.12][190.77.252.174][1138] SELECT pre_cod_asig1,pre_cod_asig2,pre_cod_asig3,pre_cod_asig4,pre_cod_asig5,pre_cod_asig6,pre_cod_asig7 FROM tblaca009 WHERE pensum='5' AND c_uni_ca='4' AND c_asigna='333809' [1][0] OK
C:[01/08/2014 15:51:13.12][190.77.252.174][1151] SELECT c_asigna FROM dace004 WHERE exp_e='10-19693412' AND c_asigna='333683' AND status IN ('0','3','B','C') [1][0] OK
C:[01/08/2014 15:51:13.12][190.77.252.174][1151] SELECT c_asigna FROM dace004 WHERE exp_e='10-19693412' AND c_asigna='333710' AND status IN ('0','3','B','C') [1][0] OK
C:[01/08/2014 15:51:13.12][190.77.252.174][1138] SELECT pre_cod_asig1,pre_cod_asig2,pre_cod_asig3,pre_cod_asig4,pre_cod_asig5,pre_cod_asig6,pre_cod_asig7 FROM tblaca009 WHERE pensum='5' AND c_uni_ca='4' AND c_asigna='333830' [1][0] OK
C:[01/08/2014 15:51:13.12][190.77.252.174][1151] SELECT c_asigna FROM dace004 WHERE exp_e='10-19693412' AND c_asigna='333710' AND status IN ('0','3','B','C') [1][0] OK
C:[01/08/2014 15:51:13.12][190.77.252.174][1151] SELECT c_asigna FROM dace004 WHERE exp_e='10-19693412' AND c_asigna='333782' AND status IN ('0','3','B','C') [1][0] OK
C:[01/08/2014 15:51:13.13][190.77.252.174][1182] SELECT par_cod_asig1,par_cod_asig2,par_cod_asig3 FROM tblaca009 WHERE pensum='5' AND c_uni_ca='4' AND c_asigna='333809' [1][0] OK
C:[01/08/2014 15:51:13.13][190.77.252.174][1182] SELECT par_cod_asig1,par_cod_asig2,par_cod_asig3 FROM tblaca009 WHERE pensum='5' AND c_uni_ca='4' AND c_asigna='333830' [1][0] OK
C:[01/08/2014 15:51:13.39][190.77.252.174][1312] SELECT horas_lab FROM tblaca008 WHERE c_asigna='333809' AND horas_teoricas > 0 [1][0] OK
C:[01/08/2014 15:51:13.39][190.77.252.174][1312] SELECT horas_lab FROM tblaca008 WHERE c_asigna='333830' AND horas_teoricas > 0 [1][0] OK
C:[01/08/2014 15:51:39.65][190.198.230.65][1138] SELECT pre_cod_asig1,pre_cod_asig2,pre_cod_asig3,pre_cod_asig4,pre_cod_asig5,pre_cod_asig6,pre_cod_asig7 FROM tblaca009 WHERE pensum='5' AND c_uni_ca='3' AND c_asigna='311655' [1][0] OK
C:[01/08/2014 15:51:39.65][190.198.230.65][1151] SELECT c_asigna FROM dace004 WHERE exp_e='11-24559683' AND c_asigna='311556' AND status IN ('0','3','B','C') [1][0] OK
C:[01/08/2014 15:51:39.65][190.198.230.65][1138] SELECT pre_cod_asig1,pre_cod_asig2,pre_cod_asig3,pre_cod_asig4,pre_cod_asig5,pre_cod_asig6,pre_cod_asig7 FROM tblaca009 WHERE pensum='5' AND c_uni_ca='3' AND c_asigna='315671' [1][0] OK
C:[01/08/2014 15:51:39.65][190.198.230.65][1151] SELECT c_asigna FROM dace004 WHERE exp_e='11-24559683' AND c_asigna='315552' AND status IN ('0','3','B','C') [1][0] OK
C:[01/08/2014 15:51:39.39][190.198.230.65][1182] SELECT par_cod_asig1,par_cod_asig2,par_cod_asig3 FROM tblaca009 WHERE pensum='5' AND c_uni_ca='3' AND c_asigna='311655' [1][0] OK
C:[01/08/2014 15:51:39.39][190.198.230.65][1182] SELECT par_cod_asig1,par_cod_asig2,par_cod_asig3 FROM tblaca009 WHERE pensum='5' AND c_uni_ca='3' AND c_asigna='315671' [1][0] OK
C:[01/08/2014 15:51:40.89][190.198.230.65][1312] SELECT horas_lab FROM tblaca008 WHERE c_asigna='311655' AND horas_teoricas > 0 [1][0] OK
C:[01/08/2014 15:51:40.89][190.198.230.65][1312] SELECT horas_lab FROM tblaca008 WHERE c_asigna='315671' AND horas_teoricas > 0 [1][0] OK
C:[01/08/2014 15:52:26.28][200.62.19.43][1138] SELECT pre_cod_asig1,pre_cod_asig2,pre_cod_asig3,pre_cod_asig4,pre_cod_asig5,pre_cod_asig6,pre_cod_asig7 FROM tblaca009 WHERE pensum='5' AND c_uni_ca='2' AND c_asigna='300228' [1][0] OK
C:[01/08/2014 15:52:26.28][200.62.19.43][1151] SELECT c_asigna FROM dace004 WHERE exp_e='11-20507061' AND c_asigna='300101' AND status IN ('0','3','B','C') [1][0] OK
C:[01/08/2014 15:52:26.28][200.62.19.43][1138] SELECT pre_cod_asig1,pre_cod_asig2,pre_cod_asig3,pre_cod_asig4,pre_cod_asig5,pre_cod_asig6,pre_cod_asig7 FROM tblaca009 WHERE pensum='5' AND c_uni_ca='2' AND c_asigna='300207' [1][0] OK
C:[01/08/2014 15:52:26.28][200.62.19.43][1151] SELECT c_asigna FROM dace004 WHERE exp_e='11-20507061' AND c_asigna='300101' AND status IN ('0','3','B','C') [1][0] OK
C:[01/08/2014 15:52:27.04][200.62.19.43][1182] SELECT par_cod_asig1,par_cod_asig2,par_cod_asig3 FROM tblaca009 WHERE pensum='5' AND c_uni_ca='2' AND c_asigna='300228' [1][0] OK
C:[01/08/2014 15:52:27.04][200.62.19.43][1182] SELECT par_cod_asig1,par_cod_asig2,par_cod_asig3 FROM tblaca009 WHERE pensum='5' AND c_uni_ca='2' AND c_asigna='300207' [1][0] OK
C:[01/08/2014 15:52:27.29][200.62.19.43][1312] SELECT horas_lab FROM tblaca008 WHERE c_asigna='300228' AND horas_teoricas > 0 [1][0] OK
C:[01/08/2014 15:52:27.29][200.62.19.43][1312] SELECT horas_lab FROM tblaca008 WHERE c_asigna='300207' AND horas_teoricas > 0 [1][0] OK
C:[01/08/2014 15:53:51.96][190.77.253.171][1138] SELECT pre_cod_asig1,pre_cod_asig2,pre_cod_asig3,pre_cod_asig4,pre_cod_asig5,pre_cod_asig6,pre_cod_asig7 FROM tblaca009 WHERE pensum='5' AND c_uni_ca='2' AND c_asigna='322703' [1][0] OK
C:[01/08/2014 15:53:51.96][190.77.253.171][1151] SELECT c_asigna FROM dace004 WHERE exp_e='10-22816198' AND c_asigna='322669' AND status IN ('0','3','B','C') [1][0] OK
C:[01/08/2014 15:53:51.96][190.77.253.171][1138] SELECT pre_cod_asig1,pre_cod_asig2,pre_cod_asig3,pre_cod_asig4,pre_cod_asig5,pre_cod_asig6,pre_cod_asig7 FROM tblaca009 WHERE pensum='5' AND c_uni_ca='2' AND c_asigna='322782' [1][0] OK
C:[01/08/2014 15:53:51.96][190.77.253.171][1151] SELECT c_asigna FROM dace004 WHERE exp_e='10-22816198' AND c_asigna='322669' AND status IN ('0','3','B','C') [1][0] OK
C:[01/08/2014 15:53:51.96][190.77.253.171][1151] SELECT c_asigna FROM dace004 WHERE exp_e='10-22816198' AND c_asigna='322550' AND status IN ('0','3','B','C') [1][0] OK
C:[01/08/2014 15:53:51.83][190.77.253.171][1182] SELECT par_cod_asig1,par_cod_asig2,par_cod_asig3 FROM tblaca009 WHERE pensum='5' AND c_uni_ca='2' AND c_asigna='322703' [1][0] OK
C:[01/08/2014 15:53:51.83][190.77.253.171][1182] SELECT par_cod_asig1,par_cod_asig2,par_cod_asig3 FROM tblaca009 WHERE pensum='5' AND c_uni_ca='2' AND c_asigna='322782' [1][0] OK
C:[01/08/2014 15:53:51.09][190.77.253.171][1312] SELECT horas_lab FROM tblaca008 WHERE c_asigna='322703' AND horas_teoricas > 0 [1][0] OK
C:[01/08/2014 15:53:51.09][190.77.253.171][1312] SELECT horas_lab FROM tblaca008 WHERE c_asigna='322782' AND horas_teoricas > 0 [1][0] OK
C:[01/08/2014 15:54:05.69][186.94.51.161][1138] SELECT pre_cod_asig1,pre_cod_asig2,pre_cod_asig3,pre_cod_asig4,pre_cod_asig5,pre_cod_asig6,pre_cod_asig7 FROM tblaca009 WHERE pensum='5' AND c_uni_ca='4' AND c_asigna='300101' [1][0] OK
C:[01/08/2014 15:54:05.08][186.94.51.161][1182] SELECT par_cod_asig1,par_cod_asig2,par_cod_asig3 FROM tblaca009 WHERE pensum='5' AND c_uni_ca='4' AND c_asigna='300101' [1][0] OK
C:[01/08/2014 15:54:05.20][186.94.51.161][1312] SELECT horas_lab FROM tblaca008 WHERE c_asigna='300101' AND horas_teoricas > 0 [1][0] OK
C:[01/08/2014 15:54:18.03][186.94.51.161][1138] SELECT pre_cod_asig1,pre_cod_asig2,pre_cod_asig3,pre_cod_asig4,pre_cod_asig5,pre_cod_asig6,pre_cod_asig7 FROM tblaca009 WHERE pensum='5' AND c_uni_ca='6' AND c_asigna='344613' [1][0] OK
C:[01/08/2014 15:54:18.03][186.94.51.161][1151] SELECT c_asigna FROM dace004 WHERE exp_e='10-22828351' AND c_asigna='344566' AND status IN ('0','3','B','C') [1][0] OK
C:[01/08/2014 15:54:18.03][186.94.51.161][1151] SELECT c_asigna FROM dace004 WHERE exp_e='10-22828351' AND c_asigna='300209' AND status IN ('0','3','B','C') [1][0] OK
C:[01/08/2014 15:54:18.03][186.94.51.161][1151] SELECT c_asigna FROM dace004 WHERE exp_e='10-22828351' AND c_asigna='300222' AND status IN ('0','3','B','C') [1][0] OK
C:[01/08/2014 15:54:18.03][186.94.51.161][1151] SELECT c_asigna FROM dace004 WHERE exp_e='10-22828351' AND c_asigna='300226' AND status IN ('0','3','B','C') [1][0] OK
C:[01/08/2014 15:54:18.03][186.94.51.161][1151] SELECT c_asigna FROM dace004 WHERE exp_e='10-22828351' AND c_asigna='300313' AND status IN ('0','3','B','C') [1][0] OK
C:[01/08/2014 15:54:18.03][186.94.51.161][1151] SELECT c_asigna FROM dace004 WHERE exp_e='10-22828351' AND c_asigna='300428' AND status IN ('0','3','B','C') [1][0] OK
C:[01/08/2014 15:54:18.03][186.94.51.161][1151] SELECT c_asigna FROM dace004 WHERE exp_e='10-22828351' AND c_asigna='300317' AND status IN ('0','3','B','C') [1][0] OK
C:[01/08/2014 15:54:18.03][186.94.51.161][1182] SELECT par_cod_asig1,par_cod_asig2,par_cod_asig3 FROM tblaca009 WHERE pensum='5' AND c_uni_ca='6' AND c_asigna='344613' [1][0] OK
C:[01/08/2014 15:54:18.17][186.94.51.161][1312] SELECT horas_lab FROM tblaca008 WHERE c_asigna='344613' AND horas_teoricas > 0 [1][0] OK
C:[01/08/2014 15:54:42.42][186.94.51.161][1138] SELECT pre_cod_asig1,pre_cod_asig2,pre_cod_asig3,pre_cod_asig4,pre_cod_asig5,pre_cod_asig6,pre_cod_asig7 FROM tblaca009 WHERE pensum='5' AND c_uni_ca='6' AND c_asigna='300101' [1][0] OK
C:[01/08/2014 15:54:42.71][186.94.51.161][1182] SELECT par_cod_asig1,par_cod_asig2,par_cod_asig3 FROM tblaca009 WHERE pensum='5' AND c_uni_ca='6' AND c_asigna='300101' [1][0] OK
C:[01/08/2014 15:54:42.85][186.94.51.161][1312] SELECT horas_lab FROM tblaca008 WHERE c_asigna='300101' AND horas_teoricas > 0 [1][0] OK
C:[01/08/2014 15:54:44.71][190.37.63.9][1138] SELECT pre_cod_asig1,pre_cod_asig2,pre_cod_asig3,pre_cod_asig4,pre_cod_asig5,pre_cod_asig6,pre_cod_asig7 FROM tblaca009 WHERE pensum='5' AND c_uni_ca='2' AND c_asigna='300222' [1][0] OK
C:[01/08/2014 15:54:44.71][190.37.63.9][1151] SELECT c_asigna FROM dace004 WHERE exp_e='12-24179618' AND c_asigna='300112' AND status IN ('0','3','B','C') [1][0] OK
C:[01/08/2014 15:54:44.71][190.37.63.9][1138] SELECT pre_cod_asig1,pre_cod_asig2,pre_cod_asig3,pre_cod_asig4,pre_cod_asig5,pre_cod_asig6,pre_cod_asig7 FROM tblaca009 WHERE pensum='5' AND c_uni_ca='2' AND c_asigna='300226' [1][0] OK
C:[01/08/2014 15:54:44.71][190.37.63.9][1151] SELECT c_asigna FROM dace004 WHERE exp_e='12-24179618' AND c_asigna='300116' AND status IN ('0','3','B','C') [1][0] OK
C:[01/08/2014 15:54:44.20][190.37.63.9][1182] SELECT par_cod_asig1,par_cod_asig2,par_cod_asig3 FROM tblaca009 WHERE pensum='5' AND c_uni_ca='2' AND c_asigna='300222' [1][0] OK
C:[01/08/2014 15:54:44.20][190.37.63.9][1182] SELECT par_cod_asig1,par_cod_asig2,par_cod_asig3 FROM tblaca009 WHERE pensum='5' AND c_uni_ca='2' AND c_asigna='300226' [1][0] OK
C:[01/08/2014 15:54:44.46][190.37.63.9][1312] SELECT horas_lab FROM tblaca008 WHERE c_asigna='300222' AND horas_teoricas > 0 [1][0] OK
C:[01/08/2014 15:54:44.46][190.37.63.9][1312] SELECT horas_lab FROM tblaca008 WHERE c_asigna='300226' AND horas_teoricas > 0 [1][0] OK
C:[01/08/2014 15:55:41.92][190.206.245.237][1138] SELECT pre_cod_asig1,pre_cod_asig2,pre_cod_asig3,pre_cod_asig4,pre_cod_asig5,pre_cod_asig6,pre_cod_asig7 FROM tblaca009 WHERE pensum='5' AND c_uni_ca='6' AND c_asigna='300317' [1][0] OK
C:[01/08/2014 15:55:41.92][190.206.245.237][1151] SELECT c_asigna FROM dace004 WHERE exp_e='07-19803177' AND c_asigna='300207' AND status IN ('0','3','B','C') [1][0] OK
C:[01/08/2014 15:55:41.92][190.206.245.237][1151] SELECT c_asigna FROM dace004 WHERE exp_e='07-19803177' AND c_asigna='300209' AND status IN ('0','3','B','C') [1][0] OK
C:[01/08/2014 15:55:41.54][190.206.245.237][1182] SELECT par_cod_asig1,par_cod_asig2,par_cod_asig3 FROM tblaca009 WHERE pensum='5' AND c_uni_ca='6' AND c_asigna='300317' [1][0] OK
C:[01/08/2014 15:55:41.68][190.206.245.237][1312] SELECT horas_lab FROM tblaca008 WHERE c_asigna='300317' AND horas_teoricas > 0 [1][0] OK
C:[01/08/2014 15:56:05.46][190.37.63.9][1138] SELECT pre_cod_asig1,pre_cod_asig2,pre_cod_asig3,pre_cod_asig4,pre_cod_asig5,pre_cod_asig6,pre_cod_asig7 FROM tblaca009 WHERE pensum='5' AND c_uni_ca='2' AND c_asigna='300222' [1][0] OK
C:[01/08/2014 15:56:05.46][190.37.63.9][1151] SELECT c_asigna FROM dace004 WHERE exp_e='12-24179618' AND c_asigna='300112' AND status IN ('0','3','B','C') [1][0] OK
C:[01/08/2014 15:56:05.95][190.37.63.9][1182] SELECT par_cod_asig1,par_cod_asig2,par_cod_asig3 FROM tblaca009 WHERE pensum='5' AND c_uni_ca='2' AND c_asigna='300222' [1][0] OK
C:[01/08/2014 15:56:05.09][190.37.63.9][1312] SELECT horas_lab FROM tblaca008 WHERE c_asigna='300222' AND horas_teoricas > 0 [1][0] OK
C:[01/08/2014 15:56:20.02][186.94.37.130][1138] SELECT pre_cod_asig1,pre_cod_asig2,pre_cod_asig3,pre_cod_asig4,pre_cod_asig5,pre_cod_asig6,pre_cod_asig7 FROM tblaca009 WHERE pensum='5' AND c_uni_ca='3' AND c_asigna='300313' [1][0] OK
C:[01/08/2014 15:56:20.02][186.94.37.130][1151] SELECT c_asigna FROM dace004 WHERE exp_e='12-24559610' AND c_asigna='300213' AND status IN ('0','3','B','C') [1][0] OK
C:[01/08/2014 15:56:20.02][186.94.37.130][1151] SELECT c_asigna FROM dace004 WHERE exp_e='12-24559610' AND c_asigna='300226' AND status IN ('0','3','B','C') [1][0] OK
C:[01/08/2014 15:56:20.02][186.94.37.130][1151] SELECT c_asigna FROM dace004 WHERE exp_e='12-24559610' AND c_asigna='300222' AND status IN ('0','3','B','C') [1][0] OK
C:[01/08/2014 15:56:20.02][186.94.37.130][1151] SELECT c_asigna FROM dace004 WHERE exp_e='12-24559610' AND c_asigna='300209' AND status IN ('0','3','B','C') [1][0] OK
C:[01/08/2014 15:56:20.02][186.94.37.130][1138] SELECT pre_cod_asig1,pre_cod_asig2,pre_cod_asig3,pre_cod_asig4,pre_cod_asig5,pre_cod_asig6,pre_cod_asig7 FROM tblaca009 WHERE pensum='5' AND c_uni_ca='3' AND c_asigna='300317' [1][0] OK
C:[01/08/2014 15:56:20.02][186.94.37.130][1151] SELECT c_asigna FROM dace004 WHERE exp_e='12-24559610' AND c_asigna='300207' AND status IN ('0','3','B','C') [1][0] OK
C:[01/08/2014 15:56:20.02][186.94.37.130][1151] SELECT c_asigna FROM dace004 WHERE exp_e='12-24559610' AND c_asigna='300209' AND status IN ('0','3','B','C') [1][0] OK
C:[01/08/2014 15:56:20.02][186.94.37.130][1138] SELECT pre_cod_asig1,pre_cod_asig2,pre_cod_asig3,pre_cod_asig4,pre_cod_asig5,pre_cod_asig6,pre_cod_asig7 FROM tblaca009 WHERE pensum='5' AND c_uni_ca='3' AND c_asigna='300318' [1][0] OK
C:[01/08/2014 15:56:20.02][186.94.37.130][1151] SELECT c_asigna FROM dace004 WHERE exp_e='12-24559610' AND c_asigna='300228' AND status IN ('0','3','B','C') [1][0] OK
C:[01/08/2014 15:56:20.02][186.94.37.130][1151] SELECT c_asigna FROM dace004 WHERE exp_e='12-24559610' AND c_asigna='300207' AND status IN ('0','3','B','C') [1][0] OK
C:[01/08/2014 15:56:20.02][186.94.37.130][1151] SELECT c_asigna FROM dace004 WHERE exp_e='12-24559610' AND c_asigna='300218' AND status IN ('0','3','B','C') [1][0] OK
C:[01/08/2014 15:56:21.46][186.94.37.130][1182] SELECT par_cod_asig1,par_cod_asig2,par_cod_asig3 FROM tblaca009 WHERE pensum='5' AND c_uni_ca='3' AND c_asigna='300313' [1][0] OK
C:[01/08/2014 15:56:21.46][186.94.37.130][1182] SELECT par_cod_asig1,par_cod_asig2,par_cod_asig3 FROM tblaca009 WHERE pensum='5' AND c_uni_ca='3' AND c_asigna='300317' [1][0] OK
C:[01/08/2014 15:56:21.46][186.94.37.130][1182] SELECT par_cod_asig1,par_cod_asig2,par_cod_asig3 FROM tblaca009 WHERE pensum='5' AND c_uni_ca='3' AND c_asigna='300318' [1][0] OK
C:[01/08/2014 15:56:21.85][186.94.37.130][1312] SELECT horas_lab FROM tblaca008 WHERE c_asigna='300313' AND horas_teoricas > 0 [1][0] OK
C:[01/08/2014 15:56:21.85][186.94.37.130][1312] SELECT horas_lab FROM tblaca008 WHERE c_asigna='300317' AND horas_teoricas > 0 [1][0] OK
C:[01/08/2014 15:56:21.85][186.94.37.130][1312] SELECT horas_lab FROM tblaca008 WHERE c_asigna='300318' AND horas_teoricas > 0 [1][0] OK
C:[01/08/2014 15:57:14.64][186.94.51.161][1138] SELECT pre_cod_asig1,pre_cod_asig2,pre_cod_asig3,pre_cod_asig4,pre_cod_asig5,pre_cod_asig6,pre_cod_asig7 FROM tblaca009 WHERE pensum='5' AND c_uni_ca='2' AND c_asigna='300101' [1][0] OK
C:[01/08/2014 15:57:14.64][186.94.51.161][1138] SELECT pre_cod_asig1,pre_cod_asig2,pre_cod_asig3,pre_cod_asig4,pre_cod_asig5,pre_cod_asig6,pre_cod_asig7 FROM tblaca009 WHERE pensum='5' AND c_uni_ca='2' AND c_asigna='300222' [1][0] OK
C:[01/08/2014 15:57:14.64][186.94.51.161][1151] SELECT c_asigna FROM dace004 WHERE exp_e='11-21384842' AND c_asigna='300112' AND status IN ('0','3','B','C') [1][0] OK
C:[01/08/2014 15:57:14.27][186.94.51.161][1182] SELECT par_cod_asig1,par_cod_asig2,par_cod_asig3 FROM tblaca009 WHERE pensum='5' AND c_uni_ca='2' AND c_asigna='300101' [1][0] OK
C:[01/08/2014 15:57:14.27][186.94.51.161][1182] SELECT par_cod_asig1,par_cod_asig2,par_cod_asig3 FROM tblaca009 WHERE pensum='5' AND c_uni_ca='2' AND c_asigna='300222' [1][0] OK
C:[01/08/2014 15:57:14.53][186.94.51.161][1312] SELECT horas_lab FROM tblaca008 WHERE c_asigna='300101' AND horas_teoricas > 0 [1][0] OK
C:[01/08/2014 15:57:14.53][186.94.51.161][1312] SELECT horas_lab FROM tblaca008 WHERE c_asigna='300222' AND horas_teoricas > 0 [1][0] OK
C:[01/08/2014 15:57:39.72][186.89.182.163][1138] SELECT pre_cod_asig1,pre_cod_asig2,pre_cod_asig3,pre_cod_asig4,pre_cod_asig5,pre_cod_asig6,pre_cod_asig7 FROM tblaca009 WHERE pensum='5' AND c_uni_ca='5' AND c_asigna='352440' [1][0] OK
C:[01/08/2014 15:57:39.72][186.89.182.163][1151] SELECT c_asigna FROM dace004 WHERE exp_e='00-15632304' AND c_asigna='300317' AND status IN ('0','3','B','C') [1][0] OK
C:[01/08/2014 15:57:39.72][186.89.182.163][1151] SELECT c_asigna FROM dace004 WHERE exp_e='00-15632304' AND c_asigna='300013' AND status IN ('0','3','B','C') [1][0] OK
C:[01/08/2014 15:57:39.72][186.89.182.163][1151] SELECT c_asigna FROM dace004 WHERE exp_e='00-15632304' AND c_asigna='300113' AND status IN ('0','3','B','C') [1][0] OK
C:[01/08/2014 15:57:39.72][186.89.182.163][1138] SELECT pre_cod_asig1,pre_cod_asig2,pre_cod_asig3,pre_cod_asig4,pre_cod_asig5,pre_cod_asig6,pre_cod_asig7 FROM tblaca009 WHERE pensum='5' AND c_uni_ca='5' AND c_asigna='355692' [1][0] OK
C:[01/08/2014 15:57:39.72][186.89.182.163][1151] SELECT c_asigna FROM dace004 WHERE exp_e='00-15632304' AND c_asigna='355448' AND status IN ('0','3','B','C') [1][0] OK
C:[01/08/2014 15:57:39.72][186.89.182.163][1151] SELECT c_asigna FROM dace004 WHERE exp_e='00-15632304' AND c_asigna='355570' AND status IN ('0','3','B','C') [1][0] OK
C:[01/08/2014 15:57:39.29][186.89.182.163][1182] SELECT par_cod_asig1,par_cod_asig2,par_cod_asig3 FROM tblaca009 WHERE pensum='5' AND c_uni_ca='5' AND c_asigna='352440' [1][0] OK
C:[01/08/2014 15:57:39.29][186.89.182.163][1182] SELECT par_cod_asig1,par_cod_asig2,par_cod_asig3 FROM tblaca009 WHERE pensum='5' AND c_uni_ca='5' AND c_asigna='355692' [1][0] OK
C:[01/08/2014 15:57:39.55][186.89.182.163][1312] SELECT horas_lab FROM tblaca008 WHERE c_asigna='352440' AND horas_teoricas > 0 [1][0] OK
C:[01/08/2014 15:57:39.55][186.89.182.163][1312] SELECT horas_lab FROM tblaca008 WHERE c_asigna='355692' AND horas_teoricas > 0 [1][0] OK
C:[01/08/2014 15:57:55.01][190.73.243.189][1138] SELECT pre_cod_asig1,pre_cod_asig2,pre_cod_asig3,pre_cod_asig4,pre_cod_asig5,pre_cod_asig6,pre_cod_asig7 FROM tblaca009 WHERE pensum='5' AND c_uni_ca='2' AND c_asigna='322801' [1][0] OK
C:[01/08/2014 15:57:55.01][190.73.243.189][1151] SELECT c_asigna FROM dace004 WHERE exp_e='10-20806428' AND c_asigna='322780' AND status IN ('0','3','B','C') [1][0] OK
C:[01/08/2014 15:57:55.01][190.73.243.189][1151] SELECT c_asigna FROM dace004 WHERE exp_e='10-20806428' AND c_asigna='322605' AND status IN ('0','3','B','C') [1][0] OK
C:[01/08/2014 15:57:55.01][190.73.243.189][1138] SELECT pre_cod_asig1,pre_cod_asig2,pre_cod_asig3,pre_cod_asig4,pre_cod_asig5,pre_cod_asig6,pre_cod_asig7 FROM tblaca009 WHERE pensum='5' AND c_uni_ca='2' AND c_asigna='322826' [1][0] OK
C:[01/08/2014 15:57:55.01][190.73.243.189][1151] SELECT c_asigna FROM dace004 WHERE exp_e='10-20806428' AND c_asigna='322702' AND status IN ('0','3','B','C') [1][0] OK
C:[01/08/2014 15:57:56.46][190.73.243.189][1182] SELECT par_cod_asig1,par_cod_asig2,par_cod_asig3 FROM tblaca009 WHERE pensum='5' AND c_uni_ca='2' AND c_asigna='322801' [1][0] OK
C:[01/08/2014 15:57:56.46][190.73.243.189][1182] SELECT par_cod_asig1,par_cod_asig2,par_cod_asig3 FROM tblaca009 WHERE pensum='5' AND c_uni_ca='2' AND c_asigna='322826' [1][0] OK
C:[01/08/2014 15:57:56.71][190.73.243.189][1312] SELECT horas_lab FROM tblaca008 WHERE c_asigna='322801' AND horas_teoricas > 0 [1][0] OK
C:[01/08/2014 15:57:56.71][190.73.243.189][1312] SELECT horas_lab FROM tblaca008 WHERE c_asigna='322826' AND horas_teoricas > 0 [1][0] OK
C:[01/08/2014 15:58:17.40][200.84.72.111][1138] SELECT pre_cod_asig1,pre_cod_asig2,pre_cod_asig3,pre_cod_asig4,pre_cod_asig5,pre_cod_asig6,pre_cod_asig7 FROM tblaca009 WHERE pensum='5' AND c_uni_ca='4' AND c_asigna='300222' [1][0] OK
C:[01/08/2014 15:58:17.40][200.84.72.111][1151] SELECT c_asigna FROM dace004 WHERE exp_e='12-24890324' AND c_asigna='300112' AND status IN ('0','3','B','C') [1][0] OK
C:[01/08/2014 15:58:18.91][200.84.72.111][1182] SELECT par_cod_asig1,par_cod_asig2,par_cod_asig3 FROM tblaca009 WHERE pensum='5' AND c_uni_ca='4' AND c_asigna='300222' [1][0] OK
C:[01/08/2014 15:58:18.04][200.84.72.111][1312] SELECT horas_lab FROM tblaca008 WHERE c_asigna='300222' AND horas_teoricas > 0 [1][0] OK
C:[01/08/2014 15:59:28.11][190.200.56.243][1138] SELECT pre_cod_asig1,pre_cod_asig2,pre_cod_asig3,pre_cod_asig4,pre_cod_asig5,pre_cod_asig6,pre_cod_asig7 FROM tblaca009 WHERE pensum='5' AND c_uni_ca='2' AND c_asigna='300209' [1][0] OK
C:[01/08/2014 15:59:28.11][190.200.56.243][1151] SELECT c_asigna FROM dace004 WHERE exp_e='13-25493247' AND c_asigna='300101' AND status IN ('0','3','B','C') [1][0] OK
C:[01/08/2014 15:59:28.11][190.200.56.243][1138] SELECT pre_cod_asig1,pre_cod_asig2,pre_cod_asig3,pre_cod_asig4,pre_cod_asig5,pre_cod_asig6,pre_cod_asig7 FROM tblaca009 WHERE pensum='5' AND c_uni_ca='2' AND c_asigna='300213' [1][0] OK
C:[01/08/2014 15:59:28.11][190.200.56.243][1151] SELECT c_asigna FROM dace004 WHERE exp_e='13-25493247' AND c_asigna='300101' AND status IN ('0','3','B','C') [1][0] OK
C:[01/08/2014 15:59:28.67][190.200.56.243][1182] SELECT par_cod_asig1,par_cod_asig2,par_cod_asig3 FROM tblaca009 WHERE pensum='5' AND c_uni_ca='2' AND c_asigna='300209' [1][0] OK
C:[01/08/2014 15:59:28.67][190.200.56.243][1182] SELECT par_cod_asig1,par_cod_asig2,par_cod_asig3 FROM tblaca009 WHERE pensum='5' AND c_uni_ca='2' AND c_asigna='300213' [1][0] OK
C:[01/08/2014 15:59:28.67][190.200.56.243][1196] SELECT c_asigna FROM dace004 WHERE exp_e='13-25493247' AND c_asigna='300209' AND status IN ('0','3','B','C') [0][0] OK
C:[01/08/2014 15:59:28.05][190.200.56.243][1312] SELECT horas_lab FROM tblaca008 WHERE c_asigna='300209' AND horas_teoricas > 0 [1][0] OK
C:[01/08/2014 15:59:28.05][190.200.56.243][1312] SELECT horas_lab FROM tblaca008 WHERE c_asigna='300213' AND horas_teoricas > 0 [1][0] OK
C:[01/08/2014 15:59:44.29][181.185.12.216][1138] SELECT pre_cod_asig1,pre_cod_asig2,pre_cod_asig3,pre_cod_asig4,pre_cod_asig5,pre_cod_asig6,pre_cod_asig7 FROM tblaca009 WHERE pensum='5' AND c_uni_ca='6' AND c_asigna='300428' [1][0] OK
C:[01/08/2014 15:59:44.29][181.185.12.216][1151] SELECT c_asigna FROM dace004 WHERE exp_e='01-15375524' AND c_asigna='300317' AND status IN ('0','3','B','C') [1][0] OK
C:[01/08/2014 15:59:44.29][181.185.12.216][1151] SELECT c_asigna FROM dace004 WHERE exp_e='01-15375524' AND c_asigna='300209' AND status IN ('0','3','B','C') [1][0] OK
C:[01/08/2014 15:59:45.91][181.185.12.216][1182] SELECT par_cod_asig1,par_cod_asig2,par_cod_asig3 FROM tblaca009 WHERE pensum='5' AND c_uni_ca='6' AND c_asigna='300428' [1][0] OK
C:[01/08/2014 15:59:45.05][181.185.12.216][1312] SELECT horas_lab FROM tblaca008 WHERE c_asigna='300428' AND horas_teoricas > 0 [1][0] OK
C:[01/08/2014 15:59:45.63][181.185.65.187][1138] SELECT pre_cod_asig1,pre_cod_asig2,pre_cod_asig3,pre_cod_asig4,pre_cod_asig5,pre_cod_asig6,pre_cod_asig7 FROM tblaca009 WHERE pensum='5' AND c_uni_ca='4' AND c_asigna='300209' [1][0] OK
C:[01/08/2014 15:59:45.63][181.185.65.187][1151] SELECT c_asigna FROM dace004 WHERE exp_e='12-25446617' AND c_asigna='300101' AND status IN ('0','3','B','C') [1][0] OK
C:[01/08/2014 15:59:45.63][181.185.65.187][1138] SELECT pre_cod_asig1,pre_cod_asig2,pre_cod_asig3,pre_cod_asig4,pre_cod_asig5,pre_cod_asig6,pre_cod_asig7 FROM tblaca009 WHERE pensum='5' AND c_uni_ca='4' AND c_asigna='300207' [1][0] OK
C:[01/08/2014 15:59:45.63][181.185.65.187][1151] SELECT c_asigna FROM dace004 WHERE exp_e='12-25446617' AND c_asigna='300101' AND status IN ('0','3','B','C') [1][0] OK
C:[01/08/2014 15:59:45.12][181.185.65.187][1182] SELECT par_cod_asig1,par_cod_asig2,par_cod_asig3 FROM tblaca009 WHERE pensum='5' AND c_uni_ca='4' AND c_asigna='300209' [1][0] OK
C:[01/08/2014 15:59:45.12][181.185.65.187][1182] SELECT par_cod_asig1,par_cod_asig2,par_cod_asig3 FROM tblaca009 WHERE pensum='5' AND c_uni_ca='4' AND c_asigna='300207' [1][0] OK
C:[01/08/2014 15:59:45.38][181.185.65.187][1312] SELECT horas_lab FROM tblaca008 WHERE c_asigna='300209' AND horas_teoricas > 0 [1][0] OK
C:[01/08/2014 15:59:45.38][181.185.65.187][1312] SELECT horas_lab FROM tblaca008 WHERE c_asigna='300207' AND horas_teoricas > 0 [1][0] OK
C:[01/08/2014 16:00:00.10][190.94.220.38][1138] SELECT pre_cod_asig1,pre_cod_asig2,pre_cod_asig3,pre_cod_asig4,pre_cod_asig5,pre_cod_asig6,pre_cod_asig7 FROM tblaca009 WHERE pensum='5' AND c_uni_ca='6' AND c_asigna='300213' [1][0] OK
C:[01/08/2014 16:00:00.10][190.94.220.38][1151] SELECT c_asigna FROM dace004 WHERE exp_e='11-24511383' AND c_asigna='300101' AND status IN ('0','3','B','C') [1][0] OK
C:[01/08/2014 16:00:00.10][190.94.220.38][1138] SELECT pre_cod_asig1,pre_cod_asig2,pre_cod_asig3,pre_cod_asig4,pre_cod_asig5,pre_cod_asig6,pre_cod_asig7 FROM tblaca009 WHERE pensum='5' AND c_uni_ca='6' AND c_asigna='300222' [1][0] OK
C:[01/08/2014 16:00:00.10][190.94.220.38][1151] SELECT c_asigna FROM dace004 WHERE exp_e='11-24511383' AND c_asigna='300112' AND status IN ('0','3','B','C') [1][0] OK
C:[01/08/2014 16:00:00.28][190.94.220.38][1182] SELECT par_cod_asig1,par_cod_asig2,par_cod_asig3 FROM tblaca009 WHERE pensum='5' AND c_uni_ca='6' AND c_asigna='300213' [1][0] OK
C:[01/08/2014 16:00:00.28][190.94.220.38][1196] SELECT c_asigna FROM dace004 WHERE exp_e='11-24511383' AND c_asigna='300209' AND status IN ('0','3','B','C') [1][0] OK
C:[01/08/2014 16:00:00.28][190.94.220.38][1182] SELECT par_cod_asig1,par_cod_asig2,par_cod_asig3 FROM tblaca009 WHERE pensum='5' AND c_uni_ca='6' AND c_asigna='300222' [1][0] OK
C:[01/08/2014 16:00:00.66][190.94.220.38][1312] SELECT horas_lab FROM tblaca008 WHERE c_asigna='300213' AND horas_teoricas > 0 [1][0] OK
C:[01/08/2014 16:00:00.66][190.94.220.38][1312] SELECT horas_lab FROM tblaca008 WHERE c_asigna='300222' AND horas_teoricas > 0 [1][0] OK
C:[01/08/2014 16:01:08.91][186.90.121.158][1138] SELECT pre_cod_asig1,pre_cod_asig2,pre_cod_asig3,pre_cod_asig4,pre_cod_asig5,pre_cod_asig6,pre_cod_asig7 FROM tblaca009 WHERE pensum='5' AND c_uni_ca='3' AND c_asigna='311655' [1][0] OK
C:[01/08/2014 16:01:08.91][186.90.121.158][1151] SELECT c_asigna FROM dace004 WHERE exp_e='09-20159424' AND c_asigna='311556' AND status IN ('0','3','B','C') [1][0] OK
C:[01/08/2014 16:01:08.91][186.90.121.158][1138] SELECT pre_cod_asig1,pre_cod_asig2,pre_cod_asig3,pre_cod_asig4,pre_cod_asig5,pre_cod_asig6,pre_cod_asig7 FROM tblaca009 WHERE pensum='5' AND c_uni_ca='3' AND c_asigna='311824' [1][0] OK
C:[01/08/2014 16:01:08.91][186.90.121.158][1151] SELECT c_asigna FROM dace004 WHERE exp_e='09-20159424' AND c_asigna='311796' AND status IN ('0','3','B','C') [1][0] OK
C:[01/08/2014 16:01:08.91][186.90.121.158][1151] SELECT c_asigna FROM dace004 WHERE exp_e='09-20159424' AND c_asigna='315671' AND status IN ('0','3','B','C') [1][0] OK
C:[01/08/2014 16:01:08.91][186.90.121.158][1151] SELECT c_asigna FROM dace004 WHERE exp_e='09-20159424' AND c_asigna='311552' AND status IN ('0','3','B','C') [1][0] OK
C:[01/08/2014 16:01:08.91][186.90.121.158][1151] SELECT c_asigna FROM dace004 WHERE exp_e='09-20159424' AND c_asigna='311430' AND status IN ('0','3','B','C') [1][0] OK
C:[01/08/2014 16:01:08.91][186.90.121.158][1151] SELECT c_asigna FROM dace004 WHERE exp_e='09-20159424' AND c_asigna='300317' AND status IN ('0','3','B','C') [1][0] OK
C:[01/08/2014 16:01:08.91][186.90.121.158][1151] SELECT c_asigna FROM dace004 WHERE exp_e='09-20159424' AND c_asigna='300318' AND status IN ('0','3','B','C') [1][0] OK
C:[01/08/2014 16:01:08.91][186.90.121.158][1151] SELECT c_asigna FROM dace004 WHERE exp_e='09-20159424' AND c_asigna='300313' AND status IN ('0','3','B','C') [1][0] OK
C:[01/08/2014 16:01:08.42][186.90.121.158][1182] SELECT par_cod_asig1,par_cod_asig2,par_cod_asig3 FROM tblaca009 WHERE pensum='5' AND c_uni_ca='3' AND c_asigna='311655' [1][0] OK
C:[01/08/2014 16:01:08.42][186.90.121.158][1182] SELECT par_cod_asig1,par_cod_asig2,par_cod_asig3 FROM tblaca009 WHERE pensum='5' AND c_uni_ca='3' AND c_asigna='311824' [1][0] OK
C:[01/08/2014 16:01:08.67][186.90.121.158][1312] SELECT horas_lab FROM tblaca008 WHERE c_asigna='311655' AND horas_teoricas > 0 [1][0] OK
C:[01/08/2014 16:01:08.67][186.90.121.158][1312] SELECT horas_lab FROM tblaca008 WHERE c_asigna='311824' AND horas_teoricas > 0 [1][0] OK
C:[01/08/2014 16:01:15.90][181.185.65.187][1138] SELECT pre_cod_asig1,pre_cod_asig2,pre_cod_asig3,pre_cod_asig4,pre_cod_asig5,pre_cod_asig6,pre_cod_asig7 FROM tblaca009 WHERE pensum='5' AND c_uni_ca='4' AND c_asigna='300209' [1][0] OK
C:[01/08/2014 16:01:15.90][181.185.65.187][1151] SELECT c_asigna FROM dace004 WHERE exp_e='12-25446617' AND c_asigna='300101' AND status IN ('0','3','B','C') [1][0] OK
C:[01/08/2014 16:01:15.90][181.185.65.187][1138] SELECT pre_cod_asig1,pre_cod_asig2,pre_cod_asig3,pre_cod_asig4,pre_cod_asig5,pre_cod_asig6,pre_cod_asig7 FROM tblaca009 WHERE pensum='5' AND c_uni_ca='4' AND c_asigna='300207' [1][0] OK
C:[01/08/2014 16:01:15.90][181.185.65.187][1151] SELECT c_asigna FROM dace004 WHERE exp_e='12-25446617' AND c_asigna='300101' AND status IN ('0','3','B','C') [1][0] OK
C:[01/08/2014 16:01:15.40][181.185.65.187][1182] SELECT par_cod_asig1,par_cod_asig2,par_cod_asig3 FROM tblaca009 WHERE pensum='5' AND c_uni_ca='4' AND c_asigna='300209' [1][0] OK
C:[01/08/2014 16:01:15.40][181.185.65.187][1182] SELECT par_cod_asig1,par_cod_asig2,par_cod_asig3 FROM tblaca009 WHERE pensum='5' AND c_uni_ca='4' AND c_asigna='300207' [1][0] OK
C:[01/08/2014 16:01:15.66][181.185.65.187][1312] SELECT horas_lab FROM tblaca008 WHERE c_asigna='300209' AND horas_teoricas > 0 [1][0] OK
C:[01/08/2014 16:01:15.66][181.185.65.187][1312] SELECT horas_lab FROM tblaca008 WHERE c_asigna='300207' AND horas_teoricas > 0 [1][0] OK
C:[01/08/2014 16:01:43.72][201.243.97.161][1138] SELECT pre_cod_asig1,pre_cod_asig2,pre_cod_asig3,pre_cod_asig4,pre_cod_asig5,pre_cod_asig6,pre_cod_asig7 FROM tblaca009 WHERE pensum='5' AND c_uni_ca='4' AND c_asigna='300101' [1][0] OK
C:[01/08/2014 16:01:43.10][201.243.97.161][1182] SELECT par_cod_asig1,par_cod_asig2,par_cod_asig3 FROM tblaca009 WHERE pensum='5' AND c_uni_ca='4' AND c_asigna='300101' [1][0] OK
C:[01/08/2014 16:01:43.24][201.243.97.161][1312] SELECT horas_lab FROM tblaca008 WHERE c_asigna='300101' AND horas_teoricas > 0 [1][0] OK
C:[01/08/2014 16:03:43.14][186.94.51.161][1138] SELECT pre_cod_asig1,pre_cod_asig2,pre_cod_asig3,pre_cod_asig4,pre_cod_asig5,pre_cod_asig6,pre_cod_asig7 FROM tblaca009 WHERE pensum='5' AND c_uni_ca='3' AND c_asigna='311430' [1][0] OK
C:[01/08/2014 16:03:43.14][186.94.51.161][1151] SELECT c_asigna FROM dace004 WHERE exp_e='09-20806184' AND c_asigna='300317' AND status IN ('0','3','B','C') [1][0] OK
C:[01/08/2014 16:03:43.14][186.94.51.161][1151] SELECT c_asigna FROM dace004 WHERE exp_e='09-20806184' AND c_asigna='300318' AND status IN ('0','3','B','C') [1][0] OK
C:[01/08/2014 16:03:43.14][186.94.51.161][1151] SELECT c_asigna FROM dace004 WHERE exp_e='09-20806184' AND c_asigna='300313' AND status IN ('0','3','B','C') [1][0] OK
C:[01/08/2014 16:03:43.14][186.94.51.161][1151] SELECT c_asigna FROM dace004 WHERE exp_e='09-20806184' AND c_asigna='300222' AND status IN ('0','3','B','C') [1][0] OK
C:[01/08/2014 16:03:43.14][186.94.51.161][1151] SELECT c_asigna FROM dace004 WHERE exp_e='09-20806184' AND c_asigna='300226' AND status IN ('0','3','B','C') [1][0] OK
C:[01/08/2014 16:03:43.14][186.94.51.161][1151] SELECT c_asigna FROM dace004 WHERE exp_e='09-20806184' AND c_asigna='300209' AND status IN ('0','3','B','C') [1][0] OK
C:[01/08/2014 16:03:43.66][186.94.51.161][1182] SELECT par_cod_asig1,par_cod_asig2,par_cod_asig3 FROM tblaca009 WHERE pensum='5' AND c_uni_ca='3' AND c_asigna='311430' [1][0] OK
C:[01/08/2014 16:03:43.40][186.94.51.161][1312] SELECT horas_lab FROM tblaca008 WHERE c_asigna='311430' AND horas_teoricas > 0 [1][0] OK
C:[01/08/2014 16:04:03.86][186.90.212.2][1138] SELECT pre_cod_asig1,pre_cod_asig2,pre_cod_asig3,pre_cod_asig4,pre_cod_asig5,pre_cod_asig6,pre_cod_asig7 FROM tblaca009 WHERE pensum='5' AND c_uni_ca='5' AND c_asigna='355692' [1][0] OK
C:[01/08/2014 16:04:03.86][186.90.212.2][1151] SELECT c_asigna FROM dace004 WHERE exp_e='02-17523155' AND c_asigna='355448' AND status IN ('0','3','B','C') [1][0] OK
C:[01/08/2014 16:04:03.86][186.90.212.2][1151] SELECT c_asigna FROM dace004 WHERE exp_e='02-17523155' AND c_asigna='355570' AND status IN ('0','3','B','C') [1][0] OK
C:[01/08/2014 16:04:03.86][186.90.212.2][1138] SELECT pre_cod_asig1,pre_cod_asig2,pre_cod_asig3,pre_cod_asig4,pre_cod_asig5,pre_cod_asig6,pre_cod_asig7 FROM tblaca009 WHERE pensum='5' AND c_uni_ca='5' AND c_asigna='355721' [1][0] OK
C:[01/08/2014 16:04:03.86][186.90.212.2][1151] SELECT c_asigna FROM dace004 WHERE exp_e='02-17523155' AND c_asigna='355693' AND status IN ('0','3','B','C') [1][0] OK
C:[01/08/2014 16:04:03.86][186.90.212.2][1151] SELECT c_asigna FROM dace004 WHERE exp_e='02-17523155' AND c_asigna='355696' AND status IN ('0','3','B','C') [1][0] OK
C:[01/08/2014 16:04:03.30][186.90.212.2][1182] SELECT par_cod_asig1,par_cod_asig2,par_cod_asig3 FROM tblaca009 WHERE pensum='5' AND c_uni_ca='5' AND c_asigna='355692' [1][0] OK
C:[01/08/2014 16:04:03.30][186.90.212.2][1182] SELECT par_cod_asig1,par_cod_asig2,par_cod_asig3 FROM tblaca009 WHERE pensum='5' AND c_uni_ca='5' AND c_asigna='355721' [1][0] OK
C:[01/08/2014 16:04:04.56][186.90.212.2][1312] SELECT horas_lab FROM tblaca008 WHERE c_asigna='355692' AND horas_teoricas > 0 [1][0] OK
C:[01/08/2014 16:04:04.56][186.90.212.2][1312] SELECT horas_lab FROM tblaca008 WHERE c_asigna='355721' AND horas_teoricas > 0 [1][0] OK
C:[01/08/2014 16:04:40.43][190.36.21.50][1138] SELECT pre_cod_asig1,pre_cod_asig2,pre_cod_asig3,pre_cod_asig4,pre_cod_asig5,pre_cod_asig6,pre_cod_asig7 FROM tblaca009 WHERE pensum='5' AND c_uni_ca='4' AND c_asigna='333782' [1][0] OK
C:[01/08/2014 16:04:40.43][190.36.21.50][1151] SELECT c_asigna FROM dace004 WHERE exp_e='07-14726722' AND c_asigna='333606' AND status IN ('0','3','B','C') [1][0] OK
C:[01/08/2014 16:04:40.43][190.36.21.50][1138] SELECT pre_cod_asig1,pre_cod_asig2,pre_cod_asig3,pre_cod_asig4,pre_cod_asig5,pre_cod_asig6,pre_cod_asig7 FROM tblaca009 WHERE pensum='5' AND c_uni_ca='4' AND c_asigna='333710' [1][0] OK
C:[01/08/2014 16:04:40.43][190.36.21.50][1151] SELECT c_asigna FROM dace004 WHERE exp_e='07-14726722' AND c_asigna='333683' AND status IN ('0','3','B','C') [1][0] OK
C:[01/08/2014 16:04:40.43][190.36.21.50][1151] SELECT c_asigna FROM dace004 WHERE exp_e='07-14726722' AND c_asigna='333606' AND status IN ('0','3','B','C') [1][0] OK
C:[01/08/2014 16:04:40.31][190.36.21.50][1182] SELECT par_cod_asig1,par_cod_asig2,par_cod_asig3 FROM tblaca009 WHERE pensum='5' AND c_uni_ca='4' AND c_asigna='333782' [1][0] OK
C:[01/08/2014 16:04:40.31][190.36.21.50][1182] SELECT par_cod_asig1,par_cod_asig2,par_cod_asig3 FROM tblaca009 WHERE pensum='5' AND c_uni_ca='4' AND c_asigna='333710' [1][0] OK
C:[01/08/2014 16:04:40.31][190.36.21.50][1196] SELECT c_asigna FROM dace004 WHERE exp_e='07-14726722' AND c_asigna='333782' AND status IN ('0','3','B','C') [0][0] OK
C:[01/08/2014 16:04:40.70][190.36.21.50][1312] SELECT horas_lab FROM tblaca008 WHERE c_asigna='333782' AND horas_teoricas > 0 [1][0] OK
C:[01/08/2014 16:04:40.70][190.36.21.50][1312] SELECT horas_lab FROM tblaca008 WHERE c_asigna='333710' AND horas_teoricas > 0 [1][0] OK
C:[01/08/2014 16:05:09.80][190.36.21.152][1138] SELECT pre_cod_asig1,pre_cod_asig2,pre_cod_asig3,pre_cod_asig4,pre_cod_asig5,pre_cod_asig6,pre_cod_asig7 FROM tblaca009 WHERE pensum='5' AND c_uni_ca='2' AND c_asigna='300228' [1][0] OK
C:[01/08/2014 16:05:09.80][190.36.21.152][1151] SELECT c_asigna FROM dace004 WHERE exp_e='13-25397454' AND c_asigna='300101' AND status IN ('0','3','B','C') [1][0] OK
C:[01/08/2014 16:05:09.30][190.36.21.152][1182] SELECT par_cod_asig1,par_cod_asig2,par_cod_asig3 FROM tblaca009 WHERE pensum='5' AND c_uni_ca='2' AND c_asigna='300228' [1][0] OK
C:[01/08/2014 16:05:09.44][190.36.21.152][1312] SELECT horas_lab FROM tblaca008 WHERE c_asigna='300228' AND horas_teoricas > 0 [1][0] OK
C:[01/08/2014 16:05:32.53][186.94.51.161][1138] SELECT pre_cod_asig1,pre_cod_asig2,pre_cod_asig3,pre_cod_asig4,pre_cod_asig5,pre_cod_asig6,pre_cod_asig7 FROM tblaca009 WHERE pensum='5' AND c_uni_ca='4' AND c_asigna='300101' [1][0] OK
C:[01/08/2014 16:05:32.91][186.94.51.161][1182] SELECT par_cod_asig1,par_cod_asig2,par_cod_asig3 FROM tblaca009 WHERE pensum='5' AND c_uni_ca='4' AND c_asigna='300101' [1][0] OK
C:[01/08/2014 16:05:32.04][186.94.51.161][1312] SELECT horas_lab FROM tblaca008 WHERE c_asigna='300101' AND horas_teoricas > 0 [1][0] OK
C:[01/08/2014 16:05:50.55][186.94.91.105][1138] SELECT pre_cod_asig1,pre_cod_asig2,pre_cod_asig3,pre_cod_asig4,pre_cod_asig5,pre_cod_asig6,pre_cod_asig7 FROM tblaca009 WHERE pensum='5' AND c_uni_ca='6' AND c_asigna='300207' [1][0] OK
C:[01/08/2014 16:05:50.55][186.94.91.105][1151] SELECT c_asigna FROM dace004 WHERE exp_e='11-23501379' AND c_asigna='300101' AND status IN ('0','3','B','C') [1][0] OK
C:[01/08/2014 16:05:51.49][186.94.91.105][1182] SELECT par_cod_asig1,par_cod_asig2,par_cod_asig3 FROM tblaca009 WHERE pensum='5' AND c_uni_ca='6' AND c_asigna='300207' [1][0] OK
C:[01/08/2014 16:05:51.63][186.94.91.105][1312] SELECT horas_lab FROM tblaca008 WHERE c_asigna='300207' AND horas_teoricas > 0 [1][0] OK
C:[01/08/2014 16:06:51.39][190.36.27.219][1138] SELECT pre_cod_asig1,pre_cod_asig2,pre_cod_asig3,pre_cod_asig4,pre_cod_asig5,pre_cod_asig6,pre_cod_asig7 FROM tblaca009 WHERE pensum='5' AND c_uni_ca='6' AND c_asigna='300101' [1][0] OK
C:[01/08/2014 16:06:51.39][190.36.27.219][1138] SELECT pre_cod_asig1,pre_cod_asig2,pre_cod_asig3,pre_cod_asig4,pre_cod_asig5,pre_cod_asig6,pre_cod_asig7 FROM tblaca009 WHERE pensum='5' AND c_uni_ca='6' AND c_asigna='300112' [1][0] OK
C:[01/08/2014 16:06:51.89][190.36.27.219][1182] SELECT par_cod_asig1,par_cod_asig2,par_cod_asig3 FROM tblaca009 WHERE pensum='5' AND c_uni_ca='6' AND c_asigna='300101' [1][0] OK
C:[01/08/2014 16:06:51.89][190.36.27.219][1182] SELECT par_cod_asig1,par_cod_asig2,par_cod_asig3 FROM tblaca009 WHERE pensum='5' AND c_uni_ca='6' AND c_asigna='300112' [1][0] OK
C:[01/08/2014 16:06:51.15][190.36.27.219][1312] SELECT horas_lab FROM tblaca008 WHERE c_asigna='300101' AND horas_teoricas > 0 [1][0] OK
C:[01/08/2014 16:06:51.15][190.36.27.219][1312] SELECT horas_lab FROM tblaca008 WHERE c_asigna='300112' AND horas_teoricas > 0 [1][0] OK
C:[01/08/2014 16:07:41.92][190.204.211.135][1138] SELECT pre_cod_asig1,pre_cod_asig2,pre_cod_asig3,pre_cod_asig4,pre_cod_asig5,pre_cod_asig6,pre_cod_asig7 FROM tblaca009 WHERE pensum='5' AND c_uni_ca='5' AND c_asigna='300428' [1][0] OK
C:[01/08/2014 16:07:41.92][190.204.211.135][1151] SELECT c_asigna FROM dace004 WHERE exp_e='11-25595329' AND c_asigna='300317' AND status IN ('0','3','B','C') [1][0] OK
C:[01/08/2014 16:07:41.92][190.204.211.135][1151] SELECT c_asigna FROM dace004 WHERE exp_e='11-25595329' AND c_asigna='300209' AND status IN ('0','3','B','C') [1][0] OK
C:[01/08/2014 16:07:41.92][190.204.211.135][1138] SELECT pre_cod_asig1,pre_cod_asig2,pre_cod_asig3,pre_cod_asig4,pre_cod_asig5,pre_cod_asig6,pre_cod_asig7 FROM tblaca009 WHERE pensum='5' AND c_uni_ca='5' AND c_asigna='352440' [1][0] OK
C:[01/08/2014 16:07:41.92][190.204.211.135][1151] SELECT c_asigna FROM dace004 WHERE exp_e='11-25595329' AND c_asigna='300317' AND status IN ('0','3','B','C') [1][0] OK
C:[01/08/2014 16:07:41.92][190.204.211.135][1151] SELECT c_asigna FROM dace004 WHERE exp_e='11-25595329' AND c_asigna='300013' AND status IN ('0','3','B','C') [1][0] OK
C:[01/08/2014 16:07:41.92][190.204.211.135][1151] SELECT c_asigna FROM dace004 WHERE exp_e='11-25595329' AND c_asigna='300113' AND status IN ('0','3','B','C') [1][0] OK
C:[01/08/2014 16:07:41.04][190.204.211.135][1182] SELECT par_cod_asig1,par_cod_asig2,par_cod_asig3 FROM tblaca009 WHERE pensum='5' AND c_uni_ca='5' AND c_asigna='300428' [1][0] OK
C:[01/08/2014 16:07:41.04][190.204.211.135][1182] SELECT par_cod_asig1,par_cod_asig2,par_cod_asig3 FROM tblaca009 WHERE pensum='5' AND c_uni_ca='5' AND c_asigna='352440' [1][0] OK
C:[01/08/2014 16:07:41.31][190.204.211.135][1312] SELECT horas_lab FROM tblaca008 WHERE c_asigna='300428' AND horas_teoricas > 0 [1][0] OK
C:[01/08/2014 16:07:41.31][190.204.211.135][1312] SELECT horas_lab FROM tblaca008 WHERE c_asigna='352440' AND horas_teoricas > 0 [1][0] OK
C:[01/08/2014 16:08:36.36][190.38.209.103][1138] SELECT pre_cod_asig1,pre_cod_asig2,pre_cod_asig3,pre_cod_asig4,pre_cod_asig5,pre_cod_asig6,pre_cod_asig7 FROM tblaca009 WHERE pensum='5' AND c_uni_ca='6' AND c_asigna='342444' [1][0] OK
C:[01/08/2014 16:08:36.36][190.38.209.103][1151] SELECT c_asigna FROM dace004 WHERE exp_e='08-22831294' AND c_asigna='340323' AND status IN ('0','3','B','C') [1][0] OK
C:[01/08/2014 16:08:36.29][190.38.209.103][1182] SELECT par_cod_asig1,par_cod_asig2,par_cod_asig3 FROM tblaca009 WHERE pensum='5' AND c_uni_ca='6' AND c_asigna='342444' [1][0] OK
C:[01/08/2014 16:08:36.43][190.38.209.103][1312] SELECT horas_lab FROM tblaca008 WHERE c_asigna='342444' AND horas_teoricas > 0 [1][0] OK
C:[01/08/2014 16:08:47.79][186.88.100.197][1138] SELECT pre_cod_asig1,pre_cod_asig2,pre_cod_asig3,pre_cod_asig4,pre_cod_asig5,pre_cod_asig6,pre_cod_asig7 FROM tblaca009 WHERE pensum='5' AND c_uni_ca='3' AND c_asigna='300228' [1][0] OK
C:[01/08/2014 16:08:47.79][186.88.100.197][1151] SELECT c_asigna FROM dace004 WHERE exp_e='12-24560687' AND c_asigna='300101' AND status IN ('0','3','B','C') [1][0] OK
C:[01/08/2014 16:08:47.79][186.88.100.197][1138] SELECT pre_cod_asig1,pre_cod_asig2,pre_cod_asig3,pre_cod_asig4,pre_cod_asig5,pre_cod_asig6,pre_cod_asig7 FROM tblaca009 WHERE pensum='5' AND c_uni_ca='3' AND c_asigna='300317' [1][0] OK
C:[01/08/2014 16:08:47.79][186.88.100.197][1151] SELECT c_asigna FROM dace004 WHERE exp_e='12-24560687' AND c_asigna='300207' AND status IN ('0','3','B','C') [1][0] OK
C:[01/08/2014 16:08:47.79][186.88.100.197][1151] SELECT c_asigna FROM dace004 WHERE exp_e='12-24560687' AND c_asigna='300209' AND status IN ('0','3','B','C') [1][0] OK
C:[01/08/2014 16:08:47.42][186.88.100.197][1182] SELECT par_cod_asig1,par_cod_asig2,par_cod_asig3 FROM tblaca009 WHERE pensum='5' AND c_uni_ca='3' AND c_asigna='300228' [1][0] OK
C:[01/08/2014 16:08:47.42][186.88.100.197][1182] SELECT par_cod_asig1,par_cod_asig2,par_cod_asig3 FROM tblaca009 WHERE pensum='5' AND c_uni_ca='3' AND c_asigna='300317' [1][0] OK
C:[01/08/2014 16:08:47.68][186.88.100.197][1312] SELECT horas_lab FROM tblaca008 WHERE c_asigna='300228' AND horas_teoricas > 0 [1][0] OK
C:[01/08/2014 16:08:47.68][186.88.100.197][1312] SELECT horas_lab FROM tblaca008 WHERE c_asigna='300317' AND horas_teoricas > 0 [1][0] OK
C:[01/08/2014 16:09:07.93][200.62.19.43][1138] SELECT pre_cod_asig1,pre_cod_asig2,pre_cod_asig3,pre_cod_asig4,pre_cod_asig5,pre_cod_asig6,pre_cod_asig7 FROM tblaca009 WHERE pensum='5' AND c_uni_ca='5' AND c_asigna='300313' [1][0] OK
C:[01/08/2014 16:09:07.93][200.62.19.43][1151] SELECT c_asigna FROM dace004 WHERE exp_e='10-20804763' AND c_asigna='300213' AND status IN ('0','3','B','C') [1][0] OK
C:[01/08/2014 16:09:07.93][200.62.19.43][1151] SELECT c_asigna FROM dace004 WHERE exp_e='10-20804763' AND c_asigna='300226' AND status IN ('0','3','B','C') [1][0] OK
C:[01/08/2014 16:09:07.93][200.62.19.43][1151] SELECT c_asigna FROM dace004 WHERE exp_e='10-20804763' AND c_asigna='300222' AND status IN ('0','3','B','C') [1][0] OK
C:[01/08/2014 16:09:07.93][200.62.19.43][1151] SELECT c_asigna FROM dace004 WHERE exp_e='10-20804763' AND c_asigna='300209' AND status IN ('0','3','B','C') [1][0] OK
C:[01/08/2014 16:09:07.93][200.62.19.43][1138] SELECT pre_cod_asig1,pre_cod_asig2,pre_cod_asig3,pre_cod_asig4,pre_cod_asig5,pre_cod_asig6,pre_cod_asig7 FROM tblaca009 WHERE pensum='5' AND c_uni_ca='5' AND c_asigna='351451' [1][0] OK
C:[01/08/2014 16:09:07.93][200.62.19.43][1151] SELECT c_asigna FROM dace004 WHERE exp_e='10-20804763' AND c_asigna='351330' AND status IN ('0','3','B','C') [1][0] OK
C:[01/08/2014 16:09:07.93][200.62.19.43][1151] SELECT c_asigna FROM dace004 WHERE exp_e='10-20804763' AND c_asigna='355350' AND status IN ('0','3','B','C') [1][0] OK
C:[01/08/2014 16:09:07.93][200.62.19.43][1151] SELECT c_asigna FROM dace004 WHERE exp_e='10-20804763' AND c_asigna='300318' AND status IN ('0','3','B','C') [1][0] OK
C:[01/08/2014 16:09:07.93][200.62.19.43][1151] SELECT c_asigna FROM dace004 WHERE exp_e='10-20804763' AND c_asigna='300209' AND status IN ('0','3','B','C') [1][0] OK
C:[01/08/2014 16:09:07.93][200.62.19.43][1151] SELECT c_asigna FROM dace004 WHERE exp_e='10-20804763' AND c_asigna='300222' AND status IN ('0','3','B','C') [1][0] OK
C:[01/08/2014 16:09:08.56][200.62.19.43][1182] SELECT par_cod_asig1,par_cod_asig2,par_cod_asig3 FROM tblaca009 WHERE pensum='5' AND c_uni_ca='5' AND c_asigna='300313' [1][0] OK
C:[01/08/2014 16:09:08.56][200.62.19.43][1182] SELECT par_cod_asig1,par_cod_asig2,par_cod_asig3 FROM tblaca009 WHERE pensum='5' AND c_uni_ca='5' AND c_asigna='351451' [1][0] OK
C:[01/08/2014 16:09:08.82][200.62.19.43][1312] SELECT horas_lab FROM tblaca008 WHERE c_asigna='300313' AND horas_teoricas > 0 [1][0] OK
C:[01/08/2014 16:09:08.82][200.62.19.43][1312] SELECT horas_lab FROM tblaca008 WHERE c_asigna='351451' AND horas_teoricas > 0 [1][0] OK
C:[01/08/2014 16:09:56.52][186.167.243.74][1138] SELECT pre_cod_asig1,pre_cod_asig2,pre_cod_asig3,pre_cod_asig4,pre_cod_asig5,pre_cod_asig6,pre_cod_asig7 FROM tblaca009 WHERE pensum='5' AND c_uni_ca='4' AND c_asigna='333809' [1][0] OK
C:[01/08/2014 16:09:56.52][186.167.243.74][1151] SELECT c_asigna FROM dace004 WHERE exp_e='10-21236763' AND c_asigna='333683' AND status IN ('0','3','B','C') [1][0] OK
C:[01/08/2014 16:09:56.52][186.167.243.74][1151] SELECT c_asigna FROM dace004 WHERE exp_e='10-21236763' AND c_asigna='333710' AND status IN ('0','3','B','C') [1][0] OK
C:[01/08/2014 16:09:56.52][186.167.243.74][1138] SELECT pre_cod_asig1,pre_cod_asig2,pre_cod_asig3,pre_cod_asig4,pre_cod_asig5,pre_cod_asig6,pre_cod_asig7 FROM tblaca009 WHERE pensum='5' AND c_uni_ca='4' AND c_asigna='333830' [1][0] OK
C:[01/08/2014 16:09:56.52][186.167.243.74][1151] SELECT c_asigna FROM dace004 WHERE exp_e='10-21236763' AND c_asigna='333710' AND status IN ('0','3','B','C') [1][0] OK
C:[01/08/2014 16:09:56.52][186.167.243.74][1151] SELECT c_asigna FROM dace004 WHERE exp_e='10-21236763' AND c_asigna='333782' AND status IN ('0','3','B','C') [1][0] OK
C:[01/08/2014 16:09:56.52][186.167.243.74][1138] SELECT pre_cod_asig1,pre_cod_asig2,pre_cod_asig3,pre_cod_asig4,pre_cod_asig5,pre_cod_asig6,pre_cod_asig7 FROM tblaca009 WHERE pensum='5' AND c_uni_ca='4' AND c_asigna='300870' [1][0] OK
C:[01/08/2014 16:09:57.65][186.167.243.74][1182] SELECT par_cod_asig1,par_cod_asig2,par_cod_asig3 FROM tblaca009 WHERE pensum='5' AND c_uni_ca='4' AND c_asigna='333809' [1][0] OK
C:[01/08/2014 16:09:57.65][186.167.243.74][1182] SELECT par_cod_asig1,par_cod_asig2,par_cod_asig3 FROM tblaca009 WHERE pensum='5' AND c_uni_ca='4' AND c_asigna='333830' [1][0] OK
C:[01/08/2014 16:09:57.65][186.167.243.74][1182] SELECT par_cod_asig1,par_cod_asig2,par_cod_asig3 FROM tblaca009 WHERE pensum='5' AND c_uni_ca='4' AND c_asigna='300870' [1][0] OK
C:[01/08/2014 16:09:57.03][186.167.243.74][1312] SELECT horas_lab FROM tblaca008 WHERE c_asigna='333809' AND horas_teoricas > 0 [1][0] OK
C:[01/08/2014 16:09:57.03][186.167.243.74][1312] SELECT horas_lab FROM tblaca008 WHERE c_asigna='333830' AND horas_teoricas > 0 [1][0] OK
C:[01/08/2014 16:09:57.03][186.167.243.74][1312] SELECT horas_lab FROM tblaca008 WHERE c_asigna='300870' AND horas_teoricas > 0 [1][0] OK
C:[01/08/2014 16:10:43.46][186.94.51.161][1138] SELECT pre_cod_asig1,pre_cod_asig2,pre_cod_asig3,pre_cod_asig4,pre_cod_asig5,pre_cod_asig6,pre_cod_asig7 FROM tblaca009 WHERE pensum='5' AND c_uni_ca='3' AND c_asigna='311799' [1][0] OK
C:[01/08/2014 16:10:43.46][186.94.51.161][1151] SELECT c_asigna FROM dace004 WHERE exp_e='08-15617334' AND c_asigna='311673' AND status IN ('0','3','B','C') [1][0] OK
C:[01/08/2014 16:10:43.39][186.94.51.161][1182] SELECT par_cod_asig1,par_cod_asig2,par_cod_asig3 FROM tblaca009 WHERE pensum='5' AND c_uni_ca='3' AND c_asigna='311799' [1][0] OK
C:[01/08/2014 16:10:43.53][186.94.51.161][1312] SELECT horas_lab FROM tblaca008 WHERE c_asigna='311799' AND horas_teoricas > 0 [1][0] OK
C:[01/08/2014 16:11:57.75][201.243.123.155][1138] SELECT pre_cod_asig1,pre_cod_asig2,pre_cod_asig3,pre_cod_asig4,pre_cod_asig5,pre_cod_asig6,pre_cod_asig7 FROM tblaca009 WHERE pensum='5' AND c_uni_ca='5' AND c_asigna='354852' [1][0] OK
C:[01/08/2014 16:11:57.13][201.243.123.155][1182] SELECT par_cod_asig1,par_cod_asig2,par_cod_asig3 FROM tblaca009 WHERE pensum='5' AND c_uni_ca='5' AND c_asigna='354852' [1][0] OK
C:[01/08/2014 16:11:57.27][201.243.123.155][1312] SELECT horas_lab FROM tblaca008 WHERE c_asigna='354852' AND horas_teoricas > 0 [1][0] OK
C:[01/08/2014 16:12:20.04][190.198.80.42][1138] SELECT pre_cod_asig1,pre_cod_asig2,pre_cod_asig3,pre_cod_asig4,pre_cod_asig5,pre_cod_asig6,pre_cod_asig7 FROM tblaca009 WHERE pensum='5' AND c_uni_ca='2' AND c_asigna='322605' [1][0] OK
C:[01/08/2014 16:12:20.04][190.198.80.42][1151] SELECT c_asigna FROM dace004 WHERE exp_e='11-24179443' AND c_asigna='322436' AND status IN ('0','3','B','C') [1][0] OK
C:[01/08/2014 16:12:20.04][190.198.80.42][1138] SELECT pre_cod_asig1,pre_cod_asig2,pre_cod_asig3,pre_cod_asig4,pre_cod_asig5,pre_cod_asig6,pre_cod_asig7 FROM tblaca009 WHERE pensum='5' AND c_uni_ca='2' AND c_asigna='322669' [1][0] OK
C:[01/08/2014 16:12:20.04][190.198.80.42][1151] SELECT c_asigna FROM dace004 WHERE exp_e='11-24179443' AND c_asigna='322558' AND status IN ('0','3','B','C') [1][0] OK
C:[01/08/2014 16:12:20.04][190.198.80.42][1151] SELECT c_asigna FROM dace004 WHERE exp_e='11-24179443' AND c_asigna='323528' AND status IN ('0','3','B','C') [1][0] OK
C:[01/08/2014 16:12:20.04][190.198.80.42][1138] SELECT pre_cod_asig1,pre_cod_asig2,pre_cod_asig3,pre_cod_asig4,pre_cod_asig5,pre_cod_asig6,pre_cod_asig7 FROM tblaca009 WHERE pensum='5' AND c_uni_ca='2' AND c_asigna='322678' [1][0] OK
C:[01/08/2014 16:12:20.04][190.198.80.42][1151] SELECT c_asigna FROM dace004 WHERE exp_e='11-24179443' AND c_asigna='322559' AND status IN ('0','3','B','C') [1][0] OK
C:[01/08/2014 16:12:20.16][190.198.80.42][1182] SELECT par_cod_asig1,par_cod_asig2,par_cod_asig3 FROM tblaca009 WHERE pensum='5' AND c_uni_ca='2' AND c_asigna='322605' [1][0] OK
C:[01/08/2014 16:12:20.16][190.198.80.42][1182] SELECT par_cod_asig1,par_cod_asig2,par_cod_asig3 FROM tblaca009 WHERE pensum='5' AND c_uni_ca='2' AND c_asigna='322669' [1][0] OK
C:[01/08/2014 16:12:20.16][190.198.80.42][1182] SELECT par_cod_asig1,par_cod_asig2,par_cod_asig3 FROM tblaca009 WHERE pensum='5' AND c_uni_ca='2' AND c_asigna='322678' [1][0] OK
C:[01/08/2014 16:12:20.30][190.198.80.42][1312] SELECT horas_lab FROM tblaca008 WHERE c_asigna='322605' AND horas_teoricas > 0 [1][0] OK
C:[01/08/2014 16:12:20.30][190.198.80.42][1312] SELECT horas_lab FROM tblaca008 WHERE c_asigna='322669' AND horas_teoricas > 0 [1][0] OK
C:[01/08/2014 16:12:20.30][190.198.80.42][1312] SELECT horas_lab FROM tblaca008 WHERE c_asigna='322678' AND horas_teoricas > 0 [1][0] OK
C:[01/08/2014 16:15:03.90][186.94.64.81][1138] SELECT pre_cod_asig1,pre_cod_asig2,pre_cod_asig3,pre_cod_asig4,pre_cod_asig5,pre_cod_asig6,pre_cod_asig7 FROM tblaca009 WHERE pensum='5' AND c_uni_ca='3' AND c_asigna='311431' [1][0] OK
C:[01/08/2014 16:15:03.90][186.94.64.81][1151] SELECT c_asigna FROM dace004 WHERE exp_e='03-24702668' AND c_asigna='311320' AND status IN ('0','3','B','C') [1][0] OK
C:[01/08/2014 16:15:03.90][186.94.64.81][1151] SELECT c_asigna FROM dace004 WHERE exp_e='03-24702668' AND c_asigna='300013' AND status IN ('0','3','B','C') [1][0] OK
C:[01/08/2014 16:15:03.90][186.94.64.81][1151] SELECT c_asigna FROM dace004 WHERE exp_e='03-24702668' AND c_asigna='300113' AND status IN ('0','3','B','C') [1][0] OK
C:[01/08/2014 16:15:03.90][186.94.64.81][1151] SELECT c_asigna FROM dace004 WHERE exp_e='03-24702668' AND c_asigna='300222' AND status IN ('0','3','B','C') [1][0] OK
C:[01/08/2014 16:15:03.90][186.94.64.81][1151] SELECT c_asigna FROM dace004 WHERE exp_e='03-24702668' AND c_asigna='300226' AND status IN ('0','3','B','C') [1][0] OK
C:[01/08/2014 16:15:03.90][186.94.64.81][1151] SELECT c_asigna FROM dace004 WHERE exp_e='03-24702668' AND c_asigna='300209' AND status IN ('0','3','B','C') [1][0] OK
C:[01/08/2014 16:15:03.02][186.94.64.81][1182] SELECT par_cod_asig1,par_cod_asig2,par_cod_asig3 FROM tblaca009 WHERE pensum='5' AND c_uni_ca='3' AND c_asigna='311431' [1][0] OK
C:[01/08/2014 16:15:03.02][186.94.64.81][1196] SELECT c_asigna FROM dace004 WHERE exp_e='03-24702668' AND c_asigna='311430' AND status IN ('0','3','B','C') [1][0] OK
C:[01/08/2014 16:15:03.30][186.94.64.81][1312] SELECT horas_lab FROM tblaca008 WHERE c_asigna='311431' AND horas_teoricas > 0 [1][0] OK
C:[01/08/2014 16:16:23.29][190.37.96.202][1138] SELECT pre_cod_asig1,pre_cod_asig2,pre_cod_asig3,pre_cod_asig4,pre_cod_asig5,pre_cod_asig6,pre_cod_asig7 FROM tblaca009 WHERE pensum='5' AND c_uni_ca='4' AND c_asigna='300317' [1][0] OK
C:[01/08/2014 16:16:23.29][190.37.96.202][1151] SELECT c_asigna FROM dace004 WHERE exp_e='11-24541139' AND c_asigna='300207' AND status IN ('0','3','B','C') [1][0] OK
C:[01/08/2014 16:16:23.29][190.37.96.202][1151] SELECT c_asigna FROM dace004 WHERE exp_e='11-24541139' AND c_asigna='300209' AND status IN ('0','3','B','C') [1][0] OK
C:[01/08/2014 16:16:23.35][190.37.96.202][1182] SELECT par_cod_asig1,par_cod_asig2,par_cod_asig3 FROM tblaca009 WHERE pensum='5' AND c_uni_ca='4' AND c_asigna='300317' [1][0] OK
C:[01/08/2014 16:16:23.50][190.37.96.202][1312] SELECT horas_lab FROM tblaca008 WHERE c_asigna='300317' AND horas_teoricas > 0 [1][0] OK
C:[01/08/2014 16:17:07.88][186.89.179.27][1138] SELECT pre_cod_asig1,pre_cod_asig2,pre_cod_asig3,pre_cod_asig4,pre_cod_asig5,pre_cod_asig6,pre_cod_asig7 FROM tblaca009 WHERE pensum='5' AND c_uni_ca='2' AND c_asigna='322702' [1][0] OK
C:[01/08/2014 16:17:07.88][186.89.179.27][1151] SELECT c_asigna FROM dace004 WHERE exp_e='08-18948793' AND c_asigna='322683' AND status IN ('0','3','B','C') [1][0] OK
C:[01/08/2014 16:17:07.88][186.89.179.27][1151] SELECT c_asigna FROM dace004 WHERE exp_e='08-18948793' AND c_asigna='300313' AND status IN ('0','3','B','C') [1][0] OK
C:[01/08/2014 16:17:07.88][186.89.179.27][1138] SELECT pre_cod_asig1,pre_cod_asig2,pre_cod_asig3,pre_cod_asig4,pre_cod_asig5,pre_cod_asig6,pre_cod_asig7 FROM tblaca009 WHERE pensum='5' AND c_uni_ca='2' AND c_asigna='322904' [1][0] OK
C:[01/08/2014 16:17:07.88][186.89.179.27][1151] SELECT c_asigna FROM dace004 WHERE exp_e='08-18948793' AND c_asigna='322782' AND status IN ('0','3','B','C') [1][0] OK
C:[01/08/2014 16:17:07.88][186.89.179.27][1151] SELECT c_asigna FROM dace004 WHERE exp_e='08-18948793' AND c_asigna='322801' AND status IN ('0','3','B','C') [1][0] OK
C:[01/08/2014 16:17:07.32][186.89.179.27][1182] SELECT par_cod_asig1,par_cod_asig2,par_cod_asig3 FROM tblaca009 WHERE pensum='5' AND c_uni_ca='2' AND c_asigna='322702' [1][0] OK
C:[01/08/2014 16:17:07.32][186.89.179.27][1182] SELECT par_cod_asig1,par_cod_asig2,par_cod_asig3 FROM tblaca009 WHERE pensum='5' AND c_uni_ca='2' AND c_asigna='322904' [1][0] OK
C:[01/08/2014 16:17:08.59][186.89.179.27][1312] SELECT horas_lab FROM tblaca008 WHERE c_asigna='322702' AND horas_teoricas > 0 [1][0] OK
C:[01/08/2014 16:17:08.59][186.89.179.27][1312] SELECT horas_lab FROM tblaca008 WHERE c_asigna='322904' AND horas_teoricas > 0 [1][0] OK
C:[01/08/2014 16:17:42.17][200.82.169.78][1138] SELECT pre_cod_asig1,pre_cod_asig2,pre_cod_asig3,pre_cod_asig4,pre_cod_asig5,pre_cod_asig6,pre_cod_asig7 FROM tblaca009 WHERE pensum='5' AND c_uni_ca='5' AND c_asigna='300318' [1][0] OK
C:[01/08/2014 16:17:42.17][200.82.169.78][1151] SELECT c_asigna FROM dace004 WHERE exp_e='09-21007407' AND c_asigna='300228' AND status IN ('0','3','B','C') [1][0] OK
C:[01/08/2014 16:17:42.17][200.82.169.78][1151] SELECT c_asigna FROM dace004 WHERE exp_e='09-21007407' AND c_asigna='300207' AND status IN ('0','3','B','C') [1][0] OK
C:[01/08/2014 16:17:42.17][200.82.169.78][1151] SELECT c_asigna FROM dace004 WHERE exp_e='09-21007407' AND c_asigna='300218' AND status IN ('0','3','B','C') [1][0] OK
C:[01/08/2014 16:17:42.35][200.82.169.78][1182] SELECT par_cod_asig1,par_cod_asig2,par_cod_asig3 FROM tblaca009 WHERE pensum='5' AND c_uni_ca='5' AND c_asigna='300318' [1][0] OK
C:[01/08/2014 16:17:42.50][200.82.169.78][1312] SELECT horas_lab FROM tblaca008 WHERE c_asigna='300318' AND horas_teoricas > 0 [1][0] OK
C:[01/08/2014 16:18:00.44][190.206.38.238][1138] SELECT pre_cod_asig1,pre_cod_asig2,pre_cod_asig3,pre_cod_asig4,pre_cod_asig5,pre_cod_asig6,pre_cod_asig7 FROM tblaca009 WHERE pensum='5' AND c_uni_ca='6' AND c_asigna='344566' [1][0] OK
C:[01/08/2014 16:18:00.44][190.206.38.238][1151] SELECT c_asigna FROM dace004 WHERE exp_e='10-19635645' AND c_asigna='344446' AND status IN ('0','3','B','C') [1][0] OK
C:[01/08/2014 16:18:00.44][190.206.38.238][1151] SELECT c_asigna FROM dace004 WHERE exp_e='10-19635645' AND c_asigna='300428' AND status IN ('0','3','B','C') [1][0] OK
C:[01/08/2014 16:18:00.44][190.206.38.238][1151] SELECT c_asigna FROM dace004 WHERE exp_e='10-19635645' AND c_asigna='300209' AND status IN ('0','3','B','C') [1][0] OK
C:[01/08/2014 16:18:00.44][190.206.38.238][1151] SELECT c_asigna FROM dace004 WHERE exp_e='10-19635645' AND c_asigna='300222' AND status IN ('0','3','B','C') [1][0] OK
C:[01/08/2014 16:18:00.44][190.206.38.238][1151] SELECT c_asigna FROM dace004 WHERE exp_e='10-19635645' AND c_asigna='300226' AND status IN ('0','3','B','C') [1][0] OK
C:[01/08/2014 16:18:00.44][190.206.38.238][1151] SELECT c_asigna FROM dace004 WHERE exp_e='10-19635645' AND c_asigna='300317' AND status IN ('0','3','B','C') [1][0] OK
C:[01/08/2014 16:18:00.44][190.206.38.238][1151] SELECT c_asigna FROM dace004 WHERE exp_e='10-19635645' AND c_asigna='300313' AND status IN ('0','3','B','C') [1][0] OK
C:[01/08/2014 16:18:00.44][190.206.38.238][1138] SELECT pre_cod_asig1,pre_cod_asig2,pre_cod_asig3,pre_cod_asig4,pre_cod_asig5,pre_cod_asig6,pre_cod_asig7 FROM tblaca009 WHERE pensum='5' AND c_uni_ca='6' AND c_asigna='344688' [1][0] OK
C:[01/08/2014 16:18:00.44][190.206.38.238][1151] SELECT c_asigna FROM dace004 WHERE exp_e='10-19635645' AND c_asigna='342567' AND status IN ('0','3','B','C') [1][0] OK
C:[01/08/2014 16:18:00.44][190.206.38.238][1151] SELECT c_asigna FROM dace004 WHERE exp_e='10-19635645' AND c_asigna='344565' AND status IN ('0','3','B','C') [1][0] OK
C:[01/08/2014 16:18:01.50][190.206.38.238][1182] SELECT par_cod_asig1,par_cod_asig2,par_cod_asig3 FROM tblaca009 WHERE pensum='5' AND c_uni_ca='6' AND c_asigna='344566' [1][0] OK
C:[01/08/2014 16:18:01.50][190.206.38.238][1182] SELECT par_cod_asig1,par_cod_asig2,par_cod_asig3 FROM tblaca009 WHERE pensum='5' AND c_uni_ca='6' AND c_asigna='344688' [1][0] OK
C:[01/08/2014 16:18:01.76][190.206.38.238][1312] SELECT horas_lab FROM tblaca008 WHERE c_asigna='344566' AND horas_teoricas > 0 [1][0] OK
C:[01/08/2014 16:18:01.76][190.206.38.238][1312] SELECT horas_lab FROM tblaca008 WHERE c_asigna='344688' AND horas_teoricas > 0 [1][0] OK
C:[01/08/2014 16:18:02.31][190.198.80.42][1138] SELECT pre_cod_asig1,pre_cod_asig2,pre_cod_asig3,pre_cod_asig4,pre_cod_asig5,pre_cod_asig6,pre_cod_asig7 FROM tblaca009 WHERE pensum='5' AND c_uni_ca='3' AND c_asigna='300207' [1][0] OK
C:[01/08/2014 16:18:02.31][190.198.80.42][1151] SELECT c_asigna FROM dace004 WHERE exp_e='13-24964411' AND c_asigna='300101' AND status IN ('0','3','B','C') [1][0] OK
C:[01/08/2014 16:18:02.31][190.198.80.42][1138] SELECT pre_cod_asig1,pre_cod_asig2,pre_cod_asig3,pre_cod_asig4,pre_cod_asig5,pre_cod_asig6,pre_cod_asig7 FROM tblaca009 WHERE pensum='5' AND c_uni_ca='3' AND c_asigna='300209' [1][0] OK
C:[01/08/2014 16:18:02.31][190.198.80.42][1151] SELECT c_asigna FROM dace004 WHERE exp_e='13-24964411' AND c_asigna='300101' AND status IN ('0','3','B','C') [1][0] OK
C:[01/08/2014 16:18:02.80][190.198.80.42][1182] SELECT par_cod_asig1,par_cod_asig2,par_cod_asig3 FROM tblaca009 WHERE pensum='5' AND c_uni_ca='3' AND c_asigna='300207' [1][0] OK
C:[01/08/2014 16:18:02.80][190.198.80.42][1182] SELECT par_cod_asig1,par_cod_asig2,par_cod_asig3 FROM tblaca009 WHERE pensum='5' AND c_uni_ca='3' AND c_asigna='300209' [1][0] OK
C:[01/08/2014 16:18:02.06][190.198.80.42][1312] SELECT horas_lab FROM tblaca008 WHERE c_asigna='300207' AND horas_teoricas > 0 [1][0] OK
C:[01/08/2014 16:18:02.06][190.198.80.42][1312] SELECT horas_lab FROM tblaca008 WHERE c_asigna='300209' AND horas_teoricas > 0 [1][0] OK
C:[01/08/2014 16:18:46.09][190.200.50.191][1138] SELECT pre_cod_asig1,pre_cod_asig2,pre_cod_asig3,pre_cod_asig4,pre_cod_asig5,pre_cod_asig6,pre_cod_asig7 FROM tblaca009 WHERE pensum='5' AND c_uni_ca='2' AND c_asigna='300101' [1][0] OK
C:[01/08/2014 16:18:46.91][190.200.50.191][1182] SELECT par_cod_asig1,par_cod_asig2,par_cod_asig3 FROM tblaca009 WHERE pensum='5' AND c_uni_ca='2' AND c_asigna='300101' [1][0] OK
C:[01/08/2014 16:18:46.05][190.200.50.191][1312] SELECT horas_lab FROM tblaca008 WHERE c_asigna='300101' AND horas_teoricas > 0 [1][0] OK
C:[01/08/2014 16:18:56.49][190.206.85.246][1138] SELECT pre_cod_asig1,pre_cod_asig2,pre_cod_asig3,pre_cod_asig4,pre_cod_asig5,pre_cod_asig6,pre_cod_asig7 FROM tblaca009 WHERE pensum='5' AND c_uni_ca='3' AND c_asigna='311795' [1][0] OK
C:[01/08/2014 16:18:56.49][190.206.85.246][1151] SELECT c_asigna FROM dace004 WHERE exp_e='07-19910655' AND c_asigna='311674' AND status IN ('0','3','B','C') [1][0] OK
C:[01/08/2014 16:18:56.49][190.206.85.246][1151] SELECT c_asigna FROM dace004 WHERE exp_e='07-19910655' AND c_asigna='311673' AND status IN ('0','3','B','C') [1][0] OK
C:[01/08/2014 16:18:56.49][190.206.85.246][1138] SELECT pre_cod_asig1,pre_cod_asig2,pre_cod_asig3,pre_cod_asig4,pre_cod_asig5,pre_cod_asig6,pre_cod_asig7 FROM tblaca009 WHERE pensum='5' AND c_uni_ca='3' AND c_asigna='311799' [1][0] OK
C:[01/08/2014 16:18:56.49][190.206.85.246][1151] SELECT c_asigna FROM dace004 WHERE exp_e='07-19910655' AND c_asigna='311673' AND status IN ('0','3','B','C') [1][0] OK
C:[01/08/2014 16:18:56.11][190.206.85.246][1182] SELECT par_cod_asig1,par_cod_asig2,par_cod_asig3 FROM tblaca009 WHERE pensum='5' AND c_uni_ca='3' AND c_asigna='311795' [1][0] OK
C:[01/08/2014 16:18:56.11][190.206.85.246][1182] SELECT par_cod_asig1,par_cod_asig2,par_cod_asig3 FROM tblaca009 WHERE pensum='5' AND c_uni_ca='3' AND c_asigna='311799' [1][0] OK
C:[01/08/2014 16:18:56.38][190.206.85.246][1312] SELECT horas_lab FROM tblaca008 WHERE c_asigna='311795' AND horas_teoricas > 0 [1][0] OK
C:[01/08/2014 16:18:56.38][190.206.85.246][1312] SELECT horas_lab FROM tblaca008 WHERE c_asigna='311799' AND horas_teoricas > 0 [1][0] OK
C:[01/08/2014 16:18:58.43][190.198.80.42][1138] SELECT pre_cod_asig1,pre_cod_asig2,pre_cod_asig3,pre_cod_asig4,pre_cod_asig5,pre_cod_asig6,pre_cod_asig7 FROM tblaca009 WHERE pensum='5' AND c_uni_ca='2' AND c_asigna='322559' [1][0] OK
C:[01/08/2014 16:18:58.43][190.198.80.42][1151] SELECT c_asigna FROM dace004 WHERE exp_e='11-21247035' AND c_asigna='300428' AND status IN ('0','3','B','C') [1][0] OK
C:[01/08/2014 16:18:58.43][190.198.80.42][1151] SELECT c_asigna FROM dace004 WHERE exp_e='11-21247035' AND c_asigna='322436' AND status IN ('0','3','B','C') [1][0] OK
C:[01/08/2014 16:18:58.43][190.198.80.42][1138] SELECT pre_cod_asig1,pre_cod_asig2,pre_cod_asig3,pre_cod_asig4,pre_cod_asig5,pre_cod_asig6,pre_cod_asig7 FROM tblaca009 WHERE pensum='5' AND c_uni_ca='2' AND c_asigna='322605' [1][0] OK
C:[01/08/2014 16:18:58.43][190.198.80.42][1151] SELECT c_asigna FROM dace004 WHERE exp_e='11-21247035' AND c_asigna='322436' AND status IN ('0','3','B','C') [1][0] OK
C:[01/08/2014 16:18:58.43][190.198.80.42][1138] SELECT pre_cod_asig1,pre_cod_asig2,pre_cod_asig3,pre_cod_asig4,pre_cod_asig5,pre_cod_asig6,pre_cod_asig7 FROM tblaca009 WHERE pensum='5' AND c_uni_ca='2' AND c_asigna='322669' [1][0] OK
C:[01/08/2014 16:18:58.43][190.198.80.42][1151] SELECT c_asigna FROM dace004 WHERE exp_e='11-21247035' AND c_asigna='322558' AND status IN ('0','3','B','C') [1][0] OK
C:[01/08/2014 16:18:58.43][190.198.80.42][1151] SELECT c_asigna FROM dace004 WHERE exp_e='11-21247035' AND c_asigna='323528' AND status IN ('0','3','B','C') [1][0] OK
C:[01/08/2014 16:18:58.00][190.198.80.42][1182] SELECT par_cod_asig1,par_cod_asig2,par_cod_asig3 FROM tblaca009 WHERE pensum='5' AND c_uni_ca='2' AND c_asigna='322559' [1][0] OK
C:[01/08/2014 16:18:58.00][190.198.80.42][1182] SELECT par_cod_asig1,par_cod_asig2,par_cod_asig3 FROM tblaca009 WHERE pensum='5' AND c_uni_ca='2' AND c_asigna='322605' [1][0] OK
C:[01/08/2014 16:18:58.00][190.198.80.42][1182] SELECT par_cod_asig1,par_cod_asig2,par_cod_asig3 FROM tblaca009 WHERE pensum='5' AND c_uni_ca='2' AND c_asigna='322669' [1][0] OK
C:[01/08/2014 16:18:58.39][190.198.80.42][1312] SELECT horas_lab FROM tblaca008 WHERE c_asigna='322559' AND horas_teoricas > 0 [1][0] OK
C:[01/08/2014 16:18:58.39][190.198.80.42][1312] SELECT horas_lab FROM tblaca008 WHERE c_asigna='322605' AND horas_teoricas > 0 [1][0] OK
C:[01/08/2014 16:18:58.39][190.198.80.42][1312] SELECT horas_lab FROM tblaca008 WHERE c_asigna='322669' AND horas_teoricas > 0 [1][0] OK
C:[01/08/2014 16:20:35.43][186.90.60.68][1138] SELECT pre_cod_asig1,pre_cod_asig2,pre_cod_asig3,pre_cod_asig4,pre_cod_asig5,pre_cod_asig6,pre_cod_asig7 FROM tblaca009 WHERE pensum='5' AND c_uni_ca='6' AND c_asigna='300101' [1][0] OK
C:[01/08/2014 16:20:35.79][186.90.60.68][1182] SELECT par_cod_asig1,par_cod_asig2,par_cod_asig3 FROM tblaca009 WHERE pensum='5' AND c_uni_ca='6' AND c_asigna='300101' [1][0] OK
C:[01/08/2014 16:20:35.92][186.90.60.68][1312] SELECT horas_lab FROM tblaca008 WHERE c_asigna='300101' AND horas_teoricas > 0 [1][0] OK
C:[01/08/2014 16:21:42.47][186.89.140.96][1138] SELECT pre_cod_asig1,pre_cod_asig2,pre_cod_asig3,pre_cod_asig4,pre_cod_asig5,pre_cod_asig6,pre_cod_asig7 FROM tblaca009 WHERE pensum='5' AND c_uni_ca='5' AND c_asigna='355570' [1][0] OK
C:[01/08/2014 16:21:42.47][186.89.140.96][1151] SELECT c_asigna FROM dace004 WHERE exp_e='12-22818680' AND c_asigna='355447' AND status IN ('0','3','B','C') [1][0] OK
C:[01/08/2014 16:21:42.47][186.89.140.96][1138] SELECT pre_cod_asig1,pre_cod_asig2,pre_cod_asig3,pre_cod_asig4,pre_cod_asig5,pre_cod_asig6,pre_cod_asig7 FROM tblaca009 WHERE pensum='5' AND c_uni_ca='5' AND c_asigna='355571' [1][0] OK
C:[01/08/2014 16:21:42.47][186.89.140.96][1151] SELECT c_asigna FROM dace004 WHERE exp_e='12-22818680' AND c_asigna='355447' AND status IN ('0','3','B','C') [1][0] OK
C:[01/08/2014 16:21:42.65][186.89.140.96][1182] SELECT par_cod_asig1,par_cod_asig2,par_cod_asig3 FROM tblaca009 WHERE pensum='5' AND c_uni_ca='5' AND c_asigna='355570' [1][0] OK
C:[01/08/2014 16:21:42.65][186.89.140.96][1182] SELECT par_cod_asig1,par_cod_asig2,par_cod_asig3 FROM tblaca009 WHERE pensum='5' AND c_uni_ca='5' AND c_asigna='355571' [1][0] OK
C:[01/08/2014 16:21:42.92][186.89.140.96][1312] SELECT horas_lab FROM tblaca008 WHERE c_asigna='355570' AND horas_teoricas > 0 [1][0] OK
C:[01/08/2014 16:21:42.92][186.89.140.96][1312] SELECT horas_lab FROM tblaca008 WHERE c_asigna='355571' AND horas_teoricas > 0 [1][0] OK
C:[01/08/2014 16:22:21.62][190.198.228.53][1138] SELECT pre_cod_asig1,pre_cod_asig2,pre_cod_asig3,pre_cod_asig4,pre_cod_asig5,pre_cod_asig6,pre_cod_asig7 FROM tblaca009 WHERE pensum='5' AND c_uni_ca='3' AND c_asigna='311775' [1][0] OK
C:[01/08/2014 16:22:21.62][190.198.228.53][1151] SELECT c_asigna FROM dace004 WHERE exp_e='10-23503613' AND c_asigna='311655' AND status IN ('0','3','B','C') [1][0] OK
C:[01/08/2014 16:22:21.62][190.198.228.53][1138] SELECT pre_cod_asig1,pre_cod_asig2,pre_cod_asig3,pre_cod_asig4,pre_cod_asig5,pre_cod_asig6,pre_cod_asig7 FROM tblaca009 WHERE pensum='5' AND c_uni_ca='3' AND c_asigna='311822' [1][0] OK
C:[01/08/2014 16:22:21.62][190.198.228.53][1151] SELECT c_asigna FROM dace004 WHERE exp_e='10-23503613' AND c_asigna='311795' AND status IN ('0','3','B','C') [1][0] OK
C:[01/08/2014 16:22:21.81][190.198.228.53][1182] SELECT par_cod_asig1,par_cod_asig2,par_cod_asig3 FROM tblaca009 WHERE pensum='5' AND c_uni_ca='3' AND c_asigna='311775' [1][0] OK
C:[01/08/2014 16:22:21.81][190.198.228.53][1182] SELECT par_cod_asig1,par_cod_asig2,par_cod_asig3 FROM tblaca009 WHERE pensum='5' AND c_uni_ca='3' AND c_asigna='311822' [1][0] OK
C:[01/08/2014 16:22:21.07][190.198.228.53][1312] SELECT horas_lab FROM tblaca008 WHERE c_asigna='311775' AND horas_teoricas > 0 [1][0] OK
C:[01/08/2014 16:22:21.07][190.198.228.53][1312] SELECT horas_lab FROM tblaca008 WHERE c_asigna='311822' AND horas_teoricas > 0 [1][0] OK
C:[01/08/2014 16:23:55.99][190.74.26.85][1138] SELECT pre_cod_asig1,pre_cod_asig2,pre_cod_asig3,pre_cod_asig4,pre_cod_asig5,pre_cod_asig6,pre_cod_asig7 FROM tblaca009 WHERE pensum='5' AND c_uni_ca='3' AND c_asigna='300313' [1][0] OK
C:[01/08/2014 16:23:55.99][190.74.26.85][1151] SELECT c_asigna FROM dace004 WHERE exp_e='12-24855666' AND c_asigna='300213' AND status IN ('0','3','B','C') [1][0] OK
C:[01/08/2014 16:23:55.99][190.74.26.85][1151] SELECT c_asigna FROM dace004 WHERE exp_e='12-24855666' AND c_asigna='300226' AND status IN ('0','3','B','C') [1][0] OK
C:[01/08/2014 16:23:55.99][190.74.26.85][1151] SELECT c_asigna FROM dace004 WHERE exp_e='12-24855666' AND c_asigna='300222' AND status IN ('0','3','B','C') [1][0] OK
C:[01/08/2014 16:23:55.99][190.74.26.85][1151] SELECT c_asigna FROM dace004 WHERE exp_e='12-24855666' AND c_asigna='300209' AND status IN ('0','3','B','C') [1][0] OK
C:[01/08/2014 16:23:55.99][190.74.26.85][1138] SELECT pre_cod_asig1,pre_cod_asig2,pre_cod_asig3,pre_cod_asig4,pre_cod_asig5,pre_cod_asig6,pre_cod_asig7 FROM tblaca009 WHERE pensum='5' AND c_uni_ca='3' AND c_asigna='300428' [1][0] OK
C:[01/08/2014 16:23:55.99][190.74.26.85][1151] SELECT c_asigna FROM dace004 WHERE exp_e='12-24855666' AND c_asigna='300317' AND status IN ('0','3','B','C') [1][0] OK
C:[01/08/2014 16:23:55.99][190.74.26.85][1151] SELECT c_asigna FROM dace004 WHERE exp_e='12-24855666' AND c_asigna='300209' AND status IN ('0','3','B','C') [1][0] OK
C:[01/08/2014 16:23:55.67][190.74.26.85][1182] SELECT par_cod_asig1,par_cod_asig2,par_cod_asig3 FROM tblaca009 WHERE pensum='5' AND c_uni_ca='3' AND c_asigna='300313' [1][0] OK
C:[01/08/2014 16:23:55.67][190.74.26.85][1182] SELECT par_cod_asig1,par_cod_asig2,par_cod_asig3 FROM tblaca009 WHERE pensum='5' AND c_uni_ca='3' AND c_asigna='300428' [1][0] OK
C:[01/08/2014 16:23:56.93][190.74.26.85][1312] SELECT horas_lab FROM tblaca008 WHERE c_asigna='300313' AND horas_teoricas > 0 [1][0] OK
C:[01/08/2014 16:23:56.93][190.74.26.85][1312] SELECT horas_lab FROM tblaca008 WHERE c_asigna='300428' AND horas_teoricas > 0 [1][0] OK
C:[01/08/2014 16:24:03.37][190.74.20.182][1138] SELECT pre_cod_asig1,pre_cod_asig2,pre_cod_asig3,pre_cod_asig4,pre_cod_asig5,pre_cod_asig6,pre_cod_asig7 FROM tblaca009 WHERE pensum='5' AND c_uni_ca='3' AND c_asigna='300228' [1][0] OK
C:[01/08/2014 16:24:03.37][190.74.20.182][1151] SELECT c_asigna FROM dace004 WHERE exp_e='12-25388794' AND c_asigna='300101' AND status IN ('0','3','B','C') [1][0] OK
C:[01/08/2014 16:24:03.62][190.74.20.182][1182] SELECT par_cod_asig1,par_cod_asig2,par_cod_asig3 FROM tblaca009 WHERE pensum='5' AND c_uni_ca='3' AND c_asigna='300228' [1][0] OK
C:[01/08/2014 16:24:04.75][190.74.20.182][1312] SELECT horas_lab FROM tblaca008 WHERE c_asigna='300228' AND horas_teoricas > 0 [1][0] OK
C:[01/08/2014 16:24:11.71][186.94.51.161][1138] SELECT pre_cod_asig1,pre_cod_asig2,pre_cod_asig3,pre_cod_asig4,pre_cod_asig5,pre_cod_asig6,pre_cod_asig7 FROM tblaca009 WHERE pensum='5' AND c_uni_ca='6' AND c_asigna='300101' [1][0] OK
C:[01/08/2014 16:24:11.54][186.94.51.161][1182] SELECT par_cod_asig1,par_cod_asig2,par_cod_asig3 FROM tblaca009 WHERE pensum='5' AND c_uni_ca='6' AND c_asigna='300101' [1][0] OK
C:[01/08/2014 16:24:11.66][186.94.51.161][1312] SELECT horas_lab FROM tblaca008 WHERE c_asigna='300101' AND horas_teoricas > 0 [1][0] OK
C:[01/08/2014 16:25:03.23][190.38.106.104][1138] SELECT pre_cod_asig1,pre_cod_asig2,pre_cod_asig3,pre_cod_asig4,pre_cod_asig5,pre_cod_asig6,pre_cod_asig7 FROM tblaca009 WHERE pensum='5' AND c_uni_ca='3' AND c_asigna='300222' [1][0] OK
C:[01/08/2014 16:25:03.23][190.38.106.104][1151] SELECT c_asigna FROM dace004 WHERE exp_e='13-22822847' AND c_asigna='300112' AND status IN ('0','3','B','C') [1][0] OK
C:[01/08/2014 16:25:03.69][186.88.174.58][1138] SELECT pre_cod_asig1,pre_cod_asig2,pre_cod_asig3,pre_cod_asig4,pre_cod_asig5,pre_cod_asig6,pre_cod_asig7 FROM tblaca009 WHERE pensum='5' AND c_uni_ca='2' AND c_asigna='300313' [1][0] OK
C:[01/08/2014 16:25:03.23][190.38.106.104][1138] SELECT pre_cod_asig1,pre_cod_asig2,pre_cod_asig3,pre_cod_asig4,pre_cod_asig5,pre_cod_asig6,pre_cod_asig7 FROM tblaca009 WHERE pensum='5' AND c_uni_ca='3' AND c_asigna='300226' [1][0] OK
C:[01/08/2014 16:25:03.69][186.88.174.58][1151] SELECT c_asigna FROM dace004 WHERE exp_e='08-20503333' AND c_asigna='300213' AND status IN ('0','3','B','C') [1][0] OK
C:[01/08/2014 16:25:03.23][190.38.106.104][1151] SELECT c_asigna FROM dace004 WHERE exp_e='13-22822847' AND c_asigna='300116' AND status IN ('0','3','B','C') [1][0] OK
C:[01/08/2014 16:25:03.69][186.88.174.58][1151] SELECT c_asigna FROM dace004 WHERE exp_e='08-20503333' AND c_asigna='300226' AND status IN ('0','3','B','C') [1][0] OK
C:[01/08/2014 16:25:03.40][190.38.106.104][1182] SELECT par_cod_asig1,par_cod_asig2,par_cod_asig3 FROM tblaca009 WHERE pensum='5' AND c_uni_ca='3' AND c_asigna='300222' [1][0] OK
C:[01/08/2014 16:25:03.69][186.88.174.58][1151] SELECT c_asigna FROM dace004 WHERE exp_e='08-20503333' AND c_asigna='300209' AND status IN ('0','3','B','C') [1][0] OK
C:[01/08/2014 16:25:03.69][186.88.174.58][1138] SELECT pre_cod_asig1,pre_cod_asig2,pre_cod_asig3,pre_cod_asig4,pre_cod_asig5,pre_cod_asig6,pre_cod_asig7 FROM tblaca009 WHERE pensum='5' AND c_uni_ca='2' AND c_asigna='300317' [1][0] OK
C:[01/08/2014 16:25:03.40][190.38.106.104][1182] SELECT par_cod_asig1,par_cod_asig2,par_cod_asig3 FROM tblaca009 WHERE pensum='5' AND c_uni_ca='3' AND c_asigna='300226' [1][0] OK
C:[01/08/2014 16:25:03.34][190.38.106.104][1312] SELECT horas_lab FROM tblaca008 WHERE c_asigna='300222' AND horas_teoricas > 0 [1][0] OK
C:[01/08/2014 16:25:03.69][186.88.174.58][1151] SELECT c_asigna FROM dace004 WHERE exp_e='08-20503333' AND c_asigna='300207' AND status IN ('0','3','B','C') [1][0] OK
C:[01/08/2014 16:25:03.34][190.38.106.104][1312] SELECT horas_lab FROM tblaca008 WHERE c_asigna='300226' AND horas_teoricas > 0 [1][0] OK
C:[01/08/2014 16:25:03.69][186.88.174.58][1151] SELECT c_asigna FROM dace004 WHERE exp_e='08-20503333' AND c_asigna='300209' AND status IN ('0','3','B','C') [1][0] OK
C:[01/08/2014 16:25:03.69][186.88.174.58][1138] SELECT pre_cod_asig1,pre_cod_asig2,pre_cod_asig3,pre_cod_asig4,pre_cod_asig5,pre_cod_asig6,pre_cod_asig7 FROM tblaca009 WHERE pensum='5' AND c_uni_ca='2' AND c_asigna='300318' [1][0] OK
C:[01/08/2014 16:25:03.69][186.88.174.58][1151] SELECT c_asigna FROM dace004 WHERE exp_e='08-20503333' AND c_asigna='300228' AND status IN ('0','3','B','C') [1][0] OK
C:[01/08/2014 16:25:03.69][186.88.174.58][1151] SELECT c_asigna FROM dace004 WHERE exp_e='08-20503333' AND c_asigna='300207' AND status IN ('0','3','B','C') [1][0] OK
C:[01/08/2014 16:25:03.69][186.88.174.58][1151] SELECT c_asigna FROM dace004 WHERE exp_e='08-20503333' AND c_asigna='300218' AND status IN ('0','3','B','C') [1][0] OK
C:[01/08/2014 16:25:04.26][186.88.174.58][1182] SELECT par_cod_asig1,par_cod_asig2,par_cod_asig3 FROM tblaca009 WHERE pensum='5' AND c_uni_ca='2' AND c_asigna='300313' [1][0] OK
C:[01/08/2014 16:25:04.26][186.88.174.58][1182] SELECT par_cod_asig1,par_cod_asig2,par_cod_asig3 FROM tblaca009 WHERE pensum='5' AND c_uni_ca='2' AND c_asigna='300317' [1][0] OK
C:[01/08/2014 16:25:04.26][186.88.174.58][1182] SELECT par_cod_asig1,par_cod_asig2,par_cod_asig3 FROM tblaca009 WHERE pensum='5' AND c_uni_ca='2' AND c_asigna='300318' [1][0] OK
C:[01/08/2014 16:25:04.65][186.88.174.58][1312] SELECT horas_lab FROM tblaca008 WHERE c_asigna='300313' AND horas_teoricas > 0 [1][0] OK
C:[01/08/2014 16:25:04.65][186.88.174.58][1312] SELECT horas_lab FROM tblaca008 WHERE c_asigna='300317' AND horas_teoricas > 0 [1][0] OK
C:[01/08/2014 16:25:04.65][186.88.174.58][1312] SELECT horas_lab FROM tblaca008 WHERE c_asigna='300318' AND horas_teoricas > 0 [1][0] OK
C:[01/08/2014 16:25:36.19][190.198.93.107][1138] SELECT pre_cod_asig1,pre_cod_asig2,pre_cod_asig3,pre_cod_asig4,pre_cod_asig5,pre_cod_asig6,pre_cod_asig7 FROM tblaca009 WHERE pensum='5' AND c_uni_ca='4' AND c_asigna='300428' [1][0] OK
C:[01/08/2014 16:25:36.19][190.198.93.107][1151] SELECT c_asigna FROM dace004 WHERE exp_e='12-19858099' AND c_asigna='300317' AND status IN ('0','3','B','C') [1][0] OK
C:[01/08/2014 16:25:36.19][190.198.93.107][1151] SELECT c_asigna FROM dace004 WHERE exp_e='12-19858099' AND c_asigna='300209' AND status IN ('0','3','B','C') [1][0] OK
C:[01/08/2014 16:25:36.51][190.198.93.107][1182] SELECT par_cod_asig1,par_cod_asig2,par_cod_asig3 FROM tblaca009 WHERE pensum='5' AND c_uni_ca='4' AND c_asigna='300428' [1][0] OK
C:[01/08/2014 16:25:36.65][190.198.93.107][1312] SELECT horas_lab FROM tblaca008 WHERE c_asigna='300428' AND horas_teoricas > 0 [1][0] OK
C:[01/08/2014 16:25:41.10][186.88.174.58][1138] SELECT pre_cod_asig1,pre_cod_asig2,pre_cod_asig3,pre_cod_asig4,pre_cod_asig5,pre_cod_asig6,pre_cod_asig7 FROM tblaca009 WHERE pensum='5' AND c_uni_ca='2' AND c_asigna='300313' [1][0] OK
C:[01/08/2014 16:25:41.10][186.88.174.58][1151] SELECT c_asigna FROM dace004 WHERE exp_e='08-20503333' AND c_asigna='300213' AND status IN ('0','3','B','C') [1][0] OK
C:[01/08/2014 16:25:41.10][186.88.174.58][1151] SELECT c_asigna FROM dace004 WHERE exp_e='08-20503333' AND c_asigna='300226' AND status IN ('0','3','B','C') [1][0] OK
C:[01/08/2014 16:25:41.10][186.88.174.58][1151] SELECT c_asigna FROM dace004 WHERE exp_e='08-20503333' AND c_asigna='300209' AND status IN ('0','3','B','C') [1][0] OK
C:[01/08/2014 16:25:41.10][186.88.174.58][1138] SELECT pre_cod_asig1,pre_cod_asig2,pre_cod_asig3,pre_cod_asig4,pre_cod_asig5,pre_cod_asig6,pre_cod_asig7 FROM tblaca009 WHERE pensum='5' AND c_uni_ca='2' AND c_asigna='300317' [1][0] OK
C:[01/08/2014 16:25:41.10][186.88.174.58][1151] SELECT c_asigna FROM dace004 WHERE exp_e='08-20503333' AND c_asigna='300207' AND status IN ('0','3','B','C') [1][0] OK
C:[01/08/2014 16:25:41.10][186.88.174.58][1151] SELECT c_asigna FROM dace004 WHERE exp_e='08-20503333' AND c_asigna='300209' AND status IN ('0','3','B','C') [1][0] OK
C:[01/08/2014 16:25:41.10][186.88.174.58][1138] SELECT pre_cod_asig1,pre_cod_asig2,pre_cod_asig3,pre_cod_asig4,pre_cod_asig5,pre_cod_asig6,pre_cod_asig7 FROM tblaca009 WHERE pensum='5' AND c_uni_ca='2' AND c_asigna='300318' [1][0] OK
C:[01/08/2014 16:25:41.10][186.88.174.58][1151] SELECT c_asigna FROM dace004 WHERE exp_e='08-20503333' AND c_asigna='300228' AND status IN ('0','3','B','C') [1][0] OK
C:[01/08/2014 16:25:41.10][186.88.174.58][1151] SELECT c_asigna FROM dace004 WHERE exp_e='08-20503333' AND c_asigna='300207' AND status IN ('0','3','B','C') [1][0] OK
C:[01/08/2014 16:25:41.10][186.88.174.58][1151] SELECT c_asigna FROM dace004 WHERE exp_e='08-20503333' AND c_asigna='300218' AND status IN ('0','3','B','C') [1][0] OK
C:[01/08/2014 16:25:41.48][186.88.174.58][1182] SELECT par_cod_asig1,par_cod_asig2,par_cod_asig3 FROM tblaca009 WHERE pensum='5' AND c_uni_ca='2' AND c_asigna='300313' [1][0] OK
C:[01/08/2014 16:25:41.48][186.88.174.58][1182] SELECT par_cod_asig1,par_cod_asig2,par_cod_asig3 FROM tblaca009 WHERE pensum='5' AND c_uni_ca='2' AND c_asigna='300317' [1][0] OK
C:[01/08/2014 16:25:41.48][186.88.174.58][1182] SELECT par_cod_asig1,par_cod_asig2,par_cod_asig3 FROM tblaca009 WHERE pensum='5' AND c_uni_ca='2' AND c_asigna='300318' [1][0] OK
C:[01/08/2014 16:25:42.86][186.88.174.58][1312] SELECT horas_lab FROM tblaca008 WHERE c_asigna='300313' AND horas_teoricas > 0 [1][0] OK
C:[01/08/2014 16:25:42.86][186.88.174.58][1312] SELECT horas_lab FROM tblaca008 WHERE c_asigna='300317' AND horas_teoricas > 0 [1][0] OK
C:[01/08/2014 16:25:42.86][186.88.174.58][1312] SELECT horas_lab FROM tblaca008 WHERE c_asigna='300318' AND horas_teoricas > 0 [1][0] OK
C:[01/08/2014 16:25:55.43][186.94.86.178][1138] SELECT pre_cod_asig1,pre_cod_asig2,pre_cod_asig3,pre_cod_asig4,pre_cod_asig5,pre_cod_asig6,pre_cod_asig7 FROM tblaca009 WHERE pensum='5' AND c_uni_ca='3' AND c_asigna='311704' [1][0] OK
C:[01/08/2014 16:25:55.43][186.94.86.178][1151] SELECT c_asigna FROM dace004 WHERE exp_e='11-20701723' AND c_asigna='315671' AND status IN ('0','3','B','C') [1][0] OK
C:[01/08/2014 16:25:55.43][186.94.86.178][1138] SELECT pre_cod_asig1,pre_cod_asig2,pre_cod_asig3,pre_cod_asig4,pre_cod_asig5,pre_cod_asig6,pre_cod_asig7 FROM tblaca009 WHERE pensum='5' AND c_uni_ca='3' AND c_asigna='311795' [1][0] OK
C:[01/08/2014 16:25:55.43][186.94.86.178][1151] SELECT c_asigna FROM dace004 WHERE exp_e='11-20701723' AND c_asigna='311674' AND status IN ('0','3','B','C') [1][0] OK
C:[01/08/2014 16:25:55.43][186.94.86.178][1151] SELECT c_asigna FROM dace004 WHERE exp_e='11-20701723' AND c_asigna='311673' AND status IN ('0','3','B','C') [1][0] OK
C:[01/08/2014 16:25:55.85][186.94.86.178][1182] SELECT par_cod_asig1,par_cod_asig2,par_cod_asig3 FROM tblaca009 WHERE pensum='5' AND c_uni_ca='3' AND c_asigna='311704' [1][0] OK
C:[01/08/2014 16:25:55.85][186.94.86.178][1182] SELECT par_cod_asig1,par_cod_asig2,par_cod_asig3 FROM tblaca009 WHERE pensum='5' AND c_uni_ca='3' AND c_asigna='311795' [1][0] OK
C:[01/08/2014 16:25:55.22][186.94.86.178][1312] SELECT horas_lab FROM tblaca008 WHERE c_asigna='311704' AND horas_teoricas > 0 [1][0] OK
C:[01/08/2014 16:25:55.22][186.94.86.178][1312] SELECT horas_lab FROM tblaca008 WHERE c_asigna='311795' AND horas_teoricas > 0 [1][0] OK
C:[01/08/2014 16:30:05.08][186.89.153.224][1138] SELECT pre_cod_asig1,pre_cod_asig2,pre_cod_asig3,pre_cod_asig4,pre_cod_asig5,pre_cod_asig6,pre_cod_asig7 FROM tblaca009 WHERE pensum='5' AND c_uni_ca='5' AND c_asigna='300209' [1][0] OK
C:[01/08/2014 16:30:05.08][186.89.153.224][1151] SELECT c_asigna FROM dace004 WHERE exp_e='13-23498834' AND c_asigna='300101' AND status IN ('0','3','B','C') [1][0] OK
C:[01/08/2014 16:30:05.08][186.89.153.224][1138] SELECT pre_cod_asig1,pre_cod_asig2,pre_cod_asig3,pre_cod_asig4,pre_cod_asig5,pre_cod_asig6,pre_cod_asig7 FROM tblaca009 WHERE pensum='5' AND c_uni_ca='5' AND c_asigna='300207' [1][0] OK
C:[01/08/2014 16:30:05.08][186.89.153.224][1151] SELECT c_asigna FROM dace004 WHERE exp_e='13-23498834' AND c_asigna='300101' AND status IN ('0','3','B','C') [1][0] OK
C:[01/08/2014 16:30:05.07][186.89.153.224][1182] SELECT par_cod_asig1,par_cod_asig2,par_cod_asig3 FROM tblaca009 WHERE pensum='5' AND c_uni_ca='5' AND c_asigna='300209' [1][0] OK
C:[01/08/2014 16:30:05.07][186.89.153.224][1182] SELECT par_cod_asig1,par_cod_asig2,par_cod_asig3 FROM tblaca009 WHERE pensum='5' AND c_uni_ca='5' AND c_asigna='300207' [1][0] OK
C:[01/08/2014 16:30:05.65][186.89.153.224][1312] SELECT horas_lab FROM tblaca008 WHERE c_asigna='300209' AND horas_teoricas > 0 [1][0] OK
C:[01/08/2014 16:30:05.65][186.89.153.224][1312] SELECT horas_lab FROM tblaca008 WHERE c_asigna='300207' AND horas_teoricas > 0 [1][0] OK
C:[01/08/2014 16:30:28.86][190.38.113.96][1138] SELECT pre_cod_asig1,pre_cod_asig2,pre_cod_asig3,pre_cod_asig4,pre_cod_asig5,pre_cod_asig6,pre_cod_asig7 FROM tblaca009 WHERE pensum='5' AND c_uni_ca='6' AND c_asigna='300318' [1][0] OK
C:[01/08/2014 16:30:28.86][190.38.113.96][1151] SELECT c_asigna FROM dace004 WHERE exp_e='04-17631265' AND c_asigna='300228' AND status IN ('0','3','B','C') [1][0] OK
C:[01/08/2014 16:30:28.86][190.38.113.96][1151] SELECT c_asigna FROM dace004 WHERE exp_e='04-17631265' AND c_asigna='300207' AND status IN ('0','3','B','C') [1][0] OK
C:[01/08/2014 16:30:28.86][190.38.113.96][1151] SELECT c_asigna FROM dace004 WHERE exp_e='04-17631265' AND c_asigna='300218' AND status IN ('0','3','B','C') [1][0] OK
C:[01/08/2014 16:30:28.05][190.38.113.96][1182] SELECT par_cod_asig1,par_cod_asig2,par_cod_asig3 FROM tblaca009 WHERE pensum='5' AND c_uni_ca='6' AND c_asigna='300318' [1][0] OK
C:[01/08/2014 16:30:28.19][190.38.113.96][1312] SELECT horas_lab FROM tblaca008 WHERE c_asigna='300318' AND horas_teoricas > 0 [1][0] OK
C:[01/08/2014 16:30:31.82][190.74.22.33][1138] SELECT pre_cod_asig1,pre_cod_asig2,pre_cod_asig3,pre_cod_asig4,pre_cod_asig5,pre_cod_asig6,pre_cod_asig7 FROM tblaca009 WHERE pensum='5' AND c_uni_ca='3' AND c_asigna='311551' [1][0] OK
C:[01/08/2014 16:30:31.82][190.74.22.33][1151] SELECT c_asigna FROM dace004 WHERE exp_e='11-24411287' AND c_asigna='311430' AND status IN ('0','3','B','C') [1][0] OK
C:[01/08/2014 16:30:31.82][190.74.22.33][1151] SELECT c_asigna FROM dace004 WHERE exp_e='11-24411287' AND c_asigna='311431' AND status IN ('0','3','B','C') [1][0] OK
C:[01/08/2014 16:30:31.82][190.74.22.33][1151] SELECT c_asigna FROM dace004 WHERE exp_e='11-24411287' AND c_asigna='300222' AND status IN ('0','3','B','C') [1][0] OK
C:[01/08/2014 16:30:31.82][190.74.22.33][1151] SELECT c_asigna FROM dace004 WHERE exp_e='11-24411287' AND c_asigna='300226' AND status IN ('0','3','B','C') [1][0] OK
C:[01/08/2014 16:30:31.82][190.74.22.33][1151] SELECT c_asigna FROM dace004 WHERE exp_e='11-24411287' AND c_asigna='300209' AND status IN ('0','3','B','C') [1][0] OK
C:[01/08/2014 16:30:31.82][190.74.22.33][1151] SELECT c_asigna FROM dace004 WHERE exp_e='11-24411287' AND c_asigna='311320' AND status IN ('0','3','B','C') [1][0] OK
C:[01/08/2014 16:30:31.82][190.74.22.33][1138] SELECT pre_cod_asig1,pre_cod_asig2,pre_cod_asig3,pre_cod_asig4,pre_cod_asig5,pre_cod_asig6,pre_cod_asig7 FROM tblaca009 WHERE pensum='5' AND c_uni_ca='3' AND c_asigna='311556' [1][0] OK
C:[01/08/2014 16:30:31.82][190.74.22.33][1151] SELECT c_asigna FROM dace004 WHERE exp_e='11-24411287' AND c_asigna='311434' AND status IN ('0','3','B','C') [1][0] OK
C:[01/08/2014 16:30:31.82][190.74.22.33][1151] SELECT c_asigna FROM dace004 WHERE exp_e='11-24411287' AND c_asigna='311430' AND status IN ('0','3','B','C') [1][0] OK
C:[01/08/2014 16:30:31.82][190.74.22.33][1151] SELECT c_asigna FROM dace004 WHERE exp_e='11-24411287' AND c_asigna='300222' AND status IN ('0','3','B','C') [1][0] OK
C:[01/08/2014 16:30:31.82][190.74.22.33][1151] SELECT c_asigna FROM dace004 WHERE exp_e='11-24411287' AND c_asigna='300226' AND status IN ('0','3','B','C') [1][0] OK
C:[01/08/2014 16:30:31.82][190.74.22.33][1151] SELECT c_asigna FROM dace004 WHERE exp_e='11-24411287' AND c_asigna='300209' AND status IN ('0','3','B','C') [1][0] OK
C:[01/08/2014 16:30:31.82][190.74.22.33][1138] SELECT pre_cod_asig1,pre_cod_asig2,pre_cod_asig3,pre_cod_asig4,pre_cod_asig5,pre_cod_asig6,pre_cod_asig7 FROM tblaca009 WHERE pensum='5' AND c_uni_ca='3' AND c_asigna='315552' [1][0] OK
C:[01/08/2014 16:30:31.82][190.74.22.33][1151] SELECT c_asigna FROM dace004 WHERE exp_e='11-24411287' AND c_asigna='311430' AND status IN ('0','3','B','C') [1][0] OK
C:[01/08/2014 16:30:31.82][190.74.22.33][1151] SELECT c_asigna FROM dace004 WHERE exp_e='11-24411287' AND c_asigna='300222' AND status IN ('0','3','B','C') [1][0] OK
C:[01/08/2014 16:30:31.82][190.74.22.33][1151] SELECT c_asigna FROM dace004 WHERE exp_e='11-24411287' AND c_asigna='300226' AND status IN ('0','3','B','C') [1][0] OK
C:[01/08/2014 16:30:31.82][190.74.22.33][1151] SELECT c_asigna FROM dace004 WHERE exp_e='11-24411287' AND c_asigna='300209' AND status IN ('0','3','B','C') [1][0] OK
C:[01/08/2014 16:30:32.07][190.74.22.33][1182] SELECT par_cod_asig1,par_cod_asig2,par_cod_asig3 FROM tblaca009 WHERE pensum='5' AND c_uni_ca='3' AND c_asigna='311551' [1][0] OK
C:[01/08/2014 16:30:32.07][190.74.22.33][1182] SELECT par_cod_asig1,par_cod_asig2,par_cod_asig3 FROM tblaca009 WHERE pensum='5' AND c_uni_ca='3' AND c_asigna='311556' [1][0] OK
C:[01/08/2014 16:30:32.07][190.74.22.33][1196] SELECT c_asigna FROM dace004 WHERE exp_e='11-24411287' AND c_asigna='311551' AND status IN ('0','3','B','C') [0][0] OK
C:[01/08/2014 16:30:32.07][190.74.22.33][1182] SELECT par_cod_asig1,par_cod_asig2,par_cod_asig3 FROM tblaca009 WHERE pensum='5' AND c_uni_ca='3' AND c_asigna='315552' [1][0] OK
C:[01/08/2014 16:30:32.59][190.74.22.33][1312] SELECT horas_lab FROM tblaca008 WHERE c_asigna='311551' AND horas_teoricas > 0 [1][0] OK
C:[01/08/2014 16:30:32.59][190.74.22.33][1312] SELECT horas_lab FROM tblaca008 WHERE c_asigna='311556' AND horas_teoricas > 0 [0][0] OK
C:[01/08/2014 16:30:32.59][190.74.22.33][1312] SELECT horas_lab FROM tblaca008 WHERE c_asigna='315552' AND horas_teoricas > 0 [1][0] OK
C:[01/08/2014 16:31:03.06][190.74.20.182][1138] SELECT pre_cod_asig1,pre_cod_asig2,pre_cod_asig3,pre_cod_asig4,pre_cod_asig5,pre_cod_asig6,pre_cod_asig7 FROM tblaca009 WHERE pensum='5' AND c_uni_ca='3' AND c_asigna='300228' [1][0] OK
C:[01/08/2014 16:31:03.06][190.74.20.182][1151] SELECT c_asigna FROM dace004 WHERE exp_e='12-25388794' AND c_asigna='300101' AND status IN ('0','3','B','C') [1][0] OK
C:[01/08/2014 16:31:03.58][190.74.20.182][1182] SELECT par_cod_asig1,par_cod_asig2,par_cod_asig3 FROM tblaca009 WHERE pensum='5' AND c_uni_ca='3' AND c_asigna='300228' [1][0] OK
C:[01/08/2014 16:31:04.70][190.74.20.182][1312] SELECT horas_lab FROM tblaca008 WHERE c_asigna='300228' AND horas_teoricas > 0 [1][0] OK
C:[01/08/2014 16:31:11.75][186.90.190.176][1138] SELECT pre_cod_asig1,pre_cod_asig2,pre_cod_asig3,pre_cod_asig4,pre_cod_asig5,pre_cod_asig6,pre_cod_asig7 FROM tblaca009 WHERE pensum='5' AND c_uni_ca='2' AND c_asigna='320311' [1][0] OK
C:[01/08/2014 16:31:11.75][186.90.190.176][1151] SELECT c_asigna FROM dace004 WHERE exp_e='11-21248976' AND c_asigna='300013' AND status IN ('0','3','B','C') [1][0] OK
C:[01/08/2014 16:31:11.75][186.90.190.176][1151] SELECT c_asigna FROM dace004 WHERE exp_e='11-21248976' AND c_asigna='300113' AND status IN ('0','3','B','C') [1][0] OK
C:[01/08/2014 16:31:11.13][186.90.190.176][1182] SELECT par_cod_asig1,par_cod_asig2,par_cod_asig3 FROM tblaca009 WHERE pensum='5' AND c_uni_ca='2' AND c_asigna='320311' [1][0] OK
C:[01/08/2014 16:31:11.26][186.90.190.176][1312] SELECT horas_lab FROM tblaca008 WHERE c_asigna='320311' AND horas_teoricas > 0 [1][0] OK
C:[01/08/2014 16:32:25.67][190.79.9.195][1138] SELECT pre_cod_asig1,pre_cod_asig2,pre_cod_asig3,pre_cod_asig4,pre_cod_asig5,pre_cod_asig6,pre_cod_asig7 FROM tblaca009 WHERE pensum='5' AND c_uni_ca='3' AND c_asigna='311986' [1][0] OK
C:[01/08/2014 16:32:25.67][190.79.9.195][1151] SELECT c_asigna FROM dace004 WHERE exp_e='08-20224634' AND c_asigna='311825' AND status IN ('0','3','B','C') [1][0] OK
C:[01/08/2014 16:32:25.67][190.79.9.195][1138] SELECT pre_cod_asig1,pre_cod_asig2,pre_cod_asig3,pre_cod_asig4,pre_cod_asig5,pre_cod_asig6,pre_cod_asig7 FROM tblaca009 WHERE pensum='5' AND c_uni_ca='3' AND c_asigna='311100' [1][0] OK
C:[01/08/2014 16:32:25.30][190.79.9.195][1182] SELECT par_cod_asig1,par_cod_asig2,par_cod_asig3 FROM tblaca009 WHERE pensum='5' AND c_uni_ca='3' AND c_asigna='311986' [1][0] OK
C:[01/08/2014 16:32:25.30][190.79.9.195][1182] SELECT par_cod_asig1,par_cod_asig2,par_cod_asig3 FROM tblaca009 WHERE pensum='5' AND c_uni_ca='3' AND c_asigna='311100' [1][0] OK
C:[01/08/2014 16:32:25.56][190.79.9.195][1312] SELECT horas_lab FROM tblaca008 WHERE c_asigna='311986' AND horas_teoricas > 0 [1][0] OK
C:[01/08/2014 16:32:25.56][190.79.9.195][1312] SELECT horas_lab FROM tblaca008 WHERE c_asigna='311100' AND horas_teoricas > 0 [1][0] OK
C:[01/08/2014 16:34:44.26][186.90.192.5][1138] SELECT pre_cod_asig1,pre_cod_asig2,pre_cod_asig3,pre_cod_asig4,pre_cod_asig5,pre_cod_asig6,pre_cod_asig7 FROM tblaca009 WHERE pensum='5' AND c_uni_ca='6' AND c_asigna='300317' [1][0] OK
C:[01/08/2014 16:34:44.26][186.90.192.5][1151] SELECT c_asigna FROM dace004 WHERE exp_e='09-21248517' AND c_asigna='300207' AND status IN ('0','3','B','C') [1][0] OK
C:[01/08/2014 16:34:44.26][186.90.192.5][1151] SELECT c_asigna FROM dace004 WHERE exp_e='09-21248517' AND c_asigna='300209' AND status IN ('0','3','B','C') [1][0] OK
C:[01/08/2014 16:34:44.32][186.90.192.5][1182] SELECT par_cod_asig1,par_cod_asig2,par_cod_asig3 FROM tblaca009 WHERE pensum='5' AND c_uni_ca='6' AND c_asigna='300317' [1][0] OK
C:[01/08/2014 16:34:44.46][186.90.192.5][1312] SELECT horas_lab FROM tblaca008 WHERE c_asigna='300317' AND horas_teoricas > 0 [1][0] OK
C:[01/08/2014 16:35:01.98][190.75.147.8][1138] SELECT pre_cod_asig1,pre_cod_asig2,pre_cod_asig3,pre_cod_asig4,pre_cod_asig5,pre_cod_asig6,pre_cod_asig7 FROM tblaca009 WHERE pensum='5' AND c_uni_ca='4' AND c_asigna='300101' [1][0] OK
C:[01/08/2014 16:35:01.36][190.75.147.8][1182] SELECT par_cod_asig1,par_cod_asig2,par_cod_asig3 FROM tblaca009 WHERE pensum='5' AND c_uni_ca='4' AND c_asigna='300101' [1][0] OK
C:[01/08/2014 16:35:01.49][190.75.147.8][1312] SELECT horas_lab FROM tblaca008 WHERE c_asigna='300101' AND horas_teoricas > 0 [1][0] OK
C:[01/08/2014 16:35:44.72][186.90.125.175][1138] SELECT pre_cod_asig1,pre_cod_asig2,pre_cod_asig3,pre_cod_asig4,pre_cod_asig5,pre_cod_asig6,pre_cod_asig7 FROM tblaca009 WHERE pensum='5' AND c_uni_ca='3' AND c_asigna='300207' [1][0] OK
C:[01/08/2014 16:35:44.72][186.90.125.175][1151] SELECT c_asigna FROM dace004 WHERE exp_e='13-25083496' AND c_asigna='300101' AND status IN ('0','3','B','C') [1][0] OK
C:[01/08/2014 16:35:44.72][186.90.125.175][1138] SELECT pre_cod_asig1,pre_cod_asig2,pre_cod_asig3,pre_cod_asig4,pre_cod_asig5,pre_cod_asig6,pre_cod_asig7 FROM tblaca009 WHERE pensum='5' AND c_uni_ca='3' AND c_asigna='311320' [1][0] OK
C:[01/08/2014 16:35:44.72][186.90.125.175][1151] SELECT c_asigna FROM dace004 WHERE exp_e='13-25083496' AND c_asigna='300013' AND status IN ('0','3','B','C') [1][0] OK
C:[01/08/2014 16:35:44.72][186.90.125.175][1151] SELECT c_asigna FROM dace004 WHERE exp_e='13-25083496' AND c_asigna='300113' AND status IN ('0','3','B','C') [1][0] OK
C:[01/08/2014 16:35:45.59][186.90.125.175][1182] SELECT par_cod_asig1,par_cod_asig2,par_cod_asig3 FROM tblaca009 WHERE pensum='5' AND c_uni_ca='3' AND c_asigna='300207' [1][0] OK
C:[01/08/2014 16:35:45.59][186.90.125.175][1182] SELECT par_cod_asig1,par_cod_asig2,par_cod_asig3 FROM tblaca009 WHERE pensum='5' AND c_uni_ca='3' AND c_asigna='311320' [1][0] OK
C:[01/08/2014 16:35:45.85][186.90.125.175][1312] SELECT horas_lab FROM tblaca008 WHERE c_asigna='300207' AND horas_teoricas > 0 [1][0] OK
C:[01/08/2014 16:35:45.85][186.90.125.175][1312] SELECT horas_lab FROM tblaca008 WHERE c_asigna='311320' AND horas_teoricas > 0 [1][0] OK
C:[01/08/2014 16:35:47.73][200.84.74.145][1138] SELECT pre_cod_asig1,pre_cod_asig2,pre_cod_asig3,pre_cod_asig4,pre_cod_asig5,pre_cod_asig6,pre_cod_asig7 FROM tblaca009 WHERE pensum='5' AND c_uni_ca='2' AND c_asigna='300209' [1][0] OK
C:[01/08/2014 16:35:47.73][200.84.74.145][1151] SELECT c_asigna FROM dace004 WHERE exp_e='12-25040701' AND c_asigna='300101' AND status IN ('0','3','B','C') [1][0] OK
C:[01/08/2014 16:35:47.73][200.84.74.145][1138] SELECT pre_cod_asig1,pre_cod_asig2,pre_cod_asig3,pre_cod_asig4,pre_cod_asig5,pre_cod_asig6,pre_cod_asig7 FROM tblaca009 WHERE pensum='5' AND c_uni_ca='2' AND c_asigna='300213' [1][0] OK
C:[01/08/2014 16:35:47.73][200.84.74.145][1151] SELECT c_asigna FROM dace004 WHERE exp_e='12-25040701' AND c_asigna='300101' AND status IN ('0','3','B','C') [1][0] OK
C:[01/08/2014 16:35:47.23][200.84.74.145][1182] SELECT par_cod_asig1,par_cod_asig2,par_cod_asig3 FROM tblaca009 WHERE pensum='5' AND c_uni_ca='2' AND c_asigna='300209' [1][0] OK
C:[01/08/2014 16:35:47.23][200.84.74.145][1182] SELECT par_cod_asig1,par_cod_asig2,par_cod_asig3 FROM tblaca009 WHERE pensum='5' AND c_uni_ca='2' AND c_asigna='300213' [1][0] OK
C:[01/08/2014 16:35:47.23][200.84.74.145][1196] SELECT c_asigna FROM dace004 WHERE exp_e='12-25040701' AND c_asigna='300209' AND status IN ('0','3','B','C') [0][0] OK
C:[01/08/2014 16:35:47.62][200.84.74.145][1312] SELECT horas_lab FROM tblaca008 WHERE c_asigna='300209' AND horas_teoricas > 0 [1][0] OK
C:[01/08/2014 16:35:47.62][200.84.74.145][1312] SELECT horas_lab FROM tblaca008 WHERE c_asigna='300213' AND horas_teoricas > 0 [1][0] OK
C:[01/08/2014 16:37:06.02][200.84.74.145][1138] SELECT pre_cod_asig1,pre_cod_asig2,pre_cod_asig3,pre_cod_asig4,pre_cod_asig5,pre_cod_asig6,pre_cod_asig7 FROM tblaca009 WHERE pensum='5' AND c_uni_ca='2' AND c_asigna='300209' [1][0] OK
C:[01/08/2014 16:37:06.02][200.84.74.145][1151] SELECT c_asigna FROM dace004 WHERE exp_e='12-25040701' AND c_asigna='300101' AND status IN ('0','3','B','C') [1][0] OK
C:[01/08/2014 16:37:06.02][200.84.74.145][1138] SELECT pre_cod_asig1,pre_cod_asig2,pre_cod_asig3,pre_cod_asig4,pre_cod_asig5,pre_cod_asig6,pre_cod_asig7 FROM tblaca009 WHERE pensum='5' AND c_uni_ca='2' AND c_asigna='300213' [1][0] OK
C:[01/08/2014 16:37:06.02][200.84.74.145][1151] SELECT c_asigna FROM dace004 WHERE exp_e='12-25040701' AND c_asigna='300101' AND status IN ('0','3','B','C') [1][0] OK
C:[01/08/2014 16:37:06.21][200.84.74.145][1182] SELECT par_cod_asig1,par_cod_asig2,par_cod_asig3 FROM tblaca009 WHERE pensum='5' AND c_uni_ca='2' AND c_asigna='300209' [1][0] OK
C:[01/08/2014 16:37:06.21][200.84.74.145][1182] SELECT par_cod_asig1,par_cod_asig2,par_cod_asig3 FROM tblaca009 WHERE pensum='5' AND c_uni_ca='2' AND c_asigna='300213' [1][0] OK
C:[01/08/2014 16:37:06.21][200.84.74.145][1196] SELECT c_asigna FROM dace004 WHERE exp_e='12-25040701' AND c_asigna='300209' AND status IN ('0','3','B','C') [0][0] OK
C:[01/08/2014 16:37:06.59][200.84.74.145][1312] SELECT horas_lab FROM tblaca008 WHERE c_asigna='300209' AND horas_teoricas > 0 [1][0] OK
C:[01/08/2014 16:37:06.59][200.84.74.145][1312] SELECT horas_lab FROM tblaca008 WHERE c_asigna='300213' AND horas_teoricas > 0 [1][0] OK
C:[01/08/2014 16:38:24.56][190.75.147.8][1138] SELECT pre_cod_asig1,pre_cod_asig2,pre_cod_asig3,pre_cod_asig4,pre_cod_asig5,pre_cod_asig6,pre_cod_asig7 FROM tblaca009 WHERE pensum='5' AND c_uni_ca='4' AND c_asigna='300209' [1][0] OK
C:[01/08/2014 16:38:24.56][190.75.147.8][1151] SELECT c_asigna FROM dace004 WHERE exp_e='13-26109131' AND c_asigna='300101' AND status IN ('0','3','B','C') [1][0] OK
C:[01/08/2014 16:38:24.50][190.75.147.8][1182] SELECT par_cod_asig1,par_cod_asig2,par_cod_asig3 FROM tblaca009 WHERE pensum='5' AND c_uni_ca='4' AND c_asigna='300209' [1][0] OK
C:[01/08/2014 16:38:24.64][190.75.147.8][1312] SELECT horas_lab FROM tblaca008 WHERE c_asigna='300209' AND horas_teoricas > 0 [1][0] OK
C:[01/08/2014 16:40:33.77][200.84.74.145][1138] SELECT pre_cod_asig1,pre_cod_asig2,pre_cod_asig3,pre_cod_asig4,pre_cod_asig5,pre_cod_asig6,pre_cod_asig7 FROM tblaca009 WHERE pensum='5' AND c_uni_ca='2' AND c_asigna='300209' [1][0] OK
C:[01/08/2014 16:40:33.77][200.84.74.145][1151] SELECT c_asigna FROM dace004 WHERE exp_e='12-25040701' AND c_asigna='300101' AND status IN ('0','3','B','C') [1][0] OK
C:[01/08/2014 16:40:33.77][200.84.74.145][1138] SELECT pre_cod_asig1,pre_cod_asig2,pre_cod_asig3,pre_cod_asig4,pre_cod_asig5,pre_cod_asig6,pre_cod_asig7 FROM tblaca009 WHERE pensum='5' AND c_uni_ca='2' AND c_asigna='300213' [1][0] OK
C:[01/08/2014 16:40:33.77][200.84.74.145][1151] SELECT c_asigna FROM dace004 WHERE exp_e='12-25040701' AND c_asigna='300101' AND status IN ('0','3','B','C') [1][0] OK
C:[01/08/2014 16:40:33.94][200.84.74.145][1182] SELECT par_cod_asig1,par_cod_asig2,par_cod_asig3 FROM tblaca009 WHERE pensum='5' AND c_uni_ca='2' AND c_asigna='300209' [1][0] OK
C:[01/08/2014 16:40:33.94][200.84.74.145][1182] SELECT par_cod_asig1,par_cod_asig2,par_cod_asig3 FROM tblaca009 WHERE pensum='5' AND c_uni_ca='2' AND c_asigna='300213' [1][0] OK
C:[01/08/2014 16:40:33.94][200.84.74.145][1196] SELECT c_asigna FROM dace004 WHERE exp_e='12-25040701' AND c_asigna='300209' AND status IN ('0','3','B','C') [0][0] OK
C:[01/08/2014 16:40:34.32][200.84.74.145][1312] SELECT horas_lab FROM tblaca008 WHERE c_asigna='300209' AND horas_teoricas > 0 [1][0] OK
C:[01/08/2014 16:40:34.32][200.84.74.145][1312] SELECT horas_lab FROM tblaca008 WHERE c_asigna='300213' AND horas_teoricas > 0 [1][0] OK
C:[01/08/2014 16:40:55.71][190.36.26.61][1138] SELECT pre_cod_asig1,pre_cod_asig2,pre_cod_asig3,pre_cod_asig4,pre_cod_asig5,pre_cod_asig6,pre_cod_asig7 FROM tblaca009 WHERE pensum='5' AND c_uni_ca='3' AND c_asigna='300226' [1][0] OK
C:[01/08/2014 16:40:55.71][190.36.26.61][1151] SELECT c_asigna FROM dace004 WHERE exp_e='01-17039186' AND c_asigna='300116' AND status IN ('0','3','B','C') [1][0] OK
C:[01/08/2014 16:40:55.71][190.36.26.61][1138] SELECT pre_cod_asig1,pre_cod_asig2,pre_cod_asig3,pre_cod_asig4,pre_cod_asig5,pre_cod_asig6,pre_cod_asig7 FROM tblaca009 WHERE pensum='5' AND c_uni_ca='3' AND c_asigna='311100' [1][0] OK
C:[01/08/2014 16:40:55.71][190.36.26.61][1138] SELECT pre_cod_asig1,pre_cod_asig2,pre_cod_asig3,pre_cod_asig4,pre_cod_asig5,pre_cod_asig6,pre_cod_asig7 FROM tblaca009 WHERE pensum='5' AND c_uni_ca='3' AND c_asigna='311986' [1][0] OK
C:[01/08/2014 16:40:55.71][190.36.26.61][1151] SELECT c_asigna FROM dace004 WHERE exp_e='01-17039186' AND c_asigna='311825' AND status IN ('0','3','B','C') [1][0] OK
C:[01/08/2014 16:40:55.02][190.36.26.61][1182] SELECT par_cod_asig1,par_cod_asig2,par_cod_asig3 FROM tblaca009 WHERE pensum='5' AND c_uni_ca='3' AND c_asigna='300226' [1][0] OK
C:[01/08/2014 16:40:55.02][190.36.26.61][1182] SELECT par_cod_asig1,par_cod_asig2,par_cod_asig3 FROM tblaca009 WHERE pensum='5' AND c_uni_ca='3' AND c_asigna='311100' [1][0] OK
C:[01/08/2014 16:40:55.02][190.36.26.61][1182] SELECT par_cod_asig1,par_cod_asig2,par_cod_asig3 FROM tblaca009 WHERE pensum='5' AND c_uni_ca='3' AND c_asigna='311986' [1][0] OK
C:[01/08/2014 16:40:55.41][190.36.26.61][1312] SELECT horas_lab FROM tblaca008 WHERE c_asigna='300226' AND horas_teoricas > 0 [1][0] OK
C:[01/08/2014 16:40:55.41][190.36.26.61][1312] SELECT horas_lab FROM tblaca008 WHERE c_asigna='311100' AND horas_teoricas > 0 [1][0] OK
C:[01/08/2014 16:40:55.41][190.36.26.61][1312] SELECT horas_lab FROM tblaca008 WHERE c_asigna='311986' AND horas_teoricas > 0 [1][0] OK
C:[01/08/2014 16:40:56.48][186.88.164.61][1138] SELECT pre_cod_asig1,pre_cod_asig2,pre_cod_asig3,pre_cod_asig4,pre_cod_asig5,pre_cod_asig6,pre_cod_asig7 FROM tblaca009 WHERE pensum='5' AND c_uni_ca='2' AND c_asigna='300207' [1][0] OK
C:[01/08/2014 16:40:56.48][186.88.164.61][1151] SELECT c_asigna FROM dace004 WHERE exp_e='08-20224931' AND c_asigna='300101' AND status IN ('0','3','B','C') [1][0] OK
C:[01/08/2014 16:40:56.73][186.88.164.61][1182] SELECT par_cod_asig1,par_cod_asig2,par_cod_asig3 FROM tblaca009 WHERE pensum='5' AND c_uni_ca='2' AND c_asigna='300207' [1][0] OK
C:[01/08/2014 16:40:56.87][186.88.164.61][1312] SELECT horas_lab FROM tblaca008 WHERE c_asigna='300207' AND horas_teoricas > 0 [1][0] OK
C:[01/08/2014 16:42:15.77][186.89.145.6][1138] SELECT pre_cod_asig1,pre_cod_asig2,pre_cod_asig3,pre_cod_asig4,pre_cod_asig5,pre_cod_asig6,pre_cod_asig7 FROM tblaca009 WHERE pensum='5' AND c_uni_ca='4' AND c_asigna='333809' [1][0] OK
C:[01/08/2014 16:42:15.77][186.89.145.6][1151] SELECT c_asigna FROM dace004 WHERE exp_e='10-22818416' AND c_asigna='333683' AND status IN ('0','3','B','C') [1][0] OK
C:[01/08/2014 16:42:15.77][186.89.145.6][1151] SELECT c_asigna FROM dace004 WHERE exp_e='10-22818416' AND c_asigna='333710' AND status IN ('0','3','B','C') [1][0] OK
C:[01/08/2014 16:42:15.39][186.89.145.6][1182] SELECT par_cod_asig1,par_cod_asig2,par_cod_asig3 FROM tblaca009 WHERE pensum='5' AND c_uni_ca='4' AND c_asigna='333809' [1][0] OK
C:[01/08/2014 16:42:15.52][186.89.145.6][1312] SELECT horas_lab FROM tblaca008 WHERE c_asigna='333809' AND horas_teoricas > 0 [1][0] OK
C:[01/08/2014 16:44:21.66][200.84.74.145][1138] SELECT pre_cod_asig1,pre_cod_asig2,pre_cod_asig3,pre_cod_asig4,pre_cod_asig5,pre_cod_asig6,pre_cod_asig7 FROM tblaca009 WHERE pensum='5' AND c_uni_ca='2' AND c_asigna='300209' [1][0] OK
C:[01/08/2014 16:44:21.66][200.84.74.145][1151] SELECT c_asigna FROM dace004 WHERE exp_e='12-25040701' AND c_asigna='300101' AND status IN ('0','3','B','C') [1][0] OK
C:[01/08/2014 16:44:21.66][200.84.74.145][1138] SELECT pre_cod_asig1,pre_cod_asig2,pre_cod_asig3,pre_cod_asig4,pre_cod_asig5,pre_cod_asig6,pre_cod_asig7 FROM tblaca009 WHERE pensum='5' AND c_uni_ca='2' AND c_asigna='300213' [1][0] OK
C:[01/08/2014 16:44:21.66][200.84.74.145][1151] SELECT c_asigna FROM dace004 WHERE exp_e='12-25040701' AND c_asigna='300101' AND status IN ('0','3','B','C') [1][0] OK
C:[01/08/2014 16:44:21.42][200.84.74.145][1182] SELECT par_cod_asig1,par_cod_asig2,par_cod_asig3 FROM tblaca009 WHERE pensum='5' AND c_uni_ca='2' AND c_asigna='300209' [1][0] OK
C:[01/08/2014 16:44:21.42][200.84.74.145][1182] SELECT par_cod_asig1,par_cod_asig2,par_cod_asig3 FROM tblaca009 WHERE pensum='5' AND c_uni_ca='2' AND c_asigna='300213' [1][0] OK
C:[01/08/2014 16:44:21.42][200.84.74.145][1196] SELECT c_asigna FROM dace004 WHERE exp_e='12-25040701' AND c_asigna='300209' AND status IN ('0','3','B','C') [0][0] OK
C:[01/08/2014 16:44:21.80][200.84.74.145][1312] SELECT horas_lab FROM tblaca008 WHERE c_asigna='300209' AND horas_teoricas > 0 [1][0] OK
C:[01/08/2014 16:44:21.80][200.84.74.145][1312] SELECT horas_lab FROM tblaca008 WHERE c_asigna='300213' AND horas_teoricas > 0 [1][0] OK
C:[01/08/2014 16:46:45.00][186.89.133.76][1138] SELECT pre_cod_asig1,pre_cod_asig2,pre_cod_asig3,pre_cod_asig4,pre_cod_asig5,pre_cod_asig6,pre_cod_asig7 FROM tblaca009 WHERE pensum='5' AND c_uni_ca='6' AND c_asigna='300101' [1][0] OK
C:[01/08/2014 16:46:45.00][186.89.133.76][1138] SELECT pre_cod_asig1,pre_cod_asig2,pre_cod_asig3,pre_cod_asig4,pre_cod_asig5,pre_cod_asig6,pre_cod_asig7 FROM tblaca009 WHERE pensum='5' AND c_uni_ca='6' AND c_asigna='300112' [1][0] OK
C:[01/08/2014 16:46:45.93][186.89.133.76][1182] SELECT par_cod_asig1,par_cod_asig2,par_cod_asig3 FROM tblaca009 WHERE pensum='5' AND c_uni_ca='6' AND c_asigna='300101' [1][0] OK
C:[01/08/2014 16:46:45.93][186.89.133.76][1182] SELECT par_cod_asig1,par_cod_asig2,par_cod_asig3 FROM tblaca009 WHERE pensum='5' AND c_uni_ca='6' AND c_asigna='300112' [1][0] OK
C:[01/08/2014 16:46:45.19][186.89.133.76][1312] SELECT horas_lab FROM tblaca008 WHERE c_asigna='300101' AND horas_teoricas > 0 [1][0] OK
C:[01/08/2014 16:46:45.19][186.89.133.76][1312] SELECT horas_lab FROM tblaca008 WHERE c_asigna='300112' AND horas_teoricas > 0 [1][0] OK
C:[01/08/2014 16:47:06.68][190.36.25.111][1138] SELECT pre_cod_asig1,pre_cod_asig2,pre_cod_asig3,pre_cod_asig4,pre_cod_asig5,pre_cod_asig6,pre_cod_asig7 FROM tblaca009 WHERE pensum='5' AND c_uni_ca='4' AND c_asigna='333440' [1][0] OK
C:[01/08/2014 16:47:06.68][190.36.25.111][1151] SELECT c_asigna FROM dace004 WHERE exp_e='11-24855290' AND c_asigna='300317' AND status IN ('0','3','B','C') [1][0] OK
C:[01/08/2014 16:47:06.68][190.36.25.111][1151] SELECT c_asigna FROM dace004 WHERE exp_e='11-24855290' AND c_asigna='330310' AND status IN ('0','3','B','C') [1][0] OK
C:[01/08/2014 16:47:06.68][190.36.25.111][1151] SELECT c_asigna FROM dace004 WHERE exp_e='11-24855290' AND c_asigna='300209' AND status IN ('0','3','B','C') [1][0] OK
C:[01/08/2014 16:47:06.88][190.36.25.111][1182] SELECT par_cod_asig1,par_cod_asig2,par_cod_asig3 FROM tblaca009 WHERE pensum='5' AND c_uni_ca='4' AND c_asigna='333440' [1][0] OK
C:[01/08/2014 16:47:06.88][190.36.25.111][1196] SELECT c_asigna FROM dace004 WHERE exp_e='11-24855290' AND c_asigna='333441' AND status IN ('0','3','B','C') [1][0] OK
C:[01/08/2014 16:47:06.13][190.36.25.111][1312] SELECT horas_lab FROM tblaca008 WHERE c_asigna='333440' AND horas_teoricas > 0 [1][0] OK
C:[01/08/2014 16:48:02.22][179.45.14.212][1138] SELECT pre_cod_asig1,pre_cod_asig2,pre_cod_asig3,pre_cod_asig4,pre_cod_asig5,pre_cod_asig6,pre_cod_asig7 FROM tblaca009 WHERE pensum='5' AND c_uni_ca='5' AND c_asigna='355692' [1][0] OK
C:[01/08/2014 16:48:02.22][179.45.14.212][1151] SELECT c_asigna FROM dace004 WHERE exp_e='07-19303263' AND c_asigna='355448' AND status IN ('0','3','B','C') [1][0] OK
C:[01/08/2014 16:48:02.22][179.45.14.212][1151] SELECT c_asigna FROM dace004 WHERE exp_e='07-19303263' AND c_asigna='355570' AND status IN ('0','3','B','C') [1][0] OK
C:[01/08/2014 16:48:02.22][179.45.14.212][1138] SELECT pre_cod_asig1,pre_cod_asig2,pre_cod_asig3,pre_cod_asig4,pre_cod_asig5,pre_cod_asig6,pre_cod_asig7 FROM tblaca009 WHERE pensum='5' AND c_uni_ca='5' AND c_asigna='355696' [1][0] OK
C:[01/08/2014 16:48:02.22][179.45.14.212][1151] SELECT c_asigna FROM dace004 WHERE exp_e='07-19303263' AND c_asigna='355570' AND status IN ('0','3','B','C') [1][0] OK
C:[01/08/2014 16:48:02.22][179.45.14.212][1151] SELECT c_asigna FROM dace004 WHERE exp_e='07-19303263' AND c_asigna='355571' AND status IN ('0','3','B','C') [1][0] OK
C:[01/08/2014 16:48:02.22][179.45.14.212][1138] SELECT pre_cod_asig1,pre_cod_asig2,pre_cod_asig3,pre_cod_asig4,pre_cod_asig5,pre_cod_asig6,pre_cod_asig7 FROM tblaca009 WHERE pensum='5' AND c_uni_ca='5' AND c_asigna='355722' [1][0] OK
C:[01/08/2014 16:48:02.22][179.45.14.212][1151] SELECT c_asigna FROM dace004 WHERE exp_e='07-19303263' AND c_asigna='355691' AND status IN ('0','3','B','C') [1][0] OK
C:[01/08/2014 16:48:02.22][179.45.14.212][1151] SELECT c_asigna FROM dace004 WHERE exp_e='07-19303263' AND c_asigna='355595' AND status IN ('0','3','B','C') [1][0] OK
C:[01/08/2014 16:48:02.03][179.45.14.212][1182] SELECT par_cod_asig1,par_cod_asig2,par_cod_asig3 FROM tblaca009 WHERE pensum='5' AND c_uni_ca='5' AND c_asigna='355692' [1][0] OK
C:[01/08/2014 16:48:02.03][179.45.14.212][1182] SELECT par_cod_asig1,par_cod_asig2,par_cod_asig3 FROM tblaca009 WHERE pensum='5' AND c_uni_ca='5' AND c_asigna='355696' [1][0] OK
C:[01/08/2014 16:48:02.03][179.45.14.212][1182] SELECT par_cod_asig1,par_cod_asig2,par_cod_asig3 FROM tblaca009 WHERE pensum='5' AND c_uni_ca='5' AND c_asigna='355722' [1][0] OK
C:[01/08/2014 16:48:02.42][179.45.14.212][1312] SELECT horas_lab FROM tblaca008 WHERE c_asigna='355692' AND horas_teoricas > 0 [1][0] OK
C:[01/08/2014 16:48:02.42][179.45.14.212][1312] SELECT horas_lab FROM tblaca008 WHERE c_asigna='355696' AND horas_teoricas > 0 [1][0] OK
C:[01/08/2014 16:48:02.42][179.45.14.212][1312] SELECT horas_lab FROM tblaca008 WHERE c_asigna='355722' AND horas_teoricas > 0 [1][0] OK
C:[01/08/2014 16:48:05.95][181.183.49.173][1138] SELECT pre_cod_asig1,pre_cod_asig2,pre_cod_asig3,pre_cod_asig4,pre_cod_asig5,pre_cod_asig6,pre_cod_asig7 FROM tblaca009 WHERE pensum='5' AND c_uni_ca='5' AND c_asigna='355720' [1][0] OK
C:[01/08/2014 16:48:05.95][181.183.49.173][1151] SELECT c_asigna FROM dace004 WHERE exp_e='07-20882848' AND c_asigna='355692' AND status IN ('0','3','B','C') [1][0] OK
C:[01/08/2014 16:48:05.95][181.183.49.173][1151] SELECT c_asigna FROM dace004 WHERE exp_e='07-20882848' AND c_asigna='355696' AND status IN ('0','3','B','C') [1][0] OK
C:[01/08/2014 16:48:05.95][181.183.49.173][1138] SELECT pre_cod_asig1,pre_cod_asig2,pre_cod_asig3,pre_cod_asig4,pre_cod_asig5,pre_cod_asig6,pre_cod_asig7 FROM tblaca009 WHERE pensum='5' AND c_uni_ca='5' AND c_asigna='354852' [1][0] OK
C:[01/08/2014 16:48:05.95][181.183.49.173][1138] SELECT pre_cod_asig1,pre_cod_asig2,pre_cod_asig3,pre_cod_asig4,pre_cod_asig5,pre_cod_asig6,pre_cod_asig7 FROM tblaca009 WHERE pensum='5' AND c_uni_ca='5' AND c_asigna='300870' [1][0] OK
C:[01/08/2014 16:48:05.58][181.183.49.173][1182] SELECT par_cod_asig1,par_cod_asig2,par_cod_asig3 FROM tblaca009 WHERE pensum='5' AND c_uni_ca='5' AND c_asigna='355720' [1][0] OK
C:[01/08/2014 16:48:05.58][181.183.49.173][1182] SELECT par_cod_asig1,par_cod_asig2,par_cod_asig3 FROM tblaca009 WHERE pensum='5' AND c_uni_ca='5' AND c_asigna='354852' [1][0] OK
C:[01/08/2014 16:48:05.58][181.183.49.173][1182] SELECT par_cod_asig1,par_cod_asig2,par_cod_asig3 FROM tblaca009 WHERE pensum='5' AND c_uni_ca='5' AND c_asigna='300870' [1][0] OK
C:[01/08/2014 16:48:05.96][181.183.49.173][1312] SELECT horas_lab FROM tblaca008 WHERE c_asigna='355720' AND horas_teoricas > 0 [1][0] OK
C:[01/08/2014 16:48:05.96][181.183.49.173][1312] SELECT horas_lab FROM tblaca008 WHERE c_asigna='354852' AND horas_teoricas > 0 [1][0] OK
C:[01/08/2014 16:48:05.96][181.183.49.173][1312] SELECT horas_lab FROM tblaca008 WHERE c_asigna='300870' AND horas_teoricas > 0 [1][0] OK
C:[01/08/2014 16:50:51.78][190.205.157.15][1138] SELECT pre_cod_asig1,pre_cod_asig2,pre_cod_asig3,pre_cod_asig4,pre_cod_asig5,pre_cod_asig6,pre_cod_asig7 FROM tblaca009 WHERE pensum='5' AND c_uni_ca='3' AND c_asigna='300112' [1][0] OK
C:[01/08/2014 16:50:51.60][190.205.157.15][1182] SELECT par_cod_asig1,par_cod_asig2,par_cod_asig3 FROM tblaca009 WHERE pensum='5' AND c_uni_ca='3' AND c_asigna='300112' [1][0] OK
C:[01/08/2014 16:50:51.73][190.205.157.15][1312] SELECT horas_lab FROM tblaca008 WHERE c_asigna='300112' AND horas_teoricas > 0 [1][0] OK
C:[01/08/2014 16:51:02.77][186.89.161.161][1138] SELECT pre_cod_asig1,pre_cod_asig2,pre_cod_asig3,pre_cod_asig4,pre_cod_asig5,pre_cod_asig6,pre_cod_asig7 FROM tblaca009 WHERE pensum='5' AND c_uni_ca='5' AND c_asigna='355722' [1][0] OK
C:[01/08/2014 16:51:02.77][186.89.161.161][1151] SELECT c_asigna FROM dace004 WHERE exp_e='10-22820935' AND c_asigna='355691' AND status IN ('0','3','B','C') [1][0] OK
C:[01/08/2014 16:51:02.77][186.89.161.161][1151] SELECT c_asigna FROM dace004 WHERE exp_e='10-22820935' AND c_asigna='355595' AND status IN ('0','3','B','C') [1][0] OK
C:[01/08/2014 16:51:02.77][186.89.161.161][1138] SELECT pre_cod_asig1,pre_cod_asig2,pre_cod_asig3,pre_cod_asig4,pre_cod_asig5,pre_cod_asig6,pre_cod_asig7 FROM tblaca009 WHERE pensum='5' AND c_uni_ca='5' AND c_asigna='355723' [1][0] OK
C:[01/08/2014 16:51:02.77][186.89.161.161][1151] SELECT c_asigna FROM dace004 WHERE exp_e='10-22820935' AND c_asigna='355694' AND status IN ('0','3','B','C') [1][0] OK
C:[01/08/2014 16:51:02.77][186.89.161.161][1138] SELECT pre_cod_asig1,pre_cod_asig2,pre_cod_asig3,pre_cod_asig4,pre_cod_asig5,pre_cod_asig6,pre_cod_asig7 FROM tblaca009 WHERE pensum='5' AND c_uni_ca='5' AND c_asigna='355724' [1][0] OK
C:[01/08/2014 16:51:02.77][186.89.161.161][1151] SELECT c_asigna FROM dace004 WHERE exp_e='10-22820935' AND c_asigna='355692' AND status IN ('0','3','B','C') [1][0] OK
C:[01/08/2014 16:51:02.64][186.89.161.161][1182] SELECT par_cod_asig1,par_cod_asig2,par_cod_asig3 FROM tblaca009 WHERE pensum='5' AND c_uni_ca='5' AND c_asigna='355722' [1][0] OK
C:[01/08/2014 16:51:02.64][186.89.161.161][1182] SELECT par_cod_asig1,par_cod_asig2,par_cod_asig3 FROM tblaca009 WHERE pensum='5' AND c_uni_ca='5' AND c_asigna='355723' [1][0] OK
C:[01/08/2014 16:51:02.64][186.89.161.161][1182] SELECT par_cod_asig1,par_cod_asig2,par_cod_asig3 FROM tblaca009 WHERE pensum='5' AND c_uni_ca='5' AND c_asigna='355724' [1][0] OK
C:[01/08/2014 16:51:03.03][186.89.161.161][1312] SELECT horas_lab FROM tblaca008 WHERE c_asigna='355722' AND horas_teoricas > 0 [1][0] OK
C:[01/08/2014 16:51:03.03][186.89.161.161][1312] SELECT horas_lab FROM tblaca008 WHERE c_asigna='355723' AND horas_teoricas > 0 [1][0] OK
C:[01/08/2014 16:51:03.03][186.89.161.161][1312] SELECT horas_lab FROM tblaca008 WHERE c_asigna='355724' AND horas_teoricas > 0 [1][0] OK
C:[01/08/2014 16:51:37.80][200.90.96.217][1138] SELECT pre_cod_asig1,pre_cod_asig2,pre_cod_asig3,pre_cod_asig4,pre_cod_asig5,pre_cod_asig6,pre_cod_asig7 FROM tblaca009 WHERE pensum='5' AND c_uni_ca='2' AND c_asigna='300101' [1][0] OK
C:[01/08/2014 16:51:37.80][200.90.96.217][1138] SELECT pre_cod_asig1,pre_cod_asig2,pre_cod_asig3,pre_cod_asig4,pre_cod_asig5,pre_cod_asig6,pre_cod_asig7 FROM tblaca009 WHERE pensum='5' AND c_uni_ca='2' AND c_asigna='300112' [1][0] OK
C:[01/08/2014 16:51:37.67][200.90.96.217][1182] SELECT par_cod_asig1,par_cod_asig2,par_cod_asig3 FROM tblaca009 WHERE pensum='5' AND c_uni_ca='2' AND c_asigna='300101' [1][0] OK
C:[01/08/2014 16:51:37.67][200.90.96.217][1182] SELECT par_cod_asig1,par_cod_asig2,par_cod_asig3 FROM tblaca009 WHERE pensum='5' AND c_uni_ca='2' AND c_asigna='300112' [1][0] OK
C:[01/08/2014 16:51:38.92][200.90.96.217][1312] SELECT horas_lab FROM tblaca008 WHERE c_asigna='300101' AND horas_teoricas > 0 [1][0] OK
C:[01/08/2014 16:51:38.92][200.90.96.217][1312] SELECT horas_lab FROM tblaca008 WHERE c_asigna='300112' AND horas_teoricas > 0 [1][0] OK
C:[01/08/2014 16:52:52.95][190.79.6.45][1138] SELECT pre_cod_asig1,pre_cod_asig2,pre_cod_asig3,pre_cod_asig4,pre_cod_asig5,pre_cod_asig6,pre_cod_asig7 FROM tblaca009 WHERE pensum='5' AND c_uni_ca='2' AND c_asigna='322558' [1][0] OK
C:[01/08/2014 16:52:52.95][190.79.6.45][1151] SELECT c_asigna FROM dace004 WHERE exp_e='06-18666509' AND c_asigna='300428' AND status IN ('0','3','B','C') [1][0] OK
C:[01/08/2014 16:52:52.95][190.79.6.45][1151] SELECT c_asigna FROM dace004 WHERE exp_e='06-18666509' AND c_asigna='320323' AND status IN ('0','3','B','C') [1][0] OK
C:[01/08/2014 16:52:52.95][190.79.6.45][1138] SELECT pre_cod_asig1,pre_cod_asig2,pre_cod_asig3,pre_cod_asig4,pre_cod_asig5,pre_cod_asig6,pre_cod_asig7 FROM tblaca009 WHERE pensum='5' AND c_uni_ca='2' AND c_asigna='322559' [1][0] OK
C:[01/08/2014 16:52:52.95][190.79.6.45][1151] SELECT c_asigna FROM dace004 WHERE exp_e='06-18666509' AND c_asigna='300428' AND status IN ('0','3','B','C') [1][0] OK
C:[01/08/2014 16:52:52.95][190.79.6.45][1151] SELECT c_asigna FROM dace004 WHERE exp_e='06-18666509' AND c_asigna='322436' AND status IN ('0','3','B','C') [1][0] OK
C:[01/08/2014 16:52:52.53][190.79.6.45][1182] SELECT par_cod_asig1,par_cod_asig2,par_cod_asig3 FROM tblaca009 WHERE pensum='5' AND c_uni_ca='2' AND c_asigna='322558' [1][0] OK
C:[01/08/2014 16:52:52.53][190.79.6.45][1182] SELECT par_cod_asig1,par_cod_asig2,par_cod_asig3 FROM tblaca009 WHERE pensum='5' AND c_uni_ca='2' AND c_asigna='322559' [1][0] OK
C:[01/08/2014 16:52:53.77][190.79.6.45][1312] SELECT horas_lab FROM tblaca008 WHERE c_asigna='322558' AND horas_teoricas > 0 [1][0] OK
C:[01/08/2014 16:52:53.77][190.79.6.45][1312] SELECT horas_lab FROM tblaca008 WHERE c_asigna='322559' AND horas_teoricas > 0 [1][0] OK
C:[01/08/2014 16:53:05.02][190.37.124.196][1138] SELECT pre_cod_asig1,pre_cod_asig2,pre_cod_asig3,pre_cod_asig4,pre_cod_asig5,pre_cod_asig6,pre_cod_asig7 FROM tblaca009 WHERE pensum='5' AND c_uni_ca='2' AND c_asigna='322703' [1][0] OK
C:[01/08/2014 16:53:05.02][190.37.124.196][1151] SELECT c_asigna FROM dace004 WHERE exp_e='10-22816198' AND c_asigna='322669' AND status IN ('0','3','B','C') [1][0] OK
C:[01/08/2014 16:53:05.02][190.37.124.196][1138] SELECT pre_cod_asig1,pre_cod_asig2,pre_cod_asig3,pre_cod_asig4,pre_cod_asig5,pre_cod_asig6,pre_cod_asig7 FROM tblaca009 WHERE pensum='5' AND c_uni_ca='2' AND c_asigna='322782' [1][0] OK
C:[01/08/2014 16:53:05.02][190.37.124.196][1151] SELECT c_asigna FROM dace004 WHERE exp_e='10-22816198' AND c_asigna='322669' AND status IN ('0','3','B','C') [1][0] OK
C:[01/08/2014 16:53:05.02][190.37.124.196][1151] SELECT c_asigna FROM dace004 WHERE exp_e='10-22816198' AND c_asigna='322550' AND status IN ('0','3','B','C') [1][0] OK
C:[01/08/2014 16:53:05.64][190.37.124.196][1182] SELECT par_cod_asig1,par_cod_asig2,par_cod_asig3 FROM tblaca009 WHERE pensum='5' AND c_uni_ca='2' AND c_asigna='322703' [1][0] OK
C:[01/08/2014 16:53:05.64][190.37.124.196][1182] SELECT par_cod_asig1,par_cod_asig2,par_cod_asig3 FROM tblaca009 WHERE pensum='5' AND c_uni_ca='2' AND c_asigna='322782' [1][0] OK
C:[01/08/2014 16:53:06.91][190.37.124.196][1312] SELECT horas_lab FROM tblaca008 WHERE c_asigna='322703' AND horas_teoricas > 0 [1][0] OK
C:[01/08/2014 16:53:06.91][190.37.124.196][1312] SELECT horas_lab FROM tblaca008 WHERE c_asigna='322782' AND horas_teoricas > 0 [1][0] OK
C:[01/08/2014 16:54:52.55][190.37.124.196][1138] SELECT pre_cod_asig1,pre_cod_asig2,pre_cod_asig3,pre_cod_asig4,pre_cod_asig5,pre_cod_asig6,pre_cod_asig7 FROM tblaca009 WHERE pensum='5' AND c_uni_ca='2' AND c_asigna='300956' [1][0] OK
C:[01/08/2014 16:54:52.55][190.37.124.196][1151] SELECT c_asigna FROM dace004 WHERE exp_e='10-20886704' AND c_asigna='300422' AND status IN ('0','3','B','C') [1][0] OK
C:[01/08/2014 16:54:52.55][190.37.124.196][1151] SELECT c_asigna FROM dace004 WHERE exp_e='10-20886704' AND c_asigna='300105' AND status IN ('0','3','B','C') [1][0] OK
C:[01/08/2014 16:54:52.55][190.37.124.196][1151] SELECT c_asigna FROM dace004 WHERE exp_e='10-20886704' AND c_asigna='300314' AND status IN ('0','3','B','C') [1][0] OK
C:[01/08/2014 16:54:52.55][190.37.124.196][1138] SELECT pre_cod_asig1,pre_cod_asig2,pre_cod_asig3,pre_cod_asig4,pre_cod_asig5,pre_cod_asig6,pre_cod_asig7 FROM tblaca009 WHERE pensum='5' AND c_uni_ca='2' AND c_asigna='322904' [1][0] OK
C:[01/08/2014 16:54:52.55][190.37.124.196][1151] SELECT c_asigna FROM dace004 WHERE exp_e='10-20886704' AND c_asigna='322782' AND status IN ('0','3','B','C') [1][0] OK
C:[01/08/2014 16:54:52.55][190.37.124.196][1151] SELECT c_asigna FROM dace004 WHERE exp_e='10-20886704' AND c_asigna='322801' AND status IN ('0','3','B','C') [1][0] OK
C:[01/08/2014 16:54:52.11][190.37.124.196][1182] SELECT par_cod_asig1,par_cod_asig2,par_cod_asig3 FROM tblaca009 WHERE pensum='5' AND c_uni_ca='2' AND c_asigna='300956' [1][0] OK
C:[01/08/2014 16:54:52.11][190.37.124.196][1182] SELECT par_cod_asig1,par_cod_asig2,par_cod_asig3 FROM tblaca009 WHERE pensum='5' AND c_uni_ca='2' AND c_asigna='322904' [1][0] OK
C:[01/08/2014 16:54:52.38][190.37.124.196][1312] SELECT horas_lab FROM tblaca008 WHERE c_asigna='300956' AND horas_teoricas > 0 [1][0] OK
C:[01/08/2014 16:54:52.38][190.37.124.196][1312] SELECT horas_lab FROM tblaca008 WHERE c_asigna='322904' AND horas_teoricas > 0 [1][0] OK
C:[01/08/2014 16:55:01.88][200.90.96.217][1138] SELECT pre_cod_asig1,pre_cod_asig2,pre_cod_asig3,pre_cod_asig4,pre_cod_asig5,pre_cod_asig6,pre_cod_asig7 FROM tblaca009 WHERE pensum='5' AND c_uni_ca='2' AND c_asigna='300101' [1][0] OK
C:[01/08/2014 16:55:01.88][200.90.96.217][1138] SELECT pre_cod_asig1,pre_cod_asig2,pre_cod_asig3,pre_cod_asig4,pre_cod_asig5,pre_cod_asig6,pre_cod_asig7 FROM tblaca009 WHERE pensum='5' AND c_uni_ca='2' AND c_asigna='300112' [1][0] OK
C:[01/08/2014 16:55:02.82][200.90.96.217][1182] SELECT par_cod_asig1,par_cod_asig2,par_cod_asig3 FROM tblaca009 WHERE pensum='5' AND c_uni_ca='2' AND c_asigna='300101' [1][0] OK
C:[01/08/2014 16:55:02.82][200.90.96.217][1182] SELECT par_cod_asig1,par_cod_asig2,par_cod_asig3 FROM tblaca009 WHERE pensum='5' AND c_uni_ca='2' AND c_asigna='300112' [1][0] OK
C:[01/08/2014 16:55:02.08][200.90.96.217][1312] SELECT horas_lab FROM tblaca008 WHERE c_asigna='300101' AND horas_teoricas > 0 [1][0] OK
C:[01/08/2014 16:55:02.08][200.90.96.217][1312] SELECT horas_lab FROM tblaca008 WHERE c_asigna='300112' AND horas_teoricas > 0 [1][0] OK
C:[01/08/2014 16:55:03.56][200.109.202.157][1138] SELECT pre_cod_asig1,pre_cod_asig2,pre_cod_asig3,pre_cod_asig4,pre_cod_asig5,pre_cod_asig6,pre_cod_asig7 FROM tblaca009 WHERE pensum='5' AND c_uni_ca='5' AND c_asigna='300313' [1][0] OK
C:[01/08/2014 16:55:03.56][200.109.202.157][1151] SELECT c_asigna FROM dace004 WHERE exp_e='12-24035854' AND c_asigna='300213' AND status IN ('0','3','B','C') [1][0] OK
C:[01/08/2014 16:55:03.56][200.109.202.157][1151] SELECT c_asigna FROM dace004 WHERE exp_e='12-24035854' AND c_asigna='300226' AND status IN ('0','3','B','C') [1][0] OK
C:[01/08/2014 16:55:03.56][200.109.202.157][1151] SELECT c_asigna FROM dace004 WHERE exp_e='12-24035854' AND c_asigna='300222' AND status IN ('0','3','B','C') [1][0] OK
C:[01/08/2014 16:55:03.56][200.109.202.157][1151] SELECT c_asigna FROM dace004 WHERE exp_e='12-24035854' AND c_asigna='300209' AND status IN ('0','3','B','C') [1][0] OK
C:[01/08/2014 16:55:03.56][200.109.202.157][1138] SELECT pre_cod_asig1,pre_cod_asig2,pre_cod_asig3,pre_cod_asig4,pre_cod_asig5,pre_cod_asig6,pre_cod_asig7 FROM tblaca009 WHERE pensum='5' AND c_uni_ca='5' AND c_asigna='300317' [1][0] OK
C:[01/08/2014 16:55:03.56][200.109.202.157][1151] SELECT c_asigna FROM dace004 WHERE exp_e='12-24035854' AND c_asigna='300207' AND status IN ('0','3','B','C') [1][0] OK
C:[01/08/2014 16:55:03.56][200.109.202.157][1151] SELECT c_asigna FROM dace004 WHERE exp_e='12-24035854' AND c_asigna='300209' AND status IN ('0','3','B','C') [1][0] OK
C:[01/08/2014 16:55:03.56][200.109.202.157][1182] SELECT par_cod_asig1,par_cod_asig2,par_cod_asig3 FROM tblaca009 WHERE pensum='5' AND c_uni_ca='5' AND c_asigna='300313' [1][0] OK
C:[01/08/2014 16:55:03.56][200.109.202.157][1182] SELECT par_cod_asig1,par_cod_asig2,par_cod_asig3 FROM tblaca009 WHERE pensum='5' AND c_uni_ca='5' AND c_asigna='300317' [1][0] OK
C:[01/08/2014 16:55:03.82][200.109.202.157][1312] SELECT horas_lab FROM tblaca008 WHERE c_asigna='300313' AND horas_teoricas > 0 [1][0] OK
C:[01/08/2014 16:55:03.82][200.109.202.157][1312] SELECT horas_lab FROM tblaca008 WHERE c_asigna='300317' AND horas_teoricas > 0 [1][0] OK
C:[01/08/2014 16:55:33.92][190.75.128.16][1138] SELECT pre_cod_asig1,pre_cod_asig2,pre_cod_asig3,pre_cod_asig4,pre_cod_asig5,pre_cod_asig6,pre_cod_asig7 FROM tblaca009 WHERE pensum='5' AND c_uni_ca='5' AND c_asigna='300101' [1][0] OK
C:[01/08/2014 16:55:33.31][190.75.128.16][1182] SELECT par_cod_asig1,par_cod_asig2,par_cod_asig3 FROM tblaca009 WHERE pensum='5' AND c_uni_ca='5' AND c_asigna='300101' [1][0] OK
C:[01/08/2014 16:55:33.43][190.75.128.16][1312] SELECT horas_lab FROM tblaca008 WHERE c_asigna='300101' AND horas_teoricas > 0 [1][0] OK
C:[01/08/2014 16:56:04.20][186.90.218.184][1138] SELECT pre_cod_asig1,pre_cod_asig2,pre_cod_asig3,pre_cod_asig4,pre_cod_asig5,pre_cod_asig6,pre_cod_asig7 FROM tblaca009 WHERE pensum='5' AND c_uni_ca='2' AND c_asigna='300207' [1][0] OK
C:[01/08/2014 16:56:04.20][186.90.218.184][1151] SELECT c_asigna FROM dace004 WHERE exp_e='12-25267495' AND c_asigna='300101' AND status IN ('0','3','B','C') [1][0] OK
C:[01/08/2014 16:56:04.20][186.90.218.184][1138] SELECT pre_cod_asig1,pre_cod_asig2,pre_cod_asig3,pre_cod_asig4,pre_cod_asig5,pre_cod_asig6,pre_cod_asig7 FROM tblaca009 WHERE pensum='5' AND c_uni_ca='2' AND c_asigna='300209' [1][0] OK
C:[01/08/2014 16:56:04.20][186.90.218.184][1151] SELECT c_asigna FROM dace004 WHERE exp_e='12-25267495' AND c_asigna='300101' AND status IN ('0','3','B','C') [1][0] OK
C:[01/08/2014 16:56:04.08][186.90.218.184][1182] SELECT par_cod_asig1,par_cod_asig2,par_cod_asig3 FROM tblaca009 WHERE pensum='5' AND c_uni_ca='2' AND c_asigna='300207' [1][0] OK
C:[01/08/2014 16:56:04.08][186.90.218.184][1182] SELECT par_cod_asig1,par_cod_asig2,par_cod_asig3 FROM tblaca009 WHERE pensum='5' AND c_uni_ca='2' AND c_asigna='300209' [1][0] OK
C:[01/08/2014 16:56:05.34][186.90.218.184][1312] SELECT horas_lab FROM tblaca008 WHERE c_asigna='300207' AND horas_teoricas > 0 [1][0] OK
C:[01/08/2014 16:56:05.34][186.90.218.184][1312] SELECT horas_lab FROM tblaca008 WHERE c_asigna='300209' AND horas_teoricas > 0 [1][0] OK
C:[01/08/2014 17:00:53.78][186.166.234.149][1138] SELECT pre_cod_asig1,pre_cod_asig2,pre_cod_asig3,pre_cod_asig4,pre_cod_asig5,pre_cod_asig6,pre_cod_asig7 FROM tblaca009 WHERE pensum='5' AND c_uni_ca='6' AND c_asigna='300101' [1][0] OK
C:[01/08/2014 17:00:53.59][186.166.234.149][1182] SELECT par_cod_asig1,par_cod_asig2,par_cod_asig3 FROM tblaca009 WHERE pensum='5' AND c_uni_ca='6' AND c_asigna='300101' [1][0] OK
C:[01/08/2014 17:00:53.72][186.166.234.149][1312] SELECT horas_lab FROM tblaca008 WHERE c_asigna='300101' AND horas_teoricas > 0 [1][0] OK
C:[01/08/2014 17:01:01.99][186.167.242.183][1138] SELECT pre_cod_asig1,pre_cod_asig2,pre_cod_asig3,pre_cod_asig4,pre_cod_asig5,pre_cod_asig6,pre_cod_asig7 FROM tblaca009 WHERE pensum='5' AND c_uni_ca='3' AND c_asigna='310548' [1][0] OK
C:[01/08/2014 17:01:01.99][186.167.242.183][1151] SELECT c_asigna FROM dace004 WHERE exp_e='11-23417917' AND c_asigna='300428' AND status IN ('0','3','B','C') [1][0] OK
C:[01/08/2014 17:01:01.99][186.167.242.183][1151] SELECT c_asigna FROM dace004 WHERE exp_e='11-23417917' AND c_asigna='300313' AND status IN ('0','3','B','C') [1][0] OK
C:[01/08/2014 17:01:01.99][186.167.242.183][1151] SELECT c_asigna FROM dace004 WHERE exp_e='11-23417917' AND c_asigna='300222' AND status IN ('0','3','B','C') [1][0] OK
C:[01/08/2014 17:01:01.99][186.167.242.183][1151] SELECT c_asigna FROM dace004 WHERE exp_e='11-23417917' AND c_asigna='300226' AND status IN ('0','3','B','C') [1][0] OK
C:[01/08/2014 17:01:01.99][186.167.242.183][1151] SELECT c_asigna FROM dace004 WHERE exp_e='11-23417917' AND c_asigna='300209' AND status IN ('0','3','B','C') [1][0] OK
C:[01/08/2014 17:01:01.99][186.167.242.183][1138] SELECT pre_cod_asig1,pre_cod_asig2,pre_cod_asig3,pre_cod_asig4,pre_cod_asig5,pre_cod_asig6,pre_cod_asig7 FROM tblaca009 WHERE pensum='5' AND c_uni_ca='3' AND c_asigna='311551' [1][0] OK
C:[01/08/2014 17:01:01.99][186.167.242.183][1151] SELECT c_asigna FROM dace004 WHERE exp_e='11-23417917' AND c_asigna='311430' AND status IN ('0','3','B','C') [1][0] OK
C:[01/08/2014 17:01:01.99][186.167.242.183][1151] SELECT c_asigna FROM dace004 WHERE exp_e='11-23417917' AND c_asigna='311431' AND status IN ('0','3','B','C') [1][0] OK
C:[01/08/2014 17:01:01.99][186.167.242.183][1151] SELECT c_asigna FROM dace004 WHERE exp_e='11-23417917' AND c_asigna='300222' AND status IN ('0','3','B','C') [1][0] OK
C:[01/08/2014 17:01:01.99][186.167.242.183][1151] SELECT c_asigna FROM dace004 WHERE exp_e='11-23417917' AND c_asigna='300226' AND status IN ('0','3','B','C') [1][0] OK
C:[01/08/2014 17:01:01.99][186.167.242.183][1151] SELECT c_asigna FROM dace004 WHERE exp_e='11-23417917' AND c_asigna='300209' AND status IN ('0','3','B','C') [1][0] OK
C:[01/08/2014 17:01:01.99][186.167.242.183][1151] SELECT c_asigna FROM dace004 WHERE exp_e='11-23417917' AND c_asigna='311320' AND status IN ('0','3','B','C') [1][0] OK
C:[01/08/2014 17:01:02.29][186.167.242.183][1182] SELECT par_cod_asig1,par_cod_asig2,par_cod_asig3 FROM tblaca009 WHERE pensum='5' AND c_uni_ca='3' AND c_asigna='310548' [1][0] OK
C:[01/08/2014 17:01:02.29][186.167.242.183][1182] SELECT par_cod_asig1,par_cod_asig2,par_cod_asig3 FROM tblaca009 WHERE pensum='5' AND c_uni_ca='3' AND c_asigna='311551' [1][0] OK
C:[01/08/2014 17:01:02.55][186.167.242.183][1312] SELECT horas_lab FROM tblaca008 WHERE c_asigna='310548' AND horas_teoricas > 0 [1][0] OK
C:[01/08/2014 17:01:02.55][186.167.242.183][1312] SELECT horas_lab FROM tblaca008 WHERE c_asigna='311551' AND horas_teoricas > 0 [1][0] OK
C:[01/08/2014 17:01:27.77][190.36.15.15][1138] SELECT pre_cod_asig1,pre_cod_asig2,pre_cod_asig3,pre_cod_asig4,pre_cod_asig5,pre_cod_asig6,pre_cod_asig7 FROM tblaca009 WHERE pensum='5' AND c_uni_ca='2' AND c_asigna='322782' [1][0] OK
C:[01/08/2014 17:01:27.77][190.36.15.15][1151] SELECT c_asigna FROM dace004 WHERE exp_e='10-24122017' AND c_asigna='322669' AND status IN ('0','3','B','C') [1][0] OK
C:[01/08/2014 17:01:27.77][190.36.15.15][1151] SELECT c_asigna FROM dace004 WHERE exp_e='10-24122017' AND c_asigna='322550' AND status IN ('0','3','B','C') [1][0] OK
C:[01/08/2014 17:01:27.77][190.36.15.15][1138] SELECT pre_cod_asig1,pre_cod_asig2,pre_cod_asig3,pre_cod_asig4,pre_cod_asig5,pre_cod_asig6,pre_cod_asig7 FROM tblaca009 WHERE pensum='5' AND c_uni_ca='2' AND c_asigna='322826' [1][0] OK
C:[01/08/2014 17:01:27.77][190.36.15.15][1151] SELECT c_asigna FROM dace004 WHERE exp_e='10-24122017' AND c_asigna='322702' AND status IN ('0','3','B','C') [1][0] OK
C:[01/08/2014 17:01:27.08][190.36.15.15][1182] SELECT par_cod_asig1,par_cod_asig2,par_cod_asig3 FROM tblaca009 WHERE pensum='5' AND c_uni_ca='2' AND c_asigna='322782' [1][0] OK
C:[01/08/2014 17:01:27.08][190.36.15.15][1182] SELECT par_cod_asig1,par_cod_asig2,par_cod_asig3 FROM tblaca009 WHERE pensum='5' AND c_uni_ca='2' AND c_asigna='322826' [1][0] OK
C:[01/08/2014 17:01:27.34][190.36.15.15][1312] SELECT horas_lab FROM tblaca008 WHERE c_asigna='322782' AND horas_teoricas > 0 [1][0] OK
C:[01/08/2014 17:01:27.34][190.36.15.15][1312] SELECT horas_lab FROM tblaca008 WHERE c_asigna='322826' AND horas_teoricas > 0 [1][0] OK
C:[01/08/2014 17:02:03.95][181.185.155.217][1138] SELECT pre_cod_asig1,pre_cod_asig2,pre_cod_asig3,pre_cod_asig4,pre_cod_asig5,pre_cod_asig6,pre_cod_asig7 FROM tblaca009 WHERE pensum='5' AND c_uni_ca='4' AND c_asigna='300317' [1][0] OK
C:[01/08/2014 17:02:03.95][181.185.155.217][1151] SELECT c_asigna FROM dace004 WHERE exp_e='11-24691804' AND c_asigna='300207' AND status IN ('0','3','B','C') [1][0] OK
C:[01/08/2014 17:02:03.95][181.185.155.217][1151] SELECT c_asigna FROM dace004 WHERE exp_e='11-24691804' AND c_asigna='300209' AND status IN ('0','3','B','C') [1][0] OK
C:[01/08/2014 17:02:03.01][181.185.155.217][1182] SELECT par_cod_asig1,par_cod_asig2,par_cod_asig3 FROM tblaca009 WHERE pensum='5' AND c_uni_ca='4' AND c_asigna='300317' [1][0] OK
C:[01/08/2014 17:02:03.15][181.185.155.217][1312] SELECT horas_lab FROM tblaca008 WHERE c_asigna='300317' AND horas_teoricas > 0 [1][0] OK
C:[01/08/2014 17:02:49.89][190.37.110.225][1138] SELECT pre_cod_asig1,pre_cod_asig2,pre_cod_asig3,pre_cod_asig4,pre_cod_asig5,pre_cod_asig6,pre_cod_asig7 FROM tblaca009 WHERE pensum='5' AND c_uni_ca='6' AND c_asigna='344812' [1][0] OK
C:[01/08/2014 17:02:49.89][190.37.110.225][1151] SELECT c_asigna FROM dace004 WHERE exp_e='10-19302911' AND c_asigna='344715' AND status IN ('0','3','B','C') [1][0] OK
C:[01/08/2014 17:02:49.89][190.37.110.225][1151] SELECT c_asigna FROM dace004 WHERE exp_e='10-19302911' AND c_asigna='344742' AND status IN ('0','3','B','C') [1][0] OK
C:[01/08/2014 17:02:49.89][190.37.110.225][1138] SELECT pre_cod_asig1,pre_cod_asig2,pre_cod_asig3,pre_cod_asig4,pre_cod_asig5,pre_cod_asig6,pre_cod_asig7 FROM tblaca009 WHERE pensum='5' AND c_uni_ca='6' AND c_asigna='344834' [1][0] OK
C:[01/08/2014 17:02:49.89][190.37.110.225][1151] SELECT c_asigna FROM dace004 WHERE exp_e='10-19302911' AND c_asigna='344715' AND status IN ('0','3','B','C') [1][0] OK
C:[01/08/2014 17:02:49.89][190.37.110.225][1151] SELECT c_asigna FROM dace004 WHERE exp_e='10-19302911' AND c_asigna='344716' AND status IN ('0','3','B','C') [1][0] OK
C:[01/08/2014 17:02:49.89][190.37.110.225][1138] SELECT pre_cod_asig1,pre_cod_asig2,pre_cod_asig3,pre_cod_asig4,pre_cod_asig5,pre_cod_asig6,pre_cod_asig7 FROM tblaca009 WHERE pensum='5' AND c_uni_ca='6' AND c_asigna='344843' [1][0] OK
C:[01/08/2014 17:02:49.89][190.37.110.225][1151] SELECT c_asigna FROM dace004 WHERE exp_e='10-19302911' AND c_asigna='344714' AND status IN ('0','3','B','C') [1][0] OK
C:[01/08/2014 17:02:49.89][190.37.110.225][1151] SELECT c_asigna FROM dace004 WHERE exp_e='10-19302911' AND c_asigna='344715' AND status IN ('0','3','B','C') [1][0] OK
C:[01/08/2014 17:02:49.89][190.37.110.225][1151] SELECT c_asigna FROM dace004 WHERE exp_e='10-19302911' AND c_asigna='300313' AND status IN ('0','3','B','C') [1][0] OK
C:[01/08/2014 17:02:50.39][190.37.110.225][1182] SELECT par_cod_asig1,par_cod_asig2,par_cod_asig3 FROM tblaca009 WHERE pensum='5' AND c_uni_ca='6' AND c_asigna='344812' [1][0] OK
C:[01/08/2014 17:02:50.39][190.37.110.225][1182] SELECT par_cod_asig1,par_cod_asig2,par_cod_asig3 FROM tblaca009 WHERE pensum='5' AND c_uni_ca='6' AND c_asigna='344834' [1][0] OK
C:[01/08/2014 17:02:50.39][190.37.110.225][1182] SELECT par_cod_asig1,par_cod_asig2,par_cod_asig3 FROM tblaca009 WHERE pensum='5' AND c_uni_ca='6' AND c_asigna='344843' [1][0] OK
C:[01/08/2014 17:02:50.78][190.37.110.225][1312] SELECT horas_lab FROM tblaca008 WHERE c_asigna='344812' AND horas_teoricas > 0 [1][0] OK
C:[01/08/2014 17:02:50.78][190.37.110.225][1312] SELECT horas_lab FROM tblaca008 WHERE c_asigna='344834' AND horas_teoricas > 0 [1][0] OK
C:[01/08/2014 17:02:50.78][190.37.110.225][1312] SELECT horas_lab FROM tblaca008 WHERE c_asigna='344843' AND horas_teoricas > 0 [1][0] OK
C:[01/08/2014 17:02:55.30][186.167.242.183][1138] SELECT pre_cod_asig1,pre_cod_asig2,pre_cod_asig3,pre_cod_asig4,pre_cod_asig5,pre_cod_asig6,pre_cod_asig7 FROM tblaca009 WHERE pensum='5' AND c_uni_ca='5' AND c_asigna='351451' [1][0] OK
C:[01/08/2014 17:02:55.30][186.167.242.183][1151] SELECT c_asigna FROM dace004 WHERE exp_e='11-24847258' AND c_asigna='351330' AND status IN ('0','3','B','C') [1][0] OK
C:[01/08/2014 17:02:55.30][186.167.242.183][1151] SELECT c_asigna FROM dace004 WHERE exp_e='11-24847258' AND c_asigna='355350' AND status IN ('0','3','B','C') [1][0] OK
C:[01/08/2014 17:02:55.30][186.167.242.183][1151] SELECT c_asigna FROM dace004 WHERE exp_e='11-24847258' AND c_asigna='300318' AND status IN ('0','3','B','C') [1][0] OK
C:[01/08/2014 17:02:55.30][186.167.242.183][1151] SELECT c_asigna FROM dace004 WHERE exp_e='11-24847258' AND c_asigna='300209' AND status IN ('0','3','B','C') [1][0] OK
C:[01/08/2014 17:02:55.30][186.167.242.183][1151] SELECT c_asigna FROM dace004 WHERE exp_e='11-24847258' AND c_asigna='300222' AND status IN ('0','3','B','C') [1][0] OK
C:[01/08/2014 17:02:55.05][186.167.242.183][1182] SELECT par_cod_asig1,par_cod_asig2,par_cod_asig3 FROM tblaca009 WHERE pensum='5' AND c_uni_ca='5' AND c_asigna='351451' [1][0] OK
C:[01/08/2014 17:02:55.18][186.167.242.183][1312] SELECT horas_lab FROM tblaca008 WHERE c_asigna='351451' AND horas_teoricas > 0 [1][0] OK
C:[01/08/2014 17:04:08.89][190.198.167.113][1138] SELECT pre_cod_asig1,pre_cod_asig2,pre_cod_asig3,pre_cod_asig4,pre_cod_asig5,pre_cod_asig6,pre_cod_asig7 FROM tblaca009 WHERE pensum='5' AND c_uni_ca='6' AND c_asigna='300313' [1][0] OK
C:[01/08/2014 17:04:08.89][190.198.167.113][1151] SELECT c_asigna FROM dace004 WHERE exp_e='07-20036308' AND c_asigna='300213' AND status IN ('0','3','B','C') [1][0] OK
C:[01/08/2014 17:04:08.89][190.198.167.113][1151] SELECT c_asigna FROM dace004 WHERE exp_e='07-20036308' AND c_asigna='300226' AND status IN ('0','3','B','C') [1][0] OK
C:[01/08/2014 17:04:08.89][190.198.167.113][1151] SELECT c_asigna FROM dace004 WHERE exp_e='07-20036308' AND c_asigna='300222' AND status IN ('0','3','B','C') [1][0] OK
C:[01/08/2014 17:04:08.89][190.198.167.113][1151] SELECT c_asigna FROM dace004 WHERE exp_e='07-20036308' AND c_asigna='300209' AND status IN ('0','3','B','C') [1][0] OK
C:[01/08/2014 17:04:08.19][190.198.167.113][1182] SELECT par_cod_asig1,par_cod_asig2,par_cod_asig3 FROM tblaca009 WHERE pensum='5' AND c_uni_ca='6' AND c_asigna='300313' [1][0] OK
C:[01/08/2014 17:04:08.32][190.198.167.113][1312] SELECT horas_lab FROM tblaca008 WHERE c_asigna='300313' AND horas_teoricas > 0 [1][0] OK
C:[01/08/2014 17:05:29.41][190.37.39.5][1138] SELECT pre_cod_asig1,pre_cod_asig2,pre_cod_asig3,pre_cod_asig4,pre_cod_asig5,pre_cod_asig6,pre_cod_asig7 FROM tblaca009 WHERE pensum='5' AND c_uni_ca='3' AND c_asigna='300956' [1][0] OK
C:[01/08/2014 17:05:29.41][190.37.39.5][1151] SELECT c_asigna FROM dace004 WHERE exp_e='10-20223860' AND c_asigna='300422' AND status IN ('0','3','B','C') [1][0] OK
C:[01/08/2014 17:05:29.41][190.37.39.5][1151] SELECT c_asigna FROM dace004 WHERE exp_e='10-20223860' AND c_asigna='300105' AND status IN ('0','3','B','C') [1][0] OK
C:[01/08/2014 17:05:29.41][190.37.39.5][1151] SELECT c_asigna FROM dace004 WHERE exp_e='10-20223860' AND c_asigna='300314' AND status IN ('0','3','B','C') [1][0] OK
C:[01/08/2014 17:05:29.60][190.37.39.5][1182] SELECT par_cod_asig1,par_cod_asig2,par_cod_asig3 FROM tblaca009 WHERE pensum='5' AND c_uni_ca='3' AND c_asigna='300956' [1][0] OK
C:[01/08/2014 17:05:29.73][190.37.39.5][1312] SELECT horas_lab FROM tblaca008 WHERE c_asigna='300956' AND horas_teoricas > 0 [1][0] OK
C:[01/08/2014 17:06:23.44][190.37.124.196][1138] SELECT pre_cod_asig1,pre_cod_asig2,pre_cod_asig3,pre_cod_asig4,pre_cod_asig5,pre_cod_asig6,pre_cod_asig7 FROM tblaca009 WHERE pensum='5' AND c_uni_ca='3' AND c_asigna='311556' [1][0] OK
C:[01/08/2014 17:06:23.44][190.37.124.196][1151] SELECT c_asigna FROM dace004 WHERE exp_e='09-20137982' AND c_asigna='311434' AND status IN ('0','3','B','C') [1][0] OK
C:[01/08/2014 17:06:23.44][190.37.124.196][1151] SELECT c_asigna FROM dace004 WHERE exp_e='09-20137982' AND c_asigna='311430' AND status IN ('0','3','B','C') [1][0] OK
C:[01/08/2014 17:06:23.44][190.37.124.196][1151] SELECT c_asigna FROM dace004 WHERE exp_e='09-20137982' AND c_asigna='300222' AND status IN ('0','3','B','C') [1][0] OK
C:[01/08/2014 17:06:23.44][190.37.124.196][1151] SELECT c_asigna FROM dace004 WHERE exp_e='09-20137982' AND c_asigna='300226' AND status IN ('0','3','B','C') [1][0] OK
C:[01/08/2014 17:06:23.44][190.37.124.196][1151] SELECT c_asigna FROM dace004 WHERE exp_e='09-20137982' AND c_asigna='300209' AND status IN ('0','3','B','C') [1][0] OK
C:[01/08/2014 17:06:23.44][190.37.124.196][1138] SELECT pre_cod_asig1,pre_cod_asig2,pre_cod_asig3,pre_cod_asig4,pre_cod_asig5,pre_cod_asig6,pre_cod_asig7 FROM tblaca009 WHERE pensum='5' AND c_uni_ca='3' AND c_asigna='311551' [1][0] OK
C:[01/08/2014 17:06:23.44][190.37.124.196][1151] SELECT c_asigna FROM dace004 WHERE exp_e='09-20137982' AND c_asigna='311430' AND status IN ('0','3','B','C') [1][0] OK
C:[01/08/2014 17:06:23.44][190.37.124.196][1151] SELECT c_asigna FROM dace004 WHERE exp_e='09-20137982' AND c_asigna='311431' AND status IN ('0','3','B','C') [1][0] OK
C:[01/08/2014 17:06:23.44][190.37.124.196][1151] SELECT c_asigna FROM dace004 WHERE exp_e='09-20137982' AND c_asigna='300222' AND status IN ('0','3','B','C') [1][0] OK
C:[01/08/2014 17:06:23.44][190.37.124.196][1151] SELECT c_asigna FROM dace004 WHERE exp_e='09-20137982' AND c_asigna='300226' AND status IN ('0','3','B','C') [1][0] OK
C:[01/08/2014 17:06:23.44][190.37.124.196][1151] SELECT c_asigna FROM dace004 WHERE exp_e='09-20137982' AND c_asigna='300209' AND status IN ('0','3','B','C') [1][0] OK
C:[01/08/2014 17:06:23.44][190.37.124.196][1151] SELECT c_asigna FROM dace004 WHERE exp_e='09-20137982' AND c_asigna='311320' AND status IN ('0','3','B','C') [1][0] OK
C:[01/08/2014 17:06:23.76][190.37.124.196][1182] SELECT par_cod_asig1,par_cod_asig2,par_cod_asig3 FROM tblaca009 WHERE pensum='5' AND c_uni_ca='3' AND c_asigna='311556' [1][0] OK
C:[01/08/2014 17:06:23.76][190.37.124.196][1196] SELECT c_asigna FROM dace004 WHERE exp_e='09-20137982' AND c_asigna='311551' AND status IN ('0','3','B','C') [0][0] OK
C:[01/08/2014 17:06:23.76][190.37.124.196][1182] SELECT par_cod_asig1,par_cod_asig2,par_cod_asig3 FROM tblaca009 WHERE pensum='5' AND c_uni_ca='3' AND c_asigna='311551' [1][0] OK
C:[01/08/2014 17:06:23.14][190.37.124.196][1312] SELECT horas_lab FROM tblaca008 WHERE c_asigna='311556' AND horas_teoricas > 0 [0][0] OK
C:[01/08/2014 17:06:23.14][190.37.124.196][1312] SELECT horas_lab FROM tblaca008 WHERE c_asigna='311551' AND horas_teoricas > 0 [1][0] OK
C:[01/08/2014 17:06:51.35][190.37.41.44][1138] SELECT pre_cod_asig1,pre_cod_asig2,pre_cod_asig3,pre_cod_asig4,pre_cod_asig5,pre_cod_asig6,pre_cod_asig7 FROM tblaca009 WHERE pensum='5' AND c_uni_ca='4' AND c_asigna='333440' [1][0] OK
C:[01/08/2014 17:06:51.35][190.37.41.44][1151] SELECT c_asigna FROM dace004 WHERE exp_e='11-25393908' AND c_asigna='300317' AND status IN ('0','3','B','C') [1][0] OK
C:[01/08/2014 17:06:51.35][190.37.41.44][1151] SELECT c_asigna FROM dace004 WHERE exp_e='11-25393908' AND c_asigna='330310' AND status IN ('0','3','B','C') [1][0] OK
C:[01/08/2014 17:06:51.35][190.37.41.44][1151] SELECT c_asigna FROM dace004 WHERE exp_e='11-25393908' AND c_asigna='300209' AND status IN ('0','3','B','C') [1][0] OK
C:[01/08/2014 17:06:51.35][190.37.41.44][1138] SELECT pre_cod_asig1,pre_cod_asig2,pre_cod_asig3,pre_cod_asig4,pre_cod_asig5,pre_cod_asig6,pre_cod_asig7 FROM tblaca009 WHERE pensum='5' AND c_uni_ca='4' AND c_asigna='333564' [1][0] OK
C:[01/08/2014 17:06:51.35][190.37.41.44][1151] SELECT c_asigna FROM dace004 WHERE exp_e='11-25393908' AND c_asigna='333441' AND status IN ('0','3','B','C') [1][0] OK
C:[01/08/2014 17:06:51.78][190.37.41.44][1182] SELECT par_cod_asig1,par_cod_asig2,par_cod_asig3 FROM tblaca009 WHERE pensum='5' AND c_uni_ca='4' AND c_asigna='333440' [1][0] OK
C:[01/08/2014 17:06:51.78][190.37.41.44][1196] SELECT c_asigna FROM dace004 WHERE exp_e='11-25393908' AND c_asigna='333441' AND status IN ('0','3','B','C') [1][0] OK
C:[01/08/2014 17:06:51.78][190.37.41.44][1182] SELECT par_cod_asig1,par_cod_asig2,par_cod_asig3 FROM tblaca009 WHERE pensum='5' AND c_uni_ca='4' AND c_asigna='333564' [1][0] OK
C:[01/08/2014 17:06:51.74][190.37.41.44][1312] SELECT horas_lab FROM tblaca008 WHERE c_asigna='333440' AND horas_teoricas > 0 [1][0] OK
C:[01/08/2014 17:06:51.74][190.37.41.44][1312] SELECT horas_lab FROM tblaca008 WHERE c_asigna='333564' AND horas_teoricas > 0 [1][0] OK
C:[01/08/2014 17:07:11.05][190.75.147.8][1138] SELECT pre_cod_asig1,pre_cod_asig2,pre_cod_asig3,pre_cod_asig4,pre_cod_asig5,pre_cod_asig6,pre_cod_asig7 FROM tblaca009 WHERE pensum='5' AND c_uni_ca='3' AND c_asigna='300101' [1][0] OK
C:[01/08/2014 17:07:11.67][190.75.147.8][1182] SELECT par_cod_asig1,par_cod_asig2,par_cod_asig3 FROM tblaca009 WHERE pensum='5' AND c_uni_ca='3' AND c_asigna='300101' [1][0] OK
C:[01/08/2014 17:07:11.38][190.75.147.8][1312] SELECT horas_lab FROM tblaca008 WHERE c_asigna='300101' AND horas_teoricas > 0 [1][0] OK
C:[01/08/2014 17:07:26.17][186.90.207.4][1138] SELECT pre_cod_asig1,pre_cod_asig2,pre_cod_asig3,pre_cod_asig4,pre_cod_asig5,pre_cod_asig6,pre_cod_asig7 FROM tblaca009 WHERE pensum='5' AND c_uni_ca='4' AND c_asigna='333809' [1][0] OK
C:[01/08/2014 17:07:26.17][186.90.207.4][1151] SELECT c_asigna FROM dace004 WHERE exp_e='10-20804969' AND c_asigna='333683' AND status IN ('0','3','B','C') [1][0] OK
C:[01/08/2014 17:07:26.17][186.90.207.4][1151] SELECT c_asigna FROM dace004 WHERE exp_e='10-20804969' AND c_asigna='333710' AND status IN ('0','3','B','C') [1][0] OK
C:[01/08/2014 17:07:26.17][186.90.207.4][1138] SELECT pre_cod_asig1,pre_cod_asig2,pre_cod_asig3,pre_cod_asig4,pre_cod_asig5,pre_cod_asig6,pre_cod_asig7 FROM tblaca009 WHERE pensum='5' AND c_uni_ca='4' AND c_asigna='333830' [1][0] OK
C:[01/08/2014 17:07:26.17][186.90.207.4][1151] SELECT c_asigna FROM dace004 WHERE exp_e='10-20804969' AND c_asigna='333710' AND status IN ('0','3','B','C') [1][0] OK
C:[01/08/2014 17:07:26.17][186.90.207.4][1151] SELECT c_asigna FROM dace004 WHERE exp_e='10-20804969' AND c_asigna='333782' AND status IN ('0','3','B','C') [1][0] OK
C:[01/08/2014 17:07:26.92][186.90.207.4][1182] SELECT par_cod_asig1,par_cod_asig2,par_cod_asig3 FROM tblaca009 WHERE pensum='5' AND c_uni_ca='4' AND c_asigna='333809' [1][0] OK
C:[01/08/2014 17:07:26.92][186.90.207.4][1182] SELECT par_cod_asig1,par_cod_asig2,par_cod_asig3 FROM tblaca009 WHERE pensum='5' AND c_uni_ca='4' AND c_asigna='333830' [1][0] OK
C:[01/08/2014 17:07:26.18][186.90.207.4][1312] SELECT horas_lab FROM tblaca008 WHERE c_asigna='333809' AND horas_teoricas > 0 [1][0] OK
C:[01/08/2014 17:07:26.18][186.90.207.4][1312] SELECT horas_lab FROM tblaca008 WHERE c_asigna='333830' AND horas_teoricas > 0 [1][0] OK
C:[01/08/2014 17:09:04.06][186.89.145.6][1138] SELECT pre_cod_asig1,pre_cod_asig2,pre_cod_asig3,pre_cod_asig4,pre_cod_asig5,pre_cod_asig6,pre_cod_asig7 FROM tblaca009 WHERE pensum='5' AND c_uni_ca='4' AND c_asigna='333809' [1][0] OK
C:[01/08/2014 17:09:04.06][186.89.145.6][1151] SELECT c_asigna FROM dace004 WHERE exp_e='10-22818416' AND c_asigna='333683' AND status IN ('0','3','B','C') [1][0] OK
C:[01/08/2014 17:09:04.06][186.89.145.6][1151] SELECT c_asigna FROM dace004 WHERE exp_e='10-22818416' AND c_asigna='333710' AND status IN ('0','3','B','C') [1][0] OK
C:[01/08/2014 17:09:05.69][186.89.145.6][1182] SELECT par_cod_asig1,par_cod_asig2,par_cod_asig3 FROM tblaca009 WHERE pensum='5' AND c_uni_ca='4' AND c_asigna='333809' [1][0] OK
C:[01/08/2014 17:09:05.82][186.89.145.6][1312] SELECT horas_lab FROM tblaca008 WHERE c_asigna='333809' AND horas_teoricas > 0 [1][0] OK
C:[01/08/2014 17:09:56.12][190.37.41.44][1138] SELECT pre_cod_asig1,pre_cod_asig2,pre_cod_asig3,pre_cod_asig4,pre_cod_asig5,pre_cod_asig6,pre_cod_asig7 FROM tblaca009 WHERE pensum='5' AND c_uni_ca='4' AND c_asigna='333440' [1][0] OK
C:[01/08/2014 17:09:56.12][190.37.41.44][1151] SELECT c_asigna FROM dace004 WHERE exp_e='11-25393908' AND c_asigna='300317' AND status IN ('0','3','B','C') [1][0] OK
C:[01/08/2014 17:09:56.12][190.37.41.44][1151] SELECT c_asigna FROM dace004 WHERE exp_e='11-25393908' AND c_asigna='330310' AND status IN ('0','3','B','C') [1][0] OK
C:[01/08/2014 17:09:56.12][190.37.41.44][1151] SELECT c_asigna FROM dace004 WHERE exp_e='11-25393908' AND c_asigna='300209' AND status IN ('0','3','B','C') [1][0] OK
C:[01/08/2014 17:09:56.12][190.37.41.44][1138] SELECT pre_cod_asig1,pre_cod_asig2,pre_cod_asig3,pre_cod_asig4,pre_cod_asig5,pre_cod_asig6,pre_cod_asig7 FROM tblaca009 WHERE pensum='5' AND c_uni_ca='4' AND c_asigna='333564' [1][0] OK
C:[01/08/2014 17:09:56.12][190.37.41.44][1151] SELECT c_asigna FROM dace004 WHERE exp_e='11-25393908' AND c_asigna='333441' AND status IN ('0','3','B','C') [1][0] OK
C:[01/08/2014 17:09:56.56][190.37.41.44][1182] SELECT par_cod_asig1,par_cod_asig2,par_cod_asig3 FROM tblaca009 WHERE pensum='5' AND c_uni_ca='4' AND c_asigna='333440' [1][0] OK
C:[01/08/2014 17:09:56.56][190.37.41.44][1196] SELECT c_asigna FROM dace004 WHERE exp_e='11-25393908' AND c_asigna='333441' AND status IN ('0','3','B','C') [1][0] OK
C:[01/08/2014 17:09:56.56][190.37.41.44][1182] SELECT par_cod_asig1,par_cod_asig2,par_cod_asig3 FROM tblaca009 WHERE pensum='5' AND c_uni_ca='4' AND c_asigna='333564' [1][0] OK
C:[01/08/2014 17:09:56.94][190.37.41.44][1312] SELECT horas_lab FROM tblaca008 WHERE c_asigna='333440' AND horas_teoricas > 0 [1][0] OK
C:[01/08/2014 17:09:56.94][190.37.41.44][1312] SELECT horas_lab FROM tblaca008 WHERE c_asigna='333564' AND horas_teoricas > 0 [1][0] OK
C:[01/08/2014 17:11:12.26][186.90.207.4][1138] SELECT pre_cod_asig1,pre_cod_asig2,pre_cod_asig3,pre_cod_asig4,pre_cod_asig5,pre_cod_asig6,pre_cod_asig7 FROM tblaca009 WHERE pensum='5' AND c_uni_ca='4' AND c_asigna='333710' [1][0] OK
C:[01/08/2014 17:11:12.26][186.90.207.4][1151] SELECT c_asigna FROM dace004 WHERE exp_e='10-20841125' AND c_asigna='333683' AND status IN ('0','3','B','C') [1][0] OK
C:[01/08/2014 17:11:12.26][186.90.207.4][1151] SELECT c_asigna FROM dace004 WHERE exp_e='10-20841125' AND c_asigna='333606' AND status IN ('0','3','B','C') [1][0] OK
C:[01/08/2014 17:11:12.26][186.90.207.4][1138] SELECT pre_cod_asig1,pre_cod_asig2,pre_cod_asig3,pre_cod_asig4,pre_cod_asig5,pre_cod_asig6,pre_cod_asig7 FROM tblaca009 WHERE pensum='5' AND c_uni_ca='4' AND c_asigna='333782' [1][0] OK
C:[01/08/2014 17:11:12.26][186.90.207.4][1151] SELECT c_asigna FROM dace004 WHERE exp_e='10-20841125' AND c_asigna='333606' AND status IN ('0','3','B','C') [1][0] OK
C:[01/08/2014 17:11:12.57][186.90.207.4][1182] SELECT par_cod_asig1,par_cod_asig2,par_cod_asig3 FROM tblaca009 WHERE pensum='5' AND c_uni_ca='4' AND c_asigna='333710' [1][0] OK
C:[01/08/2014 17:11:12.57][186.90.207.4][1196] SELECT c_asigna FROM dace004 WHERE exp_e='10-20841125' AND c_asigna='333782' AND status IN ('0','3','B','C') [0][0] OK
C:[01/08/2014 17:11:12.57][186.90.207.4][1182] SELECT par_cod_asig1,par_cod_asig2,par_cod_asig3 FROM tblaca009 WHERE pensum='5' AND c_uni_ca='4' AND c_asigna='333782' [1][0] OK
C:[01/08/2014 17:11:12.97][186.90.207.4][1312] SELECT horas_lab FROM tblaca008 WHERE c_asigna='333710' AND horas_teoricas > 0 [1][0] OK
C:[01/08/2014 17:11:12.97][186.90.207.4][1312] SELECT horas_lab FROM tblaca008 WHERE c_asigna='333782' AND horas_teoricas > 0 [1][0] OK
C:[01/08/2014 17:11:48.29][190.37.41.44][1138] SELECT pre_cod_asig1,pre_cod_asig2,pre_cod_asig3,pre_cod_asig4,pre_cod_asig5,pre_cod_asig6,pre_cod_asig7 FROM tblaca009 WHERE pensum='5' AND c_uni_ca='4' AND c_asigna='333440' [1][0] OK
C:[01/08/2014 17:11:48.29][190.37.41.44][1151] SELECT c_asigna FROM dace004 WHERE exp_e='11-25393908' AND c_asigna='300317' AND status IN ('0','3','B','C') [1][0] OK
C:[01/08/2014 17:11:48.29][190.37.41.44][1151] SELECT c_asigna FROM dace004 WHERE exp_e='11-25393908' AND c_asigna='330310' AND status IN ('0','3','B','C') [1][0] OK
C:[01/08/2014 17:11:48.29][190.37.41.44][1151] SELECT c_asigna FROM dace004 WHERE exp_e='11-25393908' AND c_asigna='300209' AND status IN ('0','3','B','C') [1][0] OK
C:[01/08/2014 17:11:48.29][190.37.41.44][1138] SELECT pre_cod_asig1,pre_cod_asig2,pre_cod_asig3,pre_cod_asig4,pre_cod_asig5,pre_cod_asig6,pre_cod_asig7 FROM tblaca009 WHERE pensum='5' AND c_uni_ca='4' AND c_asigna='333564' [1][0] OK
C:[01/08/2014 17:11:48.29][190.37.41.44][1151] SELECT c_asigna FROM dace004 WHERE exp_e='11-25393908' AND c_asigna='333441' AND status IN ('0','3','B','C') [1][0] OK
C:[01/08/2014 17:11:49.47][190.37.41.44][1182] SELECT par_cod_asig1,par_cod_asig2,par_cod_asig3 FROM tblaca009 WHERE pensum='5' AND c_uni_ca='4' AND c_asigna='333440' [1][0] OK
C:[01/08/2014 17:11:49.47][190.37.41.44][1196] SELECT c_asigna FROM dace004 WHERE exp_e='11-25393908' AND c_asigna='333441' AND status IN ('0','3','B','C') [1][0] OK
C:[01/08/2014 17:11:49.47][190.37.41.44][1182] SELECT par_cod_asig1,par_cod_asig2,par_cod_asig3 FROM tblaca009 WHERE pensum='5' AND c_uni_ca='4' AND c_asigna='333564' [1][0] OK
C:[01/08/2014 17:11:49.86][190.37.41.44][1312] SELECT horas_lab FROM tblaca008 WHERE c_asigna='333440' AND horas_teoricas > 0 [1][0] OK
C:[01/08/2014 17:11:49.86][190.37.41.44][1312] SELECT horas_lab FROM tblaca008 WHERE c_asigna='333564' AND horas_teoricas > 0 [1][0] OK
C:[01/08/2014 17:11:53.80][190.37.113.229][1138] SELECT pre_cod_asig1,pre_cod_asig2,pre_cod_asig3,pre_cod_asig4,pre_cod_asig5,pre_cod_asig6,pre_cod_asig7 FROM tblaca009 WHERE pensum='5' AND c_uni_ca='3' AND c_asigna='300207' [1][0] OK
C:[01/08/2014 17:11:53.80][190.37.113.229][1151] SELECT c_asigna FROM dace004 WHERE exp_e='13-24964411' AND c_asigna='300101' AND status IN ('0','3','B','C') [1][0] OK
C:[01/08/2014 17:11:53.80][190.37.113.229][1138] SELECT pre_cod_asig1,pre_cod_asig2,pre_cod_asig3,pre_cod_asig4,pre_cod_asig5,pre_cod_asig6,pre_cod_asig7 FROM tblaca009 WHERE pensum='5' AND c_uni_ca='3' AND c_asigna='300209' [1][0] OK
C:[01/08/2014 17:11:53.80][190.37.113.229][1151] SELECT c_asigna FROM dace004 WHERE exp_e='13-24964411' AND c_asigna='300101' AND status IN ('0','3','B','C') [1][0] OK
C:[01/08/2014 17:11:53.30][190.37.113.229][1182] SELECT par_cod_asig1,par_cod_asig2,par_cod_asig3 FROM tblaca009 WHERE pensum='5' AND c_uni_ca='3' AND c_asigna='300207' [1][0] OK
C:[01/08/2014 17:11:53.30][190.37.113.229][1182] SELECT par_cod_asig1,par_cod_asig2,par_cod_asig3 FROM tblaca009 WHERE pensum='5' AND c_uni_ca='3' AND c_asigna='300209' [1][0] OK
C:[01/08/2014 17:11:53.56][190.37.113.229][1312] SELECT horas_lab FROM tblaca008 WHERE c_asigna='300207' AND horas_teoricas > 0 [1][0] OK
C:[01/08/2014 17:11:53.56][190.37.113.229][1312] SELECT horas_lab FROM tblaca008 WHERE c_asigna='300209' AND horas_teoricas > 0 [1][0] OK
C:[01/08/2014 17:13:12.28][201.242.167.181][1138] SELECT pre_cod_asig1,pre_cod_asig2,pre_cod_asig3,pre_cod_asig4,pre_cod_asig5,pre_cod_asig6,pre_cod_asig7 FROM tblaca009 WHERE pensum='5' AND c_uni_ca='6' AND c_asigna='344715' [1][0] OK
C:[01/08/2014 17:13:12.28][201.242.167.181][1151] SELECT c_asigna FROM dace004 WHERE exp_e='09-19911518' AND c_asigna='344688' AND status IN ('0','3','B','C') [1][0] OK
C:[01/08/2014 17:13:12.28][201.242.167.181][1151] SELECT c_asigna FROM dace004 WHERE exp_e='09-19911518' AND c_asigna='344613' AND status IN ('0','3','B','C') [1][0] OK
C:[01/08/2014 17:13:12.28][201.242.167.181][1138] SELECT pre_cod_asig1,pre_cod_asig2,pre_cod_asig3,pre_cod_asig4,pre_cod_asig5,pre_cod_asig6,pre_cod_asig7 FROM tblaca009 WHERE pensum='5' AND c_uni_ca='6' AND c_asigna='344742' [1][0] OK
C:[01/08/2014 17:13:12.28][201.242.167.181][1151] SELECT c_asigna FROM dace004 WHERE exp_e='09-19911518' AND c_asigna='344688' AND status IN ('0','3','B','C') [1][0] OK
C:[01/08/2014 17:13:12.28][201.242.167.181][1151] SELECT c_asigna FROM dace004 WHERE exp_e='09-19911518' AND c_asigna='342679' AND status IN ('0','3','B','C') [1][0] OK
C:[01/08/2014 17:13:12.71][201.242.167.181][1182] SELECT par_cod_asig1,par_cod_asig2,par_cod_asig3 FROM tblaca009 WHERE pensum='5' AND c_uni_ca='6' AND c_asigna='344715' [1][0] OK
C:[01/08/2014 17:13:12.71][201.242.167.181][1182] SELECT par_cod_asig1,par_cod_asig2,par_cod_asig3 FROM tblaca009 WHERE pensum='5' AND c_uni_ca='6' AND c_asigna='344742' [1][0] OK
C:[01/08/2014 17:13:12.97][201.242.167.181][1312] SELECT horas_lab FROM tblaca008 WHERE c_asigna='344715' AND horas_teoricas > 0 [1][0] OK
C:[01/08/2014 17:13:12.97][201.242.167.181][1312] SELECT horas_lab FROM tblaca008 WHERE c_asigna='344742' AND horas_teoricas > 0 [1][0] OK
C:[01/08/2014 17:13:57.02][190.37.41.44][1138] SELECT pre_cod_asig1,pre_cod_asig2,pre_cod_asig3,pre_cod_asig4,pre_cod_asig5,pre_cod_asig6,pre_cod_asig7 FROM tblaca009 WHERE pensum='5' AND c_uni_ca='4' AND c_asigna='333440' [1][0] OK
C:[01/08/2014 17:13:57.02][190.37.41.44][1151] SELECT c_asigna FROM dace004 WHERE exp_e='11-25393908' AND c_asigna='300317' AND status IN ('0','3','B','C') [1][0] OK
C:[01/08/2014 17:13:57.02][190.37.41.44][1151] SELECT c_asigna FROM dace004 WHERE exp_e='11-25393908' AND c_asigna='330310' AND status IN ('0','3','B','C') [1][0] OK
C:[01/08/2014 17:13:57.02][190.37.41.44][1151] SELECT c_asigna FROM dace004 WHERE exp_e='11-25393908' AND c_asigna='300209' AND status IN ('0','3','B','C') [1][0] OK
C:[01/08/2014 17:13:57.02][190.37.41.44][1138] SELECT pre_cod_asig1,pre_cod_asig2,pre_cod_asig3,pre_cod_asig4,pre_cod_asig5,pre_cod_asig6,pre_cod_asig7 FROM tblaca009 WHERE pensum='5' AND c_uni_ca='4' AND c_asigna='333564' [1][0] OK
C:[01/08/2014 17:13:57.02][190.37.41.44][1151] SELECT c_asigna FROM dace004 WHERE exp_e='11-25393908' AND c_asigna='333441' AND status IN ('0','3','B','C') [1][0] OK
C:[01/08/2014 17:13:57.14][190.37.41.44][1182] SELECT par_cod_asig1,par_cod_asig2,par_cod_asig3 FROM tblaca009 WHERE pensum='5' AND c_uni_ca='4' AND c_asigna='333440' [1][0] OK
C:[01/08/2014 17:13:57.14][190.37.41.44][1196] SELECT c_asigna FROM dace004 WHERE exp_e='11-25393908' AND c_asigna='333441' AND status IN ('0','3','B','C') [1][0] OK
C:[01/08/2014 17:13:57.14][190.37.41.44][1182] SELECT par_cod_asig1,par_cod_asig2,par_cod_asig3 FROM tblaca009 WHERE pensum='5' AND c_uni_ca='4' AND c_asigna='333564' [1][0] OK
C:[01/08/2014 17:13:57.53][190.37.41.44][1312] SELECT horas_lab FROM tblaca008 WHERE c_asigna='333440' AND horas_teoricas > 0 [1][0] OK
C:[01/08/2014 17:13:57.53][190.37.41.44][1312] SELECT horas_lab FROM tblaca008 WHERE c_asigna='333564' AND horas_teoricas > 0 [1][0] OK
C:[01/08/2014 17:14:29.84][201.242.167.181][1138] SELECT pre_cod_asig1,pre_cod_asig2,pre_cod_asig3,pre_cod_asig4,pre_cod_asig5,pre_cod_asig6,pre_cod_asig7 FROM tblaca009 WHERE pensum='5' AND c_uni_ca='3' AND c_asigna='300313' [1][0] OK
C:[01/08/2014 17:14:29.84][201.242.167.181][1151] SELECT c_asigna FROM dace004 WHERE exp_e='08-19303060' AND c_asigna='300213' AND status IN ('0','3','B','C') [1][0] OK
C:[01/08/2014 17:14:29.84][201.242.167.181][1151] SELECT c_asigna FROM dace004 WHERE exp_e='08-19303060' AND c_asigna='300226' AND status IN ('0','3','B','C') [1][0] OK
C:[01/08/2014 17:14:29.84][201.242.167.181][1151] SELECT c_asigna FROM dace004 WHERE exp_e='08-19303060' AND c_asigna='300222' AND status IN ('0','3','B','C') [1][0] OK
C:[01/08/2014 17:14:29.84][201.242.167.181][1151] SELECT c_asigna FROM dace004 WHERE exp_e='08-19303060' AND c_asigna='300209' AND status IN ('0','3','B','C') [1][0] OK
C:[01/08/2014 17:14:29.84][201.242.167.181][1138] SELECT pre_cod_asig1,pre_cod_asig2,pre_cod_asig3,pre_cod_asig4,pre_cod_asig5,pre_cod_asig6,pre_cod_asig7 FROM tblaca009 WHERE pensum='5' AND c_uni_ca='3' AND c_asigna='300317' [1][0] OK
C:[01/08/2014 17:14:29.84][201.242.167.181][1151] SELECT c_asigna FROM dace004 WHERE exp_e='08-19303060' AND c_asigna='300207' AND status IN ('0','3','B','C') [1][0] OK
C:[01/08/2014 17:14:29.84][201.242.167.181][1151] SELECT c_asigna FROM dace004 WHERE exp_e='08-19303060' AND c_asigna='300209' AND status IN ('0','3','B','C') [1][0] OK
C:[01/08/2014 17:14:29.23][201.242.167.181][1182] SELECT par_cod_asig1,par_cod_asig2,par_cod_asig3 FROM tblaca009 WHERE pensum='5' AND c_uni_ca='3' AND c_asigna='300313' [1][0] OK
C:[01/08/2014 17:14:29.23][201.242.167.181][1182] SELECT par_cod_asig1,par_cod_asig2,par_cod_asig3 FROM tblaca009 WHERE pensum='5' AND c_uni_ca='3' AND c_asigna='300317' [1][0] OK
C:[01/08/2014 17:14:30.48][201.242.167.181][1312] SELECT horas_lab FROM tblaca008 WHERE c_asigna='300313' AND horas_teoricas > 0 [1][0] OK
C:[01/08/2014 17:14:30.48][201.242.167.181][1312] SELECT horas_lab FROM tblaca008 WHERE c_asigna='300317' AND horas_teoricas > 0 [1][0] OK
C:[01/08/2014 17:16:19.34][186.89.140.96][1138] SELECT pre_cod_asig1,pre_cod_asig2,pre_cod_asig3,pre_cod_asig4,pre_cod_asig5,pre_cod_asig6,pre_cod_asig7 FROM tblaca009 WHERE pensum='5' AND c_uni_ca='3' AND c_asigna='311775' [1][0] OK
C:[01/08/2014 17:16:19.34][186.89.140.96][1151] SELECT c_asigna FROM dace004 WHERE exp_e='10-22818668' AND c_asigna='311655' AND status IN ('0','3','B','C') [1][0] OK
C:[01/08/2014 17:16:19.34][186.89.140.96][1138] SELECT pre_cod_asig1,pre_cod_asig2,pre_cod_asig3,pre_cod_asig4,pre_cod_asig5,pre_cod_asig6,pre_cod_asig7 FROM tblaca009 WHERE pensum='5' AND c_uni_ca='3' AND c_asigna='311822' [1][0] OK
C:[01/08/2014 17:16:19.34][186.89.140.96][1151] SELECT c_asigna FROM dace004 WHERE exp_e='10-22818668' AND c_asigna='311795' AND status IN ('0','3','B','C') [1][0] OK
C:[01/08/2014 17:16:19.54][186.89.140.96][1182] SELECT par_cod_asig1,par_cod_asig2,par_cod_asig3 FROM tblaca009 WHERE pensum='5' AND c_uni_ca='3' AND c_asigna='311775' [1][0] OK
C:[01/08/2014 17:16:19.54][186.89.140.96][1182] SELECT par_cod_asig1,par_cod_asig2,par_cod_asig3 FROM tblaca009 WHERE pensum='5' AND c_uni_ca='3' AND c_asigna='311822' [1][0] OK
C:[01/08/2014 17:16:19.79][186.89.140.96][1312] SELECT horas_lab FROM tblaca008 WHERE c_asigna='311775' AND horas_teoricas > 0 [1][0] OK
C:[01/08/2014 17:16:19.79][186.89.140.96][1312] SELECT horas_lab FROM tblaca008 WHERE c_asigna='311822' AND horas_teoricas > 0 [1][0] OK
C:[01/08/2014 17:18:02.19][186.167.242.129][1138] SELECT pre_cod_asig1,pre_cod_asig2,pre_cod_asig3,pre_cod_asig4,pre_cod_asig5,pre_cod_asig6,pre_cod_asig7 FROM tblaca009 WHERE pensum='5' AND c_uni_ca='4' AND c_asigna='300313' [1][0] OK
C:[01/08/2014 17:18:02.19][186.167.242.129][1151] SELECT c_asigna FROM dace004 WHERE exp_e='12-25017650' AND c_asigna='300213' AND status IN ('0','3','B','C') [1][0] OK
C:[01/08/2014 17:18:02.19][186.167.242.129][1151] SELECT c_asigna FROM dace004 WHERE exp_e='12-25017650' AND c_asigna='300226' AND status IN ('0','3','B','C') [1][0] OK
C:[01/08/2014 17:18:02.19][186.167.242.129][1151] SELECT c_asigna FROM dace004 WHERE exp_e='12-25017650' AND c_asigna='300222' AND status IN ('0','3','B','C') [1][0] OK
C:[01/08/2014 17:18:02.19][186.167.242.129][1151] SELECT c_asigna FROM dace004 WHERE exp_e='12-25017650' AND c_asigna='300209' AND status IN ('0','3','B','C') [1][0] OK
C:[01/08/2014 17:18:02.19][186.167.242.129][1138] SELECT pre_cod_asig1,pre_cod_asig2,pre_cod_asig3,pre_cod_asig4,pre_cod_asig5,pre_cod_asig6,pre_cod_asig7 FROM tblaca009 WHERE pensum='5' AND c_uni_ca='4' AND c_asigna='300317' [1][0] OK
C:[01/08/2014 17:18:02.19][186.167.242.129][1151] SELECT c_asigna FROM dace004 WHERE exp_e='12-25017650' AND c_asigna='300207' AND status IN ('0','3','B','C') [1][0] OK
C:[01/08/2014 17:18:02.19][186.167.242.129][1151] SELECT c_asigna FROM dace004 WHERE exp_e='12-25017650' AND c_asigna='300209' AND status IN ('0','3','B','C') [1][0] OK
C:[01/08/2014 17:18:02.87][186.167.242.129][1182] SELECT par_cod_asig1,par_cod_asig2,par_cod_asig3 FROM tblaca009 WHERE pensum='5' AND c_uni_ca='4' AND c_asigna='300313' [1][0] OK
C:[01/08/2014 17:18:02.87][186.167.242.129][1182] SELECT par_cod_asig1,par_cod_asig2,par_cod_asig3 FROM tblaca009 WHERE pensum='5' AND c_uni_ca='4' AND c_asigna='300317' [1][0] OK
C:[01/08/2014 17:18:02.13][186.167.242.129][1312] SELECT horas_lab FROM tblaca008 WHERE c_asigna='300313' AND horas_teoricas > 0 [1][0] OK
C:[01/08/2014 17:18:02.13][186.167.242.129][1312] SELECT horas_lab FROM tblaca008 WHERE c_asigna='300317' AND horas_teoricas > 0 [1][0] OK
C:[01/08/2014 17:22:15.65][190.94.241.165][1138] SELECT pre_cod_asig1,pre_cod_asig2,pre_cod_asig3,pre_cod_asig4,pre_cod_asig5,pre_cod_asig6,pre_cod_asig7 FROM tblaca009 WHERE pensum='5' AND c_uni_ca='2' AND c_asigna='300222' [1][0] OK
C:[01/08/2014 17:22:15.65][190.94.241.165][1151] SELECT c_asigna FROM dace004 WHERE exp_e='13-24701799' AND c_asigna='300112' AND status IN ('0','3','B','C') [1][0] OK
C:[01/08/2014 17:22:15.59][190.94.241.165][1182] SELECT par_cod_asig1,par_cod_asig2,par_cod_asig3 FROM tblaca009 WHERE pensum='5' AND c_uni_ca='2' AND c_asigna='300222' [1][0] OK
C:[01/08/2014 17:22:15.73][190.94.241.165][1312] SELECT horas_lab FROM tblaca008 WHERE c_asigna='300222' AND horas_teoricas > 0 [1][0] OK
C:[01/08/2014 17:23:37.59][201.243.107.107][1138] SELECT pre_cod_asig1,pre_cod_asig2,pre_cod_asig3,pre_cod_asig4,pre_cod_asig5,pre_cod_asig6,pre_cod_asig7 FROM tblaca009 WHERE pensum='5' AND c_uni_ca='3' AND c_asigna='311655' [1][0] OK
C:[01/08/2014 17:23:37.59][201.243.107.107][1151] SELECT c_asigna FROM dace004 WHERE exp_e='11-24890927' AND c_asigna='311556' AND status IN ('0','3','B','C') [1][0] OK
C:[01/08/2014 17:23:37.59][201.243.107.107][1138] SELECT pre_cod_asig1,pre_cod_asig2,pre_cod_asig3,pre_cod_asig4,pre_cod_asig5,pre_cod_asig6,pre_cod_asig7 FROM tblaca009 WHERE pensum='5' AND c_uni_ca='3' AND c_asigna='315671' [1][0] OK
C:[01/08/2014 17:23:37.59][201.243.107.107][1151] SELECT c_asigna FROM dace004 WHERE exp_e='11-24890927' AND c_asigna='315552' AND status IN ('0','3','B','C') [1][0] OK
C:[01/08/2014 17:23:37.80][201.243.107.107][1182] SELECT par_cod_asig1,par_cod_asig2,par_cod_asig3 FROM tblaca009 WHERE pensum='5' AND c_uni_ca='3' AND c_asigna='311655' [1][0] OK
C:[01/08/2014 17:23:37.80][201.243.107.107][1182] SELECT par_cod_asig1,par_cod_asig2,par_cod_asig3 FROM tblaca009 WHERE pensum='5' AND c_uni_ca='3' AND c_asigna='315671' [1][0] OK
C:[01/08/2014 17:23:37.03][201.243.107.107][1312] SELECT horas_lab FROM tblaca008 WHERE c_asigna='311655' AND horas_teoricas > 0 [1][0] OK
C:[01/08/2014 17:23:37.03][201.243.107.107][1312] SELECT horas_lab FROM tblaca008 WHERE c_asigna='315671' AND horas_teoricas > 0 [1][0] OK
C:[01/08/2014 17:26:03.37][186.90.216.166][1138] SELECT pre_cod_asig1,pre_cod_asig2,pre_cod_asig3,pre_cod_asig4,pre_cod_asig5,pre_cod_asig6,pre_cod_asig7 FROM tblaca009 WHERE pensum='5' AND c_uni_ca='5' AND c_asigna='300207' [1][0] OK
C:[01/08/2014 17:26:03.37][186.90.216.166][1151] SELECT c_asigna FROM dace004 WHERE exp_e='13-25963728' AND c_asigna='300101' AND status IN ('0','3','B','C') [1][0] OK
C:[01/08/2014 17:26:03.37][186.90.216.166][1138] SELECT pre_cod_asig1,pre_cod_asig2,pre_cod_asig3,pre_cod_asig4,pre_cod_asig5,pre_cod_asig6,pre_cod_asig7 FROM tblaca009 WHERE pensum='5' AND c_uni_ca='5' AND c_asigna='300209' [1][0] OK
C:[01/08/2014 17:26:03.37][186.90.216.166][1151] SELECT c_asigna FROM dace004 WHERE exp_e='13-25963728' AND c_asigna='300101' AND status IN ('0','3','B','C') [1][0] OK
C:[01/08/2014 17:26:03.13][186.90.216.166][1182] SELECT par_cod_asig1,par_cod_asig2,par_cod_asig3 FROM tblaca009 WHERE pensum='5' AND c_uni_ca='5' AND c_asigna='300207' [1][0] OK
C:[01/08/2014 17:26:03.13][186.90.216.166][1182] SELECT par_cod_asig1,par_cod_asig2,par_cod_asig3 FROM tblaca009 WHERE pensum='5' AND c_uni_ca='5' AND c_asigna='300209' [1][0] OK
C:[01/08/2014 17:26:03.39][186.90.216.166][1312] SELECT horas_lab FROM tblaca008 WHERE c_asigna='300207' AND horas_teoricas > 0 [1][0] OK
C:[01/08/2014 17:26:03.39][186.90.216.166][1312] SELECT horas_lab FROM tblaca008 WHERE c_asigna='300209' AND horas_teoricas > 0 [1][0] OK
C:[01/08/2014 17:27:12.70][190.75.146.64][1138] SELECT pre_cod_asig1,pre_cod_asig2,pre_cod_asig3,pre_cod_asig4,pre_cod_asig5,pre_cod_asig6,pre_cod_asig7 FROM tblaca009 WHERE pensum='5' AND c_uni_ca='5' AND c_asigna='300228' [1][0] OK
C:[01/08/2014 17:27:12.70][190.75.146.64][1151] SELECT c_asigna FROM dace004 WHERE exp_e='11-25002350' AND c_asigna='300101' AND status IN ('0','3','B','C') [1][0] OK
C:[01/08/2014 17:27:12.70][190.75.146.64][1138] SELECT pre_cod_asig1,pre_cod_asig2,pre_cod_asig3,pre_cod_asig4,pre_cod_asig5,pre_cod_asig6,pre_cod_asig7 FROM tblaca009 WHERE pensum='5' AND c_uni_ca='5' AND c_asigna='300207' [1][0] OK
C:[01/08/2014 17:27:12.70][190.75.146.64][1151] SELECT c_asigna FROM dace004 WHERE exp_e='11-25002350' AND c_asigna='300101' AND status IN ('0','3','B','C') [1][0] OK
C:[01/08/2014 17:27:12.88][190.75.146.64][1182] SELECT par_cod_asig1,par_cod_asig2,par_cod_asig3 FROM tblaca009 WHERE pensum='5' AND c_uni_ca='5' AND c_asigna='300228' [1][0] OK
C:[01/08/2014 17:27:12.88][190.75.146.64][1182] SELECT par_cod_asig1,par_cod_asig2,par_cod_asig3 FROM tblaca009 WHERE pensum='5' AND c_uni_ca='5' AND c_asigna='300207' [1][0] OK
C:[01/08/2014 17:27:12.15][190.75.146.64][1312] SELECT horas_lab FROM tblaca008 WHERE c_asigna='300228' AND horas_teoricas > 0 [1][0] OK
C:[01/08/2014 17:27:12.15][190.75.146.64][1312] SELECT horas_lab FROM tblaca008 WHERE c_asigna='300207' AND horas_teoricas > 0 [1][0] OK
C:[01/08/2014 17:27:46.48][190.201.171.167][1138] SELECT pre_cod_asig1,pre_cod_asig2,pre_cod_asig3,pre_cod_asig4,pre_cod_asig5,pre_cod_asig6,pre_cod_asig7 FROM tblaca009 WHERE pensum='5' AND c_uni_ca='6' AND c_asigna='300317' [1][0] OK
C:[01/08/2014 17:27:46.48][190.201.171.167][1151] SELECT c_asigna FROM dace004 WHERE exp_e='11-24559487' AND c_asigna='300207' AND status IN ('0','3','B','C') [1][0] OK
C:[01/08/2014 17:27:46.48][190.201.171.167][1151] SELECT c_asigna FROM dace004 WHERE exp_e='11-24559487' AND c_asigna='300209' AND status IN ('0','3','B','C') [1][0] OK
C:[01/08/2014 17:27:46.48][190.201.171.167][1138] SELECT pre_cod_asig1,pre_cod_asig2,pre_cod_asig3,pre_cod_asig4,pre_cod_asig5,pre_cod_asig6,pre_cod_asig7 FROM tblaca009 WHERE pensum='5' AND c_uni_ca='6' AND c_asigna='343568' [1][0] OK
C:[01/08/2014 17:27:46.48][190.201.171.167][1151] SELECT c_asigna FROM dace004 WHERE exp_e='11-24559487' AND c_asigna='340327' AND status IN ('0','3','B','C') [1][0] OK
C:[01/08/2014 17:27:46.36][190.201.171.167][1182] SELECT par_cod_asig1,par_cod_asig2,par_cod_asig3 FROM tblaca009 WHERE pensum='5' AND c_uni_ca='6' AND c_asigna='300317' [1][0] OK
C:[01/08/2014 17:27:46.36][190.201.171.167][1182] SELECT par_cod_asig1,par_cod_asig2,par_cod_asig3 FROM tblaca009 WHERE pensum='5' AND c_uni_ca='6' AND c_asigna='343568' [1][0] OK
C:[01/08/2014 17:27:46.62][190.201.171.167][1312] SELECT horas_lab FROM tblaca008 WHERE c_asigna='300317' AND horas_teoricas > 0 [1][0] OK
C:[01/08/2014 17:27:46.62][190.201.171.167][1312] SELECT horas_lab FROM tblaca008 WHERE c_asigna='343568' AND horas_teoricas > 0 [1][0] OK
C:[01/08/2014 17:28:29.96][190.37.32.188][1138] SELECT pre_cod_asig1,pre_cod_asig2,pre_cod_asig3,pre_cod_asig4,pre_cod_asig5,pre_cod_asig6,pre_cod_asig7 FROM tblaca009 WHERE pensum='5' AND c_uni_ca='2' AND c_asigna='300222' [1][0] OK
C:[01/08/2014 17:28:29.96][190.37.32.188][1151] SELECT c_asigna FROM dace004 WHERE exp_e='13-23503683' AND c_asigna='300112' AND status IN ('0','3','B','C') [1][0] OK
C:[01/08/2014 17:28:29.91][190.37.32.188][1182] SELECT par_cod_asig1,par_cod_asig2,par_cod_asig3 FROM tblaca009 WHERE pensum='5' AND c_uni_ca='2' AND c_asigna='300222' [1][0] OK
C:[01/08/2014 17:28:29.05][190.37.32.188][1312] SELECT horas_lab FROM tblaca008 WHERE c_asigna='300222' AND horas_teoricas > 0 [1][0] OK
C:[01/08/2014 17:28:59.29][186.88.167.121][1138] SELECT pre_cod_asig1,pre_cod_asig2,pre_cod_asig3,pre_cod_asig4,pre_cod_asig5,pre_cod_asig6,pre_cod_asig7 FROM tblaca009 WHERE pensum='5' AND c_uni_ca='6' AND c_asigna='344812' [1][0] OK
C:[01/08/2014 17:28:59.29][186.88.167.121][1151] SELECT c_asigna FROM dace004 WHERE exp_e='95-13807381' AND c_asigna='344715' AND status IN ('0','3','B','C') [1][0] OK
C:[01/08/2014 17:28:59.29][186.88.167.121][1151] SELECT c_asigna FROM dace004 WHERE exp_e='95-13807381' AND c_asigna='344742' AND status IN ('0','3','B','C') [1][0] OK
C:[01/08/2014 17:28:59.29][186.88.167.121][1138] SELECT pre_cod_asig1,pre_cod_asig2,pre_cod_asig3,pre_cod_asig4,pre_cod_asig5,pre_cod_asig6,pre_cod_asig7 FROM tblaca009 WHERE pensum='5' AND c_uni_ca='6' AND c_asigna='344834' [1][0] OK
C:[01/08/2014 17:28:59.29][186.88.167.121][1151] SELECT c_asigna FROM dace004 WHERE exp_e='95-13807381' AND c_asigna='344715' AND status IN ('0','3','B','C') [1][0] OK
C:[01/08/2014 17:28:59.29][186.88.167.121][1151] SELECT c_asigna FROM dace004 WHERE exp_e='95-13807381' AND c_asigna='344716' AND status IN ('0','3','B','C') [1][0] OK
C:[01/08/2014 17:28:59.29][186.88.167.121][1138] SELECT pre_cod_asig1,pre_cod_asig2,pre_cod_asig3,pre_cod_asig4,pre_cod_asig5,pre_cod_asig6,pre_cod_asig7 FROM tblaca009 WHERE pensum='5' AND c_uni_ca='6' AND c_asigna='344843' [1][0] OK
C:[01/08/2014 17:28:59.29][186.88.167.121][1151] SELECT c_asigna FROM dace004 WHERE exp_e='95-13807381' AND c_asigna='344714' AND status IN ('0','3','B','C') [1][0] OK
C:[01/08/2014 17:28:59.29][186.88.167.121][1151] SELECT c_asigna FROM dace004 WHERE exp_e='95-13807381' AND c_asigna='344715' AND status IN ('0','3','B','C') [1][0] OK
C:[01/08/2014 17:28:59.29][186.88.167.121][1151] SELECT c_asigna FROM dace004 WHERE exp_e='95-13807381' AND c_asigna='300313' AND status IN ('0','3','B','C') [1][0] OK
C:[01/08/2014 17:29:00.80][186.88.167.121][1182] SELECT par_cod_asig1,par_cod_asig2,par_cod_asig3 FROM tblaca009 WHERE pensum='5' AND c_uni_ca='6' AND c_asigna='344812' [1][0] OK
C:[01/08/2014 17:29:00.80][186.88.167.121][1182] SELECT par_cod_asig1,par_cod_asig2,par_cod_asig3 FROM tblaca009 WHERE pensum='5' AND c_uni_ca='6' AND c_asigna='344834' [1][0] OK
C:[01/08/2014 17:29:00.80][186.88.167.121][1182] SELECT par_cod_asig1,par_cod_asig2,par_cod_asig3 FROM tblaca009 WHERE pensum='5' AND c_uni_ca='6' AND c_asigna='344843' [1][0] OK
C:[01/08/2014 17:29:00.19][186.88.167.121][1312] SELECT horas_lab FROM tblaca008 WHERE c_asigna='344812' AND horas_teoricas > 0 [1][0] OK
C:[01/08/2014 17:29:00.19][186.88.167.121][1312] SELECT horas_lab FROM tblaca008 WHERE c_asigna='344834' AND horas_teoricas > 0 [1][0] OK
C:[01/08/2014 17:29:00.19][186.88.167.121][1312] SELECT horas_lab FROM tblaca008 WHERE c_asigna='344843' AND horas_teoricas > 0 [1][0] OK
C:[01/08/2014 17:30:29.03][190.198.144.124][1138] SELECT pre_cod_asig1,pre_cod_asig2,pre_cod_asig3,pre_cod_asig4,pre_cod_asig5,pre_cod_asig6,pre_cod_asig7 FROM tblaca009 WHERE pensum='5' AND c_uni_ca='2' AND c_asigna='322801' [1][0] OK
C:[01/08/2014 17:30:29.03][190.198.144.124][1151] SELECT c_asigna FROM dace004 WHERE exp_e='10-23551452' AND c_asigna='322780' AND status IN ('0','3','B','C') [1][0] OK
C:[01/08/2014 17:30:29.03][190.198.144.124][1151] SELECT c_asigna FROM dace004 WHERE exp_e='10-23551452' AND c_asigna='322605' AND status IN ('0','3','B','C') [1][0] OK
C:[01/08/2014 17:30:29.03][190.198.144.124][1138] SELECT pre_cod_asig1,pre_cod_asig2,pre_cod_asig3,pre_cod_asig4,pre_cod_asig5,pre_cod_asig6,pre_cod_asig7 FROM tblaca009 WHERE pensum='5' AND c_uni_ca='2' AND c_asigna='322826' [1][0] OK
C:[01/08/2014 17:30:29.03][190.198.144.124][1151] SELECT c_asigna FROM dace004 WHERE exp_e='10-23551452' AND c_asigna='322702' AND status IN ('0','3','B','C') [1][0] OK
C:[01/08/2014 17:30:29.34][190.198.144.124][1182] SELECT par_cod_asig1,par_cod_asig2,par_cod_asig3 FROM tblaca009 WHERE pensum='5' AND c_uni_ca='2' AND c_asigna='322801' [1][0] OK
C:[01/08/2014 17:30:29.34][190.198.144.124][1182] SELECT par_cod_asig1,par_cod_asig2,par_cod_asig3 FROM tblaca009 WHERE pensum='5' AND c_uni_ca='2' AND c_asigna='322826' [1][0] OK
C:[01/08/2014 17:30:29.60][190.198.144.124][1312] SELECT horas_lab FROM tblaca008 WHERE c_asigna='322801' AND horas_teoricas > 0 [1][0] OK
C:[01/08/2014 17:30:29.60][190.198.144.124][1312] SELECT horas_lab FROM tblaca008 WHERE c_asigna='322826' AND horas_teoricas > 0 [1][0] OK
C:[01/08/2014 17:31:53.76][186.89.140.96][1138] SELECT pre_cod_asig1,pre_cod_asig2,pre_cod_asig3,pre_cod_asig4,pre_cod_asig5,pre_cod_asig6,pre_cod_asig7 FROM tblaca009 WHERE pensum='5' AND c_uni_ca='6' AND c_asigna='300313' [1][0] OK
C:[01/08/2014 17:31:53.76][186.89.140.96][1151] SELECT c_asigna FROM dace004 WHERE exp_e='10-22831091' AND c_asigna='300213' AND status IN ('0','3','B','C') [1][0] OK
C:[01/08/2014 17:31:53.76][186.89.140.96][1151] SELECT c_asigna FROM dace004 WHERE exp_e='10-22831091' AND c_asigna='300226' AND status IN ('0','3','B','C') [1][0] OK
C:[01/08/2014 17:31:53.76][186.89.140.96][1151] SELECT c_asigna FROM dace004 WHERE exp_e='10-22831091' AND c_asigna='300222' AND status IN ('0','3','B','C') [1][0] OK
C:[01/08/2014 17:31:53.76][186.89.140.96][1151] SELECT c_asigna FROM dace004 WHERE exp_e='10-22831091' AND c_asigna='300209' AND status IN ('0','3','B','C') [1][0] OK
C:[01/08/2014 17:31:53.76][186.89.140.96][1138] SELECT pre_cod_asig1,pre_cod_asig2,pre_cod_asig3,pre_cod_asig4,pre_cod_asig5,pre_cod_asig6,pre_cod_asig7 FROM tblaca009 WHERE pensum='5' AND c_uni_ca='6' AND c_asigna='342444' [1][0] OK
C:[01/08/2014 17:31:53.76][186.89.140.96][1151] SELECT c_asigna FROM dace004 WHERE exp_e='10-22831091' AND c_asigna='340323' AND status IN ('0','3','B','C') [1][0] OK
C:[01/08/2014 17:31:54.88][186.89.140.96][1182] SELECT par_cod_asig1,par_cod_asig2,par_cod_asig3 FROM tblaca009 WHERE pensum='5' AND c_uni_ca='6' AND c_asigna='300313' [1][0] OK
C:[01/08/2014 17:31:54.88][186.89.140.96][1182] SELECT par_cod_asig1,par_cod_asig2,par_cod_asig3 FROM tblaca009 WHERE pensum='5' AND c_uni_ca='6' AND c_asigna='342444' [1][0] OK
C:[01/08/2014 17:31:54.15][186.89.140.96][1312] SELECT horas_lab FROM tblaca008 WHERE c_asigna='300313' AND horas_teoricas > 0 [1][0] OK
C:[01/08/2014 17:31:54.15][186.89.140.96][1312] SELECT horas_lab FROM tblaca008 WHERE c_asigna='342444' AND horas_teoricas > 0 [1][0] OK
C:[01/08/2014 17:33:08.79][190.200.26.132][1138] SELECT pre_cod_asig1,pre_cod_asig2,pre_cod_asig3,pre_cod_asig4,pre_cod_asig5,pre_cod_asig6,pre_cod_asig7 FROM tblaca009 WHERE pensum='5' AND c_uni_ca='2' AND c_asigna='300222' [1][0] OK
C:[01/08/2014 17:33:08.79][190.200.26.132][1151] SELECT c_asigna FROM dace004 WHERE exp_e='13-23730803' AND c_asigna='300112' AND status IN ('0','3','B','C') [1][0] OK
C:[01/08/2014 17:33:08.29][190.200.26.132][1182] SELECT par_cod_asig1,par_cod_asig2,par_cod_asig3 FROM tblaca009 WHERE pensum='5' AND c_uni_ca='2' AND c_asigna='300222' [1][0] OK
C:[01/08/2014 17:33:08.42][190.200.26.132][1312] SELECT horas_lab FROM tblaca008 WHERE c_asigna='300222' AND horas_teoricas > 0 [1][0] OK
C:[01/08/2014 17:35:59.93][190.204.191.96][1138] SELECT pre_cod_asig1,pre_cod_asig2,pre_cod_asig3,pre_cod_asig4,pre_cod_asig5,pre_cod_asig6,pre_cod_asig7 FROM tblaca009 WHERE pensum='5' AND c_uni_ca='5' AND c_asigna='300207' [1][0] OK
C:[01/08/2014 17:35:59.93][190.204.191.96][1151] SELECT c_asigna FROM dace004 WHERE exp_e='13-24119927' AND c_asigna='300101' AND status IN ('0','3','B','C') [1][0] OK
C:[01/08/2014 17:35:59.93][190.204.191.96][1138] SELECT pre_cod_asig1,pre_cod_asig2,pre_cod_asig3,pre_cod_asig4,pre_cod_asig5,pre_cod_asig6,pre_cod_asig7 FROM tblaca009 WHERE pensum='5' AND c_uni_ca='5' AND c_asigna='300209' [1][0] OK
C:[01/08/2014 17:35:59.93][190.204.191.96][1151] SELECT c_asigna FROM dace004 WHERE exp_e='13-24119927' AND c_asigna='300101' AND status IN ('0','3','B','C') [1][0] OK
C:[01/08/2014 17:35:59.12][190.204.191.96][1182] SELECT par_cod_asig1,par_cod_asig2,par_cod_asig3 FROM tblaca009 WHERE pensum='5' AND c_uni_ca='5' AND c_asigna='300207' [1][0] OK
C:[01/08/2014 17:35:59.12][190.204.191.96][1182] SELECT par_cod_asig1,par_cod_asig2,par_cod_asig3 FROM tblaca009 WHERE pensum='5' AND c_uni_ca='5' AND c_asigna='300209' [1][0] OK
C:[01/08/2014 17:35:59.38][190.204.191.96][1312] SELECT horas_lab FROM tblaca008 WHERE c_asigna='300207' AND horas_teoricas > 0 [1][0] OK
C:[01/08/2014 17:35:59.38][190.204.191.96][1312] SELECT horas_lab FROM tblaca008 WHERE c_asigna='300209' AND horas_teoricas > 0 [1][0] OK
C:[01/08/2014 17:36:03.88][186.90.58.117][1138] SELECT pre_cod_asig1,pre_cod_asig2,pre_cod_asig3,pre_cod_asig4,pre_cod_asig5,pre_cod_asig6,pre_cod_asig7 FROM tblaca009 WHERE pensum='5' AND c_uni_ca='3' AND c_asigna='311795' [1][0] OK
C:[01/08/2014 17:36:03.88][186.90.58.117][1151] SELECT c_asigna FROM dace004 WHERE exp_e='10-21250605' AND c_asigna='311674' AND status IN ('0','3','B','C') [1][0] OK
C:[01/08/2014 17:36:03.88][186.90.58.117][1151] SELECT c_asigna FROM dace004 WHERE exp_e='10-21250605' AND c_asigna='311673' AND status IN ('0','3','B','C') [1][0] OK
C:[01/08/2014 17:36:03.88][186.90.58.117][1138] SELECT pre_cod_asig1,pre_cod_asig2,pre_cod_asig3,pre_cod_asig4,pre_cod_asig5,pre_cod_asig6,pre_cod_asig7 FROM tblaca009 WHERE pensum='5' AND c_uni_ca='3' AND c_asigna='311704' [1][0] OK
C:[01/08/2014 17:36:03.88][186.90.58.117][1151] SELECT c_asigna FROM dace004 WHERE exp_e='10-21250605' AND c_asigna='315671' AND status IN ('0','3','B','C') [1][0] OK
C:[01/08/2014 17:36:04.51][186.90.58.117][1182] SELECT par_cod_asig1,par_cod_asig2,par_cod_asig3 FROM tblaca009 WHERE pensum='5' AND c_uni_ca='3' AND c_asigna='311795' [1][0] OK
C:[01/08/2014 17:36:04.51][186.90.58.117][1182] SELECT par_cod_asig1,par_cod_asig2,par_cod_asig3 FROM tblaca009 WHERE pensum='5' AND c_uni_ca='3' AND c_asigna='311704' [1][0] OK
C:[01/08/2014 17:36:04.77][186.90.58.117][1312] SELECT horas_lab FROM tblaca008 WHERE c_asigna='311795' AND horas_teoricas > 0 [1][0] OK
C:[01/08/2014 17:36:04.77][186.90.58.117][1312] SELECT horas_lab FROM tblaca008 WHERE c_asigna='311704' AND horas_teoricas > 0 [1][0] OK
C:[01/08/2014 17:39:08.01][186.88.167.121][1138] SELECT pre_cod_asig1,pre_cod_asig2,pre_cod_asig3,pre_cod_asig4,pre_cod_asig5,pre_cod_asig6,pre_cod_asig7 FROM tblaca009 WHERE pensum='5' AND c_uni_ca='6' AND c_asigna='344812' [1][0] OK
C:[01/08/2014 17:39:08.01][186.88.167.121][1151] SELECT c_asigna FROM dace004 WHERE exp_e='95-13807381' AND c_asigna='344715' AND status IN ('0','3','B','C') [1][0] OK
C:[01/08/2014 17:39:08.01][186.88.167.121][1151] SELECT c_asigna FROM dace004 WHERE exp_e='95-13807381' AND c_asigna='344742' AND status IN ('0','3','B','C') [1][0] OK
C:[01/08/2014 17:39:08.01][186.88.167.121][1138] SELECT pre_cod_asig1,pre_cod_asig2,pre_cod_asig3,pre_cod_asig4,pre_cod_asig5,pre_cod_asig6,pre_cod_asig7 FROM tblaca009 WHERE pensum='5' AND c_uni_ca='6' AND c_asigna='344834' [1][0] OK
C:[01/08/2014 17:39:08.01][186.88.167.121][1151] SELECT c_asigna FROM dace004 WHERE exp_e='95-13807381' AND c_asigna='344715' AND status IN ('0','3','B','C') [1][0] OK
C:[01/08/2014 17:39:08.01][186.88.167.121][1151] SELECT c_asigna FROM dace004 WHERE exp_e='95-13807381' AND c_asigna='344716' AND status IN ('0','3','B','C') [1][0] OK
C:[01/08/2014 17:39:08.01][186.88.167.121][1138] SELECT pre_cod_asig1,pre_cod_asig2,pre_cod_asig3,pre_cod_asig4,pre_cod_asig5,pre_cod_asig6,pre_cod_asig7 FROM tblaca009 WHERE pensum='5' AND c_uni_ca='6' AND c_asigna='344843' [1][0] OK
C:[01/08/2014 17:39:08.01][186.88.167.121][1151] SELECT c_asigna FROM dace004 WHERE exp_e='95-13807381' AND c_asigna='344714' AND status IN ('0','3','B','C') [1][0] OK
C:[01/08/2014 17:39:08.01][186.88.167.121][1151] SELECT c_asigna FROM dace004 WHERE exp_e='95-13807381' AND c_asigna='344715' AND status IN ('0','3','B','C') [1][0] OK
C:[01/08/2014 17:39:08.01][186.88.167.121][1151] SELECT c_asigna FROM dace004 WHERE exp_e='95-13807381' AND c_asigna='300313' AND status IN ('0','3','B','C') [1][0] OK
C:[01/08/2014 17:39:08.96][186.88.167.121][1182] SELECT par_cod_asig1,par_cod_asig2,par_cod_asig3 FROM tblaca009 WHERE pensum='5' AND c_uni_ca='6' AND c_asigna='344812' [1][0] OK
C:[01/08/2014 17:39:08.96][186.88.167.121][1182] SELECT par_cod_asig1,par_cod_asig2,par_cod_asig3 FROM tblaca009 WHERE pensum='5' AND c_uni_ca='6' AND c_asigna='344834' [1][0] OK
C:[01/08/2014 17:39:08.96][186.88.167.121][1182] SELECT par_cod_asig1,par_cod_asig2,par_cod_asig3 FROM tblaca009 WHERE pensum='5' AND c_uni_ca='6' AND c_asigna='344843' [1][0] OK
C:[01/08/2014 17:39:08.34][186.88.167.121][1312] SELECT horas_lab FROM tblaca008 WHERE c_asigna='344812' AND horas_teoricas > 0 [1][0] OK
C:[01/08/2014 17:39:08.34][186.88.167.121][1312] SELECT horas_lab FROM tblaca008 WHERE c_asigna='344834' AND horas_teoricas > 0 [1][0] OK
C:[01/08/2014 17:39:08.34][186.88.167.121][1312] SELECT horas_lab FROM tblaca008 WHERE c_asigna='344843' AND horas_teoricas > 0 [1][0] OK
C:[01/08/2014 17:40:51.48][186.94.60.70][1138] SELECT pre_cod_asig1,pre_cod_asig2,pre_cod_asig3,pre_cod_asig4,pre_cod_asig5,pre_cod_asig6,pre_cod_asig7 FROM tblaca009 WHERE pensum='5' AND c_uni_ca='2' AND c_asigna='300313' [1][0] OK
C:[01/08/2014 17:40:51.48][186.94.60.70][1151] SELECT c_asigna FROM dace004 WHERE exp_e='13-25081137' AND c_asigna='300213' AND status IN ('0','3','B','C') [1][0] OK
C:[01/08/2014 17:40:51.48][186.94.60.70][1151] SELECT c_asigna FROM dace004 WHERE exp_e='13-25081137' AND c_asigna='300226' AND status IN ('0','3','B','C') [1][0] OK
C:[01/08/2014 17:40:51.48][186.94.60.70][1151] SELECT c_asigna FROM dace004 WHERE exp_e='13-25081137' AND c_asigna='300209' AND status IN ('0','3','B','C') [1][0] OK
C:[01/08/2014 17:40:51.48][186.94.60.70][1138] SELECT pre_cod_asig1,pre_cod_asig2,pre_cod_asig3,pre_cod_asig4,pre_cod_asig5,pre_cod_asig6,pre_cod_asig7 FROM tblaca009 WHERE pensum='5' AND c_uni_ca='2' AND c_asigna='300318' [1][0] OK
C:[01/08/2014 17:40:51.48][186.94.60.70][1151] SELECT c_asigna FROM dace004 WHERE exp_e='13-25081137' AND c_asigna='300228' AND status IN ('0','3','B','C') [1][0] OK
C:[01/08/2014 17:40:51.48][186.94.60.70][1151] SELECT c_asigna FROM dace004 WHERE exp_e='13-25081137' AND c_asigna='300207' AND status IN ('0','3','B','C') [1][0] OK
C:[01/08/2014 17:40:51.48][186.94.60.70][1151] SELECT c_asigna FROM dace004 WHERE exp_e='13-25081137' AND c_asigna='300218' AND status IN ('0','3','B','C') [1][0] OK
C:[01/08/2014 17:40:51.72][186.94.60.70][1182] SELECT par_cod_asig1,par_cod_asig2,par_cod_asig3 FROM tblaca009 WHERE pensum='5' AND c_uni_ca='2' AND c_asigna='300313' [1][0] OK
C:[01/08/2014 17:40:51.72][186.94.60.70][1182] SELECT par_cod_asig1,par_cod_asig2,par_cod_asig3 FROM tblaca009 WHERE pensum='5' AND c_uni_ca='2' AND c_asigna='300318' [1][0] OK
C:[01/08/2014 17:40:51.99][186.94.60.70][1312] SELECT horas_lab FROM tblaca008 WHERE c_asigna='300313' AND horas_teoricas > 0 [1][0] OK
C:[01/08/2014 17:40:51.99][186.94.60.70][1312] SELECT horas_lab FROM tblaca008 WHERE c_asigna='300318' AND horas_teoricas > 0 [1][0] OK
C:[01/08/2014 17:41:07.04][186.95.86.173][1138] SELECT pre_cod_asig1,pre_cod_asig2,pre_cod_asig3,pre_cod_asig4,pre_cod_asig5,pre_cod_asig6,pre_cod_asig7 FROM tblaca009 WHERE pensum='5' AND c_uni_ca='4' AND c_asigna='333782' [1][0] OK
C:[01/08/2014 17:41:07.04][186.95.86.173][1151] SELECT c_asigna FROM dace004 WHERE exp_e='08-20035138' AND c_asigna='333606' AND status IN ('0','3','B','C') [1][0] OK
C:[01/08/2014 17:41:07.04][186.95.86.173][1138] SELECT pre_cod_asig1,pre_cod_asig2,pre_cod_asig3,pre_cod_asig4,pre_cod_asig5,pre_cod_asig6,pre_cod_asig7 FROM tblaca009 WHERE pensum='5' AND c_uni_ca='4' AND c_asigna='333710' [1][0] OK
C:[01/08/2014 17:41:07.04][186.95.86.173][1151] SELECT c_asigna FROM dace004 WHERE exp_e='08-20035138' AND c_asigna='333683' AND status IN ('0','3','B','C') [1][0] OK
C:[01/08/2014 17:41:07.04][186.95.86.173][1151] SELECT c_asigna FROM dace004 WHERE exp_e='08-20035138' AND c_asigna='333606' AND status IN ('0','3','B','C') [1][0] OK
C:[01/08/2014 17:41:07.34][186.95.86.173][1182] SELECT par_cod_asig1,par_cod_asig2,par_cod_asig3 FROM tblaca009 WHERE pensum='5' AND c_uni_ca='4' AND c_asigna='333782' [1][0] OK
C:[01/08/2014 17:41:07.34][186.95.86.173][1182] SELECT par_cod_asig1,par_cod_asig2,par_cod_asig3 FROM tblaca009 WHERE pensum='5' AND c_uni_ca='4' AND c_asigna='333710' [1][0] OK
C:[01/08/2014 17:41:07.34][186.95.86.173][1196] SELECT c_asigna FROM dace004 WHERE exp_e='08-20035138' AND c_asigna='333782' AND status IN ('0','3','B','C') [0][0] OK
C:[01/08/2014 17:41:07.73][186.95.86.173][1312] SELECT horas_lab FROM tblaca008 WHERE c_asigna='333782' AND horas_teoricas > 0 [1][0] OK
C:[01/08/2014 17:41:07.73][186.95.86.173][1312] SELECT horas_lab FROM tblaca008 WHERE c_asigna='333710' AND horas_teoricas > 0 [1][0] OK
C:[01/08/2014 17:42:06.72][190.36.30.188][1138] SELECT pre_cod_asig1,pre_cod_asig2,pre_cod_asig3,pre_cod_asig4,pre_cod_asig5,pre_cod_asig6,pre_cod_asig7 FROM tblaca009 WHERE pensum='5' AND c_uni_ca='4' AND c_asigna='300112' [1][0] OK
C:[01/08/2014 17:42:06.64][190.36.30.188][1182] SELECT par_cod_asig1,par_cod_asig2,par_cod_asig3 FROM tblaca009 WHERE pensum='5' AND c_uni_ca='4' AND c_asigna='300112' [1][0] OK
C:[01/08/2014 17:42:06.24][190.36.30.188][1312] SELECT horas_lab FROM tblaca008 WHERE c_asigna='300112' AND horas_teoricas > 0 [1][0] OK
C:[01/08/2014 17:45:43.47][190.201.2.130][1138] SELECT pre_cod_asig1,pre_cod_asig2,pre_cod_asig3,pre_cod_asig4,pre_cod_asig5,pre_cod_asig6,pre_cod_asig7 FROM tblaca009 WHERE pensum='5' AND c_uni_ca='6' AND c_asigna='342559' [1][0] OK
C:[01/08/2014 17:45:43.47][190.201.2.130][1151] SELECT c_asigna FROM dace004 WHERE exp_e='07-19621920' AND c_asigna='342436' AND status IN ('0','3','B','C') [1][0] OK
C:[01/08/2014 17:45:43.47][190.201.2.130][1138] SELECT pre_cod_asig1,pre_cod_asig2,pre_cod_asig3,pre_cod_asig4,pre_cod_asig5,pre_cod_asig6,pre_cod_asig7 FROM tblaca009 WHERE pensum='5' AND c_uni_ca='6' AND c_asigna='344948' [1][0] OK
C:[01/08/2014 17:45:43.54][190.201.2.130][1182] SELECT par_cod_asig1,par_cod_asig2,par_cod_asig3 FROM tblaca009 WHERE pensum='5' AND c_uni_ca='6' AND c_asigna='342559' [1][0] OK
C:[01/08/2014 17:45:43.54][190.201.2.130][1182] SELECT par_cod_asig1,par_cod_asig2,par_cod_asig3 FROM tblaca009 WHERE pensum='5' AND c_uni_ca='6' AND c_asigna='344948' [1][0] OK
C:[01/08/2014 17:45:43.79][190.201.2.130][1312] SELECT horas_lab FROM tblaca008 WHERE c_asigna='342559' AND horas_teoricas > 0 [1][0] OK
C:[01/08/2014 17:45:43.79][190.201.2.130][1312] SELECT horas_lab FROM tblaca008 WHERE c_asigna='344948' AND horas_teoricas > 0 [1][0] OK
C:[01/08/2014 17:50:40.95][190.36.19.62][1138] SELECT pre_cod_asig1,pre_cod_asig2,pre_cod_asig3,pre_cod_asig4,pre_cod_asig5,pre_cod_asig6,pre_cod_asig7 FROM tblaca009 WHERE pensum='5' AND c_uni_ca='2' AND c_asigna='300313' [1][0] OK
C:[01/08/2014 17:50:40.95][190.36.19.62][1151] SELECT c_asigna FROM dace004 WHERE exp_e='13-25083804' AND c_asigna='300213' AND status IN ('0','3','B','C') [1][0] OK
C:[01/08/2014 17:50:40.95][190.36.19.62][1151] SELECT c_asigna FROM dace004 WHERE exp_e='13-25083804' AND c_asigna='300226' AND status IN ('0','3','B','C') [1][0] OK
C:[01/08/2014 17:50:40.95][190.36.19.62][1151] SELECT c_asigna FROM dace004 WHERE exp_e='13-25083804' AND c_asigna='300209' AND status IN ('0','3','B','C') [1][0] OK
C:[01/08/2014 17:50:40.95][190.36.19.62][1138] SELECT pre_cod_asig1,pre_cod_asig2,pre_cod_asig3,pre_cod_asig4,pre_cod_asig5,pre_cod_asig6,pre_cod_asig7 FROM tblaca009 WHERE pensum='5' AND c_uni_ca='2' AND c_asigna='300318' [1][0] OK
C:[01/08/2014 17:50:40.95][190.36.19.62][1151] SELECT c_asigna FROM dace004 WHERE exp_e='13-25083804' AND c_asigna='300228' AND status IN ('0','3','B','C') [1][0] OK
C:[01/08/2014 17:50:40.95][190.36.19.62][1151] SELECT c_asigna FROM dace004 WHERE exp_e='13-25083804' AND c_asigna='300207' AND status IN ('0','3','B','C') [1][0] OK
C:[01/08/2014 17:50:40.95][190.36.19.62][1151] SELECT c_asigna FROM dace004 WHERE exp_e='13-25083804' AND c_asigna='300218' AND status IN ('0','3','B','C') [1][0] OK
C:[01/08/2014 17:50:40.29][190.36.19.62][1182] SELECT par_cod_asig1,par_cod_asig2,par_cod_asig3 FROM tblaca009 WHERE pensum='5' AND c_uni_ca='2' AND c_asigna='300313' [1][0] OK
C:[01/08/2014 17:50:40.29][190.36.19.62][1182] SELECT par_cod_asig1,par_cod_asig2,par_cod_asig3 FROM tblaca009 WHERE pensum='5' AND c_uni_ca='2' AND c_asigna='300318' [1][0] OK
C:[01/08/2014 17:50:40.45][190.36.19.62][1312] SELECT horas_lab FROM tblaca008 WHERE c_asigna='300313' AND horas_teoricas > 0 [1][0] OK
C:[01/08/2014 17:50:40.45][190.36.19.62][1312] SELECT horas_lab FROM tblaca008 WHERE c_asigna='300318' AND horas_teoricas > 0 [1][0] OK
C:[01/08/2014 17:59:11.84][190.36.21.152][1138] SELECT pre_cod_asig1,pre_cod_asig2,pre_cod_asig3,pre_cod_asig4,pre_cod_asig5,pre_cod_asig6,pre_cod_asig7 FROM tblaca009 WHERE pensum='5' AND c_uni_ca='2' AND c_asigna='300228' [1][0] OK
C:[01/08/2014 17:59:11.84][190.36.21.152][1151] SELECT c_asigna FROM dace004 WHERE exp_e='13-25397454' AND c_asigna='300101' AND status IN ('0','3','B','C') [1][0] OK
C:[01/08/2014 17:59:12.33][190.36.21.152][1182] SELECT par_cod_asig1,par_cod_asig2,par_cod_asig3 FROM tblaca009 WHERE pensum='5' AND c_uni_ca='2' AND c_asigna='300228' [1][0] OK
C:[01/08/2014 17:59:12.46][190.36.21.152][1312] SELECT horas_lab FROM tblaca008 WHERE c_asigna='300228' AND horas_teoricas > 0 [1][0] OK
C:[01/08/2014 17:59:25.87][186.89.153.224][1138] SELECT pre_cod_asig1,pre_cod_asig2,pre_cod_asig3,pre_cod_asig4,pre_cod_asig5,pre_cod_asig6,pre_cod_asig7 FROM tblaca009 WHERE pensum='5' AND c_uni_ca='4' AND c_asigna='300956' [1][0] OK
C:[01/08/2014 17:59:25.87][186.89.153.224][1151] SELECT c_asigna FROM dace004 WHERE exp_e='09-19622416' AND c_asigna='300422' AND status IN ('0','3','B','C') [1][0] OK
C:[01/08/2014 17:59:25.87][186.89.153.224][1151] SELECT c_asigna FROM dace004 WHERE exp_e='09-19622416' AND c_asigna='300105' AND status IN ('0','3','B','C') [1][0] OK
C:[01/08/2014 17:59:25.87][186.89.153.224][1151] SELECT c_asigna FROM dace004 WHERE exp_e='09-19622416' AND c_asigna='300314' AND status IN ('0','3','B','C') [1][0] OK
C:[01/08/2014 17:59:25.62][186.89.153.224][1182] SELECT par_cod_asig1,par_cod_asig2,par_cod_asig3 FROM tblaca009 WHERE pensum='5' AND c_uni_ca='4' AND c_asigna='300956' [1][0] OK
C:[01/08/2014 17:59:25.75][186.89.153.224][1312] SELECT horas_lab FROM tblaca008 WHERE c_asigna='300956' AND horas_teoricas > 0 [1][0] OK
C:[01/08/2014 18:00:16.66][179.21.157.229][1138] SELECT pre_cod_asig1,pre_cod_asig2,pre_cod_asig3,pre_cod_asig4,pre_cod_asig5,pre_cod_asig6,pre_cod_asig7 FROM tblaca009 WHERE pensum='5' AND c_uni_ca='5' AND c_asigna='355694' [1][0] OK
C:[01/08/2014 18:00:16.66][179.21.157.229][1151] SELECT c_asigna FROM dace004 WHERE exp_e='11-24559460' AND c_asigna='355572' AND status IN ('0','3','B','C') [1][0] OK
C:[01/08/2014 18:00:16.66][179.21.157.229][1151] SELECT c_asigna FROM dace004 WHERE exp_e='11-24559460' AND c_asigna='355571' AND status IN ('0','3','B','C') [1][0] OK
C:[01/08/2014 18:00:16.66][179.21.157.229][1138] SELECT pre_cod_asig1,pre_cod_asig2,pre_cod_asig3,pre_cod_asig4,pre_cod_asig5,pre_cod_asig6,pre_cod_asig7 FROM tblaca009 WHERE pensum='5' AND c_uni_ca='5' AND c_asigna='355696' [1][0] OK
C:[01/08/2014 18:00:16.66][179.21.157.229][1151] SELECT c_asigna FROM dace004 WHERE exp_e='11-24559460' AND c_asigna='355570' AND status IN ('0','3','B','C') [1][0] OK
C:[01/08/2014 18:00:16.66][179.21.157.229][1151] SELECT c_asigna FROM dace004 WHERE exp_e='11-24559460' AND c_asigna='355571' AND status IN ('0','3','B','C') [1][0] OK
C:[01/08/2014 18:00:17.11][179.21.157.229][1182] SELECT par_cod_asig1,par_cod_asig2,par_cod_asig3 FROM tblaca009 WHERE pensum='5' AND c_uni_ca='5' AND c_asigna='355694' [1][0] OK
C:[01/08/2014 18:00:17.11][179.21.157.229][1182] SELECT par_cod_asig1,par_cod_asig2,par_cod_asig3 FROM tblaca009 WHERE pensum='5' AND c_uni_ca='5' AND c_asigna='355696' [1][0] OK
C:[01/08/2014 18:00:17.37][179.21.157.229][1312] SELECT horas_lab FROM tblaca008 WHERE c_asigna='355694' AND horas_teoricas > 0 [1][0] OK
C:[01/08/2014 18:00:17.37][179.21.157.229][1312] SELECT horas_lab FROM tblaca008 WHERE c_asigna='355696' AND horas_teoricas > 0 [1][0] OK
C:[01/08/2014 18:01:51.23][200.84.84.75][1138] SELECT pre_cod_asig1,pre_cod_asig2,pre_cod_asig3,pre_cod_asig4,pre_cod_asig5,pre_cod_asig6,pre_cod_asig7 FROM tblaca009 WHERE pensum='5' AND c_uni_ca='2' AND c_asigna='300222' [1][0] OK
C:[01/08/2014 18:01:51.23][200.84.84.75][1151] SELECT c_asigna FROM dace004 WHERE exp_e='13-23503683' AND c_asigna='300112' AND status IN ('0','3','B','C') [1][0] OK
C:[01/08/2014 18:01:51.74][200.84.84.75][1182] SELECT par_cod_asig1,par_cod_asig2,par_cod_asig3 FROM tblaca009 WHERE pensum='5' AND c_uni_ca='2' AND c_asigna='300222' [1][0] OK
C:[01/08/2014 18:01:51.87][200.84.84.75][1312] SELECT horas_lab FROM tblaca008 WHERE c_asigna='300222' AND horas_teoricas > 0 [1][0] OK
C:[01/08/2014 18:02:43.76][190.94.222.84][1138] SELECT pre_cod_asig1,pre_cod_asig2,pre_cod_asig3,pre_cod_asig4,pre_cod_asig5,pre_cod_asig6,pre_cod_asig7 FROM tblaca009 WHERE pensum='5' AND c_uni_ca='2' AND c_asigna='300209' [1][0] OK
C:[01/08/2014 18:02:43.76][190.94.222.84][1151] SELECT c_asigna FROM dace004 WHERE exp_e='13-24842217' AND c_asigna='300101' AND status IN ('0','3','B','C') [1][0] OK
C:[01/08/2014 18:02:43.76][190.94.222.84][1138] SELECT pre_cod_asig1,pre_cod_asig2,pre_cod_asig3,pre_cod_asig4,pre_cod_asig5,pre_cod_asig6,pre_cod_asig7 FROM tblaca009 WHERE pensum='5' AND c_uni_ca='2' AND c_asigna='300226' [1][0] OK
C:[01/08/2014 18:02:43.76][190.94.222.84][1151] SELECT c_asigna FROM dace004 WHERE exp_e='13-24842217' AND c_asigna='300116' AND status IN ('0','3','B','C') [1][0] OK
C:[01/08/2014 18:02:43.95][190.94.222.84][1182] SELECT par_cod_asig1,par_cod_asig2,par_cod_asig3 FROM tblaca009 WHERE pensum='5' AND c_uni_ca='2' AND c_asigna='300209' [1][0] OK
C:[01/08/2014 18:02:43.95][190.94.222.84][1182] SELECT par_cod_asig1,par_cod_asig2,par_cod_asig3 FROM tblaca009 WHERE pensum='5' AND c_uni_ca='2' AND c_asigna='300226' [1][0] OK
C:[01/08/2014 18:02:43.21][190.94.222.84][1312] SELECT horas_lab FROM tblaca008 WHERE c_asigna='300209' AND horas_teoricas > 0 [1][0] OK
C:[01/08/2014 18:02:43.21][190.94.222.84][1312] SELECT horas_lab FROM tblaca008 WHERE c_asigna='300226' AND horas_teoricas > 0 [1][0] OK
C:[01/08/2014 18:10:54.28][200.109.202.212][1138] SELECT pre_cod_asig1,pre_cod_asig2,pre_cod_asig3,pre_cod_asig4,pre_cod_asig5,pre_cod_asig6,pre_cod_asig7 FROM tblaca009 WHERE pensum='5' AND c_uni_ca='5' AND c_asigna='300317' [1][0] OK
C:[01/08/2014 18:10:54.28][200.109.202.212][1151] SELECT c_asigna FROM dace004 WHERE exp_e='10-22587759' AND c_asigna='300207' AND status IN ('0','3','B','C') [1][0] OK
C:[01/08/2014 18:10:54.28][200.109.202.212][1151] SELECT c_asigna FROM dace004 WHERE exp_e='10-22587759' AND c_asigna='300209' AND status IN ('0','3','B','C') [1][0] OK
C:[01/08/2014 18:10:54.28][200.109.202.212][1138] SELECT pre_cod_asig1,pre_cod_asig2,pre_cod_asig3,pre_cod_asig4,pre_cod_asig5,pre_cod_asig6,pre_cod_asig7 FROM tblaca009 WHERE pensum='5' AND c_uni_ca='5' AND c_asigna='351330' [1][0] OK
C:[01/08/2014 18:10:54.28][200.109.202.212][1151] SELECT c_asigna FROM dace004 WHERE exp_e='10-22587759' AND c_asigna='300218' AND status IN ('0','3','B','C') [1][0] OK
C:[01/08/2014 18:10:54.59][200.109.202.212][1182] SELECT par_cod_asig1,par_cod_asig2,par_cod_asig3 FROM tblaca009 WHERE pensum='5' AND c_uni_ca='5' AND c_asigna='300317' [1][0] OK
C:[01/08/2014 18:10:54.59][200.109.202.212][1182] SELECT par_cod_asig1,par_cod_asig2,par_cod_asig3 FROM tblaca009 WHERE pensum='5' AND c_uni_ca='5' AND c_asigna='351330' [1][0] OK
C:[01/08/2014 18:10:54.59][200.109.202.212][1196] SELECT c_asigna FROM dace004 WHERE exp_e='10-22587759' AND c_asigna='300318' AND status IN ('0','3','B','C') [1][0] OK
C:[01/08/2014 18:10:54.59][200.109.202.212][1196] SELECT c_asigna FROM dace004 WHERE exp_e='10-22587759' AND c_asigna='300317' AND status IN ('0','3','B','C') [0][0] OK
C:[01/08/2014 18:10:54.10][200.109.202.212][1312] SELECT horas_lab FROM tblaca008 WHERE c_asigna='300317' AND horas_teoricas > 0 [1][0] OK
C:[01/08/2014 18:10:54.10][200.109.202.212][1312] SELECT horas_lab FROM tblaca008 WHERE c_asigna='351330' AND horas_teoricas > 0 [1][0] OK
C:[01/08/2014 18:12:54.63][201.243.151.111][1138] SELECT pre_cod_asig1,pre_cod_asig2,pre_cod_asig3,pre_cod_asig4,pre_cod_asig5,pre_cod_asig6,pre_cod_asig7 FROM tblaca009 WHERE pensum='5' AND c_uni_ca='2' AND c_asigna='322782' [1][0] OK
C:[01/08/2014 18:12:54.63][201.243.151.111][1151] SELECT c_asigna FROM dace004 WHERE exp_e='10-20805073' AND c_asigna='322669' AND status IN ('0','3','B','C') [1][0] OK
C:[01/08/2014 18:12:54.63][201.243.151.111][1151] SELECT c_asigna FROM dace004 WHERE exp_e='10-20805073' AND c_asigna='322550' AND status IN ('0','3','B','C') [1][0] OK
C:[01/08/2014 18:12:54.63][201.243.151.111][1138] SELECT pre_cod_asig1,pre_cod_asig2,pre_cod_asig3,pre_cod_asig4,pre_cod_asig5,pre_cod_asig6,pre_cod_asig7 FROM tblaca009 WHERE pensum='5' AND c_uni_ca='2' AND c_asigna='322801' [1][0] OK
C:[01/08/2014 18:12:54.63][201.243.151.111][1151] SELECT c_asigna FROM dace004 WHERE exp_e='10-20805073' AND c_asigna='322780' AND status IN ('0','3','B','C') [1][0] OK
C:[01/08/2014 18:12:54.63][201.243.151.111][1151] SELECT c_asigna FROM dace004 WHERE exp_e='10-20805073' AND c_asigna='322605' AND status IN ('0','3','B','C') [1][0] OK
C:[01/08/2014 18:12:54.06][201.243.151.111][1182] SELECT par_cod_asig1,par_cod_asig2,par_cod_asig3 FROM tblaca009 WHERE pensum='5' AND c_uni_ca='2' AND c_asigna='322782' [1][0] OK
C:[01/08/2014 18:12:54.06][201.243.151.111][1182] SELECT par_cod_asig1,par_cod_asig2,par_cod_asig3 FROM tblaca009 WHERE pensum='5' AND c_uni_ca='2' AND c_asigna='322801' [1][0] OK
C:[01/08/2014 18:12:54.32][201.243.151.111][1312] SELECT horas_lab FROM tblaca008 WHERE c_asigna='322782' AND horas_teoricas > 0 [1][0] OK
C:[01/08/2014 18:12:54.32][201.243.151.111][1312] SELECT horas_lab FROM tblaca008 WHERE c_asigna='322801' AND horas_teoricas > 0 [1][0] OK
C:[01/08/2014 18:14:03.84][190.37.101.11][1138] SELECT pre_cod_asig1,pre_cod_asig2,pre_cod_asig3,pre_cod_asig4,pre_cod_asig5,pre_cod_asig6,pre_cod_asig7 FROM tblaca009 WHERE pensum='5' AND c_uni_ca='6' AND c_asigna='300209' [1][0] OK
C:[01/08/2014 18:14:03.84][190.37.101.11][1151] SELECT c_asigna FROM dace004 WHERE exp_e='13-22593466' AND c_asigna='300101' AND status IN ('0','3','B','C') [1][0] OK
C:[01/08/2014 18:14:03.35][190.37.101.11][1182] SELECT par_cod_asig1,par_cod_asig2,par_cod_asig3 FROM tblaca009 WHERE pensum='5' AND c_uni_ca='6' AND c_asigna='300209' [1][0] OK
C:[01/08/2014 18:14:03.48][190.37.101.11][1312] SELECT horas_lab FROM tblaca008 WHERE c_asigna='300209' AND horas_teoricas > 0 [1][0] OK
C:[01/08/2014 18:16:29.23][190.37.101.11][1138] SELECT pre_cod_asig1,pre_cod_asig2,pre_cod_asig3,pre_cod_asig4,pre_cod_asig5,pre_cod_asig6,pre_cod_asig7 FROM tblaca009 WHERE pensum='5' AND c_uni_ca='6' AND c_asigna='300209' [1][0] OK
C:[01/08/2014 18:16:29.23][190.37.101.11][1151] SELECT c_asigna FROM dace004 WHERE exp_e='13-22593466' AND c_asigna='300101' AND status IN ('0','3','B','C') [1][0] OK
C:[01/08/2014 18:16:29.16][190.37.101.11][1182] SELECT par_cod_asig1,par_cod_asig2,par_cod_asig3 FROM tblaca009 WHERE pensum='5' AND c_uni_ca='6' AND c_asigna='300209' [1][0] OK
C:[01/08/2014 18:16:29.30][190.37.101.11][1312] SELECT horas_lab FROM tblaca008 WHERE c_asigna='300209' AND horas_teoricas > 0 [1][0] OK
C:[01/08/2014 18:16:35.19][190.206.53.16][1138] SELECT pre_cod_asig1,pre_cod_asig2,pre_cod_asig3,pre_cod_asig4,pre_cod_asig5,pre_cod_asig6,pre_cod_asig7 FROM tblaca009 WHERE pensum='5' AND c_uni_ca='3' AND c_asigna='300226' [1][0] OK
C:[01/08/2014 18:16:35.19][190.206.53.16][1151] SELECT c_asigna FROM dace004 WHERE exp_e='08-19419171' AND c_asigna='300116' AND status IN ('0','3','B','C') [1][0] OK
C:[01/08/2014 18:16:35.19][190.206.53.16][1138] SELECT pre_cod_asig1,pre_cod_asig2,pre_cod_asig3,pre_cod_asig4,pre_cod_asig5,pre_cod_asig6,pre_cod_asig7 FROM tblaca009 WHERE pensum='5' AND c_uni_ca='3' AND c_asigna='300213' [1][0] OK
C:[01/08/2014 18:16:35.19][190.206.53.16][1151] SELECT c_asigna FROM dace004 WHERE exp_e='08-19419171' AND c_asigna='300101' AND status IN ('0','3','B','C') [1][0] OK
C:[01/08/2014 18:16:35.63][190.206.53.16][1182] SELECT par_cod_asig1,par_cod_asig2,par_cod_asig3 FROM tblaca009 WHERE pensum='5' AND c_uni_ca='3' AND c_asigna='300226' [1][0] OK
C:[01/08/2014 18:16:35.63][190.206.53.16][1182] SELECT par_cod_asig1,par_cod_asig2,par_cod_asig3 FROM tblaca009 WHERE pensum='5' AND c_uni_ca='3' AND c_asigna='300213' [1][0] OK
C:[01/08/2014 18:16:35.63][190.206.53.16][1196] SELECT c_asigna FROM dace004 WHERE exp_e='08-19419171' AND c_asigna='300209' AND status IN ('0','3','B','C') [1][0] OK
C:[01/08/2014 18:16:35.01][190.206.53.16][1312] SELECT horas_lab FROM tblaca008 WHERE c_asigna='300226' AND horas_teoricas > 0 [1][0] OK
C:[01/08/2014 18:16:35.01][190.206.53.16][1312] SELECT horas_lab FROM tblaca008 WHERE c_asigna='300213' AND horas_teoricas > 0 [1][0] OK
C:[01/08/2014 18:17:01.49][190.37.101.11][1138] SELECT pre_cod_asig1,pre_cod_asig2,pre_cod_asig3,pre_cod_asig4,pre_cod_asig5,pre_cod_asig6,pre_cod_asig7 FROM tblaca009 WHERE pensum='5' AND c_uni_ca='6' AND c_asigna='300209' [1][0] OK
C:[01/08/2014 18:17:01.49][190.37.101.11][1151] SELECT c_asigna FROM dace004 WHERE exp_e='13-22593466' AND c_asigna='300101' AND status IN ('0','3','B','C') [1][0] OK
C:[01/08/2014 18:17:01.43][190.37.101.11][1182] SELECT par_cod_asig1,par_cod_asig2,par_cod_asig3 FROM tblaca009 WHERE pensum='5' AND c_uni_ca='6' AND c_asigna='300209' [1][0] OK
C:[01/08/2014 18:17:01.56][190.37.101.11][1312] SELECT horas_lab FROM tblaca008 WHERE c_asigna='300209' AND horas_teoricas > 0 [1][0] OK
C:[01/08/2014 18:17:55.22][200.90.98.86][1138] SELECT pre_cod_asig1,pre_cod_asig2,pre_cod_asig3,pre_cod_asig4,pre_cod_asig5,pre_cod_asig6,pre_cod_asig7 FROM tblaca009 WHERE pensum='5' AND c_uni_ca='5' AND c_asigna='355691' [1][0] OK
C:[01/08/2014 18:17:55.22][200.90.98.86][1151] SELECT c_asigna FROM dace004 WHERE exp_e='10-20506402' AND c_asigna='355571' AND status IN ('0','3','B','C') [1][0] OK
C:[01/08/2014 18:17:56.53][200.90.98.86][1182] SELECT par_cod_asig1,par_cod_asig2,par_cod_asig3 FROM tblaca009 WHERE pensum='5' AND c_uni_ca='5' AND c_asigna='355691' [1][0] OK
C:[01/08/2014 18:17:56.66][200.90.98.86][1312] SELECT horas_lab FROM tblaca008 WHERE c_asigna='355691' AND horas_teoricas > 0 [1][0] OK
C:[01/08/2014 18:17:59.78][186.90.114.120][1138] SELECT pre_cod_asig1,pre_cod_asig2,pre_cod_asig3,pre_cod_asig4,pre_cod_asig5,pre_cod_asig6,pre_cod_asig7 FROM tblaca009 WHERE pensum='5' AND c_uni_ca='2' AND c_asigna='322782' [1][0] OK
C:[01/08/2014 18:17:59.78][186.90.114.120][1151] SELECT c_asigna FROM dace004 WHERE exp_e='07-18336466' AND c_asigna='322669' AND status IN ('0','3','B','C') [1][0] OK
C:[01/08/2014 18:17:59.78][186.90.114.120][1151] SELECT c_asigna FROM dace004 WHERE exp_e='07-18336466' AND c_asigna='322550' AND status IN ('0','3','B','C') [1][0] OK
C:[01/08/2014 18:17:59.78][186.90.114.120][1138] SELECT pre_cod_asig1,pre_cod_asig2,pre_cod_asig3,pre_cod_asig4,pre_cod_asig5,pre_cod_asig6,pre_cod_asig7 FROM tblaca009 WHERE pensum='5' AND c_uni_ca='2' AND c_asigna='300956' [1][0] OK
C:[01/08/2014 18:17:59.78][186.90.114.120][1151] SELECT c_asigna FROM dace004 WHERE exp_e='07-18336466' AND c_asigna='300422' AND status IN ('0','3','B','C') [1][0] OK
C:[01/08/2014 18:17:59.78][186.90.114.120][1151] SELECT c_asigna FROM dace004 WHERE exp_e='07-18336466' AND c_asigna='300105' AND status IN ('0','3','B','C') [1][0] OK
C:[01/08/2014 18:17:59.78][186.90.114.120][1151] SELECT c_asigna FROM dace004 WHERE exp_e='07-18336466' AND c_asigna='300314' AND status IN ('0','3','B','C') [1][0] OK
C:[01/08/2014 18:17:59.66][186.90.114.120][1182] SELECT par_cod_asig1,par_cod_asig2,par_cod_asig3 FROM tblaca009 WHERE pensum='5' AND c_uni_ca='2' AND c_asigna='322782' [1][0] OK
C:[01/08/2014 18:17:59.66][186.90.114.120][1182] SELECT par_cod_asig1,par_cod_asig2,par_cod_asig3 FROM tblaca009 WHERE pensum='5' AND c_uni_ca='2' AND c_asigna='300956' [1][0] OK
C:[01/08/2014 18:17:59.92][186.90.114.120][1312] SELECT horas_lab FROM tblaca008 WHERE c_asigna='322782' AND horas_teoricas > 0 [1][0] OK
C:[01/08/2014 18:17:59.92][186.90.114.120][1312] SELECT horas_lab FROM tblaca008 WHERE c_asigna='300956' AND horas_teoricas > 0 [1][0] OK
C:[01/08/2014 18:18:06.00][186.90.212.119][1138] SELECT pre_cod_asig1,pre_cod_asig2,pre_cod_asig3,pre_cod_asig4,pre_cod_asig5,pre_cod_asig6,pre_cod_asig7 FROM tblaca009 WHERE pensum='5' AND c_uni_ca='5' AND c_asigna='355692' [1][0] OK
C:[01/08/2014 18:18:06.00][186.90.212.119][1151] SELECT c_asigna FROM dace004 WHERE exp_e='93-21794231' AND c_asigna='355448' AND status IN ('0','3','B','C') [1][0] OK
C:[01/08/2014 18:18:06.00][186.90.212.119][1151] SELECT c_asigna FROM dace004 WHERE exp_e='93-21794231' AND c_asigna='355570' AND status IN ('0','3','B','C') [1][0] OK
C:[01/08/2014 18:18:06.07][186.90.212.119][1182] SELECT par_cod_asig1,par_cod_asig2,par_cod_asig3 FROM tblaca009 WHERE pensum='5' AND c_uni_ca='5' AND c_asigna='355692' [1][0] OK
C:[01/08/2014 18:18:06.20][186.90.212.119][1312] SELECT horas_lab FROM tblaca008 WHERE c_asigna='355692' AND horas_teoricas > 0 [1][0] OK
C:[01/08/2014 18:18:11.29][190.37.101.11][1138] SELECT pre_cod_asig1,pre_cod_asig2,pre_cod_asig3,pre_cod_asig4,pre_cod_asig5,pre_cod_asig6,pre_cod_asig7 FROM tblaca009 WHERE pensum='5' AND c_uni_ca='6' AND c_asigna='300209' [1][0] OK
C:[01/08/2014 18:18:11.29][190.37.101.11][1151] SELECT c_asigna FROM dace004 WHERE exp_e='13-22593466' AND c_asigna='300101' AND status IN ('0','3','B','C') [1][0] OK
C:[01/08/2014 18:18:11.54][190.37.101.11][1182] SELECT par_cod_asig1,par_cod_asig2,par_cod_asig3 FROM tblaca009 WHERE pensum='5' AND c_uni_ca='6' AND c_asigna='300209' [1][0] OK
C:[01/08/2014 18:18:11.67][190.37.101.11][1312] SELECT horas_lab FROM tblaca008 WHERE c_asigna='300209' AND horas_teoricas > 0 [1][0] OK
C:[01/08/2014 18:20:17.33][190.198.10.97][1138] SELECT pre_cod_asig1,pre_cod_asig2,pre_cod_asig3,pre_cod_asig4,pre_cod_asig5,pre_cod_asig6,pre_cod_asig7 FROM tblaca009 WHERE pensum='5' AND c_uni_ca='2' AND c_asigna='322669' [1][0] OK
C:[01/08/2014 18:20:17.33][190.198.10.97][1151] SELECT c_asigna FROM dace004 WHERE exp_e='11-20807124' AND c_asigna='322558' AND status IN ('0','3','B','C') [1][0] OK
C:[01/08/2014 18:20:17.33][190.198.10.97][1151] SELECT c_asigna FROM dace004 WHERE exp_e='11-20807124' AND c_asigna='323528' AND status IN ('0','3','B','C') [1][0] OK
C:[01/08/2014 18:20:17.39][190.198.10.97][1182] SELECT par_cod_asig1,par_cod_asig2,par_cod_asig3 FROM tblaca009 WHERE pensum='5' AND c_uni_ca='2' AND c_asigna='322669' [1][0] OK
C:[01/08/2014 18:20:17.53][190.198.10.97][1312] SELECT horas_lab FROM tblaca008 WHERE c_asigna='322669' AND horas_teoricas > 0 [1][0] OK
C:[01/08/2014 18:24:05.22][190.37.209.42][1138] SELECT pre_cod_asig1,pre_cod_asig2,pre_cod_asig3,pre_cod_asig4,pre_cod_asig5,pre_cod_asig6,pre_cod_asig7 FROM tblaca009 WHERE pensum='5' AND c_uni_ca='6' AND c_asigna='300101' [1][0] OK
C:[01/08/2014 18:24:05.03][190.37.209.42][1182] SELECT par_cod_asig1,par_cod_asig2,par_cod_asig3 FROM tblaca009 WHERE pensum='5' AND c_uni_ca='6' AND c_asigna='300101' [1][0] OK
C:[01/08/2014 18:24:05.16][190.37.209.42][1312] SELECT horas_lab FROM tblaca008 WHERE c_asigna='300101' AND horas_teoricas > 0 [1][0] OK
C:[01/08/2014 18:26:51.04][190.198.242.167][1138] SELECT pre_cod_asig1,pre_cod_asig2,pre_cod_asig3,pre_cod_asig4,pre_cod_asig5,pre_cod_asig6,pre_cod_asig7 FROM tblaca009 WHERE pensum='5' AND c_uni_ca='5' AND c_asigna='355720' [1][0] OK
C:[01/08/2014 18:26:51.04][190.198.242.167][1151] SELECT c_asigna FROM dace004 WHERE exp_e='08-18886775' AND c_asigna='355692' AND status IN ('0','3','B','C') [1][0] OK
C:[01/08/2014 18:26:51.04][190.198.242.167][1151] SELECT c_asigna FROM dace004 WHERE exp_e='08-18886775' AND c_asigna='355696' AND status IN ('0','3','B','C') [1][0] OK
C:[01/08/2014 18:26:51.04][190.198.242.167][1138] SELECT pre_cod_asig1,pre_cod_asig2,pre_cod_asig3,pre_cod_asig4,pre_cod_asig5,pre_cod_asig6,pre_cod_asig7 FROM tblaca009 WHERE pensum='5' AND c_uni_ca='5' AND c_asigna='355721' [1][0] OK
C:[01/08/2014 18:26:51.04][190.198.242.167][1151] SELECT c_asigna FROM dace004 WHERE exp_e='08-18886775' AND c_asigna='355693' AND status IN ('0','3','B','C') [1][0] OK
C:[01/08/2014 18:26:51.04][190.198.242.167][1151] SELECT c_asigna FROM dace004 WHERE exp_e='08-18886775' AND c_asigna='355696' AND status IN ('0','3','B','C') [1][0] OK
C:[01/08/2014 18:26:51.48][190.198.242.167][1182] SELECT par_cod_asig1,par_cod_asig2,par_cod_asig3 FROM tblaca009 WHERE pensum='5' AND c_uni_ca='5' AND c_asigna='355720' [1][0] OK
C:[01/08/2014 18:26:51.48][190.198.242.167][1182] SELECT par_cod_asig1,par_cod_asig2,par_cod_asig3 FROM tblaca009 WHERE pensum='5' AND c_uni_ca='5' AND c_asigna='355721' [1][0] OK
C:[01/08/2014 18:26:51.74][190.198.242.167][1312] SELECT horas_lab FROM tblaca008 WHERE c_asigna='355720' AND horas_teoricas > 0 [1][0] OK
C:[01/08/2014 18:26:51.74][190.198.242.167][1312] SELECT horas_lab FROM tblaca008 WHERE c_asigna='355721' AND horas_teoricas > 0 [1][0] OK
C:[01/08/2014 18:30:39.78][190.198.242.167][1138] SELECT pre_cod_asig1,pre_cod_asig2,pre_cod_asig3,pre_cod_asig4,pre_cod_asig5,pre_cod_asig6,pre_cod_asig7 FROM tblaca009 WHERE pensum='5' AND c_uni_ca='5' AND c_asigna='355720' [1][0] OK
C:[01/08/2014 18:30:39.78][190.198.242.167][1151] SELECT c_asigna FROM dace004 WHERE exp_e='08-18886775' AND c_asigna='355692' AND status IN ('0','3','B','C') [1][0] OK
C:[01/08/2014 18:30:39.78][190.198.242.167][1151] SELECT c_asigna FROM dace004 WHERE exp_e='08-18886775' AND c_asigna='355696' AND status IN ('0','3','B','C') [1][0] OK
C:[01/08/2014 18:30:39.78][190.198.242.167][1138] SELECT pre_cod_asig1,pre_cod_asig2,pre_cod_asig3,pre_cod_asig4,pre_cod_asig5,pre_cod_asig6,pre_cod_asig7 FROM tblaca009 WHERE pensum='5' AND c_uni_ca='5' AND c_asigna='355721' [1][0] OK
C:[01/08/2014 18:30:39.78][190.198.242.167][1151] SELECT c_asigna FROM dace004 WHERE exp_e='08-18886775' AND c_asigna='355693' AND status IN ('0','3','B','C') [1][0] OK
C:[01/08/2014 18:30:39.78][190.198.242.167][1151] SELECT c_asigna FROM dace004 WHERE exp_e='08-18886775' AND c_asigna='355696' AND status IN ('0','3','B','C') [1][0] OK
C:[01/08/2014 18:30:39.03][190.198.242.167][1182] SELECT par_cod_asig1,par_cod_asig2,par_cod_asig3 FROM tblaca009 WHERE pensum='5' AND c_uni_ca='5' AND c_asigna='355720' [1][0] OK
C:[01/08/2014 18:30:39.03][190.198.242.167][1182] SELECT par_cod_asig1,par_cod_asig2,par_cod_asig3 FROM tblaca009 WHERE pensum='5' AND c_uni_ca='5' AND c_asigna='355721' [1][0] OK
C:[01/08/2014 18:30:39.95][190.198.242.167][1312] SELECT horas_lab FROM tblaca008 WHERE c_asigna='355720' AND horas_teoricas > 0 [1][0] OK
C:[01/08/2014 18:30:39.95][190.198.242.167][1312] SELECT horas_lab FROM tblaca008 WHERE c_asigna='355721' AND horas_teoricas > 0 [1][0] OK
C:[01/08/2014 18:34:26.58][186.94.84.125][1138] SELECT pre_cod_asig1,pre_cod_asig2,pre_cod_asig3,pre_cod_asig4,pre_cod_asig5,pre_cod_asig6,pre_cod_asig7 FROM tblaca009 WHERE pensum='5' AND c_uni_ca='5' AND c_asigna='300113' [1][0] OK
C:[01/08/2014 18:34:26.58][186.94.84.125][1138] SELECT pre_cod_asig1,pre_cod_asig2,pre_cod_asig3,pre_cod_asig4,pre_cod_asig5,pre_cod_asig6,pre_cod_asig7 FROM tblaca009 WHERE pensum='5' AND c_uni_ca='5' AND c_asigna='300226' [1][0] OK
C:[01/08/2014 18:34:26.58][186.94.84.125][1151] SELECT c_asigna FROM dace004 WHERE exp_e='13-25394109' AND c_asigna='300116' AND status IN ('0','3','B','C') [1][0] OK
C:[01/08/2014 18:34:27.64][186.94.84.125][1182] SELECT par_cod_asig1,par_cod_asig2,par_cod_asig3 FROM tblaca009 WHERE pensum='5' AND c_uni_ca='5' AND c_asigna='300113' [1][0] OK
C:[01/08/2014 18:34:27.64][186.94.84.125][1196] SELECT c_asigna FROM dace004 WHERE exp_e='13-25394109' AND c_asigna='300013' AND status IN ('0','3','B','C') [1][0] OK
C:[01/08/2014 18:34:27.64][186.94.84.125][1182] SELECT par_cod_asig1,par_cod_asig2,par_cod_asig3 FROM tblaca009 WHERE pensum='5' AND c_uni_ca='5' AND c_asigna='300226' [1][0] OK
C:[01/08/2014 18:34:27.02][186.94.84.125][1312] SELECT horas_lab FROM tblaca008 WHERE c_asigna='300113' AND horas_teoricas > 0 [0][0] OK
C:[01/08/2014 18:34:27.02][186.94.84.125][1312] SELECT horas_lab FROM tblaca008 WHERE c_asigna='300226' AND horas_teoricas > 0 [1][0] OK
C:[01/08/2014 18:35:23.75][190.73.227.26][1138] SELECT pre_cod_asig1,pre_cod_asig2,pre_cod_asig3,pre_cod_asig4,pre_cod_asig5,pre_cod_asig6,pre_cod_asig7 FROM tblaca009 WHERE pensum='5' AND c_uni_ca='5' AND c_asigna='300317' [1][0] OK
C:[01/08/2014 18:35:23.75][190.73.227.26][1151] SELECT c_asigna FROM dace004 WHERE exp_e='10-22587759' AND c_asigna='300207' AND status IN ('0','3','B','C') [1][0] OK
C:[01/08/2014 18:35:23.75][190.73.227.26][1151] SELECT c_asigna FROM dace004 WHERE exp_e='10-22587759' AND c_asigna='300209' AND status IN ('0','3','B','C') [1][0] OK
C:[01/08/2014 18:35:23.75][190.73.227.26][1138] SELECT pre_cod_asig1,pre_cod_asig2,pre_cod_asig3,pre_cod_asig4,pre_cod_asig5,pre_cod_asig6,pre_cod_asig7 FROM tblaca009 WHERE pensum='5' AND c_uni_ca='5' AND c_asigna='351330' [1][0] OK
C:[01/08/2014 18:35:23.75][190.73.227.26][1151] SELECT c_asigna FROM dace004 WHERE exp_e='10-22587759' AND c_asigna='300218' AND status IN ('0','3','B','C') [1][0] OK
C:[01/08/2014 18:35:23.62][190.73.227.26][1182] SELECT par_cod_asig1,par_cod_asig2,par_cod_asig3 FROM tblaca009 WHERE pensum='5' AND c_uni_ca='5' AND c_asigna='300317' [1][0] OK
C:[01/08/2014 18:35:23.62][190.73.227.26][1182] SELECT par_cod_asig1,par_cod_asig2,par_cod_asig3 FROM tblaca009 WHERE pensum='5' AND c_uni_ca='5' AND c_asigna='351330' [1][0] OK
C:[01/08/2014 18:35:23.62][190.73.227.26][1196] SELECT c_asigna FROM dace004 WHERE exp_e='10-22587759' AND c_asigna='300318' AND status IN ('0','3','B','C') [1][0] OK
C:[01/08/2014 18:35:23.62][190.73.227.26][1196] SELECT c_asigna FROM dace004 WHERE exp_e='10-22587759' AND c_asigna='300317' AND status IN ('0','3','B','C') [0][0] OK
C:[01/08/2014 18:35:24.14][190.73.227.26][1312] SELECT horas_lab FROM tblaca008 WHERE c_asigna='300317' AND horas_teoricas > 0 [1][0] OK
C:[01/08/2014 18:35:24.14][190.73.227.26][1312] SELECT horas_lab FROM tblaca008 WHERE c_asigna='351330' AND horas_teoricas > 0 [1][0] OK
C:[01/08/2014 18:36:05.20][186.89.176.129][1138] SELECT pre_cod_asig1,pre_cod_asig2,pre_cod_asig3,pre_cod_asig4,pre_cod_asig5,pre_cod_asig6,pre_cod_asig7 FROM tblaca009 WHERE pensum='5' AND c_uni_ca='2' AND c_asigna='300207' [1][0] OK
C:[01/08/2014 18:36:05.20][186.89.176.129][1151] SELECT c_asigna FROM dace004 WHERE exp_e='13-25017131' AND c_asigna='300101' AND status IN ('0','3','B','C') [1][0] OK
C:[01/08/2014 18:36:05.20][186.89.176.129][1138] SELECT pre_cod_asig1,pre_cod_asig2,pre_cod_asig3,pre_cod_asig4,pre_cod_asig5,pre_cod_asig6,pre_cod_asig7 FROM tblaca009 WHERE pensum='5' AND c_uni_ca='2' AND c_asigna='300313' [1][0] OK
C:[01/08/2014 18:36:05.20][186.89.176.129][1151] SELECT c_asigna FROM dace004 WHERE exp_e='13-25017131' AND c_asigna='300213' AND status IN ('0','3','B','C') [1][0] OK
C:[01/08/2014 18:36:05.20][186.89.176.129][1151] SELECT c_asigna FROM dace004 WHERE exp_e='13-25017131' AND c_asigna='300226' AND status IN ('0','3','B','C') [1][0] OK
C:[01/08/2014 18:36:05.20][186.89.176.129][1151] SELECT c_asigna FROM dace004 WHERE exp_e='13-25017131' AND c_asigna='300209' AND status IN ('0','3','B','C') [1][0] OK
C:[01/08/2014 18:36:05.65][186.89.176.129][1182] SELECT par_cod_asig1,par_cod_asig2,par_cod_asig3 FROM tblaca009 WHERE pensum='5' AND c_uni_ca='2' AND c_asigna='300207' [1][0] OK
C:[01/08/2014 18:36:05.65][186.89.176.129][1182] SELECT par_cod_asig1,par_cod_asig2,par_cod_asig3 FROM tblaca009 WHERE pensum='5' AND c_uni_ca='2' AND c_asigna='300313' [1][0] OK
C:[01/08/2014 18:36:05.90][186.89.176.129][1312] SELECT horas_lab FROM tblaca008 WHERE c_asigna='300207' AND horas_teoricas > 0 [1][0] OK
C:[01/08/2014 18:36:05.90][186.89.176.129][1312] SELECT horas_lab FROM tblaca008 WHERE c_asigna='300313' AND horas_teoricas > 0 [1][0] OK
C:[01/08/2014 18:36:09.14][190.204.110.104][1138] SELECT pre_cod_asig1,pre_cod_asig2,pre_cod_asig3,pre_cod_asig4,pre_cod_asig5,pre_cod_asig6,pre_cod_asig7 FROM tblaca009 WHERE pensum='5' AND c_uni_ca='2' AND c_asigna='320311' [1][0] OK
C:[01/08/2014 18:36:09.14][190.204.110.104][1151] SELECT c_asigna FROM dace004 WHERE exp_e='13-22818980' AND c_asigna='300013' AND status IN ('0','3','B','C') [1][0] OK
C:[01/08/2014 18:36:09.14][190.204.110.104][1151] SELECT c_asigna FROM dace004 WHERE exp_e='13-22818980' AND c_asigna='300113' AND status IN ('0','3','B','C') [1][0] OK
C:[01/08/2014 18:36:09.51][190.204.110.104][1182] SELECT par_cod_asig1,par_cod_asig2,par_cod_asig3 FROM tblaca009 WHERE pensum='5' AND c_uni_ca='2' AND c_asigna='320311' [1][0] OK
C:[01/08/2014 18:36:09.66][190.204.110.104][1312] SELECT horas_lab FROM tblaca008 WHERE c_asigna='320311' AND horas_teoricas > 0 [1][0] OK
C:[01/08/2014 18:37:30.29][190.72.62.24][1138] SELECT pre_cod_asig1,pre_cod_asig2,pre_cod_asig3,pre_cod_asig4,pre_cod_asig5,pre_cod_asig6,pre_cod_asig7 FROM tblaca009 WHERE pensum='5' AND c_uni_ca='2' AND c_asigna='300207' [1][0] OK
C:[01/08/2014 18:37:30.29][190.72.62.24][1151] SELECT c_asigna FROM dace004 WHERE exp_e='09-20808087' AND c_asigna='300101' AND status IN ('0','3','B','C') [1][0] OK
C:[01/08/2014 18:37:30.29][190.72.62.24][1138] SELECT pre_cod_asig1,pre_cod_asig2,pre_cod_asig3,pre_cod_asig4,pre_cod_asig5,pre_cod_asig6,pre_cod_asig7 FROM tblaca009 WHERE pensum='5' AND c_uni_ca='2' AND c_asigna='322449' [1][0] OK
C:[01/08/2014 18:37:30.29][190.72.62.24][1151] SELECT c_asigna FROM dace004 WHERE exp_e='09-20808087' AND c_asigna='300222' AND status IN ('0','3','B','C') [1][0] OK
C:[01/08/2014 18:37:30.47][190.72.62.24][1182] SELECT par_cod_asig1,par_cod_asig2,par_cod_asig3 FROM tblaca009 WHERE pensum='5' AND c_uni_ca='2' AND c_asigna='300207' [1][0] OK
C:[01/08/2014 18:37:30.47][190.72.62.24][1182] SELECT par_cod_asig1,par_cod_asig2,par_cod_asig3 FROM tblaca009 WHERE pensum='5' AND c_uni_ca='2' AND c_asigna='322449' [1][0] OK
C:[01/08/2014 18:37:30.74][190.72.62.24][1312] SELECT horas_lab FROM tblaca008 WHERE c_asigna='300207' AND horas_teoricas > 0 [1][0] OK
C:[01/08/2014 18:37:30.74][190.72.62.24][1312] SELECT horas_lab FROM tblaca008 WHERE c_asigna='322449' AND horas_teoricas > 0 [1][0] OK
C:[01/08/2014 18:38:32.66][179.44.217.136][1138] SELECT pre_cod_asig1,pre_cod_asig2,pre_cod_asig3,pre_cod_asig4,pre_cod_asig5,pre_cod_asig6,pre_cod_asig7 FROM tblaca009 WHERE pensum='5' AND c_uni_ca='5' AND c_asigna='300317' [1][0] OK
C:[01/08/2014 18:38:32.66][179.44.217.136][1151] SELECT c_asigna FROM dace004 WHERE exp_e='12-21247073' AND c_asigna='300207' AND status IN ('0','3','B','C') [1][0] OK
C:[01/08/2014 18:38:32.66][179.44.217.136][1151] SELECT c_asigna FROM dace004 WHERE exp_e='12-21247073' AND c_asigna='300209' AND status IN ('0','3','B','C') [1][0] OK
C:[01/08/2014 18:38:33.29][179.44.217.136][1182] SELECT par_cod_asig1,par_cod_asig2,par_cod_asig3 FROM tblaca009 WHERE pensum='5' AND c_uni_ca='5' AND c_asigna='300317' [1][0] OK
C:[01/08/2014 18:38:33.42][179.44.217.136][1312] SELECT horas_lab FROM tblaca008 WHERE c_asigna='300317' AND horas_teoricas > 0 [1][0] OK
C:[01/08/2014 18:40:24.35][200.84.84.222][1138] SELECT pre_cod_asig1,pre_cod_asig2,pre_cod_asig3,pre_cod_asig4,pre_cod_asig5,pre_cod_asig6,pre_cod_asig7 FROM tblaca009 WHERE pensum='5' AND c_uni_ca='3' AND c_asigna='312333' [1][0] OK
C:[01/08/2014 18:40:24.35][200.84.84.222][1151] SELECT c_asigna FROM dace004 WHERE exp_e='08-13911412' AND c_asigna='300228' AND status IN ('0','3','B','C') [1][0] OK
C:[01/08/2014 18:40:24.35][200.84.84.222][1138] SELECT pre_cod_asig1,pre_cod_asig2,pre_cod_asig3,pre_cod_asig4,pre_cod_asig5,pre_cod_asig6,pre_cod_asig7 FROM tblaca009 WHERE pensum='5' AND c_uni_ca='3' AND c_asigna='300428' [1][0] OK
C:[01/08/2014 18:40:24.35][200.84.84.222][1151] SELECT c_asigna FROM dace004 WHERE exp_e='08-13911412' AND c_asigna='300317' AND status IN ('0','3','B','C') [1][0] OK
C:[01/08/2014 18:40:24.35][200.84.84.222][1151] SELECT c_asigna FROM dace004 WHERE exp_e='08-13911412' AND c_asigna='300209' AND status IN ('0','3','B','C') [1][0] OK
C:[01/08/2014 18:40:24.67][200.84.84.222][1182] SELECT par_cod_asig1,par_cod_asig2,par_cod_asig3 FROM tblaca009 WHERE pensum='5' AND c_uni_ca='3' AND c_asigna='312333' [1][0] OK
C:[01/08/2014 18:40:24.67][200.84.84.222][1182] SELECT par_cod_asig1,par_cod_asig2,par_cod_asig3 FROM tblaca009 WHERE pensum='5' AND c_uni_ca='3' AND c_asigna='300428' [1][0] OK
C:[01/08/2014 18:40:24.93][200.84.84.222][1312] SELECT horas_lab FROM tblaca008 WHERE c_asigna='312333' AND horas_teoricas > 0 [1][0] OK
C:[01/08/2014 18:40:24.93][200.84.84.222][1312] SELECT horas_lab FROM tblaca008 WHERE c_asigna='300428' AND horas_teoricas > 0 [1][0] OK
C:[01/08/2014 18:46:08.43][190.38.114.32][1138] SELECT pre_cod_asig1,pre_cod_asig2,pre_cod_asig3,pre_cod_asig4,pre_cod_asig5,pre_cod_asig6,pre_cod_asig7 FROM tblaca009 WHERE pensum='5' AND c_uni_ca='4' AND c_asigna='300209' [1][0] OK
C:[01/08/2014 18:46:08.43][190.38.114.32][1151] SELECT c_asigna FROM dace004 WHERE exp_e='10-21234788' AND c_asigna='300101' AND status IN ('0','3','B','C') [1][0] OK
C:[01/08/2014 18:46:09.36][190.38.114.32][1182] SELECT par_cod_asig1,par_cod_asig2,par_cod_asig3 FROM tblaca009 WHERE pensum='5' AND c_uni_ca='4' AND c_asigna='300209' [1][0] OK
C:[01/08/2014 18:46:09.50][190.38.114.32][1312] SELECT horas_lab FROM tblaca008 WHERE c_asigna='300209' AND horas_teoricas > 0 [1][0] OK
C:[01/08/2014 18:47:42.46][190.38.114.32][1138] SELECT pre_cod_asig1,pre_cod_asig2,pre_cod_asig3,pre_cod_asig4,pre_cod_asig5,pre_cod_asig6,pre_cod_asig7 FROM tblaca009 WHERE pensum='5' AND c_uni_ca='4' AND c_asigna='300209' [1][0] OK
C:[01/08/2014 18:47:42.46][190.38.114.32][1151] SELECT c_asigna FROM dace004 WHERE exp_e='10-21234788' AND c_asigna='300101' AND status IN ('0','3','B','C') [1][0] OK
C:[01/08/2014 18:47:42.40][190.38.114.32][1182] SELECT par_cod_asig1,par_cod_asig2,par_cod_asig3 FROM tblaca009 WHERE pensum='5' AND c_uni_ca='4' AND c_asigna='300209' [1][0] OK
C:[01/08/2014 18:47:42.54][190.38.114.32][1312] SELECT horas_lab FROM tblaca008 WHERE c_asigna='300209' AND horas_teoricas > 0 [1][0] OK
C:[01/08/2014 18:50:02.06][186.89.132.86][1138] SELECT pre_cod_asig1,pre_cod_asig2,pre_cod_asig3,pre_cod_asig4,pre_cod_asig5,pre_cod_asig6,pre_cod_asig7 FROM tblaca009 WHERE pensum='5' AND c_uni_ca='6' AND c_asigna='300207' [1][0] OK
C:[01/08/2014 18:50:02.06][186.89.132.86][1151] SELECT c_asigna FROM dace004 WHERE exp_e='13-24890806' AND c_asigna='300101' AND status IN ('0','3','B','C') [1][0] OK
C:[01/08/2014 18:50:02.06][186.89.132.86][1138] SELECT pre_cod_asig1,pre_cod_asig2,pre_cod_asig3,pre_cod_asig4,pre_cod_asig5,pre_cod_asig6,pre_cod_asig7 FROM tblaca009 WHERE pensum='5' AND c_uni_ca='6' AND c_asigna='300209' [1][0] OK
C:[01/08/2014 18:50:02.06][186.89.132.86][1151] SELECT c_asigna FROM dace004 WHERE exp_e='13-24890806' AND c_asigna='300101' AND status IN ('0','3','B','C') [1][0] OK
C:[01/08/2014 18:50:02.25][186.89.132.86][1182] SELECT par_cod_asig1,par_cod_asig2,par_cod_asig3 FROM tblaca009 WHERE pensum='5' AND c_uni_ca='6' AND c_asigna='300207' [1][0] OK
C:[01/08/2014 18:50:02.25][186.89.132.86][1182] SELECT par_cod_asig1,par_cod_asig2,par_cod_asig3 FROM tblaca009 WHERE pensum='5' AND c_uni_ca='6' AND c_asigna='300209' [1][0] OK
C:[01/08/2014 18:50:02.51][186.89.132.86][1312] SELECT horas_lab FROM tblaca008 WHERE c_asigna='300207' AND horas_teoricas > 0 [1][0] OK
C:[01/08/2014 18:50:02.51][186.89.132.86][1312] SELECT horas_lab FROM tblaca008 WHERE c_asigna='300209' AND horas_teoricas > 0 [1][0] OK
C:[01/08/2014 18:52:11.52][190.198.154.177][1138] SELECT pre_cod_asig1,pre_cod_asig2,pre_cod_asig3,pre_cod_asig4,pre_cod_asig5,pre_cod_asig6,pre_cod_asig7 FROM tblaca009 WHERE pensum='5' AND c_uni_ca='3' AND c_asigna='311822' [1][0] OK
C:[01/08/2014 18:52:11.52][190.198.154.177][1151] SELECT c_asigna FROM dace004 WHERE exp_e='09-24411954' AND c_asigna='311795' AND status IN ('0','3','B','C') [1][0] OK
C:[01/08/2014 18:52:11.52][190.198.154.177][1138] SELECT pre_cod_asig1,pre_cod_asig2,pre_cod_asig3,pre_cod_asig4,pre_cod_asig5,pre_cod_asig6,pre_cod_asig7 FROM tblaca009 WHERE pensum='5' AND c_uni_ca='3' AND c_asigna='311826' [1][0] OK
C:[01/08/2014 18:52:11.52][190.198.154.177][1151] SELECT c_asigna FROM dace004 WHERE exp_e='09-24411954' AND c_asigna='311799' AND status IN ('0','3','B','C') [1][0] OK
C:[01/08/2014 18:52:11.71][190.198.154.177][1182] SELECT par_cod_asig1,par_cod_asig2,par_cod_asig3 FROM tblaca009 WHERE pensum='5' AND c_uni_ca='3' AND c_asigna='311822' [1][0] OK
C:[01/08/2014 18:52:11.71][190.198.154.177][1182] SELECT par_cod_asig1,par_cod_asig2,par_cod_asig3 FROM tblaca009 WHERE pensum='5' AND c_uni_ca='3' AND c_asigna='311826' [1][0] OK
C:[01/08/2014 18:52:11.97][190.198.154.177][1312] SELECT horas_lab FROM tblaca008 WHERE c_asigna='311822' AND horas_teoricas > 0 [1][0] OK
C:[01/08/2014 18:52:11.97][190.198.154.177][1312] SELECT horas_lab FROM tblaca008 WHERE c_asigna='311826' AND horas_teoricas > 0 [1][0] OK
C:[01/08/2014 18:52:36.63][181.184.13.85][1138] SELECT pre_cod_asig1,pre_cod_asig2,pre_cod_asig3,pre_cod_asig4,pre_cod_asig5,pre_cod_asig6,pre_cod_asig7 FROM tblaca009 WHERE pensum='5' AND c_uni_ca='5' AND c_asigna='300317' [1][0] OK
C:[01/08/2014 18:52:36.63][181.184.13.85][1151] SELECT c_asigna FROM dace004 WHERE exp_e='12-25830340' AND c_asigna='300207' AND status IN ('0','3','B','C') [1][0] OK
C:[01/08/2014 18:52:36.63][181.184.13.85][1151] SELECT c_asigna FROM dace004 WHERE exp_e='12-25830340' AND c_asigna='300209' AND status IN ('0','3','B','C') [1][0] OK
C:[01/08/2014 18:52:37.26][181.184.13.85][1182] SELECT par_cod_asig1,par_cod_asig2,par_cod_asig3 FROM tblaca009 WHERE pensum='5' AND c_uni_ca='5' AND c_asigna='300317' [1][0] OK
C:[01/08/2014 18:52:37.40][181.184.13.85][1312] SELECT horas_lab FROM tblaca008 WHERE c_asigna='300317' AND horas_teoricas > 0 [1][0] OK
C:[01/08/2014 18:53:37.09][200.62.19.43][1138] SELECT pre_cod_asig1,pre_cod_asig2,pre_cod_asig3,pre_cod_asig4,pre_cod_asig5,pre_cod_asig6,pre_cod_asig7 FROM tblaca009 WHERE pensum='5' AND c_uni_ca='3' AND c_asigna='300013' [1][0] OK
C:[01/08/2014 18:53:37.09][200.62.19.43][1138] SELECT pre_cod_asig1,pre_cod_asig2,pre_cod_asig3,pre_cod_asig4,pre_cod_asig5,pre_cod_asig6,pre_cod_asig7 FROM tblaca009 WHERE pensum='5' AND c_uni_ca='3' AND c_asigna='300318' [1][0] OK
C:[01/08/2014 18:53:37.09][200.62.19.43][1151] SELECT c_asigna FROM dace004 WHERE exp_e='12-18452718' AND c_asigna='300228' AND status IN ('0','3','B','C') [1][0] OK
C:[01/08/2014 18:53:37.09][200.62.19.43][1151] SELECT c_asigna FROM dace004 WHERE exp_e='12-18452718' AND c_asigna='300207' AND status IN ('0','3','B','C') [1][0] OK
C:[01/08/2014 18:53:37.09][200.62.19.43][1151] SELECT c_asigna FROM dace004 WHERE exp_e='12-18452718' AND c_asigna='300218' AND status IN ('0','3','B','C') [1][0] OK
C:[01/08/2014 18:53:37.09][200.62.19.43][1138] SELECT pre_cod_asig1,pre_cod_asig2,pre_cod_asig3,pre_cod_asig4,pre_cod_asig5,pre_cod_asig6,pre_cod_asig7 FROM tblaca009 WHERE pensum='5' AND c_uni_ca='3' AND c_asigna='300428' [1][0] OK
C:[01/08/2014 18:53:37.09][200.62.19.43][1151] SELECT c_asigna FROM dace004 WHERE exp_e='12-18452718' AND c_asigna='300317' AND status IN ('0','3','B','C') [1][0] OK
C:[01/08/2014 18:53:37.09][200.62.19.43][1151] SELECT c_asigna FROM dace004 WHERE exp_e='12-18452718' AND c_asigna='300209' AND status IN ('0','3','B','C') [1][0] OK
C:[01/08/2014 18:53:37.78][200.62.19.43][1182] SELECT par_cod_asig1,par_cod_asig2,par_cod_asig3 FROM tblaca009 WHERE pensum='5' AND c_uni_ca='3' AND c_asigna='300013' [1][0] OK
C:[01/08/2014 18:53:37.78][200.62.19.43][1182] SELECT par_cod_asig1,par_cod_asig2,par_cod_asig3 FROM tblaca009 WHERE pensum='5' AND c_uni_ca='3' AND c_asigna='300318' [1][0] OK
C:[01/08/2014 18:53:37.78][200.62.19.43][1182] SELECT par_cod_asig1,par_cod_asig2,par_cod_asig3 FROM tblaca009 WHERE pensum='5' AND c_uni_ca='3' AND c_asigna='300428' [1][0] OK
C:[01/08/2014 18:53:37.17][200.62.19.43][1312] SELECT horas_lab FROM tblaca008 WHERE c_asigna='300013' AND horas_teoricas > 0 [1][0] OK
C:[01/08/2014 18:53:37.17][200.62.19.43][1312] SELECT horas_lab FROM tblaca008 WHERE c_asigna='300318' AND horas_teoricas > 0 [1][0] OK
C:[01/08/2014 18:53:37.17][200.62.19.43][1312] SELECT horas_lab FROM tblaca008 WHERE c_asigna='300428' AND horas_teoricas > 0 [1][0] OK
C:[01/08/2014 18:55:15.57][190.38.114.32][1138] SELECT pre_cod_asig1,pre_cod_asig2,pre_cod_asig3,pre_cod_asig4,pre_cod_asig5,pre_cod_asig6,pre_cod_asig7 FROM tblaca009 WHERE pensum='5' AND c_uni_ca='4' AND c_asigna='300209' [1][0] OK
C:[01/08/2014 18:55:15.57][190.38.114.32][1151] SELECT c_asigna FROM dace004 WHERE exp_e='10-21234788' AND c_asigna='300101' AND status IN ('0','3','B','C') [1][0] OK
C:[01/08/2014 18:55:15.51][190.38.114.32][1182] SELECT par_cod_asig1,par_cod_asig2,par_cod_asig3 FROM tblaca009 WHERE pensum='5' AND c_uni_ca='4' AND c_asigna='300209' [1][0] OK
C:[01/08/2014 18:55:15.64][190.38.114.32][1312] SELECT horas_lab FROM tblaca008 WHERE c_asigna='300209' AND horas_teoricas > 0 [1][0] OK
C:[01/08/2014 18:55:40.88][186.94.91.19][1138] SELECT pre_cod_asig1,pre_cod_asig2,pre_cod_asig3,pre_cod_asig4,pre_cod_asig5,pre_cod_asig6,pre_cod_asig7 FROM tblaca009 WHERE pensum='5' AND c_uni_ca='5' AND c_asigna='355691' [1][0] OK
C:[01/08/2014 18:55:40.88][186.94.91.19][1151] SELECT c_asigna FROM dace004 WHERE exp_e='09-20887320' AND c_asigna='355571' AND status IN ('0','3','B','C') [1][0] OK
C:[01/08/2014 18:55:40.88][186.94.91.19][1138] SELECT pre_cod_asig1,pre_cod_asig2,pre_cod_asig3,pre_cod_asig4,pre_cod_asig5,pre_cod_asig6,pre_cod_asig7 FROM tblaca009 WHERE pensum='5' AND c_uni_ca='5' AND c_asigna='355696' [1][0] OK
C:[01/08/2014 18:55:40.88][186.94.91.19][1151] SELECT c_asigna FROM dace004 WHERE exp_e='09-20887320' AND c_asigna='355570' AND status IN ('0','3','B','C') [1][0] OK
C:[01/08/2014 18:55:40.88][186.94.91.19][1151] SELECT c_asigna FROM dace004 WHERE exp_e='09-20887320' AND c_asigna='355571' AND status IN ('0','3','B','C') [1][0] OK
C:[01/08/2014 18:55:40.75][186.94.91.19][1182] SELECT par_cod_asig1,par_cod_asig2,par_cod_asig3 FROM tblaca009 WHERE pensum='5' AND c_uni_ca='5' AND c_asigna='355691' [1][0] OK
C:[01/08/2014 18:55:40.75][186.94.91.19][1182] SELECT par_cod_asig1,par_cod_asig2,par_cod_asig3 FROM tblaca009 WHERE pensum='5' AND c_uni_ca='5' AND c_asigna='355696' [1][0] OK
C:[01/08/2014 18:55:40.01][186.94.91.19][1312] SELECT horas_lab FROM tblaca008 WHERE c_asigna='355691' AND horas_teoricas > 0 [1][0] OK
C:[01/08/2014 18:55:40.01][186.94.91.19][1312] SELECT horas_lab FROM tblaca008 WHERE c_asigna='355696' AND horas_teoricas > 0 [1][0] OK
C:[01/08/2014 18:56:10.27][190.38.114.32][1138] SELECT pre_cod_asig1,pre_cod_asig2,pre_cod_asig3,pre_cod_asig4,pre_cod_asig5,pre_cod_asig6,pre_cod_asig7 FROM tblaca009 WHERE pensum='5' AND c_uni_ca='4' AND c_asigna='300209' [1][0] OK
C:[01/08/2014 18:56:10.27][190.38.114.32][1151] SELECT c_asigna FROM dace004 WHERE exp_e='10-21234788' AND c_asigna='300101' AND status IN ('0','3','B','C') [1][0] OK
C:[01/08/2014 18:56:11.21][190.38.114.32][1182] SELECT par_cod_asig1,par_cod_asig2,par_cod_asig3 FROM tblaca009 WHERE pensum='5' AND c_uni_ca='4' AND c_asigna='300209' [1][0] OK
C:[01/08/2014 18:56:11.36][190.38.114.32][1312] SELECT horas_lab FROM tblaca008 WHERE c_asigna='300209' AND horas_teoricas > 0 [1][0] OK
C:[01/08/2014 18:56:44.10][190.198.254.238][1138] SELECT pre_cod_asig1,pre_cod_asig2,pre_cod_asig3,pre_cod_asig4,pre_cod_asig5,pre_cod_asig6,pre_cod_asig7 FROM tblaca009 WHERE pensum='5' AND c_uni_ca='6' AND c_asigna='300207' [1][0] OK
C:[01/08/2014 18:56:44.10][190.198.254.238][1151] SELECT c_asigna FROM dace004 WHERE exp_e='12-26362857' AND c_asigna='300101' AND status IN ('0','3','B','C') [1][0] OK
C:[01/08/2014 18:56:44.59][190.198.254.238][1182] SELECT par_cod_asig1,par_cod_asig2,par_cod_asig3 FROM tblaca009 WHERE pensum='5' AND c_uni_ca='6' AND c_asigna='300207' [1][0] OK
C:[01/08/2014 18:56:44.73][190.198.254.238][1312] SELECT horas_lab FROM tblaca008 WHERE c_asigna='300207' AND horas_teoricas > 0 [1][0] OK
C:[01/08/2014 18:58:02.84][200.62.19.43][1138] SELECT pre_cod_asig1,pre_cod_asig2,pre_cod_asig3,pre_cod_asig4,pre_cod_asig5,pre_cod_asig6,pre_cod_asig7 FROM tblaca009 WHERE pensum='5' AND c_uni_ca='3' AND c_asigna='300013' [1][0] OK
C:[01/08/2014 18:58:02.84][200.62.19.43][1138] SELECT pre_cod_asig1,pre_cod_asig2,pre_cod_asig3,pre_cod_asig4,pre_cod_asig5,pre_cod_asig6,pre_cod_asig7 FROM tblaca009 WHERE pensum='5' AND c_uni_ca='3' AND c_asigna='300318' [1][0] OK
C:[01/08/2014 18:58:02.84][200.62.19.43][1151] SELECT c_asigna FROM dace004 WHERE exp_e='12-18452718' AND c_asigna='300228' AND status IN ('0','3','B','C') [1][0] OK
C:[01/08/2014 18:58:02.84][200.62.19.43][1151] SELECT c_asigna FROM dace004 WHERE exp_e='12-18452718' AND c_asigna='300207' AND status IN ('0','3','B','C') [1][0] OK
C:[01/08/2014 18:58:02.84][200.62.19.43][1151] SELECT c_asigna FROM dace004 WHERE exp_e='12-18452718' AND c_asigna='300218' AND status IN ('0','3','B','C') [1][0] OK
C:[01/08/2014 18:58:02.84][200.62.19.43][1138] SELECT pre_cod_asig1,pre_cod_asig2,pre_cod_asig3,pre_cod_asig4,pre_cod_asig5,pre_cod_asig6,pre_cod_asig7 FROM tblaca009 WHERE pensum='5' AND c_uni_ca='3' AND c_asigna='300428' [1][0] OK
C:[01/08/2014 18:58:02.84][200.62.19.43][1151] SELECT c_asigna FROM dace004 WHERE exp_e='12-18452718' AND c_asigna='300317' AND status IN ('0','3','B','C') [1][0] OK
C:[01/08/2014 18:58:02.84][200.62.19.43][1151] SELECT c_asigna FROM dace004 WHERE exp_e='12-18452718' AND c_asigna='300209' AND status IN ('0','3','B','C') [1][0] OK
C:[01/08/2014 18:58:03.53][200.62.19.43][1182] SELECT par_cod_asig1,par_cod_asig2,par_cod_asig3 FROM tblaca009 WHERE pensum='5' AND c_uni_ca='3' AND c_asigna='300013' [1][0] OK
C:[01/08/2014 18:58:03.53][200.62.19.43][1182] SELECT par_cod_asig1,par_cod_asig2,par_cod_asig3 FROM tblaca009 WHERE pensum='5' AND c_uni_ca='3' AND c_asigna='300318' [1][0] OK
C:[01/08/2014 18:58:03.53][200.62.19.43][1182] SELECT par_cod_asig1,par_cod_asig2,par_cod_asig3 FROM tblaca009 WHERE pensum='5' AND c_uni_ca='3' AND c_asigna='300428' [1][0] OK
C:[01/08/2014 18:58:03.91][200.62.19.43][1312] SELECT horas_lab FROM tblaca008 WHERE c_asigna='300013' AND horas_teoricas > 0 [1][0] OK
C:[01/08/2014 18:58:03.91][200.62.19.43][1312] SELECT horas_lab FROM tblaca008 WHERE c_asigna='300318' AND horas_teoricas > 0 [1][0] OK
C:[01/08/2014 18:58:03.91][200.62.19.43][1312] SELECT horas_lab FROM tblaca008 WHERE c_asigna='300428' AND horas_teoricas > 0 [1][0] OK
C:[01/08/2014 19:05:35.59][200.109.197.13][1138] SELECT pre_cod_asig1,pre_cod_asig2,pre_cod_asig3,pre_cod_asig4,pre_cod_asig5,pre_cod_asig6,pre_cod_asig7 FROM tblaca009 WHERE pensum='5' AND c_uni_ca='4' AND c_asigna='300101' [1][0] OK
C:[01/08/2014 19:05:35.40][200.109.197.13][1182] SELECT par_cod_asig1,par_cod_asig2,par_cod_asig3 FROM tblaca009 WHERE pensum='5' AND c_uni_ca='4' AND c_asigna='300101' [1][0] OK
C:[01/08/2014 19:05:35.53][200.109.197.13][1312] SELECT horas_lab FROM tblaca008 WHERE c_asigna='300101' AND horas_teoricas > 0 [1][0] OK
C:[01/08/2014 19:07:41.81][201.243.104.28][1138] SELECT pre_cod_asig1,pre_cod_asig2,pre_cod_asig3,pre_cod_asig4,pre_cod_asig5,pre_cod_asig6,pre_cod_asig7 FROM tblaca009 WHERE pensum='5' AND c_uni_ca='3' AND c_asigna='300207' [1][0] OK
C:[01/08/2014 19:07:41.81][201.243.104.28][1151] SELECT c_asigna FROM dace004 WHERE exp_e='11-22820428' AND c_asigna='300101' AND status IN ('0','3','B','C') [1][0] OK
C:[01/08/2014 19:07:41.75][201.243.104.28][1182] SELECT par_cod_asig1,par_cod_asig2,par_cod_asig3 FROM tblaca009 WHERE pensum='5' AND c_uni_ca='3' AND c_asigna='300207' [1][0] OK
C:[01/08/2014 19:07:41.89][201.243.104.28][1312] SELECT horas_lab FROM tblaca008 WHERE c_asigna='300207' AND horas_teoricas > 0 [1][0] OK
C:[01/08/2014 19:07:45.08][186.167.242.15][1138] SELECT pre_cod_asig1,pre_cod_asig2,pre_cod_asig3,pre_cod_asig4,pre_cod_asig5,pre_cod_asig6,pre_cod_asig7 FROM tblaca009 WHERE pensum='5' AND c_uni_ca='6' AND c_asigna='342559' [1][0] OK
C:[01/08/2014 19:07:45.08][186.167.242.15][1151] SELECT c_asigna FROM dace004 WHERE exp_e='10-21007064' AND c_asigna='342436' AND status IN ('0','3','B','C') [1][0] OK
C:[01/08/2014 19:07:45.08][186.167.242.15][1138] SELECT pre_cod_asig1,pre_cod_asig2,pre_cod_asig3,pre_cod_asig4,pre_cod_asig5,pre_cod_asig6,pre_cod_asig7 FROM tblaca009 WHERE pensum='5' AND c_uni_ca='6' AND c_asigna='342679' [1][0] OK
C:[01/08/2014 19:07:45.08][186.167.242.15][1151] SELECT c_asigna FROM dace004 WHERE exp_e='10-21007064' AND c_asigna='342567' AND status IN ('0','3','B','C') [1][0] OK
C:[01/08/2014 19:07:45.08][186.167.242.15][1138] SELECT pre_cod_asig1,pre_cod_asig2,pre_cod_asig3,pre_cod_asig4,pre_cod_asig5,pre_cod_asig6,pre_cod_asig7 FROM tblaca009 WHERE pensum='5' AND c_uni_ca='6' AND c_asigna='344689' [1][0] OK
C:[01/08/2014 19:07:45.08][186.167.242.15][1151] SELECT c_asigna FROM dace004 WHERE exp_e='10-21007064' AND c_asigna='344566' AND status IN ('0','3','B','C') [1][0] OK
C:[01/08/2014 19:07:45.08][186.167.242.15][1151] SELECT c_asigna FROM dace004 WHERE exp_e='10-21007064' AND c_asigna='300313' AND status IN ('0','3','B','C') [1][0] OK
C:[01/08/2014 19:07:45.96][186.167.242.15][1182] SELECT par_cod_asig1,par_cod_asig2,par_cod_asig3 FROM tblaca009 WHERE pensum='5' AND c_uni_ca='6' AND c_asigna='342559' [1][0] OK
C:[01/08/2014 19:07:45.96][186.167.242.15][1182] SELECT par_cod_asig1,par_cod_asig2,par_cod_asig3 FROM tblaca009 WHERE pensum='5' AND c_uni_ca='6' AND c_asigna='342679' [1][0] OK
C:[01/08/2014 19:07:45.96][186.167.242.15][1182] SELECT par_cod_asig1,par_cod_asig2,par_cod_asig3 FROM tblaca009 WHERE pensum='5' AND c_uni_ca='6' AND c_asigna='344689' [1][0] OK
C:[01/08/2014 19:07:46.35][186.167.242.15][1312] SELECT horas_lab FROM tblaca008 WHERE c_asigna='342559' AND horas_teoricas > 0 [1][0] OK
C:[01/08/2014 19:07:46.35][186.167.242.15][1312] SELECT horas_lab FROM tblaca008 WHERE c_asigna='342679' AND horas_teoricas > 0 [1][0] OK
C:[01/08/2014 19:07:46.35][186.167.242.15][1312] SELECT horas_lab FROM tblaca008 WHERE c_asigna='344689' AND horas_teoricas > 0 [1][0] OK
C:[01/08/2014 19:08:04.20][186.88.168.182][1138] SELECT pre_cod_asig1,pre_cod_asig2,pre_cod_asig3,pre_cod_asig4,pre_cod_asig5,pre_cod_asig6,pre_cod_asig7 FROM tblaca009 WHERE pensum='5' AND c_uni_ca='3' AND c_asigna='312333' [1][0] OK
C:[01/08/2014 19:08:04.20][186.88.168.182][1151] SELECT c_asigna FROM dace004 WHERE exp_e='12-25511870' AND c_asigna='300228' AND status IN ('0','3','B','C') [1][0] OK
C:[01/08/2014 19:08:04.70][186.88.168.182][1182] SELECT par_cod_asig1,par_cod_asig2,par_cod_asig3 FROM tblaca009 WHERE pensum='5' AND c_uni_ca='3' AND c_asigna='312333' [1][0] OK
C:[01/08/2014 19:08:04.84][186.88.168.182][1312] SELECT horas_lab FROM tblaca008 WHERE c_asigna='312333' AND horas_teoricas > 0 [1][0] OK
C:[01/08/2014 19:10:42.29][190.38.114.32][1138] SELECT pre_cod_asig1,pre_cod_asig2,pre_cod_asig3,pre_cod_asig4,pre_cod_asig5,pre_cod_asig6,pre_cod_asig7 FROM tblaca009 WHERE pensum='5' AND c_uni_ca='4' AND c_asigna='300209' [1][0] OK
C:[01/08/2014 19:10:42.29][190.38.114.32][1151] SELECT c_asigna FROM dace004 WHERE exp_e='10-21234788' AND c_asigna='300101' AND status IN ('0','3','B','C') [1][0] OK
C:[01/08/2014 19:10:42.78][190.38.114.32][1182] SELECT par_cod_asig1,par_cod_asig2,par_cod_asig3 FROM tblaca009 WHERE pensum='5' AND c_uni_ca='4' AND c_asigna='300209' [1][0] OK
C:[01/08/2014 19:10:43.92][190.38.114.32][1312] SELECT horas_lab FROM tblaca008 WHERE c_asigna='300209' AND horas_teoricas > 0 [1][0] OK
C:[01/08/2014 19:12:21.71][190.204.106.218][1138] SELECT pre_cod_asig1,pre_cod_asig2,pre_cod_asig3,pre_cod_asig4,pre_cod_asig5,pre_cod_asig6,pre_cod_asig7 FROM tblaca009 WHERE pensum='5' AND c_uni_ca='2' AND c_asigna='300318' [1][0] OK
C:[01/08/2014 19:12:21.71][190.204.106.218][1151] SELECT c_asigna FROM dace004 WHERE exp_e='12-24963890' AND c_asigna='300228' AND status IN ('0','3','B','C') [1][0] OK
C:[01/08/2014 19:12:21.71][190.204.106.218][1151] SELECT c_asigna FROM dace004 WHERE exp_e='12-24963890' AND c_asigna='300207' AND status IN ('0','3','B','C') [1][0] OK
C:[01/08/2014 19:12:21.71][190.204.106.218][1151] SELECT c_asigna FROM dace004 WHERE exp_e='12-24963890' AND c_asigna='300218' AND status IN ('0','3','B','C') [1][0] OK
C:[01/08/2014 19:12:21.71][190.204.106.218][1138] SELECT pre_cod_asig1,pre_cod_asig2,pre_cod_asig3,pre_cod_asig4,pre_cod_asig5,pre_cod_asig6,pre_cod_asig7 FROM tblaca009 WHERE pensum='5' AND c_uni_ca='2' AND c_asigna='300428' [1][0] OK
C:[01/08/2014 19:12:21.71][190.204.106.218][1151] SELECT c_asigna FROM dace004 WHERE exp_e='12-24963890' AND c_asigna='300317' AND status IN ('0','3','B','C') [1][0] OK
C:[01/08/2014 19:12:21.71][190.204.106.218][1151] SELECT c_asigna FROM dace004 WHERE exp_e='12-24963890' AND c_asigna='300209' AND status IN ('0','3','B','C') [1][0] OK
C:[01/08/2014 19:12:21.27][190.204.106.218][1182] SELECT par_cod_asig1,par_cod_asig2,par_cod_asig3 FROM tblaca009 WHERE pensum='5' AND c_uni_ca='2' AND c_asigna='300318' [1][0] OK
C:[01/08/2014 19:12:21.27][190.204.106.218][1182] SELECT par_cod_asig1,par_cod_asig2,par_cod_asig3 FROM tblaca009 WHERE pensum='5' AND c_uni_ca='2' AND c_asigna='300428' [1][0] OK
C:[01/08/2014 19:12:21.54][190.204.106.218][1312] SELECT horas_lab FROM tblaca008 WHERE c_asigna='300318' AND horas_teoricas > 0 [1][0] OK
C:[01/08/2014 19:12:21.54][190.204.106.218][1312] SELECT horas_lab FROM tblaca008 WHERE c_asigna='300428' AND horas_teoricas > 0 [1][0] OK
C:[01/08/2014 19:13:59.36][190.204.106.218][1138] SELECT pre_cod_asig1,pre_cod_asig2,pre_cod_asig3,pre_cod_asig4,pre_cod_asig5,pre_cod_asig6,pre_cod_asig7 FROM tblaca009 WHERE pensum='5' AND c_uni_ca='2' AND c_asigna='300318' [1][0] OK
C:[01/08/2014 19:13:59.36][190.204.106.218][1151] SELECT c_asigna FROM dace004 WHERE exp_e='12-25083490' AND c_asigna='300228' AND status IN ('0','3','B','C') [1][0] OK
C:[01/08/2014 19:13:59.36][190.204.106.218][1151] SELECT c_asigna FROM dace004 WHERE exp_e='12-25083490' AND c_asigna='300207' AND status IN ('0','3','B','C') [1][0] OK
C:[01/08/2014 19:13:59.36][190.204.106.218][1151] SELECT c_asigna FROM dace004 WHERE exp_e='12-25083490' AND c_asigna='300218' AND status IN ('0','3','B','C') [1][0] OK
C:[01/08/2014 19:13:59.55][190.204.106.218][1182] SELECT par_cod_asig1,par_cod_asig2,par_cod_asig3 FROM tblaca009 WHERE pensum='5' AND c_uni_ca='2' AND c_asigna='300318' [1][0] OK
C:[01/08/2014 19:13:59.69][190.204.106.218][1312] SELECT horas_lab FROM tblaca008 WHERE c_asigna='300318' AND horas_teoricas > 0 [1][0] OK
C:[01/08/2014 19:15:46.67][179.21.164.201][1138] SELECT pre_cod_asig1,pre_cod_asig2,pre_cod_asig3,pre_cod_asig4,pre_cod_asig5,pre_cod_asig6,pre_cod_asig7 FROM tblaca009 WHERE pensum='5' AND c_uni_ca='4' AND c_asigna='333830' [1][0] OK
C:[01/08/2014 19:15:46.67][179.21.164.201][1151] SELECT c_asigna FROM dace004 WHERE exp_e='06-17040368' AND c_asigna='333710' AND status IN ('0','3','B','C') [1][0] OK
C:[01/08/2014 19:15:46.67][179.21.164.201][1151] SELECT c_asigna FROM dace004 WHERE exp_e='06-17040368' AND c_asigna='333782' AND status IN ('0','3','B','C') [1][0] OK
C:[01/08/2014 19:15:46.55][179.21.164.201][1182] SELECT par_cod_asig1,par_cod_asig2,par_cod_asig3 FROM tblaca009 WHERE pensum='5' AND c_uni_ca='4' AND c_asigna='333830' [1][0] OK
C:[01/08/2014 19:15:46.69][179.21.164.201][1312] SELECT horas_lab FROM tblaca008 WHERE c_asigna='333830' AND horas_teoricas > 0 [1][0] OK
C:[01/08/2014 19:20:50.00][186.88.111.231][1138] SELECT pre_cod_asig1,pre_cod_asig2,pre_cod_asig3,pre_cod_asig4,pre_cod_asig5,pre_cod_asig6,pre_cod_asig7 FROM tblaca009 WHERE pensum='5' AND c_uni_ca='3' AND c_asigna='300313' [1][0] OK
C:[01/08/2014 19:20:50.00][186.88.111.231][1151] SELECT c_asigna FROM dace004 WHERE exp_e='11-25034269' AND c_asigna='300213' AND status IN ('0','3','B','C') [1][0] OK
C:[01/08/2014 19:20:50.00][186.88.111.231][1151] SELECT c_asigna FROM dace004 WHERE exp_e='11-25034269' AND c_asigna='300226' AND status IN ('0','3','B','C') [1][0] OK
C:[01/08/2014 19:20:50.00][186.88.111.231][1151] SELECT c_asigna FROM dace004 WHERE exp_e='11-25034269' AND c_asigna='300222' AND status IN ('0','3','B','C') [1][0] OK
C:[01/08/2014 19:20:50.00][186.88.111.231][1151] SELECT c_asigna FROM dace004 WHERE exp_e='11-25034269' AND c_asigna='300209' AND status IN ('0','3','B','C') [1][0] OK
C:[01/08/2014 19:20:50.00][186.88.111.231][1138] SELECT pre_cod_asig1,pre_cod_asig2,pre_cod_asig3,pre_cod_asig4,pre_cod_asig5,pre_cod_asig6,pre_cod_asig7 FROM tblaca009 WHERE pensum='5' AND c_uni_ca='3' AND c_asigna='300317' [1][0] OK
C:[01/08/2014 19:20:50.00][186.88.111.231][1151] SELECT c_asigna FROM dace004 WHERE exp_e='11-25034269' AND c_asigna='300207' AND status IN ('0','3','B','C') [1][0] OK
C:[01/08/2014 19:20:50.00][186.88.111.231][1151] SELECT c_asigna FROM dace004 WHERE exp_e='11-25034269' AND c_asigna='300209' AND status IN ('0','3','B','C') [1][0] OK
C:[01/08/2014 19:20:51.69][186.88.111.231][1182] SELECT par_cod_asig1,par_cod_asig2,par_cod_asig3 FROM tblaca009 WHERE pensum='5' AND c_uni_ca='3' AND c_asigna='300313' [1][0] OK
C:[01/08/2014 19:20:51.69][186.88.111.231][1182] SELECT par_cod_asig1,par_cod_asig2,par_cod_asig3 FROM tblaca009 WHERE pensum='5' AND c_uni_ca='3' AND c_asigna='300317' [1][0] OK
C:[01/08/2014 19:20:51.95][186.88.111.231][1312] SELECT horas_lab FROM tblaca008 WHERE c_asigna='300313' AND horas_teoricas > 0 [1][0] OK
C:[01/08/2014 19:20:51.95][186.88.111.231][1312] SELECT horas_lab FROM tblaca008 WHERE c_asigna='300317' AND horas_teoricas > 0 [1][0] OK
C:[01/08/2014 19:21:05.66][181.225.61.238][1138] SELECT pre_cod_asig1,pre_cod_asig2,pre_cod_asig3,pre_cod_asig4,pre_cod_asig5,pre_cod_asig6,pre_cod_asig7 FROM tblaca009 WHERE pensum='5' AND c_uni_ca='5' AND c_asigna='300209' [1][0] OK
C:[01/08/2014 19:21:05.66][181.225.61.238][1151] SELECT c_asigna FROM dace004 WHERE exp_e='13-25355172' AND c_asigna='300101' AND status IN ('0','3','B','C') [1][0] OK
C:[01/08/2014 19:21:05.16][181.225.61.238][1182] SELECT par_cod_asig1,par_cod_asig2,par_cod_asig3 FROM tblaca009 WHERE pensum='5' AND c_uni_ca='5' AND c_asigna='300209' [1][0] OK
C:[01/08/2014 19:21:05.30][181.225.61.238][1312] SELECT horas_lab FROM tblaca008 WHERE c_asigna='300209' AND horas_teoricas > 0 [1][0] OK
C:[01/08/2014 19:22:46.51][181.183.172.25][1138] SELECT pre_cod_asig1,pre_cod_asig2,pre_cod_asig3,pre_cod_asig4,pre_cod_asig5,pre_cod_asig6,pre_cod_asig7 FROM tblaca009 WHERE pensum='5' AND c_uni_ca='4' AND c_asigna='300313' [1][0] OK
C:[01/08/2014 19:22:46.51][181.183.172.25][1151] SELECT c_asigna FROM dace004 WHERE exp_e='11-24848686' AND c_asigna='300213' AND status IN ('0','3','B','C') [1][0] OK
C:[01/08/2014 19:22:46.51][181.183.172.25][1151] SELECT c_asigna FROM dace004 WHERE exp_e='11-24848686' AND c_asigna='300226' AND status IN ('0','3','B','C') [1][0] OK
C:[01/08/2014 19:22:46.51][181.183.172.25][1151] SELECT c_asigna FROM dace004 WHERE exp_e='11-24848686' AND c_asigna='300222' AND status IN ('0','3','B','C') [1][0] OK
C:[01/08/2014 19:22:46.51][181.183.172.25][1151] SELECT c_asigna FROM dace004 WHERE exp_e='11-24848686' AND c_asigna='300209' AND status IN ('0','3','B','C') [1][0] OK
C:[01/08/2014 19:22:46.51][181.183.172.25][1138] SELECT pre_cod_asig1,pre_cod_asig2,pre_cod_asig3,pre_cod_asig4,pre_cod_asig5,pre_cod_asig6,pre_cod_asig7 FROM tblaca009 WHERE pensum='5' AND c_uni_ca='4' AND c_asigna='333440' [1][0] OK
C:[01/08/2014 19:22:46.51][181.183.172.25][1151] SELECT c_asigna FROM dace004 WHERE exp_e='11-24848686' AND c_asigna='300317' AND status IN ('0','3','B','C') [1][0] OK
C:[01/08/2014 19:22:46.51][181.183.172.25][1151] SELECT c_asigna FROM dace004 WHERE exp_e='11-24848686' AND c_asigna='330310' AND status IN ('0','3','B','C') [1][0] OK
C:[01/08/2014 19:22:46.51][181.183.172.25][1151] SELECT c_asigna FROM dace004 WHERE exp_e='11-24848686' AND c_asigna='300209' AND status IN ('0','3','B','C') [1][0] OK
C:[01/08/2014 19:22:47.32][181.183.172.25][1182] SELECT par_cod_asig1,par_cod_asig2,par_cod_asig3 FROM tblaca009 WHERE pensum='5' AND c_uni_ca='4' AND c_asigna='300313' [1][0] OK
C:[01/08/2014 19:22:47.32][181.183.172.25][1182] SELECT par_cod_asig1,par_cod_asig2,par_cod_asig3 FROM tblaca009 WHERE pensum='5' AND c_uni_ca='4' AND c_asigna='333440' [1][0] OK
C:[01/08/2014 19:22:47.32][181.183.172.25][1196] SELECT c_asigna FROM dace004 WHERE exp_e='11-24848686' AND c_asigna='333441' AND status IN ('0','3','B','C') [1][0] OK
C:[01/08/2014 19:22:47.71][181.183.172.25][1312] SELECT horas_lab FROM tblaca008 WHERE c_asigna='300313' AND horas_teoricas > 0 [1][0] OK
C:[01/08/2014 19:22:47.71][181.183.172.25][1312] SELECT horas_lab FROM tblaca008 WHERE c_asigna='333440' AND horas_teoricas > 0 [1][0] OK
C:[01/08/2014 19:28:45.99][190.201.105.156][1138] SELECT pre_cod_asig1,pre_cod_asig2,pre_cod_asig3,pre_cod_asig4,pre_cod_asig5,pre_cod_asig6,pre_cod_asig7 FROM tblaca009 WHERE pensum='5' AND c_uni_ca='6' AND c_asigna='344565' [1][0] OK
C:[01/08/2014 19:28:45.99][190.201.105.156][1151] SELECT c_asigna FROM dace004 WHERE exp_e='09-20495480' AND c_asigna='344445' AND status IN ('0','3','B','C') [1][0] OK
C:[01/08/2014 19:28:45.99][190.201.105.156][1138] SELECT pre_cod_asig1,pre_cod_asig2,pre_cod_asig3,pre_cod_asig4,pre_cod_asig5,pre_cod_asig6,pre_cod_asig7 FROM tblaca009 WHERE pensum='5' AND c_uni_ca='6' AND c_asigna='344566' [1][0] OK
C:[01/08/2014 19:28:45.99][190.201.105.156][1151] SELECT c_asigna FROM dace004 WHERE exp_e='09-20495480' AND c_asigna='344446' AND status IN ('0','3','B','C') [1][0] OK
C:[01/08/2014 19:28:45.99][190.201.105.156][1151] SELECT c_asigna FROM dace004 WHERE exp_e='09-20495480' AND c_asigna='300428' AND status IN ('0','3','B','C') [1][0] OK
C:[01/08/2014 19:28:45.99][190.201.105.156][1151] SELECT c_asigna FROM dace004 WHERE exp_e='09-20495480' AND c_asigna='300209' AND status IN ('0','3','B','C') [1][0] OK
C:[01/08/2014 19:28:45.99][190.201.105.156][1151] SELECT c_asigna FROM dace004 WHERE exp_e='09-20495480' AND c_asigna='300222' AND status IN ('0','3','B','C') [1][0] OK
C:[01/08/2014 19:28:45.99][190.201.105.156][1151] SELECT c_asigna FROM dace004 WHERE exp_e='09-20495480' AND c_asigna='300226' AND status IN ('0','3','B','C') [1][0] OK
C:[01/08/2014 19:28:45.99][190.201.105.156][1151] SELECT c_asigna FROM dace004 WHERE exp_e='09-20495480' AND c_asigna='300317' AND status IN ('0','3','B','C') [1][0] OK
C:[01/08/2014 19:28:45.99][190.201.105.156][1151] SELECT c_asigna FROM dace004 WHERE exp_e='09-20495480' AND c_asigna='300313' AND status IN ('0','3','B','C') [1][0] OK
C:[01/08/2014 19:28:45.93][190.201.105.156][1182] SELECT par_cod_asig1,par_cod_asig2,par_cod_asig3 FROM tblaca009 WHERE pensum='5' AND c_uni_ca='6' AND c_asigna='344565' [1][0] OK
C:[01/08/2014 19:28:45.93][190.201.105.156][1182] SELECT par_cod_asig1,par_cod_asig2,par_cod_asig3 FROM tblaca009 WHERE pensum='5' AND c_uni_ca='6' AND c_asigna='344566' [1][0] OK
C:[01/08/2014 19:28:45.19][190.201.105.156][1312] SELECT horas_lab FROM tblaca008 WHERE c_asigna='344565' AND horas_teoricas > 0 [1][0] OK
C:[01/08/2014 19:28:45.19][190.201.105.156][1312] SELECT horas_lab FROM tblaca008 WHERE c_asigna='344566' AND horas_teoricas > 0 [1][0] OK
C:[01/08/2014 19:37:33.68][186.90.24.142][1138] SELECT pre_cod_asig1,pre_cod_asig2,pre_cod_asig3,pre_cod_asig4,pre_cod_asig5,pre_cod_asig6,pre_cod_asig7 FROM tblaca009 WHERE pensum='5' AND c_uni_ca='4' AND c_asigna='300213' [1][0] OK
C:[01/08/2014 19:37:33.68][186.90.24.142][1151] SELECT c_asigna FROM dace004 WHERE exp_e='10-18569066' AND c_asigna='300101' AND status IN ('0','3','B','C') [1][0] OK
C:[01/08/2014 19:37:33.62][186.90.24.142][1182] SELECT par_cod_asig1,par_cod_asig2,par_cod_asig3 FROM tblaca009 WHERE pensum='5' AND c_uni_ca='4' AND c_asigna='300213' [1][0] OK
C:[01/08/2014 19:37:33.62][186.90.24.142][1196] SELECT c_asigna FROM dace004 WHERE exp_e='10-18569066' AND c_asigna='300209' AND status IN ('0','3','B','C') [1][0] OK
C:[01/08/2014 19:37:33.88][186.90.24.142][1312] SELECT horas_lab FROM tblaca008 WHERE c_asigna='300213' AND horas_teoricas > 0 [1][0] OK
C:[01/08/2014 19:38:45.24][186.90.24.142][1138] SELECT pre_cod_asig1,pre_cod_asig2,pre_cod_asig3,pre_cod_asig4,pre_cod_asig5,pre_cod_asig6,pre_cod_asig7 FROM tblaca009 WHERE pensum='5' AND c_uni_ca='4' AND c_asigna='300213' [1][0] OK
C:[01/08/2014 19:38:45.24][186.90.24.142][1151] SELECT c_asigna FROM dace004 WHERE exp_e='10-18569066' AND c_asigna='300101' AND status IN ('0','3','B','C') [1][0] OK
C:[01/08/2014 19:38:45.18][186.90.24.142][1182] SELECT par_cod_asig1,par_cod_asig2,par_cod_asig3 FROM tblaca009 WHERE pensum='5' AND c_uni_ca='4' AND c_asigna='300213' [1][0] OK
C:[01/08/2014 19:38:45.18][186.90.24.142][1196] SELECT c_asigna FROM dace004 WHERE exp_e='10-18569066' AND c_asigna='300209' AND status IN ('0','3','B','C') [1][0] OK
C:[01/08/2014 19:38:45.45][186.90.24.142][1312] SELECT horas_lab FROM tblaca008 WHERE c_asigna='300213' AND horas_teoricas > 0 [1][0] OK
C:[01/08/2014 19:39:32.50][186.88.165.206][1138] SELECT pre_cod_asig1,pre_cod_asig2,pre_cod_asig3,pre_cod_asig4,pre_cod_asig5,pre_cod_asig6,pre_cod_asig7 FROM tblaca009 WHERE pensum='5' AND c_uni_ca='2' AND c_asigna='300207' [1][0] OK
C:[01/08/2014 19:39:32.50][186.88.165.206][1151] SELECT c_asigna FROM dace004 WHERE exp_e='11-23121116' AND c_asigna='300101' AND status IN ('0','3','B','C') [1][0] OK
C:[01/08/2014 19:39:32.50][186.88.165.206][1138] SELECT pre_cod_asig1,pre_cod_asig2,pre_cod_asig3,pre_cod_asig4,pre_cod_asig5,pre_cod_asig6,pre_cod_asig7 FROM tblaca009 WHERE pensum='5' AND c_uni_ca='2' AND c_asigna='300228' [1][0] OK
C:[01/08/2014 19:39:32.50][186.88.165.206][1151] SELECT c_asigna FROM dace004 WHERE exp_e='11-23121116' AND c_asigna='300101' AND status IN ('0','3','B','C') [1][0] OK
C:[01/08/2014 19:39:32.69][186.88.165.206][1182] SELECT par_cod_asig1,par_cod_asig2,par_cod_asig3 FROM tblaca009 WHERE pensum='5' AND c_uni_ca='2' AND c_asigna='300207' [1][0] OK
C:[01/08/2014 19:39:32.69][186.88.165.206][1182] SELECT par_cod_asig1,par_cod_asig2,par_cod_asig3 FROM tblaca009 WHERE pensum='5' AND c_uni_ca='2' AND c_asigna='300228' [1][0] OK
C:[01/08/2014 19:39:32.95][186.88.165.206][1312] SELECT horas_lab FROM tblaca008 WHERE c_asigna='300207' AND horas_teoricas > 0 [1][0] OK
C:[01/08/2014 19:39:32.95][186.88.165.206][1312] SELECT horas_lab FROM tblaca008 WHERE c_asigna='300228' AND horas_teoricas > 0 [1][0] OK
C:[01/08/2014 19:40:37.70][190.37.100.249][1138] SELECT pre_cod_asig1,pre_cod_asig2,pre_cod_asig3,pre_cod_asig4,pre_cod_asig5,pre_cod_asig6,pre_cod_asig7 FROM tblaca009 WHERE pensum='5' AND c_uni_ca='2' AND c_asigna='300207' [1][0] OK
C:[01/08/2014 19:40:37.70][190.37.100.249][1151] SELECT c_asigna FROM dace004 WHERE exp_e='12-26753044' AND c_asigna='300101' AND status IN ('0','3','B','C') [1][0] OK
C:[01/08/2014 19:40:37.70][190.37.100.249][1138] SELECT pre_cod_asig1,pre_cod_asig2,pre_cod_asig3,pre_cod_asig4,pre_cod_asig5,pre_cod_asig6,pre_cod_asig7 FROM tblaca009 WHERE pensum='5' AND c_uni_ca='2' AND c_asigna='300209' [1][0] OK
C:[01/08/2014 19:40:37.70][190.37.100.249][1151] SELECT c_asigna FROM dace004 WHERE exp_e='12-26753044' AND c_asigna='300101' AND status IN ('0','3','B','C') [1][0] OK
C:[01/08/2014 19:40:37.89][190.37.100.249][1182] SELECT par_cod_asig1,par_cod_asig2,par_cod_asig3 FROM tblaca009 WHERE pensum='5' AND c_uni_ca='2' AND c_asigna='300207' [1][0] OK
C:[01/08/2014 19:40:37.89][190.37.100.249][1182] SELECT par_cod_asig1,par_cod_asig2,par_cod_asig3 FROM tblaca009 WHERE pensum='5' AND c_uni_ca='2' AND c_asigna='300209' [1][0] OK
C:[01/08/2014 19:40:38.15][190.37.100.249][1312] SELECT horas_lab FROM tblaca008 WHERE c_asigna='300207' AND horas_teoricas > 0 [1][0] OK
C:[01/08/2014 19:40:38.15][190.37.100.249][1312] SELECT horas_lab FROM tblaca008 WHERE c_asigna='300209' AND horas_teoricas > 0 [1][0] OK
C:[01/08/2014 19:47:19.82][186.89.180.136][1138] SELECT pre_cod_asig1,pre_cod_asig2,pre_cod_asig3,pre_cod_asig4,pre_cod_asig5,pre_cod_asig6,pre_cod_asig7 FROM tblaca009 WHERE pensum='5' AND c_uni_ca='2' AND c_asigna='322669' [1][0] OK
C:[01/08/2014 19:47:19.82][186.89.180.136][1151] SELECT c_asigna FROM dace004 WHERE exp_e='11-20976621' AND c_asigna='322558' AND status IN ('0','3','B','C') [1][0] OK
C:[01/08/2014 19:47:19.82][186.89.180.136][1151] SELECT c_asigna FROM dace004 WHERE exp_e='11-20976621' AND c_asigna='323528' AND status IN ('0','3','B','C') [1][0] OK
C:[01/08/2014 19:47:19.82][186.89.180.136][1138] SELECT pre_cod_asig1,pre_cod_asig2,pre_cod_asig3,pre_cod_asig4,pre_cod_asig5,pre_cod_asig6,pre_cod_asig7 FROM tblaca009 WHERE pensum='5' AND c_uni_ca='2' AND c_asigna='322683' [1][0] OK
C:[01/08/2014 19:47:19.82][186.89.180.136][1151] SELECT c_asigna FROM dace004 WHERE exp_e='11-20976621' AND c_asigna='322560' AND status IN ('0','3','B','C') [1][0] OK
C:[01/08/2014 19:47:19.70][186.89.180.136][1182] SELECT par_cod_asig1,par_cod_asig2,par_cod_asig3 FROM tblaca009 WHERE pensum='5' AND c_uni_ca='2' AND c_asigna='322669' [1][0] OK
C:[01/08/2014 19:47:19.70][186.89.180.136][1182] SELECT par_cod_asig1,par_cod_asig2,par_cod_asig3 FROM tblaca009 WHERE pensum='5' AND c_uni_ca='2' AND c_asigna='322683' [1][0] OK
C:[01/08/2014 19:47:19.70][186.89.180.136][1196] SELECT c_asigna FROM dace004 WHERE exp_e='11-20976621' AND c_asigna='322681' AND status IN ('0','3','B','C') [1][0] OK
C:[01/08/2014 19:47:19.08][186.89.180.136][1312] SELECT horas_lab FROM tblaca008 WHERE c_asigna='322669' AND horas_teoricas > 0 [1][0] OK
C:[01/08/2014 19:47:19.08][186.89.180.136][1312] SELECT horas_lab FROM tblaca008 WHERE c_asigna='322683' AND horas_teoricas > 0 [1][0] OK
C:[01/08/2014 19:54:15.44][200.62.19.36][1138] SELECT pre_cod_asig1,pre_cod_asig2,pre_cod_asig3,pre_cod_asig4,pre_cod_asig5,pre_cod_asig6,pre_cod_asig7 FROM tblaca009 WHERE pensum='5' AND c_uni_ca='5' AND c_asigna='355721' [1][0] OK
C:[01/08/2014 19:54:15.44][200.62.19.36][1151] SELECT c_asigna FROM dace004 WHERE exp_e='11-24847626' AND c_asigna='355693' AND status IN ('0','3','B','C') [1][0] OK
C:[01/08/2014 19:54:15.44][200.62.19.36][1151] SELECT c_asigna FROM dace004 WHERE exp_e='11-24847626' AND c_asigna='355696' AND status IN ('0','3','B','C') [1][0] OK
C:[01/08/2014 19:54:15.44][200.62.19.36][1138] SELECT pre_cod_asig1,pre_cod_asig2,pre_cod_asig3,pre_cod_asig4,pre_cod_asig5,pre_cod_asig6,pre_cod_asig7 FROM tblaca009 WHERE pensum='5' AND c_uni_ca='5' AND c_asigna='355725' [1][0] OK
C:[01/08/2014 19:54:15.44][200.62.19.36][1151] SELECT c_asigna FROM dace004 WHERE exp_e='11-24847626' AND c_asigna='355693' AND status IN ('0','3','B','C') [1][0] OK
C:[01/08/2014 19:54:15.44][200.62.19.36][1151] SELECT c_asigna FROM dace004 WHERE exp_e='11-24847626' AND c_asigna='355692' AND status IN ('0','3','B','C') [1][0] OK
C:[01/08/2014 19:54:15.44][200.62.19.36][1138] SELECT pre_cod_asig1,pre_cod_asig2,pre_cod_asig3,pre_cod_asig4,pre_cod_asig5,pre_cod_asig6,pre_cod_asig7 FROM tblaca009 WHERE pensum='5' AND c_uni_ca='5' AND c_asigna='354852' [1][0] OK
C:[01/08/2014 19:54:15.57][200.62.19.36][1182] SELECT par_cod_asig1,par_cod_asig2,par_cod_asig3 FROM tblaca009 WHERE pensum='5' AND c_uni_ca='5' AND c_asigna='355721' [1][0] OK
C:[01/08/2014 19:54:15.57][200.62.19.36][1182] SELECT par_cod_asig1,par_cod_asig2,par_cod_asig3 FROM tblaca009 WHERE pensum='5' AND c_uni_ca='5' AND c_asigna='355725' [1][0] OK
C:[01/08/2014 19:54:15.57][200.62.19.36][1182] SELECT par_cod_asig1,par_cod_asig2,par_cod_asig3 FROM tblaca009 WHERE pensum='5' AND c_uni_ca='5' AND c_asigna='354852' [1][0] OK
C:[01/08/2014 19:54:15.95][200.62.19.36][1312] SELECT horas_lab FROM tblaca008 WHERE c_asigna='355721' AND horas_teoricas > 0 [1][0] OK
C:[01/08/2014 19:54:15.95][200.62.19.36][1312] SELECT horas_lab FROM tblaca008 WHERE c_asigna='355725' AND horas_teoricas > 0 [1][0] OK
C:[01/08/2014 19:54:15.95][200.62.19.36][1312] SELECT horas_lab FROM tblaca008 WHERE c_asigna='354852' AND horas_teoricas > 0 [1][0] OK
C:[01/08/2014 19:59:45.21][200.90.96.99][1138] SELECT pre_cod_asig1,pre_cod_asig2,pre_cod_asig3,pre_cod_asig4,pre_cod_asig5,pre_cod_asig6,pre_cod_asig7 FROM tblaca009 WHERE pensum='5' AND c_uni_ca='5' AND c_asigna='300207' [1][0] OK
C:[01/08/2014 19:59:45.21][200.90.96.99][1151] SELECT c_asigna FROM dace004 WHERE exp_e='12-21496734' AND c_asigna='300101' AND status IN ('0','3','B','C') [1][0] OK
C:[01/08/2014 19:59:45.21][200.90.96.99][1138] SELECT pre_cod_asig1,pre_cod_asig2,pre_cod_asig3,pre_cod_asig4,pre_cod_asig5,pre_cod_asig6,pre_cod_asig7 FROM tblaca009 WHERE pensum='5' AND c_uni_ca='5' AND c_asigna='300228' [1][0] OK
C:[01/08/2014 19:59:45.21][200.90.96.99][1151] SELECT c_asigna FROM dace004 WHERE exp_e='12-21496734' AND c_asigna='300101' AND status IN ('0','3','B','C') [1][0] OK
C:[01/08/2014 19:59:45.86][200.90.96.99][1182] SELECT par_cod_asig1,par_cod_asig2,par_cod_asig3 FROM tblaca009 WHERE pensum='5' AND c_uni_ca='5' AND c_asigna='300207' [1][0] OK
C:[01/08/2014 19:59:45.86][200.90.96.99][1182] SELECT par_cod_asig1,par_cod_asig2,par_cod_asig3 FROM tblaca009 WHERE pensum='5' AND c_uni_ca='5' AND c_asigna='300228' [1][0] OK
C:[01/08/2014 19:59:45.12][200.90.96.99][1312] SELECT horas_lab FROM tblaca008 WHERE c_asigna='300207' AND horas_teoricas > 0 [1][0] OK
C:[01/08/2014 19:59:45.12][200.90.96.99][1312] SELECT horas_lab FROM tblaca008 WHERE c_asigna='300228' AND horas_teoricas > 0 [1][0] OK
C:[01/08/2014 20:05:38.00][186.88.166.115][1138] SELECT pre_cod_asig1,pre_cod_asig2,pre_cod_asig3,pre_cod_asig4,pre_cod_asig5,pre_cod_asig6,pre_cod_asig7 FROM tblaca009 WHERE pensum='5' AND c_uni_ca='3' AND c_asigna='300209' [1][0] OK
C:[01/08/2014 20:05:38.00][186.88.166.115][1151] SELECT c_asigna FROM dace004 WHERE exp_e='13-24409901' AND c_asigna='300101' AND status IN ('0','3','B','C') [1][0] OK
C:[01/08/2014 20:05:38.00][186.88.166.115][1138] SELECT pre_cod_asig1,pre_cod_asig2,pre_cod_asig3,pre_cod_asig4,pre_cod_asig5,pre_cod_asig6,pre_cod_asig7 FROM tblaca009 WHERE pensum='5' AND c_uni_ca='3' AND c_asigna='300226' [1][0] OK
C:[01/08/2014 20:05:38.00][186.88.166.115][1151] SELECT c_asigna FROM dace004 WHERE exp_e='13-24409901' AND c_asigna='300116' AND status IN ('0','3','B','C') [1][0] OK
C:[01/08/2014 20:05:38.19][186.88.166.115][1182] SELECT par_cod_asig1,par_cod_asig2,par_cod_asig3 FROM tblaca009 WHERE pensum='5' AND c_uni_ca='3' AND c_asigna='300209' [1][0] OK
C:[01/08/2014 20:05:38.19][186.88.166.115][1182] SELECT par_cod_asig1,par_cod_asig2,par_cod_asig3 FROM tblaca009 WHERE pensum='5' AND c_uni_ca='3' AND c_asigna='300226' [1][0] OK
C:[01/08/2014 20:05:38.45][186.88.166.115][1312] SELECT horas_lab FROM tblaca008 WHERE c_asigna='300209' AND horas_teoricas > 0 [1][0] OK
C:[01/08/2014 20:05:38.45][186.88.166.115][1312] SELECT horas_lab FROM tblaca008 WHERE c_asigna='300226' AND horas_teoricas > 0 [1][0] OK
C:[01/08/2014 20:07:39.16][186.167.242.129][1138] SELECT pre_cod_asig1,pre_cod_asig2,pre_cod_asig3,pre_cod_asig4,pre_cod_asig5,pre_cod_asig6,pre_cod_asig7 FROM tblaca009 WHERE pensum='5' AND c_uni_ca='3' AND c_asigna='300313' [1][0] OK
C:[01/08/2014 20:07:39.16][186.167.242.129][1151] SELECT c_asigna FROM dace004 WHERE exp_e='12-24963882' AND c_asigna='300213' AND status IN ('0','3','B','C') [1][0] OK
C:[01/08/2014 20:07:39.16][186.167.242.129][1151] SELECT c_asigna FROM dace004 WHERE exp_e='12-24963882' AND c_asigna='300226' AND status IN ('0','3','B','C') [1][0] OK
C:[01/08/2014 20:07:39.16][186.167.242.129][1151] SELECT c_asigna FROM dace004 WHERE exp_e='12-24963882' AND c_asigna='300222' AND status IN ('0','3','B','C') [1][0] OK
C:[01/08/2014 20:07:39.16][186.167.242.129][1151] SELECT c_asigna FROM dace004 WHERE exp_e='12-24963882' AND c_asigna='300209' AND status IN ('0','3','B','C') [1][0] OK
C:[01/08/2014 20:07:39.16][186.167.242.129][1138] SELECT pre_cod_asig1,pre_cod_asig2,pre_cod_asig3,pre_cod_asig4,pre_cod_asig5,pre_cod_asig6,pre_cod_asig7 FROM tblaca009 WHERE pensum='5' AND c_uni_ca='3' AND c_asigna='300318' [1][0] OK
C:[01/08/2014 20:07:39.16][186.167.242.129][1151] SELECT c_asigna FROM dace004 WHERE exp_e='12-24963882' AND c_asigna='300228' AND status IN ('0','3','B','C') [1][0] OK
C:[01/08/2014 20:07:39.16][186.167.242.129][1151] SELECT c_asigna FROM dace004 WHERE exp_e='12-24963882' AND c_asigna='300207' AND status IN ('0','3','B','C') [1][0] OK
C:[01/08/2014 20:07:39.16][186.167.242.129][1151] SELECT c_asigna FROM dace004 WHERE exp_e='12-24963882' AND c_asigna='300218' AND status IN ('0','3','B','C') [1][0] OK
C:[01/08/2014 20:07:39.98][186.167.242.129][1182] SELECT par_cod_asig1,par_cod_asig2,par_cod_asig3 FROM tblaca009 WHERE pensum='5' AND c_uni_ca='3' AND c_asigna='300313' [1][0] OK
C:[01/08/2014 20:07:39.98][186.167.242.129][1182] SELECT par_cod_asig1,par_cod_asig2,par_cod_asig3 FROM tblaca009 WHERE pensum='5' AND c_uni_ca='3' AND c_asigna='300318' [1][0] OK
C:[01/08/2014 20:07:39.24][186.167.242.129][1312] SELECT horas_lab FROM tblaca008 WHERE c_asigna='300313' AND horas_teoricas > 0 [1][0] OK
C:[01/08/2014 20:07:39.24][186.167.242.129][1312] SELECT horas_lab FROM tblaca008 WHERE c_asigna='300318' AND horas_teoricas > 0 [1][0] OK
C:[01/08/2014 20:09:43.77][190.200.3.39][1138] SELECT pre_cod_asig1,pre_cod_asig2,pre_cod_asig3,pre_cod_asig4,pre_cod_asig5,pre_cod_asig6,pre_cod_asig7 FROM tblaca009 WHERE pensum='5' AND c_uni_ca='4' AND c_asigna='300101' [1][0] OK
C:[01/08/2014 20:09:43.58][190.200.3.39][1182] SELECT par_cod_asig1,par_cod_asig2,par_cod_asig3 FROM tblaca009 WHERE pensum='5' AND c_uni_ca='4' AND c_asigna='300101' [1][0] OK
C:[01/08/2014 20:09:43.72][190.200.3.39][1312] SELECT horas_lab FROM tblaca008 WHERE c_asigna='300101' AND horas_teoricas > 0 [1][0] OK
C:[01/08/2014 20:15:22.99][186.167.242.116][1138] SELECT pre_cod_asig1,pre_cod_asig2,pre_cod_asig3,pre_cod_asig4,pre_cod_asig5,pre_cod_asig6,pre_cod_asig7 FROM tblaca009 WHERE pensum='5' AND c_uni_ca='3' AND c_asigna='300313' [1][0] OK
C:[01/08/2014 20:15:22.99][186.167.242.116][1151] SELECT c_asigna FROM dace004 WHERE exp_e='12-24963882' AND c_asigna='300213' AND status IN ('0','3','B','C') [1][0] OK
C:[01/08/2014 20:15:22.99][186.167.242.116][1151] SELECT c_asigna FROM dace004 WHERE exp_e='12-24963882' AND c_asigna='300226' AND status IN ('0','3','B','C') [1][0] OK
C:[01/08/2014 20:15:22.99][186.167.242.116][1151] SELECT c_asigna FROM dace004 WHERE exp_e='12-24963882' AND c_asigna='300222' AND status IN ('0','3','B','C') [1][0] OK
C:[01/08/2014 20:15:22.99][186.167.242.116][1151] SELECT c_asigna FROM dace004 WHERE exp_e='12-24963882' AND c_asigna='300209' AND status IN ('0','3','B','C') [1][0] OK
C:[01/08/2014 20:15:22.99][186.167.242.116][1138] SELECT pre_cod_asig1,pre_cod_asig2,pre_cod_asig3,pre_cod_asig4,pre_cod_asig5,pre_cod_asig6,pre_cod_asig7 FROM tblaca009 WHERE pensum='5' AND c_uni_ca='3' AND c_asigna='300318' [1][0] OK
C:[01/08/2014 20:15:22.99][186.167.242.116][1151] SELECT c_asigna FROM dace004 WHERE exp_e='12-24963882' AND c_asigna='300228' AND status IN ('0','3','B','C') [1][0] OK
C:[01/08/2014 20:15:22.99][186.167.242.116][1151] SELECT c_asigna FROM dace004 WHERE exp_e='12-24963882' AND c_asigna='300207' AND status IN ('0','3','B','C') [1][0] OK
C:[01/08/2014 20:15:22.99][186.167.242.116][1151] SELECT c_asigna FROM dace004 WHERE exp_e='12-24963882' AND c_asigna='300218' AND status IN ('0','3','B','C') [1][0] OK
C:[01/08/2014 20:15:22.81][186.167.242.116][1182] SELECT par_cod_asig1,par_cod_asig2,par_cod_asig3 FROM tblaca009 WHERE pensum='5' AND c_uni_ca='3' AND c_asigna='300313' [1][0] OK
C:[01/08/2014 20:15:22.81][186.167.242.116][1182] SELECT par_cod_asig1,par_cod_asig2,par_cod_asig3 FROM tblaca009 WHERE pensum='5' AND c_uni_ca='3' AND c_asigna='300318' [1][0] OK
C:[01/08/2014 20:15:22.06][186.167.242.116][1312] SELECT horas_lab FROM tblaca008 WHERE c_asigna='300313' AND horas_teoricas > 0 [1][0] OK
C:[01/08/2014 20:15:22.06][186.167.242.116][1312] SELECT horas_lab FROM tblaca008 WHERE c_asigna='300318' AND horas_teoricas > 0 [1][0] OK
C:[01/08/2014 20:17:41.63][200.62.19.36][1138] SELECT pre_cod_asig1,pre_cod_asig2,pre_cod_asig3,pre_cod_asig4,pre_cod_asig5,pre_cod_asig6,pre_cod_asig7 FROM tblaca009 WHERE pensum='5' AND c_uni_ca='6' AND c_asigna='300318' [1][0] OK
C:[01/08/2014 20:17:41.63][200.62.19.36][1151] SELECT c_asigna FROM dace004 WHERE exp_e='11-22831347' AND c_asigna='300228' AND status IN ('0','3','B','C') [1][0] OK
C:[01/08/2014 20:17:41.63][200.62.19.36][1151] SELECT c_asigna FROM dace004 WHERE exp_e='11-22831347' AND c_asigna='300207' AND status IN ('0','3','B','C') [1][0] OK
C:[01/08/2014 20:17:41.63][200.62.19.36][1151] SELECT c_asigna FROM dace004 WHERE exp_e='11-22831347' AND c_asigna='300218' AND status IN ('0','3','B','C') [1][0] OK
C:[01/08/2014 20:17:41.63][200.62.19.36][1138] SELECT pre_cod_asig1,pre_cod_asig2,pre_cod_asig3,pre_cod_asig4,pre_cod_asig5,pre_cod_asig6,pre_cod_asig7 FROM tblaca009 WHERE pensum='5' AND c_uni_ca='6' AND c_asigna='300428' [1][0] OK
C:[01/08/2014 20:17:41.63][200.62.19.36][1151] SELECT c_asigna FROM dace004 WHERE exp_e='11-22831347' AND c_asigna='300317' AND status IN ('0','3','B','C') [1][0] OK
C:[01/08/2014 20:17:41.63][200.62.19.36][1151] SELECT c_asigna FROM dace004 WHERE exp_e='11-22831347' AND c_asigna='300209' AND status IN ('0','3','B','C') [1][0] OK
C:[01/08/2014 20:17:41.63][200.62.19.36][1138] SELECT pre_cod_asig1,pre_cod_asig2,pre_cod_asig3,pre_cod_asig4,pre_cod_asig5,pre_cod_asig6,pre_cod_asig7 FROM tblaca009 WHERE pensum='5' AND c_uni_ca='6' AND c_asigna='343568' [1][0] OK
C:[01/08/2014 20:17:41.63][200.62.19.36][1151] SELECT c_asigna FROM dace004 WHERE exp_e='11-22831347' AND c_asigna='340327' AND status IN ('0','3','B','C') [1][0] OK
C:[01/08/2014 20:17:42.45][200.62.19.36][1182] SELECT par_cod_asig1,par_cod_asig2,par_cod_asig3 FROM tblaca009 WHERE pensum='5' AND c_uni_ca='6' AND c_asigna='300318' [1][0] OK
C:[01/08/2014 20:17:42.45][200.62.19.36][1182] SELECT par_cod_asig1,par_cod_asig2,par_cod_asig3 FROM tblaca009 WHERE pensum='5' AND c_uni_ca='6' AND c_asigna='300428' [1][0] OK
C:[01/08/2014 20:17:42.45][200.62.19.36][1182] SELECT par_cod_asig1,par_cod_asig2,par_cod_asig3 FROM tblaca009 WHERE pensum='5' AND c_uni_ca='6' AND c_asigna='343568' [1][0] OK
C:[01/08/2014 20:17:42.84][200.62.19.36][1312] SELECT horas_lab FROM tblaca008 WHERE c_asigna='300318' AND horas_teoricas > 0 [1][0] OK
C:[01/08/2014 20:17:42.84][200.62.19.36][1312] SELECT horas_lab FROM tblaca008 WHERE c_asigna='300428' AND horas_teoricas > 0 [1][0] OK
C:[01/08/2014 20:17:42.84][200.62.19.36][1312] SELECT horas_lab FROM tblaca008 WHERE c_asigna='343568' AND horas_teoricas > 0 [1][0] OK
C:[01/08/2014 20:18:23.30][201.249.225.173][1138] SELECT pre_cod_asig1,pre_cod_asig2,pre_cod_asig3,pre_cod_asig4,pre_cod_asig5,pre_cod_asig6,pre_cod_asig7 FROM tblaca009 WHERE pensum='5' AND c_uni_ca='2' AND c_asigna='300101' [1][0] OK
C:[01/08/2014 20:18:23.67][201.249.225.173][1182] SELECT par_cod_asig1,par_cod_asig2,par_cod_asig3 FROM tblaca009 WHERE pensum='5' AND c_uni_ca='2' AND c_asigna='300101' [1][0] OK
C:[01/08/2014 20:18:23.80][201.249.225.173][1312] SELECT horas_lab FROM tblaca008 WHERE c_asigna='300101' AND horas_teoricas > 0 [1][0] OK
C:[01/08/2014 20:19:04.79][190.37.37.53][1138] SELECT pre_cod_asig1,pre_cod_asig2,pre_cod_asig3,pre_cod_asig4,pre_cod_asig5,pre_cod_asig6,pre_cod_asig7 FROM tblaca009 WHERE pensum='5' AND c_uni_ca='2' AND c_asigna='322702' [1][0] OK
C:[01/08/2014 20:19:04.79][190.37.37.53][1151] SELECT c_asigna FROM dace004 WHERE exp_e='10-24559007' AND c_asigna='322683' AND status IN ('0','3','B','C') [1][0] OK
C:[01/08/2014 20:19:04.79][190.37.37.53][1151] SELECT c_asigna FROM dace004 WHERE exp_e='10-24559007' AND c_asigna='300313' AND status IN ('0','3','B','C') [1][0] OK
C:[01/08/2014 20:19:04.79][190.37.37.53][1138] SELECT pre_cod_asig1,pre_cod_asig2,pre_cod_asig3,pre_cod_asig4,pre_cod_asig5,pre_cod_asig6,pre_cod_asig7 FROM tblaca009 WHERE pensum='5' AND c_uni_ca='2' AND c_asigna='322801' [1][0] OK
C:[01/08/2014 20:19:04.79][190.37.37.53][1151] SELECT c_asigna FROM dace004 WHERE exp_e='10-24559007' AND c_asigna='322780' AND status IN ('0','3','B','C') [1][0] OK
C:[01/08/2014 20:19:04.79][190.37.37.53][1151] SELECT c_asigna FROM dace004 WHERE exp_e='10-24559007' AND c_asigna='322605' AND status IN ('0','3','B','C') [1][0] OK
C:[01/08/2014 20:19:04.22][190.37.37.53][1182] SELECT par_cod_asig1,par_cod_asig2,par_cod_asig3 FROM tblaca009 WHERE pensum='5' AND c_uni_ca='2' AND c_asigna='322702' [1][0] OK
C:[01/08/2014 20:19:04.22][190.37.37.53][1182] SELECT par_cod_asig1,par_cod_asig2,par_cod_asig3 FROM tblaca009 WHERE pensum='5' AND c_uni_ca='2' AND c_asigna='322801' [1][0] OK
C:[01/08/2014 20:19:04.48][190.37.37.53][1312] SELECT horas_lab FROM tblaca008 WHERE c_asigna='322702' AND horas_teoricas > 0 [1][0] OK
C:[01/08/2014 20:19:04.48][190.37.37.53][1312] SELECT horas_lab FROM tblaca008 WHERE c_asigna='322801' AND horas_teoricas > 0 [1][0] OK
C:[01/08/2014 20:21:24.34][201.243.100.100][1138] SELECT pre_cod_asig1,pre_cod_asig2,pre_cod_asig3,pre_cod_asig4,pre_cod_asig5,pre_cod_asig6,pre_cod_asig7 FROM tblaca009 WHERE pensum='5' AND c_uni_ca='3' AND c_asigna='300956' [1][0] OK
C:[01/08/2014 20:21:24.34][201.243.100.100][1151] SELECT c_asigna FROM dace004 WHERE exp_e='10-20806677' AND c_asigna='300422' AND status IN ('0','3','B','C') [1][0] OK
C:[01/08/2014 20:21:24.34][201.243.100.100][1151] SELECT c_asigna FROM dace004 WHERE exp_e='10-20806677' AND c_asigna='300105' AND status IN ('0','3','B','C') [1][0] OK
C:[01/08/2014 20:21:24.34][201.243.100.100][1151] SELECT c_asigna FROM dace004 WHERE exp_e='10-20806677' AND c_asigna='300314' AND status IN ('0','3','B','C') [1][0] OK
C:[01/08/2014 20:21:24.53][201.243.100.100][1182] SELECT par_cod_asig1,par_cod_asig2,par_cod_asig3 FROM tblaca009 WHERE pensum='5' AND c_uni_ca='3' AND c_asigna='300956' [1][0] OK
C:[01/08/2014 20:21:24.37][201.243.100.100][1312] SELECT horas_lab FROM tblaca008 WHERE c_asigna='300956' AND horas_teoricas > 0 [1][0] OK
C:[01/08/2014 20:25:05.12][200.62.19.36][1138] SELECT pre_cod_asig1,pre_cod_asig2,pre_cod_asig3,pre_cod_asig4,pre_cod_asig5,pre_cod_asig6,pre_cod_asig7 FROM tblaca009 WHERE pensum='5' AND c_uni_ca='6' AND c_asigna='300318' [1][0] OK
C:[01/08/2014 20:25:05.12][200.62.19.36][1151] SELECT c_asigna FROM dace004 WHERE exp_e='11-22831347' AND c_asigna='300228' AND status IN ('0','3','B','C') [1][0] OK
C:[01/08/2014 20:25:05.12][200.62.19.36][1151] SELECT c_asigna FROM dace004 WHERE exp_e='11-22831347' AND c_asigna='300207' AND status IN ('0','3','B','C') [1][0] OK
C:[01/08/2014 20:25:05.12][200.62.19.36][1151] SELECT c_asigna FROM dace004 WHERE exp_e='11-22831347' AND c_asigna='300218' AND status IN ('0','3','B','C') [1][0] OK
C:[01/08/2014 20:25:05.12][200.62.19.36][1138] SELECT pre_cod_asig1,pre_cod_asig2,pre_cod_asig3,pre_cod_asig4,pre_cod_asig5,pre_cod_asig6,pre_cod_asig7 FROM tblaca009 WHERE pensum='5' AND c_uni_ca='6' AND c_asigna='300428' [1][0] OK
C:[01/08/2014 20:25:05.12][200.62.19.36][1151] SELECT c_asigna FROM dace004 WHERE exp_e='11-22831347' AND c_asigna='300317' AND status IN ('0','3','B','C') [1][0] OK
C:[01/08/2014 20:25:05.12][200.62.19.36][1151] SELECT c_asigna FROM dace004 WHERE exp_e='11-22831347' AND c_asigna='300209' AND status IN ('0','3','B','C') [1][0] OK
C:[01/08/2014 20:25:05.12][200.62.19.36][1138] SELECT pre_cod_asig1,pre_cod_asig2,pre_cod_asig3,pre_cod_asig4,pre_cod_asig5,pre_cod_asig6,pre_cod_asig7 FROM tblaca009 WHERE pensum='5' AND c_uni_ca='6' AND c_asigna='343568' [1][0] OK
C:[01/08/2014 20:25:05.12][200.62.19.36][1151] SELECT c_asigna FROM dace004 WHERE exp_e='11-22831347' AND c_asigna='340327' AND status IN ('0','3','B','C') [1][0] OK
C:[01/08/2014 20:25:05.93][200.62.19.36][1182] SELECT par_cod_asig1,par_cod_asig2,par_cod_asig3 FROM tblaca009 WHERE pensum='5' AND c_uni_ca='6' AND c_asigna='300318' [1][0] OK
C:[01/08/2014 20:25:05.93][200.62.19.36][1182] SELECT par_cod_asig1,par_cod_asig2,par_cod_asig3 FROM tblaca009 WHERE pensum='5' AND c_uni_ca='6' AND c_asigna='300428' [1][0] OK
C:[01/08/2014 20:25:05.93][200.62.19.36][1182] SELECT par_cod_asig1,par_cod_asig2,par_cod_asig3 FROM tblaca009 WHERE pensum='5' AND c_uni_ca='6' AND c_asigna='343568' [1][0] OK
C:[01/08/2014 20:25:05.32][200.62.19.36][1312] SELECT horas_lab FROM tblaca008 WHERE c_asigna='300318' AND horas_teoricas > 0 [1][0] OK
C:[01/08/2014 20:25:05.32][200.62.19.36][1312] SELECT horas_lab FROM tblaca008 WHERE c_asigna='300428' AND horas_teoricas > 0 [1][0] OK
C:[01/08/2014 20:25:05.32][200.62.19.36][1312] SELECT horas_lab FROM tblaca008 WHERE c_asigna='343568' AND horas_teoricas > 0 [1][0] OK
C:[01/08/2014 20:25:33.16][190.198.84.76][1138] SELECT pre_cod_asig1,pre_cod_asig2,pre_cod_asig3,pre_cod_asig4,pre_cod_asig5,pre_cod_asig6,pre_cod_asig7 FROM tblaca009 WHERE pensum='5' AND c_uni_ca='2' AND c_asigna='300207' [1][0] OK
C:[01/08/2014 20:25:33.16][190.198.84.76][1151] SELECT c_asigna FROM dace004 WHERE exp_e='13-22818464' AND c_asigna='300101' AND status IN ('0','3','B','C') [1][0] OK
C:[01/08/2014 20:25:33.16][190.198.84.76][1138] SELECT pre_cod_asig1,pre_cod_asig2,pre_cod_asig3,pre_cod_asig4,pre_cod_asig5,pre_cod_asig6,pre_cod_asig7 FROM tblaca009 WHERE pensum='5' AND c_uni_ca='2' AND c_asigna='300209' [1][0] OK
C:[01/08/2014 20:25:33.16][190.198.84.76][1151] SELECT c_asigna FROM dace004 WHERE exp_e='13-22818464' AND c_asigna='300101' AND status IN ('0','3','B','C') [1][0] OK
C:[01/08/2014 20:25:33.35][190.198.84.76][1182] SELECT par_cod_asig1,par_cod_asig2,par_cod_asig3 FROM tblaca009 WHERE pensum='5' AND c_uni_ca='2' AND c_asigna='300207' [1][0] OK
C:[01/08/2014 20:25:33.35][190.198.84.76][1182] SELECT par_cod_asig1,par_cod_asig2,par_cod_asig3 FROM tblaca009 WHERE pensum='5' AND c_uni_ca='2' AND c_asigna='300209' [1][0] OK
C:[01/08/2014 20:25:33.61][190.198.84.76][1312] SELECT horas_lab FROM tblaca008 WHERE c_asigna='300207' AND horas_teoricas > 0 [1][0] OK
C:[01/08/2014 20:25:33.61][190.198.84.76][1312] SELECT horas_lab FROM tblaca008 WHERE c_asigna='300209' AND horas_teoricas > 0 [1][0] OK
C:[01/08/2014 20:28:01.28][201.249.225.173][1138] SELECT pre_cod_asig1,pre_cod_asig2,pre_cod_asig3,pre_cod_asig4,pre_cod_asig5,pre_cod_asig6,pre_cod_asig7 FROM tblaca009 WHERE pensum='5' AND c_uni_ca='2' AND c_asigna='300101' [1][0] OK
C:[01/08/2014 20:28:01.09][201.249.225.173][1182] SELECT par_cod_asig1,par_cod_asig2,par_cod_asig3 FROM tblaca009 WHERE pensum='5' AND c_uni_ca='2' AND c_asigna='300101' [1][0] OK
C:[01/08/2014 20:28:02.23][201.249.225.173][1312] SELECT horas_lab FROM tblaca008 WHERE c_asigna='300101' AND horas_teoricas > 0 [1][0] OK
C:[01/08/2014 20:30:12.07][190.37.237.195][1138] SELECT pre_cod_asig1,pre_cod_asig2,pre_cod_asig3,pre_cod_asig4,pre_cod_asig5,pre_cod_asig6,pre_cod_asig7 FROM tblaca009 WHERE pensum='5' AND c_uni_ca='3' AND c_asigna='300313' [1][0] OK
C:[01/08/2014 20:30:12.07][190.37.237.195][1151] SELECT c_asigna FROM dace004 WHERE exp_e='12-24963882' AND c_asigna='300213' AND status IN ('0','3','B','C') [1][0] OK
C:[01/08/2014 20:30:12.07][190.37.237.195][1151] SELECT c_asigna FROM dace004 WHERE exp_e='12-24963882' AND c_asigna='300226' AND status IN ('0','3','B','C') [1][0] OK
C:[01/08/2014 20:30:12.07][190.37.237.195][1151] SELECT c_asigna FROM dace004 WHERE exp_e='12-24963882' AND c_asigna='300222' AND status IN ('0','3','B','C') [1][0] OK
C:[01/08/2014 20:30:12.07][190.37.237.195][1151] SELECT c_asigna FROM dace004 WHERE exp_e='12-24963882' AND c_asigna='300209' AND status IN ('0','3','B','C') [1][0] OK
C:[01/08/2014 20:30:12.07][190.37.237.195][1138] SELECT pre_cod_asig1,pre_cod_asig2,pre_cod_asig3,pre_cod_asig4,pre_cod_asig5,pre_cod_asig6,pre_cod_asig7 FROM tblaca009 WHERE pensum='5' AND c_uni_ca='3' AND c_asigna='300318' [1][0] OK
C:[01/08/2014 20:30:12.07][190.37.237.195][1151] SELECT c_asigna FROM dace004 WHERE exp_e='12-24963882' AND c_asigna='300228' AND status IN ('0','3','B','C') [1][0] OK
C:[01/08/2014 20:30:12.07][190.37.237.195][1151] SELECT c_asigna FROM dace004 WHERE exp_e='12-24963882' AND c_asigna='300207' AND status IN ('0','3','B','C') [1][0] OK
C:[01/08/2014 20:30:12.07][190.37.237.195][1151] SELECT c_asigna FROM dace004 WHERE exp_e='12-24963882' AND c_asigna='300218' AND status IN ('0','3','B','C') [1][0] OK
C:[01/08/2014 20:30:12.89][190.37.237.195][1182] SELECT par_cod_asig1,par_cod_asig2,par_cod_asig3 FROM tblaca009 WHERE pensum='5' AND c_uni_ca='3' AND c_asigna='300313' [1][0] OK
C:[01/08/2014 20:30:12.89][190.37.237.195][1182] SELECT par_cod_asig1,par_cod_asig2,par_cod_asig3 FROM tblaca009 WHERE pensum='5' AND c_uni_ca='3' AND c_asigna='300318' [1][0] OK
C:[01/08/2014 20:30:12.15][190.37.237.195][1312] SELECT horas_lab FROM tblaca008 WHERE c_asigna='300313' AND horas_teoricas > 0 [1][0] OK
C:[01/08/2014 20:30:12.15][190.37.237.195][1312] SELECT horas_lab FROM tblaca008 WHERE c_asigna='300318' AND horas_teoricas > 0 [1][0] OK
C:[01/08/2014 20:31:05.08][190.79.13.223][1138] SELECT pre_cod_asig1,pre_cod_asig2,pre_cod_asig3,pre_cod_asig4,pre_cod_asig5,pre_cod_asig6,pre_cod_asig7 FROM tblaca009 WHERE pensum='5' AND c_uni_ca='2' AND c_asigna='322669' [1][0] OK
C:[01/08/2014 20:31:05.08][190.79.13.223][1151] SELECT c_asigna FROM dace004 WHERE exp_e='11-23730997' AND c_asigna='322558' AND status IN ('0','3','B','C') [1][0] OK
C:[01/08/2014 20:31:05.08][190.79.13.223][1151] SELECT c_asigna FROM dace004 WHERE exp_e='11-23730997' AND c_asigna='323528' AND status IN ('0','3','B','C') [1][0] OK
C:[01/08/2014 20:31:05.70][190.79.13.223][1182] SELECT par_cod_asig1,par_cod_asig2,par_cod_asig3 FROM tblaca009 WHERE pensum='5' AND c_uni_ca='2' AND c_asigna='322669' [1][0] OK
C:[01/08/2014 20:31:05.83][190.79.13.223][1312] SELECT horas_lab FROM tblaca008 WHERE c_asigna='322669' AND horas_teoricas > 0 [1][0] OK
C:[01/08/2014 20:34:51.84][200.62.19.36][1138] SELECT pre_cod_asig1,pre_cod_asig2,pre_cod_asig3,pre_cod_asig4,pre_cod_asig5,pre_cod_asig6,pre_cod_asig7 FROM tblaca009 WHERE pensum='5' AND c_uni_ca='2' AND c_asigna='300317' [1][0] OK
C:[01/08/2014 20:34:51.84][200.62.19.36][1151] SELECT c_asigna FROM dace004 WHERE exp_e='12-21111853' AND c_asigna='300207' AND status IN ('0','3','B','C') [1][0] OK
C:[01/08/2014 20:34:51.84][200.62.19.36][1151] SELECT c_asigna FROM dace004 WHERE exp_e='12-21111853' AND c_asigna='300209' AND status IN ('0','3','B','C') [1][0] OK
C:[01/08/2014 20:34:51.91][200.62.19.36][1182] SELECT par_cod_asig1,par_cod_asig2,par_cod_asig3 FROM tblaca009 WHERE pensum='5' AND c_uni_ca='2' AND c_asigna='300317' [1][0] OK
C:[01/08/2014 20:34:51.04][200.62.19.36][1312] SELECT horas_lab FROM tblaca008 WHERE c_asigna='300317' AND horas_teoricas > 0 [1][0] OK
C:[01/08/2014 20:35:34.80][186.26.227.145][1138] SELECT pre_cod_asig1,pre_cod_asig2,pre_cod_asig3,pre_cod_asig4,pre_cod_asig5,pre_cod_asig6,pre_cod_asig7 FROM tblaca009 WHERE pensum='5' AND c_uni_ca='4' AND c_asigna='333639' [1][0] OK
C:[01/08/2014 20:35:34.80][186.26.227.145][1151] SELECT c_asigna FROM dace004 WHERE exp_e='07-18386626' AND c_asigna='333585' AND status IN ('0','3','B','C') [1][0] OK
C:[01/08/2014 20:35:34.80][186.26.227.145][1138] SELECT pre_cod_asig1,pre_cod_asig2,pre_cod_asig3,pre_cod_asig4,pre_cod_asig5,pre_cod_asig6,pre_cod_asig7 FROM tblaca009 WHERE pensum='5' AND c_uni_ca='4' AND c_asigna='333782' [1][0] OK
C:[01/08/2014 20:35:34.80][186.26.227.145][1151] SELECT c_asigna FROM dace004 WHERE exp_e='07-18386626' AND c_asigna='333606' AND status IN ('0','3','B','C') [1][0] OK
C:[01/08/2014 20:35:34.99][186.26.227.145][1182] SELECT par_cod_asig1,par_cod_asig2,par_cod_asig3 FROM tblaca009 WHERE pensum='5' AND c_uni_ca='4' AND c_asigna='333639' [1][0] OK
C:[01/08/2014 20:35:34.99][186.26.227.145][1182] SELECT par_cod_asig1,par_cod_asig2,par_cod_asig3 FROM tblaca009 WHERE pensum='5' AND c_uni_ca='4' AND c_asigna='333782' [1][0] OK
C:[01/08/2014 20:35:34.25][186.26.227.145][1312] SELECT horas_lab FROM tblaca008 WHERE c_asigna='333639' AND horas_teoricas > 0 [1][0] OK
C:[01/08/2014 20:35:34.25][186.26.227.145][1312] SELECT horas_lab FROM tblaca008 WHERE c_asigna='333782' AND horas_teoricas > 0 [1][0] OK
C:[01/08/2014 20:36:42.01][186.89.153.224][1138] SELECT pre_cod_asig1,pre_cod_asig2,pre_cod_asig3,pre_cod_asig4,pre_cod_asig5,pre_cod_asig6,pre_cod_asig7 FROM tblaca009 WHERE pensum='5' AND c_uni_ca='2' AND c_asigna='322827' [1][0] OK
C:[01/08/2014 20:36:42.01][186.89.153.224][1151] SELECT c_asigna FROM dace004 WHERE exp_e='04-15241652' AND c_asigna='322703' AND status IN ('0','3','B','C') [1][0] OK
C:[01/08/2014 20:36:42.01][186.89.153.224][1151] SELECT c_asigna FROM dace004 WHERE exp_e='04-15241652' AND c_asigna='322782' AND status IN ('0','3','B','C') [1][0] OK
C:[01/08/2014 20:36:42.01][186.89.153.224][1151] SELECT c_asigna FROM dace004 WHERE exp_e='04-15241652' AND c_asigna='322449' AND status IN ('0','3','B','C') [1][0] OK
C:[01/08/2014 20:36:42.68][186.89.153.224][1182] SELECT par_cod_asig1,par_cod_asig2,par_cod_asig3 FROM tblaca009 WHERE pensum='5' AND c_uni_ca='2' AND c_asigna='322827' [1][0] OK
C:[01/08/2014 20:36:42.82][186.89.153.224][1312] SELECT horas_lab FROM tblaca008 WHERE c_asigna='322827' AND horas_teoricas > 0 [1][0] OK
C:[01/08/2014 20:40:58.78][181.182.177.166][1138] SELECT pre_cod_asig1,pre_cod_asig2,pre_cod_asig3,pre_cod_asig4,pre_cod_asig5,pre_cod_asig6,pre_cod_asig7 FROM tblaca009 WHERE pensum='5' AND c_uni_ca='2' AND c_asigna='322826' [1][0] OK
C:[01/08/2014 20:40:58.78][181.182.177.166][1151] SELECT c_asigna FROM dace004 WHERE exp_e='07-19333291' AND c_asigna='322702' AND status IN ('0','3','B','C') [1][0] OK
C:[01/08/2014 20:40:58.78][181.182.177.166][1138] SELECT pre_cod_asig1,pre_cod_asig2,pre_cod_asig3,pre_cod_asig4,pre_cod_asig5,pre_cod_asig6,pre_cod_asig7 FROM tblaca009 WHERE pensum='5' AND c_uni_ca='2' AND c_asigna='322904' [1][0] OK
C:[01/08/2014 20:40:58.78][181.182.177.166][1151] SELECT c_asigna FROM dace004 WHERE exp_e='07-19333291' AND c_asigna='322782' AND status IN ('0','3','B','C') [1][0] OK
C:[01/08/2014 20:40:58.78][181.182.177.166][1151] SELECT c_asigna FROM dace004 WHERE exp_e='07-19333291' AND c_asigna='322801' AND status IN ('0','3','B','C') [1][0] OK
C:[01/08/2014 20:40:58.78][181.182.177.166][1138] SELECT pre_cod_asig1,pre_cod_asig2,pre_cod_asig3,pre_cod_asig4,pre_cod_asig5,pre_cod_asig6,pre_cod_asig7 FROM tblaca009 WHERE pensum='5' AND c_uni_ca='2' AND c_asigna='322936' [1][0] OK
C:[01/08/2014 20:40:58.78][181.182.177.166][1151] SELECT c_asigna FROM dace004 WHERE exp_e='07-19333291' AND c_asigna='322801' AND status IN ('0','3','B','C') [1][0] OK
C:[01/08/2014 20:40:58.35][181.182.177.166][1182] SELECT par_cod_asig1,par_cod_asig2,par_cod_asig3 FROM tblaca009 WHERE pensum='5' AND c_uni_ca='2' AND c_asigna='322826' [1][0] OK
C:[01/08/2014 20:40:58.35][181.182.177.166][1182] SELECT par_cod_asig1,par_cod_asig2,par_cod_asig3 FROM tblaca009 WHERE pensum='5' AND c_uni_ca='2' AND c_asigna='322904' [1][0] OK
C:[01/08/2014 20:40:58.35][181.182.177.166][1182] SELECT par_cod_asig1,par_cod_asig2,par_cod_asig3 FROM tblaca009 WHERE pensum='5' AND c_uni_ca='2' AND c_asigna='322936' [1][0] OK
C:[01/08/2014 20:40:59.73][181.182.177.166][1312] SELECT horas_lab FROM tblaca008 WHERE c_asigna='322826' AND horas_teoricas > 0 [1][0] OK
C:[01/08/2014 20:40:59.73][181.182.177.166][1312] SELECT horas_lab FROM tblaca008 WHERE c_asigna='322904' AND horas_teoricas > 0 [1][0] OK
C:[01/08/2014 20:40:59.73][181.182.177.166][1312] SELECT horas_lab FROM tblaca008 WHERE c_asigna='322936' AND horas_teoricas > 0 [1][0] OK
C:[01/08/2014 20:42:27.64][190.205.153.124][1138] SELECT pre_cod_asig1,pre_cod_asig2,pre_cod_asig3,pre_cod_asig4,pre_cod_asig5,pre_cod_asig6,pre_cod_asig7 FROM tblaca009 WHERE pensum='5' AND c_uni_ca='2' AND c_asigna='322678' [1][0] OK
C:[01/08/2014 20:42:27.64][190.205.153.124][1151] SELECT c_asigna FROM dace004 WHERE exp_e='10-24559248' AND c_asigna='322559' AND status IN ('0','3','B','C') [1][0] OK
C:[01/08/2014 20:42:27.64][190.205.153.124][1138] SELECT pre_cod_asig1,pre_cod_asig2,pre_cod_asig3,pre_cod_asig4,pre_cod_asig5,pre_cod_asig6,pre_cod_asig7 FROM tblaca009 WHERE pensum='5' AND c_uni_ca='2' AND c_asigna='322782' [1][0] OK
C:[01/08/2014 20:42:27.64][190.205.153.124][1151] SELECT c_asigna FROM dace004 WHERE exp_e='10-24559248' AND c_asigna='322669' AND status IN ('0','3','B','C') [1][0] OK
C:[01/08/2014 20:42:27.64][190.205.153.124][1151] SELECT c_asigna FROM dace004 WHERE exp_e='10-24559248' AND c_asigna='322550' AND status IN ('0','3','B','C') [1][0] OK
C:[01/08/2014 20:42:27.95][190.205.153.124][1182] SELECT par_cod_asig1,par_cod_asig2,par_cod_asig3 FROM tblaca009 WHERE pensum='5' AND c_uni_ca='2' AND c_asigna='322678' [1][0] OK
C:[01/08/2014 20:42:27.95][190.205.153.124][1182] SELECT par_cod_asig1,par_cod_asig2,par_cod_asig3 FROM tblaca009 WHERE pensum='5' AND c_uni_ca='2' AND c_asigna='322782' [1][0] OK
C:[01/08/2014 20:42:27.21][190.205.153.124][1312] SELECT horas_lab FROM tblaca008 WHERE c_asigna='322678' AND horas_teoricas > 0 [1][0] OK
C:[01/08/2014 20:42:27.21][190.205.153.124][1312] SELECT horas_lab FROM tblaca008 WHERE c_asigna='322782' AND horas_teoricas > 0 [1][0] OK
C:[01/08/2014 20:44:18.15][186.90.220.156][1138] SELECT pre_cod_asig1,pre_cod_asig2,pre_cod_asig3,pre_cod_asig4,pre_cod_asig5,pre_cod_asig6,pre_cod_asig7 FROM tblaca009 WHERE pensum='5' AND c_uni_ca='6' AND c_asigna='300209' [1][0] OK
C:[01/08/2014 20:44:18.15][186.90.220.156][1151] SELECT c_asigna FROM dace004 WHERE exp_e='13-26048247' AND c_asigna='300101' AND status IN ('0','3','B','C') [1][0] OK
C:[01/08/2014 20:44:18.15][186.90.220.156][1138] SELECT pre_cod_asig1,pre_cod_asig2,pre_cod_asig3,pre_cod_asig4,pre_cod_asig5,pre_cod_asig6,pre_cod_asig7 FROM tblaca009 WHERE pensum='5' AND c_uni_ca='6' AND c_asigna='300207' [1][0] OK
C:[01/08/2014 20:44:18.15][186.90.220.156][1151] SELECT c_asigna FROM dace004 WHERE exp_e='13-26048247' AND c_asigna='300101' AND status IN ('0','3','B','C') [1][0] OK
C:[01/08/2014 20:44:18.33][186.90.220.156][1182] SELECT par_cod_asig1,par_cod_asig2,par_cod_asig3 FROM tblaca009 WHERE pensum='5' AND c_uni_ca='6' AND c_asigna='300209' [1][0] OK
C:[01/08/2014 20:44:18.33][186.90.220.156][1182] SELECT par_cod_asig1,par_cod_asig2,par_cod_asig3 FROM tblaca009 WHERE pensum='5' AND c_uni_ca='6' AND c_asigna='300207' [1][0] OK
C:[01/08/2014 20:44:18.60][186.90.220.156][1312] SELECT horas_lab FROM tblaca008 WHERE c_asigna='300209' AND horas_teoricas > 0 [1][0] OK
C:[01/08/2014 20:44:18.60][186.90.220.156][1312] SELECT horas_lab FROM tblaca008 WHERE c_asigna='300207' AND horas_teoricas > 0 [1][0] OK
C:[01/08/2014 20:47:31.76][186.167.243.74][1138] SELECT pre_cod_asig1,pre_cod_asig2,pre_cod_asig3,pre_cod_asig4,pre_cod_asig5,pre_cod_asig6,pre_cod_asig7 FROM tblaca009 WHERE pensum='5' AND c_uni_ca='6' AND c_asigna='342567' [1][0] OK
C:[01/08/2014 20:47:31.76][186.167.243.74][1151] SELECT c_asigna FROM dace004 WHERE exp_e='10-20805143' AND c_asigna='342444' AND status IN ('0','3','B','C') [1][0] OK
C:[01/08/2014 20:47:31.76][186.167.243.74][1138] SELECT pre_cod_asig1,pre_cod_asig2,pre_cod_asig3,pre_cod_asig4,pre_cod_asig5,pre_cod_asig6,pre_cod_asig7 FROM tblaca009 WHERE pensum='5' AND c_uni_ca='6' AND c_asigna='342559' [1][0] OK
C:[01/08/2014 20:47:31.76][186.167.243.74][1151] SELECT c_asigna FROM dace004 WHERE exp_e='10-20805143' AND c_asigna='342436' AND status IN ('0','3','B','C') [1][0] OK
C:[01/08/2014 20:47:31.76][186.167.243.74][1138] SELECT pre_cod_asig1,pre_cod_asig2,pre_cod_asig3,pre_cod_asig4,pre_cod_asig5,pre_cod_asig6,pre_cod_asig7 FROM tblaca009 WHERE pensum='5' AND c_uni_ca='6' AND c_asigna='344689' [1][0] OK
C:[01/08/2014 20:47:31.76][186.167.243.74][1151] SELECT c_asigna FROM dace004 WHERE exp_e='10-20805143' AND c_asigna='344566' AND status IN ('0','3','B','C') [1][0] OK
C:[01/08/2014 20:47:31.76][186.167.243.74][1151] SELECT c_asigna FROM dace004 WHERE exp_e='10-20805143' AND c_asigna='300313' AND status IN ('0','3','B','C') [1][0] OK
C:[01/08/2014 20:47:31.32][186.167.243.74][1182] SELECT par_cod_asig1,par_cod_asig2,par_cod_asig3 FROM tblaca009 WHERE pensum='5' AND c_uni_ca='6' AND c_asigna='342567' [1][0] OK
C:[01/08/2014 20:47:31.32][186.167.243.74][1182] SELECT par_cod_asig1,par_cod_asig2,par_cod_asig3 FROM tblaca009 WHERE pensum='5' AND c_uni_ca='6' AND c_asigna='342559' [1][0] OK
C:[01/08/2014 20:47:31.32][186.167.243.74][1182] SELECT par_cod_asig1,par_cod_asig2,par_cod_asig3 FROM tblaca009 WHERE pensum='5' AND c_uni_ca='6' AND c_asigna='344689' [1][0] OK
C:[01/08/2014 20:47:31.70][186.167.243.74][1312] SELECT horas_lab FROM tblaca008 WHERE c_asigna='342567' AND horas_teoricas > 0 [1][0] OK
C:[01/08/2014 20:47:31.70][186.167.243.74][1312] SELECT horas_lab FROM tblaca008 WHERE c_asigna='342559' AND horas_teoricas > 0 [1][0] OK
C:[01/08/2014 20:47:31.70][186.167.243.74][1312] SELECT horas_lab FROM tblaca008 WHERE c_asigna='344689' AND horas_teoricas > 0 [1][0] OK
C:[01/08/2014 20:48:04.25][190.74.187.111][1138] SELECT pre_cod_asig1,pre_cod_asig2,pre_cod_asig3,pre_cod_asig4,pre_cod_asig5,pre_cod_asig6,pre_cod_asig7 FROM tblaca009 WHERE pensum='5' AND c_uni_ca='6' AND c_asigna='344843' [1][0] OK
C:[01/08/2014 20:48:04.25][190.74.187.111][1151] SELECT c_asigna FROM dace004 WHERE exp_e='09-21339697' AND c_asigna='344714' AND status IN ('0','3','B','C') [1][0] OK
C:[01/08/2014 20:48:04.25][190.74.187.111][1151] SELECT c_asigna FROM dace004 WHERE exp_e='09-21339697' AND c_asigna='344715' AND status IN ('0','3','B','C') [1][0] OK
C:[01/08/2014 20:48:04.25][190.74.187.111][1151] SELECT c_asigna FROM dace004 WHERE exp_e='09-21339697' AND c_asigna='300313' AND status IN ('0','3','B','C') [1][0] OK
C:[01/08/2014 20:48:04.25][190.74.187.111][1138] SELECT pre_cod_asig1,pre_cod_asig2,pre_cod_asig3,pre_cod_asig4,pre_cod_asig5,pre_cod_asig6,pre_cod_asig7 FROM tblaca009 WHERE pensum='5' AND c_uni_ca='6' AND c_asigna='344834' [1][0] OK
C:[01/08/2014 20:48:04.25][190.74.187.111][1151] SELECT c_asigna FROM dace004 WHERE exp_e='09-21339697' AND c_asigna='344715' AND status IN ('0','3','B','C') [1][0] OK
C:[01/08/2014 20:48:04.25][190.74.187.111][1151] SELECT c_asigna FROM dace004 WHERE exp_e='09-21339697' AND c_asigna='344716' AND status IN ('0','3','B','C') [1][0] OK
C:[01/08/2014 20:48:04.94][190.74.187.111][1182] SELECT par_cod_asig1,par_cod_asig2,par_cod_asig3 FROM tblaca009 WHERE pensum='5' AND c_uni_ca='6' AND c_asigna='344843' [1][0] OK
C:[01/08/2014 20:48:04.94][190.74.187.111][1182] SELECT par_cod_asig1,par_cod_asig2,par_cod_asig3 FROM tblaca009 WHERE pensum='5' AND c_uni_ca='6' AND c_asigna='344834' [1][0] OK
C:[01/08/2014 20:48:04.20][190.74.187.111][1312] SELECT horas_lab FROM tblaca008 WHERE c_asigna='344843' AND horas_teoricas > 0 [1][0] OK
C:[01/08/2014 20:48:04.20][190.74.187.111][1312] SELECT horas_lab FROM tblaca008 WHERE c_asigna='344834' AND horas_teoricas > 0 [1][0] OK
C:[01/08/2014 20:48:40.80][186.90.220.156][1138] SELECT pre_cod_asig1,pre_cod_asig2,pre_cod_asig3,pre_cod_asig4,pre_cod_asig5,pre_cod_asig6,pre_cod_asig7 FROM tblaca009 WHERE pensum='5' AND c_uni_ca='2' AND c_asigna='300101' [1][0] OK
C:[01/08/2014 20:48:40.61][186.90.220.156][1182] SELECT par_cod_asig1,par_cod_asig2,par_cod_asig3 FROM tblaca009 WHERE pensum='5' AND c_uni_ca='2' AND c_asigna='300101' [1][0] OK
C:[01/08/2014 20:48:40.74][186.90.220.156][1312] SELECT horas_lab FROM tblaca008 WHERE c_asigna='300101' AND horas_teoricas > 0 [1][0] OK
C:[01/08/2014 20:57:08.16][190.206.254.225][1138] SELECT pre_cod_asig1,pre_cod_asig2,pre_cod_asig3,pre_cod_asig4,pre_cod_asig5,pre_cod_asig6,pre_cod_asig7 FROM tblaca009 WHERE pensum='5' AND c_uni_ca='6' AND c_asigna='300101' [1][0] OK
C:[01/08/2014 20:57:08.54][190.206.254.225][1182] SELECT par_cod_asig1,par_cod_asig2,par_cod_asig3 FROM tblaca009 WHERE pensum='5' AND c_uni_ca='6' AND c_asigna='300101' [1][0] OK
C:[01/08/2014 20:57:08.68][190.206.254.225][1312] SELECT horas_lab FROM tblaca008 WHERE c_asigna='300101' AND horas_teoricas > 0 [1][0] OK
C:[01/08/2014 21:14:49.08][201.243.109.91][1138] SELECT pre_cod_asig1,pre_cod_asig2,pre_cod_asig3,pre_cod_asig4,pre_cod_asig5,pre_cod_asig6,pre_cod_asig7 FROM tblaca009 WHERE pensum='5' AND c_uni_ca='6' AND c_asigna='300101' [1][0] OK
C:[01/08/2014 21:14:49.47][201.243.109.91][1182] SELECT par_cod_asig1,par_cod_asig2,par_cod_asig3 FROM tblaca009 WHERE pensum='5' AND c_uni_ca='6' AND c_asigna='300101' [1][0] OK
C:[01/08/2014 21:14:49.59][201.243.109.91][1312] SELECT horas_lab FROM tblaca008 WHERE c_asigna='300101' AND horas_teoricas > 0 [1][0] OK
C:[01/08/2014 21:25:01.39][190.75.178.32][1138] SELECT pre_cod_asig1,pre_cod_asig2,pre_cod_asig3,pre_cod_asig4,pre_cod_asig5,pre_cod_asig6,pre_cod_asig7 FROM tblaca009 WHERE pensum='5' AND c_uni_ca='2' AND c_asigna='300207' [1][0] OK
C:[01/08/2014 21:25:01.39][190.75.178.32][1151] SELECT c_asigna FROM dace004 WHERE exp_e='12-20885192' AND c_asigna='300101' AND status IN ('0','3','B','C') [1][0] OK
C:[01/08/2014 21:25:01.32][190.75.178.32][1182] SELECT par_cod_asig1,par_cod_asig2,par_cod_asig3 FROM tblaca009 WHERE pensum='5' AND c_uni_ca='2' AND c_asigna='300207' [1][0] OK
C:[01/08/2014 21:25:01.45][190.75.178.32][1312] SELECT horas_lab FROM tblaca008 WHERE c_asigna='300207' AND horas_teoricas > 0 [1][0] OK
C:[01/08/2014 21:29:44.36][186.90.41.222][1138] SELECT pre_cod_asig1,pre_cod_asig2,pre_cod_asig3,pre_cod_asig4,pre_cod_asig5,pre_cod_asig6,pre_cod_asig7 FROM tblaca009 WHERE pensum='5' AND c_uni_ca='6' AND c_asigna='344742' [1][0] OK
C:[01/08/2014 21:29:44.36][186.90.41.222][1151] SELECT c_asigna FROM dace004 WHERE exp_e='09-20507287' AND c_asigna='344688' AND status IN ('0','3','B','C') [1][0] OK
C:[01/08/2014 21:29:44.36][186.90.41.222][1151] SELECT c_asigna FROM dace004 WHERE exp_e='09-20507287' AND c_asigna='342679' AND status IN ('0','3','B','C') [1][0] OK
C:[01/08/2014 21:29:44.98][186.90.41.222][1182] SELECT par_cod_asig1,par_cod_asig2,par_cod_asig3 FROM tblaca009 WHERE pensum='5' AND c_uni_ca='6' AND c_asigna='344742' [1][0] OK
C:[01/08/2014 21:29:44.12][186.90.41.222][1312] SELECT horas_lab FROM tblaca008 WHERE c_asigna='344742' AND horas_teoricas > 0 [1][0] OK
C:[01/08/2014 21:31:28.12][190.37.34.70][1138] SELECT pre_cod_asig1,pre_cod_asig2,pre_cod_asig3,pre_cod_asig4,pre_cod_asig5,pre_cod_asig6,pre_cod_asig7 FROM tblaca009 WHERE pensum='5' AND c_uni_ca='6' AND c_asigna='343568' [1][0] OK
C:[01/08/2014 21:31:28.12][190.37.34.70][1151] SELECT c_asigna FROM dace004 WHERE exp_e='11-21379271' AND c_asigna='340327' AND status IN ('0','3','B','C') [1][0] OK
C:[01/08/2014 21:31:28.12][190.37.34.70][1138] SELECT pre_cod_asig1,pre_cod_asig2,pre_cod_asig3,pre_cod_asig4,pre_cod_asig5,pre_cod_asig6,pre_cod_asig7 FROM tblaca009 WHERE pensum='5' AND c_uni_ca='6' AND c_asigna='344565' [1][0] OK
C:[01/08/2014 21:31:28.12][190.37.34.70][1151] SELECT c_asigna FROM dace004 WHERE exp_e='11-21379271' AND c_asigna='344445' AND status IN ('0','3','B','C') [1][0] OK
C:[01/08/2014 21:31:28.31][190.37.34.70][1182] SELECT par_cod_asig1,par_cod_asig2,par_cod_asig3 FROM tblaca009 WHERE pensum='5' AND c_uni_ca='6' AND c_asigna='343568' [1][0] OK
C:[01/08/2014 21:31:28.31][190.37.34.70][1182] SELECT par_cod_asig1,par_cod_asig2,par_cod_asig3 FROM tblaca009 WHERE pensum='5' AND c_uni_ca='6' AND c_asigna='344565' [1][0] OK
C:[01/08/2014 21:31:28.57][190.37.34.70][1312] SELECT horas_lab FROM tblaca008 WHERE c_asigna='343568' AND horas_teoricas > 0 [1][0] OK
C:[01/08/2014 21:31:28.57][190.37.34.70][1312] SELECT horas_lab FROM tblaca008 WHERE c_asigna='344565' AND horas_teoricas > 0 [1][0] OK
C:[01/08/2014 21:38:11.21][181.182.236.57][1138] SELECT pre_cod_asig1,pre_cod_asig2,pre_cod_asig3,pre_cod_asig4,pre_cod_asig5,pre_cod_asig6,pre_cod_asig7 FROM tblaca009 WHERE pensum='5' AND c_uni_ca='4' AND c_asigna='300207' [1][0] OK
C:[01/08/2014 21:38:11.21][181.182.236.57][1151] SELECT c_asigna FROM dace004 WHERE exp_e='13-25266618' AND c_asigna='300101' AND status IN ('0','3','B','C') [1][0] OK
C:[01/08/2014 21:38:11.15][181.182.236.57][1182] SELECT par_cod_asig1,par_cod_asig2,par_cod_asig3 FROM tblaca009 WHERE pensum='5' AND c_uni_ca='4' AND c_asigna='300207' [1][0] OK
C:[01/08/2014 21:38:11.28][181.182.236.57][1312] SELECT horas_lab FROM tblaca008 WHERE c_asigna='300207' AND horas_teoricas > 0 [1][0] OK
C:[01/08/2014 21:41:14.75][186.90.220.156][1138] SELECT pre_cod_asig1,pre_cod_asig2,pre_cod_asig3,pre_cod_asig4,pre_cod_asig5,pre_cod_asig6,pre_cod_asig7 FROM tblaca009 WHERE pensum='5' AND c_uni_ca='5' AND c_asigna='300113' [1][0] OK
C:[01/08/2014 21:41:14.75][186.90.220.156][1138] SELECT pre_cod_asig1,pre_cod_asig2,pre_cod_asig3,pre_cod_asig4,pre_cod_asig5,pre_cod_asig6,pre_cod_asig7 FROM tblaca009 WHERE pensum='5' AND c_uni_ca='5' AND c_asigna='300013' [1][0] OK
C:[01/08/2014 21:41:14.69][186.90.220.156][1182] SELECT par_cod_asig1,par_cod_asig2,par_cod_asig3 FROM tblaca009 WHERE pensum='5' AND c_uni_ca='5' AND c_asigna='300113' [1][0] OK
C:[01/08/2014 21:41:14.69][186.90.220.156][1196] SELECT c_asigna FROM dace004 WHERE exp_e='13-24035392' AND c_asigna='300013' AND status IN ('0','3','B','C') [0][0] OK
C:[01/08/2014 21:41:14.69][186.90.220.156][1182] SELECT par_cod_asig1,par_cod_asig2,par_cod_asig3 FROM tblaca009 WHERE pensum='5' AND c_uni_ca='5' AND c_asigna='300013' [1][0] OK
C:[01/08/2014 21:41:14.07][186.90.220.156][1312] SELECT horas_lab FROM tblaca008 WHERE c_asigna='300113' AND horas_teoricas > 0 [0][0] OK
C:[01/08/2014 21:41:14.07][186.90.220.156][1312] SELECT horas_lab FROM tblaca008 WHERE c_asigna='300013' AND horas_teoricas > 0 [1][0] OK
C:[01/08/2014 21:47:30.24][186.94.35.32][1138] SELECT pre_cod_asig1,pre_cod_asig2,pre_cod_asig3,pre_cod_asig4,pre_cod_asig5,pre_cod_asig6,pre_cod_asig7 FROM tblaca009 WHERE pensum='5' AND c_uni_ca='3' AND c_asigna='311551' [1][0] OK
C:[01/08/2014 21:47:30.24][186.94.35.32][1151] SELECT c_asigna FROM dace004 WHERE exp_e='10-20806015' AND c_asigna='311430' AND status IN ('0','3','B','C') [1][0] OK
C:[01/08/2014 21:47:30.24][186.94.35.32][1151] SELECT c_asigna FROM dace004 WHERE exp_e='10-20806015' AND c_asigna='311431' AND status IN ('0','3','B','C') [1][0] OK
C:[01/08/2014 21:47:30.24][186.94.35.32][1151] SELECT c_asigna FROM dace004 WHERE exp_e='10-20806015' AND c_asigna='300222' AND status IN ('0','3','B','C') [1][0] OK
C:[01/08/2014 21:47:30.24][186.94.35.32][1151] SELECT c_asigna FROM dace004 WHERE exp_e='10-20806015' AND c_asigna='300226' AND status IN ('0','3','B','C') [1][0] OK
C:[01/08/2014 21:47:30.24][186.94.35.32][1151] SELECT c_asigna FROM dace004 WHERE exp_e='10-20806015' AND c_asigna='300209' AND status IN ('0','3','B','C') [1][0] OK
C:[01/08/2014 21:47:30.24][186.94.35.32][1151] SELECT c_asigna FROM dace004 WHERE exp_e='10-20806015' AND c_asigna='311320' AND status IN ('0','3','B','C') [1][0] OK
C:[01/08/2014 21:47:30.81][186.94.35.32][1182] SELECT par_cod_asig1,par_cod_asig2,par_cod_asig3 FROM tblaca009 WHERE pensum='5' AND c_uni_ca='3' AND c_asigna='311551' [1][0] OK
C:[01/08/2014 21:47:30.95][186.94.35.32][1312] SELECT horas_lab FROM tblaca008 WHERE c_asigna='311551' AND horas_teoricas > 0 [1][0] OK
C:[01/08/2014 21:48:07.64][190.78.114.58][1138] SELECT pre_cod_asig1,pre_cod_asig2,pre_cod_asig3,pre_cod_asig4,pre_cod_asig5,pre_cod_asig6,pre_cod_asig7 FROM tblaca009 WHERE pensum='5' AND c_uni_ca='4' AND c_asigna='333830' [1][0] OK
C:[01/08/2014 21:48:07.64][190.78.114.58][1151] SELECT c_asigna FROM dace004 WHERE exp_e='10-19301134' AND c_asigna='333710' AND status IN ('0','3','B','C') [1][0] OK
C:[01/08/2014 21:48:07.64][190.78.114.58][1151] SELECT c_asigna FROM dace004 WHERE exp_e='10-19301134' AND c_asigna='333782' AND status IN ('0','3','B','C') [1][0] OK
C:[01/08/2014 21:48:07.64][190.78.114.58][1138] SELECT pre_cod_asig1,pre_cod_asig2,pre_cod_asig3,pre_cod_asig4,pre_cod_asig5,pre_cod_asig6,pre_cod_asig7 FROM tblaca009 WHERE pensum='5' AND c_uni_ca='4' AND c_asigna='300956' [1][0] OK
C:[01/08/2014 21:48:07.64][190.78.114.58][1151] SELECT c_asigna FROM dace004 WHERE exp_e='10-19301134' AND c_asigna='300422' AND status IN ('0','3','B','C') [1][0] OK
C:[01/08/2014 21:48:07.64][190.78.114.58][1151] SELECT c_asigna FROM dace004 WHERE exp_e='10-19301134' AND c_asigna='300105' AND status IN ('0','3','B','C') [1][0] OK
C:[01/08/2014 21:48:07.64][190.78.114.58][1151] SELECT c_asigna FROM dace004 WHERE exp_e='10-19301134' AND c_asigna='300314' AND status IN ('0','3','B','C') [1][0] OK
C:[01/08/2014 21:48:07.21][190.78.114.58][1182] SELECT par_cod_asig1,par_cod_asig2,par_cod_asig3 FROM tblaca009 WHERE pensum='5' AND c_uni_ca='4' AND c_asigna='333830' [1][0] OK
C:[01/08/2014 21:48:07.21][190.78.114.58][1182] SELECT par_cod_asig1,par_cod_asig2,par_cod_asig3 FROM tblaca009 WHERE pensum='5' AND c_uni_ca='4' AND c_asigna='300956' [1][0] OK
C:[01/08/2014 21:48:07.47][190.78.114.58][1312] SELECT horas_lab FROM tblaca008 WHERE c_asigna='333830' AND horas_teoricas > 0 [1][0] OK
C:[01/08/2014 21:48:07.47][190.78.114.58][1312] SELECT horas_lab FROM tblaca008 WHERE c_asigna='300956' AND horas_teoricas > 0 [1][0] OK
C:[01/08/2014 21:49:37.13][5.2.69.123][1138] SELECT pre_cod_asig1,pre_cod_asig2,pre_cod_asig3,pre_cod_asig4,pre_cod_asig5,pre_cod_asig6,pre_cod_asig7 FROM tblaca009 WHERE pensum='5' AND c_uni_ca='4' AND c_asigna='300213' [1][0] OK
C:[01/08/2014 21:49:37.13][5.2.69.123][1151] SELECT c_asigna FROM dace004 WHERE exp_e='08-21007249' AND c_asigna='300101' AND status IN ('0','3','B','C') [1][0] OK
C:[01/08/2014 21:49:37.13][5.2.69.123][1138] SELECT pre_cod_asig1,pre_cod_asig2,pre_cod_asig3,pre_cod_asig4,pre_cod_asig5,pre_cod_asig6,pre_cod_asig7 FROM tblaca009 WHERE pensum='5' AND c_uni_ca='4' AND c_asigna='300228' [1][0] OK
C:[01/08/2014 21:49:37.13][5.2.69.123][1151] SELECT c_asigna FROM dace004 WHERE exp_e='08-21007249' AND c_asigna='300101' AND status IN ('0','3','B','C') [1][0] OK
C:[01/08/2014 21:49:37.32][5.2.69.123][1182] SELECT par_cod_asig1,par_cod_asig2,par_cod_asig3 FROM tblaca009 WHERE pensum='5' AND c_uni_ca='4' AND c_asigna='300213' [1][0] OK
C:[01/08/2014 21:49:37.32][5.2.69.123][1196] SELECT c_asigna FROM dace004 WHERE exp_e='08-21007249' AND c_asigna='300209' AND status IN ('0','3','B','C') [1][0] OK
C:[01/08/2014 21:49:37.32][5.2.69.123][1182] SELECT par_cod_asig1,par_cod_asig2,par_cod_asig3 FROM tblaca009 WHERE pensum='5' AND c_uni_ca='4' AND c_asigna='300228' [1][0] OK
C:[01/08/2014 21:49:37.71][5.2.69.123][1312] SELECT horas_lab FROM tblaca008 WHERE c_asigna='300213' AND horas_teoricas > 0 [1][0] OK
C:[01/08/2014 21:49:37.71][5.2.69.123][1312] SELECT horas_lab FROM tblaca008 WHERE c_asigna='300228' AND horas_teoricas > 0 [1][0] OK
C:[01/08/2014 21:50:55.70][181.184.134.118][1138] SELECT pre_cod_asig1,pre_cod_asig2,pre_cod_asig3,pre_cod_asig4,pre_cod_asig5,pre_cod_asig6,pre_cod_asig7 FROM tblaca009 WHERE pensum='5' AND c_uni_ca='4' AND c_asigna='300213' [1][0] OK
C:[01/08/2014 21:50:55.70][181.184.134.118][1151] SELECT c_asigna FROM dace004 WHERE exp_e='08-21009614' AND c_asigna='300101' AND status IN ('0','3','B','C') [1][0] OK
C:[01/08/2014 21:50:55.70][181.184.134.118][1138] SELECT pre_cod_asig1,pre_cod_asig2,pre_cod_asig3,pre_cod_asig4,pre_cod_asig5,pre_cod_asig6,pre_cod_asig7 FROM tblaca009 WHERE pensum='5' AND c_uni_ca='4' AND c_asigna='330310' [1][0] OK
C:[01/08/2014 21:50:55.70][181.184.134.118][1151] SELECT c_asigna FROM dace004 WHERE exp_e='08-21009614' AND c_asigna='300013' AND status IN ('0','3','B','C') [1][0] OK
C:[01/08/2014 21:50:55.70][181.184.134.118][1151] SELECT c_asigna FROM dace004 WHERE exp_e='08-21009614' AND c_asigna='300113' AND status IN ('0','3','B','C') [1][0] OK
C:[01/08/2014 21:50:56.84][181.184.134.118][1182] SELECT par_cod_asig1,par_cod_asig2,par_cod_asig3 FROM tblaca009 WHERE pensum='5' AND c_uni_ca='4' AND c_asigna='300213' [1][0] OK
C:[01/08/2014 21:50:56.84][181.184.134.118][1196] SELECT c_asigna FROM dace004 WHERE exp_e='08-21009614' AND c_asigna='300209' AND status IN ('0','3','B','C') [1][0] OK
C:[01/08/2014 21:50:56.84][181.184.134.118][1182] SELECT par_cod_asig1,par_cod_asig2,par_cod_asig3 FROM tblaca009 WHERE pensum='5' AND c_uni_ca='4' AND c_asigna='330310' [1][0] OK
C:[01/08/2014 21:50:56.22][181.184.134.118][1312] SELECT horas_lab FROM tblaca008 WHERE c_asigna='300213' AND horas_teoricas > 0 [1][0] OK
C:[01/08/2014 21:50:56.22][181.184.134.118][1312] SELECT horas_lab FROM tblaca008 WHERE c_asigna='330310' AND horas_teoricas > 0 [1][0] OK
C:[01/08/2014 21:50:58.78][186.90.214.75][1138] SELECT pre_cod_asig1,pre_cod_asig2,pre_cod_asig3,pre_cod_asig4,pre_cod_asig5,pre_cod_asig6,pre_cod_asig7 FROM tblaca009 WHERE pensum='5' AND c_uni_ca='6' AND c_asigna='344566' [1][0] OK
C:[01/08/2014 21:50:58.78][186.90.214.75][1151] SELECT c_asigna FROM dace004 WHERE exp_e='07-20171109' AND c_asigna='344446' AND status IN ('0','3','B','C') [1][0] OK
C:[01/08/2014 21:50:58.78][186.90.214.75][1151] SELECT c_asigna FROM dace004 WHERE exp_e='07-20171109' AND c_asigna='300428' AND status IN ('0','3','B','C') [1][0] OK
C:[01/08/2014 21:50:58.78][186.90.214.75][1151] SELECT c_asigna FROM dace004 WHERE exp_e='07-20171109' AND c_asigna='300209' AND status IN ('0','3','B','C') [1][0] OK
C:[01/08/2014 21:50:58.78][186.90.214.75][1151] SELECT c_asigna FROM dace004 WHERE exp_e='07-20171109' AND c_asigna='300222' AND status IN ('0','3','B','C') [1][0] OK
C:[01/08/2014 21:50:58.78][186.90.214.75][1151] SELECT c_asigna FROM dace004 WHERE exp_e='07-20171109' AND c_asigna='300226' AND status IN ('0','3','B','C') [1][0] OK
C:[01/08/2014 21:50:58.78][186.90.214.75][1151] SELECT c_asigna FROM dace004 WHERE exp_e='07-20171109' AND c_asigna='300317' AND status IN ('0','3','B','C') [1][0] OK
C:[01/08/2014 21:50:58.78][186.90.214.75][1151] SELECT c_asigna FROM dace004 WHERE exp_e='07-20171109' AND c_asigna='300313' AND status IN ('0','3','B','C') [0][0] OK
C:[01/08/2014 21:50:58.78][186.90.214.75][1182] SELECT par_cod_asig1,par_cod_asig2,par_cod_asig3 FROM tblaca009 WHERE pensum='5' AND c_uni_ca='6' AND c_asigna='344566' [1][0] OK
C:[01/08/2014 21:50:58.91][186.90.214.75][1312] SELECT horas_lab FROM tblaca008 WHERE c_asigna='344566' AND horas_teoricas > 0 [1][0] OK
C:[01/08/2014 21:51:19.12][190.73.145.149][1138] SELECT pre_cod_asig1,pre_cod_asig2,pre_cod_asig3,pre_cod_asig4,pre_cod_asig5,pre_cod_asig6,pre_cod_asig7 FROM tblaca009 WHERE pensum='5' AND c_uni_ca='4' AND c_asigna='333606' [1][0] OK
C:[01/08/2014 21:51:19.12][190.73.145.149][1151] SELECT c_asigna FROM dace004 WHERE exp_e='09-20684905' AND c_asigna='333584' AND status IN ('0','3','B','C') [1][0] OK
C:[01/08/2014 21:51:19.12][190.73.145.149][1138] SELECT pre_cod_asig1,pre_cod_asig2,pre_cod_asig3,pre_cod_asig4,pre_cod_asig5,pre_cod_asig6,pre_cod_asig7 FROM tblaca009 WHERE pensum='5' AND c_uni_ca='4' AND c_asigna='333611' [1][0] OK
C:[01/08/2014 21:51:19.12][190.73.145.149][1151] SELECT c_asigna FROM dace004 WHERE exp_e='09-20684905' AND c_asigna='333584' AND status IN ('0','3','B','C') [1][0] OK
C:[01/08/2014 21:51:19.12][190.73.145.149][1138] SELECT pre_cod_asig1,pre_cod_asig2,pre_cod_asig3,pre_cod_asig4,pre_cod_asig5,pre_cod_asig6,pre_cod_asig7 FROM tblaca009 WHERE pensum='5' AND c_uni_ca='4' AND c_asigna='333639' [1][0] OK
C:[01/08/2014 21:51:19.12][190.73.145.149][1151] SELECT c_asigna FROM dace004 WHERE exp_e='09-20684905' AND c_asigna='333585' AND status IN ('0','3','B','C') [1][0] OK
C:[01/08/2014 21:51:19.12][190.73.145.149][1182] SELECT par_cod_asig1,par_cod_asig2,par_cod_asig3 FROM tblaca009 WHERE pensum='5' AND c_uni_ca='4' AND c_asigna='333606' [1][0] OK
C:[01/08/2014 21:51:19.12][190.73.145.149][1182] SELECT par_cod_asig1,par_cod_asig2,par_cod_asig3 FROM tblaca009 WHERE pensum='5' AND c_uni_ca='4' AND c_asigna='333611' [1][0] OK
C:[01/08/2014 21:51:19.12][190.73.145.149][1182] SELECT par_cod_asig1,par_cod_asig2,par_cod_asig3 FROM tblaca009 WHERE pensum='5' AND c_uni_ca='4' AND c_asigna='333639' [1][0] OK
C:[01/08/2014 21:51:19.51][190.73.145.149][1312] SELECT horas_lab FROM tblaca008 WHERE c_asigna='333606' AND horas_teoricas > 0 [1][0] OK
C:[01/08/2014 21:51:19.51][190.73.145.149][1312] SELECT horas_lab FROM tblaca008 WHERE c_asigna='333611' AND horas_teoricas > 0 [1][0] OK
C:[01/08/2014 21:51:19.51][190.73.145.149][1312] SELECT horas_lab FROM tblaca008 WHERE c_asigna='333639' AND horas_teoricas > 0 [1][0] OK
C:[01/08/2014 22:04:54.60][190.206.81.77][1138] SELECT pre_cod_asig1,pre_cod_asig2,pre_cod_asig3,pre_cod_asig4,pre_cod_asig5,pre_cod_asig6,pre_cod_asig7 FROM tblaca009 WHERE pensum='5' AND c_uni_ca='6' AND c_asigna='300013' [1][0] OK
C:[01/08/2014 22:04:54.42][190.206.81.77][1182] SELECT par_cod_asig1,par_cod_asig2,par_cod_asig3 FROM tblaca009 WHERE pensum='5' AND c_uni_ca='6' AND c_asigna='300013' [1][0] OK
C:[01/08/2014 22:04:54.55][190.206.81.77][1312] SELECT horas_lab FROM tblaca008 WHERE c_asigna='300013' AND horas_teoricas > 0 [1][0] OK
C:[01/08/2014 22:12:53.80][66.249.88.75][1138] SELECT pre_cod_asig1,pre_cod_asig2,pre_cod_asig3,pre_cod_asig4,pre_cod_asig5,pre_cod_asig6,pre_cod_asig7 FROM tblaca009 WHERE pensum='5' AND c_uni_ca='3' AND c_asigna='300317' [1][0] OK
C:[01/08/2014 22:12:53.80][66.249.88.75][1151] SELECT c_asigna FROM dace004 WHERE exp_e='12-25934972' AND c_asigna='300207' AND status IN ('0','3','B','C') [1][0] OK
C:[01/08/2014 22:12:53.80][66.249.88.75][1151] SELECT c_asigna FROM dace004 WHERE exp_e='12-25934972' AND c_asigna='300209' AND status IN ('0','3','B','C') [1][0] OK
C:[01/08/2014 22:12:53.80][66.249.88.75][1138] SELECT pre_cod_asig1,pre_cod_asig2,pre_cod_asig3,pre_cod_asig4,pre_cod_asig5,pre_cod_asig6,pre_cod_asig7 FROM tblaca009 WHERE pensum='5' AND c_uni_ca='3' AND c_asigna='300318' [1][0] OK
C:[01/08/2014 22:12:53.80][66.249.88.75][1151] SELECT c_asigna FROM dace004 WHERE exp_e='12-25934972' AND c_asigna='300228' AND status IN ('0','3','B','C') [1][0] OK
C:[01/08/2014 22:12:53.80][66.249.88.75][1151] SELECT c_asigna FROM dace004 WHERE exp_e='12-25934972' AND c_asigna='300207' AND status IN ('0','3','B','C') [1][0] OK
C:[01/08/2014 22:12:53.80][66.249.88.75][1151] SELECT c_asigna FROM dace004 WHERE exp_e='12-25934972' AND c_asigna='300218' AND status IN ('0','3','B','C') [1][0] OK
C:[01/08/2014 22:12:53.92][66.249.88.75][1182] SELECT par_cod_asig1,par_cod_asig2,par_cod_asig3 FROM tblaca009 WHERE pensum='5' AND c_uni_ca='3' AND c_asigna='300317' [1][0] OK
C:[01/08/2014 22:12:53.92][66.249.88.75][1182] SELECT par_cod_asig1,par_cod_asig2,par_cod_asig3 FROM tblaca009 WHERE pensum='5' AND c_uni_ca='3' AND c_asigna='300318' [1][0] OK
C:[01/08/2014 22:12:53.19][66.249.88.75][1312] SELECT horas_lab FROM tblaca008 WHERE c_asigna='300317' AND horas_teoricas > 0 [1][0] OK
C:[01/08/2014 22:12:53.19][66.249.88.75][1312] SELECT horas_lab FROM tblaca008 WHERE c_asigna='300318' AND horas_teoricas > 0 [1][0] OK
C:[01/08/2014 22:23:34.53][190.38.114.94][1138] SELECT pre_cod_asig1,pre_cod_asig2,pre_cod_asig3,pre_cod_asig4,pre_cod_asig5,pre_cod_asig6,pre_cod_asig7 FROM tblaca009 WHERE pensum='5' AND c_uni_ca='3' AND c_asigna='300313' [1][0] OK
C:[01/08/2014 22:23:34.53][190.38.114.94][1151] SELECT c_asigna FROM dace004 WHERE exp_e='12-24559409' AND c_asigna='300213' AND status IN ('0','3','B','C') [1][0] OK
C:[01/08/2014 22:23:34.53][190.38.114.94][1151] SELECT c_asigna FROM dace004 WHERE exp_e='12-24559409' AND c_asigna='300226' AND status IN ('0','3','B','C') [1][0] OK
C:[01/08/2014 22:23:34.53][190.38.114.94][1151] SELECT c_asigna FROM dace004 WHERE exp_e='12-24559409' AND c_asigna='300222' AND status IN ('0','3','B','C') [1][0] OK
C:[01/08/2014 22:23:34.53][190.38.114.94][1151] SELECT c_asigna FROM dace004 WHERE exp_e='12-24559409' AND c_asigna='300209' AND status IN ('0','3','B','C') [1][0] OK
C:[01/08/2014 22:23:34.53][190.38.114.94][1138] SELECT pre_cod_asig1,pre_cod_asig2,pre_cod_asig3,pre_cod_asig4,pre_cod_asig5,pre_cod_asig6,pre_cod_asig7 FROM tblaca009 WHERE pensum='5' AND c_uni_ca='3' AND c_asigna='300318' [1][0] OK
C:[01/08/2014 22:23:34.53][190.38.114.94][1151] SELECT c_asigna FROM dace004 WHERE exp_e='12-24559409' AND c_asigna='300228' AND status IN ('0','3','B','C') [1][0] OK
C:[01/08/2014 22:23:34.53][190.38.114.94][1151] SELECT c_asigna FROM dace004 WHERE exp_e='12-24559409' AND c_asigna='300207' AND status IN ('0','3','B','C') [1][0] OK
C:[01/08/2014 22:23:34.53][190.38.114.94][1151] SELECT c_asigna FROM dace004 WHERE exp_e='12-24559409' AND c_asigna='300218' AND status IN ('0','3','B','C') [1][0] OK
C:[01/08/2014 22:23:34.34][190.38.114.94][1182] SELECT par_cod_asig1,par_cod_asig2,par_cod_asig3 FROM tblaca009 WHERE pensum='5' AND c_uni_ca='3' AND c_asigna='300313' [1][0] OK
C:[01/08/2014 22:23:34.34][190.38.114.94][1182] SELECT par_cod_asig1,par_cod_asig2,par_cod_asig3 FROM tblaca009 WHERE pensum='5' AND c_uni_ca='3' AND c_asigna='300318' [1][0] OK
C:[01/08/2014 22:23:34.60][190.38.114.94][1312] SELECT horas_lab FROM tblaca008 WHERE c_asigna='300313' AND horas_teoricas > 0 [1][0] OK
C:[01/08/2014 22:23:34.60][190.38.114.94][1312] SELECT horas_lab FROM tblaca008 WHERE c_asigna='300318' AND horas_teoricas > 0 [1][0] OK
C:[01/08/2014 22:39:45.67][186.90.53.102][1138] SELECT pre_cod_asig1,pre_cod_asig2,pre_cod_asig3,pre_cod_asig4,pre_cod_asig5,pre_cod_asig6,pre_cod_asig7 FROM tblaca009 WHERE pensum='5' AND c_uni_ca='5' AND c_asigna='300317' [1][0] OK
C:[01/08/2014 22:39:45.67][186.90.53.102][1151] SELECT c_asigna FROM dace004 WHERE exp_e='05-18787583' AND c_asigna='300207' AND status IN ('0','3','B','C') [1][0] OK
C:[01/08/2014 22:39:45.67][186.90.53.102][1151] SELECT c_asigna FROM dace004 WHERE exp_e='05-18787583' AND c_asigna='300209' AND status IN ('0','3','B','C') [1][0] OK
C:[01/08/2014 22:39:45.73][186.90.53.102][1182] SELECT par_cod_asig1,par_cod_asig2,par_cod_asig3 FROM tblaca009 WHERE pensum='5' AND c_uni_ca='5' AND c_asigna='300317' [1][0] OK
C:[01/08/2014 22:39:45.86][186.90.53.102][1312] SELECT horas_lab FROM tblaca008 WHERE c_asigna='300317' AND horas_teoricas > 0 [1][0] OK
C:[01/08/2014 22:44:26.74][181.225.58.235][1138] SELECT pre_cod_asig1,pre_cod_asig2,pre_cod_asig3,pre_cod_asig4,pre_cod_asig5,pre_cod_asig6,pre_cod_asig7 FROM tblaca009 WHERE pensum='5' AND c_uni_ca='5' AND c_asigna='300209' [1][0] OK
C:[01/08/2014 22:44:26.74][181.225.58.235][1151] SELECT c_asigna FROM dace004 WHERE exp_e='13-25963422' AND c_asigna='300101' AND status IN ('0','3','B','C') [1][0] OK
C:[01/08/2014 22:44:26.74][181.225.58.235][1138] SELECT pre_cod_asig1,pre_cod_asig2,pre_cod_asig3,pre_cod_asig4,pre_cod_asig5,pre_cod_asig6,pre_cod_asig7 FROM tblaca009 WHERE pensum='5' AND c_uni_ca='5' AND c_asigna='300222' [1][0] OK
C:[01/08/2014 22:44:26.74][181.225.58.235][1151] SELECT c_asigna FROM dace004 WHERE exp_e='13-25963422' AND c_asigna='300112' AND status IN ('0','3','B','C') [1][0] OK
C:[01/08/2014 22:44:26.93][181.225.58.235][1182] SELECT par_cod_asig1,par_cod_asig2,par_cod_asig3 FROM tblaca009 WHERE pensum='5' AND c_uni_ca='5' AND c_asigna='300209' [1][0] OK
C:[01/08/2014 22:44:26.93][181.225.58.235][1182] SELECT par_cod_asig1,par_cod_asig2,par_cod_asig3 FROM tblaca009 WHERE pensum='5' AND c_uni_ca='5' AND c_asigna='300222' [1][0] OK
C:[01/08/2014 22:44:26.19][181.225.58.235][1312] SELECT horas_lab FROM tblaca008 WHERE c_asigna='300209' AND horas_teoricas > 0 [1][0] OK
C:[01/08/2014 22:44:26.19][181.225.58.235][1312] SELECT horas_lab FROM tblaca008 WHERE c_asigna='300222' AND horas_teoricas > 0 [1][0] OK
C:[01/08/2014 22:54:02.16][190.204.114.116][1138] SELECT pre_cod_asig1,pre_cod_asig2,pre_cod_asig3,pre_cod_asig4,pre_cod_asig5,pre_cod_asig6,pre_cod_asig7 FROM tblaca009 WHERE pensum='5' AND c_uni_ca='5' AND c_asigna='300318' [1][0] OK
C:[01/08/2014 22:54:02.16][190.204.114.116][1151] SELECT c_asigna FROM dace004 WHERE exp_e='11-21250617' AND c_asigna='300228' AND status IN ('0','3','B','C') [1][0] OK
C:[01/08/2014 22:54:02.16][190.204.114.116][1151] SELECT c_asigna FROM dace004 WHERE exp_e='11-21250617' AND c_asigna='300207' AND status IN ('0','3','B','C') [1][0] OK
C:[01/08/2014 22:54:02.16][190.204.114.116][1151] SELECT c_asigna FROM dace004 WHERE exp_e='11-21250617' AND c_asigna='300218' AND status IN ('0','3','B','C') [1][0] OK
C:[01/08/2014 22:54:02.16][190.204.114.116][1138] SELECT pre_cod_asig1,pre_cod_asig2,pre_cod_asig3,pre_cod_asig4,pre_cod_asig5,pre_cod_asig6,pre_cod_asig7 FROM tblaca009 WHERE pensum='5' AND c_uni_ca='5' AND c_asigna='351330' [1][0] OK
C:[01/08/2014 22:54:02.16][190.204.114.116][1151] SELECT c_asigna FROM dace004 WHERE exp_e='11-21250617' AND c_asigna='300218' AND status IN ('0','3','B','C') [1][0] OK
C:[01/08/2014 22:54:02.17][190.204.114.116][1182] SELECT par_cod_asig1,par_cod_asig2,par_cod_asig3 FROM tblaca009 WHERE pensum='5' AND c_uni_ca='5' AND c_asigna='300318' [1][0] OK
C:[01/08/2014 22:54:02.17][190.204.114.116][1182] SELECT par_cod_asig1,par_cod_asig2,par_cod_asig3 FROM tblaca009 WHERE pensum='5' AND c_uni_ca='5' AND c_asigna='351330' [1][0] OK
C:[01/08/2014 22:54:02.17][190.204.114.116][1196] SELECT c_asigna FROM dace004 WHERE exp_e='11-21250617' AND c_asigna='300318' AND status IN ('0','3','B','C') [0][0] OK
C:[01/08/2014 22:54:02.17][190.204.114.116][1196] SELECT c_asigna FROM dace004 WHERE exp_e='11-21250617' AND c_asigna='300317' AND status IN ('0','3','B','C') [1][0] OK
C:[01/08/2014 22:54:02.67][190.204.114.116][1312] SELECT horas_lab FROM tblaca008 WHERE c_asigna='300318' AND horas_teoricas > 0 [1][0] OK
C:[01/08/2014 22:54:02.67][190.204.114.116][1312] SELECT horas_lab FROM tblaca008 WHERE c_asigna='351330' AND horas_teoricas > 0 [1][0] OK
C:[01/08/2014 23:07:37.36][186.88.133.29][1138] SELECT pre_cod_asig1,pre_cod_asig2,pre_cod_asig3,pre_cod_asig4,pre_cod_asig5,pre_cod_asig6,pre_cod_asig7 FROM tblaca009 WHERE pensum='5' AND c_uni_ca='4' AND c_asigna='300956' [1][0] OK
C:[01/08/2014 23:07:37.36][186.88.133.29][1151] SELECT c_asigna FROM dace004 WHERE exp_e='06-18960017' AND c_asigna='300422' AND status IN ('0','3','B','C') [1][0] OK
C:[01/08/2014 23:07:37.36][186.88.133.29][1151] SELECT c_asigna FROM dace004 WHERE exp_e='06-18960017' AND c_asigna='300105' AND status IN ('0','3','B','C') [1][0] OK
C:[01/08/2014 23:07:37.36][186.88.133.29][1151] SELECT c_asigna FROM dace004 WHERE exp_e='06-18960017' AND c_asigna='300314' AND status IN ('0','3','B','C') [1][0] OK
C:[01/08/2014 23:07:37.55][186.88.133.29][1182] SELECT par_cod_asig1,par_cod_asig2,par_cod_asig3 FROM tblaca009 WHERE pensum='5' AND c_uni_ca='4' AND c_asigna='300956' [1][0] OK
C:[01/08/2014 23:07:37.68][186.88.133.29][1312] SELECT horas_lab FROM tblaca008 WHERE c_asigna='300956' AND horas_teoricas > 0 [1][0] OK
C:[01/08/2014 23:21:11.23][74.82.64.161][1138] SELECT pre_cod_asig1,pre_cod_asig2,pre_cod_asig3,pre_cod_asig4,pre_cod_asig5,pre_cod_asig6,pre_cod_asig7 FROM tblaca009 WHERE pensum='5' AND c_uni_ca='2' AND c_asigna='300228' [1][0] OK
C:[01/08/2014 23:21:11.23][74.82.64.161][1151] SELECT c_asigna FROM dace004 WHERE exp_e='12-23501192' AND c_asigna='300101' AND status IN ('0','3','B','C') [1][0] OK
C:[01/08/2014 23:21:11.17][74.82.64.161][1182] SELECT par_cod_asig1,par_cod_asig2,par_cod_asig3 FROM tblaca009 WHERE pensum='5' AND c_uni_ca='2' AND c_asigna='300228' [1][0] OK
C:[01/08/2014 23:21:11.31][74.82.64.161][1312] SELECT horas_lab FROM tblaca008 WHERE c_asigna='300228' AND horas_teoricas > 0 [1][0] OK
C:[01/08/2014 23:22:25.52][74.82.64.161][1138] SELECT pre_cod_asig1,pre_cod_asig2,pre_cod_asig3,pre_cod_asig4,pre_cod_asig5,pre_cod_asig6,pre_cod_asig7 FROM tblaca009 WHERE pensum='5' AND c_uni_ca='2' AND c_asigna='300228' [1][0] OK
C:[01/08/2014 23:22:25.52][74.82.64.161][1151] SELECT c_asigna FROM dace004 WHERE exp_e='12-23501192' AND c_asigna='300101' AND status IN ('0','3','B','C') [1][0] OK
C:[01/08/2014 23:22:25.46][74.82.64.161][1182] SELECT par_cod_asig1,par_cod_asig2,par_cod_asig3 FROM tblaca009 WHERE pensum='5' AND c_uni_ca='2' AND c_asigna='300228' [1][0] OK
C:[01/08/2014 23:22:25.58][74.82.64.161][1312] SELECT horas_lab FROM tblaca008 WHERE c_asigna='300228' AND horas_teoricas > 0 [1][0] OK
C:[01/08/2014 23:27:48.90][200.62.19.36][1138] SELECT pre_cod_asig1,pre_cod_asig2,pre_cod_asig3,pre_cod_asig4,pre_cod_asig5,pre_cod_asig6,pre_cod_asig7 FROM tblaca009 WHERE pensum='5' AND c_uni_ca='3' AND c_asigna='300313' [1][0] OK
C:[01/08/2014 23:27:48.90][200.62.19.36][1151] SELECT c_asigna FROM dace004 WHERE exp_e='10-24037426' AND c_asigna='300213' AND status IN ('0','3','B','C') [1][0] OK
C:[01/08/2014 23:27:48.90][200.62.19.36][1151] SELECT c_asigna FROM dace004 WHERE exp_e='10-24037426' AND c_asigna='300226' AND status IN ('0','3','B','C') [1][0] OK
C:[01/08/2014 23:27:48.90][200.62.19.36][1151] SELECT c_asigna FROM dace004 WHERE exp_e='10-24037426' AND c_asigna='300222' AND status IN ('0','3','B','C') [1][0] OK
C:[01/08/2014 23:27:48.90][200.62.19.36][1151] SELECT c_asigna FROM dace004 WHERE exp_e='10-24037426' AND c_asigna='300209' AND status IN ('0','3','B','C') [1][0] OK
C:[01/08/2014 23:27:48.90][200.62.19.36][1138] SELECT pre_cod_asig1,pre_cod_asig2,pre_cod_asig3,pre_cod_asig4,pre_cod_asig5,pre_cod_asig6,pre_cod_asig7 FROM tblaca009 WHERE pensum='5' AND c_uni_ca='3' AND c_asigna='300318' [1][0] OK
C:[01/08/2014 23:27:48.90][200.62.19.36][1151] SELECT c_asigna FROM dace004 WHERE exp_e='10-24037426' AND c_asigna='300228' AND status IN ('0','3','B','C') [1][0] OK
C:[01/08/2014 23:27:48.90][200.62.19.36][1151] SELECT c_asigna FROM dace004 WHERE exp_e='10-24037426' AND c_asigna='300207' AND status IN ('0','3','B','C') [1][0] OK
C:[01/08/2014 23:27:48.90][200.62.19.36][1151] SELECT c_asigna FROM dace004 WHERE exp_e='10-24037426' AND c_asigna='300218' AND status IN ('0','3','B','C') [1][0] OK
C:[01/08/2014 23:27:48.90][200.62.19.36][1138] SELECT pre_cod_asig1,pre_cod_asig2,pre_cod_asig3,pre_cod_asig4,pre_cod_asig5,pre_cod_asig6,pre_cod_asig7 FROM tblaca009 WHERE pensum='5' AND c_uni_ca='3' AND c_asigna='300428' [1][0] OK
C:[01/08/2014 23:27:48.90][200.62.19.36][1151] SELECT c_asigna FROM dace004 WHERE exp_e='10-24037426' AND c_asigna='300317' AND status IN ('0','3','B','C') [1][0] OK
C:[01/08/2014 23:27:48.90][200.62.19.36][1151] SELECT c_asigna FROM dace004 WHERE exp_e='10-24037426' AND c_asigna='300209' AND status IN ('0','3','B','C') [1][0] OK
C:[01/08/2014 23:27:49.65][200.62.19.36][1182] SELECT par_cod_asig1,par_cod_asig2,par_cod_asig3 FROM tblaca009 WHERE pensum='5' AND c_uni_ca='3' AND c_asigna='300313' [1][0] OK
C:[01/08/2014 23:27:49.65][200.62.19.36][1182] SELECT par_cod_asig1,par_cod_asig2,par_cod_asig3 FROM tblaca009 WHERE pensum='5' AND c_uni_ca='3' AND c_asigna='300318' [1][0] OK
C:[01/08/2014 23:27:49.65][200.62.19.36][1182] SELECT par_cod_asig1,par_cod_asig2,par_cod_asig3 FROM tblaca009 WHERE pensum='5' AND c_uni_ca='3' AND c_asigna='300428' [1][0] OK
C:[01/08/2014 23:27:49.03][200.62.19.36][1312] SELECT horas_lab FROM tblaca008 WHERE c_asigna='300313' AND horas_teoricas > 0 [1][0] OK
C:[01/08/2014 23:27:49.03][200.62.19.36][1312] SELECT horas_lab FROM tblaca008 WHERE c_asigna='300318' AND horas_teoricas > 0 [1][0] OK
C:[01/08/2014 23:27:49.03][200.62.19.36][1312] SELECT horas_lab FROM tblaca008 WHERE c_asigna='300428' AND horas_teoricas > 0 [1][0] OK
C:[01/08/2014 23:51:42.97][186.90.53.165][1138] SELECT pre_cod_asig1,pre_cod_asig2,pre_cod_asig3,pre_cod_asig4,pre_cod_asig5,pre_cod_asig6,pre_cod_asig7 FROM tblaca009 WHERE pensum='5' AND c_uni_ca='2' AND c_asigna='300209' [1][0] OK
C:[01/08/2014 23:51:42.97][186.90.53.165][1151] SELECT c_asigna FROM dace004 WHERE exp_e='13-24119251' AND c_asigna='300101' AND status IN ('0','3','B','C') [1][0] OK
C:[01/08/2014 23:51:42.97][186.90.53.165][1138] SELECT pre_cod_asig1,pre_cod_asig2,pre_cod_asig3,pre_cod_asig4,pre_cod_asig5,pre_cod_asig6,pre_cod_asig7 FROM tblaca009 WHERE pensum='5' AND c_uni_ca='2' AND c_asigna='300222' [1][0] OK
C:[01/08/2014 23:51:42.97][186.90.53.165][1151] SELECT c_asigna FROM dace004 WHERE exp_e='13-24119251' AND c_asigna='300112' AND status IN ('0','3','B','C') [1][0] OK
C:[01/08/2014 23:51:42.15][186.90.53.165][1182] SELECT par_cod_asig1,par_cod_asig2,par_cod_asig3 FROM tblaca009 WHERE pensum='5' AND c_uni_ca='2' AND c_asigna='300209' [1][0] OK
C:[01/08/2014 23:51:42.15][186.90.53.165][1182] SELECT par_cod_asig1,par_cod_asig2,par_cod_asig3 FROM tblaca009 WHERE pensum='5' AND c_uni_ca='2' AND c_asigna='300222' [1][0] OK
C:[01/08/2014 23:51:42.42][186.90.53.165][1312] SELECT horas_lab FROM tblaca008 WHERE c_asigna='300209' AND horas_teoricas > 0 [1][0] OK
C:[01/08/2014 23:51:42.42][186.90.53.165][1312] SELECT horas_lab FROM tblaca008 WHERE c_asigna='300222' AND horas_teoricas > 0 [1][0] OK
C:[01/08/2014 23:53:52.49][186.90.191.130][1138] SELECT pre_cod_asig1,pre_cod_asig2,pre_cod_asig3,pre_cod_asig4,pre_cod_asig5,pre_cod_asig6,pre_cod_asig7 FROM tblaca009 WHERE pensum='5' AND c_uni_ca='5' AND c_asigna='300112' [1][0] OK
C:[01/08/2014 23:53:52.31][186.90.191.130][1182] SELECT par_cod_asig1,par_cod_asig2,par_cod_asig3 FROM tblaca009 WHERE pensum='5' AND c_uni_ca='5' AND c_asigna='300112' [1][0] OK
C:[01/08/2014 23:53:52.45][186.90.191.130][1312] SELECT horas_lab FROM tblaca008 WHERE c_asigna='300112' AND horas_teoricas > 0 [1][0] OK
C:[02/08/2014 00:00:42.38][190.38.196.127][1138] SELECT pre_cod_asig1,pre_cod_asig2,pre_cod_asig3,pre_cod_asig4,pre_cod_asig5,pre_cod_asig6,pre_cod_asig7 FROM tblaca009 WHERE pensum='5' AND c_uni_ca='4' AND c_asigna='300209' [1][0] OK
C:[02/08/2014 00:00:42.38][190.38.196.127][1151] SELECT c_asigna FROM dace004 WHERE exp_e='13-23503526' AND c_asigna='300101' AND status IN ('0','3','B','C') [1][0] OK
C:[02/08/2014 00:00:42.38][190.38.196.127][1138] SELECT pre_cod_asig1,pre_cod_asig2,pre_cod_asig3,pre_cod_asig4,pre_cod_asig5,pre_cod_asig6,pre_cod_asig7 FROM tblaca009 WHERE pensum='5' AND c_uni_ca='4' AND c_asigna='300222' [1][0] OK
C:[02/08/2014 00:00:42.38][190.38.196.127][1151] SELECT c_asigna FROM dace004 WHERE exp_e='13-23503526' AND c_asigna='300112' AND status IN ('0','3','B','C') [1][0] OK
C:[02/08/2014 00:00:42.57][190.38.196.127][1182] SELECT par_cod_asig1,par_cod_asig2,par_cod_asig3 FROM tblaca009 WHERE pensum='5' AND c_uni_ca='4' AND c_asigna='300209' [1][0] OK
C:[02/08/2014 00:00:42.57][190.38.196.127][1182] SELECT par_cod_asig1,par_cod_asig2,par_cod_asig3 FROM tblaca009 WHERE pensum='5' AND c_uni_ca='4' AND c_asigna='300222' [1][0] OK
C:[02/08/2014 00:00:42.83][190.38.196.127][1312] SELECT horas_lab FROM tblaca008 WHERE c_asigna='300209' AND horas_teoricas > 0 [1][0] OK
C:[02/08/2014 00:00:42.83][190.38.196.127][1312] SELECT horas_lab FROM tblaca008 WHERE c_asigna='300222' AND horas_teoricas > 0 [1][0] OK
C:[02/08/2014 00:13:14.06][190.201.183.8][1138] SELECT pre_cod_asig1,pre_cod_asig2,pre_cod_asig3,pre_cod_asig4,pre_cod_asig5,pre_cod_asig6,pre_cod_asig7 FROM tblaca009 WHERE pensum='5' AND c_uni_ca='4' AND c_asigna='300226' [1][0] OK
C:[02/08/2014 00:13:14.06][190.201.183.8][1151] SELECT c_asigna FROM dace004 WHERE exp_e='08-20284993' AND c_asigna='300116' AND status IN ('0','3','B','C') [1][0] OK
C:[02/08/2014 00:13:14.00][190.201.183.8][1182] SELECT par_cod_asig1,par_cod_asig2,par_cod_asig3 FROM tblaca009 WHERE pensum='5' AND c_uni_ca='4' AND c_asigna='300226' [1][0] OK
C:[02/08/2014 00:13:14.13][190.201.183.8][1312] SELECT horas_lab FROM tblaca008 WHERE c_asigna='300226' AND horas_teoricas > 0 [1][0] OK
C:[02/08/2014 00:18:40.21][186.94.95.208][1138] SELECT pre_cod_asig1,pre_cod_asig2,pre_cod_asig3,pre_cod_asig4,pre_cod_asig5,pre_cod_asig6,pre_cod_asig7 FROM tblaca009 WHERE pensum='5' AND c_uni_ca='5' AND c_asigna='300207' [1][0] OK
C:[02/08/2014 00:18:40.21][186.94.95.208][1151] SELECT c_asigna FROM dace004 WHERE exp_e='10-20886820' AND c_asigna='300101' AND status IN ('0','3','B','C') [1][0] OK
C:[02/08/2014 00:18:40.21][186.94.95.208][1138] SELECT pre_cod_asig1,pre_cod_asig2,pre_cod_asig3,pre_cod_asig4,pre_cod_asig5,pre_cod_asig6,pre_cod_asig7 FROM tblaca009 WHERE pensum='5' AND c_uni_ca='5' AND c_asigna='300226' [1][0] OK
C:[02/08/2014 00:18:40.21][186.94.95.208][1151] SELECT c_asigna FROM dace004 WHERE exp_e='10-20886820' AND c_asigna='300116' AND status IN ('0','3','B','C') [1][0] OK
C:[02/08/2014 00:18:40.40][186.94.95.208][1182] SELECT par_cod_asig1,par_cod_asig2,par_cod_asig3 FROM tblaca009 WHERE pensum='5' AND c_uni_ca='5' AND c_asigna='300207' [1][0] OK
C:[02/08/2014 00:18:40.40][186.94.95.208][1182] SELECT par_cod_asig1,par_cod_asig2,par_cod_asig3 FROM tblaca009 WHERE pensum='5' AND c_uni_ca='5' AND c_asigna='300226' [1][0] OK
C:[02/08/2014 00:18:40.66][186.94.95.208][1312] SELECT horas_lab FROM tblaca008 WHERE c_asigna='300207' AND horas_teoricas > 0 [1][0] OK
C:[02/08/2014 00:18:40.66][186.94.95.208][1312] SELECT horas_lab FROM tblaca008 WHERE c_asigna='300226' AND horas_teoricas > 0 [1][0] OK
C:[02/08/2014 00:21:07.09][186.94.95.208][1138] SELECT pre_cod_asig1,pre_cod_asig2,pre_cod_asig3,pre_cod_asig4,pre_cod_asig5,pre_cod_asig6,pre_cod_asig7 FROM tblaca009 WHERE pensum='5' AND c_uni_ca='2' AND c_asigna='300207' [1][0] OK
C:[02/08/2014 00:21:07.09][186.94.95.208][1151] SELECT c_asigna FROM dace004 WHERE exp_e='12-26073541' AND c_asigna='300101' AND status IN ('0','3','B','C') [1][0] OK
C:[02/08/2014 00:21:07.03][186.94.95.208][1182] SELECT par_cod_asig1,par_cod_asig2,par_cod_asig3 FROM tblaca009 WHERE pensum='5' AND c_uni_ca='2' AND c_asigna='300207' [1][0] OK
C:[02/08/2014 00:21:08.16][186.94.95.208][1312] SELECT horas_lab FROM tblaca008 WHERE c_asigna='300207' AND horas_teoricas > 0 [1][0] OK
C:[02/08/2014 00:27:00.49][190.206.79.239][1138] SELECT pre_cod_asig1,pre_cod_asig2,pre_cod_asig3,pre_cod_asig4,pre_cod_asig5,pre_cod_asig6,pre_cod_asig7 FROM tblaca009 WHERE pensum='5' AND c_uni_ca='6' AND c_asigna='344613' [1][0] OK
C:[02/08/2014 00:27:00.49][190.206.79.239][1151] SELECT c_asigna FROM dace004 WHERE exp_e='09-20563364' AND c_asigna='344566' AND status IN ('0','3','B','C') [1][0] OK
C:[02/08/2014 00:27:00.49][190.206.79.239][1151] SELECT c_asigna FROM dace004 WHERE exp_e='09-20563364' AND c_asigna='300209' AND status IN ('0','3','B','C') [1][0] OK
C:[02/08/2014 00:27:00.49][190.206.79.239][1151] SELECT c_asigna FROM dace004 WHERE exp_e='09-20563364' AND c_asigna='300222' AND status IN ('0','3','B','C') [1][0] OK
C:[02/08/2014 00:27:00.49][190.206.79.239][1151] SELECT c_asigna FROM dace004 WHERE exp_e='09-20563364' AND c_asigna='300226' AND status IN ('0','3','B','C') [1][0] OK
C:[02/08/2014 00:27:00.49][190.206.79.239][1151] SELECT c_asigna FROM dace004 WHERE exp_e='09-20563364' AND c_asigna='300313' AND status IN ('0','3','B','C') [1][0] OK
C:[02/08/2014 00:27:00.49][190.206.79.239][1151] SELECT c_asigna FROM dace004 WHERE exp_e='09-20563364' AND c_asigna='300428' AND status IN ('0','3','B','C') [1][0] OK
C:[02/08/2014 00:27:00.49][190.206.79.239][1151] SELECT c_asigna FROM dace004 WHERE exp_e='09-20563364' AND c_asigna='300317' AND status IN ('0','3','B','C') [1][0] OK
C:[02/08/2014 00:27:00.49][190.206.79.239][1138] SELECT pre_cod_asig1,pre_cod_asig2,pre_cod_asig3,pre_cod_asig4,pre_cod_asig5,pre_cod_asig6,pre_cod_asig7 FROM tblaca009 WHERE pensum='5' AND c_uni_ca='6' AND c_asigna='344687' [1][0] OK
C:[02/08/2014 00:27:00.49][190.206.79.239][1151] SELECT c_asigna FROM dace004 WHERE exp_e='09-20563364' AND c_asigna='344565' AND status IN ('0','3','B','C') [1][0] OK
C:[02/08/2014 00:27:00.49][190.206.79.239][1138] SELECT pre_cod_asig1,pre_cod_asig2,pre_cod_asig3,pre_cod_asig4,pre_cod_asig5,pre_cod_asig6,pre_cod_asig7 FROM tblaca009 WHERE pensum='5' AND c_uni_ca='6' AND c_asigna='344688' [1][0] OK
C:[02/08/2014 00:27:00.49][190.206.79.239][1151] SELECT c_asigna FROM dace004 WHERE exp_e='09-20563364' AND c_asigna='342567' AND status IN ('0','3','B','C') [1][0] OK
C:[02/08/2014 00:27:00.49][190.206.79.239][1151] SELECT c_asigna FROM dace004 WHERE exp_e='09-20563364' AND c_asigna='344565' AND status IN ('0','3','B','C') [1][0] OK
C:[02/08/2014 00:27:00.81][190.206.79.239][1182] SELECT par_cod_asig1,par_cod_asig2,par_cod_asig3 FROM tblaca009 WHERE pensum='5' AND c_uni_ca='6' AND c_asigna='344613' [1][0] OK
C:[02/08/2014 00:27:00.81][190.206.79.239][1182] SELECT par_cod_asig1,par_cod_asig2,par_cod_asig3 FROM tblaca009 WHERE pensum='5' AND c_uni_ca='6' AND c_asigna='344687' [1][0] OK
C:[02/08/2014 00:27:00.81][190.206.79.239][1182] SELECT par_cod_asig1,par_cod_asig2,par_cod_asig3 FROM tblaca009 WHERE pensum='5' AND c_uni_ca='6' AND c_asigna='344688' [1][0] OK
C:[02/08/2014 00:27:00.20][190.206.79.239][1312] SELECT horas_lab FROM tblaca008 WHERE c_asigna='344613' AND horas_teoricas > 0 [1][0] OK
C:[02/08/2014 00:27:00.20][190.206.79.239][1312] SELECT horas_lab FROM tblaca008 WHERE c_asigna='344687' AND horas_teoricas > 0 [1][0] OK
C:[02/08/2014 00:27:00.20][190.206.79.239][1312] SELECT horas_lab FROM tblaca008 WHERE c_asigna='344688' AND horas_teoricas > 0 [1][0] OK
C:[02/08/2014 00:29:37.58][190.73.228.184][1138] SELECT pre_cod_asig1,pre_cod_asig2,pre_cod_asig3,pre_cod_asig4,pre_cod_asig5,pre_cod_asig6,pre_cod_asig7 FROM tblaca009 WHERE pensum='5' AND c_uni_ca='5' AND c_asigna='355720' [1][0] OK
C:[02/08/2014 00:29:37.58][190.73.228.184][1151] SELECT c_asigna FROM dace004 WHERE exp_e='06-17884139' AND c_asigna='355692' AND status IN ('0','3','B','C') [1][0] OK
C:[02/08/2014 00:29:37.58][190.73.228.184][1151] SELECT c_asigna FROM dace004 WHERE exp_e='06-17884139' AND c_asigna='355696' AND status IN ('0','3','B','C') [1][0] OK
C:[02/08/2014 00:29:37.64][190.73.228.184][1182] SELECT par_cod_asig1,par_cod_asig2,par_cod_asig3 FROM tblaca009 WHERE pensum='5' AND c_uni_ca='5' AND c_asigna='355720' [1][0] OK
C:[02/08/2014 00:29:37.77][190.73.228.184][1312] SELECT horas_lab FROM tblaca008 WHERE c_asigna='355720' AND horas_teoricas > 0 [1][0] OK
C:[02/08/2014 00:39:15.43][74.82.68.144][1138] SELECT pre_cod_asig1,pre_cod_asig2,pre_cod_asig3,pre_cod_asig4,pre_cod_asig5,pre_cod_asig6,pre_cod_asig7 FROM tblaca009 WHERE pensum='5' AND c_uni_ca='6' AND c_asigna='300101' [1][0] OK
C:[02/08/2014 00:39:15.43][74.82.68.144][1138] SELECT pre_cod_asig1,pre_cod_asig2,pre_cod_asig3,pre_cod_asig4,pre_cod_asig5,pre_cod_asig6,pre_cod_asig7 FROM tblaca009 WHERE pensum='5' AND c_uni_ca='6' AND c_asigna='300112' [1][0] OK
C:[02/08/2014 00:39:16.36][74.82.68.144][1182] SELECT par_cod_asig1,par_cod_asig2,par_cod_asig3 FROM tblaca009 WHERE pensum='5' AND c_uni_ca='6' AND c_asigna='300101' [1][0] OK
C:[02/08/2014 00:39:16.36][74.82.68.144][1182] SELECT par_cod_asig1,par_cod_asig2,par_cod_asig3 FROM tblaca009 WHERE pensum='5' AND c_uni_ca='6' AND c_asigna='300112' [1][0] OK
C:[02/08/2014 00:39:16.62][74.82.68.144][1312] SELECT horas_lab FROM tblaca008 WHERE c_asigna='300101' AND horas_teoricas > 0 [1][0] OK
C:[02/08/2014 00:39:16.62][74.82.68.144][1312] SELECT horas_lab FROM tblaca008 WHERE c_asigna='300112' AND horas_teoricas > 0 [1][0] OK
C:[02/08/2014 01:01:49.14][190.37.111.150][1138] SELECT pre_cod_asig1,pre_cod_asig2,pre_cod_asig3,pre_cod_asig4,pre_cod_asig5,pre_cod_asig6,pre_cod_asig7 FROM tblaca009 WHERE pensum='5' AND c_uni_ca='6' AND c_asigna='342679' [1][0] OK
C:[02/08/2014 01:01:49.14][190.37.111.150][1151] SELECT c_asigna FROM dace004 WHERE exp_e='11-21498143' AND c_asigna='342567' AND status IN ('0','3','B','C') [1][0] OK
C:[02/08/2014 01:01:49.14][190.37.111.150][1138] SELECT pre_cod_asig1,pre_cod_asig2,pre_cod_asig3,pre_cod_asig4,pre_cod_asig5,pre_cod_asig6,pre_cod_asig7 FROM tblaca009 WHERE pensum='5' AND c_uni_ca='6' AND c_asigna='344613' [1][0] OK
C:[02/08/2014 01:01:49.14][190.37.111.150][1151] SELECT c_asigna FROM dace004 WHERE exp_e='11-21498143' AND c_asigna='344566' AND status IN ('0','3','B','C') [1][0] OK
C:[02/08/2014 01:01:49.14][190.37.111.150][1151] SELECT c_asigna FROM dace004 WHERE exp_e='11-21498143' AND c_asigna='300209' AND status IN ('0','3','B','C') [1][0] OK
C:[02/08/2014 01:01:49.14][190.37.111.150][1151] SELECT c_asigna FROM dace004 WHERE exp_e='11-21498143' AND c_asigna='300222' AND status IN ('0','3','B','C') [1][0] OK
C:[02/08/2014 01:01:49.14][190.37.111.150][1151] SELECT c_asigna FROM dace004 WHERE exp_e='11-21498143' AND c_asigna='300226' AND status IN ('0','3','B','C') [1][0] OK
C:[02/08/2014 01:01:49.14][190.37.111.150][1151] SELECT c_asigna FROM dace004 WHERE exp_e='11-21498143' AND c_asigna='300313' AND status IN ('0','3','B','C') [1][0] OK
C:[02/08/2014 01:01:49.14][190.37.111.150][1151] SELECT c_asigna FROM dace004 WHERE exp_e='11-21498143' AND c_asigna='300428' AND status IN ('0','3','B','C') [1][0] OK
C:[02/08/2014 01:01:49.14][190.37.111.150][1151] SELECT c_asigna FROM dace004 WHERE exp_e='11-21498143' AND c_asigna='300317' AND status IN ('0','3','B','C') [1][0] OK
C:[02/08/2014 01:01:49.14][190.37.111.150][1138] SELECT pre_cod_asig1,pre_cod_asig2,pre_cod_asig3,pre_cod_asig4,pre_cod_asig5,pre_cod_asig6,pre_cod_asig7 FROM tblaca009 WHERE pensum='5' AND c_uni_ca='6' AND c_asigna='344688' [1][0] OK
C:[02/08/2014 01:01:49.14][190.37.111.150][1151] SELECT c_asigna FROM dace004 WHERE exp_e='11-21498143' AND c_asigna='342567' AND status IN ('0','3','B','C') [1][0] OK
C:[02/08/2014 01:01:49.14][190.37.111.150][1151] SELECT c_asigna FROM dace004 WHERE exp_e='11-21498143' AND c_asigna='344565' AND status IN ('0','3','B','C') [1][0] OK
C:[02/08/2014 01:01:50.46][190.37.111.150][1182] SELECT par_cod_asig1,par_cod_asig2,par_cod_asig3 FROM tblaca009 WHERE pensum='5' AND c_uni_ca='6' AND c_asigna='342679' [1][0] OK
C:[02/08/2014 01:01:50.46][190.37.111.150][1182] SELECT par_cod_asig1,par_cod_asig2,par_cod_asig3 FROM tblaca009 WHERE pensum='5' AND c_uni_ca='6' AND c_asigna='344613' [1][0] OK
C:[02/08/2014 01:01:50.46][190.37.111.150][1182] SELECT par_cod_asig1,par_cod_asig2,par_cod_asig3 FROM tblaca009 WHERE pensum='5' AND c_uni_ca='6' AND c_asigna='344688' [1][0] OK
C:[02/08/2014 01:01:50.84][190.37.111.150][1312] SELECT horas_lab FROM tblaca008 WHERE c_asigna='342679' AND horas_teoricas > 0 [1][0] OK
C:[02/08/2014 01:01:50.84][190.37.111.150][1312] SELECT horas_lab FROM tblaca008 WHERE c_asigna='344613' AND horas_teoricas > 0 [1][0] OK
C:[02/08/2014 01:01:50.84][190.37.111.150][1312] SELECT horas_lab FROM tblaca008 WHERE c_asigna='344688' AND horas_teoricas > 0 [1][0] OK
C:[02/08/2014 01:04:03.31][190.37.111.150][1138] SELECT pre_cod_asig1,pre_cod_asig2,pre_cod_asig3,pre_cod_asig4,pre_cod_asig5,pre_cod_asig6,pre_cod_asig7 FROM tblaca009 WHERE pensum='5' AND c_uni_ca='6' AND c_asigna='342679' [1][0] OK
C:[02/08/2014 01:04:03.31][190.37.111.150][1151] SELECT c_asigna FROM dace004 WHERE exp_e='11-21498143' AND c_asigna='342567' AND status IN ('0','3','B','C') [1][0] OK
C:[02/08/2014 01:04:03.31][190.37.111.150][1138] SELECT pre_cod_asig1,pre_cod_asig2,pre_cod_asig3,pre_cod_asig4,pre_cod_asig5,pre_cod_asig6,pre_cod_asig7 FROM tblaca009 WHERE pensum='5' AND c_uni_ca='6' AND c_asigna='344613' [1][0] OK
C:[02/08/2014 01:04:03.31][190.37.111.150][1151] SELECT c_asigna FROM dace004 WHERE exp_e='11-21498143' AND c_asigna='344566' AND status IN ('0','3','B','C') [1][0] OK
C:[02/08/2014 01:04:03.31][190.37.111.150][1151] SELECT c_asigna FROM dace004 WHERE exp_e='11-21498143' AND c_asigna='300209' AND status IN ('0','3','B','C') [1][0] OK
C:[02/08/2014 01:04:03.31][190.37.111.150][1151] SELECT c_asigna FROM dace004 WHERE exp_e='11-21498143' AND c_asigna='300222' AND status IN ('0','3','B','C') [1][0] OK
C:[02/08/2014 01:04:03.31][190.37.111.150][1151] SELECT c_asigna FROM dace004 WHERE exp_e='11-21498143' AND c_asigna='300226' AND status IN ('0','3','B','C') [1][0] OK
C:[02/08/2014 01:04:03.31][190.37.111.150][1151] SELECT c_asigna FROM dace004 WHERE exp_e='11-21498143' AND c_asigna='300313' AND status IN ('0','3','B','C') [1][0] OK
C:[02/08/2014 01:04:03.31][190.37.111.150][1151] SELECT c_asigna FROM dace004 WHERE exp_e='11-21498143' AND c_asigna='300428' AND status IN ('0','3','B','C') [1][0] OK
C:[02/08/2014 01:04:03.31][190.37.111.150][1151] SELECT c_asigna FROM dace004 WHERE exp_e='11-21498143' AND c_asigna='300317' AND status IN ('0','3','B','C') [1][0] OK
C:[02/08/2014 01:04:03.31][190.37.111.150][1138] SELECT pre_cod_asig1,pre_cod_asig2,pre_cod_asig3,pre_cod_asig4,pre_cod_asig5,pre_cod_asig6,pre_cod_asig7 FROM tblaca009 WHERE pensum='5' AND c_uni_ca='6' AND c_asigna='344688' [1][0] OK
C:[02/08/2014 01:04:03.31][190.37.111.150][1151] SELECT c_asigna FROM dace004 WHERE exp_e='11-21498143' AND c_asigna='342567' AND status IN ('0','3','B','C') [1][0] OK
C:[02/08/2014 01:04:03.31][190.37.111.150][1151] SELECT c_asigna FROM dace004 WHERE exp_e='11-21498143' AND c_asigna='344565' AND status IN ('0','3','B','C') [1][0] OK
C:[02/08/2014 01:04:03.19][190.37.111.150][1182] SELECT par_cod_asig1,par_cod_asig2,par_cod_asig3 FROM tblaca009 WHERE pensum='5' AND c_uni_ca='6' AND c_asigna='342679' [1][0] OK
C:[02/08/2014 01:04:03.19][190.37.111.150][1182] SELECT par_cod_asig1,par_cod_asig2,par_cod_asig3 FROM tblaca009 WHERE pensum='5' AND c_uni_ca='6' AND c_asigna='344613' [1][0] OK
C:[02/08/2014 01:04:03.19][190.37.111.150][1182] SELECT par_cod_asig1,par_cod_asig2,par_cod_asig3 FROM tblaca009 WHERE pensum='5' AND c_uni_ca='6' AND c_asigna='344688' [1][0] OK
C:[02/08/2014 01:04:03.57][190.37.111.150][1312] SELECT horas_lab FROM tblaca008 WHERE c_asigna='342679' AND horas_teoricas > 0 [1][0] OK
C:[02/08/2014 01:04:03.57][190.37.111.150][1312] SELECT horas_lab FROM tblaca008 WHERE c_asigna='344613' AND horas_teoricas > 0 [1][0] OK
C:[02/08/2014 01:04:03.57][190.37.111.150][1312] SELECT horas_lab FROM tblaca008 WHERE c_asigna='344688' AND horas_teoricas > 0 [1][0] OK
C:[02/08/2014 01:05:21.71][190.37.111.150][1138] SELECT pre_cod_asig1,pre_cod_asig2,pre_cod_asig3,pre_cod_asig4,pre_cod_asig5,pre_cod_asig6,pre_cod_asig7 FROM tblaca009 WHERE pensum='5' AND c_uni_ca='6' AND c_asigna='342567' [1][0] OK
C:[02/08/2014 01:05:21.71][190.37.111.150][1151] SELECT c_asigna FROM dace004 WHERE exp_e='10-20285434' AND c_asigna='342444' AND status IN ('0','3','B','C') [1][0] OK
C:[02/08/2014 01:05:21.71][190.37.111.150][1138] SELECT pre_cod_asig1,pre_cod_asig2,pre_cod_asig3,pre_cod_asig4,pre_cod_asig5,pre_cod_asig6,pre_cod_asig7 FROM tblaca009 WHERE pensum='5' AND c_uni_ca='6' AND c_asigna='344733' [1][0] OK
C:[02/08/2014 01:05:21.77][190.37.111.150][1182] SELECT par_cod_asig1,par_cod_asig2,par_cod_asig3 FROM tblaca009 WHERE pensum='5' AND c_uni_ca='6' AND c_asigna='342567' [1][0] OK
C:[02/08/2014 01:05:21.77][190.37.111.150][1182] SELECT par_cod_asig1,par_cod_asig2,par_cod_asig3 FROM tblaca009 WHERE pensum='5' AND c_uni_ca='6' AND c_asigna='344733' [1][0] OK
C:[02/08/2014 01:05:21.03][190.37.111.150][1312] SELECT horas_lab FROM tblaca008 WHERE c_asigna='342567' AND horas_teoricas > 0 [1][0] OK
C:[02/08/2014 01:05:21.03][190.37.111.150][1312] SELECT horas_lab FROM tblaca008 WHERE c_asigna='344733' AND horas_teoricas > 0 [1][0] OK
C:[02/08/2014 03:24:33.19][186.90.186.155][1138] SELECT pre_cod_asig1,pre_cod_asig2,pre_cod_asig3,pre_cod_asig4,pre_cod_asig5,pre_cod_asig6,pre_cod_asig7 FROM tblaca009 WHERE pensum='5' AND c_uni_ca='2' AND c_asigna='322559' [1][0] OK
C:[02/08/2014 03:24:33.19][186.90.186.155][1151] SELECT c_asigna FROM dace004 WHERE exp_e='11-22844895' AND c_asigna='300428' AND status IN ('0','3','B','C') [1][0] OK
C:[02/08/2014 03:24:33.19][186.90.186.155][1151] SELECT c_asigna FROM dace004 WHERE exp_e='11-22844895' AND c_asigna='322436' AND status IN ('0','3','B','C') [1][0] OK
C:[02/08/2014 03:24:33.19][186.90.186.155][1138] SELECT pre_cod_asig1,pre_cod_asig2,pre_cod_asig3,pre_cod_asig4,pre_cod_asig5,pre_cod_asig6,pre_cod_asig7 FROM tblaca009 WHERE pensum='5' AND c_uni_ca='2' AND c_asigna='322669' [1][0] OK
C:[02/08/2014 03:24:33.19][186.90.186.155][1151] SELECT c_asigna FROM dace004 WHERE exp_e='11-22844895' AND c_asigna='322558' AND status IN ('0','3','B','C') [1][0] OK
C:[02/08/2014 03:24:33.19][186.90.186.155][1151] SELECT c_asigna FROM dace004 WHERE exp_e='11-22844895' AND c_asigna='323528' AND status IN ('0','3','B','C') [1][0] OK
C:[02/08/2014 03:24:33.62][186.90.186.155][1182] SELECT par_cod_asig1,par_cod_asig2,par_cod_asig3 FROM tblaca009 WHERE pensum='5' AND c_uni_ca='2' AND c_asigna='322559' [1][0] OK
C:[02/08/2014 03:24:33.62][186.90.186.155][1182] SELECT par_cod_asig1,par_cod_asig2,par_cod_asig3 FROM tblaca009 WHERE pensum='5' AND c_uni_ca='2' AND c_asigna='322669' [1][0] OK
C:[02/08/2014 03:24:33.45][186.90.186.155][1312] SELECT horas_lab FROM tblaca008 WHERE c_asigna='322559' AND horas_teoricas > 0 [1][0] OK
C:[02/08/2014 03:24:33.45][186.90.186.155][1312] SELECT horas_lab FROM tblaca008 WHERE c_asigna='322669' AND horas_teoricas > 0 [1][0] OK
C:[02/08/2014 03:39:34.29][190.201.170.98][1138] SELECT pre_cod_asig1,pre_cod_asig2,pre_cod_asig3,pre_cod_asig4,pre_cod_asig5,pre_cod_asig6,pre_cod_asig7 FROM tblaca009 WHERE pensum='5' AND c_uni_ca='3' AND c_asigna='315671' [1][0] OK
C:[02/08/2014 03:39:34.29][190.201.170.98][1151] SELECT c_asigna FROM dace004 WHERE exp_e='09-20805438' AND c_asigna='315552' AND status IN ('0','3','B','C') [1][0] OK
C:[02/08/2014 03:39:34.34][190.201.170.98][1182] SELECT par_cod_asig1,par_cod_asig2,par_cod_asig3 FROM tblaca009 WHERE pensum='5' AND c_uni_ca='3' AND c_asigna='315671' [1][0] OK
C:[02/08/2014 03:39:34.48][190.201.170.98][1312] SELECT horas_lab FROM tblaca008 WHERE c_asigna='315671' AND horas_teoricas > 0 [1][0] OK
C:[02/08/2014 06:56:40.63][190.204.93.93][1138] SELECT pre_cod_asig1,pre_cod_asig2,pre_cod_asig3,pre_cod_asig4,pre_cod_asig5,pre_cod_asig6,pre_cod_asig7 FROM tblaca009 WHERE pensum='5' AND c_uni_ca='5' AND c_asigna='300317' [1][0] OK
C:[02/08/2014 06:56:40.63][190.204.93.93][1151] SELECT c_asigna FROM dace004 WHERE exp_e='11-24560272' AND c_asigna='300207' AND status IN ('0','3','B','C') [1][0] OK
C:[02/08/2014 06:56:40.63][190.204.93.93][1151] SELECT c_asigna FROM dace004 WHERE exp_e='11-24560272' AND c_asigna='300209' AND status IN ('0','3','B','C') [1][0] OK
C:[02/08/2014 06:56:40.69][190.204.93.93][1182] SELECT par_cod_asig1,par_cod_asig2,par_cod_asig3 FROM tblaca009 WHERE pensum='5' AND c_uni_ca='5' AND c_asigna='300317' [1][0] OK
C:[02/08/2014 06:56:40.85][190.204.93.93][1312] SELECT horas_lab FROM tblaca008 WHERE c_asigna='300317' AND horas_teoricas > 0 [1][0] OK
C:[02/08/2014 07:03:32.90][190.198.130.145][1138] SELECT pre_cod_asig1,pre_cod_asig2,pre_cod_asig3,pre_cod_asig4,pre_cod_asig5,pre_cod_asig6,pre_cod_asig7 FROM tblaca009 WHERE pensum='5' AND c_uni_ca='2' AND c_asigna='300213' [1][0] OK
C:[02/08/2014 07:03:32.90][190.198.130.145][1151] SELECT c_asigna FROM dace004 WHERE exp_e='09-20883128' AND c_asigna='300101' AND status IN ('0','3','B','C') [1][0] OK
C:[02/08/2014 07:03:32.90][190.198.130.145][1138] SELECT pre_cod_asig1,pre_cod_asig2,pre_cod_asig3,pre_cod_asig4,pre_cod_asig5,pre_cod_asig6,pre_cod_asig7 FROM tblaca009 WHERE pensum='5' AND c_uni_ca='2' AND c_asigna='300428' [1][0] OK
C:[02/08/2014 07:03:32.90][190.198.130.145][1151] SELECT c_asigna FROM dace004 WHERE exp_e='09-20883128' AND c_asigna='300317' AND status IN ('0','3','B','C') [1][0] OK
C:[02/08/2014 07:03:32.90][190.198.130.145][1151] SELECT c_asigna FROM dace004 WHERE exp_e='09-20883128' AND c_asigna='300209' AND status IN ('0','3','B','C') [1][0] OK
C:[02/08/2014 07:03:32.77][190.198.130.145][1182] SELECT par_cod_asig1,par_cod_asig2,par_cod_asig3 FROM tblaca009 WHERE pensum='5' AND c_uni_ca='2' AND c_asigna='300213' [1][0] OK
C:[02/08/2014 07:03:32.77][190.198.130.145][1196] SELECT c_asigna FROM dace004 WHERE exp_e='09-20883128' AND c_asigna='300209' AND status IN ('0','3','B','C') [1][0] OK
C:[02/08/2014 07:03:32.77][190.198.130.145][1182] SELECT par_cod_asig1,par_cod_asig2,par_cod_asig3 FROM tblaca009 WHERE pensum='5' AND c_uni_ca='2' AND c_asigna='300428' [1][0] OK
C:[02/08/2014 07:03:32.16][190.198.130.145][1312] SELECT horas_lab FROM tblaca008 WHERE c_asigna='300213' AND horas_teoricas > 0 [1][0] OK
C:[02/08/2014 07:03:32.16][190.198.130.145][1312] SELECT horas_lab FROM tblaca008 WHERE c_asigna='300428' AND horas_teoricas > 0 [1][0] OK
C:[02/08/2014 07:08:53.13][190.198.187.6][1138] SELECT pre_cod_asig1,pre_cod_asig2,pre_cod_asig3,pre_cod_asig4,pre_cod_asig5,pre_cod_asig6,pre_cod_asig7 FROM tblaca009 WHERE pensum='5' AND c_uni_ca='6' AND c_asigna='344046' [1][0] OK
C:[02/08/2014 07:08:53.13][190.198.187.6][1151] SELECT c_asigna FROM dace004 WHERE exp_e='08-19804710' AND c_asigna='344834' AND status IN ('0','3','B','C') [1][0] OK
C:[02/08/2014 07:08:53.13][190.198.187.6][1151] SELECT c_asigna FROM dace004 WHERE exp_e='08-19804710' AND c_asigna='344732' AND status IN ('0','3','B','C') [1][0] OK
C:[02/08/2014 07:08:53.19][190.198.187.6][1182] SELECT par_cod_asig1,par_cod_asig2,par_cod_asig3 FROM tblaca009 WHERE pensum='5' AND c_uni_ca='6' AND c_asigna='344046' [1][0] OK
C:[02/08/2014 07:08:53.32][190.198.187.6][1312] SELECT horas_lab FROM tblaca008 WHERE c_asigna='344046' AND horas_teoricas > 0 [1][0] OK
C:[02/08/2014 07:15:55.64][200.31.133.161][1138] SELECT pre_cod_asig1,pre_cod_asig2,pre_cod_asig3,pre_cod_asig4,pre_cod_asig5,pre_cod_asig6,pre_cod_asig7 FROM tblaca009 WHERE pensum='5' AND c_uni_ca='4' AND c_asigna='333639' [1][0] OK
C:[02/08/2014 07:15:55.64][200.31.133.161][1151] SELECT c_asigna FROM dace004 WHERE exp_e='09-20299682' AND c_asigna='333585' AND status IN ('0','3','B','C') [1][0] OK
C:[02/08/2014 07:15:55.64][200.31.133.161][1138] SELECT pre_cod_asig1,pre_cod_asig2,pre_cod_asig3,pre_cod_asig4,pre_cod_asig5,pre_cod_asig6,pre_cod_asig7 FROM tblaca009 WHERE pensum='5' AND c_uni_ca='4' AND c_asigna='333710' [1][0] OK
C:[02/08/2014 07:15:55.64][200.31.133.161][1151] SELECT c_asigna FROM dace004 WHERE exp_e='09-20299682' AND c_asigna='333683' AND status IN ('0','3','B','C') [1][0] OK
C:[02/08/2014 07:15:55.64][200.31.133.161][1151] SELECT c_asigna FROM dace004 WHERE exp_e='09-20299682' AND c_asigna='333606' AND status IN ('0','3','B','C') [1][0] OK
C:[02/08/2014 07:15:55.64][200.31.133.161][1138] SELECT pre_cod_asig1,pre_cod_asig2,pre_cod_asig3,pre_cod_asig4,pre_cod_asig5,pre_cod_asig6,pre_cod_asig7 FROM tblaca009 WHERE pensum='5' AND c_uni_ca='4' AND c_asigna='333782' [1][0] OK
C:[02/08/2014 07:15:55.64][200.31.133.161][1151] SELECT c_asigna FROM dace004 WHERE exp_e='09-20299682' AND c_asigna='333606' AND status IN ('0','3','B','C') [1][0] OK
C:[02/08/2014 07:15:56.01][200.31.133.161][1182] SELECT par_cod_asig1,par_cod_asig2,par_cod_asig3 FROM tblaca009 WHERE pensum='5' AND c_uni_ca='4' AND c_asigna='333639' [1][0] OK
C:[02/08/2014 07:15:56.01][200.31.133.161][1182] SELECT par_cod_asig1,par_cod_asig2,par_cod_asig3 FROM tblaca009 WHERE pensum='5' AND c_uni_ca='4' AND c_asigna='333710' [1][0] OK
C:[02/08/2014 07:15:56.01][200.31.133.161][1196] SELECT c_asigna FROM dace004 WHERE exp_e='09-20299682' AND c_asigna='333782' AND status IN ('0','3','B','C') [0][0] OK
C:[02/08/2014 07:15:56.01][200.31.133.161][1182] SELECT par_cod_asig1,par_cod_asig2,par_cod_asig3 FROM tblaca009 WHERE pensum='5' AND c_uni_ca='4' AND c_asigna='333782' [1][0] OK
C:[02/08/2014 07:15:56.53][200.31.133.161][1312] SELECT horas_lab FROM tblaca008 WHERE c_asigna='333639' AND horas_teoricas > 0 [1][0] OK
C:[02/08/2014 07:15:56.53][200.31.133.161][1312] SELECT horas_lab FROM tblaca008 WHERE c_asigna='333710' AND horas_teoricas > 0 [1][0] OK
C:[02/08/2014 07:15:56.53][200.31.133.161][1312] SELECT horas_lab FROM tblaca008 WHERE c_asigna='333782' AND horas_teoricas > 0 [1][0] OK
C:[02/08/2014 07:36:30.49][190.198.141.179][1138] SELECT pre_cod_asig1,pre_cod_asig2,pre_cod_asig3,pre_cod_asig4,pre_cod_asig5,pre_cod_asig6,pre_cod_asig7 FROM tblaca009 WHERE pensum='5' AND c_uni_ca='4' AND c_asigna='300207' [1][0] OK
C:[02/08/2014 07:36:30.49][190.198.141.179][1151] SELECT c_asigna FROM dace004 WHERE exp_e='10-20805508' AND c_asigna='300101' AND status IN ('0','3','B','C') [1][0] OK
C:[02/08/2014 07:36:31.43][190.198.141.179][1182] SELECT par_cod_asig1,par_cod_asig2,par_cod_asig3 FROM tblaca009 WHERE pensum='5' AND c_uni_ca='4' AND c_asigna='300207' [1][0] OK
C:[02/08/2014 07:36:31.56][190.198.141.179][1312] SELECT horas_lab FROM tblaca008 WHERE c_asigna='300207' AND horas_teoricas > 0 [1][0] OK
C:[02/08/2014 07:50:35.40][186.90.218.172][1138] SELECT pre_cod_asig1,pre_cod_asig2,pre_cod_asig3,pre_cod_asig4,pre_cod_asig5,pre_cod_asig6,pre_cod_asig7 FROM tblaca009 WHERE pensum='5' AND c_uni_ca='3' AND c_asigna='300317' [1][0] OK
C:[02/08/2014 07:50:35.40][186.90.218.172][1151] SELECT c_asigna FROM dace004 WHERE exp_e='12-24179380' AND c_asigna='300207' AND status IN ('0','3','B','C') [1][0] OK
C:[02/08/2014 07:50:35.40][186.90.218.172][1151] SELECT c_asigna FROM dace004 WHERE exp_e='12-24179380' AND c_asigna='300209' AND status IN ('0','3','B','C') [1][0] OK
C:[02/08/2014 07:50:35.40][186.90.218.172][1138] SELECT pre_cod_asig1,pre_cod_asig2,pre_cod_asig3,pre_cod_asig4,pre_cod_asig5,pre_cod_asig6,pre_cod_asig7 FROM tblaca009 WHERE pensum='5' AND c_uni_ca='3' AND c_asigna='300318' [1][0] OK
C:[02/08/2014 07:50:35.40][186.90.218.172][1151] SELECT c_asigna FROM dace004 WHERE exp_e='12-24179380' AND c_asigna='300228' AND status IN ('0','3','B','C') [1][0] OK
C:[02/08/2014 07:50:35.40][186.90.218.172][1151] SELECT c_asigna FROM dace004 WHERE exp_e='12-24179380' AND c_asigna='300207' AND status IN ('0','3','B','C') [1][0] OK
C:[02/08/2014 07:50:35.40][186.90.218.172][1151] SELECT c_asigna FROM dace004 WHERE exp_e='12-24179380' AND c_asigna='300218' AND status IN ('0','3','B','C') [1][0] OK
C:[02/08/2014 07:50:35.40][186.90.218.172][1138] SELECT pre_cod_asig1,pre_cod_asig2,pre_cod_asig3,pre_cod_asig4,pre_cod_asig5,pre_cod_asig6,pre_cod_asig7 FROM tblaca009 WHERE pensum='5' AND c_uni_ca='3' AND c_asigna='300313' [1][0] OK
C:[02/08/2014 07:50:35.40][186.90.218.172][1151] SELECT c_asigna FROM dace004 WHERE exp_e='12-24179380' AND c_asigna='300213' AND status IN ('0','3','B','C') [1][0] OK
C:[02/08/2014 07:50:35.40][186.90.218.172][1151] SELECT c_asigna FROM dace004 WHERE exp_e='12-24179380' AND c_asigna='300226' AND status IN ('0','3','B','C') [1][0] OK
C:[02/08/2014 07:50:35.40][186.90.218.172][1151] SELECT c_asigna FROM dace004 WHERE exp_e='12-24179380' AND c_asigna='300222' AND status IN ('0','3','B','C') [1][0] OK
C:[02/08/2014 07:50:35.40][186.90.218.172][1151] SELECT c_asigna FROM dace004 WHERE exp_e='12-24179380' AND c_asigna='300209' AND status IN ('0','3','B','C') [1][0] OK
C:[02/08/2014 07:50:36.72][186.90.218.172][1182] SELECT par_cod_asig1,par_cod_asig2,par_cod_asig3 FROM tblaca009 WHERE pensum='5' AND c_uni_ca='3' AND c_asigna='300317' [1][0] OK
C:[02/08/2014 07:50:36.72][186.90.218.172][1182] SELECT par_cod_asig1,par_cod_asig2,par_cod_asig3 FROM tblaca009 WHERE pensum='5' AND c_uni_ca='3' AND c_asigna='300318' [1][0] OK
C:[02/08/2014 07:50:36.72][186.90.218.172][1182] SELECT par_cod_asig1,par_cod_asig2,par_cod_asig3 FROM tblaca009 WHERE pensum='5' AND c_uni_ca='3' AND c_asigna='300313' [1][0] OK
C:[02/08/2014 07:50:36.11][186.90.218.172][1312] SELECT horas_lab FROM tblaca008 WHERE c_asigna='300317' AND horas_teoricas > 0 [1][0] OK
C:[02/08/2014 07:50:36.11][186.90.218.172][1312] SELECT horas_lab FROM tblaca008 WHERE c_asigna='300318' AND horas_teoricas > 0 [1][0] OK
C:[02/08/2014 07:50:36.11][186.90.218.172][1312] SELECT horas_lab FROM tblaca008 WHERE c_asigna='300313' AND horas_teoricas > 0 [1][0] OK
C:[02/08/2014 07:55:19.94][200.31.133.161][1138] SELECT pre_cod_asig1,pre_cod_asig2,pre_cod_asig3,pre_cod_asig4,pre_cod_asig5,pre_cod_asig6,pre_cod_asig7 FROM tblaca009 WHERE pensum='5' AND c_uni_ca='4' AND c_asigna='333830' [1][0] OK
C:[02/08/2014 07:55:19.94][200.31.133.161][1151] SELECT c_asigna FROM dace004 WHERE exp_e='09-20887593' AND c_asigna='333710' AND status IN ('0','3','B','C') [1][0] OK
C:[02/08/2014 07:55:19.94][200.31.133.161][1151] SELECT c_asigna FROM dace004 WHERE exp_e='09-20887593' AND c_asigna='333782' AND status IN ('0','3','B','C') [1][0] OK
C:[02/08/2014 07:55:19.94][200.31.133.161][1138] SELECT pre_cod_asig1,pre_cod_asig2,pre_cod_asig3,pre_cod_asig4,pre_cod_asig5,pre_cod_asig6,pre_cod_asig7 FROM tblaca009 WHERE pensum='5' AND c_uni_ca='4' AND c_asigna='300956' [1][0] OK
C:[02/08/2014 07:55:19.94][200.31.133.161][1151] SELECT c_asigna FROM dace004 WHERE exp_e='09-20887593' AND c_asigna='300422' AND status IN ('0','3','B','C') [1][0] OK
C:[02/08/2014 07:55:19.94][200.31.133.161][1151] SELECT c_asigna FROM dace004 WHERE exp_e='09-20887593' AND c_asigna='300105' AND status IN ('0','3','B','C') [1][0] OK
C:[02/08/2014 07:55:19.94][200.31.133.161][1151] SELECT c_asigna FROM dace004 WHERE exp_e='09-20887593' AND c_asigna='300314' AND status IN ('0','3','B','C') [1][0] OK
C:[02/08/2014 07:55:19.51][200.31.133.161][1182] SELECT par_cod_asig1,par_cod_asig2,par_cod_asig3 FROM tblaca009 WHERE pensum='5' AND c_uni_ca='4' AND c_asigna='333830' [1][0] OK
C:[02/08/2014 07:55:19.51][200.31.133.161][1182] SELECT par_cod_asig1,par_cod_asig2,par_cod_asig3 FROM tblaca009 WHERE pensum='5' AND c_uni_ca='4' AND c_asigna='300956' [1][0] OK
C:[02/08/2014 07:55:19.76][200.31.133.161][1312] SELECT horas_lab FROM tblaca008 WHERE c_asigna='333830' AND horas_teoricas > 0 [1][0] OK
C:[02/08/2014 07:55:19.76][200.31.133.161][1312] SELECT horas_lab FROM tblaca008 WHERE c_asigna='300956' AND horas_teoricas > 0 [1][0] OK
C:[02/08/2014 08:03:51.28][179.44.105.35][1138] SELECT pre_cod_asig1,pre_cod_asig2,pre_cod_asig3,pre_cod_asig4,pre_cod_asig5,pre_cod_asig6,pre_cod_asig7 FROM tblaca009 WHERE pensum='5' AND c_uni_ca='2' AND c_asigna='322559' [1][0] OK
C:[02/08/2014 08:03:51.28][179.44.105.35][1151] SELECT c_asigna FROM dace004 WHERE exp_e='06-17999021' AND c_asigna='300428' AND status IN ('0','3','B','C') [1][0] OK
C:[02/08/2014 08:03:51.28][179.44.105.35][1151] SELECT c_asigna FROM dace004 WHERE exp_e='06-17999021' AND c_asigna='322436' AND status IN ('0','3','B','C') [1][0] OK
C:[02/08/2014 08:03:51.28][179.44.105.35][1138] SELECT pre_cod_asig1,pre_cod_asig2,pre_cod_asig3,pre_cod_asig4,pre_cod_asig5,pre_cod_asig6,pre_cod_asig7 FROM tblaca009 WHERE pensum='5' AND c_uni_ca='2' AND c_asigna='322782' [1][0] OK
C:[02/08/2014 08:03:51.28][179.44.105.35][1151] SELECT c_asigna FROM dace004 WHERE exp_e='06-17999021' AND c_asigna='322669' AND status IN ('0','3','B','C') [1][0] OK
C:[02/08/2014 08:03:51.28][179.44.105.35][1151] SELECT c_asigna FROM dace004 WHERE exp_e='06-17999021' AND c_asigna='322550' AND status IN ('0','3','B','C') [1][0] OK
C:[02/08/2014 08:03:51.28][179.44.105.35][1182] SELECT par_cod_asig1,par_cod_asig2,par_cod_asig3 FROM tblaca009 WHERE pensum='5' AND c_uni_ca='2' AND c_asigna='322559' [1][0] OK
C:[02/08/2014 08:03:51.28][179.44.105.35][1182] SELECT par_cod_asig1,par_cod_asig2,par_cod_asig3 FROM tblaca009 WHERE pensum='5' AND c_uni_ca='2' AND c_asigna='322782' [1][0] OK
C:[02/08/2014 08:03:51.54][179.44.105.35][1312] SELECT horas_lab FROM tblaca008 WHERE c_asigna='322559' AND horas_teoricas > 0 [1][0] OK
C:[02/08/2014 08:03:51.54][179.44.105.35][1312] SELECT horas_lab FROM tblaca008 WHERE c_asigna='322782' AND horas_teoricas > 0 [1][0] OK
C:[02/08/2014 08:24:00.08][190.37.109.231][1138] SELECT pre_cod_asig1,pre_cod_asig2,pre_cod_asig3,pre_cod_asig4,pre_cod_asig5,pre_cod_asig6,pre_cod_asig7 FROM tblaca009 WHERE pensum='5' AND c_uni_ca='2' AND c_asigna='300209' [1][0] OK
C:[02/08/2014 08:24:00.08][190.37.109.231][1151] SELECT c_asigna FROM dace004 WHERE exp_e='12-25040701' AND c_asigna='300101' AND status IN ('0','3','B','C') [1][0] OK
C:[02/08/2014 08:24:00.08][190.37.109.231][1138] SELECT pre_cod_asig1,pre_cod_asig2,pre_cod_asig3,pre_cod_asig4,pre_cod_asig5,pre_cod_asig6,pre_cod_asig7 FROM tblaca009 WHERE pensum='5' AND c_uni_ca='2' AND c_asigna='300213' [1][0] OK
C:[02/08/2014 08:24:00.08][190.37.109.231][1151] SELECT c_asigna FROM dace004 WHERE exp_e='12-25040701' AND c_asigna='300101' AND status IN ('0','3','B','C') [1][0] OK
C:[02/08/2014 08:24:00.83][190.37.109.231][1182] SELECT par_cod_asig1,par_cod_asig2,par_cod_asig3 FROM tblaca009 WHERE pensum='5' AND c_uni_ca='2' AND c_asigna='300209' [1][0] OK
C:[02/08/2014 08:24:00.83][190.37.109.231][1182] SELECT par_cod_asig1,par_cod_asig2,par_cod_asig3 FROM tblaca009 WHERE pensum='5' AND c_uni_ca='2' AND c_asigna='300213' [1][0] OK
C:[02/08/2014 08:24:00.83][190.37.109.231][1196] SELECT c_asigna FROM dace004 WHERE exp_e='12-25040701' AND c_asigna='300209' AND status IN ('0','3','B','C') [0][0] OK
C:[02/08/2014 08:24:01.21][190.37.109.231][1312] SELECT horas_lab FROM tblaca008 WHERE c_asigna='300209' AND horas_teoricas > 0 [1][0] OK
C:[02/08/2014 08:24:01.21][190.37.109.231][1312] SELECT horas_lab FROM tblaca008 WHERE c_asigna='300213' AND horas_teoricas > 0 [1][0] OK
C:[02/08/2014 08:25:32.18][190.37.109.231][1138] SELECT pre_cod_asig1,pre_cod_asig2,pre_cod_asig3,pre_cod_asig4,pre_cod_asig5,pre_cod_asig6,pre_cod_asig7 FROM tblaca009 WHERE pensum='5' AND c_uni_ca='2' AND c_asigna='300209' [1][0] OK
C:[02/08/2014 08:25:32.18][190.37.109.231][1151] SELECT c_asigna FROM dace004 WHERE exp_e='12-25040701' AND c_asigna='300101' AND status IN ('0','3','B','C') [1][0] OK
C:[02/08/2014 08:25:32.18][190.37.109.231][1138] SELECT pre_cod_asig1,pre_cod_asig2,pre_cod_asig3,pre_cod_asig4,pre_cod_asig5,pre_cod_asig6,pre_cod_asig7 FROM tblaca009 WHERE pensum='5' AND c_uni_ca='2' AND c_asigna='300213' [1][0] OK
C:[02/08/2014 08:25:32.18][190.37.109.231][1151] SELECT c_asigna FROM dace004 WHERE exp_e='12-25040701' AND c_asigna='300101' AND status IN ('0','3','B','C') [1][0] OK
C:[02/08/2014 08:25:32.37][190.37.109.231][1182] SELECT par_cod_asig1,par_cod_asig2,par_cod_asig3 FROM tblaca009 WHERE pensum='5' AND c_uni_ca='2' AND c_asigna='300209' [1][0] OK
C:[02/08/2014 08:25:32.37][190.37.109.231][1182] SELECT par_cod_asig1,par_cod_asig2,par_cod_asig3 FROM tblaca009 WHERE pensum='5' AND c_uni_ca='2' AND c_asigna='300213' [1][0] OK
C:[02/08/2014 08:25:32.37][190.37.109.231][1196] SELECT c_asigna FROM dace004 WHERE exp_e='12-25040701' AND c_asigna='300209' AND status IN ('0','3','B','C') [0][0] OK
C:[02/08/2014 08:25:32.76][190.37.109.231][1312] SELECT horas_lab FROM tblaca008 WHERE c_asigna='300209' AND horas_teoricas > 0 [1][0] OK
C:[02/08/2014 08:25:32.76][190.37.109.231][1312] SELECT horas_lab FROM tblaca008 WHERE c_asigna='300213' AND horas_teoricas > 0 [1][0] OK
C:[02/08/2014 08:26:27.42][186.89.165.219][1138] SELECT pre_cod_asig1,pre_cod_asig2,pre_cod_asig3,pre_cod_asig4,pre_cod_asig5,pre_cod_asig6,pre_cod_asig7 FROM tblaca009 WHERE pensum='5' AND c_uni_ca='4' AND c_asigna='333440' [1][0] OK
C:[02/08/2014 08:26:27.42][186.89.165.219][1151] SELECT c_asigna FROM dace004 WHERE exp_e='11-25081430' AND c_asigna='300317' AND status IN ('0','3','B','C') [1][0] OK
C:[02/08/2014 08:26:27.42][186.89.165.219][1151] SELECT c_asigna FROM dace004 WHERE exp_e='11-25081430' AND c_asigna='330310' AND status IN ('0','3','B','C') [1][0] OK
C:[02/08/2014 08:26:27.42][186.89.165.219][1151] SELECT c_asigna FROM dace004 WHERE exp_e='11-25081430' AND c_asigna='300209' AND status IN ('0','3','B','C') [1][0] OK
C:[02/08/2014 08:26:27.42][186.89.165.219][1138] SELECT pre_cod_asig1,pre_cod_asig2,pre_cod_asig3,pre_cod_asig4,pre_cod_asig5,pre_cod_asig6,pre_cod_asig7 FROM tblaca009 WHERE pensum='5' AND c_uni_ca='4' AND c_asigna='333564' [1][0] OK
C:[02/08/2014 08:26:27.42][186.89.165.219][1151] SELECT c_asigna FROM dace004 WHERE exp_e='11-25081430' AND c_asigna='333441' AND status IN ('0','3','B','C') [1][0] OK
C:[02/08/2014 08:26:27.85][186.89.165.219][1182] SELECT par_cod_asig1,par_cod_asig2,par_cod_asig3 FROM tblaca009 WHERE pensum='5' AND c_uni_ca='4' AND c_asigna='333440' [1][0] OK
C:[02/08/2014 08:26:27.85][186.89.165.219][1196] SELECT c_asigna FROM dace004 WHERE exp_e='11-25081430' AND c_asigna='333441' AND status IN ('0','3','B','C') [1][0] OK
C:[02/08/2014 08:26:27.85][186.89.165.219][1182] SELECT par_cod_asig1,par_cod_asig2,par_cod_asig3 FROM tblaca009 WHERE pensum='5' AND c_uni_ca='4' AND c_asigna='333564' [1][0] OK
C:[02/08/2014 08:26:27.24][186.89.165.219][1312] SELECT horas_lab FROM tblaca008 WHERE c_asigna='333440' AND horas_teoricas > 0 [1][0] OK
C:[02/08/2014 08:26:27.24][186.89.165.219][1312] SELECT horas_lab FROM tblaca008 WHERE c_asigna='333564' AND horas_teoricas > 0 [1][0] OK
C:[02/08/2014 08:27:31.98][190.37.109.231][1138] SELECT pre_cod_asig1,pre_cod_asig2,pre_cod_asig3,pre_cod_asig4,pre_cod_asig5,pre_cod_asig6,pre_cod_asig7 FROM tblaca009 WHERE pensum='5' AND c_uni_ca='2' AND c_asigna='300209' [1][0] OK
C:[02/08/2014 08:27:31.98][190.37.109.231][1151] SELECT c_asigna FROM dace004 WHERE exp_e='12-25040701' AND c_asigna='300101' AND status IN ('0','3','B','C') [1][0] OK
C:[02/08/2014 08:27:31.98][190.37.109.231][1138] SELECT pre_cod_asig1,pre_cod_asig2,pre_cod_asig3,pre_cod_asig4,pre_cod_asig5,pre_cod_asig6,pre_cod_asig7 FROM tblaca009 WHERE pensum='5' AND c_uni_ca='2' AND c_asigna='300213' [1][0] OK
C:[02/08/2014 08:27:31.98][190.37.109.231][1151] SELECT c_asigna FROM dace004 WHERE exp_e='12-25040701' AND c_asigna='300101' AND status IN ('0','3','B','C') [1][0] OK
C:[02/08/2014 08:27:31.17][190.37.109.231][1182] SELECT par_cod_asig1,par_cod_asig2,par_cod_asig3 FROM tblaca009 WHERE pensum='5' AND c_uni_ca='2' AND c_asigna='300209' [1][0] OK
C:[02/08/2014 08:27:31.17][190.37.109.231][1182] SELECT par_cod_asig1,par_cod_asig2,par_cod_asig3 FROM tblaca009 WHERE pensum='5' AND c_uni_ca='2' AND c_asigna='300213' [1][0] OK
C:[02/08/2014 08:27:31.17][190.37.109.231][1196] SELECT c_asigna FROM dace004 WHERE exp_e='12-25040701' AND c_asigna='300209' AND status IN ('0','3','B','C') [0][0] OK
C:[02/08/2014 08:27:31.56][190.37.109.231][1312] SELECT horas_lab FROM tblaca008 WHERE c_asigna='300209' AND horas_teoricas > 0 [1][0] OK
C:[02/08/2014 08:27:31.56][190.37.109.231][1312] SELECT horas_lab FROM tblaca008 WHERE c_asigna='300213' AND horas_teoricas > 0 [1][0] OK
C:[02/08/2014 08:28:41.00][186.90.189.203][1138] SELECT pre_cod_asig1,pre_cod_asig2,pre_cod_asig3,pre_cod_asig4,pre_cod_asig5,pre_cod_asig6,pre_cod_asig7 FROM tblaca009 WHERE pensum='5' AND c_uni_ca='3' AND c_asigna='300317' [1][0] OK
C:[02/08/2014 08:28:41.00][186.90.189.203][1151] SELECT c_asigna FROM dace004 WHERE exp_e='12-24179380' AND c_asigna='300207' AND status IN ('0','3','B','C') [1][0] OK
C:[02/08/2014 08:28:41.00][186.90.189.203][1151] SELECT c_asigna FROM dace004 WHERE exp_e='12-24179380' AND c_asigna='300209' AND status IN ('0','3','B','C') [1][0] OK
C:[02/08/2014 08:28:41.00][186.90.189.203][1138] SELECT pre_cod_asig1,pre_cod_asig2,pre_cod_asig3,pre_cod_asig4,pre_cod_asig5,pre_cod_asig6,pre_cod_asig7 FROM tblaca009 WHERE pensum='5' AND c_uni_ca='3' AND c_asigna='300318' [1][0] OK
C:[02/08/2014 08:28:41.00][186.90.189.203][1151] SELECT c_asigna FROM dace004 WHERE exp_e='12-24179380' AND c_asigna='300228' AND status IN ('0','3','B','C') [1][0] OK
C:[02/08/2014 08:28:41.00][186.90.189.203][1151] SELECT c_asigna FROM dace004 WHERE exp_e='12-24179380' AND c_asigna='300207' AND status IN ('0','3','B','C') [1][0] OK
C:[02/08/2014 08:28:41.00][186.90.189.203][1151] SELECT c_asigna FROM dace004 WHERE exp_e='12-24179380' AND c_asigna='300218' AND status IN ('0','3','B','C') [1][0] OK
C:[02/08/2014 08:28:41.00][186.90.189.203][1138] SELECT pre_cod_asig1,pre_cod_asig2,pre_cod_asig3,pre_cod_asig4,pre_cod_asig5,pre_cod_asig6,pre_cod_asig7 FROM tblaca009 WHERE pensum='5' AND c_uni_ca='3' AND c_asigna='300313' [1][0] OK
C:[02/08/2014 08:28:41.00][186.90.189.203][1151] SELECT c_asigna FROM dace004 WHERE exp_e='12-24179380' AND c_asigna='300213' AND status IN ('0','3','B','C') [1][0] OK
C:[02/08/2014 08:28:41.00][186.90.189.203][1151] SELECT c_asigna FROM dace004 WHERE exp_e='12-24179380' AND c_asigna='300226' AND status IN ('0','3','B','C') [1][0] OK
C:[02/08/2014 08:28:41.00][186.90.189.203][1151] SELECT c_asigna FROM dace004 WHERE exp_e='12-24179380' AND c_asigna='300222' AND status IN ('0','3','B','C') [1][0] OK
C:[02/08/2014 08:28:41.00][186.90.189.203][1151] SELECT c_asigna FROM dace004 WHERE exp_e='12-24179380' AND c_asigna='300209' AND status IN ('0','3','B','C') [1][0] OK
C:[02/08/2014 08:28:42.75][186.90.189.203][1182] SELECT par_cod_asig1,par_cod_asig2,par_cod_asig3 FROM tblaca009 WHERE pensum='5' AND c_uni_ca='3' AND c_asigna='300317' [1][0] OK
C:[02/08/2014 08:28:42.75][186.90.189.203][1182] SELECT par_cod_asig1,par_cod_asig2,par_cod_asig3 FROM tblaca009 WHERE pensum='5' AND c_uni_ca='3' AND c_asigna='300318' [1][0] OK
C:[02/08/2014 08:28:42.75][186.90.189.203][1182] SELECT par_cod_asig1,par_cod_asig2,par_cod_asig3 FROM tblaca009 WHERE pensum='5' AND c_uni_ca='3' AND c_asigna='300313' [1][0] OK
C:[02/08/2014 08:28:42.14][186.90.189.203][1312] SELECT horas_lab FROM tblaca008 WHERE c_asigna='300317' AND horas_teoricas > 0 [1][0] OK
C:[02/08/2014 08:28:42.14][186.90.189.203][1312] SELECT horas_lab FROM tblaca008 WHERE c_asigna='300318' AND horas_teoricas > 0 [1][0] OK
C:[02/08/2014 08:28:42.14][186.90.189.203][1312] SELECT horas_lab FROM tblaca008 WHERE c_asigna='300313' AND horas_teoricas > 0 [1][0] OK
C:[02/08/2014 08:29:15.77][190.37.109.231][1138] SELECT pre_cod_asig1,pre_cod_asig2,pre_cod_asig3,pre_cod_asig4,pre_cod_asig5,pre_cod_asig6,pre_cod_asig7 FROM tblaca009 WHERE pensum='5' AND c_uni_ca='2' AND c_asigna='300209' [1][0] OK
C:[02/08/2014 08:29:15.77][190.37.109.231][1151] SELECT c_asigna FROM dace004 WHERE exp_e='12-25040701' AND c_asigna='300101' AND status IN ('0','3','B','C') [1][0] OK
C:[02/08/2014 08:29:15.77][190.37.109.231][1138] SELECT pre_cod_asig1,pre_cod_asig2,pre_cod_asig3,pre_cod_asig4,pre_cod_asig5,pre_cod_asig6,pre_cod_asig7 FROM tblaca009 WHERE pensum='5' AND c_uni_ca='2' AND c_asigna='300213' [1][0] OK
C:[02/08/2014 08:29:15.77][190.37.109.231][1151] SELECT c_asigna FROM dace004 WHERE exp_e='12-25040701' AND c_asigna='300101' AND status IN ('0','3','B','C') [1][0] OK
C:[02/08/2014 08:29:15.96][190.37.109.231][1182] SELECT par_cod_asig1,par_cod_asig2,par_cod_asig3 FROM tblaca009 WHERE pensum='5' AND c_uni_ca='2' AND c_asigna='300209' [1][0] OK
C:[02/08/2014 08:29:15.96][190.37.109.231][1182] SELECT par_cod_asig1,par_cod_asig2,par_cod_asig3 FROM tblaca009 WHERE pensum='5' AND c_uni_ca='2' AND c_asigna='300213' [1][0] OK
C:[02/08/2014 08:29:15.96][190.37.109.231][1196] SELECT c_asigna FROM dace004 WHERE exp_e='12-25040701' AND c_asigna='300209' AND status IN ('0','3','B','C') [0][0] OK
C:[02/08/2014 08:29:15.35][190.37.109.231][1312] SELECT horas_lab FROM tblaca008 WHERE c_asigna='300209' AND horas_teoricas > 0 [1][0] OK
C:[02/08/2014 08:29:15.35][190.37.109.231][1312] SELECT horas_lab FROM tblaca008 WHERE c_asigna='300213' AND horas_teoricas > 0 [1][0] OK
C:[02/08/2014 08:34:17.41][200.109.220.215][1138] SELECT pre_cod_asig1,pre_cod_asig2,pre_cod_asig3,pre_cod_asig4,pre_cod_asig5,pre_cod_asig6,pre_cod_asig7 FROM tblaca009 WHERE pensum='5' AND c_uni_ca='3' AND c_asigna='300870' [1][0] OK
C:[02/08/2014 08:34:17.41][200.109.220.215][1138] SELECT pre_cod_asig1,pre_cod_asig2,pre_cod_asig3,pre_cod_asig4,pre_cod_asig5,pre_cod_asig6,pre_cod_asig7 FROM tblaca009 WHERE pensum='5' AND c_uni_ca='3' AND c_asigna='311100' [1][0] OK
C:[02/08/2014 08:34:17.35][200.109.220.215][1182] SELECT par_cod_asig1,par_cod_asig2,par_cod_asig3 FROM tblaca009 WHERE pensum='5' AND c_uni_ca='3' AND c_asigna='300870' [1][0] OK
C:[02/08/2014 08:34:17.35][200.109.220.215][1182] SELECT par_cod_asig1,par_cod_asig2,par_cod_asig3 FROM tblaca009 WHERE pensum='5' AND c_uni_ca='3' AND c_asigna='311100' [1][0] OK
C:[02/08/2014 08:34:17.62][200.109.220.215][1312] SELECT horas_lab FROM tblaca008 WHERE c_asigna='300870' AND horas_teoricas > 0 [1][0] OK
C:[02/08/2014 08:34:17.62][200.109.220.215][1312] SELECT horas_lab FROM tblaca008 WHERE c_asigna='311100' AND horas_teoricas > 0 [1][0] OK
C:[02/08/2014 08:39:43.50][190.37.111.223][1138] SELECT pre_cod_asig1,pre_cod_asig2,pre_cod_asig3,pre_cod_asig4,pre_cod_asig5,pre_cod_asig6,pre_cod_asig7 FROM tblaca009 WHERE pensum='5' AND c_uni_ca='6' AND c_asigna='300101' [1][0] OK
C:[02/08/2014 08:39:44.33][190.37.111.223][1182] SELECT par_cod_asig1,par_cod_asig2,par_cod_asig3 FROM tblaca009 WHERE pensum='5' AND c_uni_ca='6' AND c_asigna='300101' [1][0] OK
C:[02/08/2014 08:39:44.45][190.37.111.223][1312] SELECT horas_lab FROM tblaca008 WHERE c_asigna='300101' AND horas_teoricas > 0 [1][0] OK
C:[02/08/2014 08:53:34.33][190.39.6.105][1138] SELECT pre_cod_asig1,pre_cod_asig2,pre_cod_asig3,pre_cod_asig4,pre_cod_asig5,pre_cod_asig6,pre_cod_asig7 FROM tblaca009 WHERE pensum='5' AND c_uni_ca='2' AND c_asigna='300101' [1][0] OK
C:[02/08/2014 08:53:34.33][190.39.6.105][1138] SELECT pre_cod_asig1,pre_cod_asig2,pre_cod_asig3,pre_cod_asig4,pre_cod_asig5,pre_cod_asig6,pre_cod_asig7 FROM tblaca009 WHERE pensum='5' AND c_uni_ca='2' AND c_asigna='300226' [1][0] OK
C:[02/08/2014 08:53:34.33][190.39.6.105][1151] SELECT c_asigna FROM dace004 WHERE exp_e='13-25395738' AND c_asigna='300116' AND status IN ('0','3','B','C') [1][0] OK
C:[02/08/2014 08:53:34.39][190.39.6.105][1182] SELECT par_cod_asig1,par_cod_asig2,par_cod_asig3 FROM tblaca009 WHERE pensum='5' AND c_uni_ca='2' AND c_asigna='300101' [1][0] OK
C:[02/08/2014 08:53:34.39][190.39.6.105][1182] SELECT par_cod_asig1,par_cod_asig2,par_cod_asig3 FROM tblaca009 WHERE pensum='5' AND c_uni_ca='2' AND c_asigna='300226' [1][0] OK
C:[02/08/2014 08:53:34.65][190.39.6.105][1312] SELECT horas_lab FROM tblaca008 WHERE c_asigna='300101' AND horas_teoricas > 0 [1][0] OK
C:[02/08/2014 08:53:34.65][190.39.6.105][1312] SELECT horas_lab FROM tblaca008 WHERE c_asigna='300226' AND horas_teoricas > 0 [1][0] OK
C:[02/08/2014 08:54:15.32][190.39.6.105][1138] SELECT pre_cod_asig1,pre_cod_asig2,pre_cod_asig3,pre_cod_asig4,pre_cod_asig5,pre_cod_asig6,pre_cod_asig7 FROM tblaca009 WHERE pensum='5' AND c_uni_ca='2' AND c_asigna='300101' [1][0] OK
C:[02/08/2014 08:54:15.15][190.39.6.105][1182] SELECT par_cod_asig1,par_cod_asig2,par_cod_asig3 FROM tblaca009 WHERE pensum='5' AND c_uni_ca='2' AND c_asigna='300101' [1][0] OK
C:[02/08/2014 08:54:16.28][190.39.6.105][1312] SELECT horas_lab FROM tblaca008 WHERE c_asigna='300101' AND horas_teoricas > 0 [1][0] OK
C:[02/08/2014 09:03:36.55][190.204.98.244][1138] SELECT pre_cod_asig1,pre_cod_asig2,pre_cod_asig3,pre_cod_asig4,pre_cod_asig5,pre_cod_asig6,pre_cod_asig7 FROM tblaca009 WHERE pensum='5' AND c_uni_ca='3' AND c_asigna='300207' [1][0] OK
C:[02/08/2014 09:03:36.55][190.204.98.244][1151] SELECT c_asigna FROM dace004 WHERE exp_e='13-22828324' AND c_asigna='300101' AND status IN ('0','3','B','C') [1][0] OK
C:[02/08/2014 09:03:36.55][190.204.98.244][1138] SELECT pre_cod_asig1,pre_cod_asig2,pre_cod_asig3,pre_cod_asig4,pre_cod_asig5,pre_cod_asig6,pre_cod_asig7 FROM tblaca009 WHERE pensum='5' AND c_uni_ca='3' AND c_asigna='300209' [1][0] OK
C:[02/08/2014 09:03:36.55][190.204.98.244][1151] SELECT c_asigna FROM dace004 WHERE exp_e='13-22828324' AND c_asigna='300101' AND status IN ('0','3','B','C') [1][0] OK
C:[02/08/2014 09:03:36.30][190.204.98.244][1182] SELECT par_cod_asig1,par_cod_asig2,par_cod_asig3 FROM tblaca009 WHERE pensum='5' AND c_uni_ca='3' AND c_asigna='300207' [1][0] OK
C:[02/08/2014 09:03:36.30][190.204.98.244][1182] SELECT par_cod_asig1,par_cod_asig2,par_cod_asig3 FROM tblaca009 WHERE pensum='5' AND c_uni_ca='3' AND c_asigna='300209' [1][0] OK
C:[02/08/2014 09:03:36.56][190.204.98.244][1312] SELECT horas_lab FROM tblaca008 WHERE c_asigna='300207' AND horas_teoricas > 0 [1][0] OK
C:[02/08/2014 09:03:36.56][190.204.98.244][1312] SELECT horas_lab FROM tblaca008 WHERE c_asigna='300209' AND horas_teoricas > 0 [1][0] OK
C:[02/08/2014 09:09:31.02][190.198.177.228][1138] SELECT pre_cod_asig1,pre_cod_asig2,pre_cod_asig3,pre_cod_asig4,pre_cod_asig5,pre_cod_asig6,pre_cod_asig7 FROM tblaca009 WHERE pensum='5' AND c_uni_ca='5' AND c_asigna='300209' [1][0] OK
C:[02/08/2014 09:09:31.02][190.198.177.228][1151] SELECT c_asigna FROM dace004 WHERE exp_e='13-24069009' AND c_asigna='300101' AND status IN ('0','3','B','C') [1][0] OK
C:[02/08/2014 09:09:31.02][190.198.177.228][1138] SELECT pre_cod_asig1,pre_cod_asig2,pre_cod_asig3,pre_cod_asig4,pre_cod_asig5,pre_cod_asig6,pre_cod_asig7 FROM tblaca009 WHERE pensum='5' AND c_uni_ca='5' AND c_asigna='300213' [1][0] OK
C:[02/08/2014 09:09:31.02][190.198.177.228][1151] SELECT c_asigna FROM dace004 WHERE exp_e='13-24069009' AND c_asigna='300101' AND status IN ('0','3','B','C') [1][0] OK
C:[02/08/2014 09:09:32.77][190.198.177.228][1182] SELECT par_cod_asig1,par_cod_asig2,par_cod_asig3 FROM tblaca009 WHERE pensum='5' AND c_uni_ca='5' AND c_asigna='300209' [1][0] OK
C:[02/08/2014 09:09:32.77][190.198.177.228][1182] SELECT par_cod_asig1,par_cod_asig2,par_cod_asig3 FROM tblaca009 WHERE pensum='5' AND c_uni_ca='5' AND c_asigna='300213' [1][0] OK
C:[02/08/2014 09:09:32.77][190.198.177.228][1196] SELECT c_asigna FROM dace004 WHERE exp_e='13-24069009' AND c_asigna='300209' AND status IN ('0','3','B','C') [0][0] OK
C:[02/08/2014 09:09:32.16][190.198.177.228][1312] SELECT horas_lab FROM tblaca008 WHERE c_asigna='300209' AND horas_teoricas > 0 [1][0] OK
C:[02/08/2014 09:09:32.16][190.198.177.228][1312] SELECT horas_lab FROM tblaca008 WHERE c_asigna='300213' AND horas_teoricas > 0 [1][0] OK
C:[02/08/2014 09:12:46.33][201.243.109.91][1138] SELECT pre_cod_asig1,pre_cod_asig2,pre_cod_asig3,pre_cod_asig4,pre_cod_asig5,pre_cod_asig6,pre_cod_asig7 FROM tblaca009 WHERE pensum='5' AND c_uni_ca='6' AND c_asigna='300101' [1][0] OK
C:[02/08/2014 09:12:46.14][201.243.109.91][1182] SELECT par_cod_asig1,par_cod_asig2,par_cod_asig3 FROM tblaca009 WHERE pensum='5' AND c_uni_ca='6' AND c_asigna='300101' [1][0] OK
C:[02/08/2014 09:12:46.28][201.243.109.91][1312] SELECT horas_lab FROM tblaca008 WHERE c_asigna='300101' AND horas_teoricas > 0 [1][0] OK
C:[02/08/2014 09:13:14.67][190.198.177.228][1138] SELECT pre_cod_asig1,pre_cod_asig2,pre_cod_asig3,pre_cod_asig4,pre_cod_asig5,pre_cod_asig6,pre_cod_asig7 FROM tblaca009 WHERE pensum='5' AND c_uni_ca='5' AND c_asigna='300209' [1][0] OK
C:[02/08/2014 09:13:14.67][190.198.177.228][1151] SELECT c_asigna FROM dace004 WHERE exp_e='13-24069009' AND c_asigna='300101' AND status IN ('0','3','B','C') [1][0] OK
C:[02/08/2014 09:13:14.67][190.198.177.228][1138] SELECT pre_cod_asig1,pre_cod_asig2,pre_cod_asig3,pre_cod_asig4,pre_cod_asig5,pre_cod_asig6,pre_cod_asig7 FROM tblaca009 WHERE pensum='5' AND c_uni_ca='5' AND c_asigna='300213' [1][0] OK
C:[02/08/2014 09:13:14.67][190.198.177.228][1151] SELECT c_asigna FROM dace004 WHERE exp_e='13-24069009' AND c_asigna='300101' AND status IN ('0','3','B','C') [1][0] OK
C:[02/08/2014 09:13:14.85][190.198.177.228][1182] SELECT par_cod_asig1,par_cod_asig2,par_cod_asig3 FROM tblaca009 WHERE pensum='5' AND c_uni_ca='5' AND c_asigna='300209' [1][0] OK
C:[02/08/2014 09:13:14.85][190.198.177.228][1182] SELECT par_cod_asig1,par_cod_asig2,par_cod_asig3 FROM tblaca009 WHERE pensum='5' AND c_uni_ca='5' AND c_asigna='300213' [1][0] OK
C:[02/08/2014 09:13:14.85][190.198.177.228][1196] SELECT c_asigna FROM dace004 WHERE exp_e='13-24069009' AND c_asigna='300209' AND status IN ('0','3','B','C') [0][0] OK
C:[02/08/2014 09:13:14.24][190.198.177.228][1312] SELECT horas_lab FROM tblaca008 WHERE c_asigna='300209' AND horas_teoricas > 0 [1][0] OK
C:[02/08/2014 09:13:14.24][190.198.177.228][1312] SELECT horas_lab FROM tblaca008 WHERE c_asigna='300213' AND horas_teoricas > 0 [1][0] OK
C:[02/08/2014 09:17:28.65][190.198.177.228][1138] SELECT pre_cod_asig1,pre_cod_asig2,pre_cod_asig3,pre_cod_asig4,pre_cod_asig5,pre_cod_asig6,pre_cod_asig7 FROM tblaca009 WHERE pensum='5' AND c_uni_ca='5' AND c_asigna='300209' [1][0] OK
C:[02/08/2014 09:17:28.65][190.198.177.228][1151] SELECT c_asigna FROM dace004 WHERE exp_e='13-24069009' AND c_asigna='300101' AND status IN ('0','3','B','C') [1][0] OK
C:[02/08/2014 09:17:28.65][190.198.177.228][1138] SELECT pre_cod_asig1,pre_cod_asig2,pre_cod_asig3,pre_cod_asig4,pre_cod_asig5,pre_cod_asig6,pre_cod_asig7 FROM tblaca009 WHERE pensum='5' AND c_uni_ca='5' AND c_asigna='300213' [1][0] OK
C:[02/08/2014 09:17:28.65][190.198.177.228][1151] SELECT c_asigna FROM dace004 WHERE exp_e='13-24069009' AND c_asigna='300101' AND status IN ('0','3','B','C') [1][0] OK
C:[02/08/2014 09:17:28.40][190.198.177.228][1182] SELECT par_cod_asig1,par_cod_asig2,par_cod_asig3 FROM tblaca009 WHERE pensum='5' AND c_uni_ca='5' AND c_asigna='300209' [1][0] OK
C:[02/08/2014 09:17:28.40][190.198.177.228][1182] SELECT par_cod_asig1,par_cod_asig2,par_cod_asig3 FROM tblaca009 WHERE pensum='5' AND c_uni_ca='5' AND c_asigna='300213' [1][0] OK
C:[02/08/2014 09:17:28.40][190.198.177.228][1196] SELECT c_asigna FROM dace004 WHERE exp_e='13-24069009' AND c_asigna='300209' AND status IN ('0','3','B','C') [0][0] OK
C:[02/08/2014 09:17:28.79][190.198.177.228][1312] SELECT horas_lab FROM tblaca008 WHERE c_asigna='300209' AND horas_teoricas > 0 [1][0] OK
C:[02/08/2014 09:17:28.79][190.198.177.228][1312] SELECT horas_lab FROM tblaca008 WHERE c_asigna='300213' AND horas_teoricas > 0 [1][0] OK
C:[02/08/2014 09:22:40.30][190.198.177.228][1138] SELECT pre_cod_asig1,pre_cod_asig2,pre_cod_asig3,pre_cod_asig4,pre_cod_asig5,pre_cod_asig6,pre_cod_asig7 FROM tblaca009 WHERE pensum='5' AND c_uni_ca='5' AND c_asigna='300209' [1][0] OK
C:[02/08/2014 09:22:40.30][190.198.177.228][1151] SELECT c_asigna FROM dace004 WHERE exp_e='13-24069009' AND c_asigna='300101' AND status IN ('0','3','B','C') [1][0] OK
C:[02/08/2014 09:22:40.30][190.198.177.228][1138] SELECT pre_cod_asig1,pre_cod_asig2,pre_cod_asig3,pre_cod_asig4,pre_cod_asig5,pre_cod_asig6,pre_cod_asig7 FROM tblaca009 WHERE pensum='5' AND c_uni_ca='5' AND c_asigna='300213' [1][0] OK
C:[02/08/2014 09:22:40.30][190.198.177.228][1151] SELECT c_asigna FROM dace004 WHERE exp_e='13-24069009' AND c_asigna='300101' AND status IN ('0','3','B','C') [1][0] OK
C:[02/08/2014 09:22:40.48][190.198.177.228][1182] SELECT par_cod_asig1,par_cod_asig2,par_cod_asig3 FROM tblaca009 WHERE pensum='5' AND c_uni_ca='5' AND c_asigna='300209' [1][0] OK
C:[02/08/2014 09:22:40.48][190.198.177.228][1182] SELECT par_cod_asig1,par_cod_asig2,par_cod_asig3 FROM tblaca009 WHERE pensum='5' AND c_uni_ca='5' AND c_asigna='300213' [1][0] OK
C:[02/08/2014 09:22:40.48][190.198.177.228][1196] SELECT c_asigna FROM dace004 WHERE exp_e='13-24069009' AND c_asigna='300209' AND status IN ('0','3','B','C') [0][0] OK
C:[02/08/2014 09:22:40.87][190.198.177.228][1312] SELECT horas_lab FROM tblaca008 WHERE c_asigna='300209' AND horas_teoricas > 0 [1][0] OK
C:[02/08/2014 09:22:40.87][190.198.177.228][1312] SELECT horas_lab FROM tblaca008 WHERE c_asigna='300213' AND horas_teoricas > 0 [1][0] OK
C:[02/08/2014 09:25:26.33][190.198.177.228][1138] SELECT pre_cod_asig1,pre_cod_asig2,pre_cod_asig3,pre_cod_asig4,pre_cod_asig5,pre_cod_asig6,pre_cod_asig7 FROM tblaca009 WHERE pensum='5' AND c_uni_ca='5' AND c_asigna='300209' [1][0] OK
C:[02/08/2014 09:25:26.33][190.198.177.228][1151] SELECT c_asigna FROM dace004 WHERE exp_e='13-24069009' AND c_asigna='300101' AND status IN ('0','3','B','C') [1][0] OK
C:[02/08/2014 09:25:26.26][190.198.177.228][1182] SELECT par_cod_asig1,par_cod_asig2,par_cod_asig3 FROM tblaca009 WHERE pensum='5' AND c_uni_ca='5' AND c_asigna='300209' [1][0] OK
C:[02/08/2014 09:25:26.40][190.198.177.228][1312] SELECT horas_lab FROM tblaca008 WHERE c_asigna='300209' AND horas_teoricas > 0 [1][0] OK
C:[02/08/2014 09:31:56.85][190.198.177.228][1138] SELECT pre_cod_asig1,pre_cod_asig2,pre_cod_asig3,pre_cod_asig4,pre_cod_asig5,pre_cod_asig6,pre_cod_asig7 FROM tblaca009 WHERE pensum='5' AND c_uni_ca='5' AND c_asigna='300209' [1][0] OK
C:[02/08/2014 09:31:56.85][190.198.177.228][1151] SELECT c_asigna FROM dace004 WHERE exp_e='13-24069009' AND c_asigna='300101' AND status IN ('0','3','B','C') [1][0] OK
C:[02/08/2014 09:31:56.85][190.198.177.228][1138] SELECT pre_cod_asig1,pre_cod_asig2,pre_cod_asig3,pre_cod_asig4,pre_cod_asig5,pre_cod_asig6,pre_cod_asig7 FROM tblaca009 WHERE pensum='5' AND c_uni_ca='5' AND c_asigna='300213' [1][0] OK
C:[02/08/2014 09:31:56.85][190.198.177.228][1151] SELECT c_asigna FROM dace004 WHERE exp_e='13-24069009' AND c_asigna='300101' AND status IN ('0','3','B','C') [1][0] OK
C:[02/08/2014 09:31:56.04][190.198.177.228][1182] SELECT par_cod_asig1,par_cod_asig2,par_cod_asig3 FROM tblaca009 WHERE pensum='5' AND c_uni_ca='5' AND c_asigna='300209' [1][0] OK
C:[02/08/2014 09:31:56.04][190.198.177.228][1182] SELECT par_cod_asig1,par_cod_asig2,par_cod_asig3 FROM tblaca009 WHERE pensum='5' AND c_uni_ca='5' AND c_asigna='300213' [1][0] OK
C:[02/08/2014 09:31:56.04][190.198.177.228][1196] SELECT c_asigna FROM dace004 WHERE exp_e='13-24069009' AND c_asigna='300209' AND status IN ('0','3','B','C') [0][0] OK
C:[02/08/2014 09:31:56.42][190.198.177.228][1312] SELECT horas_lab FROM tblaca008 WHERE c_asigna='300209' AND horas_teoricas > 0 [1][0] OK
C:[02/08/2014 09:31:56.42][190.198.177.228][1312] SELECT horas_lab FROM tblaca008 WHERE c_asigna='300213' AND horas_teoricas > 0 [1][0] OK
C:[02/08/2014 09:42:14.64][190.198.177.228][1138] SELECT pre_cod_asig1,pre_cod_asig2,pre_cod_asig3,pre_cod_asig4,pre_cod_asig5,pre_cod_asig6,pre_cod_asig7 FROM tblaca009 WHERE pensum='5' AND c_uni_ca='5' AND c_asigna='300209' [1][0] OK
C:[02/08/2014 09:42:14.64][190.198.177.228][1151] SELECT c_asigna FROM dace004 WHERE exp_e='13-24069009' AND c_asigna='300101' AND status IN ('0','3','B','C') [1][0] OK
C:[02/08/2014 09:42:14.64][190.198.177.228][1138] SELECT pre_cod_asig1,pre_cod_asig2,pre_cod_asig3,pre_cod_asig4,pre_cod_asig5,pre_cod_asig6,pre_cod_asig7 FROM tblaca009 WHERE pensum='5' AND c_uni_ca='5' AND c_asigna='300213' [1][0] OK
C:[02/08/2014 09:42:14.64][190.198.177.228][1151] SELECT c_asigna FROM dace004 WHERE exp_e='13-24069009' AND c_asigna='300101' AND status IN ('0','3','B','C') [1][0] OK
C:[02/08/2014 09:42:14.39][190.198.177.228][1182] SELECT par_cod_asig1,par_cod_asig2,par_cod_asig3 FROM tblaca009 WHERE pensum='5' AND c_uni_ca='5' AND c_asigna='300209' [1][0] OK
C:[02/08/2014 09:42:14.39][190.198.177.228][1182] SELECT par_cod_asig1,par_cod_asig2,par_cod_asig3 FROM tblaca009 WHERE pensum='5' AND c_uni_ca='5' AND c_asigna='300213' [1][0] OK
C:[02/08/2014 09:42:14.39][190.198.177.228][1196] SELECT c_asigna FROM dace004 WHERE exp_e='13-24069009' AND c_asigna='300209' AND status IN ('0','3','B','C') [0][0] OK
C:[02/08/2014 09:42:14.77][190.198.177.228][1312] SELECT horas_lab FROM tblaca008 WHERE c_asigna='300209' AND horas_teoricas > 0 [1][0] OK
C:[02/08/2014 09:42:14.77][190.198.177.228][1312] SELECT horas_lab FROM tblaca008 WHERE c_asigna='300213' AND horas_teoricas > 0 [1][0] OK
C:[02/08/2014 09:46:51.68][186.166.245.183][1138] SELECT pre_cod_asig1,pre_cod_asig2,pre_cod_asig3,pre_cod_asig4,pre_cod_asig5,pre_cod_asig6,pre_cod_asig7 FROM tblaca009 WHERE pensum='5' AND c_uni_ca='6' AND c_asigna='300317' [1][0] OK
C:[02/08/2014 09:46:51.68][186.166.245.183][1151] SELECT c_asigna FROM dace004 WHERE exp_e='11-19896705' AND c_asigna='300207' AND status IN ('0','3','B','C') [1][0] OK
C:[02/08/2014 09:46:51.68][186.166.245.183][1151] SELECT c_asigna FROM dace004 WHERE exp_e='11-19896705' AND c_asigna='300209' AND status IN ('0','3','B','C') [1][0] OK
C:[02/08/2014 09:46:51.68][186.166.245.183][1138] SELECT pre_cod_asig1,pre_cod_asig2,pre_cod_asig3,pre_cod_asig4,pre_cod_asig5,pre_cod_asig6,pre_cod_asig7 FROM tblaca009 WHERE pensum='5' AND c_uni_ca='6' AND c_asigna='340327' [1][0] OK
C:[02/08/2014 09:46:51.68][186.166.245.183][1151] SELECT c_asigna FROM dace004 WHERE exp_e='11-19896705' AND c_asigna='300013' AND status IN ('0','3','B','C') [1][0] OK
C:[02/08/2014 09:46:51.68][186.166.245.183][1151] SELECT c_asigna FROM dace004 WHERE exp_e='11-19896705' AND c_asigna='300113' AND status IN ('0','3','B','C') [1][0] OK
C:[02/08/2014 09:46:51.68][186.166.245.183][1182] SELECT par_cod_asig1,par_cod_asig2,par_cod_asig3 FROM tblaca009 WHERE pensum='5' AND c_uni_ca='6' AND c_asigna='300317' [1][0] OK
C:[02/08/2014 09:46:51.68][186.166.245.183][1182] SELECT par_cod_asig1,par_cod_asig2,par_cod_asig3 FROM tblaca009 WHERE pensum='5' AND c_uni_ca='6' AND c_asigna='340327' [1][0] OK
C:[02/08/2014 09:46:51.94][186.166.245.183][1312] SELECT horas_lab FROM tblaca008 WHERE c_asigna='300317' AND horas_teoricas > 0 [1][0] OK
C:[02/08/2014 09:46:51.94][186.166.245.183][1312] SELECT horas_lab FROM tblaca008 WHERE c_asigna='340327' AND horas_teoricas > 0 [1][0] OK
C:[02/08/2014 09:51:22.73][190.37.38.176][1138] SELECT pre_cod_asig1,pre_cod_asig2,pre_cod_asig3,pre_cod_asig4,pre_cod_asig5,pre_cod_asig6,pre_cod_asig7 FROM tblaca009 WHERE pensum='5' AND c_uni_ca='6' AND c_asigna='300313' [1][0] OK
C:[02/08/2014 09:51:22.73][190.37.38.176][1151] SELECT c_asigna FROM dace004 WHERE exp_e='12-25696742' AND c_asigna='300213' AND status IN ('0','3','B','C') [1][0] OK
C:[02/08/2014 09:51:22.73][190.37.38.176][1151] SELECT c_asigna FROM dace004 WHERE exp_e='12-25696742' AND c_asigna='300226' AND status IN ('0','3','B','C') [1][0] OK
C:[02/08/2014 09:51:22.73][190.37.38.176][1151] SELECT c_asigna FROM dace004 WHERE exp_e='12-25696742' AND c_asigna='300222' AND status IN ('0','3','B','C') [1][0] OK
C:[02/08/2014 09:51:22.73][190.37.38.176][1151] SELECT c_asigna FROM dace004 WHERE exp_e='12-25696742' AND c_asigna='300209' AND status IN ('0','3','B','C') [1][0] OK
C:[02/08/2014 09:51:22.73][190.37.38.176][1138] SELECT pre_cod_asig1,pre_cod_asig2,pre_cod_asig3,pre_cod_asig4,pre_cod_asig5,pre_cod_asig6,pre_cod_asig7 FROM tblaca009 WHERE pensum='5' AND c_uni_ca='6' AND c_asigna='300428' [1][0] OK
C:[02/08/2014 09:51:22.73][190.37.38.176][1151] SELECT c_asigna FROM dace004 WHERE exp_e='12-25696742' AND c_asigna='300317' AND status IN ('0','3','B','C') [1][0] OK
C:[02/08/2014 09:51:22.73][190.37.38.176][1151] SELECT c_asigna FROM dace004 WHERE exp_e='12-25696742' AND c_asigna='300209' AND status IN ('0','3','B','C') [1][0] OK
C:[02/08/2014 09:51:23.42][190.37.38.176][1182] SELECT par_cod_asig1,par_cod_asig2,par_cod_asig3 FROM tblaca009 WHERE pensum='5' AND c_uni_ca='6' AND c_asigna='300313' [1][0] OK
C:[02/08/2014 09:51:23.42][190.37.38.176][1182] SELECT par_cod_asig1,par_cod_asig2,par_cod_asig3 FROM tblaca009 WHERE pensum='5' AND c_uni_ca='6' AND c_asigna='300428' [1][0] OK
C:[02/08/2014 09:51:23.68][190.37.38.176][1312] SELECT horas_lab FROM tblaca008 WHERE c_asigna='300313' AND horas_teoricas > 0 [1][0] OK
C:[02/08/2014 09:51:23.68][190.37.38.176][1312] SELECT horas_lab FROM tblaca008 WHERE c_asigna='300428' AND horas_teoricas > 0 [1][0] OK
C:[02/08/2014 09:53:37.89][190.198.177.228][1138] SELECT pre_cod_asig1,pre_cod_asig2,pre_cod_asig3,pre_cod_asig4,pre_cod_asig5,pre_cod_asig6,pre_cod_asig7 FROM tblaca009 WHERE pensum='5' AND c_uni_ca='5' AND c_asigna='300209' [1][0] OK
C:[02/08/2014 09:53:37.89][190.198.177.228][1151] SELECT c_asigna FROM dace004 WHERE exp_e='13-24069009' AND c_asigna='300101' AND status IN ('0','3','B','C') [1][0] OK
C:[02/08/2014 09:53:37.89][190.198.177.228][1138] SELECT pre_cod_asig1,pre_cod_asig2,pre_cod_asig3,pre_cod_asig4,pre_cod_asig5,pre_cod_asig6,pre_cod_asig7 FROM tblaca009 WHERE pensum='5' AND c_uni_ca='5' AND c_asigna='300213' [1][0] OK
C:[02/08/2014 09:53:37.89][190.198.177.228][1151] SELECT c_asigna FROM dace004 WHERE exp_e='13-24069009' AND c_asigna='300101' AND status IN ('0','3','B','C') [1][0] OK
C:[02/08/2014 09:53:37.08][190.198.177.228][1182] SELECT par_cod_asig1,par_cod_asig2,par_cod_asig3 FROM tblaca009 WHERE pensum='5' AND c_uni_ca='5' AND c_asigna='300209' [1][0] OK
C:[02/08/2014 09:53:37.08][190.198.177.228][1182] SELECT par_cod_asig1,par_cod_asig2,par_cod_asig3 FROM tblaca009 WHERE pensum='5' AND c_uni_ca='5' AND c_asigna='300213' [1][0] OK
C:[02/08/2014 09:53:37.08][190.198.177.228][1196] SELECT c_asigna FROM dace004 WHERE exp_e='13-24069009' AND c_asigna='300209' AND status IN ('0','3','B','C') [0][0] OK
C:[02/08/2014 09:53:37.46][190.198.177.228][1312] SELECT horas_lab FROM tblaca008 WHERE c_asigna='300209' AND horas_teoricas > 0 [1][0] OK
C:[02/08/2014 09:53:37.46][190.198.177.228][1312] SELECT horas_lab FROM tblaca008 WHERE c_asigna='300213' AND horas_teoricas > 0 [1][0] OK
C:[02/08/2014 09:55:17.13][190.36.20.142][1138] SELECT pre_cod_asig1,pre_cod_asig2,pre_cod_asig3,pre_cod_asig4,pre_cod_asig5,pre_cod_asig6,pre_cod_asig7 FROM tblaca009 WHERE pensum='5' AND c_uni_ca='3' AND c_asigna='300207' [1][0] OK
C:[02/08/2014 09:55:17.13][190.36.20.142][1151] SELECT c_asigna FROM dace004 WHERE exp_e='12-25097705' AND c_asigna='300101' AND status IN ('0','3','B','C') [1][0] OK
C:[02/08/2014 09:55:17.13][190.36.20.142][1138] SELECT pre_cod_asig1,pre_cod_asig2,pre_cod_asig3,pre_cod_asig4,pre_cod_asig5,pre_cod_asig6,pre_cod_asig7 FROM tblaca009 WHERE pensum='5' AND c_uni_ca='3' AND c_asigna='300228' [1][0] OK
C:[02/08/2014 09:55:17.13][190.36.20.142][1151] SELECT c_asigna FROM dace004 WHERE exp_e='12-25097705' AND c_asigna='300101' AND status IN ('0','3','B','C') [1][0] OK
C:[02/08/2014 09:55:17.31][190.36.20.142][1182] SELECT par_cod_asig1,par_cod_asig2,par_cod_asig3 FROM tblaca009 WHERE pensum='5' AND c_uni_ca='3' AND c_asigna='300207' [1][0] OK
C:[02/08/2014 09:55:17.31][190.36.20.142][1182] SELECT par_cod_asig1,par_cod_asig2,par_cod_asig3 FROM tblaca009 WHERE pensum='5' AND c_uni_ca='3' AND c_asigna='300228' [1][0] OK
C:[02/08/2014 09:55:17.57][190.36.20.142][1312] SELECT horas_lab FROM tblaca008 WHERE c_asigna='300207' AND horas_teoricas > 0 [1][0] OK
C:[02/08/2014 09:55:17.57][190.36.20.142][1312] SELECT horas_lab FROM tblaca008 WHERE c_asigna='300228' AND horas_teoricas > 0 [1][0] OK
C:[02/08/2014 09:55:48.55][190.198.177.228][1138] SELECT pre_cod_asig1,pre_cod_asig2,pre_cod_asig3,pre_cod_asig4,pre_cod_asig5,pre_cod_asig6,pre_cod_asig7 FROM tblaca009 WHERE pensum='5' AND c_uni_ca='5' AND c_asigna='300213' [1][0] OK
C:[02/08/2014 09:55:48.55][190.198.177.228][1151] SELECT c_asigna FROM dace004 WHERE exp_e='13-24069009' AND c_asigna='300101' AND status IN ('0','3','B','C') [1][0] OK
C:[02/08/2014 09:55:49.48][190.198.177.228][1182] SELECT par_cod_asig1,par_cod_asig2,par_cod_asig3 FROM tblaca009 WHERE pensum='5' AND c_uni_ca='5' AND c_asigna='300213' [1][0] OK
C:[02/08/2014 09:55:49.48][190.198.177.228][1196] SELECT c_asigna FROM dace004 WHERE exp_e='13-24069009' AND c_asigna='300209' AND status IN ('0','3','B','C') [0][0] OK
C:[02/08/2014 09:55:49.74][190.198.177.228][1312] SELECT horas_lab FROM tblaca008 WHERE c_asigna='300213' AND horas_teoricas > 0 [1][0] OK
C:[02/08/2014 09:58:15.13][190.37.38.176][1138] SELECT pre_cod_asig1,pre_cod_asig2,pre_cod_asig3,pre_cod_asig4,pre_cod_asig5,pre_cod_asig6,pre_cod_asig7 FROM tblaca009 WHERE pensum='5' AND c_uni_ca='3' AND c_asigna='300101' [1][0] OK
C:[02/08/2014 09:58:15.13][190.37.38.176][1138] SELECT pre_cod_asig1,pre_cod_asig2,pre_cod_asig3,pre_cod_asig4,pre_cod_asig5,pre_cod_asig6,pre_cod_asig7 FROM tblaca009 WHERE pensum='5' AND c_uni_ca='3' AND c_asigna='300222' [1][0] OK
C:[02/08/2014 09:58:15.13][190.37.38.176][1151] SELECT c_asigna FROM dace004 WHERE exp_e='13-26513879' AND c_asigna='300112' AND status IN ('0','3','B','C') [1][0] OK
C:[02/08/2014 09:58:15.19][190.37.38.176][1182] SELECT par_cod_asig1,par_cod_asig2,par_cod_asig3 FROM tblaca009 WHERE pensum='5' AND c_uni_ca='3' AND c_asigna='300101' [1][0] OK
C:[02/08/2014 09:58:15.19][190.37.38.176][1182] SELECT par_cod_asig1,par_cod_asig2,par_cod_asig3 FROM tblaca009 WHERE pensum='5' AND c_uni_ca='3' AND c_asigna='300222' [1][0] OK
C:[02/08/2014 09:58:15.45][190.37.38.176][1312] SELECT horas_lab FROM tblaca008 WHERE c_asigna='300101' AND horas_teoricas > 0 [1][0] OK
C:[02/08/2014 09:58:15.45][190.37.38.176][1312] SELECT horas_lab FROM tblaca008 WHERE c_asigna='300222' AND horas_teoricas > 0 [1][0] OK
C:[02/08/2014 10:03:08.37][190.36.20.142][1138] SELECT pre_cod_asig1,pre_cod_asig2,pre_cod_asig3,pre_cod_asig4,pre_cod_asig5,pre_cod_asig6,pre_cod_asig7 FROM tblaca009 WHERE pensum='5' AND c_uni_ca='6' AND c_asigna='300207' [1][0] OK
C:[02/08/2014 10:03:08.37][190.36.20.142][1151] SELECT c_asigna FROM dace004 WHERE exp_e='11-24692099' AND c_asigna='300101' AND status IN ('0','3','B','C') [1][0] OK
C:[02/08/2014 10:03:08.31][190.36.20.142][1182] SELECT par_cod_asig1,par_cod_asig2,par_cod_asig3 FROM tblaca009 WHERE pensum='5' AND c_uni_ca='6' AND c_asigna='300207' [1][0] OK
C:[02/08/2014 10:03:08.45][190.36.20.142][1312] SELECT horas_lab FROM tblaca008 WHERE c_asigna='300207' AND horas_teoricas > 0 [1][0] OK
C:[02/08/2014 10:10:14.94][190.204.117.221][1138] SELECT pre_cod_asig1,pre_cod_asig2,pre_cod_asig3,pre_cod_asig4,pre_cod_asig5,pre_cod_asig6,pre_cod_asig7 FROM tblaca009 WHERE pensum='5' AND c_uni_ca='4' AND c_asigna='300101' [1][0] OK
C:[02/08/2014 10:10:14.75][190.204.117.221][1182] SELECT par_cod_asig1,par_cod_asig2,par_cod_asig3 FROM tblaca009 WHERE pensum='5' AND c_uni_ca='4' AND c_asigna='300101' [1][0] OK
C:[02/08/2014 10:10:14.88][190.204.117.221][1312] SELECT horas_lab FROM tblaca008 WHERE c_asigna='300101' AND horas_teoricas > 0 [1][0] OK
C:[02/08/2014 10:10:55.77][190.204.192.54][1138] SELECT pre_cod_asig1,pre_cod_asig2,pre_cod_asig3,pre_cod_asig4,pre_cod_asig5,pre_cod_asig6,pre_cod_asig7 FROM tblaca009 WHERE pensum='5' AND c_uni_ca='4' AND c_asigna='300101' [1][0] OK
C:[02/08/2014 10:10:55.59][190.204.192.54][1182] SELECT par_cod_asig1,par_cod_asig2,par_cod_asig3 FROM tblaca009 WHERE pensum='5' AND c_uni_ca='4' AND c_asigna='300101' [1][0] OK
C:[02/08/2014 10:10:55.72][190.204.192.54][1312] SELECT horas_lab FROM tblaca008 WHERE c_asigna='300101' AND horas_teoricas > 0 [1][0] OK
C:[02/08/2014 10:24:27.13][201.243.109.45][1138] SELECT pre_cod_asig1,pre_cod_asig2,pre_cod_asig3,pre_cod_asig4,pre_cod_asig5,pre_cod_asig6,pre_cod_asig7 FROM tblaca009 WHERE pensum='5' AND c_uni_ca='5' AND c_asigna='300112' [1][0] OK
C:[02/08/2014 10:24:27.94][201.243.109.45][1182] SELECT par_cod_asig1,par_cod_asig2,par_cod_asig3 FROM tblaca009 WHERE pensum='5' AND c_uni_ca='5' AND c_asigna='300112' [1][0] OK
C:[02/08/2014 10:24:27.07][201.243.109.45][1312] SELECT horas_lab FROM tblaca008 WHERE c_asigna='300112' AND horas_teoricas > 0 [1][0] OK
C:[02/08/2014 10:47:54.36][190.204.106.218][1138] SELECT pre_cod_asig1,pre_cod_asig2,pre_cod_asig3,pre_cod_asig4,pre_cod_asig5,pre_cod_asig6,pre_cod_asig7 FROM tblaca009 WHERE pensum='5' AND c_uni_ca='5' AND c_asigna='355570' [1][0] OK
C:[02/08/2014 10:47:54.36][190.204.106.218][1151] SELECT c_asigna FROM dace004 WHERE exp_e='11-24963888' AND c_asigna='355447' AND status IN ('0','3','B','C') [1][0] OK
C:[02/08/2014 10:47:54.36][190.204.106.218][1138] SELECT pre_cod_asig1,pre_cod_asig2,pre_cod_asig3,pre_cod_asig4,pre_cod_asig5,pre_cod_asig6,pre_cod_asig7 FROM tblaca009 WHERE pensum='5' AND c_uni_ca='5' AND c_asigna='355571' [1][0] OK
C:[02/08/2014 10:47:54.36][190.204.106.218][1151] SELECT c_asigna FROM dace004 WHERE exp_e='11-24963888' AND c_asigna='355447' AND status IN ('0','3','B','C') [1][0] OK
C:[02/08/2014 10:47:55.55][190.204.106.218][1182] SELECT par_cod_asig1,par_cod_asig2,par_cod_asig3 FROM tblaca009 WHERE pensum='5' AND c_uni_ca='5' AND c_asigna='355570' [1][0] OK
C:[02/08/2014 10:47:55.55][190.204.106.218][1182] SELECT par_cod_asig1,par_cod_asig2,par_cod_asig3 FROM tblaca009 WHERE pensum='5' AND c_uni_ca='5' AND c_asigna='355571' [1][0] OK
C:[02/08/2014 10:47:55.81][190.204.106.218][1312] SELECT horas_lab FROM tblaca008 WHERE c_asigna='355570' AND horas_teoricas > 0 [1][0] OK
C:[02/08/2014 10:47:55.81][190.204.106.218][1312] SELECT horas_lab FROM tblaca008 WHERE c_asigna='355571' AND horas_teoricas > 0 [1][0] OK
C:[02/08/2014 10:54:07.50][186.90.60.253][1138] SELECT pre_cod_asig1,pre_cod_asig2,pre_cod_asig3,pre_cod_asig4,pre_cod_asig5,pre_cod_asig6,pre_cod_asig7 FROM tblaca009 WHERE pensum='5' AND c_uni_ca='5' AND c_asigna='300207' [1][0] OK
C:[02/08/2014 10:54:07.50][186.90.60.253][1151] SELECT c_asigna FROM dace004 WHERE exp_e='13-26362204' AND c_asigna='300101' AND status IN ('0','3','B','C') [1][0] OK
C:[02/08/2014 10:54:07.50][186.90.60.253][1138] SELECT pre_cod_asig1,pre_cod_asig2,pre_cod_asig3,pre_cod_asig4,pre_cod_asig5,pre_cod_asig6,pre_cod_asig7 FROM tblaca009 WHERE pensum='5' AND c_uni_ca='5' AND c_asigna='300209' [1][0] OK
C:[02/08/2014 10:54:07.50][186.90.60.253][1151] SELECT c_asigna FROM dace004 WHERE exp_e='13-26362204' AND c_asigna='300101' AND status IN ('0','3','B','C') [1][0] OK
C:[02/08/2014 10:54:07.26][186.90.60.253][1182] SELECT par_cod_asig1,par_cod_asig2,par_cod_asig3 FROM tblaca009 WHERE pensum='5' AND c_uni_ca='5' AND c_asigna='300207' [1][0] OK
C:[02/08/2014 10:54:07.26][186.90.60.253][1182] SELECT par_cod_asig1,par_cod_asig2,par_cod_asig3 FROM tblaca009 WHERE pensum='5' AND c_uni_ca='5' AND c_asigna='300209' [1][0] OK
C:[02/08/2014 10:54:07.51][186.90.60.253][1312] SELECT horas_lab FROM tblaca008 WHERE c_asigna='300207' AND horas_teoricas > 0 [1][0] OK
C:[02/08/2014 10:54:07.51][186.90.60.253][1312] SELECT horas_lab FROM tblaca008 WHERE c_asigna='300209' AND horas_teoricas > 0 [1][0] OK
C:[02/08/2014 11:00:41.92][186.89.252.105][1138] SELECT pre_cod_asig1,pre_cod_asig2,pre_cod_asig3,pre_cod_asig4,pre_cod_asig5,pre_cod_asig6,pre_cod_asig7 FROM tblaca009 WHERE pensum='5' AND c_uni_ca='2' AND c_asigna='322678' [1][0] OK
C:[02/08/2014 11:00:41.92][186.89.252.105][1151] SELECT c_asigna FROM dace004 WHERE exp_e='09-20808632' AND c_asigna='322559' AND status IN ('0','3','B','C') [1][0] OK
C:[02/08/2014 11:00:41.92][186.89.252.105][1138] SELECT pre_cod_asig1,pre_cod_asig2,pre_cod_asig3,pre_cod_asig4,pre_cod_asig5,pre_cod_asig6,pre_cod_asig7 FROM tblaca009 WHERE pensum='5' AND c_uni_ca='2' AND c_asigna='322782' [1][0] OK
C:[02/08/2014 11:00:41.92][186.89.252.105][1151] SELECT c_asigna FROM dace004 WHERE exp_e='09-20808632' AND c_asigna='322669' AND status IN ('0','3','B','C') [1][0] OK
C:[02/08/2014 11:00:41.92][186.89.252.105][1151] SELECT c_asigna FROM dace004 WHERE exp_e='09-20808632' AND c_asigna='322550' AND status IN ('0','3','B','C') [1][0] OK
C:[02/08/2014 11:00:41.24][186.89.252.105][1182] SELECT par_cod_asig1,par_cod_asig2,par_cod_asig3 FROM tblaca009 WHERE pensum='5' AND c_uni_ca='2' AND c_asigna='322678' [1][0] OK
C:[02/08/2014 11:00:41.24][186.89.252.105][1182] SELECT par_cod_asig1,par_cod_asig2,par_cod_asig3 FROM tblaca009 WHERE pensum='5' AND c_uni_ca='2' AND c_asigna='322782' [1][0] OK
C:[02/08/2014 11:00:41.49][186.89.252.105][1312] SELECT horas_lab FROM tblaca008 WHERE c_asigna='322678' AND horas_teoricas > 0 [1][0] OK
C:[02/08/2014 11:00:41.49][186.89.252.105][1312] SELECT horas_lab FROM tblaca008 WHERE c_asigna='322782' AND horas_teoricas > 0 [1][0] OK
C:[02/08/2014 11:04:21.50][190.94.193.44][1138] SELECT pre_cod_asig1,pre_cod_asig2,pre_cod_asig3,pre_cod_asig4,pre_cod_asig5,pre_cod_asig6,pre_cod_asig7 FROM tblaca009 WHERE pensum='5' AND c_uni_ca='2' AND c_asigna='322904' [1][0] OK
C:[02/08/2014 11:04:21.50][190.94.193.44][1151] SELECT c_asigna FROM dace004 WHERE exp_e='08-20124147' AND c_asigna='322782' AND status IN ('0','3','B','C') [1][0] OK
C:[02/08/2014 11:04:21.50][190.94.193.44][1151] SELECT c_asigna FROM dace004 WHERE exp_e='08-20124147' AND c_asigna='322801' AND status IN ('0','3','B','C') [1][0] OK
C:[02/08/2014 11:04:21.50][190.94.193.44][1138] SELECT pre_cod_asig1,pre_cod_asig2,pre_cod_asig3,pre_cod_asig4,pre_cod_asig5,pre_cod_asig6,pre_cod_asig7 FROM tblaca009 WHERE pensum='5' AND c_uni_ca='2' AND c_asigna='300956' [1][0] OK
C:[02/08/2014 11:04:21.50][190.94.193.44][1151] SELECT c_asigna FROM dace004 WHERE exp_e='08-20124147' AND c_asigna='300422' AND status IN ('0','3','B','C') [1][0] OK
C:[02/08/2014 11:04:21.50][190.94.193.44][1151] SELECT c_asigna FROM dace004 WHERE exp_e='08-20124147' AND c_asigna='300105' AND status IN ('0','3','B','C') [1][0] OK
C:[02/08/2014 11:04:21.50][190.94.193.44][1151] SELECT c_asigna FROM dace004 WHERE exp_e='08-20124147' AND c_asigna='300314' AND status IN ('0','3','B','C') [1][0] OK
C:[02/08/2014 11:04:21.06][190.94.193.44][1182] SELECT par_cod_asig1,par_cod_asig2,par_cod_asig3 FROM tblaca009 WHERE pensum='5' AND c_uni_ca='2' AND c_asigna='322904' [1][0] OK
C:[02/08/2014 11:04:21.06][190.94.193.44][1182] SELECT par_cod_asig1,par_cod_asig2,par_cod_asig3 FROM tblaca009 WHERE pensum='5' AND c_uni_ca='2' AND c_asigna='300956' [1][0] OK
C:[02/08/2014 11:04:21.32][190.94.193.44][1312] SELECT horas_lab FROM tblaca008 WHERE c_asigna='322904' AND horas_teoricas > 0 [1][0] OK
C:[02/08/2014 11:04:21.32][190.94.193.44][1312] SELECT horas_lab FROM tblaca008 WHERE c_asigna='300956' AND horas_teoricas > 0 [1][0] OK
C:[02/08/2014 11:13:53.60][186.88.175.199][1138] SELECT pre_cod_asig1,pre_cod_asig2,pre_cod_asig3,pre_cod_asig4,pre_cod_asig5,pre_cod_asig6,pre_cod_asig7 FROM tblaca009 WHERE pensum='5' AND c_uni_ca='2' AND c_asigna='300222' [1][0] OK
C:[02/08/2014 11:13:53.60][186.88.175.199][1151] SELECT c_asigna FROM dace004 WHERE exp_e='13-25746618' AND c_asigna='300112' AND status IN ('0','3','B','C') [1][0] OK
C:[02/08/2014 11:13:53.54][186.88.175.199][1182] SELECT par_cod_asig1,par_cod_asig2,par_cod_asig3 FROM tblaca009 WHERE pensum='5' AND c_uni_ca='2' AND c_asigna='300222' [1][0] OK
C:[02/08/2014 11:13:53.67][186.88.175.199][1312] SELECT horas_lab FROM tblaca008 WHERE c_asigna='300222' AND horas_teoricas > 0 [1][0] OK
C:[02/08/2014 11:38:36.73][190.74.180.118][1138] SELECT pre_cod_asig1,pre_cod_asig2,pre_cod_asig3,pre_cod_asig4,pre_cod_asig5,pre_cod_asig6,pre_cod_asig7 FROM tblaca009 WHERE pensum='5' AND c_uni_ca='5' AND c_asigna='300317' [1][0] OK
C:[02/08/2014 11:38:36.73][190.74.180.118][1151] SELECT c_asigna FROM dace004 WHERE exp_e='12-23895792' AND c_asigna='300207' AND status IN ('0','3','B','C') [1][0] OK
C:[02/08/2014 11:38:36.73][190.74.180.118][1151] SELECT c_asigna FROM dace004 WHERE exp_e='12-23895792' AND c_asigna='300209' AND status IN ('0','3','B','C') [1][0] OK
C:[02/08/2014 11:38:36.73][190.74.180.118][1138] SELECT pre_cod_asig1,pre_cod_asig2,pre_cod_asig3,pre_cod_asig4,pre_cod_asig5,pre_cod_asig6,pre_cod_asig7 FROM tblaca009 WHERE pensum='5' AND c_uni_ca='5' AND c_asigna='300318' [1][0] OK
C:[02/08/2014 11:38:36.73][190.74.180.118][1151] SELECT c_asigna FROM dace004 WHERE exp_e='12-23895792' AND c_asigna='300228' AND status IN ('0','3','B','C') [1][0] OK
C:[02/08/2014 11:38:36.73][190.74.180.118][1151] SELECT c_asigna FROM dace004 WHERE exp_e='12-23895792' AND c_asigna='300207' AND status IN ('0','3','B','C') [1][0] OK
C:[02/08/2014 11:38:36.73][190.74.180.118][1151] SELECT c_asigna FROM dace004 WHERE exp_e='12-23895792' AND c_asigna='300218' AND status IN ('0','3','B','C') [1][0] OK
C:[02/08/2014 11:38:36.73][190.74.180.118][1138] SELECT pre_cod_asig1,pre_cod_asig2,pre_cod_asig3,pre_cod_asig4,pre_cod_asig5,pre_cod_asig6,pre_cod_asig7 FROM tblaca009 WHERE pensum='5' AND c_uni_ca='5' AND c_asigna='351330' [1][0] OK
C:[02/08/2014 11:38:36.73][190.74.180.118][1151] SELECT c_asigna FROM dace004 WHERE exp_e='12-23895792' AND c_asigna='300218' AND status IN ('0','3','B','C') [1][0] OK
C:[02/08/2014 11:38:37.54][190.74.180.118][1182] SELECT par_cod_asig1,par_cod_asig2,par_cod_asig3 FROM tblaca009 WHERE pensum='5' AND c_uni_ca='5' AND c_asigna='300317' [1][0] OK
C:[02/08/2014 11:38:37.54][190.74.180.118][1182] SELECT par_cod_asig1,par_cod_asig2,par_cod_asig3 FROM tblaca009 WHERE pensum='5' AND c_uni_ca='5' AND c_asigna='300318' [1][0] OK
C:[02/08/2014 11:38:37.54][190.74.180.118][1182] SELECT par_cod_asig1,par_cod_asig2,par_cod_asig3 FROM tblaca009 WHERE pensum='5' AND c_uni_ca='5' AND c_asigna='351330' [1][0] OK
C:[02/08/2014 11:38:37.54][190.74.180.118][1196] SELECT c_asigna FROM dace004 WHERE exp_e='12-23895792' AND c_asigna='300318' AND status IN ('0','3','B','C') [0][0] OK
C:[02/08/2014 11:38:37.54][190.74.180.118][1196] SELECT c_asigna FROM dace004 WHERE exp_e='12-23895792' AND c_asigna='300317' AND status IN ('0','3','B','C') [0][0] OK
C:[02/08/2014 11:38:37.19][190.74.180.118][1312] SELECT horas_lab FROM tblaca008 WHERE c_asigna='300317' AND horas_teoricas > 0 [1][0] OK
C:[02/08/2014 11:38:37.19][190.74.180.118][1312] SELECT horas_lab FROM tblaca008 WHERE c_asigna='300318' AND horas_teoricas > 0 [1][0] OK
C:[02/08/2014 11:38:37.19][190.74.180.118][1312] SELECT horas_lab FROM tblaca008 WHERE c_asigna='351330' AND horas_teoricas > 0 [1][0] OK
C:[02/08/2014 11:54:01.00][186.88.133.35][1138] SELECT pre_cod_asig1,pre_cod_asig2,pre_cod_asig3,pre_cod_asig4,pre_cod_asig5,pre_cod_asig6,pre_cod_asig7 FROM tblaca009 WHERE pensum='5' AND c_uni_ca='6' AND c_asigna='300207' [1][0] OK
C:[02/08/2014 11:54:01.00][186.88.133.35][1151] SELECT c_asigna FROM dace004 WHERE exp_e='13-24963841' AND c_asigna='300101' AND status IN ('0','3','B','C') [1][0] OK
C:[02/08/2014 11:54:01.00][186.88.133.35][1138] SELECT pre_cod_asig1,pre_cod_asig2,pre_cod_asig3,pre_cod_asig4,pre_cod_asig5,pre_cod_asig6,pre_cod_asig7 FROM tblaca009 WHERE pensum='5' AND c_uni_ca='6' AND c_asigna='300228' [1][0] OK
C:[02/08/2014 11:54:01.00][186.88.133.35][1151] SELECT c_asigna FROM dace004 WHERE exp_e='13-24963841' AND c_asigna='300101' AND status IN ('0','3','B','C') [1][0] OK
C:[02/08/2014 11:54:01.19][186.88.133.35][1182] SELECT par_cod_asig1,par_cod_asig2,par_cod_asig3 FROM tblaca009 WHERE pensum='5' AND c_uni_ca='6' AND c_asigna='300207' [1][0] OK
C:[02/08/2014 11:54:01.19][186.88.133.35][1182] SELECT par_cod_asig1,par_cod_asig2,par_cod_asig3 FROM tblaca009 WHERE pensum='5' AND c_uni_ca='6' AND c_asigna='300228' [1][0] OK
C:[02/08/2014 11:54:01.45][186.88.133.35][1312] SELECT horas_lab FROM tblaca008 WHERE c_asigna='300207' AND horas_teoricas > 0 [1][0] OK
C:[02/08/2014 11:54:01.45][186.88.133.35][1312] SELECT horas_lab FROM tblaca008 WHERE c_asigna='300228' AND horas_teoricas > 0 [1][0] OK
C:[02/08/2014 12:03:09.86][186.88.133.35][1138] SELECT pre_cod_asig1,pre_cod_asig2,pre_cod_asig3,pre_cod_asig4,pre_cod_asig5,pre_cod_asig6,pre_cod_asig7 FROM tblaca009 WHERE pensum='5' AND c_uni_ca='4' AND c_asigna='333710' [1][0] OK
C:[02/08/2014 12:03:09.86][186.88.133.35][1151] SELECT c_asigna FROM dace004 WHERE exp_e='07-20035141' AND c_asigna='333683' AND status IN ('0','3','B','C') [1][0] OK
C:[02/08/2014 12:03:09.86][186.88.133.35][1151] SELECT c_asigna FROM dace004 WHERE exp_e='07-20035141' AND c_asigna='333606' AND status IN ('0','3','B','C') [1][0] OK
C:[02/08/2014 12:03:09.86][186.88.133.35][1138] SELECT pre_cod_asig1,pre_cod_asig2,pre_cod_asig3,pre_cod_asig4,pre_cod_asig5,pre_cod_asig6,pre_cod_asig7 FROM tblaca009 WHERE pensum='5' AND c_uni_ca='4' AND c_asigna='333782' [1][0] OK
C:[02/08/2014 12:03:09.86][186.88.133.35][1151] SELECT c_asigna FROM dace004 WHERE exp_e='07-20035141' AND c_asigna='333606' AND status IN ('0','3','B','C') [1][0] OK
C:[02/08/2014 12:03:09.17][186.88.133.35][1182] SELECT par_cod_asig1,par_cod_asig2,par_cod_asig3 FROM tblaca009 WHERE pensum='5' AND c_uni_ca='4' AND c_asigna='333710' [1][0] OK
C:[02/08/2014 12:03:09.17][186.88.133.35][1196] SELECT c_asigna FROM dace004 WHERE exp_e='07-20035141' AND c_asigna='333782' AND status IN ('0','3','B','C') [0][0] OK
C:[02/08/2014 12:03:09.17][186.88.133.35][1182] SELECT par_cod_asig1,par_cod_asig2,par_cod_asig3 FROM tblaca009 WHERE pensum='5' AND c_uni_ca='4' AND c_asigna='333782' [1][0] OK
C:[02/08/2014 12:03:09.55][186.88.133.35][1312] SELECT horas_lab FROM tblaca008 WHERE c_asigna='333710' AND horas_teoricas > 0 [1][0] OK
C:[02/08/2014 12:03:09.55][186.88.133.35][1312] SELECT horas_lab FROM tblaca008 WHERE c_asigna='333782' AND horas_teoricas > 0 [1][0] OK
C:[02/08/2014 12:12:27.28][200.90.101.215][1138] SELECT pre_cod_asig1,pre_cod_asig2,pre_cod_asig3,pre_cod_asig4,pre_cod_asig5,pre_cod_asig6,pre_cod_asig7 FROM tblaca009 WHERE pensum='5' AND c_uni_ca='6' AND c_asigna='300318' [1][0] OK
C:[02/08/2014 12:12:27.28][200.90.101.215][1151] SELECT c_asigna FROM dace004 WHERE exp_e='12-22822643' AND c_asigna='300228' AND status IN ('0','3','B','C') [1][0] OK
C:[02/08/2014 12:12:27.28][200.90.101.215][1151] SELECT c_asigna FROM dace004 WHERE exp_e='12-22822643' AND c_asigna='300207' AND status IN ('0','3','B','C') [1][0] OK
C:[02/08/2014 12:12:27.28][200.90.101.215][1151] SELECT c_asigna FROM dace004 WHERE exp_e='12-22822643' AND c_asigna='300218' AND status IN ('0','3','B','C') [1][0] OK
C:[02/08/2014 12:12:27.28][200.90.101.215][1138] SELECT pre_cod_asig1,pre_cod_asig2,pre_cod_asig3,pre_cod_asig4,pre_cod_asig5,pre_cod_asig6,pre_cod_asig7 FROM tblaca009 WHERE pensum='5' AND c_uni_ca='6' AND c_asigna='300428' [1][0] OK
C:[02/08/2014 12:12:27.28][200.90.101.215][1151] SELECT c_asigna FROM dace004 WHERE exp_e='12-22822643' AND c_asigna='300317' AND status IN ('0','3','B','C') [1][0] OK
C:[02/08/2014 12:12:27.28][200.90.101.215][1151] SELECT c_asigna FROM dace004 WHERE exp_e='12-22822643' AND c_asigna='300209' AND status IN ('0','3','B','C') [1][0] OK
C:[02/08/2014 12:12:28.83][200.90.101.215][1182] SELECT par_cod_asig1,par_cod_asig2,par_cod_asig3 FROM tblaca009 WHERE pensum='5' AND c_uni_ca='6' AND c_asigna='300318' [1][0] OK
C:[02/08/2014 12:12:28.83][200.90.101.215][1182] SELECT par_cod_asig1,par_cod_asig2,par_cod_asig3 FROM tblaca009 WHERE pensum='5' AND c_uni_ca='6' AND c_asigna='300428' [1][0] OK
C:[02/08/2014 12:12:28.10][200.90.101.215][1312] SELECT horas_lab FROM tblaca008 WHERE c_asigna='300318' AND horas_teoricas > 0 [1][0] OK
C:[02/08/2014 12:12:28.10][200.90.101.215][1312] SELECT horas_lab FROM tblaca008 WHERE c_asigna='300428' AND horas_teoricas > 0 [1][0] OK
C:[02/08/2014 12:15:14.67][190.201.28.31][1138] SELECT pre_cod_asig1,pre_cod_asig2,pre_cod_asig3,pre_cod_asig4,pre_cod_asig5,pre_cod_asig6,pre_cod_asig7 FROM tblaca009 WHERE pensum='5' AND c_uni_ca='3' AND c_asigna='311431' [1][0] OK
C:[02/08/2014 12:15:14.67][190.201.28.31][1151] SELECT c_asigna FROM dace004 WHERE exp_e='06-17514736' AND c_asigna='311320' AND status IN ('0','3','B','C') [1][0] OK
C:[02/08/2014 12:15:14.67][190.201.28.31][1151] SELECT c_asigna FROM dace004 WHERE exp_e='06-17514736' AND c_asigna='300013' AND status IN ('0','3','B','C') [1][0] OK
C:[02/08/2014 12:15:14.67][190.201.28.31][1151] SELECT c_asigna FROM dace004 WHERE exp_e='06-17514736' AND c_asigna='300113' AND status IN ('0','3','B','C') [1][0] OK
C:[02/08/2014 12:15:14.67][190.201.28.31][1151] SELECT c_asigna FROM dace004 WHERE exp_e='06-17514736' AND c_asigna='300222' AND status IN ('0','3','B','C') [1][0] OK
C:[02/08/2014 12:15:14.67][190.201.28.31][1151] SELECT c_asigna FROM dace004 WHERE exp_e='06-17514736' AND c_asigna='300226' AND status IN ('0','3','B','C') [1][0] OK
C:[02/08/2014 12:15:14.67][190.201.28.31][1151] SELECT c_asigna FROM dace004 WHERE exp_e='06-17514736' AND c_asigna='300209' AND status IN ('0','3','B','C') [1][0] OK
C:[02/08/2014 12:15:14.67][190.201.28.31][1138] SELECT pre_cod_asig1,pre_cod_asig2,pre_cod_asig3,pre_cod_asig4,pre_cod_asig5,pre_cod_asig6,pre_cod_asig7 FROM tblaca009 WHERE pensum='5' AND c_uni_ca='3' AND c_asigna='311556' [1][0] OK
C:[02/08/2014 12:15:14.67][190.201.28.31][1151] SELECT c_asigna FROM dace004 WHERE exp_e='06-17514736' AND c_asigna='311434' AND status IN ('0','3','B','C') [1][0] OK
C:[02/08/2014 12:15:14.67][190.201.28.31][1151] SELECT c_asigna FROM dace004 WHERE exp_e='06-17514736' AND c_asigna='311430' AND status IN ('0','3','B','C') [1][0] OK
C:[02/08/2014 12:15:14.67][190.201.28.31][1151] SELECT c_asigna FROM dace004 WHERE exp_e='06-17514736' AND c_asigna='300222' AND status IN ('0','3','B','C') [1][0] OK
C:[02/08/2014 12:15:14.67][190.201.28.31][1151] SELECT c_asigna FROM dace004 WHERE exp_e='06-17514736' AND c_asigna='300226' AND status IN ('0','3','B','C') [1][0] OK
C:[02/08/2014 12:15:14.67][190.201.28.31][1151] SELECT c_asigna FROM dace004 WHERE exp_e='06-17514736' AND c_asigna='300209' AND status IN ('0','3','B','C') [1][0] OK
C:[02/08/2014 12:15:14.54][190.201.28.31][1182] SELECT par_cod_asig1,par_cod_asig2,par_cod_asig3 FROM tblaca009 WHERE pensum='5' AND c_uni_ca='3' AND c_asigna='311431' [1][0] OK
C:[02/08/2014 12:15:14.54][190.201.28.31][1196] SELECT c_asigna FROM dace004 WHERE exp_e='06-17514736' AND c_asigna='311430' AND status IN ('0','3','B','C') [1][0] OK
C:[02/08/2014 12:15:14.54][190.201.28.31][1182] SELECT par_cod_asig1,par_cod_asig2,par_cod_asig3 FROM tblaca009 WHERE pensum='5' AND c_uni_ca='3' AND c_asigna='311556' [1][0] OK
C:[02/08/2014 12:15:14.54][190.201.28.31][1196] SELECT c_asigna FROM dace004 WHERE exp_e='06-17514736' AND c_asigna='311551' AND status IN ('0','3','B','C') [1][0] OK
C:[02/08/2014 12:15:14.06][190.201.28.31][1312] SELECT horas_lab FROM tblaca008 WHERE c_asigna='311431' AND horas_teoricas > 0 [1][0] OK
C:[02/08/2014 12:15:14.06][190.201.28.31][1312] SELECT horas_lab FROM tblaca008 WHERE c_asigna='311556' AND horas_teoricas > 0 [0][0] OK
C:[02/08/2014 12:27:56.26][190.37.170.110][1138] SELECT pre_cod_asig1,pre_cod_asig2,pre_cod_asig3,pre_cod_asig4,pre_cod_asig5,pre_cod_asig6,pre_cod_asig7 FROM tblaca009 WHERE pensum='5' AND c_uni_ca='2' AND c_asigna='300207' [1][0] OK
C:[02/08/2014 12:27:56.26][190.37.170.110][1151] SELECT c_asigna FROM dace004 WHERE exp_e='12-25744860' AND c_asigna='300101' AND status IN ('0','3','B','C') [1][0] OK
C:[02/08/2014 12:27:56.26][190.37.170.110][1138] SELECT pre_cod_asig1,pre_cod_asig2,pre_cod_asig3,pre_cod_asig4,pre_cod_asig5,pre_cod_asig6,pre_cod_asig7 FROM tblaca009 WHERE pensum='5' AND c_uni_ca='2' AND c_asigna='300313' [1][0] OK
C:[02/08/2014 12:27:56.26][190.37.170.110][1151] SELECT c_asigna FROM dace004 WHERE exp_e='12-25744860' AND c_asigna='300213' AND status IN ('0','3','B','C') [1][0] OK
C:[02/08/2014 12:27:56.26][190.37.170.110][1151] SELECT c_asigna FROM dace004 WHERE exp_e='12-25744860' AND c_asigna='300226' AND status IN ('0','3','B','C') [1][0] OK
C:[02/08/2014 12:27:56.26][190.37.170.110][1151] SELECT c_asigna FROM dace004 WHERE exp_e='12-25744860' AND c_asigna='300209' AND status IN ('0','3','B','C') [1][0] OK
C:[02/08/2014 12:27:56.26][190.37.170.110][1182] SELECT par_cod_asig1,par_cod_asig2,par_cod_asig3 FROM tblaca009 WHERE pensum='5' AND c_uni_ca='2' AND c_asigna='300207' [1][0] OK
C:[02/08/2014 12:27:56.26][190.37.170.110][1182] SELECT par_cod_asig1,par_cod_asig2,par_cod_asig3 FROM tblaca009 WHERE pensum='5' AND c_uni_ca='2' AND c_asigna='300313' [1][0] OK
C:[02/08/2014 12:27:56.52][190.37.170.110][1312] SELECT horas_lab FROM tblaca008 WHERE c_asigna='300207' AND horas_teoricas > 0 [1][0] OK
C:[02/08/2014 12:27:56.52][190.37.170.110][1312] SELECT horas_lab FROM tblaca008 WHERE c_asigna='300313' AND horas_teoricas > 0 [1][0] OK
C:[02/08/2014 12:33:05.87][72.55.184.85][1138] SELECT pre_cod_asig1,pre_cod_asig2,pre_cod_asig3,pre_cod_asig4,pre_cod_asig5,pre_cod_asig6,pre_cod_asig7 FROM tblaca009 WHERE pensum='5' AND c_uni_ca='3' AND c_asigna='300313' [1][0] OK
C:[02/08/2014 12:33:05.87][72.55.184.85][1151] SELECT c_asigna FROM dace004 WHERE exp_e='11-24541639' AND c_asigna='300213' AND status IN ('0','3','B','C') [1][0] OK
C:[02/08/2014 12:33:05.87][72.55.184.85][1151] SELECT c_asigna FROM dace004 WHERE exp_e='11-24541639' AND c_asigna='300226' AND status IN ('0','3','B','C') [1][0] OK
C:[02/08/2014 12:33:05.87][72.55.184.85][1151] SELECT c_asigna FROM dace004 WHERE exp_e='11-24541639' AND c_asigna='300222' AND status IN ('0','3','B','C') [1][0] OK
C:[02/08/2014 12:33:05.87][72.55.184.85][1151] SELECT c_asigna FROM dace004 WHERE exp_e='11-24541639' AND c_asigna='300209' AND status IN ('0','3','B','C') [1][0] OK
C:[02/08/2014 12:33:05.18][72.55.184.85][1182] SELECT par_cod_asig1,par_cod_asig2,par_cod_asig3 FROM tblaca009 WHERE pensum='5' AND c_uni_ca='3' AND c_asigna='300313' [1][0] OK
C:[02/08/2014 12:33:05.32][72.55.184.85][1312] SELECT horas_lab FROM tblaca008 WHERE c_asigna='300313' AND horas_teoricas > 0 [1][0] OK
C:[02/08/2014 12:34:35.62][186.89.140.96][1138] SELECT pre_cod_asig1,pre_cod_asig2,pre_cod_asig3,pre_cod_asig4,pre_cod_asig5,pre_cod_asig6,pre_cod_asig7 FROM tblaca009 WHERE pensum='5' AND c_uni_ca='3' AND c_asigna='311775' [1][0] OK
C:[02/08/2014 12:34:35.62][186.89.140.96][1151] SELECT c_asigna FROM dace004 WHERE exp_e='10-22818668' AND c_asigna='311655' AND status IN ('0','3','B','C') [1][0] OK
C:[02/08/2014 12:34:35.62][186.89.140.96][1138] SELECT pre_cod_asig1,pre_cod_asig2,pre_cod_asig3,pre_cod_asig4,pre_cod_asig5,pre_cod_asig6,pre_cod_asig7 FROM tblaca009 WHERE pensum='5' AND c_uni_ca='3' AND c_asigna='311822' [1][0] OK
C:[02/08/2014 12:34:35.62][186.89.140.96][1151] SELECT c_asigna FROM dace004 WHERE exp_e='10-22818668' AND c_asigna='311795' AND status IN ('0','3','B','C') [1][0] OK
C:[02/08/2014 12:34:35.81][186.89.140.96][1182] SELECT par_cod_asig1,par_cod_asig2,par_cod_asig3 FROM tblaca009 WHERE pensum='5' AND c_uni_ca='3' AND c_asigna='311775' [1][0] OK
C:[02/08/2014 12:34:35.81][186.89.140.96][1182] SELECT par_cod_asig1,par_cod_asig2,par_cod_asig3 FROM tblaca009 WHERE pensum='5' AND c_uni_ca='3' AND c_asigna='311822' [1][0] OK
C:[02/08/2014 12:34:35.07][186.89.140.96][1312] SELECT horas_lab FROM tblaca008 WHERE c_asigna='311775' AND horas_teoricas > 0 [1][0] OK
C:[02/08/2014 12:34:35.07][186.89.140.96][1312] SELECT horas_lab FROM tblaca008 WHERE c_asigna='311822' AND horas_teoricas > 0 [1][0] OK
C:[02/08/2014 12:36:23.56][186.90.110.197][1138] SELECT pre_cod_asig1,pre_cod_asig2,pre_cod_asig3,pre_cod_asig4,pre_cod_asig5,pre_cod_asig6,pre_cod_asig7 FROM tblaca009 WHERE pensum='5' AND c_uni_ca='3' AND c_asigna='300956' [1][0] OK
C:[02/08/2014 12:36:23.56][186.90.110.197][1151] SELECT c_asigna FROM dace004 WHERE exp_e='09-20934369' AND c_asigna='300422' AND status IN ('0','3','B','C') [1][0] OK
C:[02/08/2014 12:36:23.56][186.90.110.197][1151] SELECT c_asigna FROM dace004 WHERE exp_e='09-20934369' AND c_asigna='300105' AND status IN ('0','3','B','C') [1][0] OK
C:[02/08/2014 12:36:23.56][186.90.110.197][1151] SELECT c_asigna FROM dace004 WHERE exp_e='09-20934369' AND c_asigna='300314' AND status IN ('0','3','B','C') [1][0] OK
C:[02/08/2014 12:36:23.74][186.90.110.197][1182] SELECT par_cod_asig1,par_cod_asig2,par_cod_asig3 FROM tblaca009 WHERE pensum='5' AND c_uni_ca='3' AND c_asigna='300956' [1][0] OK
C:[02/08/2014 12:36:23.88][186.90.110.197][1312] SELECT horas_lab FROM tblaca008 WHERE c_asigna='300956' AND horas_teoricas > 0 [1][0] OK
C:[02/08/2014 12:40:05.05][190.77.240.208][1138] SELECT pre_cod_asig1,pre_cod_asig2,pre_cod_asig3,pre_cod_asig4,pre_cod_asig5,pre_cod_asig6,pre_cod_asig7 FROM tblaca009 WHERE pensum='5' AND c_uni_ca='3' AND c_asigna='300313' [1][0] OK
C:[02/08/2014 12:40:05.05][190.77.240.208][1151] SELECT c_asigna FROM dace004 WHERE exp_e='13-25935329' AND c_asigna='300213' AND status IN ('0','3','B','C') [1][0] OK
C:[02/08/2014 12:40:05.05][190.77.240.208][1151] SELECT c_asigna FROM dace004 WHERE exp_e='13-25935329' AND c_asigna='300226' AND status IN ('0','3','B','C') [1][0] OK
C:[02/08/2014 12:40:05.05][190.77.240.208][1151] SELECT c_asigna FROM dace004 WHERE exp_e='13-25935329' AND c_asigna='300222' AND status IN ('0','3','B','C') [1][0] OK
C:[02/08/2014 12:40:05.05][190.77.240.208][1151] SELECT c_asigna FROM dace004 WHERE exp_e='13-25935329' AND c_asigna='300209' AND status IN ('0','3','B','C') [1][0] OK
C:[02/08/2014 12:40:05.92][190.77.240.208][1182] SELECT par_cod_asig1,par_cod_asig2,par_cod_asig3 FROM tblaca009 WHERE pensum='5' AND c_uni_ca='3' AND c_asigna='300313' [1][0] OK
C:[02/08/2014 12:40:05.05][190.77.240.208][1312] SELECT horas_lab FROM tblaca008 WHERE c_asigna='300313' AND horas_teoricas > 0 [1][0] OK
C:[02/08/2014 12:43:49.91][190.39.15.231][1138] SELECT pre_cod_asig1,pre_cod_asig2,pre_cod_asig3,pre_cod_asig4,pre_cod_asig5,pre_cod_asig6,pre_cod_asig7 FROM tblaca009 WHERE pensum='5' AND c_uni_ca='2' AND c_asigna='300207' [1][0] OK
C:[02/08/2014 12:43:49.91][190.39.15.231][1151] SELECT c_asigna FROM dace004 WHERE exp_e='11-24040652' AND c_asigna='300101' AND status IN ('0','3','B','C') [1][0] OK
C:[02/08/2014 12:43:49.85][190.39.15.231][1182] SELECT par_cod_asig1,par_cod_asig2,par_cod_asig3 FROM tblaca009 WHERE pensum='5' AND c_uni_ca='2' AND c_asigna='300207' [1][0] OK
C:[02/08/2014 12:43:49.99][190.39.15.231][1312] SELECT horas_lab FROM tblaca008 WHERE c_asigna='300207' AND horas_teoricas > 0 [1][0] OK
C:[02/08/2014 12:44:10.53][190.73.242.216][1138] SELECT pre_cod_asig1,pre_cod_asig2,pre_cod_asig3,pre_cod_asig4,pre_cod_asig5,pre_cod_asig6,pre_cod_asig7 FROM tblaca009 WHERE pensum='5' AND c_uni_ca='6' AND c_asigna='300207' [1][0] OK
C:[02/08/2014 12:44:10.53][190.73.242.216][1151] SELECT c_asigna FROM dace004 WHERE exp_e='12-23498745' AND c_asigna='300101' AND status IN ('0','3','B','C') [1][0] OK
C:[02/08/2014 12:44:10.53][190.73.242.216][1138] SELECT pre_cod_asig1,pre_cod_asig2,pre_cod_asig3,pre_cod_asig4,pre_cod_asig5,pre_cod_asig6,pre_cod_asig7 FROM tblaca009 WHERE pensum='5' AND c_uni_ca='6' AND c_asigna='300209' [1][0] OK
C:[02/08/2014 12:44:10.53][190.73.242.216][1151] SELECT c_asigna FROM dace004 WHERE exp_e='12-23498745' AND c_asigna='300101' AND status IN ('0','3','B','C') [1][0] OK
C:[02/08/2014 12:44:10.72][190.73.242.216][1182] SELECT par_cod_asig1,par_cod_asig2,par_cod_asig3 FROM tblaca009 WHERE pensum='5' AND c_uni_ca='6' AND c_asigna='300207' [1][0] OK
C:[02/08/2014 12:44:10.72][190.73.242.216][1182] SELECT par_cod_asig1,par_cod_asig2,par_cod_asig3 FROM tblaca009 WHERE pensum='5' AND c_uni_ca='6' AND c_asigna='300209' [1][0] OK
C:[02/08/2014 12:44:11.98][190.73.242.216][1312] SELECT horas_lab FROM tblaca008 WHERE c_asigna='300207' AND horas_teoricas > 0 [1][0] OK
C:[02/08/2014 12:44:11.98][190.73.242.216][1312] SELECT horas_lab FROM tblaca008 WHERE c_asigna='300209' AND horas_teoricas > 0 [1][0] OK
C:[02/08/2014 12:46:46.13][190.73.242.216][1138] SELECT pre_cod_asig1,pre_cod_asig2,pre_cod_asig3,pre_cod_asig4,pre_cod_asig5,pre_cod_asig6,pre_cod_asig7 FROM tblaca009 WHERE pensum='5' AND c_uni_ca='6' AND c_asigna='300207' [1][0] OK
C:[02/08/2014 12:46:46.13][190.73.242.216][1151] SELECT c_asigna FROM dace004 WHERE exp_e='12-23498745' AND c_asigna='300101' AND status IN ('0','3','B','C') [1][0] OK
C:[02/08/2014 12:46:46.08][190.73.242.216][1182] SELECT par_cod_asig1,par_cod_asig2,par_cod_asig3 FROM tblaca009 WHERE pensum='5' AND c_uni_ca='6' AND c_asigna='300207' [1][0] OK
C:[02/08/2014 12:46:46.33][190.73.242.216][1312] SELECT horas_lab FROM tblaca008 WHERE c_asigna='300207' AND horas_teoricas > 0 [1][0] OK
C:[02/08/2014 12:52:25.88][190.38.196.127][1138] SELECT pre_cod_asig1,pre_cod_asig2,pre_cod_asig3,pre_cod_asig4,pre_cod_asig5,pre_cod_asig6,pre_cod_asig7 FROM tblaca009 WHERE pensum='5' AND c_uni_ca='6' AND c_asigna='300209' [1][0] OK
C:[02/08/2014 12:52:25.88][190.38.196.127][1151] SELECT c_asigna FROM dace004 WHERE exp_e='13-25427500' AND c_asigna='300101' AND status IN ('0','3','B','C') [1][0] OK
C:[02/08/2014 12:52:25.88][190.38.196.127][1138] SELECT pre_cod_asig1,pre_cod_asig2,pre_cod_asig3,pre_cod_asig4,pre_cod_asig5,pre_cod_asig6,pre_cod_asig7 FROM tblaca009 WHERE pensum='5' AND c_uni_ca='6' AND c_asigna='300213' [1][0] OK
C:[02/08/2014 12:52:25.88][190.38.196.127][1151] SELECT c_asigna FROM dace004 WHERE exp_e='13-25427500' AND c_asigna='300101' AND status IN ('0','3','B','C') [1][0] OK
C:[02/08/2014 12:52:25.48][190.38.196.127][1182] SELECT par_cod_asig1,par_cod_asig2,par_cod_asig3 FROM tblaca009 WHERE pensum='5' AND c_uni_ca='6' AND c_asigna='300209' [1][0] OK
C:[02/08/2014 12:52:25.48][190.38.196.127][1182] SELECT par_cod_asig1,par_cod_asig2,par_cod_asig3 FROM tblaca009 WHERE pensum='5' AND c_uni_ca='6' AND c_asigna='300213' [1][0] OK
C:[02/08/2014 12:52:25.48][190.38.196.127][1196] SELECT c_asigna FROM dace004 WHERE exp_e='13-25427500' AND c_asigna='300209' AND status IN ('0','3','B','C') [0][0] OK
C:[02/08/2014 12:52:25.87][190.38.196.127][1312] SELECT horas_lab FROM tblaca008 WHERE c_asigna='300209' AND horas_teoricas > 0 [1][0] OK
C:[02/08/2014 12:52:25.87][190.38.196.127][1312] SELECT horas_lab FROM tblaca008 WHERE c_asigna='300213' AND horas_teoricas > 0 [1][0] OK
C:[02/08/2014 12:53:30.68][190.37.126.157][1138] SELECT pre_cod_asig1,pre_cod_asig2,pre_cod_asig3,pre_cod_asig4,pre_cod_asig5,pre_cod_asig6,pre_cod_asig7 FROM tblaca009 WHERE pensum='5' AND c_uni_ca='5' AND c_asigna='300207' [1][0] OK
C:[02/08/2014 12:53:30.68][190.37.126.157][1151] SELECT c_asigna FROM dace004 WHERE exp_e='13-25636874' AND c_asigna='300101' AND status IN ('0','3','B','C') [1][0] OK
C:[02/08/2014 12:53:30.68][190.37.126.157][1138] SELECT pre_cod_asig1,pre_cod_asig2,pre_cod_asig3,pre_cod_asig4,pre_cod_asig5,pre_cod_asig6,pre_cod_asig7 FROM tblaca009 WHERE pensum='5' AND c_uni_ca='5' AND c_asigna='300209' [1][0] OK
C:[02/08/2014 12:53:30.68][190.37.126.157][1151] SELECT c_asigna FROM dace004 WHERE exp_e='13-25636874' AND c_asigna='300101' AND status IN ('0','3','B','C') [1][0] OK
C:[02/08/2014 12:53:30.41][190.37.126.157][1182] SELECT par_cod_asig1,par_cod_asig2,par_cod_asig3 FROM tblaca009 WHERE pensum='5' AND c_uni_ca='5' AND c_asigna='300207' [1][0] OK
C:[02/08/2014 12:53:30.41][190.37.126.157][1182] SELECT par_cod_asig1,par_cod_asig2,par_cod_asig3 FROM tblaca009 WHERE pensum='5' AND c_uni_ca='5' AND c_asigna='300209' [1][0] OK
C:[02/08/2014 12:53:30.68][190.37.126.157][1312] SELECT horas_lab FROM tblaca008 WHERE c_asigna='300207' AND horas_teoricas > 0 [1][0] OK
C:[02/08/2014 12:53:30.68][190.37.126.157][1312] SELECT horas_lab FROM tblaca008 WHERE c_asigna='300209' AND horas_teoricas > 0 [1][0] OK
C:[02/08/2014 12:54:57.30][200.62.19.43][1138] SELECT pre_cod_asig1,pre_cod_asig2,pre_cod_asig3,pre_cod_asig4,pre_cod_asig5,pre_cod_asig6,pre_cod_asig7 FROM tblaca009 WHERE pensum='5' AND c_uni_ca='2' AND c_asigna='300956' [1][0] OK
C:[02/08/2014 12:54:57.30][200.62.19.43][1151] SELECT c_asigna FROM dace004 WHERE exp_e='10-20503990' AND c_asigna='300422' AND status IN ('0','3','B','C') [1][0] OK
C:[02/08/2014 12:54:57.30][200.62.19.43][1151] SELECT c_asigna FROM dace004 WHERE exp_e='10-20503990' AND c_asigna='300105' AND status IN ('0','3','B','C') [1][0] OK
C:[02/08/2014 12:54:57.30][200.62.19.43][1151] SELECT c_asigna FROM dace004 WHERE exp_e='10-20503990' AND c_asigna='300314' AND status IN ('0','3','B','C') [1][0] OK
C:[02/08/2014 12:54:57.30][200.62.19.43][1138] SELECT pre_cod_asig1,pre_cod_asig2,pre_cod_asig3,pre_cod_asig4,pre_cod_asig5,pre_cod_asig6,pre_cod_asig7 FROM tblaca009 WHERE pensum='5' AND c_uni_ca='2' AND c_asigna='322041' [1][0] OK
C:[02/08/2014 12:54:57.18][200.62.19.43][1182] SELECT par_cod_asig1,par_cod_asig2,par_cod_asig3 FROM tblaca009 WHERE pensum='5' AND c_uni_ca='2' AND c_asigna='300956' [1][0] OK
C:[02/08/2014 12:54:57.18][200.62.19.43][1182] SELECT par_cod_asig1,par_cod_asig2,par_cod_asig3 FROM tblaca009 WHERE pensum='5' AND c_uni_ca='2' AND c_asigna='322041' [1][0] OK
C:[02/08/2014 12:54:57.44][200.62.19.43][1312] SELECT horas_lab FROM tblaca008 WHERE c_asigna='300956' AND horas_teoricas > 0 [1][0] OK
C:[02/08/2014 12:54:57.44][200.62.19.43][1312] SELECT horas_lab FROM tblaca008 WHERE c_asigna='322041' AND horas_teoricas > 0 [1][0] OK
C:[02/08/2014 12:58:36.22][186.166.132.74][1138] SELECT pre_cod_asig1,pre_cod_asig2,pre_cod_asig3,pre_cod_asig4,pre_cod_asig5,pre_cod_asig6,pre_cod_asig7 FROM tblaca009 WHERE pensum='5' AND c_uni_ca='6' AND c_asigna='300101' [1][0] OK
C:[02/08/2014 12:58:37.04][186.166.132.74][1182] SELECT par_cod_asig1,par_cod_asig2,par_cod_asig3 FROM tblaca009 WHERE pensum='5' AND c_uni_ca='6' AND c_asigna='300101' [1][0] OK
C:[02/08/2014 12:58:37.17][186.166.132.74][1312] SELECT horas_lab FROM tblaca008 WHERE c_asigna='300101' AND horas_teoricas > 0 [1][0] OK
C:[02/08/2014 13:14:59.56][200.90.124.112][1138] SELECT pre_cod_asig1,pre_cod_asig2,pre_cod_asig3,pre_cod_asig4,pre_cod_asig5,pre_cod_asig6,pre_cod_asig7 FROM tblaca009 WHERE pensum='5' AND c_uni_ca='2' AND c_asigna='322559' [1][0] OK
C:[02/08/2014 13:14:59.56][200.90.124.112][1151] SELECT c_asigna FROM dace004 WHERE exp_e='11-22844895' AND c_asigna='300428' AND status IN ('0','3','B','C') [1][0] OK
C:[02/08/2014 13:14:59.56][200.90.124.112][1151] SELECT c_asigna FROM dace004 WHERE exp_e='11-22844895' AND c_asigna='322436' AND status IN ('0','3','B','C') [1][0] OK
C:[02/08/2014 13:14:59.56][200.90.124.112][1138] SELECT pre_cod_asig1,pre_cod_asig2,pre_cod_asig3,pre_cod_asig4,pre_cod_asig5,pre_cod_asig6,pre_cod_asig7 FROM tblaca009 WHERE pensum='5' AND c_uni_ca='2' AND c_asigna='322669' [1][0] OK
C:[02/08/2014 13:14:59.56][200.90.124.112][1151] SELECT c_asigna FROM dace004 WHERE exp_e='11-22844895' AND c_asigna='322558' AND status IN ('0','3','B','C') [1][0] OK
C:[02/08/2014 13:14:59.56][200.90.124.112][1151] SELECT c_asigna FROM dace004 WHERE exp_e='11-22844895' AND c_asigna='323528' AND status IN ('0','3','B','C') [1][0] OK
C:[02/08/2014 13:14:59.37][200.90.124.112][1182] SELECT par_cod_asig1,par_cod_asig2,par_cod_asig3 FROM tblaca009 WHERE pensum='5' AND c_uni_ca='2' AND c_asigna='322559' [1][0] OK
C:[02/08/2014 13:14:59.37][200.90.124.112][1182] SELECT par_cod_asig1,par_cod_asig2,par_cod_asig3 FROM tblaca009 WHERE pensum='5' AND c_uni_ca='2' AND c_asigna='322669' [1][0] OK
C:[02/08/2014 13:14:59.64][200.90.124.112][1312] SELECT horas_lab FROM tblaca008 WHERE c_asigna='322559' AND horas_teoricas > 0 [1][0] OK
C:[02/08/2014 13:14:59.64][200.90.124.112][1312] SELECT horas_lab FROM tblaca008 WHERE c_asigna='322669' AND horas_teoricas > 0 [1][0] OK
C:[02/08/2014 13:21:25.54][200.90.101.215][1138] SELECT pre_cod_asig1,pre_cod_asig2,pre_cod_asig3,pre_cod_asig4,pre_cod_asig5,pre_cod_asig6,pre_cod_asig7 FROM tblaca009 WHERE pensum='5' AND c_uni_ca='2' AND c_asigna='322780' [1][0] OK
C:[02/08/2014 13:21:25.54][200.90.101.215][1151] SELECT c_asigna FROM dace004 WHERE exp_e='10-20804728' AND c_asigna='322678' AND status IN ('0','3','B','C') [1][0] OK
C:[02/08/2014 13:21:26.47][200.90.101.215][1182] SELECT par_cod_asig1,par_cod_asig2,par_cod_asig3 FROM tblaca009 WHERE pensum='5' AND c_uni_ca='2' AND c_asigna='322780' [1][0] OK
C:[02/08/2014 13:21:26.61][200.90.101.215][1312] SELECT horas_lab FROM tblaca008 WHERE c_asigna='322780' AND horas_teoricas > 0 [1][0] OK
C:[02/08/2014 13:24:07.81][186.88.102.184][1138] SELECT pre_cod_asig1,pre_cod_asig2,pre_cod_asig3,pre_cod_asig4,pre_cod_asig5,pre_cod_asig6,pre_cod_asig7 FROM tblaca009 WHERE pensum='5' AND c_uni_ca='6' AND c_asigna='300207' [1][0] OK
C:[02/08/2014 13:24:07.81][186.88.102.184][1151] SELECT c_asigna FROM dace004 WHERE exp_e='12-23501737' AND c_asigna='300101' AND status IN ('0','3','B','C') [1][0] OK
C:[02/08/2014 13:24:07.75][186.88.102.184][1182] SELECT par_cod_asig1,par_cod_asig2,par_cod_asig3 FROM tblaca009 WHERE pensum='5' AND c_uni_ca='6' AND c_asigna='300207' [1][0] OK
C:[02/08/2014 13:24:07.89][186.88.102.184][1312] SELECT horas_lab FROM tblaca008 WHERE c_asigna='300207' AND horas_teoricas > 0 [1][0] OK
C:[02/08/2014 14:06:31.40][200.90.98.249][1138] SELECT pre_cod_asig1,pre_cod_asig2,pre_cod_asig3,pre_cod_asig4,pre_cod_asig5,pre_cod_asig6,pre_cod_asig7 FROM tblaca009 WHERE pensum='5' AND c_uni_ca='3' AND c_asigna='300317' [1][0] OK
C:[02/08/2014 14:06:31.40][200.90.98.249][1151] SELECT c_asigna FROM dace004 WHERE exp_e='12-25934972' AND c_asigna='300207' AND status IN ('0','3','B','C') [1][0] OK
C:[02/08/2014 14:06:31.40][200.90.98.249][1151] SELECT c_asigna FROM dace004 WHERE exp_e='12-25934972' AND c_asigna='300209' AND status IN ('0','3','B','C') [1][0] OK
C:[02/08/2014 14:06:31.40][200.90.98.249][1138] SELECT pre_cod_asig1,pre_cod_asig2,pre_cod_asig3,pre_cod_asig4,pre_cod_asig5,pre_cod_asig6,pre_cod_asig7 FROM tblaca009 WHERE pensum='5' AND c_uni_ca='3' AND c_asigna='300318' [1][0] OK
C:[02/08/2014 14:06:31.40][200.90.98.249][1151] SELECT c_asigna FROM dace004 WHERE exp_e='12-25934972' AND c_asigna='300228' AND status IN ('0','3','B','C') [1][0] OK
C:[02/08/2014 14:06:31.40][200.90.98.249][1151] SELECT c_asigna FROM dace004 WHERE exp_e='12-25934972' AND c_asigna='300207' AND status IN ('0','3','B','C') [1][0] OK
C:[02/08/2014 14:06:31.40][200.90.98.249][1151] SELECT c_asigna FROM dace004 WHERE exp_e='12-25934972' AND c_asigna='300218' AND status IN ('0','3','B','C') [1][0] OK
C:[02/08/2014 14:06:31.53][200.90.98.249][1182] SELECT par_cod_asig1,par_cod_asig2,par_cod_asig3 FROM tblaca009 WHERE pensum='5' AND c_uni_ca='3' AND c_asigna='300317' [1][0] OK
C:[02/08/2014 14:06:31.53][200.90.98.249][1182] SELECT par_cod_asig1,par_cod_asig2,par_cod_asig3 FROM tblaca009 WHERE pensum='5' AND c_uni_ca='3' AND c_asigna='300318' [1][0] OK
C:[02/08/2014 14:06:31.79][200.90.98.249][1312] SELECT horas_lab FROM tblaca008 WHERE c_asigna='300317' AND horas_teoricas > 0 [1][0] OK
C:[02/08/2014 14:06:31.79][200.90.98.249][1312] SELECT horas_lab FROM tblaca008 WHERE c_asigna='300318' AND horas_teoricas > 0 [1][0] OK
C:[02/08/2014 14:10:59.65][200.62.19.36][1138] SELECT pre_cod_asig1,pre_cod_asig2,pre_cod_asig3,pre_cod_asig4,pre_cod_asig5,pre_cod_asig6,pre_cod_asig7 FROM tblaca009 WHERE pensum='5' AND c_uni_ca='5' AND c_asigna='300222' [1][0] OK
C:[02/08/2014 14:10:59.65][200.62.19.36][1151] SELECT c_asigna FROM dace004 WHERE exp_e='13-25393257' AND c_asigna='300112' AND status IN ('0','3','B','C') [1][0] OK
C:[02/08/2014 14:11:00.59][200.62.19.36][1182] SELECT par_cod_asig1,par_cod_asig2,par_cod_asig3 FROM tblaca009 WHERE pensum='5' AND c_uni_ca='5' AND c_asigna='300222' [1][0] OK
C:[02/08/2014 14:11:00.73][200.62.19.36][1312] SELECT horas_lab FROM tblaca008 WHERE c_asigna='300222' AND horas_teoricas > 0 [1][0] OK
C:[02/08/2014 14:15:42.77][190.77.215.171][1138] SELECT pre_cod_asig1,pre_cod_asig2,pre_cod_asig3,pre_cod_asig4,pre_cod_asig5,pre_cod_asig6,pre_cod_asig7 FROM tblaca009 WHERE pensum='5' AND c_uni_ca='5' AND c_asigna='351330' [1][0] OK
C:[02/08/2014 14:15:42.77][190.77.215.171][1151] SELECT c_asigna FROM dace004 WHERE exp_e='08-20507480' AND c_asigna='300218' AND status IN ('0','3','B','C') [1][0] OK
C:[02/08/2014 14:15:42.70][190.77.215.171][1182] SELECT par_cod_asig1,par_cod_asig2,par_cod_asig3 FROM tblaca009 WHERE pensum='5' AND c_uni_ca='5' AND c_asigna='351330' [1][0] OK
C:[02/08/2014 14:15:42.70][190.77.215.171][1196] SELECT c_asigna FROM dace004 WHERE exp_e='08-20507480' AND c_asigna='300318' AND status IN ('0','3','B','C') [1][0] OK
C:[02/08/2014 14:15:42.70][190.77.215.171][1196] SELECT c_asigna FROM dace004 WHERE exp_e='08-20507480' AND c_asigna='300317' AND status IN ('0','3','B','C') [1][0] OK
C:[02/08/2014 14:15:42.09][190.77.215.171][1312] SELECT horas_lab FROM tblaca008 WHERE c_asigna='351330' AND horas_teoricas > 0 [1][0] OK
C:[02/08/2014 14:23:21.72][190.60.51.91][1138] SELECT pre_cod_asig1,pre_cod_asig2,pre_cod_asig3,pre_cod_asig4,pre_cod_asig5,pre_cod_asig6,pre_cod_asig7 FROM tblaca009 WHERE pensum='5' AND c_uni_ca='5' AND c_asigna='355691' [1][0] OK
C:[02/08/2014 14:23:21.72][190.60.51.91][1151] SELECT c_asigna FROM dace004 WHERE exp_e='10-20886151' AND c_asigna='355571' AND status IN ('0','3','B','C') [1][0] OK
C:[02/08/2014 14:23:21.72][190.60.51.91][1138] SELECT pre_cod_asig1,pre_cod_asig2,pre_cod_asig3,pre_cod_asig4,pre_cod_asig5,pre_cod_asig6,pre_cod_asig7 FROM tblaca009 WHERE pensum='5' AND c_uni_ca='5' AND c_asigna='355696' [1][0] OK
C:[02/08/2014 14:23:21.72][190.60.51.91][1151] SELECT c_asigna FROM dace004 WHERE exp_e='10-20886151' AND c_asigna='355570' AND status IN ('0','3','B','C') [1][0] OK
C:[02/08/2014 14:23:21.72][190.60.51.91][1151] SELECT c_asigna FROM dace004 WHERE exp_e='10-20886151' AND c_asigna='355571' AND status IN ('0','3','B','C') [1][0] OK
C:[02/08/2014 14:23:21.03][190.60.51.91][1182] SELECT par_cod_asig1,par_cod_asig2,par_cod_asig3 FROM tblaca009 WHERE pensum='5' AND c_uni_ca='5' AND c_asigna='355691' [1][0] OK
C:[02/08/2014 14:23:21.03][190.60.51.91][1182] SELECT par_cod_asig1,par_cod_asig2,par_cod_asig3 FROM tblaca009 WHERE pensum='5' AND c_uni_ca='5' AND c_asigna='355696' [1][0] OK
C:[02/08/2014 14:23:21.30][190.60.51.91][1312] SELECT horas_lab FROM tblaca008 WHERE c_asigna='355691' AND horas_teoricas > 0 [1][0] OK
C:[02/08/2014 14:23:21.30][190.60.51.91][1312] SELECT horas_lab FROM tblaca008 WHERE c_asigna='355696' AND horas_teoricas > 0 [1][0] OK
C:[02/08/2014 14:26:59.76][186.90.166.43][1138] SELECT pre_cod_asig1,pre_cod_asig2,pre_cod_asig3,pre_cod_asig4,pre_cod_asig5,pre_cod_asig6,pre_cod_asig7 FROM tblaca009 WHERE pensum='5' AND c_uni_ca='2' AND c_asigna='300317' [1][0] OK
C:[02/08/2014 14:26:59.76][186.90.166.43][1151] SELECT c_asigna FROM dace004 WHERE exp_e='11-20223616' AND c_asigna='300207' AND status IN ('0','3','B','C') [1][0] OK
C:[02/08/2014 14:26:59.76][186.90.166.43][1151] SELECT c_asigna FROM dace004 WHERE exp_e='11-20223616' AND c_asigna='300209' AND status IN ('0','3','B','C') [1][0] OK
C:[02/08/2014 14:26:59.82][186.90.166.43][1182] SELECT par_cod_asig1,par_cod_asig2,par_cod_asig3 FROM tblaca009 WHERE pensum='5' AND c_uni_ca='2' AND c_asigna='300317' [1][0] OK
C:[02/08/2014 14:26:59.96][186.90.166.43][1312] SELECT horas_lab FROM tblaca008 WHERE c_asigna='300317' AND horas_teoricas > 0 [1][0] OK
C:[02/08/2014 14:36:05.79][190.79.25.184][1138] SELECT pre_cod_asig1,pre_cod_asig2,pre_cod_asig3,pre_cod_asig4,pre_cod_asig5,pre_cod_asig6,pre_cod_asig7 FROM tblaca009 WHERE pensum='5' AND c_uni_ca='3' AND c_asigna='300209' [1][0] OK
C:[02/08/2014 14:36:05.79][190.79.25.184][1151] SELECT c_asigna FROM dace004 WHERE exp_e='13-24504604' AND c_asigna='300101' AND status IN ('0','3','B','C') [1][0] OK
C:[02/08/2014 14:36:05.27][190.79.25.184][1182] SELECT par_cod_asig1,par_cod_asig2,par_cod_asig3 FROM tblaca009 WHERE pensum='5' AND c_uni_ca='3' AND c_asigna='300209' [1][0] OK
C:[02/08/2014 14:36:05.41][190.79.25.184][1312] SELECT horas_lab FROM tblaca008 WHERE c_asigna='300209' AND horas_teoricas > 0 [1][0] OK
C:[02/08/2014 14:39:55.13][190.79.25.184][1138] SELECT pre_cod_asig1,pre_cod_asig2,pre_cod_asig3,pre_cod_asig4,pre_cod_asig5,pre_cod_asig6,pre_cod_asig7 FROM tblaca009 WHERE pensum='5' AND c_uni_ca='3' AND c_asigna='300209' [1][0] OK
C:[02/08/2014 14:39:55.13][190.79.25.184][1151] SELECT c_asigna FROM dace004 WHERE exp_e='13-24504604' AND c_asigna='300101' AND status IN ('0','3','B','C') [1][0] OK
C:[02/08/2014 14:39:55.06][190.79.25.184][1182] SELECT par_cod_asig1,par_cod_asig2,par_cod_asig3 FROM tblaca009 WHERE pensum='5' AND c_uni_ca='3' AND c_asigna='300209' [1][0] OK
C:[02/08/2014 14:39:55.20][190.79.25.184][1312] SELECT horas_lab FROM tblaca008 WHERE c_asigna='300209' AND horas_teoricas > 0 [1][0] OK
C:[02/08/2014 14:40:45.40][190.79.25.184][1138] SELECT pre_cod_asig1,pre_cod_asig2,pre_cod_asig3,pre_cod_asig4,pre_cod_asig5,pre_cod_asig6,pre_cod_asig7 FROM tblaca009 WHERE pensum='5' AND c_uni_ca='3' AND c_asigna='300209' [1][0] OK
C:[02/08/2014 14:40:45.40][190.79.25.184][1151] SELECT c_asigna FROM dace004 WHERE exp_e='13-24504604' AND c_asigna='300101' AND status IN ('0','3','B','C') [1][0] OK
C:[02/08/2014 14:40:45.34][190.79.25.184][1182] SELECT par_cod_asig1,par_cod_asig2,par_cod_asig3 FROM tblaca009 WHERE pensum='5' AND c_uni_ca='3' AND c_asigna='300209' [1][0] OK
C:[02/08/2014 14:40:45.48][190.79.25.184][1312] SELECT horas_lab FROM tblaca008 WHERE c_asigna='300209' AND horas_teoricas > 0 [1][0] OK
C:[02/08/2014 14:41:38.22][190.79.25.184][1138] SELECT pre_cod_asig1,pre_cod_asig2,pre_cod_asig3,pre_cod_asig4,pre_cod_asig5,pre_cod_asig6,pre_cod_asig7 FROM tblaca009 WHERE pensum='5' AND c_uni_ca='3' AND c_asigna='300209' [1][0] OK
C:[02/08/2014 14:41:38.22][190.79.25.184][1151] SELECT c_asigna FROM dace004 WHERE exp_e='13-24504604' AND c_asigna='300101' AND status IN ('0','3','B','C') [1][0] OK
C:[02/08/2014 14:41:38.16][190.79.25.184][1182] SELECT par_cod_asig1,par_cod_asig2,par_cod_asig3 FROM tblaca009 WHERE pensum='5' AND c_uni_ca='3' AND c_asigna='300209' [1][0] OK
C:[02/08/2014 14:41:38.29][190.79.25.184][1312] SELECT horas_lab FROM tblaca008 WHERE c_asigna='300209' AND horas_teoricas > 0 [1][0] OK
C:[02/08/2014 14:44:24.74][200.35.89.229][1138] SELECT pre_cod_asig1,pre_cod_asig2,pre_cod_asig3,pre_cod_asig4,pre_cod_asig5,pre_cod_asig6,pre_cod_asig7 FROM tblaca009 WHERE pensum='5' AND c_uni_ca='2' AND c_asigna='322558' [1][0] OK
C:[02/08/2014 14:44:24.74][200.35.89.229][1151] SELECT c_asigna FROM dace004 WHERE exp_e='11-20507984' AND c_asigna='300428' AND status IN ('0','3','B','C') [1][0] OK
C:[02/08/2014 14:44:24.74][200.35.89.229][1151] SELECT c_asigna FROM dace004 WHERE exp_e='11-20507984' AND c_asigna='320323' AND status IN ('0','3','B','C') [1][0] OK
C:[02/08/2014 14:44:24.74][200.35.89.229][1138] SELECT pre_cod_asig1,pre_cod_asig2,pre_cod_asig3,pre_cod_asig4,pre_cod_asig5,pre_cod_asig6,pre_cod_asig7 FROM tblaca009 WHERE pensum='5' AND c_uni_ca='2' AND c_asigna='322560' [1][0] OK
C:[02/08/2014 14:44:24.74][200.35.89.229][1138] SELECT pre_cod_asig1,pre_cod_asig2,pre_cod_asig3,pre_cod_asig4,pre_cod_asig5,pre_cod_asig6,pre_cod_asig7 FROM tblaca009 WHERE pensum='5' AND c_uni_ca='2' AND c_asigna='322605' [1][0] OK
C:[02/08/2014 14:44:24.74][200.35.89.229][1151] SELECT c_asigna FROM dace004 WHERE exp_e='11-20507984' AND c_asigna='322436' AND status IN ('0','3','B','C') [1][0] OK
C:[02/08/2014 14:44:24.18][200.35.89.229][1182] SELECT par_cod_asig1,par_cod_asig2,par_cod_asig3 FROM tblaca009 WHERE pensum='5' AND c_uni_ca='2' AND c_asigna='322558' [1][0] OK
C:[02/08/2014 14:44:24.18][200.35.89.229][1182] SELECT par_cod_asig1,par_cod_asig2,par_cod_asig3 FROM tblaca009 WHERE pensum='5' AND c_uni_ca='2' AND c_asigna='322560' [1][0] OK
C:[02/08/2014 14:44:24.18][200.35.89.229][1196] SELECT c_asigna FROM dace004 WHERE exp_e='11-20507984' AND c_asigna='323528' AND status IN ('0','3','B','C') [1][0] OK
C:[02/08/2014 14:44:24.18][200.35.89.229][1182] SELECT par_cod_asig1,par_cod_asig2,par_cod_asig3 FROM tblaca009 WHERE pensum='5' AND c_uni_ca='2' AND c_asigna='322605' [1][0] OK
C:[02/08/2014 14:44:24.50][200.35.89.229][1312] SELECT horas_lab FROM tblaca008 WHERE c_asigna='322558' AND horas_teoricas > 0 [1][0] OK
C:[02/08/2014 14:44:24.50][200.35.89.229][1312] SELECT horas_lab FROM tblaca008 WHERE c_asigna='322560' AND horas_teoricas > 0 [1][0] OK
C:[02/08/2014 14:44:24.50][200.35.89.229][1312] SELECT horas_lab FROM tblaca008 WHERE c_asigna='322605' AND horas_teoricas > 0 [1][0] OK
C:[02/08/2014 14:50:55.03][186.89.176.129][1138] SELECT pre_cod_asig1,pre_cod_asig2,pre_cod_asig3,pre_cod_asig4,pre_cod_asig5,pre_cod_asig6,pre_cod_asig7 FROM tblaca009 WHERE pensum='5' AND c_uni_ca='4' AND c_asigna='300013' [1][0] OK
C:[02/08/2014 14:50:55.84][186.89.176.129][1182] SELECT par_cod_asig1,par_cod_asig2,par_cod_asig3 FROM tblaca009 WHERE pensum='5' AND c_uni_ca='4' AND c_asigna='300013' [1][0] OK
C:[02/08/2014 14:50:55.98][186.89.176.129][1312] SELECT horas_lab FROM tblaca008 WHERE c_asigna='300013' AND horas_teoricas > 0 [1][0] OK
C:[02/08/2014 15:00:07.51][190.198.91.90][1138] SELECT pre_cod_asig1,pre_cod_asig2,pre_cod_asig3,pre_cod_asig4,pre_cod_asig5,pre_cod_asig6,pre_cod_asig7 FROM tblaca009 WHERE pensum='5' AND c_uni_ca='6' AND c_asigna='342559' [1][0] OK
C:[02/08/2014 15:00:07.51][190.198.91.90][1151] SELECT c_asigna FROM dace004 WHERE exp_e='07-19621920' AND c_asigna='342436' AND status IN ('0','3','B','C') [1][0] OK
C:[02/08/2014 15:00:07.51][190.198.91.90][1138] SELECT pre_cod_asig1,pre_cod_asig2,pre_cod_asig3,pre_cod_asig4,pre_cod_asig5,pre_cod_asig6,pre_cod_asig7 FROM tblaca009 WHERE pensum='5' AND c_uni_ca='6' AND c_asigna='344948' [1][0] OK
C:[02/08/2014 15:00:07.58][190.198.91.90][1182] SELECT par_cod_asig1,par_cod_asig2,par_cod_asig3 FROM tblaca009 WHERE pensum='5' AND c_uni_ca='6' AND c_asigna='342559' [1][0] OK
C:[02/08/2014 15:00:07.58][190.198.91.90][1182] SELECT par_cod_asig1,par_cod_asig2,par_cod_asig3 FROM tblaca009 WHERE pensum='5' AND c_uni_ca='6' AND c_asigna='344948' [1][0] OK
C:[02/08/2014 15:00:07.84][190.198.91.90][1312] SELECT horas_lab FROM tblaca008 WHERE c_asigna='342559' AND horas_teoricas > 0 [1][0] OK
C:[02/08/2014 15:00:07.84][190.198.91.90][1312] SELECT horas_lab FROM tblaca008 WHERE c_asigna='344948' AND horas_teoricas > 0 [1][0] OK
C:[02/08/2014 15:00:57.43][190.37.211.188][1138] SELECT pre_cod_asig1,pre_cod_asig2,pre_cod_asig3,pre_cod_asig4,pre_cod_asig5,pre_cod_asig6,pre_cod_asig7 FROM tblaca009 WHERE pensum='5' AND c_uni_ca='5' AND c_asigna='355691' [1][0] OK
C:[02/08/2014 15:00:57.43][190.37.211.188][1151] SELECT c_asigna FROM dace004 WHERE exp_e='09-22820562' AND c_asigna='355571' AND status IN ('0','3','B','C') [1][0] OK
C:[02/08/2014 15:00:57.43][190.37.211.188][1138] SELECT pre_cod_asig1,pre_cod_asig2,pre_cod_asig3,pre_cod_asig4,pre_cod_asig5,pre_cod_asig6,pre_cod_asig7 FROM tblaca009 WHERE pensum='5' AND c_uni_ca='5' AND c_asigna='355692' [1][0] OK
C:[02/08/2014 15:00:57.43][190.37.211.188][1151] SELECT c_asigna FROM dace004 WHERE exp_e='09-22820562' AND c_asigna='355448' AND status IN ('0','3','B','C') [1][0] OK
C:[02/08/2014 15:00:57.43][190.37.211.188][1151] SELECT c_asigna FROM dace004 WHERE exp_e='09-22820562' AND c_asigna='355570' AND status IN ('0','3','B','C') [1][0] OK
C:[02/08/2014 15:00:57.31][190.37.211.188][1182] SELECT par_cod_asig1,par_cod_asig2,par_cod_asig3 FROM tblaca009 WHERE pensum='5' AND c_uni_ca='5' AND c_asigna='355691' [1][0] OK
C:[02/08/2014 15:00:57.31][190.37.211.188][1182] SELECT par_cod_asig1,par_cod_asig2,par_cod_asig3 FROM tblaca009 WHERE pensum='5' AND c_uni_ca='5' AND c_asigna='355692' [1][0] OK
C:[02/08/2014 15:00:57.57][190.37.211.188][1312] SELECT horas_lab FROM tblaca008 WHERE c_asigna='355691' AND horas_teoricas > 0 [1][0] OK
C:[02/08/2014 15:00:57.57][190.37.211.188][1312] SELECT horas_lab FROM tblaca008 WHERE c_asigna='355692' AND horas_teoricas > 0 [1][0] OK
C:[02/08/2014 15:02:14.45][190.207.46.26][1138] SELECT pre_cod_asig1,pre_cod_asig2,pre_cod_asig3,pre_cod_asig4,pre_cod_asig5,pre_cod_asig6,pre_cod_asig7 FROM tblaca009 WHERE pensum='5' AND c_uni_ca='4' AND c_asigna='333584' [1][0] OK
C:[02/08/2014 15:02:14.45][190.207.46.26][1151] SELECT c_asigna FROM dace004 WHERE exp_e='11-18033370' AND c_asigna='300428' AND status IN ('0','3','B','C') [1][0] OK
C:[02/08/2014 15:02:14.45][190.207.46.26][1151] SELECT c_asigna FROM dace004 WHERE exp_e='11-18033370' AND c_asigna='333440' AND status IN ('0','3','B','C') [1][0] OK
C:[02/08/2014 15:02:14.45][190.207.46.26][1151] SELECT c_asigna FROM dace004 WHERE exp_e='11-18033370' AND c_asigna='300209' AND status IN ('0','3','B','C') [1][0] OK
C:[02/08/2014 15:02:14.45][190.207.46.26][1138] SELECT pre_cod_asig1,pre_cod_asig2,pre_cod_asig3,pre_cod_asig4,pre_cod_asig5,pre_cod_asig6,pre_cod_asig7 FROM tblaca009 WHERE pensum='5' AND c_uni_ca='4' AND c_asigna='333585' [1][0] OK
C:[02/08/2014 15:02:14.45][190.207.46.26][1151] SELECT c_asigna FROM dace004 WHERE exp_e='11-18033370' AND c_asigna='333440' AND status IN ('0','3','B','C') [1][0] OK
C:[02/08/2014 15:02:14.45][190.207.46.26][1151] SELECT c_asigna FROM dace004 WHERE exp_e='11-18033370' AND c_asigna='333441' AND status IN ('0','3','B','C') [1][0] OK
C:[02/08/2014 15:02:14.45][190.207.46.26][1151] SELECT c_asigna FROM dace004 WHERE exp_e='11-18033370' AND c_asigna='300209' AND status IN ('0','3','B','C') [1][0] OK
C:[02/08/2014 15:02:14.71][190.207.46.26][1182] SELECT par_cod_asig1,par_cod_asig2,par_cod_asig3 FROM tblaca009 WHERE pensum='5' AND c_uni_ca='4' AND c_asigna='333584' [1][0] OK
C:[02/08/2014 15:02:14.71][190.207.46.26][1196] SELECT c_asigna FROM dace004 WHERE exp_e='11-18033370' AND c_asigna='333563' AND status IN ('0','3','B','C') [0][0] OK
C:[02/08/2014 15:02:14.71][190.207.46.26][1182] SELECT par_cod_asig1,par_cod_asig2,par_cod_asig3 FROM tblaca009 WHERE pensum='5' AND c_uni_ca='4' AND c_asigna='333585' [1][0] OK
C:[02/08/2014 15:02:14.09][190.207.46.26][1312] SELECT horas_lab FROM tblaca008 WHERE c_asigna='333584' AND horas_teoricas > 0 [1][0] OK
C:[02/08/2014 15:02:14.09][190.207.46.26][1312] SELECT horas_lab FROM tblaca008 WHERE c_asigna='333585' AND horas_teoricas > 0 [1][0] OK
C:[02/08/2014 15:17:34.59][190.37.47.181][1138] SELECT pre_cod_asig1,pre_cod_asig2,pre_cod_asig3,pre_cod_asig4,pre_cod_asig5,pre_cod_asig6,pre_cod_asig7 FROM tblaca009 WHERE pensum='5' AND c_uni_ca='4' AND c_asigna='300101' [1][0] OK
C:[02/08/2014 15:17:34.40][190.37.47.181][1182] SELECT par_cod_asig1,par_cod_asig2,par_cod_asig3 FROM tblaca009 WHERE pensum='5' AND c_uni_ca='4' AND c_asigna='300101' [1][0] OK
C:[02/08/2014 15:17:34.54][190.37.47.181][1312] SELECT horas_lab FROM tblaca008 WHERE c_asigna='300101' AND horas_teoricas > 0 [1][0] OK
C:[02/08/2014 16:21:12.50][190.36.25.9][1138] SELECT pre_cod_asig1,pre_cod_asig2,pre_cod_asig3,pre_cod_asig4,pre_cod_asig5,pre_cod_asig6,pre_cod_asig7 FROM tblaca009 WHERE pensum='5' AND c_uni_ca='6' AND c_asigna='342559' [1][0] OK
C:[02/08/2014 16:21:12.50][190.36.25.9][1151] SELECT c_asigna FROM dace004 WHERE exp_e='10-20505871' AND c_asigna='342436' AND status IN ('0','3','B','C') [1][0] OK
C:[02/08/2014 16:21:12.50][190.36.25.9][1138] SELECT pre_cod_asig1,pre_cod_asig2,pre_cod_asig3,pre_cod_asig4,pre_cod_asig5,pre_cod_asig6,pre_cod_asig7 FROM tblaca009 WHERE pensum='5' AND c_uni_ca='6' AND c_asigna='344565' [1][0] OK
C:[02/08/2014 16:21:12.50][190.36.25.9][1151] SELECT c_asigna FROM dace004 WHERE exp_e='10-20505871' AND c_asigna='344445' AND status IN ('0','3','B','C') [1][0] OK
C:[02/08/2014 16:21:12.24][190.36.25.9][1182] SELECT par_cod_asig1,par_cod_asig2,par_cod_asig3 FROM tblaca009 WHERE pensum='5' AND c_uni_ca='6' AND c_asigna='342559' [1][0] OK
C:[02/08/2014 16:21:12.24][190.36.25.9][1182] SELECT par_cod_asig1,par_cod_asig2,par_cod_asig3 FROM tblaca009 WHERE pensum='5' AND c_uni_ca='6' AND c_asigna='344565' [1][0] OK
C:[02/08/2014 16:21:13.50][190.36.25.9][1312] SELECT horas_lab FROM tblaca008 WHERE c_asigna='342559' AND horas_teoricas > 0 [1][0] OK
C:[02/08/2014 16:21:13.50][190.36.25.9][1312] SELECT horas_lab FROM tblaca008 WHERE c_asigna='344565' AND horas_teoricas > 0 [1][0] OK
C:[02/08/2014 16:22:05.66][190.207.36.73][1138] SELECT pre_cod_asig1,pre_cod_asig2,pre_cod_asig3,pre_cod_asig4,pre_cod_asig5,pre_cod_asig6,pre_cod_asig7 FROM tblaca009 WHERE pensum='5' AND c_uni_ca='6' AND c_asigna='300209' [1][0] OK
C:[02/08/2014 16:22:05.66][190.207.36.73][1151] SELECT c_asigna FROM dace004 WHERE exp_e='13-25266650' AND c_asigna='300101' AND status IN ('0','3','B','C') [1][0] OK
C:[02/08/2014 16:22:05.66][190.207.36.73][1138] SELECT pre_cod_asig1,pre_cod_asig2,pre_cod_asig3,pre_cod_asig4,pre_cod_asig5,pre_cod_asig6,pre_cod_asig7 FROM tblaca009 WHERE pensum='5' AND c_uni_ca='6' AND c_asigna='300226' [1][0] OK
C:[02/08/2014 16:22:05.66][190.207.36.73][1151] SELECT c_asigna FROM dace004 WHERE exp_e='13-25266650' AND c_asigna='300116' AND status IN ('0','3','B','C') [1][0] OK
C:[02/08/2014 16:22:05.42][190.207.36.73][1182] SELECT par_cod_asig1,par_cod_asig2,par_cod_asig3 FROM tblaca009 WHERE pensum='5' AND c_uni_ca='6' AND c_asigna='300209' [1][0] OK
C:[02/08/2014 16:22:05.42][190.207.36.73][1182] SELECT par_cod_asig1,par_cod_asig2,par_cod_asig3 FROM tblaca009 WHERE pensum='5' AND c_uni_ca='6' AND c_asigna='300226' [1][0] OK
C:[02/08/2014 16:22:05.67][190.207.36.73][1312] SELECT horas_lab FROM tblaca008 WHERE c_asigna='300209' AND horas_teoricas > 0 [1][0] OK
C:[02/08/2014 16:22:05.67][190.207.36.73][1312] SELECT horas_lab FROM tblaca008 WHERE c_asigna='300226' AND horas_teoricas > 0 [1][0] OK
C:[02/08/2014 16:27:25.24][186.88.133.29][1138] SELECT pre_cod_asig1,pre_cod_asig2,pre_cod_asig3,pre_cod_asig4,pre_cod_asig5,pre_cod_asig6,pre_cod_asig7 FROM tblaca009 WHERE pensum='5' AND c_uni_ca='4' AND c_asigna='300956' [1][0] OK
C:[02/08/2014 16:27:25.24][186.88.133.29][1151] SELECT c_asigna FROM dace004 WHERE exp_e='06-18960017' AND c_asigna='300422' AND status IN ('0','3','B','C') [1][0] OK
C:[02/08/2014 16:27:25.24][186.88.133.29][1151] SELECT c_asigna FROM dace004 WHERE exp_e='06-18960017' AND c_asigna='300105' AND status IN ('0','3','B','C') [1][0] OK
C:[02/08/2014 16:27:25.24][186.88.133.29][1151] SELECT c_asigna FROM dace004 WHERE exp_e='06-18960017' AND c_asigna='300314' AND status IN ('0','3','B','C') [1][0] OK
C:[02/08/2014 16:27:25.99][186.88.133.29][1182] SELECT par_cod_asig1,par_cod_asig2,par_cod_asig3 FROM tblaca009 WHERE pensum='5' AND c_uni_ca='4' AND c_asigna='300956' [1][0] OK
C:[02/08/2014 16:27:25.13][186.88.133.29][1312] SELECT horas_lab FROM tblaca008 WHERE c_asigna='300956' AND horas_teoricas > 0 [1][0] OK
C:[02/08/2014 16:28:10.88][186.88.133.29][1138] SELECT pre_cod_asig1,pre_cod_asig2,pre_cod_asig3,pre_cod_asig4,pre_cod_asig5,pre_cod_asig6,pre_cod_asig7 FROM tblaca009 WHERE pensum='5' AND c_uni_ca='4' AND c_asigna='300956' [1][0] OK
C:[02/08/2014 16:28:10.88][186.88.133.29][1151] SELECT c_asigna FROM dace004 WHERE exp_e='06-19041346' AND c_asigna='300422' AND status IN ('0','3','B','C') [1][0] OK
C:[02/08/2014 16:28:10.88][186.88.133.29][1151] SELECT c_asigna FROM dace004 WHERE exp_e='06-19041346' AND c_asigna='300105' AND status IN ('0','3','B','C') [1][0] OK
C:[02/08/2014 16:28:10.88][186.88.133.29][1151] SELECT c_asigna FROM dace004 WHERE exp_e='06-19041346' AND c_asigna='300314' AND status IN ('0','3','B','C') [1][0] OK
C:[02/08/2014 16:28:10.63][186.88.133.29][1182] SELECT par_cod_asig1,par_cod_asig2,par_cod_asig3 FROM tblaca009 WHERE pensum='5' AND c_uni_ca='4' AND c_asigna='300956' [1][0] OK
C:[02/08/2014 16:28:10.77][186.88.133.29][1312] SELECT horas_lab FROM tblaca008 WHERE c_asigna='300956' AND horas_teoricas > 0 [1][0] OK
C:[02/08/2014 16:32:01.18][186.88.175.97][1138] SELECT pre_cod_asig1,pre_cod_asig2,pre_cod_asig3,pre_cod_asig4,pre_cod_asig5,pre_cod_asig6,pre_cod_asig7 FROM tblaca009 WHERE pensum='5' AND c_uni_ca='3' AND c_asigna='300209' [1][0] OK
C:[02/08/2014 16:32:01.18][186.88.175.97][1151] SELECT c_asigna FROM dace004 WHERE exp_e='13-24504604' AND c_asigna='300101' AND status IN ('0','3','B','C') [1][0] OK
C:[02/08/2014 16:32:01.67][186.88.175.97][1182] SELECT par_cod_asig1,par_cod_asig2,par_cod_asig3 FROM tblaca009 WHERE pensum='5' AND c_uni_ca='3' AND c_asigna='300209' [1][0] OK
C:[02/08/2014 16:32:01.81][186.88.175.97][1312] SELECT horas_lab FROM tblaca008 WHERE c_asigna='300209' AND horas_teoricas > 0 [1][0] OK
C:[02/08/2014 16:37:02.42][190.205.23.138][1138] SELECT pre_cod_asig1,pre_cod_asig2,pre_cod_asig3,pre_cod_asig4,pre_cod_asig5,pre_cod_asig6,pre_cod_asig7 FROM tblaca009 WHERE pensum='5' AND c_uni_ca='6' AND c_asigna='300101' [1][0] OK
C:[02/08/2014 16:37:02.79][190.205.23.138][1182] SELECT par_cod_asig1,par_cod_asig2,par_cod_asig3 FROM tblaca009 WHERE pensum='5' AND c_uni_ca='6' AND c_asigna='300101' [1][0] OK
C:[02/08/2014 16:37:03.93][190.205.23.138][1312] SELECT horas_lab FROM tblaca008 WHERE c_asigna='300101' AND horas_teoricas > 0 [1][0] OK
C:[02/08/2014 16:42:32.87][190.206.245.237][1138] SELECT pre_cod_asig1,pre_cod_asig2,pre_cod_asig3,pre_cod_asig4,pre_cod_asig5,pre_cod_asig6,pre_cod_asig7 FROM tblaca009 WHERE pensum='5' AND c_uni_ca='6' AND c_asigna='300317' [1][0] OK
C:[02/08/2014 16:42:32.87][190.206.245.237][1151] SELECT c_asigna FROM dace004 WHERE exp_e='07-19803177' AND c_asigna='300207' AND status IN ('0','3','B','C') [1][0] OK
C:[02/08/2014 16:42:32.87][190.206.245.237][1151] SELECT c_asigna FROM dace004 WHERE exp_e='07-19803177' AND c_asigna='300209' AND status IN ('0','3','B','C') [1][0] OK
C:[02/08/2014 16:42:32.93][190.206.245.237][1182] SELECT par_cod_asig1,par_cod_asig2,par_cod_asig3 FROM tblaca009 WHERE pensum='5' AND c_uni_ca='6' AND c_asigna='300317' [1][0] OK
C:[02/08/2014 16:42:32.07][190.206.245.237][1312] SELECT horas_lab FROM tblaca008 WHERE c_asigna='300317' AND horas_teoricas > 0 [1][0] OK
C:[02/08/2014 17:04:56.40][190.207.36.73][1138] SELECT pre_cod_asig1,pre_cod_asig2,pre_cod_asig3,pre_cod_asig4,pre_cod_asig5,pre_cod_asig6,pre_cod_asig7 FROM tblaca009 WHERE pensum='5' AND c_uni_ca='6' AND c_asigna='300209' [1][0] OK
C:[02/08/2014 17:04:56.40][190.207.36.73][1151] SELECT c_asigna FROM dace004 WHERE exp_e='13-25266650' AND c_asigna='300101' AND status IN ('0','3','B','C') [1][0] OK
C:[02/08/2014 17:04:56.40][190.207.36.73][1138] SELECT pre_cod_asig1,pre_cod_asig2,pre_cod_asig3,pre_cod_asig4,pre_cod_asig5,pre_cod_asig6,pre_cod_asig7 FROM tblaca009 WHERE pensum='5' AND c_uni_ca='6' AND c_asigna='300226' [1][0] OK
C:[02/08/2014 17:04:56.40][190.207.36.73][1151] SELECT c_asigna FROM dace004 WHERE exp_e='13-25266650' AND c_asigna='300116' AND status IN ('0','3','B','C') [1][0] OK
C:[02/08/2014 17:04:56.14][190.207.36.73][1182] SELECT par_cod_asig1,par_cod_asig2,par_cod_asig3 FROM tblaca009 WHERE pensum='5' AND c_uni_ca='6' AND c_asigna='300209' [1][0] OK
C:[02/08/2014 17:04:56.14][190.207.36.73][1182] SELECT par_cod_asig1,par_cod_asig2,par_cod_asig3 FROM tblaca009 WHERE pensum='5' AND c_uni_ca='6' AND c_asigna='300226' [1][0] OK
C:[02/08/2014 17:04:56.41][190.207.36.73][1312] SELECT horas_lab FROM tblaca008 WHERE c_asigna='300209' AND horas_teoricas > 0 [1][0] OK
C:[02/08/2014 17:04:56.41][190.207.36.73][1312] SELECT horas_lab FROM tblaca008 WHERE c_asigna='300226' AND horas_teoricas > 0 [1][0] OK
C:[02/08/2014 17:08:48.76][190.207.36.73][1138] SELECT pre_cod_asig1,pre_cod_asig2,pre_cod_asig3,pre_cod_asig4,pre_cod_asig5,pre_cod_asig6,pre_cod_asig7 FROM tblaca009 WHERE pensum='5' AND c_uni_ca='6' AND c_asigna='300209' [1][0] OK
C:[02/08/2014 17:08:48.76][190.207.36.73][1151] SELECT c_asigna FROM dace004 WHERE exp_e='13-25266650' AND c_asigna='300101' AND status IN ('0','3','B','C') [1][0] OK
C:[02/08/2014 17:08:48.76][190.207.36.73][1138] SELECT pre_cod_asig1,pre_cod_asig2,pre_cod_asig3,pre_cod_asig4,pre_cod_asig5,pre_cod_asig6,pre_cod_asig7 FROM tblaca009 WHERE pensum='5' AND c_uni_ca='6' AND c_asigna='300226' [1][0] OK
C:[02/08/2014 17:08:48.76][190.207.36.73][1151] SELECT c_asigna FROM dace004 WHERE exp_e='13-25266650' AND c_asigna='300116' AND status IN ('0','3','B','C') [1][0] OK
C:[02/08/2014 17:08:48.51][190.207.36.73][1182] SELECT par_cod_asig1,par_cod_asig2,par_cod_asig3 FROM tblaca009 WHERE pensum='5' AND c_uni_ca='6' AND c_asigna='300209' [1][0] OK
C:[02/08/2014 17:08:48.51][190.207.36.73][1182] SELECT par_cod_asig1,par_cod_asig2,par_cod_asig3 FROM tblaca009 WHERE pensum='5' AND c_uni_ca='6' AND c_asigna='300226' [1][0] OK
C:[02/08/2014 17:08:48.78][190.207.36.73][1312] SELECT horas_lab FROM tblaca008 WHERE c_asigna='300209' AND horas_teoricas > 0 [1][0] OK
C:[02/08/2014 17:08:48.78][190.207.36.73][1312] SELECT horas_lab FROM tblaca008 WHERE c_asigna='300226' AND horas_teoricas > 0 [1][0] OK
C:[02/08/2014 17:09:33.10][190.206.80.43][1138] SELECT pre_cod_asig1,pre_cod_asig2,pre_cod_asig3,pre_cod_asig4,pre_cod_asig5,pre_cod_asig6,pre_cod_asig7 FROM tblaca009 WHERE pensum='5' AND c_uni_ca='6' AND c_asigna='300101' [1][0] OK
C:[02/08/2014 17:09:33.48][190.206.80.43][1182] SELECT par_cod_asig1,par_cod_asig2,par_cod_asig3 FROM tblaca009 WHERE pensum='5' AND c_uni_ca='6' AND c_asigna='300101' [1][0] OK
C:[02/08/2014 17:09:33.62][190.206.80.43][1312] SELECT horas_lab FROM tblaca008 WHERE c_asigna='300101' AND horas_teoricas > 0 [1][0] OK
C:[02/08/2014 17:10:37.60][200.62.19.36][1138] SELECT pre_cod_asig1,pre_cod_asig2,pre_cod_asig3,pre_cod_asig4,pre_cod_asig5,pre_cod_asig6,pre_cod_asig7 FROM tblaca009 WHERE pensum='5' AND c_uni_ca='2' AND c_asigna='300313' [1][0] OK
C:[02/08/2014 17:10:37.60][200.62.19.36][1151] SELECT c_asigna FROM dace004 WHERE exp_e='11-20503729' AND c_asigna='300213' AND status IN ('0','3','B','C') [1][0] OK
C:[02/08/2014 17:10:37.60][200.62.19.36][1151] SELECT c_asigna FROM dace004 WHERE exp_e='11-20503729' AND c_asigna='300226' AND status IN ('0','3','B','C') [1][0] OK
C:[02/08/2014 17:10:37.60][200.62.19.36][1151] SELECT c_asigna FROM dace004 WHERE exp_e='11-20503729' AND c_asigna='300209' AND status IN ('0','3','B','C') [1][0] OK
C:[02/08/2014 17:10:37.60][200.62.19.36][1138] SELECT pre_cod_asig1,pre_cod_asig2,pre_cod_asig3,pre_cod_asig4,pre_cod_asig5,pre_cod_asig6,pre_cod_asig7 FROM tblaca009 WHERE pensum='5' AND c_uni_ca='2' AND c_asigna='322436' [1][0] OK
C:[02/08/2014 17:10:37.60][200.62.19.36][1151] SELECT c_asigna FROM dace004 WHERE exp_e='11-20503729' AND c_asigna='300317' AND status IN ('0','3','B','C') [1][0] OK
C:[02/08/2014 17:10:37.60][200.62.19.36][1151] SELECT c_asigna FROM dace004 WHERE exp_e='11-20503729' AND c_asigna='320311' AND status IN ('0','3','B','C') [1][0] OK
C:[02/08/2014 17:10:37.72][200.62.19.36][1182] SELECT par_cod_asig1,par_cod_asig2,par_cod_asig3 FROM tblaca009 WHERE pensum='5' AND c_uni_ca='2' AND c_asigna='300313' [1][0] OK
C:[02/08/2014 17:10:37.72][200.62.19.36][1182] SELECT par_cod_asig1,par_cod_asig2,par_cod_asig3 FROM tblaca009 WHERE pensum='5' AND c_uni_ca='2' AND c_asigna='322436' [1][0] OK
C:[02/08/2014 17:10:38.98][200.62.19.36][1312] SELECT horas_lab FROM tblaca008 WHERE c_asigna='300313' AND horas_teoricas > 0 [1][0] OK
C:[02/08/2014 17:10:38.98][200.62.19.36][1312] SELECT horas_lab FROM tblaca008 WHERE c_asigna='322436' AND horas_teoricas > 0 [1][0] OK
C:[02/08/2014 17:16:42.06][190.207.44.152][1138] SELECT pre_cod_asig1,pre_cod_asig2,pre_cod_asig3,pre_cod_asig4,pre_cod_asig5,pre_cod_asig6,pre_cod_asig7 FROM tblaca009 WHERE pensum='5' AND c_uni_ca='5' AND c_asigna='300222' [1][0] OK
C:[02/08/2014 17:16:42.06][190.207.44.152][1151] SELECT c_asigna FROM dace004 WHERE exp_e='13-25755934' AND c_asigna='300112' AND status IN ('0','3','B','C') [1][0] OK
C:[02/08/2014 17:16:42.06][190.207.44.152][1138] SELECT pre_cod_asig1,pre_cod_asig2,pre_cod_asig3,pre_cod_asig4,pre_cod_asig5,pre_cod_asig6,pre_cod_asig7 FROM tblaca009 WHERE pensum='5' AND c_uni_ca='5' AND c_asigna='300226' [1][0] OK
C:[02/08/2014 17:16:42.06][190.207.44.152][1151] SELECT c_asigna FROM dace004 WHERE exp_e='13-25755934' AND c_asigna='300116' AND status IN ('0','3','B','C') [1][0] OK
C:[02/08/2014 17:16:42.25][190.207.44.152][1182] SELECT par_cod_asig1,par_cod_asig2,par_cod_asig3 FROM tblaca009 WHERE pensum='5' AND c_uni_ca='5' AND c_asigna='300222' [1][0] OK
C:[02/08/2014 17:16:42.25][190.207.44.152][1182] SELECT par_cod_asig1,par_cod_asig2,par_cod_asig3 FROM tblaca009 WHERE pensum='5' AND c_uni_ca='5' AND c_asigna='300226' [1][0] OK
C:[02/08/2014 17:16:42.51][190.207.44.152][1312] SELECT horas_lab FROM tblaca008 WHERE c_asigna='300222' AND horas_teoricas > 0 [1][0] OK
C:[02/08/2014 17:16:42.51][190.207.44.152][1312] SELECT horas_lab FROM tblaca008 WHERE c_asigna='300226' AND horas_teoricas > 0 [1][0] OK
C:[02/08/2014 17:45:09.07][201.243.97.161][1138] SELECT pre_cod_asig1,pre_cod_asig2,pre_cod_asig3,pre_cod_asig4,pre_cod_asig5,pre_cod_asig6,pre_cod_asig7 FROM tblaca009 WHERE pensum='5' AND c_uni_ca='2' AND c_asigna='300101' [1][0] OK
C:[02/08/2014 17:45:09.07][201.243.97.161][1138] SELECT pre_cod_asig1,pre_cod_asig2,pre_cod_asig3,pre_cod_asig4,pre_cod_asig5,pre_cod_asig6,pre_cod_asig7 FROM tblaca009 WHERE pensum='5' AND c_uni_ca='2' AND c_asigna='300112' [1][0] OK
C:[02/08/2014 17:45:09.15][201.243.97.161][1182] SELECT par_cod_asig1,par_cod_asig2,par_cod_asig3 FROM tblaca009 WHERE pensum='5' AND c_uni_ca='2' AND c_asigna='300101' [1][0] OK
C:[02/08/2014 17:45:09.15][201.243.97.161][1182] SELECT par_cod_asig1,par_cod_asig2,par_cod_asig3 FROM tblaca009 WHERE pensum='5' AND c_uni_ca='2' AND c_asigna='300112' [1][0] OK
C:[02/08/2014 17:45:09.42][201.243.97.161][1312] SELECT horas_lab FROM tblaca008 WHERE c_asigna='300101' AND horas_teoricas > 0 [1][0] OK
C:[02/08/2014 17:45:09.42][201.243.97.161][1312] SELECT horas_lab FROM tblaca008 WHERE c_asigna='300112' AND horas_teoricas > 0 [1][0] OK
C:[02/08/2014 17:59:22.94][186.88.167.45][1138] SELECT pre_cod_asig1,pre_cod_asig2,pre_cod_asig3,pre_cod_asig4,pre_cod_asig5,pre_cod_asig6,pre_cod_asig7 FROM tblaca009 WHERE pensum='5' AND c_uni_ca='2' AND c_asigna='322669' [1][0] OK
C:[02/08/2014 17:59:22.94][186.88.167.45][1151] SELECT c_asigna FROM dace004 WHERE exp_e='09-01074596' AND c_asigna='322558' AND status IN ('0','3','B','C') [1][0] OK
C:[02/08/2014 17:59:22.94][186.88.167.45][1151] SELECT c_asigna FROM dace004 WHERE exp_e='09-01074596' AND c_asigna='323528' AND status IN ('0','3','B','C') [1][0] OK
C:[02/08/2014 17:59:22.94][186.88.167.45][1138] SELECT pre_cod_asig1,pre_cod_asig2,pre_cod_asig3,pre_cod_asig4,pre_cod_asig5,pre_cod_asig6,pre_cod_asig7 FROM tblaca009 WHERE pensum='5' AND c_uni_ca='2' AND c_asigna='322780' [1][0] OK
C:[02/08/2014 17:59:22.94][186.88.167.45][1151] SELECT c_asigna FROM dace004 WHERE exp_e='09-01074596' AND c_asigna='322678' AND status IN ('0','3','B','C') [1][0] OK
C:[02/08/2014 17:59:22.82][186.88.167.45][1182] SELECT par_cod_asig1,par_cod_asig2,par_cod_asig3 FROM tblaca009 WHERE pensum='5' AND c_uni_ca='2' AND c_asigna='322669' [1][0] OK
C:[02/08/2014 17:59:22.82][186.88.167.45][1182] SELECT par_cod_asig1,par_cod_asig2,par_cod_asig3 FROM tblaca009 WHERE pensum='5' AND c_uni_ca='2' AND c_asigna='322780' [1][0] OK
C:[02/08/2014 17:59:22.08][186.88.167.45][1312] SELECT horas_lab FROM tblaca008 WHERE c_asigna='322669' AND horas_teoricas > 0 [1][0] OK
C:[02/08/2014 17:59:22.08][186.88.167.45][1312] SELECT horas_lab FROM tblaca008 WHERE c_asigna='322780' AND horas_teoricas > 0 [1][0] OK
C:[02/08/2014 18:03:44.14][186.167.243.218][1138] SELECT pre_cod_asig1,pre_cod_asig2,pre_cod_asig3,pre_cod_asig4,pre_cod_asig5,pre_cod_asig6,pre_cod_asig7 FROM tblaca009 WHERE pensum='5' AND c_uni_ca='4' AND c_asigna='333830' [1][0] OK
C:[02/08/2014 18:03:44.14][186.167.243.218][1151] SELECT c_asigna FROM dace004 WHERE exp_e='09-20887593' AND c_asigna='333710' AND status IN ('0','3','B','C') [1][0] OK
C:[02/08/2014 18:03:44.14][186.167.243.218][1151] SELECT c_asigna FROM dace004 WHERE exp_e='09-20887593' AND c_asigna='333782' AND status IN ('0','3','B','C') [1][0] OK
C:[02/08/2014 18:03:44.14][186.167.243.218][1138] SELECT pre_cod_asig1,pre_cod_asig2,pre_cod_asig3,pre_cod_asig4,pre_cod_asig5,pre_cod_asig6,pre_cod_asig7 FROM tblaca009 WHERE pensum='5' AND c_uni_ca='4' AND c_asigna='300956' [1][0] OK
C:[02/08/2014 18:03:44.14][186.167.243.218][1151] SELECT c_asigna FROM dace004 WHERE exp_e='09-20887593' AND c_asigna='300422' AND status IN ('0','3','B','C') [1][0] OK
C:[02/08/2014 18:03:44.14][186.167.243.218][1151] SELECT c_asigna FROM dace004 WHERE exp_e='09-20887593' AND c_asigna='300105' AND status IN ('0','3','B','C') [1][0] OK
C:[02/08/2014 18:03:44.14][186.167.243.218][1151] SELECT c_asigna FROM dace004 WHERE exp_e='09-20887593' AND c_asigna='300314' AND status IN ('0','3','B','C') [1][0] OK
C:[02/08/2014 18:03:44.70][186.167.243.218][1182] SELECT par_cod_asig1,par_cod_asig2,par_cod_asig3 FROM tblaca009 WHERE pensum='5' AND c_uni_ca='4' AND c_asigna='333830' [1][0] OK
C:[02/08/2014 18:03:44.70][186.167.243.218][1182] SELECT par_cod_asig1,par_cod_asig2,par_cod_asig3 FROM tblaca009 WHERE pensum='5' AND c_uni_ca='4' AND c_asigna='300956' [1][0] OK
C:[02/08/2014 18:03:44.97][186.167.243.218][1312] SELECT horas_lab FROM tblaca008 WHERE c_asigna='333830' AND horas_teoricas > 0 [1][0] OK
C:[02/08/2014 18:03:44.97][186.167.243.218][1312] SELECT horas_lab FROM tblaca008 WHERE c_asigna='300956' AND horas_teoricas > 0 [1][0] OK
C:[02/08/2014 18:06:43.32][190.200.23.236][1138] SELECT pre_cod_asig1,pre_cod_asig2,pre_cod_asig3,pre_cod_asig4,pre_cod_asig5,pre_cod_asig6,pre_cod_asig7 FROM tblaca009 WHERE pensum='5' AND c_uni_ca='3' AND c_asigna='300101' [1][0] OK
C:[02/08/2014 18:06:43.69][190.200.23.236][1182] SELECT par_cod_asig1,par_cod_asig2,par_cod_asig3 FROM tblaca009 WHERE pensum='5' AND c_uni_ca='3' AND c_asigna='300101' [1][0] OK
C:[02/08/2014 18:06:43.82][190.200.23.236][1312] SELECT horas_lab FROM tblaca008 WHERE c_asigna='300101' AND horas_teoricas > 0 [1][0] OK
C:[02/08/2014 18:18:18.77][186.90.214.203][1138] SELECT pre_cod_asig1,pre_cod_asig2,pre_cod_asig3,pre_cod_asig4,pre_cod_asig5,pre_cod_asig6,pre_cod_asig7 FROM tblaca009 WHERE pensum='5' AND c_uni_ca='6' AND c_asigna='344715' [1][0] OK
C:[02/08/2014 18:18:18.77][186.90.214.203][1151] SELECT c_asigna FROM dace004 WHERE exp_e='10-24964455' AND c_asigna='344688' AND status IN ('0','3','B','C') [1][0] OK
C:[02/08/2014 18:18:18.77][186.90.214.203][1151] SELECT c_asigna FROM dace004 WHERE exp_e='10-24964455' AND c_asigna='344613' AND status IN ('0','3','B','C') [1][0] OK
C:[02/08/2014 18:18:18.77][186.90.214.203][1138] SELECT pre_cod_asig1,pre_cod_asig2,pre_cod_asig3,pre_cod_asig4,pre_cod_asig5,pre_cod_asig6,pre_cod_asig7 FROM tblaca009 WHERE pensum='5' AND c_uni_ca='6' AND c_asigna='344742' [1][0] OK
C:[02/08/2014 18:18:18.77][186.90.214.203][1151] SELECT c_asigna FROM dace004 WHERE exp_e='10-24964455' AND c_asigna='344688' AND status IN ('0','3','B','C') [1][0] OK
C:[02/08/2014 18:18:18.77][186.90.214.203][1151] SELECT c_asigna FROM dace004 WHERE exp_e='10-24964455' AND c_asigna='342679' AND status IN ('0','3','B','C') [1][0] OK
C:[02/08/2014 18:18:18.21][186.90.214.203][1182] SELECT par_cod_asig1,par_cod_asig2,par_cod_asig3 FROM tblaca009 WHERE pensum='5' AND c_uni_ca='6' AND c_asigna='344715' [1][0] OK
C:[02/08/2014 18:18:18.21][186.90.214.203][1182] SELECT par_cod_asig1,par_cod_asig2,par_cod_asig3 FROM tblaca009 WHERE pensum='5' AND c_uni_ca='6' AND c_asigna='344742' [1][0] OK
C:[02/08/2014 18:18:18.47][186.90.214.203][1312] SELECT horas_lab FROM tblaca008 WHERE c_asigna='344715' AND horas_teoricas > 0 [1][0] OK
C:[02/08/2014 18:18:18.47][186.90.214.203][1312] SELECT horas_lab FROM tblaca008 WHERE c_asigna='344742' AND horas_teoricas > 0 [1][0] OK
C:[02/08/2014 18:20:18.97][190.79.4.209][1138] SELECT pre_cod_asig1,pre_cod_asig2,pre_cod_asig3,pre_cod_asig4,pre_cod_asig5,pre_cod_asig6,pre_cod_asig7 FROM tblaca009 WHERE pensum='5' AND c_uni_ca='2' AND c_asigna='322936' [1][0] OK
C:[02/08/2014 18:20:18.97][190.79.4.209][1151] SELECT c_asigna FROM dace004 WHERE exp_e='08-20549389' AND c_asigna='322801' AND status IN ('0','3','B','C') [1][0] OK
C:[02/08/2014 18:20:18.97][190.79.4.209][1138] SELECT pre_cod_asig1,pre_cod_asig2,pre_cod_asig3,pre_cod_asig4,pre_cod_asig5,pre_cod_asig6,pre_cod_asig7 FROM tblaca009 WHERE pensum='5' AND c_uni_ca='2' AND c_asigna='322904' [1][0] OK
C:[02/08/2014 18:20:18.97][190.79.4.209][1151] SELECT c_asigna FROM dace004 WHERE exp_e='08-20549389' AND c_asigna='322782' AND status IN ('0','3','B','C') [1][0] OK
C:[02/08/2014 18:20:18.97][190.79.4.209][1151] SELECT c_asigna FROM dace004 WHERE exp_e='08-20549389' AND c_asigna='322801' AND status IN ('0','3','B','C') [1][0] OK
C:[02/08/2014 18:20:18.97][190.79.4.209][1138] SELECT pre_cod_asig1,pre_cod_asig2,pre_cod_asig3,pre_cod_asig4,pre_cod_asig5,pre_cod_asig6,pre_cod_asig7 FROM tblaca009 WHERE pensum='5' AND c_uni_ca='2' AND c_asigna='322041' [1][0] OK
C:[02/08/2014 18:20:19.97][190.79.4.209][1182] SELECT par_cod_asig1,par_cod_asig2,par_cod_asig3 FROM tblaca009 WHERE pensum='5' AND c_uni_ca='2' AND c_asigna='322936' [1][0] OK
C:[02/08/2014 18:20:19.97][190.79.4.209][1182] SELECT par_cod_asig1,par_cod_asig2,par_cod_asig3 FROM tblaca009 WHERE pensum='5' AND c_uni_ca='2' AND c_asigna='322904' [1][0] OK
C:[02/08/2014 18:20:19.97][190.79.4.209][1182] SELECT par_cod_asig1,par_cod_asig2,par_cod_asig3 FROM tblaca009 WHERE pensum='5' AND c_uni_ca='2' AND c_asigna='322041' [1][0] OK
C:[02/08/2014 18:20:19.36][190.79.4.209][1312] SELECT horas_lab FROM tblaca008 WHERE c_asigna='322936' AND horas_teoricas > 0 [1][0] OK
C:[02/08/2014 18:20:19.36][190.79.4.209][1312] SELECT horas_lab FROM tblaca008 WHERE c_asigna='322904' AND horas_teoricas > 0 [1][0] OK
C:[02/08/2014 18:20:19.36][190.79.4.209][1312] SELECT horas_lab FROM tblaca008 WHERE c_asigna='322041' AND horas_teoricas > 0 [1][0] OK
C:[02/08/2014 18:46:27.57][190.201.170.184][1138] SELECT pre_cod_asig1,pre_cod_asig2,pre_cod_asig3,pre_cod_asig4,pre_cod_asig5,pre_cod_asig6,pre_cod_asig7 FROM tblaca009 WHERE pensum='5' AND c_uni_ca='6' AND c_asigna='344812' [1][0] OK
C:[02/08/2014 18:46:27.57][190.201.170.184][1151] SELECT c_asigna FROM dace004 WHERE exp_e='10-20975304' AND c_asigna='344715' AND status IN ('0','3','B','C') [1][0] OK
C:[02/08/2014 18:46:27.57][190.201.170.184][1151] SELECT c_asigna FROM dace004 WHERE exp_e='10-20975304' AND c_asigna='344742' AND status IN ('0','3','B','C') [1][0] OK
C:[02/08/2014 18:46:27.57][190.201.170.184][1138] SELECT pre_cod_asig1,pre_cod_asig2,pre_cod_asig3,pre_cod_asig4,pre_cod_asig5,pre_cod_asig6,pre_cod_asig7 FROM tblaca009 WHERE pensum='5' AND c_uni_ca='6' AND c_asigna='344834' [1][0] OK
C:[02/08/2014 18:46:27.57][190.201.170.184][1151] SELECT c_asigna FROM dace004 WHERE exp_e='10-20975304' AND c_asigna='344715' AND status IN ('0','3','B','C') [1][0] OK
C:[02/08/2014 18:46:27.57][190.201.170.184][1151] SELECT c_asigna FROM dace004 WHERE exp_e='10-20975304' AND c_asigna='344716' AND status IN ('0','3','B','C') [1][0] OK
C:[02/08/2014 18:46:27.57][190.201.170.184][1138] SELECT pre_cod_asig1,pre_cod_asig2,pre_cod_asig3,pre_cod_asig4,pre_cod_asig5,pre_cod_asig6,pre_cod_asig7 FROM tblaca009 WHERE pensum='5' AND c_uni_ca='6' AND c_asigna='344843' [1][0] OK
C:[02/08/2014 18:46:27.57][190.201.170.184][1151] SELECT c_asigna FROM dace004 WHERE exp_e='10-20975304' AND c_asigna='344714' AND status IN ('0','3','B','C') [1][0] OK
C:[02/08/2014 18:46:27.57][190.201.170.184][1151] SELECT c_asigna FROM dace004 WHERE exp_e='10-20975304' AND c_asigna='344715' AND status IN ('0','3','B','C') [1][0] OK
C:[02/08/2014 18:46:27.57][190.201.170.184][1151] SELECT c_asigna FROM dace004 WHERE exp_e='10-20975304' AND c_asigna='300313' AND status IN ('0','3','B','C') [1][0] OK
C:[02/08/2014 18:46:27.07][190.201.170.184][1182] SELECT par_cod_asig1,par_cod_asig2,par_cod_asig3 FROM tblaca009 WHERE pensum='5' AND c_uni_ca='6' AND c_asigna='344812' [1][0] OK
C:[02/08/2014 18:46:27.07][190.201.170.184][1182] SELECT par_cod_asig1,par_cod_asig2,par_cod_asig3 FROM tblaca009 WHERE pensum='5' AND c_uni_ca='6' AND c_asigna='344834' [1][0] OK
C:[02/08/2014 18:46:27.07][190.201.170.184][1182] SELECT par_cod_asig1,par_cod_asig2,par_cod_asig3 FROM tblaca009 WHERE pensum='5' AND c_uni_ca='6' AND c_asigna='344843' [1][0] OK
C:[02/08/2014 18:46:28.46][190.201.170.184][1312] SELECT horas_lab FROM tblaca008 WHERE c_asigna='344812' AND horas_teoricas > 0 [1][0] OK
C:[02/08/2014 18:46:28.46][190.201.170.184][1312] SELECT horas_lab FROM tblaca008 WHERE c_asigna='344834' AND horas_teoricas > 0 [1][0] OK
C:[02/08/2014 18:46:28.46][190.201.170.184][1312] SELECT horas_lab FROM tblaca008 WHERE c_asigna='344843' AND horas_teoricas > 0 [1][0] OK
C:[02/08/2014 19:01:32.29][190.73.153.229][1138] SELECT pre_cod_asig1,pre_cod_asig2,pre_cod_asig3,pre_cod_asig4,pre_cod_asig5,pre_cod_asig6,pre_cod_asig7 FROM tblaca009 WHERE pensum='5' AND c_uni_ca='5' AND c_asigna='300101' [1][0] OK
C:[02/08/2014 19:01:32.29][190.73.153.229][1138] SELECT pre_cod_asig1,pre_cod_asig2,pre_cod_asig3,pre_cod_asig4,pre_cod_asig5,pre_cod_asig6,pre_cod_asig7 FROM tblaca009 WHERE pensum='5' AND c_uni_ca='5' AND c_asigna='300112' [1][0] OK
C:[02/08/2014 19:01:33.79][190.73.153.229][1182] SELECT par_cod_asig1,par_cod_asig2,par_cod_asig3 FROM tblaca009 WHERE pensum='5' AND c_uni_ca='5' AND c_asigna='300101' [1][0] OK
C:[02/08/2014 19:01:33.79][190.73.153.229][1182] SELECT par_cod_asig1,par_cod_asig2,par_cod_asig3 FROM tblaca009 WHERE pensum='5' AND c_uni_ca='5' AND c_asigna='300112' [1][0] OK
C:[02/08/2014 19:01:33.05][190.73.153.229][1312] SELECT horas_lab FROM tblaca008 WHERE c_asigna='300101' AND horas_teoricas > 0 [1][0] OK
C:[02/08/2014 19:01:33.05][190.73.153.229][1312] SELECT horas_lab FROM tblaca008 WHERE c_asigna='300112' AND horas_teoricas > 0 [1][0] OK
C:[02/08/2014 19:26:06.27][190.37.48.195][1138] SELECT pre_cod_asig1,pre_cod_asig2,pre_cod_asig3,pre_cod_asig4,pre_cod_asig5,pre_cod_asig6,pre_cod_asig7 FROM tblaca009 WHERE pensum='5' AND c_uni_ca='3' AND c_asigna='300207' [1][0] OK
C:[02/08/2014 19:26:06.27][190.37.48.195][1151] SELECT c_asigna FROM dace004 WHERE exp_e='13-26125867' AND c_asigna='300101' AND status IN ('0','3','B','C') [1][0] OK
C:[02/08/2014 19:26:06.27][190.37.48.195][1138] SELECT pre_cod_asig1,pre_cod_asig2,pre_cod_asig3,pre_cod_asig4,pre_cod_asig5,pre_cod_asig6,pre_cod_asig7 FROM tblaca009 WHERE pensum='5' AND c_uni_ca='3' AND c_asigna='300209' [1][0] OK
C:[02/08/2014 19:26:06.27][190.37.48.195][1151] SELECT c_asigna FROM dace004 WHERE exp_e='13-26125867' AND c_asigna='300101' AND status IN ('0','3','B','C') [1][0] OK
C:[02/08/2014 19:26:06.02][190.37.48.195][1182] SELECT par_cod_asig1,par_cod_asig2,par_cod_asig3 FROM tblaca009 WHERE pensum='5' AND c_uni_ca='3' AND c_asigna='300207' [1][0] OK
C:[02/08/2014 19:26:06.02][190.37.48.195][1182] SELECT par_cod_asig1,par_cod_asig2,par_cod_asig3 FROM tblaca009 WHERE pensum='5' AND c_uni_ca='3' AND c_asigna='300209' [1][0] OK
C:[02/08/2014 19:26:06.28][190.37.48.195][1312] SELECT horas_lab FROM tblaca008 WHERE c_asigna='300207' AND horas_teoricas > 0 [1][0] OK
C:[02/08/2014 19:26:06.28][190.37.48.195][1312] SELECT horas_lab FROM tblaca008 WHERE c_asigna='300209' AND horas_teoricas > 0 [1][0] OK
C:[02/08/2014 19:28:26.13][186.89.229.240][1138] SELECT pre_cod_asig1,pre_cod_asig2,pre_cod_asig3,pre_cod_asig4,pre_cod_asig5,pre_cod_asig6,pre_cod_asig7 FROM tblaca009 WHERE pensum='5' AND c_uni_ca='2' AND c_asigna='322605' [1][0] OK
C:[02/08/2014 19:28:26.13][186.89.229.240][1151] SELECT c_asigna FROM dace004 WHERE exp_e='11-24847528' AND c_asigna='322436' AND status IN ('0','3','B','C') [1][0] OK
C:[02/08/2014 19:28:26.13][186.89.229.240][1138] SELECT pre_cod_asig1,pre_cod_asig2,pre_cod_asig3,pre_cod_asig4,pre_cod_asig5,pre_cod_asig6,pre_cod_asig7 FROM tblaca009 WHERE pensum='5' AND c_uni_ca='2' AND c_asigna='322780' [1][0] OK
C:[02/08/2014 19:28:26.13][186.89.229.240][1151] SELECT c_asigna FROM dace004 WHERE exp_e='11-24847528' AND c_asigna='322678' AND status IN ('0','3','B','C') [1][0] OK
C:[02/08/2014 19:28:26.13][186.89.229.240][1138] SELECT pre_cod_asig1,pre_cod_asig2,pre_cod_asig3,pre_cod_asig4,pre_cod_asig5,pre_cod_asig6,pre_cod_asig7 FROM tblaca009 WHERE pensum='5' AND c_uni_ca='2' AND c_asigna='322782' [1][0] OK
C:[02/08/2014 19:28:26.13][186.89.229.240][1151] SELECT c_asigna FROM dace004 WHERE exp_e='11-24847528' AND c_asigna='322669' AND status IN ('0','3','B','C') [1][0] OK
C:[02/08/2014 19:28:26.13][186.89.229.240][1151] SELECT c_asigna FROM dace004 WHERE exp_e='11-24847528' AND c_asigna='322550' AND status IN ('0','3','B','C') [1][0] OK
C:[02/08/2014 19:28:26.27][186.89.229.240][1182] SELECT par_cod_asig1,par_cod_asig2,par_cod_asig3 FROM tblaca009 WHERE pensum='5' AND c_uni_ca='2' AND c_asigna='322605' [1][0] OK
C:[02/08/2014 19:28:26.27][186.89.229.240][1182] SELECT par_cod_asig1,par_cod_asig2,par_cod_asig3 FROM tblaca009 WHERE pensum='5' AND c_uni_ca='2' AND c_asigna='322780' [1][0] OK
C:[02/08/2014 19:28:26.27][186.89.229.240][1182] SELECT par_cod_asig1,par_cod_asig2,par_cod_asig3 FROM tblaca009 WHERE pensum='5' AND c_uni_ca='2' AND c_asigna='322782' [1][0] OK
C:[02/08/2014 19:28:26.64][186.89.229.240][1312] SELECT horas_lab FROM tblaca008 WHERE c_asigna='322605' AND horas_teoricas > 0 [1][0] OK
C:[02/08/2014 19:28:26.64][186.89.229.240][1312] SELECT horas_lab FROM tblaca008 WHERE c_asigna='322780' AND horas_teoricas > 0 [1][0] OK
C:[02/08/2014 19:28:26.64][186.89.229.240][1312] SELECT horas_lab FROM tblaca008 WHERE c_asigna='322782' AND horas_teoricas > 0 [1][0] OK
C:[02/08/2014 19:33:35.12][190.37.48.195][1138] SELECT pre_cod_asig1,pre_cod_asig2,pre_cod_asig3,pre_cod_asig4,pre_cod_asig5,pre_cod_asig6,pre_cod_asig7 FROM tblaca009 WHERE pensum='5' AND c_uni_ca='6' AND c_asigna='300207' [1][0] OK
C:[02/08/2014 19:33:35.12][190.37.48.195][1151] SELECT c_asigna FROM dace004 WHERE exp_e='13-24890806' AND c_asigna='300101' AND status IN ('0','3','B','C') [1][0] OK
C:[02/08/2014 19:33:35.12][190.37.48.195][1138] SELECT pre_cod_asig1,pre_cod_asig2,pre_cod_asig3,pre_cod_asig4,pre_cod_asig5,pre_cod_asig6,pre_cod_asig7 FROM tblaca009 WHERE pensum='5' AND c_uni_ca='6' AND c_asigna='300209' [1][0] OK
C:[02/08/2014 19:33:35.12][190.37.48.195][1151] SELECT c_asigna FROM dace004 WHERE exp_e='13-24890806' AND c_asigna='300101' AND status IN ('0','3','B','C') [1][0] OK
C:[02/08/2014 19:33:35.87][190.37.48.195][1182] SELECT par_cod_asig1,par_cod_asig2,par_cod_asig3 FROM tblaca009 WHERE pensum='5' AND c_uni_ca='6' AND c_asigna='300207' [1][0] OK
C:[02/08/2014 19:33:35.87][190.37.48.195][1182] SELECT par_cod_asig1,par_cod_asig2,par_cod_asig3 FROM tblaca009 WHERE pensum='5' AND c_uni_ca='6' AND c_asigna='300209' [1][0] OK
C:[02/08/2014 19:33:35.13][190.37.48.195][1312] SELECT horas_lab FROM tblaca008 WHERE c_asigna='300207' AND horas_teoricas > 0 [1][0] OK
C:[02/08/2014 19:33:35.13][190.37.48.195][1312] SELECT horas_lab FROM tblaca008 WHERE c_asigna='300209' AND horas_teoricas > 0 [1][0] OK
C:[02/08/2014 19:50:40.54][186.167.242.220][1138] SELECT pre_cod_asig1,pre_cod_asig2,pre_cod_asig3,pre_cod_asig4,pre_cod_asig5,pre_cod_asig6,pre_cod_asig7 FROM tblaca009 WHERE pensum='5' AND c_uni_ca='6' AND c_asigna='342444' [1][0] OK
C:[02/08/2014 19:50:40.54][186.167.242.220][1151] SELECT c_asigna FROM dace004 WHERE exp_e='05-17998268' AND c_asigna='340323' AND status IN ('0','3','B','C') [1][0] OK
C:[02/08/2014 19:50:40.04][186.167.242.220][1182] SELECT par_cod_asig1,par_cod_asig2,par_cod_asig3 FROM tblaca009 WHERE pensum='5' AND c_uni_ca='6' AND c_asigna='342444' [1][0] OK
C:[02/08/2014 19:50:40.17][186.167.242.220][1312] SELECT horas_lab FROM tblaca008 WHERE c_asigna='342444' AND horas_teoricas > 0 [1][0] OK
C:[02/08/2014 19:51:42.50][190.198.130.145][1138] SELECT pre_cod_asig1,pre_cod_asig2,pre_cod_asig3,pre_cod_asig4,pre_cod_asig5,pre_cod_asig6,pre_cod_asig7 FROM tblaca009 WHERE pensum='5' AND c_uni_ca='3' AND c_asigna='311434' [1][0] OK
C:[02/08/2014 19:51:42.50][190.198.130.145][1151] SELECT c_asigna FROM dace004 WHERE exp_e='11-25086811' AND c_asigna='300222' AND status IN ('0','3','B','C') [1][0] OK
C:[02/08/2014 19:51:42.50][190.198.130.145][1151] SELECT c_asigna FROM dace004 WHERE exp_e='11-25086811' AND c_asigna='300226' AND status IN ('0','3','B','C') [1][0] OK
C:[02/08/2014 19:51:42.50][190.198.130.145][1151] SELECT c_asigna FROM dace004 WHERE exp_e='11-25086811' AND c_asigna='300209' AND status IN ('0','3','B','C') [1][0] OK
C:[02/08/2014 19:51:42.50][190.198.130.145][1138] SELECT pre_cod_asig1,pre_cod_asig2,pre_cod_asig3,pre_cod_asig4,pre_cod_asig5,pre_cod_asig6,pre_cod_asig7 FROM tblaca009 WHERE pensum='5' AND c_uni_ca='3' AND c_asigna='311431' [1][0] OK
C:[02/08/2014 19:51:42.50][190.198.130.145][1151] SELECT c_asigna FROM dace004 WHERE exp_e='11-25086811' AND c_asigna='311320' AND status IN ('0','3','B','C') [1][0] OK
C:[02/08/2014 19:51:42.50][190.198.130.145][1151] SELECT c_asigna FROM dace004 WHERE exp_e='11-25086811' AND c_asigna='300013' AND status IN ('0','3','B','C') [1][0] OK
C:[02/08/2014 19:51:42.50][190.198.130.145][1151] SELECT c_asigna FROM dace004 WHERE exp_e='11-25086811' AND c_asigna='300113' AND status IN ('0','3','B','C') [1][0] OK
C:[02/08/2014 19:51:42.50][190.198.130.145][1151] SELECT c_asigna FROM dace004 WHERE exp_e='11-25086811' AND c_asigna='300222' AND status IN ('0','3','B','C') [1][0] OK
C:[02/08/2014 19:51:42.50][190.198.130.145][1151] SELECT c_asigna FROM dace004 WHERE exp_e='11-25086811' AND c_asigna='300226' AND status IN ('0','3','B','C') [1][0] OK
C:[02/08/2014 19:51:42.50][190.198.130.145][1151] SELECT c_asigna FROM dace004 WHERE exp_e='11-25086811' AND c_asigna='300209' AND status IN ('0','3','B','C') [1][0] OK
C:[02/08/2014 19:51:42.50][190.198.130.145][1138] SELECT pre_cod_asig1,pre_cod_asig2,pre_cod_asig3,pre_cod_asig4,pre_cod_asig5,pre_cod_asig6,pre_cod_asig7 FROM tblaca009 WHERE pensum='5' AND c_uni_ca='3' AND c_asigna='310548' [1][0] OK
C:[02/08/2014 19:51:42.50][190.198.130.145][1151] SELECT c_asigna FROM dace004 WHERE exp_e='11-25086811' AND c_asigna='300428' AND status IN ('0','3','B','C') [1][0] OK
C:[02/08/2014 19:51:42.50][190.198.130.145][1151] SELECT c_asigna FROM dace004 WHERE exp_e='11-25086811' AND c_asigna='300313' AND status IN ('0','3','B','C') [1][0] OK
C:[02/08/2014 19:51:42.50][190.198.130.145][1151] SELECT c_asigna FROM dace004 WHERE exp_e='11-25086811' AND c_asigna='300222' AND status IN ('0','3','B','C') [1][0] OK
C:[02/08/2014 19:51:42.50][190.198.130.145][1151] SELECT c_asigna FROM dace004 WHERE exp_e='11-25086811' AND c_asigna='300226' AND status IN ('0','3','B','C') [1][0] OK
C:[02/08/2014 19:51:42.50][190.198.130.145][1151] SELECT c_asigna FROM dace004 WHERE exp_e='11-25086811' AND c_asigna='300209' AND status IN ('0','3','B','C') [1][0] OK
C:[02/08/2014 19:51:43.88][190.198.130.145][1182] SELECT par_cod_asig1,par_cod_asig2,par_cod_asig3 FROM tblaca009 WHERE pensum='5' AND c_uni_ca='3' AND c_asigna='311434' [1][0] OK
C:[02/08/2014 19:51:43.88][190.198.130.145][1196] SELECT c_asigna FROM dace004 WHERE exp_e='11-25086811' AND c_asigna='311431' AND status IN ('0','3','B','C') [0][0] OK
C:[02/08/2014 19:51:43.88][190.198.130.145][1182] SELECT par_cod_asig1,par_cod_asig2,par_cod_asig3 FROM tblaca009 WHERE pensum='5' AND c_uni_ca='3' AND c_asigna='311431' [1][0] OK
C:[02/08/2014 19:51:43.88][190.198.130.145][1196] SELECT c_asigna FROM dace004 WHERE exp_e='11-25086811' AND c_asigna='311430' AND status IN ('0','3','B','C') [1][0] OK
C:[02/08/2014 19:51:43.88][190.198.130.145][1182] SELECT par_cod_asig1,par_cod_asig2,par_cod_asig3 FROM tblaca009 WHERE pensum='5' AND c_uni_ca='3' AND c_asigna='310548' [1][0] OK
C:[02/08/2014 19:51:43.52][190.198.130.145][1312] SELECT horas_lab FROM tblaca008 WHERE c_asigna='311434' AND horas_teoricas > 0 [0][0] OK
C:[02/08/2014 19:51:43.52][190.198.130.145][1312] SELECT horas_lab FROM tblaca008 WHERE c_asigna='311431' AND horas_teoricas > 0 [1][0] OK
C:[02/08/2014 19:51:43.52][190.198.130.145][1312] SELECT horas_lab FROM tblaca008 WHERE c_asigna='310548' AND horas_teoricas > 0 [1][0] OK
C:[02/08/2014 19:51:45.35][190.200.10.76][1138] SELECT pre_cod_asig1,pre_cod_asig2,pre_cod_asig3,pre_cod_asig4,pre_cod_asig5,pre_cod_asig6,pre_cod_asig7 FROM tblaca009 WHERE pensum='5' AND c_uni_ca='3' AND c_asigna='300101' [1][0] OK
C:[02/08/2014 19:51:45.48][190.200.10.76][1182] SELECT par_cod_asig1,par_cod_asig2,par_cod_asig3 FROM tblaca009 WHERE pensum='5' AND c_uni_ca='3' AND c_asigna='300101' [1][0] OK
C:[02/08/2014 19:51:45.61][190.200.10.76][1312] SELECT horas_lab FROM tblaca008 WHERE c_asigna='300101' AND horas_teoricas > 0 [1][0] OK
C:[02/08/2014 19:55:33.60][190.39.0.237][1138] SELECT pre_cod_asig1,pre_cod_asig2,pre_cod_asig3,pre_cod_asig4,pre_cod_asig5,pre_cod_asig6,pre_cod_asig7 FROM tblaca009 WHERE pensum='5' AND c_uni_ca='3' AND c_asigna='300313' [1][0] OK
C:[02/08/2014 19:55:33.60][190.39.0.237][1151] SELECT c_asigna FROM dace004 WHERE exp_e='12-24522873' AND c_asigna='300213' AND status IN ('0','3','B','C') [1][0] OK
C:[02/08/2014 19:55:33.60][190.39.0.237][1151] SELECT c_asigna FROM dace004 WHERE exp_e='12-24522873' AND c_asigna='300226' AND status IN ('0','3','B','C') [1][0] OK
C:[02/08/2014 19:55:33.60][190.39.0.237][1151] SELECT c_asigna FROM dace004 WHERE exp_e='12-24522873' AND c_asigna='300222' AND status IN ('0','3','B','C') [1][0] OK
C:[02/08/2014 19:55:33.60][190.39.0.237][1151] SELECT c_asigna FROM dace004 WHERE exp_e='12-24522873' AND c_asigna='300209' AND status IN ('0','3','B','C') [1][0] OK
C:[02/08/2014 19:55:33.60][190.39.0.237][1138] SELECT pre_cod_asig1,pre_cod_asig2,pre_cod_asig3,pre_cod_asig4,pre_cod_asig5,pre_cod_asig6,pre_cod_asig7 FROM tblaca009 WHERE pensum='5' AND c_uni_ca='3' AND c_asigna='300317' [1][0] OK
C:[02/08/2014 19:55:33.60][190.39.0.237][1151] SELECT c_asigna FROM dace004 WHERE exp_e='12-24522873' AND c_asigna='300207' AND status IN ('0','3','B','C') [1][0] OK
C:[02/08/2014 19:55:33.60][190.39.0.237][1151] SELECT c_asigna FROM dace004 WHERE exp_e='12-24522873' AND c_asigna='300209' AND status IN ('0','3','B','C') [1][0] OK
C:[02/08/2014 19:55:33.60][190.39.0.237][1138] SELECT pre_cod_asig1,pre_cod_asig2,pre_cod_asig3,pre_cod_asig4,pre_cod_asig5,pre_cod_asig6,pre_cod_asig7 FROM tblaca009 WHERE pensum='5' AND c_uni_ca='3' AND c_asigna='300318' [1][0] OK
C:[02/08/2014 19:55:33.60][190.39.0.237][1151] SELECT c_asigna FROM dace004 WHERE exp_e='12-24522873' AND c_asigna='300228' AND status IN ('0','3','B','C') [1][0] OK
C:[02/08/2014 19:55:33.60][190.39.0.237][1151] SELECT c_asigna FROM dace004 WHERE exp_e='12-24522873' AND c_asigna='300207' AND status IN ('0','3','B','C') [1][0] OK
C:[02/08/2014 19:55:33.60][190.39.0.237][1151] SELECT c_asigna FROM dace004 WHERE exp_e='12-24522873' AND c_asigna='300218' AND status IN ('0','3','B','C') [1][0] OK
C:[02/08/2014 19:55:33.35][190.39.0.237][1182] SELECT par_cod_asig1,par_cod_asig2,par_cod_asig3 FROM tblaca009 WHERE pensum='5' AND c_uni_ca='3' AND c_asigna='300313' [1][0] OK
C:[02/08/2014 19:55:33.35][190.39.0.237][1182] SELECT par_cod_asig1,par_cod_asig2,par_cod_asig3 FROM tblaca009 WHERE pensum='5' AND c_uni_ca='3' AND c_asigna='300317' [1][0] OK
C:[02/08/2014 19:55:33.35][190.39.0.237][1182] SELECT par_cod_asig1,par_cod_asig2,par_cod_asig3 FROM tblaca009 WHERE pensum='5' AND c_uni_ca='3' AND c_asigna='300318' [1][0] OK
C:[02/08/2014 19:55:34.74][190.39.0.237][1312] SELECT horas_lab FROM tblaca008 WHERE c_asigna='300313' AND horas_teoricas > 0 [1][0] OK
C:[02/08/2014 19:55:34.74][190.39.0.237][1312] SELECT horas_lab FROM tblaca008 WHERE c_asigna='300317' AND horas_teoricas > 0 [1][0] OK
C:[02/08/2014 19:55:34.74][190.39.0.237][1312] SELECT horas_lab FROM tblaca008 WHERE c_asigna='300318' AND horas_teoricas > 0 [1][0] OK
C:[02/08/2014 20:46:56.62][74.82.64.161][1138] SELECT pre_cod_asig1,pre_cod_asig2,pre_cod_asig3,pre_cod_asig4,pre_cod_asig5,pre_cod_asig6,pre_cod_asig7 FROM tblaca009 WHERE pensum='5' AND c_uni_ca='2' AND c_asigna='322550' [1][0] OK
C:[02/08/2014 20:46:56.62][74.82.64.161][1151] SELECT c_asigna FROM dace004 WHERE exp_e='10-21338404' AND c_asigna='322433' AND status IN ('0','3','B','C') [1][0] OK
C:[02/08/2014 20:46:56.62][74.82.64.161][1138] SELECT pre_cod_asig1,pre_cod_asig2,pre_cod_asig3,pre_cod_asig4,pre_cod_asig5,pre_cod_asig6,pre_cod_asig7 FROM tblaca009 WHERE pensum='5' AND c_uni_ca='2' AND c_asigna='322558' [1][0] OK
C:[02/08/2014 20:46:56.62][74.82.64.161][1151] SELECT c_asigna FROM dace004 WHERE exp_e='10-21338404' AND c_asigna='300428' AND status IN ('0','3','B','C') [1][0] OK
C:[02/08/2014 20:46:56.62][74.82.64.161][1151] SELECT c_asigna FROM dace004 WHERE exp_e='10-21338404' AND c_asigna='320323' AND status IN ('0','3','B','C') [1][0] OK
C:[02/08/2014 20:46:56.62][74.82.64.161][1138] SELECT pre_cod_asig1,pre_cod_asig2,pre_cod_asig3,pre_cod_asig4,pre_cod_asig5,pre_cod_asig6,pre_cod_asig7 FROM tblaca009 WHERE pensum='5' AND c_uni_ca='2' AND c_asigna='322559' [1][0] OK
C:[02/08/2014 20:46:56.62][74.82.64.161][1151] SELECT c_asigna FROM dace004 WHERE exp_e='10-21338404' AND c_asigna='300428' AND status IN ('0','3','B','C') [1][0] OK
C:[02/08/2014 20:46:56.62][74.82.64.161][1151] SELECT c_asigna FROM dace004 WHERE exp_e='10-21338404' AND c_asigna='322436' AND status IN ('0','3','B','C') [1][0] OK
C:[02/08/2014 20:46:56.87][74.82.64.161][1182] SELECT par_cod_asig1,par_cod_asig2,par_cod_asig3 FROM tblaca009 WHERE pensum='5' AND c_uni_ca='2' AND c_asigna='322550' [1][0] OK
C:[02/08/2014 20:46:56.87][74.82.64.161][1182] SELECT par_cod_asig1,par_cod_asig2,par_cod_asig3 FROM tblaca009 WHERE pensum='5' AND c_uni_ca='2' AND c_asigna='322558' [1][0] OK
C:[02/08/2014 20:46:56.87][74.82.64.161][1182] SELECT par_cod_asig1,par_cod_asig2,par_cod_asig3 FROM tblaca009 WHERE pensum='5' AND c_uni_ca='2' AND c_asigna='322559' [1][0] OK
C:[02/08/2014 20:46:56.26][74.82.64.161][1312] SELECT horas_lab FROM tblaca008 WHERE c_asigna='322550' AND horas_teoricas > 0 [1][0] OK
C:[02/08/2014 20:46:56.26][74.82.64.161][1312] SELECT horas_lab FROM tblaca008 WHERE c_asigna='322558' AND horas_teoricas > 0 [1][0] OK
C:[02/08/2014 20:46:56.26][74.82.64.161][1312] SELECT horas_lab FROM tblaca008 WHERE c_asigna='322559' AND horas_teoricas > 0 [1][0] OK
C:[02/08/2014 21:35:15.66][186.167.242.47][1138] SELECT pre_cod_asig1,pre_cod_asig2,pre_cod_asig3,pre_cod_asig4,pre_cod_asig5,pre_cod_asig6,pre_cod_asig7 FROM tblaca009 WHERE pensum='5' AND c_uni_ca='6' AND c_asigna='344566' [1][0] OK
C:[02/08/2014 21:35:15.66][186.167.242.47][1151] SELECT c_asigna FROM dace004 WHERE exp_e='08-20013499' AND c_asigna='344446' AND status IN ('0','3','B','C') [1][0] OK
C:[02/08/2014 21:35:15.66][186.167.242.47][1151] SELECT c_asigna FROM dace004 WHERE exp_e='08-20013499' AND c_asigna='300428' AND status IN ('0','3','B','C') [1][0] OK
C:[02/08/2014 21:35:15.66][186.167.242.47][1151] SELECT c_asigna FROM dace004 WHERE exp_e='08-20013499' AND c_asigna='300209' AND status IN ('0','3','B','C') [1][0] OK
C:[02/08/2014 21:35:15.66][186.167.242.47][1151] SELECT c_asigna FROM dace004 WHERE exp_e='08-20013499' AND c_asigna='300222' AND status IN ('0','3','B','C') [1][0] OK
C:[02/08/2014 21:35:15.66][186.167.242.47][1151] SELECT c_asigna FROM dace004 WHERE exp_e='08-20013499' AND c_asigna='300226' AND status IN ('0','3','B','C') [1][0] OK
C:[02/08/2014 21:35:15.66][186.167.242.47][1151] SELECT c_asigna FROM dace004 WHERE exp_e='08-20013499' AND c_asigna='300317' AND status IN ('0','3','B','C') [1][0] OK
C:[02/08/2014 21:35:15.66][186.167.242.47][1151] SELECT c_asigna FROM dace004 WHERE exp_e='08-20013499' AND c_asigna='300313' AND status IN ('0','3','B','C') [1][0] OK
C:[02/08/2014 21:35:15.66][186.167.242.47][1138] SELECT pre_cod_asig1,pre_cod_asig2,pre_cod_asig3,pre_cod_asig4,pre_cod_asig5,pre_cod_asig6,pre_cod_asig7 FROM tblaca009 WHERE pensum='5' AND c_uni_ca='6' AND c_asigna='342679' [1][0] OK
C:[02/08/2014 21:35:15.66][186.167.242.47][1151] SELECT c_asigna FROM dace004 WHERE exp_e='08-20013499' AND c_asigna='342567' AND status IN ('0','3','B','C') [1][0] OK
C:[02/08/2014 21:35:15.66][186.167.242.47][1138] SELECT pre_cod_asig1,pre_cod_asig2,pre_cod_asig3,pre_cod_asig4,pre_cod_asig5,pre_cod_asig6,pre_cod_asig7 FROM tblaca009 WHERE pensum='5' AND c_uni_ca='6' AND c_asigna='344688' [1][0] OK
C:[02/08/2014 21:35:15.66][186.167.242.47][1151] SELECT c_asigna FROM dace004 WHERE exp_e='08-20013499' AND c_asigna='342567' AND status IN ('0','3','B','C') [1][0] OK
C:[02/08/2014 21:35:15.66][186.167.242.47][1151] SELECT c_asigna FROM dace004 WHERE exp_e='08-20013499' AND c_asigna='344565' AND status IN ('0','3','B','C') [1][0] OK
C:[02/08/2014 21:35:16.97][186.167.242.47][1182] SELECT par_cod_asig1,par_cod_asig2,par_cod_asig3 FROM tblaca009 WHERE pensum='5' AND c_uni_ca='6' AND c_asigna='344566' [1][0] OK
C:[02/08/2014 21:35:16.97][186.167.242.47][1182] SELECT par_cod_asig1,par_cod_asig2,par_cod_asig3 FROM tblaca009 WHERE pensum='5' AND c_uni_ca='6' AND c_asigna='342679' [1][0] OK
C:[02/08/2014 21:35:16.97][186.167.242.47][1182] SELECT par_cod_asig1,par_cod_asig2,par_cod_asig3 FROM tblaca009 WHERE pensum='5' AND c_uni_ca='6' AND c_asigna='344688' [1][0] OK
C:[02/08/2014 21:35:16.36][186.167.242.47][1312] SELECT horas_lab FROM tblaca008 WHERE c_asigna='344566' AND horas_teoricas > 0 [1][0] OK
C:[02/08/2014 21:35:16.36][186.167.242.47][1312] SELECT horas_lab FROM tblaca008 WHERE c_asigna='342679' AND horas_teoricas > 0 [1][0] OK
C:[02/08/2014 21:35:16.36][186.167.242.47][1312] SELECT horas_lab FROM tblaca008 WHERE c_asigna='344688' AND horas_teoricas > 0 [1][0] OK
C:[02/08/2014 21:46:10.47][190.206.255.7][1138] SELECT pre_cod_asig1,pre_cod_asig2,pre_cod_asig3,pre_cod_asig4,pre_cod_asig5,pre_cod_asig6,pre_cod_asig7 FROM tblaca009 WHERE pensum='5' AND c_uni_ca='3' AND c_asigna='300222' [1][0] OK
C:[02/08/2014 21:46:10.47][190.206.255.7][1151] SELECT c_asigna FROM dace004 WHERE exp_e='10-19474082' AND c_asigna='300112' AND status IN ('0','3','B','C') [1][0] OK
C:[02/08/2014 21:46:10.47][190.206.255.7][1138] SELECT pre_cod_asig1,pre_cod_asig2,pre_cod_asig3,pre_cod_asig4,pre_cod_asig5,pre_cod_asig6,pre_cod_asig7 FROM tblaca009 WHERE pensum='5' AND c_uni_ca='3' AND c_asigna='311799' [1][0] OK
C:[02/08/2014 21:46:10.47][190.206.255.7][1151] SELECT c_asigna FROM dace004 WHERE exp_e='10-19474082' AND c_asigna='311673' AND status IN ('0','3','B','C') [1][0] OK
C:[02/08/2014 21:46:10.22][190.206.255.7][1182] SELECT par_cod_asig1,par_cod_asig2,par_cod_asig3 FROM tblaca009 WHERE pensum='5' AND c_uni_ca='3' AND c_asigna='300222' [1][0] OK
C:[02/08/2014 21:46:10.22][190.206.255.7][1182] SELECT par_cod_asig1,par_cod_asig2,par_cod_asig3 FROM tblaca009 WHERE pensum='5' AND c_uni_ca='3' AND c_asigna='311799' [1][0] OK
C:[02/08/2014 21:46:10.48][190.206.255.7][1312] SELECT horas_lab FROM tblaca008 WHERE c_asigna='300222' AND horas_teoricas > 0 [1][0] OK
C:[02/08/2014 21:46:10.48][190.206.255.7][1312] SELECT horas_lab FROM tblaca008 WHERE c_asigna='311799' AND horas_teoricas > 0 [1][0] OK
C:[02/08/2014 21:47:39.08][201.243.107.107][1138] SELECT pre_cod_asig1,pre_cod_asig2,pre_cod_asig3,pre_cod_asig4,pre_cod_asig5,pre_cod_asig6,pre_cod_asig7 FROM tblaca009 WHERE pensum='5' AND c_uni_ca='3' AND c_asigna='311655' [1][0] OK
C:[02/08/2014 21:47:39.08][201.243.107.107][1151] SELECT c_asigna FROM dace004 WHERE exp_e='11-24890927' AND c_asigna='311556' AND status IN ('0','3','B','C') [1][0] OK
C:[02/08/2014 21:47:39.08][201.243.107.107][1138] SELECT pre_cod_asig1,pre_cod_asig2,pre_cod_asig3,pre_cod_asig4,pre_cod_asig5,pre_cod_asig6,pre_cod_asig7 FROM tblaca009 WHERE pensum='5' AND c_uni_ca='3' AND c_asigna='315671' [1][0] OK
C:[02/08/2014 21:47:39.08][201.243.107.107][1151] SELECT c_asigna FROM dace004 WHERE exp_e='11-24890927' AND c_asigna='315552' AND status IN ('0','3','B','C') [1][0] OK
C:[02/08/2014 21:47:39.83][201.243.107.107][1182] SELECT par_cod_asig1,par_cod_asig2,par_cod_asig3 FROM tblaca009 WHERE pensum='5' AND c_uni_ca='3' AND c_asigna='311655' [1][0] OK
C:[02/08/2014 21:47:39.83][201.243.107.107][1182] SELECT par_cod_asig1,par_cod_asig2,par_cod_asig3 FROM tblaca009 WHERE pensum='5' AND c_uni_ca='3' AND c_asigna='315671' [1][0] OK
C:[02/08/2014 21:47:39.96][201.243.107.107][1312] SELECT horas_lab FROM tblaca008 WHERE c_asigna='311655' AND horas_teoricas > 0 [1][0] OK
C:[02/08/2014 21:47:39.96][201.243.107.107][1312] SELECT horas_lab FROM tblaca008 WHERE c_asigna='315671' AND horas_teoricas > 0 [1][0] OK
C:[02/08/2014 22:51:01.12][190.200.36.41][1138] SELECT pre_cod_asig1,pre_cod_asig2,pre_cod_asig3,pre_cod_asig4,pre_cod_asig5,pre_cod_asig6,pre_cod_asig7 FROM tblaca009 WHERE pensum='5' AND c_uni_ca='2' AND c_asigna='322782' [1][0] OK
C:[02/08/2014 22:51:01.12][190.200.36.41][1151] SELECT c_asigna FROM dace004 WHERE exp_e='09-20124263' AND c_asigna='322669' AND status IN ('0','3','B','C') [1][0] OK
C:[02/08/2014 22:51:01.12][190.200.36.41][1151] SELECT c_asigna FROM dace004 WHERE exp_e='09-20124263' AND c_asigna='322550' AND status IN ('0','3','B','C') [1][0] OK
C:[02/08/2014 22:51:01.12][190.200.36.41][1138] SELECT pre_cod_asig1,pre_cod_asig2,pre_cod_asig3,pre_cod_asig4,pre_cod_asig5,pre_cod_asig6,pre_cod_asig7 FROM tblaca009 WHERE pensum='5' AND c_uni_ca='2' AND c_asigna='322936' [1][0] OK
C:[02/08/2014 22:51:01.12][190.200.36.41][1151] SELECT c_asigna FROM dace004 WHERE exp_e='09-20124263' AND c_asigna='322801' AND status IN ('0','3','B','C') [1][0] OK
C:[02/08/2014 22:51:01.12][190.200.36.41][1138] SELECT pre_cod_asig1,pre_cod_asig2,pre_cod_asig3,pre_cod_asig4,pre_cod_asig5,pre_cod_asig6,pre_cod_asig7 FROM tblaca009 WHERE pensum='5' AND c_uni_ca='2' AND c_asigna='322041' [1][0] OK
C:[02/08/2014 22:51:02.11][190.200.36.41][1182] SELECT par_cod_asig1,par_cod_asig2,par_cod_asig3 FROM tblaca009 WHERE pensum='5' AND c_uni_ca='2' AND c_asigna='322782' [1][0] OK
C:[02/08/2014 22:51:02.11][190.200.36.41][1182] SELECT par_cod_asig1,par_cod_asig2,par_cod_asig3 FROM tblaca009 WHERE pensum='5' AND c_uni_ca='2' AND c_asigna='322936' [1][0] OK
C:[02/08/2014 22:51:02.11][190.200.36.41][1182] SELECT par_cod_asig1,par_cod_asig2,par_cod_asig3 FROM tblaca009 WHERE pensum='5' AND c_uni_ca='2' AND c_asigna='322041' [1][0] OK
C:[02/08/2014 22:51:02.49][190.200.36.41][1312] SELECT horas_lab FROM tblaca008 WHERE c_asigna='322782' AND horas_teoricas > 0 [1][0] OK
C:[02/08/2014 22:51:02.49][190.200.36.41][1312] SELECT horas_lab FROM tblaca008 WHERE c_asigna='322936' AND horas_teoricas > 0 [1][0] OK
C:[02/08/2014 22:51:02.49][190.200.36.41][1312] SELECT horas_lab FROM tblaca008 WHERE c_asigna='322041' AND horas_teoricas > 0 [1][0] OK
C:[02/08/2014 23:16:59.04][186.88.135.190][1138] SELECT pre_cod_asig1,pre_cod_asig2,pre_cod_asig3,pre_cod_asig4,pre_cod_asig5,pre_cod_asig6,pre_cod_asig7 FROM tblaca009 WHERE pensum='5' AND c_uni_ca='6' AND c_asigna='344834' [1][0] OK
C:[02/08/2014 23:16:59.04][186.88.135.190][1151] SELECT c_asigna FROM dace004 WHERE exp_e='09-20223719' AND c_asigna='344715' AND status IN ('0','3','B','C') [1][0] OK
C:[02/08/2014 23:16:59.04][186.88.135.190][1151] SELECT c_asigna FROM dace004 WHERE exp_e='09-20223719' AND c_asigna='344716' AND status IN ('0','3','B','C') [1][0] OK
C:[02/08/2014 23:16:59.04][186.88.135.190][1138] SELECT pre_cod_asig1,pre_cod_asig2,pre_cod_asig3,pre_cod_asig4,pre_cod_asig5,pre_cod_asig6,pre_cod_asig7 FROM tblaca009 WHERE pensum='5' AND c_uni_ca='6' AND c_asigna='344843' [1][0] OK
C:[02/08/2014 23:16:59.04][186.88.135.190][1151] SELECT c_asigna FROM dace004 WHERE exp_e='09-20223719' AND c_asigna='344714' AND status IN ('0','3','B','C') [1][0] OK
C:[02/08/2014 23:16:59.04][186.88.135.190][1151] SELECT c_asigna FROM dace004 WHERE exp_e='09-20223719' AND c_asigna='344715' AND status IN ('0','3','B','C') [1][0] OK
C:[02/08/2014 23:16:59.04][186.88.135.190][1151] SELECT c_asigna FROM dace004 WHERE exp_e='09-20223719' AND c_asigna='300313' AND status IN ('0','3','B','C') [1][0] OK
C:[02/08/2014 23:16:59.04][186.88.135.190][1138] SELECT pre_cod_asig1,pre_cod_asig2,pre_cod_asig3,pre_cod_asig4,pre_cod_asig5,pre_cod_asig6,pre_cod_asig7 FROM tblaca009 WHERE pensum='5' AND c_uni_ca='6' AND c_asigna='344812' [1][0] OK
C:[02/08/2014 23:16:59.04][186.88.135.190][1151] SELECT c_asigna FROM dace004 WHERE exp_e='09-20223719' AND c_asigna='344715' AND status IN ('0','3','B','C') [1][0] OK
C:[02/08/2014 23:16:59.04][186.88.135.190][1151] SELECT c_asigna FROM dace004 WHERE exp_e='09-20223719' AND c_asigna='344742' AND status IN ('0','3','B','C') [1][0] OK
C:[02/08/2014 23:16:59.55][186.88.135.190][1182] SELECT par_cod_asig1,par_cod_asig2,par_cod_asig3 FROM tblaca009 WHERE pensum='5' AND c_uni_ca='6' AND c_asigna='344834' [1][0] OK
C:[02/08/2014 23:16:59.55][186.88.135.190][1182] SELECT par_cod_asig1,par_cod_asig2,par_cod_asig3 FROM tblaca009 WHERE pensum='5' AND c_uni_ca='6' AND c_asigna='344843' [1][0] OK
C:[02/08/2014 23:16:59.55][186.88.135.190][1182] SELECT par_cod_asig1,par_cod_asig2,par_cod_asig3 FROM tblaca009 WHERE pensum='5' AND c_uni_ca='6' AND c_asigna='344812' [1][0] OK
C:[02/08/2014 23:17:00.93][186.88.135.190][1312] SELECT horas_lab FROM tblaca008 WHERE c_asigna='344834' AND horas_teoricas > 0 [1][0] OK
C:[02/08/2014 23:17:00.93][186.88.135.190][1312] SELECT horas_lab FROM tblaca008 WHERE c_asigna='344843' AND horas_teoricas > 0 [1][0] OK
C:[02/08/2014 23:17:00.93][186.88.135.190][1312] SELECT horas_lab FROM tblaca008 WHERE c_asigna='344812' AND horas_teoricas > 0 [1][0] OK
C:[03/08/2014 00:23:41.02][190.201.14.110][1138] SELECT pre_cod_asig1,pre_cod_asig2,pre_cod_asig3,pre_cod_asig4,pre_cod_asig5,pre_cod_asig6,pre_cod_asig7 FROM tblaca009 WHERE pensum='5' AND c_uni_ca='3' AND c_asigna='300870' [1][0] OK
C:[03/08/2014 00:23:41.02][190.201.14.110][1138] SELECT pre_cod_asig1,pre_cod_asig2,pre_cod_asig3,pre_cod_asig4,pre_cod_asig5,pre_cod_asig6,pre_cod_asig7 FROM tblaca009 WHERE pensum='5' AND c_uni_ca='3' AND c_asigna='311100' [1][0] OK
C:[03/08/2014 00:23:41.02][190.201.14.110][1138] SELECT pre_cod_asig1,pre_cod_asig2,pre_cod_asig3,pre_cod_asig4,pre_cod_asig5,pre_cod_asig6,pre_cod_asig7 FROM tblaca009 WHERE pensum='5' AND c_uni_ca='3' AND c_asigna='311986' [1][0] OK
C:[03/08/2014 00:23:41.02][190.201.14.110][1151] SELECT c_asigna FROM dace004 WHERE exp_e='01-17039186' AND c_asigna='311825' AND status IN ('0','3','B','C') [1][0] OK
C:[03/08/2014 00:23:41.77][190.201.14.110][1182] SELECT par_cod_asig1,par_cod_asig2,par_cod_asig3 FROM tblaca009 WHERE pensum='5' AND c_uni_ca='3' AND c_asigna='300870' [1][0] OK
C:[03/08/2014 00:23:41.77][190.201.14.110][1182] SELECT par_cod_asig1,par_cod_asig2,par_cod_asig3 FROM tblaca009 WHERE pensum='5' AND c_uni_ca='3' AND c_asigna='311100' [1][0] OK
C:[03/08/2014 00:23:41.77][190.201.14.110][1182] SELECT par_cod_asig1,par_cod_asig2,par_cod_asig3 FROM tblaca009 WHERE pensum='5' AND c_uni_ca='3' AND c_asigna='311986' [1][0] OK
C:[03/08/2014 00:23:41.16][190.201.14.110][1312] SELECT horas_lab FROM tblaca008 WHERE c_asigna='300870' AND horas_teoricas > 0 [1][0] OK
C:[03/08/2014 00:23:41.16][190.201.14.110][1312] SELECT horas_lab FROM tblaca008 WHERE c_asigna='311100' AND horas_teoricas > 0 [1][0] OK
C:[03/08/2014 00:23:41.16][190.201.14.110][1312] SELECT horas_lab FROM tblaca008 WHERE c_asigna='311986' AND horas_teoricas > 0 [1][0] OK
C:[03/08/2014 00:29:48.80][186.167.243.77][1138] SELECT pre_cod_asig1,pre_cod_asig2,pre_cod_asig3,pre_cod_asig4,pre_cod_asig5,pre_cod_asig6,pre_cod_asig7 FROM tblaca009 WHERE pensum='5' AND c_uni_ca='4' AND c_asigna='333606' [1][0] OK
C:[03/08/2014 00:29:48.80][186.167.243.77][1151] SELECT c_asigna FROM dace004 WHERE exp_e='11-24482944' AND c_asigna='333584' AND status IN ('0','3','B','C') [1][0] OK
C:[03/08/2014 00:29:48.80][186.167.243.77][1138] SELECT pre_cod_asig1,pre_cod_asig2,pre_cod_asig3,pre_cod_asig4,pre_cod_asig5,pre_cod_asig6,pre_cod_asig7 FROM tblaca009 WHERE pensum='5' AND c_uni_ca='4' AND c_asigna='333611' [1][0] OK
C:[03/08/2014 00:29:48.80][186.167.243.77][1151] SELECT c_asigna FROM dace004 WHERE exp_e='11-24482944' AND c_asigna='333584' AND status IN ('0','3','B','C') [1][0] OK
C:[03/08/2014 00:29:48.80][186.167.243.77][1138] SELECT pre_cod_asig1,pre_cod_asig2,pre_cod_asig3,pre_cod_asig4,pre_cod_asig5,pre_cod_asig6,pre_cod_asig7 FROM tblaca009 WHERE pensum='5' AND c_uni_ca='4' AND c_asigna='333639' [1][0] OK
C:[03/08/2014 00:29:48.80][186.167.243.77][1151] SELECT c_asigna FROM dace004 WHERE exp_e='11-24482944' AND c_asigna='333585' AND status IN ('0','3','B','C') [1][0] OK
C:[03/08/2014 00:29:48.80][186.167.243.77][1182] SELECT par_cod_asig1,par_cod_asig2,par_cod_asig3 FROM tblaca009 WHERE pensum='5' AND c_uni_ca='4' AND c_asigna='333606' [1][0] OK
C:[03/08/2014 00:29:48.80][186.167.243.77][1182] SELECT par_cod_asig1,par_cod_asig2,par_cod_asig3 FROM tblaca009 WHERE pensum='5' AND c_uni_ca='4' AND c_asigna='333611' [1][0] OK
C:[03/08/2014 00:29:48.80][186.167.243.77][1182] SELECT par_cod_asig1,par_cod_asig2,par_cod_asig3 FROM tblaca009 WHERE pensum='5' AND c_uni_ca='4' AND c_asigna='333639' [1][0] OK
C:[03/08/2014 00:29:48.18][186.167.243.77][1312] SELECT horas_lab FROM tblaca008 WHERE c_asigna='333606' AND horas_teoricas > 0 [1][0] OK
C:[03/08/2014 00:29:48.18][186.167.243.77][1312] SELECT horas_lab FROM tblaca008 WHERE c_asigna='333611' AND horas_teoricas > 0 [1][0] OK
C:[03/08/2014 00:29:48.18][186.167.243.77][1312] SELECT horas_lab FROM tblaca008 WHERE c_asigna='333639' AND horas_teoricas > 0 [1][0] OK
C:[03/08/2014 01:37:03.23][200.109.217.80][1138] SELECT pre_cod_asig1,pre_cod_asig2,pre_cod_asig3,pre_cod_asig4,pre_cod_asig5,pre_cod_asig6,pre_cod_asig7 FROM tblaca009 WHERE pensum='5' AND c_uni_ca='3' AND c_asigna='311551' [1][0] OK
C:[03/08/2014 01:37:03.23][200.109.217.80][1151] SELECT c_asigna FROM dace004 WHERE exp_e='11-24234321' AND c_asigna='311430' AND status IN ('0','3','B','C') [1][0] OK
C:[03/08/2014 01:37:03.23][200.109.217.80][1151] SELECT c_asigna FROM dace004 WHERE exp_e='11-24234321' AND c_asigna='311431' AND status IN ('0','3','B','C') [1][0] OK
C:[03/08/2014 01:37:03.23][200.109.217.80][1151] SELECT c_asigna FROM dace004 WHERE exp_e='11-24234321' AND c_asigna='300222' AND status IN ('0','3','B','C') [1][0] OK
C:[03/08/2014 01:37:03.23][200.109.217.80][1151] SELECT c_asigna FROM dace004 WHERE exp_e='11-24234321' AND c_asigna='300226' AND status IN ('0','3','B','C') [1][0] OK
C:[03/08/2014 01:37:03.23][200.109.217.80][1151] SELECT c_asigna FROM dace004 WHERE exp_e='11-24234321' AND c_asigna='300209' AND status IN ('0','3','B','C') [1][0] OK
C:[03/08/2014 01:37:03.23][200.109.217.80][1151] SELECT c_asigna FROM dace004 WHERE exp_e='11-24234321' AND c_asigna='311320' AND status IN ('0','3','B','C') [1][0] OK
C:[03/08/2014 01:37:03.23][200.109.217.80][1138] SELECT pre_cod_asig1,pre_cod_asig2,pre_cod_asig3,pre_cod_asig4,pre_cod_asig5,pre_cod_asig6,pre_cod_asig7 FROM tblaca009 WHERE pensum='5' AND c_uni_ca='3' AND c_asigna='315552' [1][0] OK
C:[03/08/2014 01:37:03.23][200.109.217.80][1151] SELECT c_asigna FROM dace004 WHERE exp_e='11-24234321' AND c_asigna='311430' AND status IN ('0','3','B','C') [1][0] OK
C:[03/08/2014 01:37:03.23][200.109.217.80][1151] SELECT c_asigna FROM dace004 WHERE exp_e='11-24234321' AND c_asigna='300222' AND status IN ('0','3','B','C') [1][0] OK
C:[03/08/2014 01:37:03.23][200.109.217.80][1151] SELECT c_asigna FROM dace004 WHERE exp_e='11-24234321' AND c_asigna='300226' AND status IN ('0','3','B','C') [1][0] OK
C:[03/08/2014 01:37:03.23][200.109.217.80][1151] SELECT c_asigna FROM dace004 WHERE exp_e='11-24234321' AND c_asigna='300209' AND status IN ('0','3','B','C') [1][0] OK
C:[03/08/2014 01:37:03.23][200.109.217.80][1138] SELECT pre_cod_asig1,pre_cod_asig2,pre_cod_asig3,pre_cod_asig4,pre_cod_asig5,pre_cod_asig6,pre_cod_asig7 FROM tblaca009 WHERE pensum='5' AND c_uni_ca='3' AND c_asigna='311556' [1][0] OK
C:[03/08/2014 01:37:03.23][200.109.217.80][1151] SELECT c_asigna FROM dace004 WHERE exp_e='11-24234321' AND c_asigna='311434' AND status IN ('0','3','B','C') [1][0] OK
C:[03/08/2014 01:37:03.23][200.109.217.80][1151] SELECT c_asigna FROM dace004 WHERE exp_e='11-24234321' AND c_asigna='311430' AND status IN ('0','3','B','C') [1][0] OK
C:[03/08/2014 01:37:03.23][200.109.217.80][1151] SELECT c_asigna FROM dace004 WHERE exp_e='11-24234321' AND c_asigna='300222' AND status IN ('0','3','B','C') [1][0] OK
C:[03/08/2014 01:37:03.23][200.109.217.80][1151] SELECT c_asigna FROM dace004 WHERE exp_e='11-24234321' AND c_asigna='300226' AND status IN ('0','3','B','C') [1][0] OK
C:[03/08/2014 01:37:03.23][200.109.217.80][1151] SELECT c_asigna FROM dace004 WHERE exp_e='11-24234321' AND c_asigna='300209' AND status IN ('0','3','B','C') [1][0] OK
C:[03/08/2014 01:37:03.73][200.109.217.80][1182] SELECT par_cod_asig1,par_cod_asig2,par_cod_asig3 FROM tblaca009 WHERE pensum='5' AND c_uni_ca='3' AND c_asigna='311551' [1][0] OK
C:[03/08/2014 01:37:03.73][200.109.217.80][1182] SELECT par_cod_asig1,par_cod_asig2,par_cod_asig3 FROM tblaca009 WHERE pensum='5' AND c_uni_ca='3' AND c_asigna='315552' [1][0] OK
C:[03/08/2014 01:37:03.73][200.109.217.80][1182] SELECT par_cod_asig1,par_cod_asig2,par_cod_asig3 FROM tblaca009 WHERE pensum='5' AND c_uni_ca='3' AND c_asigna='311556' [1][0] OK
C:[03/08/2014 01:37:03.73][200.109.217.80][1196] SELECT c_asigna FROM dace004 WHERE exp_e='11-24234321' AND c_asigna='311551' AND status IN ('0','3','B','C') [0][0] OK
C:[03/08/2014 01:37:03.26][200.109.217.80][1312] SELECT horas_lab FROM tblaca008 WHERE c_asigna='311551' AND horas_teoricas > 0 [1][0] OK
C:[03/08/2014 01:37:03.26][200.109.217.80][1312] SELECT horas_lab FROM tblaca008 WHERE c_asigna='315552' AND horas_teoricas > 0 [1][0] OK
C:[03/08/2014 01:37:03.26][200.109.217.80][1312] SELECT horas_lab FROM tblaca008 WHERE c_asigna='311556' AND horas_teoricas > 0 [0][0] OK
C:[03/08/2014 02:36:19.85][186.94.84.125][1138] SELECT pre_cod_asig1,pre_cod_asig2,pre_cod_asig3,pre_cod_asig4,pre_cod_asig5,pre_cod_asig6,pre_cod_asig7 FROM tblaca009 WHERE pensum='5' AND c_uni_ca='5' AND c_asigna='300113' [1][0] OK
C:[03/08/2014 02:36:19.85][186.94.84.125][1138] SELECT pre_cod_asig1,pre_cod_asig2,pre_cod_asig3,pre_cod_asig4,pre_cod_asig5,pre_cod_asig6,pre_cod_asig7 FROM tblaca009 WHERE pensum='5' AND c_uni_ca='5' AND c_asigna='300226' [1][0] OK
C:[03/08/2014 02:36:19.85][186.94.84.125][1151] SELECT c_asigna FROM dace004 WHERE exp_e='13-25394109' AND c_asigna='300116' AND status IN ('0','3','B','C') [1][0] OK
C:[03/08/2014 02:36:19.47][186.94.84.125][1182] SELECT par_cod_asig1,par_cod_asig2,par_cod_asig3 FROM tblaca009 WHERE pensum='5' AND c_uni_ca='5' AND c_asigna='300113' [1][0] OK
C:[03/08/2014 02:36:19.47][186.94.84.125][1196] SELECT c_asigna FROM dace004 WHERE exp_e='13-25394109' AND c_asigna='300013' AND status IN ('0','3','B','C') [1][0] OK
C:[03/08/2014 02:36:19.47][186.94.84.125][1182] SELECT par_cod_asig1,par_cod_asig2,par_cod_asig3 FROM tblaca009 WHERE pensum='5' AND c_uni_ca='5' AND c_asigna='300226' [1][0] OK
C:[03/08/2014 02:36:19.85][186.94.84.125][1312] SELECT horas_lab FROM tblaca008 WHERE c_asigna='300113' AND horas_teoricas > 0 [0][0] OK
C:[03/08/2014 02:36:19.85][186.94.84.125][1312] SELECT horas_lab FROM tblaca008 WHERE c_asigna='300226' AND horas_teoricas > 0 [1][0] OK
C:[03/08/2014 07:14:01.20][190.77.198.148][1138] SELECT pre_cod_asig1,pre_cod_asig2,pre_cod_asig3,pre_cod_asig4,pre_cod_asig5,pre_cod_asig6,pre_cod_asig7 FROM tblaca009 WHERE pensum='5' AND c_uni_ca='4' AND c_asigna='300207' [1][0] OK
C:[03/08/2014 07:14:01.20][190.77.198.148][1151] SELECT c_asigna FROM dace004 WHERE exp_e='12-25081412' AND c_asigna='300101' AND status IN ('0','3','B','C') [1][0] OK
C:[03/08/2014 07:14:01.70][190.77.198.148][1182] SELECT par_cod_asig1,par_cod_asig2,par_cod_asig3 FROM tblaca009 WHERE pensum='5' AND c_uni_ca='4' AND c_asigna='300207' [1][0] OK
C:[03/08/2014 07:14:01.85][190.77.198.148][1312] SELECT horas_lab FROM tblaca008 WHERE c_asigna='300207' AND horas_teoricas > 0 [1][0] OK
C:[03/08/2014 08:23:17.72][179.21.183.96][1138] SELECT pre_cod_asig1,pre_cod_asig2,pre_cod_asig3,pre_cod_asig4,pre_cod_asig5,pre_cod_asig6,pre_cod_asig7 FROM tblaca009 WHERE pensum='5' AND c_uni_ca='3' AND c_asigna='311795' [1][0] OK
C:[03/08/2014 08:23:17.72][179.21.183.96][1151] SELECT c_asigna FROM dace004 WHERE exp_e='09-19302776' AND c_asigna='311674' AND status IN ('0','3','B','C') [1][0] OK
C:[03/08/2014 08:23:17.72][179.21.183.96][1151] SELECT c_asigna FROM dace004 WHERE exp_e='09-19302776' AND c_asigna='311673' AND status IN ('0','3','B','C') [1][0] OK
C:[03/08/2014 08:23:17.72][179.21.183.96][1138] SELECT pre_cod_asig1,pre_cod_asig2,pre_cod_asig3,pre_cod_asig4,pre_cod_asig5,pre_cod_asig6,pre_cod_asig7 FROM tblaca009 WHERE pensum='5' AND c_uni_ca='3' AND c_asigna='311799' [1][0] OK
C:[03/08/2014 08:23:17.72][179.21.183.96][1151] SELECT c_asigna FROM dace004 WHERE exp_e='09-19302776' AND c_asigna='311673' AND status IN ('0','3','B','C') [1][0] OK
C:[03/08/2014 08:23:17.59][179.21.183.96][1182] SELECT par_cod_asig1,par_cod_asig2,par_cod_asig3 FROM tblaca009 WHERE pensum='5' AND c_uni_ca='3' AND c_asigna='311795' [1][0] OK
C:[03/08/2014 08:23:17.59][179.21.183.96][1182] SELECT par_cod_asig1,par_cod_asig2,par_cod_asig3 FROM tblaca009 WHERE pensum='5' AND c_uni_ca='3' AND c_asigna='311799' [1][0] OK
C:[03/08/2014 08:23:17.85][179.21.183.96][1312] SELECT horas_lab FROM tblaca008 WHERE c_asigna='311795' AND horas_teoricas > 0 [1][0] OK
C:[03/08/2014 08:23:17.85][179.21.183.96][1312] SELECT horas_lab FROM tblaca008 WHERE c_asigna='311799' AND horas_teoricas > 0 [1][0] OK
C:[03/08/2014 09:14:33.07][181.225.58.235][1138] SELECT pre_cod_asig1,pre_cod_asig2,pre_cod_asig3,pre_cod_asig4,pre_cod_asig5,pre_cod_asig6,pre_cod_asig7 FROM tblaca009 WHERE pensum='5' AND c_uni_ca='5' AND c_asigna='300209' [1][0] OK
C:[03/08/2014 09:14:33.07][181.225.58.235][1151] SELECT c_asigna FROM dace004 WHERE exp_e='13-25963422' AND c_asigna='300101' AND status IN ('0','3','B','C') [1][0] OK
C:[03/08/2014 09:14:33.07][181.225.58.235][1138] SELECT pre_cod_asig1,pre_cod_asig2,pre_cod_asig3,pre_cod_asig4,pre_cod_asig5,pre_cod_asig6,pre_cod_asig7 FROM tblaca009 WHERE pensum='5' AND c_uni_ca='5' AND c_asigna='300222' [1][0] OK
C:[03/08/2014 09:14:33.07][181.225.58.235][1151] SELECT c_asigna FROM dace004 WHERE exp_e='13-25963422' AND c_asigna='300112' AND status IN ('0','3','B','C') [1][0] OK
C:[03/08/2014 09:14:33.82][181.225.58.235][1182] SELECT par_cod_asig1,par_cod_asig2,par_cod_asig3 FROM tblaca009 WHERE pensum='5' AND c_uni_ca='5' AND c_asigna='300209' [1][0] OK
C:[03/08/2014 09:14:33.82][181.225.58.235][1182] SELECT par_cod_asig1,par_cod_asig2,par_cod_asig3 FROM tblaca009 WHERE pensum='5' AND c_uni_ca='5' AND c_asigna='300222' [1][0] OK
C:[03/08/2014 09:14:33.08][181.225.58.235][1312] SELECT horas_lab FROM tblaca008 WHERE c_asigna='300209' AND horas_teoricas > 0 [1][0] OK
C:[03/08/2014 09:14:33.08][181.225.58.235][1312] SELECT horas_lab FROM tblaca008 WHERE c_asigna='300222' AND horas_teoricas > 0 [1][0] OK
C:[03/08/2014 09:17:44.92][181.225.58.235][1138] SELECT pre_cod_asig1,pre_cod_asig2,pre_cod_asig3,pre_cod_asig4,pre_cod_asig5,pre_cod_asig6,pre_cod_asig7 FROM tblaca009 WHERE pensum='5' AND c_uni_ca='3' AND c_asigna='311673' [1][0] OK
C:[03/08/2014 09:17:44.92][181.225.58.235][1151] SELECT c_asigna FROM dace004 WHERE exp_e='09-18476070' AND c_asigna='311551' AND status IN ('0','3','B','C') [1][0] OK
C:[03/08/2014 09:17:44.92][181.225.58.235][1151] SELECT c_asigna FROM dace004 WHERE exp_e='09-18476070' AND c_asigna='311554' AND status IN ('0','3','B','C') [1][0] OK
C:[03/08/2014 09:17:44.92][181.225.58.235][1151] SELECT c_asigna FROM dace004 WHERE exp_e='09-18476070' AND c_asigna='311320' AND status IN ('0','3','B','C') [1][0] OK
C:[03/08/2014 09:17:44.67][181.225.58.235][1182] SELECT par_cod_asig1,par_cod_asig2,par_cod_asig3 FROM tblaca009 WHERE pensum='5' AND c_uni_ca='3' AND c_asigna='311673' [1][0] OK
C:[03/08/2014 09:17:44.81][181.225.58.235][1312] SELECT horas_lab FROM tblaca008 WHERE c_asigna='311673' AND horas_teoricas > 0 [1][0] OK
C:[03/08/2014 09:57:49.39][186.166.233.64][1138] SELECT pre_cod_asig1,pre_cod_asig2,pre_cod_asig3,pre_cod_asig4,pre_cod_asig5,pre_cod_asig6,pre_cod_asig7 FROM tblaca009 WHERE pensum='5' AND c_uni_ca='6' AND c_asigna='300013' [1][0] OK
C:[03/08/2014 09:57:49.39][186.166.233.64][1138] SELECT pre_cod_asig1,pre_cod_asig2,pre_cod_asig3,pre_cod_asig4,pre_cod_asig5,pre_cod_asig6,pre_cod_asig7 FROM tblaca009 WHERE pensum='5' AND c_uni_ca='6' AND c_asigna='300101' [1][0] OK
C:[03/08/2014 09:57:49.89][186.166.233.64][1182] SELECT par_cod_asig1,par_cod_asig2,par_cod_asig3 FROM tblaca009 WHERE pensum='5' AND c_uni_ca='6' AND c_asigna='300013' [1][0] OK
C:[03/08/2014 09:57:49.89][186.166.233.64][1182] SELECT par_cod_asig1,par_cod_asig2,par_cod_asig3 FROM tblaca009 WHERE pensum='5' AND c_uni_ca='6' AND c_asigna='300101' [1][0] OK
C:[03/08/2014 09:57:49.15][186.166.233.64][1312] SELECT horas_lab FROM tblaca008 WHERE c_asigna='300013' AND horas_teoricas > 0 [1][0] OK
C:[03/08/2014 09:57:49.15][186.166.233.64][1312] SELECT horas_lab FROM tblaca008 WHERE c_asigna='300101' AND horas_teoricas > 0 [1][0] OK
C:[03/08/2014 09:58:57.23][186.167.243.30][1138] SELECT pre_cod_asig1,pre_cod_asig2,pre_cod_asig3,pre_cod_asig4,pre_cod_asig5,pre_cod_asig6,pre_cod_asig7 FROM tblaca009 WHERE pensum='5' AND c_uni_ca='6' AND c_asigna='342567' [1][0] OK
C:[03/08/2014 09:58:57.23][186.167.243.30][1151] SELECT c_asigna FROM dace004 WHERE exp_e='11-23872173' AND c_asigna='342444' AND status IN ('0','3','B','C') [1][0] OK
C:[03/08/2014 09:58:57.23][186.167.243.30][1138] SELECT pre_cod_asig1,pre_cod_asig2,pre_cod_asig3,pre_cod_asig4,pre_cod_asig5,pre_cod_asig6,pre_cod_asig7 FROM tblaca009 WHERE pensum='5' AND c_uni_ca='6' AND c_asigna='344565' [1][0] OK
C:[03/08/2014 09:58:57.23][186.167.243.30][1151] SELECT c_asigna FROM dace004 WHERE exp_e='11-23872173' AND c_asigna='344445' AND status IN ('0','3','B','C') [1][0] OK
C:[03/08/2014 09:58:58.98][186.167.243.30][1182] SELECT par_cod_asig1,par_cod_asig2,par_cod_asig3 FROM tblaca009 WHERE pensum='5' AND c_uni_ca='6' AND c_asigna='342567' [1][0] OK
C:[03/08/2014 09:58:58.98][186.167.243.30][1182] SELECT par_cod_asig1,par_cod_asig2,par_cod_asig3 FROM tblaca009 WHERE pensum='5' AND c_uni_ca='6' AND c_asigna='344565' [1][0] OK
C:[03/08/2014 09:58:58.25][186.167.243.30][1312] SELECT horas_lab FROM tblaca008 WHERE c_asigna='342567' AND horas_teoricas > 0 [1][0] OK
C:[03/08/2014 09:58:58.25][186.167.243.30][1312] SELECT horas_lab FROM tblaca008 WHERE c_asigna='344565' AND horas_teoricas > 0 [1][0] OK
C:[03/08/2014 10:06:28.87][181.182.124.245][1138] SELECT pre_cod_asig1,pre_cod_asig2,pre_cod_asig3,pre_cod_asig4,pre_cod_asig5,pre_cod_asig6,pre_cod_asig7 FROM tblaca009 WHERE pensum='5' AND c_uni_ca='6' AND c_asigna='300013' [1][0] OK
C:[03/08/2014 10:06:28.87][181.182.124.245][1138] SELECT pre_cod_asig1,pre_cod_asig2,pre_cod_asig3,pre_cod_asig4,pre_cod_asig5,pre_cod_asig6,pre_cod_asig7 FROM tblaca009 WHERE pensum='5' AND c_uni_ca='6' AND c_asigna='300101' [1][0] OK
C:[03/08/2014 10:06:28.37][181.182.124.245][1182] SELECT par_cod_asig1,par_cod_asig2,par_cod_asig3 FROM tblaca009 WHERE pensum='5' AND c_uni_ca='6' AND c_asigna='300013' [1][0] OK
C:[03/08/2014 10:06:28.37][181.182.124.245][1182] SELECT par_cod_asig1,par_cod_asig2,par_cod_asig3 FROM tblaca009 WHERE pensum='5' AND c_uni_ca='6' AND c_asigna='300101' [1][0] OK
C:[03/08/2014 10:06:28.64][181.182.124.245][1312] SELECT horas_lab FROM tblaca008 WHERE c_asigna='300013' AND horas_teoricas > 0 [1][0] OK
C:[03/08/2014 10:06:28.64][181.182.124.245][1312] SELECT horas_lab FROM tblaca008 WHERE c_asigna='300101' AND horas_teoricas > 0 [1][0] OK
C:[03/08/2014 10:07:10.41][186.89.129.76][1138] SELECT pre_cod_asig1,pre_cod_asig2,pre_cod_asig3,pre_cod_asig4,pre_cod_asig5,pre_cod_asig6,pre_cod_asig7 FROM tblaca009 WHERE pensum='5' AND c_uni_ca='4' AND c_asigna='300101' [1][0] OK
C:[03/08/2014 10:07:10.23][186.89.129.76][1182] SELECT par_cod_asig1,par_cod_asig2,par_cod_asig3 FROM tblaca009 WHERE pensum='5' AND c_uni_ca='4' AND c_asigna='300101' [1][0] OK
C:[03/08/2014 10:07:10.36][186.89.129.76][1312] SELECT horas_lab FROM tblaca008 WHERE c_asigna='300101' AND horas_teoricas > 0 [1][0] OK
C:[03/08/2014 10:19:25.01][190.38.221.18][1138] SELECT pre_cod_asig1,pre_cod_asig2,pre_cod_asig3,pre_cod_asig4,pre_cod_asig5,pre_cod_asig6,pre_cod_asig7 FROM tblaca009 WHERE pensum='5' AND c_uni_ca='5' AND c_asigna='355694' [1][0] OK
C:[03/08/2014 10:19:25.01][190.38.221.18][1151] SELECT c_asigna FROM dace004 WHERE exp_e='11-25278114' AND c_asigna='355572' AND status IN ('0','3','B','C') [1][0] OK
C:[03/08/2014 10:19:25.01][190.38.221.18][1151] SELECT c_asigna FROM dace004 WHERE exp_e='11-25278114' AND c_asigna='355571' AND status IN ('0','3','B','C') [1][0] OK
C:[03/08/2014 10:19:25.01][190.38.221.18][1138] SELECT pre_cod_asig1,pre_cod_asig2,pre_cod_asig3,pre_cod_asig4,pre_cod_asig5,pre_cod_asig6,pre_cod_asig7 FROM tblaca009 WHERE pensum='5' AND c_uni_ca='5' AND c_asigna='355696' [1][0] OK
C:[03/08/2014 10:19:25.01][190.38.221.18][1151] SELECT c_asigna FROM dace004 WHERE exp_e='11-25278114' AND c_asigna='355570' AND status IN ('0','3','B','C') [1][0] OK
C:[03/08/2014 10:19:25.01][190.38.221.18][1151] SELECT c_asigna FROM dace004 WHERE exp_e='11-25278114' AND c_asigna='355571' AND status IN ('0','3','B','C') [1][0] OK
C:[03/08/2014 10:19:25.01][190.38.221.18][1182] SELECT par_cod_asig1,par_cod_asig2,par_cod_asig3 FROM tblaca009 WHERE pensum='5' AND c_uni_ca='5' AND c_asigna='355694' [1][0] OK
C:[03/08/2014 10:19:25.01][190.38.221.18][1182] SELECT par_cod_asig1,par_cod_asig2,par_cod_asig3 FROM tblaca009 WHERE pensum='5' AND c_uni_ca='5' AND c_asigna='355696' [1][0] OK
C:[03/08/2014 10:19:25.27][190.38.221.18][1312] SELECT horas_lab FROM tblaca008 WHERE c_asigna='355694' AND horas_teoricas > 0 [1][0] OK
C:[03/08/2014 10:19:25.27][190.38.221.18][1312] SELECT horas_lab FROM tblaca008 WHERE c_asigna='355696' AND horas_teoricas > 0 [1][0] OK
C:[03/08/2014 10:20:42.41][190.38.221.18][1138] SELECT pre_cod_asig1,pre_cod_asig2,pre_cod_asig3,pre_cod_asig4,pre_cod_asig5,pre_cod_asig6,pre_cod_asig7 FROM tblaca009 WHERE pensum='5' AND c_uni_ca='5' AND c_asigna='355694' [1][0] OK
C:[03/08/2014 10:20:42.41][190.38.221.18][1151] SELECT c_asigna FROM dace004 WHERE exp_e='11-26138582' AND c_asigna='355572' AND status IN ('0','3','B','C') [1][0] OK
C:[03/08/2014 10:20:42.41][190.38.221.18][1151] SELECT c_asigna FROM dace004 WHERE exp_e='11-26138582' AND c_asigna='355571' AND status IN ('0','3','B','C') [1][0] OK
C:[03/08/2014 10:20:42.41][190.38.221.18][1138] SELECT pre_cod_asig1,pre_cod_asig2,pre_cod_asig3,pre_cod_asig4,pre_cod_asig5,pre_cod_asig6,pre_cod_asig7 FROM tblaca009 WHERE pensum='5' AND c_uni_ca='5' AND c_asigna='355696' [1][0] OK
C:[03/08/2014 10:20:42.41][190.38.221.18][1151] SELECT c_asigna FROM dace004 WHERE exp_e='11-26138582' AND c_asigna='355570' AND status IN ('0','3','B','C') [1][0] OK
C:[03/08/2014 10:20:42.41][190.38.221.18][1151] SELECT c_asigna FROM dace004 WHERE exp_e='11-26138582' AND c_asigna='355571' AND status IN ('0','3','B','C') [1][0] OK
C:[03/08/2014 10:20:42.41][190.38.221.18][1182] SELECT par_cod_asig1,par_cod_asig2,par_cod_asig3 FROM tblaca009 WHERE pensum='5' AND c_uni_ca='5' AND c_asigna='355694' [1][0] OK
C:[03/08/2014 10:20:42.41][190.38.221.18][1182] SELECT par_cod_asig1,par_cod_asig2,par_cod_asig3 FROM tblaca009 WHERE pensum='5' AND c_uni_ca='5' AND c_asigna='355696' [1][0] OK
C:[03/08/2014 10:20:43.67][190.38.221.18][1312] SELECT horas_lab FROM tblaca008 WHERE c_asigna='355694' AND horas_teoricas > 0 [1][0] OK
C:[03/08/2014 10:20:43.67][190.38.221.18][1312] SELECT horas_lab FROM tblaca008 WHERE c_asigna='355696' AND horas_teoricas > 0 [1][0] OK
C:[03/08/2014 10:28:15.49][190.37.212.202][1138] SELECT pre_cod_asig1,pre_cod_asig2,pre_cod_asig3,pre_cod_asig4,pre_cod_asig5,pre_cod_asig6,pre_cod_asig7 FROM tblaca009 WHERE pensum='5' AND c_uni_ca='6' AND c_asigna='344834' [1][0] OK
C:[03/08/2014 10:28:15.49][190.37.212.202][1151] SELECT c_asigna FROM dace004 WHERE exp_e='10-20805382' AND c_asigna='344715' AND status IN ('0','3','B','C') [1][0] OK
C:[03/08/2014 10:28:15.49][190.37.212.202][1151] SELECT c_asigna FROM dace004 WHERE exp_e='10-20805382' AND c_asigna='344716' AND status IN ('0','3','B','C') [1][0] OK
C:[03/08/2014 10:28:15.49][190.37.212.202][1138] SELECT pre_cod_asig1,pre_cod_asig2,pre_cod_asig3,pre_cod_asig4,pre_cod_asig5,pre_cod_asig6,pre_cod_asig7 FROM tblaca009 WHERE pensum='5' AND c_uni_ca='6' AND c_asigna='344843' [1][0] OK
C:[03/08/2014 10:28:15.49][190.37.212.202][1151] SELECT c_asigna FROM dace004 WHERE exp_e='10-20805382' AND c_asigna='344714' AND status IN ('0','3','B','C') [1][0] OK
C:[03/08/2014 10:28:15.49][190.37.212.202][1151] SELECT c_asigna FROM dace004 WHERE exp_e='10-20805382' AND c_asigna='344715' AND status IN ('0','3','B','C') [1][0] OK
C:[03/08/2014 10:28:15.49][190.37.212.202][1151] SELECT c_asigna FROM dace004 WHERE exp_e='10-20805382' AND c_asigna='300313' AND status IN ('0','3','B','C') [1][0] OK
C:[03/08/2014 10:28:15.49][190.37.212.202][1138] SELECT pre_cod_asig1,pre_cod_asig2,pre_cod_asig3,pre_cod_asig4,pre_cod_asig5,pre_cod_asig6,pre_cod_asig7 FROM tblaca009 WHERE pensum='5' AND c_uni_ca='6' AND c_asigna='344812' [1][0] OK
C:[03/08/2014 10:28:15.49][190.37.212.202][1151] SELECT c_asigna FROM dace004 WHERE exp_e='10-20805382' AND c_asigna='344715' AND status IN ('0','3','B','C') [1][0] OK
C:[03/08/2014 10:28:15.49][190.37.212.202][1151] SELECT c_asigna FROM dace004 WHERE exp_e='10-20805382' AND c_asigna='344742' AND status IN ('0','3','B','C') [1][0] OK
C:[03/08/2014 10:28:15.99][190.37.212.202][1182] SELECT par_cod_asig1,par_cod_asig2,par_cod_asig3 FROM tblaca009 WHERE pensum='5' AND c_uni_ca='6' AND c_asigna='344834' [1][0] OK
C:[03/08/2014 10:28:15.99][190.37.212.202][1182] SELECT par_cod_asig1,par_cod_asig2,par_cod_asig3 FROM tblaca009 WHERE pensum='5' AND c_uni_ca='6' AND c_asigna='344843' [1][0] OK
C:[03/08/2014 10:28:15.99][190.37.212.202][1182] SELECT par_cod_asig1,par_cod_asig2,par_cod_asig3 FROM tblaca009 WHERE pensum='5' AND c_uni_ca='6' AND c_asigna='344812' [1][0] OK
C:[03/08/2014 10:28:16.38][190.37.212.202][1312] SELECT horas_lab FROM tblaca008 WHERE c_asigna='344834' AND horas_teoricas > 0 [1][0] OK
C:[03/08/2014 10:28:16.38][190.37.212.202][1312] SELECT horas_lab FROM tblaca008 WHERE c_asigna='344843' AND horas_teoricas > 0 [1][0] OK
C:[03/08/2014 10:28:16.38][190.37.212.202][1312] SELECT horas_lab FROM tblaca008 WHERE c_asigna='344812' AND horas_teoricas > 0 [1][0] OK
C:[03/08/2014 11:02:46.59][190.75.176.142][1138] SELECT pre_cod_asig1,pre_cod_asig2,pre_cod_asig3,pre_cod_asig4,pre_cod_asig5,pre_cod_asig6,pre_cod_asig7 FROM tblaca009 WHERE pensum='5' AND c_uni_ca='2' AND c_asigna='300956' [1][0] OK
C:[03/08/2014 11:02:46.59][190.75.176.142][1151] SELECT c_asigna FROM dace004 WHERE exp_e='09-20703935' AND c_asigna='300422' AND status IN ('0','3','B','C') [1][0] OK
C:[03/08/2014 11:02:46.59][190.75.176.142][1151] SELECT c_asigna FROM dace004 WHERE exp_e='09-20703935' AND c_asigna='300105' AND status IN ('0','3','B','C') [1][0] OK
C:[03/08/2014 11:02:46.59][190.75.176.142][1151] SELECT c_asigna FROM dace004 WHERE exp_e='09-20703935' AND c_asigna='300314' AND status IN ('0','3','B','C') [1][0] OK
C:[03/08/2014 11:02:46.59][190.75.176.142][1138] SELECT pre_cod_asig1,pre_cod_asig2,pre_cod_asig3,pre_cod_asig4,pre_cod_asig5,pre_cod_asig6,pre_cod_asig7 FROM tblaca009 WHERE pensum='5' AND c_uni_ca='2' AND c_asigna='322936' [1][0] OK
C:[03/08/2014 11:02:46.59][190.75.176.142][1151] SELECT c_asigna FROM dace004 WHERE exp_e='09-20703935' AND c_asigna='322801' AND status IN ('0','3','B','C') [1][0] OK
C:[03/08/2014 11:02:46.03][190.75.176.142][1182] SELECT par_cod_asig1,par_cod_asig2,par_cod_asig3 FROM tblaca009 WHERE pensum='5' AND c_uni_ca='2' AND c_asigna='300956' [1][0] OK
C:[03/08/2014 11:02:46.03][190.75.176.142][1182] SELECT par_cod_asig1,par_cod_asig2,par_cod_asig3 FROM tblaca009 WHERE pensum='5' AND c_uni_ca='2' AND c_asigna='322936' [1][0] OK
C:[03/08/2014 11:02:46.29][190.75.176.142][1312] SELECT horas_lab FROM tblaca008 WHERE c_asigna='300956' AND horas_teoricas > 0 [1][0] OK
C:[03/08/2014 11:02:46.29][190.75.176.142][1312] SELECT horas_lab FROM tblaca008 WHERE c_asigna='322936' AND horas_teoricas > 0 [1][0] OK
C:[03/08/2014 11:06:07.47][186.167.242.171][1138] SELECT pre_cod_asig1,pre_cod_asig2,pre_cod_asig3,pre_cod_asig4,pre_cod_asig5,pre_cod_asig6,pre_cod_asig7 FROM tblaca009 WHERE pensum='5' AND c_uni_ca='3' AND c_asigna='300870' [1][0] OK
C:[03/08/2014 11:06:07.47][186.167.242.171][1138] SELECT pre_cod_asig1,pre_cod_asig2,pre_cod_asig3,pre_cod_asig4,pre_cod_asig5,pre_cod_asig6,pre_cod_asig7 FROM tblaca009 WHERE pensum='5' AND c_uni_ca='3' AND c_asigna='311100' [1][0] OK
C:[03/08/2014 11:06:07.98][186.167.242.171][1182] SELECT par_cod_asig1,par_cod_asig2,par_cod_asig3 FROM tblaca009 WHERE pensum='5' AND c_uni_ca='3' AND c_asigna='300870' [1][0] OK
C:[03/08/2014 11:06:07.98][186.167.242.171][1182] SELECT par_cod_asig1,par_cod_asig2,par_cod_asig3 FROM tblaca009 WHERE pensum='5' AND c_uni_ca='3' AND c_asigna='311100' [1][0] OK
C:[03/08/2014 11:06:07.23][186.167.242.171][1312] SELECT horas_lab FROM tblaca008 WHERE c_asigna='300870' AND horas_teoricas > 0 [1][0] OK
C:[03/08/2014 11:06:07.23][186.167.242.171][1312] SELECT horas_lab FROM tblaca008 WHERE c_asigna='311100' AND horas_teoricas > 0 [1][0] OK
C:[03/08/2014 11:17:55.87][190.74.180.85][1138] SELECT pre_cod_asig1,pre_cod_asig2,pre_cod_asig3,pre_cod_asig4,pre_cod_asig5,pre_cod_asig6,pre_cod_asig7 FROM tblaca009 WHERE pensum='5' AND c_uni_ca='4' AND c_asigna='300428' [1][0] OK
C:[03/08/2014 11:17:55.87][190.74.180.85][1151] SELECT c_asigna FROM dace004 WHERE exp_e='10-21122365' AND c_asigna='300317' AND status IN ('0','3','B','C') [1][0] OK
C:[03/08/2014 11:17:55.87][190.74.180.85][1151] SELECT c_asigna FROM dace004 WHERE exp_e='10-21122365' AND c_asigna='300209' AND status IN ('0','3','B','C') [1][0] OK
C:[03/08/2014 11:17:55.87][190.74.180.85][1138] SELECT pre_cod_asig1,pre_cod_asig2,pre_cod_asig3,pre_cod_asig4,pre_cod_asig5,pre_cod_asig6,pre_cod_asig7 FROM tblaca009 WHERE pensum='5' AND c_uni_ca='4' AND c_asigna='333440' [1][0] OK
C:[03/08/2014 11:17:55.87][190.74.180.85][1151] SELECT c_asigna FROM dace004 WHERE exp_e='10-21122365' AND c_asigna='300317' AND status IN ('0','3','B','C') [1][0] OK
C:[03/08/2014 11:17:55.87][190.74.180.85][1151] SELECT c_asigna FROM dace004 WHERE exp_e='10-21122365' AND c_asigna='330310' AND status IN ('0','3','B','C') [1][0] OK
C:[03/08/2014 11:17:55.87][190.74.180.85][1151] SELECT c_asigna FROM dace004 WHERE exp_e='10-21122365' AND c_asigna='300209' AND status IN ('0','3','B','C') [1][0] OK
C:[03/08/2014 11:17:55.99][190.74.180.85][1182] SELECT par_cod_asig1,par_cod_asig2,par_cod_asig3 FROM tblaca009 WHERE pensum='5' AND c_uni_ca='4' AND c_asigna='300428' [1][0] OK
C:[03/08/2014 11:17:55.99][190.74.180.85][1182] SELECT par_cod_asig1,par_cod_asig2,par_cod_asig3 FROM tblaca009 WHERE pensum='5' AND c_uni_ca='4' AND c_asigna='333440' [1][0] OK
C:[03/08/2014 11:17:55.99][190.74.180.85][1196] SELECT c_asigna FROM dace004 WHERE exp_e='10-21122365' AND c_asigna='333441' AND status IN ('0','3','B','C') [1][0] OK
C:[03/08/2014 11:17:55.38][190.74.180.85][1312] SELECT horas_lab FROM tblaca008 WHERE c_asigna='300428' AND horas_teoricas > 0 [1][0] OK
C:[03/08/2014 11:17:55.38][190.74.180.85][1312] SELECT horas_lab FROM tblaca008 WHERE c_asigna='333440' AND horas_teoricas > 0 [1][0] OK
C:[03/08/2014 11:24:06.76][181.184.4.7][1138] SELECT pre_cod_asig1,pre_cod_asig2,pre_cod_asig3,pre_cod_asig4,pre_cod_asig5,pre_cod_asig6,pre_cod_asig7 FROM tblaca009 WHERE pensum='5' AND c_uni_ca='6' AND c_asigna='300013' [1][0] OK
C:[03/08/2014 11:24:06.76][181.184.4.7][1138] SELECT pre_cod_asig1,pre_cod_asig2,pre_cod_asig3,pre_cod_asig4,pre_cod_asig5,pre_cod_asig6,pre_cod_asig7 FROM tblaca009 WHERE pensum='5' AND c_uni_ca='6' AND c_asigna='300101' [1][0] OK
C:[03/08/2014 11:24:06.27][181.184.4.7][1182] SELECT par_cod_asig1,par_cod_asig2,par_cod_asig3 FROM tblaca009 WHERE pensum='5' AND c_uni_ca='6' AND c_asigna='300013' [1][0] OK
C:[03/08/2014 11:24:06.27][181.184.4.7][1182] SELECT par_cod_asig1,par_cod_asig2,par_cod_asig3 FROM tblaca009 WHERE pensum='5' AND c_uni_ca='6' AND c_asigna='300101' [1][0] OK
C:[03/08/2014 11:24:06.53][181.184.4.7][1312] SELECT horas_lab FROM tblaca008 WHERE c_asigna='300013' AND horas_teoricas > 0 [1][0] OK
C:[03/08/2014 11:24:06.53][181.184.4.7][1312] SELECT horas_lab FROM tblaca008 WHERE c_asigna='300101' AND horas_teoricas > 0 [1][0] OK
C:[03/08/2014 11:53:27.11][186.90.124.228][1138] SELECT pre_cod_asig1,pre_cod_asig2,pre_cod_asig3,pre_cod_asig4,pre_cod_asig5,pre_cod_asig6,pre_cod_asig7 FROM tblaca009 WHERE pensum='5' AND c_uni_ca='3' AND c_asigna='300870' [1][0] OK
C:[03/08/2014 11:53:27.11][186.90.124.228][1138] SELECT pre_cod_asig1,pre_cod_asig2,pre_cod_asig3,pre_cod_asig4,pre_cod_asig5,pre_cod_asig6,pre_cod_asig7 FROM tblaca009 WHERE pensum='5' AND c_uni_ca='3' AND c_asigna='311100' [1][0] OK
C:[03/08/2014 11:53:27.05][186.90.124.228][1182] SELECT par_cod_asig1,par_cod_asig2,par_cod_asig3 FROM tblaca009 WHERE pensum='5' AND c_uni_ca='3' AND c_asigna='300870' [1][0] OK
C:[03/08/2014 11:53:27.05][186.90.124.228][1182] SELECT par_cod_asig1,par_cod_asig2,par_cod_asig3 FROM tblaca009 WHERE pensum='5' AND c_uni_ca='3' AND c_asigna='311100' [1][0] OK
C:[03/08/2014 11:53:27.31][186.90.124.228][1312] SELECT horas_lab FROM tblaca008 WHERE c_asigna='300870' AND horas_teoricas > 0 [1][0] OK
C:[03/08/2014 11:53:27.31][186.90.124.228][1312] SELECT horas_lab FROM tblaca008 WHERE c_asigna='311100' AND horas_teoricas > 0 [1][0] OK
C:[03/08/2014 11:53:36.77][190.204.102.234][1138] SELECT pre_cod_asig1,pre_cod_asig2,pre_cod_asig3,pre_cod_asig4,pre_cod_asig5,pre_cod_asig6,pre_cod_asig7 FROM tblaca009 WHERE pensum='5' AND c_uni_ca='2' AND c_asigna='300101' [1][0] OK
C:[03/08/2014 11:53:36.89][190.204.102.234][1182] SELECT par_cod_asig1,par_cod_asig2,par_cod_asig3 FROM tblaca009 WHERE pensum='5' AND c_uni_ca='2' AND c_asigna='300101' [1][0] OK
C:[03/08/2014 11:53:36.03][190.204.102.234][1312] SELECT horas_lab FROM tblaca008 WHERE c_asigna='300101' AND horas_teoricas > 0 [1][0] OK
C:[03/08/2014 11:58:19.75][186.167.243.1][1138] SELECT pre_cod_asig1,pre_cod_asig2,pre_cod_asig3,pre_cod_asig4,pre_cod_asig5,pre_cod_asig6,pre_cod_asig7 FROM tblaca009 WHERE pensum='5' AND c_uni_ca='3' AND c_asigna='311795' [1][0] OK
C:[03/08/2014 11:58:19.75][186.167.243.1][1151] SELECT c_asigna FROM dace004 WHERE exp_e='09-19302776' AND c_asigna='311674' AND status IN ('0','3','B','C') [1][0] OK
C:[03/08/2014 11:58:19.75][186.167.243.1][1151] SELECT c_asigna FROM dace004 WHERE exp_e='09-19302776' AND c_asigna='311673' AND status IN ('0','3','B','C') [1][0] OK
C:[03/08/2014 11:58:19.75][186.167.243.1][1138] SELECT pre_cod_asig1,pre_cod_asig2,pre_cod_asig3,pre_cod_asig4,pre_cod_asig5,pre_cod_asig6,pre_cod_asig7 FROM tblaca009 WHERE pensum='5' AND c_uni_ca='3' AND c_asigna='311799' [1][0] OK
C:[03/08/2014 11:58:19.75][186.167.243.1][1151] SELECT c_asigna FROM dace004 WHERE exp_e='09-19302776' AND c_asigna='311673' AND status IN ('0','3','B','C') [1][0] OK
C:[03/08/2014 11:58:19.08][186.167.243.1][1182] SELECT par_cod_asig1,par_cod_asig2,par_cod_asig3 FROM tblaca009 WHERE pensum='5' AND c_uni_ca='3' AND c_asigna='311795' [1][0] OK
C:[03/08/2014 11:58:19.08][186.167.243.1][1182] SELECT par_cod_asig1,par_cod_asig2,par_cod_asig3 FROM tblaca009 WHERE pensum='5' AND c_uni_ca='3' AND c_asigna='311799' [1][0] OK
C:[03/08/2014 11:58:19.32][186.167.243.1][1312] SELECT horas_lab FROM tblaca008 WHERE c_asigna='311795' AND horas_teoricas > 0 [1][0] OK
C:[03/08/2014 11:58:19.32][186.167.243.1][1312] SELECT horas_lab FROM tblaca008 WHERE c_asigna='311799' AND horas_teoricas > 0 [1][0] OK
C:[03/08/2014 12:12:13.53][179.21.156.151][1138] SELECT pre_cod_asig1,pre_cod_asig2,pre_cod_asig3,pre_cod_asig4,pre_cod_asig5,pre_cod_asig6,pre_cod_asig7 FROM tblaca009 WHERE pensum='5' AND c_uni_ca='4' AND c_asigna='300112' [1][0] OK
C:[03/08/2014 12:12:13.34][179.21.156.151][1182] SELECT par_cod_asig1,par_cod_asig2,par_cod_asig3 FROM tblaca009 WHERE pensum='5' AND c_uni_ca='4' AND c_asigna='300112' [1][0] OK
C:[03/08/2014 12:12:13.47][179.21.156.151][1312] SELECT horas_lab FROM tblaca008 WHERE c_asigna='300112' AND horas_teoricas > 0 [1][0] OK
C:[03/08/2014 12:50:17.72][186.89.197.80][1138] SELECT pre_cod_asig1,pre_cod_asig2,pre_cod_asig3,pre_cod_asig4,pre_cod_asig5,pre_cod_asig6,pre_cod_asig7 FROM tblaca009 WHERE pensum='5' AND c_uni_ca='2' AND c_asigna='300013' [1][0] OK
C:[03/08/2014 12:50:17.10][186.89.197.80][1182] SELECT par_cod_asig1,par_cod_asig2,par_cod_asig3 FROM tblaca009 WHERE pensum='5' AND c_uni_ca='2' AND c_asigna='300013' [1][0] OK
C:[03/08/2014 12:50:17.23][186.89.197.80][1312] SELECT horas_lab FROM tblaca008 WHERE c_asigna='300013' AND horas_teoricas > 0 [1][0] OK
C:[03/08/2014 13:17:13.21][190.75.182.89][1138] SELECT pre_cod_asig1,pre_cod_asig2,pre_cod_asig3,pre_cod_asig4,pre_cod_asig5,pre_cod_asig6,pre_cod_asig7 FROM tblaca009 WHERE pensum='5' AND c_uni_ca='3' AND c_asigna='311094' [1][0] OK
C:[03/08/2014 13:17:13.21][190.75.182.89][1151] SELECT c_asigna FROM dace004 WHERE exp_e='09-20805881' AND c_asigna='311822' AND status IN ('0','3','B','C') [1][0] OK
C:[03/08/2014 13:17:13.21][190.75.182.89][1151] SELECT c_asigna FROM dace004 WHERE exp_e='09-20805881' AND c_asigna='311823' AND status IN ('0','3','B','C') [1][0] OK
C:[03/08/2014 13:17:13.28][190.75.182.89][1182] SELECT par_cod_asig1,par_cod_asig2,par_cod_asig3 FROM tblaca009 WHERE pensum='5' AND c_uni_ca='3' AND c_asigna='311094' [1][0] OK
C:[03/08/2014 13:17:13.42][190.75.182.89][1312] SELECT horas_lab FROM tblaca008 WHERE c_asigna='311094' AND horas_teoricas > 0 [1][0] OK
C:[03/08/2014 14:08:10.34][190.75.163.60][1138] SELECT pre_cod_asig1,pre_cod_asig2,pre_cod_asig3,pre_cod_asig4,pre_cod_asig5,pre_cod_asig6,pre_cod_asig7 FROM tblaca009 WHERE pensum='5' AND c_uni_ca='3' AND c_asigna='300101' [1][0] OK
C:[03/08/2014 14:08:10.16][190.75.163.60][1182] SELECT par_cod_asig1,par_cod_asig2,par_cod_asig3 FROM tblaca009 WHERE pensum='5' AND c_uni_ca='3' AND c_asigna='300101' [1][0] OK
C:[03/08/2014 14:08:10.29][190.75.163.60][1312] SELECT horas_lab FROM tblaca008 WHERE c_asigna='300101' AND horas_teoricas > 0 [1][0] OK
C:[03/08/2014 14:31:29.56][186.89.222.88][1138] SELECT pre_cod_asig1,pre_cod_asig2,pre_cod_asig3,pre_cod_asig4,pre_cod_asig5,pre_cod_asig6,pre_cod_asig7 FROM tblaca009 WHERE pensum='5' AND c_uni_ca='4' AND c_asigna='330435' [1][0] OK
C:[03/08/2014 14:31:29.56][186.89.222.88][1151] SELECT c_asigna FROM dace004 WHERE exp_e='12-25086585' AND c_asigna='300318' AND status IN ('0','3','B','C') [1][0] OK
C:[03/08/2014 14:31:29.50][186.89.222.88][1182] SELECT par_cod_asig1,par_cod_asig2,par_cod_asig3 FROM tblaca009 WHERE pensum='5' AND c_uni_ca='4' AND c_asigna='330435' [1][0] OK
C:[03/08/2014 14:31:29.63][186.89.222.88][1312] SELECT horas_lab FROM tblaca008 WHERE c_asigna='330435' AND horas_teoricas > 0 [1][0] OK
C:[03/08/2014 14:53:39.56][190.74.181.3][1138] SELECT pre_cod_asig1,pre_cod_asig2,pre_cod_asig3,pre_cod_asig4,pre_cod_asig5,pre_cod_asig6,pre_cod_asig7 FROM tblaca009 WHERE pensum='5' AND c_uni_ca='2' AND c_asigna='300207' [1][0] OK
C:[03/08/2014 14:53:39.56][190.74.181.3][1151] SELECT c_asigna FROM dace004 WHERE exp_e='13-25081212' AND c_asigna='300101' AND status IN ('0','3','B','C') [1][0] OK
C:[03/08/2014 14:53:39.56][190.74.181.3][1138] SELECT pre_cod_asig1,pre_cod_asig2,pre_cod_asig3,pre_cod_asig4,pre_cod_asig5,pre_cod_asig6,pre_cod_asig7 FROM tblaca009 WHERE pensum='5' AND c_uni_ca='2' AND c_asigna='300209' [1][0] OK
C:[03/08/2014 14:53:39.56][190.74.181.3][1151] SELECT c_asigna FROM dace004 WHERE exp_e='13-25081212' AND c_asigna='300101' AND status IN ('0','3','B','C') [1][0] OK
C:[03/08/2014 14:53:39.75][190.74.181.3][1182] SELECT par_cod_asig1,par_cod_asig2,par_cod_asig3 FROM tblaca009 WHERE pensum='5' AND c_uni_ca='2' AND c_asigna='300207' [1][0] OK
C:[03/08/2014 14:53:39.75][190.74.181.3][1182] SELECT par_cod_asig1,par_cod_asig2,par_cod_asig3 FROM tblaca009 WHERE pensum='5' AND c_uni_ca='2' AND c_asigna='300209' [1][0] OK
C:[03/08/2014 14:53:39.01][190.74.181.3][1312] SELECT horas_lab FROM tblaca008 WHERE c_asigna='300207' AND horas_teoricas > 0 [1][0] OK
C:[03/08/2014 14:53:39.01][190.74.181.3][1312] SELECT horas_lab FROM tblaca008 WHERE c_asigna='300209' AND horas_teoricas > 0 [1][0] OK
C:[03/08/2014 15:02:12.06][186.89.252.105][1138] SELECT pre_cod_asig1,pre_cod_asig2,pre_cod_asig3,pre_cod_asig4,pre_cod_asig5,pre_cod_asig6,pre_cod_asig7 FROM tblaca009 WHERE pensum='5' AND c_uni_ca='2' AND c_asigna='322678' [1][0] OK
C:[03/08/2014 15:02:12.06][186.89.252.105][1151] SELECT c_asigna FROM dace004 WHERE exp_e='09-20808632' AND c_asigna='322559' AND status IN ('0','3','B','C') [1][0] OK
C:[03/08/2014 15:02:12.06][186.89.252.105][1138] SELECT pre_cod_asig1,pre_cod_asig2,pre_cod_asig3,pre_cod_asig4,pre_cod_asig5,pre_cod_asig6,pre_cod_asig7 FROM tblaca009 WHERE pensum='5' AND c_uni_ca='2' AND c_asigna='322782' [1][0] OK
C:[03/08/2014 15:02:12.06][186.89.252.105][1151] SELECT c_asigna FROM dace004 WHERE exp_e='09-20808632' AND c_asigna='322669' AND status IN ('0','3','B','C') [1][0] OK
C:[03/08/2014 15:02:12.06][186.89.252.105][1151] SELECT c_asigna FROM dace004 WHERE exp_e='09-20808632' AND c_asigna='322550' AND status IN ('0','3','B','C') [1][0] OK
C:[03/08/2014 15:02:13.38][186.89.252.105][1182] SELECT par_cod_asig1,par_cod_asig2,par_cod_asig3 FROM tblaca009 WHERE pensum='5' AND c_uni_ca='2' AND c_asigna='322678' [1][0] OK
C:[03/08/2014 15:02:13.38][186.89.252.105][1182] SELECT par_cod_asig1,par_cod_asig2,par_cod_asig3 FROM tblaca009 WHERE pensum='5' AND c_uni_ca='2' AND c_asigna='322782' [1][0] OK
C:[03/08/2014 15:02:13.64][186.89.252.105][1312] SELECT horas_lab FROM tblaca008 WHERE c_asigna='322678' AND horas_teoricas > 0 [1][0] OK
C:[03/08/2014 15:02:13.64][186.89.252.105][1312] SELECT horas_lab FROM tblaca008 WHERE c_asigna='322782' AND horas_teoricas > 0 [1][0] OK
C:[03/08/2014 15:21:42.41][190.37.62.42][1138] SELECT pre_cod_asig1,pre_cod_asig2,pre_cod_asig3,pre_cod_asig4,pre_cod_asig5,pre_cod_asig6,pre_cod_asig7 FROM tblaca009 WHERE pensum='5' AND c_uni_ca='3' AND c_asigna='311430' [1][0] OK
C:[03/08/2014 15:21:42.41][190.37.62.42][1151] SELECT c_asigna FROM dace004 WHERE exp_e='08-20808672' AND c_asigna='300317' AND status IN ('0','3','B','C') [1][0] OK
C:[03/08/2014 15:21:42.41][190.37.62.42][1151] SELECT c_asigna FROM dace004 WHERE exp_e='08-20808672' AND c_asigna='300318' AND status IN ('0','3','B','C') [1][0] OK
C:[03/08/2014 15:21:42.41][190.37.62.42][1151] SELECT c_asigna FROM dace004 WHERE exp_e='08-20808672' AND c_asigna='300313' AND status IN ('0','3','B','C') [1][0] OK
C:[03/08/2014 15:21:42.41][190.37.62.42][1151] SELECT c_asigna FROM dace004 WHERE exp_e='08-20808672' AND c_asigna='300222' AND status IN ('0','3','B','C') [1][0] OK
C:[03/08/2014 15:21:42.41][190.37.62.42][1151] SELECT c_asigna FROM dace004 WHERE exp_e='08-20808672' AND c_asigna='300226' AND status IN ('0','3','B','C') [1][0] OK
C:[03/08/2014 15:21:42.41][190.37.62.42][1151] SELECT c_asigna FROM dace004 WHERE exp_e='08-20808672' AND c_asigna='300209' AND status IN ('0','3','B','C') [1][0] OK
C:[03/08/2014 15:21:42.41][190.37.62.42][1138] SELECT pre_cod_asig1,pre_cod_asig2,pre_cod_asig3,pre_cod_asig4,pre_cod_asig5,pre_cod_asig6,pre_cod_asig7 FROM tblaca009 WHERE pensum='5' AND c_uni_ca='3' AND c_asigna='300428' [1][0] OK
C:[03/08/2014 15:21:42.41][190.37.62.42][1151] SELECT c_asigna FROM dace004 WHERE exp_e='08-20808672' AND c_asigna='300317' AND status IN ('0','3','B','C') [1][0] OK
C:[03/08/2014 15:21:42.41][190.37.62.42][1151] SELECT c_asigna FROM dace004 WHERE exp_e='08-20808672' AND c_asigna='300209' AND status IN ('0','3','B','C') [1][0] OK
C:[03/08/2014 15:21:42.41][190.37.62.42][1138] SELECT pre_cod_asig1,pre_cod_asig2,pre_cod_asig3,pre_cod_asig4,pre_cod_asig5,pre_cod_asig6,pre_cod_asig7 FROM tblaca009 WHERE pensum='5' AND c_uni_ca='3' AND c_asigna='311431' [1][0] OK
C:[03/08/2014 15:21:42.41][190.37.62.42][1151] SELECT c_asigna FROM dace004 WHERE exp_e='08-20808672' AND c_asigna='311320' AND status IN ('0','3','B','C') [1][0] OK
C:[03/08/2014 15:21:42.41][190.37.62.42][1151] SELECT c_asigna FROM dace004 WHERE exp_e='08-20808672' AND c_asigna='300013' AND status IN ('0','3','B','C') [1][0] OK
C:[03/08/2014 15:21:42.41][190.37.62.42][1151] SELECT c_asigna FROM dace004 WHERE exp_e='08-20808672' AND c_asigna='300113' AND status IN ('0','3','B','C') [1][0] OK
C:[03/08/2014 15:21:42.41][190.37.62.42][1151] SELECT c_asigna FROM dace004 WHERE exp_e='08-20808672' AND c_asigna='300222' AND status IN ('0','3','B','C') [1][0] OK
C:[03/08/2014 15:21:42.41][190.37.62.42][1151] SELECT c_asigna FROM dace004 WHERE exp_e='08-20808672' AND c_asigna='300226' AND status IN ('0','3','B','C') [1][0] OK
C:[03/08/2014 15:21:42.41][190.37.62.42][1151] SELECT c_asigna FROM dace004 WHERE exp_e='08-20808672' AND c_asigna='300209' AND status IN ('0','3','B','C') [1][0] OK
C:[03/08/2014 15:21:43.79][190.37.62.42][1182] SELECT par_cod_asig1,par_cod_asig2,par_cod_asig3 FROM tblaca009 WHERE pensum='5' AND c_uni_ca='3' AND c_asigna='311430' [1][0] OK
C:[03/08/2014 15:21:43.79][190.37.62.42][1182] SELECT par_cod_asig1,par_cod_asig2,par_cod_asig3 FROM tblaca009 WHERE pensum='5' AND c_uni_ca='3' AND c_asigna='300428' [1][0] OK
C:[03/08/2014 15:21:43.79][190.37.62.42][1182] SELECT par_cod_asig1,par_cod_asig2,par_cod_asig3 FROM tblaca009 WHERE pensum='5' AND c_uni_ca='3' AND c_asigna='311431' [1][0] OK
C:[03/08/2014 15:21:43.79][190.37.62.42][1196] SELECT c_asigna FROM dace004 WHERE exp_e='08-20808672' AND c_asigna='311430' AND status IN ('0','3','B','C') [0][0] OK
C:[03/08/2014 15:21:43.30][190.37.62.42][1312] SELECT horas_lab FROM tblaca008 WHERE c_asigna='311430' AND horas_teoricas > 0 [1][0] OK
C:[03/08/2014 15:21:43.30][190.37.62.42][1312] SELECT horas_lab FROM tblaca008 WHERE c_asigna='300428' AND horas_teoricas > 0 [1][0] OK
C:[03/08/2014 15:21:43.30][190.37.62.42][1312] SELECT horas_lab FROM tblaca008 WHERE c_asigna='311431' AND horas_teoricas > 0 [1][0] OK
C:[03/08/2014 15:49:31.26][190.74.160.114][1138] SELECT pre_cod_asig1,pre_cod_asig2,pre_cod_asig3,pre_cod_asig4,pre_cod_asig5,pre_cod_asig6,pre_cod_asig7 FROM tblaca009 WHERE pensum='5' AND c_uni_ca='5' AND c_asigna='355692' [1][0] OK
C:[03/08/2014 15:49:31.26][190.74.160.114][1151] SELECT c_asigna FROM dace004 WHERE exp_e='07-18337438' AND c_asigna='355448' AND status IN ('0','3','B','C') [1][0] OK
C:[03/08/2014 15:49:31.26][190.74.160.114][1151] SELECT c_asigna FROM dace004 WHERE exp_e='07-18337438' AND c_asigna='355570' AND status IN ('0','3','B','C') [1][0] OK
C:[03/08/2014 15:49:31.26][190.74.160.114][1138] SELECT pre_cod_asig1,pre_cod_asig2,pre_cod_asig3,pre_cod_asig4,pre_cod_asig5,pre_cod_asig6,pre_cod_asig7 FROM tblaca009 WHERE pensum='5' AND c_uni_ca='5' AND c_asigna='355722' [1][0] OK
C:[03/08/2014 15:49:31.26][190.74.160.114][1151] SELECT c_asigna FROM dace004 WHERE exp_e='07-18337438' AND c_asigna='355691' AND status IN ('0','3','B','C') [1][0] OK
C:[03/08/2014 15:49:31.26][190.74.160.114][1151] SELECT c_asigna FROM dace004 WHERE exp_e='07-18337438' AND c_asigna='355595' AND status IN ('0','3','B','C') [1][0] OK
C:[03/08/2014 15:49:31.70][190.74.160.114][1182] SELECT par_cod_asig1,par_cod_asig2,par_cod_asig3 FROM tblaca009 WHERE pensum='5' AND c_uni_ca='5' AND c_asigna='355692' [1][0] OK
C:[03/08/2014 15:49:31.70][190.74.160.114][1182] SELECT par_cod_asig1,par_cod_asig2,par_cod_asig3 FROM tblaca009 WHERE pensum='5' AND c_uni_ca='5' AND c_asigna='355722' [1][0] OK
C:[03/08/2014 15:49:31.97][190.74.160.114][1312] SELECT horas_lab FROM tblaca008 WHERE c_asigna='355692' AND horas_teoricas > 0 [1][0] OK
C:[03/08/2014 15:49:31.97][190.74.160.114][1312] SELECT horas_lab FROM tblaca008 WHERE c_asigna='355722' AND horas_teoricas > 0 [1][0] OK
C:[03/08/2014 15:56:10.62][190.77.251.10][1138] SELECT pre_cod_asig1,pre_cod_asig2,pre_cod_asig3,pre_cod_asig4,pre_cod_asig5,pre_cod_asig6,pre_cod_asig7 FROM tblaca009 WHERE pensum='5' AND c_uni_ca='2' AND c_asigna='322550' [1][0] OK
C:[03/08/2014 15:56:10.62][190.77.251.10][1151] SELECT c_asigna FROM dace004 WHERE exp_e='11-21248043' AND c_asigna='322433' AND status IN ('0','3','B','C') [1][0] OK
C:[03/08/2014 15:56:10.62][190.77.251.10][1138] SELECT pre_cod_asig1,pre_cod_asig2,pre_cod_asig3,pre_cod_asig4,pre_cod_asig5,pre_cod_asig6,pre_cod_asig7 FROM tblaca009 WHERE pensum='5' AND c_uni_ca='2' AND c_asigna='322558' [1][0] OK
C:[03/08/2014 15:56:10.62][190.77.251.10][1151] SELECT c_asigna FROM dace004 WHERE exp_e='11-21248043' AND c_asigna='300428' AND status IN ('0','3','B','C') [1][0] OK
C:[03/08/2014 15:56:10.62][190.77.251.10][1151] SELECT c_asigna FROM dace004 WHERE exp_e='11-21248043' AND c_asigna='320323' AND status IN ('0','3','B','C') [1][0] OK
C:[03/08/2014 15:56:10.94][190.77.251.10][1182] SELECT par_cod_asig1,par_cod_asig2,par_cod_asig3 FROM tblaca009 WHERE pensum='5' AND c_uni_ca='2' AND c_asigna='322550' [1][0] OK
C:[03/08/2014 15:56:10.94][190.77.251.10][1182] SELECT par_cod_asig1,par_cod_asig2,par_cod_asig3 FROM tblaca009 WHERE pensum='5' AND c_uni_ca='2' AND c_asigna='322558' [1][0] OK
C:[03/08/2014 15:56:10.20][190.77.251.10][1312] SELECT horas_lab FROM tblaca008 WHERE c_asigna='322550' AND horas_teoricas > 0 [1][0] OK
C:[03/08/2014 15:56:10.20][190.77.251.10][1312] SELECT horas_lab FROM tblaca008 WHERE c_asigna='322558' AND horas_teoricas > 0 [1][0] OK
C:[03/08/2014 15:56:33.61][186.165.36.210][1138] SELECT pre_cod_asig1,pre_cod_asig2,pre_cod_asig3,pre_cod_asig4,pre_cod_asig5,pre_cod_asig6,pre_cod_asig7 FROM tblaca009 WHERE pensum='5' AND c_uni_ca='2' AND c_asigna='300313' [1][0] OK
C:[03/08/2014 15:56:33.61][186.165.36.210][1151] SELECT c_asigna FROM dace004 WHERE exp_e='08-20403599' AND c_asigna='300213' AND status IN ('0','3','B','C') [1][0] OK
C:[03/08/2014 15:56:33.61][186.165.36.210][1151] SELECT c_asigna FROM dace004 WHERE exp_e='08-20403599' AND c_asigna='300226' AND status IN ('0','3','B','C') [1][0] OK
C:[03/08/2014 15:56:33.61][186.165.36.210][1151] SELECT c_asigna FROM dace004 WHERE exp_e='08-20403599' AND c_asigna='300209' AND status IN ('0','3','B','C') [1][0] OK
C:[03/08/2014 15:56:33.61][186.165.36.210][1138] SELECT pre_cod_asig1,pre_cod_asig2,pre_cod_asig3,pre_cod_asig4,pre_cod_asig5,pre_cod_asig6,pre_cod_asig7 FROM tblaca009 WHERE pensum='5' AND c_uni_ca='2' AND c_asigna='322559' [1][0] OK
C:[03/08/2014 15:56:33.61][186.165.36.210][1151] SELECT c_asigna FROM dace004 WHERE exp_e='08-20403599' AND c_asigna='300428' AND status IN ('0','3','B','C') [1][0] OK
C:[03/08/2014 15:56:33.61][186.165.36.210][1151] SELECT c_asigna FROM dace004 WHERE exp_e='08-20403599' AND c_asigna='322436' AND status IN ('0','3','B','C') [1][0] OK
C:[03/08/2014 15:56:33.18][186.165.36.210][1182] SELECT par_cod_asig1,par_cod_asig2,par_cod_asig3 FROM tblaca009 WHERE pensum='5' AND c_uni_ca='2' AND c_asigna='300313' [1][0] OK
C:[03/08/2014 15:56:33.18][186.165.36.210][1182] SELECT par_cod_asig1,par_cod_asig2,par_cod_asig3 FROM tblaca009 WHERE pensum='5' AND c_uni_ca='2' AND c_asigna='322559' [1][0] OK
C:[03/08/2014 15:56:33.44][186.165.36.210][1312] SELECT horas_lab FROM tblaca008 WHERE c_asigna='300313' AND horas_teoricas > 0 [1][0] OK
C:[03/08/2014 15:56:33.44][186.165.36.210][1312] SELECT horas_lab FROM tblaca008 WHERE c_asigna='322559' AND horas_teoricas > 0 [1][0] OK
C:[03/08/2014 15:58:51.26][200.62.19.36][1138] SELECT pre_cod_asig1,pre_cod_asig2,pre_cod_asig3,pre_cod_asig4,pre_cod_asig5,pre_cod_asig6,pre_cod_asig7 FROM tblaca009 WHERE pensum='5' AND c_uni_ca='5' AND c_asigna='300209' [1][0] OK
C:[03/08/2014 15:58:51.26][200.62.19.36][1151] SELECT c_asigna FROM dace004 WHERE exp_e='12-24037667' AND c_asigna='300101' AND status IN ('0','3','B','C') [1][0] OK
C:[03/08/2014 15:58:52.21][200.62.19.36][1182] SELECT par_cod_asig1,par_cod_asig2,par_cod_asig3 FROM tblaca009 WHERE pensum='5' AND c_uni_ca='5' AND c_asigna='300209' [1][0] OK
C:[03/08/2014 15:58:52.34][200.62.19.36][1312] SELECT horas_lab FROM tblaca008 WHERE c_asigna='300209' AND horas_teoricas > 0 [1][0] OK
C:[03/08/2014 16:29:55.04][190.206.254.133][1138] SELECT pre_cod_asig1,pre_cod_asig2,pre_cod_asig3,pre_cod_asig4,pre_cod_asig5,pre_cod_asig6,pre_cod_asig7 FROM tblaca009 WHERE pensum='5' AND c_uni_ca='3' AND c_asigna='300317' [1][0] OK
C:[03/08/2014 16:29:55.04][190.206.254.133][1151] SELECT c_asigna FROM dace004 WHERE exp_e='12-21314879' AND c_asigna='300207' AND status IN ('0','3','B','C') [1][0] OK
C:[03/08/2014 16:29:55.04][190.206.254.133][1151] SELECT c_asigna FROM dace004 WHERE exp_e='12-21314879' AND c_asigna='300209' AND status IN ('0','3','B','C') [1][0] OK
C:[03/08/2014 16:29:55.67][190.206.254.133][1182] SELECT par_cod_asig1,par_cod_asig2,par_cod_asig3 FROM tblaca009 WHERE pensum='5' AND c_uni_ca='3' AND c_asigna='300317' [1][0] OK
C:[03/08/2014 16:29:55.81][190.206.254.133][1312] SELECT horas_lab FROM tblaca008 WHERE c_asigna='300317' AND horas_teoricas > 0 [1][0] OK
C:[03/08/2014 16:58:55.80][190.206.89.137][1138] SELECT pre_cod_asig1,pre_cod_asig2,pre_cod_asig3,pre_cod_asig4,pre_cod_asig5,pre_cod_asig6,pre_cod_asig7 FROM tblaca009 WHERE pensum='5' AND c_uni_ca='5' AND c_asigna='300207' [1][0] OK
C:[03/08/2014 16:58:55.80][190.206.89.137][1151] SELECT c_asigna FROM dace004 WHERE exp_e='13-24541749' AND c_asigna='300101' AND status IN ('0','3','B','C') [1][0] OK
C:[03/08/2014 16:58:55.80][190.206.89.137][1138] SELECT pre_cod_asig1,pre_cod_asig2,pre_cod_asig3,pre_cod_asig4,pre_cod_asig5,pre_cod_asig6,pre_cod_asig7 FROM tblaca009 WHERE pensum='5' AND c_uni_ca='5' AND c_asigna='300209' [1][0] OK
C:[03/08/2014 16:58:55.80][190.206.89.137][1151] SELECT c_asigna FROM dace004 WHERE exp_e='13-24541749' AND c_asigna='300101' AND status IN ('0','3','B','C') [1][0] OK
C:[03/08/2014 16:58:55.99][190.206.89.137][1182] SELECT par_cod_asig1,par_cod_asig2,par_cod_asig3 FROM tblaca009 WHERE pensum='5' AND c_uni_ca='5' AND c_asigna='300207' [1][0] OK
C:[03/08/2014 16:58:55.99][190.206.89.137][1182] SELECT par_cod_asig1,par_cod_asig2,par_cod_asig3 FROM tblaca009 WHERE pensum='5' AND c_uni_ca='5' AND c_asigna='300209' [1][0] OK
C:[03/08/2014 16:58:55.25][190.206.89.137][1312] SELECT horas_lab FROM tblaca008 WHERE c_asigna='300207' AND horas_teoricas > 0 [1][0] OK
C:[03/08/2014 16:58:55.25][190.206.89.137][1312] SELECT horas_lab FROM tblaca008 WHERE c_asigna='300209' AND horas_teoricas > 0 [1][0] OK
C:[03/08/2014 17:47:27.14][190.37.32.54][1138] SELECT pre_cod_asig1,pre_cod_asig2,pre_cod_asig3,pre_cod_asig4,pre_cod_asig5,pre_cod_asig6,pre_cod_asig7 FROM tblaca009 WHERE pensum='5' AND c_uni_ca='2' AND c_asigna='322669' [1][0] OK
C:[03/08/2014 17:47:27.14][190.37.32.54][1151] SELECT c_asigna FROM dace004 WHERE exp_e='11-21248873' AND c_asigna='322558' AND status IN ('0','3','B','C') [1][0] OK
C:[03/08/2014 17:47:27.14][190.37.32.54][1151] SELECT c_asigna FROM dace004 WHERE exp_e='11-21248873' AND c_asigna='323528' AND status IN ('0','3','B','C') [1][0] OK
C:[03/08/2014 17:47:27.14][190.37.32.54][1138] SELECT pre_cod_asig1,pre_cod_asig2,pre_cod_asig3,pre_cod_asig4,pre_cod_asig5,pre_cod_asig6,pre_cod_asig7 FROM tblaca009 WHERE pensum='5' AND c_uni_ca='2' AND c_asigna='322678' [1][0] OK
C:[03/08/2014 17:47:27.14][190.37.32.54][1151] SELECT c_asigna FROM dace004 WHERE exp_e='11-21248873' AND c_asigna='322559' AND status IN ('0','3','B','C') [1][0] OK
C:[03/08/2014 17:47:27.45][190.37.32.54][1182] SELECT par_cod_asig1,par_cod_asig2,par_cod_asig3 FROM tblaca009 WHERE pensum='5' AND c_uni_ca='2' AND c_asigna='322669' [1][0] OK
C:[03/08/2014 17:47:27.45][190.37.32.54][1182] SELECT par_cod_asig1,par_cod_asig2,par_cod_asig3 FROM tblaca009 WHERE pensum='5' AND c_uni_ca='2' AND c_asigna='322678' [1][0] OK
C:[03/08/2014 17:47:27.72][190.37.32.54][1312] SELECT horas_lab FROM tblaca008 WHERE c_asigna='322669' AND horas_teoricas > 0 [1][0] OK
C:[03/08/2014 17:47:27.72][190.37.32.54][1312] SELECT horas_lab FROM tblaca008 WHERE c_asigna='322678' AND horas_teoricas > 0 [1][0] OK
C:[03/08/2014 17:49:14.29][200.62.19.36][1138] SELECT pre_cod_asig1,pre_cod_asig2,pre_cod_asig3,pre_cod_asig4,pre_cod_asig5,pre_cod_asig6,pre_cod_asig7 FROM tblaca009 WHERE pensum='5' AND c_uni_ca='6' AND c_asigna='342436' [1][0] OK
C:[03/08/2014 17:49:14.29][200.62.19.36][1151] SELECT c_asigna FROM dace004 WHERE exp_e='10-21340415' AND c_asigna='300318' AND status IN ('0','3','B','C') [1][0] OK
C:[03/08/2014 17:49:14.29][200.62.19.36][1151] SELECT c_asigna FROM dace004 WHERE exp_e='10-21340415' AND c_asigna='300317' AND status IN ('0','3','B','C') [1][0] OK
C:[03/08/2014 17:49:14.29][200.62.19.36][1138] SELECT pre_cod_asig1,pre_cod_asig2,pre_cod_asig3,pre_cod_asig4,pre_cod_asig5,pre_cod_asig6,pre_cod_asig7 FROM tblaca009 WHERE pensum='5' AND c_uni_ca='6' AND c_asigna='342444' [1][0] OK
C:[03/08/2014 17:49:14.29][200.62.19.36][1151] SELECT c_asigna FROM dace004 WHERE exp_e='10-21340415' AND c_asigna='340323' AND status IN ('0','3','B','C') [1][0] OK
C:[03/08/2014 17:49:14.59][200.62.19.36][1182] SELECT par_cod_asig1,par_cod_asig2,par_cod_asig3 FROM tblaca009 WHERE pensum='5' AND c_uni_ca='6' AND c_asigna='342436' [1][0] OK
C:[03/08/2014 17:49:14.59][200.62.19.36][1182] SELECT par_cod_asig1,par_cod_asig2,par_cod_asig3 FROM tblaca009 WHERE pensum='5' AND c_uni_ca='6' AND c_asigna='342444' [1][0] OK
C:[03/08/2014 17:49:14.85][200.62.19.36][1312] SELECT horas_lab FROM tblaca008 WHERE c_asigna='342436' AND horas_teoricas > 0 [1][0] OK
C:[03/08/2014 17:49:14.85][200.62.19.36][1312] SELECT horas_lab FROM tblaca008 WHERE c_asigna='342444' AND horas_teoricas > 0 [1][0] OK
C:[03/08/2014 17:52:25.29][200.62.19.36][1138] SELECT pre_cod_asig1,pre_cod_asig2,pre_cod_asig3,pre_cod_asig4,pre_cod_asig5,pre_cod_asig6,pre_cod_asig7 FROM tblaca009 WHERE pensum='5' AND c_uni_ca='5' AND c_asigna='300222' [1][0] OK
C:[03/08/2014 17:52:25.29][200.62.19.36][1151] SELECT c_asigna FROM dace004 WHERE exp_e='13-25393257' AND c_asigna='300112' AND status IN ('0','3','B','C') [1][0] OK
C:[03/08/2014 17:52:25.23][200.62.19.36][1182] SELECT par_cod_asig1,par_cod_asig2,par_cod_asig3 FROM tblaca009 WHERE pensum='5' AND c_uni_ca='5' AND c_asigna='300222' [1][0] OK
C:[03/08/2014 17:52:25.36][200.62.19.36][1312] SELECT horas_lab FROM tblaca008 WHERE c_asigna='300222' AND horas_teoricas > 0 [1][0] OK
C:[03/08/2014 18:20:59.21][190.75.147.8][1138] SELECT pre_cod_asig1,pre_cod_asig2,pre_cod_asig3,pre_cod_asig4,pre_cod_asig5,pre_cod_asig6,pre_cod_asig7 FROM tblaca009 WHERE pensum='5' AND c_uni_ca='5' AND c_asigna='300222' [1][0] OK
C:[03/08/2014 18:20:59.21][190.75.147.8][1151] SELECT c_asigna FROM dace004 WHERE exp_e='13-25393257' AND c_asigna='300112' AND status IN ('0','3','B','C') [1][0] OK
C:[03/08/2014 18:20:59.15][190.75.147.8][1182] SELECT par_cod_asig1,par_cod_asig2,par_cod_asig3 FROM tblaca009 WHERE pensum='5' AND c_uni_ca='5' AND c_asigna='300222' [1][0] OK
C:[03/08/2014 18:20:59.29][190.75.147.8][1312] SELECT horas_lab FROM tblaca008 WHERE c_asigna='300222' AND horas_teoricas > 0 [1][0] OK
C:[03/08/2014 18:25:45.09][190.75.147.8][1138] SELECT pre_cod_asig1,pre_cod_asig2,pre_cod_asig3,pre_cod_asig4,pre_cod_asig5,pre_cod_asig6,pre_cod_asig7 FROM tblaca009 WHERE pensum='5' AND c_uni_ca='3' AND c_asigna='300222' [1][0] OK
C:[03/08/2014 18:25:45.09][190.75.147.8][1151] SELECT c_asigna FROM dace004 WHERE exp_e='13-22822847' AND c_asigna='300112' AND status IN ('0','3','B','C') [1][0] OK
C:[03/08/2014 18:25:45.09][190.75.147.8][1138] SELECT pre_cod_asig1,pre_cod_asig2,pre_cod_asig3,pre_cod_asig4,pre_cod_asig5,pre_cod_asig6,pre_cod_asig7 FROM tblaca009 WHERE pensum='5' AND c_uni_ca='3' AND c_asigna='300226' [1][0] OK
C:[03/08/2014 18:25:45.09][190.75.147.8][1151] SELECT c_asigna FROM dace004 WHERE exp_e='13-22822847' AND c_asigna='300116' AND status IN ('0','3','B','C') [1][0] OK
C:[03/08/2014 18:25:45.28][190.75.147.8][1182] SELECT par_cod_asig1,par_cod_asig2,par_cod_asig3 FROM tblaca009 WHERE pensum='5' AND c_uni_ca='3' AND c_asigna='300222' [1][0] OK
C:[03/08/2014 18:25:45.28][190.75.147.8][1182] SELECT par_cod_asig1,par_cod_asig2,par_cod_asig3 FROM tblaca009 WHERE pensum='5' AND c_uni_ca='3' AND c_asigna='300226' [1][0] OK
C:[03/08/2014 18:25:45.54][190.75.147.8][1312] SELECT horas_lab FROM tblaca008 WHERE c_asigna='300222' AND horas_teoricas > 0 [1][0] OK
C:[03/08/2014 18:25:45.54][190.75.147.8][1312] SELECT horas_lab FROM tblaca008 WHERE c_asigna='300226' AND horas_teoricas > 0 [1][0] OK
C:[03/08/2014 18:26:05.15][186.167.243.234][1138] SELECT pre_cod_asig1,pre_cod_asig2,pre_cod_asig3,pre_cod_asig4,pre_cod_asig5,pre_cod_asig6,pre_cod_asig7 FROM tblaca009 WHERE pensum='5' AND c_uni_ca='5' AND c_asigna='300317' [1][0] OK
C:[03/08/2014 18:26:05.15][186.167.243.234][1151] SELECT c_asigna FROM dace004 WHERE exp_e='12-21247073' AND c_asigna='300207' AND status IN ('0','3','B','C') [1][0] OK
C:[03/08/2014 18:26:05.15][186.167.243.234][1151] SELECT c_asigna FROM dace004 WHERE exp_e='12-21247073' AND c_asigna='300209' AND status IN ('0','3','B','C') [1][0] OK
C:[03/08/2014 18:26:05.21][186.167.243.234][1182] SELECT par_cod_asig1,par_cod_asig2,par_cod_asig3 FROM tblaca009 WHERE pensum='5' AND c_uni_ca='5' AND c_asigna='300317' [1][0] OK
C:[03/08/2014 18:26:05.35][186.167.243.234][1312] SELECT horas_lab FROM tblaca008 WHERE c_asigna='300317' AND horas_teoricas > 0 [1][0] OK
C:[03/08/2014 19:12:04.28][186.165.1.89][1138] SELECT pre_cod_asig1,pre_cod_asig2,pre_cod_asig3,pre_cod_asig4,pre_cod_asig5,pre_cod_asig6,pre_cod_asig7 FROM tblaca009 WHERE pensum='5' AND c_uni_ca='3' AND c_asigna='300101' [1][0] OK
C:[03/08/2014 19:12:04.10][186.165.1.89][1182] SELECT par_cod_asig1,par_cod_asig2,par_cod_asig3 FROM tblaca009 WHERE pensum='5' AND c_uni_ca='3' AND c_asigna='300101' [1][0] OK
C:[03/08/2014 19:12:04.23][186.165.1.89][1312] SELECT horas_lab FROM tblaca008 WHERE c_asigna='300101' AND horas_teoricas > 0 [1][0] OK
C:[03/08/2014 19:36:09.91][190.75.147.8][1138] SELECT pre_cod_asig1,pre_cod_asig2,pre_cod_asig3,pre_cod_asig4,pre_cod_asig5,pre_cod_asig6,pre_cod_asig7 FROM tblaca009 WHERE pensum='5' AND c_uni_ca='4' AND c_asigna='300226' [1][0] OK
C:[03/08/2014 19:36:09.91][190.75.147.8][1151] SELECT c_asigna FROM dace004 WHERE exp_e='12-25445468' AND c_asigna='300116' AND status IN ('0','3','B','C') [1][0] OK
C:[03/08/2014 19:36:09.85][190.75.147.8][1182] SELECT par_cod_asig1,par_cod_asig2,par_cod_asig3 FROM tblaca009 WHERE pensum='5' AND c_uni_ca='4' AND c_asigna='300226' [1][0] OK
C:[03/08/2014 19:36:09.98][190.75.147.8][1312] SELECT horas_lab FROM tblaca008 WHERE c_asigna='300226' AND horas_teoricas > 0 [1][0] OK
C:[03/08/2014 19:38:16.03][190.75.147.8][1138] SELECT pre_cod_asig1,pre_cod_asig2,pre_cod_asig3,pre_cod_asig4,pre_cod_asig5,pre_cod_asig6,pre_cod_asig7 FROM tblaca009 WHERE pensum='5' AND c_uni_ca='3' AND c_asigna='300101' [1][0] OK
C:[03/08/2014 19:38:16.85][190.75.147.8][1182] SELECT par_cod_asig1,par_cod_asig2,par_cod_asig3 FROM tblaca009 WHERE pensum='5' AND c_uni_ca='3' AND c_asigna='300101' [1][0] OK
C:[03/08/2014 19:38:16.98][190.75.147.8][1312] SELECT horas_lab FROM tblaca008 WHERE c_asigna='300101' AND horas_teoricas > 0 [1][0] OK
C:[03/08/2014 19:47:19.05][190.73.144.243][1138] SELECT pre_cod_asig1,pre_cod_asig2,pre_cod_asig3,pre_cod_asig4,pre_cod_asig5,pre_cod_asig6,pre_cod_asig7 FROM tblaca009 WHERE pensum='5' AND c_uni_ca='5' AND c_asigna='300101' [1][0] OK
C:[03/08/2014 19:47:19.86][190.73.144.243][1182] SELECT par_cod_asig1,par_cod_asig2,par_cod_asig3 FROM tblaca009 WHERE pensum='5' AND c_uni_ca='5' AND c_asigna='300101' [1][0] OK
C:[03/08/2014 19:47:19.99][190.73.144.243][1312] SELECT horas_lab FROM tblaca008 WHERE c_asigna='300101' AND horas_teoricas > 0 [1][0] OK
C:[03/08/2014 19:50:24.59][190.38.117.174][1138] SELECT pre_cod_asig1,pre_cod_asig2,pre_cod_asig3,pre_cod_asig4,pre_cod_asig5,pre_cod_asig6,pre_cod_asig7 FROM tblaca009 WHERE pensum='5' AND c_uni_ca='6' AND c_asigna='342567' [1][0] OK
C:[03/08/2014 19:50:24.59][190.38.117.174][1151] SELECT c_asigna FROM dace004 WHERE exp_e='11-21380017' AND c_asigna='342444' AND status IN ('0','3','B','C') [1][0] OK
C:[03/08/2014 19:50:24.59][190.38.117.174][1138] SELECT pre_cod_asig1,pre_cod_asig2,pre_cod_asig3,pre_cod_asig4,pre_cod_asig5,pre_cod_asig6,pre_cod_asig7 FROM tblaca009 WHERE pensum='5' AND c_uni_ca='6' AND c_asigna='342559' [1][0] OK
C:[03/08/2014 19:50:24.59][190.38.117.174][1151] SELECT c_asigna FROM dace004 WHERE exp_e='11-21380017' AND c_asigna='342436' AND status IN ('0','3','B','C') [1][0] OK
C:[03/08/2014 19:50:24.59][190.38.117.174][1138] SELECT pre_cod_asig1,pre_cod_asig2,pre_cod_asig3,pre_cod_asig4,pre_cod_asig5,pre_cod_asig6,pre_cod_asig7 FROM tblaca009 WHERE pensum='5' AND c_uni_ca='6' AND c_asigna='344565' [1][0] OK
C:[03/08/2014 19:50:24.59][190.38.117.174][1151] SELECT c_asigna FROM dace004 WHERE exp_e='11-21380017' AND c_asigna='344445' AND status IN ('0','3','B','C') [1][0] OK
C:[03/08/2014 19:50:24.02][190.38.117.174][1182] SELECT par_cod_asig1,par_cod_asig2,par_cod_asig3 FROM tblaca009 WHERE pensum='5' AND c_uni_ca='6' AND c_asigna='342567' [1][0] OK
C:[03/08/2014 19:50:24.02][190.38.117.174][1182] SELECT par_cod_asig1,par_cod_asig2,par_cod_asig3 FROM tblaca009 WHERE pensum='5' AND c_uni_ca='6' AND c_asigna='342559' [1][0] OK
C:[03/08/2014 19:50:24.02][190.38.117.174][1182] SELECT par_cod_asig1,par_cod_asig2,par_cod_asig3 FROM tblaca009 WHERE pensum='5' AND c_uni_ca='6' AND c_asigna='344565' [1][0] OK
C:[03/08/2014 19:50:25.41][190.38.117.174][1312] SELECT horas_lab FROM tblaca008 WHERE c_asigna='342567' AND horas_teoricas > 0 [1][0] OK
C:[03/08/2014 19:50:25.41][190.38.117.174][1312] SELECT horas_lab FROM tblaca008 WHERE c_asigna='342559' AND horas_teoricas > 0 [1][0] OK
C:[03/08/2014 19:50:25.41][190.38.117.174][1312] SELECT horas_lab FROM tblaca008 WHERE c_asigna='344565' AND horas_teoricas > 0 [1][0] OK
C:[03/08/2014 20:00:38.76][190.198.93.161][1138] SELECT pre_cod_asig1,pre_cod_asig2,pre_cod_asig3,pre_cod_asig4,pre_cod_asig5,pre_cod_asig6,pre_cod_asig7 FROM tblaca009 WHERE pensum='5' AND c_uni_ca='6' AND c_asigna='300101' [1][0] OK
C:[03/08/2014 20:00:38.57][190.198.93.161][1182] SELECT par_cod_asig1,par_cod_asig2,par_cod_asig3 FROM tblaca009 WHERE pensum='5' AND c_uni_ca='6' AND c_asigna='300101' [1][0] OK
C:[03/08/2014 20:00:38.70][190.198.93.161][1312] SELECT horas_lab FROM tblaca008 WHERE c_asigna='300101' AND horas_teoricas > 0 [1][0] OK
C:[03/08/2014 20:11:19.88][186.89.215.176][1138] SELECT pre_cod_asig1,pre_cod_asig2,pre_cod_asig3,pre_cod_asig4,pre_cod_asig5,pre_cod_asig6,pre_cod_asig7 FROM tblaca009 WHERE pensum='5' AND c_uni_ca='5' AND c_asigna='355691' [1][0] OK
C:[03/08/2014 20:11:19.88][186.89.215.176][1151] SELECT c_asigna FROM dace004 WHERE exp_e='10-20298085' AND c_asigna='355571' AND status IN ('0','3','B','C') [1][0] OK
C:[03/08/2014 20:11:19.88][186.89.215.176][1138] SELECT pre_cod_asig1,pre_cod_asig2,pre_cod_asig3,pre_cod_asig4,pre_cod_asig5,pre_cod_asig6,pre_cod_asig7 FROM tblaca009 WHERE pensum='5' AND c_uni_ca='5' AND c_asigna='355692' [1][0] OK
C:[03/08/2014 20:11:19.88][186.89.215.176][1151] SELECT c_asigna FROM dace004 WHERE exp_e='10-20298085' AND c_asigna='355448' AND status IN ('0','3','B','C') [1][0] OK
C:[03/08/2014 20:11:19.88][186.89.215.176][1151] SELECT c_asigna FROM dace004 WHERE exp_e='10-20298085' AND c_asigna='355570' AND status IN ('0','3','B','C') [1][0] OK
C:[03/08/2014 20:11:19.19][186.89.215.176][1182] SELECT par_cod_asig1,par_cod_asig2,par_cod_asig3 FROM tblaca009 WHERE pensum='5' AND c_uni_ca='5' AND c_asigna='355691' [1][0] OK
C:[03/08/2014 20:11:19.19][186.89.215.176][1182] SELECT par_cod_asig1,par_cod_asig2,par_cod_asig3 FROM tblaca009 WHERE pensum='5' AND c_uni_ca='5' AND c_asigna='355692' [1][0] OK
C:[03/08/2014 20:11:19.45][186.89.215.176][1312] SELECT horas_lab FROM tblaca008 WHERE c_asigna='355691' AND horas_teoricas > 0 [1][0] OK
C:[03/08/2014 20:11:19.45][186.89.215.176][1312] SELECT horas_lab FROM tblaca008 WHERE c_asigna='355692' AND horas_teoricas > 0 [1][0] OK
C:[03/08/2014 20:13:16.58][190.198.93.161][1138] SELECT pre_cod_asig1,pre_cod_asig2,pre_cod_asig3,pre_cod_asig4,pre_cod_asig5,pre_cod_asig6,pre_cod_asig7 FROM tblaca009 WHERE pensum='5' AND c_uni_ca='6' AND c_asigna='300101' [1][0] OK
C:[03/08/2014 20:13:17.39][190.198.93.161][1182] SELECT par_cod_asig1,par_cod_asig2,par_cod_asig3 FROM tblaca009 WHERE pensum='5' AND c_uni_ca='6' AND c_asigna='300101' [1][0] OK
C:[03/08/2014 20:13:17.58][190.198.93.161][1312] SELECT horas_lab FROM tblaca008 WHERE c_asigna='300101' AND horas_teoricas > 0 [1][0] OK
C:[03/08/2014 20:20:24.62][190.206.47.7][1138] SELECT pre_cod_asig1,pre_cod_asig2,pre_cod_asig3,pre_cod_asig4,pre_cod_asig5,pre_cod_asig6,pre_cod_asig7 FROM tblaca009 WHERE pensum='5' AND c_uni_ca='6' AND c_asigna='300207' [1][0] OK
C:[03/08/2014 20:20:24.62][190.206.47.7][1151] SELECT c_asigna FROM dace004 WHERE exp_e='12-20885597' AND c_asigna='300101' AND status IN ('0','3','B','C') [1][0] OK
C:[03/08/2014 20:20:24.62][190.206.47.7][1138] SELECT pre_cod_asig1,pre_cod_asig2,pre_cod_asig3,pre_cod_asig4,pre_cod_asig5,pre_cod_asig6,pre_cod_asig7 FROM tblaca009 WHERE pensum='5' AND c_uni_ca='6' AND c_asigna='300209' [1][0] OK
C:[03/08/2014 20:20:24.62][190.206.47.7][1151] SELECT c_asigna FROM dace004 WHERE exp_e='12-20885597' AND c_asigna='300101' AND status IN ('0','3','B','C') [1][0] OK
C:[03/08/2014 20:20:24.82][190.206.47.7][1182] SELECT par_cod_asig1,par_cod_asig2,par_cod_asig3 FROM tblaca009 WHERE pensum='5' AND c_uni_ca='6' AND c_asigna='300207' [1][0] OK
C:[03/08/2014 20:20:24.82][190.206.47.7][1182] SELECT par_cod_asig1,par_cod_asig2,par_cod_asig3 FROM tblaca009 WHERE pensum='5' AND c_uni_ca='6' AND c_asigna='300209' [1][0] OK
C:[03/08/2014 20:20:24.07][190.206.47.7][1312] SELECT horas_lab FROM tblaca008 WHERE c_asigna='300207' AND horas_teoricas > 0 [1][0] OK
C:[03/08/2014 20:20:24.07][190.206.47.7][1312] SELECT horas_lab FROM tblaca008 WHERE c_asigna='300209' AND horas_teoricas > 0 [1][0] OK
C:[03/08/2014 20:22:45.62][190.206.47.7][1138] SELECT pre_cod_asig1,pre_cod_asig2,pre_cod_asig3,pre_cod_asig4,pre_cod_asig5,pre_cod_asig6,pre_cod_asig7 FROM tblaca009 WHERE pensum='5' AND c_uni_ca='5' AND c_asigna='300105' [1][0] OK
C:[03/08/2014 20:22:45.44][190.206.47.7][1182] SELECT par_cod_asig1,par_cod_asig2,par_cod_asig3 FROM tblaca009 WHERE pensum='5' AND c_uni_ca='5' AND c_asigna='300105' [1][0] OK
C:[03/08/2014 20:22:45.57][190.206.47.7][1312] SELECT horas_lab FROM tblaca008 WHERE c_asigna='300105' AND horas_teoricas > 0 [1][0] OK
C:[03/08/2014 20:38:09.70][186.90.117.185][1138] SELECT pre_cod_asig1,pre_cod_asig2,pre_cod_asig3,pre_cod_asig4,pre_cod_asig5,pre_cod_asig6,pre_cod_asig7 FROM tblaca009 WHERE pensum='5' AND c_uni_ca='6' AND c_asigna='344715' [1][0] OK
C:[03/08/2014 20:38:09.70][186.90.117.185][1151] SELECT c_asigna FROM dace004 WHERE exp_e='10-21338158' AND c_asigna='344688' AND status IN ('0','3','B','C') [1][0] OK
C:[03/08/2014 20:38:09.70][186.90.117.185][1151] SELECT c_asigna FROM dace004 WHERE exp_e='10-21338158' AND c_asigna='344613' AND status IN ('0','3','B','C') [1][0] OK
C:[03/08/2014 20:38:10.77][186.90.117.185][1182] SELECT par_cod_asig1,par_cod_asig2,par_cod_asig3 FROM tblaca009 WHERE pensum='5' AND c_uni_ca='6' AND c_asigna='344715' [1][0] OK
C:[03/08/2014 20:38:10.91][186.90.117.185][1312] SELECT horas_lab FROM tblaca008 WHERE c_asigna='344715' AND horas_teoricas > 0 [1][0] OK
C:[03/08/2014 20:58:28.73][186.94.82.51][1138] SELECT pre_cod_asig1,pre_cod_asig2,pre_cod_asig3,pre_cod_asig4,pre_cod_asig5,pre_cod_asig6,pre_cod_asig7 FROM tblaca009 WHERE pensum='5' AND c_uni_ca='2' AND c_asigna='300209' [1][0] OK
C:[03/08/2014 20:58:28.73][186.94.82.51][1151] SELECT c_asigna FROM dace004 WHERE exp_e='13-25083744' AND c_asigna='300101' AND status IN ('0','3','B','C') [1][0] OK
C:[03/08/2014 20:58:28.73][186.94.82.51][1138] SELECT pre_cod_asig1,pre_cod_asig2,pre_cod_asig3,pre_cod_asig4,pre_cod_asig5,pre_cod_asig6,pre_cod_asig7 FROM tblaca009 WHERE pensum='5' AND c_uni_ca='2' AND c_asigna='300222' [1][0] OK
C:[03/08/2014 20:58:28.73][186.94.82.51][1151] SELECT c_asigna FROM dace004 WHERE exp_e='13-25083744' AND c_asigna='300112' AND status IN ('0','3','B','C') [1][0] OK
C:[03/08/2014 20:58:28.92][186.94.82.51][1182] SELECT par_cod_asig1,par_cod_asig2,par_cod_asig3 FROM tblaca009 WHERE pensum='5' AND c_uni_ca='2' AND c_asigna='300209' [1][0] OK
C:[03/08/2014 20:58:28.92][186.94.82.51][1182] SELECT par_cod_asig1,par_cod_asig2,par_cod_asig3 FROM tblaca009 WHERE pensum='5' AND c_uni_ca='2' AND c_asigna='300222' [1][0] OK
C:[03/08/2014 20:58:28.18][186.94.82.51][1312] SELECT horas_lab FROM tblaca008 WHERE c_asigna='300209' AND horas_teoricas > 0 [1][0] OK
C:[03/08/2014 20:58:28.18][186.94.82.51][1312] SELECT horas_lab FROM tblaca008 WHERE c_asigna='300222' AND horas_teoricas > 0 [1][0] OK
C:[03/08/2014 21:03:31.91][186.94.82.51][1138] SELECT pre_cod_asig1,pre_cod_asig2,pre_cod_asig3,pre_cod_asig4,pre_cod_asig5,pre_cod_asig6,pre_cod_asig7 FROM tblaca009 WHERE pensum='5' AND c_uni_ca='5' AND c_asigna='300209' [1][0] OK
C:[03/08/2014 21:03:31.91][186.94.82.51][1151] SELECT c_asigna FROM dace004 WHERE exp_e='13-25267197' AND c_asigna='300101' AND status IN ('0','3','B','C') [1][0] OK
C:[03/08/2014 21:03:31.91][186.94.82.51][1138] SELECT pre_cod_asig1,pre_cod_asig2,pre_cod_asig3,pre_cod_asig4,pre_cod_asig5,pre_cod_asig6,pre_cod_asig7 FROM tblaca009 WHERE pensum='5' AND c_uni_ca='5' AND c_asigna='300226' [1][0] OK
C:[03/08/2014 21:03:31.91][186.94.82.51][1151] SELECT c_asigna FROM dace004 WHERE exp_e='13-25267197' AND c_asigna='300116' AND status IN ('0','3','B','C') [1][0] OK
C:[03/08/2014 21:03:32.10][186.94.82.51][1182] SELECT par_cod_asig1,par_cod_asig2,par_cod_asig3 FROM tblaca009 WHERE pensum='5' AND c_uni_ca='5' AND c_asigna='300209' [1][0] OK
C:[03/08/2014 21:03:32.10][186.94.82.51][1182] SELECT par_cod_asig1,par_cod_asig2,par_cod_asig3 FROM tblaca009 WHERE pensum='5' AND c_uni_ca='5' AND c_asigna='300226' [1][0] OK
C:[03/08/2014 21:03:32.36][186.94.82.51][1312] SELECT horas_lab FROM tblaca008 WHERE c_asigna='300209' AND horas_teoricas > 0 [1][0] OK
C:[03/08/2014 21:03:32.36][186.94.82.51][1312] SELECT horas_lab FROM tblaca008 WHERE c_asigna='300226' AND horas_teoricas > 0 [1][0] OK
C:[03/08/2014 21:04:39.40][190.38.117.174][1138] SELECT pre_cod_asig1,pre_cod_asig2,pre_cod_asig3,pre_cod_asig4,pre_cod_asig5,pre_cod_asig6,pre_cod_asig7 FROM tblaca009 WHERE pensum='5' AND c_uni_ca='2' AND c_asigna='300101' [1][0] OK
C:[03/08/2014 21:04:39.23][190.38.117.174][1182] SELECT par_cod_asig1,par_cod_asig2,par_cod_asig3 FROM tblaca009 WHERE pensum='5' AND c_uni_ca='2' AND c_asigna='300101' [1][0] OK
C:[03/08/2014 21:04:39.35][190.38.117.174][1312] SELECT horas_lab FROM tblaca008 WHERE c_asigna='300101' AND horas_teoricas > 0 [1][0] OK
C:[03/08/2014 21:06:19.33][186.88.168.18][1138] SELECT pre_cod_asig1,pre_cod_asig2,pre_cod_asig3,pre_cod_asig4,pre_cod_asig5,pre_cod_asig6,pre_cod_asig7 FROM tblaca009 WHERE pensum='5' AND c_uni_ca='5' AND c_asigna='300222' [1][0] OK
C:[03/08/2014 21:06:19.33][186.88.168.18][1151] SELECT c_asigna FROM dace004 WHERE exp_e='12-25694208' AND c_asigna='300112' AND status IN ('0','3','B','C') [1][0] OK
C:[03/08/2014 21:06:19.33][186.88.168.18][1138] SELECT pre_cod_asig1,pre_cod_asig2,pre_cod_asig3,pre_cod_asig4,pre_cod_asig5,pre_cod_asig6,pre_cod_asig7 FROM tblaca009 WHERE pensum='5' AND c_uni_ca='5' AND c_asigna='300317' [1][0] OK
C:[03/08/2014 21:06:19.33][186.88.168.18][1151] SELECT c_asigna FROM dace004 WHERE exp_e='12-25694208' AND c_asigna='300207' AND status IN ('0','3','B','C') [1][0] OK
C:[03/08/2014 21:06:19.33][186.88.168.18][1151] SELECT c_asigna FROM dace004 WHERE exp_e='12-25694208' AND c_asigna='300209' AND status IN ('0','3','B','C') [1][0] OK
C:[03/08/2014 21:06:19.62][186.88.168.18][1182] SELECT par_cod_asig1,par_cod_asig2,par_cod_asig3 FROM tblaca009 WHERE pensum='5' AND c_uni_ca='5' AND c_asigna='300222' [1][0] OK
C:[03/08/2014 21:06:19.62][186.88.168.18][1182] SELECT par_cod_asig1,par_cod_asig2,par_cod_asig3 FROM tblaca009 WHERE pensum='5' AND c_uni_ca='5' AND c_asigna='300317' [1][0] OK
C:[03/08/2014 21:06:19.88][186.88.168.18][1312] SELECT horas_lab FROM tblaca008 WHERE c_asigna='300222' AND horas_teoricas > 0 [1][0] OK
C:[03/08/2014 21:06:19.88][186.88.168.18][1312] SELECT horas_lab FROM tblaca008 WHERE c_asigna='300317' AND horas_teoricas > 0 [1][0] OK
C:[03/08/2014 21:23:16.96][186.90.216.215][1138] SELECT pre_cod_asig1,pre_cod_asig2,pre_cod_asig3,pre_cod_asig4,pre_cod_asig5,pre_cod_asig6,pre_cod_asig7 FROM tblaca009 WHERE pensum='5' AND c_uni_ca='3' AND c_asigna='311795' [1][0] OK
C:[03/08/2014 21:23:16.96][186.90.216.215][1151] SELECT c_asigna FROM dace004 WHERE exp_e='11-24963856' AND c_asigna='311674' AND status IN ('0','3','B','C') [1][0] OK
C:[03/08/2014 21:23:16.96][186.90.216.215][1151] SELECT c_asigna FROM dace004 WHERE exp_e='11-24963856' AND c_asigna='311673' AND status IN ('0','3','B','C') [1][0] OK
C:[03/08/2014 21:23:16.96][186.90.216.215][1138] SELECT pre_cod_asig1,pre_cod_asig2,pre_cod_asig3,pre_cod_asig4,pre_cod_asig5,pre_cod_asig6,pre_cod_asig7 FROM tblaca009 WHERE pensum='5' AND c_uni_ca='3' AND c_asigna='311799' [1][0] OK
C:[03/08/2014 21:23:16.96][186.90.216.215][1151] SELECT c_asigna FROM dace004 WHERE exp_e='11-24963856' AND c_asigna='311673' AND status IN ('0','3','B','C') [1][0] OK
C:[03/08/2014 21:23:17.27][186.90.216.215][1182] SELECT par_cod_asig1,par_cod_asig2,par_cod_asig3 FROM tblaca009 WHERE pensum='5' AND c_uni_ca='3' AND c_asigna='311795' [1][0] OK
C:[03/08/2014 21:23:17.27][186.90.216.215][1182] SELECT par_cod_asig1,par_cod_asig2,par_cod_asig3 FROM tblaca009 WHERE pensum='5' AND c_uni_ca='3' AND c_asigna='311799' [1][0] OK
C:[03/08/2014 21:23:17.53][186.90.216.215][1312] SELECT horas_lab FROM tblaca008 WHERE c_asigna='311795' AND horas_teoricas > 0 [1][0] OK
C:[03/08/2014 21:23:17.53][186.90.216.215][1312] SELECT horas_lab FROM tblaca008 WHERE c_asigna='311799' AND horas_teoricas > 0 [1][0] OK
C:[03/08/2014 21:29:35.04][201.242.58.172][1138] SELECT pre_cod_asig1,pre_cod_asig2,pre_cod_asig3,pre_cod_asig4,pre_cod_asig5,pre_cod_asig6,pre_cod_asig7 FROM tblaca009 WHERE pensum='5' AND c_uni_ca='4' AND c_asigna='300209' [1][0] OK
C:[03/08/2014 21:29:35.04][201.242.58.172][1151] SELECT c_asigna FROM dace004 WHERE exp_e='08-21249304' AND c_asigna='300101' AND status IN ('0','3','B','C') [1][0] OK
C:[03/08/2014 21:29:35.98][201.242.58.172][1182] SELECT par_cod_asig1,par_cod_asig2,par_cod_asig3 FROM tblaca009 WHERE pensum='5' AND c_uni_ca='4' AND c_asigna='300209' [1][0] OK
C:[03/08/2014 21:29:35.11][201.242.58.172][1312] SELECT horas_lab FROM tblaca008 WHERE c_asigna='300209' AND horas_teoricas > 0 [1][0] OK
C:[03/08/2014 21:32:57.05][190.36.11.72][1138] SELECT pre_cod_asig1,pre_cod_asig2,pre_cod_asig3,pre_cod_asig4,pre_cod_asig5,pre_cod_asig6,pre_cod_asig7 FROM tblaca009 WHERE pensum='5' AND c_uni_ca='5' AND c_asigna='300101' [1][0] OK
C:[03/08/2014 21:32:57.87][190.36.11.72][1182] SELECT par_cod_asig1,par_cod_asig2,par_cod_asig3 FROM tblaca009 WHERE pensum='5' AND c_uni_ca='5' AND c_asigna='300101' [1][0] OK
C:[03/08/2014 21:32:57.00][190.36.11.72][1312] SELECT horas_lab FROM tblaca008 WHERE c_asigna='300101' AND horas_teoricas > 0 [1][0] OK
C:[03/08/2014 21:38:29.64][186.167.242.33][1138] SELECT pre_cod_asig1,pre_cod_asig2,pre_cod_asig3,pre_cod_asig4,pre_cod_asig5,pre_cod_asig6,pre_cod_asig7 FROM tblaca009 WHERE pensum='5' AND c_uni_ca='6' AND c_asigna='300207' [1][0] OK
C:[03/08/2014 21:38:29.64][186.167.242.33][1151] SELECT c_asigna FROM dace004 WHERE exp_e='11-20286377' AND c_asigna='300101' AND status IN ('0','3','B','C') [1][0] OK
C:[03/08/2014 21:38:29.58][186.167.242.33][1182] SELECT par_cod_asig1,par_cod_asig2,par_cod_asig3 FROM tblaca009 WHERE pensum='5' AND c_uni_ca='6' AND c_asigna='300207' [1][0] OK
C:[03/08/2014 21:38:29.72][186.167.242.33][1312] SELECT horas_lab FROM tblaca008 WHERE c_asigna='300207' AND horas_teoricas > 0 [1][0] OK
C:[03/08/2014 21:39:39.13][181.185.176.147][1138] SELECT pre_cod_asig1,pre_cod_asig2,pre_cod_asig3,pre_cod_asig4,pre_cod_asig5,pre_cod_asig6,pre_cod_asig7 FROM tblaca009 WHERE pensum='5' AND c_uni_ca='5' AND c_asigna='355447' [1][0] OK
C:[03/08/2014 21:39:39.13][181.185.176.147][1151] SELECT c_asigna FROM dace004 WHERE exp_e='09-21338869' AND c_asigna='351330' AND status IN ('0','3','B','C') [1][0] OK
C:[03/08/2014 21:39:39.13][181.185.176.147][1138] SELECT pre_cod_asig1,pre_cod_asig2,pre_cod_asig3,pre_cod_asig4,pre_cod_asig5,pre_cod_asig6,pre_cod_asig7 FROM tblaca009 WHERE pensum='5' AND c_uni_ca='5' AND c_asigna='351451' [1][0] OK
C:[03/08/2014 21:39:39.13][181.185.176.147][1151] SELECT c_asigna FROM dace004 WHERE exp_e='09-21338869' AND c_asigna='351330' AND status IN ('0','3','B','C') [1][0] OK
C:[03/08/2014 21:39:39.13][181.185.176.147][1151] SELECT c_asigna FROM dace004 WHERE exp_e='09-21338869' AND c_asigna='355350' AND status IN ('0','3','B','C') [1][0] OK
C:[03/08/2014 21:39:39.13][181.185.176.147][1151] SELECT c_asigna FROM dace004 WHERE exp_e='09-21338869' AND c_asigna='300318' AND status IN ('0','3','B','C') [1][0] OK
C:[03/08/2014 21:39:39.13][181.185.176.147][1151] SELECT c_asigna FROM dace004 WHERE exp_e='09-21338869' AND c_asigna='300209' AND status IN ('0','3','B','C') [1][0] OK
C:[03/08/2014 21:39:39.13][181.185.176.147][1151] SELECT c_asigna FROM dace004 WHERE exp_e='09-21338869' AND c_asigna='300222' AND status IN ('0','3','B','C') [1][0] OK
C:[03/08/2014 21:39:39.81][181.185.176.147][1182] SELECT par_cod_asig1,par_cod_asig2,par_cod_asig3 FROM tblaca009 WHERE pensum='5' AND c_uni_ca='5' AND c_asigna='355447' [1][0] OK
C:[03/08/2014 21:39:39.81][181.185.176.147][1182] SELECT par_cod_asig1,par_cod_asig2,par_cod_asig3 FROM tblaca009 WHERE pensum='5' AND c_uni_ca='5' AND c_asigna='351451' [1][0] OK
C:[03/08/2014 21:39:39.09][181.185.176.147][1312] SELECT horas_lab FROM tblaca008 WHERE c_asigna='355447' AND horas_teoricas > 0 [1][0] OK
C:[03/08/2014 21:39:39.09][181.185.176.147][1312] SELECT horas_lab FROM tblaca008 WHERE c_asigna='351451' AND horas_teoricas > 0 [1][0] OK
C:[03/08/2014 21:40:21.31][190.201.162.84][1138] SELECT pre_cod_asig1,pre_cod_asig2,pre_cod_asig3,pre_cod_asig4,pre_cod_asig5,pre_cod_asig6,pre_cod_asig7 FROM tblaca009 WHERE pensum='5' AND c_uni_ca='3' AND c_asigna='311551' [1][0] OK
C:[03/08/2014 21:40:21.31][190.201.162.84][1151] SELECT c_asigna FROM dace004 WHERE exp_e='10-20037392' AND c_asigna='311430' AND status IN ('0','3','B','C') [1][0] OK
C:[03/08/2014 21:40:21.31][190.201.162.84][1151] SELECT c_asigna FROM dace004 WHERE exp_e='10-20037392' AND c_asigna='311431' AND status IN ('0','3','B','C') [1][0] OK
C:[03/08/2014 21:40:21.31][190.201.162.84][1151] SELECT c_asigna FROM dace004 WHERE exp_e='10-20037392' AND c_asigna='300222' AND status IN ('0','3','B','C') [1][0] OK
C:[03/08/2014 21:40:21.31][190.201.162.84][1151] SELECT c_asigna FROM dace004 WHERE exp_e='10-20037392' AND c_asigna='300226' AND status IN ('0','3','B','C') [1][0] OK
C:[03/08/2014 21:40:21.31][190.201.162.84][1151] SELECT c_asigna FROM dace004 WHERE exp_e='10-20037392' AND c_asigna='300209' AND status IN ('0','3','B','C') [1][0] OK
C:[03/08/2014 21:40:21.31][190.201.162.84][1151] SELECT c_asigna FROM dace004 WHERE exp_e='10-20037392' AND c_asigna='311320' AND status IN ('0','3','B','C') [1][0] OK
C:[03/08/2014 21:40:21.31][190.201.162.84][1138] SELECT pre_cod_asig1,pre_cod_asig2,pre_cod_asig3,pre_cod_asig4,pre_cod_asig5,pre_cod_asig6,pre_cod_asig7 FROM tblaca009 WHERE pensum='5' AND c_uni_ca='3' AND c_asigna='311655' [1][0] OK
C:[03/08/2014 21:40:21.31][190.201.162.84][1151] SELECT c_asigna FROM dace004 WHERE exp_e='10-20037392' AND c_asigna='311556' AND status IN ('0','3','B','C') [1][0] OK
C:[03/08/2014 21:40:22.12][190.201.162.84][1182] SELECT par_cod_asig1,par_cod_asig2,par_cod_asig3 FROM tblaca009 WHERE pensum='5' AND c_uni_ca='3' AND c_asigna='311551' [1][0] OK
C:[03/08/2014 21:40:22.12][190.201.162.84][1182] SELECT par_cod_asig1,par_cod_asig2,par_cod_asig3 FROM tblaca009 WHERE pensum='5' AND c_uni_ca='3' AND c_asigna='311655' [1][0] OK
C:[03/08/2014 21:40:22.39][190.201.162.84][1312] SELECT horas_lab FROM tblaca008 WHERE c_asigna='311551' AND horas_teoricas > 0 [1][0] OK
C:[03/08/2014 21:40:22.39][190.201.162.84][1312] SELECT horas_lab FROM tblaca008 WHERE c_asigna='311655' AND horas_teoricas > 0 [1][0] OK
C:[03/08/2014 21:46:20.73][190.198.95.112][1138] SELECT pre_cod_asig1,pre_cod_asig2,pre_cod_asig3,pre_cod_asig4,pre_cod_asig5,pre_cod_asig6,pre_cod_asig7 FROM tblaca009 WHERE pensum='5' AND c_uni_ca='5' AND c_asigna='355447' [1][0] OK
C:[03/08/2014 21:46:20.73][190.198.95.112][1151] SELECT c_asigna FROM dace004 WHERE exp_e='09-21338869' AND c_asigna='351330' AND status IN ('0','3','B','C') [1][0] OK
C:[03/08/2014 21:46:20.73][190.198.95.112][1138] SELECT pre_cod_asig1,pre_cod_asig2,pre_cod_asig3,pre_cod_asig4,pre_cod_asig5,pre_cod_asig6,pre_cod_asig7 FROM tblaca009 WHERE pensum='5' AND c_uni_ca='5' AND c_asigna='351451' [1][0] OK
C:[03/08/2014 21:46:20.73][190.198.95.112][1151] SELECT c_asigna FROM dace004 WHERE exp_e='09-21338869' AND c_asigna='351330' AND status IN ('0','3','B','C') [1][0] OK
C:[03/08/2014 21:46:20.73][190.198.95.112][1151] SELECT c_asigna FROM dace004 WHERE exp_e='09-21338869' AND c_asigna='355350' AND status IN ('0','3','B','C') [1][0] OK
C:[03/08/2014 21:46:20.73][190.198.95.112][1151] SELECT c_asigna FROM dace004 WHERE exp_e='09-21338869' AND c_asigna='300318' AND status IN ('0','3','B','C') [1][0] OK
C:[03/08/2014 21:46:20.73][190.198.95.112][1151] SELECT c_asigna FROM dace004 WHERE exp_e='09-21338869' AND c_asigna='300209' AND status IN ('0','3','B','C') [1][0] OK
C:[03/08/2014 21:46:20.73][190.198.95.112][1151] SELECT c_asigna FROM dace004 WHERE exp_e='09-21338869' AND c_asigna='300222' AND status IN ('0','3','B','C') [1][0] OK
C:[03/08/2014 21:46:20.98][190.198.95.112][1182] SELECT par_cod_asig1,par_cod_asig2,par_cod_asig3 FROM tblaca009 WHERE pensum='5' AND c_uni_ca='5' AND c_asigna='355447' [1][0] OK
C:[03/08/2014 21:46:20.98][190.198.95.112][1182] SELECT par_cod_asig1,par_cod_asig2,par_cod_asig3 FROM tblaca009 WHERE pensum='5' AND c_uni_ca='5' AND c_asigna='351451' [1][0] OK
C:[03/08/2014 21:46:20.24][190.198.95.112][1312] SELECT horas_lab FROM tblaca008 WHERE c_asigna='355447' AND horas_teoricas > 0 [1][0] OK
C:[03/08/2014 21:46:20.24][190.198.95.112][1312] SELECT horas_lab FROM tblaca008 WHERE c_asigna='351451' AND horas_teoricas > 0 [1][0] OK
C:[03/08/2014 21:50:00.90][190.198.153.46][1138] SELECT pre_cod_asig1,pre_cod_asig2,pre_cod_asig3,pre_cod_asig4,pre_cod_asig5,pre_cod_asig6,pre_cod_asig7 FROM tblaca009 WHERE pensum='5' AND c_uni_ca='4' AND c_asigna='300101' [1][0] OK
C:[03/08/2014 21:50:00.90][190.198.153.46][1138] SELECT pre_cod_asig1,pre_cod_asig2,pre_cod_asig3,pre_cod_asig4,pre_cod_asig5,pre_cod_asig6,pre_cod_asig7 FROM tblaca009 WHERE pensum='5' AND c_uni_ca='4' AND c_asigna='300226' [1][0] OK
C:[03/08/2014 21:50:00.90][190.198.153.46][1151] SELECT c_asigna FROM dace004 WHERE exp_e='11-20703271' AND c_asigna='300116' AND status IN ('0','3','B','C') [1][0] OK
C:[03/08/2014 21:50:01.96][190.198.153.46][1182] SELECT par_cod_asig1,par_cod_asig2,par_cod_asig3 FROM tblaca009 WHERE pensum='5' AND c_uni_ca='4' AND c_asigna='300101' [1][0] OK
C:[03/08/2014 21:50:01.96][190.198.153.46][1182] SELECT par_cod_asig1,par_cod_asig2,par_cod_asig3 FROM tblaca009 WHERE pensum='5' AND c_uni_ca='4' AND c_asigna='300226' [1][0] OK
C:[03/08/2014 21:50:01.22][190.198.153.46][1312] SELECT horas_lab FROM tblaca008 WHERE c_asigna='300101' AND horas_teoricas > 0 [1][0] OK
C:[03/08/2014 21:50:01.22][190.198.153.46][1312] SELECT horas_lab FROM tblaca008 WHERE c_asigna='300226' AND horas_teoricas > 0 [1][0] OK
C:[03/08/2014 21:51:00.30][190.198.153.46][1138] SELECT pre_cod_asig1,pre_cod_asig2,pre_cod_asig3,pre_cod_asig4,pre_cod_asig5,pre_cod_asig6,pre_cod_asig7 FROM tblaca009 WHERE pensum='5' AND c_uni_ca='4' AND c_asigna='300101' [1][0] OK
C:[03/08/2014 21:51:00.30][190.198.153.46][1138] SELECT pre_cod_asig1,pre_cod_asig2,pre_cod_asig3,pre_cod_asig4,pre_cod_asig5,pre_cod_asig6,pre_cod_asig7 FROM tblaca009 WHERE pensum='5' AND c_uni_ca='4' AND c_asigna='300226' [1][0] OK
C:[03/08/2014 21:51:00.30][190.198.153.46][1151] SELECT c_asigna FROM dace004 WHERE exp_e='11-20703271' AND c_asigna='300116' AND status IN ('0','3','B','C') [1][0] OK
C:[03/08/2014 21:51:01.35][190.198.153.46][1182] SELECT par_cod_asig1,par_cod_asig2,par_cod_asig3 FROM tblaca009 WHERE pensum='5' AND c_uni_ca='4' AND c_asigna='300101' [1][0] OK
C:[03/08/2014 21:51:01.35][190.198.153.46][1182] SELECT par_cod_asig1,par_cod_asig2,par_cod_asig3 FROM tblaca009 WHERE pensum='5' AND c_uni_ca='4' AND c_asigna='300226' [1][0] OK
C:[03/08/2014 21:51:01.61][190.198.153.46][1312] SELECT horas_lab FROM tblaca008 WHERE c_asigna='300101' AND horas_teoricas > 0 [1][0] OK
C:[03/08/2014 21:51:01.61][190.198.153.46][1312] SELECT horas_lab FROM tblaca008 WHERE c_asigna='300226' AND horas_teoricas > 0 [1][0] OK
C:[03/08/2014 21:56:21.07][186.94.88.20][1138] SELECT pre_cod_asig1,pre_cod_asig2,pre_cod_asig3,pre_cod_asig4,pre_cod_asig5,pre_cod_asig6,pre_cod_asig7 FROM tblaca009 WHERE pensum='5' AND c_uni_ca='6' AND c_asigna='300101' [1][0] OK
C:[03/08/2014 21:56:21.88][186.94.88.20][1182] SELECT par_cod_asig1,par_cod_asig2,par_cod_asig3 FROM tblaca009 WHERE pensum='5' AND c_uni_ca='6' AND c_asigna='300101' [1][0] OK
C:[03/08/2014 21:56:21.01][186.94.88.20][1312] SELECT horas_lab FROM tblaca008 WHERE c_asigna='300101' AND horas_teoricas > 0 [1][0] OK
C:[03/08/2014 21:59:09.43][190.36.30.188][1138] SELECT pre_cod_asig1,pre_cod_asig2,pre_cod_asig3,pre_cod_asig4,pre_cod_asig5,pre_cod_asig6,pre_cod_asig7 FROM tblaca009 WHERE pensum='5' AND c_uni_ca='4' AND c_asigna='300112' [1][0] OK
C:[03/08/2014 21:59:09.24][190.36.30.188][1182] SELECT par_cod_asig1,par_cod_asig2,par_cod_asig3 FROM tblaca009 WHERE pensum='5' AND c_uni_ca='4' AND c_asigna='300112' [1][0] OK
C:[03/08/2014 21:59:09.37][190.36.30.188][1312] SELECT horas_lab FROM tblaca008 WHERE c_asigna='300112' AND horas_teoricas > 0 [1][0] OK
C:[03/08/2014 22:00:04.69][190.204.89.130][1138] SELECT pre_cod_asig1,pre_cod_asig2,pre_cod_asig3,pre_cod_asig4,pre_cod_asig5,pre_cod_asig6,pre_cod_asig7 FROM tblaca009 WHERE pensum='5' AND c_uni_ca='3' AND c_asigna='300207' [1][0] OK
C:[03/08/2014 22:00:04.69][190.204.89.130][1151] SELECT c_asigna FROM dace004 WHERE exp_e='11-22590474' AND c_asigna='300101' AND status IN ('0','3','B','C') [1][0] OK
C:[03/08/2014 22:00:04.19][190.204.89.130][1182] SELECT par_cod_asig1,par_cod_asig2,par_cod_asig3 FROM tblaca009 WHERE pensum='5' AND c_uni_ca='3' AND c_asigna='300207' [1][0] OK
C:[03/08/2014 22:00:04.34][190.204.89.130][1312] SELECT horas_lab FROM tblaca008 WHERE c_asigna='300207' AND horas_teoricas > 0 [1][0] OK
C:[03/08/2014 22:02:18.01][190.206.245.237][1138] SELECT pre_cod_asig1,pre_cod_asig2,pre_cod_asig3,pre_cod_asig4,pre_cod_asig5,pre_cod_asig6,pre_cod_asig7 FROM tblaca009 WHERE pensum='5' AND c_uni_ca='6' AND c_asigna='300317' [1][0] OK
C:[03/08/2014 22:02:18.01][190.206.245.237][1151] SELECT c_asigna FROM dace004 WHERE exp_e='07-19803177' AND c_asigna='300207' AND status IN ('0','3','B','C') [1][0] OK
C:[03/08/2014 22:02:18.01][190.206.245.237][1151] SELECT c_asigna FROM dace004 WHERE exp_e='07-19803177' AND c_asigna='300209' AND status IN ('0','3','B','C') [1][0] OK
C:[03/08/2014 22:02:18.07][190.206.245.237][1182] SELECT par_cod_asig1,par_cod_asig2,par_cod_asig3 FROM tblaca009 WHERE pensum='5' AND c_uni_ca='6' AND c_asigna='300317' [1][0] OK
C:[03/08/2014 22:02:18.21][190.206.245.237][1312] SELECT horas_lab FROM tblaca008 WHERE c_asigna='300317' AND horas_teoricas > 0 [1][0] OK
C:[03/08/2014 22:09:32.83][190.204.103.12][1138] SELECT pre_cod_asig1,pre_cod_asig2,pre_cod_asig3,pre_cod_asig4,pre_cod_asig5,pre_cod_asig6,pre_cod_asig7 FROM tblaca009 WHERE pensum='5' AND c_uni_ca='3' AND c_asigna='311822' [1][0] OK
C:[03/08/2014 22:09:32.83][190.204.103.12][1151] SELECT c_asigna FROM dace004 WHERE exp_e='10-20504300' AND c_asigna='311795' AND status IN ('0','3','B','C') [1][0] OK
C:[03/08/2014 22:09:32.76][190.204.103.12][1182] SELECT par_cod_asig1,par_cod_asig2,par_cod_asig3 FROM tblaca009 WHERE pensum='5' AND c_uni_ca='3' AND c_asigna='311822' [1][0] OK
C:[03/08/2014 22:09:32.91][190.204.103.12][1312] SELECT horas_lab FROM tblaca008 WHERE c_asigna='311822' AND horas_teoricas > 0 [1][0] OK
C:[03/08/2014 22:22:26.88][179.45.28.201][1138] SELECT pre_cod_asig1,pre_cod_asig2,pre_cod_asig3,pre_cod_asig4,pre_cod_asig5,pre_cod_asig6,pre_cod_asig7 FROM tblaca009 WHERE pensum='5' AND c_uni_ca='4' AND c_asigna='300207' [1][0] OK
C:[03/08/2014 22:22:26.88][179.45.28.201][1151] SELECT c_asigna FROM dace004 WHERE exp_e='12-25558166' AND c_asigna='300101' AND status IN ('0','3','B','C') [1][0] OK
C:[03/08/2014 22:22:26.88][179.45.28.201][1138] SELECT pre_cod_asig1,pre_cod_asig2,pre_cod_asig3,pre_cod_asig4,pre_cod_asig5,pre_cod_asig6,pre_cod_asig7 FROM tblaca009 WHERE pensum='5' AND c_uni_ca='4' AND c_asigna='300209' [1][0] OK
C:[03/08/2014 22:22:26.88][179.45.28.201][1151] SELECT c_asigna FROM dace004 WHERE exp_e='12-25558166' AND c_asigna='300101' AND status IN ('0','3','B','C') [1][0] OK
C:[03/08/2014 22:22:26.62][179.45.28.201][1182] SELECT par_cod_asig1,par_cod_asig2,par_cod_asig3 FROM tblaca009 WHERE pensum='5' AND c_uni_ca='4' AND c_asigna='300207' [1][0] OK
C:[03/08/2014 22:22:26.62][179.45.28.201][1182] SELECT par_cod_asig1,par_cod_asig2,par_cod_asig3 FROM tblaca009 WHERE pensum='5' AND c_uni_ca='4' AND c_asigna='300209' [1][0] OK
C:[03/08/2014 22:22:26.89][179.45.28.201][1312] SELECT horas_lab FROM tblaca008 WHERE c_asigna='300207' AND horas_teoricas > 0 [1][0] OK
C:[03/08/2014 22:22:26.89][179.45.28.201][1312] SELECT horas_lab FROM tblaca008 WHERE c_asigna='300209' AND horas_teoricas > 0 [1][0] OK
C:[03/08/2014 22:23:24.96][190.205.31.169][1138] SELECT pre_cod_asig1,pre_cod_asig2,pre_cod_asig3,pre_cod_asig4,pre_cod_asig5,pre_cod_asig6,pre_cod_asig7 FROM tblaca009 WHERE pensum='5' AND c_uni_ca='4' AND c_asigna='333830' [1][0] OK
C:[03/08/2014 22:23:24.96][190.205.31.169][1151] SELECT c_asigna FROM dace004 WHERE exp_e='01-15613916' AND c_asigna='333710' AND status IN ('0','3','B','C') [1][0] OK
C:[03/08/2014 22:23:24.96][190.205.31.169][1151] SELECT c_asigna FROM dace004 WHERE exp_e='01-15613916' AND c_asigna='333782' AND status IN ('0','3','B','C') [1][0] OK
C:[03/08/2014 22:23:24.96][190.205.31.169][1138] SELECT pre_cod_asig1,pre_cod_asig2,pre_cod_asig3,pre_cod_asig4,pre_cod_asig5,pre_cod_asig6,pre_cod_asig7 FROM tblaca009 WHERE pensum='5' AND c_uni_ca='4' AND c_asigna='333809' [1][0] OK
C:[03/08/2014 22:23:24.96][190.205.31.169][1151] SELECT c_asigna FROM dace004 WHERE exp_e='01-15613916' AND c_asigna='333683' AND status IN ('0','3','B','C') [1][0] OK
C:[03/08/2014 22:23:24.96][190.205.31.169][1151] SELECT c_asigna FROM dace004 WHERE exp_e='01-15613916' AND c_asigna='333710' AND status IN ('0','3','B','C') [1][0] OK
C:[03/08/2014 22:23:24.77][190.205.31.169][1182] SELECT par_cod_asig1,par_cod_asig2,par_cod_asig3 FROM tblaca009 WHERE pensum='5' AND c_uni_ca='4' AND c_asigna='333830' [1][0] OK
C:[03/08/2014 22:23:24.77][190.205.31.169][1182] SELECT par_cod_asig1,par_cod_asig2,par_cod_asig3 FROM tblaca009 WHERE pensum='5' AND c_uni_ca='4' AND c_asigna='333809' [1][0] OK
C:[03/08/2014 22:23:24.03][190.205.31.169][1312] SELECT horas_lab FROM tblaca008 WHERE c_asigna='333830' AND horas_teoricas > 0 [1][0] OK
C:[03/08/2014 22:23:24.03][190.205.31.169][1312] SELECT horas_lab FROM tblaca008 WHERE c_asigna='333809' AND horas_teoricas > 0 [1][0] OK
C:[03/08/2014 22:26:02.09][179.45.28.201][1138] SELECT pre_cod_asig1,pre_cod_asig2,pre_cod_asig3,pre_cod_asig4,pre_cod_asig5,pre_cod_asig6,pre_cod_asig7 FROM tblaca009 WHERE pensum='5' AND c_uni_ca='4' AND c_asigna='300207' [1][0] OK
C:[03/08/2014 22:26:02.09][179.45.28.201][1151] SELECT c_asigna FROM dace004 WHERE exp_e='13-20908918' AND c_asigna='300101' AND status IN ('0','3','B','C') [1][0] OK
C:[03/08/2014 22:26:02.09][179.45.28.201][1138] SELECT pre_cod_asig1,pre_cod_asig2,pre_cod_asig3,pre_cod_asig4,pre_cod_asig5,pre_cod_asig6,pre_cod_asig7 FROM tblaca009 WHERE pensum='5' AND c_uni_ca='4' AND c_asigna='300209' [1][0] OK
C:[03/08/2014 22:26:02.09][179.45.28.201][1151] SELECT c_asigna FROM dace004 WHERE exp_e='13-20908918' AND c_asigna='300101' AND status IN ('0','3','B','C') [1][0] OK
C:[03/08/2014 22:26:02.28][179.45.28.201][1182] SELECT par_cod_asig1,par_cod_asig2,par_cod_asig3 FROM tblaca009 WHERE pensum='5' AND c_uni_ca='4' AND c_asigna='300207' [1][0] OK
C:[03/08/2014 22:26:02.28][179.45.28.201][1182] SELECT par_cod_asig1,par_cod_asig2,par_cod_asig3 FROM tblaca009 WHERE pensum='5' AND c_uni_ca='4' AND c_asigna='300209' [1][0] OK
C:[03/08/2014 22:26:02.54][179.45.28.201][1312] SELECT horas_lab FROM tblaca008 WHERE c_asigna='300207' AND horas_teoricas > 0 [1][0] OK
C:[03/08/2014 22:26:02.54][179.45.28.201][1312] SELECT horas_lab FROM tblaca008 WHERE c_asigna='300209' AND horas_teoricas > 0 [1][0] OK
C:[03/08/2014 22:44:49.62][190.198.152.179][1138] SELECT pre_cod_asig1,pre_cod_asig2,pre_cod_asig3,pre_cod_asig4,pre_cod_asig5,pre_cod_asig6,pre_cod_asig7 FROM tblaca009 WHERE pensum='5' AND c_uni_ca='3' AND c_asigna='300317' [1][0] OK
C:[03/08/2014 22:44:49.62][190.198.152.179][1151] SELECT c_asigna FROM dace004 WHERE exp_e='12-24117985' AND c_asigna='300207' AND status IN ('0','3','B','C') [1][0] OK
C:[03/08/2014 22:44:49.62][190.198.152.179][1151] SELECT c_asigna FROM dace004 WHERE exp_e='12-24117985' AND c_asigna='300209' AND status IN ('0','3','B','C') [1][0] OK
C:[03/08/2014 22:44:49.92][190.198.152.179][1182] SELECT par_cod_asig1,par_cod_asig2,par_cod_asig3 FROM tblaca009 WHERE pensum='5' AND c_uni_ca='3' AND c_asigna='300317' [1][0] OK
C:[03/08/2014 22:44:49.05][190.198.152.179][1312] SELECT horas_lab FROM tblaca008 WHERE c_asigna='300317' AND horas_teoricas > 0 [1][0] OK
C:[03/08/2014 22:53:32.72][190.77.217.175][1138] SELECT pre_cod_asig1,pre_cod_asig2,pre_cod_asig3,pre_cod_asig4,pre_cod_asig5,pre_cod_asig6,pre_cod_asig7 FROM tblaca009 WHERE pensum='5' AND c_uni_ca='3' AND c_asigna='300222' [1][0] OK
C:[03/08/2014 22:53:32.72][190.77.217.175][1151] SELECT c_asigna FROM dace004 WHERE exp_e='07-19803889' AND c_asigna='300112' AND status IN ('0','3','B','C') [1][0] OK
C:[03/08/2014 22:53:32.72][190.77.217.175][1138] SELECT pre_cod_asig1,pre_cod_asig2,pre_cod_asig3,pre_cod_asig4,pre_cod_asig5,pre_cod_asig6,pre_cod_asig7 FROM tblaca009 WHERE pensum='5' AND c_uni_ca='3' AND c_asigna='311320' [1][0] OK
C:[03/08/2014 22:53:32.72][190.77.217.175][1151] SELECT c_asigna FROM dace004 WHERE exp_e='07-19803889' AND c_asigna='300013' AND status IN ('0','3','B','C') [1][0] OK
C:[03/08/2014 22:53:32.72][190.77.217.175][1151] SELECT c_asigna FROM dace004 WHERE exp_e='07-19803889' AND c_asigna='300113' AND status IN ('0','3','B','C') [1][0] OK
C:[03/08/2014 22:53:32.03][190.77.217.175][1182] SELECT par_cod_asig1,par_cod_asig2,par_cod_asig3 FROM tblaca009 WHERE pensum='5' AND c_uni_ca='3' AND c_asigna='300222' [1][0] OK
C:[03/08/2014 22:53:32.03][190.77.217.175][1182] SELECT par_cod_asig1,par_cod_asig2,par_cod_asig3 FROM tblaca009 WHERE pensum='5' AND c_uni_ca='3' AND c_asigna='311320' [1][0] OK
C:[03/08/2014 22:53:32.30][190.77.217.175][1312] SELECT horas_lab FROM tblaca008 WHERE c_asigna='300222' AND horas_teoricas > 0 [1][0] OK
C:[03/08/2014 22:53:32.30][190.77.217.175][1312] SELECT horas_lab FROM tblaca008 WHERE c_asigna='311320' AND horas_teoricas > 0 [1][0] OK
C:[03/08/2014 22:58:53.10][190.73.254.58][1138] SELECT pre_cod_asig1,pre_cod_asig2,pre_cod_asig3,pre_cod_asig4,pre_cod_asig5,pre_cod_asig6,pre_cod_asig7 FROM tblaca009 WHERE pensum='5' AND c_uni_ca='3' AND c_asigna='300318' [1][0] OK
C:[03/08/2014 22:58:53.10][190.73.254.58][1151] SELECT c_asigna FROM dace004 WHERE exp_e='11-24039895' AND c_asigna='300228' AND status IN ('0','3','B','C') [1][0] OK
C:[03/08/2014 22:58:53.10][190.73.254.58][1151] SELECT c_asigna FROM dace004 WHERE exp_e='11-24039895' AND c_asigna='300207' AND status IN ('0','3','B','C') [1][0] OK
C:[03/08/2014 22:58:53.10][190.73.254.58][1151] SELECT c_asigna FROM dace004 WHERE exp_e='11-24039895' AND c_asigna='300218' AND status IN ('0','3','B','C') [1][0] OK
C:[03/08/2014 22:58:53.10][190.73.254.58][1138] SELECT pre_cod_asig1,pre_cod_asig2,pre_cod_asig3,pre_cod_asig4,pre_cod_asig5,pre_cod_asig6,pre_cod_asig7 FROM tblaca009 WHERE pensum='5' AND c_uni_ca='3' AND c_asigna='300428' [1][0] OK
C:[03/08/2014 22:58:53.10][190.73.254.58][1151] SELECT c_asigna FROM dace004 WHERE exp_e='11-24039895' AND c_asigna='300317' AND status IN ('0','3','B','C') [1][0] OK
C:[03/08/2014 22:58:53.10][190.73.254.58][1151] SELECT c_asigna FROM dace004 WHERE exp_e='11-24039895' AND c_asigna='300209' AND status IN ('0','3','B','C') [1][0] OK
C:[03/08/2014 22:58:53.23][190.73.254.58][1182] SELECT par_cod_asig1,par_cod_asig2,par_cod_asig3 FROM tblaca009 WHERE pensum='5' AND c_uni_ca='3' AND c_asigna='300318' [1][0] OK
C:[03/08/2014 22:58:53.23][190.73.254.58][1182] SELECT par_cod_asig1,par_cod_asig2,par_cod_asig3 FROM tblaca009 WHERE pensum='5' AND c_uni_ca='3' AND c_asigna='300428' [1][0] OK
C:[03/08/2014 22:58:53.48][190.73.254.58][1312] SELECT horas_lab FROM tblaca008 WHERE c_asigna='300318' AND horas_teoricas > 0 [1][0] OK
C:[03/08/2014 22:58:53.48][190.73.254.58][1312] SELECT horas_lab FROM tblaca008 WHERE c_asigna='300428' AND horas_teoricas > 0 [1][0] OK
C:[03/08/2014 23:00:48.02][186.166.232.222][1138] SELECT pre_cod_asig1,pre_cod_asig2,pre_cod_asig3,pre_cod_asig4,pre_cod_asig5,pre_cod_asig6,pre_cod_asig7 FROM tblaca009 WHERE pensum='5' AND c_uni_ca='6' AND c_asigna='342436' [1][0] OK
C:[03/08/2014 23:00:48.02][186.166.232.222][1151] SELECT c_asigna FROM dace004 WHERE exp_e='07-18336289' AND c_asigna='300318' AND status IN ('0','3','B','C') [1][0] OK
C:[03/08/2014 23:00:48.02][186.166.232.222][1151] SELECT c_asigna FROM dace004 WHERE exp_e='07-18336289' AND c_asigna='300317' AND status IN ('0','3','B','C') [1][0] OK
C:[03/08/2014 23:00:48.08][186.166.232.222][1182] SELECT par_cod_asig1,par_cod_asig2,par_cod_asig3 FROM tblaca009 WHERE pensum='5' AND c_uni_ca='6' AND c_asigna='342436' [1][0] OK
C:[03/08/2014 23:00:48.21][186.166.232.222][1312] SELECT horas_lab FROM tblaca008 WHERE c_asigna='342436' AND horas_teoricas > 0 [1][0] OK
C:[03/08/2014 23:32:55.46][186.94.83.119][1138] SELECT pre_cod_asig1,pre_cod_asig2,pre_cod_asig3,pre_cod_asig4,pre_cod_asig5,pre_cod_asig6,pre_cod_asig7 FROM tblaca009 WHERE pensum='5' AND c_uni_ca='2' AND c_asigna='300207' [1][0] OK
C:[03/08/2014 23:32:55.46][186.94.83.119][1151] SELECT c_asigna FROM dace004 WHERE exp_e='13-22818464' AND c_asigna='300101' AND status IN ('0','3','B','C') [1][0] OK
C:[03/08/2014 23:32:55.46][186.94.83.119][1138] SELECT pre_cod_asig1,pre_cod_asig2,pre_cod_asig3,pre_cod_asig4,pre_cod_asig5,pre_cod_asig6,pre_cod_asig7 FROM tblaca009 WHERE pensum='5' AND c_uni_ca='2' AND c_asigna='300209' [1][0] OK
C:[03/08/2014 23:32:55.46][186.94.83.119][1151] SELECT c_asigna FROM dace004 WHERE exp_e='13-22818464' AND c_asigna='300101' AND status IN ('0','3','B','C') [1][0] OK
C:[03/08/2014 23:32:55.20][186.94.83.119][1182] SELECT par_cod_asig1,par_cod_asig2,par_cod_asig3 FROM tblaca009 WHERE pensum='5' AND c_uni_ca='2' AND c_asigna='300207' [1][0] OK
C:[03/08/2014 23:32:55.20][186.94.83.119][1182] SELECT par_cod_asig1,par_cod_asig2,par_cod_asig3 FROM tblaca009 WHERE pensum='5' AND c_uni_ca='2' AND c_asigna='300209' [1][0] OK
C:[03/08/2014 23:32:56.46][186.94.83.119][1312] SELECT horas_lab FROM tblaca008 WHERE c_asigna='300207' AND horas_teoricas > 0 [1][0] OK
C:[03/08/2014 23:32:56.46][186.94.83.119][1312] SELECT horas_lab FROM tblaca008 WHERE c_asigna='300209' AND horas_teoricas > 0 [1][0] OK
C:[04/08/2014 00:03:19.31][190.79.24.202][1138] SELECT pre_cod_asig1,pre_cod_asig2,pre_cod_asig3,pre_cod_asig4,pre_cod_asig5,pre_cod_asig6,pre_cod_asig7 FROM tblaca009 WHERE pensum='5' AND c_uni_ca='5' AND c_asigna='300428' [1][0] OK
C:[04/08/2014 00:03:19.31][190.79.24.202][1151] SELECT c_asigna FROM dace004 WHERE exp_e='12-23503807' AND c_asigna='300317' AND status IN ('0','3','B','C') [1][0] OK
C:[04/08/2014 00:03:19.31][190.79.24.202][1151] SELECT c_asigna FROM dace004 WHERE exp_e='12-23503807' AND c_asigna='300209' AND status IN ('0','3','B','C') [1][0] OK
C:[04/08/2014 00:03:19.31][190.79.24.202][1138] SELECT pre_cod_asig1,pre_cod_asig2,pre_cod_asig3,pre_cod_asig4,pre_cod_asig5,pre_cod_asig6,pre_cod_asig7 FROM tblaca009 WHERE pensum='5' AND c_uni_ca='5' AND c_asigna='355448' [1][0] OK
C:[04/08/2014 00:03:19.31][190.79.24.202][1151] SELECT c_asigna FROM dace004 WHERE exp_e='12-23503807' AND c_asigna='300313' AND status IN ('0','3','B','C') [1][0] OK
C:[04/08/2014 00:03:19.31][190.79.24.202][1151] SELECT c_asigna FROM dace004 WHERE exp_e='12-23503807' AND c_asigna='300209' AND status IN ('0','3','B','C') [1][0] OK
C:[04/08/2014 00:03:19.31][190.79.24.202][1151] SELECT c_asigna FROM dace004 WHERE exp_e='12-23503807' AND c_asigna='300226' AND status IN ('0','3','B','C') [1][0] OK
C:[04/08/2014 00:03:19.31][190.79.24.202][1151] SELECT c_asigna FROM dace004 WHERE exp_e='12-23503807' AND c_asigna='300222' AND status IN ('0','3','B','C') [1][0] OK
C:[04/08/2014 00:03:19.57][190.79.24.202][1182] SELECT par_cod_asig1,par_cod_asig2,par_cod_asig3 FROM tblaca009 WHERE pensum='5' AND c_uni_ca='5' AND c_asigna='300428' [1][0] OK
C:[04/08/2014 00:03:19.57][190.79.24.202][1182] SELECT par_cod_asig1,par_cod_asig2,par_cod_asig3 FROM tblaca009 WHERE pensum='5' AND c_uni_ca='5' AND c_asigna='355448' [1][0] OK
C:[04/08/2014 00:03:19.83][190.79.24.202][1312] SELECT horas_lab FROM tblaca008 WHERE c_asigna='300428' AND horas_teoricas > 0 [1][0] OK
C:[04/08/2014 00:03:19.83][190.79.24.202][1312] SELECT horas_lab FROM tblaca008 WHERE c_asigna='355448' AND horas_teoricas > 0 [1][0] OK
C:[04/08/2014 00:57:55.75][190.200.24.179][1138] SELECT pre_cod_asig1,pre_cod_asig2,pre_cod_asig3,pre_cod_asig4,pre_cod_asig5,pre_cod_asig6,pre_cod_asig7 FROM tblaca009 WHERE pensum='5' AND c_uni_ca='2' AND c_asigna='300207' [1][0] OK
C:[04/08/2014 00:57:55.75][190.200.24.179][1151] SELECT c_asigna FROM dace004 WHERE exp_e='11-23503057' AND c_asigna='300101' AND status IN ('0','3','B','C') [1][0] OK
C:[04/08/2014 00:57:55.75][190.200.24.179][1138] SELECT pre_cod_asig1,pre_cod_asig2,pre_cod_asig3,pre_cod_asig4,pre_cod_asig5,pre_cod_asig6,pre_cod_asig7 FROM tblaca009 WHERE pensum='5' AND c_uni_ca='2' AND c_asigna='300209' [1][0] OK
C:[04/08/2014 00:57:55.75][190.200.24.179][1151] SELECT c_asigna FROM dace004 WHERE exp_e='11-23503057' AND c_asigna='300101' AND status IN ('0','3','B','C') [1][0] OK
C:[04/08/2014 00:57:55.94][190.200.24.179][1182] SELECT par_cod_asig1,par_cod_asig2,par_cod_asig3 FROM tblaca009 WHERE pensum='5' AND c_uni_ca='2' AND c_asigna='300207' [1][0] OK
C:[04/08/2014 00:57:55.94][190.200.24.179][1182] SELECT par_cod_asig1,par_cod_asig2,par_cod_asig3 FROM tblaca009 WHERE pensum='5' AND c_uni_ca='2' AND c_asigna='300209' [1][0] OK
C:[04/08/2014 00:57:55.20][190.200.24.179][1312] SELECT horas_lab FROM tblaca008 WHERE c_asigna='300207' AND horas_teoricas > 0 [1][0] OK
C:[04/08/2014 00:57:55.20][190.200.24.179][1312] SELECT horas_lab FROM tblaca008 WHERE c_asigna='300209' AND horas_teoricas > 0 [1][0] OK
C:[04/08/2014 01:09:58.72][190.200.24.179][1138] SELECT pre_cod_asig1,pre_cod_asig2,pre_cod_asig3,pre_cod_asig4,pre_cod_asig5,pre_cod_asig6,pre_cod_asig7 FROM tblaca009 WHERE pensum='5' AND c_uni_ca='2' AND c_asigna='300207' [1][0] OK
C:[04/08/2014 01:09:58.72][190.200.24.179][1151] SELECT c_asigna FROM dace004 WHERE exp_e='11-23503057' AND c_asigna='300101' AND status IN ('0','3','B','C') [1][0] OK
C:[04/08/2014 01:09:58.72][190.200.24.179][1138] SELECT pre_cod_asig1,pre_cod_asig2,pre_cod_asig3,pre_cod_asig4,pre_cod_asig5,pre_cod_asig6,pre_cod_asig7 FROM tblaca009 WHERE pensum='5' AND c_uni_ca='2' AND c_asigna='300209' [1][0] OK
C:[04/08/2014 01:09:58.72][190.200.24.179][1151] SELECT c_asigna FROM dace004 WHERE exp_e='11-23503057' AND c_asigna='300101' AND status IN ('0','3','B','C') [1][0] OK
C:[04/08/2014 01:09:59.47][190.200.24.179][1182] SELECT par_cod_asig1,par_cod_asig2,par_cod_asig3 FROM tblaca009 WHERE pensum='5' AND c_uni_ca='2' AND c_asigna='300207' [1][0] OK
C:[04/08/2014 01:09:59.47][190.200.24.179][1182] SELECT par_cod_asig1,par_cod_asig2,par_cod_asig3 FROM tblaca009 WHERE pensum='5' AND c_uni_ca='2' AND c_asigna='300209' [1][0] OK
C:[04/08/2014 01:09:59.73][190.200.24.179][1312] SELECT horas_lab FROM tblaca008 WHERE c_asigna='300207' AND horas_teoricas > 0 [1][0] OK
C:[04/08/2014 01:09:59.73][190.200.24.179][1312] SELECT horas_lab FROM tblaca008 WHERE c_asigna='300209' AND horas_teoricas > 0 [1][0] OK
C:[04/08/2014 01:12:25.79][190.200.24.179][1138] SELECT pre_cod_asig1,pre_cod_asig2,pre_cod_asig3,pre_cod_asig4,pre_cod_asig5,pre_cod_asig6,pre_cod_asig7 FROM tblaca009 WHERE pensum='5' AND c_uni_ca='2' AND c_asigna='300207' [1][0] OK
C:[04/08/2014 01:12:25.79][190.200.24.179][1151] SELECT c_asigna FROM dace004 WHERE exp_e='11-23503057' AND c_asigna='300101' AND status IN ('0','3','B','C') [1][0] OK
C:[04/08/2014 01:12:25.79][190.200.24.179][1138] SELECT pre_cod_asig1,pre_cod_asig2,pre_cod_asig3,pre_cod_asig4,pre_cod_asig5,pre_cod_asig6,pre_cod_asig7 FROM tblaca009 WHERE pensum='5' AND c_uni_ca='2' AND c_asigna='300209' [1][0] OK
C:[04/08/2014 01:12:25.79][190.200.24.179][1151] SELECT c_asigna FROM dace004 WHERE exp_e='11-23503057' AND c_asigna='300101' AND status IN ('0','3','B','C') [1][0] OK
C:[04/08/2014 01:12:25.98][190.200.24.179][1182] SELECT par_cod_asig1,par_cod_asig2,par_cod_asig3 FROM tblaca009 WHERE pensum='5' AND c_uni_ca='2' AND c_asigna='300207' [1][0] OK
C:[04/08/2014 01:12:25.98][190.200.24.179][1182] SELECT par_cod_asig1,par_cod_asig2,par_cod_asig3 FROM tblaca009 WHERE pensum='5' AND c_uni_ca='2' AND c_asigna='300209' [1][0] OK
C:[04/08/2014 01:12:25.24][190.200.24.179][1312] SELECT horas_lab FROM tblaca008 WHERE c_asigna='300207' AND horas_teoricas > 0 [1][0] OK
C:[04/08/2014 01:12:25.24][190.200.24.179][1312] SELECT horas_lab FROM tblaca008 WHERE c_asigna='300209' AND horas_teoricas > 0 [1][0] OK
C:[04/08/2014 05:49:10.62][190.37.201.27][1138] SELECT pre_cod_asig1,pre_cod_asig2,pre_cod_asig3,pre_cod_asig4,pre_cod_asig5,pre_cod_asig6,pre_cod_asig7 FROM tblaca009 WHERE pensum='5' AND c_uni_ca='2' AND c_asigna='300209' [1][0] OK
C:[04/08/2014 05:49:10.62][190.37.201.27][1151] SELECT c_asigna FROM dace004 WHERE exp_e='13-25493247' AND c_asigna='300101' AND status IN ('0','3','B','C') [1][0] OK
C:[04/08/2014 05:49:10.62][190.37.201.27][1138] SELECT pre_cod_asig1,pre_cod_asig2,pre_cod_asig3,pre_cod_asig4,pre_cod_asig5,pre_cod_asig6,pre_cod_asig7 FROM tblaca009 WHERE pensum='5' AND c_uni_ca='2' AND c_asigna='300213' [1][0] OK
C:[04/08/2014 05:49:10.62][190.37.201.27][1151] SELECT c_asigna FROM dace004 WHERE exp_e='13-25493247' AND c_asigna='300101' AND status IN ('0','3','B','C') [1][0] OK
C:[04/08/2014 05:49:11.81][190.37.201.27][1182] SELECT par_cod_asig1,par_cod_asig2,par_cod_asig3 FROM tblaca009 WHERE pensum='5' AND c_uni_ca='2' AND c_asigna='300209' [1][0] OK
C:[04/08/2014 05:49:11.81][190.37.201.27][1182] SELECT par_cod_asig1,par_cod_asig2,par_cod_asig3 FROM tblaca009 WHERE pensum='5' AND c_uni_ca='2' AND c_asigna='300213' [1][0] OK
C:[04/08/2014 05:49:11.81][190.37.201.27][1196] SELECT c_asigna FROM dace004 WHERE exp_e='13-25493247' AND c_asigna='300209' AND status IN ('0','3','B','C') [0][0] OK
C:[04/08/2014 05:49:11.20][190.37.201.27][1312] SELECT horas_lab FROM tblaca008 WHERE c_asigna='300209' AND horas_teoricas > 0 [1][0] OK
C:[04/08/2014 05:49:11.20][190.37.201.27][1312] SELECT horas_lab FROM tblaca008 WHERE c_asigna='300213' AND horas_teoricas > 0 [1][0] OK
C:[04/08/2014 05:55:36.59][190.73.231.121][1138] SELECT pre_cod_asig1,pre_cod_asig2,pre_cod_asig3,pre_cod_asig4,pre_cod_asig5,pre_cod_asig6,pre_cod_asig7 FROM tblaca009 WHERE pensum='5' AND c_uni_ca='3' AND c_asigna='300101' [1][0] OK
C:[04/08/2014 05:55:36.59][190.73.231.121][1138] SELECT pre_cod_asig1,pre_cod_asig2,pre_cod_asig3,pre_cod_asig4,pre_cod_asig5,pre_cod_asig6,pre_cod_asig7 FROM tblaca009 WHERE pensum='5' AND c_uni_ca='3' AND c_asigna='300222' [1][0] OK
C:[04/08/2014 05:55:36.59][190.73.231.121][1151] SELECT c_asigna FROM dace004 WHERE exp_e='13-26582323' AND c_asigna='300112' AND status IN ('0','3','B','C') [1][0] OK
C:[04/08/2014 05:55:36.59][190.73.231.121][1138] SELECT pre_cod_asig1,pre_cod_asig2,pre_cod_asig3,pre_cod_asig4,pre_cod_asig5,pre_cod_asig6,pre_cod_asig7 FROM tblaca009 WHERE pensum='5' AND c_uni_ca='3' AND c_asigna='300226' [1][0] OK
C:[04/08/2014 05:55:36.59][190.73.231.121][1151] SELECT c_asigna FROM dace004 WHERE exp_e='13-26582323' AND c_asigna='300116' AND status IN ('0','3','B','C') [1][0] OK
C:[04/08/2014 05:55:37.47][190.73.231.121][1182] SELECT par_cod_asig1,par_cod_asig2,par_cod_asig3 FROM tblaca009 WHERE pensum='5' AND c_uni_ca='3' AND c_asigna='300101' [1][0] OK
C:[04/08/2014 05:55:37.47][190.73.231.121][1182] SELECT par_cod_asig1,par_cod_asig2,par_cod_asig3 FROM tblaca009 WHERE pensum='5' AND c_uni_ca='3' AND c_asigna='300222' [1][0] OK
C:[04/08/2014 05:55:37.47][190.73.231.121][1182] SELECT par_cod_asig1,par_cod_asig2,par_cod_asig3 FROM tblaca009 WHERE pensum='5' AND c_uni_ca='3' AND c_asigna='300226' [1][0] OK
C:[04/08/2014 05:55:37.86][190.73.231.121][1312] SELECT horas_lab FROM tblaca008 WHERE c_asigna='300101' AND horas_teoricas > 0 [1][0] OK
C:[04/08/2014 05:55:37.86][190.73.231.121][1312] SELECT horas_lab FROM tblaca008 WHERE c_asigna='300222' AND horas_teoricas > 0 [1][0] OK
C:[04/08/2014 05:55:37.86][190.73.231.121][1312] SELECT horas_lab FROM tblaca008 WHERE c_asigna='300226' AND horas_teoricas > 0 [1][0] OK
C:[04/08/2014 06:08:28.03][190.37.41.142][1138] SELECT pre_cod_asig1,pre_cod_asig2,pre_cod_asig3,pre_cod_asig4,pre_cod_asig5,pre_cod_asig6,pre_cod_asig7 FROM tblaca009 WHERE pensum='5' AND c_uni_ca='2' AND c_asigna='300428' [1][0] OK
C:[04/08/2014 06:08:28.03][190.37.41.142][1151] SELECT c_asigna FROM dace004 WHERE exp_e='10-21498043' AND c_asigna='300317' AND status IN ('0','3','B','C') [1][0] OK
C:[04/08/2014 06:08:28.03][190.37.41.142][1151] SELECT c_asigna FROM dace004 WHERE exp_e='10-21498043' AND c_asigna='300209' AND status IN ('0','3','B','C') [1][0] OK
C:[04/08/2014 06:08:29.65][190.37.41.142][1182] SELECT par_cod_asig1,par_cod_asig2,par_cod_asig3 FROM tblaca009 WHERE pensum='5' AND c_uni_ca='2' AND c_asigna='300428' [1][0] OK
C:[04/08/2014 06:08:29.79][190.37.41.142][1312] SELECT horas_lab FROM tblaca008 WHERE c_asigna='300428' AND horas_teoricas > 0 [1][0] OK
C:[04/08/2014 06:18:52.64][186.88.99.21][1138] SELECT pre_cod_asig1,pre_cod_asig2,pre_cod_asig3,pre_cod_asig4,pre_cod_asig5,pre_cod_asig6,pre_cod_asig7 FROM tblaca009 WHERE pensum='5' AND c_uni_ca='5' AND c_asigna='300101' [1][0] OK
C:[04/08/2014 06:18:52.64][186.88.99.21][1138] SELECT pre_cod_asig1,pre_cod_asig2,pre_cod_asig3,pre_cod_asig4,pre_cod_asig5,pre_cod_asig6,pre_cod_asig7 FROM tblaca009 WHERE pensum='5' AND c_uni_ca='5' AND c_asigna='300112' [1][0] OK
C:[04/08/2014 06:18:52.13][186.88.99.21][1182] SELECT par_cod_asig1,par_cod_asig2,par_cod_asig3 FROM tblaca009 WHERE pensum='5' AND c_uni_ca='5' AND c_asigna='300101' [1][0] OK
C:[04/08/2014 06:18:52.13][186.88.99.21][1182] SELECT par_cod_asig1,par_cod_asig2,par_cod_asig3 FROM tblaca009 WHERE pensum='5' AND c_uni_ca='5' AND c_asigna='300112' [1][0] OK
C:[04/08/2014 06:18:53.39][186.88.99.21][1312] SELECT horas_lab FROM tblaca008 WHERE c_asigna='300101' AND horas_teoricas > 0 [1][0] OK
C:[04/08/2014 06:18:53.39][186.88.99.21][1312] SELECT horas_lab FROM tblaca008 WHERE c_asigna='300112' AND horas_teoricas > 0 [1][0] OK
C:[04/08/2014 06:34:35.12][200.62.19.36][1138] SELECT pre_cod_asig1,pre_cod_asig2,pre_cod_asig3,pre_cod_asig4,pre_cod_asig5,pre_cod_asig6,pre_cod_asig7 FROM tblaca009 WHERE pensum='5' AND c_uni_ca='5' AND c_asigna='300318' [1][0] OK
C:[04/08/2014 06:34:35.12][200.62.19.36][1151] SELECT c_asigna FROM dace004 WHERE exp_e='11-21248114' AND c_asigna='300228' AND status IN ('0','3','B','C') [1][0] OK
C:[04/08/2014 06:34:35.12][200.62.19.36][1151] SELECT c_asigna FROM dace004 WHERE exp_e='11-21248114' AND c_asigna='300207' AND status IN ('0','3','B','C') [1][0] OK
C:[04/08/2014 06:34:35.12][200.62.19.36][1151] SELECT c_asigna FROM dace004 WHERE exp_e='11-21248114' AND c_asigna='300218' AND status IN ('0','3','B','C') [1][0] OK
C:[04/08/2014 06:34:35.12][200.62.19.36][1138] SELECT pre_cod_asig1,pre_cod_asig2,pre_cod_asig3,pre_cod_asig4,pre_cod_asig5,pre_cod_asig6,pre_cod_asig7 FROM tblaca009 WHERE pensum='5' AND c_uni_ca='5' AND c_asigna='300317' [1][0] OK
C:[04/08/2014 06:34:35.12][200.62.19.36][1151] SELECT c_asigna FROM dace004 WHERE exp_e='11-21248114' AND c_asigna='300207' AND status IN ('0','3','B','C') [1][0] OK
C:[04/08/2014 06:34:35.12][200.62.19.36][1151] SELECT c_asigna FROM dace004 WHERE exp_e='11-21248114' AND c_asigna='300209' AND status IN ('0','3','B','C') [1][0] OK
C:[04/08/2014 06:34:35.68][200.62.19.36][1182] SELECT par_cod_asig1,par_cod_asig2,par_cod_asig3 FROM tblaca009 WHERE pensum='5' AND c_uni_ca='5' AND c_asigna='300318' [1][0] OK
C:[04/08/2014 06:34:35.68][200.62.19.36][1182] SELECT par_cod_asig1,par_cod_asig2,par_cod_asig3 FROM tblaca009 WHERE pensum='5' AND c_uni_ca='5' AND c_asigna='300317' [1][0] OK
C:[04/08/2014 06:34:35.95][200.62.19.36][1312] SELECT horas_lab FROM tblaca008 WHERE c_asigna='300318' AND horas_teoricas > 0 [1][0] OK
C:[04/08/2014 06:34:35.95][200.62.19.36][1312] SELECT horas_lab FROM tblaca008 WHERE c_asigna='300317' AND horas_teoricas > 0 [1][0] OK
C:[04/08/2014 06:44:27.99][190.36.11.72][1138] SELECT pre_cod_asig1,pre_cod_asig2,pre_cod_asig3,pre_cod_asig4,pre_cod_asig5,pre_cod_asig6,pre_cod_asig7 FROM tblaca009 WHERE pensum='5' AND c_uni_ca='5' AND c_asigna='300101' [1][0] OK
C:[04/08/2014 06:44:27.81][190.36.11.72][1182] SELECT par_cod_asig1,par_cod_asig2,par_cod_asig3 FROM tblaca009 WHERE pensum='5' AND c_uni_ca='5' AND c_asigna='300101' [1][0] OK
C:[04/08/2014 06:44:27.94][190.36.11.72][1312] SELECT horas_lab FROM tblaca008 WHERE c_asigna='300101' AND horas_teoricas > 0 [1][0] OK
C:[04/08/2014 06:56:18.63][190.36.11.72][1138] SELECT pre_cod_asig1,pre_cod_asig2,pre_cod_asig3,pre_cod_asig4,pre_cod_asig5,pre_cod_asig6,pre_cod_asig7 FROM tblaca009 WHERE pensum='5' AND c_uni_ca='5' AND c_asigna='300101' [1][0] OK
C:[04/08/2014 06:56:18.00][190.36.11.72][1182] SELECT par_cod_asig1,par_cod_asig2,par_cod_asig3 FROM tblaca009 WHERE pensum='5' AND c_uni_ca='5' AND c_asigna='300101' [1][0] OK
C:[04/08/2014 06:56:18.19][190.36.11.72][1312] SELECT horas_lab FROM tblaca008 WHERE c_asigna='300101' AND horas_teoricas > 0 [1][0] OK
C:[04/08/2014 07:06:19.73][190.36.11.72][1138] SELECT pre_cod_asig1,pre_cod_asig2,pre_cod_asig3,pre_cod_asig4,pre_cod_asig5,pre_cod_asig6,pre_cod_asig7 FROM tblaca009 WHERE pensum='5' AND c_uni_ca='5' AND c_asigna='300101' [1][0] OK
C:[04/08/2014 07:06:19.23][190.36.11.72][1182] SELECT par_cod_asig1,par_cod_asig2,par_cod_asig3 FROM tblaca009 WHERE pensum='5' AND c_uni_ca='5' AND c_asigna='300101' [1][0] OK
C:[04/08/2014 07:06:19.36][190.36.11.72][1312] SELECT horas_lab FROM tblaca008 WHERE c_asigna='300101' AND horas_teoricas > 0 [1][0] OK
C:[04/08/2014 07:15:17.20][190.37.164.205][1138] SELECT pre_cod_asig1,pre_cod_asig2,pre_cod_asig3,pre_cod_asig4,pre_cod_asig5,pre_cod_asig6,pre_cod_asig7 FROM tblaca009 WHERE pensum='5' AND c_uni_ca='2' AND c_asigna='300222' [1][0] OK
C:[04/08/2014 07:15:17.20][190.37.164.205][1151] SELECT c_asigna FROM dace004 WHERE exp_e='12-24118742' AND c_asigna='300112' AND status IN ('0','3','B','C') [1][0] OK
C:[04/08/2014 07:15:17.20][190.37.164.205][1138] SELECT pre_cod_asig1,pre_cod_asig2,pre_cod_asig3,pre_cod_asig4,pre_cod_asig5,pre_cod_asig6,pre_cod_asig7 FROM tblaca009 WHERE pensum='5' AND c_uni_ca='2' AND c_asigna='300428' [1][0] OK
C:[04/08/2014 07:15:17.20][190.37.164.205][1151] SELECT c_asigna FROM dace004 WHERE exp_e='12-24118742' AND c_asigna='300317' AND status IN ('0','3','B','C') [1][0] OK
C:[04/08/2014 07:15:17.20][190.37.164.205][1151] SELECT c_asigna FROM dace004 WHERE exp_e='12-24118742' AND c_asigna='300209' AND status IN ('0','3','B','C') [1][0] OK
C:[04/08/2014 07:15:17.08][190.37.164.205][1182] SELECT par_cod_asig1,par_cod_asig2,par_cod_asig3 FROM tblaca009 WHERE pensum='5' AND c_uni_ca='2' AND c_asigna='300222' [1][0] OK
C:[04/08/2014 07:15:17.08][190.37.164.205][1182] SELECT par_cod_asig1,par_cod_asig2,par_cod_asig3 FROM tblaca009 WHERE pensum='5' AND c_uni_ca='2' AND c_asigna='300428' [1][0] OK
C:[04/08/2014 07:15:18.45][190.37.164.205][1312] SELECT horas_lab FROM tblaca008 WHERE c_asigna='300222' AND horas_teoricas > 0 [1][0] OK
C:[04/08/2014 07:15:18.45][190.37.164.205][1312] SELECT horas_lab FROM tblaca008 WHERE c_asigna='300428' AND horas_teoricas > 0 [1][0] OK
C:[04/08/2014 07:31:49.27][186.94.81.28][1138] SELECT pre_cod_asig1,pre_cod_asig2,pre_cod_asig3,pre_cod_asig4,pre_cod_asig5,pre_cod_asig6,pre_cod_asig7 FROM tblaca009 WHERE pensum='5' AND c_uni_ca='4' AND c_asigna='300101' [1][0] OK
C:[04/08/2014 07:31:49.65][186.94.81.28][1182] SELECT par_cod_asig1,par_cod_asig2,par_cod_asig3 FROM tblaca009 WHERE pensum='5' AND c_uni_ca='4' AND c_asigna='300101' [1][0] OK
C:[04/08/2014 07:31:49.79][186.94.81.28][1312] SELECT horas_lab FROM tblaca008 WHERE c_asigna='300101' AND horas_teoricas > 0 [1][0] OK
C:[04/08/2014 07:33:45.99][186.94.81.28][1138] SELECT pre_cod_asig1,pre_cod_asig2,pre_cod_asig3,pre_cod_asig4,pre_cod_asig5,pre_cod_asig6,pre_cod_asig7 FROM tblaca009 WHERE pensum='5' AND c_uni_ca='6' AND c_asigna='300226' [1][0] OK
C:[04/08/2014 07:33:45.99][186.94.81.28][1151] SELECT c_asigna FROM dace004 WHERE exp_e='13-25087809' AND c_asigna='300116' AND status IN ('0','3','B','C') [1][0] OK
C:[04/08/2014 07:33:45.92][186.94.81.28][1182] SELECT par_cod_asig1,par_cod_asig2,par_cod_asig3 FROM tblaca009 WHERE pensum='5' AND c_uni_ca='6' AND c_asigna='300226' [1][0] OK
C:[04/08/2014 07:33:45.07][186.94.81.28][1312] SELECT horas_lab FROM tblaca008 WHERE c_asigna='300226' AND horas_teoricas > 0 [1][0] OK
C:[04/08/2014 07:34:17.83][190.207.40.117][1138] SELECT pre_cod_asig1,pre_cod_asig2,pre_cod_asig3,pre_cod_asig4,pre_cod_asig5,pre_cod_asig6,pre_cod_asig7 FROM tblaca009 WHERE pensum='5' AND c_uni_ca='5' AND c_asigna='300101' [1][0] OK
C:[04/08/2014 07:34:17.83][190.207.40.117][1138] SELECT pre_cod_asig1,pre_cod_asig2,pre_cod_asig3,pre_cod_asig4,pre_cod_asig5,pre_cod_asig6,pre_cod_asig7 FROM tblaca009 WHERE pensum='5' AND c_uni_ca='5' AND c_asigna='300013' [1][0] OK
C:[04/08/2014 07:34:17.77][190.207.40.117][1182] SELECT par_cod_asig1,par_cod_asig2,par_cod_asig3 FROM tblaca009 WHERE pensum='5' AND c_uni_ca='5' AND c_asigna='300101' [1][0] OK
C:[04/08/2014 07:34:17.77][190.207.40.117][1182] SELECT par_cod_asig1,par_cod_asig2,par_cod_asig3 FROM tblaca009 WHERE pensum='5' AND c_uni_ca='5' AND c_asigna='300013' [1][0] OK
C:[04/08/2014 07:34:17.04][190.207.40.117][1312] SELECT horas_lab FROM tblaca008 WHERE c_asigna='300101' AND horas_teoricas > 0 [1][0] OK
C:[04/08/2014 07:34:17.04][190.207.40.117][1312] SELECT horas_lab FROM tblaca008 WHERE c_asigna='300013' AND horas_teoricas > 0 [1][0] OK
C:[04/08/2014 07:34:44.58][186.94.81.28][1138] SELECT pre_cod_asig1,pre_cod_asig2,pre_cod_asig3,pre_cod_asig4,pre_cod_asig5,pre_cod_asig6,pre_cod_asig7 FROM tblaca009 WHERE pensum='5' AND c_uni_ca='3' AND c_asigna='300101' [1][0] OK
C:[04/08/2014 07:34:44.95][186.94.81.28][1182] SELECT par_cod_asig1,par_cod_asig2,par_cod_asig3 FROM tblaca009 WHERE pensum='5' AND c_uni_ca='3' AND c_asigna='300101' [1][0] OK
C:[04/08/2014 07:34:44.08][186.94.81.28][1312] SELECT horas_lab FROM tblaca008 WHERE c_asigna='300101' AND horas_teoricas > 0 [1][0] OK
C:[04/08/2014 07:34:59.95][190.38.209.148][1138] SELECT pre_cod_asig1,pre_cod_asig2,pre_cod_asig3,pre_cod_asig4,pre_cod_asig5,pre_cod_asig6,pre_cod_asig7 FROM tblaca009 WHERE pensum='5' AND c_uni_ca='3' AND c_asigna='300101' [1][0] OK
C:[04/08/2014 07:34:59.32][190.38.209.148][1182] SELECT par_cod_asig1,par_cod_asig2,par_cod_asig3 FROM tblaca009 WHERE pensum='5' AND c_uni_ca='3' AND c_asigna='300101' [1][0] OK
C:[04/08/2014 07:34:59.46][190.38.209.148][1312] SELECT horas_lab FROM tblaca008 WHERE c_asigna='300101' AND horas_teoricas > 0 [1][0] OK
C:[04/08/2014 07:36:53.64][186.94.81.28][1138] SELECT pre_cod_asig1,pre_cod_asig2,pre_cod_asig3,pre_cod_asig4,pre_cod_asig5,pre_cod_asig6,pre_cod_asig7 FROM tblaca009 WHERE pensum='5' AND c_uni_ca='4' AND c_asigna='300226' [1][0] OK
C:[04/08/2014 07:36:53.64][186.94.81.28][1151] SELECT c_asigna FROM dace004 WHERE exp_e='13-23872877' AND c_asigna='300116' AND status IN ('0','3','B','C') [1][0] OK
C:[04/08/2014 07:36:53.15][186.94.81.28][1182] SELECT par_cod_asig1,par_cod_asig2,par_cod_asig3 FROM tblaca009 WHERE pensum='5' AND c_uni_ca='4' AND c_asigna='300226' [1][0] OK
C:[04/08/2014 07:36:53.27][186.94.81.28][1312] SELECT horas_lab FROM tblaca008 WHERE c_asigna='300226' AND horas_teoricas > 0 [1][0] OK
C:[04/08/2014 07:37:33.12][186.94.81.28][1138] SELECT pre_cod_asig1,pre_cod_asig2,pre_cod_asig3,pre_cod_asig4,pre_cod_asig5,pre_cod_asig6,pre_cod_asig7 FROM tblaca009 WHERE pensum='5' AND c_uni_ca='3' AND c_asigna='300101' [1][0] OK
C:[04/08/2014 07:37:33.12][186.94.81.28][1138] SELECT pre_cod_asig1,pre_cod_asig2,pre_cod_asig3,pre_cod_asig4,pre_cod_asig5,pre_cod_asig6,pre_cod_asig7 FROM tblaca009 WHERE pensum='5' AND c_uni_ca='3' AND c_asigna='300222' [1][0] OK
C:[04/08/2014 07:37:33.12][186.94.81.28][1151] SELECT c_asigna FROM dace004 WHERE exp_e='13-25084373' AND c_asigna='300112' AND status IN ('0','3','B','C') [1][0] OK
C:[04/08/2014 07:37:33.75][186.94.81.28][1182] SELECT par_cod_asig1,par_cod_asig2,par_cod_asig3 FROM tblaca009 WHERE pensum='5' AND c_uni_ca='3' AND c_asigna='300101' [1][0] OK
C:[04/08/2014 07:37:33.75][186.94.81.28][1182] SELECT par_cod_asig1,par_cod_asig2,par_cod_asig3 FROM tblaca009 WHERE pensum='5' AND c_uni_ca='3' AND c_asigna='300222' [1][0] OK
C:[04/08/2014 07:37:33.01][186.94.81.28][1312] SELECT horas_lab FROM tblaca008 WHERE c_asigna='300101' AND horas_teoricas > 0 [1][0] OK
C:[04/08/2014 07:37:33.01][186.94.81.28][1312] SELECT horas_lab FROM tblaca008 WHERE c_asigna='300222' AND horas_teoricas > 0 [1][0] OK
C:[04/08/2014 07:41:36.58][186.88.108.31][1138] SELECT pre_cod_asig1,pre_cod_asig2,pre_cod_asig3,pre_cod_asig4,pre_cod_asig5,pre_cod_asig6,pre_cod_asig7 FROM tblaca009 WHERE pensum='5' AND c_uni_ca='4' AND c_asigna='300013' [1][0] OK
C:[04/08/2014 07:41:36.39][186.88.108.31][1182] SELECT par_cod_asig1,par_cod_asig2,par_cod_asig3 FROM tblaca009 WHERE pensum='5' AND c_uni_ca='4' AND c_asigna='300013' [1][0] OK
C:[04/08/2014 07:41:36.54][186.88.108.31][1312] SELECT horas_lab FROM tblaca008 WHERE c_asigna='300013' AND horas_teoricas > 0 [1][0] OK
C:[04/08/2014 07:42:56.70][186.94.81.28][1138] SELECT pre_cod_asig1,pre_cod_asig2,pre_cod_asig3,pre_cod_asig4,pre_cod_asig5,pre_cod_asig6,pre_cod_asig7 FROM tblaca009 WHERE pensum='5' AND c_uni_ca='4' AND c_asigna='300226' [1][0] OK
C:[04/08/2014 07:42:56.70][186.94.81.28][1151] SELECT c_asigna FROM dace004 WHERE exp_e='13-23872877' AND c_asigna='300116' AND status IN ('0','3','B','C') [1][0] OK
C:[04/08/2014 07:42:56.64][186.94.81.28][1182] SELECT par_cod_asig1,par_cod_asig2,par_cod_asig3 FROM tblaca009 WHERE pensum='5' AND c_uni_ca='4' AND c_asigna='300226' [1][0] OK
C:[04/08/2014 07:42:56.77][186.94.81.28][1312] SELECT horas_lab FROM tblaca008 WHERE c_asigna='300226' AND horas_teoricas > 0 [1][0] OK
C:[04/08/2014 07:43:04.85][186.94.81.28][1138] SELECT pre_cod_asig1,pre_cod_asig2,pre_cod_asig3,pre_cod_asig4,pre_cod_asig5,pre_cod_asig6,pre_cod_asig7 FROM tblaca009 WHERE pensum='5' AND c_uni_ca='4' AND c_asigna='300101' [1][0] OK
C:[04/08/2014 07:43:04.23][186.94.81.28][1182] SELECT par_cod_asig1,par_cod_asig2,par_cod_asig3 FROM tblaca009 WHERE pensum='5' AND c_uni_ca='4' AND c_asigna='300101' [1][0] OK
C:[04/08/2014 07:43:04.36][186.94.81.28][1312] SELECT horas_lab FROM tblaca008 WHERE c_asigna='300101' AND horas_teoricas > 0 [1][0] OK
C:[04/08/2014 08:11:22.66][186.94.81.28][1138] SELECT pre_cod_asig1,pre_cod_asig2,pre_cod_asig3,pre_cod_asig4,pre_cod_asig5,pre_cod_asig6,pre_cod_asig7 FROM tblaca009 WHERE pensum='5' AND c_uni_ca='2' AND c_asigna='322550' [1][0] OK
C:[04/08/2014 08:11:22.66][186.94.81.28][1151] SELECT c_asigna FROM dace004 WHERE exp_e='10-21338404' AND c_asigna='322433' AND status IN ('0','3','B','C') [1][0] OK
C:[04/08/2014 08:11:22.66][186.94.81.28][1138] SELECT pre_cod_asig1,pre_cod_asig2,pre_cod_asig3,pre_cod_asig4,pre_cod_asig5,pre_cod_asig6,pre_cod_asig7 FROM tblaca009 WHERE pensum='5' AND c_uni_ca='2' AND c_asigna='322558' [1][0] OK
C:[04/08/2014 08:11:22.66][186.94.81.28][1151] SELECT c_asigna FROM dace004 WHERE exp_e='10-21338404' AND c_asigna='300428' AND status IN ('0','3','B','C') [1][0] OK
C:[04/08/2014 08:11:22.66][186.94.81.28][1151] SELECT c_asigna FROM dace004 WHERE exp_e='10-21338404' AND c_asigna='320323' AND status IN ('0','3','B','C') [1][0] OK
C:[04/08/2014 08:11:22.66][186.94.81.28][1138] SELECT pre_cod_asig1,pre_cod_asig2,pre_cod_asig3,pre_cod_asig4,pre_cod_asig5,pre_cod_asig6,pre_cod_asig7 FROM tblaca009 WHERE pensum='5' AND c_uni_ca='2' AND c_asigna='322559' [1][0] OK
C:[04/08/2014 08:11:22.66][186.94.81.28][1151] SELECT c_asigna FROM dace004 WHERE exp_e='10-21338404' AND c_asigna='300428' AND status IN ('0','3','B','C') [1][0] OK
C:[04/08/2014 08:11:22.66][186.94.81.28][1151] SELECT c_asigna FROM dace004 WHERE exp_e='10-21338404' AND c_asigna='322436' AND status IN ('0','3','B','C') [1][0] OK
C:[04/08/2014 08:11:23.35][186.94.81.28][1182] SELECT par_cod_asig1,par_cod_asig2,par_cod_asig3 FROM tblaca009 WHERE pensum='5' AND c_uni_ca='2' AND c_asigna='322550' [1][0] OK
C:[04/08/2014 08:11:23.35][186.94.81.28][1182] SELECT par_cod_asig1,par_cod_asig2,par_cod_asig3 FROM tblaca009 WHERE pensum='5' AND c_uni_ca='2' AND c_asigna='322558' [1][0] OK
C:[04/08/2014 08:11:23.35][186.94.81.28][1182] SELECT par_cod_asig1,par_cod_asig2,par_cod_asig3 FROM tblaca009 WHERE pensum='5' AND c_uni_ca='2' AND c_asigna='322559' [1][0] OK
C:[04/08/2014 08:11:23.74][186.94.81.28][1312] SELECT horas_lab FROM tblaca008 WHERE c_asigna='322550' AND horas_teoricas > 0 [1][0] OK
C:[04/08/2014 08:11:23.74][186.94.81.28][1312] SELECT horas_lab FROM tblaca008 WHERE c_asigna='322558' AND horas_teoricas > 0 [1][0] OK
C:[04/08/2014 08:11:23.74][186.94.81.28][1312] SELECT horas_lab FROM tblaca008 WHERE c_asigna='322559' AND horas_teoricas > 0 [1][0] OK
C:[04/08/2014 08:15:30.31][186.94.81.28][1138] SELECT pre_cod_asig1,pre_cod_asig2,pre_cod_asig3,pre_cod_asig4,pre_cod_asig5,pre_cod_asig6,pre_cod_asig7 FROM tblaca009 WHERE pensum='5' AND c_uni_ca='2' AND c_asigna='322550' [1][0] OK
C:[04/08/2014 08:15:30.31][186.94.81.28][1151] SELECT c_asigna FROM dace004 WHERE exp_e='10-21338404' AND c_asigna='322433' AND status IN ('0','3','B','C') [1][0] OK
C:[04/08/2014 08:15:30.31][186.94.81.28][1138] SELECT pre_cod_asig1,pre_cod_asig2,pre_cod_asig3,pre_cod_asig4,pre_cod_asig5,pre_cod_asig6,pre_cod_asig7 FROM tblaca009 WHERE pensum='5' AND c_uni_ca='2' AND c_asigna='322558' [1][0] OK
C:[04/08/2014 08:15:30.31][186.94.81.28][1151] SELECT c_asigna FROM dace004 WHERE exp_e='10-21338404' AND c_asigna='300428' AND status IN ('0','3','B','C') [1][0] OK
C:[04/08/2014 08:15:30.31][186.94.81.28][1151] SELECT c_asigna FROM dace004 WHERE exp_e='10-21338404' AND c_asigna='320323' AND status IN ('0','3','B','C') [1][0] OK
C:[04/08/2014 08:15:30.31][186.94.81.28][1138] SELECT pre_cod_asig1,pre_cod_asig2,pre_cod_asig3,pre_cod_asig4,pre_cod_asig5,pre_cod_asig6,pre_cod_asig7 FROM tblaca009 WHERE pensum='5' AND c_uni_ca='2' AND c_asigna='322559' [1][0] OK
C:[04/08/2014 08:15:30.31][186.94.81.28][1151] SELECT c_asigna FROM dace004 WHERE exp_e='10-21338404' AND c_asigna='300428' AND status IN ('0','3','B','C') [1][0] OK
C:[04/08/2014 08:15:30.31][186.94.81.28][1151] SELECT c_asigna FROM dace004 WHERE exp_e='10-21338404' AND c_asigna='322436' AND status IN ('0','3','B','C') [1][0] OK
C:[04/08/2014 08:15:30.56][186.94.81.28][1182] SELECT par_cod_asig1,par_cod_asig2,par_cod_asig3 FROM tblaca009 WHERE pensum='5' AND c_uni_ca='2' AND c_asigna='322550' [1][0] OK
C:[04/08/2014 08:15:30.56][186.94.81.28][1182] SELECT par_cod_asig1,par_cod_asig2,par_cod_asig3 FROM tblaca009 WHERE pensum='5' AND c_uni_ca='2' AND c_asigna='322558' [1][0] OK
C:[04/08/2014 08:15:30.56][186.94.81.28][1182] SELECT par_cod_asig1,par_cod_asig2,par_cod_asig3 FROM tblaca009 WHERE pensum='5' AND c_uni_ca='2' AND c_asigna='322559' [1][0] OK
C:[04/08/2014 08:15:30.94][186.94.81.28][1312] SELECT horas_lab FROM tblaca008 WHERE c_asigna='322550' AND horas_teoricas > 0 [1][0] OK
C:[04/08/2014 08:15:30.94][186.94.81.28][1312] SELECT horas_lab FROM tblaca008 WHERE c_asigna='322558' AND horas_teoricas > 0 [1][0] OK
C:[04/08/2014 08:15:30.94][186.94.81.28][1312] SELECT horas_lab FROM tblaca008 WHERE c_asigna='322559' AND horas_teoricas > 0 [1][0] OK
C:[04/08/2014 08:21:07.73][190.79.23.141][1138] SELECT pre_cod_asig1,pre_cod_asig2,pre_cod_asig3,pre_cod_asig4,pre_cod_asig5,pre_cod_asig6,pre_cod_asig7 FROM tblaca009 WHERE pensum='5' AND c_uni_ca='6' AND c_asigna='300101' [1][0] OK
C:[04/08/2014 08:21:07.73][190.79.23.141][1138] SELECT pre_cod_asig1,pre_cod_asig2,pre_cod_asig3,pre_cod_asig4,pre_cod_asig5,pre_cod_asig6,pre_cod_asig7 FROM tblaca009 WHERE pensum='5' AND c_uni_ca='6' AND c_asigna='300226' [1][0] OK
C:[04/08/2014 08:21:07.73][190.79.23.141][1151] SELECT c_asigna FROM dace004 WHERE exp_e='13-25395496' AND c_asigna='300116' AND status IN ('0','3','B','C') [1][0] OK
C:[04/08/2014 08:21:08.94][190.79.23.141][1182] SELECT par_cod_asig1,par_cod_asig2,par_cod_asig3 FROM tblaca009 WHERE pensum='5' AND c_uni_ca='6' AND c_asigna='300101' [1][0] OK
C:[04/08/2014 08:21:08.94][190.79.23.141][1182] SELECT par_cod_asig1,par_cod_asig2,par_cod_asig3 FROM tblaca009 WHERE pensum='5' AND c_uni_ca='6' AND c_asigna='300226' [1][0] OK
C:[04/08/2014 08:21:08.20][190.79.23.141][1312] SELECT horas_lab FROM tblaca008 WHERE c_asigna='300101' AND horas_teoricas > 0 [1][0] OK
C:[04/08/2014 08:21:08.20][190.79.23.141][1312] SELECT horas_lab FROM tblaca008 WHERE c_asigna='300226' AND horas_teoricas > 0 [1][0] OK
C:[04/08/2014 08:24:36.58][190.206.81.87][1138] SELECT pre_cod_asig1,pre_cod_asig2,pre_cod_asig3,pre_cod_asig4,pre_cod_asig5,pre_cod_asig6,pre_cod_asig7 FROM tblaca009 WHERE pensum='5' AND c_uni_ca='2' AND c_asigna='322550' [1][0] OK
C:[04/08/2014 08:24:36.58][190.206.81.87][1151] SELECT c_asigna FROM dace004 WHERE exp_e='10-22587745' AND c_asigna='322433' AND status IN ('0','3','B','C') [1][0] OK
C:[04/08/2014 08:24:36.58][190.206.81.87][1138] SELECT pre_cod_asig1,pre_cod_asig2,pre_cod_asig3,pre_cod_asig4,pre_cod_asig5,pre_cod_asig6,pre_cod_asig7 FROM tblaca009 WHERE pensum='5' AND c_uni_ca='2' AND c_asigna='322669' [1][0] OK
C:[04/08/2014 08:24:36.58][190.206.81.87][1151] SELECT c_asigna FROM dace004 WHERE exp_e='10-22587745' AND c_asigna='322558' AND status IN ('0','3','B','C') [1][0] OK
C:[04/08/2014 08:24:36.58][190.206.81.87][1151] SELECT c_asigna FROM dace004 WHERE exp_e='10-22587745' AND c_asigna='323528' AND status IN ('0','3','B','C') [1][0] OK
C:[04/08/2014 08:24:36.58][190.206.81.87][1138] SELECT pre_cod_asig1,pre_cod_asig2,pre_cod_asig3,pre_cod_asig4,pre_cod_asig5,pre_cod_asig6,pre_cod_asig7 FROM tblaca009 WHERE pensum='5' AND c_uni_ca='2' AND c_asigna='322678' [1][0] OK
C:[04/08/2014 08:24:36.58][190.206.81.87][1151] SELECT c_asigna FROM dace004 WHERE exp_e='10-22587745' AND c_asigna='322559' AND status IN ('0','3','B','C') [1][0] OK
C:[04/08/2014 08:24:36.71][190.206.81.87][1182] SELECT par_cod_asig1,par_cod_asig2,par_cod_asig3 FROM tblaca009 WHERE pensum='5' AND c_uni_ca='2' AND c_asigna='322550' [1][0] OK
C:[04/08/2014 08:24:36.71][190.206.81.87][1182] SELECT par_cod_asig1,par_cod_asig2,par_cod_asig3 FROM tblaca009 WHERE pensum='5' AND c_uni_ca='2' AND c_asigna='322669' [1][0] OK
C:[04/08/2014 08:24:36.71][190.206.81.87][1182] SELECT par_cod_asig1,par_cod_asig2,par_cod_asig3 FROM tblaca009 WHERE pensum='5' AND c_uni_ca='2' AND c_asigna='322678' [1][0] OK
C:[04/08/2014 08:24:36.09][190.206.81.87][1312] SELECT horas_lab FROM tblaca008 WHERE c_asigna='322550' AND horas_teoricas > 0 [1][0] OK
C:[04/08/2014 08:24:36.09][190.206.81.87][1312] SELECT horas_lab FROM tblaca008 WHERE c_asigna='322669' AND horas_teoricas > 0 [1][0] OK
C:[04/08/2014 08:24:36.09][190.206.81.87][1312] SELECT horas_lab FROM tblaca008 WHERE c_asigna='322678' AND horas_teoricas > 0 [1][0] OK
C:[04/08/2014 08:27:57.06][190.79.23.141][1138] SELECT pre_cod_asig1,pre_cod_asig2,pre_cod_asig3,pre_cod_asig4,pre_cod_asig5,pre_cod_asig6,pre_cod_asig7 FROM tblaca009 WHERE pensum='5' AND c_uni_ca='4' AND c_asigna='300207' [1][0] OK
C:[04/08/2014 08:27:57.06][190.79.23.141][1151] SELECT c_asigna FROM dace004 WHERE exp_e='13-25693019' AND c_asigna='300101' AND status IN ('0','3','B','C') [1][0] OK
C:[04/08/2014 08:27:57.06][190.79.23.141][1138] SELECT pre_cod_asig1,pre_cod_asig2,pre_cod_asig3,pre_cod_asig4,pre_cod_asig5,pre_cod_asig6,pre_cod_asig7 FROM tblaca009 WHERE pensum='5' AND c_uni_ca='4' AND c_asigna='300209' [1][0] OK
C:[04/08/2014 08:27:57.06][190.79.23.141][1151] SELECT c_asigna FROM dace004 WHERE exp_e='13-25693019' AND c_asigna='300101' AND status IN ('0','3','B','C') [1][0] OK
C:[04/08/2014 08:27:57.81][190.79.23.141][1182] SELECT par_cod_asig1,par_cod_asig2,par_cod_asig3 FROM tblaca009 WHERE pensum='5' AND c_uni_ca='4' AND c_asigna='300207' [1][0] OK
C:[04/08/2014 08:27:57.81][190.79.23.141][1182] SELECT par_cod_asig1,par_cod_asig2,par_cod_asig3 FROM tblaca009 WHERE pensum='5' AND c_uni_ca='4' AND c_asigna='300209' [1][0] OK
C:[04/08/2014 08:27:57.07][190.79.23.141][1312] SELECT horas_lab FROM tblaca008 WHERE c_asigna='300207' AND horas_teoricas > 0 [1][0] OK
C:[04/08/2014 08:27:57.07][190.79.23.141][1312] SELECT horas_lab FROM tblaca008 WHERE c_asigna='300209' AND horas_teoricas > 0 [1][0] OK
C:[04/08/2014 08:37:44.80][186.94.81.28][1138] SELECT pre_cod_asig1,pre_cod_asig2,pre_cod_asig3,pre_cod_asig4,pre_cod_asig5,pre_cod_asig6,pre_cod_asig7 FROM tblaca009 WHERE pensum='5' AND c_uni_ca='4' AND c_asigna='300213' [1][0] OK
C:[04/08/2014 08:37:44.80][186.94.81.28][1151] SELECT c_asigna FROM dace004 WHERE exp_e='13-25002955' AND c_asigna='300101' AND status IN ('0','3','B','C') [1][0] OK
C:[04/08/2014 08:37:44.80][186.94.81.28][1138] SELECT pre_cod_asig1,pre_cod_asig2,pre_cod_asig3,pre_cod_asig4,pre_cod_asig5,pre_cod_asig6,pre_cod_asig7 FROM tblaca009 WHERE pensum='5' AND c_uni_ca='4' AND c_asigna='300222' [1][0] OK
C:[04/08/2014 08:37:44.80][186.94.81.28][1151] SELECT c_asigna FROM dace004 WHERE exp_e='13-25002955' AND c_asigna='300112' AND status IN ('0','3','B','C') [1][0] OK
C:[04/08/2014 08:37:44.80][186.94.81.28][1138] SELECT pre_cod_asig1,pre_cod_asig2,pre_cod_asig3,pre_cod_asig4,pre_cod_asig5,pre_cod_asig6,pre_cod_asig7 FROM tblaca009 WHERE pensum='5' AND c_uni_ca='4' AND c_asigna='300317' [1][0] OK
C:[04/08/2014 08:37:44.80][186.94.81.28][1151] SELECT c_asigna FROM dace004 WHERE exp_e='13-25002955' AND c_asigna='300207' AND status IN ('0','3','B','C') [1][0] OK
C:[04/08/2014 08:37:44.80][186.94.81.28][1151] SELECT c_asigna FROM dace004 WHERE exp_e='13-25002955' AND c_asigna='300209' AND status IN ('0','3','B','C') [1][0] OK
C:[04/08/2014 08:37:45.92][186.94.81.28][1182] SELECT par_cod_asig1,par_cod_asig2,par_cod_asig3 FROM tblaca009 WHERE pensum='5' AND c_uni_ca='4' AND c_asigna='300213' [1][0] OK
C:[04/08/2014 08:37:45.92][186.94.81.28][1196] SELECT c_asigna FROM dace004 WHERE exp_e='13-25002955' AND c_asigna='300209' AND status IN ('0','3','B','C') [1][0] OK
C:[04/08/2014 08:37:45.92][186.94.81.28][1182] SELECT par_cod_asig1,par_cod_asig2,par_cod_asig3 FROM tblaca009 WHERE pensum='5' AND c_uni_ca='4' AND c_asigna='300222' [1][0] OK
C:[04/08/2014 08:37:45.92][186.94.81.28][1182] SELECT par_cod_asig1,par_cod_asig2,par_cod_asig3 FROM tblaca009 WHERE pensum='5' AND c_uni_ca='4' AND c_asigna='300317' [1][0] OK
C:[04/08/2014 08:37:45.44][186.94.81.28][1312] SELECT horas_lab FROM tblaca008 WHERE c_asigna='300213' AND horas_teoricas > 0 [1][0] OK
C:[04/08/2014 08:37:45.44][186.94.81.28][1312] SELECT horas_lab FROM tblaca008 WHERE c_asigna='300222' AND horas_teoricas > 0 [1][0] OK
C:[04/08/2014 08:37:45.44][186.94.81.28][1312] SELECT horas_lab FROM tblaca008 WHERE c_asigna='300317' AND horas_teoricas > 0 [1][0] OK
C:[04/08/2014 08:38:51.90][179.45.156.112][1138] SELECT pre_cod_asig1,pre_cod_asig2,pre_cod_asig3,pre_cod_asig4,pre_cod_asig5,pre_cod_asig6,pre_cod_asig7 FROM tblaca009 WHERE pensum='5' AND c_uni_ca='4' AND c_asigna='333564' [1][0] OK
C:[04/08/2014 08:38:51.90][179.45.156.112][1151] SELECT c_asigna FROM dace004 WHERE exp_e='11-23638928' AND c_asigna='333441' AND status IN ('0','3','B','C') [1][0] OK
C:[04/08/2014 08:38:51.90][179.45.156.112][1138] SELECT pre_cod_asig1,pre_cod_asig2,pre_cod_asig3,pre_cod_asig4,pre_cod_asig5,pre_cod_asig6,pre_cod_asig7 FROM tblaca009 WHERE pensum='5' AND c_uni_ca='4' AND c_asigna='333584' [1][0] OK
C:[04/08/2014 08:38:51.90][179.45.156.112][1151] SELECT c_asigna FROM dace004 WHERE exp_e='11-23638928' AND c_asigna='300428' AND status IN ('0','3','B','C') [1][0] OK
C:[04/08/2014 08:38:51.90][179.45.156.112][1151] SELECT c_asigna FROM dace004 WHERE exp_e='11-23638928' AND c_asigna='333440' AND status IN ('0','3','B','C') [1][0] OK
C:[04/08/2014 08:38:51.90][179.45.156.112][1151] SELECT c_asigna FROM dace004 WHERE exp_e='11-23638928' AND c_asigna='300209' AND status IN ('0','3','B','C') [1][0] OK
C:[04/08/2014 08:38:51.89][179.45.156.112][1182] SELECT par_cod_asig1,par_cod_asig2,par_cod_asig3 FROM tblaca009 WHERE pensum='5' AND c_uni_ca='4' AND c_asigna='333564' [1][0] OK
C:[04/08/2014 08:38:51.89][179.45.156.112][1182] SELECT par_cod_asig1,par_cod_asig2,par_cod_asig3 FROM tblaca009 WHERE pensum='5' AND c_uni_ca='4' AND c_asigna='333584' [1][0] OK
C:[04/08/2014 08:38:51.89][179.45.156.112][1196] SELECT c_asigna FROM dace004 WHERE exp_e='11-23638928' AND c_asigna='333563' AND status IN ('0','3','B','C') [0][0] OK
C:[04/08/2014 08:38:51.84][179.45.156.112][1312] SELECT horas_lab FROM tblaca008 WHERE c_asigna='333564' AND horas_teoricas > 0 [1][0] OK
C:[04/08/2014 08:38:51.84][179.45.156.112][1312] SELECT horas_lab FROM tblaca008 WHERE c_asigna='333584' AND horas_teoricas > 0 [1][0] OK
C:[04/08/2014 08:39:15.04][181.184.224.254][1138] SELECT pre_cod_asig1,pre_cod_asig2,pre_cod_asig3,pre_cod_asig4,pre_cod_asig5,pre_cod_asig6,pre_cod_asig7 FROM tblaca009 WHERE pensum='5' AND c_uni_ca='5' AND c_asigna='355692' [1][0] OK
C:[04/08/2014 08:39:15.04][181.184.224.254][1151] SELECT c_asigna FROM dace004 WHERE exp_e='10-23503975' AND c_asigna='355448' AND status IN ('0','3','B','C') [1][0] OK
C:[04/08/2014 08:39:15.04][181.184.224.254][1151] SELECT c_asigna FROM dace004 WHERE exp_e='10-23503975' AND c_asigna='355570' AND status IN ('0','3','B','C') [1][0] OK
C:[04/08/2014 08:39:16.91][181.184.224.254][1182] SELECT par_cod_asig1,par_cod_asig2,par_cod_asig3 FROM tblaca009 WHERE pensum='5' AND c_uni_ca='5' AND c_asigna='355692' [1][0] OK
C:[04/08/2014 08:39:16.05][181.184.224.254][1312] SELECT horas_lab FROM tblaca008 WHERE c_asigna='355692' AND horas_teoricas > 0 [1][0] OK
C:[04/08/2014 08:41:19.60][181.182.86.230][1138] SELECT pre_cod_asig1,pre_cod_asig2,pre_cod_asig3,pre_cod_asig4,pre_cod_asig5,pre_cod_asig6,pre_cod_asig7 FROM tblaca009 WHERE pensum='5' AND c_uni_ca='5' AND c_asigna='355595' [1][0] OK
C:[04/08/2014 08:41:19.60][181.182.86.230][1151] SELECT c_asigna FROM dace004 WHERE exp_e='11-21247479' AND c_asigna='351451' AND status IN ('0','3','B','C') [1][0] OK
C:[04/08/2014 08:41:19.60][181.182.86.230][1151] SELECT c_asigna FROM dace004 WHERE exp_e='11-21247479' AND c_asigna='355350' AND status IN ('0','3','B','C') [1][0] OK
C:[04/08/2014 08:41:19.60][181.182.86.230][1151] SELECT c_asigna FROM dace004 WHERE exp_e='11-21247479' AND c_asigna='300318' AND status IN ('0','3','B','C') [1][0] OK
C:[04/08/2014 08:41:19.60][181.182.86.230][1138] SELECT pre_cod_asig1,pre_cod_asig2,pre_cod_asig3,pre_cod_asig4,pre_cod_asig5,pre_cod_asig6,pre_cod_asig7 FROM tblaca009 WHERE pensum='5' AND c_uni_ca='5' AND c_asigna='355693' [1][0] OK
C:[04/08/2014 08:41:19.60][181.182.86.230][1151] SELECT c_asigna FROM dace004 WHERE exp_e='11-21247479' AND c_asigna='355572' AND status IN ('0','3','B','C') [1][0] OK
C:[04/08/2014 08:41:19.60][181.182.86.230][1151] SELECT c_asigna FROM dace004 WHERE exp_e='11-21247479' AND c_asigna='352440' AND status IN ('0','3','B','C') [1][0] OK
C:[04/08/2014 08:41:19.60][181.182.86.230][1151] SELECT c_asigna FROM dace004 WHERE exp_e='11-21247479' AND c_asigna='355573' AND status IN ('0','3','B','C') [1][0] OK
C:[04/08/2014 08:41:19.60][181.182.86.230][1151] SELECT c_asigna FROM dace004 WHERE exp_e='11-21247479' AND c_asigna='300226' AND status IN ('0','3','B','C') [1][0] OK
C:[04/08/2014 08:41:19.60][181.182.86.230][1151] SELECT c_asigna FROM dace004 WHERE exp_e='11-21247479' AND c_asigna='300222' AND status IN ('0','3','B','C') [1][0] OK
C:[04/08/2014 08:41:19.60][181.182.86.230][1151] SELECT c_asigna FROM dace004 WHERE exp_e='11-21247479' AND c_asigna='300013' AND status IN ('0','3','B','C') [1][0] OK
C:[04/08/2014 08:41:19.60][181.182.86.230][1151] SELECT c_asigna FROM dace004 WHERE exp_e='11-21247479' AND c_asigna='300113' AND status IN ('0','3','B','C') [1][0] OK
C:[04/08/2014 08:41:19.60][181.182.86.230][1138] SELECT pre_cod_asig1,pre_cod_asig2,pre_cod_asig3,pre_cod_asig4,pre_cod_asig5,pre_cod_asig6,pre_cod_asig7 FROM tblaca009 WHERE pensum='5' AND c_uni_ca='5' AND c_asigna='355696' [1][0] OK
C:[04/08/2014 08:41:19.60][181.182.86.230][1151] SELECT c_asigna FROM dace004 WHERE exp_e='11-21247479' AND c_asigna='355570' AND status IN ('0','3','B','C') [1][0] OK
C:[04/08/2014 08:41:19.60][181.182.86.230][1151] SELECT c_asigna FROM dace004 WHERE exp_e='11-21247479' AND c_asigna='355571' AND status IN ('0','3','B','C') [1][0] OK
C:[04/08/2014 08:41:19.17][181.182.86.230][1182] SELECT par_cod_asig1,par_cod_asig2,par_cod_asig3 FROM tblaca009 WHERE pensum='5' AND c_uni_ca='5' AND c_asigna='355595' [1][0] OK
C:[04/08/2014 08:41:19.17][181.182.86.230][1182] SELECT par_cod_asig1,par_cod_asig2,par_cod_asig3 FROM tblaca009 WHERE pensum='5' AND c_uni_ca='5' AND c_asigna='355693' [1][0] OK
C:[04/08/2014 08:41:19.17][181.182.86.230][1182] SELECT par_cod_asig1,par_cod_asig2,par_cod_asig3 FROM tblaca009 WHERE pensum='5' AND c_uni_ca='5' AND c_asigna='355696' [1][0] OK
C:[04/08/2014 08:41:19.55][181.182.86.230][1312] SELECT horas_lab FROM tblaca008 WHERE c_asigna='355595' AND horas_teoricas > 0 [1][0] OK
C:[04/08/2014 08:41:19.55][181.182.86.230][1312] SELECT horas_lab FROM tblaca008 WHERE c_asigna='355693' AND horas_teoricas > 0 [1][0] OK
C:[04/08/2014 08:41:19.55][181.182.86.230][1312] SELECT horas_lab FROM tblaca008 WHERE c_asigna='355696' AND horas_teoricas > 0 [1][0] OK
C:[04/08/2014 08:51:17.71][172.16.4.254][1138] SELECT pre_cod_asig1,pre_cod_asig2,pre_cod_asig3,pre_cod_asig4,pre_cod_asig5,pre_cod_asig6,pre_cod_asig7 FROM tblaca009 WHERE pensum='5' AND c_uni_ca='2' AND c_asigna='300105' [1][0] OK
C:[04/08/2014 08:51:17.09][172.16.4.254][1182] SELECT par_cod_asig1,par_cod_asig2,par_cod_asig3 FROM tblaca009 WHERE pensum='5' AND c_uni_ca='2' AND c_asigna='300105' [1][0] OK
C:[04/08/2014 08:51:17.22][172.16.4.254][1312] SELECT horas_lab FROM tblaca008 WHERE c_asigna='300105' AND horas_teoricas > 0 [1][0] OK
C:[04/08/2014 08:55:24.70][190.73.238.17][1138] SELECT pre_cod_asig1,pre_cod_asig2,pre_cod_asig3,pre_cod_asig4,pre_cod_asig5,pre_cod_asig6,pre_cod_asig7 FROM tblaca009 WHERE pensum='5' AND c_uni_ca='3' AND c_asigna='311094' [1][0] OK
C:[04/08/2014 08:55:24.70][190.73.238.17][1151] SELECT c_asigna FROM dace004 WHERE exp_e='10-21496443' AND c_asigna='311822' AND status IN ('0','3','B','C') [1][0] OK
C:[04/08/2014 08:55:24.70][190.73.238.17][1151] SELECT c_asigna FROM dace004 WHERE exp_e='10-21496443' AND c_asigna='311823' AND status IN ('0','3','B','C') [1][0] OK
C:[04/08/2014 08:55:24.38][190.73.238.17][1182] SELECT par_cod_asig1,par_cod_asig2,par_cod_asig3 FROM tblaca009 WHERE pensum='5' AND c_uni_ca='3' AND c_asigna='311094' [1][0] OK
C:[04/08/2014 08:55:24.56][190.73.238.17][1312] SELECT horas_lab FROM tblaca008 WHERE c_asigna='311094' AND horas_teoricas > 0 [1][0] OK
C:[04/08/2014 08:59:03.73][186.94.81.28][1138] SELECT pre_cod_asig1,pre_cod_asig2,pre_cod_asig3,pre_cod_asig4,pre_cod_asig5,pre_cod_asig6,pre_cod_asig7 FROM tblaca009 WHERE pensum='5' AND c_uni_ca='4' AND c_asigna='333564' [1][0] OK
C:[04/08/2014 08:59:03.73][186.94.81.28][1151] SELECT c_asigna FROM dace004 WHERE exp_e='11-24889410' AND c_asigna='333441' AND status IN ('0','3','B','C') [1][0] OK
C:[04/08/2014 08:59:03.23][186.94.81.28][1182] SELECT par_cod_asig1,par_cod_asig2,par_cod_asig3 FROM tblaca009 WHERE pensum='5' AND c_uni_ca='4' AND c_asigna='333564' [1][0] OK
C:[04/08/2014 08:59:04.36][186.94.81.28][1312] SELECT horas_lab FROM tblaca008 WHERE c_asigna='333564' AND horas_teoricas > 0 [1][0] OK
C:[04/08/2014 09:05:26.40][186.94.81.28][1138] SELECT pre_cod_asig1,pre_cod_asig2,pre_cod_asig3,pre_cod_asig4,pre_cod_asig5,pre_cod_asig6,pre_cod_asig7 FROM tblaca009 WHERE pensum='5' AND c_uni_ca='4' AND c_asigna='300428' [1][0] OK
C:[04/08/2014 09:05:26.40][186.94.81.28][1151] SELECT c_asigna FROM dace004 WHERE exp_e='10-22824070' AND c_asigna='300317' AND status IN ('0','3','B','C') [1][0] OK
C:[04/08/2014 09:05:26.40][186.94.81.28][1151] SELECT c_asigna FROM dace004 WHERE exp_e='10-22824070' AND c_asigna='300209' AND status IN ('0','3','B','C') [1][0] OK
C:[04/08/2014 09:05:26.40][186.94.81.28][1138] SELECT pre_cod_asig1,pre_cod_asig2,pre_cod_asig3,pre_cod_asig4,pre_cod_asig5,pre_cod_asig6,pre_cod_asig7 FROM tblaca009 WHERE pensum='5' AND c_uni_ca='4' AND c_asigna='333440' [1][0] OK
C:[04/08/2014 09:05:26.40][186.94.81.28][1151] SELECT c_asigna FROM dace004 WHERE exp_e='10-22824070' AND c_asigna='300317' AND status IN ('0','3','B','C') [1][0] OK
C:[04/08/2014 09:05:26.40][186.94.81.28][1151] SELECT c_asigna FROM dace004 WHERE exp_e='10-22824070' AND c_asigna='330310' AND status IN ('0','3','B','C') [1][0] OK
C:[04/08/2014 09:05:26.40][186.94.81.28][1151] SELECT c_asigna FROM dace004 WHERE exp_e='10-22824070' AND c_asigna='300209' AND status IN ('0','3','B','C') [1][0] OK
C:[04/08/2014 09:05:26.40][186.94.81.28][1138] SELECT pre_cod_asig1,pre_cod_asig2,pre_cod_asig3,pre_cod_asig4,pre_cod_asig5,pre_cod_asig6,pre_cod_asig7 FROM tblaca009 WHERE pensum='5' AND c_uni_ca='4' AND c_asigna='333564' [1][0] OK
C:[04/08/2014 09:05:26.40][186.94.81.28][1151] SELECT c_asigna FROM dace004 WHERE exp_e='10-22824070' AND c_asigna='333441' AND status IN ('0','3','B','C') [1][0] OK
C:[04/08/2014 09:05:27.77][186.94.81.28][1182] SELECT par_cod_asig1,par_cod_asig2,par_cod_asig3 FROM tblaca009 WHERE pensum='5' AND c_uni_ca='4' AND c_asigna='300428' [1][0] OK
C:[04/08/2014 09:05:27.77][186.94.81.28][1182] SELECT par_cod_asig1,par_cod_asig2,par_cod_asig3 FROM tblaca009 WHERE pensum='5' AND c_uni_ca='4' AND c_asigna='333440' [1][0] OK
C:[04/08/2014 09:05:27.77][186.94.81.28][1196] SELECT c_asigna FROM dace004 WHERE exp_e='10-22824070' AND c_asigna='333441' AND status IN ('0','3','B','C') [1][0] OK
C:[04/08/2014 09:05:27.77][186.94.81.28][1182] SELECT par_cod_asig1,par_cod_asig2,par_cod_asig3 FROM tblaca009 WHERE pensum='5' AND c_uni_ca='4' AND c_asigna='333564' [1][0] OK
C:[04/08/2014 09:05:27.29][186.94.81.28][1312] SELECT horas_lab FROM tblaca008 WHERE c_asigna='300428' AND horas_teoricas > 0 [1][0] OK
C:[04/08/2014 09:05:27.29][186.94.81.28][1312] SELECT horas_lab FROM tblaca008 WHERE c_asigna='333440' AND horas_teoricas > 0 [1][0] OK
C:[04/08/2014 09:05:27.29][186.94.81.28][1312] SELECT horas_lab FROM tblaca008 WHERE c_asigna='333564' AND horas_teoricas > 0 [1][0] OK
C:[04/08/2014 09:08:39.30][190.198.148.142][1138] SELECT pre_cod_asig1,pre_cod_asig2,pre_cod_asig3,pre_cod_asig4,pre_cod_asig5,pre_cod_asig6,pre_cod_asig7 FROM tblaca009 WHERE pensum='5' AND c_uni_ca='3' AND c_asigna='311673' [1][0] OK
C:[04/08/2014 09:08:39.30][190.198.148.142][1151] SELECT c_asigna FROM dace004 WHERE exp_e='11-20290308' AND c_asigna='311551' AND status IN ('0','3','B','C') [1][0] OK
C:[04/08/2014 09:08:39.30][190.198.148.142][1151] SELECT c_asigna FROM dace004 WHERE exp_e='11-20290308' AND c_asigna='311554' AND status IN ('0','3','B','C') [1][0] OK
C:[04/08/2014 09:08:39.30][190.198.148.142][1151] SELECT c_asigna FROM dace004 WHERE exp_e='11-20290308' AND c_asigna='311320' AND status IN ('0','3','B','C') [1][0] OK
C:[04/08/2014 09:08:39.30][190.198.148.142][1138] SELECT pre_cod_asig1,pre_cod_asig2,pre_cod_asig3,pre_cod_asig4,pre_cod_asig5,pre_cod_asig6,pre_cod_asig7 FROM tblaca009 WHERE pensum='5' AND c_uni_ca='3' AND c_asigna='311674' [1][0] OK
C:[04/08/2014 09:08:39.30][190.198.148.142][1151] SELECT c_asigna FROM dace004 WHERE exp_e='11-20290308' AND c_asigna='310548' AND status IN ('0','3','B','C') [1][0] OK
C:[04/08/2014 09:08:39.30][190.198.148.142][1151] SELECT c_asigna FROM dace004 WHERE exp_e='11-20290308' AND c_asigna='311551' AND status IN ('0','3','B','C') [1][0] OK
C:[04/08/2014 09:08:39.30][190.198.148.142][1151] SELECT c_asigna FROM dace004 WHERE exp_e='11-20290308' AND c_asigna='311320' AND status IN ('0','3','B','C') [1][0] OK
C:[04/08/2014 09:08:40.55][190.198.148.142][1182] SELECT par_cod_asig1,par_cod_asig2,par_cod_asig3 FROM tblaca009 WHERE pensum='5' AND c_uni_ca='3' AND c_asigna='311673' [1][0] OK
C:[04/08/2014 09:08:40.55][190.198.148.142][1182] SELECT par_cod_asig1,par_cod_asig2,par_cod_asig3 FROM tblaca009 WHERE pensum='5' AND c_uni_ca='3' AND c_asigna='311674' [1][0] OK
C:[04/08/2014 09:08:40.82][190.198.148.142][1312] SELECT horas_lab FROM tblaca008 WHERE c_asigna='311673' AND horas_teoricas > 0 [1][0] OK
C:[04/08/2014 09:08:40.82][190.198.148.142][1312] SELECT horas_lab FROM tblaca008 WHERE c_asigna='311674' AND horas_teoricas > 0 [1][0] OK
C:[04/08/2014 09:14:34.91][201.243.109.68][1138] SELECT pre_cod_asig1,pre_cod_asig2,pre_cod_asig3,pre_cod_asig4,pre_cod_asig5,pre_cod_asig6,pre_cod_asig7 FROM tblaca009 WHERE pensum='5' AND c_uni_ca='5' AND c_asigna='300222' [1][0] OK
C:[04/08/2014 09:14:34.91][201.243.109.68][1151] SELECT c_asigna FROM dace004 WHERE exp_e='13-24037284' AND c_asigna='300112' AND status IN ('0','3','B','C') [1][0] OK
C:[04/08/2014 09:14:34.42][201.243.109.68][1182] SELECT par_cod_asig1,par_cod_asig2,par_cod_asig3 FROM tblaca009 WHERE pensum='5' AND c_uni_ca='5' AND c_asigna='300222' [1][0] OK
C:[04/08/2014 09:14:34.55][201.243.109.68][1312] SELECT horas_lab FROM tblaca008 WHERE c_asigna='300222' AND horas_teoricas > 0 [1][0] OK
C:[04/08/2014 09:14:43.32][186.94.81.28][1138] SELECT pre_cod_asig1,pre_cod_asig2,pre_cod_asig3,pre_cod_asig4,pre_cod_asig5,pre_cod_asig6,pre_cod_asig7 FROM tblaca009 WHERE pensum='5' AND c_uni_ca='4' AND c_asigna='333585' [1][0] OK
C:[04/08/2014 09:14:43.32][186.94.81.28][1151] SELECT c_asigna FROM dace004 WHERE exp_e='09-20285582' AND c_asigna='333440' AND status IN ('0','3','B','C') [1][0] OK
C:[04/08/2014 09:14:43.32][186.94.81.28][1151] SELECT c_asigna FROM dace004 WHERE exp_e='09-20285582' AND c_asigna='333441' AND status IN ('0','3','B','C') [1][0] OK
C:[04/08/2014 09:14:43.32][186.94.81.28][1151] SELECT c_asigna FROM dace004 WHERE exp_e='09-20285582' AND c_asigna='300209' AND status IN ('0','3','B','C') [1][0] OK
C:[04/08/2014 09:14:43.32][186.94.81.28][1138] SELECT pre_cod_asig1,pre_cod_asig2,pre_cod_asig3,pre_cod_asig4,pre_cod_asig5,pre_cod_asig6,pre_cod_asig7 FROM tblaca009 WHERE pensum='5' AND c_uni_ca='4' AND c_asigna='333564' [1][0] OK
C:[04/08/2014 09:14:43.32][186.94.81.28][1151] SELECT c_asigna FROM dace004 WHERE exp_e='09-20285582' AND c_asigna='333441' AND status IN ('0','3','B','C') [1][0] OK
C:[04/08/2014 09:14:43.08][186.94.81.28][1182] SELECT par_cod_asig1,par_cod_asig2,par_cod_asig3 FROM tblaca009 WHERE pensum='5' AND c_uni_ca='4' AND c_asigna='333585' [1][0] OK
C:[04/08/2014 09:14:43.08][186.94.81.28][1182] SELECT par_cod_asig1,par_cod_asig2,par_cod_asig3 FROM tblaca009 WHERE pensum='5' AND c_uni_ca='4' AND c_asigna='333564' [1][0] OK
C:[04/08/2014 09:14:43.45][186.94.81.28][1312] SELECT horas_lab FROM tblaca008 WHERE c_asigna='333585' AND horas_teoricas > 0 [1][0] OK
C:[04/08/2014 09:14:43.45][186.94.81.28][1312] SELECT horas_lab FROM tblaca008 WHERE c_asigna='333564' AND horas_teoricas > 0 [1][0] OK
C:[04/08/2014 09:17:34.43][190.198.148.142][1138] SELECT pre_cod_asig1,pre_cod_asig2,pre_cod_asig3,pre_cod_asig4,pre_cod_asig5,pre_cod_asig6,pre_cod_asig7 FROM tblaca009 WHERE pensum='5' AND c_uni_ca='3' AND c_asigna='311673' [1][0] OK
C:[04/08/2014 09:17:34.43][190.198.148.142][1151] SELECT c_asigna FROM dace004 WHERE exp_e='11-20290308' AND c_asigna='311551' AND status IN ('0','3','B','C') [1][0] OK
C:[04/08/2014 09:17:34.43][190.198.148.142][1151] SELECT c_asigna FROM dace004 WHERE exp_e='11-20290308' AND c_asigna='311554' AND status IN ('0','3','B','C') [1][0] OK
C:[04/08/2014 09:17:34.43][190.198.148.142][1151] SELECT c_asigna FROM dace004 WHERE exp_e='11-20290308' AND c_asigna='311320' AND status IN ('0','3','B','C') [1][0] OK
C:[04/08/2014 09:17:34.43][190.198.148.142][1138] SELECT pre_cod_asig1,pre_cod_asig2,pre_cod_asig3,pre_cod_asig4,pre_cod_asig5,pre_cod_asig6,pre_cod_asig7 FROM tblaca009 WHERE pensum='5' AND c_uni_ca='3' AND c_asigna='311674' [1][0] OK
C:[04/08/2014 09:17:34.43][190.198.148.142][1151] SELECT c_asigna FROM dace004 WHERE exp_e='11-20290308' AND c_asigna='310548' AND status IN ('0','3','B','C') [1][0] OK
C:[04/08/2014 09:17:34.43][190.198.148.142][1151] SELECT c_asigna FROM dace004 WHERE exp_e='11-20290308' AND c_asigna='311551' AND status IN ('0','3','B','C') [1][0] OK
C:[04/08/2014 09:17:34.43][190.198.148.142][1151] SELECT c_asigna FROM dace004 WHERE exp_e='11-20290308' AND c_asigna='311320' AND status IN ('0','3','B','C') [1][0] OK
C:[04/08/2014 09:17:35.69][190.198.148.142][1182] SELECT par_cod_asig1,par_cod_asig2,par_cod_asig3 FROM tblaca009 WHERE pensum='5' AND c_uni_ca='3' AND c_asigna='311673' [1][0] OK
C:[04/08/2014 09:17:35.69][190.198.148.142][1182] SELECT par_cod_asig1,par_cod_asig2,par_cod_asig3 FROM tblaca009 WHERE pensum='5' AND c_uni_ca='3' AND c_asigna='311674' [1][0] OK
C:[04/08/2014 09:17:35.94][190.198.148.142][1312] SELECT horas_lab FROM tblaca008 WHERE c_asigna='311673' AND horas_teoricas > 0 [1][0] OK
C:[04/08/2014 09:17:35.94][190.198.148.142][1312] SELECT horas_lab FROM tblaca008 WHERE c_asigna='311674' AND horas_teoricas > 0 [1][0] OK
C:[04/08/2014 09:17:40.01][186.94.81.28][1138] SELECT pre_cod_asig1,pre_cod_asig2,pre_cod_asig3,pre_cod_asig4,pre_cod_asig5,pre_cod_asig6,pre_cod_asig7 FROM tblaca009 WHERE pensum='5' AND c_uni_ca='6' AND c_asigna='342559' [1][0] OK
C:[04/08/2014 09:17:40.01][186.94.81.28][1151] SELECT c_asigna FROM dace004 WHERE exp_e='11-24411519' AND c_asigna='342436' AND status IN ('0','3','B','C') [1][0] OK
C:[04/08/2014 09:17:40.01][186.94.81.28][1138] SELECT pre_cod_asig1,pre_cod_asig2,pre_cod_asig3,pre_cod_asig4,pre_cod_asig5,pre_cod_asig6,pre_cod_asig7 FROM tblaca009 WHERE pensum='5' AND c_uni_ca='6' AND c_asigna='342567' [1][0] OK
C:[04/08/2014 09:17:40.01][186.94.81.28][1151] SELECT c_asigna FROM dace004 WHERE exp_e='11-24411519' AND c_asigna='342444' AND status IN ('0','3','B','C') [1][0] OK
C:[04/08/2014 09:17:41.50][186.94.81.28][1182] SELECT par_cod_asig1,par_cod_asig2,par_cod_asig3 FROM tblaca009 WHERE pensum='5' AND c_uni_ca='6' AND c_asigna='342559' [1][0] OK
C:[04/08/2014 09:17:41.50][186.94.81.28][1182] SELECT par_cod_asig1,par_cod_asig2,par_cod_asig3 FROM tblaca009 WHERE pensum='5' AND c_uni_ca='6' AND c_asigna='342567' [1][0] OK
C:[04/08/2014 09:17:41.76][186.94.81.28][1312] SELECT horas_lab FROM tblaca008 WHERE c_asigna='342559' AND horas_teoricas > 0 [1][0] OK
C:[04/08/2014 09:17:41.76][186.94.81.28][1312] SELECT horas_lab FROM tblaca008 WHERE c_asigna='342567' AND horas_teoricas > 0 [1][0] OK
C:[04/08/2014 09:18:15.67][186.88.171.123][1138] SELECT pre_cod_asig1,pre_cod_asig2,pre_cod_asig3,pre_cod_asig4,pre_cod_asig5,pre_cod_asig6,pre_cod_asig7 FROM tblaca009 WHERE pensum='5' AND c_uni_ca='3' AND c_asigna='311094' [1][0] OK
C:[04/08/2014 09:18:15.67][186.88.171.123][1151] SELECT c_asigna FROM dace004 WHERE exp_e='10-19803358' AND c_asigna='311822' AND status IN ('0','3','B','C') [1][0] OK
C:[04/08/2014 09:18:15.67][186.88.171.123][1151] SELECT c_asigna FROM dace004 WHERE exp_e='10-19803358' AND c_asigna='311823' AND status IN ('0','3','B','C') [1][0] OK
C:[04/08/2014 09:18:15.67][186.88.171.123][1138] SELECT pre_cod_asig1,pre_cod_asig2,pre_cod_asig3,pre_cod_asig4,pre_cod_asig5,pre_cod_asig6,pre_cod_asig7 FROM tblaca009 WHERE pensum='5' AND c_uni_ca='3' AND c_asigna='311986' [1][0] OK
C:[04/08/2014 09:18:15.67][186.88.171.123][1151] SELECT c_asigna FROM dace004 WHERE exp_e='10-19803358' AND c_asigna='311825' AND status IN ('0','3','B','C') [1][0] OK
C:[04/08/2014 09:18:15.98][186.88.171.123][1182] SELECT par_cod_asig1,par_cod_asig2,par_cod_asig3 FROM tblaca009 WHERE pensum='5' AND c_uni_ca='3' AND c_asigna='311094' [1][0] OK
C:[04/08/2014 09:18:15.98][186.88.171.123][1182] SELECT par_cod_asig1,par_cod_asig2,par_cod_asig3 FROM tblaca009 WHERE pensum='5' AND c_uni_ca='3' AND c_asigna='311986' [1][0] OK
C:[04/08/2014 09:18:15.24][186.88.171.123][1312] SELECT horas_lab FROM tblaca008 WHERE c_asigna='311094' AND horas_teoricas > 0 [1][0] OK
C:[04/08/2014 09:18:15.24][186.88.171.123][1312] SELECT horas_lab FROM tblaca008 WHERE c_asigna='311986' AND horas_teoricas > 0 [1][0] OK
C:[04/08/2014 09:22:08.63][186.88.171.123][1138] SELECT pre_cod_asig1,pre_cod_asig2,pre_cod_asig3,pre_cod_asig4,pre_cod_asig5,pre_cod_asig6,pre_cod_asig7 FROM tblaca009 WHERE pensum='5' AND c_uni_ca='3' AND c_asigna='311094' [1][0] OK
C:[04/08/2014 09:22:08.63][186.88.171.123][1151] SELECT c_asigna FROM dace004 WHERE exp_e='10-19803358' AND c_asigna='311822' AND status IN ('0','3','B','C') [1][0] OK
C:[04/08/2014 09:22:08.63][186.88.171.123][1151] SELECT c_asigna FROM dace004 WHERE exp_e='10-19803358' AND c_asigna='311823' AND status IN ('0','3','B','C') [1][0] OK
C:[04/08/2014 09:22:08.63][186.88.171.123][1138] SELECT pre_cod_asig1,pre_cod_asig2,pre_cod_asig3,pre_cod_asig4,pre_cod_asig5,pre_cod_asig6,pre_cod_asig7 FROM tblaca009 WHERE pensum='5' AND c_uni_ca='3' AND c_asigna='311986' [1][0] OK
C:[04/08/2014 09:22:08.63][186.88.171.123][1151] SELECT c_asigna FROM dace004 WHERE exp_e='10-19803358' AND c_asigna='311825' AND status IN ('0','3','B','C') [1][0] OK
C:[04/08/2014 09:22:08.51][186.88.171.123][1182] SELECT par_cod_asig1,par_cod_asig2,par_cod_asig3 FROM tblaca009 WHERE pensum='5' AND c_uni_ca='3' AND c_asigna='311094' [1][0] OK
C:[04/08/2014 09:22:08.51][186.88.171.123][1182] SELECT par_cod_asig1,par_cod_asig2,par_cod_asig3 FROM tblaca009 WHERE pensum='5' AND c_uni_ca='3' AND c_asigna='311986' [1][0] OK
C:[04/08/2014 09:22:08.77][186.88.171.123][1312] SELECT horas_lab FROM tblaca008 WHERE c_asigna='311094' AND horas_teoricas > 0 [1][0] OK
C:[04/08/2014 09:22:08.77][186.88.171.123][1312] SELECT horas_lab FROM tblaca008 WHERE c_asigna='311986' AND horas_teoricas > 0 [1][0] OK
C:[04/08/2014 09:22:38.30][186.24.13.102][1138] SELECT pre_cod_asig1,pre_cod_asig2,pre_cod_asig3,pre_cod_asig4,pre_cod_asig5,pre_cod_asig6,pre_cod_asig7 FROM tblaca009 WHERE pensum='5' AND c_uni_ca='3' AND c_asigna='300956' [1][0] OK
C:[04/08/2014 09:22:38.30][186.24.13.102][1151] SELECT c_asigna FROM dace004 WHERE exp_e='09-24035167' AND c_asigna='300422' AND status IN ('0','3','B','C') [1][0] OK
C:[04/08/2014 09:22:38.30][186.24.13.102][1151] SELECT c_asigna FROM dace004 WHERE exp_e='09-24035167' AND c_asigna='300105' AND status IN ('0','3','B','C') [1][0] OK
C:[04/08/2014 09:22:38.30][186.24.13.102][1151] SELECT c_asigna FROM dace004 WHERE exp_e='09-24035167' AND c_asigna='300314' AND status IN ('0','3','B','C') [1][0] OK
C:[04/08/2014 09:22:38.30][186.24.13.102][1138] SELECT pre_cod_asig1,pre_cod_asig2,pre_cod_asig3,pre_cod_asig4,pre_cod_asig5,pre_cod_asig6,pre_cod_asig7 FROM tblaca009 WHERE pensum='5' AND c_uni_ca='3' AND c_asigna='311986' [1][0] OK
C:[04/08/2014 09:22:38.30][186.24.13.102][1151] SELECT c_asigna FROM dace004 WHERE exp_e='09-24035167' AND c_asigna='311825' AND status IN ('0','3','B','C') [1][0] OK
C:[04/08/2014 09:22:39.42][186.24.13.102][1182] SELECT par_cod_asig1,par_cod_asig2,par_cod_asig3 FROM tblaca009 WHERE pensum='5' AND c_uni_ca='3' AND c_asigna='300956' [1][0] OK
C:[04/08/2014 09:22:39.42][186.24.13.102][1182] SELECT par_cod_asig1,par_cod_asig2,par_cod_asig3 FROM tblaca009 WHERE pensum='5' AND c_uni_ca='3' AND c_asigna='311986' [1][0] OK
C:[04/08/2014 09:22:39.69][186.24.13.102][1312] SELECT horas_lab FROM tblaca008 WHERE c_asigna='300956' AND horas_teoricas > 0 [1][0] OK
C:[04/08/2014 09:22:39.69][186.24.13.102][1312] SELECT horas_lab FROM tblaca008 WHERE c_asigna='311986' AND horas_teoricas > 0 [1][0] OK
C:[04/08/2014 09:29:30.68][186.94.81.28][1138] SELECT pre_cod_asig1,pre_cod_asig2,pre_cod_asig3,pre_cod_asig4,pre_cod_asig5,pre_cod_asig6,pre_cod_asig7 FROM tblaca009 WHERE pensum='5' AND c_uni_ca='6' AND c_asigna='300207' [1][0] OK
C:[04/08/2014 09:29:30.68][186.94.81.28][1151] SELECT c_asigna FROM dace004 WHERE exp_e='13-25266687' AND c_asigna='300101' AND status IN ('0','3','B','C') [1][0] OK
C:[04/08/2014 09:29:30.18][186.94.81.28][1182] SELECT par_cod_asig1,par_cod_asig2,par_cod_asig3 FROM tblaca009 WHERE pensum='5' AND c_uni_ca='6' AND c_asigna='300207' [1][0] OK
C:[04/08/2014 09:29:30.32][186.94.81.28][1312] SELECT horas_lab FROM tblaca008 WHERE c_asigna='300207' AND horas_teoricas > 0 [1][0] OK
C:[04/08/2014 09:30:26.08][186.94.81.28][1138] SELECT pre_cod_asig1,pre_cod_asig2,pre_cod_asig3,pre_cod_asig4,pre_cod_asig5,pre_cod_asig6,pre_cod_asig7 FROM tblaca009 WHERE pensum='5' AND c_uni_ca='2' AND c_asigna='300428' [1][0] OK
C:[04/08/2014 09:30:26.08][186.94.81.28][1151] SELECT c_asigna FROM dace004 WHERE exp_e='11-19158308' AND c_asigna='300317' AND status IN ('0','3','B','C') [1][0] OK
C:[04/08/2014 09:30:26.08][186.94.81.28][1151] SELECT c_asigna FROM dace004 WHERE exp_e='11-19158308' AND c_asigna='300209' AND status IN ('0','3','B','C') [1][0] OK
C:[04/08/2014 09:30:26.08][186.94.81.28][1138] SELECT pre_cod_asig1,pre_cod_asig2,pre_cod_asig3,pre_cod_asig4,pre_cod_asig5,pre_cod_asig6,pre_cod_asig7 FROM tblaca009 WHERE pensum='5' AND c_uni_ca='2' AND c_asigna='322433' [1][0] OK
C:[04/08/2014 09:30:26.08][186.94.81.28][1151] SELECT c_asigna FROM dace004 WHERE exp_e='11-19158308' AND c_asigna='320323' AND status IN ('0','3','B','C') [1][0] OK
C:[04/08/2014 09:30:26.08][186.94.81.28][1151] SELECT c_asigna FROM dace004 WHERE exp_e='11-19158308' AND c_asigna='300209' AND status IN ('0','3','B','C') [1][0] OK
C:[04/08/2014 09:30:27.07][186.94.81.28][1182] SELECT par_cod_asig1,par_cod_asig2,par_cod_asig3 FROM tblaca009 WHERE pensum='5' AND c_uni_ca='2' AND c_asigna='300428' [1][0] OK
C:[04/08/2014 09:30:27.07][186.94.81.28][1182] SELECT par_cod_asig1,par_cod_asig2,par_cod_asig3 FROM tblaca009 WHERE pensum='5' AND c_uni_ca='2' AND c_asigna='322433' [1][0] OK
C:[04/08/2014 09:30:27.33][186.94.81.28][1312] SELECT horas_lab FROM tblaca008 WHERE c_asigna='300428' AND horas_teoricas > 0 [1][0] OK
C:[04/08/2014 09:30:27.33][186.94.81.28][1312] SELECT horas_lab FROM tblaca008 WHERE c_asigna='322433' AND horas_teoricas > 0 [1][0] OK
C:[04/08/2014 09:31:36.88][186.94.81.28][1138] SELECT pre_cod_asig1,pre_cod_asig2,pre_cod_asig3,pre_cod_asig4,pre_cod_asig5,pre_cod_asig6,pre_cod_asig7 FROM tblaca009 WHERE pensum='5' AND c_uni_ca='5' AND c_asigna='355722' [1][0] OK
C:[04/08/2014 09:31:36.88][186.94.81.28][1151] SELECT c_asigna FROM dace004 WHERE exp_e='07-18513261' AND c_asigna='355691' AND status IN ('0','3','B','C') [1][0] OK
C:[04/08/2014 09:31:36.88][186.94.81.28][1151] SELECT c_asigna FROM dace004 WHERE exp_e='07-18513261' AND c_asigna='355595' AND status IN ('0','3','B','C') [1][0] OK
C:[04/08/2014 09:31:36.50][186.94.81.28][1182] SELECT par_cod_asig1,par_cod_asig2,par_cod_asig3 FROM tblaca009 WHERE pensum='5' AND c_uni_ca='5' AND c_asigna='355722' [1][0] OK
C:[04/08/2014 09:31:36.64][186.94.81.28][1312] SELECT horas_lab FROM tblaca008 WHERE c_asigna='355722' AND horas_teoricas > 0 [1][0] OK
C:[04/08/2014 09:32:37.51][190.73.237.244][1138] SELECT pre_cod_asig1,pre_cod_asig2,pre_cod_asig3,pre_cod_asig4,pre_cod_asig5,pre_cod_asig6,pre_cod_asig7 FROM tblaca009 WHERE pensum='5' AND c_uni_ca='3' AND c_asigna='311094' [1][0] OK
C:[04/08/2014 09:32:37.51][190.73.237.244][1151] SELECT c_asigna FROM dace004 WHERE exp_e='05-18687137' AND c_asigna='311822' AND status IN ('0','3','B','C') [1][0] OK
C:[04/08/2014 09:32:37.51][190.73.237.244][1151] SELECT c_asigna FROM dace004 WHERE exp_e='05-18687137' AND c_asigna='311823' AND status IN ('0','3','B','C') [1][0] OK
C:[04/08/2014 09:32:37.51][190.73.237.244][1138] SELECT pre_cod_asig1,pre_cod_asig2,pre_cod_asig3,pre_cod_asig4,pre_cod_asig5,pre_cod_asig6,pre_cod_asig7 FROM tblaca009 WHERE pensum='5' AND c_uni_ca='3' AND c_asigna='311986' [1][0] OK
C:[04/08/2014 09:32:37.51][190.73.237.244][1151] SELECT c_asigna FROM dace004 WHERE exp_e='05-18687137' AND c_asigna='311825' AND status IN ('0','3','B','C') [1][0] OK
C:[04/08/2014 09:32:37.39][190.73.237.244][1182] SELECT par_cod_asig1,par_cod_asig2,par_cod_asig3 FROM tblaca009 WHERE pensum='5' AND c_uni_ca='3' AND c_asigna='311094' [1][0] OK
C:[04/08/2014 09:32:37.39][190.73.237.244][1182] SELECT par_cod_asig1,par_cod_asig2,par_cod_asig3 FROM tblaca009 WHERE pensum='5' AND c_uni_ca='3' AND c_asigna='311986' [1][0] OK
C:[04/08/2014 09:32:37.65][190.73.237.244][1312] SELECT horas_lab FROM tblaca008 WHERE c_asigna='311094' AND horas_teoricas > 0 [1][0] OK
C:[04/08/2014 09:32:37.65][190.73.237.244][1312] SELECT horas_lab FROM tblaca008 WHERE c_asigna='311986' AND horas_teoricas > 0 [1][0] OK
C:[04/08/2014 09:36:43.92][186.94.81.28][1138] SELECT pre_cod_asig1,pre_cod_asig2,pre_cod_asig3,pre_cod_asig4,pre_cod_asig5,pre_cod_asig6,pre_cod_asig7 FROM tblaca009 WHERE pensum='5' AND c_uni_ca='2' AND c_asigna='300101' [1][0] OK
C:[04/08/2014 09:36:43.30][186.94.81.28][1182] SELECT par_cod_asig1,par_cod_asig2,par_cod_asig3 FROM tblaca009 WHERE pensum='5' AND c_uni_ca='2' AND c_asigna='300101' [1][0] OK
C:[04/08/2014 09:36:43.41][186.94.81.28][1312] SELECT horas_lab FROM tblaca008 WHERE c_asigna='300101' AND horas_teoricas > 0 [1][0] OK
C:[04/08/2014 09:38:28.05][186.94.81.28][1138] SELECT pre_cod_asig1,pre_cod_asig2,pre_cod_asig3,pre_cod_asig4,pre_cod_asig5,pre_cod_asig6,pre_cod_asig7 FROM tblaca009 WHERE pensum='5' AND c_uni_ca='4' AND c_asigna='333564' [1][0] OK
C:[04/08/2014 09:38:28.05][186.94.81.28][1151] SELECT c_asigna FROM dace004 WHERE exp_e='11-23605878' AND c_asigna='333441' AND status IN ('0','3','B','C') [1][0] OK
C:[04/08/2014 09:38:28.05][186.94.81.28][1138] SELECT pre_cod_asig1,pre_cod_asig2,pre_cod_asig3,pre_cod_asig4,pre_cod_asig5,pre_cod_asig6,pre_cod_asig7 FROM tblaca009 WHERE pensum='5' AND c_uni_ca='4' AND c_asigna='333585' [1][0] OK
C:[04/08/2014 09:38:28.05][186.94.81.28][1151] SELECT c_asigna FROM dace004 WHERE exp_e='11-23605878' AND c_asigna='333440' AND status IN ('0','3','B','C') [1][0] OK
C:[04/08/2014 09:38:28.05][186.94.81.28][1151] SELECT c_asigna FROM dace004 WHERE exp_e='11-23605878' AND c_asigna='333441' AND status IN ('0','3','B','C') [1][0] OK
C:[04/08/2014 09:38:28.05][186.94.81.28][1151] SELECT c_asigna FROM dace004 WHERE exp_e='11-23605878' AND c_asigna='300209' AND status IN ('0','3','B','C') [1][0] OK
C:[04/08/2014 09:38:28.05][186.94.81.28][1182] SELECT par_cod_asig1,par_cod_asig2,par_cod_asig3 FROM tblaca009 WHERE pensum='5' AND c_uni_ca='4' AND c_asigna='333564' [1][0] OK
C:[04/08/2014 09:38:28.05][186.94.81.28][1182] SELECT par_cod_asig1,par_cod_asig2,par_cod_asig3 FROM tblaca009 WHERE pensum='5' AND c_uni_ca='4' AND c_asigna='333585' [1][0] OK
C:[04/08/2014 09:38:28.32][186.94.81.28][1312] SELECT horas_lab FROM tblaca008 WHERE c_asigna='333564' AND horas_teoricas > 0 [1][0] OK
C:[04/08/2014 09:38:28.32][186.94.81.28][1312] SELECT horas_lab FROM tblaca008 WHERE c_asigna='333585' AND horas_teoricas > 0 [1][0] OK
C:[04/08/2014 09:38:50.97][190.37.107.138][1138] SELECT pre_cod_asig1,pre_cod_asig2,pre_cod_asig3,pre_cod_asig4,pre_cod_asig5,pre_cod_asig6,pre_cod_asig7 FROM tblaca009 WHERE pensum='5' AND c_uni_ca='3' AND c_asigna='300313' [1][0] OK
C:[04/08/2014 09:38:50.97][190.37.107.138][1151] SELECT c_asigna FROM dace004 WHERE exp_e='12-25084997' AND c_asigna='300213' AND status IN ('0','3','B','C') [1][0] OK
C:[04/08/2014 09:38:50.97][190.37.107.138][1151] SELECT c_asigna FROM dace004 WHERE exp_e='12-25084997' AND c_asigna='300226' AND status IN ('0','3','B','C') [1][0] OK
C:[04/08/2014 09:38:50.97][190.37.107.138][1151] SELECT c_asigna FROM dace004 WHERE exp_e='12-25084997' AND c_asigna='300222' AND status IN ('0','3','B','C') [1][0] OK
C:[04/08/2014 09:38:50.97][190.37.107.138][1151] SELECT c_asigna FROM dace004 WHERE exp_e='12-25084997' AND c_asigna='300209' AND status IN ('0','3','B','C') [1][0] OK
C:[04/08/2014 09:38:50.97][190.37.107.138][1138] SELECT pre_cod_asig1,pre_cod_asig2,pre_cod_asig3,pre_cod_asig4,pre_cod_asig5,pre_cod_asig6,pre_cod_asig7 FROM tblaca009 WHERE pensum='5' AND c_uni_ca='3' AND c_asigna='300317' [1][0] OK
C:[04/08/2014 09:38:50.97][190.37.107.138][1151] SELECT c_asigna FROM dace004 WHERE exp_e='12-25084997' AND c_asigna='300207' AND status IN ('0','3','B','C') [1][0] OK
C:[04/08/2014 09:38:50.97][190.37.107.138][1151] SELECT c_asigna FROM dace004 WHERE exp_e='12-25084997' AND c_asigna='300209' AND status IN ('0','3','B','C') [1][0] OK
C:[04/08/2014 09:38:50.97][190.37.107.138][1138] SELECT pre_cod_asig1,pre_cod_asig2,pre_cod_asig3,pre_cod_asig4,pre_cod_asig5,pre_cod_asig6,pre_cod_asig7 FROM tblaca009 WHERE pensum='5' AND c_uni_ca='3' AND c_asigna='300318' [1][0] OK
C:[04/08/2014 09:38:50.97][190.37.107.138][1151] SELECT c_asigna FROM dace004 WHERE exp_e='12-25084997' AND c_asigna='300228' AND status IN ('0','3','B','C') [1][0] OK
C:[04/08/2014 09:38:50.97][190.37.107.138][1151] SELECT c_asigna FROM dace004 WHERE exp_e='12-25084997' AND c_asigna='300207' AND status IN ('0','3','B','C') [1][0] OK
C:[04/08/2014 09:38:50.97][190.37.107.138][1151] SELECT c_asigna FROM dace004 WHERE exp_e='12-25084997' AND c_asigna='300218' AND status IN ('0','3','B','C') [1][0] OK
C:[04/08/2014 09:38:50.72][190.37.107.138][1182] SELECT par_cod_asig1,par_cod_asig2,par_cod_asig3 FROM tblaca009 WHERE pensum='5' AND c_uni_ca='3' AND c_asigna='300313' [1][0] OK
C:[04/08/2014 09:38:50.72][190.37.107.138][1182] SELECT par_cod_asig1,par_cod_asig2,par_cod_asig3 FROM tblaca009 WHERE pensum='5' AND c_uni_ca='3' AND c_asigna='300317' [1][0] OK
C:[04/08/2014 09:38:50.72][190.37.107.138][1182] SELECT par_cod_asig1,par_cod_asig2,par_cod_asig3 FROM tblaca009 WHERE pensum='5' AND c_uni_ca='3' AND c_asigna='300318' [1][0] OK
C:[04/08/2014 09:38:50.12][190.37.107.138][1312] SELECT horas_lab FROM tblaca008 WHERE c_asigna='300313' AND horas_teoricas > 0 [1][0] OK
C:[04/08/2014 09:38:50.12][190.37.107.138][1312] SELECT horas_lab FROM tblaca008 WHERE c_asigna='300317' AND horas_teoricas > 0 [1][0] OK
C:[04/08/2014 09:38:50.12][190.37.107.138][1312] SELECT horas_lab FROM tblaca008 WHERE c_asigna='300318' AND horas_teoricas > 0 [1][0] OK
C:[04/08/2014 09:45:45.86][190.79.8.13][1138] SELECT pre_cod_asig1,pre_cod_asig2,pre_cod_asig3,pre_cod_asig4,pre_cod_asig5,pre_cod_asig6,pre_cod_asig7 FROM tblaca009 WHERE pensum='5' AND c_uni_ca='6' AND c_asigna='311561' [1][0] OK
C:[04/08/2014 09:45:45.86][190.79.8.13][1151] SELECT c_asigna FROM dace004 WHERE exp_e='04-16395082' AND c_asigna='300318' AND status IN ('0','3','B','C') [1][0] OK
C:[04/08/2014 09:45:45.36][190.79.8.13][1182] SELECT par_cod_asig1,par_cod_asig2,par_cod_asig3 FROM tblaca009 WHERE pensum='5' AND c_uni_ca='6' AND c_asigna='311561' [1][0] OK
C:[04/08/2014 09:45:45.50][190.79.8.13][1312] SELECT horas_lab FROM tblaca008 WHERE c_asigna='311561' AND horas_teoricas > 0 [1][0] OK
C:[04/08/2014 09:45:51.98][190.79.11.170][1138] SELECT pre_cod_asig1,pre_cod_asig2,pre_cod_asig3,pre_cod_asig4,pre_cod_asig5,pre_cod_asig6,pre_cod_asig7 FROM tblaca009 WHERE pensum='5' AND c_uni_ca='6' AND c_asigna='340323' [1][0] OK
C:[04/08/2014 09:45:51.98][190.79.11.170][1151] SELECT c_asigna FROM dace004 WHERE exp_e='11-23503598' AND c_asigna='300228' AND status IN ('0','3','B','C') [1][0] OK
C:[04/08/2014 09:45:51.98][190.79.11.170][1151] SELECT c_asigna FROM dace004 WHERE exp_e='11-23503598' AND c_asigna='300207' AND status IN ('0','3','B','C') [1][0] OK
C:[04/08/2014 09:45:51.98][190.79.11.170][1138] SELECT pre_cod_asig1,pre_cod_asig2,pre_cod_asig3,pre_cod_asig4,pre_cod_asig5,pre_cod_asig6,pre_cod_asig7 FROM tblaca009 WHERE pensum='5' AND c_uni_ca='6' AND c_asigna='340327' [1][0] OK
C:[04/08/2014 09:45:51.98][190.79.11.170][1151] SELECT c_asigna FROM dace004 WHERE exp_e='11-23503598' AND c_asigna='300013' AND status IN ('0','3','B','C') [1][0] OK
C:[04/08/2014 09:45:51.98][190.79.11.170][1151] SELECT c_asigna FROM dace004 WHERE exp_e='11-23503598' AND c_asigna='300113' AND status IN ('0','3','B','C') [1][0] OK
C:[04/08/2014 09:45:51.73][190.79.11.170][1182] SELECT par_cod_asig1,par_cod_asig2,par_cod_asig3 FROM tblaca009 WHERE pensum='5' AND c_uni_ca='6' AND c_asigna='340323' [1][0] OK
C:[04/08/2014 09:45:51.73][190.79.11.170][1182] SELECT par_cod_asig1,par_cod_asig2,par_cod_asig3 FROM tblaca009 WHERE pensum='5' AND c_uni_ca='6' AND c_asigna='340327' [1][0] OK
C:[04/08/2014 09:45:51.99][190.79.11.170][1312] SELECT horas_lab FROM tblaca008 WHERE c_asigna='340323' AND horas_teoricas > 0 [1][0] OK
C:[04/08/2014 09:45:51.99][190.79.11.170][1312] SELECT horas_lab FROM tblaca008 WHERE c_asigna='340327' AND horas_teoricas > 0 [1][0] OK
C:[04/08/2014 09:50:41.87][186.94.81.28][1138] SELECT pre_cod_asig1,pre_cod_asig2,pre_cod_asig3,pre_cod_asig4,pre_cod_asig5,pre_cod_asig6,pre_cod_asig7 FROM tblaca009 WHERE pensum='5' AND c_uni_ca='5' AND c_asigna='300317' [1][0] OK
C:[04/08/2014 09:50:41.87][186.94.81.28][1151] SELECT c_asigna FROM dace004 WHERE exp_e='11-24847258' AND c_asigna='300207' AND status IN ('0','3','B','C') [1][0] OK
C:[04/08/2014 09:50:41.87][186.94.81.28][1151] SELECT c_asigna FROM dace004 WHERE exp_e='11-24847258' AND c_asigna='300209' AND status IN ('0','3','B','C') [1][0] OK
C:[04/08/2014 09:50:41.87][186.94.81.28][1138] SELECT pre_cod_asig1,pre_cod_asig2,pre_cod_asig3,pre_cod_asig4,pre_cod_asig5,pre_cod_asig6,pre_cod_asig7 FROM tblaca009 WHERE pensum='5' AND c_uni_ca='5' AND c_asigna='351451' [1][0] OK
C:[04/08/2014 09:50:41.87][186.94.81.28][1151] SELECT c_asigna FROM dace004 WHERE exp_e='11-24847258' AND c_asigna='351330' AND status IN ('0','3','B','C') [1][0] OK
C:[04/08/2014 09:50:41.87][186.94.81.28][1151] SELECT c_asigna FROM dace004 WHERE exp_e='11-24847258' AND c_asigna='355350' AND status IN ('0','3','B','C') [1][0] OK
C:[04/08/2014 09:50:41.87][186.94.81.28][1151] SELECT c_asigna FROM dace004 WHERE exp_e='11-24847258' AND c_asigna='300318' AND status IN ('0','3','B','C') [1][0] OK
C:[04/08/2014 09:50:41.87][186.94.81.28][1151] SELECT c_asigna FROM dace004 WHERE exp_e='11-24847258' AND c_asigna='300209' AND status IN ('0','3','B','C') [1][0] OK
C:[04/08/2014 09:50:41.87][186.94.81.28][1151] SELECT c_asigna FROM dace004 WHERE exp_e='11-24847258' AND c_asigna='300222' AND status IN ('0','3','B','C') [1][0] OK
C:[04/08/2014 09:50:42.83][186.94.81.28][1182] SELECT par_cod_asig1,par_cod_asig2,par_cod_asig3 FROM tblaca009 WHERE pensum='5' AND c_uni_ca='5' AND c_asigna='300317' [1][0] OK
C:[04/08/2014 09:50:42.83][186.94.81.28][1182] SELECT par_cod_asig1,par_cod_asig2,par_cod_asig3 FROM tblaca009 WHERE pensum='5' AND c_uni_ca='5' AND c_asigna='351451' [1][0] OK
C:[04/08/2014 09:50:42.07][186.94.81.28][1312] SELECT horas_lab FROM tblaca008 WHERE c_asigna='300317' AND horas_teoricas > 0 [1][0] OK
C:[04/08/2014 09:50:42.07][186.94.81.28][1312] SELECT horas_lab FROM tblaca008 WHERE c_asigna='351451' AND horas_teoricas > 0 [1][0] OK
C:[04/08/2014 09:50:52.86][186.94.81.28][1138] SELECT pre_cod_asig1,pre_cod_asig2,pre_cod_asig3,pre_cod_asig4,pre_cod_asig5,pre_cod_asig6,pre_cod_asig7 FROM tblaca009 WHERE pensum='5' AND c_uni_ca='4' AND c_asigna='330435' [1][0] OK
C:[04/08/2014 09:50:52.86][186.94.81.28][1151] SELECT c_asigna FROM dace004 WHERE exp_e='11-24891988' AND c_asigna='300318' AND status IN ('0','3','B','C') [1][0] OK
C:[04/08/2014 09:50:52.86][186.94.81.28][1138] SELECT pre_cod_asig1,pre_cod_asig2,pre_cod_asig3,pre_cod_asig4,pre_cod_asig5,pre_cod_asig6,pre_cod_asig7 FROM tblaca009 WHERE pensum='5' AND c_uni_ca='4' AND c_asigna='333440' [1][0] OK
C:[04/08/2014 09:50:52.86][186.94.81.28][1151] SELECT c_asigna FROM dace004 WHERE exp_e='11-24891988' AND c_asigna='300317' AND status IN ('0','3','B','C') [1][0] OK
C:[04/08/2014 09:50:52.86][186.94.81.28][1151] SELECT c_asigna FROM dace004 WHERE exp_e='11-24891988' AND c_asigna='330310' AND status IN ('0','3','B','C') [1][0] OK
C:[04/08/2014 09:50:52.86][186.94.81.28][1151] SELECT c_asigna FROM dace004 WHERE exp_e='11-24891988' AND c_asigna='300209' AND status IN ('0','3','B','C') [1][0] OK
C:[04/08/2014 09:50:52.86][186.94.81.28][1138] SELECT pre_cod_asig1,pre_cod_asig2,pre_cod_asig3,pre_cod_asig4,pre_cod_asig5,pre_cod_asig6,pre_cod_asig7 FROM tblaca009 WHERE pensum='5' AND c_uni_ca='4' AND c_asigna='333564' [1][0] OK
C:[04/08/2014 09:50:52.86][186.94.81.28][1151] SELECT c_asigna FROM dace004 WHERE exp_e='11-24891988' AND c_asigna='333441' AND status IN ('0','3','B','C') [1][0] OK
C:[04/08/2014 09:50:53.87][186.94.81.28][1182] SELECT par_cod_asig1,par_cod_asig2,par_cod_asig3 FROM tblaca009 WHERE pensum='5' AND c_uni_ca='4' AND c_asigna='330435' [1][0] OK
C:[04/08/2014 09:50:53.87][186.94.81.28][1182] SELECT par_cod_asig1,par_cod_asig2,par_cod_asig3 FROM tblaca009 WHERE pensum='5' AND c_uni_ca='4' AND c_asigna='333440' [1][0] OK
C:[04/08/2014 09:50:53.87][186.94.81.28][1196] SELECT c_asigna FROM dace004 WHERE exp_e='11-24891988' AND c_asigna='333441' AND status IN ('0','3','B','C') [1][0] OK
C:[04/08/2014 09:50:53.87][186.94.81.28][1182] SELECT par_cod_asig1,par_cod_asig2,par_cod_asig3 FROM tblaca009 WHERE pensum='5' AND c_uni_ca='4' AND c_asigna='333564' [1][0] OK
C:[04/08/2014 09:50:53.63][186.94.81.28][1312] SELECT horas_lab FROM tblaca008 WHERE c_asigna='330435' AND horas_teoricas > 0 [1][0] OK
C:[04/08/2014 09:50:53.63][186.94.81.28][1312] SELECT horas_lab FROM tblaca008 WHERE c_asigna='333440' AND horas_teoricas > 0 [1][0] OK
C:[04/08/2014 09:50:53.63][186.94.81.28][1312] SELECT horas_lab FROM tblaca008 WHERE c_asigna='333564' AND horas_teoricas > 0 [1][0] OK
C:[04/08/2014 09:51:27.87][186.90.33.41][1138] SELECT pre_cod_asig1,pre_cod_asig2,pre_cod_asig3,pre_cod_asig4,pre_cod_asig5,pre_cod_asig6,pre_cod_asig7 FROM tblaca009 WHERE pensum='5' AND c_uni_ca='2' AND c_asigna='322683' [1][0] OK
C:[04/08/2014 09:51:27.87][186.90.33.41][1151] SELECT c_asigna FROM dace004 WHERE exp_e='11-23502162' AND c_asigna='322560' AND status IN ('0','3','B','C') [1][0] OK
C:[04/08/2014 09:51:27.87][186.90.33.41][1138] SELECT pre_cod_asig1,pre_cod_asig2,pre_cod_asig3,pre_cod_asig4,pre_cod_asig5,pre_cod_asig6,pre_cod_asig7 FROM tblaca009 WHERE pensum='5' AND c_uni_ca='2' AND c_asigna='322703' [1][0] OK
C:[04/08/2014 09:51:27.87][186.90.33.41][1151] SELECT c_asigna FROM dace004 WHERE exp_e='11-23502162' AND c_asigna='322669' AND status IN ('0','3','B','C') [1][0] OK
C:[04/08/2014 09:51:27.61][186.90.33.41][1182] SELECT par_cod_asig1,par_cod_asig2,par_cod_asig3 FROM tblaca009 WHERE pensum='5' AND c_uni_ca='2' AND c_asigna='322683' [1][0] OK
C:[04/08/2014 09:51:27.61][186.90.33.41][1196] SELECT c_asigna FROM dace004 WHERE exp_e='11-23502162' AND c_asigna='322681' AND status IN ('0','3','B','C') [1][0] OK
C:[04/08/2014 09:51:27.61][186.90.33.41][1182] SELECT par_cod_asig1,par_cod_asig2,par_cod_asig3 FROM tblaca009 WHERE pensum='5' AND c_uni_ca='2' AND c_asigna='322703' [1][0] OK
C:[04/08/2014 09:51:27.99][186.90.33.41][1312] SELECT horas_lab FROM tblaca008 WHERE c_asigna='322683' AND horas_teoricas > 0 [1][0] OK
C:[04/08/2014 09:51:27.99][186.90.33.41][1312] SELECT horas_lab FROM tblaca008 WHERE c_asigna='322703' AND horas_teoricas > 0 [1][0] OK
C:[04/08/2014 09:52:54.64][186.94.81.28][1138] SELECT pre_cod_asig1,pre_cod_asig2,pre_cod_asig3,pre_cod_asig4,pre_cod_asig5,pre_cod_asig6,pre_cod_asig7 FROM tblaca009 WHERE pensum='5' AND c_uni_ca='2' AND c_asigna='300318' [1][0] OK
C:[04/08/2014 09:52:54.64][186.94.81.28][1151] SELECT c_asigna FROM dace004 WHERE exp_e='12-19904659' AND c_asigna='300228' AND status IN ('0','3','B','C') [1][0] OK
C:[04/08/2014 09:52:54.64][186.94.81.28][1151] SELECT c_asigna FROM dace004 WHERE exp_e='12-19904659' AND c_asigna='300207' AND status IN ('0','3','B','C') [1][0] OK
C:[04/08/2014 09:52:54.64][186.94.81.28][1151] SELECT c_asigna FROM dace004 WHERE exp_e='12-19904659' AND c_asigna='300218' AND status IN ('0','3','B','C') [1][0] OK
C:[04/08/2014 09:52:54.64][186.94.81.28][1138] SELECT pre_cod_asig1,pre_cod_asig2,pre_cod_asig3,pre_cod_asig4,pre_cod_asig5,pre_cod_asig6,pre_cod_asig7 FROM tblaca009 WHERE pensum='5' AND c_uni_ca='2' AND c_asigna='322433' [1][0] OK
C:[04/08/2014 09:52:54.64][186.94.81.28][1151] SELECT c_asigna FROM dace004 WHERE exp_e='12-19904659' AND c_asigna='320323' AND status IN ('0','3','B','C') [1][0] OK
C:[04/08/2014 09:52:54.64][186.94.81.28][1151] SELECT c_asigna FROM dace004 WHERE exp_e='12-19904659' AND c_asigna='300209' AND status IN ('0','3','B','C') [1][0] OK
C:[04/08/2014 09:52:54.76][186.94.81.28][1182] SELECT par_cod_asig1,par_cod_asig2,par_cod_asig3 FROM tblaca009 WHERE pensum='5' AND c_uni_ca='2' AND c_asigna='300318' [1][0] OK
C:[04/08/2014 09:52:54.76][186.94.81.28][1182] SELECT par_cod_asig1,par_cod_asig2,par_cod_asig3 FROM tblaca009 WHERE pensum='5' AND c_uni_ca='2' AND c_asigna='322433' [1][0] OK
C:[04/08/2014 09:52:54.03][186.94.81.28][1312] SELECT horas_lab FROM tblaca008 WHERE c_asigna='300318' AND horas_teoricas > 0 [1][0] OK
C:[04/08/2014 09:52:54.03][186.94.81.28][1312] SELECT horas_lab FROM tblaca008 WHERE c_asigna='322433' AND horas_teoricas > 0 [1][0] OK
C:[04/08/2014 09:55:09.84][186.94.81.28][1138] SELECT pre_cod_asig1,pre_cod_asig2,pre_cod_asig3,pre_cod_asig4,pre_cod_asig5,pre_cod_asig6,pre_cod_asig7 FROM tblaca009 WHERE pensum='5' AND c_uni_ca='6' AND c_asigna='300207' [1][0] OK
C:[04/08/2014 09:55:09.84][186.94.81.28][1151] SELECT c_asigna FROM dace004 WHERE exp_e='13-25087809' AND c_asigna='300101' AND status IN ('0','3','B','C') [1][0] OK
C:[04/08/2014 09:55:09.84][186.94.81.28][1138] SELECT pre_cod_asig1,pre_cod_asig2,pre_cod_asig3,pre_cod_asig4,pre_cod_asig5,pre_cod_asig6,pre_cod_asig7 FROM tblaca009 WHERE pensum='5' AND c_uni_ca='6' AND c_asigna='300226' [1][0] OK
C:[04/08/2014 09:55:09.84][186.94.81.28][1151] SELECT c_asigna FROM dace004 WHERE exp_e='13-25087809' AND c_asigna='300116' AND status IN ('0','3','B','C') [1][0] OK
C:[04/08/2014 09:55:09.90][186.94.81.28][1182] SELECT par_cod_asig1,par_cod_asig2,par_cod_asig3 FROM tblaca009 WHERE pensum='5' AND c_uni_ca='6' AND c_asigna='300207' [1][0] OK
C:[04/08/2014 09:55:09.90][186.94.81.28][1182] SELECT par_cod_asig1,par_cod_asig2,par_cod_asig3 FROM tblaca009 WHERE pensum='5' AND c_uni_ca='6' AND c_asigna='300226' [1][0] OK
C:[04/08/2014 09:55:09.17][186.94.81.28][1312] SELECT horas_lab FROM tblaca008 WHERE c_asigna='300207' AND horas_teoricas > 0 [1][0] OK
C:[04/08/2014 09:55:09.17][186.94.81.28][1312] SELECT horas_lab FROM tblaca008 WHERE c_asigna='300226' AND horas_teoricas > 0 [1][0] OK
C:[04/08/2014 09:55:35.23][186.94.81.28][1138] SELECT pre_cod_asig1,pre_cod_asig2,pre_cod_asig3,pre_cod_asig4,pre_cod_asig5,pre_cod_asig6,pre_cod_asig7 FROM tblaca009 WHERE pensum='5' AND c_uni_ca='6' AND c_asigna='300207' [1][0] OK
C:[04/08/2014 09:55:35.23][186.94.81.28][1151] SELECT c_asigna FROM dace004 WHERE exp_e='12-25002645' AND c_asigna='300101' AND status IN ('0','3','B','C') [1][0] OK
C:[04/08/2014 09:55:35.23][186.94.81.28][1138] SELECT pre_cod_asig1,pre_cod_asig2,pre_cod_asig3,pre_cod_asig4,pre_cod_asig5,pre_cod_asig6,pre_cod_asig7 FROM tblaca009 WHERE pensum='5' AND c_uni_ca='6' AND c_asigna='300313' [1][0] OK
C:[04/08/2014 09:55:35.23][186.94.81.28][1151] SELECT c_asigna FROM dace004 WHERE exp_e='12-25002645' AND c_asigna='300213' AND status IN ('0','3','B','C') [1][0] OK
C:[04/08/2014 09:55:35.23][186.94.81.28][1151] SELECT c_asigna FROM dace004 WHERE exp_e='12-25002645' AND c_asigna='300226' AND status IN ('0','3','B','C') [1][0] OK
C:[04/08/2014 09:55:35.23][186.94.81.28][1151] SELECT c_asigna FROM dace004 WHERE exp_e='12-25002645' AND c_asigna='300222' AND status IN ('0','3','B','C') [1][0] OK
C:[04/08/2014 09:55:35.23][186.94.81.28][1151] SELECT c_asigna FROM dace004 WHERE exp_e='12-25002645' AND c_asigna='300209' AND status IN ('0','3','B','C') [1][0] OK
C:[04/08/2014 09:55:35.60][186.94.81.28][1182] SELECT par_cod_asig1,par_cod_asig2,par_cod_asig3 FROM tblaca009 WHERE pensum='5' AND c_uni_ca='6' AND c_asigna='300207' [1][0] OK
C:[04/08/2014 09:55:35.60][186.94.81.28][1182] SELECT par_cod_asig1,par_cod_asig2,par_cod_asig3 FROM tblaca009 WHERE pensum='5' AND c_uni_ca='6' AND c_asigna='300313' [1][0] OK
C:[04/08/2014 09:55:35.86][186.94.81.28][1312] SELECT horas_lab FROM tblaca008 WHERE c_asigna='300207' AND horas_teoricas > 0 [1][0] OK
C:[04/08/2014 09:55:35.86][186.94.81.28][1312] SELECT horas_lab FROM tblaca008 WHERE c_asigna='300313' AND horas_teoricas > 0 [1][0] OK
C:[04/08/2014 09:56:13.56][190.37.107.138][1138] SELECT pre_cod_asig1,pre_cod_asig2,pre_cod_asig3,pre_cod_asig4,pre_cod_asig5,pre_cod_asig6,pre_cod_asig7 FROM tblaca009 WHERE pensum='5' AND c_uni_ca='3' AND c_asigna='300318' [1][0] OK
C:[04/08/2014 09:56:13.56][190.37.107.138][1151] SELECT c_asigna FROM dace004 WHERE exp_e='09-24412210' AND c_asigna='300228' AND status IN ('0','3','B','C') [1][0] OK
C:[04/08/2014 09:56:13.56][190.37.107.138][1151] SELECT c_asigna FROM dace004 WHERE exp_e='09-24412210' AND c_asigna='300207' AND status IN ('0','3','B','C') [1][0] OK
C:[04/08/2014 09:56:13.56][190.37.107.138][1151] SELECT c_asigna FROM dace004 WHERE exp_e='09-24412210' AND c_asigna='300218' AND status IN ('0','3','B','C') [1][0] OK
C:[04/08/2014 09:56:13.32][190.37.107.138][1182] SELECT par_cod_asig1,par_cod_asig2,par_cod_asig3 FROM tblaca009 WHERE pensum='5' AND c_uni_ca='3' AND c_asigna='300318' [1][0] OK
C:[04/08/2014 09:56:13.46][190.37.107.138][1312] SELECT horas_lab FROM tblaca008 WHERE c_asigna='300318' AND horas_teoricas > 0 [1][0] OK
C:[04/08/2014 09:59:44.31][186.94.81.28][1138] SELECT pre_cod_asig1,pre_cod_asig2,pre_cod_asig3,pre_cod_asig4,pre_cod_asig5,pre_cod_asig6,pre_cod_asig7 FROM tblaca009 WHERE pensum='5' AND c_uni_ca='5' AND c_asigna='300228' [1][0] OK
C:[04/08/2014 09:59:44.31][186.94.81.28][1151] SELECT c_asigna FROM dace004 WHERE exp_e='13-25445245' AND c_asigna='300101' AND status IN ('0','3','B','C') [1][0] OK
C:[04/08/2014 09:59:44.81][186.94.81.28][1182] SELECT par_cod_asig1,par_cod_asig2,par_cod_asig3 FROM tblaca009 WHERE pensum='5' AND c_uni_ca='5' AND c_asigna='300228' [1][0] OK
C:[04/08/2014 09:59:44.95][186.94.81.28][1312] SELECT horas_lab FROM tblaca008 WHERE c_asigna='300228' AND horas_teoricas > 0 [1][0] OK
C:[04/08/2014 10:09:23.57][190.37.172.170][1138] SELECT pre_cod_asig1,pre_cod_asig2,pre_cod_asig3,pre_cod_asig4,pre_cod_asig5,pre_cod_asig6,pre_cod_asig7 FROM tblaca009 WHERE pensum='5' AND c_uni_ca='4' AND c_asigna='333564' [1][0] OK
C:[04/08/2014 10:09:23.57][190.37.172.170][1151] SELECT c_asigna FROM dace004 WHERE exp_e='10-20804226' AND c_asigna='333441' AND status IN ('0','3','B','C') [1][0] OK
C:[04/08/2014 10:09:23.57][190.37.172.170][1138] SELECT pre_cod_asig1,pre_cod_asig2,pre_cod_asig3,pre_cod_asig4,pre_cod_asig5,pre_cod_asig6,pre_cod_asig7 FROM tblaca009 WHERE pensum='5' AND c_uni_ca='4' AND c_asigna='333585' [1][0] OK
C:[04/08/2014 10:09:23.57][190.37.172.170][1151] SELECT c_asigna FROM dace004 WHERE exp_e='10-20804226' AND c_asigna='333440' AND status IN ('0','3','B','C') [1][0] OK
C:[04/08/2014 10:09:23.57][190.37.172.170][1151] SELECT c_asigna FROM dace004 WHERE exp_e='10-20804226' AND c_asigna='333441' AND status IN ('0','3','B','C') [1][0] OK
C:[04/08/2014 10:09:23.57][190.37.172.170][1151] SELECT c_asigna FROM dace004 WHERE exp_e='10-20804226' AND c_asigna='300209' AND status IN ('0','3','B','C') [1][0] OK
C:[04/08/2014 10:09:23.57][190.37.172.170][1182] SELECT par_cod_asig1,par_cod_asig2,par_cod_asig3 FROM tblaca009 WHERE pensum='5' AND c_uni_ca='4' AND c_asigna='333564' [1][0] OK
C:[04/08/2014 10:09:23.57][190.37.172.170][1182] SELECT par_cod_asig1,par_cod_asig2,par_cod_asig3 FROM tblaca009 WHERE pensum='5' AND c_uni_ca='4' AND c_asigna='333585' [1][0] OK
C:[04/08/2014 10:09:23.83][190.37.172.170][1312] SELECT horas_lab FROM tblaca008 WHERE c_asigna='333564' AND horas_teoricas > 0 [1][0] OK
C:[04/08/2014 10:09:23.83][190.37.172.170][1312] SELECT horas_lab FROM tblaca008 WHERE c_asigna='333585' AND horas_teoricas > 0 [1][0] OK
C:[04/08/2014 10:09:29.64][190.204.100.4][1138] SELECT pre_cod_asig1,pre_cod_asig2,pre_cod_asig3,pre_cod_asig4,pre_cod_asig5,pre_cod_asig6,pre_cod_asig7 FROM tblaca009 WHERE pensum='5' AND c_uni_ca='3' AND c_asigna='311554' [1][0] OK
C:[04/08/2014 10:09:29.64][190.204.100.4][1151] SELECT c_asigna FROM dace004 WHERE exp_e='09-24037366' AND c_asigna='300318' AND status IN ('0','3','B','C') [1][0] OK
C:[04/08/2014 10:09:29.64][190.204.100.4][1151] SELECT c_asigna FROM dace004 WHERE exp_e='09-24037366' AND c_asigna='300428' AND status IN ('0','3','B','C') [1][0] OK
C:[04/08/2014 10:09:29.64][190.204.100.4][1138] SELECT pre_cod_asig1,pre_cod_asig2,pre_cod_asig3,pre_cod_asig4,pre_cod_asig5,pre_cod_asig6,pre_cod_asig7 FROM tblaca009 WHERE pensum='5' AND c_uni_ca='3' AND c_asigna='311556' [1][0] OK
C:[04/08/2014 10:09:29.64][190.204.100.4][1151] SELECT c_asigna FROM dace004 WHERE exp_e='09-24037366' AND c_asigna='311434' AND status IN ('0','3','B','C') [1][0] OK
C:[04/08/2014 10:09:29.64][190.204.100.4][1151] SELECT c_asigna FROM dace004 WHERE exp_e='09-24037366' AND c_asigna='311430' AND status IN ('0','3','B','C') [1][0] OK
C:[04/08/2014 10:09:29.64][190.204.100.4][1151] SELECT c_asigna FROM dace004 WHERE exp_e='09-24037366' AND c_asigna='300222' AND status IN ('0','3','B','C') [1][0] OK
C:[04/08/2014 10:09:29.64][190.204.100.4][1151] SELECT c_asigna FROM dace004 WHERE exp_e='09-24037366' AND c_asigna='300226' AND status IN ('0','3','B','C') [1][0] OK
C:[04/08/2014 10:09:29.64][190.204.100.4][1151] SELECT c_asigna FROM dace004 WHERE exp_e='09-24037366' AND c_asigna='300209' AND status IN ('0','3','B','C') [1][0] OK
C:[04/08/2014 10:09:29.64][190.204.100.4][1138] SELECT pre_cod_asig1,pre_cod_asig2,pre_cod_asig3,pre_cod_asig4,pre_cod_asig5,pre_cod_asig6,pre_cod_asig7 FROM tblaca009 WHERE pensum='5' AND c_uni_ca='3' AND c_asigna='311551' [1][0] OK
C:[04/08/2014 10:09:29.64][190.204.100.4][1151] SELECT c_asigna FROM dace004 WHERE exp_e='09-24037366' AND c_asigna='311430' AND status IN ('0','3','B','C') [1][0] OK
C:[04/08/2014 10:09:29.64][190.204.100.4][1151] SELECT c_asigna FROM dace004 WHERE exp_e='09-24037366' AND c_asigna='311431' AND status IN ('0','3','B','C') [1][0] OK
C:[04/08/2014 10:09:29.64][190.204.100.4][1151] SELECT c_asigna FROM dace004 WHERE exp_e='09-24037366' AND c_asigna='300222' AND status IN ('0','3','B','C') [1][0] OK
C:[04/08/2014 10:09:29.64][190.204.100.4][1151] SELECT c_asigna FROM dace004 WHERE exp_e='09-24037366' AND c_asigna='300226' AND status IN ('0','3','B','C') [1][0] OK
C:[04/08/2014 10:09:29.64][190.204.100.4][1151] SELECT c_asigna FROM dace004 WHERE exp_e='09-24037366' AND c_asigna='300209' AND status IN ('0','3','B','C') [1][0] OK
C:[04/08/2014 10:09:29.64][190.204.100.4][1151] SELECT c_asigna FROM dace004 WHERE exp_e='09-24037366' AND c_asigna='311320' AND status IN ('0','3','B','C') [1][0] OK
C:[04/08/2014 10:09:29.63][190.204.100.4][1182] SELECT par_cod_asig1,par_cod_asig2,par_cod_asig3 FROM tblaca009 WHERE pensum='5' AND c_uni_ca='3' AND c_asigna='311554' [1][0] OK
C:[04/08/2014 10:09:29.63][190.204.100.4][1182] SELECT par_cod_asig1,par_cod_asig2,par_cod_asig3 FROM tblaca009 WHERE pensum='5' AND c_uni_ca='3' AND c_asigna='311556' [1][0] OK
C:[04/08/2014 10:09:29.63][190.204.100.4][1196] SELECT c_asigna FROM dace004 WHERE exp_e='09-24037366' AND c_asigna='311551' AND status IN ('0','3','B','C') [0][0] OK
C:[04/08/2014 10:09:29.63][190.204.100.4][1182] SELECT par_cod_asig1,par_cod_asig2,par_cod_asig3 FROM tblaca009 WHERE pensum='5' AND c_uni_ca='3' AND c_asigna='311551' [1][0] OK
C:[04/08/2014 10:09:30.14][190.204.100.4][1312] SELECT horas_lab FROM tblaca008 WHERE c_asigna='311554' AND horas_teoricas > 0 [1][0] OK
C:[04/08/2014 10:09:30.14][190.204.100.4][1312] SELECT horas_lab FROM tblaca008 WHERE c_asigna='311556' AND horas_teoricas > 0 [0][0] OK
C:[04/08/2014 10:09:30.14][190.204.100.4][1312] SELECT horas_lab FROM tblaca008 WHERE c_asigna='311551' AND horas_teoricas > 0 [1][0] OK
C:[04/08/2014 10:12:28.85][186.94.81.28][1138] SELECT pre_cod_asig1,pre_cod_asig2,pre_cod_asig3,pre_cod_asig4,pre_cod_asig5,pre_cod_asig6,pre_cod_asig7 FROM tblaca009 WHERE pensum='5' AND c_uni_ca='4' AND c_asigna='333639' [1][0] OK
C:[04/08/2014 10:12:28.85][186.94.81.28][1151] SELECT c_asigna FROM dace004 WHERE exp_e='10-27158919' AND c_asigna='333585' AND status IN ('0','3','B','C') [1][0] OK
C:[04/08/2014 10:12:28.85][186.94.81.28][1138] SELECT pre_cod_asig1,pre_cod_asig2,pre_cod_asig3,pre_cod_asig4,pre_cod_asig5,pre_cod_asig6,pre_cod_asig7 FROM tblaca009 WHERE pensum='5' AND c_uni_ca='4' AND c_asigna='333710' [1][0] OK
C:[04/08/2014 10:12:28.85][186.94.81.28][1151] SELECT c_asigna FROM dace004 WHERE exp_e='10-27158919' AND c_asigna='333683' AND status IN ('0','3','B','C') [1][0] OK
C:[04/08/2014 10:12:28.85][186.94.81.28][1151] SELECT c_asigna FROM dace004 WHERE exp_e='10-27158919' AND c_asigna='333606' AND status IN ('0','3','B','C') [1][0] OK
C:[04/08/2014 10:12:28.85][186.94.81.28][1138] SELECT pre_cod_asig1,pre_cod_asig2,pre_cod_asig3,pre_cod_asig4,pre_cod_asig5,pre_cod_asig6,pre_cod_asig7 FROM tblaca009 WHERE pensum='5' AND c_uni_ca='4' AND c_asigna='333782' [1][0] OK
C:[04/08/2014 10:12:28.85][186.94.81.28][1151] SELECT c_asigna FROM dace004 WHERE exp_e='10-27158919' AND c_asigna='333606' AND status IN ('0','3','B','C') [1][0] OK
C:[04/08/2014 10:12:29.98][186.94.81.28][1182] SELECT par_cod_asig1,par_cod_asig2,par_cod_asig3 FROM tblaca009 WHERE pensum='5' AND c_uni_ca='4' AND c_asigna='333639' [1][0] OK
C:[04/08/2014 10:12:29.98][186.94.81.28][1182] SELECT par_cod_asig1,par_cod_asig2,par_cod_asig3 FROM tblaca009 WHERE pensum='5' AND c_uni_ca='4' AND c_asigna='333710' [1][0] OK
C:[04/08/2014 10:12:29.98][186.94.81.28][1196] SELECT c_asigna FROM dace004 WHERE exp_e='10-27158919' AND c_asigna='333782' AND status IN ('0','3','B','C') [0][0] OK
C:[04/08/2014 10:12:29.98][186.94.81.28][1182] SELECT par_cod_asig1,par_cod_asig2,par_cod_asig3 FROM tblaca009 WHERE pensum='5' AND c_uni_ca='4' AND c_asigna='333782' [1][0] OK
C:[04/08/2014 10:12:29.49][186.94.81.28][1312] SELECT horas_lab FROM tblaca008 WHERE c_asigna='333639' AND horas_teoricas > 0 [1][0] OK
C:[04/08/2014 10:12:29.49][186.94.81.28][1312] SELECT horas_lab FROM tblaca008 WHERE c_asigna='333710' AND horas_teoricas > 0 [1][0] OK
C:[04/08/2014 10:12:29.49][186.94.81.28][1312] SELECT horas_lab FROM tblaca008 WHERE c_asigna='333782' AND horas_teoricas > 0 [1][0] OK
C:[04/08/2014 10:12:36.55][190.37.45.126][1138] SELECT pre_cod_asig1,pre_cod_asig2,pre_cod_asig3,pre_cod_asig4,pre_cod_asig5,pre_cod_asig6,pre_cod_asig7 FROM tblaca009 WHERE pensum='5' AND c_uni_ca='2' AND c_asigna='300870' [1][0] OK
C:[04/08/2014 10:12:36.68][190.37.45.126][1182] SELECT par_cod_asig1,par_cod_asig2,par_cod_asig3 FROM tblaca009 WHERE pensum='5' AND c_uni_ca='2' AND c_asigna='300870' [1][0] OK
C:[04/08/2014 10:12:36.81][190.37.45.126][1312] SELECT horas_lab FROM tblaca008 WHERE c_asigna='300870' AND horas_teoricas > 0 [1][0] OK
C:[04/08/2014 10:14:46.64][190.204.100.4][1138] SELECT pre_cod_asig1,pre_cod_asig2,pre_cod_asig3,pre_cod_asig4,pre_cod_asig5,pre_cod_asig6,pre_cod_asig7 FROM tblaca009 WHERE pensum='5' AND c_uni_ca='3' AND c_asigna='311554' [1][0] OK
C:[04/08/2014 10:14:46.64][190.204.100.4][1151] SELECT c_asigna FROM dace004 WHERE exp_e='09-24037366' AND c_asigna='300318' AND status IN ('0','3','B','C') [1][0] OK
C:[04/08/2014 10:14:46.64][190.204.100.4][1151] SELECT c_asigna FROM dace004 WHERE exp_e='09-24037366' AND c_asigna='300428' AND status IN ('0','3','B','C') [1][0] OK
C:[04/08/2014 10:14:46.64][190.204.100.4][1138] SELECT pre_cod_asig1,pre_cod_asig2,pre_cod_asig3,pre_cod_asig4,pre_cod_asig5,pre_cod_asig6,pre_cod_asig7 FROM tblaca009 WHERE pensum='5' AND c_uni_ca='3' AND c_asigna='311556' [1][0] OK
C:[04/08/2014 10:14:46.64][190.204.100.4][1151] SELECT c_asigna FROM dace004 WHERE exp_e='09-24037366' AND c_asigna='311434' AND status IN ('0','3','B','C') [1][0] OK
C:[04/08/2014 10:14:46.64][190.204.100.4][1151] SELECT c_asigna FROM dace004 WHERE exp_e='09-24037366' AND c_asigna='311430' AND status IN ('0','3','B','C') [1][0] OK
C:[04/08/2014 10:14:46.64][190.204.100.4][1151] SELECT c_asigna FROM dace004 WHERE exp_e='09-24037366' AND c_asigna='300222' AND status IN ('0','3','B','C') [1][0] OK
C:[04/08/2014 10:14:46.64][190.204.100.4][1151] SELECT c_asigna FROM dace004 WHERE exp_e='09-24037366' AND c_asigna='300226' AND status IN ('0','3','B','C') [1][0] OK
C:[04/08/2014 10:14:46.64][190.204.100.4][1151] SELECT c_asigna FROM dace004 WHERE exp_e='09-24037366' AND c_asigna='300209' AND status IN ('0','3','B','C') [1][0] OK
C:[04/08/2014 10:14:46.64][190.204.100.4][1138] SELECT pre_cod_asig1,pre_cod_asig2,pre_cod_asig3,pre_cod_asig4,pre_cod_asig5,pre_cod_asig6,pre_cod_asig7 FROM tblaca009 WHERE pensum='5' AND c_uni_ca='3' AND c_asigna='311551' [1][0] OK
C:[04/08/2014 10:14:46.64][190.204.100.4][1151] SELECT c_asigna FROM dace004 WHERE exp_e='09-24037366' AND c_asigna='311430' AND status IN ('0','3','B','C') [1][0] OK
C:[04/08/2014 10:14:46.64][190.204.100.4][1151] SELECT c_asigna FROM dace004 WHERE exp_e='09-24037366' AND c_asigna='311431' AND status IN ('0','3','B','C') [1][0] OK
C:[04/08/2014 10:14:46.64][190.204.100.4][1151] SELECT c_asigna FROM dace004 WHERE exp_e='09-24037366' AND c_asigna='300222' AND status IN ('0','3','B','C') [1][0] OK
C:[04/08/2014 10:14:46.64][190.204.100.4][1151] SELECT c_asigna FROM dace004 WHERE exp_e='09-24037366' AND c_asigna='300226' AND status IN ('0','3','B','C') [1][0] OK
C:[04/08/2014 10:14:46.64][190.204.100.4][1151] SELECT c_asigna FROM dace004 WHERE exp_e='09-24037366' AND c_asigna='300209' AND status IN ('0','3','B','C') [1][0] OK
C:[04/08/2014 10:14:46.64][190.204.100.4][1151] SELECT c_asigna FROM dace004 WHERE exp_e='09-24037366' AND c_asigna='311320' AND status IN ('0','3','B','C') [1][0] OK
C:[04/08/2014 10:14:47.90][190.204.100.4][1182] SELECT par_cod_asig1,par_cod_asig2,par_cod_asig3 FROM tblaca009 WHERE pensum='5' AND c_uni_ca='3' AND c_asigna='311554' [1][0] OK
C:[04/08/2014 10:14:47.90][190.204.100.4][1182] SELECT par_cod_asig1,par_cod_asig2,par_cod_asig3 FROM tblaca009 WHERE pensum='5' AND c_uni_ca='3' AND c_asigna='311556' [1][0] OK
C:[04/08/2014 10:14:47.90][190.204.100.4][1196] SELECT c_asigna FROM dace004 WHERE exp_e='09-24037366' AND c_asigna='311551' AND status IN ('0','3','B','C') [0][0] OK
C:[04/08/2014 10:14:47.90][190.204.100.4][1182] SELECT par_cod_asig1,par_cod_asig2,par_cod_asig3 FROM tblaca009 WHERE pensum='5' AND c_uni_ca='3' AND c_asigna='311551' [1][0] OK
C:[04/08/2014 10:14:47.41][190.204.100.4][1312] SELECT horas_lab FROM tblaca008 WHERE c_asigna='311554' AND horas_teoricas > 0 [1][0] OK
C:[04/08/2014 10:14:47.41][190.204.100.4][1312] SELECT horas_lab FROM tblaca008 WHERE c_asigna='311556' AND horas_teoricas > 0 [0][0] OK
C:[04/08/2014 10:14:47.41][190.204.100.4][1312] SELECT horas_lab FROM tblaca008 WHERE c_asigna='311551' AND horas_teoricas > 0 [1][0] OK
C:[04/08/2014 10:15:07.78][186.94.81.28][1138] SELECT pre_cod_asig1,pre_cod_asig2,pre_cod_asig3,pre_cod_asig4,pre_cod_asig5,pre_cod_asig6,pre_cod_asig7 FROM tblaca009 WHERE pensum='5' AND c_uni_ca='3' AND c_asigna='300317' [1][0] OK
C:[04/08/2014 10:15:07.78][186.94.81.28][1151] SELECT c_asigna FROM dace004 WHERE exp_e='12-24117985' AND c_asigna='300207' AND status IN ('0','3','B','C') [1][0] OK
C:[04/08/2014 10:15:07.78][186.94.81.28][1151] SELECT c_asigna FROM dace004 WHERE exp_e='12-24117985' AND c_asigna='300209' AND status IN ('0','3','B','C') [1][0] OK
C:[04/08/2014 10:15:07.78][186.94.81.28][1138] SELECT pre_cod_asig1,pre_cod_asig2,pre_cod_asig3,pre_cod_asig4,pre_cod_asig5,pre_cod_asig6,pre_cod_asig7 FROM tblaca009 WHERE pensum='5' AND c_uni_ca='3' AND c_asigna='300318' [1][0] OK
C:[04/08/2014 10:15:07.78][186.94.81.28][1151] SELECT c_asigna FROM dace004 WHERE exp_e='12-24117985' AND c_asigna='300228' AND status IN ('0','3','B','C') [1][0] OK
C:[04/08/2014 10:15:07.78][186.94.81.28][1151] SELECT c_asigna FROM dace004 WHERE exp_e='12-24117985' AND c_asigna='300207' AND status IN ('0','3','B','C') [1][0] OK
C:[04/08/2014 10:15:07.78][186.94.81.28][1151] SELECT c_asigna FROM dace004 WHERE exp_e='12-24117985' AND c_asigna='300218' AND status IN ('0','3','B','C') [1][0] OK
C:[04/08/2014 10:15:07.59][186.94.81.28][1182] SELECT par_cod_asig1,par_cod_asig2,par_cod_asig3 FROM tblaca009 WHERE pensum='5' AND c_uni_ca='3' AND c_asigna='300317' [1][0] OK
C:[04/08/2014 10:15:07.59][186.94.81.28][1182] SELECT par_cod_asig1,par_cod_asig2,par_cod_asig3 FROM tblaca009 WHERE pensum='5' AND c_uni_ca='3' AND c_asigna='300318' [1][0] OK
C:[04/08/2014 10:15:07.86][186.94.81.28][1312] SELECT horas_lab FROM tblaca008 WHERE c_asigna='300317' AND horas_teoricas > 0 [1][0] OK
C:[04/08/2014 10:15:07.86][186.94.81.28][1312] SELECT horas_lab FROM tblaca008 WHERE c_asigna='300318' AND horas_teoricas > 0 [1][0] OK
C:[04/08/2014 10:16:36.95][186.95.75.211][1138] SELECT pre_cod_asig1,pre_cod_asig2,pre_cod_asig3,pre_cod_asig4,pre_cod_asig5,pre_cod_asig6,pre_cod_asig7 FROM tblaca009 WHERE pensum='5' AND c_uni_ca='3' AND c_asigna='311822' [1][0] OK
C:[04/08/2014 10:16:36.95][186.95.75.211][1151] SELECT c_asigna FROM dace004 WHERE exp_e='02-16614286' AND c_asigna='311795' AND status IN ('0','3','B','C') [1][0] OK
C:[04/08/2014 10:16:37.45][186.95.75.211][1182] SELECT par_cod_asig1,par_cod_asig2,par_cod_asig3 FROM tblaca009 WHERE pensum='5' AND c_uni_ca='3' AND c_asigna='311822' [1][0] OK
C:[04/08/2014 10:16:37.58][186.95.75.211][1312] SELECT horas_lab FROM tblaca008 WHERE c_asigna='311822' AND horas_teoricas > 0 [1][0] OK
C:[04/08/2014 10:17:00.42][186.94.81.28][1138] SELECT pre_cod_asig1,pre_cod_asig2,pre_cod_asig3,pre_cod_asig4,pre_cod_asig5,pre_cod_asig6,pre_cod_asig7 FROM tblaca009 WHERE pensum='5' AND c_uni_ca='3' AND c_asigna='300228' [1][0] OK
C:[04/08/2014 10:17:00.42][186.94.81.28][1151] SELECT c_asigna FROM dace004 WHERE exp_e='13-25083120' AND c_asigna='300101' AND status IN ('0','3','B','C') [1][0] OK
C:[04/08/2014 10:17:00.42][186.94.81.28][1138] SELECT pre_cod_asig1,pre_cod_asig2,pre_cod_asig3,pre_cod_asig4,pre_cod_asig5,pre_cod_asig6,pre_cod_asig7 FROM tblaca009 WHERE pensum='5' AND c_uni_ca='3' AND c_asigna='300218' [1][0] OK
C:[04/08/2014 10:17:00.42][186.94.81.28][1151] SELECT c_asigna FROM dace004 WHERE exp_e='13-25083120' AND c_asigna='300101' AND status IN ('0','3','B','C') [1][0] OK
C:[04/08/2014 10:17:00.42][186.94.81.28][1138] SELECT pre_cod_asig1,pre_cod_asig2,pre_cod_asig3,pre_cod_asig4,pre_cod_asig5,pre_cod_asig6,pre_cod_asig7 FROM tblaca009 WHERE pensum='5' AND c_uni_ca='3' AND c_asigna='300207' [1][0] OK
C:[04/08/2014 10:17:00.42][186.94.81.28][1151] SELECT c_asigna FROM dace004 WHERE exp_e='13-25083120' AND c_asigna='300101' AND status IN ('0','3','B','C') [1][0] OK
C:[04/08/2014 10:17:01.98][186.94.81.28][1182] SELECT par_cod_asig1,par_cod_asig2,par_cod_asig3 FROM tblaca009 WHERE pensum='5' AND c_uni_ca='3' AND c_asigna='300228' [1][0] OK
C:[04/08/2014 10:17:01.98][186.94.81.28][1182] SELECT par_cod_asig1,par_cod_asig2,par_cod_asig3 FROM tblaca009 WHERE pensum='5' AND c_uni_ca='3' AND c_asigna='300218' [1][0] OK
C:[04/08/2014 10:17:01.98][186.94.81.28][1196] SELECT c_asigna FROM dace004 WHERE exp_e='13-25083120' AND c_asigna='300228' AND status IN ('0','3','B','C') [0][0] OK
C:[04/08/2014 10:17:01.98][186.94.81.28][1182] SELECT par_cod_asig1,par_cod_asig2,par_cod_asig3 FROM tblaca009 WHERE pensum='5' AND c_uni_ca='3' AND c_asigna='300207' [1][0] OK
C:[04/08/2014 10:17:01.51][186.94.81.28][1312] SELECT horas_lab FROM tblaca008 WHERE c_asigna='300228' AND horas_teoricas > 0 [1][0] OK
C:[04/08/2014 10:17:01.51][186.94.81.28][1312] SELECT horas_lab FROM tblaca008 WHERE c_asigna='300218' AND horas_teoricas > 0 [0][0] OK
C:[04/08/2014 10:17:01.51][186.94.81.28][1312] SELECT horas_lab FROM tblaca008 WHERE c_asigna='300207' AND horas_teoricas > 0 [1][0] OK
C:[04/08/2014 10:21:33.47][186.90.33.41][1138] SELECT pre_cod_asig1,pre_cod_asig2,pre_cod_asig3,pre_cod_asig4,pre_cod_asig5,pre_cod_asig6,pre_cod_asig7 FROM tblaca009 WHERE pensum='5' AND c_uni_ca='2' AND c_asigna='322683' [1][0] OK
C:[04/08/2014 10:21:33.47][186.90.33.41][1151] SELECT c_asigna FROM dace004 WHERE exp_e='11-23502162' AND c_asigna='322560' AND status IN ('0','3','B','C') [1][0] OK
C:[04/08/2014 10:21:33.47][186.90.33.41][1138] SELECT pre_cod_asig1,pre_cod_asig2,pre_cod_asig3,pre_cod_asig4,pre_cod_asig5,pre_cod_asig6,pre_cod_asig7 FROM tblaca009 WHERE pensum='5' AND c_uni_ca='2' AND c_asigna='322703' [1][0] OK
C:[04/08/2014 10:21:33.47][186.90.33.41][1151] SELECT c_asigna FROM dace004 WHERE exp_e='11-23502162' AND c_asigna='322669' AND status IN ('0','3','B','C') [1][0] OK
C:[04/08/2014 10:21:33.23][186.90.33.41][1182] SELECT par_cod_asig1,par_cod_asig2,par_cod_asig3 FROM tblaca009 WHERE pensum='5' AND c_uni_ca='2' AND c_asigna='322683' [1][0] OK
C:[04/08/2014 10:21:33.23][186.90.33.41][1196] SELECT c_asigna FROM dace004 WHERE exp_e='11-23502162' AND c_asigna='322681' AND status IN ('0','3','B','C') [1][0] OK
C:[04/08/2014 10:21:33.23][186.90.33.41][1182] SELECT par_cod_asig1,par_cod_asig2,par_cod_asig3 FROM tblaca009 WHERE pensum='5' AND c_uni_ca='2' AND c_asigna='322703' [1][0] OK
C:[04/08/2014 10:21:33.62][186.90.33.41][1312] SELECT horas_lab FROM tblaca008 WHERE c_asigna='322683' AND horas_teoricas > 0 [1][0] OK
C:[04/08/2014 10:21:33.62][186.90.33.41][1312] SELECT horas_lab FROM tblaca008 WHERE c_asigna='322703' AND horas_teoricas > 0 [1][0] OK
C:[04/08/2014 10:26:09.61][190.37.45.126][1138] SELECT pre_cod_asig1,pre_cod_asig2,pre_cod_asig3,pre_cod_asig4,pre_cod_asig5,pre_cod_asig6,pre_cod_asig7 FROM tblaca009 WHERE pensum='5' AND c_uni_ca='2' AND c_asigna='300870' [1][0] OK
C:[04/08/2014 10:26:09.99][190.37.45.126][1182] SELECT par_cod_asig1,par_cod_asig2,par_cod_asig3 FROM tblaca009 WHERE pensum='5' AND c_uni_ca='2' AND c_asigna='300870' [1][0] OK
C:[04/08/2014 10:26:09.12][190.37.45.126][1312] SELECT horas_lab FROM tblaca008 WHERE c_asigna='300870' AND horas_teoricas > 0 [1][0] OK
C:[04/08/2014 10:29:33.95][186.94.81.28][1138] SELECT pre_cod_asig1,pre_cod_asig2,pre_cod_asig3,pre_cod_asig4,pre_cod_asig5,pre_cod_asig6,pre_cod_asig7 FROM tblaca009 WHERE pensum='5' AND c_uni_ca='3' AND c_asigna='300218' [1][0] OK
C:[04/08/2014 10:29:33.95][186.94.81.28][1151] SELECT c_asigna FROM dace004 WHERE exp_e='12-24560687' AND c_asigna='300101' AND status IN ('0','3','B','C') [1][0] OK
C:[04/08/2014 10:29:33.95][186.94.81.28][1138] SELECT pre_cod_asig1,pre_cod_asig2,pre_cod_asig3,pre_cod_asig4,pre_cod_asig5,pre_cod_asig6,pre_cod_asig7 FROM tblaca009 WHERE pensum='5' AND c_uni_ca='3' AND c_asigna='300228' [1][0] OK
C:[04/08/2014 10:29:33.95][186.94.81.28][1151] SELECT c_asigna FROM dace004 WHERE exp_e='12-24560687' AND c_asigna='300101' AND status IN ('0','3','B','C') [1][0] OK
C:[04/08/2014 10:29:33.95][186.94.81.28][1138] SELECT pre_cod_asig1,pre_cod_asig2,pre_cod_asig3,pre_cod_asig4,pre_cod_asig5,pre_cod_asig6,pre_cod_asig7 FROM tblaca009 WHERE pensum='5' AND c_uni_ca='3' AND c_asigna='300317' [1][0] OK
C:[04/08/2014 10:29:33.95][186.94.81.28][1151] SELECT c_asigna FROM dace004 WHERE exp_e='12-24560687' AND c_asigna='300207' AND status IN ('0','3','B','C') [1][0] OK
C:[04/08/2014 10:29:33.95][186.94.81.28][1151] SELECT c_asigna FROM dace004 WHERE exp_e='12-24560687' AND c_asigna='300209' AND status IN ('0','3','B','C') [1][0] OK
C:[04/08/2014 10:29:33.61][186.94.81.28][1182] SELECT par_cod_asig1,par_cod_asig2,par_cod_asig3 FROM tblaca009 WHERE pensum='5' AND c_uni_ca='3' AND c_asigna='300218' [1][0] OK
C:[04/08/2014 10:29:33.61][186.94.81.28][1196] SELECT c_asigna FROM dace004 WHERE exp_e='12-24560687' AND c_asigna='300228' AND status IN ('0','3','B','C') [0][0] OK
C:[04/08/2014 10:29:33.61][186.94.81.28][1182] SELECT par_cod_asig1,par_cod_asig2,par_cod_asig3 FROM tblaca009 WHERE pensum='5' AND c_uni_ca='3' AND c_asigna='300228' [1][0] OK
C:[04/08/2014 10:29:33.61][186.94.81.28][1182] SELECT par_cod_asig1,par_cod_asig2,par_cod_asig3 FROM tblaca009 WHERE pensum='5' AND c_uni_ca='3' AND c_asigna='300317' [1][0] OK
C:[04/08/2014 10:29:33.12][186.94.81.28][1312] SELECT horas_lab FROM tblaca008 WHERE c_asigna='300218' AND horas_teoricas > 0 [0][0] OK
C:[04/08/2014 10:29:33.12][186.94.81.28][1312] SELECT horas_lab FROM tblaca008 WHERE c_asigna='300228' AND horas_teoricas > 0 [1][0] OK
C:[04/08/2014 10:29:33.12][186.94.81.28][1312] SELECT horas_lab FROM tblaca008 WHERE c_asigna='300317' AND horas_teoricas > 0 [1][0] OK
C:[04/08/2014 10:29:39.70][190.201.160.189][1138] SELECT pre_cod_asig1,pre_cod_asig2,pre_cod_asig3,pre_cod_asig4,pre_cod_asig5,pre_cod_asig6,pre_cod_asig7 FROM tblaca009 WHERE pensum='5' AND c_uni_ca='5' AND c_asigna='351330' [1][0] OK
C:[04/08/2014 10:29:39.70][190.201.160.189][1151] SELECT c_asigna FROM dace004 WHERE exp_e='09-22831361' AND c_asigna='300218' AND status IN ('0','3','B','C') [1][0] OK
C:[04/08/2014 10:29:39.94][190.201.160.189][1182] SELECT par_cod_asig1,par_cod_asig2,par_cod_asig3 FROM tblaca009 WHERE pensum='5' AND c_uni_ca='5' AND c_asigna='351330' [1][0] OK
C:[04/08/2014 10:29:39.94][190.201.160.189][1196] SELECT c_asigna FROM dace004 WHERE exp_e='09-22831361' AND c_asigna='300318' AND status IN ('0','3','B','C') [1][0] OK
C:[04/08/2014 10:29:39.94][190.201.160.189][1196] SELECT c_asigna FROM dace004 WHERE exp_e='09-22831361' AND c_asigna='300317' AND status IN ('0','3','B','C') [1][0] OK
C:[04/08/2014 10:29:39.33][190.201.160.189][1312] SELECT horas_lab FROM tblaca008 WHERE c_asigna='351330' AND horas_teoricas > 0 [1][0] OK
C:[04/08/2014 10:30:28.45][186.94.81.28][1138] SELECT pre_cod_asig1,pre_cod_asig2,pre_cod_asig3,pre_cod_asig4,pre_cod_asig5,pre_cod_asig6,pre_cod_asig7 FROM tblaca009 WHERE pensum='5' AND c_uni_ca='6' AND c_asigna='342444' [1][0] OK
C:[04/08/2014 10:30:28.45][186.94.81.28][1151] SELECT c_asigna FROM dace004 WHERE exp_e='07-19332580' AND c_asigna='340323' AND status IN ('0','3','B','C') [1][0] OK
C:[04/08/2014 10:30:28.45][186.94.81.28][1138] SELECT pre_cod_asig1,pre_cod_asig2,pre_cod_asig3,pre_cod_asig4,pre_cod_asig5,pre_cod_asig6,pre_cod_asig7 FROM tblaca009 WHERE pensum='5' AND c_uni_ca='6' AND c_asigna='342679' [1][0] OK
C:[04/08/2014 10:30:28.45][186.94.81.28][1151] SELECT c_asigna FROM dace004 WHERE exp_e='07-19332580' AND c_asigna='342567' AND status IN ('0','3','B','C') [1][0] OK
C:[04/08/2014 10:30:29.21][186.94.81.28][1182] SELECT par_cod_asig1,par_cod_asig2,par_cod_asig3 FROM tblaca009 WHERE pensum='5' AND c_uni_ca='6' AND c_asigna='342444' [1][0] OK
C:[04/08/2014 10:30:29.21][186.94.81.28][1182] SELECT par_cod_asig1,par_cod_asig2,par_cod_asig3 FROM tblaca009 WHERE pensum='5' AND c_uni_ca='6' AND c_asigna='342679' [1][0] OK
C:[04/08/2014 10:30:29.47][186.94.81.28][1312] SELECT horas_lab FROM tblaca008 WHERE c_asigna='342444' AND horas_teoricas > 0 [1][0] OK
C:[04/08/2014 10:30:29.47][186.94.81.28][1312] SELECT horas_lab FROM tblaca008 WHERE c_asigna='342679' AND horas_teoricas > 0 [1][0] OK
C:[04/08/2014 10:31:03.15][186.88.108.140][1138] SELECT pre_cod_asig1,pre_cod_asig2,pre_cod_asig3,pre_cod_asig4,pre_cod_asig5,pre_cod_asig6,pre_cod_asig7 FROM tblaca009 WHERE pensum='5' AND c_uni_ca='6' AND c_asigna='342559' [1][0] OK
C:[04/08/2014 10:31:03.15][186.88.108.140][1151] SELECT c_asigna FROM dace004 WHERE exp_e='11-24037113' AND c_asigna='342436' AND status IN ('0','3','B','C') [1][0] OK
C:[04/08/2014 10:31:03.15][186.88.108.140][1138] SELECT pre_cod_asig1,pre_cod_asig2,pre_cod_asig3,pre_cod_asig4,pre_cod_asig5,pre_cod_asig6,pre_cod_asig7 FROM tblaca009 WHERE pensum='5' AND c_uni_ca='6' AND c_asigna='342567' [1][0] OK
C:[04/08/2014 10:31:03.15][186.88.108.140][1151] SELECT c_asigna FROM dace004 WHERE exp_e='11-24037113' AND c_asigna='342444' AND status IN ('0','3','B','C') [1][0] OK
C:[04/08/2014 10:31:03.90][186.88.108.140][1182] SELECT par_cod_asig1,par_cod_asig2,par_cod_asig3 FROM tblaca009 WHERE pensum='5' AND c_uni_ca='6' AND c_asigna='342559' [1][0] OK
C:[04/08/2014 10:31:03.90][186.88.108.140][1182] SELECT par_cod_asig1,par_cod_asig2,par_cod_asig3 FROM tblaca009 WHERE pensum='5' AND c_uni_ca='6' AND c_asigna='342567' [1][0] OK
C:[04/08/2014 10:31:03.17][186.88.108.140][1312] SELECT horas_lab FROM tblaca008 WHERE c_asigna='342559' AND horas_teoricas > 0 [1][0] OK
C:[04/08/2014 10:31:03.17][186.88.108.140][1312] SELECT horas_lab FROM tblaca008 WHERE c_asigna='342567' AND horas_teoricas > 0 [1][0] OK
C:[04/08/2014 10:33:15.28][186.167.243.238][1138] SELECT pre_cod_asig1,pre_cod_asig2,pre_cod_asig3,pre_cod_asig4,pre_cod_asig5,pre_cod_asig6,pre_cod_asig7 FROM tblaca009 WHERE pensum='5' AND c_uni_ca='3' AND c_asigna='311100' [1][0] OK
C:[04/08/2014 10:33:15.28][186.167.243.238][1138] SELECT pre_cod_asig1,pre_cod_asig2,pre_cod_asig3,pre_cod_asig4,pre_cod_asig5,pre_cod_asig6,pre_cod_asig7 FROM tblaca009 WHERE pensum='5' AND c_uni_ca='3' AND c_asigna='311094' [1][0] OK
C:[04/08/2014 10:33:15.28][186.167.243.238][1151] SELECT c_asigna FROM dace004 WHERE exp_e='09-19159161' AND c_asigna='311822' AND status IN ('0','3','B','C') [1][0] OK
C:[04/08/2014 10:33:15.28][186.167.243.238][1151] SELECT c_asigna FROM dace004 WHERE exp_e='09-19159161' AND c_asigna='311823' AND status IN ('0','3','B','C') [1][0] OK
C:[04/08/2014 10:33:15.28][186.167.243.238][1138] SELECT pre_cod_asig1,pre_cod_asig2,pre_cod_asig3,pre_cod_asig4,pre_cod_asig5,pre_cod_asig6,pre_cod_asig7 FROM tblaca009 WHERE pensum='5' AND c_uni_ca='3' AND c_asigna='311934' [1][0] OK
C:[04/08/2014 10:33:15.28][186.167.243.238][1151] SELECT c_asigna FROM dace004 WHERE exp_e='09-19159161' AND c_asigna='311826' AND status IN ('0','3','B','C') [1][0] OK
C:[04/08/2014 10:33:15.28][186.167.243.238][1151] SELECT c_asigna FROM dace004 WHERE exp_e='09-19159161' AND c_asigna='311827' AND status IN ('0','3','B','C') [1][0] OK
C:[04/08/2014 10:33:15.40][186.167.243.238][1182] SELECT par_cod_asig1,par_cod_asig2,par_cod_asig3 FROM tblaca009 WHERE pensum='5' AND c_uni_ca='3' AND c_asigna='311100' [1][0] OK
C:[04/08/2014 10:33:15.40][186.167.243.238][1182] SELECT par_cod_asig1,par_cod_asig2,par_cod_asig3 FROM tblaca009 WHERE pensum='5' AND c_uni_ca='3' AND c_asigna='311094' [1][0] OK
C:[04/08/2014 10:33:15.40][186.167.243.238][1182] SELECT par_cod_asig1,par_cod_asig2,par_cod_asig3 FROM tblaca009 WHERE pensum='5' AND c_uni_ca='3' AND c_asigna='311934' [1][0] OK
C:[04/08/2014 10:33:15.79][186.167.243.238][1312] SELECT horas_lab FROM tblaca008 WHERE c_asigna='311100' AND horas_teoricas > 0 [1][0] OK
C:[04/08/2014 10:33:15.79][186.167.243.238][1312] SELECT horas_lab FROM tblaca008 WHERE c_asigna='311094' AND horas_teoricas > 0 [1][0] OK
C:[04/08/2014 10:33:15.79][186.167.243.238][1312] SELECT horas_lab FROM tblaca008 WHERE c_asigna='311934' AND horas_teoricas > 0 [1][0] OK
C:[04/08/2014 10:35:27.30][186.94.81.28][1138] SELECT pre_cod_asig1,pre_cod_asig2,pre_cod_asig3,pre_cod_asig4,pre_cod_asig5,pre_cod_asig6,pre_cod_asig7 FROM tblaca009 WHERE pensum='5' AND c_uni_ca='5' AND c_asigna='351330' [1][0] OK
C:[04/08/2014 10:35:27.30][186.94.81.28][1151] SELECT c_asigna FROM dace004 WHERE exp_e='12-24412250' AND c_asigna='300218' AND status IN ('0','3','B','C') [1][0] OK
C:[04/08/2014 10:35:27.30][186.94.81.28][1138] SELECT pre_cod_asig1,pre_cod_asig2,pre_cod_asig3,pre_cod_asig4,pre_cod_asig5,pre_cod_asig6,pre_cod_asig7 FROM tblaca009 WHERE pensum='5' AND c_uni_ca='5' AND c_asigna='300428' [1][0] OK
C:[04/08/2014 10:35:27.30][186.94.81.28][1151] SELECT c_asigna FROM dace004 WHERE exp_e='12-24412250' AND c_asigna='300317' AND status IN ('0','3','B','C') [1][0] OK
C:[04/08/2014 10:35:27.30][186.94.81.28][1151] SELECT c_asigna FROM dace004 WHERE exp_e='12-24412250' AND c_asigna='300209' AND status IN ('0','3','B','C') [1][0] OK
C:[04/08/2014 10:35:27.30][186.94.81.28][1138] SELECT pre_cod_asig1,pre_cod_asig2,pre_cod_asig3,pre_cod_asig4,pre_cod_asig5,pre_cod_asig6,pre_cod_asig7 FROM tblaca009 WHERE pensum='5' AND c_uni_ca='5' AND c_asigna='352440' [1][0] OK
C:[04/08/2014 10:35:27.30][186.94.81.28][1151] SELECT c_asigna FROM dace004 WHERE exp_e='12-24412250' AND c_asigna='300317' AND status IN ('0','3','B','C') [1][0] OK
C:[04/08/2014 10:35:27.30][186.94.81.28][1151] SELECT c_asigna FROM dace004 WHERE exp_e='12-24412250' AND c_asigna='300013' AND status IN ('0','3','B','C') [1][0] OK
C:[04/08/2014 10:35:27.30][186.94.81.28][1151] SELECT c_asigna FROM dace004 WHERE exp_e='12-24412250' AND c_asigna='300113' AND status IN ('0','3','B','C') [1][0] OK
C:[04/08/2014 10:35:28.63][186.94.81.28][1182] SELECT par_cod_asig1,par_cod_asig2,par_cod_asig3 FROM tblaca009 WHERE pensum='5' AND c_uni_ca='5' AND c_asigna='351330' [1][0] OK
C:[04/08/2014 10:35:28.63][186.94.81.28][1196] SELECT c_asigna FROM dace004 WHERE exp_e='12-24412250' AND c_asigna='300318' AND status IN ('0','3','B','C') [1][0] OK
C:[04/08/2014 10:35:28.63][186.94.81.28][1196] SELECT c_asigna FROM dace004 WHERE exp_e='12-24412250' AND c_asigna='300317' AND status IN ('0','3','B','C') [1][0] OK
C:[04/08/2014 10:35:28.63][186.94.81.28][1182] SELECT par_cod_asig1,par_cod_asig2,par_cod_asig3 FROM tblaca009 WHERE pensum='5' AND c_uni_ca='5' AND c_asigna='300428' [1][0] OK
C:[04/08/2014 10:35:28.63][186.94.81.28][1182] SELECT par_cod_asig1,par_cod_asig2,par_cod_asig3 FROM tblaca009 WHERE pensum='5' AND c_uni_ca='5' AND c_asigna='352440' [1][0] OK
C:[04/08/2014 10:35:28.94][186.94.81.28][1312] SELECT horas_lab FROM tblaca008 WHERE c_asigna='351330' AND horas_teoricas > 0 [1][0] OK
C:[04/08/2014 10:35:28.94][186.94.81.28][1312] SELECT horas_lab FROM tblaca008 WHERE c_asigna='300428' AND horas_teoricas > 0 [1][0] OK
C:[04/08/2014 10:35:28.94][186.94.81.28][1312] SELECT horas_lab FROM tblaca008 WHERE c_asigna='352440' AND horas_teoricas > 0 [1][0] OK
C:[04/08/2014 10:36:03.06][186.94.59.108][1138] SELECT pre_cod_asig1,pre_cod_asig2,pre_cod_asig3,pre_cod_asig4,pre_cod_asig5,pre_cod_asig6,pre_cod_asig7 FROM tblaca009 WHERE pensum='5' AND c_uni_ca='3' AND c_asigna='311430' [1][0] OK
C:[04/08/2014 10:36:03.06][186.94.59.108][1151] SELECT c_asigna FROM dace004 WHERE exp_e='09-20224344' AND c_asigna='300317' AND status IN ('0','3','B','C') [1][0] OK
C:[04/08/2014 10:36:03.06][186.94.59.108][1151] SELECT c_asigna FROM dace004 WHERE exp_e='09-20224344' AND c_asigna='300318' AND status IN ('0','3','B','C') [1][0] OK
C:[04/08/2014 10:36:03.06][186.94.59.108][1151] SELECT c_asigna FROM dace004 WHERE exp_e='09-20224344' AND c_asigna='300313' AND status IN ('0','3','B','C') [1][0] OK
C:[04/08/2014 10:36:03.06][186.94.59.108][1151] SELECT c_asigna FROM dace004 WHERE exp_e='09-20224344' AND c_asigna='300222' AND status IN ('0','3','B','C') [1][0] OK
C:[04/08/2014 10:36:03.06][186.94.59.108][1151] SELECT c_asigna FROM dace004 WHERE exp_e='09-20224344' AND c_asigna='300226' AND status IN ('0','3','B','C') [1][0] OK
C:[04/08/2014 10:36:03.06][186.94.59.108][1151] SELECT c_asigna FROM dace004 WHERE exp_e='09-20224344' AND c_asigna='300209' AND status IN ('0','3','B','C') [1][0] OK
C:[04/08/2014 10:36:03.06][186.94.59.108][1138] SELECT pre_cod_asig1,pre_cod_asig2,pre_cod_asig3,pre_cod_asig4,pre_cod_asig5,pre_cod_asig6,pre_cod_asig7 FROM tblaca009 WHERE pensum='5' AND c_uni_ca='3' AND c_asigna='311431' [1][0] OK
C:[04/08/2014 10:36:03.06][186.94.59.108][1151] SELECT c_asigna FROM dace004 WHERE exp_e='09-20224344' AND c_asigna='311320' AND status IN ('0','3','B','C') [1][0] OK
C:[04/08/2014 10:36:03.06][186.94.59.108][1151] SELECT c_asigna FROM dace004 WHERE exp_e='09-20224344' AND c_asigna='300013' AND status IN ('0','3','B','C') [1][0] OK
C:[04/08/2014 10:36:03.06][186.94.59.108][1151] SELECT c_asigna FROM dace004 WHERE exp_e='09-20224344' AND c_asigna='300113' AND status IN ('0','3','B','C') [1][0] OK
C:[04/08/2014 10:36:03.06][186.94.59.108][1151] SELECT c_asigna FROM dace004 WHERE exp_e='09-20224344' AND c_asigna='300222' AND status IN ('0','3','B','C') [1][0] OK
C:[04/08/2014 10:36:03.06][186.94.59.108][1151] SELECT c_asigna FROM dace004 WHERE exp_e='09-20224344' AND c_asigna='300226' AND status IN ('0','3','B','C') [1][0] OK
C:[04/08/2014 10:36:03.06][186.94.59.108][1151] SELECT c_asigna FROM dace004 WHERE exp_e='09-20224344' AND c_asigna='300209' AND status IN ('0','3','B','C') [1][0] OK
C:[04/08/2014 10:36:03.06][186.94.59.108][1138] SELECT pre_cod_asig1,pre_cod_asig2,pre_cod_asig3,pre_cod_asig4,pre_cod_asig5,pre_cod_asig6,pre_cod_asig7 FROM tblaca009 WHERE pensum='5' AND c_uni_ca='3' AND c_asigna='311554' [1][0] OK
C:[04/08/2014 10:36:03.06][186.94.59.108][1151] SELECT c_asigna FROM dace004 WHERE exp_e='09-20224344' AND c_asigna='300318' AND status IN ('0','3','B','C') [1][0] OK
C:[04/08/2014 10:36:03.06][186.94.59.108][1151] SELECT c_asigna FROM dace004 WHERE exp_e='09-20224344' AND c_asigna='300428' AND status IN ('0','3','B','C') [1][0] OK
C:[04/08/2014 10:36:04.43][186.94.59.108][1182] SELECT par_cod_asig1,par_cod_asig2,par_cod_asig3 FROM tblaca009 WHERE pensum='5' AND c_uni_ca='3' AND c_asigna='311430' [1][0] OK
C:[04/08/2014 10:36:04.43][186.94.59.108][1182] SELECT par_cod_asig1,par_cod_asig2,par_cod_asig3 FROM tblaca009 WHERE pensum='5' AND c_uni_ca='3' AND c_asigna='311431' [1][0] OK
C:[04/08/2014 10:36:04.43][186.94.59.108][1196] SELECT c_asigna FROM dace004 WHERE exp_e='09-20224344' AND c_asigna='311430' AND status IN ('0','3','B','C') [0][0] OK
C:[04/08/2014 10:36:04.43][186.94.59.108][1182] SELECT par_cod_asig1,par_cod_asig2,par_cod_asig3 FROM tblaca009 WHERE pensum='5' AND c_uni_ca='3' AND c_asigna='311554' [1][0] OK
C:[04/08/2014 10:36:04.96][186.94.59.108][1312] SELECT horas_lab FROM tblaca008 WHERE c_asigna='311430' AND horas_teoricas > 0 [1][0] OK
C:[04/08/2014 10:36:04.96][186.94.59.108][1312] SELECT horas_lab FROM tblaca008 WHERE c_asigna='311431' AND horas_teoricas > 0 [1][0] OK
C:[04/08/2014 10:36:04.96][186.94.59.108][1312] SELECT horas_lab FROM tblaca008 WHERE c_asigna='311554' AND horas_teoricas > 0 [1][0] OK
C:[04/08/2014 10:38:27.42][186.90.41.222][1138] SELECT pre_cod_asig1,pre_cod_asig2,pre_cod_asig3,pre_cod_asig4,pre_cod_asig5,pre_cod_asig6,pre_cod_asig7 FROM tblaca009 WHERE pensum='5' AND c_uni_ca='6' AND c_asigna='344715' [1][0] OK
C:[04/08/2014 10:38:27.42][186.90.41.222][1151] SELECT c_asigna FROM dace004 WHERE exp_e='09-20507287' AND c_asigna='344688' AND status IN ('0','3','B','C') [1][0] OK
C:[04/08/2014 10:38:27.42][186.90.41.222][1151] SELECT c_asigna FROM dace004 WHERE exp_e='09-20507287' AND c_asigna='344613' AND status IN ('0','3','B','C') [1][0] OK
C:[04/08/2014 10:38:27.42][186.90.41.222][1138] SELECT pre_cod_asig1,pre_cod_asig2,pre_cod_asig3,pre_cod_asig4,pre_cod_asig5,pre_cod_asig6,pre_cod_asig7 FROM tblaca009 WHERE pensum='5' AND c_uni_ca='6' AND c_asigna='344742' [1][0] OK
C:[04/08/2014 10:38:27.42][186.90.41.222][1151] SELECT c_asigna FROM dace004 WHERE exp_e='09-20507287' AND c_asigna='344688' AND status IN ('0','3','B','C') [1][0] OK
C:[04/08/2014 10:38:27.42][186.90.41.222][1151] SELECT c_asigna FROM dace004 WHERE exp_e='09-20507287' AND c_asigna='342679' AND status IN ('0','3','B','C') [1][0] OK
C:[04/08/2014 10:38:28.98][186.90.41.222][1182] SELECT par_cod_asig1,par_cod_asig2,par_cod_asig3 FROM tblaca009 WHERE pensum='5' AND c_uni_ca='6' AND c_asigna='344715' [1][0] OK
C:[04/08/2014 10:38:28.98][186.90.41.222][1182] SELECT par_cod_asig1,par_cod_asig2,par_cod_asig3 FROM tblaca009 WHERE pensum='5' AND c_uni_ca='6' AND c_asigna='344742' [1][0] OK
C:[04/08/2014 10:38:28.24][186.90.41.222][1312] SELECT horas_lab FROM tblaca008 WHERE c_asigna='344715' AND horas_teoricas > 0 [1][0] OK
C:[04/08/2014 10:38:28.24][186.90.41.222][1312] SELECT horas_lab FROM tblaca008 WHERE c_asigna='344742' AND horas_teoricas > 0 [1][0] OK
C:[04/08/2014 10:39:28.88][186.94.81.28][1138] SELECT pre_cod_asig1,pre_cod_asig2,pre_cod_asig3,pre_cod_asig4,pre_cod_asig5,pre_cod_asig6,pre_cod_asig7 FROM tblaca009 WHERE pensum='5' AND c_uni_ca='2' AND c_asigna='322826' [1][0] OK
C:[04/08/2014 10:39:28.88][186.94.81.28][1151] SELECT c_asigna FROM dace004 WHERE exp_e='08-19621632' AND c_asigna='322702' AND status IN ('0','3','B','C') [1][0] OK
C:[04/08/2014 10:39:28.38][186.94.81.28][1182] SELECT par_cod_asig1,par_cod_asig2,par_cod_asig3 FROM tblaca009 WHERE pensum='5' AND c_uni_ca='2' AND c_asigna='322826' [1][0] OK
C:[04/08/2014 10:39:28.52][186.94.81.28][1312] SELECT horas_lab FROM tblaca008 WHERE c_asigna='322826' AND horas_teoricas > 0 [1][0] OK
C:[04/08/2014 10:40:02.54][190.202.81.200][1138] SELECT pre_cod_asig1,pre_cod_asig2,pre_cod_asig3,pre_cod_asig4,pre_cod_asig5,pre_cod_asig6,pre_cod_asig7 FROM tblaca009 WHERE pensum='5' AND c_uni_ca='3' AND c_asigna='311673' [1][0] OK
C:[04/08/2014 10:40:02.54][190.202.81.200][1151] SELECT c_asigna FROM dace004 WHERE exp_e='12-18806107' AND c_asigna='311551' AND status IN ('0','3','B','C') [1][0] OK
C:[04/08/2014 10:40:02.54][190.202.81.200][1151] SELECT c_asigna FROM dace004 WHERE exp_e='12-18806107' AND c_asigna='311554' AND status IN ('0','3','B','C') [1][0] OK
C:[04/08/2014 10:40:02.54][190.202.81.200][1151] SELECT c_asigna FROM dace004 WHERE exp_e='12-18806107' AND c_asigna='311320' AND status IN ('0','3','B','C') [1][0] OK
C:[04/08/2014 10:40:02.54][190.202.81.200][1138] SELECT pre_cod_asig1,pre_cod_asig2,pre_cod_asig3,pre_cod_asig4,pre_cod_asig5,pre_cod_asig6,pre_cod_asig7 FROM tblaca009 WHERE pensum='5' AND c_uni_ca='3' AND c_asigna='311674' [1][0] OK
C:[04/08/2014 10:40:02.54][190.202.81.200][1151] SELECT c_asigna FROM dace004 WHERE exp_e='12-18806107' AND c_asigna='310548' AND status IN ('0','3','B','C') [1][0] OK
C:[04/08/2014 10:40:02.54][190.202.81.200][1151] SELECT c_asigna FROM dace004 WHERE exp_e='12-18806107' AND c_asigna='311551' AND status IN ('0','3','B','C') [1][0] OK
C:[04/08/2014 10:40:02.54][190.202.81.200][1151] SELECT c_asigna FROM dace004 WHERE exp_e='12-18806107' AND c_asigna='311320' AND status IN ('0','3','B','C') [1][0] OK
C:[04/08/2014 10:40:03.36][190.202.81.200][1182] SELECT par_cod_asig1,par_cod_asig2,par_cod_asig3 FROM tblaca009 WHERE pensum='5' AND c_uni_ca='3' AND c_asigna='311673' [1][0] OK
C:[04/08/2014 10:40:03.36][190.202.81.200][1182] SELECT par_cod_asig1,par_cod_asig2,par_cod_asig3 FROM tblaca009 WHERE pensum='5' AND c_uni_ca='3' AND c_asigna='311674' [1][0] OK
C:[04/08/2014 10:40:03.62][190.202.81.200][1312] SELECT horas_lab FROM tblaca008 WHERE c_asigna='311673' AND horas_teoricas > 0 [1][0] OK
C:[04/08/2014 10:40:03.62][190.202.81.200][1312] SELECT horas_lab FROM tblaca008 WHERE c_asigna='311674' AND horas_teoricas > 0 [1][0] OK
C:[04/08/2014 10:40:51.41][190.198.87.44][1138] SELECT pre_cod_asig1,pre_cod_asig2,pre_cod_asig3,pre_cod_asig4,pre_cod_asig5,pre_cod_asig6,pre_cod_asig7 FROM tblaca009 WHERE pensum='5' AND c_uni_ca='5' AND c_asigna='300870' [1][0] OK
C:[04/08/2014 10:40:51.79][190.198.87.44][1182] SELECT par_cod_asig1,par_cod_asig2,par_cod_asig3 FROM tblaca009 WHERE pensum='5' AND c_uni_ca='5' AND c_asigna='300870' [1][0] OK
C:[04/08/2014 10:40:51.92][190.198.87.44][1312] SELECT horas_lab FROM tblaca008 WHERE c_asigna='300870' AND horas_teoricas > 0 [1][0] OK
C:[04/08/2014 10:45:03.20][186.94.81.28][1138] SELECT pre_cod_asig1,pre_cod_asig2,pre_cod_asig3,pre_cod_asig4,pre_cod_asig5,pre_cod_asig6,pre_cod_asig7 FROM tblaca009 WHERE pensum='5' AND c_uni_ca='5' AND c_asigna='351330' [1][0] OK
C:[04/08/2014 10:45:03.20][186.94.81.28][1151] SELECT c_asigna FROM dace004 WHERE exp_e='12-25277487' AND c_asigna='300218' AND status IN ('0','3','B','C') [1][0] OK
C:[04/08/2014 10:45:03.20][186.94.81.28][1138] SELECT pre_cod_asig1,pre_cod_asig2,pre_cod_asig3,pre_cod_asig4,pre_cod_asig5,pre_cod_asig6,pre_cod_asig7 FROM tblaca009 WHERE pensum='5' AND c_uni_ca='5' AND c_asigna='300428' [1][0] OK
C:[04/08/2014 10:45:03.20][186.94.81.28][1151] SELECT c_asigna FROM dace004 WHERE exp_e='12-25277487' AND c_asigna='300317' AND status IN ('0','3','B','C') [1][0] OK
C:[04/08/2014 10:45:03.20][186.94.81.28][1151] SELECT c_asigna FROM dace004 WHERE exp_e='12-25277487' AND c_asigna='300209' AND status IN ('0','3','B','C') [1][0] OK
C:[04/08/2014 10:45:03.08][186.94.81.28][1182] SELECT par_cod_asig1,par_cod_asig2,par_cod_asig3 FROM tblaca009 WHERE pensum='5' AND c_uni_ca='5' AND c_asigna='351330' [1][0] OK
C:[04/08/2014 10:45:03.08][186.94.81.28][1196] SELECT c_asigna FROM dace004 WHERE exp_e='12-25277487' AND c_asigna='300318' AND status IN ('0','3','B','C') [1][0] OK
C:[04/08/2014 10:45:03.08][186.94.81.28][1196] SELECT c_asigna FROM dace004 WHERE exp_e='12-25277487' AND c_asigna='300317' AND status IN ('0','3','B','C') [1][0] OK
C:[04/08/2014 10:45:03.08][186.94.81.28][1182] SELECT par_cod_asig1,par_cod_asig2,par_cod_asig3 FROM tblaca009 WHERE pensum='5' AND c_uni_ca='5' AND c_asigna='300428' [1][0] OK
C:[04/08/2014 10:45:03.15][186.94.81.28][1312] SELECT horas_lab FROM tblaca008 WHERE c_asigna='351330' AND horas_teoricas > 0 [1][0] OK
C:[04/08/2014 10:45:03.15][186.94.81.28][1312] SELECT horas_lab FROM tblaca008 WHERE c_asigna='300428' AND horas_teoricas > 0 [1][0] OK
C:[04/08/2014 10:48:02.81][186.95.75.211][1138] SELECT pre_cod_asig1,pre_cod_asig2,pre_cod_asig3,pre_cod_asig4,pre_cod_asig5,pre_cod_asig6,pre_cod_asig7 FROM tblaca009 WHERE pensum='5' AND c_uni_ca='3' AND c_asigna='311094' [1][0] OK
C:[04/08/2014 10:48:02.81][186.95.75.211][1151] SELECT c_asigna FROM dace004 WHERE exp_e='02-16391964' AND c_asigna='311822' AND status IN ('0','3','B','C') [1][0] OK
C:[04/08/2014 10:48:02.81][186.95.75.211][1151] SELECT c_asigna FROM dace004 WHERE exp_e='02-16391964' AND c_asigna='311823' AND status IN ('0','3','B','C') [1][0] OK
C:[04/08/2014 10:48:02.81][186.95.75.211][1138] SELECT pre_cod_asig1,pre_cod_asig2,pre_cod_asig3,pre_cod_asig4,pre_cod_asig5,pre_cod_asig6,pre_cod_asig7 FROM tblaca009 WHERE pensum='5' AND c_uni_ca='3' AND c_asigna='311100' [1][0] OK
C:[04/08/2014 10:48:02.81][186.95.75.211][1138] SELECT pre_cod_asig1,pre_cod_asig2,pre_cod_asig3,pre_cod_asig4,pre_cod_asig5,pre_cod_asig6,pre_cod_asig7 FROM tblaca009 WHERE pensum='5' AND c_uni_ca='3' AND c_asigna='311986' [1][0] OK
C:[04/08/2014 10:48:02.81][186.95.75.211][1151] SELECT c_asigna FROM dace004 WHERE exp_e='02-16391964' AND c_asigna='311825' AND status IN ('0','3','B','C') [1][0] OK
C:[04/08/2014 10:48:02.82][186.95.75.211][1182] SELECT par_cod_asig1,par_cod_asig2,par_cod_asig3 FROM tblaca009 WHERE pensum='5' AND c_uni_ca='3' AND c_asigna='311094' [1][0] OK
C:[04/08/2014 10:48:02.82][186.95.75.211][1182] SELECT par_cod_asig1,par_cod_asig2,par_cod_asig3 FROM tblaca009 WHERE pensum='5' AND c_uni_ca='3' AND c_asigna='311100' [1][0] OK
C:[04/08/2014 10:48:02.82][186.95.75.211][1182] SELECT par_cod_asig1,par_cod_asig2,par_cod_asig3 FROM tblaca009 WHERE pensum='5' AND c_uni_ca='3' AND c_asigna='311986' [1][0] OK
C:[04/08/2014 10:48:02.20][186.95.75.211][1312] SELECT horas_lab FROM tblaca008 WHERE c_asigna='311094' AND horas_teoricas > 0 [1][0] OK
C:[04/08/2014 10:48:02.20][186.95.75.211][1312] SELECT horas_lab FROM tblaca008 WHERE c_asigna='311100' AND horas_teoricas > 0 [1][0] OK
C:[04/08/2014 10:48:02.20][186.95.75.211][1312] SELECT horas_lab FROM tblaca008 WHERE c_asigna='311986' AND horas_teoricas > 0 [1][0] OK
C:[04/08/2014 10:48:05.27][186.94.81.61][1138] SELECT pre_cod_asig1,pre_cod_asig2,pre_cod_asig3,pre_cod_asig4,pre_cod_asig5,pre_cod_asig6,pre_cod_asig7 FROM tblaca009 WHERE pensum='5' AND c_uni_ca='3' AND c_asigna='311673' [1][0] OK
C:[04/08/2014 10:48:05.27][186.94.81.61][1151] SELECT c_asigna FROM dace004 WHERE exp_e='98-14986208' AND c_asigna='311551' AND status IN ('0','3','B','C') [1][0] OK
C:[04/08/2014 10:48:05.27][186.94.81.61][1151] SELECT c_asigna FROM dace004 WHERE exp_e='98-14986208' AND c_asigna='311554' AND status IN ('0','3','B','C') [1][0] OK
C:[04/08/2014 10:48:05.27][186.94.81.61][1151] SELECT c_asigna FROM dace004 WHERE exp_e='98-14986208' AND c_asigna='311320' AND status IN ('0','3','B','C') [1][0] OK
C:[04/08/2014 10:48:05.27][186.94.81.61][1138] SELECT pre_cod_asig1,pre_cod_asig2,pre_cod_asig3,pre_cod_asig4,pre_cod_asig5,pre_cod_asig6,pre_cod_asig7 FROM tblaca009 WHERE pensum='5' AND c_uni_ca='3' AND c_asigna='311704' [1][0] OK
C:[04/08/2014 10:48:05.27][186.94.81.61][1151] SELECT c_asigna FROM dace004 WHERE exp_e='98-14986208' AND c_asigna='315671' AND status IN ('0','3','B','C') [1][0] OK
C:[04/08/2014 10:48:06.03][186.94.81.61][1182] SELECT par_cod_asig1,par_cod_asig2,par_cod_asig3 FROM tblaca009 WHERE pensum='5' AND c_uni_ca='3' AND c_asigna='311673' [1][0] OK
C:[04/08/2014 10:48:06.03][186.94.81.61][1182] SELECT par_cod_asig1,par_cod_asig2,par_cod_asig3 FROM tblaca009 WHERE pensum='5' AND c_uni_ca='3' AND c_asigna='311704' [1][0] OK
C:[04/08/2014 10:48:06.29][186.94.81.61][1312] SELECT horas_lab FROM tblaca008 WHERE c_asigna='311673' AND horas_teoricas > 0 [1][0] OK
C:[04/08/2014 10:48:06.29][186.94.81.61][1312] SELECT horas_lab FROM tblaca008 WHERE c_asigna='311704' AND horas_teoricas > 0 [1][0] OK
C:[04/08/2014 10:48:32.94][186.94.81.28][1138] SELECT pre_cod_asig1,pre_cod_asig2,pre_cod_asig3,pre_cod_asig4,pre_cod_asig5,pre_cod_asig6,pre_cod_asig7 FROM tblaca009 WHERE pensum='5' AND c_uni_ca='4' AND c_asigna='300207' [1][0] OK
C:[04/08/2014 10:48:32.94][186.94.81.28][1151] SELECT c_asigna FROM dace004 WHERE exp_e='12-25445739' AND c_asigna='300101' AND status IN ('0','3','B','C') [1][0] OK
C:[04/08/2014 10:48:32.88][186.94.81.28][1182] SELECT par_cod_asig1,par_cod_asig2,par_cod_asig3 FROM tblaca009 WHERE pensum='5' AND c_uni_ca='4' AND c_asigna='300207' [1][0] OK
C:[04/08/2014 10:48:32.02][186.94.81.28][1312] SELECT horas_lab FROM tblaca008 WHERE c_asigna='300207' AND horas_teoricas > 0 [1][0] OK
C:[04/08/2014 10:54:42.62][190.75.167.81][1138] SELECT pre_cod_asig1,pre_cod_asig2,pre_cod_asig3,pre_cod_asig4,pre_cod_asig5,pre_cod_asig6,pre_cod_asig7 FROM tblaca009 WHERE pensum='5' AND c_uni_ca='6' AND c_asigna='300207' [1][0] OK
C:[04/08/2014 10:54:42.62][190.75.167.81][1151] SELECT c_asigna FROM dace004 WHERE exp_e='13-25003815' AND c_asigna='300101' AND status IN ('0','3','B','C') [1][0] OK
C:[04/08/2014 10:54:42.62][190.75.167.81][1138] SELECT pre_cod_asig1,pre_cod_asig2,pre_cod_asig3,pre_cod_asig4,pre_cod_asig5,pre_cod_asig6,pre_cod_asig7 FROM tblaca009 WHERE pensum='5' AND c_uni_ca='6' AND c_asigna='300213' [1][0] OK
C:[04/08/2014 10:54:42.62][190.75.167.81][1151] SELECT c_asigna FROM dace004 WHERE exp_e='13-25003815' AND c_asigna='300101' AND status IN ('0','3','B','C') [1][0] OK
C:[04/08/2014 10:54:42.37][190.75.167.81][1182] SELECT par_cod_asig1,par_cod_asig2,par_cod_asig3 FROM tblaca009 WHERE pensum='5' AND c_uni_ca='6' AND c_asigna='300207' [1][0] OK
C:[04/08/2014 10:54:42.37][190.75.167.81][1182] SELECT par_cod_asig1,par_cod_asig2,par_cod_asig3 FROM tblaca009 WHERE pensum='5' AND c_uni_ca='6' AND c_asigna='300213' [1][0] OK
C:[04/08/2014 10:54:42.37][190.75.167.81][1196] SELECT c_asigna FROM dace004 WHERE exp_e='13-25003815' AND c_asigna='300209' AND status IN ('0','3','B','C') [1][0] OK
C:[04/08/2014 10:54:42.76][190.75.167.81][1312] SELECT horas_lab FROM tblaca008 WHERE c_asigna='300207' AND horas_teoricas > 0 [1][0] OK
C:[04/08/2014 10:54:42.76][190.75.167.81][1312] SELECT horas_lab FROM tblaca008 WHERE c_asigna='300213' AND horas_teoricas > 0 [1][0] OK
C:[04/08/2014 10:56:22.76][200.62.19.36][1138] SELECT pre_cod_asig1,pre_cod_asig2,pre_cod_asig3,pre_cod_asig4,pre_cod_asig5,pre_cod_asig6,pre_cod_asig7 FROM tblaca009 WHERE pensum='5' AND c_uni_ca='5' AND c_asigna='351330' [1][0] OK
C:[04/08/2014 10:56:22.76][200.62.19.36][1151] SELECT c_asigna FROM dace004 WHERE exp_e='11-21123533' AND c_asigna='300218' AND status IN ('0','3','B','C') [1][0] OK
C:[04/08/2014 10:56:22.76][200.62.19.36][1138] SELECT pre_cod_asig1,pre_cod_asig2,pre_cod_asig3,pre_cod_asig4,pre_cod_asig5,pre_cod_asig6,pre_cod_asig7 FROM tblaca009 WHERE pensum='5' AND c_uni_ca='5' AND c_asigna='300428' [1][0] OK
C:[04/08/2014 10:56:22.76][200.62.19.36][1151] SELECT c_asigna FROM dace004 WHERE exp_e='11-21123533' AND c_asigna='300317' AND status IN ('0','3','B','C') [1][0] OK
C:[04/08/2014 10:56:22.76][200.62.19.36][1151] SELECT c_asigna FROM dace004 WHERE exp_e='11-21123533' AND c_asigna='300209' AND status IN ('0','3','B','C') [1][0] OK
C:[04/08/2014 10:56:22.64][200.62.19.36][1182] SELECT par_cod_asig1,par_cod_asig2,par_cod_asig3 FROM tblaca009 WHERE pensum='5' AND c_uni_ca='5' AND c_asigna='351330' [1][0] OK
C:[04/08/2014 10:56:22.64][200.62.19.36][1196] SELECT c_asigna FROM dace004 WHERE exp_e='11-21123533' AND c_asigna='300318' AND status IN ('0','3','B','C') [1][0] OK
C:[04/08/2014 10:56:22.64][200.62.19.36][1196] SELECT c_asigna FROM dace004 WHERE exp_e='11-21123533' AND c_asigna='300317' AND status IN ('0','3','B','C') [1][0] OK
C:[04/08/2014 10:56:22.64][200.62.19.36][1182] SELECT par_cod_asig1,par_cod_asig2,par_cod_asig3 FROM tblaca009 WHERE pensum='5' AND c_uni_ca='5' AND c_asigna='300428' [1][0] OK
C:[04/08/2014 10:56:22.15][200.62.19.36][1312] SELECT horas_lab FROM tblaca008 WHERE c_asigna='351330' AND horas_teoricas > 0 [1][0] OK
C:[04/08/2014 10:56:22.15][200.62.19.36][1312] SELECT horas_lab FROM tblaca008 WHERE c_asigna='300428' AND horas_teoricas > 0 [1][0] OK
C:[04/08/2014 11:00:16.68][200.84.82.246][1138] SELECT pre_cod_asig1,pre_cod_asig2,pre_cod_asig3,pre_cod_asig4,pre_cod_asig5,pre_cod_asig6,pre_cod_asig7 FROM tblaca009 WHERE pensum='5' AND c_uni_ca='5' AND c_asigna='355720' [1][0] OK
C:[04/08/2014 11:00:16.68][200.84.82.246][1151] SELECT c_asigna FROM dace004 WHERE exp_e='09-24039065' AND c_asigna='355692' AND status IN ('0','3','B','C') [1][0] OK
C:[04/08/2014 11:00:16.68][200.84.82.246][1151] SELECT c_asigna FROM dace004 WHERE exp_e='09-24039065' AND c_asigna='355696' AND status IN ('0','3','B','C') [1][0] OK
C:[04/08/2014 11:00:16.68][200.84.82.246][1138] SELECT pre_cod_asig1,pre_cod_asig2,pre_cod_asig3,pre_cod_asig4,pre_cod_asig5,pre_cod_asig6,pre_cod_asig7 FROM tblaca009 WHERE pensum='5' AND c_uni_ca='5' AND c_asigna='354852' [1][0] OK
C:[04/08/2014 11:00:16.87][200.84.82.246][1182] SELECT par_cod_asig1,par_cod_asig2,par_cod_asig3 FROM tblaca009 WHERE pensum='5' AND c_uni_ca='5' AND c_asigna='355720' [1][0] OK
C:[04/08/2014 11:00:16.87][200.84.82.246][1182] SELECT par_cod_asig1,par_cod_asig2,par_cod_asig3 FROM tblaca009 WHERE pensum='5' AND c_uni_ca='5' AND c_asigna='354852' [1][0] OK
C:[04/08/2014 11:00:16.13][200.84.82.246][1312] SELECT horas_lab FROM tblaca008 WHERE c_asigna='355720' AND horas_teoricas > 0 [1][0] OK
C:[04/08/2014 11:00:16.13][200.84.82.246][1312] SELECT horas_lab FROM tblaca008 WHERE c_asigna='354852' AND horas_teoricas > 0 [1][0] OK
C:[04/08/2014 11:00:20.39][186.94.81.28][1138] SELECT pre_cod_asig1,pre_cod_asig2,pre_cod_asig3,pre_cod_asig4,pre_cod_asig5,pre_cod_asig6,pre_cod_asig7 FROM tblaca009 WHERE pensum='5' AND c_uni_ca='6' AND c_asigna='300222' [1][0] OK
C:[04/08/2014 11:00:20.39][186.94.81.28][1151] SELECT c_asigna FROM dace004 WHERE exp_e='05-18885069' AND c_asigna='300112' AND status IN ('0','3','B','C') [1][0] OK
C:[04/08/2014 11:00:20.64][186.94.81.28][1182] SELECT par_cod_asig1,par_cod_asig2,par_cod_asig3 FROM tblaca009 WHERE pensum='5' AND c_uni_ca='6' AND c_asigna='300222' [1][0] OK
C:[04/08/2014 11:00:20.77][186.94.81.28][1312] SELECT horas_lab FROM tblaca008 WHERE c_asigna='300222' AND horas_teoricas > 0 [1][0] OK
C:[04/08/2014 11:01:42.57][186.95.42.30][1138] SELECT pre_cod_asig1,pre_cod_asig2,pre_cod_asig3,pre_cod_asig4,pre_cod_asig5,pre_cod_asig6,pre_cod_asig7 FROM tblaca009 WHERE pensum='5' AND c_uni_ca='2' AND c_asigna='322559' [1][0] OK
C:[04/08/2014 11:01:42.57][186.95.42.30][1151] SELECT c_asigna FROM dace004 WHERE exp_e='07-18667037' AND c_asigna='300428' AND status IN ('0','3','B','C') [1][0] OK
C:[04/08/2014 11:01:42.57][186.95.42.30][1151] SELECT c_asigna FROM dace004 WHERE exp_e='07-18667037' AND c_asigna='322436' AND status IN ('0','3','B','C') [1][0] OK
C:[04/08/2014 11:01:42.57][186.95.42.30][1138] SELECT pre_cod_asig1,pre_cod_asig2,pre_cod_asig3,pre_cod_asig4,pre_cod_asig5,pre_cod_asig6,pre_cod_asig7 FROM tblaca009 WHERE pensum='5' AND c_uni_ca='2' AND c_asigna='322605' [1][0] OK
C:[04/08/2014 11:01:42.57][186.95.42.30][1151] SELECT c_asigna FROM dace004 WHERE exp_e='07-18667037' AND c_asigna='322436' AND status IN ('0','3','B','C') [1][0] OK
C:[04/08/2014 11:01:42.44][186.95.42.30][1182] SELECT par_cod_asig1,par_cod_asig2,par_cod_asig3 FROM tblaca009 WHERE pensum='5' AND c_uni_ca='2' AND c_asigna='322559' [1][0] OK
C:[04/08/2014 11:01:42.44][186.95.42.30][1182] SELECT par_cod_asig1,par_cod_asig2,par_cod_asig3 FROM tblaca009 WHERE pensum='5' AND c_uni_ca='2' AND c_asigna='322605' [1][0] OK
C:[04/08/2014 11:01:42.70][186.95.42.30][1312] SELECT horas_lab FROM tblaca008 WHERE c_asigna='322559' AND horas_teoricas > 0 [1][0] OK
C:[04/08/2014 11:01:42.70][186.95.42.30][1312] SELECT horas_lab FROM tblaca008 WHERE c_asigna='322605' AND horas_teoricas > 0 [1][0] OK
C:[04/08/2014 11:01:59.03][190.205.156.6][1138] SELECT pre_cod_asig1,pre_cod_asig2,pre_cod_asig3,pre_cod_asig4,pre_cod_asig5,pre_cod_asig6,pre_cod_asig7 FROM tblaca009 WHERE pensum='5' AND c_uni_ca='5' AND c_asigna='355692' [1][0] OK
C:[04/08/2014 11:01:59.03][190.205.156.6][1151] SELECT c_asigna FROM dace004 WHERE exp_e='09-24559768' AND c_asigna='355448' AND status IN ('0','3','B','C') [1][0] OK
C:[04/08/2014 11:01:59.03][190.205.156.6][1151] SELECT c_asigna FROM dace004 WHERE exp_e='09-24559768' AND c_asigna='355570' AND status IN ('0','3','B','C') [1][0] OK
C:[04/08/2014 11:01:59.03][190.205.156.6][1138] SELECT pre_cod_asig1,pre_cod_asig2,pre_cod_asig3,pre_cod_asig4,pre_cod_asig5,pre_cod_asig6,pre_cod_asig7 FROM tblaca009 WHERE pensum='5' AND c_uni_ca='5' AND c_asigna='355696' [1][0] OK
C:[04/08/2014 11:01:59.03][190.205.156.6][1151] SELECT c_asigna FROM dace004 WHERE exp_e='09-24559768' AND c_asigna='355570' AND status IN ('0','3','B','C') [1][0] OK
C:[04/08/2014 11:01:59.03][190.205.156.6][1151] SELECT c_asigna FROM dace004 WHERE exp_e='09-24559768' AND c_asigna='355571' AND status IN ('0','3','B','C') [1][0] OK
C:[04/08/2014 11:01:59.03][190.205.156.6][1182] SELECT par_cod_asig1,par_cod_asig2,par_cod_asig3 FROM tblaca009 WHERE pensum='5' AND c_uni_ca='5' AND c_asigna='355692' [1][0] OK
C:[04/08/2014 11:01:59.03][190.205.156.6][1182] SELECT par_cod_asig1,par_cod_asig2,par_cod_asig3 FROM tblaca009 WHERE pensum='5' AND c_uni_ca='5' AND c_asigna='355696' [1][0] OK
C:[04/08/2014 11:01:59.29][190.205.156.6][1312] SELECT horas_lab FROM tblaca008 WHERE c_asigna='355692' AND horas_teoricas > 0 [1][0] OK
C:[04/08/2014 11:01:59.29][190.205.156.6][1312] SELECT horas_lab FROM tblaca008 WHERE c_asigna='355696' AND horas_teoricas > 0 [1][0] OK
C:[04/08/2014 11:08:00.13][186.94.81.28][1138] SELECT pre_cod_asig1,pre_cod_asig2,pre_cod_asig3,pre_cod_asig4,pre_cod_asig5,pre_cod_asig6,pre_cod_asig7 FROM tblaca009 WHERE pensum='5' AND c_uni_ca='2' AND c_asigna='300313' [1][0] OK
C:[04/08/2014 11:08:00.13][186.94.81.28][1151] SELECT c_asigna FROM dace004 WHERE exp_e='12-24036450' AND c_asigna='300213' AND status IN ('0','3','B','C') [1][0] OK
C:[04/08/2014 11:08:00.13][186.94.81.28][1151] SELECT c_asigna FROM dace004 WHERE exp_e='12-24036450' AND c_asigna='300226' AND status IN ('0','3','B','C') [1][0] OK
C:[04/08/2014 11:08:00.13][186.94.81.28][1151] SELECT c_asigna FROM dace004 WHERE exp_e='12-24036450' AND c_asigna='300209' AND status IN ('0','3','B','C') [1][0] OK
C:[04/08/2014 11:08:00.13][186.94.81.28][1138] SELECT pre_cod_asig1,pre_cod_asig2,pre_cod_asig3,pre_cod_asig4,pre_cod_asig5,pre_cod_asig6,pre_cod_asig7 FROM tblaca009 WHERE pensum='5' AND c_uni_ca='2' AND c_asigna='300428' [1][0] OK
C:[04/08/2014 11:08:00.13][186.94.81.28][1151] SELECT c_asigna FROM dace004 WHERE exp_e='12-24036450' AND c_asigna='300317' AND status IN ('0','3','B','C') [1][0] OK
C:[04/08/2014 11:08:00.13][186.94.81.28][1151] SELECT c_asigna FROM dace004 WHERE exp_e='12-24036450' AND c_asigna='300209' AND status IN ('0','3','B','C') [1][0] OK
C:[04/08/2014 11:08:00.26][186.94.81.28][1182] SELECT par_cod_asig1,par_cod_asig2,par_cod_asig3 FROM tblaca009 WHERE pensum='5' AND c_uni_ca='2' AND c_asigna='300313' [1][0] OK
C:[04/08/2014 11:08:00.26][186.94.81.28][1182] SELECT par_cod_asig1,par_cod_asig2,par_cod_asig3 FROM tblaca009 WHERE pensum='5' AND c_uni_ca='2' AND c_asigna='300428' [1][0] OK
C:[04/08/2014 11:08:00.53][186.94.81.28][1312] SELECT horas_lab FROM tblaca008 WHERE c_asigna='300313' AND horas_teoricas > 0 [1][0] OK
C:[04/08/2014 11:08:00.53][186.94.81.28][1312] SELECT horas_lab FROM tblaca008 WHERE c_asigna='300428' AND horas_teoricas > 0 [1][0] OK
C:[04/08/2014 11:11:44.46][186.94.81.28][1138] SELECT pre_cod_asig1,pre_cod_asig2,pre_cod_asig3,pre_cod_asig4,pre_cod_asig5,pre_cod_asig6,pre_cod_asig7 FROM tblaca009 WHERE pensum='5' AND c_uni_ca='5' AND c_asigna='355691' [1][0] OK
C:[04/08/2014 11:11:44.46][186.94.81.28][1151] SELECT c_asigna FROM dace004 WHERE exp_e='10-24847543' AND c_asigna='355571' AND status IN ('0','3','B','C') [1][0] OK
C:[04/08/2014 11:11:44.46][186.94.81.28][1138] SELECT pre_cod_asig1,pre_cod_asig2,pre_cod_asig3,pre_cod_asig4,pre_cod_asig5,pre_cod_asig6,pre_cod_asig7 FROM tblaca009 WHERE pensum='5' AND c_uni_ca='5' AND c_asigna='355692' [1][0] OK
C:[04/08/2014 11:11:44.46][186.94.81.28][1151] SELECT c_asigna FROM dace004 WHERE exp_e='10-24847543' AND c_asigna='355448' AND status IN ('0','3','B','C') [1][0] OK
C:[04/08/2014 11:11:44.46][186.94.81.28][1151] SELECT c_asigna FROM dace004 WHERE exp_e='10-24847543' AND c_asigna='355570' AND status IN ('0','3','B','C') [1][0] OK
C:[04/08/2014 11:11:44.34][186.94.81.28][1182] SELECT par_cod_asig1,par_cod_asig2,par_cod_asig3 FROM tblaca009 WHERE pensum='5' AND c_uni_ca='5' AND c_asigna='355691' [1][0] OK
C:[04/08/2014 11:11:44.34][186.94.81.28][1182] SELECT par_cod_asig1,par_cod_asig2,par_cod_asig3 FROM tblaca009 WHERE pensum='5' AND c_uni_ca='5' AND c_asigna='355692' [1][0] OK
C:[04/08/2014 11:11:44.62][186.94.81.28][1312] SELECT horas_lab FROM tblaca008 WHERE c_asigna='355691' AND horas_teoricas > 0 [1][0] OK
C:[04/08/2014 11:11:44.62][186.94.81.28][1312] SELECT horas_lab FROM tblaca008 WHERE c_asigna='355692' AND horas_teoricas > 0 [1][0] OK
C:[04/08/2014 11:12:44.75][190.198.87.44][1138] SELECT pre_cod_asig1,pre_cod_asig2,pre_cod_asig3,pre_cod_asig4,pre_cod_asig5,pre_cod_asig6,pre_cod_asig7 FROM tblaca009 WHERE pensum='5' AND c_uni_ca='5' AND c_asigna='300870' [1][0] OK
C:[04/08/2014 11:12:44.13][190.198.87.44][1182] SELECT par_cod_asig1,par_cod_asig2,par_cod_asig3 FROM tblaca009 WHERE pensum='5' AND c_uni_ca='5' AND c_asigna='300870' [1][0] OK
C:[04/08/2014 11:12:44.27][190.198.87.44][1312] SELECT horas_lab FROM tblaca008 WHERE c_asigna='300870' AND horas_teoricas > 0 [1][0] OK
C:[04/08/2014 11:13:47.96][200.90.99.233][1138] SELECT pre_cod_asig1,pre_cod_asig2,pre_cod_asig3,pre_cod_asig4,pre_cod_asig5,pre_cod_asig6,pre_cod_asig7 FROM tblaca009 WHERE pensum='5' AND c_uni_ca='3' AND c_asigna='311094' [1][0] OK
C:[04/08/2014 11:13:47.96][200.90.99.233][1151] SELECT c_asigna FROM dace004 WHERE exp_e='10-20222909' AND c_asigna='311822' AND status IN ('0','3','B','C') [1][0] OK
C:[04/08/2014 11:13:47.96][200.90.99.233][1151] SELECT c_asigna FROM dace004 WHERE exp_e='10-20222909' AND c_asigna='311823' AND status IN ('0','3','B','C') [1][0] OK
C:[04/08/2014 11:13:47.96][200.90.99.233][1138] SELECT pre_cod_asig1,pre_cod_asig2,pre_cod_asig3,pre_cod_asig4,pre_cod_asig5,pre_cod_asig6,pre_cod_asig7 FROM tblaca009 WHERE pensum='5' AND c_uni_ca='3' AND c_asigna='311934' [1][0] OK
C:[04/08/2014 11:13:47.96][200.90.99.233][1151] SELECT c_asigna FROM dace004 WHERE exp_e='10-20222909' AND c_asigna='311826' AND status IN ('0','3','B','C') [1][0] OK
C:[04/08/2014 11:13:47.96][200.90.99.233][1151] SELECT c_asigna FROM dace004 WHERE exp_e='10-20222909' AND c_asigna='311827' AND status IN ('0','3','B','C') [1][0] OK
C:[04/08/2014 11:13:47.96][200.90.99.233][1182] SELECT par_cod_asig1,par_cod_asig2,par_cod_asig3 FROM tblaca009 WHERE pensum='5' AND c_uni_ca='3' AND c_asigna='311094' [1][0] OK
C:[04/08/2014 11:13:47.96][200.90.99.233][1182] SELECT par_cod_asig1,par_cod_asig2,par_cod_asig3 FROM tblaca009 WHERE pensum='5' AND c_uni_ca='3' AND c_asigna='311934' [1][0] OK
C:[04/08/2014 11:13:47.23][200.90.99.233][1312] SELECT horas_lab FROM tblaca008 WHERE c_asigna='311094' AND horas_teoricas > 0 [1][0] OK
C:[04/08/2014 11:13:47.23][200.90.99.233][1312] SELECT horas_lab FROM tblaca008 WHERE c_asigna='311934' AND horas_teoricas > 0 [1][0] OK
C:[04/08/2014 11:13:54.45][190.39.6.179][1138] SELECT pre_cod_asig1,pre_cod_asig2,pre_cod_asig3,pre_cod_asig4,pre_cod_asig5,pre_cod_asig6,pre_cod_asig7 FROM tblaca009 WHERE pensum='5' AND c_uni_ca='3' AND c_asigna='300209' [1][0] OK
C:[04/08/2014 11:13:54.45][190.39.6.179][1151] SELECT c_asigna FROM dace004 WHERE exp_e='13-24856858' AND c_asigna='300101' AND status IN ('0','3','B','C') [1][0] OK
C:[04/08/2014 11:13:54.45][190.39.6.179][1138] SELECT pre_cod_asig1,pre_cod_asig2,pre_cod_asig3,pre_cod_asig4,pre_cod_asig5,pre_cod_asig6,pre_cod_asig7 FROM tblaca009 WHERE pensum='5' AND c_uni_ca='3' AND c_asigna='300222' [1][0] OK
C:[04/08/2014 11:13:54.45][190.39.6.179][1151] SELECT c_asigna FROM dace004 WHERE exp_e='13-24856858' AND c_asigna='300112' AND status IN ('0','3','B','C') [1][0] OK
C:[04/08/2014 11:13:54.96][190.39.6.179][1182] SELECT par_cod_asig1,par_cod_asig2,par_cod_asig3 FROM tblaca009 WHERE pensum='5' AND c_uni_ca='3' AND c_asigna='300209' [1][0] OK
C:[04/08/2014 11:13:54.96][190.39.6.179][1182] SELECT par_cod_asig1,par_cod_asig2,par_cod_asig3 FROM tblaca009 WHERE pensum='5' AND c_uni_ca='3' AND c_asigna='300222' [1][0] OK
C:[04/08/2014 11:13:54.21][190.39.6.179][1312] SELECT horas_lab FROM tblaca008 WHERE c_asigna='300209' AND horas_teoricas > 0 [1][0] OK
C:[04/08/2014 11:13:54.21][190.39.6.179][1312] SELECT horas_lab FROM tblaca008 WHERE c_asigna='300222' AND horas_teoricas > 0 [1][0] OK
C:[04/08/2014 11:14:55.90][190.73.235.160][1138] SELECT pre_cod_asig1,pre_cod_asig2,pre_cod_asig3,pre_cod_asig4,pre_cod_asig5,pre_cod_asig6,pre_cod_asig7 FROM tblaca009 WHERE pensum='5' AND c_uni_ca='3' AND c_asigna='311796' [1][0] OK
C:[04/08/2014 11:14:55.90][190.73.235.160][1151] SELECT c_asigna FROM dace004 WHERE exp_e='07-19301905' AND c_asigna='315671' AND status IN ('0','3','B','C') [1][0] OK
C:[04/08/2014 11:14:55.90][190.73.235.160][1138] SELECT pre_cod_asig1,pre_cod_asig2,pre_cod_asig3,pre_cod_asig4,pre_cod_asig5,pre_cod_asig6,pre_cod_asig7 FROM tblaca009 WHERE pensum='5' AND c_uni_ca='3' AND c_asigna='311826' [1][0] OK
C:[04/08/2014 11:14:55.90][190.73.235.160][1151] SELECT c_asigna FROM dace004 WHERE exp_e='07-19301905' AND c_asigna='311799' AND status IN ('0','3','B','C') [1][0] OK
C:[04/08/2014 11:14:55.66][190.73.235.160][1182] SELECT par_cod_asig1,par_cod_asig2,par_cod_asig3 FROM tblaca009 WHERE pensum='5' AND c_uni_ca='3' AND c_asigna='311796' [1][0] OK
C:[04/08/2014 11:14:55.66][190.73.235.160][1182] SELECT par_cod_asig1,par_cod_asig2,par_cod_asig3 FROM tblaca009 WHERE pensum='5' AND c_uni_ca='3' AND c_asigna='311826' [1][0] OK
C:[04/08/2014 11:14:55.92][190.73.235.160][1312] SELECT horas_lab FROM tblaca008 WHERE c_asigna='311796' AND horas_teoricas > 0 [1][0] OK
C:[04/08/2014 11:14:55.92][190.73.235.160][1312] SELECT horas_lab FROM tblaca008 WHERE c_asigna='311826' AND horas_teoricas > 0 [1][0] OK
C:[04/08/2014 11:15:28.29][186.94.81.28][1138] SELECT pre_cod_asig1,pre_cod_asig2,pre_cod_asig3,pre_cod_asig4,pre_cod_asig5,pre_cod_asig6,pre_cod_asig7 FROM tblaca009 WHERE pensum='5' AND c_uni_ca='2' AND c_asigna='320311' [1][0] OK
C:[04/08/2014 11:15:28.29][186.94.81.28][1151] SELECT c_asigna FROM dace004 WHERE exp_e='12-24411289' AND c_asigna='300013' AND status IN ('0','3','B','C') [1][0] OK
C:[04/08/2014 11:15:28.29][186.94.81.28][1151] SELECT c_asigna FROM dace004 WHERE exp_e='12-24411289' AND c_asigna='300113' AND status IN ('0','3','B','C') [1][0] OK
C:[04/08/2014 11:15:28.29][186.94.81.28][1138] SELECT pre_cod_asig1,pre_cod_asig2,pre_cod_asig3,pre_cod_asig4,pre_cod_asig5,pre_cod_asig6,pre_cod_asig7 FROM tblaca009 WHERE pensum='5' AND c_uni_ca='2' AND c_asigna='300428' [1][0] OK
C:[04/08/2014 11:15:28.29][186.94.81.28][1151] SELECT c_asigna FROM dace004 WHERE exp_e='12-24411289' AND c_asigna='300317' AND status IN ('0','3','B','C') [1][0] OK
C:[04/08/2014 11:15:28.29][186.94.81.28][1151] SELECT c_asigna FROM dace004 WHERE exp_e='12-24411289' AND c_asigna='300209' AND status IN ('0','3','B','C') [1][0] OK
C:[04/08/2014 11:15:28.29][186.94.81.28][1182] SELECT par_cod_asig1,par_cod_asig2,par_cod_asig3 FROM tblaca009 WHERE pensum='5' AND c_uni_ca='2' AND c_asigna='320311' [1][0] OK
C:[04/08/2014 11:15:28.29][186.94.81.28][1182] SELECT par_cod_asig1,par_cod_asig2,par_cod_asig3 FROM tblaca009 WHERE pensum='5' AND c_uni_ca='2' AND c_asigna='300428' [1][0] OK
C:[04/08/2014 11:15:28.56][186.94.81.28][1312] SELECT horas_lab FROM tblaca008 WHERE c_asigna='320311' AND horas_teoricas > 0 [1][0] OK
C:[04/08/2014 11:15:28.56][186.94.81.28][1312] SELECT horas_lab FROM tblaca008 WHERE c_asigna='300428' AND horas_teoricas > 0 [1][0] OK
C:[04/08/2014 11:17:51.84][186.94.81.28][1138] SELECT pre_cod_asig1,pre_cod_asig2,pre_cod_asig3,pre_cod_asig4,pre_cod_asig5,pre_cod_asig6,pre_cod_asig7 FROM tblaca009 WHERE pensum='5' AND c_uni_ca='4' AND c_asigna='333585' [1][0] OK
C:[04/08/2014 11:17:51.84][186.94.81.28][1151] SELECT c_asigna FROM dace004 WHERE exp_e='10-24560052' AND c_asigna='333440' AND status IN ('0','3','B','C') [1][0] OK
C:[04/08/2014 11:17:51.84][186.94.81.28][1151] SELECT c_asigna FROM dace004 WHERE exp_e='10-24560052' AND c_asigna='333441' AND status IN ('0','3','B','C') [1][0] OK
C:[04/08/2014 11:17:51.84][186.94.81.28][1151] SELECT c_asigna FROM dace004 WHERE exp_e='10-24560052' AND c_asigna='300209' AND status IN ('0','3','B','C') [1][0] OK
C:[04/08/2014 11:17:51.84][186.94.81.28][1138] SELECT pre_cod_asig1,pre_cod_asig2,pre_cod_asig3,pre_cod_asig4,pre_cod_asig5,pre_cod_asig6,pre_cod_asig7 FROM tblaca009 WHERE pensum='5' AND c_uni_ca='4' AND c_asigna='332604' [1][0] OK
C:[04/08/2014 11:17:51.84][186.94.81.28][1151] SELECT c_asigna FROM dace004 WHERE exp_e='10-24560052' AND c_asigna='332558' AND status IN ('0','3','B','C') [1][0] OK
C:[04/08/2014 11:17:51.84][186.94.81.28][1182] SELECT par_cod_asig1,par_cod_asig2,par_cod_asig3 FROM tblaca009 WHERE pensum='5' AND c_uni_ca='4' AND c_asigna='333585' [1][0] OK
C:[04/08/2014 11:17:51.84][186.94.81.28][1182] SELECT par_cod_asig1,par_cod_asig2,par_cod_asig3 FROM tblaca009 WHERE pensum='5' AND c_uni_ca='4' AND c_asigna='332604' [1][0] OK
C:[04/08/2014 11:17:51.11][186.94.81.28][1312] SELECT horas_lab FROM tblaca008 WHERE c_asigna='333585' AND horas_teoricas > 0 [1][0] OK
C:[04/08/2014 11:17:51.11][186.94.81.28][1312] SELECT horas_lab FROM tblaca008 WHERE c_asigna='332604' AND horas_teoricas > 0 [1][0] OK
C:[04/08/2014 11:18:23.80][186.89.147.168][1138] SELECT pre_cod_asig1,pre_cod_asig2,pre_cod_asig3,pre_cod_asig4,pre_cod_asig5,pre_cod_asig6,pre_cod_asig7 FROM tblaca009 WHERE pensum='5' AND c_uni_ca='4' AND c_asigna='330310' [1][0] OK
C:[04/08/2014 11:18:23.80][186.89.147.168][1151] SELECT c_asigna FROM dace004 WHERE exp_e='13-18665910' AND c_asigna='300013' AND status IN ('0','3','B','C') [1][0] OK
C:[04/08/2014 11:18:23.80][186.89.147.168][1151] SELECT c_asigna FROM dace004 WHERE exp_e='13-18665910' AND c_asigna='300113' AND status IN ('0','3','B','C') [1][0] OK
C:[04/08/2014 11:18:23.42][186.89.147.168][1182] SELECT par_cod_asig1,par_cod_asig2,par_cod_asig3 FROM tblaca009 WHERE pensum='5' AND c_uni_ca='4' AND c_asigna='330310' [1][0] OK
C:[04/08/2014 11:18:23.56][186.89.147.168][1312] SELECT horas_lab FROM tblaca008 WHERE c_asigna='330310' AND horas_teoricas > 0 [1][0] OK
C:[04/08/2014 11:18:26.72][190.207.35.58][1138] SELECT pre_cod_asig1,pre_cod_asig2,pre_cod_asig3,pre_cod_asig4,pre_cod_asig5,pre_cod_asig6,pre_cod_asig7 FROM tblaca009 WHERE pensum='5' AND c_uni_ca='3' AND c_asigna='300313' [1][0] OK
C:[04/08/2014 11:18:26.72][190.207.35.58][1151] SELECT c_asigna FROM dace004 WHERE exp_e='11-24541639' AND c_asigna='300213' AND status IN ('0','3','B','C') [1][0] OK
C:[04/08/2014 11:18:26.72][190.207.35.58][1151] SELECT c_asigna FROM dace004 WHERE exp_e='11-24541639' AND c_asigna='300226' AND status IN ('0','3','B','C') [1][0] OK
C:[04/08/2014 11:18:26.72][190.207.35.58][1151] SELECT c_asigna FROM dace004 WHERE exp_e='11-24541639' AND c_asigna='300222' AND status IN ('0','3','B','C') [1][0] OK
C:[04/08/2014 11:18:26.72][190.207.35.58][1151] SELECT c_asigna FROM dace004 WHERE exp_e='11-24541639' AND c_asigna='300209' AND status IN ('0','3','B','C') [1][0] OK
C:[04/08/2014 11:18:26.35][190.207.35.58][1182] SELECT par_cod_asig1,par_cod_asig2,par_cod_asig3 FROM tblaca009 WHERE pensum='5' AND c_uni_ca='3' AND c_asigna='300313' [1][0] OK
C:[04/08/2014 11:18:26.48][190.207.35.58][1312] SELECT horas_lab FROM tblaca008 WHERE c_asigna='300313' AND horas_teoricas > 0 [1][0] OK
C:[04/08/2014 11:19:33.18][186.95.42.30][1138] SELECT pre_cod_asig1,pre_cod_asig2,pre_cod_asig3,pre_cod_asig4,pre_cod_asig5,pre_cod_asig6,pre_cod_asig7 FROM tblaca009 WHERE pensum='5' AND c_uni_ca='2' AND c_asigna='300956' [1][0] OK
C:[04/08/2014 11:19:33.18][186.95.42.30][1151] SELECT c_asigna FROM dace004 WHERE exp_e='09-19910136' AND c_asigna='300422' AND status IN ('0','3','B','C') [1][0] OK
C:[04/08/2014 11:19:33.18][186.95.42.30][1151] SELECT c_asigna FROM dace004 WHERE exp_e='09-19910136' AND c_asigna='300105' AND status IN ('0','3','B','C') [1][0] OK
C:[04/08/2014 11:19:33.18][186.95.42.30][1151] SELECT c_asigna FROM dace004 WHERE exp_e='09-19910136' AND c_asigna='300314' AND status IN ('0','3','B','C') [1][0] OK
C:[04/08/2014 11:19:33.18][186.95.42.30][1138] SELECT pre_cod_asig1,pre_cod_asig2,pre_cod_asig3,pre_cod_asig4,pre_cod_asig5,pre_cod_asig6,pre_cod_asig7 FROM tblaca009 WHERE pensum='5' AND c_uni_ca='2' AND c_asigna='322904' [1][0] OK
C:[04/08/2014 11:19:33.18][186.95.42.30][1151] SELECT c_asigna FROM dace004 WHERE exp_e='09-19910136' AND c_asigna='322782' AND status IN ('0','3','B','C') [1][0] OK
C:[04/08/2014 11:19:33.18][186.95.42.30][1151] SELECT c_asigna FROM dace004 WHERE exp_e='09-19910136' AND c_asigna='322801' AND status IN ('0','3','B','C') [1][0] OK
C:[04/08/2014 11:19:33.18][186.95.42.30][1138] SELECT pre_cod_asig1,pre_cod_asig2,pre_cod_asig3,pre_cod_asig4,pre_cod_asig5,pre_cod_asig6,pre_cod_asig7 FROM tblaca009 WHERE pensum='5' AND c_uni_ca='2' AND c_asigna='322041' [1][0] OK
C:[04/08/2014 11:19:33.43][186.95.42.30][1182] SELECT par_cod_asig1,par_cod_asig2,par_cod_asig3 FROM tblaca009 WHERE pensum='5' AND c_uni_ca='2' AND c_asigna='300956' [1][0] OK
C:[04/08/2014 11:19:33.43][186.95.42.30][1182] SELECT par_cod_asig1,par_cod_asig2,par_cod_asig3 FROM tblaca009 WHERE pensum='5' AND c_uni_ca='2' AND c_asigna='322904' [1][0] OK
C:[04/08/2014 11:19:33.43][186.95.42.30][1182] SELECT par_cod_asig1,par_cod_asig2,par_cod_asig3 FROM tblaca009 WHERE pensum='5' AND c_uni_ca='2' AND c_asigna='322041' [1][0] OK
C:[04/08/2014 11:19:34.82][186.95.42.30][1312] SELECT horas_lab FROM tblaca008 WHERE c_asigna='300956' AND horas_teoricas > 0 [1][0] OK
C:[04/08/2014 11:19:34.82][186.95.42.30][1312] SELECT horas_lab FROM tblaca008 WHERE c_asigna='322904' AND horas_teoricas > 0 [1][0] OK
C:[04/08/2014 11:19:34.82][186.95.42.30][1312] SELECT horas_lab FROM tblaca008 WHERE c_asigna='322041' AND horas_teoricas > 0 [1][0] OK
C:[04/08/2014 11:20:08.20][190.201.161.125][1138] SELECT pre_cod_asig1,pre_cod_asig2,pre_cod_asig3,pre_cod_asig4,pre_cod_asig5,pre_cod_asig6,pre_cod_asig7 FROM tblaca009 WHERE pensum='5' AND c_uni_ca='5' AND c_asigna='300870' [1][0] OK
C:[04/08/2014 11:20:08.55][190.201.161.125][1182] SELECT par_cod_asig1,par_cod_asig2,par_cod_asig3 FROM tblaca009 WHERE pensum='5' AND c_uni_ca='5' AND c_asigna='300870' [1][0] OK
C:[04/08/2014 11:20:08.69][190.201.161.125][1312] SELECT horas_lab FROM tblaca008 WHERE c_asigna='300870' AND horas_teoricas > 0 [1][0] OK
C:[04/08/2014 11:21:00.13][190.73.235.160][1138] SELECT pre_cod_asig1,pre_cod_asig2,pre_cod_asig3,pre_cod_asig4,pre_cod_asig5,pre_cod_asig6,pre_cod_asig7 FROM tblaca009 WHERE pensum='5' AND c_uni_ca='3' AND c_asigna='311796' [1][0] OK
C:[04/08/2014 11:21:00.13][190.73.235.160][1151] SELECT c_asigna FROM dace004 WHERE exp_e='07-19301905' AND c_asigna='315671' AND status IN ('0','3','B','C') [1][0] OK
C:[04/08/2014 11:21:00.13][190.73.235.160][1138] SELECT pre_cod_asig1,pre_cod_asig2,pre_cod_asig3,pre_cod_asig4,pre_cod_asig5,pre_cod_asig6,pre_cod_asig7 FROM tblaca009 WHERE pensum='5' AND c_uni_ca='3' AND c_asigna='311826' [1][0] OK
C:[04/08/2014 11:21:00.13][190.73.235.160][1151] SELECT c_asigna FROM dace004 WHERE exp_e='07-19301905' AND c_asigna='311799' AND status IN ('0','3','B','C') [1][0] OK
C:[04/08/2014 11:21:00.00][190.73.235.160][1182] SELECT par_cod_asig1,par_cod_asig2,par_cod_asig3 FROM tblaca009 WHERE pensum='5' AND c_uni_ca='3' AND c_asigna='311796' [1][0] OK
C:[04/08/2014 11:21:00.00][190.73.235.160][1182] SELECT par_cod_asig1,par_cod_asig2,par_cod_asig3 FROM tblaca009 WHERE pensum='5' AND c_uni_ca='3' AND c_asigna='311826' [1][0] OK
C:[04/08/2014 11:21:00.27][190.73.235.160][1312] SELECT horas_lab FROM tblaca008 WHERE c_asigna='311796' AND horas_teoricas > 0 [1][0] OK
C:[04/08/2014 11:21:00.27][190.73.235.160][1312] SELECT horas_lab FROM tblaca008 WHERE c_asigna='311826' AND horas_teoricas > 0 [1][0] OK
C:[04/08/2014 11:21:04.30][186.94.81.28][1138] SELECT pre_cod_asig1,pre_cod_asig2,pre_cod_asig3,pre_cod_asig4,pre_cod_asig5,pre_cod_asig6,pre_cod_asig7 FROM tblaca009 WHERE pensum='5' AND c_uni_ca='4' AND c_asigna='300226' [1][0] OK
C:[04/08/2014 11:21:04.30][186.94.81.28][1151] SELECT c_asigna FROM dace004 WHERE exp_e='12-25445468' AND c_asigna='300116' AND status IN ('0','3','B','C') [1][0] OK
C:[04/08/2014 11:21:04.30][186.94.81.28][1138] SELECT pre_cod_asig1,pre_cod_asig2,pre_cod_asig3,pre_cod_asig4,pre_cod_asig5,pre_cod_asig6,pre_cod_asig7 FROM tblaca009 WHERE pensum='5' AND c_uni_ca='4' AND c_asigna='300428' [1][0] OK
C:[04/08/2014 11:21:04.30][186.94.81.28][1151] SELECT c_asigna FROM dace004 WHERE exp_e='12-25445468' AND c_asigna='300317' AND status IN ('0','3','B','C') [1][0] OK
C:[04/08/2014 11:21:04.30][186.94.81.28][1151] SELECT c_asigna FROM dace004 WHERE exp_e='12-25445468' AND c_asigna='300209' AND status IN ('0','3','B','C') [1][0] OK
C:[04/08/2014 11:21:04.92][186.94.81.28][1182] SELECT par_cod_asig1,par_cod_asig2,par_cod_asig3 FROM tblaca009 WHERE pensum='5' AND c_uni_ca='4' AND c_asigna='300226' [1][0] OK
C:[04/08/2014 11:21:04.92][186.94.81.28][1182] SELECT par_cod_asig1,par_cod_asig2,par_cod_asig3 FROM tblaca009 WHERE pensum='5' AND c_uni_ca='4' AND c_asigna='300428' [1][0] OK
C:[04/08/2014 11:21:04.19][186.94.81.28][1312] SELECT horas_lab FROM tblaca008 WHERE c_asigna='300226' AND horas_teoricas > 0 [1][0] OK
C:[04/08/2014 11:21:04.19][186.94.81.28][1312] SELECT horas_lab FROM tblaca008 WHERE c_asigna='300428' AND horas_teoricas > 0 [1][0] OK
C:[04/08/2014 11:22:00.25][190.77.238.91][1138] SELECT pre_cod_asig1,pre_cod_asig2,pre_cod_asig3,pre_cod_asig4,pre_cod_asig5,pre_cod_asig6,pre_cod_asig7 FROM tblaca009 WHERE pensum='5' AND c_uni_ca='5' AND c_asigna='355692' [1][0] OK
C:[04/08/2014 11:22:00.25][190.77.238.91][1151] SELECT c_asigna FROM dace004 WHERE exp_e='06-18886610' AND c_asigna='355448' AND status IN ('0','3','B','C') [1][0] OK
C:[04/08/2014 11:22:00.25][190.77.238.91][1151] SELECT c_asigna FROM dace004 WHERE exp_e='06-18886610' AND c_asigna='355570' AND status IN ('0','3','B','C') [1][0] OK
C:[04/08/2014 11:22:00.87][190.77.238.91][1182] SELECT par_cod_asig1,par_cod_asig2,par_cod_asig3 FROM tblaca009 WHERE pensum='5' AND c_uni_ca='5' AND c_asigna='355692' [1][0] OK
C:[04/08/2014 11:22:00.01][190.77.238.91][1312] SELECT horas_lab FROM tblaca008 WHERE c_asigna='355692' AND horas_teoricas > 0 [1][0] OK
C:[04/08/2014 11:22:07.96][186.94.81.28][1138] SELECT pre_cod_asig1,pre_cod_asig2,pre_cod_asig3,pre_cod_asig4,pre_cod_asig5,pre_cod_asig6,pre_cod_asig7 FROM tblaca009 WHERE pensum='5' AND c_uni_ca='3' AND c_asigna='300313' [1][0] OK
C:[04/08/2014 11:22:07.96][186.94.81.28][1151] SELECT c_asigna FROM dace004 WHERE exp_e='08-21234976' AND c_asigna='300213' AND status IN ('0','3','B','C') [1][0] OK
C:[04/08/2014 11:22:07.96][186.94.81.28][1151] SELECT c_asigna FROM dace004 WHERE exp_e='08-21234976' AND c_asigna='300226' AND status IN ('0','3','B','C') [1][0] OK
C:[04/08/2014 11:22:07.96][186.94.81.28][1151] SELECT c_asigna FROM dace004 WHERE exp_e='08-21234976' AND c_asigna='300222' AND status IN ('0','3','B','C') [1][0] OK
C:[04/08/2014 11:22:07.96][186.94.81.28][1151] SELECT c_asigna FROM dace004 WHERE exp_e='08-21234976' AND c_asigna='300209' AND status IN ('0','3','B','C') [1][0] OK
C:[04/08/2014 11:22:07.59][186.94.81.28][1182] SELECT par_cod_asig1,par_cod_asig2,par_cod_asig3 FROM tblaca009 WHERE pensum='5' AND c_uni_ca='3' AND c_asigna='300313' [1][0] OK
C:[04/08/2014 11:22:07.72][186.94.81.28][1312] SELECT horas_lab FROM tblaca008 WHERE c_asigna='300313' AND horas_teoricas > 0 [1][0] OK
C:[04/08/2014 11:23:47.32][186.94.81.28][1138] SELECT pre_cod_asig1,pre_cod_asig2,pre_cod_asig3,pre_cod_asig4,pre_cod_asig5,pre_cod_asig6,pre_cod_asig7 FROM tblaca009 WHERE pensum='5' AND c_uni_ca='4' AND c_asigna='300213' [1][0] OK
C:[04/08/2014 11:23:47.32][186.94.81.28][1151] SELECT c_asigna FROM dace004 WHERE exp_e='09-21234159' AND c_asigna='300101' AND status IN ('0','3','B','C') [1][0] OK
C:[04/08/2014 11:23:47.32][186.94.81.28][1138] SELECT pre_cod_asig1,pre_cod_asig2,pre_cod_asig3,pre_cod_asig4,pre_cod_asig5,pre_cod_asig6,pre_cod_asig7 FROM tblaca009 WHERE pensum='5' AND c_uni_ca='4' AND c_asigna='300317' [1][0] OK
C:[04/08/2014 11:23:47.32][186.94.81.28][1151] SELECT c_asigna FROM dace004 WHERE exp_e='09-21234159' AND c_asigna='300207' AND status IN ('0','3','B','C') [1][0] OK
C:[04/08/2014 11:23:47.32][186.94.81.28][1151] SELECT c_asigna FROM dace004 WHERE exp_e='09-21234159' AND c_asigna='300209' AND status IN ('0','3','B','C') [1][0] OK
C:[04/08/2014 11:23:47.19][186.94.81.28][1182] SELECT par_cod_asig1,par_cod_asig2,par_cod_asig3 FROM tblaca009 WHERE pensum='5' AND c_uni_ca='4' AND c_asigna='300213' [1][0] OK
C:[04/08/2014 11:23:47.19][186.94.81.28][1196] SELECT c_asigna FROM dace004 WHERE exp_e='09-21234159' AND c_asigna='300209' AND status IN ('0','3','B','C') [1][0] OK
C:[04/08/2014 11:23:47.19][186.94.81.28][1182] SELECT par_cod_asig1,par_cod_asig2,par_cod_asig3 FROM tblaca009 WHERE pensum='5' AND c_uni_ca='4' AND c_asigna='300317' [1][0] OK
C:[04/08/2014 11:23:47.58][186.94.81.28][1312] SELECT horas_lab FROM tblaca008 WHERE c_asigna='300213' AND horas_teoricas > 0 [1][0] OK
C:[04/08/2014 11:23:47.58][186.94.81.28][1312] SELECT horas_lab FROM tblaca008 WHERE c_asigna='300317' AND horas_teoricas > 0 [1][0] OK
C:[04/08/2014 11:26:02.11][190.73.235.160][1138] SELECT pre_cod_asig1,pre_cod_asig2,pre_cod_asig3,pre_cod_asig4,pre_cod_asig5,pre_cod_asig6,pre_cod_asig7 FROM tblaca009 WHERE pensum='5' AND c_uni_ca='3' AND c_asigna='311796' [1][0] OK
C:[04/08/2014 11:26:02.11][190.73.235.160][1151] SELECT c_asigna FROM dace004 WHERE exp_e='07-19301905' AND c_asigna='315671' AND status IN ('0','3','B','C') [1][0] OK
C:[04/08/2014 11:26:02.11][190.73.235.160][1138] SELECT pre_cod_asig1,pre_cod_asig2,pre_cod_asig3,pre_cod_asig4,pre_cod_asig5,pre_cod_asig6,pre_cod_asig7 FROM tblaca009 WHERE pensum='5' AND c_uni_ca='3' AND c_asigna='311826' [1][0] OK
C:[04/08/2014 11:26:02.11][190.73.235.160][1151] SELECT c_asigna FROM dace004 WHERE exp_e='07-19301905' AND c_asigna='311799' AND status IN ('0','3','B','C') [1][0] OK
C:[04/08/2014 11:26:02.87][190.73.235.160][1182] SELECT par_cod_asig1,par_cod_asig2,par_cod_asig3 FROM tblaca009 WHERE pensum='5' AND c_uni_ca='3' AND c_asigna='311796' [1][0] OK
C:[04/08/2014 11:26:02.87][190.73.235.160][1182] SELECT par_cod_asig1,par_cod_asig2,par_cod_asig3 FROM tblaca009 WHERE pensum='5' AND c_uni_ca='3' AND c_asigna='311826' [1][0] OK
C:[04/08/2014 11:26:02.13][190.73.235.160][1312] SELECT horas_lab FROM tblaca008 WHERE c_asigna='311796' AND horas_teoricas > 0 [1][0] OK
C:[04/08/2014 11:26:02.13][190.73.235.160][1312] SELECT horas_lab FROM tblaca008 WHERE c_asigna='311826' AND horas_teoricas > 0 [1][0] OK
C:[04/08/2014 11:29:19.98][186.90.106.103][1138] SELECT pre_cod_asig1,pre_cod_asig2,pre_cod_asig3,pre_cod_asig4,pre_cod_asig5,pre_cod_asig6,pre_cod_asig7 FROM tblaca009 WHERE pensum='5' AND c_uni_ca='2' AND c_asigna='300228' [1][0] OK
C:[04/08/2014 11:29:19.98][186.90.106.103][1151] SELECT c_asigna FROM dace004 WHERE exp_e='12-24560352' AND c_asigna='300101' AND status IN ('0','3','B','C') [1][0] OK
C:[04/08/2014 11:29:19.98][186.90.106.103][1138] SELECT pre_cod_asig1,pre_cod_asig2,pre_cod_asig3,pre_cod_asig4,pre_cod_asig5,pre_cod_asig6,pre_cod_asig7 FROM tblaca009 WHERE pensum='5' AND c_uni_ca='2' AND c_asigna='300207' [1][0] OK
C:[04/08/2014 11:29:19.98][186.90.106.103][1151] SELECT c_asigna FROM dace004 WHERE exp_e='12-24560352' AND c_asigna='300101' AND status IN ('0','3','B','C') [1][0] OK
C:[04/08/2014 11:29:20.73][186.90.106.103][1182] SELECT par_cod_asig1,par_cod_asig2,par_cod_asig3 FROM tblaca009 WHERE pensum='5' AND c_uni_ca='2' AND c_asigna='300228' [1][0] OK
C:[04/08/2014 11:29:20.73][186.90.106.103][1182] SELECT par_cod_asig1,par_cod_asig2,par_cod_asig3 FROM tblaca009 WHERE pensum='5' AND c_uni_ca='2' AND c_asigna='300207' [1][0] OK
C:[04/08/2014 11:29:20.99][186.90.106.103][1312] SELECT horas_lab FROM tblaca008 WHERE c_asigna='300228' AND horas_teoricas > 0 [1][0] OK
C:[04/08/2014 11:29:20.99][186.90.106.103][1312] SELECT horas_lab FROM tblaca008 WHERE c_asigna='300207' AND horas_teoricas > 0 [1][0] OK
C:[04/08/2014 11:29:35.56][190.77.211.56][1138] SELECT pre_cod_asig1,pre_cod_asig2,pre_cod_asig3,pre_cod_asig4,pre_cod_asig5,pre_cod_asig6,pre_cod_asig7 FROM tblaca009 WHERE pensum='5' AND c_uni_ca='5' AND c_asigna='355692' [1][0] OK
C:[04/08/2014 11:29:35.56][190.77.211.56][1151] SELECT c_asigna FROM dace004 WHERE exp_e='06-19297141' AND c_asigna='355448' AND status IN ('0','3','B','C') [1][0] OK
C:[04/08/2014 11:29:35.56][190.77.211.56][1151] SELECT c_asigna FROM dace004 WHERE exp_e='06-19297141' AND c_asigna='355570' AND status IN ('0','3','B','C') [1][0] OK
C:[04/08/2014 11:29:35.56][190.77.211.56][1138] SELECT pre_cod_asig1,pre_cod_asig2,pre_cod_asig3,pre_cod_asig4,pre_cod_asig5,pre_cod_asig6,pre_cod_asig7 FROM tblaca009 WHERE pensum='5' AND c_uni_ca='5' AND c_asigna='355723' [1][0] OK
C:[04/08/2014 11:29:35.56][190.77.211.56][1151] SELECT c_asigna FROM dace004 WHERE exp_e='06-19297141' AND c_asigna='355694' AND status IN ('0','3','B','C') [1][0] OK
C:[04/08/2014 11:29:35.43][190.77.211.56][1182] SELECT par_cod_asig1,par_cod_asig2,par_cod_asig3 FROM tblaca009 WHERE pensum='5' AND c_uni_ca='5' AND c_asigna='355692' [1][0] OK
C:[04/08/2014 11:29:35.43][190.77.211.56][1182] SELECT par_cod_asig1,par_cod_asig2,par_cod_asig3 FROM tblaca009 WHERE pensum='5' AND c_uni_ca='5' AND c_asigna='355723' [1][0] OK
C:[04/08/2014 11:29:35.69][190.77.211.56][1312] SELECT horas_lab FROM tblaca008 WHERE c_asigna='355692' AND horas_teoricas > 0 [1][0] OK
C:[04/08/2014 11:29:35.69][190.77.211.56][1312] SELECT horas_lab FROM tblaca008 WHERE c_asigna='355723' AND horas_teoricas > 0 [1][0] OK
C:[04/08/2014 11:30:27.43][190.207.35.58][1138] SELECT pre_cod_asig1,pre_cod_asig2,pre_cod_asig3,pre_cod_asig4,pre_cod_asig5,pre_cod_asig6,pre_cod_asig7 FROM tblaca009 WHERE pensum='5' AND c_uni_ca='3' AND c_asigna='300313' [1][0] OK
C:[04/08/2014 11:30:27.43][190.207.35.58][1151] SELECT c_asigna FROM dace004 WHERE exp_e='11-24541639' AND c_asigna='300213' AND status IN ('0','3','B','C') [1][0] OK
C:[04/08/2014 11:30:27.43][190.207.35.58][1151] SELECT c_asigna FROM dace004 WHERE exp_e='11-24541639' AND c_asigna='300226' AND status IN ('0','3','B','C') [1][0] OK
C:[04/08/2014 11:30:27.43][190.207.35.58][1151] SELECT c_asigna FROM dace004 WHERE exp_e='11-24541639' AND c_asigna='300222' AND status IN ('0','3','B','C') [1][0] OK
C:[04/08/2014 11:30:27.43][190.207.35.58][1151] SELECT c_asigna FROM dace004 WHERE exp_e='11-24541639' AND c_asigna='300209' AND status IN ('0','3','B','C') [1][0] OK
C:[04/08/2014 11:30:27.43][190.207.35.58][1138] SELECT pre_cod_asig1,pre_cod_asig2,pre_cod_asig3,pre_cod_asig4,pre_cod_asig5,pre_cod_asig6,pre_cod_asig7 FROM tblaca009 WHERE pensum='5' AND c_uni_ca='3' AND c_asigna='300428' [1][0] OK
C:[04/08/2014 11:30:27.43][190.207.35.58][1151] SELECT c_asigna FROM dace004 WHERE exp_e='11-24541639' AND c_asigna='300317' AND status IN ('0','3','B','C') [1][0] OK
C:[04/08/2014 11:30:27.43][190.207.35.58][1151] SELECT c_asigna FROM dace004 WHERE exp_e='11-24541639' AND c_asigna='300209' AND status IN ('0','3','B','C') [1][0] OK
C:[04/08/2014 11:30:27.67][190.207.35.58][1182] SELECT par_cod_asig1,par_cod_asig2,par_cod_asig3 FROM tblaca009 WHERE pensum='5' AND c_uni_ca='3' AND c_asigna='300313' [1][0] OK
C:[04/08/2014 11:30:27.67][190.207.35.58][1182] SELECT par_cod_asig1,par_cod_asig2,par_cod_asig3 FROM tblaca009 WHERE pensum='5' AND c_uni_ca='3' AND c_asigna='300428' [1][0] OK
C:[04/08/2014 11:30:27.94][190.207.35.58][1312] SELECT horas_lab FROM tblaca008 WHERE c_asigna='300313' AND horas_teoricas > 0 [1][0] OK
C:[04/08/2014 11:30:27.94][190.207.35.58][1312] SELECT horas_lab FROM tblaca008 WHERE c_asigna='300428' AND horas_teoricas > 0 [1][0] OK
C:[04/08/2014 11:33:43.94][200.90.120.158][1138] SELECT pre_cod_asig1,pre_cod_asig2,pre_cod_asig3,pre_cod_asig4,pre_cod_asig5,pre_cod_asig6,pre_cod_asig7 FROM tblaca009 WHERE pensum='5' AND c_uni_ca='5' AND c_asigna='355448' [1][0] OK
C:[04/08/2014 11:33:43.94][200.90.120.158][1151] SELECT c_asigna FROM dace004 WHERE exp_e='08-20298969' AND c_asigna='300313' AND status IN ('0','3','B','C') [1][0] OK
C:[04/08/2014 11:33:43.94][200.90.120.158][1151] SELECT c_asigna FROM dace004 WHERE exp_e='08-20298969' AND c_asigna='300209' AND status IN ('0','3','B','C') [1][0] OK
C:[04/08/2014 11:33:43.94][200.90.120.158][1151] SELECT c_asigna FROM dace004 WHERE exp_e='08-20298969' AND c_asigna='300226' AND status IN ('0','3','B','C') [1][0] OK
C:[04/08/2014 11:33:43.94][200.90.120.158][1151] SELECT c_asigna FROM dace004 WHERE exp_e='08-20298969' AND c_asigna='300222' AND status IN ('0','3','B','C') [1][0] OK
C:[04/08/2014 11:33:44.38][200.90.120.158][1182] SELECT par_cod_asig1,par_cod_asig2,par_cod_asig3 FROM tblaca009 WHERE pensum='5' AND c_uni_ca='5' AND c_asigna='355448' [1][0] OK
C:[04/08/2014 11:33:44.52][200.90.120.158][1312] SELECT horas_lab FROM tblaca008 WHERE c_asigna='355448' AND horas_teoricas > 0 [1][0] OK
C:[04/08/2014 11:35:00.31][186.94.81.28][1138] SELECT pre_cod_asig1,pre_cod_asig2,pre_cod_asig3,pre_cod_asig4,pre_cod_asig5,pre_cod_asig6,pre_cod_asig7 FROM tblaca009 WHERE pensum='5' AND c_uni_ca='4' AND c_asigna='300213' [1][0] OK
C:[04/08/2014 11:35:00.31][186.94.81.28][1151] SELECT c_asigna FROM dace004 WHERE exp_e='09-21234159' AND c_asigna='300101' AND status IN ('0','3','B','C') [1][0] OK
C:[04/08/2014 11:35:00.31][186.94.81.28][1138] SELECT pre_cod_asig1,pre_cod_asig2,pre_cod_asig3,pre_cod_asig4,pre_cod_asig5,pre_cod_asig6,pre_cod_asig7 FROM tblaca009 WHERE pensum='5' AND c_uni_ca='4' AND c_asigna='300317' [1][0] OK
C:[04/08/2014 11:35:00.31][186.94.81.28][1151] SELECT c_asigna FROM dace004 WHERE exp_e='09-21234159' AND c_asigna='300207' AND status IN ('0','3','B','C') [1][0] OK
C:[04/08/2014 11:35:00.31][186.94.81.28][1151] SELECT c_asigna FROM dace004 WHERE exp_e='09-21234159' AND c_asigna='300209' AND status IN ('0','3','B','C') [1][0] OK
C:[04/08/2014 11:35:00.19][186.94.81.28][1182] SELECT par_cod_asig1,par_cod_asig2,par_cod_asig3 FROM tblaca009 WHERE pensum='5' AND c_uni_ca='4' AND c_asigna='300213' [1][0] OK
C:[04/08/2014 11:35:00.19][186.94.81.28][1196] SELECT c_asigna FROM dace004 WHERE exp_e='09-21234159' AND c_asigna='300209' AND status IN ('0','3','B','C') [1][0] OK
C:[04/08/2014 11:35:00.19][186.94.81.28][1182] SELECT par_cod_asig1,par_cod_asig2,par_cod_asig3 FROM tblaca009 WHERE pensum='5' AND c_uni_ca='4' AND c_asigna='300317' [1][0] OK
C:[04/08/2014 11:35:00.58][186.94.81.28][1312] SELECT horas_lab FROM tblaca008 WHERE c_asigna='300213' AND horas_teoricas > 0 [1][0] OK
C:[04/08/2014 11:35:00.58][186.94.81.28][1312] SELECT horas_lab FROM tblaca008 WHERE c_asigna='300317' AND horas_teoricas > 0 [1][0] OK
C:[04/08/2014 11:38:11.00][190.73.235.160][1138] SELECT pre_cod_asig1,pre_cod_asig2,pre_cod_asig3,pre_cod_asig4,pre_cod_asig5,pre_cod_asig6,pre_cod_asig7 FROM tblaca009 WHERE pensum='5' AND c_uni_ca='3' AND c_asigna='311796' [1][0] OK
C:[04/08/2014 11:38:11.00][190.73.235.160][1151] SELECT c_asigna FROM dace004 WHERE exp_e='07-20223880' AND c_asigna='315671' AND status IN ('0','3','B','C') [1][0] OK
C:[04/08/2014 11:38:11.00][190.73.235.160][1138] SELECT pre_cod_asig1,pre_cod_asig2,pre_cod_asig3,pre_cod_asig4,pre_cod_asig5,pre_cod_asig6,pre_cod_asig7 FROM tblaca009 WHERE pensum='5' AND c_uni_ca='3' AND c_asigna='311826' [1][0] OK
C:[04/08/2014 11:38:11.00][190.73.235.160][1151] SELECT c_asigna FROM dace004 WHERE exp_e='07-20223880' AND c_asigna='311799' AND status IN ('0','3','B','C') [1][0] OK
C:[04/08/2014 11:38:11.75][190.73.235.160][1182] SELECT par_cod_asig1,par_cod_asig2,par_cod_asig3 FROM tblaca009 WHERE pensum='5' AND c_uni_ca='3' AND c_asigna='311796' [1][0] OK
C:[04/08/2014 11:38:11.75][190.73.235.160][1182] SELECT par_cod_asig1,par_cod_asig2,par_cod_asig3 FROM tblaca009 WHERE pensum='5' AND c_uni_ca='3' AND c_asigna='311826' [1][0] OK
C:[04/08/2014 11:38:11.01][190.73.235.160][1312] SELECT horas_lab FROM tblaca008 WHERE c_asigna='311796' AND horas_teoricas > 0 [1][0] OK
C:[04/08/2014 11:38:11.01][190.73.235.160][1312] SELECT horas_lab FROM tblaca008 WHERE c_asigna='311826' AND horas_teoricas > 0 [1][0] OK
C:[04/08/2014 11:38:14.25][186.88.171.118][1138] SELECT pre_cod_asig1,pre_cod_asig2,pre_cod_asig3,pre_cod_asig4,pre_cod_asig5,pre_cod_asig6,pre_cod_asig7 FROM tblaca009 WHERE pensum='5' AND c_uni_ca='5' AND c_asigna='300317' [1][0] OK
C:[04/08/2014 11:38:14.25][186.88.171.118][1151] SELECT c_asigna FROM dace004 WHERE exp_e='12-24855402' AND c_asigna='300207' AND status IN ('0','3','B','C') [1][0] OK
C:[04/08/2014 11:38:14.25][186.88.171.118][1151] SELECT c_asigna FROM dace004 WHERE exp_e='12-24855402' AND c_asigna='300209' AND status IN ('0','3','B','C') [1][0] OK
C:[04/08/2014 11:38:14.25][186.88.171.118][1138] SELECT pre_cod_asig1,pre_cod_asig2,pre_cod_asig3,pre_cod_asig4,pre_cod_asig5,pre_cod_asig6,pre_cod_asig7 FROM tblaca009 WHERE pensum='5' AND c_uni_ca='5' AND c_asigna='300318' [1][0] OK
C:[04/08/2014 11:38:14.25][186.88.171.118][1151] SELECT c_asigna FROM dace004 WHERE exp_e='12-24855402' AND c_asigna='300228' AND status IN ('0','3','B','C') [1][0] OK
C:[04/08/2014 11:38:14.25][186.88.171.118][1151] SELECT c_asigna FROM dace004 WHERE exp_e='12-24855402' AND c_asigna='300207' AND status IN ('0','3','B','C') [1][0] OK
C:[04/08/2014 11:38:14.25][186.88.171.118][1151] SELECT c_asigna FROM dace004 WHERE exp_e='12-24855402' AND c_asigna='300218' AND status IN ('0','3','B','C') [1][0] OK
C:[04/08/2014 11:38:14.13][186.88.171.118][1182] SELECT par_cod_asig1,par_cod_asig2,par_cod_asig3 FROM tblaca009 WHERE pensum='5' AND c_uni_ca='5' AND c_asigna='300317' [1][0] OK
C:[04/08/2014 11:38:14.13][186.88.171.118][1182] SELECT par_cod_asig1,par_cod_asig2,par_cod_asig3 FROM tblaca009 WHERE pensum='5' AND c_uni_ca='5' AND c_asigna='300318' [1][0] OK
C:[04/08/2014 11:38:14.39][186.88.171.118][1312] SELECT horas_lab FROM tblaca008 WHERE c_asigna='300317' AND horas_teoricas > 0 [1][0] OK
C:[04/08/2014 11:38:14.39][186.88.171.118][1312] SELECT horas_lab FROM tblaca008 WHERE c_asigna='300318' AND horas_teoricas > 0 [1][0] OK
C:[04/08/2014 11:39:45.57][186.94.81.28][1138] SELECT pre_cod_asig1,pre_cod_asig2,pre_cod_asig3,pre_cod_asig4,pre_cod_asig5,pre_cod_asig6,pre_cod_asig7 FROM tblaca009 WHERE pensum='5' AND c_uni_ca='6' AND c_asigna='340323' [1][0] OK
C:[04/08/2014 11:39:45.57][186.94.81.28][1151] SELECT c_asigna FROM dace004 WHERE exp_e='11-23730300' AND c_asigna='300228' AND status IN ('0','3','B','C') [1][0] OK
C:[04/08/2014 11:39:45.57][186.94.81.28][1151] SELECT c_asigna FROM dace004 WHERE exp_e='11-23730300' AND c_asigna='300207' AND status IN ('0','3','B','C') [1][0] OK
C:[04/08/2014 11:39:45.57][186.94.81.28][1138] SELECT pre_cod_asig1,pre_cod_asig2,pre_cod_asig3,pre_cod_asig4,pre_cod_asig5,pre_cod_asig6,pre_cod_asig7 FROM tblaca009 WHERE pensum='5' AND c_uni_ca='6' AND c_asigna='300428' [1][0] OK
C:[04/08/2014 11:39:45.57][186.94.81.28][1151] SELECT c_asigna FROM dace004 WHERE exp_e='11-23730300' AND c_asigna='300317' AND status IN ('0','3','B','C') [1][0] OK
C:[04/08/2014 11:39:45.57][186.94.81.28][1151] SELECT c_asigna FROM dace004 WHERE exp_e='11-23730300' AND c_asigna='300209' AND status IN ('0','3','B','C') [1][0] OK
C:[04/08/2014 11:39:45.57][186.94.81.28][1182] SELECT par_cod_asig1,par_cod_asig2,par_cod_asig3 FROM tblaca009 WHERE pensum='5' AND c_uni_ca='6' AND c_asigna='340323' [1][0] OK
C:[04/08/2014 11:39:45.57][186.94.81.28][1182] SELECT par_cod_asig1,par_cod_asig2,par_cod_asig3 FROM tblaca009 WHERE pensum='5' AND c_uni_ca='6' AND c_asigna='300428' [1][0] OK
C:[04/08/2014 11:39:45.83][186.94.81.28][1312] SELECT horas_lab FROM tblaca008 WHERE c_asigna='340323' AND horas_teoricas > 0 [1][0] OK
C:[04/08/2014 11:39:45.83][186.94.81.28][1312] SELECT horas_lab FROM tblaca008 WHERE c_asigna='300428' AND horas_teoricas > 0 [1][0] OK
C:[04/08/2014 11:40:10.66][201.243.100.117][1138] SELECT pre_cod_asig1,pre_cod_asig2,pre_cod_asig3,pre_cod_asig4,pre_cod_asig5,pre_cod_asig6,pre_cod_asig7 FROM tblaca009 WHERE pensum='5' AND c_uni_ca='5' AND c_asigna='355595' [1][0] OK
C:[04/08/2014 11:40:10.66][201.243.100.117][1151] SELECT c_asigna FROM dace004 WHERE exp_e='09-84391045' AND c_asigna='351451' AND status IN ('0','3','B','C') [1][0] OK
C:[04/08/2014 11:40:10.66][201.243.100.117][1151] SELECT c_asigna FROM dace004 WHERE exp_e='09-84391045' AND c_asigna='355350' AND status IN ('0','3','B','C') [1][0] OK
C:[04/08/2014 11:40:10.66][201.243.100.117][1151] SELECT c_asigna FROM dace004 WHERE exp_e='09-84391045' AND c_asigna='300318' AND status IN ('0','3','B','C') [1][0] OK
C:[04/08/2014 11:40:10.66][201.243.100.117][1138] SELECT pre_cod_asig1,pre_cod_asig2,pre_cod_asig3,pre_cod_asig4,pre_cod_asig5,pre_cod_asig6,pre_cod_asig7 FROM tblaca009 WHERE pensum='5' AND c_uni_ca='5' AND c_asigna='355694' [1][0] OK
C:[04/08/2014 11:40:10.66][201.243.100.117][1151] SELECT c_asigna FROM dace004 WHERE exp_e='09-84391045' AND c_asigna='355572' AND status IN ('0','3','B','C') [1][0] OK
C:[04/08/2014 11:40:10.66][201.243.100.117][1151] SELECT c_asigna FROM dace004 WHERE exp_e='09-84391045' AND c_asigna='355571' AND status IN ('0','3','B','C') [1][0] OK
C:[04/08/2014 11:40:10.77][201.243.100.117][1182] SELECT par_cod_asig1,par_cod_asig2,par_cod_asig3 FROM tblaca009 WHERE pensum='5' AND c_uni_ca='5' AND c_asigna='355595' [1][0] OK
C:[04/08/2014 11:40:10.77][201.243.100.117][1182] SELECT par_cod_asig1,par_cod_asig2,par_cod_asig3 FROM tblaca009 WHERE pensum='5' AND c_uni_ca='5' AND c_asigna='355694' [1][0] OK
C:[04/08/2014 11:40:10.04][201.243.100.117][1312] SELECT horas_lab FROM tblaca008 WHERE c_asigna='355595' AND horas_teoricas > 0 [1][0] OK
C:[04/08/2014 11:40:10.04][201.243.100.117][1312] SELECT horas_lab FROM tblaca008 WHERE c_asigna='355694' AND horas_teoricas > 0 [1][0] OK
C:[04/08/2014 11:40:40.45][186.94.81.28][1138] SELECT pre_cod_asig1,pre_cod_asig2,pre_cod_asig3,pre_cod_asig4,pre_cod_asig5,pre_cod_asig6,pre_cod_asig7 FROM tblaca009 WHERE pensum='5' AND c_uni_ca='2' AND c_asigna='300218' [1][0] OK
C:[04/08/2014 11:40:40.45][186.94.81.28][1151] SELECT c_asigna FROM dace004 WHERE exp_e='12-21249514' AND c_asigna='300101' AND status IN ('0','3','B','C') [1][0] OK
C:[04/08/2014 11:40:40.45][186.94.81.28][1138] SELECT pre_cod_asig1,pre_cod_asig2,pre_cod_asig3,pre_cod_asig4,pre_cod_asig5,pre_cod_asig6,pre_cod_asig7 FROM tblaca009 WHERE pensum='5' AND c_uni_ca='2' AND c_asigna='300228' [1][0] OK
C:[04/08/2014 11:40:40.45][186.94.81.28][1151] SELECT c_asigna FROM dace004 WHERE exp_e='12-21249514' AND c_asigna='300101' AND status IN ('0','3','B','C') [1][0] OK
C:[04/08/2014 11:40:40.20][186.94.81.28][1182] SELECT par_cod_asig1,par_cod_asig2,par_cod_asig3 FROM tblaca009 WHERE pensum='5' AND c_uni_ca='2' AND c_asigna='300218' [1][0] OK
C:[04/08/2014 11:40:40.20][186.94.81.28][1196] SELECT c_asigna FROM dace004 WHERE exp_e='12-21249514' AND c_asigna='300228' AND status IN ('0','3','B','C') [0][0] OK
C:[04/08/2014 11:40:40.20][186.94.81.28][1182] SELECT par_cod_asig1,par_cod_asig2,par_cod_asig3 FROM tblaca009 WHERE pensum='5' AND c_uni_ca='2' AND c_asigna='300228' [1][0] OK
C:[04/08/2014 11:40:40.58][186.94.81.28][1312] SELECT horas_lab FROM tblaca008 WHERE c_asigna='300218' AND horas_teoricas > 0 [0][0] OK
C:[04/08/2014 11:40:40.58][186.94.81.28][1312] SELECT horas_lab FROM tblaca008 WHERE c_asigna='300228' AND horas_teoricas > 0 [1][0] OK
C:[04/08/2014 11:41:56.50][200.90.102.66][1138] SELECT pre_cod_asig1,pre_cod_asig2,pre_cod_asig3,pre_cod_asig4,pre_cod_asig5,pre_cod_asig6,pre_cod_asig7 FROM tblaca009 WHERE pensum='5' AND c_uni_ca='3' AND c_asigna='312333' [1][0] OK
C:[04/08/2014 11:41:56.50][200.90.102.66][1151] SELECT c_asigna FROM dace004 WHERE exp_e='09-18452997' AND c_asigna='300228' AND status IN ('0','3','B','C') [1][0] OK
C:[04/08/2014 11:41:56.50][200.90.102.66][1138] SELECT pre_cod_asig1,pre_cod_asig2,pre_cod_asig3,pre_cod_asig4,pre_cod_asig5,pre_cod_asig6,pre_cod_asig7 FROM tblaca009 WHERE pensum='5' AND c_uni_ca='3' AND c_asigna='311430' [1][0] OK
C:[04/08/2014 11:41:56.50][200.90.102.66][1151] SELECT c_asigna FROM dace004 WHERE exp_e='09-18452997' AND c_asigna='300317' AND status IN ('0','3','B','C') [1][0] OK
C:[04/08/2014 11:41:56.50][200.90.102.66][1151] SELECT c_asigna FROM dace004 WHERE exp_e='09-18452997' AND c_asigna='300318' AND status IN ('0','3','B','C') [1][0] OK
C:[04/08/2014 11:41:56.50][200.90.102.66][1151] SELECT c_asigna FROM dace004 WHERE exp_e='09-18452997' AND c_asigna='300313' AND status IN ('0','3','B','C') [1][0] OK
C:[04/08/2014 11:41:56.50][200.90.102.66][1151] SELECT c_asigna FROM dace004 WHERE exp_e='09-18452997' AND c_asigna='300222' AND status IN ('0','3','B','C') [1][0] OK
C:[04/08/2014 11:41:56.50][200.90.102.66][1151] SELECT c_asigna FROM dace004 WHERE exp_e='09-18452997' AND c_asigna='300226' AND status IN ('0','3','B','C') [1][0] OK
C:[04/08/2014 11:41:56.50][200.90.102.66][1151] SELECT c_asigna FROM dace004 WHERE exp_e='09-18452997' AND c_asigna='300209' AND status IN ('0','3','B','C') [1][0] OK
C:[04/08/2014 11:41:57.91][200.90.102.66][1182] SELECT par_cod_asig1,par_cod_asig2,par_cod_asig3 FROM tblaca009 WHERE pensum='5' AND c_uni_ca='3' AND c_asigna='312333' [1][0] OK
C:[04/08/2014 11:41:57.91][200.90.102.66][1182] SELECT par_cod_asig1,par_cod_asig2,par_cod_asig3 FROM tblaca009 WHERE pensum='5' AND c_uni_ca='3' AND c_asigna='311430' [1][0] OK
C:[04/08/2014 11:41:57.13][200.90.102.66][1312] SELECT horas_lab FROM tblaca008 WHERE c_asigna='312333' AND horas_teoricas > 0 [1][0] OK
C:[04/08/2014 11:41:57.13][200.90.102.66][1312] SELECT horas_lab FROM tblaca008 WHERE c_asigna='311430' AND horas_teoricas > 0 [1][0] OK
C:[04/08/2014 11:43:09.45][190.202.19.202][1138] SELECT pre_cod_asig1,pre_cod_asig2,pre_cod_asig3,pre_cod_asig4,pre_cod_asig5,pre_cod_asig6,pre_cod_asig7 FROM tblaca009 WHERE pensum='5' AND c_uni_ca='3' AND c_asigna='311094' [1][0] OK
C:[04/08/2014 11:43:09.45][190.202.19.202][1151] SELECT c_asigna FROM dace004 WHERE exp_e='07-20645646' AND c_asigna='311822' AND status IN ('0','3','B','C') [1][0] OK
C:[04/08/2014 11:43:09.45][190.202.19.202][1151] SELECT c_asigna FROM dace004 WHERE exp_e='07-20645646' AND c_asigna='311823' AND status IN ('0','3','B','C') [1][0] OK
C:[04/08/2014 11:43:09.45][190.202.19.202][1138] SELECT pre_cod_asig1,pre_cod_asig2,pre_cod_asig3,pre_cod_asig4,pre_cod_asig5,pre_cod_asig6,pre_cod_asig7 FROM tblaca009 WHERE pensum='5' AND c_uni_ca='3' AND c_asigna='311986' [1][0] OK
C:[04/08/2014 11:43:09.45][190.202.19.202][1151] SELECT c_asigna FROM dace004 WHERE exp_e='07-20645646' AND c_asigna='311825' AND status IN ('0','3','B','C') [1][0] OK
C:[04/08/2014 11:43:09.45][190.202.19.202][1182] SELECT par_cod_asig1,par_cod_asig2,par_cod_asig3 FROM tblaca009 WHERE pensum='5' AND c_uni_ca='3' AND c_asigna='311094' [1][0] OK
C:[04/08/2014 11:43:09.45][190.202.19.202][1182] SELECT par_cod_asig1,par_cod_asig2,par_cod_asig3 FROM tblaca009 WHERE pensum='5' AND c_uni_ca='3' AND c_asigna='311986' [1][0] OK
C:[04/08/2014 11:43:09.71][190.202.19.202][1312] SELECT horas_lab FROM tblaca008 WHERE c_asigna='311094' AND horas_teoricas > 0 [1][0] OK
C:[04/08/2014 11:43:09.71][190.202.19.202][1312] SELECT horas_lab FROM tblaca008 WHERE c_asigna='311986' AND horas_teoricas > 0 [1][0] OK
C:[04/08/2014 11:44:23.74][200.90.103.54][1138] SELECT pre_cod_asig1,pre_cod_asig2,pre_cod_asig3,pre_cod_asig4,pre_cod_asig5,pre_cod_asig6,pre_cod_asig7 FROM tblaca009 WHERE pensum='5' AND c_uni_ca='5' AND c_asigna='355570' [1][0] OK
C:[04/08/2014 11:44:23.74][200.90.103.54][1151] SELECT c_asigna FROM dace004 WHERE exp_e='08-19158741' AND c_asigna='355447' AND status IN ('0','3','B','C') [1][0] OK
C:[04/08/2014 11:44:23.74][200.90.103.54][1138] SELECT pre_cod_asig1,pre_cod_asig2,pre_cod_asig3,pre_cod_asig4,pre_cod_asig5,pre_cod_asig6,pre_cod_asig7 FROM tblaca009 WHERE pensum='5' AND c_uni_ca='5' AND c_asigna='355694' [1][0] OK
C:[04/08/2014 11:44:23.74][200.90.103.54][1151] SELECT c_asigna FROM dace004 WHERE exp_e='08-19158741' AND c_asigna='355572' AND status IN ('0','3','B','C') [1][0] OK
C:[04/08/2014 11:44:23.74][200.90.103.54][1151] SELECT c_asigna FROM dace004 WHERE exp_e='08-19158741' AND c_asigna='355571' AND status IN ('0','3','B','C') [1][0] OK
C:[04/08/2014 11:44:23.74][200.90.103.54][1138] SELECT pre_cod_asig1,pre_cod_asig2,pre_cod_asig3,pre_cod_asig4,pre_cod_asig5,pre_cod_asig6,pre_cod_asig7 FROM tblaca009 WHERE pensum='5' AND c_uni_ca='5' AND c_asigna='355693' [1][0] OK
C:[04/08/2014 11:44:23.74][200.90.103.54][1151] SELECT c_asigna FROM dace004 WHERE exp_e='08-19158741' AND c_asigna='355572' AND status IN ('0','3','B','C') [1][0] OK
C:[04/08/2014 11:44:23.74][200.90.103.54][1151] SELECT c_asigna FROM dace004 WHERE exp_e='08-19158741' AND c_asigna='352440' AND status IN ('0','3','B','C') [1][0] OK
C:[04/08/2014 11:44:23.74][200.90.103.54][1151] SELECT c_asigna FROM dace004 WHERE exp_e='08-19158741' AND c_asigna='355573' AND status IN ('0','3','B','C') [1][0] OK
C:[04/08/2014 11:44:23.74][200.90.103.54][1151] SELECT c_asigna FROM dace004 WHERE exp_e='08-19158741' AND c_asigna='300226' AND status IN ('0','3','B','C') [1][0] OK
C:[04/08/2014 11:44:23.74][200.90.103.54][1151] SELECT c_asigna FROM dace004 WHERE exp_e='08-19158741' AND c_asigna='300222' AND status IN ('0','3','B','C') [1][0] OK
C:[04/08/2014 11:44:23.74][200.90.103.54][1151] SELECT c_asigna FROM dace004 WHERE exp_e='08-19158741' AND c_asigna='300013' AND status IN ('0','3','B','C') [1][0] OK
C:[04/08/2014 11:44:23.74][200.90.103.54][1151] SELECT c_asigna FROM dace004 WHERE exp_e='08-19158741' AND c_asigna='300113' AND status IN ('0','3','B','C') [1][0] OK
C:[04/08/2014 11:44:24.43][200.90.103.54][1182] SELECT par_cod_asig1,par_cod_asig2,par_cod_asig3 FROM tblaca009 WHERE pensum='5' AND c_uni_ca='5' AND c_asigna='355570' [1][0] OK
C:[04/08/2014 11:44:24.43][200.90.103.54][1182] SELECT par_cod_asig1,par_cod_asig2,par_cod_asig3 FROM tblaca009 WHERE pensum='5' AND c_uni_ca='5' AND c_asigna='355694' [1][0] OK
C:[04/08/2014 11:44:24.43][200.90.103.54][1182] SELECT par_cod_asig1,par_cod_asig2,par_cod_asig3 FROM tblaca009 WHERE pensum='5' AND c_uni_ca='5' AND c_asigna='355693' [1][0] OK
C:[04/08/2014 11:44:24.82][200.90.103.54][1312] SELECT horas_lab FROM tblaca008 WHERE c_asigna='355570' AND horas_teoricas > 0 [1][0] OK
C:[04/08/2014 11:44:24.82][200.90.103.54][1312] SELECT horas_lab FROM tblaca008 WHERE c_asigna='355694' AND horas_teoricas > 0 [1][0] OK
C:[04/08/2014 11:44:24.82][200.90.103.54][1312] SELECT horas_lab FROM tblaca008 WHERE c_asigna='355693' AND horas_teoricas > 0 [1][0] OK
C:[04/08/2014 11:45:37.31][186.94.81.28][1138] SELECT pre_cod_asig1,pre_cod_asig2,pre_cod_asig3,pre_cod_asig4,pre_cod_asig5,pre_cod_asig6,pre_cod_asig7 FROM tblaca009 WHERE pensum='5' AND c_uni_ca='2' AND c_asigna='320311' [1][0] OK
C:[04/08/2014 11:45:37.31][186.94.81.28][1151] SELECT c_asigna FROM dace004 WHERE exp_e='12-24411289' AND c_asigna='300013' AND status IN ('0','3','B','C') [1][0] OK
C:[04/08/2014 11:45:37.31][186.94.81.28][1151] SELECT c_asigna FROM dace004 WHERE exp_e='12-24411289' AND c_asigna='300113' AND status IN ('0','3','B','C') [1][0] OK
C:[04/08/2014 11:45:37.31][186.94.81.28][1138] SELECT pre_cod_asig1,pre_cod_asig2,pre_cod_asig3,pre_cod_asig4,pre_cod_asig5,pre_cod_asig6,pre_cod_asig7 FROM tblaca009 WHERE pensum='5' AND c_uni_ca='2' AND c_asigna='300428' [1][0] OK
C:[04/08/2014 11:45:37.31][186.94.81.28][1151] SELECT c_asigna FROM dace004 WHERE exp_e='12-24411289' AND c_asigna='300317' AND status IN ('0','3','B','C') [1][0] OK
C:[04/08/2014 11:45:37.31][186.94.81.28][1151] SELECT c_asigna FROM dace004 WHERE exp_e='12-24411289' AND c_asigna='300209' AND status IN ('0','3','B','C') [1][0] OK
C:[04/08/2014 11:45:38.32][186.94.81.28][1182] SELECT par_cod_asig1,par_cod_asig2,par_cod_asig3 FROM tblaca009 WHERE pensum='5' AND c_uni_ca='2' AND c_asigna='320311' [1][0] OK
C:[04/08/2014 11:45:38.32][186.94.81.28][1182] SELECT par_cod_asig1,par_cod_asig2,par_cod_asig3 FROM tblaca009 WHERE pensum='5' AND c_uni_ca='2' AND c_asigna='300428' [1][0] OK
C:[04/08/2014 11:45:38.57][186.94.81.28][1312] SELECT horas_lab FROM tblaca008 WHERE c_asigna='320311' AND horas_teoricas > 0 [1][0] OK
C:[04/08/2014 11:45:38.57][186.94.81.28][1312] SELECT horas_lab FROM tblaca008 WHERE c_asigna='300428' AND horas_teoricas > 0 [1][0] OK
C:[04/08/2014 11:46:53.21][190.206.70.254][1138] SELECT pre_cod_asig1,pre_cod_asig2,pre_cod_asig3,pre_cod_asig4,pre_cod_asig5,pre_cod_asig6,pre_cod_asig7 FROM tblaca009 WHERE pensum='5' AND c_uni_ca='3' AND c_asigna='300317' [1][0] OK
C:[04/08/2014 11:46:53.21][190.206.70.254][1151] SELECT c_asigna FROM dace004 WHERE exp_e='09-20808525' AND c_asigna='300207' AND status IN ('0','3','B','C') [1][0] OK
C:[04/08/2014 11:46:53.21][190.206.70.254][1151] SELECT c_asigna FROM dace004 WHERE exp_e='09-20808525' AND c_asigna='300209' AND status IN ('0','3','B','C') [1][0] OK
C:[04/08/2014 11:46:53.83][190.206.70.254][1182] SELECT par_cod_asig1,par_cod_asig2,par_cod_asig3 FROM tblaca009 WHERE pensum='5' AND c_uni_ca='3' AND c_asigna='300317' [1][0] OK
C:[04/08/2014 11:46:53.97][190.206.70.254][1312] SELECT horas_lab FROM tblaca008 WHERE c_asigna='300317' AND horas_teoricas > 0 [1][0] OK
C:[04/08/2014 11:47:00.19][190.207.35.42][1138] SELECT pre_cod_asig1,pre_cod_asig2,pre_cod_asig3,pre_cod_asig4,pre_cod_asig5,pre_cod_asig6,pre_cod_asig7 FROM tblaca009 WHERE pensum='5' AND c_uni_ca='6' AND c_asigna='300313' [1][0] OK
C:[04/08/2014 11:47:00.19][190.207.35.42][1151] SELECT c_asigna FROM dace004 WHERE exp_e='04-16287797' AND c_asigna='300213' AND status IN ('0','3','B','C') [1][0] OK
C:[04/08/2014 11:47:00.19][190.207.35.42][1151] SELECT c_asigna FROM dace004 WHERE exp_e='04-16287797' AND c_asigna='300226' AND status IN ('0','3','B','C') [1][0] OK
C:[04/08/2014 11:47:00.19][190.207.35.42][1151] SELECT c_asigna FROM dace004 WHERE exp_e='04-16287797' AND c_asigna='300222' AND status IN ('0','3','B','C') [1][0] OK
C:[04/08/2014 11:47:00.19][190.207.35.42][1151] SELECT c_asigna FROM dace004 WHERE exp_e='04-16287797' AND c_asigna='300209' AND status IN ('0','3','B','C') [1][0] OK
C:[04/08/2014 11:47:00.19][190.207.35.42][1138] SELECT pre_cod_asig1,pre_cod_asig2,pre_cod_asig3,pre_cod_asig4,pre_cod_asig5,pre_cod_asig6,pre_cod_asig7 FROM tblaca009 WHERE pensum='5' AND c_uni_ca='6' AND c_asigna='300428' [1][0] OK
C:[04/08/2014 11:47:00.19][190.207.35.42][1151] SELECT c_asigna FROM dace004 WHERE exp_e='04-16287797' AND c_asigna='300317' AND status IN ('0','3','B','C') [1][0] OK
C:[04/08/2014 11:47:00.19][190.207.35.42][1151] SELECT c_asigna FROM dace004 WHERE exp_e='04-16287797' AND c_asigna='300209' AND status IN ('0','3','B','C') [1][0] OK
C:[04/08/2014 11:47:00.19][190.207.35.42][1182] SELECT par_cod_asig1,par_cod_asig2,par_cod_asig3 FROM tblaca009 WHERE pensum='5' AND c_uni_ca='6' AND c_asigna='300313' [1][0] OK
C:[04/08/2014 11:47:00.19][190.207.35.42][1182] SELECT par_cod_asig1,par_cod_asig2,par_cod_asig3 FROM tblaca009 WHERE pensum='5' AND c_uni_ca='6' AND c_asigna='300428' [1][0] OK
C:[04/08/2014 11:47:00.46][190.207.35.42][1312] SELECT horas_lab FROM tblaca008 WHERE c_asigna='300313' AND horas_teoricas > 0 [1][0] OK
C:[04/08/2014 11:47:00.46][190.207.35.42][1312] SELECT horas_lab FROM tblaca008 WHERE c_asigna='300428' AND horas_teoricas > 0 [1][0] OK
C:[04/08/2014 12:03:26.09][190.204.200.144][1138] SELECT pre_cod_asig1,pre_cod_asig2,pre_cod_asig3,pre_cod_asig4,pre_cod_asig5,pre_cod_asig6,pre_cod_asig7 FROM tblaca009 WHERE pensum='5' AND c_uni_ca='4' AND c_asigna='300317' [1][0] OK
C:[04/08/2014 12:03:26.09][190.204.200.144][1151] SELECT c_asigna FROM dace004 WHERE exp_e='12-20505403' AND c_asigna='300207' AND status IN ('0','3','B','C') [1][0] OK
C:[04/08/2014 12:03:26.09][190.204.200.144][1151] SELECT c_asigna FROM dace004 WHERE exp_e='12-20505403' AND c_asigna='300209' AND status IN ('0','3','B','C') [1][0] OK
C:[04/08/2014 12:03:26.28][190.204.200.144][1182] SELECT par_cod_asig1,par_cod_asig2,par_cod_asig3 FROM tblaca009 WHERE pensum='5' AND c_uni_ca='4' AND c_asigna='300317' [1][0] OK
C:[04/08/2014 12:03:26.42][190.204.200.144][1312] SELECT horas_lab FROM tblaca008 WHERE c_asigna='300317' AND horas_teoricas > 0 [1][0] OK
C:[04/08/2014 12:03:27.89][186.94.81.28][1138] SELECT pre_cod_asig1,pre_cod_asig2,pre_cod_asig3,pre_cod_asig4,pre_cod_asig5,pre_cod_asig6,pre_cod_asig7 FROM tblaca009 WHERE pensum='5' AND c_uni_ca='3' AND c_asigna='300313' [1][0] OK
C:[04/08/2014 12:03:27.89][186.94.81.28][1151] SELECT c_asigna FROM dace004 WHERE exp_e='12-23017007' AND c_asigna='300213' AND status IN ('0','3','B','C') [1][0] OK
C:[04/08/2014 12:03:27.89][186.94.81.28][1151] SELECT c_asigna FROM dace004 WHERE exp_e='12-23017007' AND c_asigna='300226' AND status IN ('0','3','B','C') [1][0] OK
C:[04/08/2014 12:03:27.89][186.94.81.28][1151] SELECT c_asigna FROM dace004 WHERE exp_e='12-23017007' AND c_asigna='300222' AND status IN ('0','3','B','C') [1][0] OK
C:[04/08/2014 12:03:27.89][186.94.81.28][1151] SELECT c_asigna FROM dace004 WHERE exp_e='12-23017007' AND c_asigna='300209' AND status IN ('0','3','B','C') [1][0] OK
C:[04/08/2014 12:03:27.89][186.94.81.28][1138] SELECT pre_cod_asig1,pre_cod_asig2,pre_cod_asig3,pre_cod_asig4,pre_cod_asig5,pre_cod_asig6,pre_cod_asig7 FROM tblaca009 WHERE pensum='5' AND c_uni_ca='3' AND c_asigna='300318' [1][0] OK
C:[04/08/2014 12:03:27.89][186.94.81.28][1151] SELECT c_asigna FROM dace004 WHERE exp_e='12-23017007' AND c_asigna='300228' AND status IN ('0','3','B','C') [1][0] OK
C:[04/08/2014 12:03:27.89][186.94.81.28][1151] SELECT c_asigna FROM dace004 WHERE exp_e='12-23017007' AND c_asigna='300207' AND status IN ('0','3','B','C') [1][0] OK
C:[04/08/2014 12:03:27.89][186.94.81.28][1151] SELECT c_asigna FROM dace004 WHERE exp_e='12-23017007' AND c_asigna='300218' AND status IN ('0','3','B','C') [1][0] OK
C:[04/08/2014 12:03:27.02][186.94.81.28][1182] SELECT par_cod_asig1,par_cod_asig2,par_cod_asig3 FROM tblaca009 WHERE pensum='5' AND c_uni_ca='3' AND c_asigna='300313' [1][0] OK
C:[04/08/2014 12:03:27.02][186.94.81.28][1182] SELECT par_cod_asig1,par_cod_asig2,par_cod_asig3 FROM tblaca009 WHERE pensum='5' AND c_uni_ca='3' AND c_asigna='300318' [1][0] OK
C:[04/08/2014 12:03:27.27][186.94.81.28][1312] SELECT horas_lab FROM tblaca008 WHERE c_asigna='300313' AND horas_teoricas > 0 [1][0] OK
C:[04/08/2014 12:03:27.27][186.94.81.28][1312] SELECT horas_lab FROM tblaca008 WHERE c_asigna='300318' AND horas_teoricas > 0 [1][0] OK
C:[04/08/2014 12:09:13.50][190.206.92.29][1138] SELECT pre_cod_asig1,pre_cod_asig2,pre_cod_asig3,pre_cod_asig4,pre_cod_asig5,pre_cod_asig6,pre_cod_asig7 FROM tblaca009 WHERE pensum='5' AND c_uni_ca='5' AND c_asigna='355573' [1][0] OK
C:[04/08/2014 12:09:13.50][190.206.92.29][1151] SELECT c_asigna FROM dace004 WHERE exp_e='09-20805719' AND c_asigna='355448' AND status IN ('0','3','B','C') [1][0] OK
C:[04/08/2014 12:09:13.50][190.206.92.29][1138] SELECT pre_cod_asig1,pre_cod_asig2,pre_cod_asig3,pre_cod_asig4,pre_cod_asig5,pre_cod_asig6,pre_cod_asig7 FROM tblaca009 WHERE pensum='5' AND c_uni_ca='5' AND c_asigna='355691' [1][0] OK
C:[04/08/2014 12:09:13.50][190.206.92.29][1151] SELECT c_asigna FROM dace004 WHERE exp_e='09-20805719' AND c_asigna='355571' AND status IN ('0','3','B','C') [1][0] OK
C:[04/08/2014 12:09:13.69][190.206.92.29][1182] SELECT par_cod_asig1,par_cod_asig2,par_cod_asig3 FROM tblaca009 WHERE pensum='5' AND c_uni_ca='5' AND c_asigna='355573' [1][0] OK
C:[04/08/2014 12:09:13.69][190.206.92.29][1182] SELECT par_cod_asig1,par_cod_asig2,par_cod_asig3 FROM tblaca009 WHERE pensum='5' AND c_uni_ca='5' AND c_asigna='355691' [1][0] OK
C:[04/08/2014 12:09:13.97][190.206.92.29][1312] SELECT horas_lab FROM tblaca008 WHERE c_asigna='355573' AND horas_teoricas > 0 [1][0] OK
C:[04/08/2014 12:09:13.97][190.206.92.29][1312] SELECT horas_lab FROM tblaca008 WHERE c_asigna='355691' AND horas_teoricas > 0 [1][0] OK
C:[04/08/2014 12:10:09.28][186.94.81.28][1138] SELECT pre_cod_asig1,pre_cod_asig2,pre_cod_asig3,pre_cod_asig4,pre_cod_asig5,pre_cod_asig6,pre_cod_asig7 FROM tblaca009 WHERE pensum='5' AND c_uni_ca='3' AND c_asigna='300428' [1][0] OK
C:[04/08/2014 12:10:09.28][186.94.81.28][1151] SELECT c_asigna FROM dace004 WHERE exp_e='12-25084035' AND c_asigna='300317' AND status IN ('0','3','B','C') [1][0] OK
C:[04/08/2014 12:10:09.28][186.94.81.28][1151] SELECT c_asigna FROM dace004 WHERE exp_e='12-25084035' AND c_asigna='300209' AND status IN ('0','3','B','C') [1][0] OK
C:[04/08/2014 12:10:09.28][186.94.81.28][1138] SELECT pre_cod_asig1,pre_cod_asig2,pre_cod_asig3,pre_cod_asig4,pre_cod_asig5,pre_cod_asig6,pre_cod_asig7 FROM tblaca009 WHERE pensum='5' AND c_uni_ca='3' AND c_asigna='311430' [1][0] OK
C:[04/08/2014 12:10:09.28][186.94.81.28][1151] SELECT c_asigna FROM dace004 WHERE exp_e='12-25084035' AND c_asigna='300317' AND status IN ('0','3','B','C') [1][0] OK
C:[04/08/2014 12:10:09.28][186.94.81.28][1151] SELECT c_asigna FROM dace004 WHERE exp_e='12-25084035' AND c_asigna='300318' AND status IN ('0','3','B','C') [1][0] OK
C:[04/08/2014 12:10:09.28][186.94.81.28][1151] SELECT c_asigna FROM dace004 WHERE exp_e='12-25084035' AND c_asigna='300313' AND status IN ('0','3','B','C') [1][0] OK
C:[04/08/2014 12:10:09.28][186.94.81.28][1151] SELECT c_asigna FROM dace004 WHERE exp_e='12-25084035' AND c_asigna='300222' AND status IN ('0','3','B','C') [1][0] OK
C:[04/08/2014 12:10:09.28][186.94.81.28][1151] SELECT c_asigna FROM dace004 WHERE exp_e='12-25084035' AND c_asigna='300226' AND status IN ('0','3','B','C') [1][0] OK
C:[04/08/2014 12:10:09.28][186.94.81.28][1151] SELECT c_asigna FROM dace004 WHERE exp_e='12-25084035' AND c_asigna='300209' AND status IN ('0','3','B','C') [1][0] OK
C:[04/08/2014 12:10:10.91][186.94.81.28][1182] SELECT par_cod_asig1,par_cod_asig2,par_cod_asig3 FROM tblaca009 WHERE pensum='5' AND c_uni_ca='3' AND c_asigna='300428' [1][0] OK
C:[04/08/2014 12:10:10.91][186.94.81.28][1182] SELECT par_cod_asig1,par_cod_asig2,par_cod_asig3 FROM tblaca009 WHERE pensum='5' AND c_uni_ca='3' AND c_asigna='311430' [1][0] OK
C:[04/08/2014 12:10:10.18][186.94.81.28][1312] SELECT horas_lab FROM tblaca008 WHERE c_asigna='300428' AND horas_teoricas > 0 [1][0] OK
C:[04/08/2014 12:10:10.18][186.94.81.28][1312] SELECT horas_lab FROM tblaca008 WHERE c_asigna='311430' AND horas_teoricas > 0 [1][0] OK
C:[04/08/2014 12:10:38.96][186.94.81.28][1138] SELECT pre_cod_asig1,pre_cod_asig2,pre_cod_asig3,pre_cod_asig4,pre_cod_asig5,pre_cod_asig6,pre_cod_asig7 FROM tblaca009 WHERE pensum='5' AND c_uni_ca='5' AND c_asigna='300318' [1][0] OK
C:[04/08/2014 12:10:38.96][186.94.81.28][1151] SELECT c_asigna FROM dace004 WHERE exp_e='11-21250617' AND c_asigna='300228' AND status IN ('0','3','B','C') [1][0] OK
C:[04/08/2014 12:10:38.96][186.94.81.28][1151] SELECT c_asigna FROM dace004 WHERE exp_e='11-21250617' AND c_asigna='300207' AND status IN ('0','3','B','C') [1][0] OK
C:[04/08/2014 12:10:38.96][186.94.81.28][1151] SELECT c_asigna FROM dace004 WHERE exp_e='11-21250617' AND c_asigna='300218' AND status IN ('0','3','B','C') [1][0] OK
C:[04/08/2014 12:10:38.96][186.94.81.28][1138] SELECT pre_cod_asig1,pre_cod_asig2,pre_cod_asig3,pre_cod_asig4,pre_cod_asig5,pre_cod_asig6,pre_cod_asig7 FROM tblaca009 WHERE pensum='5' AND c_uni_ca='5' AND c_asigna='300313' [1][0] OK
C:[04/08/2014 12:10:38.96][186.94.81.28][1151] SELECT c_asigna FROM dace004 WHERE exp_e='11-21250617' AND c_asigna='300213' AND status IN ('0','3','B','C') [1][0] OK
C:[04/08/2014 12:10:38.96][186.94.81.28][1151] SELECT c_asigna FROM dace004 WHERE exp_e='11-21250617' AND c_asigna='300226' AND status IN ('0','3','B','C') [1][0] OK
C:[04/08/2014 12:10:38.96][186.94.81.28][1151] SELECT c_asigna FROM dace004 WHERE exp_e='11-21250617' AND c_asigna='300222' AND status IN ('0','3','B','C') [1][0] OK
C:[04/08/2014 12:10:38.96][186.94.81.28][1151] SELECT c_asigna FROM dace004 WHERE exp_e='11-21250617' AND c_asigna='300209' AND status IN ('0','3','B','C') [1][0] OK
C:[04/08/2014 12:10:38.96][186.94.81.28][1138] SELECT pre_cod_asig1,pre_cod_asig2,pre_cod_asig3,pre_cod_asig4,pre_cod_asig5,pre_cod_asig6,pre_cod_asig7 FROM tblaca009 WHERE pensum='5' AND c_uni_ca='5' AND c_asigna='351330' [1][0] OK
C:[04/08/2014 12:10:38.96][186.94.81.28][1151] SELECT c_asigna FROM dace004 WHERE exp_e='11-21250617' AND c_asigna='300218' AND status IN ('0','3','B','C') [1][0] OK
C:[04/08/2014 12:10:38.58][186.94.81.28][1182] SELECT par_cod_asig1,par_cod_asig2,par_cod_asig3 FROM tblaca009 WHERE pensum='5' AND c_uni_ca='5' AND c_asigna='300318' [1][0] OK
C:[04/08/2014 12:10:38.58][186.94.81.28][1182] SELECT par_cod_asig1,par_cod_asig2,par_cod_asig3 FROM tblaca009 WHERE pensum='5' AND c_uni_ca='5' AND c_asigna='300313' [1][0] OK
C:[04/08/2014 12:10:38.58][186.94.81.28][1182] SELECT par_cod_asig1,par_cod_asig2,par_cod_asig3 FROM tblaca009 WHERE pensum='5' AND c_uni_ca='5' AND c_asigna='351330' [1][0] OK
C:[04/08/2014 12:10:38.58][186.94.81.28][1196] SELECT c_asigna FROM dace004 WHERE exp_e='11-21250617' AND c_asigna='300318' AND status IN ('0','3','B','C') [0][0] OK
C:[04/08/2014 12:10:38.58][186.94.81.28][1196] SELECT c_asigna FROM dace004 WHERE exp_e='11-21250617' AND c_asigna='300317' AND status IN ('0','3','B','C') [1][0] OK
C:[04/08/2014 12:10:38.22][186.94.81.28][1312] SELECT horas_lab FROM tblaca008 WHERE c_asigna='300318' AND horas_teoricas > 0 [1][0] OK
C:[04/08/2014 12:10:38.22][186.94.81.28][1312] SELECT horas_lab FROM tblaca008 WHERE c_asigna='300313' AND horas_teoricas > 0 [1][0] OK
C:[04/08/2014 12:10:38.22][186.94.81.28][1312] SELECT horas_lab FROM tblaca008 WHERE c_asigna='351330' AND horas_teoricas > 0 [1][0] OK
C:[04/08/2014 12:12:33.03][190.199.66.15][1138] SELECT pre_cod_asig1,pre_cod_asig2,pre_cod_asig3,pre_cod_asig4,pre_cod_asig5,pre_cod_asig6,pre_cod_asig7 FROM tblaca009 WHERE pensum='5' AND c_uni_ca='5' AND c_asigna='352440' [1][0] OK
C:[04/08/2014 12:12:33.03][190.199.66.15][1151] SELECT c_asigna FROM dace004 WHERE exp_e='06-18901509' AND c_asigna='300317' AND status IN ('0','3','B','C') [1][0] OK
C:[04/08/2014 12:12:33.03][190.199.66.15][1151] SELECT c_asigna FROM dace004 WHERE exp_e='06-18901509' AND c_asigna='300013' AND status IN ('0','3','B','C') [1][0] OK
C:[04/08/2014 12:12:33.03][190.199.66.15][1151] SELECT c_asigna FROM dace004 WHERE exp_e='06-18901509' AND c_asigna='300113' AND status IN ('0','3','B','C') [1][0] OK
C:[04/08/2014 12:12:33.03][190.199.66.15][1138] SELECT pre_cod_asig1,pre_cod_asig2,pre_cod_asig3,pre_cod_asig4,pre_cod_asig5,pre_cod_asig6,pre_cod_asig7 FROM tblaca009 WHERE pensum='5' AND c_uni_ca='5' AND c_asigna='355570' [1][0] OK
C:[04/08/2014 12:12:33.03][190.199.66.15][1151] SELECT c_asigna FROM dace004 WHERE exp_e='06-18901509' AND c_asigna='355447' AND status IN ('0','3','B','C') [1][0] OK
C:[04/08/2014 12:12:33.03][190.199.66.15][1138] SELECT pre_cod_asig1,pre_cod_asig2,pre_cod_asig3,pre_cod_asig4,pre_cod_asig5,pre_cod_asig6,pre_cod_asig7 FROM tblaca009 WHERE pensum='5' AND c_uni_ca='5' AND c_asigna='355595' [1][0] OK
C:[04/08/2014 12:12:33.03][190.199.66.15][1151] SELECT c_asigna FROM dace004 WHERE exp_e='06-18901509' AND c_asigna='351451' AND status IN ('0','3','B','C') [1][0] OK
C:[04/08/2014 12:12:33.03][190.199.66.15][1151] SELECT c_asigna FROM dace004 WHERE exp_e='06-18901509' AND c_asigna='355350' AND status IN ('0','3','B','C') [1][0] OK
C:[04/08/2014 12:12:33.03][190.199.66.15][1151] SELECT c_asigna FROM dace004 WHERE exp_e='06-18901509' AND c_asigna='300318' AND status IN ('0','3','B','C') [1][0] OK
C:[04/08/2014 12:12:33.53][190.199.66.15][1182] SELECT par_cod_asig1,par_cod_asig2,par_cod_asig3 FROM tblaca009 WHERE pensum='5' AND c_uni_ca='5' AND c_asigna='352440' [1][0] OK
C:[04/08/2014 12:12:33.53][190.199.66.15][1182] SELECT par_cod_asig1,par_cod_asig2,par_cod_asig3 FROM tblaca009 WHERE pensum='5' AND c_uni_ca='5' AND c_asigna='355570' [1][0] OK
C:[04/08/2014 12:12:33.53][190.199.66.15][1182] SELECT par_cod_asig1,par_cod_asig2,par_cod_asig3 FROM tblaca009 WHERE pensum='5' AND c_uni_ca='5' AND c_asigna='355595' [1][0] OK
C:[04/08/2014 12:12:33.92][190.199.66.15][1312] SELECT horas_lab FROM tblaca008 WHERE c_asigna='352440' AND horas_teoricas > 0 [1][0] OK
C:[04/08/2014 12:12:33.92][190.199.66.15][1312] SELECT horas_lab FROM tblaca008 WHERE c_asigna='355570' AND horas_teoricas > 0 [1][0] OK
C:[04/08/2014 12:12:33.92][190.199.66.15][1312] SELECT horas_lab FROM tblaca008 WHERE c_asigna='355595' AND horas_teoricas > 0 [1][0] OK
C:[04/08/2014 12:12:40.69][186.94.81.28][1138] SELECT pre_cod_asig1,pre_cod_asig2,pre_cod_asig3,pre_cod_asig4,pre_cod_asig5,pre_cod_asig6,pre_cod_asig7 FROM tblaca009 WHERE pensum='5' AND c_uni_ca='3' AND c_asigna='300207' [1][0] OK
C:[04/08/2014 12:12:40.69][186.94.81.28][1151] SELECT c_asigna FROM dace004 WHERE exp_e='12-24846240' AND c_asigna='300101' AND status IN ('0','3','B','C') [1][0] OK
C:[04/08/2014 12:12:40.69][186.94.81.28][1138] SELECT pre_cod_asig1,pre_cod_asig2,pre_cod_asig3,pre_cod_asig4,pre_cod_asig5,pre_cod_asig6,pre_cod_asig7 FROM tblaca009 WHERE pensum='5' AND c_uni_ca='3' AND c_asigna='312333' [1][0] OK
C:[04/08/2014 12:12:40.69][186.94.81.28][1151] SELECT c_asigna FROM dace004 WHERE exp_e='12-24846240' AND c_asigna='300228' AND status IN ('0','3','B','C') [1][0] OK
C:[04/08/2014 12:12:40.18][186.94.81.28][1182] SELECT par_cod_asig1,par_cod_asig2,par_cod_asig3 FROM tblaca009 WHERE pensum='5' AND c_uni_ca='3' AND c_asigna='300207' [1][0] OK
C:[04/08/2014 12:12:40.18][186.94.81.28][1182] SELECT par_cod_asig1,par_cod_asig2,par_cod_asig3 FROM tblaca009 WHERE pensum='5' AND c_uni_ca='3' AND c_asigna='312333' [1][0] OK
C:[04/08/2014 12:12:40.44][186.94.81.28][1312] SELECT horas_lab FROM tblaca008 WHERE c_asigna='300207' AND horas_teoricas > 0 [1][0] OK
C:[04/08/2014 12:12:40.44][186.94.81.28][1312] SELECT horas_lab FROM tblaca008 WHERE c_asigna='312333' AND horas_teoricas > 0 [1][0] OK
C:[04/08/2014 12:13:52.66][186.94.81.28][1138] SELECT pre_cod_asig1,pre_cod_asig2,pre_cod_asig3,pre_cod_asig4,pre_cod_asig5,pre_cod_asig6,pre_cod_asig7 FROM tblaca009 WHERE pensum='5' AND c_uni_ca='3' AND c_asigna='300428' [1][0] OK
C:[04/08/2014 12:13:52.66][186.94.81.28][1151] SELECT c_asigna FROM dace004 WHERE exp_e='12-26098899' AND c_asigna='300317' AND status IN ('0','3','B','C') [1][0] OK
C:[04/08/2014 12:13:52.66][186.94.81.28][1151] SELECT c_asigna FROM dace004 WHERE exp_e='12-26098899' AND c_asigna='300209' AND status IN ('0','3','B','C') [1][0] OK
C:[04/08/2014 12:13:52.29][186.94.81.28][1182] SELECT par_cod_asig1,par_cod_asig2,par_cod_asig3 FROM tblaca009 WHERE pensum='5' AND c_uni_ca='3' AND c_asigna='300428' [1][0] OK
C:[04/08/2014 12:13:52.43][186.94.81.28][1312] SELECT horas_lab FROM tblaca008 WHERE c_asigna='300428' AND horas_teoricas > 0 [1][0] OK
C:[04/08/2014 12:14:01.34][186.90.187.11][1138] SELECT pre_cod_asig1,pre_cod_asig2,pre_cod_asig3,pre_cod_asig4,pre_cod_asig5,pre_cod_asig6,pre_cod_asig7 FROM tblaca009 WHERE pensum='5' AND c_uni_ca='6' AND c_asigna='300317' [1][0] OK
C:[04/08/2014 12:14:01.34][186.90.187.11][1151] SELECT c_asigna FROM dace004 WHERE exp_e='10-84426824' AND c_asigna='300207' AND status IN ('0','3','B','C') [1][0] OK
C:[04/08/2014 12:14:01.34][186.90.187.11][1151] SELECT c_asigna FROM dace004 WHERE exp_e='10-84426824' AND c_asigna='300209' AND status IN ('0','3','B','C') [1][0] OK
C:[04/08/2014 12:14:01.34][186.90.187.11][1138] SELECT pre_cod_asig1,pre_cod_asig2,pre_cod_asig3,pre_cod_asig4,pre_cod_asig5,pre_cod_asig6,pre_cod_asig7 FROM tblaca009 WHERE pensum='5' AND c_uni_ca='6' AND c_asigna='340323' [1][0] OK
C:[04/08/2014 12:14:01.34][186.90.187.11][1151] SELECT c_asigna FROM dace004 WHERE exp_e='10-84426824' AND c_asigna='300228' AND status IN ('0','3','B','C') [1][0] OK
C:[04/08/2014 12:14:01.34][186.90.187.11][1151] SELECT c_asigna FROM dace004 WHERE exp_e='10-84426824' AND c_asigna='300207' AND status IN ('0','3','B','C') [1][0] OK
C:[04/08/2014 12:14:01.09][186.90.187.11][1182] SELECT par_cod_asig1,par_cod_asig2,par_cod_asig3 FROM tblaca009 WHERE pensum='5' AND c_uni_ca='6' AND c_asigna='300317' [1][0] OK
C:[04/08/2014 12:14:01.09][186.90.187.11][1182] SELECT par_cod_asig1,par_cod_asig2,par_cod_asig3 FROM tblaca009 WHERE pensum='5' AND c_uni_ca='6' AND c_asigna='340323' [1][0] OK
C:[04/08/2014 12:14:01.35][186.90.187.11][1312] SELECT horas_lab FROM tblaca008 WHERE c_asigna='300317' AND horas_teoricas > 0 [1][0] OK
C:[04/08/2014 12:14:01.35][186.90.187.11][1312] SELECT horas_lab FROM tblaca008 WHERE c_asigna='340323' AND horas_teoricas > 0 [1][0] OK
C:[04/08/2014 12:17:56.07][190.206.39.141][1138] SELECT pre_cod_asig1,pre_cod_asig2,pre_cod_asig3,pre_cod_asig4,pre_cod_asig5,pre_cod_asig6,pre_cod_asig7 FROM tblaca009 WHERE pensum='5' AND c_uni_ca='5' AND c_asigna='300105' [1][0] OK
C:[04/08/2014 12:17:56.07][190.206.39.141][1138] SELECT pre_cod_asig1,pre_cod_asig2,pre_cod_asig3,pre_cod_asig4,pre_cod_asig5,pre_cod_asig6,pre_cod_asig7 FROM tblaca009 WHERE pensum='5' AND c_uni_ca='5' AND c_asigna='300113' [1][0] OK
C:[04/08/2014 12:17:56.07][190.206.39.141][1138] SELECT pre_cod_asig1,pre_cod_asig2,pre_cod_asig3,pre_cod_asig4,pre_cod_asig5,pre_cod_asig6,pre_cod_asig7 FROM tblaca009 WHERE pensum='5' AND c_uni_ca='5' AND c_asigna='300222' [1][0] OK
C:[04/08/2014 12:17:56.07][190.206.39.141][1151] SELECT c_asigna FROM dace004 WHERE exp_e='12-24863898' AND c_asigna='300112' AND status IN ('0','3','B','C') [1][0] OK
C:[04/08/2014 12:17:56.82][190.206.39.141][1182] SELECT par_cod_asig1,par_cod_asig2,par_cod_asig3 FROM tblaca009 WHERE pensum='5' AND c_uni_ca='5' AND c_asigna='300105' [1][0] OK
C:[04/08/2014 12:17:56.82][190.206.39.141][1182] SELECT par_cod_asig1,par_cod_asig2,par_cod_asig3 FROM tblaca009 WHERE pensum='5' AND c_uni_ca='5' AND c_asigna='300113' [1][0] OK
C:[04/08/2014 12:17:56.82][190.206.39.141][1196] SELECT c_asigna FROM dace004 WHERE exp_e='12-24863898' AND c_asigna='300013' AND status IN ('0','3','B','C') [1][0] OK
C:[04/08/2014 12:17:56.82][190.206.39.141][1182] SELECT par_cod_asig1,par_cod_asig2,par_cod_asig3 FROM tblaca009 WHERE pensum='5' AND c_uni_ca='5' AND c_asigna='300222' [1][0] OK
C:[04/08/2014 12:17:56.46][190.206.39.141][1312] SELECT horas_lab FROM tblaca008 WHERE c_asigna='300105' AND horas_teoricas > 0 [1][0] OK
C:[04/08/2014 12:17:56.46][190.206.39.141][1312] SELECT horas_lab FROM tblaca008 WHERE c_asigna='300113' AND horas_teoricas > 0 [0][0] OK
C:[04/08/2014 12:17:56.46][190.206.39.141][1312] SELECT horas_lab FROM tblaca008 WHERE c_asigna='300222' AND horas_teoricas > 0 [1][0] OK
C:[04/08/2014 12:17:59.48][186.89.146.91][1138] SELECT pre_cod_asig1,pre_cod_asig2,pre_cod_asig3,pre_cod_asig4,pre_cod_asig5,pre_cod_asig6,pre_cod_asig7 FROM tblaca009 WHERE pensum='5' AND c_uni_ca='2' AND c_asigna='322669' [1][0] OK
C:[04/08/2014 12:17:59.48][186.89.146.91][1151] SELECT c_asigna FROM dace004 WHERE exp_e='11-22593464' AND c_asigna='322558' AND status IN ('0','3','B','C') [1][0] OK
C:[04/08/2014 12:17:59.48][186.89.146.91][1151] SELECT c_asigna FROM dace004 WHERE exp_e='11-22593464' AND c_asigna='323528' AND status IN ('0','3','B','C') [1][0] OK
C:[04/08/2014 12:17:59.48][186.89.146.91][1138] SELECT pre_cod_asig1,pre_cod_asig2,pre_cod_asig3,pre_cod_asig4,pre_cod_asig5,pre_cod_asig6,pre_cod_asig7 FROM tblaca009 WHERE pensum='5' AND c_uni_ca='2' AND c_asigna='322780' [1][0] OK
C:[04/08/2014 12:17:59.48][186.89.146.91][1151] SELECT c_asigna FROM dace004 WHERE exp_e='11-22593464' AND c_asigna='322678' AND status IN ('0','3','B','C') [1][0] OK
C:[04/08/2014 12:18:00.10][186.89.146.91][1182] SELECT par_cod_asig1,par_cod_asig2,par_cod_asig3 FROM tblaca009 WHERE pensum='5' AND c_uni_ca='2' AND c_asigna='322669' [1][0] OK
C:[04/08/2014 12:18:00.10][186.89.146.91][1182] SELECT par_cod_asig1,par_cod_asig2,par_cod_asig3 FROM tblaca009 WHERE pensum='5' AND c_uni_ca='2' AND c_asigna='322780' [1][0] OK
C:[04/08/2014 12:18:00.38][186.89.146.91][1312] SELECT horas_lab FROM tblaca008 WHERE c_asigna='322669' AND horas_teoricas > 0 [1][0] OK
C:[04/08/2014 12:18:00.38][186.89.146.91][1312] SELECT horas_lab FROM tblaca008 WHERE c_asigna='322780' AND horas_teoricas > 0 [1][0] OK
C:[04/08/2014 12:18:32.43][190.201.171.167][1138] SELECT pre_cod_asig1,pre_cod_asig2,pre_cod_asig3,pre_cod_asig4,pre_cod_asig5,pre_cod_asig6,pre_cod_asig7 FROM tblaca009 WHERE pensum='5' AND c_uni_ca='4' AND c_asigna='333440' [1][0] OK
C:[04/08/2014 12:18:32.43][190.201.171.167][1151] SELECT c_asigna FROM dace004 WHERE exp_e='09-21124910' AND c_asigna='300317' AND status IN ('0','3','B','C') [1][0] OK
C:[04/08/2014 12:18:32.43][190.201.171.167][1151] SELECT c_asigna FROM dace004 WHERE exp_e='09-21124910' AND c_asigna='330310' AND status IN ('0','3','B','C') [1][0] OK
C:[04/08/2014 12:18:32.43][190.201.171.167][1151] SELECT c_asigna FROM dace004 WHERE exp_e='09-21124910' AND c_asigna='300209' AND status IN ('0','3','B','C') [1][0] OK
C:[04/08/2014 12:18:32.18][190.201.171.167][1182] SELECT par_cod_asig1,par_cod_asig2,par_cod_asig3 FROM tblaca009 WHERE pensum='5' AND c_uni_ca='4' AND c_asigna='333440' [1][0] OK
C:[04/08/2014 12:18:32.18][190.201.171.167][1196] SELECT c_asigna FROM dace004 WHERE exp_e='09-21124910' AND c_asigna='333441' AND status IN ('0','3','B','C') [1][0] OK
C:[04/08/2014 12:18:32.67][190.201.171.167][1312] SELECT horas_lab FROM tblaca008 WHERE c_asigna='333440' AND horas_teoricas > 0 [1][0] OK
C:[04/08/2014 12:19:01.91][200.84.65.38][1138] SELECT pre_cod_asig1,pre_cod_asig2,pre_cod_asig3,pre_cod_asig4,pre_cod_asig5,pre_cod_asig6,pre_cod_asig7 FROM tblaca009 WHERE pensum='5' AND c_uni_ca='5' AND c_asigna='355693' [1][0] OK
C:[04/08/2014 12:19:01.91][200.84.65.38][1151] SELECT c_asigna FROM dace004 WHERE exp_e='10-22832941' AND c_asigna='355572' AND status IN ('0','3','B','C') [1][0] OK
C:[04/08/2014 12:19:01.91][200.84.65.38][1151] SELECT c_asigna FROM dace004 WHERE exp_e='10-22832941' AND c_asigna='352440' AND status IN ('0','3','B','C') [1][0] OK
C:[04/08/2014 12:19:01.91][200.84.65.38][1151] SELECT c_asigna FROM dace004 WHERE exp_e='10-22832941' AND c_asigna='355573' AND status IN ('0','3','B','C') [1][0] OK
C:[04/08/2014 12:19:01.91][200.84.65.38][1151] SELECT c_asigna FROM dace004 WHERE exp_e='10-22832941' AND c_asigna='300226' AND status IN ('0','3','B','C') [1][0] OK
C:[04/08/2014 12:19:01.91][200.84.65.38][1151] SELECT c_asigna FROM dace004 WHERE exp_e='10-22832941' AND c_asigna='300222' AND status IN ('0','3','B','C') [1][0] OK
C:[04/08/2014 12:19:01.91][200.84.65.38][1151] SELECT c_asigna FROM dace004 WHERE exp_e='10-22832941' AND c_asigna='300013' AND status IN ('0','3','B','C') [1][0] OK
C:[04/08/2014 12:19:01.91][200.84.65.38][1151] SELECT c_asigna FROM dace004 WHERE exp_e='10-22832941' AND c_asigna='300113' AND status IN ('0','3','B','C') [1][0] OK
C:[04/08/2014 12:19:02.19][200.84.65.38][1182] SELECT par_cod_asig1,par_cod_asig2,par_cod_asig3 FROM tblaca009 WHERE pensum='5' AND c_uni_ca='5' AND c_asigna='355693' [1][0] OK
C:[04/08/2014 12:19:02.30][200.84.65.38][1312] SELECT horas_lab FROM tblaca008 WHERE c_asigna='355693' AND horas_teoricas > 0 [1][0] OK
C:[04/08/2014 12:19:23.72][186.94.81.28][1138] SELECT pre_cod_asig1,pre_cod_asig2,pre_cod_asig3,pre_cod_asig4,pre_cod_asig5,pre_cod_asig6,pre_cod_asig7 FROM tblaca009 WHERE pensum='5' AND c_uni_ca='5' AND c_asigna='300207' [1][0] OK
C:[04/08/2014 12:19:23.72][186.94.81.28][1151] SELECT c_asigna FROM dace004 WHERE exp_e='13-25324137' AND c_asigna='300101' AND status IN ('0','3','B','C') [1][0] OK
C:[04/08/2014 12:19:23.72][186.94.81.28][1138] SELECT pre_cod_asig1,pre_cod_asig2,pre_cod_asig3,pre_cod_asig4,pre_cod_asig5,pre_cod_asig6,pre_cod_asig7 FROM tblaca009 WHERE pensum='5' AND c_uni_ca='5' AND c_asigna='300228' [1][0] OK
C:[04/08/2014 12:19:23.72][186.94.81.28][1151] SELECT c_asigna FROM dace004 WHERE exp_e='13-25324137' AND c_asigna='300101' AND status IN ('0','3','B','C') [1][0] OK
C:[04/08/2014 12:19:23.72][186.94.81.28][1138] SELECT pre_cod_asig1,pre_cod_asig2,pre_cod_asig3,pre_cod_asig4,pre_cod_asig5,pre_cod_asig6,pre_cod_asig7 FROM tblaca009 WHERE pensum='5' AND c_uni_ca='5' AND c_asigna='300218' [1][0] OK
C:[04/08/2014 12:19:23.72][186.94.81.28][1151] SELECT c_asigna FROM dace004 WHERE exp_e='13-25324137' AND c_asigna='300101' AND status IN ('0','3','B','C') [1][0] OK
C:[04/08/2014 12:19:23.72][186.94.81.28][1182] SELECT par_cod_asig1,par_cod_asig2,par_cod_asig3 FROM tblaca009 WHERE pensum='5' AND c_uni_ca='5' AND c_asigna='300207' [1][0] OK
C:[04/08/2014 12:19:23.72][186.94.81.28][1182] SELECT par_cod_asig1,par_cod_asig2,par_cod_asig3 FROM tblaca009 WHERE pensum='5' AND c_uni_ca='5' AND c_asigna='300228' [1][0] OK
C:[04/08/2014 12:19:23.72][186.94.81.28][1182] SELECT par_cod_asig1,par_cod_asig2,par_cod_asig3 FROM tblaca009 WHERE pensum='5' AND c_uni_ca='5' AND c_asigna='300218' [1][0] OK
C:[04/08/2014 12:19:23.72][186.94.81.28][1196] SELECT c_asigna FROM dace004 WHERE exp_e='13-25324137' AND c_asigna='300228' AND status IN ('0','3','B','C') [0][0] OK
C:[04/08/2014 12:19:23.23][186.94.81.28][1312] SELECT horas_lab FROM tblaca008 WHERE c_asigna='300207' AND horas_teoricas > 0 [1][0] OK
C:[04/08/2014 12:19:23.23][186.94.81.28][1312] SELECT horas_lab FROM tblaca008 WHERE c_asigna='300228' AND horas_teoricas > 0 [1][0] OK
C:[04/08/2014 12:19:23.23][186.94.81.28][1312] SELECT horas_lab FROM tblaca008 WHERE c_asigna='300218' AND horas_teoricas > 0 [0][0] OK
C:[04/08/2014 12:20:11.40][190.206.70.254][1138] SELECT pre_cod_asig1,pre_cod_asig2,pre_cod_asig3,pre_cod_asig4,pre_cod_asig5,pre_cod_asig6,pre_cod_asig7 FROM tblaca009 WHERE pensum='5' AND c_uni_ca='3' AND c_asigna='300317' [1][0] OK
C:[04/08/2014 12:20:11.40][190.206.70.254][1151] SELECT c_asigna FROM dace004 WHERE exp_e='09-20808525' AND c_asigna='300207' AND status IN ('0','3','B','C') [1][0] OK
C:[04/08/2014 12:20:11.40][190.206.70.254][1151] SELECT c_asigna FROM dace004 WHERE exp_e='09-20808525' AND c_asigna='300209' AND status IN ('0','3','B','C') [1][0] OK
C:[04/08/2014 12:20:11.02][190.206.70.254][1182] SELECT par_cod_asig1,par_cod_asig2,par_cod_asig3 FROM tblaca009 WHERE pensum='5' AND c_uni_ca='3' AND c_asigna='300317' [1][0] OK
C:[04/08/2014 12:20:11.38][190.206.70.254][1312] SELECT horas_lab FROM tblaca008 WHERE c_asigna='300317' AND horas_teoricas > 0 [1][0] OK
C:[04/08/2014 12:20:54.47][74.82.64.144][1138] SELECT pre_cod_asig1,pre_cod_asig2,pre_cod_asig3,pre_cod_asig4,pre_cod_asig5,pre_cod_asig6,pre_cod_asig7 FROM tblaca009 WHERE pensum='5' AND c_uni_ca='2' AND c_asigna='300313' [1][0] OK
C:[04/08/2014 12:20:54.47][74.82.64.144][1151] SELECT c_asigna FROM dace004 WHERE exp_e='00-13571050' AND c_asigna='300213' AND status IN ('0','3','B','C') [1][0] OK
C:[04/08/2014 12:20:54.47][74.82.64.144][1151] SELECT c_asigna FROM dace004 WHERE exp_e='00-13571050' AND c_asigna='300226' AND status IN ('0','3','B','C') [1][0] OK
C:[04/08/2014 12:20:54.47][74.82.64.144][1151] SELECT c_asigna FROM dace004 WHERE exp_e='00-13571050' AND c_asigna='300209' AND status IN ('0','3','B','C') [1][0] OK
C:[04/08/2014 12:20:54.47][74.82.64.144][1138] SELECT pre_cod_asig1,pre_cod_asig2,pre_cod_asig3,pre_cod_asig4,pre_cod_asig5,pre_cod_asig6,pre_cod_asig7 FROM tblaca009 WHERE pensum='5' AND c_uni_ca='2' AND c_asigna='300318' [1][0] OK
C:[04/08/2014 12:20:54.47][74.82.64.144][1151] SELECT c_asigna FROM dace004 WHERE exp_e='00-13571050' AND c_asigna='300228' AND status IN ('0','3','B','C') [1][0] OK
C:[04/08/2014 12:20:54.47][74.82.64.144][1151] SELECT c_asigna FROM dace004 WHERE exp_e='00-13571050' AND c_asigna='300207' AND status IN ('0','3','B','C') [1][0] OK
C:[04/08/2014 12:20:54.47][74.82.64.144][1151] SELECT c_asigna FROM dace004 WHERE exp_e='00-13571050' AND c_asigna='300218' AND status IN ('0','3','B','C') [1][0] OK
C:[04/08/2014 12:20:54.72][74.82.64.144][1182] SELECT par_cod_asig1,par_cod_asig2,par_cod_asig3 FROM tblaca009 WHERE pensum='5' AND c_uni_ca='2' AND c_asigna='300313' [1][0] OK
C:[04/08/2014 12:20:54.72][74.82.64.144][1182] SELECT par_cod_asig1,par_cod_asig2,par_cod_asig3 FROM tblaca009 WHERE pensum='5' AND c_uni_ca='2' AND c_asigna='300318' [1][0] OK
C:[04/08/2014 12:20:54.30][74.82.64.144][1312] SELECT horas_lab FROM tblaca008 WHERE c_asigna='300313' AND horas_teoricas > 0 [1][0] OK
C:[04/08/2014 12:20:54.30][74.82.64.144][1312] SELECT horas_lab FROM tblaca008 WHERE c_asigna='300318' AND horas_teoricas > 0 [1][0] OK
C:[04/08/2014 12:21:29.87][186.94.81.28][1138] SELECT pre_cod_asig1,pre_cod_asig2,pre_cod_asig3,pre_cod_asig4,pre_cod_asig5,pre_cod_asig6,pre_cod_asig7 FROM tblaca009 WHERE pensum='5' AND c_uni_ca='4' AND c_asigna='333440' [1][0] OK
C:[04/08/2014 12:21:29.87][186.94.81.28][1151] SELECT c_asigna FROM dace004 WHERE exp_e='10-20853924' AND c_asigna='300317' AND status IN ('0','3','B','C') [1][0] OK
C:[04/08/2014 12:21:29.87][186.94.81.28][1151] SELECT c_asigna FROM dace004 WHERE exp_e='10-20853924' AND c_asigna='330310' AND status IN ('0','3','B','C') [1][0] OK
C:[04/08/2014 12:21:29.87][186.94.81.28][1151] SELECT c_asigna FROM dace004 WHERE exp_e='10-20853924' AND c_asigna='300209' AND status IN ('0','3','B','C') [1][0] OK
C:[04/08/2014 12:21:30.62][186.94.81.28][1182] SELECT par_cod_asig1,par_cod_asig2,par_cod_asig3 FROM tblaca009 WHERE pensum='5' AND c_uni_ca='4' AND c_asigna='333440' [1][0] OK
C:[04/08/2014 12:21:30.62][186.94.81.28][1196] SELECT c_asigna FROM dace004 WHERE exp_e='10-20853924' AND c_asigna='333441' AND status IN ('0','3','B','C') [1][0] OK
C:[04/08/2014 12:21:30.88][186.94.81.28][1312] SELECT horas_lab FROM tblaca008 WHERE c_asigna='333440' AND horas_teoricas > 0 [1][0] OK
C:[04/08/2014 12:21:32.04][186.94.81.28][1138] SELECT pre_cod_asig1,pre_cod_asig2,pre_cod_asig3,pre_cod_asig4,pre_cod_asig5,pre_cod_asig6,pre_cod_asig7 FROM tblaca009 WHERE pensum='5' AND c_uni_ca='6' AND c_asigna='344046' [1][0] OK
C:[04/08/2014 12:21:32.04][186.94.81.28][1151] SELECT c_asigna FROM dace004 WHERE exp_e='08-14188859' AND c_asigna='344834' AND status IN ('0','3','B','C') [1][0] OK
C:[04/08/2014 12:21:32.04][186.94.81.28][1151] SELECT c_asigna FROM dace004 WHERE exp_e='08-14188859' AND c_asigna='344732' AND status IN ('0','3','B','C') [1][0] OK
C:[04/08/2014 12:21:32.98][186.94.81.28][1182] SELECT par_cod_asig1,par_cod_asig2,par_cod_asig3 FROM tblaca009 WHERE pensum='5' AND c_uni_ca='6' AND c_asigna='344046' [1][0] OK
C:[04/08/2014 12:21:32.12][186.94.81.28][1312] SELECT horas_lab FROM tblaca008 WHERE c_asigna='344046' AND horas_teoricas > 0 [1][0] OK
C:[04/08/2014 12:21:40.36][200.84.79.201][1138] SELECT pre_cod_asig1,pre_cod_asig2,pre_cod_asig3,pre_cod_asig4,pre_cod_asig5,pre_cod_asig6,pre_cod_asig7 FROM tblaca009 WHERE pensum='5' AND c_uni_ca='2' AND c_asigna='320323' [1][0] OK
C:[04/08/2014 12:21:40.36][200.84.79.201][1151] SELECT c_asigna FROM dace004 WHERE exp_e='08-18806137' AND c_asigna='300228' AND status IN ('0','3','B','C') [1][0] OK
C:[04/08/2014 12:21:40.36][200.84.79.201][1151] SELECT c_asigna FROM dace004 WHERE exp_e='08-18806137' AND c_asigna='300218' AND status IN ('0','3','B','C') [1][0] OK
C:[04/08/2014 12:21:40.36][200.84.79.201][1138] SELECT pre_cod_asig1,pre_cod_asig2,pre_cod_asig3,pre_cod_asig4,pre_cod_asig5,pre_cod_asig6,pre_cod_asig7 FROM tblaca009 WHERE pensum='5' AND c_uni_ca='2' AND c_asigna='322559' [1][0] OK
C:[04/08/2014 12:21:40.36][200.84.79.201][1151] SELECT c_asigna FROM dace004 WHERE exp_e='08-18806137' AND c_asigna='300428' AND status IN ('0','3','B','C') [1][0] OK
C:[04/08/2014 12:21:40.36][200.84.79.201][1151] SELECT c_asigna FROM dace004 WHERE exp_e='08-18806137' AND c_asigna='322436' AND status IN ('0','3','B','C') [1][0] OK
C:[04/08/2014 12:21:41.11][200.84.79.201][1182] SELECT par_cod_asig1,par_cod_asig2,par_cod_asig3 FROM tblaca009 WHERE pensum='5' AND c_uni_ca='2' AND c_asigna='320323' [1][0] OK
C:[04/08/2014 12:21:41.11][200.84.79.201][1182] SELECT par_cod_asig1,par_cod_asig2,par_cod_asig3 FROM tblaca009 WHERE pensum='5' AND c_uni_ca='2' AND c_asigna='322559' [1][0] OK
C:[04/08/2014 12:21:41.38][200.84.79.201][1312] SELECT horas_lab FROM tblaca008 WHERE c_asigna='320323' AND horas_teoricas > 0 [1][0] OK
C:[04/08/2014 12:21:41.38][200.84.79.201][1312] SELECT horas_lab FROM tblaca008 WHERE c_asigna='322559' AND horas_teoricas > 0 [1][0] OK
C:[04/08/2014 12:21:49.97][181.17.195.111][1138] SELECT pre_cod_asig1,pre_cod_asig2,pre_cod_asig3,pre_cod_asig4,pre_cod_asig5,pre_cod_asig6,pre_cod_asig7 FROM tblaca009 WHERE pensum='5' AND c_uni_ca='5' AND c_asigna='351451' [1][0] OK
C:[04/08/2014 12:21:49.97][181.17.195.111][1151] SELECT c_asigna FROM dace004 WHERE exp_e='11-19718005' AND c_asigna='351330' AND status IN ('0','3','B','C') [1][0] OK
C:[04/08/2014 12:21:49.97][181.17.195.111][1151] SELECT c_asigna FROM dace004 WHERE exp_e='11-19718005' AND c_asigna='355350' AND status IN ('0','3','B','C') [1][0] OK
C:[04/08/2014 12:21:49.97][181.17.195.111][1151] SELECT c_asigna FROM dace004 WHERE exp_e='11-19718005' AND c_asigna='300318' AND status IN ('0','3','B','C') [1][0] OK
C:[04/08/2014 12:21:49.97][181.17.195.111][1151] SELECT c_asigna FROM dace004 WHERE exp_e='11-19718005' AND c_asigna='300209' AND status IN ('0','3','B','C') [1][0] OK
C:[04/08/2014 12:21:49.97][181.17.195.111][1151] SELECT c_asigna FROM dace004 WHERE exp_e='11-19718005' AND c_asigna='300222' AND status IN ('0','3','B','C') [1][0] OK
C:[04/08/2014 12:21:49.97][181.17.195.111][1138] SELECT pre_cod_asig1,pre_cod_asig2,pre_cod_asig3,pre_cod_asig4,pre_cod_asig5,pre_cod_asig6,pre_cod_asig7 FROM tblaca009 WHERE pensum='5' AND c_uni_ca='5' AND c_asigna='352440' [1][0] OK
C:[04/08/2014 12:21:49.97][181.17.195.111][1151] SELECT c_asigna FROM dace004 WHERE exp_e='11-19718005' AND c_asigna='300317' AND status IN ('0','3','B','C') [1][0] OK
C:[04/08/2014 12:21:49.97][181.17.195.111][1151] SELECT c_asigna FROM dace004 WHERE exp_e='11-19718005' AND c_asigna='300013' AND status IN ('0','3','B','C') [1][0] OK
C:[04/08/2014 12:21:49.97][181.17.195.111][1151] SELECT c_asigna FROM dace004 WHERE exp_e='11-19718005' AND c_asigna='300113' AND status IN ('0','3','B','C') [1][0] OK
C:[04/08/2014 12:21:49.97][181.17.195.111][1138] SELECT pre_cod_asig1,pre_cod_asig2,pre_cod_asig3,pre_cod_asig4,pre_cod_asig5,pre_cod_asig6,pre_cod_asig7 FROM tblaca009 WHERE pensum='5' AND c_uni_ca='5' AND c_asigna='355448' [1][0] OK
C:[04/08/2014 12:21:49.97][181.17.195.111][1151] SELECT c_asigna FROM dace004 WHERE exp_e='11-19718005' AND c_asigna='300313' AND status IN ('0','3','B','C') [1][0] OK
C:[04/08/2014 12:21:49.97][181.17.195.111][1151] SELECT c_asigna FROM dace004 WHERE exp_e='11-19718005' AND c_asigna='300209' AND status IN ('0','3','B','C') [1][0] OK
C:[04/08/2014 12:21:49.97][181.17.195.111][1151] SELECT c_asigna FROM dace004 WHERE exp_e='11-19718005' AND c_asigna='300226' AND status IN ('0','3','B','C') [1][0] OK
C:[04/08/2014 12:21:49.97][181.17.195.111][1151] SELECT c_asigna FROM dace004 WHERE exp_e='11-19718005' AND c_asigna='300222' AND status IN ('0','3','B','C') [1][0] OK
C:[04/08/2014 12:21:50.10][181.17.195.111][1182] SELECT par_cod_asig1,par_cod_asig2,par_cod_asig3 FROM tblaca009 WHERE pensum='5' AND c_uni_ca='5' AND c_asigna='351451' [1][0] OK
C:[04/08/2014 12:21:50.10][181.17.195.111][1182] SELECT par_cod_asig1,par_cod_asig2,par_cod_asig3 FROM tblaca009 WHERE pensum='5' AND c_uni_ca='5' AND c_asigna='352440' [1][0] OK
C:[04/08/2014 12:21:50.10][181.17.195.111][1182] SELECT par_cod_asig1,par_cod_asig2,par_cod_asig3 FROM tblaca009 WHERE pensum='5' AND c_uni_ca='5' AND c_asigna='355448' [1][0] OK
C:[04/08/2014 12:21:50.49][181.17.195.111][1312] SELECT horas_lab FROM tblaca008 WHERE c_asigna='351451' AND horas_teoricas > 0 [1][0] OK
C:[04/08/2014 12:21:50.49][181.17.195.111][1312] SELECT horas_lab FROM tblaca008 WHERE c_asigna='352440' AND horas_teoricas > 0 [1][0] OK
C:[04/08/2014 12:21:50.49][181.17.195.111][1312] SELECT horas_lab FROM tblaca008 WHERE c_asigna='355448' AND horas_teoricas > 0 [1][0] OK
C:[04/08/2014 12:21:51.42][190.15.185.106][1138] SELECT pre_cod_asig1,pre_cod_asig2,pre_cod_asig3,pre_cod_asig4,pre_cod_asig5,pre_cod_asig6,pre_cod_asig7 FROM tblaca009 WHERE pensum='5' AND c_uni_ca='2' AND c_asigna='322678' [1][0] OK
C:[04/08/2014 12:21:51.42][190.15.185.106][1151] SELECT c_asigna FROM dace004 WHERE exp_e='08-18078471' AND c_asigna='322559' AND status IN ('0','3','B','C') [1][0] OK
C:[04/08/2014 12:21:51.67][190.15.185.106][1182] SELECT par_cod_asig1,par_cod_asig2,par_cod_asig3 FROM tblaca009 WHERE pensum='5' AND c_uni_ca='2' AND c_asigna='322678' [1][0] OK
C:[04/08/2014 12:21:51.79][190.15.185.106][1312] SELECT horas_lab FROM tblaca008 WHERE c_asigna='322678' AND horas_teoricas > 0 [1][0] OK
C:[04/08/2014 12:21:52.14][186.94.81.28][1138] SELECT pre_cod_asig1,pre_cod_asig2,pre_cod_asig3,pre_cod_asig4,pre_cod_asig5,pre_cod_asig6,pre_cod_asig7 FROM tblaca009 WHERE pensum='5' AND c_uni_ca='4' AND c_asigna='300228' [1][0] OK
C:[04/08/2014 12:21:52.14][186.94.81.28][1151] SELECT c_asigna FROM dace004 WHERE exp_e='10-24964741' AND c_asigna='300101' AND status IN ('0','3','B','C') [1][0] OK
C:[04/08/2014 12:21:52.14][186.94.81.28][1138] SELECT pre_cod_asig1,pre_cod_asig2,pre_cod_asig3,pre_cod_asig4,pre_cod_asig5,pre_cod_asig6,pre_cod_asig7 FROM tblaca009 WHERE pensum='5' AND c_uni_ca='4' AND c_asigna='300213' [1][0] OK
C:[04/08/2014 12:21:52.14][186.94.81.28][1151] SELECT c_asigna FROM dace004 WHERE exp_e='10-24964741' AND c_asigna='300101' AND status IN ('0','3','B','C') [1][0] OK
C:[04/08/2014 12:21:52.67][186.94.81.28][1182] SELECT par_cod_asig1,par_cod_asig2,par_cod_asig3 FROM tblaca009 WHERE pensum='5' AND c_uni_ca='4' AND c_asigna='300228' [1][0] OK
C:[04/08/2014 12:21:52.67][186.94.81.28][1182] SELECT par_cod_asig1,par_cod_asig2,par_cod_asig3 FROM tblaca009 WHERE pensum='5' AND c_uni_ca='4' AND c_asigna='300213' [1][0] OK
C:[04/08/2014 12:21:52.67][186.94.81.28][1196] SELECT c_asigna FROM dace004 WHERE exp_e='10-24964741' AND c_asigna='300209' AND status IN ('0','3','B','C') [1][0] OK
C:[04/08/2014 12:21:52.01][186.94.81.28][1312] SELECT horas_lab FROM tblaca008 WHERE c_asigna='300228' AND horas_teoricas > 0 [1][0] OK
C:[04/08/2014 12:21:52.01][186.94.81.28][1312] SELECT horas_lab FROM tblaca008 WHERE c_asigna='300213' AND horas_teoricas > 0 [1][0] OK
C:[04/08/2014 12:22:25.98][200.35.106.92][1138] SELECT pre_cod_asig1,pre_cod_asig2,pre_cod_asig3,pre_cod_asig4,pre_cod_asig5,pre_cod_asig6,pre_cod_asig7 FROM tblaca009 WHERE pensum='5' AND c_uni_ca='5' AND c_asigna='300313' [1][0] OK
C:[04/08/2014 12:22:25.98][200.35.106.92][1151] SELECT c_asigna FROM dace004 WHERE exp_e='09-20505357' AND c_asigna='300213' AND status IN ('0','3','B','C') [1][0] OK
C:[04/08/2014 12:22:25.98][200.35.106.92][1151] SELECT c_asigna FROM dace004 WHERE exp_e='09-20505357' AND c_asigna='300226' AND status IN ('0','3','B','C') [1][0] OK
C:[04/08/2014 12:22:25.98][200.35.106.92][1151] SELECT c_asigna FROM dace004 WHERE exp_e='09-20505357' AND c_asigna='300222' AND status IN ('0','3','B','C') [1][0] OK
C:[04/08/2014 12:22:25.98][200.35.106.92][1151] SELECT c_asigna FROM dace004 WHERE exp_e='09-20505357' AND c_asigna='300209' AND status IN ('0','3','B','C') [1][0] OK
C:[04/08/2014 12:22:26.48][200.35.106.92][1182] SELECT par_cod_asig1,par_cod_asig2,par_cod_asig3 FROM tblaca009 WHERE pensum='5' AND c_uni_ca='5' AND c_asigna='300313' [1][0] OK
C:[04/08/2014 12:22:26.62][200.35.106.92][1312] SELECT horas_lab FROM tblaca008 WHERE c_asigna='300313' AND horas_teoricas > 0 [1][0] OK
C:[04/08/2014 12:23:36.48][186.90.114.120][1138] SELECT pre_cod_asig1,pre_cod_asig2,pre_cod_asig3,pre_cod_asig4,pre_cod_asig5,pre_cod_asig6,pre_cod_asig7 FROM tblaca009 WHERE pensum='5' AND c_uni_ca='2' AND c_asigna='322782' [1][0] OK
C:[04/08/2014 12:23:36.48][186.90.114.120][1151] SELECT c_asigna FROM dace004 WHERE exp_e='07-18336466' AND c_asigna='322669' AND status IN ('0','3','B','C') [1][0] OK
C:[04/08/2014 12:23:36.48][186.90.114.120][1151] SELECT c_asigna FROM dace004 WHERE exp_e='07-18336466' AND c_asigna='322550' AND status IN ('0','3','B','C') [1][0] OK
C:[04/08/2014 12:23:36.48][186.90.114.120][1138] SELECT pre_cod_asig1,pre_cod_asig2,pre_cod_asig3,pre_cod_asig4,pre_cod_asig5,pre_cod_asig6,pre_cod_asig7 FROM tblaca009 WHERE pensum='5' AND c_uni_ca='2' AND c_asigna='300956' [1][0] OK
C:[04/08/2014 12:23:36.48][186.90.114.120][1151] SELECT c_asigna FROM dace004 WHERE exp_e='07-18336466' AND c_asigna='300422' AND status IN ('0','3','B','C') [1][0] OK
C:[04/08/2014 12:23:36.48][186.90.114.120][1151] SELECT c_asigna FROM dace004 WHERE exp_e='07-18336466' AND c_asigna='300105' AND status IN ('0','3','B','C') [1][0] OK
C:[04/08/2014 12:23:36.48][186.90.114.120][1151] SELECT c_asigna FROM dace004 WHERE exp_e='07-18336466' AND c_asigna='300314' AND status IN ('0','3','B','C') [1][0] OK
C:[04/08/2014 12:23:36.48][186.90.114.120][1138] SELECT pre_cod_asig1,pre_cod_asig2,pre_cod_asig3,pre_cod_asig4,pre_cod_asig5,pre_cod_asig6,pre_cod_asig7 FROM tblaca009 WHERE pensum='5' AND c_uni_ca='2' AND c_asigna='322041' [1][0] OK
C:[04/08/2014 12:23:37.73][186.90.114.120][1182] SELECT par_cod_asig1,par_cod_asig2,par_cod_asig3 FROM tblaca009 WHERE pensum='5' AND c_uni_ca='2' AND c_asigna='322782' [1][0] OK
C:[04/08/2014 12:23:37.73][186.90.114.120][1182] SELECT par_cod_asig1,par_cod_asig2,par_cod_asig3 FROM tblaca009 WHERE pensum='5' AND c_uni_ca='2' AND c_asigna='300956' [1][0] OK
C:[04/08/2014 12:23:37.73][186.90.114.120][1182] SELECT par_cod_asig1,par_cod_asig2,par_cod_asig3 FROM tblaca009 WHERE pensum='5' AND c_uni_ca='2' AND c_asigna='322041' [1][0] OK
C:[04/08/2014 12:23:37.12][186.90.114.120][1312] SELECT horas_lab FROM tblaca008 WHERE c_asigna='322782' AND horas_teoricas > 0 [1][0] OK
C:[04/08/2014 12:23:37.12][186.90.114.120][1312] SELECT horas_lab FROM tblaca008 WHERE c_asigna='300956' AND horas_teoricas > 0 [1][0] OK
C:[04/08/2014 12:23:37.12][186.90.114.120][1312] SELECT horas_lab FROM tblaca008 WHERE c_asigna='322041' AND horas_teoricas > 0 [1][0] OK
C:[04/08/2014 12:23:49.71][190.201.15.181][1138] SELECT pre_cod_asig1,pre_cod_asig2,pre_cod_asig3,pre_cod_asig4,pre_cod_asig5,pre_cod_asig6,pre_cod_asig7 FROM tblaca009 WHERE pensum='5' AND c_uni_ca='5' AND c_asigna='355722' [1][0] OK
C:[04/08/2014 12:23:49.71][190.201.15.181][1151] SELECT c_asigna FROM dace004 WHERE exp_e='07-19093582' AND c_asigna='355691' AND status IN ('0','3','B','C') [1][0] OK
C:[04/08/2014 12:23:49.71][190.201.15.181][1151] SELECT c_asigna FROM dace004 WHERE exp_e='07-19093582' AND c_asigna='355595' AND status IN ('0','3','B','C') [1][0] OK
C:[04/08/2014 12:23:49.08][190.201.15.181][1182] SELECT par_cod_asig1,par_cod_asig2,par_cod_asig3 FROM tblaca009 WHERE pensum='5' AND c_uni_ca='5' AND c_asigna='355722' [1][0] OK
C:[04/08/2014 12:23:49.22][190.201.15.181][1312] SELECT horas_lab FROM tblaca008 WHERE c_asigna='355722' AND horas_teoricas > 0 [1][0] OK
C:[04/08/2014 12:24:52.18][190.201.166.178][1138] SELECT pre_cod_asig1,pre_cod_asig2,pre_cod_asig3,pre_cod_asig4,pre_cod_asig5,pre_cod_asig6,pre_cod_asig7 FROM tblaca009 WHERE pensum='5' AND c_uni_ca='4' AND c_asigna='333606' [1][0] OK
C:[04/08/2014 12:24:52.18][190.201.166.178][1151] SELECT c_asigna FROM dace004 WHERE exp_e='07-18114560' AND c_asigna='333584' AND status IN ('0','3','B','C') [1][0] OK
C:[04/08/2014 12:24:52.18][190.201.166.178][1138] SELECT pre_cod_asig1,pre_cod_asig2,pre_cod_asig3,pre_cod_asig4,pre_cod_asig5,pre_cod_asig6,pre_cod_asig7 FROM tblaca009 WHERE pensum='5' AND c_uni_ca='4' AND c_asigna='333611' [1][0] OK
C:[04/08/2014 12:24:52.18][190.201.166.178][1151] SELECT c_asigna FROM dace004 WHERE exp_e='07-18114560' AND c_asigna='333584' AND status IN ('0','3','B','C') [1][0] OK
C:[04/08/2014 12:24:52.93][190.201.166.178][1182] SELECT par_cod_asig1,par_cod_asig2,par_cod_asig3 FROM tblaca009 WHERE pensum='5' AND c_uni_ca='4' AND c_asigna='333606' [1][0] OK
C:[04/08/2014 12:24:52.93][190.201.166.178][1182] SELECT par_cod_asig1,par_cod_asig2,par_cod_asig3 FROM tblaca009 WHERE pensum='5' AND c_uni_ca='4' AND c_asigna='333611' [1][0] OK
C:[04/08/2014 12:24:52.19][190.201.166.178][1312] SELECT horas_lab FROM tblaca008 WHERE c_asigna='333606' AND horas_teoricas > 0 [1][0] OK
C:[04/08/2014 12:24:52.19][190.201.166.178][1312] SELECT horas_lab FROM tblaca008 WHERE c_asigna='333611' AND horas_teoricas > 0 [1][0] OK
C:[04/08/2014 12:25:46.28][190.201.15.181][1138] SELECT pre_cod_asig1,pre_cod_asig2,pre_cod_asig3,pre_cod_asig4,pre_cod_asig5,pre_cod_asig6,pre_cod_asig7 FROM tblaca009 WHERE pensum='5' AND c_uni_ca='5' AND c_asigna='355722' [1][0] OK
C:[04/08/2014 12:25:46.28][190.201.15.181][1151] SELECT c_asigna FROM dace004 WHERE exp_e='07-19093582' AND c_asigna='355691' AND status IN ('0','3','B','C') [1][0] OK
C:[04/08/2014 12:25:46.28][190.201.15.181][1151] SELECT c_asigna FROM dace004 WHERE exp_e='07-19093582' AND c_asigna='355595' AND status IN ('0','3','B','C') [1][0] OK
C:[04/08/2014 12:25:47.92][190.201.15.181][1182] SELECT par_cod_asig1,par_cod_asig2,par_cod_asig3 FROM tblaca009 WHERE pensum='5' AND c_uni_ca='5' AND c_asigna='355722' [1][0] OK
C:[04/08/2014 12:25:47.04][190.201.15.181][1312] SELECT horas_lab FROM tblaca008 WHERE c_asigna='355722' AND horas_teoricas > 0 [1][0] OK
C:[04/08/2014 12:26:25.25][186.24.13.102][1138] SELECT pre_cod_asig1,pre_cod_asig2,pre_cod_asig3,pre_cod_asig4,pre_cod_asig5,pre_cod_asig6,pre_cod_asig7 FROM tblaca009 WHERE pensum='5' AND c_uni_ca='3' AND c_asigna='300428' [1][0] OK
C:[04/08/2014 12:26:25.25][186.24.13.102][1151] SELECT c_asigna FROM dace004 WHERE exp_e='10-22820868' AND c_asigna='300317' AND status IN ('0','3','B','C') [1][0] OK
C:[04/08/2014 12:26:25.25][186.24.13.102][1151] SELECT c_asigna FROM dace004 WHERE exp_e='10-22820868' AND c_asigna='300209' AND status IN ('0','3','B','C') [1][0] OK
C:[04/08/2014 12:26:25.87][186.24.13.102][1182] SELECT par_cod_asig1,par_cod_asig2,par_cod_asig3 FROM tblaca009 WHERE pensum='5' AND c_uni_ca='3' AND c_asigna='300428' [1][0] OK
C:[04/08/2014 12:26:25.00][186.24.13.102][1312] SELECT horas_lab FROM tblaca008 WHERE c_asigna='300428' AND horas_teoricas > 0 [1][0] OK
C:[04/08/2014 12:26:40.48][190.206.92.29][1138] SELECT pre_cod_asig1,pre_cod_asig2,pre_cod_asig3,pre_cod_asig4,pre_cod_asig5,pre_cod_asig6,pre_cod_asig7 FROM tblaca009 WHERE pensum='5' AND c_uni_ca='5' AND c_asigna='351451' [1][0] OK
C:[04/08/2014 12:26:40.48][190.206.92.29][1151] SELECT c_asigna FROM dace004 WHERE exp_e='08-20808614' AND c_asigna='351330' AND status IN ('0','3','B','C') [1][0] OK
C:[04/08/2014 12:26:40.48][190.206.92.29][1151] SELECT c_asigna FROM dace004 WHERE exp_e='08-20808614' AND c_asigna='355350' AND status IN ('0','3','B','C') [1][0] OK
C:[04/08/2014 12:26:40.48][190.206.92.29][1151] SELECT c_asigna FROM dace004 WHERE exp_e='08-20808614' AND c_asigna='300318' AND status IN ('0','3','B','C') [1][0] OK
C:[04/08/2014 12:26:40.48][190.206.92.29][1151] SELECT c_asigna FROM dace004 WHERE exp_e='08-20808614' AND c_asigna='300209' AND status IN ('0','3','B','C') [1][0] OK
C:[04/08/2014 12:26:40.48][190.206.92.29][1151] SELECT c_asigna FROM dace004 WHERE exp_e='08-20808614' AND c_asigna='300222' AND status IN ('0','3','B','C') [1][0] OK
C:[04/08/2014 12:26:40.48][190.206.92.29][1138] SELECT pre_cod_asig1,pre_cod_asig2,pre_cod_asig3,pre_cod_asig4,pre_cod_asig5,pre_cod_asig6,pre_cod_asig7 FROM tblaca009 WHERE pensum='5' AND c_uni_ca='5' AND c_asigna='355691' [1][0] OK
C:[04/08/2014 12:26:40.48][190.206.92.29][1151] SELECT c_asigna FROM dace004 WHERE exp_e='08-20808614' AND c_asigna='355571' AND status IN ('0','3','B','C') [1][0] OK
C:[04/08/2014 12:26:40.73][190.206.92.29][1182] SELECT par_cod_asig1,par_cod_asig2,par_cod_asig3 FROM tblaca009 WHERE pensum='5' AND c_uni_ca='5' AND c_asigna='351451' [1][0] OK
C:[04/08/2014 12:26:40.73][190.206.92.29][1182] SELECT par_cod_asig1,par_cod_asig2,par_cod_asig3 FROM tblaca009 WHERE pensum='5' AND c_uni_ca='5' AND c_asigna='355691' [1][0] OK
C:[04/08/2014 12:26:40.99][190.206.92.29][1312] SELECT horas_lab FROM tblaca008 WHERE c_asigna='351451' AND horas_teoricas > 0 [1][0] OK
C:[04/08/2014 12:26:40.99][190.206.92.29][1312] SELECT horas_lab FROM tblaca008 WHERE c_asigna='355691' AND horas_teoricas > 0 [1][0] OK
C:[04/08/2014 12:27:02.77][186.90.127.10][1138] SELECT pre_cod_asig1,pre_cod_asig2,pre_cod_asig3,pre_cod_asig4,pre_cod_asig5,pre_cod_asig6,pre_cod_asig7 FROM tblaca009 WHERE pensum='5' AND c_uni_ca='6' AND c_asigna='342567' [1][0] OK
C:[04/08/2014 12:27:02.77][186.90.127.10][1151] SELECT c_asigna FROM dace004 WHERE exp_e='10-22828351' AND c_asigna='342444' AND status IN ('0','3','B','C') [1][0] OK
C:[04/08/2014 12:27:02.77][186.90.127.10][1138] SELECT pre_cod_asig1,pre_cod_asig2,pre_cod_asig3,pre_cod_asig4,pre_cod_asig5,pre_cod_asig6,pre_cod_asig7 FROM tblaca009 WHERE pensum='5' AND c_uni_ca='6' AND c_asigna='344613' [1][0] OK
C:[04/08/2014 12:27:02.77][186.90.127.10][1151] SELECT c_asigna FROM dace004 WHERE exp_e='10-22828351' AND c_asigna='344566' AND status IN ('0','3','B','C') [1][0] OK
C:[04/08/2014 12:27:02.77][186.90.127.10][1151] SELECT c_asigna FROM dace004 WHERE exp_e='10-22828351' AND c_asigna='300209' AND status IN ('0','3','B','C') [1][0] OK
C:[04/08/2014 12:27:02.77][186.90.127.10][1151] SELECT c_asigna FROM dace004 WHERE exp_e='10-22828351' AND c_asigna='300222' AND status IN ('0','3','B','C') [1][0] OK
C:[04/08/2014 12:27:02.77][186.90.127.10][1151] SELECT c_asigna FROM dace004 WHERE exp_e='10-22828351' AND c_asigna='300226' AND status IN ('0','3','B','C') [1][0] OK
C:[04/08/2014 12:27:02.77][186.90.127.10][1151] SELECT c_asigna FROM dace004 WHERE exp_e='10-22828351' AND c_asigna='300313' AND status IN ('0','3','B','C') [1][0] OK
C:[04/08/2014 12:27:02.77][186.90.127.10][1151] SELECT c_asigna FROM dace004 WHERE exp_e='10-22828351' AND c_asigna='300428' AND status IN ('0','3','B','C') [1][0] OK
C:[04/08/2014 12:27:02.77][186.90.127.10][1151] SELECT c_asigna FROM dace004 WHERE exp_e='10-22828351' AND c_asigna='300317' AND status IN ('0','3','B','C') [1][0] OK
C:[04/08/2014 12:27:03.28][186.90.127.10][1182] SELECT par_cod_asig1,par_cod_asig2,par_cod_asig3 FROM tblaca009 WHERE pensum='5' AND c_uni_ca='6' AND c_asigna='342567' [1][0] OK
C:[04/08/2014 12:27:03.28][186.90.127.10][1182] SELECT par_cod_asig1,par_cod_asig2,par_cod_asig3 FROM tblaca009 WHERE pensum='5' AND c_uni_ca='6' AND c_asigna='344613' [1][0] OK
C:[04/08/2014 12:27:03.54][186.90.127.10][1312] SELECT horas_lab FROM tblaca008 WHERE c_asigna='342567' AND horas_teoricas > 0 [1][0] OK
C:[04/08/2014 12:27:03.54][186.90.127.10][1312] SELECT horas_lab FROM tblaca008 WHERE c_asigna='344613' AND horas_teoricas > 0 [1][0] OK
C:[04/08/2014 12:27:22.22][186.94.81.28][1138] SELECT pre_cod_asig1,pre_cod_asig2,pre_cod_asig3,pre_cod_asig4,pre_cod_asig5,pre_cod_asig6,pre_cod_asig7 FROM tblaca009 WHERE pensum='5' AND c_uni_ca='3' AND c_asigna='310548' [1][0] OK
C:[04/08/2014 12:27:22.22][186.94.81.28][1151] SELECT c_asigna FROM dace004 WHERE exp_e='11-22590487' AND c_asigna='300428' AND status IN ('0','3','B','C') [1][0] OK
C:[04/08/2014 12:27:22.22][186.94.81.28][1151] SELECT c_asigna FROM dace004 WHERE exp_e='11-22590487' AND c_asigna='300313' AND status IN ('0','3','B','C') [1][0] OK
C:[04/08/2014 12:27:22.22][186.94.81.28][1151] SELECT c_asigna FROM dace004 WHERE exp_e='11-22590487' AND c_asigna='300222' AND status IN ('0','3','B','C') [1][0] OK
C:[04/08/2014 12:27:22.22][186.94.81.28][1151] SELECT c_asigna FROM dace004 WHERE exp_e='11-22590487' AND c_asigna='300226' AND status IN ('0','3','B','C') [1][0] OK
C:[04/08/2014 12:27:22.22][186.94.81.28][1151] SELECT c_asigna FROM dace004 WHERE exp_e='11-22590487' AND c_asigna='300209' AND status IN ('0','3','B','C') [1][0] OK
C:[04/08/2014 12:27:22.22][186.94.81.28][1138] SELECT pre_cod_asig1,pre_cod_asig2,pre_cod_asig3,pre_cod_asig4,pre_cod_asig5,pre_cod_asig6,pre_cod_asig7 FROM tblaca009 WHERE pensum='5' AND c_uni_ca='3' AND c_asigna='311551' [1][0] OK
C:[04/08/2014 12:27:22.22][186.94.81.28][1151] SELECT c_asigna FROM dace004 WHERE exp_e='11-22590487' AND c_asigna='311430' AND status IN ('0','3','B','C') [1][0] OK
C:[04/08/2014 12:27:22.22][186.94.81.28][1151] SELECT c_asigna FROM dace004 WHERE exp_e='11-22590487' AND c_asigna='311431' AND status IN ('0','3','B','C') [1][0] OK
C:[04/08/2014 12:27:22.22][186.94.81.28][1151] SELECT c_asigna FROM dace004 WHERE exp_e='11-22590487' AND c_asigna='300222' AND status IN ('0','3','B','C') [1][0] OK
C:[04/08/2014 12:27:22.22][186.94.81.28][1151] SELECT c_asigna FROM dace004 WHERE exp_e='11-22590487' AND c_asigna='300226' AND status IN ('0','3','B','C') [1][0] OK
C:[04/08/2014 12:27:22.22][186.94.81.28][1151] SELECT c_asigna FROM dace004 WHERE exp_e='11-22590487' AND c_asigna='300209' AND status IN ('0','3','B','C') [1][0] OK
C:[04/08/2014 12:27:22.22][186.94.81.28][1151] SELECT c_asigna FROM dace004 WHERE exp_e='11-22590487' AND c_asigna='311320' AND status IN ('0','3','B','C') [1][0] OK
C:[04/08/2014 12:27:22.22][186.94.81.28][1138] SELECT pre_cod_asig1,pre_cod_asig2,pre_cod_asig3,pre_cod_asig4,pre_cod_asig5,pre_cod_asig6,pre_cod_asig7 FROM tblaca009 WHERE pensum='5' AND c_uni_ca='3' AND c_asigna='311554' [1][0] OK
C:[04/08/2014 12:27:22.22][186.94.81.28][1151] SELECT c_asigna FROM dace004 WHERE exp_e='11-22590487' AND c_asigna='300318' AND status IN ('0','3','B','C') [1][0] OK
C:[04/08/2014 12:27:22.22][186.94.81.28][1151] SELECT c_asigna FROM dace004 WHERE exp_e='11-22590487' AND c_asigna='300428' AND status IN ('0','3','B','C') [1][0] OK
C:[04/08/2014 12:27:23.47][186.94.81.28][1182] SELECT par_cod_asig1,par_cod_asig2,par_cod_asig3 FROM tblaca009 WHERE pensum='5' AND c_uni_ca='3' AND c_asigna='310548' [1][0] OK
C:[04/08/2014 12:27:23.47][186.94.81.28][1182] SELECT par_cod_asig1,par_cod_asig2,par_cod_asig3 FROM tblaca009 WHERE pensum='5' AND c_uni_ca='3' AND c_asigna='311551' [1][0] OK
C:[04/08/2014 12:27:23.47][186.94.81.28][1182] SELECT par_cod_asig1,par_cod_asig2,par_cod_asig3 FROM tblaca009 WHERE pensum='5' AND c_uni_ca='3' AND c_asigna='311554' [1][0] OK
C:[04/08/2014 12:27:23.86][186.94.81.28][1312] SELECT horas_lab FROM tblaca008 WHERE c_asigna='310548' AND horas_teoricas > 0 [1][0] OK
C:[04/08/2014 12:27:23.86][186.94.81.28][1312] SELECT horas_lab FROM tblaca008 WHERE c_asigna='311551' AND horas_teoricas > 0 [1][0] OK
C:[04/08/2014 12:27:23.86][186.94.81.28][1312] SELECT horas_lab FROM tblaca008 WHERE c_asigna='311554' AND horas_teoricas > 0 [1][0] OK
C:[04/08/2014 12:27:38.20][190.37.45.126][1138] SELECT pre_cod_asig1,pre_cod_asig2,pre_cod_asig3,pre_cod_asig4,pre_cod_asig5,pre_cod_asig6,pre_cod_asig7 FROM tblaca009 WHERE pensum='5' AND c_uni_ca='2' AND c_asigna='322728' [1][0] OK
C:[04/08/2014 12:27:38.20][190.37.45.126][1151] SELECT c_asigna FROM dace004 WHERE exp_e='09-20506842' AND c_asigna='311561' AND status IN ('0','3','B','C') [1][0] OK
C:[04/08/2014 12:27:38.20][190.37.45.126][1151] SELECT c_asigna FROM dace004 WHERE exp_e='09-20506842' AND c_asigna='322681' AND status IN ('0','3','B','C') [1][0] OK
C:[04/08/2014 12:27:38.20][190.37.45.126][1138] SELECT pre_cod_asig1,pre_cod_asig2,pre_cod_asig3,pre_cod_asig4,pre_cod_asig5,pre_cod_asig6,pre_cod_asig7 FROM tblaca009 WHERE pensum='5' AND c_uni_ca='2' AND c_asigna='322904' [1][0] OK
C:[04/08/2014 12:27:38.20][190.37.45.126][1151] SELECT c_asigna FROM dace004 WHERE exp_e='09-20506842' AND c_asigna='322782' AND status IN ('0','3','B','C') [1][0] OK
C:[04/08/2014 12:27:38.20][190.37.45.126][1151] SELECT c_asigna FROM dace004 WHERE exp_e='09-20506842' AND c_asigna='322801' AND status IN ('0','3','B','C') [1][0] OK
C:[04/08/2014 12:27:38.20][190.37.45.126][1138] SELECT pre_cod_asig1,pre_cod_asig2,pre_cod_asig3,pre_cod_asig4,pre_cod_asig5,pre_cod_asig6,pre_cod_asig7 FROM tblaca009 WHERE pensum='5' AND c_uni_ca='2' AND c_asigna='300870' [1][0] OK
C:[04/08/2014 12:27:38.35][190.37.45.126][1182] SELECT par_cod_asig1,par_cod_asig2,par_cod_asig3 FROM tblaca009 WHERE pensum='5' AND c_uni_ca='2' AND c_asigna='322728' [1][0] OK
C:[04/08/2014 12:27:38.35][190.37.45.126][1182] SELECT par_cod_asig1,par_cod_asig2,par_cod_asig3 FROM tblaca009 WHERE pensum='5' AND c_uni_ca='2' AND c_asigna='322904' [1][0] OK
C:[04/08/2014 12:27:38.35][190.37.45.126][1182] SELECT par_cod_asig1,par_cod_asig2,par_cod_asig3 FROM tblaca009 WHERE pensum='5' AND c_uni_ca='2' AND c_asigna='300870' [1][0] OK
C:[04/08/2014 12:27:38.71][190.37.45.126][1312] SELECT horas_lab FROM tblaca008 WHERE c_asigna='322728' AND horas_teoricas > 0 [1][0] OK
C:[04/08/2014 12:27:38.71][190.37.45.126][1312] SELECT horas_lab FROM tblaca008 WHERE c_asigna='322904' AND horas_teoricas > 0 [1][0] OK
C:[04/08/2014 12:27:38.71][190.37.45.126][1312] SELECT horas_lab FROM tblaca008 WHERE c_asigna='300870' AND horas_teoricas > 0 [1][0] OK
C:[04/08/2014 12:27:55.26][186.94.81.28][1138] SELECT pre_cod_asig1,pre_cod_asig2,pre_cod_asig3,pre_cod_asig4,pre_cod_asig5,pre_cod_asig6,pre_cod_asig7 FROM tblaca009 WHERE pensum='5' AND c_uni_ca='3' AND c_asigna='300113' [1][0] OK
C:[04/08/2014 12:27:55.26][186.94.81.28][1138] SELECT pre_cod_asig1,pre_cod_asig2,pre_cod_asig3,pre_cod_asig4,pre_cod_asig5,pre_cod_asig6,pre_cod_asig7 FROM tblaca009 WHERE pensum='5' AND c_uni_ca='3' AND c_asigna='300209' [1][0] OK
C:[04/08/2014 12:27:55.26][186.94.81.28][1151] SELECT c_asigna FROM dace004 WHERE exp_e='12-20300989' AND c_asigna='300101' AND status IN ('0','3','B','C') [1][0] OK
C:[04/08/2014 12:27:55.88][186.94.81.28][1182] SELECT par_cod_asig1,par_cod_asig2,par_cod_asig3 FROM tblaca009 WHERE pensum='5' AND c_uni_ca='3' AND c_asigna='300113' [1][0] OK
C:[04/08/2014 12:27:55.88][186.94.81.28][1196] SELECT c_asigna FROM dace004 WHERE exp_e='12-20300989' AND c_asigna='300013' AND status IN ('0','3','B','C') [1][0] OK
C:[04/08/2014 12:27:55.88][186.94.81.28][1182] SELECT par_cod_asig1,par_cod_asig2,par_cod_asig3 FROM tblaca009 WHERE pensum='5' AND c_uni_ca='3' AND c_asigna='300209' [1][0] OK
C:[04/08/2014 12:27:55.27][186.94.81.28][1312] SELECT horas_lab FROM tblaca008 WHERE c_asigna='300113' AND horas_teoricas > 0 [0][0] OK
C:[04/08/2014 12:27:55.27][186.94.81.28][1312] SELECT horas_lab FROM tblaca008 WHERE c_asigna='300209' AND horas_teoricas > 0 [1][0] OK
C:[04/08/2014 12:28:27.36][186.94.81.28][1138] SELECT pre_cod_asig1,pre_cod_asig2,pre_cod_asig3,pre_cod_asig4,pre_cod_asig5,pre_cod_asig6,pre_cod_asig7 FROM tblaca009 WHERE pensum='5' AND c_uni_ca='2' AND c_asigna='300101' [1][0] OK
C:[04/08/2014 12:28:27.74][186.94.81.28][1182] SELECT par_cod_asig1,par_cod_asig2,par_cod_asig3 FROM tblaca009 WHERE pensum='5' AND c_uni_ca='2' AND c_asigna='300101' [1][0] OK
C:[04/08/2014 12:28:27.88][186.94.81.28][1312] SELECT horas_lab FROM tblaca008 WHERE c_asigna='300101' AND horas_teoricas > 0 [1][0] OK
C:[04/08/2014 12:30:01.29][186.90.182.54][1138] SELECT pre_cod_asig1,pre_cod_asig2,pre_cod_asig3,pre_cod_asig4,pre_cod_asig5,pre_cod_asig6,pre_cod_asig7 FROM tblaca009 WHERE pensum='5' AND c_uni_ca='5' AND c_asigna='355595' [1][0] OK
C:[04/08/2014 12:30:01.29][186.90.182.54][1151] SELECT c_asigna FROM dace004 WHERE exp_e='08-19301771' AND c_asigna='351451' AND status IN ('0','3','B','C') [1][0] OK
C:[04/08/2014 12:30:01.29][186.90.182.54][1151] SELECT c_asigna FROM dace004 WHERE exp_e='08-19301771' AND c_asigna='355350' AND status IN ('0','3','B','C') [1][0] OK
C:[04/08/2014 12:30:01.29][186.90.182.54][1151] SELECT c_asigna FROM dace004 WHERE exp_e='08-19301771' AND c_asigna='300318' AND status IN ('0','3','B','C') [1][0] OK
C:[04/08/2014 12:30:01.29][186.90.182.54][1138] SELECT pre_cod_asig1,pre_cod_asig2,pre_cod_asig3,pre_cod_asig4,pre_cod_asig5,pre_cod_asig6,pre_cod_asig7 FROM tblaca009 WHERE pensum='5' AND c_uni_ca='5' AND c_asigna='355692' [1][0] OK
C:[04/08/2014 12:30:01.29][186.90.182.54][1151] SELECT c_asigna FROM dace004 WHERE exp_e='08-19301771' AND c_asigna='355448' AND status IN ('0','3','B','C') [1][0] OK
C:[04/08/2014 12:30:01.29][186.90.182.54][1151] SELECT c_asigna FROM dace004 WHERE exp_e='08-19301771' AND c_asigna='355570' AND status IN ('0','3','B','C') [1][0] OK
C:[04/08/2014 12:30:01.41][186.90.182.54][1182] SELECT par_cod_asig1,par_cod_asig2,par_cod_asig3 FROM tblaca009 WHERE pensum='5' AND c_uni_ca='5' AND c_asigna='355595' [1][0] OK
C:[04/08/2014 12:30:01.41][186.90.182.54][1182] SELECT par_cod_asig1,par_cod_asig2,par_cod_asig3 FROM tblaca009 WHERE pensum='5' AND c_uni_ca='5' AND c_asigna='355692' [1][0] OK
C:[04/08/2014 12:30:01.71][186.90.182.54][1312] SELECT horas_lab FROM tblaca008 WHERE c_asigna='355595' AND horas_teoricas > 0 [1][0] OK
C:[04/08/2014 12:30:01.71][186.90.182.54][1312] SELECT horas_lab FROM tblaca008 WHERE c_asigna='355692' AND horas_teoricas > 0 [1][0] OK
C:[04/08/2014 12:30:06.86][186.94.81.28][1138] SELECT pre_cod_asig1,pre_cod_asig2,pre_cod_asig3,pre_cod_asig4,pre_cod_asig5,pre_cod_asig6,pre_cod_asig7 FROM tblaca009 WHERE pensum='5' AND c_uni_ca='3' AND c_asigna='300428' [1][0] OK
C:[04/08/2014 12:30:06.86][186.94.81.28][1151] SELECT c_asigna FROM dace004 WHERE exp_e='12-21340529' AND c_asigna='300317' AND status IN ('0','3','B','C') [1][0] OK
C:[04/08/2014 12:30:06.86][186.94.81.28][1151] SELECT c_asigna FROM dace004 WHERE exp_e='12-21340529' AND c_asigna='300209' AND status IN ('0','3','B','C') [1][0] OK
C:[04/08/2014 12:30:06.22][186.94.81.28][1182] SELECT par_cod_asig1,par_cod_asig2,par_cod_asig3 FROM tblaca009 WHERE pensum='5' AND c_uni_ca='3' AND c_asigna='300428' [1][0] OK
C:[04/08/2014 12:30:06.35][186.94.81.28][1312] SELECT horas_lab FROM tblaca008 WHERE c_asigna='300428' AND horas_teoricas > 0 [1][0] OK
C:[04/08/2014 12:31:14.24][186.94.81.28][1138] SELECT pre_cod_asig1,pre_cod_asig2,pre_cod_asig3,pre_cod_asig4,pre_cod_asig5,pre_cod_asig6,pre_cod_asig7 FROM tblaca009 WHERE pensum='5' AND c_uni_ca='5' AND c_asigna='300207' [1][0] OK
C:[04/08/2014 12:31:14.24][186.94.81.28][1151] SELECT c_asigna FROM dace004 WHERE exp_e='11-21340642' AND c_asigna='300101' AND status IN ('0','3','B','C') [1][0] OK
C:[04/08/2014 12:31:14.24][186.94.81.28][1138] SELECT pre_cod_asig1,pre_cod_asig2,pre_cod_asig3,pre_cod_asig4,pre_cod_asig5,pre_cod_asig6,pre_cod_asig7 FROM tblaca009 WHERE pensum='5' AND c_uni_ca='5' AND c_asigna='300218' [1][0] OK
C:[04/08/2014 12:31:14.24][186.94.81.28][1151] SELECT c_asigna FROM dace004 WHERE exp_e='11-21340642' AND c_asigna='300101' AND status IN ('0','3','B','C') [1][0] OK
C:[04/08/2014 12:31:14.24][186.94.81.28][1138] SELECT pre_cod_asig1,pre_cod_asig2,pre_cod_asig3,pre_cod_asig4,pre_cod_asig5,pre_cod_asig6,pre_cod_asig7 FROM tblaca009 WHERE pensum='5' AND c_uni_ca='5' AND c_asigna='300228' [1][0] OK
C:[04/08/2014 12:31:14.24][186.94.81.28][1151] SELECT c_asigna FROM dace004 WHERE exp_e='11-21340642' AND c_asigna='300101' AND status IN ('0','3','B','C') [1][0] OK
C:[04/08/2014 12:31:14.80][186.94.81.28][1182] SELECT par_cod_asig1,par_cod_asig2,par_cod_asig3 FROM tblaca009 WHERE pensum='5' AND c_uni_ca='5' AND c_asigna='300207' [1][0] OK
C:[04/08/2014 12:31:14.80][186.94.81.28][1182] SELECT par_cod_asig1,par_cod_asig2,par_cod_asig3 FROM tblaca009 WHERE pensum='5' AND c_uni_ca='5' AND c_asigna='300218' [1][0] OK
C:[04/08/2014 12:31:14.80][186.94.81.28][1196] SELECT c_asigna FROM dace004 WHERE exp_e='11-21340642' AND c_asigna='300228' AND status IN ('0','3','B','C') [0][0] OK
C:[04/08/2014 12:31:14.80][186.94.81.28][1182] SELECT par_cod_asig1,par_cod_asig2,par_cod_asig3 FROM tblaca009 WHERE pensum='5' AND c_uni_ca='5' AND c_asigna='300228' [1][0] OK
C:[04/08/2014 12:31:15.31][186.94.81.28][1312] SELECT horas_lab FROM tblaca008 WHERE c_asigna='300207' AND horas_teoricas > 0 [1][0] OK
C:[04/08/2014 12:31:15.31][186.94.81.28][1312] SELECT horas_lab FROM tblaca008 WHERE c_asigna='300218' AND horas_teoricas > 0 [0][0] OK
C:[04/08/2014 12:31:15.31][186.94.81.28][1312] SELECT horas_lab FROM tblaca008 WHERE c_asigna='300228' AND horas_teoricas > 0 [1][0] OK
C:[04/08/2014 12:32:10.15][201.243.117.199][1138] SELECT pre_cod_asig1,pre_cod_asig2,pre_cod_asig3,pre_cod_asig4,pre_cod_asig5,pre_cod_asig6,pre_cod_asig7 FROM tblaca009 WHERE pensum='5' AND c_uni_ca='5' AND c_asigna='351330' [1][0] OK
C:[04/08/2014 12:32:10.15][201.243.117.199][1151] SELECT c_asigna FROM dace004 WHERE exp_e='09-20300509' AND c_asigna='300218' AND status IN ('0','3','B','C') [1][0] OK
C:[04/08/2014 12:32:10.15][201.243.117.199][1138] SELECT pre_cod_asig1,pre_cod_asig2,pre_cod_asig3,pre_cod_asig4,pre_cod_asig5,pre_cod_asig6,pre_cod_asig7 FROM tblaca009 WHERE pensum='5' AND c_uni_ca='5' AND c_asigna='300317' [1][0] OK
C:[04/08/2014 12:32:10.15][201.243.117.199][1151] SELECT c_asigna FROM dace004 WHERE exp_e='09-20300509' AND c_asigna='300207' AND status IN ('0','3','B','C') [1][0] OK
C:[04/08/2014 12:32:10.15][201.243.117.199][1151] SELECT c_asigna FROM dace004 WHERE exp_e='09-20300509' AND c_asigna='300209' AND status IN ('0','3','B','C') [1][0] OK
C:[04/08/2014 12:32:11.02][201.243.117.199][1182] SELECT par_cod_asig1,par_cod_asig2,par_cod_asig3 FROM tblaca009 WHERE pensum='5' AND c_uni_ca='5' AND c_asigna='351330' [1][0] OK
C:[04/08/2014 12:32:11.02][201.243.117.199][1196] SELECT c_asigna FROM dace004 WHERE exp_e='09-20300509' AND c_asigna='300318' AND status IN ('0','3','B','C') [1][0] OK
C:[04/08/2014 12:32:11.02][201.243.117.199][1196] SELECT c_asigna FROM dace004 WHERE exp_e='09-20300509' AND c_asigna='300317' AND status IN ('0','3','B','C') [0][0] OK
C:[04/08/2014 12:32:11.02][201.243.117.199][1182] SELECT par_cod_asig1,par_cod_asig2,par_cod_asig3 FROM tblaca009 WHERE pensum='5' AND c_uni_ca='5' AND c_asigna='300317' [1][0] OK
C:[04/08/2014 12:32:11.54][201.243.117.199][1312] SELECT horas_lab FROM tblaca008 WHERE c_asigna='351330' AND horas_teoricas > 0 [1][0] OK
C:[04/08/2014 12:32:11.54][201.243.117.199][1312] SELECT horas_lab FROM tblaca008 WHERE c_asigna='300317' AND horas_teoricas > 0 [1][0] OK
C:[04/08/2014 12:32:27.30][200.84.65.38][1138] SELECT pre_cod_asig1,pre_cod_asig2,pre_cod_asig3,pre_cod_asig4,pre_cod_asig5,pre_cod_asig6,pre_cod_asig7 FROM tblaca009 WHERE pensum='5' AND c_uni_ca='5' AND c_asigna='355693' [1][0] OK
C:[04/08/2014 12:32:27.30][200.84.65.38][1151] SELECT c_asigna FROM dace004 WHERE exp_e='10-22832941' AND c_asigna='355572' AND status IN ('0','3','B','C') [1][0] OK
C:[04/08/2014 12:32:27.30][200.84.65.38][1151] SELECT c_asigna FROM dace004 WHERE exp_e='10-22832941' AND c_asigna='352440' AND status IN ('0','3','B','C') [1][0] OK
C:[04/08/2014 12:32:27.30][200.84.65.38][1151] SELECT c_asigna FROM dace004 WHERE exp_e='10-22832941' AND c_asigna='355573' AND status IN ('0','3','B','C') [1][0] OK
C:[04/08/2014 12:32:27.30][200.84.65.38][1151] SELECT c_asigna FROM dace004 WHERE exp_e='10-22832941' AND c_asigna='300226' AND status IN ('0','3','B','C') [1][0] OK
C:[04/08/2014 12:32:27.30][200.84.65.38][1151] SELECT c_asigna FROM dace004 WHERE exp_e='10-22832941' AND c_asigna='300222' AND status IN ('0','3','B','C') [1][0] OK
C:[04/08/2014 12:32:27.30][200.84.65.38][1151] SELECT c_asigna FROM dace004 WHERE exp_e='10-22832941' AND c_asigna='300013' AND status IN ('0','3','B','C') [1][0] OK
C:[04/08/2014 12:32:27.30][200.84.65.38][1151] SELECT c_asigna FROM dace004 WHERE exp_e='10-22832941' AND c_asigna='300113' AND status IN ('0','3','B','C') [1][0] OK
C:[04/08/2014 12:32:27.30][200.84.65.38][1138] SELECT pre_cod_asig1,pre_cod_asig2,pre_cod_asig3,pre_cod_asig4,pre_cod_asig5,pre_cod_asig6,pre_cod_asig7 FROM tblaca009 WHERE pensum='5' AND c_uni_ca='5' AND c_asigna='355722' [1][0] OK
C:[04/08/2014 12:32:27.30][200.84.65.38][1151] SELECT c_asigna FROM dace004 WHERE exp_e='10-22832941' AND c_asigna='355691' AND status IN ('0','3','B','C') [1][0] OK
C:[04/08/2014 12:32:27.30][200.84.65.38][1151] SELECT c_asigna FROM dace004 WHERE exp_e='10-22832941' AND c_asigna='355595' AND status IN ('0','3','B','C') [1][0] OK
C:[04/08/2014 12:32:27.94][200.84.65.38][1182] SELECT par_cod_asig1,par_cod_asig2,par_cod_asig3 FROM tblaca009 WHERE pensum='5' AND c_uni_ca='5' AND c_asigna='355693' [1][0] OK
C:[04/08/2014 12:32:27.94][200.84.65.38][1182] SELECT par_cod_asig1,par_cod_asig2,par_cod_asig3 FROM tblaca009 WHERE pensum='5' AND c_uni_ca='5' AND c_asigna='355722' [1][0] OK
C:[04/08/2014 12:32:27.19][200.84.65.38][1312] SELECT horas_lab FROM tblaca008 WHERE c_asigna='355693' AND horas_teoricas > 0 [1][0] OK
C:[04/08/2014 12:32:27.19][200.84.65.38][1312] SELECT horas_lab FROM tblaca008 WHERE c_asigna='355722' AND horas_teoricas > 0 [1][0] OK
C:[04/08/2014 12:33:50.65][186.90.109.5][1138] SELECT pre_cod_asig1,pre_cod_asig2,pre_cod_asig3,pre_cod_asig4,pre_cod_asig5,pre_cod_asig6,pre_cod_asig7 FROM tblaca009 WHERE pensum='5' AND c_uni_ca='2' AND c_asigna='322436' [1][0] OK
C:[04/08/2014 12:33:50.65][186.90.109.5][1151] SELECT c_asigna FROM dace004 WHERE exp_e='08-20804127' AND c_asigna='300317' AND status IN ('0','3','B','C') [1][0] OK
C:[04/08/2014 12:33:50.65][186.90.109.5][1151] SELECT c_asigna FROM dace004 WHERE exp_e='08-20804127' AND c_asigna='320311' AND status IN ('0','3','B','C') [1][0] OK
C:[04/08/2014 12:33:50.27][186.90.109.5][1182] SELECT par_cod_asig1,par_cod_asig2,par_cod_asig3 FROM tblaca009 WHERE pensum='5' AND c_uni_ca='2' AND c_asigna='322436' [1][0] OK
C:[04/08/2014 12:33:50.40][186.90.109.5][1312] SELECT horas_lab FROM tblaca008 WHERE c_asigna='322436' AND horas_teoricas > 0 [1][0] OK
C:[04/08/2014 12:34:36.52][190.204.94.33][1138] SELECT pre_cod_asig1,pre_cod_asig2,pre_cod_asig3,pre_cod_asig4,pre_cod_asig5,pre_cod_asig6,pre_cod_asig7 FROM tblaca009 WHERE pensum='5' AND c_uni_ca='6' AND c_asigna='342444' [1][0] OK
C:[04/08/2014 12:34:36.52][190.204.94.33][1151] SELECT c_asigna FROM dace004 WHERE exp_e='07-19904152' AND c_asigna='340323' AND status IN ('0','3','B','C') [1][0] OK
C:[04/08/2014 12:34:36.02][190.204.94.33][1182] SELECT par_cod_asig1,par_cod_asig2,par_cod_asig3 FROM tblaca009 WHERE pensum='5' AND c_uni_ca='6' AND c_asigna='342444' [1][0] OK
C:[04/08/2014 12:34:36.15][190.204.94.33][1312] SELECT horas_lab FROM tblaca008 WHERE c_asigna='342444' AND horas_teoricas > 0 [1][0] OK
C:[04/08/2014 12:38:07.58][186.94.81.28][1138] SELECT pre_cod_asig1,pre_cod_asig2,pre_cod_asig3,pre_cod_asig4,pre_cod_asig5,pre_cod_asig6,pre_cod_asig7 FROM tblaca009 WHERE pensum='5' AND c_uni_ca='5' AND c_asigna='355691' [1][0] OK
C:[04/08/2014 12:38:07.58][186.94.81.28][1151] SELECT c_asigna FROM dace004 WHERE exp_e='10-24847543' AND c_asigna='355571' AND status IN ('0','3','B','C') [1][0] OK
C:[04/08/2014 12:38:07.58][186.94.81.28][1138] SELECT pre_cod_asig1,pre_cod_asig2,pre_cod_asig3,pre_cod_asig4,pre_cod_asig5,pre_cod_asig6,pre_cod_asig7 FROM tblaca009 WHERE pensum='5' AND c_uni_ca='5' AND c_asigna='355692' [1][0] OK
C:[04/08/2014 12:38:07.58][186.94.81.28][1151] SELECT c_asigna FROM dace004 WHERE exp_e='10-24847543' AND c_asigna='355448' AND status IN ('0','3','B','C') [1][0] OK
C:[04/08/2014 12:38:07.58][186.94.81.28][1151] SELECT c_asigna FROM dace004 WHERE exp_e='10-24847543' AND c_asigna='355570' AND status IN ('0','3','B','C') [1][0] OK
C:[04/08/2014 12:38:07.46][186.94.81.28][1182] SELECT par_cod_asig1,par_cod_asig2,par_cod_asig3 FROM tblaca009 WHERE pensum='5' AND c_uni_ca='5' AND c_asigna='355691' [1][0] OK
C:[04/08/2014 12:38:07.46][186.94.81.28][1182] SELECT par_cod_asig1,par_cod_asig2,par_cod_asig3 FROM tblaca009 WHERE pensum='5' AND c_uni_ca='5' AND c_asigna='355692' [1][0] OK
C:[04/08/2014 12:38:07.72][186.94.81.28][1312] SELECT horas_lab FROM tblaca008 WHERE c_asigna='355691' AND horas_teoricas > 0 [1][0] OK
C:[04/08/2014 12:38:07.72][186.94.81.28][1312] SELECT horas_lab FROM tblaca008 WHERE c_asigna='355692' AND horas_teoricas > 0 [1][0] OK
C:[04/08/2014 12:39:08.04][190.204.200.144][1138] SELECT pre_cod_asig1,pre_cod_asig2,pre_cod_asig3,pre_cod_asig4,pre_cod_asig5,pre_cod_asig6,pre_cod_asig7 FROM tblaca009 WHERE pensum='5' AND c_uni_ca='4' AND c_asigna='300317' [1][0] OK
C:[04/08/2014 12:39:08.04][190.204.200.144][1151] SELECT c_asigna FROM dace004 WHERE exp_e='12-24179451' AND c_asigna='300207' AND status IN ('0','3','B','C') [1][0] OK
C:[04/08/2014 12:39:08.04][190.204.200.144][1151] SELECT c_asigna FROM dace004 WHERE exp_e='12-24179451' AND c_asigna='300209' AND status IN ('0','3','B','C') [1][0] OK
C:[04/08/2014 12:39:08.10][190.204.200.144][1182] SELECT par_cod_asig1,par_cod_asig2,par_cod_asig3 FROM tblaca009 WHERE pensum='5' AND c_uni_ca='4' AND c_asigna='300317' [1][0] OK
C:[04/08/2014 12:39:08.23][190.204.200.144][1312] SELECT horas_lab FROM tblaca008 WHERE c_asigna='300317' AND horas_teoricas > 0 [1][0] OK
C:[04/08/2014 12:40:21.66][186.94.81.28][1138] SELECT pre_cod_asig1,pre_cod_asig2,pre_cod_asig3,pre_cod_asig4,pre_cod_asig5,pre_cod_asig6,pre_cod_asig7 FROM tblaca009 WHERE pensum='5' AND c_uni_ca='4' AND c_asigna='300105' [1][0] OK
C:[04/08/2014 12:40:21.66][186.94.81.28][1138] SELECT pre_cod_asig1,pre_cod_asig2,pre_cod_asig3,pre_cod_asig4,pre_cod_asig5,pre_cod_asig6,pre_cod_asig7 FROM tblaca009 WHERE pensum='5' AND c_uni_ca='4' AND c_asigna='300207' [1][0] OK
C:[04/08/2014 12:40:21.66][186.94.81.28][1151] SELECT c_asigna FROM dace004 WHERE exp_e='13-24436984' AND c_asigna='300101' AND status IN ('0','3','B','C') [1][0] OK
C:[04/08/2014 12:40:21.10][186.94.81.28][1182] SELECT par_cod_asig1,par_cod_asig2,par_cod_asig3 FROM tblaca009 WHERE pensum='5' AND c_uni_ca='4' AND c_asigna='300105' [1][0] OK
C:[04/08/2014 12:40:21.10][186.94.81.28][1182] SELECT par_cod_asig1,par_cod_asig2,par_cod_asig3 FROM tblaca009 WHERE pensum='5' AND c_uni_ca='4' AND c_asigna='300207' [1][0] OK
C:[04/08/2014 12:40:21.36][186.94.81.28][1312] SELECT horas_lab FROM tblaca008 WHERE c_asigna='300105' AND horas_teoricas > 0 [1][0] OK
C:[04/08/2014 12:40:21.36][186.94.81.28][1312] SELECT horas_lab FROM tblaca008 WHERE c_asigna='300207' AND horas_teoricas > 0 [1][0] OK
C:[04/08/2014 12:41:47.33][190.37.46.116][1138] SELECT pre_cod_asig1,pre_cod_asig2,pre_cod_asig3,pre_cod_asig4,pre_cod_asig5,pre_cod_asig6,pre_cod_asig7 FROM tblaca009 WHERE pensum='5' AND c_uni_ca='5' AND c_asigna='300317' [1][0] OK
C:[04/08/2014 12:41:47.33][190.37.46.116][1151] SELECT c_asigna FROM dace004 WHERE exp_e='11-25901007' AND c_asigna='300207' AND status IN ('0','3','B','C') [1][0] OK
C:[04/08/2014 12:41:47.33][190.37.46.116][1151] SELECT c_asigna FROM dace004 WHERE exp_e='11-25901007' AND c_asigna='300209' AND status IN ('0','3','B','C') [1][0] OK
C:[04/08/2014 12:41:47.33][190.37.46.116][1138] SELECT pre_cod_asig1,pre_cod_asig2,pre_cod_asig3,pre_cod_asig4,pre_cod_asig5,pre_cod_asig6,pre_cod_asig7 FROM tblaca009 WHERE pensum='5' AND c_uni_ca='5' AND c_asigna='300318' [1][0] OK
C:[04/08/2014 12:41:47.33][190.37.46.116][1151] SELECT c_asigna FROM dace004 WHERE exp_e='11-25901007' AND c_asigna='300228' AND status IN ('0','3','B','C') [1][0] OK
C:[04/08/2014 12:41:47.33][190.37.46.116][1151] SELECT c_asigna FROM dace004 WHERE exp_e='11-25901007' AND c_asigna='300207' AND status IN ('0','3','B','C') [1][0] OK
C:[04/08/2014 12:41:47.33][190.37.46.116][1151] SELECT c_asigna FROM dace004 WHERE exp_e='11-25901007' AND c_asigna='300218' AND status IN ('0','3','B','C') [1][0] OK
C:[04/08/2014 12:41:47.46][190.37.46.116][1182] SELECT par_cod_asig1,par_cod_asig2,par_cod_asig3 FROM tblaca009 WHERE pensum='5' AND c_uni_ca='5' AND c_asigna='300317' [1][0] OK
C:[04/08/2014 12:41:47.46][190.37.46.116][1182] SELECT par_cod_asig1,par_cod_asig2,par_cod_asig3 FROM tblaca009 WHERE pensum='5' AND c_uni_ca='5' AND c_asigna='300318' [1][0] OK
C:[04/08/2014 12:41:48.72][190.37.46.116][1312] SELECT horas_lab FROM tblaca008 WHERE c_asigna='300317' AND horas_teoricas > 0 [1][0] OK
C:[04/08/2014 12:41:48.72][190.37.46.116][1312] SELECT horas_lab FROM tblaca008 WHERE c_asigna='300318' AND horas_teoricas > 0 [1][0] OK
C:[04/08/2014 12:42:11.88][190.200.48.236][1138] SELECT pre_cod_asig1,pre_cod_asig2,pre_cod_asig3,pre_cod_asig4,pre_cod_asig5,pre_cod_asig6,pre_cod_asig7 FROM tblaca009 WHERE pensum='5' AND c_uni_ca='6' AND c_asigna='300101' [1][0] OK
C:[04/08/2014 12:42:11.26][190.200.48.236][1182] SELECT par_cod_asig1,par_cod_asig2,par_cod_asig3 FROM tblaca009 WHERE pensum='5' AND c_uni_ca='6' AND c_asigna='300101' [1][0] OK
C:[04/08/2014 12:42:11.39][190.200.48.236][1312] SELECT horas_lab FROM tblaca008 WHERE c_asigna='300101' AND horas_teoricas > 0 [1][0] OK
C:[04/08/2014 12:42:45.59][190.204.100.4][1138] SELECT pre_cod_asig1,pre_cod_asig2,pre_cod_asig3,pre_cod_asig4,pre_cod_asig5,pre_cod_asig6,pre_cod_asig7 FROM tblaca009 WHERE pensum='5' AND c_uni_ca='2' AND c_asigna='300317' [1][0] OK
C:[04/08/2014 12:42:45.59][190.204.100.4][1151] SELECT c_asigna FROM dace004 WHERE exp_e='09-24029089' AND c_asigna='300207' AND status IN ('0','3','B','C') [1][0] OK
C:[04/08/2014 12:42:45.59][190.204.100.4][1151] SELECT c_asigna FROM dace004 WHERE exp_e='09-24029089' AND c_asigna='300209' AND status IN ('0','3','B','C') [1][0] OK
C:[04/08/2014 12:42:45.59][190.204.100.4][1138] SELECT pre_cod_asig1,pre_cod_asig2,pre_cod_asig3,pre_cod_asig4,pre_cod_asig5,pre_cod_asig6,pre_cod_asig7 FROM tblaca009 WHERE pensum='5' AND c_uni_ca='2' AND c_asigna='300318' [1][0] OK
C:[04/08/2014 12:42:45.59][190.204.100.4][1151] SELECT c_asigna FROM dace004 WHERE exp_e='09-24029089' AND c_asigna='300228' AND status IN ('0','3','B','C') [1][0] OK
C:[04/08/2014 12:42:45.59][190.204.100.4][1151] SELECT c_asigna FROM dace004 WHERE exp_e='09-24029089' AND c_asigna='300207' AND status IN ('0','3','B','C') [1][0] OK
C:[04/08/2014 12:42:45.59][190.204.100.4][1151] SELECT c_asigna FROM dace004 WHERE exp_e='09-24029089' AND c_asigna='300218' AND status IN ('0','3','B','C') [1][0] OK
C:[04/08/2014 12:42:45.59][190.204.100.4][1138] SELECT pre_cod_asig1,pre_cod_asig2,pre_cod_asig3,pre_cod_asig4,pre_cod_asig5,pre_cod_asig6,pre_cod_asig7 FROM tblaca009 WHERE pensum='5' AND c_uni_ca='2' AND c_asigna='322433' [1][0] OK
C:[04/08/2014 12:42:45.59][190.204.100.4][1151] SELECT c_asigna FROM dace004 WHERE exp_e='09-24029089' AND c_asigna='320323' AND status IN ('0','3','B','C') [1][0] OK
C:[04/08/2014 12:42:45.59][190.204.100.4][1151] SELECT c_asigna FROM dace004 WHERE exp_e='09-24029089' AND c_asigna='300209' AND status IN ('0','3','B','C') [1][0] OK
C:[04/08/2014 12:42:46.09][190.204.100.4][1182] SELECT par_cod_asig1,par_cod_asig2,par_cod_asig3 FROM tblaca009 WHERE pensum='5' AND c_uni_ca='2' AND c_asigna='300317' [1][0] OK
C:[04/08/2014 12:42:46.09][190.204.100.4][1182] SELECT par_cod_asig1,par_cod_asig2,par_cod_asig3 FROM tblaca009 WHERE pensum='5' AND c_uni_ca='2' AND c_asigna='300318' [1][0] OK
C:[04/08/2014 12:42:46.09][190.204.100.4][1182] SELECT par_cod_asig1,par_cod_asig2,par_cod_asig3 FROM tblaca009 WHERE pensum='5' AND c_uni_ca='2' AND c_asigna='322433' [1][0] OK
C:[04/08/2014 12:42:46.47][190.204.100.4][1312] SELECT horas_lab FROM tblaca008 WHERE c_asigna='300317' AND horas_teoricas > 0 [1][0] OK
C:[04/08/2014 12:42:46.47][190.204.100.4][1312] SELECT horas_lab FROM tblaca008 WHERE c_asigna='300318' AND horas_teoricas > 0 [1][0] OK
C:[04/08/2014 12:42:46.47][190.204.100.4][1312] SELECT horas_lab FROM tblaca008 WHERE c_asigna='322433' AND horas_teoricas > 0 [1][0] OK
C:[04/08/2014 12:58:11.54][190.201.163.219][1138] SELECT pre_cod_asig1,pre_cod_asig2,pre_cod_asig3,pre_cod_asig4,pre_cod_asig5,pre_cod_asig6,pre_cod_asig7 FROM tblaca009 WHERE pensum='5' AND c_uni_ca='5' AND c_asigna='355722' [1][0] OK
C:[04/08/2014 12:58:11.54][190.201.163.219][1151] SELECT c_asigna FROM dace004 WHERE exp_e='09-23502461' AND c_asigna='355691' AND status IN ('0','3','B','C') [1][0] OK
C:[04/08/2014 12:58:11.54][190.201.163.219][1151] SELECT c_asigna FROM dace004 WHERE exp_e='09-23502461' AND c_asigna='355595' AND status IN ('0','3','B','C') [1][0] OK
C:[04/08/2014 12:58:11.54][190.201.163.219][1138] SELECT pre_cod_asig1,pre_cod_asig2,pre_cod_asig3,pre_cod_asig4,pre_cod_asig5,pre_cod_asig6,pre_cod_asig7 FROM tblaca009 WHERE pensum='5' AND c_uni_ca='5' AND c_asigna='354852' [1][0] OK
C:[04/08/2014 12:58:12.73][190.201.163.219][1182] SELECT par_cod_asig1,par_cod_asig2,par_cod_asig3 FROM tblaca009 WHERE pensum='5' AND c_uni_ca='5' AND c_asigna='355722' [1][0] OK
C:[04/08/2014 12:58:12.73][190.201.163.219][1182] SELECT par_cod_asig1,par_cod_asig2,par_cod_asig3 FROM tblaca009 WHERE pensum='5' AND c_uni_ca='5' AND c_asigna='354852' [1][0] OK
C:[04/08/2014 12:58:12.99][190.201.163.219][1312] SELECT horas_lab FROM tblaca008 WHERE c_asigna='355722' AND horas_teoricas > 0 [1][0] OK
C:[04/08/2014 12:58:12.99][190.201.163.219][1312] SELECT horas_lab FROM tblaca008 WHERE c_asigna='354852' AND horas_teoricas > 0 [1][0] OK
C:[04/08/2014 12:58:57.68][186.94.81.28][1138] SELECT pre_cod_asig1,pre_cod_asig2,pre_cod_asig3,pre_cod_asig4,pre_cod_asig5,pre_cod_asig6,pre_cod_asig7 FROM tblaca009 WHERE pensum='5' AND c_uni_ca='4' AND c_asigna='300228' [1][0] OK
C:[04/08/2014 12:58:57.68][186.94.81.28][1151] SELECT c_asigna FROM dace004 WHERE exp_e='12-24183487' AND c_asigna='300101' AND status IN ('0','3','B','C') [1][0] OK
C:[04/08/2014 12:58:57.68][186.94.81.28][1138] SELECT pre_cod_asig1,pre_cod_asig2,pre_cod_asig3,pre_cod_asig4,pre_cod_asig5,pre_cod_asig6,pre_cod_asig7 FROM tblaca009 WHERE pensum='5' AND c_uni_ca='4' AND c_asigna='300207' [1][0] OK
C:[04/08/2014 12:58:57.68][186.94.81.28][1151] SELECT c_asigna FROM dace004 WHERE exp_e='12-24183487' AND c_asigna='300101' AND status IN ('0','3','B','C') [1][0] OK
C:[04/08/2014 12:58:58.43][186.94.81.28][1182] SELECT par_cod_asig1,par_cod_asig2,par_cod_asig3 FROM tblaca009 WHERE pensum='5' AND c_uni_ca='4' AND c_asigna='300228' [1][0] OK
C:[04/08/2014 12:58:58.43][186.94.81.28][1182] SELECT par_cod_asig1,par_cod_asig2,par_cod_asig3 FROM tblaca009 WHERE pensum='5' AND c_uni_ca='4' AND c_asigna='300207' [1][0] OK
C:[04/08/2014 12:58:58.69][186.94.81.28][1312] SELECT horas_lab FROM tblaca008 WHERE c_asigna='300228' AND horas_teoricas > 0 [1][0] OK
C:[04/08/2014 12:58:58.69][186.94.81.28][1312] SELECT horas_lab FROM tblaca008 WHERE c_asigna='300207' AND horas_teoricas > 0 [1][0] OK
C:[04/08/2014 13:00:29.28][186.94.81.28][1138] SELECT pre_cod_asig1,pre_cod_asig2,pre_cod_asig3,pre_cod_asig4,pre_cod_asig5,pre_cod_asig6,pre_cod_asig7 FROM tblaca009 WHERE pensum='5' AND c_uni_ca='4' AND c_asigna='300113' [1][0] OK
C:[04/08/2014 13:00:29.28][186.94.81.28][1138] SELECT pre_cod_asig1,pre_cod_asig2,pre_cod_asig3,pre_cod_asig4,pre_cod_asig5,pre_cod_asig6,pre_cod_asig7 FROM tblaca009 WHERE pensum='5' AND c_uni_ca='4' AND c_asigna='300222' [1][0] OK
C:[04/08/2014 13:00:29.28][186.94.81.28][1151] SELECT c_asigna FROM dace004 WHERE exp_e='11-25262277' AND c_asigna='300112' AND status IN ('0','3','B','C') [1][0] OK
C:[04/08/2014 13:00:29.90][186.94.81.28][1182] SELECT par_cod_asig1,par_cod_asig2,par_cod_asig3 FROM tblaca009 WHERE pensum='5' AND c_uni_ca='4' AND c_asigna='300113' [1][0] OK
C:[04/08/2014 13:00:29.90][186.94.81.28][1196] SELECT c_asigna FROM dace004 WHERE exp_e='11-25262277' AND c_asigna='300013' AND status IN ('0','3','B','C') [1][0] OK
C:[04/08/2014 13:00:29.90][186.94.81.28][1182] SELECT par_cod_asig1,par_cod_asig2,par_cod_asig3 FROM tblaca009 WHERE pensum='5' AND c_uni_ca='4' AND c_asigna='300222' [1][0] OK
C:[04/08/2014 13:00:29.30][186.94.81.28][1312] SELECT horas_lab FROM tblaca008 WHERE c_asigna='300113' AND horas_teoricas > 0 [0][0] OK
C:[04/08/2014 13:00:29.30][186.94.81.28][1312] SELECT horas_lab FROM tblaca008 WHERE c_asigna='300222' AND horas_teoricas > 0 [1][0] OK
C:[04/08/2014 13:00:39.03][186.95.42.30][1138] SELECT pre_cod_asig1,pre_cod_asig2,pre_cod_asig3,pre_cod_asig4,pre_cod_asig5,pre_cod_asig6,pre_cod_asig7 FROM tblaca009 WHERE pensum='5' AND c_uni_ca='2' AND c_asigna='322559' [1][0] OK
C:[04/08/2014 13:00:39.03][186.95.42.30][1151] SELECT c_asigna FROM dace004 WHERE exp_e='07-20885894' AND c_asigna='300428' AND status IN ('0','3','B','C') [1][0] OK
C:[04/08/2014 13:00:39.03][186.95.42.30][1151] SELECT c_asigna FROM dace004 WHERE exp_e='07-20885894' AND c_asigna='322436' AND status IN ('0','3','B','C') [1][0] OK
C:[04/08/2014 13:00:39.41][186.95.42.30][1182] SELECT par_cod_asig1,par_cod_asig2,par_cod_asig3 FROM tblaca009 WHERE pensum='5' AND c_uni_ca='2' AND c_asigna='322559' [1][0] OK
C:[04/08/2014 13:00:39.54][186.95.42.30][1312] SELECT horas_lab FROM tblaca008 WHERE c_asigna='322559' AND horas_teoricas > 0 [1][0] OK
C:[04/08/2014 13:01:59.36][190.79.24.213][1138] SELECT pre_cod_asig1,pre_cod_asig2,pre_cod_asig3,pre_cod_asig4,pre_cod_asig5,pre_cod_asig6,pre_cod_asig7 FROM tblaca009 WHERE pensum='5' AND c_uni_ca='3' AND c_asigna='311822' [1][0] OK
C:[04/08/2014 13:01:59.36][190.79.24.213][1151] SELECT c_asigna FROM dace004 WHERE exp_e='08-20807790' AND c_asigna='311795' AND status IN ('0','3','B','C') [1][0] OK
C:[04/08/2014 13:01:59.36][190.79.24.213][1138] SELECT pre_cod_asig1,pre_cod_asig2,pre_cod_asig3,pre_cod_asig4,pre_cod_asig5,pre_cod_asig6,pre_cod_asig7 FROM tblaca009 WHERE pensum='5' AND c_uni_ca='3' AND c_asigna='311823' [1][0] OK
C:[04/08/2014 13:01:59.36][190.79.24.213][1151] SELECT c_asigna FROM dace004 WHERE exp_e='08-20807790' AND c_asigna='311795' AND status IN ('0','3','B','C') [1][0] OK
C:[04/08/2014 13:01:59.36][190.79.24.213][1138] SELECT pre_cod_asig1,pre_cod_asig2,pre_cod_asig3,pre_cod_asig4,pre_cod_asig5,pre_cod_asig6,pre_cod_asig7 FROM tblaca009 WHERE pensum='5' AND c_uni_ca='3' AND c_asigna='311825' [1][0] OK
C:[04/08/2014 13:01:59.36][190.79.24.213][1151] SELECT c_asigna FROM dace004 WHERE exp_e='08-20807790' AND c_asigna='311775' AND status IN ('0','3','B','C') [1][0] OK
C:[04/08/2014 13:01:59.36][190.79.24.213][1151] SELECT c_asigna FROM dace004 WHERE exp_e='08-20807790' AND c_asigna='311795' AND status IN ('0','3','B','C') [1][0] OK
C:[04/08/2014 13:01:59.48][190.79.24.213][1182] SELECT par_cod_asig1,par_cod_asig2,par_cod_asig3 FROM tblaca009 WHERE pensum='5' AND c_uni_ca='3' AND c_asigna='311822' [1][0] OK
C:[04/08/2014 13:01:59.48][190.79.24.213][1182] SELECT par_cod_asig1,par_cod_asig2,par_cod_asig3 FROM tblaca009 WHERE pensum='5' AND c_uni_ca='3' AND c_asigna='311823' [1][0] OK
C:[04/08/2014 13:01:59.48][190.79.24.213][1182] SELECT par_cod_asig1,par_cod_asig2,par_cod_asig3 FROM tblaca009 WHERE pensum='5' AND c_uni_ca='3' AND c_asigna='311825' [1][0] OK
C:[04/08/2014 13:01:59.87][190.79.24.213][1312] SELECT horas_lab FROM tblaca008 WHERE c_asigna='311822' AND horas_teoricas > 0 [1][0] OK
C:[04/08/2014 13:01:59.87][190.79.24.213][1312] SELECT horas_lab FROM tblaca008 WHERE c_asigna='311823' AND horas_teoricas > 0 [1][0] OK
C:[04/08/2014 13:01:59.87][190.79.24.213][1312] SELECT horas_lab FROM tblaca008 WHERE c_asigna='311825' AND horas_teoricas > 0 [1][0] OK
C:[04/08/2014 13:02:08.77][190.36.21.152][1138] SELECT pre_cod_asig1,pre_cod_asig2,pre_cod_asig3,pre_cod_asig4,pre_cod_asig5,pre_cod_asig6,pre_cod_asig7 FROM tblaca009 WHERE pensum='5' AND c_uni_ca='2' AND c_asigna='300228' [1][0] OK
C:[04/08/2014 13:02:08.77][190.36.21.152][1151] SELECT c_asigna FROM dace004 WHERE exp_e='13-25397454' AND c_asigna='300101' AND status IN ('0','3','B','C') [1][0] OK
C:[04/08/2014 13:02:08.77][190.36.21.152][1138] SELECT pre_cod_asig1,pre_cod_asig2,pre_cod_asig3,pre_cod_asig4,pre_cod_asig5,pre_cod_asig6,pre_cod_asig7 FROM tblaca009 WHERE pensum='5' AND c_uni_ca='2' AND c_asigna='300317' [1][0] OK
C:[04/08/2014 13:02:08.77][190.36.21.152][1151] SELECT c_asigna FROM dace004 WHERE exp_e='13-25397454' AND c_asigna='300207' AND status IN ('0','3','B','C') [1][0] OK
C:[04/08/2014 13:02:08.77][190.36.21.152][1151] SELECT c_asigna FROM dace004 WHERE exp_e='13-25397454' AND c_asigna='300209' AND status IN ('0','3','B','C') [1][0] OK
C:[04/08/2014 13:02:08.08][190.36.21.152][1182] SELECT par_cod_asig1,par_cod_asig2,par_cod_asig3 FROM tblaca009 WHERE pensum='5' AND c_uni_ca='2' AND c_asigna='300228' [1][0] OK
C:[04/08/2014 13:02:08.08][190.36.21.152][1182] SELECT par_cod_asig1,par_cod_asig2,par_cod_asig3 FROM tblaca009 WHERE pensum='5' AND c_uni_ca='2' AND c_asigna='300317' [1][0] OK
C:[04/08/2014 13:02:08.34][190.36.21.152][1312] SELECT horas_lab FROM tblaca008 WHERE c_asigna='300228' AND horas_teoricas > 0 [1][0] OK
C:[04/08/2014 13:02:08.34][190.36.21.152][1312] SELECT horas_lab FROM tblaca008 WHERE c_asigna='300317' AND horas_teoricas > 0 [1][0] OK
C:[04/08/2014 13:02:13.25][186.94.81.28][1138] SELECT pre_cod_asig1,pre_cod_asig2,pre_cod_asig3,pre_cod_asig4,pre_cod_asig5,pre_cod_asig6,pre_cod_asig7 FROM tblaca009 WHERE pensum='5' AND c_uni_ca='6' AND c_asigna='300207' [1][0] OK
C:[04/08/2014 13:02:13.25][186.94.81.28][1151] SELECT c_asigna FROM dace004 WHERE exp_e='09-19905279' AND c_asigna='300101' AND status IN ('0','3','B','C') [1][0] OK
C:[04/08/2014 13:02:13.25][186.94.81.28][1138] SELECT pre_cod_asig1,pre_cod_asig2,pre_cod_asig3,pre_cod_asig4,pre_cod_asig5,pre_cod_asig6,pre_cod_asig7 FROM tblaca009 WHERE pensum='5' AND c_uni_ca='6' AND c_asigna='300209' [1][0] OK
C:[04/08/2014 13:02:13.25][186.94.81.28][1151] SELECT c_asigna FROM dace004 WHERE exp_e='09-19905279' AND c_asigna='300101' AND status IN ('0','3','B','C') [1][0] OK
C:[04/08/2014 13:02:13.76][186.94.81.28][1182] SELECT par_cod_asig1,par_cod_asig2,par_cod_asig3 FROM tblaca009 WHERE pensum='5' AND c_uni_ca='6' AND c_asigna='300207' [1][0] OK
C:[04/08/2014 13:02:13.76][186.94.81.28][1182] SELECT par_cod_asig1,par_cod_asig2,par_cod_asig3 FROM tblaca009 WHERE pensum='5' AND c_uni_ca='6' AND c_asigna='300209' [1][0] OK
C:[04/08/2014 13:02:13.02][186.94.81.28][1312] SELECT horas_lab FROM tblaca008 WHERE c_asigna='300207' AND horas_teoricas > 0 [1][0] OK
C:[04/08/2014 13:02:13.02][186.94.81.28][1312] SELECT horas_lab FROM tblaca008 WHERE c_asigna='300209' AND horas_teoricas > 0 [1][0] OK
C:[04/08/2014 13:03:18.65][186.94.81.28][1138] SELECT pre_cod_asig1,pre_cod_asig2,pre_cod_asig3,pre_cod_asig4,pre_cod_asig5,pre_cod_asig6,pre_cod_asig7 FROM tblaca009 WHERE pensum='5' AND c_uni_ca='4' AND c_asigna='333710' [1][0] OK
C:[04/08/2014 13:03:18.65][186.94.81.28][1151] SELECT c_asigna FROM dace004 WHERE exp_e='06-19621696' AND c_asigna='333683' AND status IN ('0','3','B','C') [1][0] OK
C:[04/08/2014 13:03:18.65][186.94.81.28][1151] SELECT c_asigna FROM dace004 WHERE exp_e='06-19621696' AND c_asigna='333606' AND status IN ('0','3','B','C') [1][0] OK
C:[04/08/2014 13:03:18.29][186.94.81.28][1182] SELECT par_cod_asig1,par_cod_asig2,par_cod_asig3 FROM tblaca009 WHERE pensum='5' AND c_uni_ca='4' AND c_asigna='333710' [1][0] OK
C:[04/08/2014 13:03:18.29][186.94.81.28][1196] SELECT c_asigna FROM dace004 WHERE exp_e='06-19621696' AND c_asigna='333782' AND status IN ('0','3','B','C') [1][0] OK
C:[04/08/2014 13:03:18.53][186.94.81.28][1312] SELECT horas_lab FROM tblaca008 WHERE c_asigna='333710' AND horas_teoricas > 0 [1][0] OK
C:[04/08/2014 13:06:05.12][186.90.47.161][1138] SELECT pre_cod_asig1,pre_cod_asig2,pre_cod_asig3,pre_cod_asig4,pre_cod_asig5,pre_cod_asig6,pre_cod_asig7 FROM tblaca009 WHERE pensum='5' AND c_uni_ca='6' AND c_asigna='300101' [1][0] OK
C:[04/08/2014 13:06:05.51][186.90.47.161][1182] SELECT par_cod_asig1,par_cod_asig2,par_cod_asig3 FROM tblaca009 WHERE pensum='5' AND c_uni_ca='6' AND c_asigna='300101' [1][0] OK
C:[04/08/2014 13:06:05.64][186.90.47.161][1312] SELECT horas_lab FROM tblaca008 WHERE c_asigna='300101' AND horas_teoricas > 0 [1][0] OK
C:[04/08/2014 13:06:27.71][186.94.81.28][1138] SELECT pre_cod_asig1,pre_cod_asig2,pre_cod_asig3,pre_cod_asig4,pre_cod_asig5,pre_cod_asig6,pre_cod_asig7 FROM tblaca009 WHERE pensum='5' AND c_uni_ca='5' AND c_asigna='300105' [1][0] OK
C:[04/08/2014 13:06:27.71][186.94.81.28][1138] SELECT pre_cod_asig1,pre_cod_asig2,pre_cod_asig3,pre_cod_asig4,pre_cod_asig5,pre_cod_asig6,pre_cod_asig7 FROM tblaca009 WHERE pensum='5' AND c_uni_ca='5' AND c_asigna='300101' [1][0] OK
C:[04/08/2014 13:06:27.21][186.94.81.28][1182] SELECT par_cod_asig1,par_cod_asig2,par_cod_asig3 FROM tblaca009 WHERE pensum='5' AND c_uni_ca='5' AND c_asigna='300105' [1][0] OK
C:[04/08/2014 13:06:27.21][186.94.81.28][1182] SELECT par_cod_asig1,par_cod_asig2,par_cod_asig3 FROM tblaca009 WHERE pensum='5' AND c_uni_ca='5' AND c_asigna='300101' [1][0] OK
C:[04/08/2014 13:06:27.48][186.94.81.28][1312] SELECT horas_lab FROM tblaca008 WHERE c_asigna='300105' AND horas_teoricas > 0 [1][0] OK
C:[04/08/2014 13:06:27.48][186.94.81.28][1312] SELECT horas_lab FROM tblaca008 WHERE c_asigna='300101' AND horas_teoricas > 0 [1][0] OK
C:[04/08/2014 13:07:14.60][186.24.13.102][1138] SELECT pre_cod_asig1,pre_cod_asig2,pre_cod_asig3,pre_cod_asig4,pre_cod_asig5,pre_cod_asig6,pre_cod_asig7 FROM tblaca009 WHERE pensum='5' AND c_uni_ca='3' AND c_asigna='300428' [1][0] OK
C:[04/08/2014 13:07:14.60][186.24.13.102][1151] SELECT c_asigna FROM dace004 WHERE exp_e='10-22820868' AND c_asigna='300317' AND status IN ('0','3','B','C') [1][0] OK
C:[04/08/2014 13:07:14.60][186.24.13.102][1151] SELECT c_asigna FROM dace004 WHERE exp_e='10-22820868' AND c_asigna='300209' AND status IN ('0','3','B','C') [1][0] OK
C:[04/08/2014 13:07:14.15][186.24.13.102][1182] SELECT par_cod_asig1,par_cod_asig2,par_cod_asig3 FROM tblaca009 WHERE pensum='5' AND c_uni_ca='3' AND c_asigna='300428' [1][0] OK
C:[04/08/2014 13:07:14.85][186.24.13.102][1312] SELECT horas_lab FROM tblaca008 WHERE c_asigna='300428' AND horas_teoricas > 0 [1][0] OK
C:[04/08/2014 13:07:16.55][186.94.81.28][1138] SELECT pre_cod_asig1,pre_cod_asig2,pre_cod_asig3,pre_cod_asig4,pre_cod_asig5,pre_cod_asig6,pre_cod_asig7 FROM tblaca009 WHERE pensum='5' AND c_uni_ca='6' AND c_asigna='300207' [1][0] OK
C:[04/08/2014 13:07:16.55][186.94.81.28][1151] SELECT c_asigna FROM dace004 WHERE exp_e='09-19905279' AND c_asigna='300101' AND status IN ('0','3','B','C') [1][0] OK
C:[04/08/2014 13:07:16.80][186.94.81.28][1182] SELECT par_cod_asig1,par_cod_asig2,par_cod_asig3 FROM tblaca009 WHERE pensum='5' AND c_uni_ca='6' AND c_asigna='300207' [1][0] OK
C:[04/08/2014 13:07:16.07][186.94.81.28][1312] SELECT horas_lab FROM tblaca008 WHERE c_asigna='300207' AND horas_teoricas > 0 [1][0] OK
C:[04/08/2014 13:08:23.84][190.198.90.92][1138] SELECT pre_cod_asig1,pre_cod_asig2,pre_cod_asig3,pre_cod_asig4,pre_cod_asig5,pre_cod_asig6,pre_cod_asig7 FROM tblaca009 WHERE pensum='5' AND c_uni_ca='2' AND c_asigna='322436' [1][0] OK
C:[04/08/2014 13:08:23.84][190.198.90.92][1151] SELECT c_asigna FROM dace004 WHERE exp_e='08-17624807' AND c_asigna='300317' AND status IN ('0','3','B','C') [1][0] OK
C:[04/08/2014 13:08:23.84][190.198.90.92][1151] SELECT c_asigna FROM dace004 WHERE exp_e='08-17624807' AND c_asigna='320311' AND status IN ('0','3','B','C') [1][0] OK
C:[04/08/2014 13:08:23.84][190.198.90.92][1138] SELECT pre_cod_asig1,pre_cod_asig2,pre_cod_asig3,pre_cod_asig4,pre_cod_asig5,pre_cod_asig6,pre_cod_asig7 FROM tblaca009 WHERE pensum='5' AND c_uni_ca='2' AND c_asigna='322558' [1][0] OK
C:[04/08/2014 13:08:23.84][190.198.90.92][1151] SELECT c_asigna FROM dace004 WHERE exp_e='08-17624807' AND c_asigna='300428' AND status IN ('0','3','B','C') [1][0] OK
C:[04/08/2014 13:08:23.84][190.198.90.92][1151] SELECT c_asigna FROM dace004 WHERE exp_e='08-17624807' AND c_asigna='320323' AND status IN ('0','3','B','C') [1][0] OK
C:[04/08/2014 13:08:23.84][190.198.90.92][1182] SELECT par_cod_asig1,par_cod_asig2,par_cod_asig3 FROM tblaca009 WHERE pensum='5' AND c_uni_ca='2' AND c_asigna='322436' [1][0] OK
C:[04/08/2014 13:08:23.84][190.198.90.92][1182] SELECT par_cod_asig1,par_cod_asig2,par_cod_asig3 FROM tblaca009 WHERE pensum='5' AND c_uni_ca='2' AND c_asigna='322558' [1][0] OK
C:[04/08/2014 13:08:23.10][190.198.90.92][1312] SELECT horas_lab FROM tblaca008 WHERE c_asigna='322436' AND horas_teoricas > 0 [1][0] OK
C:[04/08/2014 13:08:23.10][190.198.90.92][1312] SELECT horas_lab FROM tblaca008 WHERE c_asigna='322558' AND horas_teoricas > 0 [1][0] OK
C:[04/08/2014 13:09:50.16][186.88.139.8][1138] SELECT pre_cod_asig1,pre_cod_asig2,pre_cod_asig3,pre_cod_asig4,pre_cod_asig5,pre_cod_asig6,pre_cod_asig7 FROM tblaca009 WHERE pensum='5' AND c_uni_ca='5' AND c_asigna='300013' [1][0] OK
C:[04/08/2014 13:09:50.16][186.88.139.8][1138] SELECT pre_cod_asig1,pre_cod_asig2,pre_cod_asig3,pre_cod_asig4,pre_cod_asig5,pre_cod_asig6,pre_cod_asig7 FROM tblaca009 WHERE pensum='5' AND c_uni_ca='5' AND c_asigna='300101' [1][0] OK
C:[04/08/2014 13:09:50.16][186.88.139.8][1138] SELECT pre_cod_asig1,pre_cod_asig2,pre_cod_asig3,pre_cod_asig4,pre_cod_asig5,pre_cod_asig6,pre_cod_asig7 FROM tblaca009 WHERE pensum='5' AND c_uni_ca='5' AND c_asigna='300222' [1][0] OK
C:[04/08/2014 13:09:50.16][186.88.139.8][1151] SELECT c_asigna FROM dace004 WHERE exp_e='13-25934920' AND c_asigna='300112' AND status IN ('0','3','B','C') [1][0] OK
C:[04/08/2014 13:09:50.91][186.88.139.8][1182] SELECT par_cod_asig1,par_cod_asig2,par_cod_asig3 FROM tblaca009 WHERE pensum='5' AND c_uni_ca='5' AND c_asigna='300013' [1][0] OK
C:[04/08/2014 13:09:50.91][186.88.139.8][1182] SELECT par_cod_asig1,par_cod_asig2,par_cod_asig3 FROM tblaca009 WHERE pensum='5' AND c_uni_ca='5' AND c_asigna='300101' [1][0] OK
C:[04/08/2014 13:09:50.91][186.88.139.8][1182] SELECT par_cod_asig1,par_cod_asig2,par_cod_asig3 FROM tblaca009 WHERE pensum='5' AND c_uni_ca='5' AND c_asigna='300222' [1][0] OK
C:[04/08/2014 13:09:50.86][186.88.139.8][1312] SELECT horas_lab FROM tblaca008 WHERE c_asigna='300013' AND horas_teoricas > 0 [1][0] OK
C:[04/08/2014 13:09:50.86][186.88.139.8][1312] SELECT horas_lab FROM tblaca008 WHERE c_asigna='300101' AND horas_teoricas > 0 [1][0] OK
C:[04/08/2014 13:09:50.86][186.88.139.8][1312] SELECT horas_lab FROM tblaca008 WHERE c_asigna='300222' AND horas_teoricas > 0 [1][0] OK
C:[04/08/2014 13:11:02.83][190.204.197.234][1138] SELECT pre_cod_asig1,pre_cod_asig2,pre_cod_asig3,pre_cod_asig4,pre_cod_asig5,pre_cod_asig6,pre_cod_asig7 FROM tblaca009 WHERE pensum='5' AND c_uni_ca='6' AND c_asigna='344843' [1][0] OK
C:[04/08/2014 13:11:02.83][190.204.197.234][1151] SELECT c_asigna FROM dace004 WHERE exp_e='06-17883506' AND c_asigna='344714' AND status IN ('0','3','B','C') [1][0] OK
C:[04/08/2014 13:11:02.83][190.204.197.234][1151] SELECT c_asigna FROM dace004 WHERE exp_e='06-17883506' AND c_asigna='344715' AND status IN ('0','3','B','C') [1][0] OK
C:[04/08/2014 13:11:02.83][190.204.197.234][1151] SELECT c_asigna FROM dace004 WHERE exp_e='06-17883506' AND c_asigna='300313' AND status IN ('0','3','B','C') [1][0] OK
C:[04/08/2014 13:11:02.58][190.204.197.234][1182] SELECT par_cod_asig1,par_cod_asig2,par_cod_asig3 FROM tblaca009 WHERE pensum='5' AND c_uni_ca='6' AND c_asigna='344843' [1][0] OK
C:[04/08/2014 13:11:02.73][190.204.197.234][1312] SELECT horas_lab FROM tblaca008 WHERE c_asigna='344843' AND horas_teoricas > 0 [1][0] OK
C:[04/08/2014 13:11:08.32][200.109.205.91][1138] SELECT pre_cod_asig1,pre_cod_asig2,pre_cod_asig3,pre_cod_asig4,pre_cod_asig5,pre_cod_asig6,pre_cod_asig7 FROM tblaca009 WHERE pensum='5' AND c_uni_ca='6' AND c_asigna='344733' [1][0] OK
C:[04/08/2014 13:11:08.32][200.109.205.91][1138] SELECT pre_cod_asig1,pre_cod_asig2,pre_cod_asig3,pre_cod_asig4,pre_cod_asig5,pre_cod_asig6,pre_cod_asig7 FROM tblaca009 WHERE pensum='5' AND c_uni_ca='6' AND c_asigna='344046' [1][0] OK
C:[04/08/2014 13:11:08.32][200.109.205.91][1151] SELECT c_asigna FROM dace004 WHERE exp_e='07-20222499' AND c_asigna='344834' AND status IN ('0','3','B','C') [1][0] OK
C:[04/08/2014 13:11:08.32][200.109.205.91][1151] SELECT c_asigna FROM dace004 WHERE exp_e='07-20222499' AND c_asigna='344732' AND status IN ('0','3','B','C') [1][0] OK
C:[04/08/2014 13:11:08.32][200.109.205.91][1138] SELECT pre_cod_asig1,pre_cod_asig2,pre_cod_asig3,pre_cod_asig4,pre_cod_asig5,pre_cod_asig6,pre_cod_asig7 FROM tblaca009 WHERE pensum='5' AND c_uni_ca='6' AND c_asigna='344948' [1][0] OK
C:[04/08/2014 13:11:08.94][200.109.205.91][1182] SELECT par_cod_asig1,par_cod_asig2,par_cod_asig3 FROM tblaca009 WHERE pensum='5' AND c_uni_ca='6' AND c_asigna='344733' [1][0] OK
C:[04/08/2014 13:11:08.94][200.109.205.91][1182] SELECT par_cod_asig1,par_cod_asig2,par_cod_asig3 FROM tblaca009 WHERE pensum='5' AND c_uni_ca='6' AND c_asigna='344046' [1][0] OK
C:[04/08/2014 13:11:08.94][200.109.205.91][1182] SELECT par_cod_asig1,par_cod_asig2,par_cod_asig3 FROM tblaca009 WHERE pensum='5' AND c_uni_ca='6' AND c_asigna='344948' [1][0] OK
C:[04/08/2014 13:11:08.32][200.109.205.91][1312] SELECT horas_lab FROM tblaca008 WHERE c_asigna='344733' AND horas_teoricas > 0 [1][0] OK
C:[04/08/2014 13:11:08.32][200.109.205.91][1312] SELECT horas_lab FROM tblaca008 WHERE c_asigna='344046' AND horas_teoricas > 0 [1][0] OK
C:[04/08/2014 13:11:08.32][200.109.205.91][1312] SELECT horas_lab FROM tblaca008 WHERE c_asigna='344948' AND horas_teoricas > 0 [1][0] OK
C:[04/08/2014 13:11:25.53][186.94.81.28][1138] SELECT pre_cod_asig1,pre_cod_asig2,pre_cod_asig3,pre_cod_asig4,pre_cod_asig5,pre_cod_asig6,pre_cod_asig7 FROM tblaca009 WHERE pensum='5' AND c_uni_ca='3' AND c_asigna='300101' [1][0] OK
C:[04/08/2014 13:11:25.85][186.94.81.28][1182] SELECT par_cod_asig1,par_cod_asig2,par_cod_asig3 FROM tblaca009 WHERE pensum='5' AND c_uni_ca='3' AND c_asigna='300101' [1][0] OK
C:[04/08/2014 13:11:25.98][186.94.81.28][1312] SELECT horas_lab FROM tblaca008 WHERE c_asigna='300101' AND horas_teoricas > 0 [1][0] OK
C:[04/08/2014 13:11:46.49][190.204.69.243][1138] SELECT pre_cod_asig1,pre_cod_asig2,pre_cod_asig3,pre_cod_asig4,pre_cod_asig5,pre_cod_asig6,pre_cod_asig7 FROM tblaca009 WHERE pensum='5' AND c_uni_ca='5' AND c_asigna='355721' [1][0] OK
C:[04/08/2014 13:11:46.49][190.204.69.243][1151] SELECT c_asigna FROM dace004 WHERE exp_e='06-19093086' AND c_asigna='355693' AND status IN ('0','3','B','C') [1][0] OK
C:[04/08/2014 13:11:46.49][190.204.69.243][1151] SELECT c_asigna FROM dace004 WHERE exp_e='06-19093086' AND c_asigna='355696' AND status IN ('0','3','B','C') [1][0] OK
C:[04/08/2014 13:11:46.49][190.204.69.243][1138] SELECT pre_cod_asig1,pre_cod_asig2,pre_cod_asig3,pre_cod_asig4,pre_cod_asig5,pre_cod_asig6,pre_cod_asig7 FROM tblaca009 WHERE pensum='5' AND c_uni_ca='5' AND c_asigna='355725' [1][0] OK
C:[04/08/2014 13:11:46.49][190.204.69.243][1151] SELECT c_asigna FROM dace004 WHERE exp_e='06-19093086' AND c_asigna='355693' AND status IN ('0','3','B','C') [1][0] OK
C:[04/08/2014 13:11:46.49][190.204.69.243][1151] SELECT c_asigna FROM dace004 WHERE exp_e='06-19093086' AND c_asigna='355692' AND status IN ('0','3','B','C') [1][0] OK
C:[04/08/2014 13:11:47.49][190.204.69.243][1182] SELECT par_cod_asig1,par_cod_asig2,par_cod_asig3 FROM tblaca009 WHERE pensum='5' AND c_uni_ca='5' AND c_asigna='355721' [1][0] OK
C:[04/08/2014 13:11:47.49][190.204.69.243][1182] SELECT par_cod_asig1,par_cod_asig2,par_cod_asig3 FROM tblaca009 WHERE pensum='5' AND c_uni_ca='5' AND c_asigna='355725' [1][0] OK
C:[04/08/2014 13:11:47.77][190.204.69.243][1312] SELECT horas_lab FROM tblaca008 WHERE c_asigna='355721' AND horas_teoricas > 0 [1][0] OK
C:[04/08/2014 13:11:47.77][190.204.69.243][1312] SELECT horas_lab FROM tblaca008 WHERE c_asigna='355725' AND horas_teoricas > 0 [1][0] OK
C:[04/08/2014 13:14:22.20][186.94.81.28][1138] SELECT pre_cod_asig1,pre_cod_asig2,pre_cod_asig3,pre_cod_asig4,pre_cod_asig5,pre_cod_asig6,pre_cod_asig7 FROM tblaca009 WHERE pensum='5' AND c_uni_ca='6' AND c_asigna='300113' [1][0] OK
C:[04/08/2014 13:14:22.20][186.94.81.28][1138] SELECT pre_cod_asig1,pre_cod_asig2,pre_cod_asig3,pre_cod_asig4,pre_cod_asig5,pre_cod_asig6,pre_cod_asig7 FROM tblaca009 WHERE pensum='5' AND c_uni_ca='6' AND c_asigna='300207' [1][0] OK
C:[04/08/2014 13:14:22.20][186.94.81.28][1151] SELECT c_asigna FROM dace004 WHERE exp_e='13-26154779' AND c_asigna='300101' AND status IN ('0','3','B','C') [1][0] OK
C:[04/08/2014 13:14:22.81][186.94.81.28][1182] SELECT par_cod_asig1,par_cod_asig2,par_cod_asig3 FROM tblaca009 WHERE pensum='5' AND c_uni_ca='6' AND c_asigna='300113' [1][0] OK
C:[04/08/2014 13:14:22.81][186.94.81.28][1196] SELECT c_asigna FROM dace004 WHERE exp_e='13-26154779' AND c_asigna='300013' AND status IN ('0','3','B','C') [1][0] OK
C:[04/08/2014 13:14:22.81][186.94.81.28][1182] SELECT par_cod_asig1,par_cod_asig2,par_cod_asig3 FROM tblaca009 WHERE pensum='5' AND c_uni_ca='6' AND c_asigna='300207' [1][0] OK
C:[04/08/2014 13:14:23.20][186.94.81.28][1312] SELECT horas_lab FROM tblaca008 WHERE c_asigna='300113' AND horas_teoricas > 0 [0][0] OK
C:[04/08/2014 13:14:23.20][186.94.81.28][1312] SELECT horas_lab FROM tblaca008 WHERE c_asigna='300207' AND horas_teoricas > 0 [1][0] OK
C:[04/08/2014 13:14:37.47][186.167.243.194][1138] SELECT pre_cod_asig1,pre_cod_asig2,pre_cod_asig3,pre_cod_asig4,pre_cod_asig5,pre_cod_asig6,pre_cod_asig7 FROM tblaca009 WHERE pensum='5' AND c_uni_ca='6' AND c_asigna='300207' [1][0] OK
C:[04/08/2014 13:14:37.47][186.167.243.194][1151] SELECT c_asigna FROM dace004 WHERE exp_e='11-22971909' AND c_asigna='300101' AND status IN ('0','3','B','C') [1][0] OK
C:[04/08/2014 13:14:37.97][186.167.243.194][1182] SELECT par_cod_asig1,par_cod_asig2,par_cod_asig3 FROM tblaca009 WHERE pensum='5' AND c_uni_ca='6' AND c_asigna='300207' [1][0] OK
C:[04/08/2014 13:14:37.11][186.167.243.194][1312] SELECT horas_lab FROM tblaca008 WHERE c_asigna='300207' AND horas_teoricas > 0 [1][0] OK
C:[04/08/2014 13:15:16.67][186.90.214.75][1138] SELECT pre_cod_asig1,pre_cod_asig2,pre_cod_asig3,pre_cod_asig4,pre_cod_asig5,pre_cod_asig6,pre_cod_asig7 FROM tblaca009 WHERE pensum='5' AND c_uni_ca='6' AND c_asigna='344566' [1][0] OK
C:[04/08/2014 13:15:16.67][186.90.214.75][1151] SELECT c_asigna FROM dace004 WHERE exp_e='07-20171109' AND c_asigna='344446' AND status IN ('0','3','B','C') [1][0] OK
C:[04/08/2014 13:15:16.67][186.90.214.75][1151] SELECT c_asigna FROM dace004 WHERE exp_e='07-20171109' AND c_asigna='300428' AND status IN ('0','3','B','C') [1][0] OK
C:[04/08/2014 13:15:16.67][186.90.214.75][1151] SELECT c_asigna FROM dace004 WHERE exp_e='07-20171109' AND c_asigna='300209' AND status IN ('0','3','B','C') [1][0] OK
C:[04/08/2014 13:15:16.67][186.90.214.75][1151] SELECT c_asigna FROM dace004 WHERE exp_e='07-20171109' AND c_asigna='300222' AND status IN ('0','3','B','C') [1][0] OK
C:[04/08/2014 13:15:16.67][186.90.214.75][1151] SELECT c_asigna FROM dace004 WHERE exp_e='07-20171109' AND c_asigna='300226' AND status IN ('0','3','B','C') [1][0] OK
C:[04/08/2014 13:15:16.67][186.90.214.75][1151] SELECT c_asigna FROM dace004 WHERE exp_e='07-20171109' AND c_asigna='300317' AND status IN ('0','3','B','C') [1][0] OK
C:[04/08/2014 13:15:16.67][186.90.214.75][1151] SELECT c_asigna FROM dace004 WHERE exp_e='07-20171109' AND c_asigna='300313' AND status IN ('0','3','B','C') [0][0] OK
C:[04/08/2014 13:15:16.67][186.90.214.75][1138] SELECT pre_cod_asig1,pre_cod_asig2,pre_cod_asig3,pre_cod_asig4,pre_cod_asig5,pre_cod_asig6,pre_cod_asig7 FROM tblaca009 WHERE pensum='5' AND c_uni_ca='6' AND c_asigna='344687' [1][0] OK
C:[04/08/2014 13:15:16.67][186.90.214.75][1151] SELECT c_asigna FROM dace004 WHERE exp_e='07-20171109' AND c_asigna='344565' AND status IN ('0','3','B','C') [1][0] OK
C:[04/08/2014 13:15:17.17][186.90.214.75][1182] SELECT par_cod_asig1,par_cod_asig2,par_cod_asig3 FROM tblaca009 WHERE pensum='5' AND c_uni_ca='6' AND c_asigna='344566' [1][0] OK
C:[04/08/2014 13:15:17.17][186.90.214.75][1182] SELECT par_cod_asig1,par_cod_asig2,par_cod_asig3 FROM tblaca009 WHERE pensum='5' AND c_uni_ca='6' AND c_asigna='344687' [1][0] OK
C:[04/08/2014 13:15:17.43][186.90.214.75][1312] SELECT horas_lab FROM tblaca008 WHERE c_asigna='344566' AND horas_teoricas > 0 [1][0] OK
C:[04/08/2014 13:15:17.43][186.90.214.75][1312] SELECT horas_lab FROM tblaca008 WHERE c_asigna='344687' AND horas_teoricas > 0 [1][0] OK
C:[04/08/2014 13:16:14.13][186.94.81.28][1138] SELECT pre_cod_asig1,pre_cod_asig2,pre_cod_asig3,pre_cod_asig4,pre_cod_asig5,pre_cod_asig6,pre_cod_asig7 FROM tblaca009 WHERE pensum='5' AND c_uni_ca='6' AND c_asigna='300101' [1][0] OK
C:[04/08/2014 13:16:14.13][186.94.81.28][1138] SELECT pre_cod_asig1,pre_cod_asig2,pre_cod_asig3,pre_cod_asig4,pre_cod_asig5,pre_cod_asig6,pre_cod_asig7 FROM tblaca009 WHERE pensum='5' AND c_uni_ca='6' AND c_asigna='300105' [1][0] OK
C:[04/08/2014 13:16:14.63][186.94.81.28][1182] SELECT par_cod_asig1,par_cod_asig2,par_cod_asig3 FROM tblaca009 WHERE pensum='5' AND c_uni_ca='6' AND c_asigna='300101' [1][0] OK
C:[04/08/2014 13:16:14.63][186.94.81.28][1182] SELECT par_cod_asig1,par_cod_asig2,par_cod_asig3 FROM tblaca009 WHERE pensum='5' AND c_uni_ca='6' AND c_asigna='300105' [1][0] OK
C:[04/08/2014 13:16:14.89][186.94.81.28][1312] SELECT horas_lab FROM tblaca008 WHERE c_asigna='300101' AND horas_teoricas > 0 [1][0] OK
C:[04/08/2014 13:16:14.89][186.94.81.28][1312] SELECT horas_lab FROM tblaca008 WHERE c_asigna='300105' AND horas_teoricas > 0 [1][0] OK
C:[04/08/2014 13:16:43.11][190.198.167.101][1138] SELECT pre_cod_asig1,pre_cod_asig2,pre_cod_asig3,pre_cod_asig4,pre_cod_asig5,pre_cod_asig6,pre_cod_asig7 FROM tblaca009 WHERE pensum='5' AND c_uni_ca='4' AND c_asigna='300207' [1][0] OK
C:[04/08/2014 13:16:43.11][190.198.167.101][1151] SELECT c_asigna FROM dace004 WHERE exp_e='08-20299434' AND c_asigna='300101' AND status IN ('0','3','B','C') [1][0] OK
C:[04/08/2014 13:16:43.62][190.198.167.101][1182] SELECT par_cod_asig1,par_cod_asig2,par_cod_asig3 FROM tblaca009 WHERE pensum='5' AND c_uni_ca='4' AND c_asigna='300207' [1][0] OK
C:[04/08/2014 13:16:43.75][190.198.167.101][1312] SELECT horas_lab FROM tblaca008 WHERE c_asigna='300207' AND horas_teoricas > 0 [1][0] OK
C:[04/08/2014 13:17:02.47][190.204.202.63][1138] SELECT pre_cod_asig1,pre_cod_asig2,pre_cod_asig3,pre_cod_asig4,pre_cod_asig5,pre_cod_asig6,pre_cod_asig7 FROM tblaca009 WHERE pensum='5' AND c_uni_ca='5' AND c_asigna='351330' [1][0] OK
C:[04/08/2014 13:17:02.47][190.204.202.63][1151] SELECT c_asigna FROM dace004 WHERE exp_e='11-24847691' AND c_asigna='300218' AND status IN ('0','3','B','C') [1][0] OK
C:[04/08/2014 13:17:02.47][190.204.202.63][1138] SELECT pre_cod_asig1,pre_cod_asig2,pre_cod_asig3,pre_cod_asig4,pre_cod_asig5,pre_cod_asig6,pre_cod_asig7 FROM tblaca009 WHERE pensum='5' AND c_uni_ca='5' AND c_asigna='300317' [1][0] OK
C:[04/08/2014 13:17:02.47][190.204.202.63][1151] SELECT c_asigna FROM dace004 WHERE exp_e='11-24847691' AND c_asigna='300207' AND status IN ('0','3','B','C') [1][0] OK
C:[04/08/2014 13:17:02.47][190.204.202.63][1151] SELECT c_asigna FROM dace004 WHERE exp_e='11-24847691' AND c_asigna='300209' AND status IN ('0','3','B','C') [1][0] OK
C:[04/08/2014 13:17:03.34][190.204.202.63][1182] SELECT par_cod_asig1,par_cod_asig2,par_cod_asig3 FROM tblaca009 WHERE pensum='5' AND c_uni_ca='5' AND c_asigna='351330' [1][0] OK
C:[04/08/2014 13:17:03.34][190.204.202.63][1196] SELECT c_asigna FROM dace004 WHERE exp_e='11-24847691' AND c_asigna='300318' AND status IN ('0','3','B','C') [1][0] OK
C:[04/08/2014 13:17:03.34][190.204.202.63][1196] SELECT c_asigna FROM dace004 WHERE exp_e='11-24847691' AND c_asigna='300317' AND status IN ('0','3','B','C') [0][0] OK
C:[04/08/2014 13:17:03.34][190.204.202.63][1182] SELECT par_cod_asig1,par_cod_asig2,par_cod_asig3 FROM tblaca009 WHERE pensum='5' AND c_uni_ca='5' AND c_asigna='300317' [1][0] OK
C:[04/08/2014 13:17:03.86][190.204.202.63][1312] SELECT horas_lab FROM tblaca008 WHERE c_asigna='351330' AND horas_teoricas > 0 [1][0] OK
C:[04/08/2014 13:17:03.86][190.204.202.63][1312] SELECT horas_lab FROM tblaca008 WHERE c_asigna='300317' AND horas_teoricas > 0 [1][0] OK
C:[04/08/2014 13:17:19.80][190.206.63.96][1138] SELECT pre_cod_asig1,pre_cod_asig2,pre_cod_asig3,pre_cod_asig4,pre_cod_asig5,pre_cod_asig6,pre_cod_asig7 FROM tblaca009 WHERE pensum='5' AND c_uni_ca='6' AND c_asigna='300317' [1][0] OK
C:[04/08/2014 13:17:19.80][190.206.63.96][1151] SELECT c_asigna FROM dace004 WHERE exp_e='10-20035864' AND c_asigna='300207' AND status IN ('0','3','B','C') [1][0] OK
C:[04/08/2014 13:17:19.80][190.206.63.96][1151] SELECT c_asigna FROM dace004 WHERE exp_e='10-20035864' AND c_asigna='300209' AND status IN ('0','3','B','C') [1][0] OK
C:[04/08/2014 13:17:19.80][190.206.63.96][1138] SELECT pre_cod_asig1,pre_cod_asig2,pre_cod_asig3,pre_cod_asig4,pre_cod_asig5,pre_cod_asig6,pre_cod_asig7 FROM tblaca009 WHERE pensum='5' AND c_uni_ca='6' AND c_asigna='300318' [1][0] OK
C:[04/08/2014 13:17:19.80][190.206.63.96][1151] SELECT c_asigna FROM dace004 WHERE exp_e='10-20035864' AND c_asigna='300228' AND status IN ('0','3','B','C') [1][0] OK
C:[04/08/2014 13:17:19.80][190.206.63.96][1151] SELECT c_asigna FROM dace004 WHERE exp_e='10-20035864' AND c_asigna='300207' AND status IN ('0','3','B','C') [1][0] OK
C:[04/08/2014 13:17:19.80][190.206.63.96][1151] SELECT c_asigna FROM dace004 WHERE exp_e='10-20035864' AND c_asigna='300218' AND status IN ('0','3','B','C') [1][0] OK
C:[04/08/2014 13:17:19.80][190.206.63.96][1138] SELECT pre_cod_asig1,pre_cod_asig2,pre_cod_asig3,pre_cod_asig4,pre_cod_asig5,pre_cod_asig6,pre_cod_asig7 FROM tblaca009 WHERE pensum='5' AND c_uni_ca='6' AND c_asigna='343568' [1][0] OK
C:[04/08/2014 13:17:19.80][190.206.63.96][1151] SELECT c_asigna FROM dace004 WHERE exp_e='10-20035864' AND c_asigna='340327' AND status IN ('0','3','B','C') [1][0] OK
C:[04/08/2014 13:17:19.56][190.206.63.96][1182] SELECT par_cod_asig1,par_cod_asig2,par_cod_asig3 FROM tblaca009 WHERE pensum='5' AND c_uni_ca='6' AND c_asigna='300317' [1][0] OK
C:[04/08/2014 13:17:19.56][190.206.63.96][1182] SELECT par_cod_asig1,par_cod_asig2,par_cod_asig3 FROM tblaca009 WHERE pensum='5' AND c_uni_ca='6' AND c_asigna='300318' [1][0] OK
C:[04/08/2014 13:17:19.56][190.206.63.96][1182] SELECT par_cod_asig1,par_cod_asig2,par_cod_asig3 FROM tblaca009 WHERE pensum='5' AND c_uni_ca='6' AND c_asigna='343568' [1][0] OK
C:[04/08/2014 13:17:19.94][190.206.63.96][1312] SELECT horas_lab FROM tblaca008 WHERE c_asigna='300317' AND horas_teoricas > 0 [1][0] OK
C:[04/08/2014 13:17:19.94][190.206.63.96][1312] SELECT horas_lab FROM tblaca008 WHERE c_asigna='300318' AND horas_teoricas > 0 [1][0] OK
C:[04/08/2014 13:17:19.94][190.206.63.96][1312] SELECT horas_lab FROM tblaca008 WHERE c_asigna='343568' AND horas_teoricas > 0 [1][0] OK
C:[04/08/2014 13:18:05.01][186.94.81.28][1138] SELECT pre_cod_asig1,pre_cod_asig2,pre_cod_asig3,pre_cod_asig4,pre_cod_asig5,pre_cod_asig6,pre_cod_asig7 FROM tblaca009 WHERE pensum='5' AND c_uni_ca='4' AND c_asigna='300101' [1][0] OK
C:[04/08/2014 13:18:05.82][186.94.81.28][1182] SELECT par_cod_asig1,par_cod_asig2,par_cod_asig3 FROM tblaca009 WHERE pensum='5' AND c_uni_ca='4' AND c_asigna='300101' [1][0] OK
C:[04/08/2014 13:18:05.96][186.94.81.28][1312] SELECT horas_lab FROM tblaca008 WHERE c_asigna='300101' AND horas_teoricas > 0 [1][0] OK
C:[04/08/2014 13:18:39.83][190.198.251.45][1138] SELECT pre_cod_asig1,pre_cod_asig2,pre_cod_asig3,pre_cod_asig4,pre_cod_asig5,pre_cod_asig6,pre_cod_asig7 FROM tblaca009 WHERE pensum='5' AND c_uni_ca='3' AND c_asigna='300101' [1][0] OK
C:[04/08/2014 13:18:39.21][190.198.251.45][1182] SELECT par_cod_asig1,par_cod_asig2,par_cod_asig3 FROM tblaca009 WHERE pensum='5' AND c_uni_ca='3' AND c_asigna='300101' [1][0] OK
C:[04/08/2014 13:18:40.33][190.198.251.45][1312] SELECT horas_lab FROM tblaca008 WHERE c_asigna='300101' AND horas_teoricas > 0 [1][0] OK
C:[04/08/2014 13:19:19.90][190.206.76.125][1138] SELECT pre_cod_asig1,pre_cod_asig2,pre_cod_asig3,pre_cod_asig4,pre_cod_asig5,pre_cod_asig6,pre_cod_asig7 FROM tblaca009 WHERE pensum='5' AND c_uni_ca='6' AND c_asigna='344715' [1][0] OK
C:[04/08/2014 13:19:19.90][190.206.76.125][1151] SELECT c_asigna FROM dace004 WHERE exp_e='04-18886325' AND c_asigna='344688' AND status IN ('0','3','B','C') [1][0] OK
C:[04/08/2014 13:19:19.90][190.206.76.125][1151] SELECT c_asigna FROM dace004 WHERE exp_e='04-18886325' AND c_asigna='344613' AND status IN ('0','3','B','C') [1][0] OK
C:[04/08/2014 13:19:20.52][190.206.76.125][1182] SELECT par_cod_asig1,par_cod_asig2,par_cod_asig3 FROM tblaca009 WHERE pensum='5' AND c_uni_ca='6' AND c_asigna='344715' [1][0] OK
C:[04/08/2014 13:19:20.66][190.206.76.125][1312] SELECT horas_lab FROM tblaca008 WHERE c_asigna='344715' AND horas_teoricas > 0 [1][0] OK
C:[04/08/2014 13:19:25.91][190.206.34.135][1138] SELECT pre_cod_asig1,pre_cod_asig2,pre_cod_asig3,pre_cod_asig4,pre_cod_asig5,pre_cod_asig6,pre_cod_asig7 FROM tblaca009 WHERE pensum='5' AND c_uni_ca='3' AND c_asigna='300207' [1][0] OK
C:[04/08/2014 13:19:25.91][190.206.34.135][1151] SELECT c_asigna FROM dace004 WHERE exp_e='11-20503650' AND c_asigna='300101' AND status IN ('0','3','B','C') [1][0] OK
C:[04/08/2014 13:19:25.91][190.206.34.135][1138] SELECT pre_cod_asig1,pre_cod_asig2,pre_cod_asig3,pre_cod_asig4,pre_cod_asig5,pre_cod_asig6,pre_cod_asig7 FROM tblaca009 WHERE pensum='5' AND c_uni_ca='3' AND c_asigna='300228' [1][0] OK
C:[04/08/2014 13:19:25.91][190.206.34.135][1151] SELECT c_asigna FROM dace004 WHERE exp_e='11-20503650' AND c_asigna='300101' AND status IN ('0','3','B','C') [1][0] OK
C:[04/08/2014 13:19:25.41][190.206.34.135][1182] SELECT par_cod_asig1,par_cod_asig2,par_cod_asig3 FROM tblaca009 WHERE pensum='5' AND c_uni_ca='3' AND c_asigna='300207' [1][0] OK
C:[04/08/2014 13:19:25.41][190.206.34.135][1182] SELECT par_cod_asig1,par_cod_asig2,par_cod_asig3 FROM tblaca009 WHERE pensum='5' AND c_uni_ca='3' AND c_asigna='300228' [1][0] OK
C:[04/08/2014 13:19:26.68][190.206.34.135][1312] SELECT horas_lab FROM tblaca008 WHERE c_asigna='300207' AND horas_teoricas > 0 [1][0] OK
C:[04/08/2014 13:19:26.68][190.206.34.135][1312] SELECT horas_lab FROM tblaca008 WHERE c_asigna='300228' AND horas_teoricas > 0 [1][0] OK
C:[04/08/2014 13:19:42.36][190.37.104.103][1138] SELECT pre_cod_asig1,pre_cod_asig2,pre_cod_asig3,pre_cod_asig4,pre_cod_asig5,pre_cod_asig6,pre_cod_asig7 FROM tblaca009 WHERE pensum='5' AND c_uni_ca='3' AND c_asigna='300218' [1][0] OK
C:[04/08/2014 13:19:42.36][190.37.104.103][1151] SELECT c_asigna FROM dace004 WHERE exp_e='11-21496468' AND c_asigna='300101' AND status IN ('0','3','B','C') [1][0] OK
C:[04/08/2014 13:19:42.87][190.37.104.103][1182] SELECT par_cod_asig1,par_cod_asig2,par_cod_asig3 FROM tblaca009 WHERE pensum='5' AND c_uni_ca='3' AND c_asigna='300218' [1][0] OK
C:[04/08/2014 13:19:42.87][190.37.104.103][1196] SELECT c_asigna FROM dace004 WHERE exp_e='11-21496468' AND c_asigna='300228' AND status IN ('0','3','B','C') [1][0] OK
C:[04/08/2014 13:19:43.12][190.37.104.103][1312] SELECT horas_lab FROM tblaca008 WHERE c_asigna='300218' AND horas_teoricas > 0 [0][0] OK
C:[04/08/2014 13:19:51.32][200.109.203.228][1138] SELECT pre_cod_asig1,pre_cod_asig2,pre_cod_asig3,pre_cod_asig4,pre_cod_asig5,pre_cod_asig6,pre_cod_asig7 FROM tblaca009 WHERE pensum='5' AND c_uni_ca='3' AND c_asigna='300313' [1][0] OK
C:[04/08/2014 13:19:51.32][200.109.203.228][1151] SELECT c_asigna FROM dace004 WHERE exp_e='07-19910824' AND c_asigna='300213' AND status IN ('0','3','B','C') [1][0] OK
C:[04/08/2014 13:19:51.32][200.109.203.228][1151] SELECT c_asigna FROM dace004 WHERE exp_e='07-19910824' AND c_asigna='300226' AND status IN ('0','3','B','C') [1][0] OK
C:[04/08/2014 13:19:51.32][200.109.203.228][1151] SELECT c_asigna FROM dace004 WHERE exp_e='07-19910824' AND c_asigna='300222' AND status IN ('0','3','B','C') [1][0] OK
C:[04/08/2014 13:19:51.32][200.109.203.228][1151] SELECT c_asigna FROM dace004 WHERE exp_e='07-19910824' AND c_asigna='300209' AND status IN ('0','3','B','C') [1][0] OK
C:[04/08/2014 13:19:51.32][200.109.203.228][1138] SELECT pre_cod_asig1,pre_cod_asig2,pre_cod_asig3,pre_cod_asig4,pre_cod_asig5,pre_cod_asig6,pre_cod_asig7 FROM tblaca009 WHERE pensum='5' AND c_uni_ca='3' AND c_asigna='311799' [1][0] OK
C:[04/08/2014 13:19:51.32][200.109.203.228][1151] SELECT c_asigna FROM dace004 WHERE exp_e='07-19910824' AND c_asigna='311673' AND status IN ('0','3','B','C') [1][0] OK
C:[04/08/2014 13:19:51.20][200.109.203.228][1182] SELECT par_cod_asig1,par_cod_asig2,par_cod_asig3 FROM tblaca009 WHERE pensum='5' AND c_uni_ca='3' AND c_asigna='300313' [1][0] OK
C:[04/08/2014 13:19:51.20][200.109.203.228][1182] SELECT par_cod_asig1,par_cod_asig2,par_cod_asig3 FROM tblaca009 WHERE pensum='5' AND c_uni_ca='3' AND c_asigna='311799' [1][0] OK
C:[04/08/2014 13:19:51.46][200.109.203.228][1312] SELECT horas_lab FROM tblaca008 WHERE c_asigna='300313' AND horas_teoricas > 0 [1][0] OK
C:[04/08/2014 13:19:51.46][200.109.203.228][1312] SELECT horas_lab FROM tblaca008 WHERE c_asigna='311799' AND horas_teoricas > 0 [1][0] OK
C:[04/08/2014 13:20:04.32][190.204.66.181][1138] SELECT pre_cod_asig1,pre_cod_asig2,pre_cod_asig3,pre_cod_asig4,pre_cod_asig5,pre_cod_asig6,pre_cod_asig7 FROM tblaca009 WHERE pensum='5' AND c_uni_ca='5' AND c_asigna='300207' [1][0] OK
C:[04/08/2014 13:20:04.32][190.204.66.181][1151] SELECT c_asigna FROM dace004 WHERE exp_e='08-19512112' AND c_asigna='300101' AND status IN ('0','3','B','C') [1][0] OK
C:[04/08/2014 13:20:04.26][190.204.66.181][1182] SELECT par_cod_asig1,par_cod_asig2,par_cod_asig3 FROM tblaca009 WHERE pensum='5' AND c_uni_ca='5' AND c_asigna='300207' [1][0] OK
C:[04/08/2014 13:20:04.39][190.204.66.181][1312] SELECT horas_lab FROM tblaca008 WHERE c_asigna='300207' AND horas_teoricas > 0 [1][0] OK
C:[04/08/2014 13:20:41.48][186.94.81.28][1138] SELECT pre_cod_asig1,pre_cod_asig2,pre_cod_asig3,pre_cod_asig4,pre_cod_asig5,pre_cod_asig6,pre_cod_asig7 FROM tblaca009 WHERE pensum='5' AND c_uni_ca='2' AND c_asigna='300013' [1][0] OK
C:[04/08/2014 13:20:41.48][186.94.81.28][1138] SELECT pre_cod_asig1,pre_cod_asig2,pre_cod_asig3,pre_cod_asig4,pre_cod_asig5,pre_cod_asig6,pre_cod_asig7 FROM tblaca009 WHERE pensum='5' AND c_uni_ca='2' AND c_asigna='300101' [1][0] OK
C:[04/08/2014 13:20:41.48][186.94.81.28][1138] SELECT pre_cod_asig1,pre_cod_asig2,pre_cod_asig3,pre_cod_asig4,pre_cod_asig5,pre_cod_asig6,pre_cod_asig7 FROM tblaca009 WHERE pensum='5' AND c_uni_ca='2' AND c_asigna='300222' [1][0] OK
C:[04/08/2014 13:20:41.48][186.94.81.28][1151] SELECT c_asigna FROM dace004 WHERE exp_e='13-25393710' AND c_asigna='300112' AND status IN ('0','3','B','C') [1][0] OK
C:[04/08/2014 13:20:41.23][186.94.81.28][1182] SELECT par_cod_asig1,par_cod_asig2,par_cod_asig3 FROM tblaca009 WHERE pensum='5' AND c_uni_ca='2' AND c_asigna='300013' [1][0] OK
C:[04/08/2014 13:20:41.23][186.94.81.28][1182] SELECT par_cod_asig1,par_cod_asig2,par_cod_asig3 FROM tblaca009 WHERE pensum='5' AND c_uni_ca='2' AND c_asigna='300101' [1][0] OK
C:[04/08/2014 13:20:41.23][186.94.81.28][1182] SELECT par_cod_asig1,par_cod_asig2,par_cod_asig3 FROM tblaca009 WHERE pensum='5' AND c_uni_ca='2' AND c_asigna='300222' [1][0] OK
C:[04/08/2014 13:20:41.62][186.94.81.28][1312] SELECT horas_lab FROM tblaca008 WHERE c_asigna='300013' AND horas_teoricas > 0 [1][0] OK
C:[04/08/2014 13:20:41.62][186.94.81.28][1312] SELECT horas_lab FROM tblaca008 WHERE c_asigna='300101' AND horas_teoricas > 0 [1][0] OK
C:[04/08/2014 13:20:41.62][186.94.81.28][1312] SELECT horas_lab FROM tblaca008 WHERE c_asigna='300222' AND horas_teoricas > 0 [1][0] OK
C:[04/08/2014 13:20:47.17][200.62.19.36][1138] SELECT pre_cod_asig1,pre_cod_asig2,pre_cod_asig3,pre_cod_asig4,pre_cod_asig5,pre_cod_asig6,pre_cod_asig7 FROM tblaca009 WHERE pensum='5' AND c_uni_ca='2' AND c_asigna='300313' [1][0] OK
C:[04/08/2014 13:20:47.17][200.62.19.36][1151] SELECT c_asigna FROM dace004 WHERE exp_e='11-20503729' AND c_asigna='300213' AND status IN ('0','3','B','C') [1][0] OK
C:[04/08/2014 13:20:47.17][200.62.19.36][1151] SELECT c_asigna FROM dace004 WHERE exp_e='11-20503729' AND c_asigna='300226' AND status IN ('0','3','B','C') [1][0] OK
C:[04/08/2014 13:20:47.17][200.62.19.36][1151] SELECT c_asigna FROM dace004 WHERE exp_e='11-20503729' AND c_asigna='300209' AND status IN ('0','3','B','C') [1][0] OK
C:[04/08/2014 13:20:47.17][200.62.19.36][1138] SELECT pre_cod_asig1,pre_cod_asig2,pre_cod_asig3,pre_cod_asig4,pre_cod_asig5,pre_cod_asig6,pre_cod_asig7 FROM tblaca009 WHERE pensum='5' AND c_uni_ca='2' AND c_asigna='322433' [1][0] OK
C:[04/08/2014 13:20:47.17][200.62.19.36][1151] SELECT c_asigna FROM dace004 WHERE exp_e='11-20503729' AND c_asigna='320323' AND status IN ('0','3','B','C') [1][0] OK
C:[04/08/2014 13:20:47.17][200.62.19.36][1151] SELECT c_asigna FROM dace004 WHERE exp_e='11-20503729' AND c_asigna='300209' AND status IN ('0','3','B','C') [1][0] OK
C:[04/08/2014 13:20:47.17][200.62.19.36][1138] SELECT pre_cod_asig1,pre_cod_asig2,pre_cod_asig3,pre_cod_asig4,pre_cod_asig5,pre_cod_asig6,pre_cod_asig7 FROM tblaca009 WHERE pensum='5' AND c_uni_ca='2' AND c_asigna='322436' [1][0] OK
C:[04/08/2014 13:20:47.17][200.62.19.36][1151] SELECT c_asigna FROM dace004 WHERE exp_e='11-20503729' AND c_asigna='300317' AND status IN ('0','3','B','C') [1][0] OK
C:[04/08/2014 13:20:47.17][200.62.19.36][1151] SELECT c_asigna FROM dace004 WHERE exp_e='11-20503729' AND c_asigna='320311' AND status IN ('0','3','B','C') [1][0] OK
C:[04/08/2014 13:20:47.42][200.62.19.36][1182] SELECT par_cod_asig1,par_cod_asig2,par_cod_asig3 FROM tblaca009 WHERE pensum='5' AND c_uni_ca='2' AND c_asigna='300313' [1][0] OK
C:[04/08/2014 13:20:47.42][200.62.19.36][1182] SELECT par_cod_asig1,par_cod_asig2,par_cod_asig3 FROM tblaca009 WHERE pensum='5' AND c_uni_ca='2' AND c_asigna='322433' [1][0] OK
C:[04/08/2014 13:20:47.42][200.62.19.36][1182] SELECT par_cod_asig1,par_cod_asig2,par_cod_asig3 FROM tblaca009 WHERE pensum='5' AND c_uni_ca='2' AND c_asigna='322436' [1][0] OK
C:[04/08/2014 13:20:47.82][200.62.19.36][1312] SELECT horas_lab FROM tblaca008 WHERE c_asigna='300313' AND horas_teoricas > 0 [1][0] OK
C:[04/08/2014 13:20:47.82][200.62.19.36][1312] SELECT horas_lab FROM tblaca008 WHERE c_asigna='322433' AND horas_teoricas > 0 [1][0] OK
C:[04/08/2014 13:20:47.82][200.62.19.36][1312] SELECT horas_lab FROM tblaca008 WHERE c_asigna='322436' AND horas_teoricas > 0 [1][0] OK
C:[04/08/2014 13:21:48.08][186.89.208.151][1138] SELECT pre_cod_asig1,pre_cod_asig2,pre_cod_asig3,pre_cod_asig4,pre_cod_asig5,pre_cod_asig6,pre_cod_asig7 FROM tblaca009 WHERE pensum='5' AND c_uni_ca='3' AND c_asigna='311673' [1][0] OK
C:[04/08/2014 13:21:48.08][186.89.208.151][1151] SELECT c_asigna FROM dace004 WHERE exp_e='96-13122610' AND c_asigna='311551' AND status IN ('0','3','B','C') [1][0] OK
C:[04/08/2014 13:21:48.08][186.89.208.151][1151] SELECT c_asigna FROM dace004 WHERE exp_e='96-13122610' AND c_asigna='311554' AND status IN ('0','3','B','C') [1][0] OK
C:[04/08/2014 13:21:48.08][186.89.208.151][1151] SELECT c_asigna FROM dace004 WHERE exp_e='96-13122610' AND c_asigna='311320' AND status IN ('0','3','B','C') [1][0] OK
C:[04/08/2014 13:21:48.82][186.89.208.151][1182] SELECT par_cod_asig1,par_cod_asig2,par_cod_asig3 FROM tblaca009 WHERE pensum='5' AND c_uni_ca='3' AND c_asigna='311673' [1][0] OK
C:[04/08/2014 13:21:48.95][186.89.208.151][1312] SELECT horas_lab FROM tblaca008 WHERE c_asigna='311673' AND horas_teoricas > 0 [1][0] OK
C:[04/08/2014 13:21:57.07][186.90.214.75][1138] SELECT pre_cod_asig1,pre_cod_asig2,pre_cod_asig3,pre_cod_asig4,pre_cod_asig5,pre_cod_asig6,pre_cod_asig7 FROM tblaca009 WHERE pensum='5' AND c_uni_ca='6' AND c_asigna='344687' [1][0] OK
C:[04/08/2014 13:21:57.07][186.90.214.75][1151] SELECT c_asigna FROM dace004 WHERE exp_e='07-20171109' AND c_asigna='344565' AND status IN ('0','3','B','C') [1][0] OK
C:[04/08/2014 13:21:57.32][186.90.214.75][1182] SELECT par_cod_asig1,par_cod_asig2,par_cod_asig3 FROM tblaca009 WHERE pensum='5' AND c_uni_ca='6' AND c_asigna='344687' [1][0] OK
C:[04/08/2014 13:21:57.45][186.90.214.75][1312] SELECT horas_lab FROM tblaca008 WHERE c_asigna='344687' AND horas_teoricas > 0 [1][0] OK
C:[04/08/2014 13:22:24.27][190.37.108.191][1138] SELECT pre_cod_asig1,pre_cod_asig2,pre_cod_asig3,pre_cod_asig4,pre_cod_asig5,pre_cod_asig6,pre_cod_asig7 FROM tblaca009 WHERE pensum='5' AND c_uni_ca='2' AND c_asigna='300228' [1][0] OK
C:[04/08/2014 13:22:24.27][190.37.108.191][1151] SELECT c_asigna FROM dace004 WHERE exp_e='13-25978511' AND c_asigna='300101' AND status IN ('0','3','B','C') [1][0] OK
C:[04/08/2014 13:22:24.27][190.37.108.191][1138] SELECT pre_cod_asig1,pre_cod_asig2,pre_cod_asig3,pre_cod_asig4,pre_cod_asig5,pre_cod_asig6,pre_cod_asig7 FROM tblaca009 WHERE pensum='5' AND c_uni_ca='2' AND c_asigna='300207' [1][0] OK
C:[04/08/2014 13:22:24.27][190.37.108.191][1151] SELECT c_asigna FROM dace004 WHERE exp_e='13-25978511' AND c_asigna='300101' AND status IN ('0','3','B','C') [1][0] OK
C:[04/08/2014 13:22:25.58][190.37.108.191][1182] SELECT par_cod_asig1,par_cod_asig2,par_cod_asig3 FROM tblaca009 WHERE pensum='5' AND c_uni_ca='2' AND c_asigna='300228' [1][0] OK
C:[04/08/2014 13:22:25.58][190.37.108.191][1182] SELECT par_cod_asig1,par_cod_asig2,par_cod_asig3 FROM tblaca009 WHERE pensum='5' AND c_uni_ca='2' AND c_asigna='300207' [1][0] OK
C:[04/08/2014 13:22:25.84][190.37.108.191][1312] SELECT horas_lab FROM tblaca008 WHERE c_asigna='300228' AND horas_teoricas > 0 [1][0] OK
C:[04/08/2014 13:22:25.84][190.37.108.191][1312] SELECT horas_lab FROM tblaca008 WHERE c_asigna='300207' AND horas_teoricas > 0 [1][0] OK
C:[04/08/2014 13:23:22.70][186.94.81.28][1138] SELECT pre_cod_asig1,pre_cod_asig2,pre_cod_asig3,pre_cod_asig4,pre_cod_asig5,pre_cod_asig6,pre_cod_asig7 FROM tblaca009 WHERE pensum='5' AND c_uni_ca='3' AND c_asigna='300207' [1][0] OK
C:[04/08/2014 13:23:22.70][186.94.81.28][1151] SELECT c_asigna FROM dace004 WHERE exp_e='12-21608486' AND c_asigna='300101' AND status IN ('0','3','B','C') [1][0] OK
C:[04/08/2014 13:23:22.64][186.94.81.28][1182] SELECT par_cod_asig1,par_cod_asig2,par_cod_asig3 FROM tblaca009 WHERE pensum='5' AND c_uni_ca='3' AND c_asigna='300207' [1][0] OK
C:[04/08/2014 13:23:22.78][186.94.81.28][1312] SELECT horas_lab FROM tblaca008 WHERE c_asigna='300207' AND horas_teoricas > 0 [1][0] OK
C:[04/08/2014 13:23:25.68][190.37.99.184][1138] SELECT pre_cod_asig1,pre_cod_asig2,pre_cod_asig3,pre_cod_asig4,pre_cod_asig5,pre_cod_asig6,pre_cod_asig7 FROM tblaca009 WHERE pensum='5' AND c_uni_ca='2' AND c_asigna='322703' [1][0] OK
C:[04/08/2014 13:23:25.68][190.37.99.184][1151] SELECT c_asigna FROM dace004 WHERE exp_e='08-20035749' AND c_asigna='322669' AND status IN ('0','3','B','C') [1][0] OK
C:[04/08/2014 13:23:25.68][190.37.99.184][1138] SELECT pre_cod_asig1,pre_cod_asig2,pre_cod_asig3,pre_cod_asig4,pre_cod_asig5,pre_cod_asig6,pre_cod_asig7 FROM tblaca009 WHERE pensum='5' AND c_uni_ca='2' AND c_asigna='322801' [1][0] OK
C:[04/08/2014 13:23:25.68][190.37.99.184][1151] SELECT c_asigna FROM dace004 WHERE exp_e='08-20035749' AND c_asigna='322780' AND status IN ('0','3','B','C') [1][0] OK
C:[04/08/2014 13:23:25.68][190.37.99.184][1151] SELECT c_asigna FROM dace004 WHERE exp_e='08-20035749' AND c_asigna='322605' AND status IN ('0','3','B','C') [1][0] OK
C:[04/08/2014 13:23:25.29][190.37.99.184][1182] SELECT par_cod_asig1,par_cod_asig2,par_cod_asig3 FROM tblaca009 WHERE pensum='5' AND c_uni_ca='2' AND c_asigna='322703' [1][0] OK
C:[04/08/2014 13:23:25.29][190.37.99.184][1182] SELECT par_cod_asig1,par_cod_asig2,par_cod_asig3 FROM tblaca009 WHERE pensum='5' AND c_uni_ca='2' AND c_asigna='322801' [1][0] OK
C:[04/08/2014 13:23:25.57][190.37.99.184][1312] SELECT horas_lab FROM tblaca008 WHERE c_asigna='322703' AND horas_teoricas > 0 [1][0] OK
C:[04/08/2014 13:23:25.57][190.37.99.184][1312] SELECT horas_lab FROM tblaca008 WHERE c_asigna='322801' AND horas_teoricas > 0 [1][0] OK
C:[04/08/2014 13:23:26.83][186.90.180.178][1138] SELECT pre_cod_asig1,pre_cod_asig2,pre_cod_asig3,pre_cod_asig4,pre_cod_asig5,pre_cod_asig6,pre_cod_asig7 FROM tblaca009 WHERE pensum='5' AND c_uni_ca='6' AND c_asigna='300013' [1][0] OK
C:[04/08/2014 13:23:26.96][186.90.180.178][1182] SELECT par_cod_asig1,par_cod_asig2,par_cod_asig3 FROM tblaca009 WHERE pensum='5' AND c_uni_ca='6' AND c_asigna='300013' [1][0] OK
C:[04/08/2014 13:23:26.11][186.90.180.178][1312] SELECT horas_lab FROM tblaca008 WHERE c_asigna='300013' AND horas_teoricas > 0 [1][0] OK
C:[04/08/2014 13:23:32.02][186.88.178.174][1138] SELECT pre_cod_asig1,pre_cod_asig2,pre_cod_asig3,pre_cod_asig4,pre_cod_asig5,pre_cod_asig6,pre_cod_asig7 FROM tblaca009 WHERE pensum='5' AND c_uni_ca='3' AND c_asigna='300222' [1][0] OK
C:[04/08/2014 13:23:32.02][186.88.178.174][1151] SELECT c_asigna FROM dace004 WHERE exp_e='12-24184416' AND c_asigna='300112' AND status IN ('0','3','B','C') [1][0] OK
C:[04/08/2014 13:23:32.02][186.88.178.174][1138] SELECT pre_cod_asig1,pre_cod_asig2,pre_cod_asig3,pre_cod_asig4,pre_cod_asig5,pre_cod_asig6,pre_cod_asig7 FROM tblaca009 WHERE pensum='5' AND c_uni_ca='3' AND c_asigna='300228' [1][0] OK
C:[04/08/2014 13:23:32.00][190.39.0.246][1138] SELECT pre_cod_asig1,pre_cod_asig2,pre_cod_asig3,pre_cod_asig4,pre_cod_asig5,pre_cod_asig6,pre_cod_asig7 FROM tblaca009 WHERE pensum='5' AND c_uni_ca='3' AND c_asigna='300313' [1][0] OK
C:[04/08/2014 13:23:32.00][190.39.0.246][1151] SELECT c_asigna FROM dace004 WHERE exp_e='10-21197330' AND c_asigna='300213' AND status IN ('0','3','B','C') [1][0] OK
C:[04/08/2014 13:23:32.02][186.88.178.174][1151] SELECT c_asigna FROM dace004 WHERE exp_e='12-24184416' AND c_asigna='300101' AND status IN ('0','3','B','C') [1][0] OK
C:[04/08/2014 13:23:32.00][190.39.0.246][1151] SELECT c_asigna FROM dace004 WHERE exp_e='10-21197330' AND c_asigna='300226' AND status IN ('0','3','B','C') [1][0] OK
C:[04/08/2014 13:23:33.51][186.88.178.174][1182] SELECT par_cod_asig1,par_cod_asig2,par_cod_asig3 FROM tblaca009 WHERE pensum='5' AND c_uni_ca='3' AND c_asigna='300222' [1][0] OK
C:[04/08/2014 13:23:32.00][190.39.0.246][1151] SELECT c_asigna FROM dace004 WHERE exp_e='10-21197330' AND c_asigna='300222' AND status IN ('0','3','B','C') [1][0] OK
C:[04/08/2014 13:23:33.51][186.88.178.174][1182] SELECT par_cod_asig1,par_cod_asig2,par_cod_asig3 FROM tblaca009 WHERE pensum='5' AND c_uni_ca='3' AND c_asigna='300228' [1][0] OK
C:[04/08/2014 13:23:32.00][190.39.0.246][1151] SELECT c_asigna FROM dace004 WHERE exp_e='10-21197330' AND c_asigna='300209' AND status IN ('0','3','B','C') [1][0] OK
C:[04/08/2014 13:23:33.77][186.88.178.174][1312] SELECT horas_lab FROM tblaca008 WHERE c_asigna='300222' AND horas_teoricas > 0 [1][0] OK
C:[04/08/2014 13:23:33.77][186.88.178.174][1312] SELECT horas_lab FROM tblaca008 WHERE c_asigna='300228' AND horas_teoricas > 0 [1][0] OK
C:[04/08/2014 13:23:32.00][190.39.0.246][1138] SELECT pre_cod_asig1,pre_cod_asig2,pre_cod_asig3,pre_cod_asig4,pre_cod_asig5,pre_cod_asig6,pre_cod_asig7 FROM tblaca009 WHERE pensum='5' AND c_uni_ca='3' AND c_asigna='300318' [1][0] OK
C:[04/08/2014 13:23:32.00][190.39.0.246][1151] SELECT c_asigna FROM dace004 WHERE exp_e='10-21197330' AND c_asigna='300228' AND status IN ('0','3','B','C') [1][0] OK
C:[04/08/2014 13:23:32.00][190.39.0.246][1151] SELECT c_asigna FROM dace004 WHERE exp_e='10-21197330' AND c_asigna='300207' AND status IN ('0','3','B','C') [1][0] OK
C:[04/08/2014 13:23:32.00][190.39.0.246][1151] SELECT c_asigna FROM dace004 WHERE exp_e='10-21197330' AND c_asigna='300218' AND status IN ('0','3','B','C') [1][0] OK
C:[04/08/2014 13:23:32.00][190.39.0.246][1138] SELECT pre_cod_asig1,pre_cod_asig2,pre_cod_asig3,pre_cod_asig4,pre_cod_asig5,pre_cod_asig6,pre_cod_asig7 FROM tblaca009 WHERE pensum='5' AND c_uni_ca='3' AND c_asigna='300428' [1][0] OK
C:[04/08/2014 13:23:32.00][190.39.0.246][1151] SELECT c_asigna FROM dace004 WHERE exp_e='10-21197330' AND c_asigna='300317' AND status IN ('0','3','B','C') [1][0] OK
C:[04/08/2014 13:23:32.00][190.39.0.246][1151] SELECT c_asigna FROM dace004 WHERE exp_e='10-21197330' AND c_asigna='300209' AND status IN ('0','3','B','C') [1][0] OK
C:[04/08/2014 13:23:33.18][190.39.0.246][1182] SELECT par_cod_asig1,par_cod_asig2,par_cod_asig3 FROM tblaca009 WHERE pensum='5' AND c_uni_ca='3' AND c_asigna='300313' [1][0] OK
C:[04/08/2014 13:23:33.18][190.39.0.246][1182] SELECT par_cod_asig1,par_cod_asig2,par_cod_asig3 FROM tblaca009 WHERE pensum='5' AND c_uni_ca='3' AND c_asigna='300318' [1][0] OK
C:[04/08/2014 13:23:33.18][190.39.0.246][1182] SELECT par_cod_asig1,par_cod_asig2,par_cod_asig3 FROM tblaca009 WHERE pensum='5' AND c_uni_ca='3' AND c_asigna='300428' [1][0] OK
C:[04/08/2014 13:23:33.57][190.39.0.246][1312] SELECT horas_lab FROM tblaca008 WHERE c_asigna='300313' AND horas_teoricas > 0 [1][0] OK
C:[04/08/2014 13:23:33.57][190.39.0.246][1312] SELECT horas_lab FROM tblaca008 WHERE c_asigna='300318' AND horas_teoricas > 0 [1][0] OK
C:[04/08/2014 13:23:33.57][190.39.0.246][1312] SELECT horas_lab FROM tblaca008 WHERE c_asigna='300428' AND horas_teoricas > 0 [1][0] OK
C:[04/08/2014 13:23:40.94][190.204.200.144][1138] SELECT pre_cod_asig1,pre_cod_asig2,pre_cod_asig3,pre_cod_asig4,pre_cod_asig5,pre_cod_asig6,pre_cod_asig7 FROM tblaca009 WHERE pensum='5' AND c_uni_ca='3' AND c_asigna='300013' [1][0] OK
C:[04/08/2014 13:23:40.94][190.204.200.144][1138] SELECT pre_cod_asig1,pre_cod_asig2,pre_cod_asig3,pre_cod_asig4,pre_cod_asig5,pre_cod_asig6,pre_cod_asig7 FROM tblaca009 WHERE pensum='5' AND c_uni_ca='3' AND c_asigna='300101' [1][0] OK
C:[04/08/2014 13:23:40.45][190.204.200.144][1182] SELECT par_cod_asig1,par_cod_asig2,par_cod_asig3 FROM tblaca009 WHERE pensum='5' AND c_uni_ca='3' AND c_asigna='300013' [1][0] OK
C:[04/08/2014 13:23:40.45][190.204.200.144][1182] SELECT par_cod_asig1,par_cod_asig2,par_cod_asig3 FROM tblaca009 WHERE pensum='5' AND c_uni_ca='3' AND c_asigna='300101' [1][0] OK
C:[04/08/2014 13:23:41.72][190.204.200.144][1312] SELECT horas_lab FROM tblaca008 WHERE c_asigna='300013' AND horas_teoricas > 0 [1][0] OK
C:[04/08/2014 13:23:41.72][190.204.200.144][1312] SELECT horas_lab FROM tblaca008 WHERE c_asigna='300101' AND horas_teoricas > 0 [1][0] OK
C:[04/08/2014 13:24:02.22][200.109.198.17][1138] SELECT pre_cod_asig1,pre_cod_asig2,pre_cod_asig3,pre_cod_asig4,pre_cod_asig5,pre_cod_asig6,pre_cod_asig7 FROM tblaca009 WHERE pensum='5' AND c_uni_ca='3' AND c_asigna='311704' [1][0] OK
C:[04/08/2014 13:24:02.22][200.109.198.17][1151] SELECT c_asigna FROM dace004 WHERE exp_e='11-24963856' AND c_asigna='315671' AND status IN ('0','3','B','C') [1][0] OK
C:[04/08/2014 13:24:02.22][200.109.198.17][1138] SELECT pre_cod_asig1,pre_cod_asig2,pre_cod_asig3,pre_cod_asig4,pre_cod_asig5,pre_cod_asig6,pre_cod_asig7 FROM tblaca009 WHERE pensum='5' AND c_uni_ca='3' AND c_asigna='311795' [1][0] OK
C:[04/08/2014 13:24:02.22][200.109.198.17][1151] SELECT c_asigna FROM dace004 WHERE exp_e='11-24963856' AND c_asigna='311674' AND status IN ('0','3','B','C') [1][0] OK
C:[04/08/2014 13:24:02.22][200.109.198.17][1151] SELECT c_asigna FROM dace004 WHERE exp_e='11-24963856' AND c_asigna='311673' AND status IN ('0','3','B','C') [1][0] OK
C:[04/08/2014 13:24:02.22][200.109.198.17][1138] SELECT pre_cod_asig1,pre_cod_asig2,pre_cod_asig3,pre_cod_asig4,pre_cod_asig5,pre_cod_asig6,pre_cod_asig7 FROM tblaca009 WHERE pensum='5' AND c_uni_ca='3' AND c_asigna='311799' [1][0] OK
C:[04/08/2014 13:24:02.22][200.109.198.17][1151] SELECT c_asigna FROM dace004 WHERE exp_e='11-24963856' AND c_asigna='311673' AND status IN ('0','3','B','C') [1][0] OK
C:[04/08/2014 13:24:03.34][200.109.198.17][1182] SELECT par_cod_asig1,par_cod_asig2,par_cod_asig3 FROM tblaca009 WHERE pensum='5' AND c_uni_ca='3' AND c_asigna='311704' [1][0] OK
C:[04/08/2014 13:24:03.34][200.109.198.17][1182] SELECT par_cod_asig1,par_cod_asig2,par_cod_asig3 FROM tblaca009 WHERE pensum='5' AND c_uni_ca='3' AND c_asigna='311795' [1][0] OK
C:[04/08/2014 13:24:03.34][200.109.198.17][1182] SELECT par_cod_asig1,par_cod_asig2,par_cod_asig3 FROM tblaca009 WHERE pensum='5' AND c_uni_ca='3' AND c_asigna='311799' [1][0] OK
C:[04/08/2014 13:24:03.73][200.109.198.17][1312] SELECT horas_lab FROM tblaca008 WHERE c_asigna='311704' AND horas_teoricas > 0 [1][0] OK
C:[04/08/2014 13:24:03.73][200.109.198.17][1312] SELECT horas_lab FROM tblaca008 WHERE c_asigna='311795' AND horas_teoricas > 0 [1][0] OK
C:[04/08/2014 13:24:03.73][200.109.198.17][1312] SELECT horas_lab FROM tblaca008 WHERE c_asigna='311799' AND horas_teoricas > 0 [1][0] OK
C:[04/08/2014 13:24:18.90][186.90.214.75][1138] SELECT pre_cod_asig1,pre_cod_asig2,pre_cod_asig3,pre_cod_asig4,pre_cod_asig5,pre_cod_asig6,pre_cod_asig7 FROM tblaca009 WHERE pensum='5' AND c_uni_ca='6' AND c_asigna='344687' [1][0] OK
C:[04/08/2014 13:24:18.90][186.90.214.75][1151] SELECT c_asigna FROM dace004 WHERE exp_e='07-20171109' AND c_asigna='344565' AND status IN ('0','3','B','C') [1][0] OK
C:[04/08/2014 13:24:18.40][186.90.214.75][1182] SELECT par_cod_asig1,par_cod_asig2,par_cod_asig3 FROM tblaca009 WHERE pensum='5' AND c_uni_ca='6' AND c_asigna='344687' [1][0] OK
C:[04/08/2014 13:24:18.53][186.90.214.75][1312] SELECT horas_lab FROM tblaca008 WHERE c_asigna='344687' AND horas_teoricas > 0 [1][0] OK
C:[04/08/2014 13:24:26.48][190.205.19.134][1138] SELECT pre_cod_asig1,pre_cod_asig2,pre_cod_asig3,pre_cod_asig4,pre_cod_asig5,pre_cod_asig6,pre_cod_asig7 FROM tblaca009 WHERE pensum='5' AND c_uni_ca='3' AND c_asigna='300313' [1][0] OK
C:[04/08/2014 13:24:26.48][190.205.19.134][1151] SELECT c_asigna FROM dace004 WHERE exp_e='08-20036061' AND c_asigna='300213' AND status IN ('0','3','B','C') [1][0] OK
C:[04/08/2014 13:24:26.48][190.205.19.134][1151] SELECT c_asigna FROM dace004 WHERE exp_e='08-20036061' AND c_asigna='300226' AND status IN ('0','3','B','C') [1][0] OK
C:[04/08/2014 13:24:26.48][190.205.19.134][1151] SELECT c_asigna FROM dace004 WHERE exp_e='08-20036061' AND c_asigna='300222' AND status IN ('0','3','B','C') [1][0] OK
C:[04/08/2014 13:24:26.48][190.205.19.134][1151] SELECT c_asigna FROM dace004 WHERE exp_e='08-20036061' AND c_asigna='300209' AND status IN ('0','3','B','C') [1][0] OK
C:[04/08/2014 13:24:26.10][190.205.19.134][1182] SELECT par_cod_asig1,par_cod_asig2,par_cod_asig3 FROM tblaca009 WHERE pensum='5' AND c_uni_ca='3' AND c_asigna='300313' [1][0] OK
C:[04/08/2014 13:24:26.24][190.205.19.134][1312] SELECT horas_lab FROM tblaca008 WHERE c_asigna='300313' AND horas_teoricas > 0 [1][0] OK
C:[04/08/2014 13:25:50.00][201.243.100.145][1138] SELECT pre_cod_asig1,pre_cod_asig2,pre_cod_asig3,pre_cod_asig4,pre_cod_asig5,pre_cod_asig6,pre_cod_asig7 FROM tblaca009 WHERE pensum='5' AND c_uni_ca='6' AND c_asigna='300313' [1][0] OK
C:[04/08/2014 13:25:50.00][201.243.100.145][1151] SELECT c_asigna FROM dace004 WHERE exp_e='12-21249667' AND c_asigna='300213' AND status IN ('0','3','B','C') [1][0] OK
C:[04/08/2014 13:25:50.00][201.243.100.145][1151] SELECT c_asigna FROM dace004 WHERE exp_e='12-21249667' AND c_asigna='300226' AND status IN ('0','3','B','C') [1][0] OK
C:[04/08/2014 13:25:50.00][201.243.100.145][1151] SELECT c_asigna FROM dace004 WHERE exp_e='12-21249667' AND c_asigna='300222' AND status IN ('0','3','B','C') [1][0] OK
C:[04/08/2014 13:25:50.00][201.243.100.145][1151] SELECT c_asigna FROM dace004 WHERE exp_e='12-21249667' AND c_asigna='300209' AND status IN ('0','3','B','C') [1][0] OK
C:[04/08/2014 13:25:50.87][201.243.100.145][1182] SELECT par_cod_asig1,par_cod_asig2,par_cod_asig3 FROM tblaca009 WHERE pensum='5' AND c_uni_ca='6' AND c_asigna='300313' [1][0] OK
C:[04/08/2014 13:25:50.00][201.243.100.145][1312] SELECT horas_lab FROM tblaca008 WHERE c_asigna='300313' AND horas_teoricas > 0 [1][0] OK
C:[04/08/2014 13:26:25.52][190.207.62.10][1138] SELECT pre_cod_asig1,pre_cod_asig2,pre_cod_asig3,pre_cod_asig4,pre_cod_asig5,pre_cod_asig6,pre_cod_asig7 FROM tblaca009 WHERE pensum='5' AND c_uni_ca='5' AND c_asigna='355720' [1][0] OK
C:[04/08/2014 13:26:25.52][190.207.62.10][1151] SELECT c_asigna FROM dace004 WHERE exp_e='07-19858498' AND c_asigna='355692' AND status IN ('0','3','B','C') [1][0] OK
C:[04/08/2014 13:26:25.52][190.207.62.10][1151] SELECT c_asigna FROM dace004 WHERE exp_e='07-19858498' AND c_asigna='355696' AND status IN ('0','3','B','C') [1][0] OK
C:[04/08/2014 13:26:25.52][190.207.62.10][1138] SELECT pre_cod_asig1,pre_cod_asig2,pre_cod_asig3,pre_cod_asig4,pre_cod_asig5,pre_cod_asig6,pre_cod_asig7 FROM tblaca009 WHERE pensum='5' AND c_uni_ca='5' AND c_asigna='355721' [1][0] OK
C:[04/08/2014 13:26:25.52][190.207.62.10][1151] SELECT c_asigna FROM dace004 WHERE exp_e='07-19858498' AND c_asigna='355693' AND status IN ('0','3','B','C') [1][0] OK
C:[04/08/2014 13:26:25.52][190.207.62.10][1151] SELECT c_asigna FROM dace004 WHERE exp_e='07-19858498' AND c_asigna='355696' AND status IN ('0','3','B','C') [1][0] OK
C:[04/08/2014 13:26:25.52][190.207.62.10][1182] SELECT par_cod_asig1,par_cod_asig2,par_cod_asig3 FROM tblaca009 WHERE pensum='5' AND c_uni_ca='5' AND c_asigna='355720' [1][0] OK
C:[04/08/2014 13:26:25.52][190.207.62.10][1182] SELECT par_cod_asig1,par_cod_asig2,par_cod_asig3 FROM tblaca009 WHERE pensum='5' AND c_uni_ca='5' AND c_asigna='355721' [1][0] OK
C:[04/08/2014 13:26:25.78][190.207.62.10][1312] SELECT horas_lab FROM tblaca008 WHERE c_asigna='355720' AND horas_teoricas > 0 [1][0] OK
C:[04/08/2014 13:26:25.78][190.207.62.10][1312] SELECT horas_lab FROM tblaca008 WHERE c_asigna='355721' AND horas_teoricas > 0 [1][0] OK
C:[04/08/2014 13:26:50.69][200.62.19.43][1138] SELECT pre_cod_asig1,pre_cod_asig2,pre_cod_asig3,pre_cod_asig4,pre_cod_asig5,pre_cod_asig6,pre_cod_asig7 FROM tblaca009 WHERE pensum='5' AND c_uni_ca='4' AND c_asigna='333606' [1][0] OK
C:[04/08/2014 13:26:50.69][200.62.19.43][1151] SELECT c_asigna FROM dace004 WHERE exp_e='05-18077474' AND c_asigna='333584' AND status IN ('0','3','B','C') [1][0] OK
C:[04/08/2014 13:26:50.19][200.62.19.43][1182] SELECT par_cod_asig1,par_cod_asig2,par_cod_asig3 FROM tblaca009 WHERE pensum='5' AND c_uni_ca='4' AND c_asigna='333606' [1][0] OK
C:[04/08/2014 13:26:50.32][200.62.19.43][1312] SELECT horas_lab FROM tblaca008 WHERE c_asigna='333606' AND horas_teoricas > 0 [1][0] OK
C:[04/08/2014 13:27:06.54][190.37.103.14][1138] SELECT pre_cod_asig1,pre_cod_asig2,pre_cod_asig3,pre_cod_asig4,pre_cod_asig5,pre_cod_asig6,pre_cod_asig7 FROM tblaca009 WHERE pensum='5' AND c_uni_ca='3' AND c_asigna='300207' [1][0] OK
C:[04/08/2014 13:27:06.54][190.37.103.14][1151] SELECT c_asigna FROM dace004 WHERE exp_e='10-19803958' AND c_asigna='300101' AND status IN ('0','3','B','C') [1][0] OK
C:[04/08/2014 13:27:06.54][190.37.103.14][1138] SELECT pre_cod_asig1,pre_cod_asig2,pre_cod_asig3,pre_cod_asig4,pre_cod_asig5,pre_cod_asig6,pre_cod_asig7 FROM tblaca009 WHERE pensum='5' AND c_uni_ca='3' AND c_asigna='300213' [1][0] OK
C:[04/08/2014 13:27:06.54][190.37.103.14][1151] SELECT c_asigna FROM dace004 WHERE exp_e='10-19803958' AND c_asigna='300101' AND status IN ('0','3','B','C') [1][0] OK
C:[04/08/2014 13:27:06.29][190.37.103.14][1182] SELECT par_cod_asig1,par_cod_asig2,par_cod_asig3 FROM tblaca009 WHERE pensum='5' AND c_uni_ca='3' AND c_asigna='300207' [1][0] OK
C:[04/08/2014 13:27:06.29][190.37.103.14][1182] SELECT par_cod_asig1,par_cod_asig2,par_cod_asig3 FROM tblaca009 WHERE pensum='5' AND c_uni_ca='3' AND c_asigna='300213' [1][0] OK
C:[04/08/2014 13:27:06.29][190.37.103.14][1196] SELECT c_asigna FROM dace004 WHERE exp_e='10-19803958' AND c_asigna='300209' AND status IN ('0','3','B','C') [1][0] OK
C:[04/08/2014 13:27:06.68][190.37.103.14][1312] SELECT horas_lab FROM tblaca008 WHERE c_asigna='300207' AND horas_teoricas > 0 [1][0] OK
C:[04/08/2014 13:27:06.68][190.37.103.14][1312] SELECT horas_lab FROM tblaca008 WHERE c_asigna='300213' AND horas_teoricas > 0 [1][0] OK
C:[04/08/2014 13:27:24.88][190.204.66.181][1138] SELECT pre_cod_asig1,pre_cod_asig2,pre_cod_asig3,pre_cod_asig4,pre_cod_asig5,pre_cod_asig6,pre_cod_asig7 FROM tblaca009 WHERE pensum='5' AND c_uni_ca='5' AND c_asigna='300207' [1][0] OK
C:[04/08/2014 13:27:24.88][190.204.66.181][1151] SELECT c_asigna FROM dace004 WHERE exp_e='08-19512112' AND c_asigna='300101' AND status IN ('0','3','B','C') [1][0] OK
C:[04/08/2014 13:27:24.38][190.204.66.181][1182] SELECT par_cod_asig1,par_cod_asig2,par_cod_asig3 FROM tblaca009 WHERE pensum='5' AND c_uni_ca='5' AND c_asigna='300207' [1][0] OK
C:[04/08/2014 13:27:25.51][190.204.66.181][1312] SELECT horas_lab FROM tblaca008 WHERE c_asigna='300207' AND horas_teoricas > 0 [1][0] OK
C:[04/08/2014 13:27:46.43][186.94.81.28][1138] SELECT pre_cod_asig1,pre_cod_asig2,pre_cod_asig3,pre_cod_asig4,pre_cod_asig5,pre_cod_asig6,pre_cod_asig7 FROM tblaca009 WHERE pensum='5' AND c_uni_ca='3' AND c_asigna='300101' [1][0] OK
C:[04/08/2014 13:27:46.81][186.94.81.28][1182] SELECT par_cod_asig1,par_cod_asig2,par_cod_asig3 FROM tblaca009 WHERE pensum='5' AND c_uni_ca='3' AND c_asigna='300101' [1][0] OK
C:[04/08/2014 13:27:46.94][186.94.81.28][1312] SELECT horas_lab FROM tblaca008 WHERE c_asigna='300101' AND horas_teoricas > 0 [1][0] OK
C:[04/08/2014 13:30:01.94][190.206.63.96][1138] SELECT pre_cod_asig1,pre_cod_asig2,pre_cod_asig3,pre_cod_asig4,pre_cod_asig5,pre_cod_asig6,pre_cod_asig7 FROM tblaca009 WHERE pensum='5' AND c_uni_ca='6' AND c_asigna='300313' [1][0] OK
C:[04/08/2014 13:30:01.94][190.206.63.96][1151] SELECT c_asigna FROM dace004 WHERE exp_e='10-22587120' AND c_asigna='300213' AND status IN ('0','3','B','C') [1][0] OK
C:[04/08/2014 13:30:01.94][190.206.63.96][1151] SELECT c_asigna FROM dace004 WHERE exp_e='10-22587120' AND c_asigna='300226' AND status IN ('0','3','B','C') [1][0] OK
C:[04/08/2014 13:30:01.94][190.206.63.96][1151] SELECT c_asigna FROM dace004 WHERE exp_e='10-22587120' AND c_asigna='300222' AND status IN ('0','3','B','C') [1][0] OK
C:[04/08/2014 13:30:01.94][190.206.63.96][1151] SELECT c_asigna FROM dace004 WHERE exp_e='10-22587120' AND c_asigna='300209' AND status IN ('0','3','B','C') [1][0] OK
C:[04/08/2014 13:30:01.94][190.206.63.96][1138] SELECT pre_cod_asig1,pre_cod_asig2,pre_cod_asig3,pre_cod_asig4,pre_cod_asig5,pre_cod_asig6,pre_cod_asig7 FROM tblaca009 WHERE pensum='5' AND c_uni_ca='6' AND c_asigna='342559' [1][0] OK
C:[04/08/2014 13:30:01.94][190.206.63.96][1151] SELECT c_asigna FROM dace004 WHERE exp_e='10-22587120' AND c_asigna='342436' AND status IN ('0','3','B','C') [1][0] OK
C:[04/08/2014 13:30:01.94][190.206.63.96][1138] SELECT pre_cod_asig1,pre_cod_asig2,pre_cod_asig3,pre_cod_asig4,pre_cod_asig5,pre_cod_asig6,pre_cod_asig7 FROM tblaca009 WHERE pensum='5' AND c_uni_ca='6' AND c_asigna='343568' [1][0] OK
C:[04/08/2014 13:30:01.94][190.206.63.96][1151] SELECT c_asigna FROM dace004 WHERE exp_e='10-22587120' AND c_asigna='340327' AND status IN ('0','3','B','C') [1][0] OK
C:[04/08/2014 13:30:02.30][190.206.63.96][1182] SELECT par_cod_asig1,par_cod_asig2,par_cod_asig3 FROM tblaca009 WHERE pensum='5' AND c_uni_ca='6' AND c_asigna='300313' [1][0] OK
C:[04/08/2014 13:30:02.30][190.206.63.96][1182] SELECT par_cod_asig1,par_cod_asig2,par_cod_asig3 FROM tblaca009 WHERE pensum='5' AND c_uni_ca='6' AND c_asigna='342559' [1][0] OK
C:[04/08/2014 13:30:02.30][190.206.63.96][1182] SELECT par_cod_asig1,par_cod_asig2,par_cod_asig3 FROM tblaca009 WHERE pensum='5' AND c_uni_ca='6' AND c_asigna='343568' [1][0] OK
C:[04/08/2014 13:30:02.69][190.206.63.96][1312] SELECT horas_lab FROM tblaca008 WHERE c_asigna='300313' AND horas_teoricas > 0 [1][0] OK
C:[04/08/2014 13:30:02.69][190.206.63.96][1312] SELECT horas_lab FROM tblaca008 WHERE c_asigna='342559' AND horas_teoricas > 0 [1][0] OK
C:[04/08/2014 13:30:02.69][190.206.63.96][1312] SELECT horas_lab FROM tblaca008 WHERE c_asigna='343568' AND horas_teoricas > 0 [1][0] OK
C:[04/08/2014 13:31:37.17][190.36.16.150][1138] SELECT pre_cod_asig1,pre_cod_asig2,pre_cod_asig3,pre_cod_asig4,pre_cod_asig5,pre_cod_asig6,pre_cod_asig7 FROM tblaca009 WHERE pensum='5' AND c_uni_ca='3' AND c_asigna='311655' [1][0] OK
C:[04/08/2014 13:31:37.17][190.36.16.150][1151] SELECT c_asigna FROM dace004 WHERE exp_e='07-19159177' AND c_asigna='311556' AND status IN ('0','3','B','C') [1][0] OK
C:[04/08/2014 13:31:37.17][190.36.16.150][1138] SELECT pre_cod_asig1,pre_cod_asig2,pre_cod_asig3,pre_cod_asig4,pre_cod_asig5,pre_cod_asig6,pre_cod_asig7 FROM tblaca009 WHERE pensum='5' AND c_uni_ca='3' AND c_asigna='311796' [1][0] OK
C:[04/08/2014 13:31:37.17][190.36.16.150][1151] SELECT c_asigna FROM dace004 WHERE exp_e='07-19159177' AND c_asigna='315671' AND status IN ('0','3','B','C') [1][0] OK
C:[04/08/2014 13:31:37.92][190.36.16.150][1182] SELECT par_cod_asig1,par_cod_asig2,par_cod_asig3 FROM tblaca009 WHERE pensum='5' AND c_uni_ca='3' AND c_asigna='311655' [1][0] OK
C:[04/08/2014 13:31:37.92][190.36.16.150][1182] SELECT par_cod_asig1,par_cod_asig2,par_cod_asig3 FROM tblaca009 WHERE pensum='5' AND c_uni_ca='3' AND c_asigna='311796' [1][0] OK
C:[04/08/2014 13:31:37.18][190.36.16.150][1312] SELECT horas_lab FROM tblaca008 WHERE c_asigna='311655' AND horas_teoricas > 0 [1][0] OK
C:[04/08/2014 13:31:37.18][190.36.16.150][1312] SELECT horas_lab FROM tblaca008 WHERE c_asigna='311796' AND horas_teoricas > 0 [1][0] OK
C:[04/08/2014 13:31:44.09][186.88.165.254][1138] SELECT pre_cod_asig1,pre_cod_asig2,pre_cod_asig3,pre_cod_asig4,pre_cod_asig5,pre_cod_asig6,pre_cod_asig7 FROM tblaca009 WHERE pensum='5' AND c_uni_ca='3' AND c_asigna='300207' [1][0] OK
C:[04/08/2014 13:31:44.09][186.88.165.254][1151] SELECT c_asigna FROM dace004 WHERE exp_e='11-24856314' AND c_asigna='300101' AND status IN ('0','3','B','C') [1][0] OK
C:[04/08/2014 13:31:44.35][186.88.165.254][1182] SELECT par_cod_asig1,par_cod_asig2,par_cod_asig3 FROM tblaca009 WHERE pensum='5' AND c_uni_ca='3' AND c_asigna='300207' [1][0] OK
C:[04/08/2014 13:31:44.48][186.88.165.254][1312] SELECT horas_lab FROM tblaca008 WHERE c_asigna='300207' AND horas_teoricas > 0 [1][0] OK
C:[04/08/2014 13:33:01.13][186.88.178.174][1138] SELECT pre_cod_asig1,pre_cod_asig2,pre_cod_asig3,pre_cod_asig4,pre_cod_asig5,pre_cod_asig6,pre_cod_asig7 FROM tblaca009 WHERE pensum='5' AND c_uni_ca='2' AND c_asigna='300222' [1][0] OK
C:[04/08/2014 13:33:01.13][186.88.178.174][1151] SELECT c_asigna FROM dace004 WHERE exp_e='12-24179618' AND c_asigna='300112' AND status IN ('0','3','B','C') [1][0] OK
C:[04/08/2014 13:33:01.13][186.88.178.174][1138] SELECT pre_cod_asig1,pre_cod_asig2,pre_cod_asig3,pre_cod_asig4,pre_cod_asig5,pre_cod_asig6,pre_cod_asig7 FROM tblaca009 WHERE pensum='5' AND c_uni_ca='2' AND c_asigna='300228' [1][0] OK
C:[04/08/2014 13:33:01.13][186.88.178.174][1151] SELECT c_asigna FROM dace004 WHERE exp_e='12-24179618' AND c_asigna='300101' AND status IN ('0','3','B','C') [1][0] OK
C:[04/08/2014 13:33:01.88][186.88.178.174][1182] SELECT par_cod_asig1,par_cod_asig2,par_cod_asig3 FROM tblaca009 WHERE pensum='5' AND c_uni_ca='2' AND c_asigna='300222' [1][0] OK
C:[04/08/2014 13:33:01.88][186.88.178.174][1182] SELECT par_cod_asig1,par_cod_asig2,par_cod_asig3 FROM tblaca009 WHERE pensum='5' AND c_uni_ca='2' AND c_asigna='300228' [1][0] OK
C:[04/08/2014 13:33:01.15][186.88.178.174][1312] SELECT horas_lab FROM tblaca008 WHERE c_asigna='300222' AND horas_teoricas > 0 [1][0] OK
C:[04/08/2014 13:33:01.15][186.88.178.174][1312] SELECT horas_lab FROM tblaca008 WHERE c_asigna='300228' AND horas_teoricas > 0 [1][0] OK
C:[04/08/2014 13:34:29.82][201.243.123.199][1138] SELECT pre_cod_asig1,pre_cod_asig2,pre_cod_asig3,pre_cod_asig4,pre_cod_asig5,pre_cod_asig6,pre_cod_asig7 FROM tblaca009 WHERE pensum='5' AND c_uni_ca='5' AND c_asigna='355723' [1][0] OK
C:[04/08/2014 13:34:29.82][201.243.123.199][1151] SELECT c_asigna FROM dace004 WHERE exp_e='03-17441373' AND c_asigna='355694' AND status IN ('0','3','B','C') [1][0] OK
C:[04/08/2014 13:34:29.82][201.243.123.199][1138] SELECT pre_cod_asig1,pre_cod_asig2,pre_cod_asig3,pre_cod_asig4,pre_cod_asig5,pre_cod_asig6,pre_cod_asig7 FROM tblaca009 WHERE pensum='5' AND c_uni_ca='5' AND c_asigna='354852' [1][0] OK
C:[04/08/2014 13:34:30.44][201.243.123.199][1182] SELECT par_cod_asig1,par_cod_asig2,par_cod_asig3 FROM tblaca009 WHERE pensum='5' AND c_uni_ca='5' AND c_asigna='355723' [1][0] OK
C:[04/08/2014 13:34:30.44][201.243.123.199][1182] SELECT par_cod_asig1,par_cod_asig2,par_cod_asig3 FROM tblaca009 WHERE pensum='5' AND c_uni_ca='5' AND c_asigna='354852' [1][0] OK
C:[04/08/2014 13:34:30.71][201.243.123.199][1312] SELECT horas_lab FROM tblaca008 WHERE c_asigna='355723' AND horas_teoricas > 0 [1][0] OK
C:[04/08/2014 13:34:30.71][201.243.123.199][1312] SELECT horas_lab FROM tblaca008 WHERE c_asigna='354852' AND horas_teoricas > 0 [1][0] OK
C:[04/08/2014 13:34:34.61][190.74.190.23][1138] SELECT pre_cod_asig1,pre_cod_asig2,pre_cod_asig3,pre_cod_asig4,pre_cod_asig5,pre_cod_asig6,pre_cod_asig7 FROM tblaca009 WHERE pensum='5' AND c_uni_ca='2' AND c_asigna='322558' [1][0] OK
C:[04/08/2014 13:34:34.61][190.74.190.23][1151] SELECT c_asigna FROM dace004 WHERE exp_e='09-20299457' AND c_asigna='300428' AND status IN ('0','3','B','C') [1][0] OK
C:[04/08/2014 13:34:34.61][190.74.190.23][1151] SELECT c_asigna FROM dace004 WHERE exp_e='09-20299457' AND c_asigna='320323' AND status IN ('0','3','B','C') [1][0] OK
C:[04/08/2014 13:34:34.61][190.74.190.23][1138] SELECT pre_cod_asig1,pre_cod_asig2,pre_cod_asig3,pre_cod_asig4,pre_cod_asig5,pre_cod_asig6,pre_cod_asig7 FROM tblaca009 WHERE pensum='5' AND c_uni_ca='2' AND c_asigna='322780' [1][0] OK
C:[04/08/2014 13:34:34.61][190.74.190.23][1151] SELECT c_asigna FROM dace004 WHERE exp_e='09-20299457' AND c_asigna='322678' AND status IN ('0','3','B','C') [1][0] OK
C:[04/08/2014 13:34:34.23][190.74.190.23][1182] SELECT par_cod_asig1,par_cod_asig2,par_cod_asig3 FROM tblaca009 WHERE pensum='5' AND c_uni_ca='2' AND c_asigna='322558' [1][0] OK
C:[04/08/2014 13:34:34.23][190.74.190.23][1182] SELECT par_cod_asig1,par_cod_asig2,par_cod_asig3 FROM tblaca009 WHERE pensum='5' AND c_uni_ca='2' AND c_asigna='322780' [1][0] OK
C:[04/08/2014 13:34:34.49][190.74.190.23][1312] SELECT horas_lab FROM tblaca008 WHERE c_asigna='322558' AND horas_teoricas > 0 [1][0] OK
C:[04/08/2014 13:34:34.49][190.74.190.23][1312] SELECT horas_lab FROM tblaca008 WHERE c_asigna='322780' AND horas_teoricas > 0 [1][0] OK
C:[04/08/2014 13:35:23.77][190.198.233.137][1138] SELECT pre_cod_asig1,pre_cod_asig2,pre_cod_asig3,pre_cod_asig4,pre_cod_asig5,pre_cod_asig6,pre_cod_asig7 FROM tblaca009 WHERE pensum='5' AND c_uni_ca='6' AND c_asigna='300207' [1][0] OK
C:[04/08/2014 13:35:23.77][190.198.233.137][1151] SELECT c_asigna FROM dace004 WHERE exp_e='12-23498745' AND c_asigna='300101' AND status IN ('0','3','B','C') [1][0] OK
C:[04/08/2014 13:35:23.77][190.198.233.137][1138] SELECT pre_cod_asig1,pre_cod_asig2,pre_cod_asig3,pre_cod_asig4,pre_cod_asig5,pre_cod_asig6,pre_cod_asig7 FROM tblaca009 WHERE pensum='5' AND c_uni_ca='6' AND c_asigna='300209' [1][0] OK
C:[04/08/2014 13:35:23.77][190.198.233.137][1151] SELECT c_asigna FROM dace004 WHERE exp_e='12-23498745' AND c_asigna='300101' AND status IN ('0','3','B','C') [1][0] OK
C:[04/08/2014 13:35:23.50][190.198.233.137][1182] SELECT par_cod_asig1,par_cod_asig2,par_cod_asig3 FROM tblaca009 WHERE pensum='5' AND c_uni_ca='6' AND c_asigna='300207' [1][0] OK
C:[04/08/2014 13:35:23.50][190.198.233.137][1182] SELECT par_cod_asig1,par_cod_asig2,par_cod_asig3 FROM tblaca009 WHERE pensum='5' AND c_uni_ca='6' AND c_asigna='300209' [1][0] OK
C:[04/08/2014 13:35:23.77][190.198.233.137][1312] SELECT horas_lab FROM tblaca008 WHERE c_asigna='300207' AND horas_teoricas > 0 [1][0] OK
C:[04/08/2014 13:35:23.77][190.198.233.137][1312] SELECT horas_lab FROM tblaca008 WHERE c_asigna='300209' AND horas_teoricas > 0 [1][0] OK
C:[04/08/2014 13:35:30.65][190.199.95.198][1138] SELECT pre_cod_asig1,pre_cod_asig2,pre_cod_asig3,pre_cod_asig4,pre_cod_asig5,pre_cod_asig6,pre_cod_asig7 FROM tblaca009 WHERE pensum='5' AND c_uni_ca='2' AND c_asigna='300213' [1][0] OK
C:[04/08/2014 13:35:30.65][190.199.95.198][1151] SELECT c_asigna FROM dace004 WHERE exp_e='11-24577986' AND c_asigna='300101' AND status IN ('0','3','B','C') [1][0] OK
C:[04/08/2014 13:35:30.65][190.199.95.198][1138] SELECT pre_cod_asig1,pre_cod_asig2,pre_cod_asig3,pre_cod_asig4,pre_cod_asig5,pre_cod_asig6,pre_cod_asig7 FROM tblaca009 WHERE pensum='5' AND c_uni_ca='2' AND c_asigna='300317' [1][0] OK
C:[04/08/2014 13:35:30.65][190.199.95.198][1151] SELECT c_asigna FROM dace004 WHERE exp_e='11-24577986' AND c_asigna='300207' AND status IN ('0','3','B','C') [1][0] OK
C:[04/08/2014 13:35:30.65][190.199.95.198][1151] SELECT c_asigna FROM dace004 WHERE exp_e='11-24577986' AND c_asigna='300209' AND status IN ('0','3','B','C') [1][0] OK
C:[04/08/2014 13:35:30.65][190.199.95.198][1138] SELECT pre_cod_asig1,pre_cod_asig2,pre_cod_asig3,pre_cod_asig4,pre_cod_asig5,pre_cod_asig6,pre_cod_asig7 FROM tblaca009 WHERE pensum='5' AND c_uni_ca='2' AND c_asigna='322449' [1][0] OK
C:[04/08/2014 13:35:30.65][190.199.95.198][1151] SELECT c_asigna FROM dace004 WHERE exp_e='11-24577986' AND c_asigna='300222' AND status IN ('0','3','B','C') [1][0] OK
C:[04/08/2014 13:35:30.52][190.199.95.198][1182] SELECT par_cod_asig1,par_cod_asig2,par_cod_asig3 FROM tblaca009 WHERE pensum='5' AND c_uni_ca='2' AND c_asigna='300213' [1][0] OK
C:[04/08/2014 13:35:30.52][190.199.95.198][1196] SELECT c_asigna FROM dace004 WHERE exp_e='11-24577986' AND c_asigna='300209' AND status IN ('0','3','B','C') [1][0] OK
C:[04/08/2014 13:35:30.52][190.199.95.198][1182] SELECT par_cod_asig1,par_cod_asig2,par_cod_asig3 FROM tblaca009 WHERE pensum='5' AND c_uni_ca='2' AND c_asigna='300317' [1][0] OK
C:[04/08/2014 13:35:30.52][190.199.95.198][1182] SELECT par_cod_asig1,par_cod_asig2,par_cod_asig3 FROM tblaca009 WHERE pensum='5' AND c_uni_ca='2' AND c_asigna='322449' [1][0] OK
C:[04/08/2014 13:35:30.03][190.199.95.198][1312] SELECT horas_lab FROM tblaca008 WHERE c_asigna='300213' AND horas_teoricas > 0 [1][0] OK
C:[04/08/2014 13:35:30.03][190.199.95.198][1312] SELECT horas_lab FROM tblaca008 WHERE c_asigna='300317' AND horas_teoricas > 0 [1][0] OK
C:[04/08/2014 13:35:30.03][190.199.95.198][1312] SELECT horas_lab FROM tblaca008 WHERE c_asigna='322449' AND horas_teoricas > 0 [1][0] OK
C:[04/08/2014 13:39:16.58][186.95.46.91][1138] SELECT pre_cod_asig1,pre_cod_asig2,pre_cod_asig3,pre_cod_asig4,pre_cod_asig5,pre_cod_asig6,pre_cod_asig7 FROM tblaca009 WHERE pensum='5' AND c_uni_ca='6' AND c_asigna='342567' [1][0] OK
C:[04/08/2014 13:39:16.58][186.95.46.91][1151] SELECT c_asigna FROM dace004 WHERE exp_e='09-20495480' AND c_asigna='342444' AND status IN ('0','3','B','C') [1][0] OK
C:[04/08/2014 13:39:16.58][186.95.46.91][1138] SELECT pre_cod_asig1,pre_cod_asig2,pre_cod_asig3,pre_cod_asig4,pre_cod_asig5,pre_cod_asig6,pre_cod_asig7 FROM tblaca009 WHERE pensum='5' AND c_uni_ca='6' AND c_asigna='344565' [1][0] OK
C:[04/08/2014 13:39:16.58][186.95.46.91][1151] SELECT c_asigna FROM dace004 WHERE exp_e='09-20495480' AND c_asigna='344445' AND status IN ('0','3','B','C') [1][0] OK
C:[04/08/2014 13:39:16.58][186.95.46.91][1138] SELECT pre_cod_asig1,pre_cod_asig2,pre_cod_asig3,pre_cod_asig4,pre_cod_asig5,pre_cod_asig6,pre_cod_asig7 FROM tblaca009 WHERE pensum='5' AND c_uni_ca='6' AND c_asigna='344566' [1][0] OK
C:[04/08/2014 13:39:16.58][186.95.46.91][1151] SELECT c_asigna FROM dace004 WHERE exp_e='09-20495480' AND c_asigna='344446' AND status IN ('0','3','B','C') [1][0] OK
C:[04/08/2014 13:39:16.58][186.95.46.91][1151] SELECT c_asigna FROM dace004 WHERE exp_e='09-20495480' AND c_asigna='300428' AND status IN ('0','3','B','C') [1][0] OK
C:[04/08/2014 13:39:16.58][186.95.46.91][1151] SELECT c_asigna FROM dace004 WHERE exp_e='09-20495480' AND c_asigna='300209' AND status IN ('0','3','B','C') [1][0] OK
C:[04/08/2014 13:39:16.58][186.95.46.91][1151] SELECT c_asigna FROM dace004 WHERE exp_e='09-20495480' AND c_asigna='300222' AND status IN ('0','3','B','C') [1][0] OK
C:[04/08/2014 13:39:16.58][186.95.46.91][1151] SELECT c_asigna FROM dace004 WHERE exp_e='09-20495480' AND c_asigna='300226' AND status IN ('0','3','B','C') [1][0] OK
C:[04/08/2014 13:39:16.58][186.95.46.91][1151] SELECT c_asigna FROM dace004 WHERE exp_e='09-20495480' AND c_asigna='300317' AND status IN ('0','3','B','C') [1][0] OK
C:[04/08/2014 13:39:16.58][186.95.46.91][1151] SELECT c_asigna FROM dace004 WHERE exp_e='09-20495480' AND c_asigna='300313' AND status IN ('0','3','B','C') [1][0] OK
C:[04/08/2014 13:39:16.33][186.95.46.91][1182] SELECT par_cod_asig1,par_cod_asig2,par_cod_asig3 FROM tblaca009 WHERE pensum='5' AND c_uni_ca='6' AND c_asigna='342567' [1][0] OK
C:[04/08/2014 13:39:16.33][186.95.46.91][1182] SELECT par_cod_asig1,par_cod_asig2,par_cod_asig3 FROM tblaca009 WHERE pensum='5' AND c_uni_ca='6' AND c_asigna='344565' [1][0] OK
C:[04/08/2014 13:39:16.33][186.95.46.91][1182] SELECT par_cod_asig1,par_cod_asig2,par_cod_asig3 FROM tblaca009 WHERE pensum='5' AND c_uni_ca='6' AND c_asigna='344566' [1][0] OK
C:[04/08/2014 13:39:16.28][186.95.46.91][1312] SELECT horas_lab FROM tblaca008 WHERE c_asigna='342567' AND horas_teoricas > 0 [1][0] OK
C:[04/08/2014 13:39:16.28][186.95.46.91][1312] SELECT horas_lab FROM tblaca008 WHERE c_asigna='344565' AND horas_teoricas > 0 [1][0] OK
C:[04/08/2014 13:39:16.28][186.95.46.91][1312] SELECT horas_lab FROM tblaca008 WHERE c_asigna='344566' AND horas_teoricas > 0 [1][0] OK
C:[04/08/2014 13:40:41.52][190.200.37.17][1138] SELECT pre_cod_asig1,pre_cod_asig2,pre_cod_asig3,pre_cod_asig4,pre_cod_asig5,pre_cod_asig6,pre_cod_asig7 FROM tblaca009 WHERE pensum='5' AND c_uni_ca='6' AND c_asigna='300013' [1][0] OK
C:[04/08/2014 13:40:41.52][190.200.37.17][1138] SELECT pre_cod_asig1,pre_cod_asig2,pre_cod_asig3,pre_cod_asig4,pre_cod_asig5,pre_cod_asig6,pre_cod_asig7 FROM tblaca009 WHERE pensum='5' AND c_uni_ca='6' AND c_asigna='300207' [1][0] OK
C:[04/08/2014 13:40:41.52][190.200.37.17][1151] SELECT c_asigna FROM dace004 WHERE exp_e='06-19419436' AND c_asigna='300101' AND status IN ('0','3','B','C') [1][0] OK
C:[04/08/2014 13:40:41.15][190.200.37.17][1182] SELECT par_cod_asig1,par_cod_asig2,par_cod_asig3 FROM tblaca009 WHERE pensum='5' AND c_uni_ca='6' AND c_asigna='300013' [1][0] OK
C:[04/08/2014 13:40:41.15][190.200.37.17][1182] SELECT par_cod_asig1,par_cod_asig2,par_cod_asig3 FROM tblaca009 WHERE pensum='5' AND c_uni_ca='6' AND c_asigna='300207' [1][0] OK
C:[04/08/2014 13:40:41.39][190.204.200.144][1138] SELECT pre_cod_asig1,pre_cod_asig2,pre_cod_asig3,pre_cod_asig4,pre_cod_asig5,pre_cod_asig6,pre_cod_asig7 FROM tblaca009 WHERE pensum='5' AND c_uni_ca='4' AND c_asigna='300013' [1][0] OK
C:[04/08/2014 13:40:41.43][190.200.37.17][1312] SELECT horas_lab FROM tblaca008 WHERE c_asigna='300013' AND horas_teoricas > 0 [1][0] OK
C:[04/08/2014 13:40:41.39][190.204.200.144][1138] SELECT pre_cod_asig1,pre_cod_asig2,pre_cod_asig3,pre_cod_asig4,pre_cod_asig5,pre_cod_asig6,pre_cod_asig7 FROM tblaca009 WHERE pensum='5' AND c_uni_ca='4' AND c_asigna='300228' [1][0] OK
C:[04/08/2014 13:40:41.43][190.200.37.17][1312] SELECT horas_lab FROM tblaca008 WHERE c_asigna='300207' AND horas_teoricas > 0 [1][0] OK
C:[04/08/2014 13:40:41.39][190.204.200.144][1151] SELECT c_asigna FROM dace004 WHERE exp_e='13-24521277' AND c_asigna='300101' AND status IN ('0','3','B','C') [1][0] OK
C:[04/08/2014 13:40:41.76][190.204.200.144][1182] SELECT par_cod_asig1,par_cod_asig2,par_cod_asig3 FROM tblaca009 WHERE pensum='5' AND c_uni_ca='4' AND c_asigna='300013' [1][0] OK
C:[04/08/2014 13:40:41.76][190.204.200.144][1182] SELECT par_cod_asig1,par_cod_asig2,par_cod_asig3 FROM tblaca009 WHERE pensum='5' AND c_uni_ca='4' AND c_asigna='300228' [1][0] OK
C:[04/08/2014 13:40:41.02][190.204.200.144][1312] SELECT horas_lab FROM tblaca008 WHERE c_asigna='300013' AND horas_teoricas > 0 [1][0] OK
C:[04/08/2014 13:40:41.02][190.204.200.144][1312] SELECT horas_lab FROM tblaca008 WHERE c_asigna='300228' AND horas_teoricas > 0 [1][0] OK
C:[04/08/2014 13:40:53.81][186.89.241.6][1138] SELECT pre_cod_asig1,pre_cod_asig2,pre_cod_asig3,pre_cod_asig4,pre_cod_asig5,pre_cod_asig6,pre_cod_asig7 FROM tblaca009 WHERE pensum='5' AND c_uni_ca='4' AND c_asigna='300105' [1][0] OK
C:[04/08/2014 13:40:54.13][186.89.241.6][1182] SELECT par_cod_asig1,par_cod_asig2,par_cod_asig3 FROM tblaca009 WHERE pensum='5' AND c_uni_ca='4' AND c_asigna='300105' [1][0] OK
C:[04/08/2014 13:40:54.26][186.89.241.6][1312] SELECT horas_lab FROM tblaca008 WHERE c_asigna='300105' AND horas_teoricas > 0 [1][0] OK
C:[04/08/2014 13:42:27.85][190.198.233.137][1138] SELECT pre_cod_asig1,pre_cod_asig2,pre_cod_asig3,pre_cod_asig4,pre_cod_asig5,pre_cod_asig6,pre_cod_asig7 FROM tblaca009 WHERE pensum='5' AND c_uni_ca='6' AND c_asigna='300209' [1][0] OK
C:[04/08/2014 13:42:27.85][190.198.233.137][1151] SELECT c_asigna FROM dace004 WHERE exp_e='12-23498745' AND c_asigna='300101' AND status IN ('0','3','B','C') [1][0] OK
C:[04/08/2014 13:42:27.85][190.198.233.137][1138] SELECT pre_cod_asig1,pre_cod_asig2,pre_cod_asig3,pre_cod_asig4,pre_cod_asig5,pre_cod_asig6,pre_cod_asig7 FROM tblaca009 WHERE pensum='5' AND c_uni_ca='6' AND c_asigna='300207' [1][0] OK
C:[04/08/2014 13:42:27.85][190.198.233.137][1151] SELECT c_asigna FROM dace004 WHERE exp_e='12-23498745' AND c_asigna='300101' AND status IN ('0','3','B','C') [1][0] OK
C:[04/08/2014 13:42:27.04][190.198.233.137][1182] SELECT par_cod_asig1,par_cod_asig2,par_cod_asig3 FROM tblaca009 WHERE pensum='5' AND c_uni_ca='6' AND c_asigna='300209' [1][0] OK
C:[04/08/2014 13:42:27.04][190.198.233.137][1182] SELECT par_cod_asig1,par_cod_asig2,par_cod_asig3 FROM tblaca009 WHERE pensum='5' AND c_uni_ca='6' AND c_asigna='300207' [1][0] OK
C:[04/08/2014 13:42:27.30][190.198.233.137][1312] SELECT horas_lab FROM tblaca008 WHERE c_asigna='300209' AND horas_teoricas > 0 [1][0] OK
C:[04/08/2014 13:42:57.84][190.206.76.125][1138] SELECT pre_cod_asig1,pre_cod_asig2,pre_cod_asig3,pre_cod_asig4,pre_cod_asig5,pre_cod_asig6,pre_cod_asig7 FROM tblaca009 WHERE pensum='5' AND c_uni_ca='6' AND c_asigna='344715' [1][0] OK
C:[04/08/2014 13:42:57.84][190.206.76.125][1151] SELECT c_asigna FROM dace004 WHERE exp_e='04-18886325' AND c_asigna='344688' AND status IN ('0','3','B','C') [1][0] OK
C:[04/08/2014 13:42:57.84][190.206.76.125][1151] SELECT c_asigna FROM dace004 WHERE exp_e='04-18886325' AND c_asigna='344613' AND status IN ('0','3','B','C') [1][0] OK
C:[04/08/2014 13:42:58.47][190.206.76.125][1182] SELECT par_cod_asig1,par_cod_asig2,par_cod_asig3 FROM tblaca009 WHERE pensum='5' AND c_uni_ca='6' AND c_asigna='344715' [1][0] OK
C:[04/08/2014 13:42:58.61][190.206.76.125][1312] SELECT horas_lab FROM tblaca008 WHERE c_asigna='344715' AND horas_teoricas > 0 [1][0] OK
C:[04/08/2014 13:43:45.96][190.73.145.149][1138] SELECT pre_cod_asig1,pre_cod_asig2,pre_cod_asig3,pre_cod_asig4,pre_cod_asig5,pre_cod_asig6,pre_cod_asig7 FROM tblaca009 WHERE pensum='5' AND c_uni_ca='4' AND c_asigna='333606' [1][0] OK
C:[04/08/2014 13:43:45.96][190.73.145.149][1151] SELECT c_asigna FROM dace004 WHERE exp_e='09-20886941' AND c_asigna='333584' AND status IN ('0','3','B','C') [1][0] OK
C:[04/08/2014 13:43:45.96][190.73.145.149][1138] SELECT pre_cod_asig1,pre_cod_asig2,pre_cod_asig3,pre_cod_asig4,pre_cod_asig5,pre_cod_asig6,pre_cod_asig7 FROM tblaca009 WHERE pensum='5' AND c_uni_ca='4' AND c_asigna='333611' [1][0] OK
C:[04/08/2014 13:43:45.96][190.73.145.149][1151] SELECT c_asigna FROM dace004 WHERE exp_e='09-20886941' AND c_asigna='333584' AND status IN ('0','3','B','C') [1][0] OK
C:[04/08/2014 13:43:45.96][190.73.145.149][1138] SELECT pre_cod_asig1,pre_cod_asig2,pre_cod_asig3,pre_cod_asig4,pre_cod_asig5,pre_cod_asig6,pre_cod_asig7 FROM tblaca009 WHERE pensum='5' AND c_uni_ca='4' AND c_asigna='333639' [1][0] OK
C:[04/08/2014 13:43:45.96][190.73.145.149][1151] SELECT c_asigna FROM dace004 WHERE exp_e='09-20886941' AND c_asigna='333585' AND status IN ('0','3','B','C') [1][0] OK
C:[04/08/2014 13:43:45.96][190.73.145.149][1182] SELECT par_cod_asig1,par_cod_asig2,par_cod_asig3 FROM tblaca009 WHERE pensum='5' AND c_uni_ca='4' AND c_asigna='333606' [1][0] OK
C:[04/08/2014 13:43:45.96][190.73.145.149][1182] SELECT par_cod_asig1,par_cod_asig2,par_cod_asig3 FROM tblaca009 WHERE pensum='5' AND c_uni_ca='4' AND c_asigna='333611' [1][0] OK
C:[04/08/2014 13:43:45.96][190.73.145.149][1182] SELECT par_cod_asig1,par_cod_asig2,par_cod_asig3 FROM tblaca009 WHERE pensum='5' AND c_uni_ca='4' AND c_asigna='333639' [1][0] OK
C:[04/08/2014 13:43:45.34][190.73.145.149][1312] SELECT horas_lab FROM tblaca008 WHERE c_asigna='333606' AND horas_teoricas > 0 [1][0] OK
C:[04/08/2014 13:43:45.34][190.73.145.149][1312] SELECT horas_lab FROM tblaca008 WHERE c_asigna='333611' AND horas_teoricas > 0 [1][0] OK
C:[04/08/2014 13:43:45.34][190.73.145.149][1312] SELECT horas_lab FROM tblaca008 WHERE c_asigna='333639' AND horas_teoricas > 0 [1][0] OK
C:[04/08/2014 13:43:58.29][186.88.165.254][1138] SELECT pre_cod_asig1,pre_cod_asig2,pre_cod_asig3,pre_cod_asig4,pre_cod_asig5,pre_cod_asig6,pre_cod_asig7 FROM tblaca009 WHERE pensum='5' AND c_uni_ca='5' AND c_asigna='300101' [1][0] OK
C:[04/08/2014 13:43:58.10][186.88.165.254][1182] SELECT par_cod_asig1,par_cod_asig2,par_cod_asig3 FROM tblaca009 WHERE pensum='5' AND c_uni_ca='5' AND c_asigna='300101' [1][0] OK
C:[04/08/2014 13:43:58.23][186.88.165.254][1312] SELECT horas_lab FROM tblaca008 WHERE c_asigna='300101' AND horas_teoricas > 0 [1][0] OK
C:[04/08/2014 13:44:13.94][190.204.206.239][1138] SELECT pre_cod_asig1,pre_cod_asig2,pre_cod_asig3,pre_cod_asig4,pre_cod_asig5,pre_cod_asig6,pre_cod_asig7 FROM tblaca009 WHERE pensum='5' AND c_uni_ca='2' AND c_asigna='300101' [1][0] OK
C:[04/08/2014 13:44:13.07][190.204.206.239][1182] SELECT par_cod_asig1,par_cod_asig2,par_cod_asig3 FROM tblaca009 WHERE pensum='5' AND c_uni_ca='2' AND c_asigna='300101' [1][0] OK
C:[04/08/2014 13:44:13.20][190.204.206.239][1312] SELECT horas_lab FROM tblaca008 WHERE c_asigna='300101' AND horas_teoricas > 0 [1][0] OK
C:[04/08/2014 13:44:43.63][186.90.58.224][1138] SELECT pre_cod_asig1,pre_cod_asig2,pre_cod_asig3,pre_cod_asig4,pre_cod_asig5,pre_cod_asig6,pre_cod_asig7 FROM tblaca009 WHERE pensum='5' AND c_uni_ca='5' AND c_asigna='355447' [1][0] OK
C:[04/08/2014 13:44:43.63][186.90.58.224][1151] SELECT c_asigna FROM dace004 WHERE exp_e='07-19804812' AND c_asigna='351330' AND status IN ('0','3','B','C') [1][0] OK
C:[04/08/2014 13:44:43.63][186.90.58.224][1138] SELECT pre_cod_asig1,pre_cod_asig2,pre_cod_asig3,pre_cod_asig4,pre_cod_asig5,pre_cod_asig6,pre_cod_asig7 FROM tblaca009 WHERE pensum='5' AND c_uni_ca='5' AND c_asigna='351451' [1][0] OK
C:[04/08/2014 13:44:43.63][186.90.58.224][1151] SELECT c_asigna FROM dace004 WHERE exp_e='07-19804812' AND c_asigna='351330' AND status IN ('0','3','B','C') [1][0] OK
C:[04/08/2014 13:44:43.63][186.90.58.224][1151] SELECT c_asigna FROM dace004 WHERE exp_e='07-19804812' AND c_asigna='355350' AND status IN ('0','3','B','C') [1][0] OK
C:[04/08/2014 13:44:43.63][186.90.58.224][1151] SELECT c_asigna FROM dace004 WHERE exp_e='07-19804812' AND c_asigna='300318' AND status IN ('0','3','B','C') [1][0] OK
C:[04/08/2014 13:44:43.63][186.90.58.224][1151] SELECT c_asigna FROM dace004 WHERE exp_e='07-19804812' AND c_asigna='300209' AND status IN ('0','3','B','C') [1][0] OK
C:[04/08/2014 13:44:43.63][186.90.58.224][1151] SELECT c_asigna FROM dace004 WHERE exp_e='07-19804812' AND c_asigna='300222' AND status IN ('0','3','B','C') [1][0] OK
C:[04/08/2014 13:44:43.44][186.90.58.224][1182] SELECT par_cod_asig1,par_cod_asig2,par_cod_asig3 FROM tblaca009 WHERE pensum='5' AND c_uni_ca='5' AND c_asigna='355447' [1][0] OK
C:[04/08/2014 13:44:43.44][186.90.58.224][1182] SELECT par_cod_asig1,par_cod_asig2,par_cod_asig3 FROM tblaca009 WHERE pensum='5' AND c_uni_ca='5' AND c_asigna='351451' [1][0] OK
C:[04/08/2014 13:44:43.70][186.90.58.224][1312] SELECT horas_lab FROM tblaca008 WHERE c_asigna='355447' AND horas_teoricas > 0 [1][0] OK
C:[04/08/2014 13:44:43.70][186.90.58.224][1312] SELECT horas_lab FROM tblaca008 WHERE c_asigna='351451' AND horas_teoricas > 0 [1][0] OK
C:[04/08/2014 13:45:33.79][190.205.147.243][1138] SELECT pre_cod_asig1,pre_cod_asig2,pre_cod_asig3,pre_cod_asig4,pre_cod_asig5,pre_cod_asig6,pre_cod_asig7 FROM tblaca009 WHERE pensum='5' AND c_uni_ca='6' AND c_asigna='344843' [1][0] OK
C:[04/08/2014 13:45:33.79][190.205.147.243][1151] SELECT c_asigna FROM dace004 WHERE exp_e='10-24411398' AND c_asigna='344714' AND status IN ('0','3','B','C') [1][0] OK
C:[04/08/2014 13:45:33.79][190.205.147.243][1151] SELECT c_asigna FROM dace004 WHERE exp_e='10-24411398' AND c_asigna='344715' AND status IN ('0','3','B','C') [1][0] OK
C:[04/08/2014 13:45:33.79][190.205.147.243][1151] SELECT c_asigna FROM dace004 WHERE exp_e='10-24411398' AND c_asigna='300313' AND status IN ('0','3','B','C') [1][0] OK
C:[04/08/2014 13:45:33.11][190.205.147.243][1182] SELECT par_cod_asig1,par_cod_asig2,par_cod_asig3 FROM tblaca009 WHERE pensum='5' AND c_uni_ca='6' AND c_asigna='344843' [1][0] OK
C:[04/08/2014 13:45:33.25][190.205.147.243][1312] SELECT horas_lab FROM tblaca008 WHERE c_asigna='344843' AND horas_teoricas > 0 [1][0] OK
C:[04/08/2014 13:46:19.12][190.77.235.241][1138] SELECT pre_cod_asig1,pre_cod_asig2,pre_cod_asig3,pre_cod_asig4,pre_cod_asig5,pre_cod_asig6,pre_cod_asig7 FROM tblaca009 WHERE pensum='5' AND c_uni_ca='6' AND c_asigna='340327' [1][0] OK
C:[04/08/2014 13:46:19.12][190.77.235.241][1151] SELECT c_asigna FROM dace004 WHERE exp_e='07-19115890' AND c_asigna='300013' AND status IN ('0','3','B','C') [1][0] OK
C:[04/08/2014 13:46:19.12][190.77.235.241][1151] SELECT c_asigna FROM dace004 WHERE exp_e='07-19115890' AND c_asigna='300113' AND status IN ('0','3','B','C') [1][0] OK
C:[04/08/2014 13:46:19.75][190.77.235.241][1182] SELECT par_cod_asig1,par_cod_asig2,par_cod_asig3 FROM tblaca009 WHERE pensum='5' AND c_uni_ca='6' AND c_asigna='340327' [1][0] OK
C:[04/08/2014 13:46:19.89][190.77.235.241][1312] SELECT horas_lab FROM tblaca008 WHERE c_asigna='340327' AND horas_teoricas > 0 [1][0] OK
C:[04/08/2014 13:46:30.34][186.90.44.244][1138] SELECT pre_cod_asig1,pre_cod_asig2,pre_cod_asig3,pre_cod_asig4,pre_cod_asig5,pre_cod_asig6,pre_cod_asig7 FROM tblaca009 WHERE pensum='5' AND c_uni_ca='4' AND c_asigna='300213' [1][0] OK
C:[04/08/2014 13:46:30.34][186.90.44.244][1151] SELECT c_asigna FROM dace004 WHERE exp_e='10-18569066' AND c_asigna='300101' AND status IN ('0','3','B','C') [1][0] OK
C:[04/08/2014 13:46:30.28][186.90.44.244][1182] SELECT par_cod_asig1,par_cod_asig2,par_cod_asig3 FROM tblaca009 WHERE pensum='5' AND c_uni_ca='4' AND c_asigna='300213' [1][0] OK
C:[04/08/2014 13:46:30.28][186.90.44.244][1196] SELECT c_asigna FROM dace004 WHERE exp_e='10-18569066' AND c_asigna='300209' AND status IN ('0','3','B','C') [1][0] OK
C:[04/08/2014 13:46:30.54][186.90.44.244][1312] SELECT horas_lab FROM tblaca008 WHERE c_asigna='300213' AND horas_teoricas > 0 [1][0] OK
C:[04/08/2014 13:46:55.54][186.94.95.208][1138] SELECT pre_cod_asig1,pre_cod_asig2,pre_cod_asig3,pre_cod_asig4,pre_cod_asig5,pre_cod_asig6,pre_cod_asig7 FROM tblaca009 WHERE pensum='5' AND c_uni_ca='2' AND c_asigna='300207' [1][0] OK
C:[04/08/2014 13:46:55.54][186.94.95.208][1151] SELECT c_asigna FROM dace004 WHERE exp_e='12-26073541' AND c_asigna='300101' AND status IN ('0','3','B','C') [1][0] OK
C:[04/08/2014 13:46:55.54][186.94.95.208][1138] SELECT pre_cod_asig1,pre_cod_asig2,pre_cod_asig3,pre_cod_asig4,pre_cod_asig5,pre_cod_asig6,pre_cod_asig7 FROM tblaca009 WHERE pensum='5' AND c_uni_ca='2' AND c_asigna='300222' [1][0] OK
C:[04/08/2014 13:46:55.54][186.94.95.208][1151] SELECT c_asigna FROM dace004 WHERE exp_e='12-26073541' AND c_asigna='300112' AND status IN ('0','3','B','C') [1][0] OK
C:[04/08/2014 13:46:55.28][186.94.95.208][1182] SELECT par_cod_asig1,par_cod_asig2,par_cod_asig3 FROM tblaca009 WHERE pensum='5' AND c_uni_ca='2' AND c_asigna='300207' [1][0] OK
C:[04/08/2014 13:46:55.28][186.94.95.208][1182] SELECT par_cod_asig1,par_cod_asig2,par_cod_asig3 FROM tblaca009 WHERE pensum='5' AND c_uni_ca='2' AND c_asigna='300222' [1][0] OK
C:[04/08/2014 13:46:55.54][186.94.95.208][1312] SELECT horas_lab FROM tblaca008 WHERE c_asigna='300207' AND horas_teoricas > 0 [1][0] OK
C:[04/08/2014 13:46:55.54][186.94.95.208][1312] SELECT horas_lab FROM tblaca008 WHERE c_asigna='300222' AND horas_teoricas > 0 [1][0] OK
C:[04/08/2014 13:47:07.14][186.88.175.84][1138] SELECT pre_cod_asig1,pre_cod_asig2,pre_cod_asig3,pre_cod_asig4,pre_cod_asig5,pre_cod_asig6,pre_cod_asig7 FROM tblaca009 WHERE pensum='5' AND c_uni_ca='5' AND c_asigna='300313' [1][0] OK
C:[04/08/2014 13:47:07.14][186.88.175.84][1151] SELECT c_asigna FROM dace004 WHERE exp_e='12-23503748' AND c_asigna='300213' AND status IN ('0','3','B','C') [1][0] OK
C:[04/08/2014 13:47:07.14][186.88.175.84][1151] SELECT c_asigna FROM dace004 WHERE exp_e='12-23503748' AND c_asigna='300226' AND status IN ('0','3','B','C') [1][0] OK
C:[04/08/2014 13:47:07.14][186.88.175.84][1151] SELECT c_asigna FROM dace004 WHERE exp_e='12-23503748' AND c_asigna='300222' AND status IN ('0','3','B','C') [1][0] OK
C:[04/08/2014 13:47:07.14][186.88.175.84][1151] SELECT c_asigna FROM dace004 WHERE exp_e='12-23503748' AND c_asigna='300209' AND status IN ('0','3','B','C') [1][0] OK
C:[04/08/2014 13:47:07.14][186.88.175.84][1138] SELECT pre_cod_asig1,pre_cod_asig2,pre_cod_asig3,pre_cod_asig4,pre_cod_asig5,pre_cod_asig6,pre_cod_asig7 FROM tblaca009 WHERE pensum='5' AND c_uni_ca='5' AND c_asigna='300317' [1][0] OK
C:[04/08/2014 13:47:07.14][186.88.175.84][1151] SELECT c_asigna FROM dace004 WHERE exp_e='12-23503748' AND c_asigna='300207' AND status IN ('0','3','B','C') [1][0] OK
C:[04/08/2014 13:47:07.14][186.88.175.84][1151] SELECT c_asigna FROM dace004 WHERE exp_e='12-23503748' AND c_asigna='300209' AND status IN ('0','3','B','C') [1][0] OK
C:[04/08/2014 13:47:07.14][186.88.175.84][1182] SELECT par_cod_asig1,par_cod_asig2,par_cod_asig3 FROM tblaca009 WHERE pensum='5' AND c_uni_ca='5' AND c_asigna='300313' [1][0] OK
C:[04/08/2014 13:47:07.14][186.88.175.84][1182] SELECT par_cod_asig1,par_cod_asig2,par_cod_asig3 FROM tblaca009 WHERE pensum='5' AND c_uni_ca='5' AND c_asigna='300317' [1][0] OK
C:[04/08/2014 13:47:07.40][186.88.175.84][1312] SELECT horas_lab FROM tblaca008 WHERE c_asigna='300313' AND horas_teoricas > 0 [1][0] OK
C:[04/08/2014 13:47:07.40][186.88.175.84][1312] SELECT horas_lab FROM tblaca008 WHERE c_asigna='300317' AND horas_teoricas > 0 [1][0] OK
C:[04/08/2014 13:47:29.52][172.16.4.254][1138] SELECT pre_cod_asig1,pre_cod_asig2,pre_cod_asig3,pre_cod_asig4,pre_cod_asig5,pre_cod_asig6,pre_cod_asig7 FROM tblaca009 WHERE pensum='5' AND c_uni_ca='6' AND c_asigna='342567' [1][0] OK
C:[04/08/2014 13:47:29.52][172.16.4.254][1151] SELECT c_asigna FROM dace004 WHERE exp_e='07-18667804' AND c_asigna='342444' AND status IN ('0','3','B','C') [1][0] OK
C:[04/08/2014 13:47:29.46][172.16.4.254][1182] SELECT par_cod_asig1,par_cod_asig2,par_cod_asig3 FROM tblaca009 WHERE pensum='5' AND c_uni_ca='6' AND c_asigna='342567' [1][0] OK
C:[04/08/2014 13:47:29.59][172.16.4.254][1312] SELECT horas_lab FROM tblaca008 WHERE c_asigna='342567' AND horas_teoricas > 0 [1][0] OK
C:[04/08/2014 13:48:34.67][190.200.37.17][1138] SELECT pre_cod_asig1,pre_cod_asig2,pre_cod_asig3,pre_cod_asig4,pre_cod_asig5,pre_cod_asig6,pre_cod_asig7 FROM tblaca009 WHERE pensum='5' AND c_uni_ca='6' AND c_asigna='300013' [1][0] OK
C:[04/08/2014 13:48:34.67][190.200.37.17][1138] SELECT pre_cod_asig1,pre_cod_asig2,pre_cod_asig3,pre_cod_asig4,pre_cod_asig5,pre_cod_asig6,pre_cod_asig7 FROM tblaca009 WHERE pensum='5' AND c_uni_ca='6' AND c_asigna='300207' [1][0] OK
C:[04/08/2014 13:48:34.67][190.200.37.17][1151] SELECT c_asigna FROM dace004 WHERE exp_e='06-19419436' AND c_asigna='300101' AND status IN ('0','3','B','C') [1][0] OK
C:[04/08/2014 13:48:34.30][190.200.37.17][1182] SELECT par_cod_asig1,par_cod_asig2,par_cod_asig3 FROM tblaca009 WHERE pensum='5' AND c_uni_ca='6' AND c_asigna='300013' [1][0] OK
C:[04/08/2014 13:48:34.30][190.200.37.17][1182] SELECT par_cod_asig1,par_cod_asig2,par_cod_asig3 FROM tblaca009 WHERE pensum='5' AND c_uni_ca='6' AND c_asigna='300207' [1][0] OK
C:[04/08/2014 13:48:34.56][190.200.37.17][1312] SELECT horas_lab FROM tblaca008 WHERE c_asigna='300013' AND horas_teoricas > 0 [1][0] OK
C:[04/08/2014 13:48:34.56][190.200.37.17][1312] SELECT horas_lab FROM tblaca008 WHERE c_asigna='300207' AND horas_teoricas > 0 [1][0] OK
C:[04/08/2014 13:49:10.94][186.94.81.28][1138] SELECT pre_cod_asig1,pre_cod_asig2,pre_cod_asig3,pre_cod_asig4,pre_cod_asig5,pre_cod_asig6,pre_cod_asig7 FROM tblaca009 WHERE pensum='5' AND c_uni_ca='3' AND c_asigna='300101' [1][0] OK
C:[04/08/2014 13:49:10.94][186.94.81.28][1138] SELECT pre_cod_asig1,pre_cod_asig2,pre_cod_asig3,pre_cod_asig4,pre_cod_asig5,pre_cod_asig6,pre_cod_asig7 FROM tblaca009 WHERE pensum='5' AND c_uni_ca='3' AND c_asigna='300222' [1][0] OK
C:[04/08/2014 13:49:10.94][186.94.81.28][1151] SELECT c_asigna FROM dace004 WHERE exp_e='12-24963891' AND c_asigna='300112' AND status IN ('0','3','B','C') [1][0] OK
C:[04/08/2014 13:49:10.56][186.94.81.28][1182] SELECT par_cod_asig1,par_cod_asig2,par_cod_asig3 FROM tblaca009 WHERE pensum='5' AND c_uni_ca='3' AND c_asigna='300101' [1][0] OK
C:[04/08/2014 13:49:10.56][186.94.81.28][1182] SELECT par_cod_asig1,par_cod_asig2,par_cod_asig3 FROM tblaca009 WHERE pensum='5' AND c_uni_ca='3' AND c_asigna='300222' [1][0] OK
C:[04/08/2014 13:49:10.82][186.94.81.28][1312] SELECT horas_lab FROM tblaca008 WHERE c_asigna='300101' AND horas_teoricas > 0 [1][0] OK
C:[04/08/2014 13:49:10.82][186.94.81.28][1312] SELECT horas_lab FROM tblaca008 WHERE c_asigna='300222' AND horas_teoricas > 0 [1][0] OK
C:[04/08/2014 13:49:16.48][190.36.8.73][1138] SELECT pre_cod_asig1,pre_cod_asig2,pre_cod_asig3,pre_cod_asig4,pre_cod_asig5,pre_cod_asig6,pre_cod_asig7 FROM tblaca009 WHERE pensum='5' AND c_uni_ca='6' AND c_asigna='300101' [1][0] OK
C:[04/08/2014 13:49:16.48][190.36.8.73][1138] SELECT pre_cod_asig1,pre_cod_asig2,pre_cod_asig3,pre_cod_asig4,pre_cod_asig5,pre_cod_asig6,pre_cod_asig7 FROM tblaca009 WHERE pensum='5' AND c_uni_ca='6' AND c_asigna='300113' [1][0] OK
C:[04/08/2014 13:49:16.74][190.36.8.73][1182] SELECT par_cod_asig1,par_cod_asig2,par_cod_asig3 FROM tblaca009 WHERE pensum='5' AND c_uni_ca='6' AND c_asigna='300101' [1][0] OK
C:[04/08/2014 13:49:16.74][190.36.8.73][1182] SELECT par_cod_asig1,par_cod_asig2,par_cod_asig3 FROM tblaca009 WHERE pensum='5' AND c_uni_ca='6' AND c_asigna='300113' [1][0] OK
C:[04/08/2014 13:49:16.74][190.36.8.73][1196] SELECT c_asigna FROM dace004 WHERE exp_e='12-24855527' AND c_asigna='300013' AND status IN ('0','3','B','C') [1][0] OK
C:[04/08/2014 13:49:16.12][190.36.8.73][1312] SELECT horas_lab FROM tblaca008 WHERE c_asigna='300101' AND horas_teoricas > 0 [1][0] OK
C:[04/08/2014 13:49:16.12][190.36.8.73][1312] SELECT horas_lab FROM tblaca008 WHERE c_asigna='300113' AND horas_teoricas > 0 [0][0] OK
C:[04/08/2014 13:49:28.46][190.201.183.8][1138] SELECT pre_cod_asig1,pre_cod_asig2,pre_cod_asig3,pre_cod_asig4,pre_cod_asig5,pre_cod_asig6,pre_cod_asig7 FROM tblaca009 WHERE pensum='5' AND c_uni_ca='4' AND c_asigna='300101' [1][0] OK
C:[04/08/2014 13:49:28.85][190.201.183.8][1182] SELECT par_cod_asig1,par_cod_asig2,par_cod_asig3 FROM tblaca009 WHERE pensum='5' AND c_uni_ca='4' AND c_asigna='300101' [1][0] OK
C:[04/08/2014 13:49:28.98][190.201.183.8][1312] SELECT horas_lab FROM tblaca008 WHERE c_asigna='300101' AND horas_teoricas > 0 [1][0] OK
C:[04/08/2014 13:49:35.65][190.94.243.55][1138] SELECT pre_cod_asig1,pre_cod_asig2,pre_cod_asig3,pre_cod_asig4,pre_cod_asig5,pre_cod_asig6,pre_cod_asig7 FROM tblaca009 WHERE pensum='5' AND c_uni_ca='3' AND c_asigna='311704' [1][0] OK
C:[04/08/2014 13:49:35.65][190.94.243.55][1151] SELECT c_asigna FROM dace004 WHERE exp_e='09-20882627' AND c_asigna='315671' AND status IN ('0','3','B','C') [1][0] OK
C:[04/08/2014 13:49:35.65][190.94.243.55][1138] SELECT pre_cod_asig1,pre_cod_asig2,pre_cod_asig3,pre_cod_asig4,pre_cod_asig5,pre_cod_asig6,pre_cod_asig7 FROM tblaca009 WHERE pensum='5' AND c_uni_ca='3' AND c_asigna='311796' [1][0] OK
C:[04/08/2014 13:49:35.65][190.94.243.55][1151] SELECT c_asigna FROM dace004 WHERE exp_e='09-20882627' AND c_asigna='315671' AND status IN ('0','3','B','C') [1][0] OK
C:[04/08/2014 13:49:35.71][190.94.243.55][1182] SELECT par_cod_asig1,par_cod_asig2,par_cod_asig3 FROM tblaca009 WHERE pensum='5' AND c_uni_ca='3' AND c_asigna='311704' [1][0] OK
C:[04/08/2014 13:49:35.71][190.94.243.55][1182] SELECT par_cod_asig1,par_cod_asig2,par_cod_asig3 FROM tblaca009 WHERE pensum='5' AND c_uni_ca='3' AND c_asigna='311796' [1][0] OK
C:[04/08/2014 13:49:36.22][190.94.243.55][1312] SELECT horas_lab FROM tblaca008 WHERE c_asigna='311704' AND horas_teoricas > 0 [1][0] OK
C:[04/08/2014 13:49:36.22][190.94.243.55][1312] SELECT horas_lab FROM tblaca008 WHERE c_asigna='311796' AND horas_teoricas > 0 [1][0] OK
C:[04/08/2014 13:49:38.55][190.75.133.18][1138] SELECT pre_cod_asig1,pre_cod_asig2,pre_cod_asig3,pre_cod_asig4,pre_cod_asig5,pre_cod_asig6,pre_cod_asig7 FROM tblaca009 WHERE pensum='5' AND c_uni_ca='2' AND c_asigna='300213' [1][0] OK
C:[04/08/2014 13:49:38.55][190.75.133.18][1151] SELECT c_asigna FROM dace004 WHERE exp_e='11-23503057' AND c_asigna='300101' AND status IN ('0','3','B','C') [1][0] OK
C:[04/08/2014 13:49:38.55][190.75.133.18][1138] SELECT pre_cod_asig1,pre_cod_asig2,pre_cod_asig3,pre_cod_asig4,pre_cod_asig5,pre_cod_asig6,pre_cod_asig7 FROM tblaca009 WHERE pensum='5' AND c_uni_ca='2' AND c_asigna='300207' [1][0] OK
C:[04/08/2014 13:49:38.55][190.75.133.18][1151] SELECT c_asigna FROM dace004 WHERE exp_e='11-23503057' AND c_asigna='300101' AND status IN ('0','3','B','C') [1][0] OK
C:[04/08/2014 13:49:38.55][190.75.133.18][1138] SELECT pre_cod_asig1,pre_cod_asig2,pre_cod_asig3,pre_cod_asig4,pre_cod_asig5,pre_cod_asig6,pre_cod_asig7 FROM tblaca009 WHERE pensum='5' AND c_uni_ca='2' AND c_asigna='300209' [1][0] OK
C:[04/08/2014 13:49:38.55][190.75.133.18][1151] SELECT c_asigna FROM dace004 WHERE exp_e='11-23503057' AND c_asigna='300101' AND status IN ('0','3','B','C') [1][0] OK
C:[04/08/2014 13:49:38.42][190.75.133.18][1182] SELECT par_cod_asig1,par_cod_asig2,par_cod_asig3 FROM tblaca009 WHERE pensum='5' AND c_uni_ca='2' AND c_asigna='300213' [1][0] OK
C:[04/08/2014 13:49:38.42][190.75.133.18][1196] SELECT c_asigna FROM dace004 WHERE exp_e='11-23503057' AND c_asigna='300209' AND status IN ('0','3','B','C') [0][0] OK
C:[04/08/2014 13:49:38.42][190.75.133.18][1182] SELECT par_cod_asig1,par_cod_asig2,par_cod_asig3 FROM tblaca009 WHERE pensum='5' AND c_uni_ca='2' AND c_asigna='300207' [1][0] OK
C:[04/08/2014 13:49:38.42][190.75.133.18][1182] SELECT par_cod_asig1,par_cod_asig2,par_cod_asig3 FROM tblaca009 WHERE pensum='5' AND c_uni_ca='2' AND c_asigna='300209' [1][0] OK
C:[04/08/2014 13:49:38.93][190.75.133.18][1312] SELECT horas_lab FROM tblaca008 WHERE c_asigna='300213' AND horas_teoricas > 0 [1][0] OK
C:[04/08/2014 13:49:38.93][190.75.133.18][1312] SELECT horas_lab FROM tblaca008 WHERE c_asigna='300207' AND horas_teoricas > 0 [1][0] OK
C:[04/08/2014 13:49:38.93][190.75.133.18][1312] SELECT horas_lab FROM tblaca008 WHERE c_asigna='300209' AND horas_teoricas > 0 [1][0] OK
C:[04/08/2014 13:50:00.20][186.88.178.158][1138] SELECT pre_cod_asig1,pre_cod_asig2,pre_cod_asig3,pre_cod_asig4,pre_cod_asig5,pre_cod_asig6,pre_cod_asig7 FROM tblaca009 WHERE pensum='5' AND c_uni_ca='6' AND c_asigna='340327' [1][0] OK
C:[04/08/2014 13:50:00.20][186.88.178.158][1151] SELECT c_asigna FROM dace004 WHERE exp_e='06-18886323' AND c_asigna='300013' AND status IN ('0','3','B','C') [1][0] OK
C:[04/08/2014 13:50:00.20][186.88.178.158][1151] SELECT c_asigna FROM dace004 WHERE exp_e='06-18886323' AND c_asigna='300113' AND status IN ('0','3','B','C') [1][0] OK
C:[04/08/2014 13:50:00.20][186.88.178.158][1138] SELECT pre_cod_asig1,pre_cod_asig2,pre_cod_asig3,pre_cod_asig4,pre_cod_asig5,pre_cod_asig6,pre_cod_asig7 FROM tblaca009 WHERE pensum='5' AND c_uni_ca='6' AND c_asigna='344688' [1][0] OK
C:[04/08/2014 13:50:00.20][186.88.178.158][1151] SELECT c_asigna FROM dace004 WHERE exp_e='06-18886323' AND c_asigna='342567' AND status IN ('0','3','B','C') [1][0] OK
C:[04/08/2014 13:50:00.20][186.88.178.158][1151] SELECT c_asigna FROM dace004 WHERE exp_e='06-18886323' AND c_asigna='344565' AND status IN ('0','3','B','C') [1][0] OK
C:[04/08/2014 13:50:00.21][186.88.178.158][1182] SELECT par_cod_asig1,par_cod_asig2,par_cod_asig3 FROM tblaca009 WHERE pensum='5' AND c_uni_ca='6' AND c_asigna='340327' [1][0] OK
C:[04/08/2014 13:50:00.21][186.88.178.158][1182] SELECT par_cod_asig1,par_cod_asig2,par_cod_asig3 FROM tblaca009 WHERE pensum='5' AND c_uni_ca='6' AND c_asigna='344688' [1][0] OK
C:[04/08/2014 13:50:00.46][186.88.178.158][1312] SELECT horas_lab FROM tblaca008 WHERE c_asigna='340327' AND horas_teoricas > 0 [1][0] OK
C:[04/08/2014 13:50:00.46][186.88.178.158][1312] SELECT horas_lab FROM tblaca008 WHERE c_asigna='344688' AND horas_teoricas > 0 [1][0] OK
C:[04/08/2014 13:50:16.13][181.19.108.253][1138] SELECT pre_cod_asig1,pre_cod_asig2,pre_cod_asig3,pre_cod_asig4,pre_cod_asig5,pre_cod_asig6,pre_cod_asig7 FROM tblaca009 WHERE pensum='5' AND c_uni_ca='5' AND c_asigna='351451' [1][0] OK
C:[04/08/2014 13:50:16.13][181.19.108.253][1151] SELECT c_asigna FROM dace004 WHERE exp_e='11-19718005' AND c_asigna='351330' AND status IN ('0','3','B','C') [1][0] OK
C:[04/08/2014 13:50:16.13][181.19.108.253][1151] SELECT c_asigna FROM dace004 WHERE exp_e='11-19718005' AND c_asigna='355350' AND status IN ('0','3','B','C') [1][0] OK
C:[04/08/2014 13:50:16.13][181.19.108.253][1151] SELECT c_asigna FROM dace004 WHERE exp_e='11-19718005' AND c_asigna='300318' AND status IN ('0','3','B','C') [1][0] OK
C:[04/08/2014 13:50:16.13][181.19.108.253][1151] SELECT c_asigna FROM dace004 WHERE exp_e='11-19718005' AND c_asigna='300209' AND status IN ('0','3','B','C') [1][0] OK
C:[04/08/2014 13:50:16.13][181.19.108.253][1151] SELECT c_asigna FROM dace004 WHERE exp_e='11-19718005' AND c_asigna='300222' AND status IN ('0','3','B','C') [1][0] OK
C:[04/08/2014 13:50:16.13][181.19.108.253][1138] SELECT pre_cod_asig1,pre_cod_asig2,pre_cod_asig3,pre_cod_asig4,pre_cod_asig5,pre_cod_asig6,pre_cod_asig7 FROM tblaca009 WHERE pensum='5' AND c_uni_ca='5' AND c_asigna='352440' [1][0] OK
C:[04/08/2014 13:50:16.13][181.19.108.253][1151] SELECT c_asigna FROM dace004 WHERE exp_e='11-19718005' AND c_asigna='300317' AND status IN ('0','3','B','C') [1][0] OK
C:[04/08/2014 13:50:16.13][181.19.108.253][1151] SELECT c_asigna FROM dace004 WHERE exp_e='11-19718005' AND c_asigna='300013' AND status IN ('0','3','B','C') [1][0] OK
C:[04/08/2014 13:50:16.13][181.19.108.253][1151] SELECT c_asigna FROM dace004 WHERE exp_e='11-19718005' AND c_asigna='300113' AND status IN ('0','3','B','C') [1][0] OK
C:[04/08/2014 13:50:16.13][181.19.108.253][1138] SELECT pre_cod_asig1,pre_cod_asig2,pre_cod_asig3,pre_cod_asig4,pre_cod_asig5,pre_cod_asig6,pre_cod_asig7 FROM tblaca009 WHERE pensum='5' AND c_uni_ca='5' AND c_asigna='355448' [1][0] OK
C:[04/08/2014 13:50:16.13][181.19.108.253][1151] SELECT c_asigna FROM dace004 WHERE exp_e='11-19718005' AND c_asigna='300313' AND status IN ('0','3','B','C') [1][0] OK
C:[04/08/2014 13:50:16.13][181.19.108.253][1151] SELECT c_asigna FROM dace004 WHERE exp_e='11-19718005' AND c_asigna='300209' AND status IN ('0','3','B','C') [1][0] OK
C:[04/08/2014 13:50:16.13][181.19.108.253][1151] SELECT c_asigna FROM dace004 WHERE exp_e='11-19718005' AND c_asigna='300226' AND status IN ('0','3','B','C') [1][0] OK
C:[04/08/2014 13:50:16.13][181.19.108.253][1151] SELECT c_asigna FROM dace004 WHERE exp_e='11-19718005' AND c_asigna='300222' AND status IN ('0','3','B','C') [1][0] OK
C:[04/08/2014 13:50:16.69][181.19.108.253][1182] SELECT par_cod_asig1,par_cod_asig2,par_cod_asig3 FROM tblaca009 WHERE pensum='5' AND c_uni_ca='5' AND c_asigna='351451' [1][0] OK
C:[04/08/2014 13:50:16.69][181.19.108.253][1182] SELECT par_cod_asig1,par_cod_asig2,par_cod_asig3 FROM tblaca009 WHERE pensum='5' AND c_uni_ca='5' AND c_asigna='352440' [1][0] OK
C:[04/08/2014 13:50:16.69][181.19.108.253][1182] SELECT par_cod_asig1,par_cod_asig2,par_cod_asig3 FROM tblaca009 WHERE pensum='5' AND c_uni_ca='5' AND c_asigna='355448' [1][0] OK
C:[04/08/2014 13:50:16.08][181.19.108.253][1312] SELECT horas_lab FROM tblaca008 WHERE c_asigna='351451' AND horas_teoricas > 0 [1][0] OK
C:[04/08/2014 13:50:16.08][181.19.108.253][1312] SELECT horas_lab FROM tblaca008 WHERE c_asigna='352440' AND horas_teoricas > 0 [1][0] OK
C:[04/08/2014 13:50:16.08][181.19.108.253][1312] SELECT horas_lab FROM tblaca008 WHERE c_asigna='355448' AND horas_teoricas > 0 [1][0] OK
C:[04/08/2014 13:50:28.23][186.88.173.41][1138] SELECT pre_cod_asig1,pre_cod_asig2,pre_cod_asig3,pre_cod_asig4,pre_cod_asig5,pre_cod_asig6,pre_cod_asig7 FROM tblaca009 WHERE pensum='5' AND c_uni_ca='4' AND c_asigna='333809' [1][0] OK
C:[04/08/2014 13:50:28.23][186.88.173.41][1151] SELECT c_asigna FROM dace004 WHERE exp_e='10-21109624' AND c_asigna='333683' AND status IN ('0','3','B','C') [1][0] OK
C:[04/08/2014 13:50:28.23][186.88.173.41][1151] SELECT c_asigna FROM dace004 WHERE exp_e='10-21109624' AND c_asigna='333710' AND status IN ('0','3','B','C') [1][0] OK
C:[04/08/2014 13:50:28.23][186.88.173.41][1138] SELECT pre_cod_asig1,pre_cod_asig2,pre_cod_asig3,pre_cod_asig4,pre_cod_asig5,pre_cod_asig6,pre_cod_asig7 FROM tblaca009 WHERE pensum='5' AND c_uni_ca='4' AND c_asigna='333830' [1][0] OK
C:[04/08/2014 13:50:28.23][186.88.173.41][1151] SELECT c_asigna FROM dace004 WHERE exp_e='10-21109624' AND c_asigna='333710' AND status IN ('0','3','B','C') [1][0] OK
C:[04/08/2014 13:50:28.23][186.88.173.41][1151] SELECT c_asigna FROM dace004 WHERE exp_e='10-21109624' AND c_asigna='333782' AND status IN ('0','3','B','C') [1][0] OK
C:[04/08/2014 13:50:28.23][186.88.173.41][1138] SELECT pre_cod_asig1,pre_cod_asig2,pre_cod_asig3,pre_cod_asig4,pre_cod_asig5,pre_cod_asig6,pre_cod_asig7 FROM tblaca009 WHERE pensum='5' AND c_uni_ca='4' AND c_asigna='300870' [1][0] OK
C:[04/08/2014 13:50:28.23][186.88.173.41][1182] SELECT par_cod_asig1,par_cod_asig2,par_cod_asig3 FROM tblaca009 WHERE pensum='5' AND c_uni_ca='4' AND c_asigna='333809' [1][0] OK
C:[04/08/2014 13:50:28.23][186.88.173.41][1182] SELECT par_cod_asig1,par_cod_asig2,par_cod_asig3 FROM tblaca009 WHERE pensum='5' AND c_uni_ca='4' AND c_asigna='333830' [1][0] OK
C:[04/08/2014 13:50:28.23][186.88.173.41][1182] SELECT par_cod_asig1,par_cod_asig2,par_cod_asig3 FROM tblaca009 WHERE pensum='5' AND c_uni_ca='4' AND c_asigna='300870' [1][0] OK
C:[04/08/2014 13:50:28.62][186.88.173.41][1312] SELECT horas_lab FROM tblaca008 WHERE c_asigna='333809' AND horas_teoricas > 0 [1][0] OK
C:[04/08/2014 13:50:28.62][186.88.173.41][1312] SELECT horas_lab FROM tblaca008 WHERE c_asigna='333830' AND horas_teoricas > 0 [1][0] OK
C:[04/08/2014 13:50:28.62][186.88.173.41][1312] SELECT horas_lab FROM tblaca008 WHERE c_asigna='300870' AND horas_teoricas > 0 [1][0] OK
C:[04/08/2014 13:50:35.63][186.94.81.28][1138] SELECT pre_cod_asig1,pre_cod_asig2,pre_cod_asig3,pre_cod_asig4,pre_cod_asig5,pre_cod_asig6,pre_cod_asig7 FROM tblaca009 WHERE pensum='5' AND c_uni_ca='3' AND c_asigna='300213' [1][0] OK
C:[04/08/2014 13:50:35.63][186.94.81.28][1151] SELECT c_asigna FROM dace004 WHERE exp_e='12-25266573' AND c_asigna='300101' AND status IN ('0','3','B','C') [1][0] OK
C:[04/08/2014 13:50:35.13][186.94.81.28][1182] SELECT par_cod_asig1,par_cod_asig2,par_cod_asig3 FROM tblaca009 WHERE pensum='5' AND c_uni_ca='3' AND c_asigna='300213' [1][0] OK
C:[04/08/2014 13:50:35.13][186.94.81.28][1196] SELECT c_asigna FROM dace004 WHERE exp_e='12-25266573' AND c_asigna='300209' AND status IN ('0','3','B','C') [1][0] OK
C:[04/08/2014 13:50:35.39][186.94.81.28][1312] SELECT horas_lab FROM tblaca008 WHERE c_asigna='300213' AND horas_teoricas > 0 [1][0] OK
C:[04/08/2014 13:50:42.11][190.37.46.116][1138] SELECT pre_cod_asig1,pre_cod_asig2,pre_cod_asig3,pre_cod_asig4,pre_cod_asig5,pre_cod_asig6,pre_cod_asig7 FROM tblaca009 WHERE pensum='5' AND c_uni_ca='5' AND c_asigna='300317' [1][0] OK
C:[04/08/2014 13:50:42.11][190.37.46.116][1151] SELECT c_asigna FROM dace004 WHERE exp_e='11-25901007' AND c_asigna='300207' AND status IN ('0','3','B','C') [1][0] OK
C:[04/08/2014 13:50:42.11][190.37.46.116][1151] SELECT c_asigna FROM dace004 WHERE exp_e='11-25901007' AND c_asigna='300209' AND status IN ('0','3','B','C') [1][0] OK
C:[04/08/2014 13:50:42.11][190.37.46.116][1138] SELECT pre_cod_asig1,pre_cod_asig2,pre_cod_asig3,pre_cod_asig4,pre_cod_asig5,pre_cod_asig6,pre_cod_asig7 FROM tblaca009 WHERE pensum='5' AND c_uni_ca='5' AND c_asigna='300318' [1][0] OK
C:[04/08/2014 13:50:42.11][190.37.46.116][1151] SELECT c_asigna FROM dace004 WHERE exp_e='11-25901007' AND c_asigna='300228' AND status IN ('0','3','B','C') [1][0] OK
C:[04/08/2014 13:50:42.11][190.37.46.116][1151] SELECT c_asigna FROM dace004 WHERE exp_e='11-25901007' AND c_asigna='300207' AND status IN ('0','3','B','C') [1][0] OK
C:[04/08/2014 13:50:42.11][190.37.46.116][1151] SELECT c_asigna FROM dace004 WHERE exp_e='11-25901007' AND c_asigna='300218' AND status IN ('0','3','B','C') [1][0] OK
C:[04/08/2014 13:50:42.11][190.37.46.116][1138] SELECT pre_cod_asig1,pre_cod_asig2,pre_cod_asig3,pre_cod_asig4,pre_cod_asig5,pre_cod_asig6,pre_cod_asig7 FROM tblaca009 WHERE pensum='5' AND c_uni_ca='5' AND c_asigna='351330' [1][0] OK
C:[04/08/2014 13:50:42.11][190.37.46.116][1151] SELECT c_asigna FROM dace004 WHERE exp_e='11-25901007' AND c_asigna='300218' AND status IN ('0','3','B','C') [1][0] OK
C:[04/08/2014 13:50:42.23][190.37.46.116][1182] SELECT par_cod_asig1,par_cod_asig2,par_cod_asig3 FROM tblaca009 WHERE pensum='5' AND c_uni_ca='5' AND c_asigna='300317' [1][0] OK
C:[04/08/2014 13:50:42.23][190.37.46.116][1182] SELECT par_cod_asig1,par_cod_asig2,par_cod_asig3 FROM tblaca009 WHERE pensum='5' AND c_uni_ca='5' AND c_asigna='300318' [1][0] OK
C:[04/08/2014 13:50:42.23][190.37.46.116][1182] SELECT par_cod_asig1,par_cod_asig2,par_cod_asig3 FROM tblaca009 WHERE pensum='5' AND c_uni_ca='5' AND c_asigna='351330' [1][0] OK
C:[04/08/2014 13:50:42.23][190.37.46.116][1196] SELECT c_asigna FROM dace004 WHERE exp_e='11-25901007' AND c_asigna='300318' AND status IN ('0','3','B','C') [0][0] OK
C:[04/08/2014 13:50:42.23][190.37.46.116][1196] SELECT c_asigna FROM dace004 WHERE exp_e='11-25901007' AND c_asigna='300317' AND status IN ('0','3','B','C') [0][0] OK
C:[04/08/2014 13:50:42.87][190.37.46.116][1312] SELECT horas_lab FROM tblaca008 WHERE c_asigna='300317' AND horas_teoricas > 0 [1][0] OK
C:[04/08/2014 13:50:42.87][190.37.46.116][1312] SELECT horas_lab FROM tblaca008 WHERE c_asigna='300318' AND horas_teoricas > 0 [1][0] OK
C:[04/08/2014 13:50:42.87][190.37.46.116][1312] SELECT horas_lab FROM tblaca008 WHERE c_asigna='351330' AND horas_teoricas > 0 [1][0] OK
C:[04/08/2014 13:51:08.89][190.77.235.241][1138] SELECT pre_cod_asig1,pre_cod_asig2,pre_cod_asig3,pre_cod_asig4,pre_cod_asig5,pre_cod_asig6,pre_cod_asig7 FROM tblaca009 WHERE pensum='5' AND c_uni_ca='6' AND c_asigna='340327' [1][0] OK
C:[04/08/2014 13:51:08.37][190.37.102.185][1138] SELECT pre_cod_asig1,pre_cod_asig2,pre_cod_asig3,pre_cod_asig4,pre_cod_asig5,pre_cod_asig6,pre_cod_asig7 FROM tblaca009 WHERE pensum='5' AND c_uni_ca='5' AND c_asigna='300013' [1][0] OK
C:[04/08/2014 13:51:08.37][190.37.102.185][1138] SELECT pre_cod_asig1,pre_cod_asig2,pre_cod_asig3,pre_cod_asig4,pre_cod_asig5,pre_cod_asig6,pre_cod_asig7 FROM tblaca009 WHERE pensum='5' AND c_uni_ca='5' AND c_asigna='300105' [1][0] OK
C:[04/08/2014 13:51:08.89][190.77.235.241][1151] SELECT c_asigna FROM dace004 WHERE exp_e='06-19804128' AND c_asigna='300013' AND status IN ('0','3','B','C') [1][0] OK
C:[04/08/2014 13:51:08.37][190.37.102.185][1138] SELECT pre_cod_asig1,pre_cod_asig2,pre_cod_asig3,pre_cod_asig4,pre_cod_asig5,pre_cod_asig6,pre_cod_asig7 FROM tblaca009 WHERE pensum='5' AND c_uni_ca='5' AND c_asigna='300112' [1][0] OK
C:[04/08/2014 13:51:08.89][190.77.235.241][1151] SELECT c_asigna FROM dace004 WHERE exp_e='06-19804128' AND c_asigna='300113' AND status IN ('0','3','B','C') [1][0] OK
C:[04/08/2014 13:51:08.43][190.37.102.185][1182] SELECT par_cod_asig1,par_cod_asig2,par_cod_asig3 FROM tblaca009 WHERE pensum='5' AND c_uni_ca='5' AND c_asigna='300013' [1][0] OK
C:[04/08/2014 13:51:08.89][190.77.235.241][1138] SELECT pre_cod_asig1,pre_cod_asig2,pre_cod_asig3,pre_cod_asig4,pre_cod_asig5,pre_cod_asig6,pre_cod_asig7 FROM tblaca009 WHERE pensum='5' AND c_uni_ca='6' AND c_asigna='340323' [1][0] OK
C:[04/08/2014 13:51:08.43][190.37.102.185][1182] SELECT par_cod_asig1,par_cod_asig2,par_cod_asig3 FROM tblaca009 WHERE pensum='5' AND c_uni_ca='5' AND c_asigna='300105' [1][0] OK
C:[04/08/2014 13:51:08.89][190.77.235.241][1151] SELECT c_asigna FROM dace004 WHERE exp_e='06-19804128' AND c_asigna='300228' AND status IN ('0','3','B','C') [1][0] OK
C:[04/08/2014 13:51:08.43][190.37.102.185][1182] SELECT par_cod_asig1,par_cod_asig2,par_cod_asig3 FROM tblaca009 WHERE pensum='5' AND c_uni_ca='5' AND c_asigna='300112' [1][0] OK
C:[04/08/2014 13:51:08.89][190.77.235.241][1151] SELECT c_asigna FROM dace004 WHERE exp_e='06-19804128' AND c_asigna='300207' AND status IN ('0','3','B','C') [1][0] OK
C:[04/08/2014 13:51:08.82][190.37.102.185][1312] SELECT horas_lab FROM tblaca008 WHERE c_asigna='300013' AND horas_teoricas > 0 [1][0] OK
C:[04/08/2014 13:51:08.89][190.77.235.241][1182] SELECT par_cod_asig1,par_cod_asig2,par_cod_asig3 FROM tblaca009 WHERE pensum='5' AND c_uni_ca='6' AND c_asigna='340327' [1][0] OK
C:[04/08/2014 13:51:08.82][190.37.102.185][1312] SELECT horas_lab FROM tblaca008 WHERE c_asigna='300105' AND horas_teoricas > 0 [1][0] OK
C:[04/08/2014 13:51:08.89][190.77.235.241][1182] SELECT par_cod_asig1,par_cod_asig2,par_cod_asig3 FROM tblaca009 WHERE pensum='5' AND c_uni_ca='6' AND c_asigna='340323' [1][0] OK
C:[04/08/2014 13:51:08.82][190.37.102.185][1312] SELECT horas_lab FROM tblaca008 WHERE c_asigna='300112' AND horas_teoricas > 0 [1][0] OK
C:[04/08/2014 13:51:08.16][190.77.235.241][1312] SELECT horas_lab FROM tblaca008 WHERE c_asigna='340327' AND horas_teoricas > 0 [1][0] OK
C:[04/08/2014 13:51:08.16][190.77.235.241][1312] SELECT horas_lab FROM tblaca008 WHERE c_asigna='340323' AND horas_teoricas > 0 [1][0] OK
C:[04/08/2014 13:51:22.57][190.79.24.213][1138] SELECT pre_cod_asig1,pre_cod_asig2,pre_cod_asig3,pre_cod_asig4,pre_cod_asig5,pre_cod_asig6,pre_cod_asig7 FROM tblaca009 WHERE pensum='5' AND c_uni_ca='3' AND c_asigna='311986' [1][0] OK
C:[04/08/2014 13:51:22.57][190.79.24.213][1151] SELECT c_asigna FROM dace004 WHERE exp_e='09-20689523' AND c_asigna='311825' AND status IN ('0','3','B','C') [1][0] OK
C:[04/08/2014 13:51:22.06][190.79.24.213][1182] SELECT par_cod_asig1,par_cod_asig2,par_cod_asig3 FROM tblaca009 WHERE pensum='5' AND c_uni_ca='3' AND c_asigna='311986' [1][0] OK
C:[04/08/2014 13:51:22.20][190.79.24.213][1312] SELECT horas_lab FROM tblaca008 WHERE c_asigna='311986' AND horas_teoricas > 0 [1][0] OK
C:[04/08/2014 13:51:55.37][201.243.100.150][1138] SELECT pre_cod_asig1,pre_cod_asig2,pre_cod_asig3,pre_cod_asig4,pre_cod_asig5,pre_cod_asig6,pre_cod_asig7 FROM tblaca009 WHERE pensum='5' AND c_uni_ca='3' AND c_asigna='311822' [1][0] OK
C:[04/08/2014 13:51:55.37][201.243.100.150][1151] SELECT c_asigna FROM dace004 WHERE exp_e='05-16944356' AND c_asigna='311795' AND status IN ('0','3','B','C') [1][0] OK
C:[04/08/2014 13:51:55.86][201.243.100.150][1182] SELECT par_cod_asig1,par_cod_asig2,par_cod_asig3 FROM tblaca009 WHERE pensum='5' AND c_uni_ca='3' AND c_asigna='311822' [1][0] OK
C:[04/08/2014 13:51:55.00][201.243.100.150][1312] SELECT horas_lab FROM tblaca008 WHERE c_asigna='311822' AND horas_teoricas > 0 [1][0] OK
C:[04/08/2014 13:52:44.92][186.94.81.28][1138] SELECT pre_cod_asig1,pre_cod_asig2,pre_cod_asig3,pre_cod_asig4,pre_cod_asig5,pre_cod_asig6,pre_cod_asig7 FROM tblaca009 WHERE pensum='5' AND c_uni_ca='4' AND c_asigna='300209' [1][0] OK
C:[04/08/2014 13:52:44.92][186.94.81.28][1151] SELECT c_asigna FROM dace004 WHERE exp_e='12-25446617' AND c_asigna='300101' AND status IN ('0','3','B','C') [1][0] OK
C:[04/08/2014 13:52:44.92][186.94.81.28][1138] SELECT pre_cod_asig1,pre_cod_asig2,pre_cod_asig3,pre_cod_asig4,pre_cod_asig5,pre_cod_asig6,pre_cod_asig7 FROM tblaca009 WHERE pensum='5' AND c_uni_ca='4' AND c_asigna='300207' [1][0] OK
C:[04/08/2014 13:52:44.92][186.94.81.28][1151] SELECT c_asigna FROM dace004 WHERE exp_e='12-25446617' AND c_asigna='300101' AND status IN ('0','3','B','C') [1][0] OK
C:[04/08/2014 13:52:44.67][186.94.81.28][1182] SELECT par_cod_asig1,par_cod_asig2,par_cod_asig3 FROM tblaca009 WHERE pensum='5' AND c_uni_ca='4' AND c_asigna='300209' [1][0] OK
C:[04/08/2014 13:52:44.67][186.94.81.28][1182] SELECT par_cod_asig1,par_cod_asig2,par_cod_asig3 FROM tblaca009 WHERE pensum='5' AND c_uni_ca='4' AND c_asigna='300207' [1][0] OK
C:[04/08/2014 13:52:44.93][186.94.81.28][1312] SELECT horas_lab FROM tblaca008 WHERE c_asigna='300209' AND horas_teoricas > 0 [1][0] OK
C:[04/08/2014 13:52:44.93][186.94.81.28][1312] SELECT horas_lab FROM tblaca008 WHERE c_asigna='300207' AND horas_teoricas > 0 [1][0] OK
C:[04/08/2014 13:53:11.37][190.77.235.241][1138] SELECT pre_cod_asig1,pre_cod_asig2,pre_cod_asig3,pre_cod_asig4,pre_cod_asig5,pre_cod_asig6,pre_cod_asig7 FROM tblaca009 WHERE pensum='5' AND c_uni_ca='6' AND c_asigna='340327' [1][0] OK
C:[04/08/2014 13:53:11.37][190.77.235.241][1151] SELECT c_asigna FROM dace004 WHERE exp_e='06-19804128' AND c_asigna='300013' AND status IN ('0','3','B','C') [1][0] OK
C:[04/08/2014 13:53:11.37][190.77.235.241][1151] SELECT c_asigna FROM dace004 WHERE exp_e='06-19804128' AND c_asigna='300113' AND status IN ('0','3','B','C') [1][0] OK
C:[04/08/2014 13:53:11.37][190.77.235.241][1138] SELECT pre_cod_asig1,pre_cod_asig2,pre_cod_asig3,pre_cod_asig4,pre_cod_asig5,pre_cod_asig6,pre_cod_asig7 FROM tblaca009 WHERE pensum='5' AND c_uni_ca='6' AND c_asigna='340323' [1][0] OK
C:[04/08/2014 13:53:11.37][190.77.235.241][1151] SELECT c_asigna FROM dace004 WHERE exp_e='06-19804128' AND c_asigna='300228' AND status IN ('0','3','B','C') [1][0] OK
C:[04/08/2014 13:53:11.37][190.77.235.241][1151] SELECT c_asigna FROM dace004 WHERE exp_e='06-19804128' AND c_asigna='300207' AND status IN ('0','3','B','C') [1][0] OK
C:[04/08/2014 13:53:11.38][190.77.235.241][1182] SELECT par_cod_asig1,par_cod_asig2,par_cod_asig3 FROM tblaca009 WHERE pensum='5' AND c_uni_ca='6' AND c_asigna='340327' [1][0] OK
C:[04/08/2014 13:53:11.38][190.77.235.241][1182] SELECT par_cod_asig1,par_cod_asig2,par_cod_asig3 FROM tblaca009 WHERE pensum='5' AND c_uni_ca='6' AND c_asigna='340323' [1][0] OK
C:[04/08/2014 13:53:11.64][190.77.235.241][1312] SELECT horas_lab FROM tblaca008 WHERE c_asigna='340327' AND horas_teoricas > 0 [1][0] OK
C:[04/08/2014 13:53:11.64][190.77.235.241][1312] SELECT horas_lab FROM tblaca008 WHERE c_asigna='340323' AND horas_teoricas > 0 [1][0] OK
C:[04/08/2014 13:53:14.70][190.75.167.81][1138] SELECT pre_cod_asig1,pre_cod_asig2,pre_cod_asig3,pre_cod_asig4,pre_cod_asig5,pre_cod_asig6,pre_cod_asig7 FROM tblaca009 WHERE pensum='5' AND c_uni_ca='6' AND c_asigna='344715' [1][0] OK
C:[04/08/2014 13:53:14.70][190.75.167.81][1151] SELECT c_asigna FROM dace004 WHERE exp_e='11-24448677' AND c_asigna='344688' AND status IN ('0','3','B','C') [1][0] OK
C:[04/08/2014 13:53:14.70][190.75.167.81][1151] SELECT c_asigna FROM dace004 WHERE exp_e='11-24448677' AND c_asigna='344613' AND status IN ('0','3','B','C') [1][0] OK
C:[04/08/2014 13:53:14.70][190.75.167.81][1138] SELECT pre_cod_asig1,pre_cod_asig2,pre_cod_asig3,pre_cod_asig4,pre_cod_asig5,pre_cod_asig6,pre_cod_asig7 FROM tblaca009 WHERE pensum='5' AND c_uni_ca='6' AND c_asigna='344742' [1][0] OK
C:[04/08/2014 13:53:14.70][190.75.167.81][1151] SELECT c_asigna FROM dace004 WHERE exp_e='11-24448677' AND c_asigna='344688' AND status IN ('0','3','B','C') [1][0] OK
C:[04/08/2014 13:53:14.70][190.75.167.81][1151] SELECT c_asigna FROM dace004 WHERE exp_e='11-24448677' AND c_asigna='342679' AND status IN ('0','3','B','C') [1][0] OK
C:[04/08/2014 13:53:14.45][190.75.167.81][1182] SELECT par_cod_asig1,par_cod_asig2,par_cod_asig3 FROM tblaca009 WHERE pensum='5' AND c_uni_ca='6' AND c_asigna='344715' [1][0] OK
C:[04/08/2014 13:53:14.45][190.75.167.81][1182] SELECT par_cod_asig1,par_cod_asig2,par_cod_asig3 FROM tblaca009 WHERE pensum='5' AND c_uni_ca='6' AND c_asigna='344742' [1][0] OK
C:[04/08/2014 13:53:14.27][190.75.167.81][1312] SELECT horas_lab FROM tblaca008 WHERE c_asigna='344715' AND horas_teoricas > 0 [1][0] OK
C:[04/08/2014 13:53:14.27][190.75.167.81][1312] SELECT horas_lab FROM tblaca008 WHERE c_asigna='344742' AND horas_teoricas > 0 [1][0] OK
C:[04/08/2014 13:54:18.79][190.73.153.67][1138] SELECT pre_cod_asig1,pre_cod_asig2,pre_cod_asig3,pre_cod_asig4,pre_cod_asig5,pre_cod_asig6,pre_cod_asig7 FROM tblaca009 WHERE pensum='5' AND c_uni_ca='2' AND c_asigna='322605' [1][0] OK
C:[04/08/2014 13:54:18.79][190.73.153.67][1151] SELECT c_asigna FROM dace004 WHERE exp_e='07-18665362' AND c_asigna='322436' AND status IN ('0','3','B','C') [1][0] OK
C:[04/08/2014 13:54:18.79][190.73.153.67][1138] SELECT pre_cod_asig1,pre_cod_asig2,pre_cod_asig3,pre_cod_asig4,pre_cod_asig5,pre_cod_asig6,pre_cod_asig7 FROM tblaca009 WHERE pensum='5' AND c_uni_ca='2' AND c_asigna='322678' [1][0] OK
C:[04/08/2014 13:54:18.79][190.73.153.67][1151] SELECT c_asigna FROM dace004 WHERE exp_e='07-18665362' AND c_asigna='322559' AND status IN ('0','3','B','C') [1][0] OK
C:[04/08/2014 13:54:18.55][190.73.153.67][1182] SELECT par_cod_asig1,par_cod_asig2,par_cod_asig3 FROM tblaca009 WHERE pensum='5' AND c_uni_ca='2' AND c_asigna='322605' [1][0] OK
C:[04/08/2014 13:54:18.55][190.73.153.67][1182] SELECT par_cod_asig1,par_cod_asig2,par_cod_asig3 FROM tblaca009 WHERE pensum='5' AND c_uni_ca='2' AND c_asigna='322678' [1][0] OK
C:[04/08/2014 13:54:18.81][190.73.153.67][1312] SELECT horas_lab FROM tblaca008 WHERE c_asigna='322605' AND horas_teoricas > 0 [1][0] OK
C:[04/08/2014 13:54:18.81][190.73.153.67][1312] SELECT horas_lab FROM tblaca008 WHERE c_asigna='322678' AND horas_teoricas > 0 [1][0] OK
C:[04/08/2014 13:54:27.20][186.94.81.28][1138] SELECT pre_cod_asig1,pre_cod_asig2,pre_cod_asig3,pre_cod_asig4,pre_cod_asig5,pre_cod_asig6,pre_cod_asig7 FROM tblaca009 WHERE pensum='5' AND c_uni_ca='4' AND c_asigna='300317' [1][0] OK
C:[04/08/2014 13:54:27.20][186.94.81.28][1151] SELECT c_asigna FROM dace004 WHERE exp_e='10-23500944' AND c_asigna='300207' AND status IN ('0','3','B','C') [1][0] OK
C:[04/08/2014 13:54:27.20][186.94.81.28][1151] SELECT c_asigna FROM dace004 WHERE exp_e='10-23500944' AND c_asigna='300209' AND status IN ('0','3','B','C') [1][0] OK
C:[04/08/2014 13:54:27.20][186.94.81.28][1138] SELECT pre_cod_asig1,pre_cod_asig2,pre_cod_asig3,pre_cod_asig4,pre_cod_asig5,pre_cod_asig6,pre_cod_asig7 FROM tblaca009 WHERE pensum='5' AND c_uni_ca='4' AND c_asigna='300318' [1][0] OK
C:[04/08/2014 13:54:27.20][186.94.81.28][1151] SELECT c_asigna FROM dace004 WHERE exp_e='10-23500944' AND c_asigna='300228' AND status IN ('0','3','B','C') [1][0] OK
C:[04/08/2014 13:54:27.20][186.94.81.28][1151] SELECT c_asigna FROM dace004 WHERE exp_e='10-23500944' AND c_asigna='300207' AND status IN ('0','3','B','C') [1][0] OK
C:[04/08/2014 13:54:27.20][186.94.81.28][1151] SELECT c_asigna FROM dace004 WHERE exp_e='10-23500944' AND c_asigna='300218' AND status IN ('0','3','B','C') [1][0] OK
C:[04/08/2014 13:54:27.33][186.94.81.28][1182] SELECT par_cod_asig1,par_cod_asig2,par_cod_asig3 FROM tblaca009 WHERE pensum='5' AND c_uni_ca='4' AND c_asigna='300317' [1][0] OK
C:[04/08/2014 13:54:27.33][186.94.81.28][1182] SELECT par_cod_asig1,par_cod_asig2,par_cod_asig3 FROM tblaca009 WHERE pensum='5' AND c_uni_ca='4' AND c_asigna='300318' [1][0] OK
C:[04/08/2014 13:54:27.59][186.94.81.28][1312] SELECT horas_lab FROM tblaca008 WHERE c_asigna='300317' AND horas_teoricas > 0 [1][0] OK
C:[04/08/2014 13:54:27.59][186.94.81.28][1312] SELECT horas_lab FROM tblaca008 WHERE c_asigna='300318' AND horas_teoricas > 0 [1][0] OK
C:[04/08/2014 13:55:23.12][186.94.81.28][1138] SELECT pre_cod_asig1,pre_cod_asig2,pre_cod_asig3,pre_cod_asig4,pre_cod_asig5,pre_cod_asig6,pre_cod_asig7 FROM tblaca009 WHERE pensum='5' AND c_uni_ca='2' AND c_asigna='300207' [1][0] OK
C:[04/08/2014 13:55:23.12][186.94.81.28][1151] SELECT c_asigna FROM dace004 WHERE exp_e='11-25052385' AND c_asigna='300101' AND status IN ('0','3','B','C') [1][0] OK
C:[04/08/2014 13:55:23.12][186.94.81.28][1138] SELECT pre_cod_asig1,pre_cod_asig2,pre_cod_asig3,pre_cod_asig4,pre_cod_asig5,pre_cod_asig6,pre_cod_asig7 FROM tblaca009 WHERE pensum='5' AND c_uni_ca='2' AND c_asigna='300222' [1][0] OK
C:[04/08/2014 13:55:23.12][186.94.81.28][1151] SELECT c_asigna FROM dace004 WHERE exp_e='11-25052385' AND c_asigna='300112' AND status IN ('0','3','B','C') [1][0] OK
C:[04/08/2014 13:55:23.87][186.94.81.28][1182] SELECT par_cod_asig1,par_cod_asig2,par_cod_asig3 FROM tblaca009 WHERE pensum='5' AND c_uni_ca='2' AND c_asigna='300207' [1][0] OK
C:[04/08/2014 13:55:23.87][186.94.81.28][1182] SELECT par_cod_asig1,par_cod_asig2,par_cod_asig3 FROM tblaca009 WHERE pensum='5' AND c_uni_ca='2' AND c_asigna='300222' [1][0] OK
C:[04/08/2014 13:55:24.13][186.94.81.28][1312] SELECT horas_lab FROM tblaca008 WHERE c_asigna='300207' AND horas_teoricas > 0 [1][0] OK
C:[04/08/2014 13:55:24.13][186.94.81.28][1312] SELECT horas_lab FROM tblaca008 WHERE c_asigna='300222' AND horas_teoricas > 0 [1][0] OK
C:[04/08/2014 13:55:45.93][190.198.167.113][1138] SELECT pre_cod_asig1,pre_cod_asig2,pre_cod_asig3,pre_cod_asig4,pre_cod_asig5,pre_cod_asig6,pre_cod_asig7 FROM tblaca009 WHERE pensum='5' AND c_uni_ca='6' AND c_asigna='300313' [1][0] OK
C:[04/08/2014 13:55:45.93][190.198.167.113][1151] SELECT c_asigna FROM dace004 WHERE exp_e='07-20036308' AND c_asigna='300213' AND status IN ('0','3','B','C') [1][0] OK
C:[04/08/2014 13:55:45.93][190.198.167.113][1151] SELECT c_asigna FROM dace004 WHERE exp_e='07-20036308' AND c_asigna='300226' AND status IN ('0','3','B','C') [1][0] OK
C:[04/08/2014 13:55:45.93][190.198.167.113][1151] SELECT c_asigna FROM dace004 WHERE exp_e='07-20036308' AND c_asigna='300222' AND status IN ('0','3','B','C') [1][0] OK
C:[04/08/2014 13:55:45.93][190.198.167.113][1151] SELECT c_asigna FROM dace004 WHERE exp_e='07-20036308' AND c_asigna='300209' AND status IN ('0','3','B','C') [1][0] OK
C:[04/08/2014 13:55:45.93][190.198.167.113][1138] SELECT pre_cod_asig1,pre_cod_asig2,pre_cod_asig3,pre_cod_asig4,pre_cod_asig5,pre_cod_asig6,pre_cod_asig7 FROM tblaca009 WHERE pensum='5' AND c_uni_ca='6' AND c_asigna='342444' [1][0] OK
C:[04/08/2014 13:55:45.93][190.198.167.113][1151] SELECT c_asigna FROM dace004 WHERE exp_e='07-20036308' AND c_asigna='340323' AND status IN ('0','3','B','C') [1][0] OK
C:[04/08/2014 13:55:46.50][190.198.167.113][1182] SELECT par_cod_asig1,par_cod_asig2,par_cod_asig3 FROM tblaca009 WHERE pensum='5' AND c_uni_ca='6' AND c_asigna='300313' [1][0] OK
C:[04/08/2014 13:55:46.50][190.198.167.113][1182] SELECT par_cod_asig1,par_cod_asig2,par_cod_asig3 FROM tblaca009 WHERE pensum='5' AND c_uni_ca='6' AND c_asigna='342444' [1][0] OK
C:[04/08/2014 13:55:46.76][190.198.167.113][1312] SELECT horas_lab FROM tblaca008 WHERE c_asigna='300313' AND horas_teoricas > 0 [1][0] OK
C:[04/08/2014 13:55:46.76][190.198.167.113][1312] SELECT horas_lab FROM tblaca008 WHERE c_asigna='342444' AND horas_teoricas > 0 [1][0] OK
C:[04/08/2014 13:57:44.83][186.94.81.28][1138] SELECT pre_cod_asig1,pre_cod_asig2,pre_cod_asig3,pre_cod_asig4,pre_cod_asig5,pre_cod_asig6,pre_cod_asig7 FROM tblaca009 WHERE pensum='5' AND c_uni_ca='2' AND c_asigna='300318' [1][0] OK
C:[04/08/2014 13:57:44.83][186.94.81.28][1151] SELECT c_asigna FROM dace004 WHERE exp_e='12-21514804' AND c_asigna='300228' AND status IN ('0','3','B','C') [1][0] OK
C:[04/08/2014 13:57:44.83][186.94.81.28][1151] SELECT c_asigna FROM dace004 WHERE exp_e='12-21514804' AND c_asigna='300207' AND status IN ('0','3','B','C') [1][0] OK
C:[04/08/2014 13:57:44.83][186.94.81.28][1151] SELECT c_asigna FROM dace004 WHERE exp_e='12-21514804' AND c_asigna='300218' AND status IN ('0','3','B','C') [1][0] OK
C:[04/08/2014 13:57:44.83][186.94.81.28][1138] SELECT pre_cod_asig1,pre_cod_asig2,pre_cod_asig3,pre_cod_asig4,pre_cod_asig5,pre_cod_asig6,pre_cod_asig7 FROM tblaca009 WHERE pensum='5' AND c_uni_ca='2' AND c_asigna='320323' [1][0] OK
C:[04/08/2014 13:57:44.83][186.94.81.28][1151] SELECT c_asigna FROM dace004 WHERE exp_e='12-21514804' AND c_asigna='300228' AND status IN ('0','3','B','C') [1][0] OK
C:[04/08/2014 13:57:44.83][186.94.81.28][1151] SELECT c_asigna FROM dace004 WHERE exp_e='12-21514804' AND c_asigna='300218' AND status IN ('0','3','B','C') [1][0] OK
C:[04/08/2014 13:57:44.83][186.94.81.28][1138] SELECT pre_cod_asig1,pre_cod_asig2,pre_cod_asig3,pre_cod_asig4,pre_cod_asig5,pre_cod_asig6,pre_cod_asig7 FROM tblaca009 WHERE pensum='5' AND c_uni_ca='2' AND c_asigna='300317' [1][0] OK
C:[04/08/2014 13:57:44.83][186.94.81.28][1151] SELECT c_asigna FROM dace004 WHERE exp_e='12-21514804' AND c_asigna='300207' AND status IN ('0','3','B','C') [1][0] OK
C:[04/08/2014 13:57:44.83][186.94.81.28][1151] SELECT c_asigna FROM dace004 WHERE exp_e='12-21514804' AND c_asigna='300209' AND status IN ('0','3','B','C') [1][0] OK
C:[04/08/2014 13:57:44.33][186.94.81.28][1182] SELECT par_cod_asig1,par_cod_asig2,par_cod_asig3 FROM tblaca009 WHERE pensum='5' AND c_uni_ca='2' AND c_asigna='300318' [1][0] OK
C:[04/08/2014 13:57:44.33][186.94.81.28][1182] SELECT par_cod_asig1,par_cod_asig2,par_cod_asig3 FROM tblaca009 WHERE pensum='5' AND c_uni_ca='2' AND c_asigna='320323' [1][0] OK
C:[04/08/2014 13:57:44.33][186.94.81.28][1182] SELECT par_cod_asig1,par_cod_asig2,par_cod_asig3 FROM tblaca009 WHERE pensum='5' AND c_uni_ca='2' AND c_asigna='300317' [1][0] OK
C:[04/08/2014 13:57:44.71][186.94.81.28][1312] SELECT horas_lab FROM tblaca008 WHERE c_asigna='300318' AND horas_teoricas > 0 [1][0] OK
C:[04/08/2014 13:57:44.71][186.94.81.28][1312] SELECT horas_lab FROM tblaca008 WHERE c_asigna='320323' AND horas_teoricas > 0 [1][0] OK
C:[04/08/2014 13:57:44.71][186.94.81.28][1312] SELECT horas_lab FROM tblaca008 WHERE c_asigna='300317' AND horas_teoricas > 0 [1][0] OK
C:[04/08/2014 13:57:58.47][186.88.110.172][1138] SELECT pre_cod_asig1,pre_cod_asig2,pre_cod_asig3,pre_cod_asig4,pre_cod_asig5,pre_cod_asig6,pre_cod_asig7 FROM tblaca009 WHERE pensum='5' AND c_uni_ca='2' AND c_asigna='300226' [1][0] OK
C:[04/08/2014 13:57:58.47][186.88.110.172][1151] SELECT c_asigna FROM dace004 WHERE exp_e='11-25595093' AND c_asigna='300116' AND status IN ('0','3','B','C') [1][0] OK
C:[04/08/2014 13:57:58.47][186.88.110.172][1138] SELECT pre_cod_asig1,pre_cod_asig2,pre_cod_asig3,pre_cod_asig4,pre_cod_asig5,pre_cod_asig6,pre_cod_asig7 FROM tblaca009 WHERE pensum='5' AND c_uni_ca='2' AND c_asigna='322449' [1][0] OK
C:[04/08/2014 13:57:58.47][186.88.110.172][1151] SELECT c_asigna FROM dace004 WHERE exp_e='11-25595093' AND c_asigna='300222' AND status IN ('0','3','B','C') [1][0] OK
C:[04/08/2014 13:57:58.22][186.88.110.172][1182] SELECT par_cod_asig1,par_cod_asig2,par_cod_asig3 FROM tblaca009 WHERE pensum='5' AND c_uni_ca='2' AND c_asigna='300226' [1][0] OK
C:[04/08/2014 13:57:58.22][186.88.110.172][1182] SELECT par_cod_asig1,par_cod_asig2,par_cod_asig3 FROM tblaca009 WHERE pensum='5' AND c_uni_ca='2' AND c_asigna='322449' [1][0] OK
C:[04/08/2014 13:57:59.48][186.88.110.172][1312] SELECT horas_lab FROM tblaca008 WHERE c_asigna='300226' AND horas_teoricas > 0 [1][0] OK
C:[04/08/2014 13:57:59.48][186.88.110.172][1312] SELECT horas_lab FROM tblaca008 WHERE c_asigna='322449' AND horas_teoricas > 0 [1][0] OK
C:[04/08/2014 13:58:53.07][190.37.120.215][1138] SELECT pre_cod_asig1,pre_cod_asig2,pre_cod_asig3,pre_cod_asig4,pre_cod_asig5,pre_cod_asig6,pre_cod_asig7 FROM tblaca009 WHERE pensum='5' AND c_uni_ca='6' AND c_asigna='344715' [1][0] OK
C:[04/08/2014 13:58:53.07][190.37.120.215][1151] SELECT c_asigna FROM dace004 WHERE exp_e='08-18515432' AND c_asigna='344688' AND status IN ('0','3','B','C') [1][0] OK
C:[04/08/2014 13:58:53.07][190.37.120.215][1151] SELECT c_asigna FROM dace004 WHERE exp_e='08-18515432' AND c_asigna='344613' AND status IN ('0','3','B','C') [1][0] OK
C:[04/08/2014 13:58:53.07][190.37.120.215][1138] SELECT pre_cod_asig1,pre_cod_asig2,pre_cod_asig3,pre_cod_asig4,pre_cod_asig5,pre_cod_asig6,pre_cod_asig7 FROM tblaca009 WHERE pensum='5' AND c_uni_ca='6' AND c_asigna='344742' [1][0] OK
C:[04/08/2014 13:58:53.07][190.37.120.215][1151] SELECT c_asigna FROM dace004 WHERE exp_e='08-18515432' AND c_asigna='344688' AND status IN ('0','3','B','C') [1][0] OK
C:[04/08/2014 13:58:53.07][190.37.120.215][1151] SELECT c_asigna FROM dace004 WHERE exp_e='08-18515432' AND c_asigna='342679' AND status IN ('0','3','B','C') [1][0] OK
C:[04/08/2014 13:58:54.51][190.37.120.215][1182] SELECT par_cod_asig1,par_cod_asig2,par_cod_asig3 FROM tblaca009 WHERE pensum='5' AND c_uni_ca='6' AND c_asigna='344715' [1][0] OK
C:[04/08/2014 13:58:54.51][190.37.120.215][1182] SELECT par_cod_asig1,par_cod_asig2,par_cod_asig3 FROM tblaca009 WHERE pensum='5' AND c_uni_ca='6' AND c_asigna='344742' [1][0] OK
C:[04/08/2014 13:58:54.77][190.37.120.215][1312] SELECT horas_lab FROM tblaca008 WHERE c_asigna='344715' AND horas_teoricas > 0 [1][0] OK
C:[04/08/2014 13:58:54.77][190.37.120.215][1312] SELECT horas_lab FROM tblaca008 WHERE c_asigna='344742' AND horas_teoricas > 0 [1][0] OK
C:[04/08/2014 13:59:28.65][186.94.81.28][1138] SELECT pre_cod_asig1,pre_cod_asig2,pre_cod_asig3,pre_cod_asig4,pre_cod_asig5,pre_cod_asig6,pre_cod_asig7 FROM tblaca009 WHERE pensum='5' AND c_uni_ca='4' AND c_asigna='300222' [1][0] OK
C:[04/08/2014 13:59:28.65][186.94.81.28][1151] SELECT c_asigna FROM dace004 WHERE exp_e='07-18917199' AND c_asigna='300112' AND status IN ('0','3','B','C') [1][0] OK
C:[04/08/2014 13:59:28.65][186.94.81.28][1138] SELECT pre_cod_asig1,pre_cod_asig2,pre_cod_asig3,pre_cod_asig4,pre_cod_asig5,pre_cod_asig6,pre_cod_asig7 FROM tblaca009 WHERE pensum='5' AND c_uni_ca='4' AND c_asigna='300317' [1][0] OK
C:[04/08/2014 13:59:28.65][186.94.81.28][1151] SELECT c_asigna FROM dace004 WHERE exp_e='07-18917199' AND c_asigna='300207' AND status IN ('0','3','B','C') [1][0] OK
C:[04/08/2014 13:59:28.65][186.94.81.28][1151] SELECT c_asigna FROM dace004 WHERE exp_e='07-18917199' AND c_asigna='300209' AND status IN ('0','3','B','C') [1][0] OK
C:[04/08/2014 13:59:28.65][186.94.81.28][1138] SELECT pre_cod_asig1,pre_cod_asig2,pre_cod_asig3,pre_cod_asig4,pre_cod_asig5,pre_cod_asig6,pre_cod_asig7 FROM tblaca009 WHERE pensum='5' AND c_uni_ca='4' AND c_asigna='330435' [1][0] OK
C:[04/08/2014 13:59:28.65][186.94.81.28][1151] SELECT c_asigna FROM dace004 WHERE exp_e='07-18917199' AND c_asigna='300318' AND status IN ('0','3','B','C') [1][0] OK
C:[04/08/2014 13:59:28.78][186.94.81.28][1182] SELECT par_cod_asig1,par_cod_asig2,par_cod_asig3 FROM tblaca009 WHERE pensum='5' AND c_uni_ca='4' AND c_asigna='300222' [1][0] OK
C:[04/08/2014 13:59:28.78][186.94.81.28][1182] SELECT par_cod_asig1,par_cod_asig2,par_cod_asig3 FROM tblaca009 WHERE pensum='5' AND c_uni_ca='4' AND c_asigna='300317' [1][0] OK
C:[04/08/2014 13:59:28.78][186.94.81.28][1182] SELECT par_cod_asig1,par_cod_asig2,par_cod_asig3 FROM tblaca009 WHERE pensum='5' AND c_uni_ca='4' AND c_asigna='330435' [1][0] OK
C:[04/08/2014 13:59:28.16][186.94.81.28][1312] SELECT horas_lab FROM tblaca008 WHERE c_asigna='300222' AND horas_teoricas > 0 [1][0] OK
C:[04/08/2014 13:59:28.16][186.94.81.28][1312] SELECT horas_lab FROM tblaca008 WHERE c_asigna='300317' AND horas_teoricas > 0 [1][0] OK
C:[04/08/2014 13:59:28.16][186.94.81.28][1312] SELECT horas_lab FROM tblaca008 WHERE c_asigna='330435' AND horas_teoricas > 0 [1][0] OK
C:[04/08/2014 13:59:46.59][186.88.115.74][1138] SELECT pre_cod_asig1,pre_cod_asig2,pre_cod_asig3,pre_cod_asig4,pre_cod_asig5,pre_cod_asig6,pre_cod_asig7 FROM tblaca009 WHERE pensum='5' AND c_uni_ca='6' AND c_asigna='300101' [1][0] OK
C:[04/08/2014 13:59:46.59][186.88.115.74][1138] SELECT pre_cod_asig1,pre_cod_asig2,pre_cod_asig3,pre_cod_asig4,pre_cod_asig5,pre_cod_asig6,pre_cod_asig7 FROM tblaca009 WHERE pensum='5' AND c_uni_ca='6' AND c_asigna='300112' [1][0] OK
C:[04/08/2014 13:59:46.59][186.88.115.74][1138] SELECT pre_cod_asig1,pre_cod_asig2,pre_cod_asig3,pre_cod_asig4,pre_cod_asig5,pre_cod_asig6,pre_cod_asig7 FROM tblaca009 WHERE pensum='5' AND c_uni_ca='6' AND c_asigna='300013' [1][0] OK
C:[04/08/2014 13:59:46.21][186.88.115.74][1182] SELECT par_cod_asig1,par_cod_asig2,par_cod_asig3 FROM tblaca009 WHERE pensum='5' AND c_uni_ca='6' AND c_asigna='300101' [1][0] OK
C:[04/08/2014 13:59:46.21][186.88.115.74][1182] SELECT par_cod_asig1,par_cod_asig2,par_cod_asig3 FROM tblaca009 WHERE pensum='5' AND c_uni_ca='6' AND c_asigna='300112' [1][0] OK
C:[04/08/2014 13:59:46.21][186.88.115.74][1182] SELECT par_cod_asig1,par_cod_asig2,par_cod_asig3 FROM tblaca009 WHERE pensum='5' AND c_uni_ca='6' AND c_asigna='300013' [1][0] OK
C:[04/08/2014 13:59:46.60][186.88.115.74][1312] SELECT horas_lab FROM tblaca008 WHERE c_asigna='300101' AND horas_teoricas > 0 [1][0] OK
C:[04/08/2014 13:59:46.60][186.88.115.74][1312] SELECT horas_lab FROM tblaca008 WHERE c_asigna='300112' AND horas_teoricas > 0 [1][0] OK
C:[04/08/2014 13:59:46.60][186.88.115.74][1312] SELECT horas_lab FROM tblaca008 WHERE c_asigna='300013' AND horas_teoricas > 0 [1][0] OK
C:[04/08/2014 14:00:06.40][186.88.110.172][1138] SELECT pre_cod_asig1,pre_cod_asig2,pre_cod_asig3,pre_cod_asig4,pre_cod_asig5,pre_cod_asig6,pre_cod_asig7 FROM tblaca009 WHERE pensum='5' AND c_uni_ca='2' AND c_asigna='300226' [1][0] OK
C:[04/08/2014 14:00:06.40][186.88.110.172][1151] SELECT c_asigna FROM dace004 WHERE exp_e='11-25595093' AND c_asigna='300116' AND status IN ('0','3','B','C') [1][0] OK
C:[04/08/2014 14:00:06.40][186.88.110.172][1138] SELECT pre_cod_asig1,pre_cod_asig2,pre_cod_asig3,pre_cod_asig4,pre_cod_asig5,pre_cod_asig6,pre_cod_asig7 FROM tblaca009 WHERE pensum='5' AND c_uni_ca='2' AND c_asigna='322449' [1][0] OK
C:[04/08/2014 14:00:06.40][186.88.110.172][1151] SELECT c_asigna FROM dace004 WHERE exp_e='11-25595093' AND c_asigna='300222' AND status IN ('0','3','B','C') [1][0] OK
C:[04/08/2014 14:00:07.11][186.88.110.172][1182] SELECT par_cod_asig1,par_cod_asig2,par_cod_asig3 FROM tblaca009 WHERE pensum='5' AND c_uni_ca='2' AND c_asigna='300226' [1][0] OK
C:[04/08/2014 14:00:07.11][186.88.110.172][1182] SELECT par_cod_asig1,par_cod_asig2,par_cod_asig3 FROM tblaca009 WHERE pensum='5' AND c_uni_ca='2' AND c_asigna='322449' [1][0] OK
C:[04/08/2014 14:00:07.37][186.88.110.172][1312] SELECT horas_lab FROM tblaca008 WHERE c_asigna='300226' AND horas_teoricas > 0 [1][0] OK
C:[04/08/2014 14:00:07.37][186.88.110.172][1312] SELECT horas_lab FROM tblaca008 WHERE c_asigna='322449' AND horas_teoricas > 0 [1][0] OK
C:[04/08/2014 14:00:54.44][186.94.81.28][1138] SELECT pre_cod_asig1,pre_cod_asig2,pre_cod_asig3,pre_cod_asig4,pre_cod_asig5,pre_cod_asig6,pre_cod_asig7 FROM tblaca009 WHERE pensum='5' AND c_uni_ca='4' AND c_asigna='300105' [1][0] OK
C:[04/08/2014 14:00:54.44][186.94.81.28][1138] SELECT pre_cod_asig1,pre_cod_asig2,pre_cod_asig3,pre_cod_asig4,pre_cod_asig5,pre_cod_asig6,pre_cod_asig7 FROM tblaca009 WHERE pensum='5' AND c_uni_ca='4' AND c_asigna='300207' [1][0] OK
C:[04/08/2014 14:00:54.44][186.94.81.28][1151] SELECT c_asigna FROM dace004 WHERE exp_e='12-25446617' AND c_asigna='300101' AND status IN ('0','3','B','C') [1][0] OK
C:[04/08/2014 14:00:54.06][186.94.81.28][1182] SELECT par_cod_asig1,par_cod_asig2,par_cod_asig3 FROM tblaca009 WHERE pensum='5' AND c_uni_ca='4' AND c_asigna='300105' [1][0] OK
C:[04/08/2014 14:00:54.06][186.94.81.28][1182] SELECT par_cod_asig1,par_cod_asig2,par_cod_asig3 FROM tblaca009 WHERE pensum='5' AND c_uni_ca='4' AND c_asigna='300207' [1][0] OK
C:[04/08/2014 14:00:54.33][186.94.81.28][1312] SELECT horas_lab FROM tblaca008 WHERE c_asigna='300105' AND horas_teoricas > 0 [1][0] OK
C:[04/08/2014 14:00:54.33][186.94.81.28][1312] SELECT horas_lab FROM tblaca008 WHERE c_asigna='300207' AND horas_teoricas > 0 [1][0] OK
C:[04/08/2014 14:01:13.22][181.184.76.92][1138] SELECT pre_cod_asig1,pre_cod_asig2,pre_cod_asig3,pre_cod_asig4,pre_cod_asig5,pre_cod_asig6,pre_cod_asig7 FROM tblaca009 WHERE pensum='5' AND c_uni_ca='3' AND c_asigna='300317' [1][0] OK
C:[04/08/2014 14:01:13.22][181.184.76.92][1151] SELECT c_asigna FROM dace004 WHERE exp_e='12-25511870' AND c_asigna='300207' AND status IN ('0','3','B','C') [1][0] OK
C:[04/08/2014 14:01:13.22][181.184.76.92][1151] SELECT c_asigna FROM dace004 WHERE exp_e='12-25511870' AND c_asigna='300209' AND status IN ('0','3','B','C') [1][0] OK
C:[04/08/2014 14:01:13.22][181.184.76.92][1138] SELECT pre_cod_asig1,pre_cod_asig2,pre_cod_asig3,pre_cod_asig4,pre_cod_asig5,pre_cod_asig6,pre_cod_asig7 FROM tblaca009 WHERE pensum='5' AND c_uni_ca='3' AND c_asigna='300318' [1][0] OK
C:[04/08/2014 14:01:13.22][181.184.76.92][1151] SELECT c_asigna FROM dace004 WHERE exp_e='12-25511870' AND c_asigna='300228' AND status IN ('0','3','B','C') [1][0] OK
C:[04/08/2014 14:01:13.22][181.184.76.92][1151] SELECT c_asigna FROM dace004 WHERE exp_e='12-25511870' AND c_asigna='300207' AND status IN ('0','3','B','C') [1][0] OK
C:[04/08/2014 14:01:13.22][181.184.76.92][1151] SELECT c_asigna FROM dace004 WHERE exp_e='12-25511870' AND c_asigna='300218' AND status IN ('0','3','B','C') [1][0] OK
C:[04/08/2014 14:01:13.22][181.184.76.92][1138] SELECT pre_cod_asig1,pre_cod_asig2,pre_cod_asig3,pre_cod_asig4,pre_cod_asig5,pre_cod_asig6,pre_cod_asig7 FROM tblaca009 WHERE pensum='5' AND c_uni_ca='3' AND c_asigna='312333' [1][0] OK
C:[04/08/2014 14:01:13.22][181.184.76.92][1151] SELECT c_asigna FROM dace004 WHERE exp_e='12-25511870' AND c_asigna='300228' AND status IN ('0','3','B','C') [1][0] OK
C:[04/08/2014 14:01:14.71][181.184.76.92][1182] SELECT par_cod_asig1,par_cod_asig2,par_cod_asig3 FROM tblaca009 WHERE pensum='5' AND c_uni_ca='3' AND c_asigna='300317' [1][0] OK
C:[04/08/2014 14:01:14.71][181.184.76.92][1182] SELECT par_cod_asig1,par_cod_asig2,par_cod_asig3 FROM tblaca009 WHERE pensum='5' AND c_uni_ca='3' AND c_asigna='300318' [1][0] OK
C:[04/08/2014 14:01:14.71][181.184.76.92][1182] SELECT par_cod_asig1,par_cod_asig2,par_cod_asig3 FROM tblaca009 WHERE pensum='5' AND c_uni_ca='3' AND c_asigna='312333' [1][0] OK
C:[04/08/2014 14:01:14.66][181.184.76.92][1312] SELECT horas_lab FROM tblaca008 WHERE c_asigna='300317' AND horas_teoricas > 0 [1][0] OK
C:[04/08/2014 14:01:14.66][181.184.76.92][1312] SELECT horas_lab FROM tblaca008 WHERE c_asigna='300318' AND horas_teoricas > 0 [1][0] OK
C:[04/08/2014 14:01:14.66][181.184.76.92][1312] SELECT horas_lab FROM tblaca008 WHERE c_asigna='312333' AND horas_teoricas > 0 [1][0] OK
C:[04/08/2014 14:01:19.21][186.94.81.28][1138] SELECT pre_cod_asig1,pre_cod_asig2,pre_cod_asig3,pre_cod_asig4,pre_cod_asig5,pre_cod_asig6,pre_cod_asig7 FROM tblaca009 WHERE pensum='5' AND c_uni_ca='2' AND c_asigna='300317' [1][0] OK
C:[04/08/2014 14:01:19.21][186.94.81.28][1151] SELECT c_asigna FROM dace004 WHERE exp_e='09-20345464' AND c_asigna='300207' AND status IN ('0','3','B','C') [1][0] OK
C:[04/08/2014 14:01:19.21][186.94.81.28][1151] SELECT c_asigna FROM dace004 WHERE exp_e='09-20345464' AND c_asigna='300209' AND status IN ('0','3','B','C') [1][0] OK
C:[04/08/2014 14:01:19.21][186.94.81.28][1138] SELECT pre_cod_asig1,pre_cod_asig2,pre_cod_asig3,pre_cod_asig4,pre_cod_asig5,pre_cod_asig6,pre_cod_asig7 FROM tblaca009 WHERE pensum='5' AND c_uni_ca='2' AND c_asigna='300313' [1][0] OK
C:[04/08/2014 14:01:19.21][186.94.81.28][1151] SELECT c_asigna FROM dace004 WHERE exp_e='09-20345464' AND c_asigna='300213' AND status IN ('0','3','B','C') [1][0] OK
C:[04/08/2014 14:01:19.21][186.94.81.28][1151] SELECT c_asigna FROM dace004 WHERE exp_e='09-20345464' AND c_asigna='300226' AND status IN ('0','3','B','C') [1][0] OK
C:[04/08/2014 14:01:19.21][186.94.81.28][1151] SELECT c_asigna FROM dace004 WHERE exp_e='09-20345464' AND c_asigna='300209' AND status IN ('0','3','B','C') [1][0] OK
C:[04/08/2014 14:01:19.21][186.94.81.28][1138] SELECT pre_cod_asig1,pre_cod_asig2,pre_cod_asig3,pre_cod_asig4,pre_cod_asig5,pre_cod_asig6,pre_cod_asig7 FROM tblaca009 WHERE pensum='5' AND c_uni_ca='2' AND c_asigna='320323' [1][0] OK
C:[04/08/2014 14:01:19.21][186.94.81.28][1151] SELECT c_asigna FROM dace004 WHERE exp_e='09-20345464' AND c_asigna='300228' AND status IN ('0','3','B','C') [1][0] OK
C:[04/08/2014 14:01:19.21][186.94.81.28][1151] SELECT c_asigna FROM dace004 WHERE exp_e='09-20345464' AND c_asigna='300218' AND status IN ('0','3','B','C') [1][0] OK
C:[04/08/2014 14:01:19.46][186.94.81.28][1182] SELECT par_cod_asig1,par_cod_asig2,par_cod_asig3 FROM tblaca009 WHERE pensum='5' AND c_uni_ca='2' AND c_asigna='300317' [1][0] OK
C:[04/08/2014 14:01:19.46][186.94.81.28][1182] SELECT par_cod_asig1,par_cod_asig2,par_cod_asig3 FROM tblaca009 WHERE pensum='5' AND c_uni_ca='2' AND c_asigna='300313' [1][0] OK
C:[04/08/2014 14:01:19.46][186.94.81.28][1182] SELECT par_cod_asig1,par_cod_asig2,par_cod_asig3 FROM tblaca009 WHERE pensum='5' AND c_uni_ca='2' AND c_asigna='320323' [1][0] OK
C:[04/08/2014 14:01:19.85][186.94.81.28][1312] SELECT horas_lab FROM tblaca008 WHERE c_asigna='300317' AND horas_teoricas > 0 [1][0] OK
C:[04/08/2014 14:01:19.85][186.94.81.28][1312] SELECT horas_lab FROM tblaca008 WHERE c_asigna='300313' AND horas_teoricas > 0 [1][0] OK
C:[04/08/2014 14:01:19.85][186.94.81.28][1312] SELECT horas_lab FROM tblaca008 WHERE c_asigna='320323' AND horas_teoricas > 0 [1][0] OK
C:[04/08/2014 14:02:49.88][186.94.81.28][1138] SELECT pre_cod_asig1,pre_cod_asig2,pre_cod_asig3,pre_cod_asig4,pre_cod_asig5,pre_cod_asig6,pre_cod_asig7 FROM tblaca009 WHERE pensum='5' AND c_uni_ca='6' AND c_asigna='300222' [1][0] OK
C:[04/08/2014 14:02:49.88][186.94.81.28][1151] SELECT c_asigna FROM dace004 WHERE exp_e='10-20887301' AND c_asigna='300112' AND status IN ('0','3','B','C') [1][0] OK
C:[04/08/2014 14:02:49.88][186.94.81.28][1138] SELECT pre_cod_asig1,pre_cod_asig2,pre_cod_asig3,pre_cod_asig4,pre_cod_asig5,pre_cod_asig6,pre_cod_asig7 FROM tblaca009 WHERE pensum='5' AND c_uni_ca='6' AND c_asigna='300318' [1][0] OK
C:[04/08/2014 14:02:49.88][186.94.81.28][1151] SELECT c_asigna FROM dace004 WHERE exp_e='10-20887301' AND c_asigna='300228' AND status IN ('0','3','B','C') [1][0] OK
C:[04/08/2014 14:02:49.88][186.94.81.28][1151] SELECT c_asigna FROM dace004 WHERE exp_e='10-20887301' AND c_asigna='300207' AND status IN ('0','3','B','C') [1][0] OK
C:[04/08/2014 14:02:49.88][186.94.81.28][1151] SELECT c_asigna FROM dace004 WHERE exp_e='10-20887301' AND c_asigna='300218' AND status IN ('0','3','B','C') [1][0] OK
C:[04/08/2014 14:02:49.88][186.94.81.28][1138] SELECT pre_cod_asig1,pre_cod_asig2,pre_cod_asig3,pre_cod_asig4,pre_cod_asig5,pre_cod_asig6,pre_cod_asig7 FROM tblaca009 WHERE pensum='5' AND c_uni_ca='6' AND c_asigna='300317' [1][0] OK
C:[04/08/2014 14:02:49.88][186.94.81.28][1151] SELECT c_asigna FROM dace004 WHERE exp_e='10-20887301' AND c_asigna='300207' AND status IN ('0','3','B','C') [1][0] OK
C:[04/08/2014 14:02:49.88][186.94.81.28][1151] SELECT c_asigna FROM dace004 WHERE exp_e='10-20887301' AND c_asigna='300209' AND status IN ('0','3','B','C') [1][0] OK
C:[04/08/2014 14:02:50.61][186.94.81.28][1182] SELECT par_cod_asig1,par_cod_asig2,par_cod_asig3 FROM tblaca009 WHERE pensum='5' AND c_uni_ca='6' AND c_asigna='300222' [1][0] OK
C:[04/08/2014 14:02:50.61][186.94.81.28][1182] SELECT par_cod_asig1,par_cod_asig2,par_cod_asig3 FROM tblaca009 WHERE pensum='5' AND c_uni_ca='6' AND c_asigna='300318' [1][0] OK
C:[04/08/2014 14:02:50.61][186.94.81.28][1182] SELECT par_cod_asig1,par_cod_asig2,par_cod_asig3 FROM tblaca009 WHERE pensum='5' AND c_uni_ca='6' AND c_asigna='300317' [1][0] OK
C:[04/08/2014 14:02:50.77][186.94.81.28][1312] SELECT horas_lab FROM tblaca008 WHERE c_asigna='300222' AND horas_teoricas > 0 [1][0] OK
C:[04/08/2014 14:02:50.77][186.94.81.28][1312] SELECT horas_lab FROM tblaca008 WHERE c_asigna='300318' AND horas_teoricas > 0 [1][0] OK
C:[04/08/2014 14:02:50.77][186.94.81.28][1312] SELECT horas_lab FROM tblaca008 WHERE c_asigna='300317' AND horas_teoricas > 0 [1][0] OK
C:[04/08/2014 14:03:24.68][190.77.229.78][1138] SELECT pre_cod_asig1,pre_cod_asig2,pre_cod_asig3,pre_cod_asig4,pre_cod_asig5,pre_cod_asig6,pre_cod_asig7 FROM tblaca009 WHERE pensum='5' AND c_uni_ca='5' AND c_asigna='355720' [1][0] OK
C:[04/08/2014 14:03:24.68][190.77.229.78][1151] SELECT c_asigna FROM dace004 WHERE exp_e='03-17068906' AND c_asigna='355692' AND status IN ('0','3','B','C') [1][0] OK
C:[04/08/2014 14:03:24.68][190.77.229.78][1151] SELECT c_asigna FROM dace004 WHERE exp_e='03-17068906' AND c_asigna='355696' AND status IN ('0','3','B','C') [1][0] OK
C:[04/08/2014 14:03:24.30][190.77.229.78][1182] SELECT par_cod_asig1,par_cod_asig2,par_cod_asig3 FROM tblaca009 WHERE pensum='5' AND c_uni_ca='5' AND c_asigna='355720' [1][0] OK
C:[04/08/2014 14:03:24.46][190.77.229.78][1312] SELECT horas_lab FROM tblaca008 WHERE c_asigna='355720' AND horas_teoricas > 0 [1][0] OK
C:[04/08/2014 14:03:53.19][186.94.81.28][1138] SELECT pre_cod_asig1,pre_cod_asig2,pre_cod_asig3,pre_cod_asig4,pre_cod_asig5,pre_cod_asig6,pre_cod_asig7 FROM tblaca009 WHERE pensum='5' AND c_uni_ca='3' AND c_asigna='311320' [1][0] OK
C:[04/08/2014 14:03:53.19][186.94.81.28][1151] SELECT c_asigna FROM dace004 WHERE exp_e='13-24179297' AND c_asigna='300013' AND status IN ('0','3','B','C') [1][0] OK
C:[04/08/2014 14:03:53.19][186.94.81.28][1151] SELECT c_asigna FROM dace004 WHERE exp_e='13-24179297' AND c_asigna='300113' AND status IN ('0','3','B','C') [1][0] OK
C:[04/08/2014 14:03:53.19][186.94.81.28][1138] SELECT pre_cod_asig1,pre_cod_asig2,pre_cod_asig3,pre_cod_asig4,pre_cod_asig5,pre_cod_asig6,pre_cod_asig7 FROM tblaca009 WHERE pensum='5' AND c_uni_ca='3' AND c_asigna='312333' [1][0] OK
C:[04/08/2014 14:03:53.19][186.94.81.28][1151] SELECT c_asigna FROM dace004 WHERE exp_e='13-24179297' AND c_asigna='300228' AND status IN ('0','3','B','C') [1][0] OK
C:[04/08/2014 14:03:53.50][186.94.81.28][1182] SELECT par_cod_asig1,par_cod_asig2,par_cod_asig3 FROM tblaca009 WHERE pensum='5' AND c_uni_ca='3' AND c_asigna='311320' [1][0] OK
C:[04/08/2014 14:03:53.50][186.94.81.28][1182] SELECT par_cod_asig1,par_cod_asig2,par_cod_asig3 FROM tblaca009 WHERE pensum='5' AND c_uni_ca='3' AND c_asigna='312333' [1][0] OK
C:[04/08/2014 14:03:53.33][186.94.81.28][1312] SELECT horas_lab FROM tblaca008 WHERE c_asigna='311320' AND horas_teoricas > 0 [1][0] OK
C:[04/08/2014 14:03:53.33][186.94.81.28][1312] SELECT horas_lab FROM tblaca008 WHERE c_asigna='312333' AND horas_teoricas > 0 [1][0] OK
C:[04/08/2014 14:07:56.42][186.166.244.158][1138] SELECT pre_cod_asig1,pre_cod_asig2,pre_cod_asig3,pre_cod_asig4,pre_cod_asig5,pre_cod_asig6,pre_cod_asig7 FROM tblaca009 WHERE pensum='5' AND c_uni_ca='2' AND c_asigna='322702' [1][0] OK
C:[04/08/2014 14:07:56.42][186.166.244.158][1151] SELECT c_asigna FROM dace004 WHERE exp_e='10-23730557' AND c_asigna='322683' AND status IN ('0','3','B','C') [1][0] OK
C:[04/08/2014 14:07:56.42][186.166.244.158][1151] SELECT c_asigna FROM dace004 WHERE exp_e='10-23730557' AND c_asigna='300313' AND status IN ('0','3','B','C') [1][0] OK
C:[04/08/2014 14:07:56.42][186.166.244.158][1138] SELECT pre_cod_asig1,pre_cod_asig2,pre_cod_asig3,pre_cod_asig4,pre_cod_asig5,pre_cod_asig6,pre_cod_asig7 FROM tblaca009 WHERE pensum='5' AND c_uni_ca='2' AND c_asigna='322801' [1][0] OK
C:[04/08/2014 14:07:56.42][186.166.244.158][1151] SELECT c_asigna FROM dace004 WHERE exp_e='10-23730557' AND c_asigna='322780' AND status IN ('0','3','B','C') [1][0] OK
C:[04/08/2014 14:07:56.42][186.166.244.158][1151] SELECT c_asigna FROM dace004 WHERE exp_e='10-23730557' AND c_asigna='322605' AND status IN ('0','3','B','C') [1][0] OK
C:[04/08/2014 14:07:56.42][186.166.244.158][1138] SELECT pre_cod_asig1,pre_cod_asig2,pre_cod_asig3,pre_cod_asig4,pre_cod_asig5,pre_cod_asig6,pre_cod_asig7 FROM tblaca009 WHERE pensum='5' AND c_uni_ca='2' AND c_asigna='322041' [1][0] OK
C:[04/08/2014 14:07:56.54][186.166.244.158][1182] SELECT par_cod_asig1,par_cod_asig2,par_cod_asig3 FROM tblaca009 WHERE pensum='5' AND c_uni_ca='2' AND c_asigna='322702' [1][0] OK
C:[04/08/2014 14:07:56.54][186.166.244.158][1182] SELECT par_cod_asig1,par_cod_asig2,par_cod_asig3 FROM tblaca009 WHERE pensum='5' AND c_uni_ca='2' AND c_asigna='322801' [1][0] OK
C:[04/08/2014 14:07:56.54][186.166.244.158][1182] SELECT par_cod_asig1,par_cod_asig2,par_cod_asig3 FROM tblaca009 WHERE pensum='5' AND c_uni_ca='2' AND c_asigna='322041' [1][0] OK
C:[04/08/2014 14:07:56.93][186.166.244.158][1312] SELECT horas_lab FROM tblaca008 WHERE c_asigna='322702' AND horas_teoricas > 0 [1][0] OK
C:[04/08/2014 14:07:56.93][186.166.244.158][1312] SELECT horas_lab FROM tblaca008 WHERE c_asigna='322801' AND horas_teoricas > 0 [1][0] OK
C:[04/08/2014 14:07:56.93][186.166.244.158][1312] SELECT horas_lab FROM tblaca008 WHERE c_asigna='322041' AND horas_teoricas > 0 [1][0] OK
C:[04/08/2014 14:09:41.60][66.249.88.57][1138] SELECT pre_cod_asig1,pre_cod_asig2,pre_cod_asig3,pre_cod_asig4,pre_cod_asig5,pre_cod_asig6,pre_cod_asig7 FROM tblaca009 WHERE pensum='5' AND c_uni_ca='5' AND c_asigna='355448' [1][0] OK
C:[04/08/2014 14:09:41.60][66.249.88.57][1151] SELECT c_asigna FROM dace004 WHERE exp_e='09-20506101' AND c_asigna='300313' AND status IN ('0','3','B','C') [1][0] OK
C:[04/08/2014 14:09:41.60][66.249.88.57][1151] SELECT c_asigna FROM dace004 WHERE exp_e='09-20506101' AND c_asigna='300209' AND status IN ('0','3','B','C') [1][0] OK
C:[04/08/2014 14:09:41.60][66.249.88.57][1151] SELECT c_asigna FROM dace004 WHERE exp_e='09-20506101' AND c_asigna='300226' AND status IN ('0','3','B','C') [1][0] OK
C:[04/08/2014 14:09:41.60][66.249.88.57][1151] SELECT c_asigna FROM dace004 WHERE exp_e='09-20506101' AND c_asigna='300222' AND status IN ('0','3','B','C') [1][0] OK
C:[04/08/2014 14:09:41.60][66.249.88.57][1138] SELECT pre_cod_asig1,pre_cod_asig2,pre_cod_asig3,pre_cod_asig4,pre_cod_asig5,pre_cod_asig6,pre_cod_asig7 FROM tblaca009 WHERE pensum='5' AND c_uni_ca='5' AND c_asigna='355570' [1][0] OK
C:[04/08/2014 14:09:41.60][66.249.88.57][1151] SELECT c_asigna FROM dace004 WHERE exp_e='09-20506101' AND c_asigna='355447' AND status IN ('0','3','B','C') [1][0] OK
C:[04/08/2014 14:09:41.72][66.249.88.57][1182] SELECT par_cod_asig1,par_cod_asig2,par_cod_asig3 FROM tblaca009 WHERE pensum='5' AND c_uni_ca='5' AND c_asigna='355448' [1][0] OK
C:[04/08/2014 14:09:41.72][66.249.88.57][1182] SELECT par_cod_asig1,par_cod_asig2,par_cod_asig3 FROM tblaca009 WHERE pensum='5' AND c_uni_ca='5' AND c_asigna='355570' [1][0] OK
C:[04/08/2014 14:09:41.98][66.249.88.57][1312] SELECT horas_lab FROM tblaca008 WHERE c_asigna='355448' AND horas_teoricas > 0 [1][0] OK
C:[04/08/2014 14:09:41.98][66.249.88.57][1312] SELECT horas_lab FROM tblaca008 WHERE c_asigna='355570' AND horas_teoricas > 0 [1][0] OK
C:[04/08/2014 14:09:58.53][186.88.110.172][1138] SELECT pre_cod_asig1,pre_cod_asig2,pre_cod_asig3,pre_cod_asig4,pre_cod_asig5,pre_cod_asig6,pre_cod_asig7 FROM tblaca009 WHERE pensum='5' AND c_uni_ca='2' AND c_asigna='322449' [1][0] OK
C:[04/08/2014 14:09:58.53][186.88.110.172][1151] SELECT c_asigna FROM dace004 WHERE exp_e='11-25595093' AND c_asigna='300222' AND status IN ('0','3','B','C') [1][0] OK
C:[04/08/2014 14:09:58.01][186.88.110.172][1182] SELECT par_cod_asig1,par_cod_asig2,par_cod_asig3 FROM tblaca009 WHERE pensum='5' AND c_uni_ca='2' AND c_asigna='322449' [1][0] OK
C:[04/08/2014 14:09:58.15][186.88.110.172][1312] SELECT horas_lab FROM tblaca008 WHERE c_asigna='322449' AND horas_teoricas > 0 [1][0] OK
C:[04/08/2014 14:12:37.89][200.62.19.43][1138] SELECT pre_cod_asig1,pre_cod_asig2,pre_cod_asig3,pre_cod_asig4,pre_cod_asig5,pre_cod_asig6,pre_cod_asig7 FROM tblaca009 WHERE pensum='5' AND c_uni_ca='3' AND c_asigna='315671' [1][0] OK
C:[04/08/2014 14:12:37.89][200.62.19.43][1151] SELECT c_asigna FROM dace004 WHERE exp_e='09-21249112' AND c_asigna='315552' AND status IN ('0','3','B','C') [1][0] OK
C:[04/08/2014 14:12:37.89][200.62.19.43][1138] SELECT pre_cod_asig1,pre_cod_asig2,pre_cod_asig3,pre_cod_asig4,pre_cod_asig5,pre_cod_asig6,pre_cod_asig7 FROM tblaca009 WHERE pensum='5' AND c_uni_ca='3' AND c_asigna='311674' [1][0] OK
C:[04/08/2014 14:12:37.89][200.62.19.43][1151] SELECT c_asigna FROM dace004 WHERE exp_e='09-21249112' AND c_asigna='310548' AND status IN ('0','3','B','C') [1][0] OK
C:[04/08/2014 14:12:37.89][200.62.19.43][1151] SELECT c_asigna FROM dace004 WHERE exp_e='09-21249112' AND c_asigna='311551' AND status IN ('0','3','B','C') [1][0] OK
C:[04/08/2014 14:12:37.89][200.62.19.43][1151] SELECT c_asigna FROM dace004 WHERE exp_e='09-21249112' AND c_asigna='311320' AND status IN ('0','3','B','C') [1][0] OK
C:[04/08/2014 14:12:37.89][200.62.19.43][1138] SELECT pre_cod_asig1,pre_cod_asig2,pre_cod_asig3,pre_cod_asig4,pre_cod_asig5,pre_cod_asig6,pre_cod_asig7 FROM tblaca009 WHERE pensum='5' AND c_uni_ca='3' AND c_asigna='311799' [1][0] OK
C:[04/08/2014 14:12:37.89][200.62.19.43][1151] SELECT c_asigna FROM dace004 WHERE exp_e='09-21249112' AND c_asigna='311673' AND status IN ('0','3','B','C') [1][0] OK
C:[04/08/2014 14:12:37.95][200.62.19.43][1182] SELECT par_cod_asig1,par_cod_asig2,par_cod_asig3 FROM tblaca009 WHERE pensum='5' AND c_uni_ca='3' AND c_asigna='315671' [1][0] OK
C:[04/08/2014 14:12:37.95][200.62.19.43][1182] SELECT par_cod_asig1,par_cod_asig2,par_cod_asig3 FROM tblaca009 WHERE pensum='5' AND c_uni_ca='3' AND c_asigna='311674' [1][0] OK
C:[04/08/2014 14:12:37.95][200.62.19.43][1182] SELECT par_cod_asig1,par_cod_asig2,par_cod_asig3 FROM tblaca009 WHERE pensum='5' AND c_uni_ca='3' AND c_asigna='311799' [1][0] OK
C:[04/08/2014 14:12:37.34][200.62.19.43][1312] SELECT horas_lab FROM tblaca008 WHERE c_asigna='315671' AND horas_teoricas > 0 [1][0] OK
C:[04/08/2014 14:12:37.34][200.62.19.43][1312] SELECT horas_lab FROM tblaca008 WHERE c_asigna='311674' AND horas_teoricas > 0 [1][0] OK
C:[04/08/2014 14:12:37.34][200.62.19.43][1312] SELECT horas_lab FROM tblaca008 WHERE c_asigna='311799' AND horas_teoricas > 0 [1][0] OK
C:[04/08/2014 14:14:19.67][186.94.81.28][1138] SELECT pre_cod_asig1,pre_cod_asig2,pre_cod_asig3,pre_cod_asig4,pre_cod_asig5,pre_cod_asig6,pre_cod_asig7 FROM tblaca009 WHERE pensum='5' AND c_uni_ca='2' AND c_asigna='300207' [1][0] OK
C:[04/08/2014 14:14:19.67][186.94.81.28][1151] SELECT c_asigna FROM dace004 WHERE exp_e='12-25277859' AND c_asigna='300101' AND status IN ('0','3','B','C') [1][0] OK
C:[04/08/2014 14:14:19.61][186.94.81.28][1182] SELECT par_cod_asig1,par_cod_asig2,par_cod_asig3 FROM tblaca009 WHERE pensum='5' AND c_uni_ca='2' AND c_asigna='300207' [1][0] OK
C:[04/08/2014 14:14:19.74][186.94.81.28][1312] SELECT horas_lab FROM tblaca008 WHERE c_asigna='300207' AND horas_teoricas > 0 [1][0] OK
C:[04/08/2014 14:14:25.05][74.82.68.161][1138] SELECT pre_cod_asig1,pre_cod_asig2,pre_cod_asig3,pre_cod_asig4,pre_cod_asig5,pre_cod_asig6,pre_cod_asig7 FROM tblaca009 WHERE pensum='5' AND c_uni_ca='2' AND c_asigna='322558' [1][0] OK
C:[04/08/2014 14:14:25.05][74.82.68.161][1151] SELECT c_asigna FROM dace004 WHERE exp_e='11-22574644' AND c_asigna='300428' AND status IN ('0','3','B','C') [1][0] OK
C:[04/08/2014 14:14:25.05][74.82.68.161][1151] SELECT c_asigna FROM dace004 WHERE exp_e='11-22574644' AND c_asigna='320323' AND status IN ('0','3','B','C') [1][0] OK
C:[04/08/2014 14:14:25.05][74.82.68.161][1138] SELECT pre_cod_asig1,pre_cod_asig2,pre_cod_asig3,pre_cod_asig4,pre_cod_asig5,pre_cod_asig6,pre_cod_asig7 FROM tblaca009 WHERE pensum='5' AND c_uni_ca='2' AND c_asigna='322559' [1][0] OK
C:[04/08/2014 14:14:25.05][74.82.68.161][1151] SELECT c_asigna FROM dace004 WHERE exp_e='11-22574644' AND c_asigna='300428' AND status IN ('0','3','B','C') [1][0] OK
C:[04/08/2014 14:14:25.05][74.82.68.161][1151] SELECT c_asigna FROM dace004 WHERE exp_e='11-22574644' AND c_asigna='322436' AND status IN ('0','3','B','C') [1][0] OK
C:[04/08/2014 14:14:25.05][74.82.68.161][1138] SELECT pre_cod_asig1,pre_cod_asig2,pre_cod_asig3,pre_cod_asig4,pre_cod_asig5,pre_cod_asig6,pre_cod_asig7 FROM tblaca009 WHERE pensum='5' AND c_uni_ca='2' AND c_asigna='322560' [1][0] OK
C:[04/08/2014 14:14:26.18][74.82.68.161][1182] SELECT par_cod_asig1,par_cod_asig2,par_cod_asig3 FROM tblaca009 WHERE pensum='5' AND c_uni_ca='2' AND c_asigna='322558' [1][0] OK
C:[04/08/2014 14:14:26.18][74.82.68.161][1182] SELECT par_cod_asig1,par_cod_asig2,par_cod_asig3 FROM tblaca009 WHERE pensum='5' AND c_uni_ca='2' AND c_asigna='322559' [1][0] OK
C:[04/08/2014 14:14:26.18][74.82.68.161][1182] SELECT par_cod_asig1,par_cod_asig2,par_cod_asig3 FROM tblaca009 WHERE pensum='5' AND c_uni_ca='2' AND c_asigna='322560' [1][0] OK
C:[04/08/2014 14:14:26.18][74.82.68.161][1196] SELECT c_asigna FROM dace004 WHERE exp_e='11-22574644' AND c_asigna='323528' AND status IN ('0','3','B','C') [0][0] OK
C:[04/08/2014 14:14:26.69][74.82.68.161][1312] SELECT horas_lab FROM tblaca008 WHERE c_asigna='322558' AND horas_teoricas > 0 [1][0] OK
C:[04/08/2014 14:14:26.69][74.82.68.161][1312] SELECT horas_lab FROM tblaca008 WHERE c_asigna='322559' AND horas_teoricas > 0 [1][0] OK
C:[04/08/2014 14:14:26.69][74.82.68.161][1312] SELECT horas_lab FROM tblaca008 WHERE c_asigna='322560' AND horas_teoricas > 0 [1][0] OK
C:[04/08/2014 14:14:29.57][186.94.81.28][1138] SELECT pre_cod_asig1,pre_cod_asig2,pre_cod_asig3,pre_cod_asig4,pre_cod_asig5,pre_cod_asig6,pre_cod_asig7 FROM tblaca009 WHERE pensum='5' AND c_uni_ca='4' AND c_asigna='333809' [1][0] OK
C:[04/08/2014 14:14:29.57][186.94.81.28][1151] SELECT c_asigna FROM dace004 WHERE exp_e='10-20037619' AND c_asigna='333683' AND status IN ('0','3','B','C') [1][0] OK
C:[04/08/2014 14:14:29.57][186.94.81.28][1151] SELECT c_asigna FROM dace004 WHERE exp_e='10-20037619' AND c_asigna='333710' AND status IN ('0','3','B','C') [1][0] OK
C:[04/08/2014 14:14:29.57][186.94.81.28][1138] SELECT pre_cod_asig1,pre_cod_asig2,pre_cod_asig3,pre_cod_asig4,pre_cod_asig5,pre_cod_asig6,pre_cod_asig7 FROM tblaca009 WHERE pensum='5' AND c_uni_ca='4' AND c_asigna='333830' [1][0] OK
C:[04/08/2014 14:14:29.57][186.94.81.28][1151] SELECT c_asigna FROM dace004 WHERE exp_e='10-20037619' AND c_asigna='333710' AND status IN ('0','3','B','C') [1][0] OK
C:[04/08/2014 14:14:29.57][186.94.81.28][1151] SELECT c_asigna FROM dace004 WHERE exp_e='10-20037619' AND c_asigna='333782' AND status IN ('0','3','B','C') [1][0] OK
C:[04/08/2014 14:14:29.57][186.94.81.28][1138] SELECT pre_cod_asig1,pre_cod_asig2,pre_cod_asig3,pre_cod_asig4,pre_cod_asig5,pre_cod_asig6,pre_cod_asig7 FROM tblaca009 WHERE pensum='5' AND c_uni_ca='4' AND c_asigna='300870' [1][0] OK
C:[04/08/2014 14:14:29.01][186.94.81.28][1182] SELECT par_cod_asig1,par_cod_asig2,par_cod_asig3 FROM tblaca009 WHERE pensum='5' AND c_uni_ca='4' AND c_asigna='333809' [1][0] OK
C:[04/08/2014 14:14:29.01][186.94.81.28][1182] SELECT par_cod_asig1,par_cod_asig2,par_cod_asig3 FROM tblaca009 WHERE pensum='5' AND c_uni_ca='4' AND c_asigna='333830' [1][0] OK
C:[04/08/2014 14:14:29.01][186.94.81.28][1182] SELECT par_cod_asig1,par_cod_asig2,par_cod_asig3 FROM tblaca009 WHERE pensum='5' AND c_uni_ca='4' AND c_asigna='300870' [1][0] OK
C:[04/08/2014 14:14:29.40][186.94.81.28][1312] SELECT horas_lab FROM tblaca008 WHERE c_asigna='333809' AND horas_teoricas > 0 [1][0] OK
C:[04/08/2014 14:14:29.40][186.94.81.28][1312] SELECT horas_lab FROM tblaca008 WHERE c_asigna='333830' AND horas_teoricas > 0 [1][0] OK
C:[04/08/2014 14:14:29.40][186.94.81.28][1312] SELECT horas_lab FROM tblaca008 WHERE c_asigna='300870' AND horas_teoricas > 0 [1][0] OK
C:[04/08/2014 14:15:37.25][186.88.110.172][1138] SELECT pre_cod_asig1,pre_cod_asig2,pre_cod_asig3,pre_cod_asig4,pre_cod_asig5,pre_cod_asig6,pre_cod_asig7 FROM tblaca009 WHERE pensum='5' AND c_uni_ca='2' AND c_asigna='322449' [1][0] OK
C:[04/08/2014 14:15:37.25][186.88.110.172][1151] SELECT c_asigna FROM dace004 WHERE exp_e='11-25595093' AND c_asigna='300222' AND status IN ('0','3','B','C') [1][0] OK
C:[04/08/2014 14:15:37.74][186.88.110.172][1182] SELECT par_cod_asig1,par_cod_asig2,par_cod_asig3 FROM tblaca009 WHERE pensum='5' AND c_uni_ca='2' AND c_asigna='322449' [1][0] OK
C:[04/08/2014 14:15:37.88][186.88.110.172][1312] SELECT horas_lab FROM tblaca008 WHERE c_asigna='322449' AND horas_teoricas > 0 [1][0] OK
C:[04/08/2014 14:21:26.82][190.199.80.77][1138] SELECT pre_cod_asig1,pre_cod_asig2,pre_cod_asig3,pre_cod_asig4,pre_cod_asig5,pre_cod_asig6,pre_cod_asig7 FROM tblaca009 WHERE pensum='5' AND c_uni_ca='2' AND c_asigna='300105' [1][0] OK
C:[04/08/2014 14:21:26.82][190.199.80.77][1138] SELECT pre_cod_asig1,pre_cod_asig2,pre_cod_asig3,pre_cod_asig4,pre_cod_asig5,pre_cod_asig6,pre_cod_asig7 FROM tblaca009 WHERE pensum='5' AND c_uni_ca='2' AND c_asigna='300222' [1][0] OK
C:[04/08/2014 14:21:26.82][190.199.80.77][1151] SELECT c_asigna FROM dace004 WHERE exp_e='10-20222069' AND c_asigna='300112' AND status IN ('0','3','B','C') [1][0] OK
C:[04/08/2014 14:21:26.82][190.199.80.77][1138] SELECT pre_cod_asig1,pre_cod_asig2,pre_cod_asig3,pre_cod_asig4,pre_cod_asig5,pre_cod_asig6,pre_cod_asig7 FROM tblaca009 WHERE pensum='5' AND c_uni_ca='2' AND c_asigna='300226' [1][0] OK
C:[04/08/2014 14:21:26.82][190.199.80.77][1151] SELECT c_asigna FROM dace004 WHERE exp_e='10-20222069' AND c_asigna='300116' AND status IN ('0','3','B','C') [1][0] OK
C:[04/08/2014 14:21:26.69][190.199.80.77][1182] SELECT par_cod_asig1,par_cod_asig2,par_cod_asig3 FROM tblaca009 WHERE pensum='5' AND c_uni_ca='2' AND c_asigna='300105' [1][0] OK
C:[04/08/2014 14:21:26.69][190.199.80.77][1182] SELECT par_cod_asig1,par_cod_asig2,par_cod_asig3 FROM tblaca009 WHERE pensum='5' AND c_uni_ca='2' AND c_asigna='300222' [1][0] OK
C:[04/08/2014 14:21:26.69][190.199.80.77][1182] SELECT par_cod_asig1,par_cod_asig2,par_cod_asig3 FROM tblaca009 WHERE pensum='5' AND c_uni_ca='2' AND c_asigna='300226' [1][0] OK
C:[04/08/2014 14:21:26.65][190.199.80.77][1312] SELECT horas_lab FROM tblaca008 WHERE c_asigna='300105' AND horas_teoricas > 0 [1][0] OK
C:[04/08/2014 14:21:26.65][190.199.80.77][1312] SELECT horas_lab FROM tblaca008 WHERE c_asigna='300222' AND horas_teoricas > 0 [1][0] OK
C:[04/08/2014 14:21:26.65][190.199.80.77][1312] SELECT horas_lab FROM tblaca008 WHERE c_asigna='300226' AND horas_teoricas > 0 [1][0] OK
C:[04/08/2014 14:22:32.28][186.94.81.28][1138] SELECT pre_cod_asig1,pre_cod_asig2,pre_cod_asig3,pre_cod_asig4,pre_cod_asig5,pre_cod_asig6,pre_cod_asig7 FROM tblaca009 WHERE pensum='5' AND c_uni_ca='4' AND c_asigna='300318' [1][0] OK
C:[04/08/2014 14:22:32.28][186.94.81.28][1151] SELECT c_asigna FROM dace004 WHERE exp_e='10-20805593' AND c_asigna='300228' AND status IN ('0','3','B','C') [1][0] OK
C:[04/08/2014 14:22:32.28][186.94.81.28][1151] SELECT c_asigna FROM dace004 WHERE exp_e='10-20805593' AND c_asigna='300207' AND status IN ('0','3','B','C') [1][0] OK
C:[04/08/2014 14:22:32.28][186.94.81.28][1151] SELECT c_asigna FROM dace004 WHERE exp_e='10-20805593' AND c_asigna='300218' AND status IN ('0','3','B','C') [1][0] OK
C:[04/08/2014 14:22:32.28][186.94.81.28][1138] SELECT pre_cod_asig1,pre_cod_asig2,pre_cod_asig3,pre_cod_asig4,pre_cod_asig5,pre_cod_asig6,pre_cod_asig7 FROM tblaca009 WHERE pensum='5' AND c_uni_ca='4' AND c_asigna='330310' [1][0] OK
C:[04/08/2014 14:22:32.28][186.94.81.28][1151] SELECT c_asigna FROM dace004 WHERE exp_e='10-20805593' AND c_asigna='300013' AND status IN ('0','3','B','C') [1][0] OK
C:[04/08/2014 14:22:32.28][186.94.81.28][1151] SELECT c_asigna FROM dace004 WHERE exp_e='10-20805593' AND c_asigna='300113' AND status IN ('0','3','B','C') [1][0] OK
C:[04/08/2014 14:22:33.40][186.94.81.28][1182] SELECT par_cod_asig1,par_cod_asig2,par_cod_asig3 FROM tblaca009 WHERE pensum='5' AND c_uni_ca='4' AND c_asigna='300318' [1][0] OK
C:[04/08/2014 14:22:33.40][186.94.81.28][1182] SELECT par_cod_asig1,par_cod_asig2,par_cod_asig3 FROM tblaca009 WHERE pensum='5' AND c_uni_ca='4' AND c_asigna='330310' [1][0] OK
C:[04/08/2014 14:22:33.66][186.94.81.28][1312] SELECT horas_lab FROM tblaca008 WHERE c_asigna='300318' AND horas_teoricas > 0 [1][0] OK
C:[04/08/2014 14:22:33.66][186.94.81.28][1312] SELECT horas_lab FROM tblaca008 WHERE c_asigna='330310' AND horas_teoricas > 0 [1][0] OK
C:[04/08/2014 14:22:38.04][190.74.177.95][1138] SELECT pre_cod_asig1,pre_cod_asig2,pre_cod_asig3,pre_cod_asig4,pre_cod_asig5,pre_cod_asig6,pre_cod_asig7 FROM tblaca009 WHERE pensum='5' AND c_uni_ca='6' AND c_asigna='344715' [1][0] OK
C:[04/08/2014 14:22:38.04][190.74.177.95][1151] SELECT c_asigna FROM dace004 WHERE exp_e='08-20805193' AND c_asigna='344688' AND status IN ('0','3','B','C') [1][0] OK
C:[04/08/2014 14:22:38.04][190.74.177.95][1151] SELECT c_asigna FROM dace004 WHERE exp_e='08-20805193' AND c_asigna='344613' AND status IN ('0','3','B','C') [1][0] OK
C:[04/08/2014 14:22:38.04][190.74.177.95][1138] SELECT pre_cod_asig1,pre_cod_asig2,pre_cod_asig3,pre_cod_asig4,pre_cod_asig5,pre_cod_asig6,pre_cod_asig7 FROM tblaca009 WHERE pensum='5' AND c_uni_ca='6' AND c_asigna='344742' [1][0] OK
C:[04/08/2014 14:22:38.04][190.74.177.95][1151] SELECT c_asigna FROM dace004 WHERE exp_e='08-20805193' AND c_asigna='344688' AND status IN ('0','3','B','C') [1][0] OK
C:[04/08/2014 14:22:38.04][190.74.177.95][1151] SELECT c_asigna FROM dace004 WHERE exp_e='08-20805193' AND c_asigna='342679' AND status IN ('0','3','B','C') [1][0] OK
C:[04/08/2014 14:22:38.79][190.74.177.95][1182] SELECT par_cod_asig1,par_cod_asig2,par_cod_asig3 FROM tblaca009 WHERE pensum='5' AND c_uni_ca='6' AND c_asigna='344715' [1][0] OK
C:[04/08/2014 14:22:38.79][190.74.177.95][1182] SELECT par_cod_asig1,par_cod_asig2,par_cod_asig3 FROM tblaca009 WHERE pensum='5' AND c_uni_ca='6' AND c_asigna='344742' [1][0] OK
C:[04/08/2014 14:22:38.05][190.74.177.95][1312] SELECT horas_lab FROM tblaca008 WHERE c_asigna='344715' AND horas_teoricas > 0 [1][0] OK
C:[04/08/2014 14:22:38.05][190.74.177.95][1312] SELECT horas_lab FROM tblaca008 WHERE c_asigna='344742' AND horas_teoricas > 0 [1][0] OK
C:[04/08/2014 14:23:42.90][186.94.81.28][1138] SELECT pre_cod_asig1,pre_cod_asig2,pre_cod_asig3,pre_cod_asig4,pre_cod_asig5,pre_cod_asig6,pre_cod_asig7 FROM tblaca009 WHERE pensum='5' AND c_uni_ca='3' AND c_asigna='300222' [1][0] OK
C:[04/08/2014 14:23:42.90][186.94.81.28][1151] SELECT c_asigna FROM dace004 WHERE exp_e='13-27219852' AND c_asigna='300112' AND status IN ('0','3','B','C') [1][0] OK
C:[04/08/2014 14:23:42.40][186.94.81.28][1182] SELECT par_cod_asig1,par_cod_asig2,par_cod_asig3 FROM tblaca009 WHERE pensum='5' AND c_uni_ca='3' AND c_asigna='300222' [1][0] OK
C:[04/08/2014 14:23:42.53][186.94.81.28][1312] SELECT horas_lab FROM tblaca008 WHERE c_asigna='300222' AND horas_teoricas > 0 [1][0] OK
C:[04/08/2014 14:23:45.30][181.18.51.15][1138] SELECT pre_cod_asig1,pre_cod_asig2,pre_cod_asig3,pre_cod_asig4,pre_cod_asig5,pre_cod_asig6,pre_cod_asig7 FROM tblaca009 WHERE pensum='5' AND c_uni_ca='2' AND c_asigna='300105' [1][0] OK
C:[04/08/2014 14:23:45.30][181.18.51.15][1138] SELECT pre_cod_asig1,pre_cod_asig2,pre_cod_asig3,pre_cod_asig4,pre_cod_asig5,pre_cod_asig6,pre_cod_asig7 FROM tblaca009 WHERE pensum='5' AND c_uni_ca='2' AND c_asigna='300101' [1][0] OK
C:[04/08/2014 14:23:45.30][181.18.51.15][1138] SELECT pre_cod_asig1,pre_cod_asig2,pre_cod_asig3,pre_cod_asig4,pre_cod_asig5,pre_cod_asig6,pre_cod_asig7 FROM tblaca009 WHERE pensum='5' AND c_uni_ca='2' AND c_asigna='300113' [1][0] OK
C:[04/08/2014 14:23:45.67][181.18.51.15][1182] SELECT par_cod_asig1,par_cod_asig2,par_cod_asig3 FROM tblaca009 WHERE pensum='5' AND c_uni_ca='2' AND c_asigna='300105' [1][0] OK
C:[04/08/2014 14:23:45.67][181.18.51.15][1182] SELECT par_cod_asig1,par_cod_asig2,par_cod_asig3 FROM tblaca009 WHERE pensum='5' AND c_uni_ca='2' AND c_asigna='300101' [1][0] OK
C:[04/08/2014 14:23:45.67][181.18.51.15][1182] SELECT par_cod_asig1,par_cod_asig2,par_cod_asig3 FROM tblaca009 WHERE pensum='5' AND c_uni_ca='2' AND c_asigna='300113' [1][0] OK
C:[04/08/2014 14:23:45.67][181.18.51.15][1196] SELECT c_asigna FROM dace004 WHERE exp_e='13-25619626' AND c_asigna='300013' AND status IN ('0','3','B','C') [1][0] OK
C:[04/08/2014 14:23:45.18][181.18.51.15][1312] SELECT horas_lab FROM tblaca008 WHERE c_asigna='300105' AND horas_teoricas > 0 [1][0] OK
C:[04/08/2014 14:23:45.18][181.18.51.15][1312] SELECT horas_lab FROM tblaca008 WHERE c_asigna='300101' AND horas_teoricas > 0 [1][0] OK
C:[04/08/2014 14:23:45.18][181.18.51.15][1312] SELECT horas_lab FROM tblaca008 WHERE c_asigna='300113' AND horas_teoricas > 0 [0][0] OK
C:[04/08/2014 14:25:02.10][190.199.80.77][1138] SELECT pre_cod_asig1,pre_cod_asig2,pre_cod_asig3,pre_cod_asig4,pre_cod_asig5,pre_cod_asig6,pre_cod_asig7 FROM tblaca009 WHERE pensum='5' AND c_uni_ca='2' AND c_asigna='300105' [1][0] OK
C:[04/08/2014 14:25:02.10][190.199.80.77][1138] SELECT pre_cod_asig1,pre_cod_asig2,pre_cod_asig3,pre_cod_asig4,pre_cod_asig5,pre_cod_asig6,pre_cod_asig7 FROM tblaca009 WHERE pensum='5' AND c_uni_ca='2' AND c_asigna='300222' [1][0] OK
C:[04/08/2014 14:25:02.10][190.199.80.77][1151] SELECT c_asigna FROM dace004 WHERE exp_e='10-20222069' AND c_asigna='300112' AND status IN ('0','3','B','C') [1][0] OK
C:[04/08/2014 14:25:02.10][190.199.80.77][1138] SELECT pre_cod_asig1,pre_cod_asig2,pre_cod_asig3,pre_cod_asig4,pre_cod_asig5,pre_cod_asig6,pre_cod_asig7 FROM tblaca009 WHERE pensum='5' AND c_uni_ca='2' AND c_asigna='300228' [1][0] OK
C:[04/08/2014 14:25:02.10][190.199.80.77][1151] SELECT c_asigna FROM dace004 WHERE exp_e='10-20222069' AND c_asigna='300101' AND status IN ('0','3','B','C') [1][0] OK
C:[04/08/2014 14:25:02.53][190.199.80.77][1182] SELECT par_cod_asig1,par_cod_asig2,par_cod_asig3 FROM tblaca009 WHERE pensum='5' AND c_uni_ca='2' AND c_asigna='300105' [1][0] OK
C:[04/08/2014 14:25:02.53][190.199.80.77][1182] SELECT par_cod_asig1,par_cod_asig2,par_cod_asig3 FROM tblaca009 WHERE pensum='5' AND c_uni_ca='2' AND c_asigna='300222' [1][0] OK
C:[04/08/2014 14:25:02.53][190.199.80.77][1182] SELECT par_cod_asig1,par_cod_asig2,par_cod_asig3 FROM tblaca009 WHERE pensum='5' AND c_uni_ca='2' AND c_asigna='300228' [1][0] OK
C:[04/08/2014 14:25:02.93][190.199.80.77][1312] SELECT horas_lab FROM tblaca008 WHERE c_asigna='300105' AND horas_teoricas > 0 [1][0] OK
C:[04/08/2014 14:25:02.93][190.199.80.77][1312] SELECT horas_lab FROM tblaca008 WHERE c_asigna='300222' AND horas_teoricas > 0 [1][0] OK
C:[04/08/2014 14:25:02.93][190.199.80.77][1312] SELECT horas_lab FROM tblaca008 WHERE c_asigna='300228' AND horas_teoricas > 0 [1][0] OK
C:[04/08/2014 14:25:33.53][186.94.81.28][1138] SELECT pre_cod_asig1,pre_cod_asig2,pre_cod_asig3,pre_cod_asig4,pre_cod_asig5,pre_cod_asig6,pre_cod_asig7 FROM tblaca009 WHERE pensum='5' AND c_uni_ca='2' AND c_asigna='300226' [1][0] OK
C:[04/08/2014 14:25:33.53][186.94.81.28][1151] SELECT c_asigna FROM dace004 WHERE exp_e='11-20882894' AND c_asigna='300116' AND status IN ('0','3','B','C') [1][0] OK
C:[04/08/2014 14:25:33.53][186.94.81.28][1138] SELECT pre_cod_asig1,pre_cod_asig2,pre_cod_asig3,pre_cod_asig4,pre_cod_asig5,pre_cod_asig6,pre_cod_asig7 FROM tblaca009 WHERE pensum='5' AND c_uni_ca='2' AND c_asigna='320311' [1][0] OK
C:[04/08/2014 14:25:33.53][186.94.81.28][1151] SELECT c_asigna FROM dace004 WHERE exp_e='11-20882894' AND c_asigna='300013' AND status IN ('0','3','B','C') [1][0] OK
C:[04/08/2014 14:25:33.53][186.94.81.28][1151] SELECT c_asigna FROM dace004 WHERE exp_e='11-20882894' AND c_asigna='300113' AND status IN ('0','3','B','C') [1][0] OK
C:[04/08/2014 14:25:33.40][186.94.81.28][1182] SELECT par_cod_asig1,par_cod_asig2,par_cod_asig3 FROM tblaca009 WHERE pensum='5' AND c_uni_ca='2' AND c_asigna='300226' [1][0] OK
C:[04/08/2014 14:25:33.40][186.94.81.28][1182] SELECT par_cod_asig1,par_cod_asig2,par_cod_asig3 FROM tblaca009 WHERE pensum='5' AND c_uni_ca='2' AND c_asigna='320311' [1][0] OK
C:[04/08/2014 14:25:33.67][186.94.81.28][1312] SELECT horas_lab FROM tblaca008 WHERE c_asigna='300226' AND horas_teoricas > 0 [1][0] OK
C:[04/08/2014 14:25:33.67][186.94.81.28][1312] SELECT horas_lab FROM tblaca008 WHERE c_asigna='320311' AND horas_teoricas > 0 [1][0] OK
C:[04/08/2014 14:26:54.87][190.37.159.122][1138] SELECT pre_cod_asig1,pre_cod_asig2,pre_cod_asig3,pre_cod_asig4,pre_cod_asig5,pre_cod_asig6,pre_cod_asig7 FROM tblaca009 WHERE pensum='5' AND c_uni_ca='5' AND c_asigna='355573' [1][0] OK
C:[04/08/2014 14:26:54.87][190.37.159.122][1151] SELECT c_asigna FROM dace004 WHERE exp_e='99-16025982' AND c_asigna='355448' AND status IN ('0','3','B','C') [1][0] OK
C:[04/08/2014 14:26:54.87][190.37.159.122][1138] SELECT pre_cod_asig1,pre_cod_asig2,pre_cod_asig3,pre_cod_asig4,pre_cod_asig5,pre_cod_asig6,pre_cod_asig7 FROM tblaca009 WHERE pensum='5' AND c_uni_ca='5' AND c_asigna='355692' [1][0] OK
C:[04/08/2014 14:26:54.87][190.37.159.122][1151] SELECT c_asigna FROM dace004 WHERE exp_e='99-16025982' AND c_asigna='355448' AND status IN ('0','3','B','C') [1][0] OK
C:[04/08/2014 14:26:54.87][190.37.159.122][1151] SELECT c_asigna FROM dace004 WHERE exp_e='99-16025982' AND c_asigna='355570' AND status IN ('0','3','B','C') [1][0] OK
C:[04/08/2014 14:26:54.74][190.37.159.122][1182] SELECT par_cod_asig1,par_cod_asig2,par_cod_asig3 FROM tblaca009 WHERE pensum='5' AND c_uni_ca='5' AND c_asigna='355573' [1][0] OK
C:[04/08/2014 14:26:54.74][190.37.159.122][1182] SELECT par_cod_asig1,par_cod_asig2,par_cod_asig3 FROM tblaca009 WHERE pensum='5' AND c_uni_ca='5' AND c_asigna='355692' [1][0] OK
C:[04/08/2014 14:26:54.00][190.37.159.122][1312] SELECT horas_lab FROM tblaca008 WHERE c_asigna='355573' AND horas_teoricas > 0 [1][0] OK
C:[04/08/2014 14:26:54.00][190.37.159.122][1312] SELECT horas_lab FROM tblaca008 WHERE c_asigna='355692' AND horas_teoricas > 0 [1][0] OK
C:[04/08/2014 14:29:27.90][186.90.221.138][1138] SELECT pre_cod_asig1,pre_cod_asig2,pre_cod_asig3,pre_cod_asig4,pre_cod_asig5,pre_cod_asig6,pre_cod_asig7 FROM tblaca009 WHERE pensum='5' AND c_uni_ca='2' AND c_asigna='300222' [1][0] OK
C:[04/08/2014 14:29:27.90][186.90.221.138][1151] SELECT c_asigna FROM dace004 WHERE exp_e='13-24716650' AND c_asigna='300112' AND status IN ('0','3','B','C') [1][0] OK
C:[04/08/2014 14:29:27.40][186.90.221.138][1182] SELECT par_cod_asig1,par_cod_asig2,par_cod_asig3 FROM tblaca009 WHERE pensum='5' AND c_uni_ca='2' AND c_asigna='300222' [1][0] OK
C:[04/08/2014 14:29:27.53][186.90.221.138][1312] SELECT horas_lab FROM tblaca008 WHERE c_asigna='300222' AND horas_teoricas > 0 [1][0] OK
C:[04/08/2014 14:29:27.53][190.75.167.81][1138] SELECT pre_cod_asig1,pre_cod_asig2,pre_cod_asig3,pre_cod_asig4,pre_cod_asig5,pre_cod_asig6,pre_cod_asig7 FROM tblaca009 WHERE pensum='5' AND c_uni_ca='3' AND c_asigna='311822' [1][0] OK
C:[04/08/2014 14:29:27.53][190.75.167.81][1151] SELECT c_asigna FROM dace004 WHERE exp_e='06-19904246' AND c_asigna='311795' AND status IN ('0','3','B','C') [1][0] OK
C:[04/08/2014 14:29:27.78][190.75.167.81][1182] SELECT par_cod_asig1,par_cod_asig2,par_cod_asig3 FROM tblaca009 WHERE pensum='5' AND c_uni_ca='3' AND c_asigna='311822' [1][0] OK
C:[04/08/2014 14:29:27.91][190.75.167.81][1312] SELECT horas_lab FROM tblaca008 WHERE c_asigna='311822' AND horas_teoricas > 0 [1][0] OK
C:[04/08/2014 14:33:30.12][190.198.84.10][1138] SELECT pre_cod_asig1,pre_cod_asig2,pre_cod_asig3,pre_cod_asig4,pre_cod_asig5,pre_cod_asig6,pre_cod_asig7 FROM tblaca009 WHERE pensum='5' AND c_uni_ca='6' AND c_asigna='300101' [1][0] OK
C:[04/08/2014 14:33:30.49][190.198.84.10][1182] SELECT par_cod_asig1,par_cod_asig2,par_cod_asig3 FROM tblaca009 WHERE pensum='5' AND c_uni_ca='6' AND c_asigna='300101' [1][0] OK
C:[04/08/2014 14:33:31.63][190.198.84.10][1312] SELECT horas_lab FROM tblaca008 WHERE c_asigna='300101' AND horas_teoricas > 0 [1][0] OK
C:[04/08/2014 14:34:18.71][186.94.81.28][1138] SELECT pre_cod_asig1,pre_cod_asig2,pre_cod_asig3,pre_cod_asig4,pre_cod_asig5,pre_cod_asig6,pre_cod_asig7 FROM tblaca009 WHERE pensum='5' AND c_uni_ca='4' AND c_asigna='300209' [1][0] OK
C:[04/08/2014 14:34:18.71][186.94.81.28][1151] SELECT c_asigna FROM dace004 WHERE exp_e='12-24482344' AND c_asigna='300101' AND status IN ('0','3','B','C') [1][0] OK
C:[04/08/2014 14:34:18.71][186.94.81.28][1138] SELECT pre_cod_asig1,pre_cod_asig2,pre_cod_asig3,pre_cod_asig4,pre_cod_asig5,pre_cod_asig6,pre_cod_asig7 FROM tblaca009 WHERE pensum='5' AND c_uni_ca='4' AND c_asigna='300318' [1][0] OK
C:[04/08/2014 14:34:18.71][186.94.81.28][1151] SELECT c_asigna FROM dace004 WHERE exp_e='12-24482344' AND c_asigna='300228' AND status IN ('0','3','B','C') [1][0] OK
C:[04/08/2014 14:34:18.71][186.94.81.28][1151] SELECT c_asigna FROM dace004 WHERE exp_e='12-24482344' AND c_asigna='300207' AND status IN ('0','3','B','C') [1][0] OK
C:[04/08/2014 14:34:18.71][186.94.81.28][1151] SELECT c_asigna FROM dace004 WHERE exp_e='12-24482344' AND c_asigna='300218' AND status IN ('0','3','B','C') [1][0] OK
C:[04/08/2014 14:34:18.71][186.94.81.28][1182] SELECT par_cod_asig1,par_cod_asig2,par_cod_asig3 FROM tblaca009 WHERE pensum='5' AND c_uni_ca='4' AND c_asigna='300209' [1][0] OK
C:[04/08/2014 14:34:18.71][186.94.81.28][1182] SELECT par_cod_asig1,par_cod_asig2,par_cod_asig3 FROM tblaca009 WHERE pensum='5' AND c_uni_ca='4' AND c_asigna='300318' [1][0] OK
C:[04/08/2014 14:34:18.97][186.94.81.28][1312] SELECT horas_lab FROM tblaca008 WHERE c_asigna='300209' AND horas_teoricas > 0 [1][0] OK
C:[04/08/2014 14:34:18.97][186.94.81.28][1312] SELECT horas_lab FROM tblaca008 WHERE c_asigna='300318' AND horas_teoricas > 0 [1][0] OK
C:[04/08/2014 14:35:03.87][190.207.37.114][1138] SELECT pre_cod_asig1,pre_cod_asig2,pre_cod_asig3,pre_cod_asig4,pre_cod_asig5,pre_cod_asig6,pre_cod_asig7 FROM tblaca009 WHERE pensum='5' AND c_uni_ca='5' AND c_asigna='300222' [1][0] OK
C:[04/08/2014 14:35:03.87][190.207.37.114][1151] SELECT c_asigna FROM dace004 WHERE exp_e='03-18077402' AND c_asigna='300112' AND status IN ('0','3','B','C') [1][0] OK
C:[04/08/2014 14:35:03.37][190.207.37.114][1182] SELECT par_cod_asig1,par_cod_asig2,par_cod_asig3 FROM tblaca009 WHERE pensum='5' AND c_uni_ca='5' AND c_asigna='300222' [1][0] OK
C:[04/08/2014 14:35:03.51][190.207.37.114][1312] SELECT horas_lab FROM tblaca008 WHERE c_asigna='300222' AND horas_teoricas > 0 [1][0] OK
C:[04/08/2014 14:37:12.39][186.94.81.28][1138] SELECT pre_cod_asig1,pre_cod_asig2,pre_cod_asig3,pre_cod_asig4,pre_cod_asig5,pre_cod_asig6,pre_cod_asig7 FROM tblaca009 WHERE pensum='5' AND c_uni_ca='3' AND c_asigna='300207' [1][0] OK
C:[04/08/2014 14:37:12.39][186.94.81.28][1151] SELECT c_asigna FROM dace004 WHERE exp_e='13-25793198' AND c_asigna='300101' AND status IN ('0','3','B','C') [1][0] OK
C:[04/08/2014 14:37:12.39][186.94.81.28][1138] SELECT pre_cod_asig1,pre_cod_asig2,pre_cod_asig3,pre_cod_asig4,pre_cod_asig5,pre_cod_asig6,pre_cod_asig7 FROM tblaca009 WHERE pensum='5' AND c_uni_ca='3' AND c_asigna='300228' [1][0] OK
C:[04/08/2014 14:37:12.39][186.94.81.28][1151] SELECT c_asigna FROM dace004 WHERE exp_e='13-25793198' AND c_asigna='300101' AND status IN ('0','3','B','C') [1][0] OK
C:[04/08/2014 14:37:12.39][186.94.81.28][1138] SELECT pre_cod_asig1,pre_cod_asig2,pre_cod_asig3,pre_cod_asig4,pre_cod_asig5,pre_cod_asig6,pre_cod_asig7 FROM tblaca009 WHERE pensum='5' AND c_uni_ca='3' AND c_asigna='300209' [1][0] OK
C:[04/08/2014 14:37:12.39][186.94.81.28][1151] SELECT c_asigna FROM dace004 WHERE exp_e='13-25793198' AND c_asigna='300101' AND status IN ('0','3','B','C') [1][0] OK
C:[04/08/2014 14:37:12.39][186.94.81.28][1182] SELECT par_cod_asig1,par_cod_asig2,par_cod_asig3 FROM tblaca009 WHERE pensum='5' AND c_uni_ca='3' AND c_asigna='300207' [1][0] OK
C:[04/08/2014 14:37:12.39][186.94.81.28][1182] SELECT par_cod_asig1,par_cod_asig2,par_cod_asig3 FROM tblaca009 WHERE pensum='5' AND c_uni_ca='3' AND c_asigna='300228' [1][0] OK
C:[04/08/2014 14:37:12.39][186.94.81.28][1182] SELECT par_cod_asig1,par_cod_asig2,par_cod_asig3 FROM tblaca009 WHERE pensum='5' AND c_uni_ca='3' AND c_asigna='300209' [1][0] OK
C:[04/08/2014 14:37:12.78][186.94.81.28][1312] SELECT horas_lab FROM tblaca008 WHERE c_asigna='300207' AND horas_teoricas > 0 [1][0] OK
C:[04/08/2014 14:37:12.78][186.94.81.28][1312] SELECT horas_lab FROM tblaca008 WHERE c_asigna='300228' AND horas_teoricas > 0 [1][0] OK
C:[04/08/2014 14:37:12.78][186.94.81.28][1312] SELECT horas_lab FROM tblaca008 WHERE c_asigna='300209' AND horas_teoricas > 0 [1][0] OK
C:[04/08/2014 14:37:30.28][190.77.212.4][1138] SELECT pre_cod_asig1,pre_cod_asig2,pre_cod_asig3,pre_cod_asig4,pre_cod_asig5,pre_cod_asig6,pre_cod_asig7 FROM tblaca009 WHERE pensum='5' AND c_uni_ca='3' AND c_asigna='300428' [1][0] OK
C:[04/08/2014 14:37:30.28][190.77.212.4][1151] SELECT c_asigna FROM dace004 WHERE exp_e='09-20286428' AND c_asigna='300317' AND status IN ('0','3','B','C') [1][0] OK
C:[04/08/2014 14:37:30.28][190.77.212.4][1151] SELECT c_asigna FROM dace004 WHERE exp_e='09-20286428' AND c_asigna='300209' AND status IN ('0','3','B','C') [1][0] OK
C:[04/08/2014 14:37:30.91][190.77.212.4][1182] SELECT par_cod_asig1,par_cod_asig2,par_cod_asig3 FROM tblaca009 WHERE pensum='5' AND c_uni_ca='3' AND c_asigna='300428' [1][0] OK
C:[04/08/2014 14:37:30.04][190.77.212.4][1312] SELECT horas_lab FROM tblaca008 WHERE c_asigna='300428' AND horas_teoricas > 0 [1][0] OK
C:[04/08/2014 14:38:56.55][172.16.4.254][1138] SELECT pre_cod_asig1,pre_cod_asig2,pre_cod_asig3,pre_cod_asig4,pre_cod_asig5,pre_cod_asig6,pre_cod_asig7 FROM tblaca009 WHERE pensum='5' AND c_uni_ca='6' AND c_asigna='342567' [1][0] OK
C:[04/08/2014 14:38:56.55][172.16.4.254][1151] SELECT c_asigna FROM dace004 WHERE exp_e='07-18667804' AND c_asigna='342444' AND status IN ('0','3','B','C') [1][0] OK
C:[04/08/2014 14:38:56.05][172.16.4.254][1182] SELECT par_cod_asig1,par_cod_asig2,par_cod_asig3 FROM tblaca009 WHERE pensum='5' AND c_uni_ca='6' AND c_asigna='342567' [1][0] OK
C:[04/08/2014 14:38:56.19][172.16.4.254][1312] SELECT horas_lab FROM tblaca008 WHERE c_asigna='342567' AND horas_teoricas > 0 [1][0] OK
C:[04/08/2014 14:40:11.34][186.94.81.28][1138] SELECT pre_cod_asig1,pre_cod_asig2,pre_cod_asig3,pre_cod_asig4,pre_cod_asig5,pre_cod_asig6,pre_cod_asig7 FROM tblaca009 WHERE pensum='5' AND c_uni_ca='4' AND c_asigna='300013' [1][0] OK
C:[04/08/2014 14:40:11.34][186.94.81.28][1138] SELECT pre_cod_asig1,pre_cod_asig2,pre_cod_asig3,pre_cod_asig4,pre_cod_asig5,pre_cod_asig6,pre_cod_asig7 FROM tblaca009 WHERE pensum='5' AND c_uni_ca='4' AND c_asigna='300101' [1][0] OK
C:[04/08/2014 14:40:11.34][186.94.81.28][1138] SELECT pre_cod_asig1,pre_cod_asig2,pre_cod_asig3,pre_cod_asig4,pre_cod_asig5,pre_cod_asig6,pre_cod_asig7 FROM tblaca009 WHERE pensum='5' AND c_uni_ca='4' AND c_asigna='300112' [1][0] OK
C:[04/08/2014 14:40:11.97][186.94.81.28][1182] SELECT par_cod_asig1,par_cod_asig2,par_cod_asig3 FROM tblaca009 WHERE pensum='5' AND c_uni_ca='4' AND c_asigna='300013' [1][0] OK
C:[04/08/2014 14:40:11.97][186.94.81.28][1182] SELECT par_cod_asig1,par_cod_asig2,par_cod_asig3 FROM tblaca009 WHERE pensum='5' AND c_uni_ca='4' AND c_asigna='300101' [1][0] OK
C:[04/08/2014 14:40:11.97][186.94.81.28][1182] SELECT par_cod_asig1,par_cod_asig2,par_cod_asig3 FROM tblaca009 WHERE pensum='5' AND c_uni_ca='4' AND c_asigna='300112' [1][0] OK
C:[04/08/2014 14:40:11.35][186.94.81.28][1312] SELECT horas_lab FROM tblaca008 WHERE c_asigna='300013' AND horas_teoricas > 0 [1][0] OK
C:[04/08/2014 14:40:11.35][186.94.81.28][1312] SELECT horas_lab FROM tblaca008 WHERE c_asigna='300101' AND horas_teoricas > 0 [1][0] OK
C:[04/08/2014 14:40:11.35][186.94.81.28][1312] SELECT horas_lab FROM tblaca008 WHERE c_asigna='300112' AND horas_teoricas > 0 [1][0] OK
C:[04/08/2014 14:41:23.88][190.206.52.244][1138] SELECT pre_cod_asig1,pre_cod_asig2,pre_cod_asig3,pre_cod_asig4,pre_cod_asig5,pre_cod_asig6,pre_cod_asig7 FROM tblaca009 WHERE pensum='5' AND c_uni_ca='4' AND c_asigna='333809' [1][0] OK
C:[04/08/2014 14:41:23.88][190.206.52.244][1151] SELECT c_asigna FROM dace004 WHERE exp_e='08-18943596' AND c_asigna='333683' AND status IN ('0','3','B','C') [1][0] OK
C:[04/08/2014 14:41:23.88][190.206.52.244][1151] SELECT c_asigna FROM dace004 WHERE exp_e='08-18943596' AND c_asigna='333710' AND status IN ('0','3','B','C') [1][0] OK
C:[04/08/2014 14:41:23.88][190.206.52.244][1138] SELECT pre_cod_asig1,pre_cod_asig2,pre_cod_asig3,pre_cod_asig4,pre_cod_asig5,pre_cod_asig6,pre_cod_asig7 FROM tblaca009 WHERE pensum='5' AND c_uni_ca='4' AND c_asigna='333830' [1][0] OK
C:[04/08/2014 14:41:23.88][190.206.52.244][1151] SELECT c_asigna FROM dace004 WHERE exp_e='08-18943596' AND c_asigna='333710' AND status IN ('0','3','B','C') [1][0] OK
C:[04/08/2014 14:41:23.88][190.206.52.244][1151] SELECT c_asigna FROM dace004 WHERE exp_e='08-18943596' AND c_asigna='333782' AND status IN ('0','3','B','C') [1][0] OK
C:[04/08/2014 14:41:23.88][190.206.52.244][1138] SELECT pre_cod_asig1,pre_cod_asig2,pre_cod_asig3,pre_cod_asig4,pre_cod_asig5,pre_cod_asig6,pre_cod_asig7 FROM tblaca009 WHERE pensum='5' AND c_uni_ca='4' AND c_asigna='300870' [1][0] OK
C:[04/08/2014 14:41:23.01][190.206.52.244][1182] SELECT par_cod_asig1,par_cod_asig2,par_cod_asig3 FROM tblaca009 WHERE pensum='5' AND c_uni_ca='4' AND c_asigna='333809' [1][0] OK
C:[04/08/2014 14:41:23.01][190.206.52.244][1182] SELECT par_cod_asig1,par_cod_asig2,par_cod_asig3 FROM tblaca009 WHERE pensum='5' AND c_uni_ca='4' AND c_asigna='333830' [1][0] OK
C:[04/08/2014 14:41:23.01][190.206.52.244][1182] SELECT par_cod_asig1,par_cod_asig2,par_cod_asig3 FROM tblaca009 WHERE pensum='5' AND c_uni_ca='4' AND c_asigna='300870' [1][0] OK
C:[04/08/2014 14:41:23.39][190.206.52.244][1312] SELECT horas_lab FROM tblaca008 WHERE c_asigna='333809' AND horas_teoricas > 0 [1][0] OK
C:[04/08/2014 14:41:23.39][190.206.52.244][1312] SELECT horas_lab FROM tblaca008 WHERE c_asigna='333830' AND horas_teoricas > 0 [1][0] OK
C:[04/08/2014 14:41:23.39][190.206.52.244][1312] SELECT horas_lab FROM tblaca008 WHERE c_asigna='300870' AND horas_teoricas > 0 [1][0] OK
C:[04/08/2014 14:41:25.48][190.74.189.223][1138] SELECT pre_cod_asig1,pre_cod_asig2,pre_cod_asig3,pre_cod_asig4,pre_cod_asig5,pre_cod_asig6,pre_cod_asig7 FROM tblaca009 WHERE pensum='5' AND c_uni_ca='3' AND c_asigna='311704' [1][0] OK
C:[04/08/2014 14:41:25.48][190.74.189.223][1151] SELECT c_asigna FROM dace004 WHERE exp_e='06-18885800' AND c_asigna='315671' AND status IN ('0','3','B','C') [1][0] OK
C:[04/08/2014 14:41:25.48][190.74.189.223][1138] SELECT pre_cod_asig1,pre_cod_asig2,pre_cod_asig3,pre_cod_asig4,pre_cod_asig5,pre_cod_asig6,pre_cod_asig7 FROM tblaca009 WHERE pensum='5' AND c_uni_ca='3' AND c_asigna='311796' [1][0] OK
C:[04/08/2014 14:41:25.48][190.74.189.223][1151] SELECT c_asigna FROM dace004 WHERE exp_e='06-18885800' AND c_asigna='315671' AND status IN ('0','3','B','C') [1][0] OK
C:[04/08/2014 14:41:25.99][190.74.189.223][1182] SELECT par_cod_asig1,par_cod_asig2,par_cod_asig3 FROM tblaca009 WHERE pensum='5' AND c_uni_ca='3' AND c_asigna='311704' [1][0] OK
C:[04/08/2014 14:41:25.99][190.74.189.223][1182] SELECT par_cod_asig1,par_cod_asig2,par_cod_asig3 FROM tblaca009 WHERE pensum='5' AND c_uni_ca='3' AND c_asigna='311796' [1][0] OK
C:[04/08/2014 14:41:25.25][190.74.189.223][1312] SELECT horas_lab FROM tblaca008 WHERE c_asigna='311704' AND horas_teoricas > 0 [1][0] OK
C:[04/08/2014 14:41:25.25][190.74.189.223][1312] SELECT horas_lab FROM tblaca008 WHERE c_asigna='311796' AND horas_teoricas > 0 [1][0] OK
C:[04/08/2014 14:41:39.54][190.207.53.187][1138] SELECT pre_cod_asig1,pre_cod_asig2,pre_cod_asig3,pre_cod_asig4,pre_cod_asig5,pre_cod_asig6,pre_cod_asig7 FROM tblaca009 WHERE pensum='5' AND c_uni_ca='5' AND c_asigna='355571' [1][0] OK
C:[04/08/2014 14:41:39.54][190.207.53.187][1151] SELECT c_asigna FROM dace004 WHERE exp_e='98-15251883' AND c_asigna='355447' AND status IN ('0','3','B','C') [1][0] OK
C:[04/08/2014 14:41:39.54][190.207.53.187][1138] SELECT pre_cod_asig1,pre_cod_asig2,pre_cod_asig3,pre_cod_asig4,pre_cod_asig5,pre_cod_asig6,pre_cod_asig7 FROM tblaca009 WHERE pensum='5' AND c_uni_ca='5' AND c_asigna='355570' [1][0] OK
C:[04/08/2014 14:41:39.54][190.207.53.187][1151] SELECT c_asigna FROM dace004 WHERE exp_e='98-15251883' AND c_asigna='355447' AND status IN ('0','3','B','C') [1][0] OK
C:[04/08/2014 14:41:39.30][190.207.53.187][1182] SELECT par_cod_asig1,par_cod_asig2,par_cod_asig3 FROM tblaca009 WHERE pensum='5' AND c_uni_ca='5' AND c_asigna='355571' [1][0] OK
C:[04/08/2014 14:41:39.30][190.207.53.187][1182] SELECT par_cod_asig1,par_cod_asig2,par_cod_asig3 FROM tblaca009 WHERE pensum='5' AND c_uni_ca='5' AND c_asigna='355570' [1][0] OK
C:[04/08/2014 14:41:39.55][190.207.53.187][1312] SELECT horas_lab FROM tblaca008 WHERE c_asigna='355571' AND horas_teoricas > 0 [1][0] OK
C:[04/08/2014 14:41:39.55][190.207.53.187][1312] SELECT horas_lab FROM tblaca008 WHERE c_asigna='355570' AND horas_teoricas > 0 [1][0] OK
C:[04/08/2014 14:44:20.23][181.183.69.72][1138] SELECT pre_cod_asig1,pre_cod_asig2,pre_cod_asig3,pre_cod_asig4,pre_cod_asig5,pre_cod_asig6,pre_cod_asig7 FROM tblaca009 WHERE pensum='5' AND c_uni_ca='4' AND c_asigna='300207' [1][0] OK
C:[04/08/2014 14:44:20.23][181.183.69.72][1151] SELECT c_asigna FROM dace004 WHERE exp_e='11-24559231' AND c_asigna='300101' AND status IN ('0','3','B','C') [1][0] OK
C:[04/08/2014 14:44:20.73][181.183.69.72][1182] SELECT par_cod_asig1,par_cod_asig2,par_cod_asig3 FROM tblaca009 WHERE pensum='5' AND c_uni_ca='4' AND c_asigna='300207' [1][0] OK
C:[04/08/2014 14:44:20.86][181.183.69.72][1312] SELECT horas_lab FROM tblaca008 WHERE c_asigna='300207' AND horas_teoricas > 0 [1][0] OK
C:[04/08/2014 14:44:22.91][181.183.69.72][1138] SELECT pre_cod_asig1,pre_cod_asig2,pre_cod_asig3,pre_cod_asig4,pre_cod_asig5,pre_cod_asig6,pre_cod_asig7 FROM tblaca009 WHERE pensum='5' AND c_uni_ca='4' AND c_asigna='300207' [1][0] OK
C:[04/08/2014 14:44:22.91][181.183.69.72][1151] SELECT c_asigna FROM dace004 WHERE exp_e='11-24559231' AND c_asigna='300101' AND status IN ('0','3','B','C') [1][0] OK
C:[04/08/2014 14:44:22.16][181.183.69.72][1182] SELECT par_cod_asig1,par_cod_asig2,par_cod_asig3 FROM tblaca009 WHERE pensum='5' AND c_uni_ca='4' AND c_asigna='300207' [1][0] OK
C:[04/08/2014 14:44:22.31][181.183.69.72][1312] SELECT horas_lab FROM tblaca008 WHERE c_asigna='300207' AND horas_teoricas > 0 [1][0] OK
C:[04/08/2014 14:47:05.02][186.94.81.28][1138] SELECT pre_cod_asig1,pre_cod_asig2,pre_cod_asig3,pre_cod_asig4,pre_cod_asig5,pre_cod_asig6,pre_cod_asig7 FROM tblaca009 WHERE pensum='5' AND c_uni_ca='6' AND c_asigna='300113' [1][0] OK
C:[04/08/2014 14:47:05.40][186.94.81.28][1182] SELECT par_cod_asig1,par_cod_asig2,par_cod_asig3 FROM tblaca009 WHERE pensum='5' AND c_uni_ca='6' AND c_asigna='300113' [1][0] OK
C:[04/08/2014 14:47:05.40][186.94.81.28][1196] SELECT c_asigna FROM dace004 WHERE exp_e='11-24035995' AND c_asigna='300013' AND status IN ('0','3','B','C') [1][0] OK
C:[04/08/2014 14:47:05.66][186.94.81.28][1312] SELECT horas_lab FROM tblaca008 WHERE c_asigna='300113' AND horas_teoricas > 0 [0][0] OK
C:[04/08/2014 14:48:28.77][186.94.81.28][1138] SELECT pre_cod_asig1,pre_cod_asig2,pre_cod_asig3,pre_cod_asig4,pre_cod_asig5,pre_cod_asig6,pre_cod_asig7 FROM tblaca009 WHERE pensum='5' AND c_uni_ca='4' AND c_asigna='333440' [1][0] OK
C:[04/08/2014 14:48:28.77][186.94.81.28][1151] SELECT c_asigna FROM dace004 WHERE exp_e='09-21235212' AND c_asigna='300317' AND status IN ('0','3','B','C') [1][0] OK
C:[04/08/2014 14:48:28.77][186.94.81.28][1151] SELECT c_asigna FROM dace004 WHERE exp_e='09-21235212' AND c_asigna='330310' AND status IN ('0','3','B','C') [1][0] OK
C:[04/08/2014 14:48:28.77][186.94.81.28][1151] SELECT c_asigna FROM dace004 WHERE exp_e='09-21235212' AND c_asigna='300209' AND status IN ('0','3','B','C') [1][0] OK
C:[04/08/2014 14:48:28.77][186.94.81.28][1138] SELECT pre_cod_asig1,pre_cod_asig2,pre_cod_asig3,pre_cod_asig4,pre_cod_asig5,pre_cod_asig6,pre_cod_asig7 FROM tblaca009 WHERE pensum='5' AND c_uni_ca='4' AND c_asigna='333564' [1][0] OK
C:[04/08/2014 14:48:28.77][186.94.81.28][1151] SELECT c_asigna FROM dace004 WHERE exp_e='09-21235212' AND c_asigna='333441' AND status IN ('0','3','B','C') [1][0] OK
C:[04/08/2014 14:48:28.77][186.94.81.28][1182] SELECT par_cod_asig1,par_cod_asig2,par_cod_asig3 FROM tblaca009 WHERE pensum='5' AND c_uni_ca='4' AND c_asigna='333440' [1][0] OK
C:[04/08/2014 14:48:28.77][186.94.81.28][1196] SELECT c_asigna FROM dace004 WHERE exp_e='09-21235212' AND c_asigna='333441' AND status IN ('0','3','B','C') [1][0] OK
C:[04/08/2014 14:48:28.77][186.94.81.28][1182] SELECT par_cod_asig1,par_cod_asig2,par_cod_asig3 FROM tblaca009 WHERE pensum='5' AND c_uni_ca='4' AND c_asigna='333564' [1][0] OK
C:[04/08/2014 14:48:28.16][186.94.81.28][1312] SELECT horas_lab FROM tblaca008 WHERE c_asigna='333440' AND horas_teoricas > 0 [1][0] OK
C:[04/08/2014 14:48:28.16][186.94.81.28][1312] SELECT horas_lab FROM tblaca008 WHERE c_asigna='333564' AND horas_teoricas > 0 [1][0] OK
C:[04/08/2014 14:51:24.56][186.94.81.28][1138] SELECT pre_cod_asig1,pre_cod_asig2,pre_cod_asig3,pre_cod_asig4,pre_cod_asig5,pre_cod_asig6,pre_cod_asig7 FROM tblaca009 WHERE pensum='5' AND c_uni_ca='5' AND c_asigna='355692' [1][0] OK
C:[04/08/2014 14:51:24.56][186.94.81.28][1151] SELECT c_asigna FROM dace004 WHERE exp_e='10-20654421' AND c_asigna='355448' AND status IN ('0','3','B','C') [1][0] OK
C:[04/08/2014 14:51:24.56][186.94.81.28][1151] SELECT c_asigna FROM dace004 WHERE exp_e='10-20654421' AND c_asigna='355570' AND status IN ('0','3','B','C') [1][0] OK
C:[04/08/2014 14:51:24.56][186.94.81.28][1138] SELECT pre_cod_asig1,pre_cod_asig2,pre_cod_asig3,pre_cod_asig4,pre_cod_asig5,pre_cod_asig6,pre_cod_asig7 FROM tblaca009 WHERE pensum='5' AND c_uni_ca='5' AND c_asigna='355693' [1][0] OK
C:[04/08/2014 14:51:24.56][186.94.81.28][1151] SELECT c_asigna FROM dace004 WHERE exp_e='10-20654421' AND c_asigna='355572' AND status IN ('0','3','B','C') [1][0] OK
C:[04/08/2014 14:51:24.56][186.94.81.28][1151] SELECT c_asigna FROM dace004 WHERE exp_e='10-20654421' AND c_asigna='352440' AND status IN ('0','3','B','C') [1][0] OK
C:[04/08/2014 14:51:24.56][186.94.81.28][1151] SELECT c_asigna FROM dace004 WHERE exp_e='10-20654421' AND c_asigna='355573' AND status IN ('0','3','B','C') [1][0] OK
C:[04/08/2014 14:51:24.56][186.94.81.28][1151] SELECT c_asigna FROM dace004 WHERE exp_e='10-20654421' AND c_asigna='300226' AND status IN ('0','3','B','C') [1][0] OK
C:[04/08/2014 14:51:24.56][186.94.81.28][1151] SELECT c_asigna FROM dace004 WHERE exp_e='10-20654421' AND c_asigna='300222' AND status IN ('0','3','B','C') [1][0] OK
C:[04/08/2014 14:51:24.56][186.94.81.28][1151] SELECT c_asigna FROM dace004 WHERE exp_e='10-20654421' AND c_asigna='300013' AND status IN ('0','3','B','C') [1][0] OK
C:[04/08/2014 14:51:24.56][186.94.81.28][1151] SELECT c_asigna FROM dace004 WHERE exp_e='10-20654421' AND c_asigna='300113' AND status IN ('0','3','B','C') [1][0] OK
C:[04/08/2014 14:51:24.30][186.94.81.28][1182] SELECT par_cod_asig1,par_cod_asig2,par_cod_asig3 FROM tblaca009 WHERE pensum='5' AND c_uni_ca='5' AND c_asigna='355692' [1][0] OK
C:[04/08/2014 14:51:24.30][186.94.81.28][1182] SELECT par_cod_asig1,par_cod_asig2,par_cod_asig3 FROM tblaca009 WHERE pensum='5' AND c_uni_ca='5' AND c_asigna='355693' [1][0] OK
C:[04/08/2014 14:51:24.57][186.94.81.28][1312] SELECT horas_lab FROM tblaca008 WHERE c_asigna='355692' AND horas_teoricas > 0 [1][0] OK
C:[04/08/2014 14:51:24.57][186.94.81.28][1312] SELECT horas_lab FROM tblaca008 WHERE c_asigna='355693' AND horas_teoricas > 0 [1][0] OK
C:[04/08/2014 14:51:30.06][200.62.19.43][1138] SELECT pre_cod_asig1,pre_cod_asig2,pre_cod_asig3,pre_cod_asig4,pre_cod_asig5,pre_cod_asig6,pre_cod_asig7 FROM tblaca009 WHERE pensum='5' AND c_uni_ca='4' AND c_asigna='333782' [1][0] OK
C:[04/08/2014 14:51:30.06][200.62.19.43][1151] SELECT c_asigna FROM dace004 WHERE exp_e='05-17641687' AND c_asigna='333606' AND status IN ('0','3','B','C') [1][0] OK
C:[04/08/2014 14:51:30.31][200.62.19.43][1182] SELECT par_cod_asig1,par_cod_asig2,par_cod_asig3 FROM tblaca009 WHERE pensum='5' AND c_uni_ca='4' AND c_asigna='333782' [1][0] OK
C:[04/08/2014 14:51:30.45][200.62.19.43][1312] SELECT horas_lab FROM tblaca008 WHERE c_asigna='333782' AND horas_teoricas > 0 [1][0] OK
C:[04/08/2014 14:55:22.58][186.94.81.28][1138] SELECT pre_cod_asig1,pre_cod_asig2,pre_cod_asig3,pre_cod_asig4,pre_cod_asig5,pre_cod_asig6,pre_cod_asig7 FROM tblaca009 WHERE pensum='5' AND c_uni_ca='3' AND c_asigna='300013' [1][0] OK
C:[04/08/2014 14:55:22.58][186.94.81.28][1138] SELECT pre_cod_asig1,pre_cod_asig2,pre_cod_asig3,pre_cod_asig4,pre_cod_asig5,pre_cod_asig6,pre_cod_asig7 FROM tblaca009 WHERE pensum='5' AND c_uni_ca='3' AND c_asigna='300113' [1][0] OK
C:[04/08/2014 14:55:22.52][186.94.81.28][1182] SELECT par_cod_asig1,par_cod_asig2,par_cod_asig3 FROM tblaca009 WHERE pensum='5' AND c_uni_ca='3' AND c_asigna='300013' [1][0] OK
C:[04/08/2014 14:55:22.52][186.94.81.28][1182] SELECT par_cod_asig1,par_cod_asig2,par_cod_asig3 FROM tblaca009 WHERE pensum='5' AND c_uni_ca='3' AND c_asigna='300113' [1][0] OK
C:[04/08/2014 14:55:22.52][186.94.81.28][1196] SELECT c_asigna FROM dace004 WHERE exp_e='08-21247686' AND c_asigna='300013' AND status IN ('0','3','B','C') [0][0] OK
C:[04/08/2014 14:55:22.90][186.94.81.28][1312] SELECT horas_lab FROM tblaca008 WHERE c_asigna='300013' AND horas_teoricas > 0 [1][0] OK
C:[04/08/2014 14:55:22.90][186.94.81.28][1312] SELECT horas_lab FROM tblaca008 WHERE c_asigna='300113' AND horas_teoricas > 0 [0][0] OK
C:[04/08/2014 14:55:42.45][186.89.221.33][1138] SELECT pre_cod_asig1,pre_cod_asig2,pre_cod_asig3,pre_cod_asig4,pre_cod_asig5,pre_cod_asig6,pre_cod_asig7 FROM tblaca009 WHERE pensum='5' AND c_uni_ca='2' AND c_asigna='322904' [1][0] OK
C:[04/08/2014 14:55:42.45][186.89.221.33][1151] SELECT c_asigna FROM dace004 WHERE exp_e='10-22630828' AND c_asigna='322782' AND status IN ('0','3','B','C') [1][0] OK
C:[04/08/2014 14:55:42.45][186.89.221.33][1151] SELECT c_asigna FROM dace004 WHERE exp_e='10-22630828' AND c_asigna='322801' AND status IN ('0','3','B','C') [1][0] OK
C:[04/08/2014 14:55:42.45][186.89.221.33][1138] SELECT pre_cod_asig1,pre_cod_asig2,pre_cod_asig3,pre_cod_asig4,pre_cod_asig5,pre_cod_asig6,pre_cod_asig7 FROM tblaca009 WHERE pensum='5' AND c_uni_ca='2' AND c_asigna='322936' [1][0] OK
C:[04/08/2014 14:55:42.45][186.89.221.33][1151] SELECT c_asigna FROM dace004 WHERE exp_e='10-22630828' AND c_asigna='322801' AND status IN ('0','3','B','C') [1][0] OK
C:[04/08/2014 14:55:42.45][186.89.221.33][1138] SELECT pre_cod_asig1,pre_cod_asig2,pre_cod_asig3,pre_cod_asig4,pre_cod_asig5,pre_cod_asig6,pre_cod_asig7 FROM tblaca009 WHERE pensum='5' AND c_uni_ca='2' AND c_asigna='322041' [1][0] OK
C:[04/08/2014 14:55:43.28][186.89.221.33][1182] SELECT par_cod_asig1,par_cod_asig2,par_cod_asig3 FROM tblaca009 WHERE pensum='5' AND c_uni_ca='2' AND c_asigna='322904' [1][0] OK
C:[04/08/2014 14:55:43.28][186.89.221.33][1182] SELECT par_cod_asig1,par_cod_asig2,par_cod_asig3 FROM tblaca009 WHERE pensum='5' AND c_uni_ca='2' AND c_asigna='322936' [1][0] OK
C:[04/08/2014 14:55:43.28][186.89.221.33][1182] SELECT par_cod_asig1,par_cod_asig2,par_cod_asig3 FROM tblaca009 WHERE pensum='5' AND c_uni_ca='2' AND c_asigna='322041' [1][0] OK
C:[04/08/2014 14:55:43.67][186.89.221.33][1312] SELECT horas_lab FROM tblaca008 WHERE c_asigna='322904' AND horas_teoricas > 0 [1][0] OK
C:[04/08/2014 14:55:43.67][186.89.221.33][1312] SELECT horas_lab FROM tblaca008 WHERE c_asigna='322936' AND horas_teoricas > 0 [1][0] OK
C:[04/08/2014 14:55:43.67][186.89.221.33][1312] SELECT horas_lab FROM tblaca008 WHERE c_asigna='322041' AND horas_teoricas > 0 [1][0] OK
C:[04/08/2014 14:55:51.52][190.199.80.77][1138] SELECT pre_cod_asig1,pre_cod_asig2,pre_cod_asig3,pre_cod_asig4,pre_cod_asig5,pre_cod_asig6,pre_cod_asig7 FROM tblaca009 WHERE pensum='5' AND c_uni_ca='2' AND c_asigna='300428' [1][0] OK
C:[04/08/2014 14:55:51.52][190.199.80.77][1151] SELECT c_asigna FROM dace004 WHERE exp_e='12-24174734' AND c_asigna='300317' AND status IN ('0','3','B','C') [1][0] OK
C:[04/08/2014 14:55:51.52][190.199.80.77][1151] SELECT c_asigna FROM dace004 WHERE exp_e='12-24174734' AND c_asigna='300209' AND status IN ('0','3','B','C') [1][0] OK
C:[04/08/2014 14:55:51.90][190.199.80.77][1182] SELECT par_cod_asig1,par_cod_asig2,par_cod_asig3 FROM tblaca009 WHERE pensum='5' AND c_uni_ca='2' AND c_asigna='300428' [1][0] OK
C:[04/08/2014 14:55:51.03][190.199.80.77][1312] SELECT horas_lab FROM tblaca008 WHERE c_asigna='300428' AND horas_teoricas > 0 [1][0] OK
C:[04/08/2014 14:56:16.62][200.62.19.43][1138] SELECT pre_cod_asig1,pre_cod_asig2,pre_cod_asig3,pre_cod_asig4,pre_cod_asig5,pre_cod_asig6,pre_cod_asig7 FROM tblaca009 WHERE pensum='5' AND c_uni_ca='5' AND c_asigna='300313' [1][0] OK
C:[04/08/2014 14:56:16.62][200.62.19.43][1151] SELECT c_asigna FROM dace004 WHERE exp_e='12-23503748' AND c_asigna='300213' AND status IN ('0','3','B','C') [1][0] OK
C:[04/08/2014 14:56:16.62][200.62.19.43][1151] SELECT c_asigna FROM dace004 WHERE exp_e='12-23503748' AND c_asigna='300226' AND status IN ('0','3','B','C') [1][0] OK
C:[04/08/2014 14:56:16.62][200.62.19.43][1151] SELECT c_asigna FROM dace004 WHERE exp_e='12-23503748' AND c_asigna='300222' AND status IN ('0','3','B','C') [1][0] OK
C:[04/08/2014 14:56:16.62][200.62.19.43][1151] SELECT c_asigna FROM dace004 WHERE exp_e='12-23503748' AND c_asigna='300209' AND status IN ('0','3','B','C') [1][0] OK
C:[04/08/2014 14:56:16.62][200.62.19.43][1138] SELECT pre_cod_asig1,pre_cod_asig2,pre_cod_asig3,pre_cod_asig4,pre_cod_asig5,pre_cod_asig6,pre_cod_asig7 FROM tblaca009 WHERE pensum='5' AND c_uni_ca='5' AND c_asigna='300317' [1][0] OK
C:[04/08/2014 14:56:16.62][200.62.19.43][1151] SELECT c_asigna FROM dace004 WHERE exp_e='12-23503748' AND c_asigna='300207' AND status IN ('0','3','B','C') [1][0] OK
C:[04/08/2014 14:56:16.62][200.62.19.43][1151] SELECT c_asigna FROM dace004 WHERE exp_e='12-23503748' AND c_asigna='300209' AND status IN ('0','3','B','C') [1][0] OK
C:[04/08/2014 14:56:17.87][200.62.19.43][1182] SELECT par_cod_asig1,par_cod_asig2,par_cod_asig3 FROM tblaca009 WHERE pensum='5' AND c_uni_ca='5' AND c_asigna='300313' [1][0] OK
C:[04/08/2014 14:56:17.87][200.62.19.43][1182] SELECT par_cod_asig1,par_cod_asig2,par_cod_asig3 FROM tblaca009 WHERE pensum='5' AND c_uni_ca='5' AND c_asigna='300317' [1][0] OK
C:[04/08/2014 14:56:17.14][200.62.19.43][1312] SELECT horas_lab FROM tblaca008 WHERE c_asigna='300313' AND horas_teoricas > 0 [1][0] OK
C:[04/08/2014 14:56:17.14][200.62.19.43][1312] SELECT horas_lab FROM tblaca008 WHERE c_asigna='300317' AND horas_teoricas > 0 [1][0] OK
C:[04/08/2014 14:58:07.25][190.38.209.103][1138] SELECT pre_cod_asig1,pre_cod_asig2,pre_cod_asig3,pre_cod_asig4,pre_cod_asig5,pre_cod_asig6,pre_cod_asig7 FROM tblaca009 WHERE pensum='5' AND c_uni_ca='6' AND c_asigna='342444' [1][0] OK
C:[04/08/2014 14:58:07.25][190.38.209.103][1151] SELECT c_asigna FROM dace004 WHERE exp_e='08-22831294' AND c_asigna='340323' AND status IN ('0','3','B','C') [1][0] OK
C:[04/08/2014 14:58:07.25][190.38.209.103][1138] SELECT pre_cod_asig1,pre_cod_asig2,pre_cod_asig3,pre_cod_asig4,pre_cod_asig5,pre_cod_asig6,pre_cod_asig7 FROM tblaca009 WHERE pensum='5' AND c_uni_ca='6' AND c_asigna='344687' [1][0] OK
C:[04/08/2014 14:58:07.25][190.38.209.103][1151] SELECT c_asigna FROM dace004 WHERE exp_e='08-22831294' AND c_asigna='344565' AND status IN ('0','3','B','C') [1][0] OK
C:[04/08/2014 14:58:07.00][190.38.209.103][1182] SELECT par_cod_asig1,par_cod_asig2,par_cod_asig3 FROM tblaca009 WHERE pensum='5' AND c_uni_ca='6' AND c_asigna='342444' [1][0] OK
C:[04/08/2014 14:58:07.00][190.38.209.103][1182] SELECT par_cod_asig1,par_cod_asig2,par_cod_asig3 FROM tblaca009 WHERE pensum='5' AND c_uni_ca='6' AND c_asigna='344687' [1][0] OK
C:[04/08/2014 14:58:08.26][190.38.209.103][1312] SELECT horas_lab FROM tblaca008 WHERE c_asigna='342444' AND horas_teoricas > 0 [1][0] OK
C:[04/08/2014 14:58:08.26][190.38.209.103][1312] SELECT horas_lab FROM tblaca008 WHERE c_asigna='344687' AND horas_teoricas > 0 [1][0] OK
C:[04/08/2014 14:58:29.39][186.94.81.28][1138] SELECT pre_cod_asig1,pre_cod_asig2,pre_cod_asig3,pre_cod_asig4,pre_cod_asig5,pre_cod_asig6,pre_cod_asig7 FROM tblaca009 WHERE pensum='5' AND c_uni_ca='5' AND c_asigna='300313' [1][0] OK
C:[04/08/2014 14:58:29.39][186.94.81.28][1151] SELECT c_asigna FROM dace004 WHERE exp_e='11-25397880' AND c_asigna='300213' AND status IN ('0','3','B','C') [1][0] OK
C:[04/08/2014 14:58:29.39][186.94.81.28][1151] SELECT c_asigna FROM dace004 WHERE exp_e='11-25397880' AND c_asigna='300226' AND status IN ('0','3','B','C') [1][0] OK
C:[04/08/2014 14:58:29.39][186.94.81.28][1151] SELECT c_asigna FROM dace004 WHERE exp_e='11-25397880' AND c_asigna='300222' AND status IN ('0','3','B','C') [1][0] OK
C:[04/08/2014 14:58:29.39][186.94.81.28][1151] SELECT c_asigna FROM dace004 WHERE exp_e='11-25397880' AND c_asigna='300209' AND status IN ('0','3','B','C') [1][0] OK
C:[04/08/2014 14:58:29.39][186.94.81.28][1138] SELECT pre_cod_asig1,pre_cod_asig2,pre_cod_asig3,pre_cod_asig4,pre_cod_asig5,pre_cod_asig6,pre_cod_asig7 FROM tblaca009 WHERE pensum='5' AND c_uni_ca='5' AND c_asigna='300317' [1][0] OK
C:[04/08/2014 14:58:29.39][186.94.81.28][1151] SELECT c_asigna FROM dace004 WHERE exp_e='11-25397880' AND c_asigna='300207' AND status IN ('0','3','B','C') [1][0] OK
C:[04/08/2014 14:58:29.39][186.94.81.28][1151] SELECT c_asigna FROM dace004 WHERE exp_e='11-25397880' AND c_asigna='300209' AND status IN ('0','3','B','C') [1][0] OK
C:[04/08/2014 14:58:29.65][186.94.81.28][1182] SELECT par_cod_asig1,par_cod_asig2,par_cod_asig3 FROM tblaca009 WHERE pensum='5' AND c_uni_ca='5' AND c_asigna='300313' [1][0] OK
C:[04/08/2014 14:58:29.65][186.94.81.28][1182] SELECT par_cod_asig1,par_cod_asig2,par_cod_asig3 FROM tblaca009 WHERE pensum='5' AND c_uni_ca='5' AND c_asigna='300317' [1][0] OK
C:[04/08/2014 14:58:29.90][186.94.81.28][1312] SELECT horas_lab FROM tblaca008 WHERE c_asigna='300313' AND horas_teoricas > 0 [1][0] OK
C:[04/08/2014 14:58:29.90][186.94.81.28][1312] SELECT horas_lab FROM tblaca008 WHERE c_asigna='300317' AND horas_teoricas > 0 [1][0] OK
C:[04/08/2014 14:58:47.35][190.78.110.141][1138] SELECT pre_cod_asig1,pre_cod_asig2,pre_cod_asig3,pre_cod_asig4,pre_cod_asig5,pre_cod_asig6,pre_cod_asig7 FROM tblaca009 WHERE pensum='5' AND c_uni_ca='5' AND c_asigna='300112' [1][0] OK
C:[04/08/2014 14:58:47.35][190.78.110.141][1138] SELECT pre_cod_asig1,pre_cod_asig2,pre_cod_asig3,pre_cod_asig4,pre_cod_asig5,pre_cod_asig6,pre_cod_asig7 FROM tblaca009 WHERE pensum='5' AND c_uni_ca='5' AND c_asigna='300207' [1][0] OK
C:[04/08/2014 14:58:47.35][190.78.110.141][1151] SELECT c_asigna FROM dace004 WHERE exp_e='06-17633291' AND c_asigna='300101' AND status IN ('0','3','B','C') [1][0] OK
C:[04/08/2014 14:58:48.97][190.78.110.141][1182] SELECT par_cod_asig1,par_cod_asig2,par_cod_asig3 FROM tblaca009 WHERE pensum='5' AND c_uni_ca='5' AND c_asigna='300112' [1][0] OK
C:[04/08/2014 14:58:48.97][190.78.110.141][1182] SELECT par_cod_asig1,par_cod_asig2,par_cod_asig3 FROM tblaca009 WHERE pensum='5' AND c_uni_ca='5' AND c_asigna='300207' [1][0] OK
C:[04/08/2014 14:58:48.23][190.78.110.141][1312] SELECT horas_lab FROM tblaca008 WHERE c_asigna='300112' AND horas_teoricas > 0 [1][0] OK
C:[04/08/2014 14:58:48.23][190.78.110.141][1312] SELECT horas_lab FROM tblaca008 WHERE c_asigna='300207' AND horas_teoricas > 0 [1][0] OK
C:[04/08/2014 14:59:30.38][186.94.81.28][1138] SELECT pre_cod_asig1,pre_cod_asig2,pre_cod_asig3,pre_cod_asig4,pre_cod_asig5,pre_cod_asig6,pre_cod_asig7 FROM tblaca009 WHERE pensum='5' AND c_uni_ca='2' AND c_asigna='300101' [1][0] OK
C:[04/08/2014 14:59:30.76][186.94.81.28][1182] SELECT par_cod_asig1,par_cod_asig2,par_cod_asig3 FROM tblaca009 WHERE pensum='5' AND c_uni_ca='2' AND c_asigna='300101' [1][0] OK
C:[04/08/2014 14:59:30.89][186.94.81.28][1312] SELECT horas_lab FROM tblaca008 WHERE c_asigna='300101' AND horas_teoricas > 0 [1][0] OK
C:[04/08/2014 14:59:49.48][186.94.81.28][1138] SELECT pre_cod_asig1,pre_cod_asig2,pre_cod_asig3,pre_cod_asig4,pre_cod_asig5,pre_cod_asig6,pre_cod_asig7 FROM tblaca009 WHERE pensum='5' AND c_uni_ca='3' AND c_asigna='300313' [1][0] OK
C:[04/08/2014 14:59:49.48][186.94.81.28][1151] SELECT c_asigna FROM dace004 WHERE exp_e='12-25511317' AND c_asigna='300213' AND status IN ('0','3','B','C') [1][0] OK
C:[04/08/2014 14:59:49.48][186.94.81.28][1151] SELECT c_asigna FROM dace004 WHERE exp_e='12-25511317' AND c_asigna='300226' AND status IN ('0','3','B','C') [1][0] OK
C:[04/08/2014 14:59:49.48][186.94.81.28][1151] SELECT c_asigna FROM dace004 WHERE exp_e='12-25511317' AND c_asigna='300222' AND status IN ('0','3','B','C') [1][0] OK
C:[04/08/2014 14:59:49.48][186.94.81.28][1151] SELECT c_asigna FROM dace004 WHERE exp_e='12-25511317' AND c_asigna='300209' AND status IN ('0','3','B','C') [1][0] OK
C:[04/08/2014 14:59:49.48][186.94.81.28][1138] SELECT pre_cod_asig1,pre_cod_asig2,pre_cod_asig3,pre_cod_asig4,pre_cod_asig5,pre_cod_asig6,pre_cod_asig7 FROM tblaca009 WHERE pensum='5' AND c_uni_ca='3' AND c_asigna='300318' [1][0] OK
C:[04/08/2014 14:59:49.48][186.94.81.28][1151] SELECT c_asigna FROM dace004 WHERE exp_e='12-25511317' AND c_asigna='300228' AND status IN ('0','3','B','C') [1][0] OK
C:[04/08/2014 14:59:49.48][186.94.81.28][1151] SELECT c_asigna FROM dace004 WHERE exp_e='12-25511317' AND c_asigna='300207' AND status IN ('0','3','B','C') [1][0] OK
C:[04/08/2014 14:59:49.48][186.94.81.28][1151] SELECT c_asigna FROM dace004 WHERE exp_e='12-25511317' AND c_asigna='300218' AND status IN ('0','3','B','C') [1][0] OK
C:[04/08/2014 14:59:50.84][186.94.81.28][1182] SELECT par_cod_asig1,par_cod_asig2,par_cod_asig3 FROM tblaca009 WHERE pensum='5' AND c_uni_ca='3' AND c_asigna='300313' [1][0] OK
C:[04/08/2014 14:59:50.84][186.94.81.28][1182] SELECT par_cod_asig1,par_cod_asig2,par_cod_asig3 FROM tblaca009 WHERE pensum='5' AND c_uni_ca='3' AND c_asigna='300318' [1][0] OK
C:[04/08/2014 14:59:50.11][186.94.81.28][1312] SELECT horas_lab FROM tblaca008 WHERE c_asigna='300313' AND horas_teoricas > 0 [1][0] OK
C:[04/08/2014 14:59:50.11][186.94.81.28][1312] SELECT horas_lab FROM tblaca008 WHERE c_asigna='300318' AND horas_teoricas > 0 [1][0] OK
C:[04/08/2014 15:01:29.17][186.90.191.250][1138] SELECT pre_cod_asig1,pre_cod_asig2,pre_cod_asig3,pre_cod_asig4,pre_cod_asig5,pre_cod_asig6,pre_cod_asig7 FROM tblaca009 WHERE pensum='5' AND c_uni_ca='6' AND c_asigna='342444' [1][0] OK
C:[04/08/2014 15:01:29.17][186.90.191.250][1151] SELECT c_asigna FROM dace004 WHERE exp_e='05-18885712' AND c_asigna='340323' AND status IN ('0','3','B','C') [1][0] OK
C:[04/08/2014 15:01:29.17][186.90.191.250][1138] SELECT pre_cod_asig1,pre_cod_asig2,pre_cod_asig3,pre_cod_asig4,pre_cod_asig5,pre_cod_asig6,pre_cod_asig7 FROM tblaca009 WHERE pensum='5' AND c_uni_ca='6' AND c_asigna='342559' [1][0] OK
C:[04/08/2014 15:01:29.17][186.90.191.250][1151] SELECT c_asigna FROM dace004 WHERE exp_e='05-18885712' AND c_asigna='342436' AND status IN ('0','3','B','C') [1][0] OK
C:[04/08/2014 15:01:29.92][186.90.191.250][1182] SELECT par_cod_asig1,par_cod_asig2,par_cod_asig3 FROM tblaca009 WHERE pensum='5' AND c_uni_ca='6' AND c_asigna='342444' [1][0] OK
C:[04/08/2014 15:01:29.92][186.90.191.250][1182] SELECT par_cod_asig1,par_cod_asig2,par_cod_asig3 FROM tblaca009 WHERE pensum='5' AND c_uni_ca='6' AND c_asigna='342559' [1][0] OK
C:[04/08/2014 15:01:29.19][186.90.191.250][1312] SELECT horas_lab FROM tblaca008 WHERE c_asigna='342444' AND horas_teoricas > 0 [1][0] OK
C:[04/08/2014 15:01:29.19][186.90.191.250][1312] SELECT horas_lab FROM tblaca008 WHERE c_asigna='342559' AND horas_teoricas > 0 [1][0] OK
C:[04/08/2014 15:01:48.76][190.74.22.121][1138] SELECT pre_cod_asig1,pre_cod_asig2,pre_cod_asig3,pre_cod_asig4,pre_cod_asig5,pre_cod_asig6,pre_cod_asig7 FROM tblaca009 WHERE pensum='5' AND c_uni_ca='6' AND c_asigna='342436' [1][0] OK
C:[04/08/2014 15:01:48.76][190.74.22.121][1151] SELECT c_asigna FROM dace004 WHERE exp_e='06-18665980' AND c_asigna='300318' AND status IN ('0','3','B','C') [1][0] OK
C:[04/08/2014 15:01:48.76][190.74.22.121][1151] SELECT c_asigna FROM dace004 WHERE exp_e='06-18665980' AND c_asigna='300317' AND status IN ('0','3','B','C') [1][0] OK
C:[04/08/2014 15:01:48.76][190.74.22.121][1138] SELECT pre_cod_asig1,pre_cod_asig2,pre_cod_asig3,pre_cod_asig4,pre_cod_asig5,pre_cod_asig6,pre_cod_asig7 FROM tblaca009 WHERE pensum='5' AND c_uni_ca='6' AND c_asigna='344688' [1][0] OK
C:[04/08/2014 15:01:48.76][190.74.22.121][1151] SELECT c_asigna FROM dace004 WHERE exp_e='06-18665980' AND c_asigna='342567' AND status IN ('0','3','B','C') [1][0] OK
C:[04/08/2014 15:01:48.76][190.74.22.121][1151] SELECT c_asigna FROM dace004 WHERE exp_e='06-18665980' AND c_asigna='344565' AND status IN ('0','3','B','C') [1][0] OK
C:[04/08/2014 15:01:48.75][190.74.22.121][1182] SELECT par_cod_asig1,par_cod_asig2,par_cod_asig3 FROM tblaca009 WHERE pensum='5' AND c_uni_ca='6' AND c_asigna='342436' [1][0] OK
C:[04/08/2014 15:01:48.75][190.74.22.121][1182] SELECT par_cod_asig1,par_cod_asig2,par_cod_asig3 FROM tblaca009 WHERE pensum='5' AND c_uni_ca='6' AND c_asigna='344688' [1][0] OK
C:[04/08/2014 15:01:48.02][190.74.22.121][1312] SELECT horas_lab FROM tblaca008 WHERE c_asigna='342436' AND horas_teoricas > 0 [1][0] OK
C:[04/08/2014 15:01:48.02][190.74.22.121][1312] SELECT horas_lab FROM tblaca008 WHERE c_asigna='344688' AND horas_teoricas > 0 [1][0] OK
C:[04/08/2014 15:01:49.34][186.94.81.28][1138] SELECT pre_cod_asig1,pre_cod_asig2,pre_cod_asig3,pre_cod_asig4,pre_cod_asig5,pre_cod_asig6,pre_cod_asig7 FROM tblaca009 WHERE pensum='5' AND c_uni_ca='4' AND c_asigna='300209' [1][0] OK
C:[04/08/2014 15:01:49.34][186.94.81.28][1151] SELECT c_asigna FROM dace004 WHERE exp_e='12-24482344' AND c_asigna='300101' AND status IN ('0','3','B','C') [1][0] OK
C:[04/08/2014 15:01:49.34][186.94.81.28][1138] SELECT pre_cod_asig1,pre_cod_asig2,pre_cod_asig3,pre_cod_asig4,pre_cod_asig5,pre_cod_asig6,pre_cod_asig7 FROM tblaca009 WHERE pensum='5' AND c_uni_ca='4' AND c_asigna='300318' [1][0] OK
C:[04/08/2014 15:01:49.34][186.94.81.28][1151] SELECT c_asigna FROM dace004 WHERE exp_e='12-24482344' AND c_asigna='300228' AND status IN ('0','3','B','C') [1][0] OK
C:[04/08/2014 15:01:49.34][186.94.81.28][1151] SELECT c_asigna FROM dace004 WHERE exp_e='12-24482344' AND c_asigna='300207' AND status IN ('0','3','B','C') [1][0] OK
C:[04/08/2014 15:01:49.34][186.94.81.28][1151] SELECT c_asigna FROM dace004 WHERE exp_e='12-24482344' AND c_asigna='300218' AND status IN ('0','3','B','C') [1][0] OK
C:[04/08/2014 15:01:50.08][186.94.81.28][1182] SELECT par_cod_asig1,par_cod_asig2,par_cod_asig3 FROM tblaca009 WHERE pensum='5' AND c_uni_ca='4' AND c_asigna='300209' [1][0] OK
C:[04/08/2014 15:01:50.08][186.94.81.28][1182] SELECT par_cod_asig1,par_cod_asig2,par_cod_asig3 FROM tblaca009 WHERE pensum='5' AND c_uni_ca='4' AND c_asigna='300318' [1][0] OK
C:[04/08/2014 15:01:50.35][186.94.81.28][1312] SELECT horas_lab FROM tblaca008 WHERE c_asigna='300209' AND horas_teoricas > 0 [1][0] OK
C:[04/08/2014 15:01:50.35][186.94.81.28][1312] SELECT horas_lab FROM tblaca008 WHERE c_asigna='300318' AND horas_teoricas > 0 [1][0] OK
C:[04/08/2014 15:02:48.88][200.84.65.38][1138] SELECT pre_cod_asig1,pre_cod_asig2,pre_cod_asig3,pre_cod_asig4,pre_cod_asig5,pre_cod_asig6,pre_cod_asig7 FROM tblaca009 WHERE pensum='5' AND c_uni_ca='4' AND c_asigna='333639' [1][0] OK
C:[04/08/2014 15:02:48.88][200.84.65.38][1151] SELECT c_asigna FROM dace004 WHERE exp_e='09-20841136' AND c_asigna='333585' AND status IN ('0','3','B','C') [1][0] OK
C:[04/08/2014 15:02:48.88][200.84.65.38][1138] SELECT pre_cod_asig1,pre_cod_asig2,pre_cod_asig3,pre_cod_asig4,pre_cod_asig5,pre_cod_asig6,pre_cod_asig7 FROM tblaca009 WHERE pensum='5' AND c_uni_ca='4' AND c_asigna='333830' [1][0] OK
C:[04/08/2014 15:02:48.88][200.84.65.38][1151] SELECT c_asigna FROM dace004 WHERE exp_e='09-20841136' AND c_asigna='333710' AND status IN ('0','3','B','C') [1][0] OK
C:[04/08/2014 15:02:48.88][200.84.65.38][1151] SELECT c_asigna FROM dace004 WHERE exp_e='09-20841136' AND c_asigna='333782' AND status IN ('0','3','B','C') [1][0] OK
C:[04/08/2014 15:02:48.75][200.84.65.38][1182] SELECT par_cod_asig1,par_cod_asig2,par_cod_asig3 FROM tblaca009 WHERE pensum='5' AND c_uni_ca='4' AND c_asigna='333639' [1][0] OK
C:[04/08/2014 15:02:48.75][200.84.65.38][1182] SELECT par_cod_asig1,par_cod_asig2,par_cod_asig3 FROM tblaca009 WHERE pensum='5' AND c_uni_ca='4' AND c_asigna='333830' [1][0] OK
C:[04/08/2014 15:02:48.03][200.84.65.38][1312] SELECT horas_lab FROM tblaca008 WHERE c_asigna='333639' AND horas_teoricas > 0 [1][0] OK
C:[04/08/2014 15:02:48.03][200.84.65.38][1312] SELECT horas_lab FROM tblaca008 WHERE c_asigna='333830' AND horas_teoricas > 0 [1][0] OK
C:[04/08/2014 15:03:03.63][186.94.81.28][1138] SELECT pre_cod_asig1,pre_cod_asig2,pre_cod_asig3,pre_cod_asig4,pre_cod_asig5,pre_cod_asig6,pre_cod_asig7 FROM tblaca009 WHERE pensum='5' AND c_uni_ca='6' AND c_asigna='300105' [1][0] OK
C:[04/08/2014 15:03:03.63][186.94.81.28][1138] SELECT pre_cod_asig1,pre_cod_asig2,pre_cod_asig3,pre_cod_asig4,pre_cod_asig5,pre_cod_asig6,pre_cod_asig7 FROM tblaca009 WHERE pensum='5' AND c_uni_ca='6' AND c_asigna='300101' [1][0] OK
C:[04/08/2014 15:03:03.16][186.94.81.28][1182] SELECT par_cod_asig1,par_cod_asig2,par_cod_asig3 FROM tblaca009 WHERE pensum='5' AND c_uni_ca='6' AND c_asigna='300105' [1][0] OK
C:[04/08/2014 15:03:03.16][186.94.81.28][1182] SELECT par_cod_asig1,par_cod_asig2,par_cod_asig3 FROM tblaca009 WHERE pensum='5' AND c_uni_ca='6' AND c_asigna='300101' [1][0] OK
C:[04/08/2014 15:03:03.40][186.94.81.28][1312] SELECT horas_lab FROM tblaca008 WHERE c_asigna='300105' AND horas_teoricas > 0 [1][0] OK
C:[04/08/2014 15:03:03.40][186.94.81.28][1312] SELECT horas_lab FROM tblaca008 WHERE c_asigna='300101' AND horas_teoricas > 0 [1][0] OK
C:[04/08/2014 15:04:48.47][190.38.209.103][1138] SELECT pre_cod_asig1,pre_cod_asig2,pre_cod_asig3,pre_cod_asig4,pre_cod_asig5,pre_cod_asig6,pre_cod_asig7 FROM tblaca009 WHERE pensum='5' AND c_uni_ca='6' AND c_asigna='342444' [1][0] OK
C:[04/08/2014 15:04:48.47][190.38.209.103][1151] SELECT c_asigna FROM dace004 WHERE exp_e='08-22831294' AND c_asigna='340323' AND status IN ('0','3','B','C') [1][0] OK
C:[04/08/2014 15:04:48.47][190.38.209.103][1138] SELECT pre_cod_asig1,pre_cod_asig2,pre_cod_asig3,pre_cod_asig4,pre_cod_asig5,pre_cod_asig6,pre_cod_asig7 FROM tblaca009 WHERE pensum='5' AND c_uni_ca='6' AND c_asigna='344687' [1][0] OK
C:[04/08/2014 15:04:48.47][190.38.209.103][1151] SELECT c_asigna FROM dace004 WHERE exp_e='08-22831294' AND c_asigna='344565' AND status IN ('0','3','B','C') [1][0] OK
C:[04/08/2014 15:04:48.23][190.38.209.103][1182] SELECT par_cod_asig1,par_cod_asig2,par_cod_asig3 FROM tblaca009 WHERE pensum='5' AND c_uni_ca='6' AND c_asigna='342444' [1][0] OK
C:[04/08/2014 15:04:48.23][190.38.209.103][1182] SELECT par_cod_asig1,par_cod_asig2,par_cod_asig3 FROM tblaca009 WHERE pensum='5' AND c_uni_ca='6' AND c_asigna='344687' [1][0] OK
C:[04/08/2014 15:04:48.48][190.38.209.103][1312] SELECT horas_lab FROM tblaca008 WHERE c_asigna='342444' AND horas_teoricas > 0 [1][0] OK
C:[04/08/2014 15:04:48.48][190.38.209.103][1312] SELECT horas_lab FROM tblaca008 WHERE c_asigna='344687' AND horas_teoricas > 0 [1][0] OK
C:[04/08/2014 15:04:56.45][186.94.81.28][1138] SELECT pre_cod_asig1,pre_cod_asig2,pre_cod_asig3,pre_cod_asig4,pre_cod_asig5,pre_cod_asig6,pre_cod_asig7 FROM tblaca009 WHERE pensum='5' AND c_uni_ca='2' AND c_asigna='322436' [1][0] OK
C:[04/08/2014 15:04:56.45][186.94.81.28][1151] SELECT c_asigna FROM dace004 WHERE exp_e='07-19420953' AND c_asigna='300317' AND status IN ('0','3','B','C') [1][0] OK
C:[04/08/2014 15:04:56.45][186.94.81.28][1151] SELECT c_asigna FROM dace004 WHERE exp_e='07-19420953' AND c_asigna='320311' AND status IN ('0','3','B','C') [1][0] OK
C:[04/08/2014 15:04:56.45][186.94.81.28][1138] SELECT pre_cod_asig1,pre_cod_asig2,pre_cod_asig3,pre_cod_asig4,pre_cod_asig5,pre_cod_asig6,pre_cod_asig7 FROM tblaca009 WHERE pensum='5' AND c_uni_ca='2' AND c_asigna='322550' [1][0] OK
C:[04/08/2014 15:04:56.45][186.94.81.28][1151] SELECT c_asigna FROM dace004 WHERE exp_e='07-19420953' AND c_asigna='322433' AND status IN ('0','3','B','C') [1][0] OK
C:[04/08/2014 15:04:56.07][186.94.81.28][1182] SELECT par_cod_asig1,par_cod_asig2,par_cod_asig3 FROM tblaca009 WHERE pensum='5' AND c_uni_ca='2' AND c_asigna='322436' [1][0] OK
C:[04/08/2014 15:04:56.07][186.94.81.28][1182] SELECT par_cod_asig1,par_cod_asig2,par_cod_asig3 FROM tblaca009 WHERE pensum='5' AND c_uni_ca='2' AND c_asigna='322550' [1][0] OK
C:[04/08/2014 15:04:56.33][186.94.81.28][1312] SELECT horas_lab FROM tblaca008 WHERE c_asigna='322436' AND horas_teoricas > 0 [1][0] OK
C:[04/08/2014 15:04:56.33][186.94.81.28][1312] SELECT horas_lab FROM tblaca008 WHERE c_asigna='322550' AND horas_teoricas > 0 [1][0] OK
C:[04/08/2014 15:05:04.98][190.37.46.138][1138] SELECT pre_cod_asig1,pre_cod_asig2,pre_cod_asig3,pre_cod_asig4,pre_cod_asig5,pre_cod_asig6,pre_cod_asig7 FROM tblaca009 WHERE pensum='5' AND c_uni_ca='5' AND c_asigna='300105' [1][0] OK
C:[04/08/2014 15:05:04.98][190.37.46.138][1138] SELECT pre_cod_asig1,pre_cod_asig2,pre_cod_asig3,pre_cod_asig4,pre_cod_asig5,pre_cod_asig6,pre_cod_asig7 FROM tblaca009 WHERE pensum='5' AND c_uni_ca='5' AND c_asigna='300101' [1][0] OK
C:[04/08/2014 15:05:04.48][190.37.46.138][1182] SELECT par_cod_asig1,par_cod_asig2,par_cod_asig3 FROM tblaca009 WHERE pensum='5' AND c_uni_ca='5' AND c_asigna='300105' [1][0] OK
C:[04/08/2014 15:05:04.48][190.37.46.138][1182] SELECT par_cod_asig1,par_cod_asig2,par_cod_asig3 FROM tblaca009 WHERE pensum='5' AND c_uni_ca='5' AND c_asigna='300101' [1][0] OK
C:[04/08/2014 15:05:04.75][190.37.46.138][1312] SELECT horas_lab FROM tblaca008 WHERE c_asigna='300105' AND horas_teoricas > 0 [1][0] OK
C:[04/08/2014 15:05:04.75][190.37.46.138][1312] SELECT horas_lab FROM tblaca008 WHERE c_asigna='300101' AND horas_teoricas > 0 [1][0] OK
C:[04/08/2014 15:05:16.12][74.82.64.145][1138] SELECT pre_cod_asig1,pre_cod_asig2,pre_cod_asig3,pre_cod_asig4,pre_cod_asig5,pre_cod_asig6,pre_cod_asig7 FROM tblaca009 WHERE pensum='5' AND c_uni_ca='2' AND c_asigna='322782' [1][0] OK
C:[04/08/2014 15:05:16.12][74.82.64.145][1151] SELECT c_asigna FROM dace004 WHERE exp_e='09-20285735' AND c_asigna='322669' AND status IN ('0','3','B','C') [1][0] OK
C:[04/08/2014 15:05:16.12][74.82.64.145][1151] SELECT c_asigna FROM dace004 WHERE exp_e='09-20285735' AND c_asigna='322550' AND status IN ('0','3','B','C') [1][0] OK
C:[04/08/2014 15:05:16.12][74.82.64.145][1138] SELECT pre_cod_asig1,pre_cod_asig2,pre_cod_asig3,pre_cod_asig4,pre_cod_asig5,pre_cod_asig6,pre_cod_asig7 FROM tblaca009 WHERE pensum='5' AND c_uni_ca='2' AND c_asigna='322041' [1][0] OK
C:[04/08/2014 15:05:16.00][74.82.64.145][1182] SELECT par_cod_asig1,par_cod_asig2,par_cod_asig3 FROM tblaca009 WHERE pensum='5' AND c_uni_ca='2' AND c_asigna='322782' [1][0] OK
C:[04/08/2014 15:05:16.00][74.82.64.145][1182] SELECT par_cod_asig1,par_cod_asig2,par_cod_asig3 FROM tblaca009 WHERE pensum='5' AND c_uni_ca='2' AND c_asigna='322041' [1][0] OK
C:[04/08/2014 15:05:16.26][74.82.64.145][1312] SELECT horas_lab FROM tblaca008 WHERE c_asigna='322782' AND horas_teoricas > 0 [1][0] OK
C:[04/08/2014 15:05:16.26][74.82.64.145][1312] SELECT horas_lab FROM tblaca008 WHERE c_asigna='322041' AND horas_teoricas > 0 [1][0] OK
C:[04/08/2014 15:05:40.76][186.94.81.28][1138] SELECT pre_cod_asig1,pre_cod_asig2,pre_cod_asig3,pre_cod_asig4,pre_cod_asig5,pre_cod_asig6,pre_cod_asig7 FROM tblaca009 WHERE pensum='5' AND c_uni_ca='4' AND c_asigna='300207' [1][0] OK
C:[04/08/2014 15:05:40.76][186.94.81.28][1151] SELECT c_asigna FROM dace004 WHERE exp_e='12-25324562' AND c_asigna='300101' AND status IN ('0','3','B','C') [1][0] OK
C:[04/08/2014 15:05:40.76][186.94.81.28][1138] SELECT pre_cod_asig1,pre_cod_asig2,pre_cod_asig3,pre_cod_asig4,pre_cod_asig5,pre_cod_asig6,pre_cod_asig7 FROM tblaca009 WHERE pensum='5' AND c_uni_ca='4' AND c_asigna='300222' [1][0] OK
C:[04/08/2014 15:05:40.76][186.94.81.28][1151] SELECT c_asigna FROM dace004 WHERE exp_e='12-25324562' AND c_asigna='300112' AND status IN ('0','3','B','C') [1][0] OK
C:[04/08/2014 15:05:40.51][186.94.81.28][1182] SELECT par_cod_asig1,par_cod_asig2,par_cod_asig3 FROM tblaca009 WHERE pensum='5' AND c_uni_ca='4' AND c_asigna='300207' [1][0] OK
C:[04/08/2014 15:05:40.51][186.94.81.28][1182] SELECT par_cod_asig1,par_cod_asig2,par_cod_asig3 FROM tblaca009 WHERE pensum='5' AND c_uni_ca='4' AND c_asigna='300222' [1][0] OK
C:[04/08/2014 15:05:40.77][186.94.81.28][1312] SELECT horas_lab FROM tblaca008 WHERE c_asigna='300207' AND horas_teoricas > 0 [1][0] OK
C:[04/08/2014 15:05:40.77][186.94.81.28][1312] SELECT horas_lab FROM tblaca008 WHERE c_asigna='300222' AND horas_teoricas > 0 [1][0] OK
C:[04/08/2014 15:07:01.67][186.94.81.28][1138] SELECT pre_cod_asig1,pre_cod_asig2,pre_cod_asig3,pre_cod_asig4,pre_cod_asig5,pre_cod_asig6,pre_cod_asig7 FROM tblaca009 WHERE pensum='5' AND c_uni_ca='6' AND c_asigna='342559' [1][0] OK
C:[04/08/2014 15:07:01.67][186.94.81.28][1151] SELECT c_asigna FROM dace004 WHERE exp_e='08-20702007' AND c_asigna='342436' AND status IN ('0','3','B','C') [1][0] OK
C:[04/08/2014 15:07:01.67][186.94.81.28][1138] SELECT pre_cod_asig1,pre_cod_asig2,pre_cod_asig3,pre_cod_asig4,pre_cod_asig5,pre_cod_asig6,pre_cod_asig7 FROM tblaca009 WHERE pensum='5' AND c_uni_ca='6' AND c_asigna='344689' [1][0] OK
C:[04/08/2014 15:07:01.67][186.94.81.28][1151] SELECT c_asigna FROM dace004 WHERE exp_e='08-20702007' AND c_asigna='344566' AND status IN ('0','3','B','C') [1][0] OK
C:[04/08/2014 15:07:01.67][186.94.81.28][1151] SELECT c_asigna FROM dace004 WHERE exp_e='08-20702007' AND c_asigna='300313' AND status IN ('0','3','B','C') [1][0] OK
C:[04/08/2014 15:07:01.67][186.94.81.28][1138] SELECT pre_cod_asig1,pre_cod_asig2,pre_cod_asig3,pre_cod_asig4,pre_cod_asig5,pre_cod_asig6,pre_cod_asig7 FROM tblaca009 WHERE pensum='5' AND c_uni_ca='6' AND c_asigna='344715' [1][0] OK
C:[04/08/2014 15:07:01.67][186.94.81.28][1151] SELECT c_asigna FROM dace004 WHERE exp_e='08-20702007' AND c_asigna='344688' AND status IN ('0','3','B','C') [1][0] OK
C:[04/08/2014 15:07:01.67][186.94.81.28][1151] SELECT c_asigna FROM dace004 WHERE exp_e='08-20702007' AND c_asigna='344613' AND status IN ('0','3','B','C') [1][0] OK
C:[04/08/2014 15:07:02.92][186.94.81.28][1182] SELECT par_cod_asig1,par_cod_asig2,par_cod_asig3 FROM tblaca009 WHERE pensum='5' AND c_uni_ca='6' AND c_asigna='342559' [1][0] OK
C:[04/08/2014 15:07:02.92][186.94.81.28][1182] SELECT par_cod_asig1,par_cod_asig2,par_cod_asig3 FROM tblaca009 WHERE pensum='5' AND c_uni_ca='6' AND c_asigna='344689' [1][0] OK
C:[04/08/2014 15:07:02.92][186.94.81.28][1182] SELECT par_cod_asig1,par_cod_asig2,par_cod_asig3 FROM tblaca009 WHERE pensum='5' AND c_uni_ca='6' AND c_asigna='344715' [1][0] OK
C:[04/08/2014 15:07:02.31][186.94.81.28][1312] SELECT horas_lab FROM tblaca008 WHERE c_asigna='342559' AND horas_teoricas > 0 [1][0] OK
C:[04/08/2014 15:07:02.31][186.94.81.28][1312] SELECT horas_lab FROM tblaca008 WHERE c_asigna='344689' AND horas_teoricas > 0 [1][0] OK
C:[04/08/2014 15:07:02.31][186.94.81.28][1312] SELECT horas_lab FROM tblaca008 WHERE c_asigna='344715' AND horas_teoricas > 0 [1][0] OK
C:[04/08/2014 15:07:46.89][200.109.204.29][1138] SELECT pre_cod_asig1,pre_cod_asig2,pre_cod_asig3,pre_cod_asig4,pre_cod_asig5,pre_cod_asig6,pre_cod_asig7 FROM tblaca009 WHERE pensum='5' AND c_uni_ca='5' AND c_asigna='300956' [1][0] OK
C:[04/08/2014 15:07:46.89][200.109.204.29][1151] SELECT c_asigna FROM dace004 WHERE exp_e='92-14725594' AND c_asigna='300422' AND status IN ('0','3','B','C') [1][0] OK
C:[04/08/2014 15:07:46.89][200.109.204.29][1151] SELECT c_asigna FROM dace004 WHERE exp_e='92-14725594' AND c_asigna='300105' AND status IN ('0','3','B','C') [1][0] OK
C:[04/08/2014 15:07:46.89][200.109.204.29][1151] SELECT c_asigna FROM dace004 WHERE exp_e='92-14725594' AND c_asigna='300314' AND status IN ('0','3','B','C') [1][0] OK
C:[04/08/2014 15:07:46.89][200.109.204.29][1138] SELECT pre_cod_asig1,pre_cod_asig2,pre_cod_asig3,pre_cod_asig4,pre_cod_asig5,pre_cod_asig6,pre_cod_asig7 FROM tblaca009 WHERE pensum='5' AND c_uni_ca='5' AND c_asigna='300870' [1][0] OK
C:[04/08/2014 15:07:47.77][200.109.204.29][1182] SELECT par_cod_asig1,par_cod_asig2,par_cod_asig3 FROM tblaca009 WHERE pensum='5' AND c_uni_ca='5' AND c_asigna='300956' [1][0] OK
C:[04/08/2014 15:07:47.77][200.109.204.29][1182] SELECT par_cod_asig1,par_cod_asig2,par_cod_asig3 FROM tblaca009 WHERE pensum='5' AND c_uni_ca='5' AND c_asigna='300870' [1][0] OK
C:[04/08/2014 15:07:47.01][200.109.204.29][1312] SELECT horas_lab FROM tblaca008 WHERE c_asigna='300956' AND horas_teoricas > 0 [1][0] OK
C:[04/08/2014 15:07:47.01][200.109.204.29][1312] SELECT horas_lab FROM tblaca008 WHERE c_asigna='300870' AND horas_teoricas > 0 [1][0] OK
C:[04/08/2014 15:09:04.93][66.249.88.75][1138] SELECT pre_cod_asig1,pre_cod_asig2,pre_cod_asig3,pre_cod_asig4,pre_cod_asig5,pre_cod_asig6,pre_cod_asig7 FROM tblaca009 WHERE pensum='5' AND c_uni_ca='4' AND c_asigna='333584' [1][0] OK
C:[04/08/2014 15:09:04.93][66.249.88.75][1151] SELECT c_asigna FROM dace004 WHERE exp_e='06-18666838' AND c_asigna='300428' AND status IN ('0','3','B','C') [1][0] OK
C:[04/08/2014 15:09:04.93][66.249.88.75][1151] SELECT c_asigna FROM dace004 WHERE exp_e='06-18666838' AND c_asigna='333440' AND status IN ('0','3','B','C') [1][0] OK
C:[04/08/2014 15:09:04.93][66.249.88.75][1151] SELECT c_asigna FROM dace004 WHERE exp_e='06-18666838' AND c_asigna='300209' AND status IN ('0','3','B','C') [1][0] OK
C:[04/08/2014 15:09:04.93][66.249.88.75][1138] SELECT pre_cod_asig1,pre_cod_asig2,pre_cod_asig3,pre_cod_asig4,pre_cod_asig5,pre_cod_asig6,pre_cod_asig7 FROM tblaca009 WHERE pensum='5' AND c_uni_ca='4' AND c_asigna='333639' [1][0] OK
C:[04/08/2014 15:09:04.93][66.249.88.75][1151] SELECT c_asigna FROM dace004 WHERE exp_e='06-18666838' AND c_asigna='333585' AND status IN ('0','3','B','C') [1][0] OK
C:[04/08/2014 15:09:04.93][66.249.88.75][1182] SELECT par_cod_asig1,par_cod_asig2,par_cod_asig3 FROM tblaca009 WHERE pensum='5' AND c_uni_ca='4' AND c_asigna='333584' [1][0] OK
C:[04/08/2014 15:09:04.93][66.249.88.75][1196] SELECT c_asigna FROM dace004 WHERE exp_e='06-18666838' AND c_asigna='333563' AND status IN ('0','3','B','C') [1][0] OK
C:[04/08/2014 15:09:04.93][66.249.88.75][1182] SELECT par_cod_asig1,par_cod_asig2,par_cod_asig3 FROM tblaca009 WHERE pensum='5' AND c_uni_ca='4' AND c_asigna='333639' [1][0] OK
C:[04/08/2014 15:09:04.32][66.249.88.75][1312] SELECT horas_lab FROM tblaca008 WHERE c_asigna='333584' AND horas_teoricas > 0 [1][0] OK
C:[04/08/2014 15:09:04.32][66.249.88.75][1312] SELECT horas_lab FROM tblaca008 WHERE c_asigna='333639' AND horas_teoricas > 0 [1][0] OK
C:[04/08/2014 15:09:11.33][190.37.44.91][1138] SELECT pre_cod_asig1,pre_cod_asig2,pre_cod_asig3,pre_cod_asig4,pre_cod_asig5,pre_cod_asig6,pre_cod_asig7 FROM tblaca009 WHERE pensum='5' AND c_uni_ca='2' AND c_asigna='322433' [1][0] OK
C:[04/08/2014 15:09:11.33][190.37.44.91][1151] SELECT c_asigna FROM dace004 WHERE exp_e='10-21287820' AND c_asigna='320323' AND status IN ('0','3','B','C') [1][0] OK
C:[04/08/2014 15:09:11.33][190.37.44.91][1151] SELECT c_asigna FROM dace004 WHERE exp_e='10-21287820' AND c_asigna='300209' AND status IN ('0','3','B','C') [1][0] OK
C:[04/08/2014 15:09:11.33][190.37.44.91][1138] SELECT pre_cod_asig1,pre_cod_asig2,pre_cod_asig3,pre_cod_asig4,pre_cod_asig5,pre_cod_asig6,pre_cod_asig7 FROM tblaca009 WHERE pensum='5' AND c_uni_ca='2' AND c_asigna='322558' [1][0] OK
C:[04/08/2014 15:09:11.33][190.37.44.91][1151] SELECT c_asigna FROM dace004 WHERE exp_e='10-21287820' AND c_asigna='300428' AND status IN ('0','3','B','C') [1][0] OK
C:[04/08/2014 15:09:11.33][190.37.44.91][1151] SELECT c_asigna FROM dace004 WHERE exp_e='10-21287820' AND c_asigna='320323' AND status IN ('0','3','B','C') [1][0] OK
C:[04/08/2014 15:09:12.21][190.37.44.91][1182] SELECT par_cod_asig1,par_cod_asig2,par_cod_asig3 FROM tblaca009 WHERE pensum='5' AND c_uni_ca='2' AND c_asigna='322433' [1][0] OK
C:[04/08/2014 15:09:12.21][190.37.44.91][1182] SELECT par_cod_asig1,par_cod_asig2,par_cod_asig3 FROM tblaca009 WHERE pensum='5' AND c_uni_ca='2' AND c_asigna='322558' [1][0] OK
C:[04/08/2014 15:09:12.47][190.37.44.91][1312] SELECT horas_lab FROM tblaca008 WHERE c_asigna='322433' AND horas_teoricas > 0 [1][0] OK
C:[04/08/2014 15:09:12.47][190.37.44.91][1312] SELECT horas_lab FROM tblaca008 WHERE c_asigna='322558' AND horas_teoricas > 0 [1][0] OK
C:[04/08/2014 15:12:04.70][186.88.179.150][1138] SELECT pre_cod_asig1,pre_cod_asig2,pre_cod_asig3,pre_cod_asig4,pre_cod_asig5,pre_cod_asig6,pre_cod_asig7 FROM tblaca009 WHERE pensum='5' AND c_uni_ca='5' AND c_asigna='355720' [1][0] OK
C:[04/08/2014 15:12:04.70][186.88.179.150][1151] SELECT c_asigna FROM dace004 WHERE exp_e='09-20263638' AND c_asigna='355692' AND status IN ('0','3','B','C') [1][0] OK
C:[04/08/2014 15:12:04.70][186.88.179.150][1151] SELECT c_asigna FROM dace004 WHERE exp_e='09-20263638' AND c_asigna='355696' AND status IN ('0','3','B','C') [1][0] OK
C:[04/08/2014 15:12:04.70][186.88.179.150][1138] SELECT pre_cod_asig1,pre_cod_asig2,pre_cod_asig3,pre_cod_asig4,pre_cod_asig5,pre_cod_asig6,pre_cod_asig7 FROM tblaca009 WHERE pensum='5' AND c_uni_ca='5' AND c_asigna='355721' [1][0] OK
C:[04/08/2014 15:12:04.70][186.88.179.150][1151] SELECT c_asigna FROM dace004 WHERE exp_e='09-20263638' AND c_asigna='355693' AND status IN ('0','3','B','C') [1][0] OK
C:[04/08/2014 15:12:04.70][186.88.179.150][1151] SELECT c_asigna FROM dace004 WHERE exp_e='09-20263638' AND c_asigna='355696' AND status IN ('0','3','B','C') [1][0] OK
C:[04/08/2014 15:12:04.70][186.88.179.150][1138] SELECT pre_cod_asig1,pre_cod_asig2,pre_cod_asig3,pre_cod_asig4,pre_cod_asig5,pre_cod_asig6,pre_cod_asig7 FROM tblaca009 WHERE pensum='5' AND c_uni_ca='5' AND c_asigna='354852' [1][0] OK
C:[04/08/2014 15:12:04.65][186.88.179.150][1182] SELECT par_cod_asig1,par_cod_asig2,par_cod_asig3 FROM tblaca009 WHERE pensum='5' AND c_uni_ca='5' AND c_asigna='355720' [1][0] OK
C:[04/08/2014 15:12:04.65][186.88.179.150][1182] SELECT par_cod_asig1,par_cod_asig2,par_cod_asig3 FROM tblaca009 WHERE pensum='5' AND c_uni_ca='5' AND c_asigna='355721' [1][0] OK
C:[04/08/2014 15:12:04.65][186.88.179.150][1182] SELECT par_cod_asig1,par_cod_asig2,par_cod_asig3 FROM tblaca009 WHERE pensum='5' AND c_uni_ca='5' AND c_asigna='354852' [1][0] OK
C:[04/08/2014 15:12:05.03][186.88.179.150][1312] SELECT horas_lab FROM tblaca008 WHERE c_asigna='355720' AND horas_teoricas > 0 [1][0] OK
C:[04/08/2014 15:12:05.03][186.88.179.150][1312] SELECT horas_lab FROM tblaca008 WHERE c_asigna='355721' AND horas_teoricas > 0 [1][0] OK
C:[04/08/2014 15:12:05.03][186.88.179.150][1312] SELECT horas_lab FROM tblaca008 WHERE c_asigna='354852' AND horas_teoricas > 0 [1][0] OK
C:[04/08/2014 15:12:08.07][186.94.81.28][1138] SELECT pre_cod_asig1,pre_cod_asig2,pre_cod_asig3,pre_cod_asig4,pre_cod_asig5,pre_cod_asig6,pre_cod_asig7 FROM tblaca009 WHERE pensum='5' AND c_uni_ca='6' AND c_asigna='342436' [1][0] OK
C:[04/08/2014 15:12:08.07][186.94.81.28][1151] SELECT c_asigna FROM dace004 WHERE exp_e='09-20222789' AND c_asigna='300318' AND status IN ('0','3','B','C') [1][0] OK
C:[04/08/2014 15:12:08.07][186.94.81.28][1151] SELECT c_asigna FROM dace004 WHERE exp_e='09-20222789' AND c_asigna='300317' AND status IN ('0','3','B','C') [1][0] OK
C:[04/08/2014 15:12:08.07][186.94.81.28][1138] SELECT pre_cod_asig1,pre_cod_asig2,pre_cod_asig3,pre_cod_asig4,pre_cod_asig5,pre_cod_asig6,pre_cod_asig7 FROM tblaca009 WHERE pensum='5' AND c_uni_ca='6' AND c_asigna='344446' [1][0] OK
C:[04/08/2014 15:12:08.07][186.94.81.28][1151] SELECT c_asigna FROM dace004 WHERE exp_e='09-20222789' AND c_asigna='300317' AND status IN ('0','3','B','C') [1][0] OK
C:[04/08/2014 15:12:08.07][186.94.81.28][1151] SELECT c_asigna FROM dace004 WHERE exp_e='09-20222789' AND c_asigna='300313' AND status IN ('0','3','B','C') [1][0] OK
C:[04/08/2014 15:12:08.07][186.94.81.28][1151] SELECT c_asigna FROM dace004 WHERE exp_e='09-20222789' AND c_asigna='300209' AND status IN ('0','3','B','C') [1][0] OK
C:[04/08/2014 15:12:08.07][186.94.81.28][1151] SELECT c_asigna FROM dace004 WHERE exp_e='09-20222789' AND c_asigna='300222' AND status IN ('0','3','B','C') [1][0] OK
C:[04/08/2014 15:12:08.07][186.94.81.28][1151] SELECT c_asigna FROM dace004 WHERE exp_e='09-20222789' AND c_asigna='300226' AND status IN ('0','3','B','C') [1][0] OK
C:[04/08/2014 15:12:08.07][186.94.81.28][1138] SELECT pre_cod_asig1,pre_cod_asig2,pre_cod_asig3,pre_cod_asig4,pre_cod_asig5,pre_cod_asig6,pre_cod_asig7 FROM tblaca009 WHERE pensum='5' AND c_uni_ca='6' AND c_asigna='344565' [1][0] OK
C:[04/08/2014 15:12:08.07][186.94.81.28][1151] SELECT c_asigna FROM dace004 WHERE exp_e='09-20222789' AND c_asigna='344445' AND status IN ('0','3','B','C') [1][0] OK
C:[04/08/2014 15:12:08.44][186.94.81.28][1182] SELECT par_cod_asig1,par_cod_asig2,par_cod_asig3 FROM tblaca009 WHERE pensum='5' AND c_uni_ca='6' AND c_asigna='342436' [1][0] OK
C:[04/08/2014 15:12:08.44][186.94.81.28][1182] SELECT par_cod_asig1,par_cod_asig2,par_cod_asig3 FROM tblaca009 WHERE pensum='5' AND c_uni_ca='6' AND c_asigna='344446' [1][0] OK
C:[04/08/2014 15:12:08.44][186.94.81.28][1182] SELECT par_cod_asig1,par_cod_asig2,par_cod_asig3 FROM tblaca009 WHERE pensum='5' AND c_uni_ca='6' AND c_asigna='344565' [1][0] OK
C:[04/08/2014 15:12:08.83][186.94.81.28][1312] SELECT horas_lab FROM tblaca008 WHERE c_asigna='342436' AND horas_teoricas > 0 [1][0] OK
C:[04/08/2014 15:12:08.83][186.94.81.28][1312] SELECT horas_lab FROM tblaca008 WHERE c_asigna='344446' AND horas_teoricas > 0 [1][0] OK
C:[04/08/2014 15:12:08.83][186.94.81.28][1312] SELECT horas_lab FROM tblaca008 WHERE c_asigna='344565' AND horas_teoricas > 0 [1][0] OK
C:[04/08/2014 15:12:57.65][190.74.25.176][1138] SELECT pre_cod_asig1,pre_cod_asig2,pre_cod_asig3,pre_cod_asig4,pre_cod_asig5,pre_cod_asig6,pre_cod_asig7 FROM tblaca009 WHERE pensum='5' AND c_uni_ca='2' AND c_asigna='320311' [1][0] OK
C:[04/08/2014 15:12:57.65][190.74.25.176][1151] SELECT c_asigna FROM dace004 WHERE exp_e='12-24411289' AND c_asigna='300013' AND status IN ('0','3','B','C') [1][0] OK
C:[04/08/2014 15:12:57.65][190.74.25.176][1151] SELECT c_asigna FROM dace004 WHERE exp_e='12-24411289' AND c_asigna='300113' AND status IN ('0','3','B','C') [1][0] OK
C:[04/08/2014 15:12:57.65][190.74.25.176][1138] SELECT pre_cod_asig1,pre_cod_asig2,pre_cod_asig3,pre_cod_asig4,pre_cod_asig5,pre_cod_asig6,pre_cod_asig7 FROM tblaca009 WHERE pensum='5' AND c_uni_ca='2' AND c_asigna='300428' [1][0] OK
C:[04/08/2014 15:12:57.65][190.74.25.176][1151] SELECT c_asigna FROM dace004 WHERE exp_e='12-24411289' AND c_asigna='300317' AND status IN ('0','3','B','C') [1][0] OK
C:[04/08/2014 15:12:57.65][190.74.25.176][1151] SELECT c_asigna FROM dace004 WHERE exp_e='12-24411289' AND c_asigna='300209' AND status IN ('0','3','B','C') [1][0] OK
C:[04/08/2014 15:12:57.65][190.74.25.176][1182] SELECT par_cod_asig1,par_cod_asig2,par_cod_asig3 FROM tblaca009 WHERE pensum='5' AND c_uni_ca='2' AND c_asigna='320311' [1][0] OK
C:[04/08/2014 15:12:57.65][190.74.25.176][1182] SELECT par_cod_asig1,par_cod_asig2,par_cod_asig3 FROM tblaca009 WHERE pensum='5' AND c_uni_ca='2' AND c_asigna='300428' [1][0] OK
C:[04/08/2014 15:12:57.91][190.74.25.176][1312] SELECT horas_lab FROM tblaca008 WHERE c_asigna='320311' AND horas_teoricas > 0 [1][0] OK
C:[04/08/2014 15:12:57.91][190.74.25.176][1312] SELECT horas_lab FROM tblaca008 WHERE c_asigna='300428' AND horas_teoricas > 0 [1][0] OK
C:[04/08/2014 15:13:11.45][190.37.110.227][1138] SELECT pre_cod_asig1,pre_cod_asig2,pre_cod_asig3,pre_cod_asig4,pre_cod_asig5,pre_cod_asig6,pre_cod_asig7 FROM tblaca009 WHERE pensum='5' AND c_uni_ca='6' AND c_asigna='300313' [1][0] OK
C:[04/08/2014 15:13:11.45][190.37.110.227][1151] SELECT c_asigna FROM dace004 WHERE exp_e='12-25321758' AND c_asigna='300213' AND status IN ('0','3','B','C') [1][0] OK
C:[04/08/2014 15:13:11.45][190.37.110.227][1151] SELECT c_asigna FROM dace004 WHERE exp_e='12-25321758' AND c_asigna='300226' AND status IN ('0','3','B','C') [1][0] OK
C:[04/08/2014 15:13:11.45][190.37.110.227][1151] SELECT c_asigna FROM dace004 WHERE exp_e='12-25321758' AND c_asigna='300222' AND status IN ('0','3','B','C') [1][0] OK
C:[04/08/2014 15:13:11.45][190.37.110.227][1151] SELECT c_asigna FROM dace004 WHERE exp_e='12-25321758' AND c_asigna='300209' AND status IN ('0','3','B','C') [1][0] OK
C:[04/08/2014 15:13:11.45][190.37.110.227][1138] SELECT pre_cod_asig1,pre_cod_asig2,pre_cod_asig3,pre_cod_asig4,pre_cod_asig5,pre_cod_asig6,pre_cod_asig7 FROM tblaca009 WHERE pensum='5' AND c_uni_ca='6' AND c_asigna='300318' [1][0] OK
C:[04/08/2014 15:13:11.45][190.37.110.227][1151] SELECT c_asigna FROM dace004 WHERE exp_e='12-25321758' AND c_asigna='300228' AND status IN ('0','3','B','C') [1][0] OK
C:[04/08/2014 15:13:11.45][190.37.110.227][1151] SELECT c_asigna FROM dace004 WHERE exp_e='12-25321758' AND c_asigna='300207' AND status IN ('0','3','B','C') [1][0] OK
C:[04/08/2014 15:13:11.45][190.37.110.227][1151] SELECT c_asigna FROM dace004 WHERE exp_e='12-25321758' AND c_asigna='300218' AND status IN ('0','3','B','C') [1][0] OK
C:[04/08/2014 15:13:11.45][190.37.110.227][1138] SELECT pre_cod_asig1,pre_cod_asig2,pre_cod_asig3,pre_cod_asig4,pre_cod_asig5,pre_cod_asig6,pre_cod_asig7 FROM tblaca009 WHERE pensum='5' AND c_uni_ca='6' AND c_asigna='300317' [1][0] OK
C:[04/08/2014 15:13:11.45][190.37.110.227][1151] SELECT c_asigna FROM dace004 WHERE exp_e='12-25321758' AND c_asigna='300207' AND status IN ('0','3','B','C') [1][0] OK
C:[04/08/2014 15:13:11.45][190.37.110.227][1151] SELECT c_asigna FROM dace004 WHERE exp_e='12-25321758' AND c_asigna='300209' AND status IN ('0','3','B','C') [1][0] OK
C:[04/08/2014 15:13:11.95][190.37.110.227][1182] SELECT par_cod_asig1,par_cod_asig2,par_cod_asig3 FROM tblaca009 WHERE pensum='5' AND c_uni_ca='6' AND c_asigna='300313' [1][0] OK
C:[04/08/2014 15:13:11.95][190.37.110.227][1182] SELECT par_cod_asig1,par_cod_asig2,par_cod_asig3 FROM tblaca009 WHERE pensum='5' AND c_uni_ca='6' AND c_asigna='300318' [1][0] OK
C:[04/08/2014 15:13:11.95][190.37.110.227][1182] SELECT par_cod_asig1,par_cod_asig2,par_cod_asig3 FROM tblaca009 WHERE pensum='5' AND c_uni_ca='6' AND c_asigna='300317' [1][0] OK
C:[04/08/2014 15:13:12.34][190.37.110.227][1312] SELECT horas_lab FROM tblaca008 WHERE c_asigna='300313' AND horas_teoricas > 0 [1][0] OK
C:[04/08/2014 15:13:12.34][190.37.110.227][1312] SELECT horas_lab FROM tblaca008 WHERE c_asigna='300318' AND horas_teoricas > 0 [1][0] OK
C:[04/08/2014 15:13:12.34][190.37.110.227][1312] SELECT horas_lab FROM tblaca008 WHERE c_asigna='300317' AND horas_teoricas > 0 [1][0] OK
C:[04/08/2014 15:13:13.50][186.94.81.28][1138] SELECT pre_cod_asig1,pre_cod_asig2,pre_cod_asig3,pre_cod_asig4,pre_cod_asig5,pre_cod_asig6,pre_cod_asig7 FROM tblaca009 WHERE pensum='5' AND c_uni_ca='5' AND c_asigna='300207' [1][0] OK
C:[04/08/2014 15:13:13.50][186.94.81.28][1151] SELECT c_asigna FROM dace004 WHERE exp_e='08-19512112' AND c_asigna='300101' AND status IN ('0','3','B','C') [1][0] OK
C:[04/08/2014 15:13:13.75][186.94.81.28][1182] SELECT par_cod_asig1,par_cod_asig2,par_cod_asig3 FROM tblaca009 WHERE pensum='5' AND c_uni_ca='5' AND c_asigna='300207' [1][0] OK
C:[04/08/2014 15:13:13.90][186.94.81.28][1312] SELECT horas_lab FROM tblaca008 WHERE c_asigna='300207' AND horas_teoricas > 0 [1][0] OK
C:[04/08/2014 15:16:09.02][186.94.81.28][1138] SELECT pre_cod_asig1,pre_cod_asig2,pre_cod_asig3,pre_cod_asig4,pre_cod_asig5,pre_cod_asig6,pre_cod_asig7 FROM tblaca009 WHERE pensum='5' AND c_uni_ca='3' AND c_asigna='300101' [1][0] OK
C:[04/08/2014 15:16:09.41][186.94.81.28][1182] SELECT par_cod_asig1,par_cod_asig2,par_cod_asig3 FROM tblaca009 WHERE pensum='5' AND c_uni_ca='3' AND c_asigna='300101' [1][0] OK
C:[04/08/2014 15:16:09.53][186.94.81.28][1312] SELECT horas_lab FROM tblaca008 WHERE c_asigna='300101' AND horas_teoricas > 0 [1][0] OK
C:[04/08/2014 15:16:32.11][186.94.71.26][1138] SELECT pre_cod_asig1,pre_cod_asig2,pre_cod_asig3,pre_cod_asig4,pre_cod_asig5,pre_cod_asig6,pre_cod_asig7 FROM tblaca009 WHERE pensum='5' AND c_uni_ca='3' AND c_asigna='312333' [1][0] OK
C:[04/08/2014 15:16:32.11][186.94.71.26][1151] SELECT c_asigna FROM dace004 WHERE exp_e='07-19804846' AND c_asigna='300228' AND status IN ('0','3','B','C') [1][0] OK
C:[04/08/2014 15:16:32.61][186.94.71.26][1182] SELECT par_cod_asig1,par_cod_asig2,par_cod_asig3 FROM tblaca009 WHERE pensum='5' AND c_uni_ca='3' AND c_asigna='312333' [1][0] OK
C:[04/08/2014 15:16:32.74][186.94.71.26][1312] SELECT horas_lab FROM tblaca008 WHERE c_asigna='312333' AND horas_teoricas > 0 [1][0] OK
C:[04/08/2014 15:17:12.29][186.94.81.28][1138] SELECT pre_cod_asig1,pre_cod_asig2,pre_cod_asig3,pre_cod_asig4,pre_cod_asig5,pre_cod_asig6,pre_cod_asig7 FROM tblaca009 WHERE pensum='5' AND c_uni_ca='2' AND c_asigna='300013' [1][0] OK
C:[04/08/2014 15:17:12.29][186.94.81.28][1138] SELECT pre_cod_asig1,pre_cod_asig2,pre_cod_asig3,pre_cod_asig4,pre_cod_asig5,pre_cod_asig6,pre_cod_asig7 FROM tblaca009 WHERE pensum='5' AND c_uni_ca='2' AND c_asigna='300101' [1][0] OK
C:[04/08/2014 15:17:13.80][186.94.81.28][1182] SELECT par_cod_asig1,par_cod_asig2,par_cod_asig3 FROM tblaca009 WHERE pensum='5' AND c_uni_ca='2' AND c_asigna='300013' [1][0] OK
C:[04/08/2014 15:17:13.80][186.94.81.28][1182] SELECT par_cod_asig1,par_cod_asig2,par_cod_asig3 FROM tblaca009 WHERE pensum='5' AND c_uni_ca='2' AND c_asigna='300101' [1][0] OK
C:[04/08/2014 15:17:13.05][186.94.81.28][1312] SELECT horas_lab FROM tblaca008 WHERE c_asigna='300013' AND horas_teoricas > 0 [1][0] OK
C:[04/08/2014 15:17:13.05][186.94.81.28][1312] SELECT horas_lab FROM tblaca008 WHERE c_asigna='300101' AND horas_teoricas > 0 [1][0] OK
C:[04/08/2014 15:18:14.99][190.73.234.126][1138] SELECT pre_cod_asig1,pre_cod_asig2,pre_cod_asig3,pre_cod_asig4,pre_cod_asig5,pre_cod_asig6,pre_cod_asig7 FROM tblaca009 WHERE pensum='5' AND c_uni_ca='5' AND c_asigna='300207' [1][0] OK
C:[04/08/2014 15:18:14.99][190.73.234.126][1151] SELECT c_asigna FROM dace004 WHERE exp_e='12-26073659' AND c_asigna='300101' AND status IN ('0','3','B','C') [1][0] OK
C:[04/08/2014 15:18:14.93][190.73.234.126][1182] SELECT par_cod_asig1,par_cod_asig2,par_cod_asig3 FROM tblaca009 WHERE pensum='5' AND c_uni_ca='5' AND c_asigna='300207' [1][0] OK
C:[04/08/2014 15:18:14.06][190.73.234.126][1312] SELECT horas_lab FROM tblaca008 WHERE c_asigna='300207' AND horas_teoricas > 0 [1][0] OK
C:[04/08/2014 15:18:14.29][186.94.81.28][1138] SELECT pre_cod_asig1,pre_cod_asig2,pre_cod_asig3,pre_cod_asig4,pre_cod_asig5,pre_cod_asig6,pre_cod_asig7 FROM tblaca009 WHERE pensum='5' AND c_uni_ca='6' AND c_asigna='300101' [1][0] OK
C:[04/08/2014 15:18:14.42][186.94.81.28][1182] SELECT par_cod_asig1,par_cod_asig2,par_cod_asig3 FROM tblaca009 WHERE pensum='5' AND c_uni_ca='6' AND c_asigna='300101' [1][0] OK
C:[04/08/2014 15:18:14.56][186.94.81.28][1312] SELECT horas_lab FROM tblaca008 WHERE c_asigna='300101' AND horas_teoricas > 0 [1][0] OK
C:[04/08/2014 15:19:15.38][190.205.31.71][1138] SELECT pre_cod_asig1,pre_cod_asig2,pre_cod_asig3,pre_cod_asig4,pre_cod_asig5,pre_cod_asig6,pre_cod_asig7 FROM tblaca009 WHERE pensum='5' AND c_uni_ca='4' AND c_asigna='300207' [1][0] OK
C:[04/08/2014 15:19:15.38][190.205.31.71][1151] SELECT c_asigna FROM dace004 WHERE exp_e='13-25393667' AND c_asigna='300101' AND status IN ('0','3','B','C') [1][0] OK
C:[04/08/2014 15:19:15.66][190.205.31.71][1182] SELECT par_cod_asig1,par_cod_asig2,par_cod_asig3 FROM tblaca009 WHERE pensum='5' AND c_uni_ca='4' AND c_asigna='300207' [1][0] OK
C:[04/08/2014 15:19:15.79][190.205.31.71][1312] SELECT horas_lab FROM tblaca008 WHERE c_asigna='300207' AND horas_teoricas > 0 [1][0] OK
C:[04/08/2014 15:20:25.79][74.82.68.145][1138] SELECT pre_cod_asig1,pre_cod_asig2,pre_cod_asig3,pre_cod_asig4,pre_cod_asig5,pre_cod_asig6,pre_cod_asig7 FROM tblaca009 WHERE pensum='5' AND c_uni_ca='3' AND c_asigna='300101' [1][0] OK
C:[04/08/2014 15:20:25.79][74.82.68.145][1138] SELECT pre_cod_asig1,pre_cod_asig2,pre_cod_asig3,pre_cod_asig4,pre_cod_asig5,pre_cod_asig6,pre_cod_asig7 FROM tblaca009 WHERE pensum='5' AND c_uni_ca='3' AND c_asigna='300013' [1][0] OK
C:[04/08/2014 15:20:25.79][74.82.68.145][1138] SELECT pre_cod_asig1,pre_cod_asig2,pre_cod_asig3,pre_cod_asig4,pre_cod_asig5,pre_cod_asig6,pre_cod_asig7 FROM tblaca009 WHERE pensum='5' AND c_uni_ca='3' AND c_asigna='300112' [1][0] OK
C:[04/08/2014 15:20:25.85][74.82.68.145][1182] SELECT par_cod_asig1,par_cod_asig2,par_cod_asig3 FROM tblaca009 WHERE pensum='5' AND c_uni_ca='3' AND c_asigna='300101' [1][0] OK
C:[04/08/2014 15:20:25.85][74.82.68.145][1182] SELECT par_cod_asig1,par_cod_asig2,par_cod_asig3 FROM tblaca009 WHERE pensum='5' AND c_uni_ca='3' AND c_asigna='300013' [1][0] OK
C:[04/08/2014 15:20:25.85][74.82.68.145][1182] SELECT par_cod_asig1,par_cod_asig2,par_cod_asig3 FROM tblaca009 WHERE pensum='5' AND c_uni_ca='3' AND c_asigna='300112' [1][0] OK
C:[04/08/2014 15:20:25.24][74.82.68.145][1312] SELECT horas_lab FROM tblaca008 WHERE c_asigna='300101' AND horas_teoricas > 0 [1][0] OK
C:[04/08/2014 15:20:25.24][74.82.68.145][1312] SELECT horas_lab FROM tblaca008 WHERE c_asigna='300013' AND horas_teoricas > 0 [1][0] OK
C:[04/08/2014 15:20:25.24][74.82.68.145][1312] SELECT horas_lab FROM tblaca008 WHERE c_asigna='300112' AND horas_teoricas > 0 [1][0] OK
C:[04/08/2014 15:24:42.77][186.94.81.28][1138] SELECT pre_cod_asig1,pre_cod_asig2,pre_cod_asig3,pre_cod_asig4,pre_cod_asig5,pre_cod_asig6,pre_cod_asig7 FROM tblaca009 WHERE pensum='5' AND c_uni_ca='2' AND c_asigna='300101' [1][0] OK
C:[04/08/2014 15:24:42.58][186.94.81.28][1182] SELECT par_cod_asig1,par_cod_asig2,par_cod_asig3 FROM tblaca009 WHERE pensum='5' AND c_uni_ca='2' AND c_asigna='300101' [1][0] OK
C:[04/08/2014 15:24:42.72][186.94.81.28][1312] SELECT horas_lab FROM tblaca008 WHERE c_asigna='300101' AND horas_teoricas > 0 [1][0] OK
C:[04/08/2014 15:25:23.24][186.94.81.28][1138] SELECT pre_cod_asig1,pre_cod_asig2,pre_cod_asig3,pre_cod_asig4,pre_cod_asig5,pre_cod_asig6,pre_cod_asig7 FROM tblaca009 WHERE pensum='5' AND c_uni_ca='6' AND c_asigna='300313' [1][0] OK
C:[04/08/2014 15:25:23.24][186.94.81.28][1151] SELECT c_asigna FROM dace004 WHERE exp_e='07-21251485' AND c_asigna='300213' AND status IN ('0','3','B','C') [1][0] OK
C:[04/08/2014 15:25:23.24][186.94.81.28][1151] SELECT c_asigna FROM dace004 WHERE exp_e='07-21251485' AND c_asigna='300226' AND status IN ('0','3','B','C') [1][0] OK
C:[04/08/2014 15:25:23.24][186.94.81.28][1151] SELECT c_asigna FROM dace004 WHERE exp_e='07-21251485' AND c_asigna='300222' AND status IN ('0','3','B','C') [1][0] OK
C:[04/08/2014 15:25:23.24][186.94.81.28][1151] SELECT c_asigna FROM dace004 WHERE exp_e='07-21251485' AND c_asigna='300209' AND status IN ('0','3','B','C') [1][0] OK
C:[04/08/2014 15:25:24.11][186.94.81.28][1182] SELECT par_cod_asig1,par_cod_asig2,par_cod_asig3 FROM tblaca009 WHERE pensum='5' AND c_uni_ca='6' AND c_asigna='300313' [1][0] OK
C:[04/08/2014 15:25:24.26][186.94.81.28][1312] SELECT horas_lab FROM tblaca008 WHERE c_asigna='300313' AND horas_teoricas > 0 [1][0] OK
C:[04/08/2014 15:25:55.61][74.82.64.161][1138] SELECT pre_cod_asig1,pre_cod_asig2,pre_cod_asig3,pre_cod_asig4,pre_cod_asig5,pre_cod_asig6,pre_cod_asig7 FROM tblaca009 WHERE pensum='5' AND c_uni_ca='3' AND c_asigna='311822' [1][0] OK
C:[04/08/2014 15:25:55.61][74.82.64.161][1151] SELECT c_asigna FROM dace004 WHERE exp_e='08-19536447' AND c_asigna='311795' AND status IN ('0','3','B','C') [1][0] OK
C:[04/08/2014 15:25:55.61][74.82.64.161][1138] SELECT pre_cod_asig1,pre_cod_asig2,pre_cod_asig3,pre_cod_asig4,pre_cod_asig5,pre_cod_asig6,pre_cod_asig7 FROM tblaca009 WHERE pensum='5' AND c_uni_ca='3' AND c_asigna='311823' [1][0] OK
C:[04/08/2014 15:25:55.61][74.82.64.161][1151] SELECT c_asigna FROM dace004 WHERE exp_e='08-19536447' AND c_asigna='311795' AND status IN ('0','3','B','C') [1][0] OK
C:[04/08/2014 15:25:55.92][74.82.64.161][1182] SELECT par_cod_asig1,par_cod_asig2,par_cod_asig3 FROM tblaca009 WHERE pensum='5' AND c_uni_ca='3' AND c_asigna='311822' [1][0] OK
C:[04/08/2014 15:25:55.92][74.82.64.161][1182] SELECT par_cod_asig1,par_cod_asig2,par_cod_asig3 FROM tblaca009 WHERE pensum='5' AND c_uni_ca='3' AND c_asigna='311823' [1][0] OK
C:[04/08/2014 15:25:55.18][74.82.64.161][1312] SELECT horas_lab FROM tblaca008 WHERE c_asigna='311822' AND horas_teoricas > 0 [1][0] OK
C:[04/08/2014 15:25:55.18][74.82.64.161][1312] SELECT horas_lab FROM tblaca008 WHERE c_asigna='311823' AND horas_teoricas > 0 [1][0] OK
C:[04/08/2014 15:27:04.03][190.206.245.237][1138] SELECT pre_cod_asig1,pre_cod_asig2,pre_cod_asig3,pre_cod_asig4,pre_cod_asig5,pre_cod_asig6,pre_cod_asig7 FROM tblaca009 WHERE pensum='5' AND c_uni_ca='6' AND c_asigna='300317' [1][0] OK
C:[04/08/2014 15:27:04.03][190.206.245.237][1151] SELECT c_asigna FROM dace004 WHERE exp_e='07-19803177' AND c_asigna='300207' AND status IN ('0','3','B','C') [1][0] OK
C:[04/08/2014 15:27:04.03][190.206.245.237][1151] SELECT c_asigna FROM dace004 WHERE exp_e='07-19803177' AND c_asigna='300209' AND status IN ('0','3','B','C') [1][0] OK
C:[04/08/2014 15:27:04.03][190.206.245.237][1138] SELECT pre_cod_asig1,pre_cod_asig2,pre_cod_asig3,pre_cod_asig4,pre_cod_asig5,pre_cod_asig6,pre_cod_asig7 FROM tblaca009 WHERE pensum='5' AND c_uni_ca='6' AND c_asigna='340323' [1][0] OK
C:[04/08/2014 15:27:04.03][190.206.245.237][1151] SELECT c_asigna FROM dace004 WHERE exp_e='07-19803177' AND c_asigna='300228' AND status IN ('0','3','B','C') [1][0] OK
C:[04/08/2014 15:27:04.03][190.206.245.237][1151] SELECT c_asigna FROM dace004 WHERE exp_e='07-19803177' AND c_asigna='300207' AND status IN ('0','3','B','C') [1][0] OK
C:[04/08/2014 15:27:04.04][190.206.245.237][1182] SELECT par_cod_asig1,par_cod_asig2,par_cod_asig3 FROM tblaca009 WHERE pensum='5' AND c_uni_ca='6' AND c_asigna='300317' [1][0] OK
C:[04/08/2014 15:27:04.04][190.206.245.237][1182] SELECT par_cod_asig1,par_cod_asig2,par_cod_asig3 FROM tblaca009 WHERE pensum='5' AND c_uni_ca='6' AND c_asigna='340323' [1][0] OK
C:[04/08/2014 15:27:04.30][190.206.245.237][1312] SELECT horas_lab FROM tblaca008 WHERE c_asigna='300317' AND horas_teoricas > 0 [1][0] OK
C:[04/08/2014 15:27:04.30][190.206.245.237][1312] SELECT horas_lab FROM tblaca008 WHERE c_asigna='340323' AND horas_teoricas > 0 [1][0] OK
C:[04/08/2014 15:28:01.69][186.94.81.28][1138] SELECT pre_cod_asig1,pre_cod_asig2,pre_cod_asig3,pre_cod_asig4,pre_cod_asig5,pre_cod_asig6,pre_cod_asig7 FROM tblaca009 WHERE pensum='5' AND c_uni_ca='3' AND c_asigna='300218' [1][0] OK
C:[04/08/2014 15:28:01.69][186.94.81.28][1151] SELECT c_asigna FROM dace004 WHERE exp_e='10-20298668' AND c_asigna='300101' AND status IN ('0','3','B','C') [1][0] OK
C:[04/08/2014 15:28:01.69][186.94.81.28][1138] SELECT pre_cod_asig1,pre_cod_asig2,pre_cod_asig3,pre_cod_asig4,pre_cod_asig5,pre_cod_asig6,pre_cod_asig7 FROM tblaca009 WHERE pensum='5' AND c_uni_ca='3' AND c_asigna='300317' [1][0] OK
C:[04/08/2014 15:28:01.69][186.94.81.28][1151] SELECT c_asigna FROM dace004 WHERE exp_e='10-20298668' AND c_asigna='300207' AND status IN ('0','3','B','C') [1][0] OK
C:[04/08/2014 15:28:01.69][186.94.81.28][1151] SELECT c_asigna FROM dace004 WHERE exp_e='10-20298668' AND c_asigna='300209' AND status IN ('0','3','B','C') [1][0] OK
C:[04/08/2014 15:28:01.57][186.94.81.28][1182] SELECT par_cod_asig1,par_cod_asig2,par_cod_asig3 FROM tblaca009 WHERE pensum='5' AND c_uni_ca='3' AND c_asigna='300218' [1][0] OK
C:[04/08/2014 15:28:01.57][186.94.81.28][1196] SELECT c_asigna FROM dace004 WHERE exp_e='10-20298668' AND c_asigna='300228' AND status IN ('0','3','B','C') [1][0] OK
C:[04/08/2014 15:28:01.57][186.94.81.28][1182] SELECT par_cod_asig1,par_cod_asig2,par_cod_asig3 FROM tblaca009 WHERE pensum='5' AND c_uni_ca='3' AND c_asigna='300317' [1][0] OK
C:[04/08/2014 15:28:01.95][186.94.81.28][1312] SELECT horas_lab FROM tblaca008 WHERE c_asigna='300218' AND horas_teoricas > 0 [0][0] OK
C:[04/08/2014 15:28:01.95][186.94.81.28][1312] SELECT horas_lab FROM tblaca008 WHERE c_asigna='300317' AND horas_teoricas > 0 [1][0] OK
C:[04/08/2014 15:30:35.14][190.206.54.195][1138] SELECT pre_cod_asig1,pre_cod_asig2,pre_cod_asig3,pre_cod_asig4,pre_cod_asig5,pre_cod_asig6,pre_cod_asig7 FROM tblaca009 WHERE pensum='5' AND c_uni_ca='6' AND c_asigna='344046' [1][0] OK
C:[04/08/2014 15:30:35.14][190.206.54.195][1151] SELECT c_asigna FROM dace004 WHERE exp_e='08-19804710' AND c_asigna='344834' AND status IN ('0','3','B','C') [1][0] OK
C:[04/08/2014 15:30:35.14][190.206.54.195][1151] SELECT c_asigna FROM dace004 WHERE exp_e='08-19804710' AND c_asigna='344732' AND status IN ('0','3','B','C') [1][0] OK
C:[04/08/2014 15:30:35.14][190.206.54.195][1138] SELECT pre_cod_asig1,pre_cod_asig2,pre_cod_asig3,pre_cod_asig4,pre_cod_asig5,pre_cod_asig6,pre_cod_asig7 FROM tblaca009 WHERE pensum='5' AND c_uni_ca='6' AND c_asigna='344948' [1][0] OK
C:[04/08/2014 15:30:35.89][190.206.54.195][1182] SELECT par_cod_asig1,par_cod_asig2,par_cod_asig3 FROM tblaca009 WHERE pensum='5' AND c_uni_ca='6' AND c_asigna='344046' [1][0] OK
C:[04/08/2014 15:30:35.89][190.206.54.195][1182] SELECT par_cod_asig1,par_cod_asig2,par_cod_asig3 FROM tblaca009 WHERE pensum='5' AND c_uni_ca='6' AND c_asigna='344948' [1][0] OK
C:[04/08/2014 15:30:35.15][190.206.54.195][1312] SELECT horas_lab FROM tblaca008 WHERE c_asigna='344046' AND horas_teoricas > 0 [1][0] OK
C:[04/08/2014 15:30:35.15][190.206.54.195][1312] SELECT horas_lab FROM tblaca008 WHERE c_asigna='344948' AND horas_teoricas > 0 [1][0] OK
C:[04/08/2014 15:31:38.83][190.198.160.230][1138] SELECT pre_cod_asig1,pre_cod_asig2,pre_cod_asig3,pre_cod_asig4,pre_cod_asig5,pre_cod_asig6,pre_cod_asig7 FROM tblaca009 WHERE pensum='5' AND c_uni_ca='5' AND c_asigna='300207' [1][0] OK
C:[04/08/2014 15:31:38.83][190.198.160.230][1151] SELECT c_asigna FROM dace004 WHERE exp_e='12-24842883' AND c_asigna='300101' AND status IN ('0','3','B','C') [1][0] OK
C:[04/08/2014 15:31:39.33][190.198.160.230][1182] SELECT par_cod_asig1,par_cod_asig2,par_cod_asig3 FROM tblaca009 WHERE pensum='5' AND c_uni_ca='5' AND c_asigna='300207' [1][0] OK
C:[04/08/2014 15:31:39.68][190.198.160.230][1312] SELECT horas_lab FROM tblaca008 WHERE c_asigna='300207' AND horas_teoricas > 0 [1][0] OK
C:[04/08/2014 15:32:21.00][181.225.61.99][1138] SELECT pre_cod_asig1,pre_cod_asig2,pre_cod_asig3,pre_cod_asig4,pre_cod_asig5,pre_cod_asig6,pre_cod_asig7 FROM tblaca009 WHERE pensum='5' AND c_uni_ca='3' AND c_asigna='300105' [1][0] OK
C:[04/08/2014 15:32:21.38][181.225.61.99][1182] SELECT par_cod_asig1,par_cod_asig2,par_cod_asig3 FROM tblaca009 WHERE pensum='5' AND c_uni_ca='3' AND c_asigna='300105' [1][0] OK
C:[04/08/2014 15:32:21.50][181.225.61.99][1312] SELECT horas_lab FROM tblaca008 WHERE c_asigna='300105' AND horas_teoricas > 0 [1][0] OK
C:[04/08/2014 15:33:53.84][186.94.81.28][1138] SELECT pre_cod_asig1,pre_cod_asig2,pre_cod_asig3,pre_cod_asig4,pre_cod_asig5,pre_cod_asig6,pre_cod_asig7 FROM tblaca009 WHERE pensum='5' AND c_uni_ca='3' AND c_asigna='300013' [1][0] OK
C:[04/08/2014 15:33:53.84][186.94.81.28][1138] SELECT pre_cod_asig1,pre_cod_asig2,pre_cod_asig3,pre_cod_asig4,pre_cod_asig5,pre_cod_asig6,pre_cod_asig7 FROM tblaca009 WHERE pensum='5' AND c_uni_ca='3' AND c_asigna='300101' [1][0] OK
C:[04/08/2014 15:33:53.34][186.94.81.28][1182] SELECT par_cod_asig1,par_cod_asig2,par_cod_asig3 FROM tblaca009 WHERE pensum='5' AND c_uni_ca='3' AND c_asigna='300013' [1][0] OK
C:[04/08/2014 15:33:53.34][186.94.81.28][1182] SELECT par_cod_asig1,par_cod_asig2,par_cod_asig3 FROM tblaca009 WHERE pensum='5' AND c_uni_ca='3' AND c_asigna='300101' [1][0] OK
C:[04/08/2014 15:33:53.60][186.94.81.28][1312] SELECT horas_lab FROM tblaca008 WHERE c_asigna='300013' AND horas_teoricas > 0 [1][0] OK
C:[04/08/2014 15:33:53.60][186.94.81.28][1312] SELECT horas_lab FROM tblaca008 WHERE c_asigna='300101' AND horas_teoricas > 0 [1][0] OK
C:[04/08/2014 15:34:59.28][186.94.81.28][1138] SELECT pre_cod_asig1,pre_cod_asig2,pre_cod_asig3,pre_cod_asig4,pre_cod_asig5,pre_cod_asig6,pre_cod_asig7 FROM tblaca009 WHERE pensum='5' AND c_uni_ca='4' AND c_asigna='300105' [1][0] OK
C:[04/08/2014 15:34:59.28][186.94.81.28][1138] SELECT pre_cod_asig1,pre_cod_asig2,pre_cod_asig3,pre_cod_asig4,pre_cod_asig5,pre_cod_asig6,pre_cod_asig7 FROM tblaca009 WHERE pensum='5' AND c_uni_ca='4' AND c_asigna='300207' [1][0] OK
C:[04/08/2014 15:34:59.28][186.94.81.28][1151] SELECT c_asigna FROM dace004 WHERE exp_e='12-19420576' AND c_asigna='300101' AND status IN ('0','3','B','C') [1][0] OK
C:[04/08/2014 15:34:59.34][186.94.81.28][1182] SELECT par_cod_asig1,par_cod_asig2,par_cod_asig3 FROM tblaca009 WHERE pensum='5' AND c_uni_ca='4' AND c_asigna='300105' [1][0] OK
C:[04/08/2014 15:34:59.34][186.94.81.28][1182] SELECT par_cod_asig1,par_cod_asig2,par_cod_asig3 FROM tblaca009 WHERE pensum='5' AND c_uni_ca='4' AND c_asigna='300207' [1][0] OK
C:[04/08/2014 15:34:59.60][186.94.81.28][1312] SELECT horas_lab FROM tblaca008 WHERE c_asigna='300105' AND horas_teoricas > 0 [1][0] OK
C:[04/08/2014 15:34:59.60][186.94.81.28][1312] SELECT horas_lab FROM tblaca008 WHERE c_asigna='300207' AND horas_teoricas > 0 [1][0] OK
C:[04/08/2014 15:35:42.04][190.201.31.40][1138] SELECT pre_cod_asig1,pre_cod_asig2,pre_cod_asig3,pre_cod_asig4,pre_cod_asig5,pre_cod_asig6,pre_cod_asig7 FROM tblaca009 WHERE pensum='5' AND c_uni_ca='3' AND c_asigna='300222' [1][0] OK
C:[04/08/2014 15:35:42.04][190.201.31.40][1151] SELECT c_asigna FROM dace004 WHERE exp_e='12-22587140' AND c_asigna='300112' AND status IN ('0','3','B','C') [1][0] OK
C:[04/08/2014 15:35:42.04][190.201.31.40][1138] SELECT pre_cod_asig1,pre_cod_asig2,pre_cod_asig3,pre_cod_asig4,pre_cod_asig5,pre_cod_asig6,pre_cod_asig7 FROM tblaca009 WHERE pensum='5' AND c_uni_ca='3' AND c_asigna='300226' [1][0] OK
C:[04/08/2014 15:35:42.04][190.201.31.40][1151] SELECT c_asigna FROM dace004 WHERE exp_e='12-22587140' AND c_asigna='300116' AND status IN ('0','3','B','C') [1][0] OK
C:[04/08/2014 15:35:42.79][190.201.31.40][1182] SELECT par_cod_asig1,par_cod_asig2,par_cod_asig3 FROM tblaca009 WHERE pensum='5' AND c_uni_ca='3' AND c_asigna='300222' [1][0] OK
C:[04/08/2014 15:35:42.79][190.201.31.40][1182] SELECT par_cod_asig1,par_cod_asig2,par_cod_asig3 FROM tblaca009 WHERE pensum='5' AND c_uni_ca='3' AND c_asigna='300226' [1][0] OK
C:[04/08/2014 15:35:42.06][190.201.31.40][1312] SELECT horas_lab FROM tblaca008 WHERE c_asigna='300222' AND horas_teoricas > 0 [1][0] OK
C:[04/08/2014 15:35:42.06][190.201.31.40][1312] SELECT horas_lab FROM tblaca008 WHERE c_asigna='300226' AND horas_teoricas > 0 [1][0] OK
C:[04/08/2014 15:39:26.22][190.201.31.40][1138] SELECT pre_cod_asig1,pre_cod_asig2,pre_cod_asig3,pre_cod_asig4,pre_cod_asig5,pre_cod_asig6,pre_cod_asig7 FROM tblaca009 WHERE pensum='5' AND c_uni_ca='3' AND c_asigna='300226' [1][0] OK
C:[04/08/2014 15:39:26.22][190.201.31.40][1151] SELECT c_asigna FROM dace004 WHERE exp_e='12-22587140' AND c_asigna='300116' AND status IN ('0','3','B','C') [1][0] OK
C:[04/08/2014 15:39:26.22][190.201.31.40][1138] SELECT pre_cod_asig1,pre_cod_asig2,pre_cod_asig3,pre_cod_asig4,pre_cod_asig5,pre_cod_asig6,pre_cod_asig7 FROM tblaca009 WHERE pensum='5' AND c_uni_ca='3' AND c_asigna='312333' [1][0] OK
C:[04/08/2014 15:39:26.22][190.201.31.40][1151] SELECT c_asigna FROM dace004 WHERE exp_e='12-22587140' AND c_asigna='300228' AND status IN ('0','3','B','C') [1][0] OK
C:[04/08/2014 15:39:27.34][190.201.31.40][1182] SELECT par_cod_asig1,par_cod_asig2,par_cod_asig3 FROM tblaca009 WHERE pensum='5' AND c_uni_ca='3' AND c_asigna='300226' [1][0] OK
C:[04/08/2014 15:39:27.34][190.201.31.40][1182] SELECT par_cod_asig1,par_cod_asig2,par_cod_asig3 FROM tblaca009 WHERE pensum='5' AND c_uni_ca='3' AND c_asigna='312333' [1][0] OK
C:[04/08/2014 15:39:27.60][190.201.31.40][1312] SELECT horas_lab FROM tblaca008 WHERE c_asigna='300226' AND horas_teoricas > 0 [1][0] OK
C:[04/08/2014 15:39:27.60][190.201.31.40][1312] SELECT horas_lab FROM tblaca008 WHERE c_asigna='312333' AND horas_teoricas > 0 [1][0] OK
C:[04/08/2014 15:42:43.01][186.94.81.28][1138] SELECT pre_cod_asig1,pre_cod_asig2,pre_cod_asig3,pre_cod_asig4,pre_cod_asig5,pre_cod_asig6,pre_cod_asig7 FROM tblaca009 WHERE pensum='5' AND c_uni_ca='5' AND c_asigna='300207' [1][0] OK
C:[04/08/2014 15:42:43.01][186.94.81.28][1151] SELECT c_asigna FROM dace004 WHERE exp_e='13-25324137' AND c_asigna='300101' AND status IN ('0','3','B','C') [1][0] OK
C:[04/08/2014 15:42:43.01][186.94.81.28][1138] SELECT pre_cod_asig1,pre_cod_asig2,pre_cod_asig3,pre_cod_asig4,pre_cod_asig5,pre_cod_asig6,pre_cod_asig7 FROM tblaca009 WHERE pensum='5' AND c_uni_ca='5' AND c_asigna='300228' [1][0] OK
C:[04/08/2014 15:42:43.01][186.94.81.28][1151] SELECT c_asigna FROM dace004 WHERE exp_e='13-25324137' AND c_asigna='300101' AND status IN ('0','3','B','C') [1][0] OK
C:[04/08/2014 15:42:43.01][186.94.81.28][1138] SELECT pre_cod_asig1,pre_cod_asig2,pre_cod_asig3,pre_cod_asig4,pre_cod_asig5,pre_cod_asig6,pre_cod_asig7 FROM tblaca009 WHERE pensum='5' AND c_uni_ca='5' AND c_asigna='300218' [1][0] OK
C:[04/08/2014 15:42:43.01][186.94.81.28][1151] SELECT c_asigna FROM dace004 WHERE exp_e='13-25324137' AND c_asigna='300101' AND status IN ('0','3','B','C') [1][0] OK
C:[04/08/2014 15:42:44.01][186.94.81.28][1182] SELECT par_cod_asig1,par_cod_asig2,par_cod_asig3 FROM tblaca009 WHERE pensum='5' AND c_uni_ca='5' AND c_asigna='300207' [1][0] OK
C:[04/08/2014 15:42:44.01][186.94.81.28][1182] SELECT par_cod_asig1,par_cod_asig2,par_cod_asig3 FROM tblaca009 WHERE pensum='5' AND c_uni_ca='5' AND c_asigna='300228' [1][0] OK
C:[04/08/2014 15:42:44.01][186.94.81.28][1182] SELECT par_cod_asig1,par_cod_asig2,par_cod_asig3 FROM tblaca009 WHERE pensum='5' AND c_uni_ca='5' AND c_asigna='300218' [1][0] OK
C:[04/08/2014 15:42:44.01][186.94.81.28][1196] SELECT c_asigna FROM dace004 WHERE exp_e='13-25324137' AND c_asigna='300228' AND status IN ('0','3','B','C') [0][0] OK
C:[04/08/2014 15:42:44.52][186.94.81.28][1312] SELECT horas_lab FROM tblaca008 WHERE c_asigna='300207' AND horas_teoricas > 0 [1][0] OK
C:[04/08/2014 15:42:44.52][186.94.81.28][1312] SELECT horas_lab FROM tblaca008 WHERE c_asigna='300228' AND horas_teoricas > 0 [1][0] OK
C:[04/08/2014 15:42:44.52][186.94.81.28][1312] SELECT horas_lab FROM tblaca008 WHERE c_asigna='300218' AND horas_teoricas > 0 [0][0] OK
C:[04/08/2014 15:43:38.30][190.204.200.144][1138] SELECT pre_cod_asig1,pre_cod_asig2,pre_cod_asig3,pre_cod_asig4,pre_cod_asig5,pre_cod_asig6,pre_cod_asig7 FROM tblaca009 WHERE pensum='5' AND c_uni_ca='5' AND c_asigna='351451' [1][0] OK
C:[04/08/2014 15:43:38.30][190.204.200.144][1151] SELECT c_asigna FROM dace004 WHERE exp_e='09-20704006' AND c_asigna='351330' AND status IN ('0','3','B','C') [1][0] OK
C:[04/08/2014 15:43:38.30][190.204.200.144][1151] SELECT c_asigna FROM dace004 WHERE exp_e='09-20704006' AND c_asigna='355350' AND status IN ('0','3','B','C') [1][0] OK
C:[04/08/2014 15:43:38.30][190.204.200.144][1151] SELECT c_asigna FROM dace004 WHERE exp_e='09-20704006' AND c_asigna='300318' AND status IN ('0','3','B','C') [1][0] OK
C:[04/08/2014 15:43:38.30][190.204.200.144][1151] SELECT c_asigna FROM dace004 WHERE exp_e='09-20704006' AND c_asigna='300209' AND status IN ('0','3','B','C') [1][0] OK
C:[04/08/2014 15:43:38.30][190.204.200.144][1151] SELECT c_asigna FROM dace004 WHERE exp_e='09-20704006' AND c_asigna='300222' AND status IN ('0','3','B','C') [1][0] OK
C:[04/08/2014 15:43:38.30][190.204.200.144][1138] SELECT pre_cod_asig1,pre_cod_asig2,pre_cod_asig3,pre_cod_asig4,pre_cod_asig5,pre_cod_asig6,pre_cod_asig7 FROM tblaca009 WHERE pensum='5' AND c_uni_ca='5' AND c_asigna='355447' [1][0] OK
C:[04/08/2014 15:43:38.30][190.204.200.144][1151] SELECT c_asigna FROM dace004 WHERE exp_e='09-20704006' AND c_asigna='351330' AND status IN ('0','3','B','C') [1][0] OK
C:[04/08/2014 15:43:38.55][190.204.200.144][1182] SELECT par_cod_asig1,par_cod_asig2,par_cod_asig3 FROM tblaca009 WHERE pensum='5' AND c_uni_ca='5' AND c_asigna='351451' [1][0] OK
C:[04/08/2014 15:43:38.55][190.204.200.144][1182] SELECT par_cod_asig1,par_cod_asig2,par_cod_asig3 FROM tblaca009 WHERE pensum='5' AND c_uni_ca='5' AND c_asigna='355447' [1][0] OK
C:[04/08/2014 15:43:38.82][190.204.200.144][1312] SELECT horas_lab FROM tblaca008 WHERE c_asigna='351451' AND horas_teoricas > 0 [1][0] OK
C:[04/08/2014 15:43:38.82][190.204.200.144][1312] SELECT horas_lab FROM tblaca008 WHERE c_asigna='355447' AND horas_teoricas > 0 [1][0] OK
C:[04/08/2014 15:43:46.67][186.90.114.193][1138] SELECT pre_cod_asig1,pre_cod_asig2,pre_cod_asig3,pre_cod_asig4,pre_cod_asig5,pre_cod_asig6,pre_cod_asig7 FROM tblaca009 WHERE pensum='5' AND c_uni_ca='3' AND c_asigna='300112' [1][0] OK
C:[04/08/2014 15:43:47.48][186.90.114.193][1182] SELECT par_cod_asig1,par_cod_asig2,par_cod_asig3 FROM tblaca009 WHERE pensum='5' AND c_uni_ca='3' AND c_asigna='300112' [1][0] OK
C:[04/08/2014 15:43:47.61][186.90.114.193][1312] SELECT horas_lab FROM tblaca008 WHERE c_asigna='300112' AND horas_teoricas > 0 [1][0] OK
C:[04/08/2014 15:44:49.03][190.204.91.80][1138] SELECT pre_cod_asig1,pre_cod_asig2,pre_cod_asig3,pre_cod_asig4,pre_cod_asig5,pre_cod_asig6,pre_cod_asig7 FROM tblaca009 WHERE pensum='5' AND c_uni_ca='3' AND c_asigna='311822' [1][0] OK
C:[04/08/2014 15:44:49.03][190.204.91.80][1151] SELECT c_asigna FROM dace004 WHERE exp_e='06-19803960' AND c_asigna='311795' AND status IN ('0','3','B','C') [1][0] OK
C:[04/08/2014 15:44:49.03][190.204.91.80][1138] SELECT pre_cod_asig1,pre_cod_asig2,pre_cod_asig3,pre_cod_asig4,pre_cod_asig5,pre_cod_asig6,pre_cod_asig7 FROM tblaca009 WHERE pensum='5' AND c_uni_ca='3' AND c_asigna='311823' [1][0] OK
C:[04/08/2014 15:44:49.03][190.204.91.80][1151] SELECT c_asigna FROM dace004 WHERE exp_e='06-19803960' AND c_asigna='311795' AND status IN ('0','3','B','C') [1][0] OK
C:[04/08/2014 15:44:49.79][190.204.91.80][1182] SELECT par_cod_asig1,par_cod_asig2,par_cod_asig3 FROM tblaca009 WHERE pensum='5' AND c_uni_ca='3' AND c_asigna='311822' [1][0] OK
C:[04/08/2014 15:44:49.79][190.204.91.80][1182] SELECT par_cod_asig1,par_cod_asig2,par_cod_asig3 FROM tblaca009 WHERE pensum='5' AND c_uni_ca='3' AND c_asigna='311823' [1][0] OK
C:[04/08/2014 15:44:49.04][190.204.91.80][1312] SELECT horas_lab FROM tblaca008 WHERE c_asigna='311822' AND horas_teoricas > 0 [1][0] OK
C:[04/08/2014 15:44:49.04][190.204.91.80][1312] SELECT horas_lab FROM tblaca008 WHERE c_asigna='311823' AND horas_teoricas > 0 [1][0] OK
C:[04/08/2014 15:44:59.59][190.200.54.194][1138] SELECT pre_cod_asig1,pre_cod_asig2,pre_cod_asig3,pre_cod_asig4,pre_cod_asig5,pre_cod_asig6,pre_cod_asig7 FROM tblaca009 WHERE pensum='5' AND c_uni_ca='5' AND c_asigna='300013' [1][0] OK
C:[04/08/2014 15:44:59.59][190.200.54.194][1138] SELECT pre_cod_asig1,pre_cod_asig2,pre_cod_asig3,pre_cod_asig4,pre_cod_asig5,pre_cod_asig6,pre_cod_asig7 FROM tblaca009 WHERE pensum='5' AND c_uni_ca='5' AND c_asigna='300101' [1][0] OK
C:[04/08/2014 15:44:59.10][190.200.54.194][1182] SELECT par_cod_asig1,par_cod_asig2,par_cod_asig3 FROM tblaca009 WHERE pensum='5' AND c_uni_ca='5' AND c_asigna='300013' [1][0] OK
C:[04/08/2014 15:44:59.10][190.200.54.194][1182] SELECT par_cod_asig1,par_cod_asig2,par_cod_asig3 FROM tblaca009 WHERE pensum='5' AND c_uni_ca='5' AND c_asigna='300101' [1][0] OK
C:[04/08/2014 15:44:59.37][190.200.54.194][1312] SELECT horas_lab FROM tblaca008 WHERE c_asigna='300013' AND horas_teoricas > 0 [1][0] OK
C:[04/08/2014 15:44:59.37][190.200.54.194][1312] SELECT horas_lab FROM tblaca008 WHERE c_asigna='300101' AND horas_teoricas > 0 [1][0] OK
C:[04/08/2014 15:46:31.17][186.90.214.203][1138] SELECT pre_cod_asig1,pre_cod_asig2,pre_cod_asig3,pre_cod_asig4,pre_cod_asig5,pre_cod_asig6,pre_cod_asig7 FROM tblaca009 WHERE pensum='5' AND c_uni_ca='6' AND c_asigna='344715' [1][0] OK
C:[04/08/2014 15:46:31.17][186.90.214.203][1151] SELECT c_asigna FROM dace004 WHERE exp_e='10-24964455' AND c_asigna='344688' AND status IN ('0','3','B','C') [1][0] OK
C:[04/08/2014 15:46:31.17][186.90.214.203][1151] SELECT c_asigna FROM dace004 WHERE exp_e='10-24964455' AND c_asigna='344613' AND status IN ('0','3','B','C') [1][0] OK
C:[04/08/2014 15:46:31.17][186.90.214.203][1138] SELECT pre_cod_asig1,pre_cod_asig2,pre_cod_asig3,pre_cod_asig4,pre_cod_asig5,pre_cod_asig6,pre_cod_asig7 FROM tblaca009 WHERE pensum='5' AND c_uni_ca='6' AND c_asigna='344742' [1][0] OK
C:[04/08/2014 15:46:31.17][186.90.214.203][1151] SELECT c_asigna FROM dace004 WHERE exp_e='10-24964455' AND c_asigna='344688' AND status IN ('0','3','B','C') [1][0] OK
C:[04/08/2014 15:46:31.17][186.90.214.203][1151] SELECT c_asigna FROM dace004 WHERE exp_e='10-24964455' AND c_asigna='342679' AND status IN ('0','3','B','C') [1][0] OK
C:[04/08/2014 15:46:31.19][186.90.214.203][1182] SELECT par_cod_asig1,par_cod_asig2,par_cod_asig3 FROM tblaca009 WHERE pensum='5' AND c_uni_ca='6' AND c_asigna='344715' [1][0] OK
C:[04/08/2014 15:46:31.19][186.90.214.203][1182] SELECT par_cod_asig1,par_cod_asig2,par_cod_asig3 FROM tblaca009 WHERE pensum='5' AND c_uni_ca='6' AND c_asigna='344742' [1][0] OK
C:[04/08/2014 15:46:31.43][186.90.214.203][1312] SELECT horas_lab FROM tblaca008 WHERE c_asigna='344715' AND horas_teoricas > 0 [1][0] OK
C:[04/08/2014 15:46:31.43][186.90.214.203][1312] SELECT horas_lab FROM tblaca008 WHERE c_asigna='344742' AND horas_teoricas > 0 [1][0] OK
C:[04/08/2014 15:46:38.67][181.182.200.199][1138] SELECT pre_cod_asig1,pre_cod_asig2,pre_cod_asig3,pre_cod_asig4,pre_cod_asig5,pre_cod_asig6,pre_cod_asig7 FROM tblaca009 WHERE pensum='5' AND c_uni_ca='5' AND c_asigna='300318' [1][0] OK
C:[04/08/2014 15:46:38.67][181.182.200.199][1151] SELECT c_asigna FROM dace004 WHERE exp_e='11-21609113' AND c_asigna='300228' AND status IN ('0','3','B','C') [1][0] OK
C:[04/08/2014 15:46:38.67][181.182.200.199][1151] SELECT c_asigna FROM dace004 WHERE exp_e='11-21609113' AND c_asigna='300207' AND status IN ('0','3','B','C') [1][0] OK
C:[04/08/2014 15:46:38.67][181.182.200.199][1151] SELECT c_asigna FROM dace004 WHERE exp_e='11-21609113' AND c_asigna='300218' AND status IN ('0','3','B','C') [1][0] OK
C:[04/08/2014 15:46:39.17][181.182.200.199][1182] SELECT par_cod_asig1,par_cod_asig2,par_cod_asig3 FROM tblaca009 WHERE pensum='5' AND c_uni_ca='5' AND c_asigna='300318' [1][0] OK
C:[04/08/2014 15:46:39.30][181.182.200.199][1312] SELECT horas_lab FROM tblaca008 WHERE c_asigna='300318' AND horas_teoricas > 0 [1][0] OK
C:[04/08/2014 15:47:12.87][190.75.133.18][1138] SELECT pre_cod_asig1,pre_cod_asig2,pre_cod_asig3,pre_cod_asig4,pre_cod_asig5,pre_cod_asig6,pre_cod_asig7 FROM tblaca009 WHERE pensum='5' AND c_uni_ca='4' AND c_asigna='333585' [1][0] OK
C:[04/08/2014 15:47:12.87][190.75.133.18][1151] SELECT c_asigna FROM dace004 WHERE exp_e='05-19136205' AND c_asigna='333440' AND status IN ('0','3','B','C') [1][0] OK
C:[04/08/2014 15:47:12.87][190.75.133.18][1151] SELECT c_asigna FROM dace004 WHERE exp_e='05-19136205' AND c_asigna='333441' AND status IN ('0','3','B','C') [1][0] OK
C:[04/08/2014 15:47:12.87][190.75.133.18][1151] SELECT c_asigna FROM dace004 WHERE exp_e='05-19136205' AND c_asigna='300209' AND status IN ('0','3','B','C') [1][0] OK
C:[04/08/2014 15:47:12.06][190.75.133.18][1182] SELECT par_cod_asig1,par_cod_asig2,par_cod_asig3 FROM tblaca009 WHERE pensum='5' AND c_uni_ca='4' AND c_asigna='333585' [1][0] OK
C:[04/08/2014 15:47:12.20][190.75.133.18][1312] SELECT horas_lab FROM tblaca008 WHERE c_asigna='333585' AND horas_teoricas > 0 [1][0] OK
C:[04/08/2014 15:47:13.65][181.182.200.199][1138] SELECT pre_cod_asig1,pre_cod_asig2,pre_cod_asig3,pre_cod_asig4,pre_cod_asig5,pre_cod_asig6,pre_cod_asig7 FROM tblaca009 WHERE pensum='5' AND c_uni_ca='5' AND c_asigna='300318' [1][0] OK
C:[04/08/2014 15:47:13.65][181.182.200.199][1151] SELECT c_asigna FROM dace004 WHERE exp_e='11-21609113' AND c_asigna='300228' AND status IN ('0','3','B','C') [1][0] OK
C:[04/08/2014 15:47:13.65][181.182.200.199][1151] SELECT c_asigna FROM dace004 WHERE exp_e='11-21609113' AND c_asigna='300207' AND status IN ('0','3','B','C') [1][0] OK
C:[04/08/2014 15:47:13.65][181.182.200.199][1151] SELECT c_asigna FROM dace004 WHERE exp_e='11-21609113' AND c_asigna='300218' AND status IN ('0','3','B','C') [1][0] OK
C:[04/08/2014 15:47:13.15][181.182.200.199][1182] SELECT par_cod_asig1,par_cod_asig2,par_cod_asig3 FROM tblaca009 WHERE pensum='5' AND c_uni_ca='5' AND c_asigna='300318' [1][0] OK
C:[04/08/2014 15:47:13.31][181.182.200.199][1312] SELECT horas_lab FROM tblaca008 WHERE c_asigna='300318' AND horas_teoricas > 0 [1][0] OK
C:[04/08/2014 15:48:24.16][190.200.54.194][1138] SELECT pre_cod_asig1,pre_cod_asig2,pre_cod_asig3,pre_cod_asig4,pre_cod_asig5,pre_cod_asig6,pre_cod_asig7 FROM tblaca009 WHERE pensum='5' AND c_uni_ca='6' AND c_asigna='300101' [1][0] OK
C:[04/08/2014 15:48:24.16][190.200.54.194][1138] SELECT pre_cod_asig1,pre_cod_asig2,pre_cod_asig3,pre_cod_asig4,pre_cod_asig5,pre_cod_asig6,pre_cod_asig7 FROM tblaca009 WHERE pensum='5' AND c_uni_ca='6' AND c_asigna='300112' [1][0] OK
C:[04/08/2014 15:48:24.10][190.200.54.194][1182] SELECT par_cod_asig1,par_cod_asig2,par_cod_asig3 FROM tblaca009 WHERE pensum='5' AND c_uni_ca='6' AND c_asigna='300101' [1][0] OK
C:[04/08/2014 15:48:24.10][190.200.54.194][1182] SELECT par_cod_asig1,par_cod_asig2,par_cod_asig3 FROM tblaca009 WHERE pensum='5' AND c_uni_ca='6' AND c_asigna='300112' [1][0] OK
C:[04/08/2014 15:48:24.36][190.200.54.194][1312] SELECT horas_lab FROM tblaca008 WHERE c_asigna='300101' AND horas_teoricas > 0 [1][0] OK
C:[04/08/2014 15:48:24.36][190.200.54.194][1312] SELECT horas_lab FROM tblaca008 WHERE c_asigna='300112' AND horas_teoricas > 0 [1][0] OK
C:[04/08/2014 15:48:39.02][190.200.54.194][1138] SELECT pre_cod_asig1,pre_cod_asig2,pre_cod_asig3,pre_cod_asig4,pre_cod_asig5,pre_cod_asig6,pre_cod_asig7 FROM tblaca009 WHERE pensum='5' AND c_uni_ca='4' AND c_asigna='300101' [1][0] OK
C:[04/08/2014 15:48:39.34][190.200.54.194][1182] SELECT par_cod_asig1,par_cod_asig2,par_cod_asig3 FROM tblaca009 WHERE pensum='5' AND c_uni_ca='4' AND c_asigna='300101' [1][0] OK
C:[04/08/2014 15:48:39.47][190.200.54.194][1312] SELECT horas_lab FROM tblaca008 WHERE c_asigna='300101' AND horas_teoricas > 0 [1][0] OK
C:[04/08/2014 15:49:52.21][186.94.48.82][1138] SELECT pre_cod_asig1,pre_cod_asig2,pre_cod_asig3,pre_cod_asig4,pre_cod_asig5,pre_cod_asig6,pre_cod_asig7 FROM tblaca009 WHERE pensum='5' AND c_uni_ca='3' AND c_asigna='311796' [1][0] OK
C:[04/08/2014 15:49:52.21][186.94.48.82][1151] SELECT c_asigna FROM dace004 WHERE exp_e='08-17303344' AND c_asigna='315671' AND status IN ('0','3','B','C') [1][0] OK
C:[04/08/2014 15:49:52.21][186.94.48.82][1138] SELECT pre_cod_asig1,pre_cod_asig2,pre_cod_asig3,pre_cod_asig4,pre_cod_asig5,pre_cod_asig6,pre_cod_asig7 FROM tblaca009 WHERE pensum='5' AND c_uni_ca='3' AND c_asigna='311822' [1][0] OK
C:[04/08/2014 15:49:52.21][186.94.48.82][1151] SELECT c_asigna FROM dace004 WHERE exp_e='08-17303344' AND c_asigna='311795' AND status IN ('0','3','B','C') [1][0] OK
C:[04/08/2014 15:49:52.95][186.94.48.82][1182] SELECT par_cod_asig1,par_cod_asig2,par_cod_asig3 FROM tblaca009 WHERE pensum='5' AND c_uni_ca='3' AND c_asigna='311796' [1][0] OK
C:[04/08/2014 15:49:52.95][186.94.48.82][1182] SELECT par_cod_asig1,par_cod_asig2,par_cod_asig3 FROM tblaca009 WHERE pensum='5' AND c_uni_ca='3' AND c_asigna='311822' [1][0] OK
C:[04/08/2014 15:49:52.21][186.94.48.82][1312] SELECT horas_lab FROM tblaca008 WHERE c_asigna='311796' AND horas_teoricas > 0 [1][0] OK
C:[04/08/2014 15:49:52.21][186.94.48.82][1312] SELECT horas_lab FROM tblaca008 WHERE c_asigna='311822' AND horas_teoricas > 0 [1][0] OK
C:[04/08/2014 15:53:52.21][190.200.54.194][1138] SELECT pre_cod_asig1,pre_cod_asig2,pre_cod_asig3,pre_cod_asig4,pre_cod_asig5,pre_cod_asig6,pre_cod_asig7 FROM tblaca009 WHERE pensum='5' AND c_uni_ca='6' AND c_asigna='300101' [1][0] OK
C:[04/08/2014 15:53:52.60][190.200.54.194][1182] SELECT par_cod_asig1,par_cod_asig2,par_cod_asig3 FROM tblaca009 WHERE pensum='5' AND c_uni_ca='6' AND c_asigna='300101' [1][0] OK
C:[04/08/2014 15:53:52.72][190.200.54.194][1312] SELECT horas_lab FROM tblaca008 WHERE c_asigna='300101' AND horas_teoricas > 0 [1][0] OK
C:[04/08/2014 15:54:56.30][200.62.19.43][1138] SELECT pre_cod_asig1,pre_cod_asig2,pre_cod_asig3,pre_cod_asig4,pre_cod_asig5,pre_cod_asig6,pre_cod_asig7 FROM tblaca009 WHERE pensum='5' AND c_uni_ca='4' AND c_asigna='333606' [1][0] OK
C:[04/08/2014 15:54:56.30][200.62.19.43][1151] SELECT c_asigna FROM dace004 WHERE exp_e='05-18077474' AND c_asigna='333584' AND status IN ('0','3','B','C') [1][0] OK
C:[04/08/2014 15:54:56.30][200.62.19.43][1138] SELECT pre_cod_asig1,pre_cod_asig2,pre_cod_asig3,pre_cod_asig4,pre_cod_asig5,pre_cod_asig6,pre_cod_asig7 FROM tblaca009 WHERE pensum='5' AND c_uni_ca='4' AND c_asigna='333611' [1][0] OK
C:[04/08/2014 15:54:56.30][200.62.19.43][1151] SELECT c_asigna FROM dace004 WHERE exp_e='05-18077474' AND c_asigna='333584' AND status IN ('0','3','B','C') [1][0] OK
C:[04/08/2014 15:54:56.06][200.62.19.43][1182] SELECT par_cod_asig1,par_cod_asig2,par_cod_asig3 FROM tblaca009 WHERE pensum='5' AND c_uni_ca='4' AND c_asigna='333606' [1][0] OK
C:[04/08/2014 15:54:56.06][200.62.19.43][1182] SELECT par_cod_asig1,par_cod_asig2,par_cod_asig3 FROM tblaca009 WHERE pensum='5' AND c_uni_ca='4' AND c_asigna='333611' [1][0] OK
C:[04/08/2014 15:54:56.32][200.62.19.43][1312] SELECT horas_lab FROM tblaca008 WHERE c_asigna='333606' AND horas_teoricas > 0 [1][0] OK
C:[04/08/2014 15:54:56.32][200.62.19.43][1312] SELECT horas_lab FROM tblaca008 WHERE c_asigna='333611' AND horas_teoricas > 0 [1][0] OK
C:[04/08/2014 15:56:03.61][186.90.114.193][1138] SELECT pre_cod_asig1,pre_cod_asig2,pre_cod_asig3,pre_cod_asig4,pre_cod_asig5,pre_cod_asig6,pre_cod_asig7 FROM tblaca009 WHERE pensum='5' AND c_uni_ca='3' AND c_asigna='300112' [1][0] OK
C:[04/08/2014 15:56:03.99][186.90.114.193][1182] SELECT par_cod_asig1,par_cod_asig2,par_cod_asig3 FROM tblaca009 WHERE pensum='5' AND c_uni_ca='3' AND c_asigna='300112' [1][0] OK
C:[04/08/2014 15:56:04.12][186.90.114.193][1312] SELECT horas_lab FROM tblaca008 WHERE c_asigna='300112' AND horas_teoricas > 0 [1][0] OK
C:[04/08/2014 15:57:29.71][190.204.91.80][1138] SELECT pre_cod_asig1,pre_cod_asig2,pre_cod_asig3,pre_cod_asig4,pre_cod_asig5,pre_cod_asig6,pre_cod_asig7 FROM tblaca009 WHERE pensum='5' AND c_uni_ca='3' AND c_asigna='311822' [1][0] OK
C:[04/08/2014 15:57:29.71][190.204.91.80][1151] SELECT c_asigna FROM dace004 WHERE exp_e='99-16392147' AND c_asigna='311795' AND status IN ('0','3','B','C') [1][0] OK
C:[04/08/2014 15:57:30.64][190.204.91.80][1182] SELECT par_cod_asig1,par_cod_asig2,par_cod_asig3 FROM tblaca009 WHERE pensum='5' AND c_uni_ca='3' AND c_asigna='311822' [1][0] OK
C:[04/08/2014 15:57:30.77][190.204.91.80][1312] SELECT horas_lab FROM tblaca008 WHERE c_asigna='311822' AND horas_teoricas > 0 [1][0] OK
C:[04/08/2014 15:57:33.67][186.89.184.128][1138] SELECT pre_cod_asig1,pre_cod_asig2,pre_cod_asig3,pre_cod_asig4,pre_cod_asig5,pre_cod_asig6,pre_cod_asig7 FROM tblaca009 WHERE pensum='5' AND c_uni_ca='6' AND c_asigna='300313' [1][0] OK
C:[04/08/2014 15:57:33.67][186.89.184.128][1151] SELECT c_asigna FROM dace004 WHERE exp_e='11-24040982' AND c_asigna='300213' AND status IN ('0','3','B','C') [1][0] OK
C:[04/08/2014 15:57:33.67][186.89.184.128][1151] SELECT c_asigna FROM dace004 WHERE exp_e='11-24040982' AND c_asigna='300226' AND status IN ('0','3','B','C') [1][0] OK
C:[04/08/2014 15:57:33.67][186.89.184.128][1151] SELECT c_asigna FROM dace004 WHERE exp_e='11-24040982' AND c_asigna='300222' AND status IN ('0','3','B','C') [1][0] OK
C:[04/08/2014 15:57:33.67][186.89.184.128][1151] SELECT c_asigna FROM dace004 WHERE exp_e='11-24040982' AND c_asigna='300209' AND status IN ('0','3','B','C') [1][0] OK
C:[04/08/2014 15:57:33.67][186.89.184.128][1138] SELECT pre_cod_asig1,pre_cod_asig2,pre_cod_asig3,pre_cod_asig4,pre_cod_asig5,pre_cod_asig6,pre_cod_asig7 FROM tblaca009 WHERE pensum='5' AND c_uni_ca='6' AND c_asigna='342436' [1][0] OK
C:[04/08/2014 15:57:33.67][186.89.184.128][1151] SELECT c_asigna FROM dace004 WHERE exp_e='11-24040982' AND c_asigna='300318' AND status IN ('0','3','B','C') [1][0] OK
C:[04/08/2014 15:57:33.67][186.89.184.128][1151] SELECT c_asigna FROM dace004 WHERE exp_e='11-24040982' AND c_asigna='300317' AND status IN ('0','3','B','C') [1][0] OK
C:[04/08/2014 15:57:33.67][186.89.184.128][1138] SELECT pre_cod_asig1,pre_cod_asig2,pre_cod_asig3,pre_cod_asig4,pre_cod_asig5,pre_cod_asig6,pre_cod_asig7 FROM tblaca009 WHERE pensum='5' AND c_uni_ca='6' AND c_asigna='342567' [1][0] OK
C:[04/08/2014 15:57:33.67][186.89.184.128][1151] SELECT c_asigna FROM dace004 WHERE exp_e='11-24040982' AND c_asigna='342444' AND status IN ('0','3','B','C') [1][0] OK
C:[04/08/2014 15:57:34.91][186.89.184.128][1182] SELECT par_cod_asig1,par_cod_asig2,par_cod_asig3 FROM tblaca009 WHERE pensum='5' AND c_uni_ca='6' AND c_asigna='300313' [1][0] OK
C:[04/08/2014 15:57:34.91][186.89.184.128][1182] SELECT par_cod_asig1,par_cod_asig2,par_cod_asig3 FROM tblaca009 WHERE pensum='5' AND c_uni_ca='6' AND c_asigna='342436' [1][0] OK
C:[04/08/2014 15:57:34.91][186.89.184.128][1182] SELECT par_cod_asig1,par_cod_asig2,par_cod_asig3 FROM tblaca009 WHERE pensum='5' AND c_uni_ca='6' AND c_asigna='342567' [1][0] OK
C:[04/08/2014 15:57:34.30][186.89.184.128][1312] SELECT horas_lab FROM tblaca008 WHERE c_asigna='300313' AND horas_teoricas > 0 [1][0] OK
C:[04/08/2014 15:57:34.30][186.89.184.128][1312] SELECT horas_lab FROM tblaca008 WHERE c_asigna='342436' AND horas_teoricas > 0 [1][0] OK
C:[04/08/2014 15:57:34.30][186.89.184.128][1312] SELECT horas_lab FROM tblaca008 WHERE c_asigna='342567' AND horas_teoricas > 0 [1][0] OK
C:[04/08/2014 15:59:08.92][186.94.81.28][1138] SELECT pre_cod_asig1,pre_cod_asig2,pre_cod_asig3,pre_cod_asig4,pre_cod_asig5,pre_cod_asig6,pre_cod_asig7 FROM tblaca009 WHERE pensum='5' AND c_uni_ca='4' AND c_asigna='333585' [1][0] OK
C:[04/08/2014 15:59:08.92][186.94.81.28][1151] SELECT c_asigna FROM dace004 WHERE exp_e='08-21249095' AND c_asigna='333440' AND status IN ('0','3','B','C') [1][0] OK
C:[04/08/2014 15:59:08.92][186.94.81.28][1151] SELECT c_asigna FROM dace004 WHERE exp_e='08-21249095' AND c_asigna='333441' AND status IN ('0','3','B','C') [1][0] OK
C:[04/08/2014 15:59:08.92][186.94.81.28][1151] SELECT c_asigna FROM dace004 WHERE exp_e='08-21249095' AND c_asigna='300209' AND status IN ('0','3','B','C') [1][0] OK
C:[04/08/2014 15:59:08.67][186.94.81.28][1182] SELECT par_cod_asig1,par_cod_asig2,par_cod_asig3 FROM tblaca009 WHERE pensum='5' AND c_uni_ca='4' AND c_asigna='333585' [1][0] OK
C:[04/08/2014 15:59:08.81][186.94.81.28][1312] SELECT horas_lab FROM tblaca008 WHERE c_asigna='333585' AND horas_teoricas > 0 [1][0] OK
C:[04/08/2014 15:59:30.77][186.90.184.237][1138] SELECT pre_cod_asig1,pre_cod_asig2,pre_cod_asig3,pre_cod_asig4,pre_cod_asig5,pre_cod_asig6,pre_cod_asig7 FROM tblaca009 WHERE pensum='5' AND c_uni_ca='3' AND c_asigna='311704' [1][0] OK
C:[04/08/2014 15:59:30.77][186.90.184.237][1151] SELECT c_asigna FROM dace004 WHERE exp_e='07-19041851' AND c_asigna='315671' AND status IN ('0','3','B','C') [1][0] OK
C:[04/08/2014 15:59:30.77][186.90.184.237][1138] SELECT pre_cod_asig1,pre_cod_asig2,pre_cod_asig3,pre_cod_asig4,pre_cod_asig5,pre_cod_asig6,pre_cod_asig7 FROM tblaca009 WHERE pensum='5' AND c_uni_ca='3' AND c_asigna='311796' [1][0] OK
C:[04/08/2014 15:59:30.77][186.90.184.237][1151] SELECT c_asigna FROM dace004 WHERE exp_e='07-19041851' AND c_asigna='315671' AND status IN ('0','3','B','C') [1][0] OK
C:[04/08/2014 15:59:30.77][186.90.184.237][1138] SELECT pre_cod_asig1,pre_cod_asig2,pre_cod_asig3,pre_cod_asig4,pre_cod_asig5,pre_cod_asig6,pre_cod_asig7 FROM tblaca009 WHERE pensum='5' AND c_uni_ca='3' AND c_asigna='311799' [1][0] OK
C:[04/08/2014 15:59:30.77][186.90.184.237][1151] SELECT c_asigna FROM dace004 WHERE exp_e='07-19041851' AND c_asigna='311673' AND status IN ('0','3','B','C') [1][0] OK
C:[04/08/2014 15:59:30.77][186.90.184.237][1182] SELECT par_cod_asig1,par_cod_asig2,par_cod_asig3 FROM tblaca009 WHERE pensum='5' AND c_uni_ca='3' AND c_asigna='311704' [1][0] OK
C:[04/08/2014 15:59:30.77][186.90.184.237][1182] SELECT par_cod_asig1,par_cod_asig2,par_cod_asig3 FROM tblaca009 WHERE pensum='5' AND c_uni_ca='3' AND c_asigna='311796' [1][0] OK
C:[04/08/2014 15:59:30.77][186.90.184.237][1182] SELECT par_cod_asig1,par_cod_asig2,par_cod_asig3 FROM tblaca009 WHERE pensum='5' AND c_uni_ca='3' AND c_asigna='311799' [1][0] OK
C:[04/08/2014 15:59:30.15][186.90.184.237][1312] SELECT horas_lab FROM tblaca008 WHERE c_asigna='311704' AND horas_teoricas > 0 [1][0] OK
C:[04/08/2014 15:59:30.15][186.90.184.237][1312] SELECT horas_lab FROM tblaca008 WHERE c_asigna='311796' AND horas_teoricas > 0 [1][0] OK
C:[04/08/2014 15:59:30.15][186.90.184.237][1312] SELECT horas_lab FROM tblaca008 WHERE c_asigna='311799' AND horas_teoricas > 0 [1][0] OK
C:[04/08/2014 16:00:29.38][186.94.81.28][1138] SELECT pre_cod_asig1,pre_cod_asig2,pre_cod_asig3,pre_cod_asig4,pre_cod_asig5,pre_cod_asig6,pre_cod_asig7 FROM tblaca009 WHERE pensum='5' AND c_uni_ca='2' AND c_asigna='300228' [1][0] OK
C:[04/08/2014 16:00:29.38][186.94.81.28][1151] SELECT c_asigna FROM dace004 WHERE exp_e='08-20506230' AND c_asigna='300101' AND status IN ('0','3','B','C') [1][0] OK
C:[04/08/2014 16:00:29.88][186.94.81.28][1182] SELECT par_cod_asig1,par_cod_asig2,par_cod_asig3 FROM tblaca009 WHERE pensum='5' AND c_uni_ca='2' AND c_asigna='300228' [1][0] OK
C:[04/08/2014 16:00:29.01][186.94.81.28][1312] SELECT horas_lab FROM tblaca008 WHERE c_asigna='300228' AND horas_teoricas > 0 [1][0] OK
C:[04/08/2014 16:01:01.77][186.94.81.28][1138] SELECT pre_cod_asig1,pre_cod_asig2,pre_cod_asig3,pre_cod_asig4,pre_cod_asig5,pre_cod_asig6,pre_cod_asig7 FROM tblaca009 WHERE pensum='5' AND c_uni_ca='2' AND c_asigna='300317' [1][0] OK
C:[04/08/2014 16:01:01.77][186.94.81.28][1151] SELECT c_asigna FROM dace004 WHERE exp_e='12-25324124' AND c_asigna='300207' AND status IN ('0','3','B','C') [1][0] OK
C:[04/08/2014 16:01:01.77][186.94.81.28][1151] SELECT c_asigna FROM dace004 WHERE exp_e='12-25324124' AND c_asigna='300209' AND status IN ('0','3','B','C') [1][0] OK
C:[04/08/2014 16:01:01.77][186.94.81.28][1138] SELECT pre_cod_asig1,pre_cod_asig2,pre_cod_asig3,pre_cod_asig4,pre_cod_asig5,pre_cod_asig6,pre_cod_asig7 FROM tblaca009 WHERE pensum='5' AND c_uni_ca='2' AND c_asigna='320323' [1][0] OK
C:[04/08/2014 16:01:01.77][186.94.81.28][1151] SELECT c_asigna FROM dace004 WHERE exp_e='12-25324124' AND c_asigna='300228' AND status IN ('0','3','B','C') [1][0] OK
C:[04/08/2014 16:01:01.77][186.94.81.28][1151] SELECT c_asigna FROM dace004 WHERE exp_e='12-25324124' AND c_asigna='300218' AND status IN ('0','3','B','C') [1][0] OK
C:[04/08/2014 16:01:01.77][186.94.81.28][1182] SELECT par_cod_asig1,par_cod_asig2,par_cod_asig3 FROM tblaca009 WHERE pensum='5' AND c_uni_ca='2' AND c_asigna='300317' [1][0] OK
C:[04/08/2014 16:01:01.77][186.94.81.28][1182] SELECT par_cod_asig1,par_cod_asig2,par_cod_asig3 FROM tblaca009 WHERE pensum='5' AND c_uni_ca='2' AND c_asigna='320323' [1][0] OK
C:[04/08/2014 16:01:01.03][186.94.81.28][1312] SELECT horas_lab FROM tblaca008 WHERE c_asigna='300317' AND horas_teoricas > 0 [1][0] OK
C:[04/08/2014 16:01:01.03][186.94.81.28][1312] SELECT horas_lab FROM tblaca008 WHERE c_asigna='320323' AND horas_teoricas > 0 [1][0] OK
C:[04/08/2014 16:02:01.40][201.243.120.19][1138] SELECT pre_cod_asig1,pre_cod_asig2,pre_cod_asig3,pre_cod_asig4,pre_cod_asig5,pre_cod_asig6,pre_cod_asig7 FROM tblaca009 WHERE pensum='5' AND c_uni_ca='2' AND c_asigna='322605' [1][0] OK
C:[04/08/2014 16:02:01.40][201.243.120.19][1151] SELECT c_asigna FROM dace004 WHERE exp_e='06-19804208' AND c_asigna='322436' AND status IN ('0','3','B','C') [1][0] OK
C:[04/08/2014 16:02:01.90][201.243.120.19][1182] SELECT par_cod_asig1,par_cod_asig2,par_cod_asig3 FROM tblaca009 WHERE pensum='5' AND c_uni_ca='2' AND c_asigna='322605' [1][0] OK
C:[04/08/2014 16:02:01.60][201.243.120.19][1312] SELECT horas_lab FROM tblaca008 WHERE c_asigna='322605' AND horas_teoricas > 0 [1][0] OK
C:[04/08/2014 16:03:46.45][186.94.81.28][1138] SELECT pre_cod_asig1,pre_cod_asig2,pre_cod_asig3,pre_cod_asig4,pre_cod_asig5,pre_cod_asig6,pre_cod_asig7 FROM tblaca009 WHERE pensum='5' AND c_uni_ca='2' AND c_asigna='300317' [1][0] OK
C:[04/08/2014 16:03:46.45][186.94.81.28][1151] SELECT c_asigna FROM dace004 WHERE exp_e='11-24119972' AND c_asigna='300207' AND status IN ('0','3','B','C') [1][0] OK
C:[04/08/2014 16:03:46.45][186.94.81.28][1151] SELECT c_asigna FROM dace004 WHERE exp_e='11-24119972' AND c_asigna='300209' AND status IN ('0','3','B','C') [1][0] OK
C:[04/08/2014 16:03:46.45][186.94.81.28][1138] SELECT pre_cod_asig1,pre_cod_asig2,pre_cod_asig3,pre_cod_asig4,pre_cod_asig5,pre_cod_asig6,pre_cod_asig7 FROM tblaca009 WHERE pensum='5' AND c_uni_ca='2' AND c_asigna='320323' [1][0] OK
C:[04/08/2014 16:03:46.45][186.94.81.28][1151] SELECT c_asigna FROM dace004 WHERE exp_e='11-24119972' AND c_asigna='300228' AND status IN ('0','3','B','C') [1][0] OK
C:[04/08/2014 16:03:46.45][186.94.81.28][1151] SELECT c_asigna FROM dace004 WHERE exp_e='11-24119972' AND c_asigna='300218' AND status IN ('0','3','B','C') [1][0] OK
C:[04/08/2014 16:03:46.89][186.94.81.28][1182] SELECT par_cod_asig1,par_cod_asig2,par_cod_asig3 FROM tblaca009 WHERE pensum='5' AND c_uni_ca='2' AND c_asigna='300317' [1][0] OK
C:[04/08/2014 16:03:46.89][186.94.81.28][1182] SELECT par_cod_asig1,par_cod_asig2,par_cod_asig3 FROM tblaca009 WHERE pensum='5' AND c_uni_ca='2' AND c_asigna='320323' [1][0] OK
C:[04/08/2014 16:03:46.15][186.94.81.28][1312] SELECT horas_lab FROM tblaca008 WHERE c_asigna='300317' AND horas_teoricas > 0 [1][0] OK
C:[04/08/2014 16:03:46.15][186.94.81.28][1312] SELECT horas_lab FROM tblaca008 WHERE c_asigna='320323' AND horas_teoricas > 0 [1][0] OK
C:[04/08/2014 16:06:06.67][190.38.114.32][1138] SELECT pre_cod_asig1,pre_cod_asig2,pre_cod_asig3,pre_cod_asig4,pre_cod_asig5,pre_cod_asig6,pre_cod_asig7 FROM tblaca009 WHERE pensum='5' AND c_uni_ca='4' AND c_asigna='300112' [1][0] OK
C:[04/08/2014 16:06:06.05][190.38.114.32][1182] SELECT par_cod_asig1,par_cod_asig2,par_cod_asig3 FROM tblaca009 WHERE pensum='5' AND c_uni_ca='4' AND c_asigna='300112' [1][0] OK
C:[04/08/2014 16:06:06.18][190.38.114.32][1312] SELECT horas_lab FROM tblaca008 WHERE c_asigna='300112' AND horas_teoricas > 0 [1][0] OK
C:[04/08/2014 16:06:40.19][190.77.235.241][1138] SELECT pre_cod_asig1,pre_cod_asig2,pre_cod_asig3,pre_cod_asig4,pre_cod_asig5,pre_cod_asig6,pre_cod_asig7 FROM tblaca009 WHERE pensum='5' AND c_uni_ca='6' AND c_asigna='340323' [1][0] OK
C:[04/08/2014 16:06:40.19][190.77.235.241][1151] SELECT c_asigna FROM dace004 WHERE exp_e='07-19115890' AND c_asigna='300228' AND status IN ('0','3','B','C') [1][0] OK
C:[04/08/2014 16:06:40.19][190.77.235.241][1151] SELECT c_asigna FROM dace004 WHERE exp_e='07-19115890' AND c_asigna='300207' AND status IN ('0','3','B','C') [1][0] OK
C:[04/08/2014 16:06:40.19][190.77.235.241][1138] SELECT pre_cod_asig1,pre_cod_asig2,pre_cod_asig3,pre_cod_asig4,pre_cod_asig5,pre_cod_asig6,pre_cod_asig7 FROM tblaca009 WHERE pensum='5' AND c_uni_ca='6' AND c_asigna='340327' [1][0] OK
C:[04/08/2014 16:06:40.19][190.77.235.241][1151] SELECT c_asigna FROM dace004 WHERE exp_e='07-19115890' AND c_asigna='300013' AND status IN ('0','3','B','C') [1][0] OK
C:[04/08/2014 16:06:40.19][190.77.235.241][1151] SELECT c_asigna FROM dace004 WHERE exp_e='07-19115890' AND c_asigna='300113' AND status IN ('0','3','B','C') [1][0] OK
C:[04/08/2014 16:06:41.19][190.77.235.241][1182] SELECT par_cod_asig1,par_cod_asig2,par_cod_asig3 FROM tblaca009 WHERE pensum='5' AND c_uni_ca='6' AND c_asigna='340323' [1][0] OK
C:[04/08/2014 16:06:41.19][190.77.235.241][1182] SELECT par_cod_asig1,par_cod_asig2,par_cod_asig3 FROM tblaca009 WHERE pensum='5' AND c_uni_ca='6' AND c_asigna='340327' [1][0] OK
C:[04/08/2014 16:06:41.45][190.77.235.241][1312] SELECT horas_lab FROM tblaca008 WHERE c_asigna='340323' AND horas_teoricas > 0 [1][0] OK
C:[04/08/2014 16:06:41.45][190.77.235.241][1312] SELECT horas_lab FROM tblaca008 WHERE c_asigna='340327' AND horas_teoricas > 0 [1][0] OK
C:[04/08/2014 16:07:40.28][186.94.81.28][1138] SELECT pre_cod_asig1,pre_cod_asig2,pre_cod_asig3,pre_cod_asig4,pre_cod_asig5,pre_cod_asig6,pre_cod_asig7 FROM tblaca009 WHERE pensum='5' AND c_uni_ca='3' AND c_asigna='311796' [1][0] OK
C:[04/08/2014 16:07:40.28][186.94.81.28][1151] SELECT c_asigna FROM dace004 WHERE exp_e='00-15276303' AND c_asigna='315671' AND status IN ('0','3','B','C') [1][0] OK
C:[04/08/2014 16:07:40.78][186.94.81.28][1182] SELECT par_cod_asig1,par_cod_asig2,par_cod_asig3 FROM tblaca009 WHERE pensum='5' AND c_uni_ca='3' AND c_asigna='311796' [1][0] OK
C:[04/08/2014 16:07:40.91][186.94.81.28][1312] SELECT horas_lab FROM tblaca008 WHERE c_asigna='311796' AND horas_teoricas > 0 [1][0] OK
C:[04/08/2014 16:10:56.47][186.166.135.166][1138] SELECT pre_cod_asig1,pre_cod_asig2,pre_cod_asig3,pre_cod_asig4,pre_cod_asig5,pre_cod_asig6,pre_cod_asig7 FROM tblaca009 WHERE pensum='5' AND c_uni_ca='4' AND c_asigna='300209' [1][0] OK
C:[04/08/2014 16:10:56.47][186.166.135.166][1151] SELECT c_asigna FROM dace004 WHERE exp_e='12-24482344' AND c_asigna='300101' AND status IN ('0','3','B','C') [1][0] OK
C:[04/08/2014 16:10:56.47][186.166.135.166][1138] SELECT pre_cod_asig1,pre_cod_asig2,pre_cod_asig3,pre_cod_asig4,pre_cod_asig5,pre_cod_asig6,pre_cod_asig7 FROM tblaca009 WHERE pensum='5' AND c_uni_ca='4' AND c_asigna='300318' [1][0] OK
C:[04/08/2014 16:10:56.47][186.166.135.166][1151] SELECT c_asigna FROM dace004 WHERE exp_e='12-24482344' AND c_asigna='300228' AND status IN ('0','3','B','C') [1][0] OK
C:[04/08/2014 16:10:56.47][186.166.135.166][1151] SELECT c_asigna FROM dace004 WHERE exp_e='12-24482344' AND c_asigna='300207' AND status IN ('0','3','B','C') [1][0] OK
C:[04/08/2014 16:10:56.47][186.166.135.166][1151] SELECT c_asigna FROM dace004 WHERE exp_e='12-24482344' AND c_asigna='300218' AND status IN ('0','3','B','C') [1][0] OK
C:[04/08/2014 16:10:56.47][186.166.135.166][1182] SELECT par_cod_asig1,par_cod_asig2,par_cod_asig3 FROM tblaca009 WHERE pensum='5' AND c_uni_ca='4' AND c_asigna='300209' [1][0] OK
C:[04/08/2014 16:10:56.47][186.166.135.166][1182] SELECT par_cod_asig1,par_cod_asig2,par_cod_asig3 FROM tblaca009 WHERE pensum='5' AND c_uni_ca='4' AND c_asigna='300318' [1][0] OK
C:[04/08/2014 16:10:56.73][186.166.135.166][1312] SELECT horas_lab FROM tblaca008 WHERE c_asigna='300209' AND horas_teoricas > 0 [1][0] OK
C:[04/08/2014 16:10:56.73][186.166.135.166][1312] SELECT horas_lab FROM tblaca008 WHERE c_asigna='300318' AND horas_teoricas > 0 [1][0] OK
C:[04/08/2014 16:13:40.55][190.36.10.90][1138] SELECT pre_cod_asig1,pre_cod_asig2,pre_cod_asig3,pre_cod_asig4,pre_cod_asig5,pre_cod_asig6,pre_cod_asig7 FROM tblaca009 WHERE pensum='5' AND c_uni_ca='3' AND c_asigna='311431' [1][0] OK
C:[04/08/2014 16:13:40.55][190.36.10.90][1151] SELECT c_asigna FROM dace004 WHERE exp_e='10-24847597' AND c_asigna='311320' AND status IN ('0','3','B','C') [1][0] OK
C:[04/08/2014 16:13:40.55][190.36.10.90][1151] SELECT c_asigna FROM dace004 WHERE exp_e='10-24847597' AND c_asigna='300013' AND status IN ('0','3','B','C') [1][0] OK
C:[04/08/2014 16:13:40.55][190.36.10.90][1151] SELECT c_asigna FROM dace004 WHERE exp_e='10-24847597' AND c_asigna='300113' AND status IN ('0','3','B','C') [1][0] OK
C:[04/08/2014 16:13:40.55][190.36.10.90][1151] SELECT c_asigna FROM dace004 WHERE exp_e='10-24847597' AND c_asigna='300222' AND status IN ('0','3','B','C') [1][0] OK
C:[04/08/2014 16:13:40.55][190.36.10.90][1151] SELECT c_asigna FROM dace004 WHERE exp_e='10-24847597' AND c_asigna='300226' AND status IN ('0','3','B','C') [1][0] OK
C:[04/08/2014 16:13:40.55][190.36.10.90][1151] SELECT c_asigna FROM dace004 WHERE exp_e='10-24847597' AND c_asigna='300209' AND status IN ('0','3','B','C') [1][0] OK
C:[04/08/2014 16:13:40.55][190.36.10.90][1138] SELECT pre_cod_asig1,pre_cod_asig2,pre_cod_asig3,pre_cod_asig4,pre_cod_asig5,pre_cod_asig6,pre_cod_asig7 FROM tblaca009 WHERE pensum='5' AND c_uni_ca='3' AND c_asigna='300428' [1][0] OK
C:[04/08/2014 16:13:40.55][190.36.10.90][1151] SELECT c_asigna FROM dace004 WHERE exp_e='10-24847597' AND c_asigna='300317' AND status IN ('0','3','B','C') [1][0] OK
C:[04/08/2014 16:13:40.55][190.36.10.90][1151] SELECT c_asigna FROM dace004 WHERE exp_e='10-24847597' AND c_asigna='300209' AND status IN ('0','3','B','C') [1][0] OK
C:[04/08/2014 16:13:40.55][190.36.10.90][1138] SELECT pre_cod_asig1,pre_cod_asig2,pre_cod_asig3,pre_cod_asig4,pre_cod_asig5,pre_cod_asig6,pre_cod_asig7 FROM tblaca009 WHERE pensum='5' AND c_uni_ca='3' AND c_asigna='315552' [1][0] OK
C:[04/08/2014 16:13:40.55][190.36.10.90][1151] SELECT c_asigna FROM dace004 WHERE exp_e='10-24847597' AND c_asigna='311430' AND status IN ('0','3','B','C') [1][0] OK
C:[04/08/2014 16:13:40.55][190.36.10.90][1151] SELECT c_asigna FROM dace004 WHERE exp_e='10-24847597' AND c_asigna='300222' AND status IN ('0','3','B','C') [1][0] OK
C:[04/08/2014 16:13:40.55][190.36.10.90][1151] SELECT c_asigna FROM dace004 WHERE exp_e='10-24847597' AND c_asigna='300226' AND status IN ('0','3','B','C') [1][0] OK
C:[04/08/2014 16:13:40.55][190.36.10.90][1151] SELECT c_asigna FROM dace004 WHERE exp_e='10-24847597' AND c_asigna='300209' AND status IN ('0','3','B','C') [1][0] OK
C:[04/08/2014 16:13:41.67][190.36.10.90][1182] SELECT par_cod_asig1,par_cod_asig2,par_cod_asig3 FROM tblaca009 WHERE pensum='5' AND c_uni_ca='3' AND c_asigna='311431' [1][0] OK
C:[04/08/2014 16:13:41.67][190.36.10.90][1196] SELECT c_asigna FROM dace004 WHERE exp_e='10-24847597' AND c_asigna='311430' AND status IN ('0','3','B','C') [1][0] OK
C:[04/08/2014 16:13:41.67][190.36.10.90][1182] SELECT par_cod_asig1,par_cod_asig2,par_cod_asig3 FROM tblaca009 WHERE pensum='5' AND c_uni_ca='3' AND c_asigna='300428' [1][0] OK
C:[04/08/2014 16:13:41.67][190.36.10.90][1182] SELECT par_cod_asig1,par_cod_asig2,par_cod_asig3 FROM tblaca009 WHERE pensum='5' AND c_uni_ca='3' AND c_asigna='315552' [1][0] OK
C:[04/08/2014 16:13:41.41][190.36.10.90][1312] SELECT horas_lab FROM tblaca008 WHERE c_asigna='311431' AND horas_teoricas > 0 [1][0] OK
C:[04/08/2014 16:13:41.41][190.36.10.90][1312] SELECT horas_lab FROM tblaca008 WHERE c_asigna='300428' AND horas_teoricas > 0 [1][0] OK
C:[04/08/2014 16:13:41.41][190.36.10.90][1312] SELECT horas_lab FROM tblaca008 WHERE c_asigna='315552' AND horas_teoricas > 0 [1][0] OK
C:[04/08/2014 16:15:10.35][181.17.69.89][1138] SELECT pre_cod_asig1,pre_cod_asig2,pre_cod_asig3,pre_cod_asig4,pre_cod_asig5,pre_cod_asig6,pre_cod_asig7 FROM tblaca009 WHERE pensum='5' AND c_uni_ca='3' AND c_asigna='300228' [1][0] OK
C:[04/08/2014 16:15:10.35][181.17.69.89][1151] SELECT c_asigna FROM dace004 WHERE exp_e='12-25277880' AND c_asigna='300101' AND status IN ('0','3','B','C') [1][0] OK
C:[04/08/2014 16:15:10.35][181.17.69.89][1138] SELECT pre_cod_asig1,pre_cod_asig2,pre_cod_asig3,pre_cod_asig4,pre_cod_asig5,pre_cod_asig6,pre_cod_asig7 FROM tblaca009 WHERE pensum='5' AND c_uni_ca='3' AND c_asigna='300317' [1][0] OK
C:[04/08/2014 16:15:10.35][181.17.69.89][1151] SELECT c_asigna FROM dace004 WHERE exp_e='12-25277880' AND c_asigna='300207' AND status IN ('0','3','B','C') [1][0] OK
C:[04/08/2014 16:15:10.35][181.17.69.89][1151] SELECT c_asigna FROM dace004 WHERE exp_e='12-25277880' AND c_asigna='300209' AND status IN ('0','3','B','C') [1][0] OK
C:[04/08/2014 16:15:10.23][181.17.69.89][1182] SELECT par_cod_asig1,par_cod_asig2,par_cod_asig3 FROM tblaca009 WHERE pensum='5' AND c_uni_ca='3' AND c_asigna='300228' [1][0] OK
C:[04/08/2014 16:15:10.23][181.17.69.89][1182] SELECT par_cod_asig1,par_cod_asig2,par_cod_asig3 FROM tblaca009 WHERE pensum='5' AND c_uni_ca='3' AND c_asigna='300317' [1][0] OK
C:[04/08/2014 16:15:10.49][181.17.69.89][1312] SELECT horas_lab FROM tblaca008 WHERE c_asigna='300228' AND horas_teoricas > 0 [1][0] OK
C:[04/08/2014 16:15:10.49][181.17.69.89][1312] SELECT horas_lab FROM tblaca008 WHERE c_asigna='300317' AND horas_teoricas > 0 [1][0] OK
C:[04/08/2014 16:18:14.59][186.88.173.41][1138] SELECT pre_cod_asig1,pre_cod_asig2,pre_cod_asig3,pre_cod_asig4,pre_cod_asig5,pre_cod_asig6,pre_cod_asig7 FROM tblaca009 WHERE pensum='5' AND c_uni_ca='4' AND c_asigna='333809' [1][0] OK
C:[04/08/2014 16:18:14.59][186.88.173.41][1151] SELECT c_asigna FROM dace004 WHERE exp_e='10-22818416' AND c_asigna='333683' AND status IN ('0','3','B','C') [1][0] OK
C:[04/08/2014 16:18:14.59][186.88.173.41][1151] SELECT c_asigna FROM dace004 WHERE exp_e='10-22818416' AND c_asigna='333710' AND status IN ('0','3','B','C') [1][0] OK
C:[04/08/2014 16:18:14.59][186.88.173.41][1138] SELECT pre_cod_asig1,pre_cod_asig2,pre_cod_asig3,pre_cod_asig4,pre_cod_asig5,pre_cod_asig6,pre_cod_asig7 FROM tblaca009 WHERE pensum='5' AND c_uni_ca='4' AND c_asigna='300870' [1][0] OK
C:[04/08/2014 16:18:15.34][186.88.173.41][1182] SELECT par_cod_asig1,par_cod_asig2,par_cod_asig3 FROM tblaca009 WHERE pensum='5' AND c_uni_ca='4' AND c_asigna='333809' [1][0] OK
C:[04/08/2014 16:18:15.34][186.88.173.41][1182] SELECT par_cod_asig1,par_cod_asig2,par_cod_asig3 FROM tblaca009 WHERE pensum='5' AND c_uni_ca='4' AND c_asigna='300870' [1][0] OK
C:[04/08/2014 16:18:15.60][186.88.173.41][1312] SELECT horas_lab FROM tblaca008 WHERE c_asigna='333809' AND horas_teoricas > 0 [1][0] OK
C:[04/08/2014 16:18:15.60][186.88.173.41][1312] SELECT horas_lab FROM tblaca008 WHERE c_asigna='300870' AND horas_teoricas > 0 [1][0] OK
C:[04/08/2014 16:20:14.07][186.94.81.28][1138] SELECT pre_cod_asig1,pre_cod_asig2,pre_cod_asig3,pre_cod_asig4,pre_cod_asig5,pre_cod_asig6,pre_cod_asig7 FROM tblaca009 WHERE pensum='5' AND c_uni_ca='2' AND c_asigna='300013' [1][0] OK
C:[04/08/2014 16:20:14.07][186.94.81.28][1138] SELECT pre_cod_asig1,pre_cod_asig2,pre_cod_asig3,pre_cod_asig4,pre_cod_asig5,pre_cod_asig6,pre_cod_asig7 FROM tblaca009 WHERE pensum='5' AND c_uni_ca='2' AND c_asigna='300101' [1][0] OK
C:[04/08/2014 16:20:14.57][186.94.81.28][1182] SELECT par_cod_asig1,par_cod_asig2,par_cod_asig3 FROM tblaca009 WHERE pensum='5' AND c_uni_ca='2' AND c_asigna='300013' [1][0] OK
C:[04/08/2014 16:20:14.57][186.94.81.28][1182] SELECT par_cod_asig1,par_cod_asig2,par_cod_asig3 FROM tblaca009 WHERE pensum='5' AND c_uni_ca='2' AND c_asigna='300101' [1][0] OK
C:[04/08/2014 16:20:14.83][186.94.81.28][1312] SELECT horas_lab FROM tblaca008 WHERE c_asigna='300013' AND horas_teoricas > 0 [1][0] OK
C:[04/08/2014 16:20:14.83][186.94.81.28][1312] SELECT horas_lab FROM tblaca008 WHERE c_asigna='300101' AND horas_teoricas > 0 [1][0] OK
C:[04/08/2014 16:21:37.34][186.90.184.217][1138] SELECT pre_cod_asig1,pre_cod_asig2,pre_cod_asig3,pre_cod_asig4,pre_cod_asig5,pre_cod_asig6,pre_cod_asig7 FROM tblaca009 WHERE pensum='5' AND c_uni_ca='5' AND c_asigna='355595' [1][0] OK
C:[04/08/2014 16:21:37.34][186.90.184.217][1151] SELECT c_asigna FROM dace004 WHERE exp_e='11-21247479' AND c_asigna='351451' AND status IN ('0','3','B','C') [1][0] OK
C:[04/08/2014 16:21:37.34][186.90.184.217][1151] SELECT c_asigna FROM dace004 WHERE exp_e='11-21247479' AND c_asigna='355350' AND status IN ('0','3','B','C') [1][0] OK
C:[04/08/2014 16:21:37.34][186.90.184.217][1151] SELECT c_asigna FROM dace004 WHERE exp_e='11-21247479' AND c_asigna='300318' AND status IN ('0','3','B','C') [1][0] OK
C:[04/08/2014 16:21:37.34][186.90.184.217][1138] SELECT pre_cod_asig1,pre_cod_asig2,pre_cod_asig3,pre_cod_asig4,pre_cod_asig5,pre_cod_asig6,pre_cod_asig7 FROM tblaca009 WHERE pensum='5' AND c_uni_ca='5' AND c_asigna='355693' [1][0] OK
C:[04/08/2014 16:21:37.34][186.90.184.217][1151] SELECT c_asigna FROM dace004 WHERE exp_e='11-21247479' AND c_asigna='355572' AND status IN ('0','3','B','C') [1][0] OK
C:[04/08/2014 16:21:37.34][186.90.184.217][1151] SELECT c_asigna FROM dace004 WHERE exp_e='11-21247479' AND c_asigna='352440' AND status IN ('0','3','B','C') [1][0] OK
C:[04/08/2014 16:21:37.34][186.90.184.217][1151] SELECT c_asigna FROM dace004 WHERE exp_e='11-21247479' AND c_asigna='355573' AND status IN ('0','3','B','C') [1][0] OK
C:[04/08/2014 16:21:37.34][186.90.184.217][1151] SELECT c_asigna FROM dace004 WHERE exp_e='11-21247479' AND c_asigna='300226' AND status IN ('0','3','B','C') [1][0] OK
C:[04/08/2014 16:21:37.34][186.90.184.217][1151] SELECT c_asigna FROM dace004 WHERE exp_e='11-21247479' AND c_asigna='300222' AND status IN ('0','3','B','C') [1][0] OK
C:[04/08/2014 16:21:37.34][186.90.184.217][1151] SELECT c_asigna FROM dace004 WHERE exp_e='11-21247479' AND c_asigna='300013' AND status IN ('0','3','B','C') [1][0] OK
C:[04/08/2014 16:21:37.34][186.90.184.217][1151] SELECT c_asigna FROM dace004 WHERE exp_e='11-21247479' AND c_asigna='300113' AND status IN ('0','3','B','C') [1][0] OK
C:[04/08/2014 16:21:37.34][186.90.184.217][1138] SELECT pre_cod_asig1,pre_cod_asig2,pre_cod_asig3,pre_cod_asig4,pre_cod_asig5,pre_cod_asig6,pre_cod_asig7 FROM tblaca009 WHERE pensum='5' AND c_uni_ca='5' AND c_asigna='355696' [1][0] OK
C:[04/08/2014 16:21:37.34][186.90.184.217][1151] SELECT c_asigna FROM dace004 WHERE exp_e='11-21247479' AND c_asigna='355570' AND status IN ('0','3','B','C') [1][0] OK
C:[04/08/2014 16:21:37.34][186.90.184.217][1151] SELECT c_asigna FROM dace004 WHERE exp_e='11-21247479' AND c_asigna='355571' AND status IN ('0','3','B','C') [1][0] OK
C:[04/08/2014 16:21:38.47][186.90.184.217][1182] SELECT par_cod_asig1,par_cod_asig2,par_cod_asig3 FROM tblaca009 WHERE pensum='5' AND c_uni_ca='5' AND c_asigna='355595' [1][0] OK
C:[04/08/2014 16:21:38.47][186.90.184.217][1182] SELECT par_cod_asig1,par_cod_asig2,par_cod_asig3 FROM tblaca009 WHERE pensum='5' AND c_uni_ca='5' AND c_asigna='355693' [1][0] OK
C:[04/08/2014 16:21:38.47][186.90.184.217][1182] SELECT par_cod_asig1,par_cod_asig2,par_cod_asig3 FROM tblaca009 WHERE pensum='5' AND c_uni_ca='5' AND c_asigna='355696' [1][0] OK
C:[04/08/2014 16:21:38.85][186.90.184.217][1312] SELECT horas_lab FROM tblaca008 WHERE c_asigna='355595' AND horas_teoricas > 0 [1][0] OK
C:[04/08/2014 16:21:38.85][186.90.184.217][1312] SELECT horas_lab FROM tblaca008 WHERE c_asigna='355693' AND horas_teoricas > 0 [1][0] OK
C:[04/08/2014 16:21:38.85][186.90.184.217][1312] SELECT horas_lab FROM tblaca008 WHERE c_asigna='355696' AND horas_teoricas > 0 [1][0] OK
C:[04/08/2014 16:22:08.97][186.94.81.28][1138] SELECT pre_cod_asig1,pre_cod_asig2,pre_cod_asig3,pre_cod_asig4,pre_cod_asig5,pre_cod_asig6,pre_cod_asig7 FROM tblaca009 WHERE pensum='5' AND c_uni_ca='2' AND c_asigna='300013' [1][0] OK
C:[04/08/2014 16:22:08.97][186.94.81.28][1138] SELECT pre_cod_asig1,pre_cod_asig2,pre_cod_asig3,pre_cod_asig4,pre_cod_asig5,pre_cod_asig6,pre_cod_asig7 FROM tblaca009 WHERE pensum='5' AND c_uni_ca='2' AND c_asigna='300101' [1][0] OK
C:[04/08/2014 16:22:09.47][186.94.81.28][1182] SELECT par_cod_asig1,par_cod_asig2,par_cod_asig3 FROM tblaca009 WHERE pensum='5' AND c_uni_ca='2' AND c_asigna='300013' [1][0] OK
C:[04/08/2014 16:22:09.47][186.94.81.28][1182] SELECT par_cod_asig1,par_cod_asig2,par_cod_asig3 FROM tblaca009 WHERE pensum='5' AND c_uni_ca='2' AND c_asigna='300101' [1][0] OK
C:[04/08/2014 16:22:09.73][186.94.81.28][1312] SELECT horas_lab FROM tblaca008 WHERE c_asigna='300013' AND horas_teoricas > 0 [1][0] OK
C:[04/08/2014 16:22:09.73][186.94.81.28][1312] SELECT horas_lab FROM tblaca008 WHERE c_asigna='300101' AND horas_teoricas > 0 [1][0] OK
C:[04/08/2014 16:23:00.88][186.94.81.28][1138] SELECT pre_cod_asig1,pre_cod_asig2,pre_cod_asig3,pre_cod_asig4,pre_cod_asig5,pre_cod_asig6,pre_cod_asig7 FROM tblaca009 WHERE pensum='5' AND c_uni_ca='2' AND c_asigna='300222' [1][0] OK
C:[04/08/2014 16:23:00.88][186.94.81.28][1151] SELECT c_asigna FROM dace004 WHERE exp_e='13-26969165' AND c_asigna='300112' AND status IN ('0','3','B','C') [1][0] OK
C:[04/08/2014 16:23:00.88][186.94.81.28][1138] SELECT pre_cod_asig1,pre_cod_asig2,pre_cod_asig3,pre_cod_asig4,pre_cod_asig5,pre_cod_asig6,pre_cod_asig7 FROM tblaca009 WHERE pensum='5' AND c_uni_ca='2' AND c_asigna='300228' [1][0] OK
C:[04/08/2014 16:23:00.88][186.94.81.28][1151] SELECT c_asigna FROM dace004 WHERE exp_e='13-26969165' AND c_asigna='300101' AND status IN ('0','3','B','C') [1][0] OK
C:[04/08/2014 16:23:00.88][186.94.81.28][1138] SELECT pre_cod_asig1,pre_cod_asig2,pre_cod_asig3,pre_cod_asig4,pre_cod_asig5,pre_cod_asig6,pre_cod_asig7 FROM tblaca009 WHERE pensum='5' AND c_uni_ca='2' AND c_asigna='300218' [1][0] OK
C:[04/08/2014 16:23:00.88][186.94.81.28][1151] SELECT c_asigna FROM dace004 WHERE exp_e='13-26969165' AND c_asigna='300101' AND status IN ('0','3','B','C') [1][0] OK
C:[04/08/2014 16:23:01.31][186.94.81.28][1182] SELECT par_cod_asig1,par_cod_asig2,par_cod_asig3 FROM tblaca009 WHERE pensum='5' AND c_uni_ca='2' AND c_asigna='300222' [1][0] OK
C:[04/08/2014 16:23:01.31][186.94.81.28][1182] SELECT par_cod_asig1,par_cod_asig2,par_cod_asig3 FROM tblaca009 WHERE pensum='5' AND c_uni_ca='2' AND c_asigna='300228' [1][0] OK
C:[04/08/2014 16:23:01.31][186.94.81.28][1182] SELECT par_cod_asig1,par_cod_asig2,par_cod_asig3 FROM tblaca009 WHERE pensum='5' AND c_uni_ca='2' AND c_asigna='300218' [1][0] OK
C:[04/08/2014 16:23:01.31][186.94.81.28][1196] SELECT c_asigna FROM dace004 WHERE exp_e='13-26969165' AND c_asigna='300228' AND status IN ('0','3','B','C') [0][0] OK
C:[04/08/2014 16:23:01.82][186.94.81.28][1312] SELECT horas_lab FROM tblaca008 WHERE c_asigna='300222' AND horas_teoricas > 0 [1][0] OK
C:[04/08/2014 16:23:01.82][186.94.81.28][1312] SELECT horas_lab FROM tblaca008 WHERE c_asigna='300228' AND horas_teoricas > 0 [1][0] OK
C:[04/08/2014 16:23:01.82][186.94.81.28][1312] SELECT horas_lab FROM tblaca008 WHERE c_asigna='300218' AND horas_teoricas > 0 [0][0] OK
C:[04/08/2014 16:23:14.05][186.94.81.28][1138] SELECT pre_cod_asig1,pre_cod_asig2,pre_cod_asig3,pre_cod_asig4,pre_cod_asig5,pre_cod_asig6,pre_cod_asig7 FROM tblaca009 WHERE pensum='5' AND c_uni_ca='6' AND c_asigna='300101' [1][0] OK
C:[04/08/2014 16:23:14.05][186.94.81.28][1138] SELECT pre_cod_asig1,pre_cod_asig2,pre_cod_asig3,pre_cod_asig4,pre_cod_asig5,pre_cod_asig6,pre_cod_asig7 FROM tblaca009 WHERE pensum='5' AND c_uni_ca='6' AND c_asigna='300013' [1][0] OK
C:[04/08/2014 16:23:14.55][186.94.81.28][1182] SELECT par_cod_asig1,par_cod_asig2,par_cod_asig3 FROM tblaca009 WHERE pensum='5' AND c_uni_ca='6' AND c_asigna='300101' [1][0] OK
C:[04/08/2014 16:23:14.55][186.94.81.28][1182] SELECT par_cod_asig1,par_cod_asig2,par_cod_asig3 FROM tblaca009 WHERE pensum='5' AND c_uni_ca='6' AND c_asigna='300013' [1][0] OK
C:[04/08/2014 16:23:14.82][186.94.81.28][1312] SELECT horas_lab FROM tblaca008 WHERE c_asigna='300101' AND horas_teoricas > 0 [1][0] OK
C:[04/08/2014 16:23:14.82][186.94.81.28][1312] SELECT horas_lab FROM tblaca008 WHERE c_asigna='300013' AND horas_teoricas > 0 [1][0] OK
C:[04/08/2014 16:23:36.58][201.243.109.45][1138] SELECT pre_cod_asig1,pre_cod_asig2,pre_cod_asig3,pre_cod_asig4,pre_cod_asig5,pre_cod_asig6,pre_cod_asig7 FROM tblaca009 WHERE pensum='5' AND c_uni_ca='3' AND c_asigna='311674' [1][0] OK
C:[04/08/2014 16:23:36.58][201.243.109.45][1151] SELECT c_asigna FROM dace004 WHERE exp_e='10-18960534' AND c_asigna='310548' AND status IN ('0','3','B','C') [1][0] OK
C:[04/08/2014 16:23:36.58][201.243.109.45][1151] SELECT c_asigna FROM dace004 WHERE exp_e='10-18960534' AND c_asigna='311551' AND status IN ('0','3','B','C') [1][0] OK
C:[04/08/2014 16:23:36.58][201.243.109.45][1151] SELECT c_asigna FROM dace004 WHERE exp_e='10-18960534' AND c_asigna='311320' AND status IN ('0','3','B','C') [1][0] OK
C:[04/08/2014 16:23:36.58][201.243.109.45][1138] SELECT pre_cod_asig1,pre_cod_asig2,pre_cod_asig3,pre_cod_asig4,pre_cod_asig5,pre_cod_asig6,pre_cod_asig7 FROM tblaca009 WHERE pensum='5' AND c_uni_ca='3' AND c_asigna='311673' [1][0] OK
C:[04/08/2014 16:23:36.58][201.243.109.45][1151] SELECT c_asigna FROM dace004 WHERE exp_e='10-18960534' AND c_asigna='311551' AND status IN ('0','3','B','C') [1][0] OK
C:[04/08/2014 16:23:36.58][201.243.109.45][1151] SELECT c_asigna FROM dace004 WHERE exp_e='10-18960534' AND c_asigna='311554' AND status IN ('0','3','B','C') [1][0] OK
C:[04/08/2014 16:23:36.58][201.243.109.45][1151] SELECT c_asigna FROM dace004 WHERE exp_e='10-18960534' AND c_asigna='311320' AND status IN ('0','3','B','C') [1][0] OK
C:[04/08/2014 16:23:36.58][201.243.109.45][1138] SELECT pre_cod_asig1,pre_cod_asig2,pre_cod_asig3,pre_cod_asig4,pre_cod_asig5,pre_cod_asig6,pre_cod_asig7 FROM tblaca009 WHERE pensum='5' AND c_uni_ca='3' AND c_asigna='311704' [1][0] OK
C:[04/08/2014 16:23:36.58][201.243.109.45][1151] SELECT c_asigna FROM dace004 WHERE exp_e='10-18960534' AND c_asigna='315671' AND status IN ('0','3','B','C') [1][0] OK
C:[04/08/2014 16:23:37.09][201.243.109.45][1182] SELECT par_cod_asig1,par_cod_asig2,par_cod_asig3 FROM tblaca009 WHERE pensum='5' AND c_uni_ca='3' AND c_asigna='311674' [1][0] OK
C:[04/08/2014 16:23:37.09][201.243.109.45][1182] SELECT par_cod_asig1,par_cod_asig2,par_cod_asig3 FROM tblaca009 WHERE pensum='5' AND c_uni_ca='3' AND c_asigna='311673' [1][0] OK
C:[04/08/2014 16:23:37.09][201.243.109.45][1182] SELECT par_cod_asig1,par_cod_asig2,par_cod_asig3 FROM tblaca009 WHERE pensum='5' AND c_uni_ca='3' AND c_asigna='311704' [1][0] OK
C:[04/08/2014 16:23:37.47][201.243.109.45][1312] SELECT horas_lab FROM tblaca008 WHERE c_asigna='311674' AND horas_teoricas > 0 [1][0] OK
C:[04/08/2014 16:23:37.47][201.243.109.45][1312] SELECT horas_lab FROM tblaca008 WHERE c_asigna='311673' AND horas_teoricas > 0 [1][0] OK
C:[04/08/2014 16:23:37.47][201.243.109.45][1312] SELECT horas_lab FROM tblaca008 WHERE c_asigna='311704' AND horas_teoricas > 0 [1][0] OK
C:[04/08/2014 16:23:55.28][190.207.38.125][1138] SELECT pre_cod_asig1,pre_cod_asig2,pre_cod_asig3,pre_cod_asig4,pre_cod_asig5,pre_cod_asig6,pre_cod_asig7 FROM tblaca009 WHERE pensum='5' AND c_uni_ca='5' AND c_asigna='300313' [1][0] OK
C:[04/08/2014 16:23:55.28][190.207.38.125][1151] SELECT c_asigna FROM dace004 WHERE exp_e='12-24559678' AND c_asigna='300213' AND status IN ('0','3','B','C') [1][0] OK
C:[04/08/2014 16:23:55.28][190.207.38.125][1151] SELECT c_asigna FROM dace004 WHERE exp_e='12-24559678' AND c_asigna='300226' AND status IN ('0','3','B','C') [1][0] OK
C:[04/08/2014 16:23:55.28][190.207.38.125][1151] SELECT c_asigna FROM dace004 WHERE exp_e='12-24559678' AND c_asigna='300222' AND status IN ('0','3','B','C') [1][0] OK
C:[04/08/2014 16:23:55.28][190.207.38.125][1151] SELECT c_asigna FROM dace004 WHERE exp_e='12-24559678' AND c_asigna='300209' AND status IN ('0','3','B','C') [1][0] OK
C:[04/08/2014 16:23:55.15][190.207.38.125][1182] SELECT par_cod_asig1,par_cod_asig2,par_cod_asig3 FROM tblaca009 WHERE pensum='5' AND c_uni_ca='5' AND c_asigna='300313' [1][0] OK
C:[04/08/2014 16:23:55.29][190.207.38.125][1312] SELECT horas_lab FROM tblaca008 WHERE c_asigna='300313' AND horas_teoricas > 0 [1][0] OK
C:[04/08/2014 16:23:58.90][186.94.81.28][1138] SELECT pre_cod_asig1,pre_cod_asig2,pre_cod_asig3,pre_cod_asig4,pre_cod_asig5,pre_cod_asig6,pre_cod_asig7 FROM tblaca009 WHERE pensum='5' AND c_uni_ca='3' AND c_asigna='311775' [1][0] OK
C:[04/08/2014 16:23:58.90][186.94.81.28][1151] SELECT c_asigna FROM dace004 WHERE exp_e='09-20506713' AND c_asigna='311655' AND status IN ('0','3','B','C') [1][0] OK
C:[04/08/2014 16:23:58.90][186.94.81.28][1138] SELECT pre_cod_asig1,pre_cod_asig2,pre_cod_asig3,pre_cod_asig4,pre_cod_asig5,pre_cod_asig6,pre_cod_asig7 FROM tblaca009 WHERE pensum='5' AND c_uni_ca='3' AND c_asigna='311795' [1][0] OK
C:[04/08/2014 16:23:58.90][186.94.81.28][1151] SELECT c_asigna FROM dace004 WHERE exp_e='09-20506713' AND c_asigna='311674' AND status IN ('0','3','B','C') [1][0] OK
C:[04/08/2014 16:23:58.90][186.94.81.28][1151] SELECT c_asigna FROM dace004 WHERE exp_e='09-20506713' AND c_asigna='311673' AND status IN ('0','3','B','C') [1][0] OK
C:[04/08/2014 16:23:58.52][186.94.81.28][1182] SELECT par_cod_asig1,par_cod_asig2,par_cod_asig3 FROM tblaca009 WHERE pensum='5' AND c_uni_ca='3' AND c_asigna='311775' [1][0] OK
C:[04/08/2014 16:23:58.52][186.94.81.28][1182] SELECT par_cod_asig1,par_cod_asig2,par_cod_asig3 FROM tblaca009 WHERE pensum='5' AND c_uni_ca='3' AND c_asigna='311795' [1][0] OK
C:[04/08/2014 16:23:58.78][186.94.81.28][1312] SELECT horas_lab FROM tblaca008 WHERE c_asigna='311775' AND horas_teoricas > 0 [1][0] OK
C:[04/08/2014 16:23:58.78][186.94.81.28][1312] SELECT horas_lab FROM tblaca008 WHERE c_asigna='311795' AND horas_teoricas > 0 [1][0] OK
C:[04/08/2014 16:25:27.08][186.94.81.28][1138] SELECT pre_cod_asig1,pre_cod_asig2,pre_cod_asig3,pre_cod_asig4,pre_cod_asig5,pre_cod_asig6,pre_cod_asig7 FROM tblaca009 WHERE pensum='5' AND c_uni_ca='5' AND c_asigna='300317' [1][0] OK
C:[04/08/2014 16:25:27.08][186.94.81.28][1151] SELECT c_asigna FROM dace004 WHERE exp_e='13-24890494' AND c_asigna='300207' AND status IN ('0','3','B','C') [1][0] OK
C:[04/08/2014 16:25:27.08][186.94.81.28][1151] SELECT c_asigna FROM dace004 WHERE exp_e='13-24890494' AND c_asigna='300209' AND status IN ('0','3','B','C') [1][0] OK
C:[04/08/2014 16:25:27.08][186.94.81.28][1138] SELECT pre_cod_asig1,pre_cod_asig2,pre_cod_asig3,pre_cod_asig4,pre_cod_asig5,pre_cod_asig6,pre_cod_asig7 FROM tblaca009 WHERE pensum='5' AND c_uni_ca='5' AND c_asigna='300318' [1][0] OK
C:[04/08/2014 16:25:27.08][186.94.81.28][1151] SELECT c_asigna FROM dace004 WHERE exp_e='13-24890494' AND c_asigna='300228' AND status IN ('0','3','B','C') [1][0] OK
C:[04/08/2014 16:25:27.08][186.94.81.28][1151] SELECT c_asigna FROM dace004 WHERE exp_e='13-24890494' AND c_asigna='300207' AND status IN ('0','3','B','C') [1][0] OK
C:[04/08/2014 16:25:27.08][186.94.81.28][1151] SELECT c_asigna FROM dace004 WHERE exp_e='13-24890494' AND c_asigna='300218' AND status IN ('0','3','B','C') [1][0] OK
C:[04/08/2014 16:25:28.21][186.94.81.28][1182] SELECT par_cod_asig1,par_cod_asig2,par_cod_asig3 FROM tblaca009 WHERE pensum='5' AND c_uni_ca='5' AND c_asigna='300317' [1][0] OK
C:[04/08/2014 16:25:28.21][186.94.81.28][1182] SELECT par_cod_asig1,par_cod_asig2,par_cod_asig3 FROM tblaca009 WHERE pensum='5' AND c_uni_ca='5' AND c_asigna='300318' [1][0] OK
C:[04/08/2014 16:25:28.43][186.94.81.28][1312] SELECT horas_lab FROM tblaca008 WHERE c_asigna='300317' AND horas_teoricas > 0 [1][0] OK
C:[04/08/2014 16:25:28.43][186.94.81.28][1312] SELECT horas_lab FROM tblaca008 WHERE c_asigna='300318' AND horas_teoricas > 0 [1][0] OK
C:[04/08/2014 16:25:39.35][186.94.81.28][1138] SELECT pre_cod_asig1,pre_cod_asig2,pre_cod_asig3,pre_cod_asig4,pre_cod_asig5,pre_cod_asig6,pre_cod_asig7 FROM tblaca009 WHERE pensum='5' AND c_uni_ca='3' AND c_asigna='311775' [1][0] OK
C:[04/08/2014 16:25:39.35][186.94.81.28][1151] SELECT c_asigna FROM dace004 WHERE exp_e='10-22824029' AND c_asigna='311655' AND status IN ('0','3','B','C') [1][0] OK
C:[04/08/2014 16:25:39.35][186.94.81.28][1138] SELECT pre_cod_asig1,pre_cod_asig2,pre_cod_asig3,pre_cod_asig4,pre_cod_asig5,pre_cod_asig6,pre_cod_asig7 FROM tblaca009 WHERE pensum='5' AND c_uni_ca='3' AND c_asigna='311795' [1][0] OK
C:[04/08/2014 16:25:39.35][186.94.81.28][1151] SELECT c_asigna FROM dace004 WHERE exp_e='10-22824029' AND c_asigna='311674' AND status IN ('0','3','B','C') [1][0] OK
C:[04/08/2014 16:25:39.35][186.94.81.28][1151] SELECT c_asigna FROM dace004 WHERE exp_e='10-22824029' AND c_asigna='311673' AND status IN ('0','3','B','C') [1][0] OK
C:[04/08/2014 16:25:39.22][186.94.81.28][1182] SELECT par_cod_asig1,par_cod_asig2,par_cod_asig3 FROM tblaca009 WHERE pensum='5' AND c_uni_ca='3' AND c_asigna='311775' [1][0] OK
C:[04/08/2014 16:25:39.22][186.94.81.28][1182] SELECT par_cod_asig1,par_cod_asig2,par_cod_asig3 FROM tblaca009 WHERE pensum='5' AND c_uni_ca='3' AND c_asigna='311795' [1][0] OK
C:[04/08/2014 16:25:39.49][186.94.81.28][1312] SELECT horas_lab FROM tblaca008 WHERE c_asigna='311775' AND horas_teoricas > 0 [1][0] OK
C:[04/08/2014 16:25:39.49][186.94.81.28][1312] SELECT horas_lab FROM tblaca008 WHERE c_asigna='311795' AND horas_teoricas > 0 [1][0] OK
C:[04/08/2014 16:27:38.60][186.88.139.51][1138] SELECT pre_cod_asig1,pre_cod_asig2,pre_cod_asig3,pre_cod_asig4,pre_cod_asig5,pre_cod_asig6,pre_cod_asig7 FROM tblaca009 WHERE pensum='5' AND c_uni_ca='4' AND c_asigna='333606' [1][0] OK
C:[04/08/2014 16:27:38.60][186.88.139.51][1151] SELECT c_asigna FROM dace004 WHERE exp_e='08-20706036' AND c_asigna='333584' AND status IN ('0','3','B','C') [1][0] OK
C:[04/08/2014 16:27:38.10][186.88.139.51][1182] SELECT par_cod_asig1,par_cod_asig2,par_cod_asig3 FROM tblaca009 WHERE pensum='5' AND c_uni_ca='4' AND c_asigna='333606' [1][0] OK
C:[04/08/2014 16:27:38.23][186.88.139.51][1312] SELECT horas_lab FROM tblaca008 WHERE c_asigna='333606' AND horas_teoricas > 0 [1][0] OK
C:[04/08/2014 16:29:18.57][190.77.223.243][1138] SELECT pre_cod_asig1,pre_cod_asig2,pre_cod_asig3,pre_cod_asig4,pre_cod_asig5,pre_cod_asig6,pre_cod_asig7 FROM tblaca009 WHERE pensum='5' AND c_uni_ca='2' AND c_asigna='300222' [1][0] OK
C:[04/08/2014 16:29:18.57][190.77.223.243][1151] SELECT c_asigna FROM dace004 WHERE exp_e='12-24513622' AND c_asigna='300112' AND status IN ('0','3','B','C') [1][0] OK
C:[04/08/2014 16:29:18.57][190.77.223.243][1138] SELECT pre_cod_asig1,pre_cod_asig2,pre_cod_asig3,pre_cod_asig4,pre_cod_asig5,pre_cod_asig6,pre_cod_asig7 FROM tblaca009 WHERE pensum='5' AND c_uni_ca='2' AND c_asigna='300228' [1][0] OK
C:[04/08/2014 16:29:18.57][190.77.223.243][1151] SELECT c_asigna FROM dace004 WHERE exp_e='12-24513622' AND c_asigna='300101' AND status IN ('0','3','B','C') [1][0] OK
C:[04/08/2014 16:29:18.44][190.77.223.243][1182] SELECT par_cod_asig1,par_cod_asig2,par_cod_asig3 FROM tblaca009 WHERE pensum='5' AND c_uni_ca='2' AND c_asigna='300222' [1][0] OK
C:[04/08/2014 16:29:18.44][190.77.223.243][1182] SELECT par_cod_asig1,par_cod_asig2,par_cod_asig3 FROM tblaca009 WHERE pensum='5' AND c_uni_ca='2' AND c_asigna='300228' [1][0] OK
C:[04/08/2014 16:29:18.71][190.77.223.243][1312] SELECT horas_lab FROM tblaca008 WHERE c_asigna='300222' AND horas_teoricas > 0 [1][0] OK
C:[04/08/2014 16:29:18.71][190.77.223.243][1312] SELECT horas_lab FROM tblaca008 WHERE c_asigna='300228' AND horas_teoricas > 0 [1][0] OK
C:[04/08/2014 16:30:01.31][186.90.212.25][1138] SELECT pre_cod_asig1,pre_cod_asig2,pre_cod_asig3,pre_cod_asig4,pre_cod_asig5,pre_cod_asig6,pre_cod_asig7 FROM tblaca009 WHERE pensum='5' AND c_uni_ca='6' AND c_asigna='300207' [1][0] OK
C:[04/08/2014 16:30:01.31][186.90.212.25][1151] SELECT c_asigna FROM dace004 WHERE exp_e='13-24848635' AND c_asigna='300101' AND status IN ('0','3','B','C') [1][0] OK
C:[04/08/2014 16:30:01.80][186.90.212.25][1182] SELECT par_cod_asig1,par_cod_asig2,par_cod_asig3 FROM tblaca009 WHERE pensum='5' AND c_uni_ca='6' AND c_asigna='300207' [1][0] OK
C:[04/08/2014 16:30:01.96][186.90.212.25][1312] SELECT horas_lab FROM tblaca008 WHERE c_asigna='300207' AND horas_teoricas > 0 [1][0] OK
C:[04/08/2014 16:31:40.78][190.77.223.243][1138] SELECT pre_cod_asig1,pre_cod_asig2,pre_cod_asig3,pre_cod_asig4,pre_cod_asig5,pre_cod_asig6,pre_cod_asig7 FROM tblaca009 WHERE pensum='5' AND c_uni_ca='6' AND c_asigna='340323' [1][0] OK
C:[04/08/2014 16:31:40.78][190.77.223.243][1151] SELECT c_asigna FROM dace004 WHERE exp_e='11-22822909' AND c_asigna='300228' AND status IN ('0','3','B','C') [1][0] OK
C:[04/08/2014 16:31:40.78][190.77.223.243][1151] SELECT c_asigna FROM dace004 WHERE exp_e='11-22822909' AND c_asigna='300207' AND status IN ('0','3','B','C') [1][0] OK
C:[04/08/2014 16:31:40.78][190.77.223.243][1138] SELECT pre_cod_asig1,pre_cod_asig2,pre_cod_asig3,pre_cod_asig4,pre_cod_asig5,pre_cod_asig6,pre_cod_asig7 FROM tblaca009 WHERE pensum='5' AND c_uni_ca='6' AND c_asigna='311561' [1][0] OK
C:[04/08/2014 16:31:40.78][190.77.223.243][1151] SELECT c_asigna FROM dace004 WHERE exp_e='11-22822909' AND c_asigna='300318' AND status IN ('0','3','B','C') [1][0] OK
C:[04/08/2014 16:31:40.78][190.77.223.243][1138] SELECT pre_cod_asig1,pre_cod_asig2,pre_cod_asig3,pre_cod_asig4,pre_cod_asig5,pre_cod_asig6,pre_cod_asig7 FROM tblaca009 WHERE pensum='5' AND c_uni_ca='6' AND c_asigna='343568' [1][0] OK
C:[04/08/2014 16:31:40.78][190.77.223.243][1151] SELECT c_asigna FROM dace004 WHERE exp_e='11-22822909' AND c_asigna='340327' AND status IN ('0','3','B','C') [1][0] OK
C:[04/08/2014 16:31:40.47][190.77.223.243][1182] SELECT par_cod_asig1,par_cod_asig2,par_cod_asig3 FROM tblaca009 WHERE pensum='5' AND c_uni_ca='6' AND c_asigna='340323' [1][0] OK
C:[04/08/2014 16:31:40.47][190.77.223.243][1182] SELECT par_cod_asig1,par_cod_asig2,par_cod_asig3 FROM tblaca009 WHERE pensum='5' AND c_uni_ca='6' AND c_asigna='311561' [1][0] OK
C:[04/08/2014 16:31:40.47][190.77.223.243][1182] SELECT par_cod_asig1,par_cod_asig2,par_cod_asig3 FROM tblaca009 WHERE pensum='5' AND c_uni_ca='6' AND c_asigna='343568' [1][0] OK
C:[04/08/2014 16:31:40.86][190.77.223.243][1312] SELECT horas_lab FROM tblaca008 WHERE c_asigna='340323' AND horas_teoricas > 0 [1][0] OK
C:[04/08/2014 16:31:40.86][190.77.223.243][1312] SELECT horas_lab FROM tblaca008 WHERE c_asigna='311561' AND horas_teoricas > 0 [1][0] OK
C:[04/08/2014 16:31:40.86][190.77.223.243][1312] SELECT horas_lab FROM tblaca008 WHERE c_asigna='343568' AND horas_teoricas > 0 [1][0] OK
C:[04/08/2014 16:32:36.49][186.89.161.178][1138] SELECT pre_cod_asig1,pre_cod_asig2,pre_cod_asig3,pre_cod_asig4,pre_cod_asig5,pre_cod_asig6,pre_cod_asig7 FROM tblaca009 WHERE pensum='5' AND c_uni_ca='3' AND c_asigna='311775' [1][0] OK
C:[04/08/2014 16:32:36.49][186.89.161.178][1151] SELECT c_asigna FROM dace004 WHERE exp_e='08-19536413' AND c_asigna='311655' AND status IN ('0','3','B','C') [1][0] OK
C:[04/08/2014 16:32:36.49][186.89.161.178][1138] SELECT pre_cod_asig1,pre_cod_asig2,pre_cod_asig3,pre_cod_asig4,pre_cod_asig5,pre_cod_asig6,pre_cod_asig7 FROM tblaca009 WHERE pensum='5' AND c_uni_ca='3' AND c_asigna='311823' [1][0] OK
C:[04/08/2014 16:32:36.49][186.89.161.178][1151] SELECT c_asigna FROM dace004 WHERE exp_e='08-19536413' AND c_asigna='311795' AND status IN ('0','3','B','C') [1][0] OK
C:[04/08/2014 16:32:36.24][186.89.161.178][1182] SELECT par_cod_asig1,par_cod_asig2,par_cod_asig3 FROM tblaca009 WHERE pensum='5' AND c_uni_ca='3' AND c_asigna='311775' [1][0] OK
C:[04/08/2014 16:32:36.24][186.89.161.178][1182] SELECT par_cod_asig1,par_cod_asig2,par_cod_asig3 FROM tblaca009 WHERE pensum='5' AND c_uni_ca='3' AND c_asigna='311823' [1][0] OK
C:[04/08/2014 16:32:36.50][186.89.161.178][1312] SELECT horas_lab FROM tblaca008 WHERE c_asigna='311775' AND horas_teoricas > 0 [1][0] OK
C:[04/08/2014 16:32:36.50][186.89.161.178][1312] SELECT horas_lab FROM tblaca008 WHERE c_asigna='311823' AND horas_teoricas > 0 [1][0] OK
C:[04/08/2014 16:33:21.47][181.182.27.33][1138] SELECT pre_cod_asig1,pre_cod_asig2,pre_cod_asig3,pre_cod_asig4,pre_cod_asig5,pre_cod_asig6,pre_cod_asig7 FROM tblaca009 WHERE pensum='5' AND c_uni_ca='6' AND c_asigna='300317' [1][0] OK
C:[04/08/2014 16:33:21.47][181.182.27.33][1151] SELECT c_asigna FROM dace004 WHERE exp_e='10-20887019' AND c_asigna='300207' AND status IN ('0','3','B','C') [1][0] OK
C:[04/08/2014 16:33:21.47][181.182.27.33][1151] SELECT c_asigna FROM dace004 WHERE exp_e='10-20887019' AND c_asigna='300209' AND status IN ('0','3','B','C') [1][0] OK
C:[04/08/2014 16:33:21.10][181.182.27.33][1182] SELECT par_cod_asig1,par_cod_asig2,par_cod_asig3 FROM tblaca009 WHERE pensum='5' AND c_uni_ca='6' AND c_asigna='300317' [1][0] OK
C:[04/08/2014 16:33:21.24][181.182.27.33][1312] SELECT horas_lab FROM tblaca008 WHERE c_asigna='300317' AND horas_teoricas > 0 [1][0] OK
C:[04/08/2014 16:35:30.47][186.90.222.254][1138] SELECT pre_cod_asig1,pre_cod_asig2,pre_cod_asig3,pre_cod_asig4,pre_cod_asig5,pre_cod_asig6,pre_cod_asig7 FROM tblaca009 WHERE pensum='5' AND c_uni_ca='5' AND c_asigna='355692' [1][0] OK
C:[04/08/2014 16:35:30.47][186.90.222.254][1151] SELECT c_asigna FROM dace004 WHERE exp_e='11-21250174' AND c_asigna='355448' AND status IN ('0','3','B','C') [1][0] OK
C:[04/08/2014 16:35:30.47][186.90.222.254][1151] SELECT c_asigna FROM dace004 WHERE exp_e='11-21250174' AND c_asigna='355570' AND status IN ('0','3','B','C') [1][0] OK
C:[04/08/2014 16:35:30.47][186.90.222.254][1138] SELECT pre_cod_asig1,pre_cod_asig2,pre_cod_asig3,pre_cod_asig4,pre_cod_asig5,pre_cod_asig6,pre_cod_asig7 FROM tblaca009 WHERE pensum='5' AND c_uni_ca='5' AND c_asigna='355696' [1][0] OK
C:[04/08/2014 16:35:30.47][186.90.222.254][1151] SELECT c_asigna FROM dace004 WHERE exp_e='11-21250174' AND c_asigna='355570' AND status IN ('0','3','B','C') [1][0] OK
C:[04/08/2014 16:35:30.47][186.90.222.254][1151] SELECT c_asigna FROM dace004 WHERE exp_e='11-21250174' AND c_asigna='355571' AND status IN ('0','3','B','C') [1][0] OK
C:[04/08/2014 16:35:30.47][186.90.222.254][1138] SELECT pre_cod_asig1,pre_cod_asig2,pre_cod_asig3,pre_cod_asig4,pre_cod_asig5,pre_cod_asig6,pre_cod_asig7 FROM tblaca009 WHERE pensum='5' AND c_uni_ca='5' AND c_asigna='355723' [1][0] OK
C:[04/08/2014 16:35:30.47][186.90.222.254][1151] SELECT c_asigna FROM dace004 WHERE exp_e='11-21250174' AND c_asigna='355694' AND status IN ('0','3','B','C') [1][0] OK
C:[04/08/2014 16:35:30.72][186.90.222.254][1182] SELECT par_cod_asig1,par_cod_asig2,par_cod_asig3 FROM tblaca009 WHERE pensum='5' AND c_uni_ca='5' AND c_asigna='355692' [1][0] OK
C:[04/08/2014 16:35:30.72][186.90.222.254][1182] SELECT par_cod_asig1,par_cod_asig2,par_cod_asig3 FROM tblaca009 WHERE pensum='5' AND c_uni_ca='5' AND c_asigna='355696' [1][0] OK
C:[04/08/2014 16:35:30.72][186.90.222.254][1182] SELECT par_cod_asig1,par_cod_asig2,par_cod_asig3 FROM tblaca009 WHERE pensum='5' AND c_uni_ca='5' AND c_asigna='355723' [1][0] OK
C:[04/08/2014 16:35:30.10][186.90.222.254][1312] SELECT horas_lab FROM tblaca008 WHERE c_asigna='355692' AND horas_teoricas > 0 [1][0] OK
C:[04/08/2014 16:35:30.10][186.90.222.254][1312] SELECT horas_lab FROM tblaca008 WHERE c_asigna='355696' AND horas_teoricas > 0 [1][0] OK
C:[04/08/2014 16:35:30.10][186.90.222.254][1312] SELECT horas_lab FROM tblaca008 WHERE c_asigna='355723' AND horas_teoricas > 0 [1][0] OK
C:[04/08/2014 16:38:56.79][190.38.82.92][1138] SELECT pre_cod_asig1,pre_cod_asig2,pre_cod_asig3,pre_cod_asig4,pre_cod_asig5,pre_cod_asig6,pre_cod_asig7 FROM tblaca009 WHERE pensum='5' AND c_uni_ca='4' AND c_asigna='333710' [1][0] OK
C:[04/08/2014 16:38:56.79][190.38.82.92][1151] SELECT c_asigna FROM dace004 WHERE exp_e='11-21248945' AND c_asigna='333683' AND status IN ('0','3','B','C') [1][0] OK
C:[04/08/2014 16:38:56.79][190.38.82.92][1151] SELECT c_asigna FROM dace004 WHERE exp_e='11-21248945' AND c_asigna='333606' AND status IN ('0','3','B','C') [1][0] OK
C:[04/08/2014 16:38:56.79][190.38.82.92][1138] SELECT pre_cod_asig1,pre_cod_asig2,pre_cod_asig3,pre_cod_asig4,pre_cod_asig5,pre_cod_asig6,pre_cod_asig7 FROM tblaca009 WHERE pensum='5' AND c_uni_ca='4' AND c_asigna='333782' [1][0] OK
C:[04/08/2014 16:38:56.79][190.38.82.92][1151] SELECT c_asigna FROM dace004 WHERE exp_e='11-21248945' AND c_asigna='333606' AND status IN ('0','3','B','C') [1][0] OK
C:[04/08/2014 16:38:57.67][190.38.82.92][1182] SELECT par_cod_asig1,par_cod_asig2,par_cod_asig3 FROM tblaca009 WHERE pensum='5' AND c_uni_ca='4' AND c_asigna='333710' [1][0] OK
C:[04/08/2014 16:38:57.67][190.38.82.92][1196] SELECT c_asigna FROM dace004 WHERE exp_e='11-21248945' AND c_asigna='333782' AND status IN ('0','3','B','C') [0][0] OK
C:[04/08/2014 16:38:57.67][190.38.82.92][1182] SELECT par_cod_asig1,par_cod_asig2,par_cod_asig3 FROM tblaca009 WHERE pensum='5' AND c_uni_ca='4' AND c_asigna='333782' [1][0] OK
C:[04/08/2014 16:38:57.06][190.38.82.92][1312] SELECT horas_lab FROM tblaca008 WHERE c_asigna='333710' AND horas_teoricas > 0 [1][0] OK
C:[04/08/2014 16:38:57.06][190.38.82.92][1312] SELECT horas_lab FROM tblaca008 WHERE c_asigna='333782' AND horas_teoricas > 0 [1][0] OK
C:[04/08/2014 16:40:06.62][186.89.178.4][1138] SELECT pre_cod_asig1,pre_cod_asig2,pre_cod_asig3,pre_cod_asig4,pre_cod_asig5,pre_cod_asig6,pre_cod_asig7 FROM tblaca009 WHERE pensum='5' AND c_uni_ca='2' AND c_asigna='320323' [1][0] OK
C:[04/08/2014 16:40:06.62][186.89.178.4][1151] SELECT c_asigna FROM dace004 WHERE exp_e='06-19256254' AND c_asigna='300228' AND status IN ('0','3','B','C') [1][0] OK
C:[04/08/2014 16:40:06.62][186.89.178.4][1151] SELECT c_asigna FROM dace004 WHERE exp_e='06-19256254' AND c_asigna='300218' AND status IN ('0','3','B','C') [1][0] OK
C:[04/08/2014 16:40:06.62][186.89.178.4][1138] SELECT pre_cod_asig1,pre_cod_asig2,pre_cod_asig3,pre_cod_asig4,pre_cod_asig5,pre_cod_asig6,pre_cod_asig7 FROM tblaca009 WHERE pensum='5' AND c_uni_ca='2' AND c_asigna='322449' [1][0] OK
C:[04/08/2014 16:40:06.62][186.89.178.4][1151] SELECT c_asigna FROM dace004 WHERE exp_e='06-19256254' AND c_asigna='300222' AND status IN ('0','3','B','C') [1][0] OK
C:[04/08/2014 16:40:06.49][186.89.178.4][1182] SELECT par_cod_asig1,par_cod_asig2,par_cod_asig3 FROM tblaca009 WHERE pensum='5' AND c_uni_ca='2' AND c_asigna='320323' [1][0] OK
C:[04/08/2014 16:40:06.49][186.89.178.4][1182] SELECT par_cod_asig1,par_cod_asig2,par_cod_asig3 FROM tblaca009 WHERE pensum='5' AND c_uni_ca='2' AND c_asigna='322449' [1][0] OK
C:[04/08/2014 16:40:06.75][186.89.178.4][1312] SELECT horas_lab FROM tblaca008 WHERE c_asigna='320323' AND horas_teoricas > 0 [1][0] OK
C:[04/08/2014 16:40:06.75][186.89.178.4][1312] SELECT horas_lab FROM tblaca008 WHERE c_asigna='322449' AND horas_teoricas > 0 [1][0] OK
C:[04/08/2014 16:41:34.60][186.94.81.28][1138] SELECT pre_cod_asig1,pre_cod_asig2,pre_cod_asig3,pre_cod_asig4,pre_cod_asig5,pre_cod_asig6,pre_cod_asig7 FROM tblaca009 WHERE pensum='5' AND c_uni_ca='6' AND c_asigna='344046' [1][0] OK
C:[04/08/2014 16:41:34.60][186.94.81.28][1151] SELECT c_asigna FROM dace004 WHERE exp_e='05-18515880' AND c_asigna='344834' AND status IN ('0','3','B','C') [1][0] OK
C:[04/08/2014 16:41:34.60][186.94.81.28][1151] SELECT c_asigna FROM dace004 WHERE exp_e='05-18515880' AND c_asigna='344732' AND status IN ('0','3','B','C') [1][0] OK
C:[04/08/2014 16:41:34.23][186.94.81.28][1182] SELECT par_cod_asig1,par_cod_asig2,par_cod_asig3 FROM tblaca009 WHERE pensum='5' AND c_uni_ca='6' AND c_asigna='344046' [1][0] OK
C:[04/08/2014 16:41:34.37][186.94.81.28][1312] SELECT horas_lab FROM tblaca008 WHERE c_asigna='344046' AND horas_teoricas > 0 [1][0] OK
C:[04/08/2014 16:44:13.36][181.182.153.140][1138] SELECT pre_cod_asig1,pre_cod_asig2,pre_cod_asig3,pre_cod_asig4,pre_cod_asig5,pre_cod_asig6,pre_cod_asig7 FROM tblaca009 WHERE pensum='5' AND c_uni_ca='3' AND c_asigna='311673' [1][0] OK
C:[04/08/2014 16:44:13.36][181.182.153.140][1151] SELECT c_asigna FROM dace004 WHERE exp_e='09-18686840' AND c_asigna='311551' AND status IN ('0','3','B','C') [1][0] OK
C:[04/08/2014 16:44:13.36][181.182.153.140][1151] SELECT c_asigna FROM dace004 WHERE exp_e='09-18686840' AND c_asigna='311554' AND status IN ('0','3','B','C') [1][0] OK
C:[04/08/2014 16:44:13.36][181.182.153.140][1151] SELECT c_asigna FROM dace004 WHERE exp_e='09-18686840' AND c_asigna='311320' AND status IN ('0','3','B','C') [1][0] OK
C:[04/08/2014 16:44:13.36][181.182.153.140][1138] SELECT pre_cod_asig1,pre_cod_asig2,pre_cod_asig3,pre_cod_asig4,pre_cod_asig5,pre_cod_asig6,pre_cod_asig7 FROM tblaca009 WHERE pensum='5' AND c_uni_ca='3' AND c_asigna='311796' [1][0] OK
C:[04/08/2014 16:44:13.36][181.182.153.140][1151] SELECT c_asigna FROM dace004 WHERE exp_e='09-18686840' AND c_asigna='315671' AND status IN ('0','3','B','C') [1][0] OK
C:[04/08/2014 16:44:14.36][181.182.153.140][1182] SELECT par_cod_asig1,par_cod_asig2,par_cod_asig3 FROM tblaca009 WHERE pensum='5' AND c_uni_ca='3' AND c_asigna='311673' [1][0] OK
C:[04/08/2014 16:44:14.36][181.182.153.140][1182] SELECT par_cod_asig1,par_cod_asig2,par_cod_asig3 FROM tblaca009 WHERE pensum='5' AND c_uni_ca='3' AND c_asigna='311796' [1][0] OK
C:[04/08/2014 16:44:14.62][181.182.153.140][1312] SELECT horas_lab FROM tblaca008 WHERE c_asigna='311673' AND horas_teoricas > 0 [1][0] OK
C:[04/08/2014 16:44:14.62][181.182.153.140][1312] SELECT horas_lab FROM tblaca008 WHERE c_asigna='311796' AND horas_teoricas > 0 [1][0] OK
C:[04/08/2014 16:50:31.86][200.84.77.85][1138] SELECT pre_cod_asig1,pre_cod_asig2,pre_cod_asig3,pre_cod_asig4,pre_cod_asig5,pre_cod_asig6,pre_cod_asig7 FROM tblaca009 WHERE pensum='5' AND c_uni_ca='2' AND c_asigna='300428' [1][0] OK
C:[04/08/2014 16:50:31.86][200.84.77.85][1151] SELECT c_asigna FROM dace004 WHERE exp_e='12-25445244' AND c_asigna='300317' AND status IN ('0','3','B','C') [1][0] OK
C:[04/08/2014 16:50:31.86][200.84.77.85][1151] SELECT c_asigna FROM dace004 WHERE exp_e='12-25445244' AND c_asigna='300209' AND status IN ('0','3','B','C') [1][0] OK
C:[04/08/2014 16:50:31.49][200.84.77.85][1182] SELECT par_cod_asig1,par_cod_asig2,par_cod_asig3 FROM tblaca009 WHERE pensum='5' AND c_uni_ca='2' AND c_asigna='300428' [1][0] OK
C:[04/08/2014 16:50:32.62][200.84.77.85][1312] SELECT horas_lab FROM tblaca008 WHERE c_asigna='300428' AND horas_teoricas > 0 [1][0] OK
C:[04/08/2014 16:51:40.03][190.73.237.25][1138] SELECT pre_cod_asig1,pre_cod_asig2,pre_cod_asig3,pre_cod_asig4,pre_cod_asig5,pre_cod_asig6,pre_cod_asig7 FROM tblaca009 WHERE pensum='5' AND c_uni_ca='4' AND c_asigna='300101' [1][0] OK
C:[04/08/2014 16:51:40.03][190.73.237.25][1138] SELECT pre_cod_asig1,pre_cod_asig2,pre_cod_asig3,pre_cod_asig4,pre_cod_asig5,pre_cod_asig6,pre_cod_asig7 FROM tblaca009 WHERE pensum='5' AND c_uni_ca='4' AND c_asigna='300226' [1][0] OK
C:[04/08/2014 16:51:40.03][190.73.237.25][1151] SELECT c_asigna FROM dace004 WHERE exp_e='11-20703271' AND c_asigna='300116' AND status IN ('0','3','B','C') [1][0] OK
C:[04/08/2014 16:51:40.66][190.73.237.25][1182] SELECT par_cod_asig1,par_cod_asig2,par_cod_asig3 FROM tblaca009 WHERE pensum='5' AND c_uni_ca='4' AND c_asigna='300101' [1][0] OK
C:[04/08/2014 16:51:40.66][190.73.237.25][1182] SELECT par_cod_asig1,par_cod_asig2,par_cod_asig3 FROM tblaca009 WHERE pensum='5' AND c_uni_ca='4' AND c_asigna='300226' [1][0] OK
C:[04/08/2014 16:51:40.92][190.73.237.25][1312] SELECT horas_lab FROM tblaca008 WHERE c_asigna='300101' AND horas_teoricas > 0 [1][0] OK
C:[04/08/2014 16:51:40.92][190.73.237.25][1312] SELECT horas_lab FROM tblaca008 WHERE c_asigna='300226' AND horas_teoricas > 0 [1][0] OK
C:[04/08/2014 17:01:17.90][200.84.92.74][1138] SELECT pre_cod_asig1,pre_cod_asig2,pre_cod_asig3,pre_cod_asig4,pre_cod_asig5,pre_cod_asig6,pre_cod_asig7 FROM tblaca009 WHERE pensum='5' AND c_uni_ca='5' AND c_asigna='355447' [1][0] OK
C:[04/08/2014 17:01:17.90][200.84.92.74][1151] SELECT c_asigna FROM dace004 WHERE exp_e='09-20703727' AND c_asigna='351330' AND status IN ('0','3','B','C') [1][0] OK
C:[04/08/2014 17:01:17.90][200.84.92.74][1138] SELECT pre_cod_asig1,pre_cod_asig2,pre_cod_asig3,pre_cod_asig4,pre_cod_asig5,pre_cod_asig6,pre_cod_asig7 FROM tblaca009 WHERE pensum='5' AND c_uni_ca='5' AND c_asigna='355448' [1][0] OK
C:[04/08/2014 17:01:17.90][200.84.92.74][1151] SELECT c_asigna FROM dace004 WHERE exp_e='09-20703727' AND c_asigna='300313' AND status IN ('0','3','B','C') [1][0] OK
C:[04/08/2014 17:01:17.90][200.84.92.74][1151] SELECT c_asigna FROM dace004 WHERE exp_e='09-20703727' AND c_asigna='300209' AND status IN ('0','3','B','C') [1][0] OK
C:[04/08/2014 17:01:17.90][200.84.92.74][1151] SELECT c_asigna FROM dace004 WHERE exp_e='09-20703727' AND c_asigna='300226' AND status IN ('0','3','B','C') [1][0] OK
C:[04/08/2014 17:01:17.90][200.84.92.74][1151] SELECT c_asigna FROM dace004 WHERE exp_e='09-20703727' AND c_asigna='300222' AND status IN ('0','3','B','C') [1][0] OK
C:[04/08/2014 17:01:17.90][200.84.92.74][1138] SELECT pre_cod_asig1,pre_cod_asig2,pre_cod_asig3,pre_cod_asig4,pre_cod_asig5,pre_cod_asig6,pre_cod_asig7 FROM tblaca009 WHERE pensum='5' AND c_uni_ca='5' AND c_asigna='351451' [1][0] OK
C:[04/08/2014 17:01:17.90][200.84.92.74][1151] SELECT c_asigna FROM dace004 WHERE exp_e='09-20703727' AND c_asigna='351330' AND status IN ('0','3','B','C') [1][0] OK
C:[04/08/2014 17:01:17.90][200.84.92.74][1151] SELECT c_asigna FROM dace004 WHERE exp_e='09-20703727' AND c_asigna='355350' AND status IN ('0','3','B','C') [1][0] OK
C:[04/08/2014 17:01:17.90][200.84.92.74][1151] SELECT c_asigna FROM dace004 WHERE exp_e='09-20703727' AND c_asigna='300318' AND status IN ('0','3','B','C') [1][0] OK
C:[04/08/2014 17:01:17.90][200.84.92.74][1151] SELECT c_asigna FROM dace004 WHERE exp_e='09-20703727' AND c_asigna='300209' AND status IN ('0','3','B','C') [1][0] OK
C:[04/08/2014 17:01:17.90][200.84.92.74][1151] SELECT c_asigna FROM dace004 WHERE exp_e='09-20703727' AND c_asigna='300222' AND status IN ('0','3','B','C') [1][0] OK
C:[04/08/2014 17:01:17.78][200.84.92.74][1182] SELECT par_cod_asig1,par_cod_asig2,par_cod_asig3 FROM tblaca009 WHERE pensum='5' AND c_uni_ca='5' AND c_asigna='355447' [1][0] OK
C:[04/08/2014 17:01:17.78][200.84.92.74][1182] SELECT par_cod_asig1,par_cod_asig2,par_cod_asig3 FROM tblaca009 WHERE pensum='5' AND c_uni_ca='5' AND c_asigna='355448' [1][0] OK
C:[04/08/2014 17:01:17.78][200.84.92.74][1182] SELECT par_cod_asig1,par_cod_asig2,par_cod_asig3 FROM tblaca009 WHERE pensum='5' AND c_uni_ca='5' AND c_asigna='351451' [1][0] OK
C:[04/08/2014 17:01:17.16][200.84.92.74][1312] SELECT horas_lab FROM tblaca008 WHERE c_asigna='355447' AND horas_teoricas > 0 [1][0] OK
C:[04/08/2014 17:01:17.16][200.84.92.74][1312] SELECT horas_lab FROM tblaca008 WHERE c_asigna='355448' AND horas_teoricas > 0 [1][0] OK
C:[04/08/2014 17:01:17.16][200.84.92.74][1312] SELECT horas_lab FROM tblaca008 WHERE c_asigna='351451' AND horas_teoricas > 0 [1][0] OK
C:[04/08/2014 17:06:40.09][190.198.86.45][1138] SELECT pre_cod_asig1,pre_cod_asig2,pre_cod_asig3,pre_cod_asig4,pre_cod_asig5,pre_cod_asig6,pre_cod_asig7 FROM tblaca009 WHERE pensum='5' AND c_uni_ca='3' AND c_asigna='311673' [1][0] OK
C:[04/08/2014 17:06:40.09][190.198.86.45][1151] SELECT c_asigna FROM dace004 WHERE exp_e='11-20808171' AND c_asigna='311551' AND status IN ('0','3','B','C') [1][0] OK
C:[04/08/2014 17:06:40.09][190.198.86.45][1151] SELECT c_asigna FROM dace004 WHERE exp_e='11-20808171' AND c_asigna='311554' AND status IN ('0','3','B','C') [1][0] OK
C:[04/08/2014 17:06:40.09][190.198.86.45][1151] SELECT c_asigna FROM dace004 WHERE exp_e='11-20808171' AND c_asigna='311320' AND status IN ('0','3','B','C') [1][0] OK
C:[04/08/2014 17:06:40.09][190.198.86.45][1138] SELECT pre_cod_asig1,pre_cod_asig2,pre_cod_asig3,pre_cod_asig4,pre_cod_asig5,pre_cod_asig6,pre_cod_asig7 FROM tblaca009 WHERE pensum='5' AND c_uni_ca='3' AND c_asigna='311674' [1][0] OK
C:[04/08/2014 17:06:40.09][190.198.86.45][1151] SELECT c_asigna FROM dace004 WHERE exp_e='11-20808171' AND c_asigna='310548' AND status IN ('0','3','B','C') [1][0] OK
C:[04/08/2014 17:06:40.09][190.198.86.45][1151] SELECT c_asigna FROM dace004 WHERE exp_e='11-20808171' AND c_asigna='311551' AND status IN ('0','3','B','C') [1][0] OK
C:[04/08/2014 17:06:40.09][190.198.86.45][1151] SELECT c_asigna FROM dace004 WHERE exp_e='11-20808171' AND c_asigna='311320' AND status IN ('0','3','B','C') [1][0] OK
C:[04/08/2014 17:06:40.09][190.198.86.45][1138] SELECT pre_cod_asig1,pre_cod_asig2,pre_cod_asig3,pre_cod_asig4,pre_cod_asig5,pre_cod_asig6,pre_cod_asig7 FROM tblaca009 WHERE pensum='5' AND c_uni_ca='3' AND c_asigna='315671' [1][0] OK
C:[04/08/2014 17:06:40.09][190.198.86.45][1151] SELECT c_asigna FROM dace004 WHERE exp_e='11-20808171' AND c_asigna='315552' AND status IN ('0','3','B','C') [1][0] OK
C:[04/08/2014 17:06:40.02][190.198.86.45][1182] SELECT par_cod_asig1,par_cod_asig2,par_cod_asig3 FROM tblaca009 WHERE pensum='5' AND c_uni_ca='3' AND c_asigna='311673' [1][0] OK
C:[04/08/2014 17:06:40.02][190.198.86.45][1182] SELECT par_cod_asig1,par_cod_asig2,par_cod_asig3 FROM tblaca009 WHERE pensum='5' AND c_uni_ca='3' AND c_asigna='311674' [1][0] OK
C:[04/08/2014 17:06:40.02][190.198.86.45][1182] SELECT par_cod_asig1,par_cod_asig2,par_cod_asig3 FROM tblaca009 WHERE pensum='5' AND c_uni_ca='3' AND c_asigna='315671' [1][0] OK
C:[04/08/2014 17:06:40.41][190.198.86.45][1312] SELECT horas_lab FROM tblaca008 WHERE c_asigna='311673' AND horas_teoricas > 0 [1][0] OK
C:[04/08/2014 17:06:40.41][190.198.86.45][1312] SELECT horas_lab FROM tblaca008 WHERE c_asigna='311674' AND horas_teoricas > 0 [1][0] OK
C:[04/08/2014 17:06:40.41][190.198.86.45][1312] SELECT horas_lab FROM tblaca008 WHERE c_asigna='315671' AND horas_teoricas > 0 [1][0] OK
C:[04/08/2014 17:07:08.06][190.204.213.166][1138] SELECT pre_cod_asig1,pre_cod_asig2,pre_cod_asig3,pre_cod_asig4,pre_cod_asig5,pre_cod_asig6,pre_cod_asig7 FROM tblaca009 WHERE pensum='5' AND c_uni_ca='2' AND c_asigna='300105' [1][0] OK
C:[04/08/2014 17:07:08.87][190.204.213.166][1182] SELECT par_cod_asig1,par_cod_asig2,par_cod_asig3 FROM tblaca009 WHERE pensum='5' AND c_uni_ca='2' AND c_asigna='300105' [1][0] OK
C:[04/08/2014 17:07:08.01][190.204.213.166][1312] SELECT horas_lab FROM tblaca008 WHERE c_asigna='300105' AND horas_teoricas > 0 [1][0] OK
C:[04/08/2014 17:07:55.25][190.198.86.45][1138] SELECT pre_cod_asig1,pre_cod_asig2,pre_cod_asig3,pre_cod_asig4,pre_cod_asig5,pre_cod_asig6,pre_cod_asig7 FROM tblaca009 WHERE pensum='5' AND c_uni_ca='3' AND c_asigna='300428' [1][0] OK
C:[04/08/2014 17:07:55.25][190.198.86.45][1151] SELECT c_asigna FROM dace004 WHERE exp_e='12-22820485' AND c_asigna='300317' AND status IN ('0','3','B','C') [1][0] OK
C:[04/08/2014 17:07:55.25][190.198.86.45][1151] SELECT c_asigna FROM dace004 WHERE exp_e='12-22820485' AND c_asigna='300209' AND status IN ('0','3','B','C') [1][0] OK
C:[04/08/2014 17:07:55.25][190.198.86.45][1138] SELECT pre_cod_asig1,pre_cod_asig2,pre_cod_asig3,pre_cod_asig4,pre_cod_asig5,pre_cod_asig6,pre_cod_asig7 FROM tblaca009 WHERE pensum='5' AND c_uni_ca='3' AND c_asigna='311430' [1][0] OK
C:[04/08/2014 17:07:55.25][190.198.86.45][1151] SELECT c_asigna FROM dace004 WHERE exp_e='12-22820485' AND c_asigna='300317' AND status IN ('0','3','B','C') [1][0] OK
C:[04/08/2014 17:07:55.25][190.198.86.45][1151] SELECT c_asigna FROM dace004 WHERE exp_e='12-22820485' AND c_asigna='300318' AND status IN ('0','3','B','C') [1][0] OK
C:[04/08/2014 17:07:55.25][190.198.86.45][1151] SELECT c_asigna FROM dace004 WHERE exp_e='12-22820485' AND c_asigna='300313' AND status IN ('0','3','B','C') [1][0] OK
C:[04/08/2014 17:07:55.25][190.198.86.45][1151] SELECT c_asigna FROM dace004 WHERE exp_e='12-22820485' AND c_asigna='300222' AND status IN ('0','3','B','C') [1][0] OK
C:[04/08/2014 17:07:55.25][190.198.86.45][1151] SELECT c_asigna FROM dace004 WHERE exp_e='12-22820485' AND c_asigna='300226' AND status IN ('0','3','B','C') [1][0] OK
C:[04/08/2014 17:07:55.25][190.198.86.45][1151] SELECT c_asigna FROM dace004 WHERE exp_e='12-22820485' AND c_asigna='300209' AND status IN ('0','3','B','C') [1][0] OK
C:[04/08/2014 17:07:55.25][190.198.86.45][1138] SELECT pre_cod_asig1,pre_cod_asig2,pre_cod_asig3,pre_cod_asig4,pre_cod_asig5,pre_cod_asig6,pre_cod_asig7 FROM tblaca009 WHERE pensum='5' AND c_uni_ca='3' AND c_asigna='311431' [1][0] OK
C:[04/08/2014 17:07:55.25][190.198.86.45][1151] SELECT c_asigna FROM dace004 WHERE exp_e='12-22820485' AND c_asigna='311320' AND status IN ('0','3','B','C') [1][0] OK
C:[04/08/2014 17:07:55.25][190.198.86.45][1151] SELECT c_asigna FROM dace004 WHERE exp_e='12-22820485' AND c_asigna='300013' AND status IN ('0','3','B','C') [1][0] OK
C:[04/08/2014 17:07:55.25][190.198.86.45][1151] SELECT c_asigna FROM dace004 WHERE exp_e='12-22820485' AND c_asigna='300113' AND status IN ('0','3','B','C') [1][0] OK
C:[04/08/2014 17:07:55.25][190.198.86.45][1151] SELECT c_asigna FROM dace004 WHERE exp_e='12-22820485' AND c_asigna='300222' AND status IN ('0','3','B','C') [1][0] OK
C:[04/08/2014 17:07:55.25][190.198.86.45][1151] SELECT c_asigna FROM dace004 WHERE exp_e='12-22820485' AND c_asigna='300226' AND status IN ('0','3','B','C') [1][0] OK
C:[04/08/2014 17:07:55.25][190.198.86.45][1151] SELECT c_asigna FROM dace004 WHERE exp_e='12-22820485' AND c_asigna='300209' AND status IN ('0','3','B','C') [1][0] OK
C:[04/08/2014 17:07:55.18][190.198.86.45][1182] SELECT par_cod_asig1,par_cod_asig2,par_cod_asig3 FROM tblaca009 WHERE pensum='5' AND c_uni_ca='3' AND c_asigna='300428' [1][0] OK
C:[04/08/2014 17:07:55.18][190.198.86.45][1182] SELECT par_cod_asig1,par_cod_asig2,par_cod_asig3 FROM tblaca009 WHERE pensum='5' AND c_uni_ca='3' AND c_asigna='311430' [1][0] OK
C:[04/08/2014 17:07:55.18][190.198.86.45][1182] SELECT par_cod_asig1,par_cod_asig2,par_cod_asig3 FROM tblaca009 WHERE pensum='5' AND c_uni_ca='3' AND c_asigna='311431' [1][0] OK
C:[04/08/2014 17:07:55.18][190.198.86.45][1196] SELECT c_asigna FROM dace004 WHERE exp_e='12-22820485' AND c_asigna='311430' AND status IN ('0','3','B','C') [0][0] OK
C:[04/08/2014 17:07:56.70][190.198.86.45][1312] SELECT horas_lab FROM tblaca008 WHERE c_asigna='300428' AND horas_teoricas > 0 [1][0] OK
C:[04/08/2014 17:07:56.70][190.198.86.45][1312] SELECT horas_lab FROM tblaca008 WHERE c_asigna='311430' AND horas_teoricas > 0 [1][0] OK
C:[04/08/2014 17:07:56.70][190.198.86.45][1312] SELECT horas_lab FROM tblaca008 WHERE c_asigna='311431' AND horas_teoricas > 0 [1][0] OK
C:[04/08/2014 17:09:02.89][190.198.86.45][1138] SELECT pre_cod_asig1,pre_cod_asig2,pre_cod_asig3,pre_cod_asig4,pre_cod_asig5,pre_cod_asig6,pre_cod_asig7 FROM tblaca009 WHERE pensum='5' AND c_uni_ca='3' AND c_asigna='311673' [1][0] OK
C:[04/08/2014 17:09:02.89][190.198.86.45][1151] SELECT c_asigna FROM dace004 WHERE exp_e='11-20808171' AND c_asigna='311551' AND status IN ('0','3','B','C') [1][0] OK
C:[04/08/2014 17:09:02.89][190.198.86.45][1151] SELECT c_asigna FROM dace004 WHERE exp_e='11-20808171' AND c_asigna='311554' AND status IN ('0','3','B','C') [1][0] OK
C:[04/08/2014 17:09:02.89][190.198.86.45][1151] SELECT c_asigna FROM dace004 WHERE exp_e='11-20808171' AND c_asigna='311320' AND status IN ('0','3','B','C') [1][0] OK
C:[04/08/2014 17:09:02.89][190.198.86.45][1138] SELECT pre_cod_asig1,pre_cod_asig2,pre_cod_asig3,pre_cod_asig4,pre_cod_asig5,pre_cod_asig6,pre_cod_asig7 FROM tblaca009 WHERE pensum='5' AND c_uni_ca='3' AND c_asigna='311674' [1][0] OK
C:[04/08/2014 17:09:02.89][190.198.86.45][1151] SELECT c_asigna FROM dace004 WHERE exp_e='11-20808171' AND c_asigna='310548' AND status IN ('0','3','B','C') [1][0] OK
C:[04/08/2014 17:09:02.89][190.198.86.45][1151] SELECT c_asigna FROM dace004 WHERE exp_e='11-20808171' AND c_asigna='311551' AND status IN ('0','3','B','C') [1][0] OK
C:[04/08/2014 17:09:02.89][190.198.86.45][1151] SELECT c_asigna FROM dace004 WHERE exp_e='11-20808171' AND c_asigna='311320' AND status IN ('0','3','B','C') [1][0] OK
C:[04/08/2014 17:09:02.89][190.198.86.45][1138] SELECT pre_cod_asig1,pre_cod_asig2,pre_cod_asig3,pre_cod_asig4,pre_cod_asig5,pre_cod_asig6,pre_cod_asig7 FROM tblaca009 WHERE pensum='5' AND c_uni_ca='3' AND c_asigna='315671' [1][0] OK
C:[04/08/2014 17:09:02.89][190.198.86.45][1151] SELECT c_asigna FROM dace004 WHERE exp_e='11-20808171' AND c_asigna='315552' AND status IN ('0','3','B','C') [1][0] OK
C:[04/08/2014 17:09:02.39][190.198.86.45][1182] SELECT par_cod_asig1,par_cod_asig2,par_cod_asig3 FROM tblaca009 WHERE pensum='5' AND c_uni_ca='3' AND c_asigna='311673' [1][0] OK
C:[04/08/2014 17:09:02.39][190.198.86.45][1182] SELECT par_cod_asig1,par_cod_asig2,par_cod_asig3 FROM tblaca009 WHERE pensum='5' AND c_uni_ca='3' AND c_asigna='311674' [1][0] OK
C:[04/08/2014 17:09:02.39][190.198.86.45][1182] SELECT par_cod_asig1,par_cod_asig2,par_cod_asig3 FROM tblaca009 WHERE pensum='5' AND c_uni_ca='3' AND c_asigna='315671' [1][0] OK
C:[04/08/2014 17:09:02.78][190.198.86.45][1312] SELECT horas_lab FROM tblaca008 WHERE c_asigna='311673' AND horas_teoricas > 0 [1][0] OK
C:[04/08/2014 17:09:02.78][190.198.86.45][1312] SELECT horas_lab FROM tblaca008 WHERE c_asigna='311674' AND horas_teoricas > 0 [1][0] OK
C:[04/08/2014 17:09:02.78][190.198.86.45][1312] SELECT horas_lab FROM tblaca008 WHERE c_asigna='315671' AND horas_teoricas > 0 [1][0] OK
C:[04/08/2014 17:09:08.49][186.167.243.7][1138] SELECT pre_cod_asig1,pre_cod_asig2,pre_cod_asig3,pre_cod_asig4,pre_cod_asig5,pre_cod_asig6,pre_cod_asig7 FROM tblaca009 WHERE pensum='5' AND c_uni_ca='5' AND c_asigna='300101' [1][0] OK
C:[04/08/2014 17:09:08.61][186.167.243.7][1182] SELECT par_cod_asig1,par_cod_asig2,par_cod_asig3 FROM tblaca009 WHERE pensum='5' AND c_uni_ca='5' AND c_asigna='300101' [1][0] OK
C:[04/08/2014 17:09:08.75][186.167.243.7][1312] SELECT horas_lab FROM tblaca008 WHERE c_asigna='300101' AND horas_teoricas > 0 [1][0] OK
C:[04/08/2014 17:15:22.86][190.200.26.150][1138] SELECT pre_cod_asig1,pre_cod_asig2,pre_cod_asig3,pre_cod_asig4,pre_cod_asig5,pre_cod_asig6,pre_cod_asig7 FROM tblaca009 WHERE pensum='5' AND c_uni_ca='2' AND c_asigna='300101' [1][0] OK
C:[04/08/2014 17:15:22.86][190.200.26.150][1138] SELECT pre_cod_asig1,pre_cod_asig2,pre_cod_asig3,pre_cod_asig4,pre_cod_asig5,pre_cod_asig6,pre_cod_asig7 FROM tblaca009 WHERE pensum='5' AND c_uni_ca='2' AND c_asigna='300105' [1][0] OK
C:[04/08/2014 17:15:22.86][190.200.26.150][1138] SELECT pre_cod_asig1,pre_cod_asig2,pre_cod_asig3,pre_cod_asig4,pre_cod_asig5,pre_cod_asig6,pre_cod_asig7 FROM tblaca009 WHERE pensum='5' AND c_uni_ca='2' AND c_asigna='300013' [1][0] OK
C:[04/08/2014 17:15:22.44][190.200.26.150][1182] SELECT par_cod_asig1,par_cod_asig2,par_cod_asig3 FROM tblaca009 WHERE pensum='5' AND c_uni_ca='2' AND c_asigna='300101' [1][0] OK
C:[04/08/2014 17:15:22.44][190.200.26.150][1182] SELECT par_cod_asig1,par_cod_asig2,par_cod_asig3 FROM tblaca009 WHERE pensum='5' AND c_uni_ca='2' AND c_asigna='300105' [1][0] OK
C:[04/08/2014 17:15:22.44][190.200.26.150][1182] SELECT par_cod_asig1,par_cod_asig2,par_cod_asig3 FROM tblaca009 WHERE pensum='5' AND c_uni_ca='2' AND c_asigna='300013' [1][0] OK
C:[04/08/2014 17:15:22.82][190.200.26.150][1312] SELECT horas_lab FROM tblaca008 WHERE c_asigna='300101' AND horas_teoricas > 0 [1][0] OK
C:[04/08/2014 17:15:22.82][190.200.26.150][1312] SELECT horas_lab FROM tblaca008 WHERE c_asigna='300105' AND horas_teoricas > 0 [1][0] OK
C:[04/08/2014 17:15:22.82][190.200.26.150][1312] SELECT horas_lab FROM tblaca008 WHERE c_asigna='300013' AND horas_teoricas > 0 [1][0] OK
C:[04/08/2014 17:28:04.84][186.95.80.114][1138] SELECT pre_cod_asig1,pre_cod_asig2,pre_cod_asig3,pre_cod_asig4,pre_cod_asig5,pre_cod_asig6,pre_cod_asig7 FROM tblaca009 WHERE pensum='5' AND c_uni_ca='6' AND c_asigna='342436' [1][0] OK
C:[04/08/2014 17:28:04.84][186.95.80.114][1151] SELECT c_asigna FROM dace004 WHERE exp_e='05-18917503' AND c_asigna='300318' AND status IN ('0','3','B','C') [1][0] OK
C:[04/08/2014 17:28:04.84][186.95.80.114][1151] SELECT c_asigna FROM dace004 WHERE exp_e='05-18917503' AND c_asigna='300317' AND status IN ('0','3','B','C') [1][0] OK
C:[04/08/2014 17:28:04.84][186.95.80.114][1138] SELECT pre_cod_asig1,pre_cod_asig2,pre_cod_asig3,pre_cod_asig4,pre_cod_asig5,pre_cod_asig6,pre_cod_asig7 FROM tblaca009 WHERE pensum='5' AND c_uni_ca='6' AND c_asigna='342444' [1][0] OK
C:[04/08/2014 17:28:04.84][186.95.80.114][1151] SELECT c_asigna FROM dace004 WHERE exp_e='05-18917503' AND c_asigna='340323' AND status IN ('0','3','B','C') [1][0] OK
C:[04/08/2014 17:28:04.15][186.95.80.114][1182] SELECT par_cod_asig1,par_cod_asig2,par_cod_asig3 FROM tblaca009 WHERE pensum='5' AND c_uni_ca='6' AND c_asigna='342436' [1][0] OK
C:[04/08/2014 17:28:04.15][186.95.80.114][1182] SELECT par_cod_asig1,par_cod_asig2,par_cod_asig3 FROM tblaca009 WHERE pensum='5' AND c_uni_ca='6' AND c_asigna='342444' [1][0] OK
C:[04/08/2014 17:28:04.42][186.95.80.114][1312] SELECT horas_lab FROM tblaca008 WHERE c_asigna='342436' AND horas_teoricas > 0 [1][0] OK
C:[04/08/2014 17:28:04.42][186.95.80.114][1312] SELECT horas_lab FROM tblaca008 WHERE c_asigna='342444' AND horas_teoricas > 0 [1][0] OK
C:[04/08/2014 17:40:33.80][190.79.8.13][1138] SELECT pre_cod_asig1,pre_cod_asig2,pre_cod_asig3,pre_cod_asig4,pre_cod_asig5,pre_cod_asig6,pre_cod_asig7 FROM tblaca009 WHERE pensum='5' AND c_uni_ca='6' AND c_asigna='311561' [1][0] OK
C:[04/08/2014 17:40:33.80][190.79.8.13][1151] SELECT c_asigna FROM dace004 WHERE exp_e='04-16395082' AND c_asigna='300318' AND status IN ('0','3','B','C') [1][0] OK
C:[04/08/2014 17:40:33.30][190.79.8.13][1182] SELECT par_cod_asig1,par_cod_asig2,par_cod_asig3 FROM tblaca009 WHERE pensum='5' AND c_uni_ca='6' AND c_asigna='311561' [1][0] OK
C:[04/08/2014 17:40:33.43][190.79.8.13][1312] SELECT horas_lab FROM tblaca008 WHERE c_asigna='311561' AND horas_teoricas > 0 [1][0] OK
C:[04/08/2014 17:40:49.92][201.238.5.206][1138] SELECT pre_cod_asig1,pre_cod_asig2,pre_cod_asig3,pre_cod_asig4,pre_cod_asig5,pre_cod_asig6,pre_cod_asig7 FROM tblaca009 WHERE pensum='5' AND c_uni_ca='5' AND c_asigna='300317' [1][0] OK
C:[04/08/2014 17:40:49.92][201.238.5.206][1151] SELECT c_asigna FROM dace004 WHERE exp_e='12-24578143' AND c_asigna='300207' AND status IN ('0','3','B','C') [1][0] OK
C:[04/08/2014 17:40:49.92][201.238.5.206][1151] SELECT c_asigna FROM dace004 WHERE exp_e='12-24578143' AND c_asigna='300209' AND status IN ('0','3','B','C') [1][0] OK
C:[04/08/2014 17:40:49.92][201.238.5.206][1138] SELECT pre_cod_asig1,pre_cod_asig2,pre_cod_asig3,pre_cod_asig4,pre_cod_asig5,pre_cod_asig6,pre_cod_asig7 FROM tblaca009 WHERE pensum='5' AND c_uni_ca='5' AND c_asigna='300318' [1][0] OK
C:[04/08/2014 17:40:49.92][201.238.5.206][1151] SELECT c_asigna FROM dace004 WHERE exp_e='12-24578143' AND c_asigna='300228' AND status IN ('0','3','B','C') [1][0] OK
C:[04/08/2014 17:40:49.92][201.238.5.206][1151] SELECT c_asigna FROM dace004 WHERE exp_e='12-24578143' AND c_asigna='300207' AND status IN ('0','3','B','C') [1][0] OK
C:[04/08/2014 17:40:49.92][201.238.5.206][1151] SELECT c_asigna FROM dace004 WHERE exp_e='12-24578143' AND c_asigna='300218' AND status IN ('0','3','B','C') [1][0] OK
C:[04/08/2014 17:40:49.92][201.238.5.206][1138] SELECT pre_cod_asig1,pre_cod_asig2,pre_cod_asig3,pre_cod_asig4,pre_cod_asig5,pre_cod_asig6,pre_cod_asig7 FROM tblaca009 WHERE pensum='5' AND c_uni_ca='5' AND c_asigna='351330' [1][0] OK
C:[04/08/2014 17:40:49.92][201.238.5.206][1151] SELECT c_asigna FROM dace004 WHERE exp_e='12-24578143' AND c_asigna='300218' AND status IN ('0','3','B','C') [1][0] OK
C:[04/08/2014 17:40:49.29][201.238.5.206][1182] SELECT par_cod_asig1,par_cod_asig2,par_cod_asig3 FROM tblaca009 WHERE pensum='5' AND c_uni_ca='5' AND c_asigna='300317' [1][0] OK
C:[04/08/2014 17:40:49.29][201.238.5.206][1182] SELECT par_cod_asig1,par_cod_asig2,par_cod_asig3 FROM tblaca009 WHERE pensum='5' AND c_uni_ca='5' AND c_asigna='300318' [1][0] OK
C:[04/08/2014 17:40:49.29][201.238.5.206][1182] SELECT par_cod_asig1,par_cod_asig2,par_cod_asig3 FROM tblaca009 WHERE pensum='5' AND c_uni_ca='5' AND c_asigna='351330' [1][0] OK
C:[04/08/2014 17:40:49.29][201.238.5.206][1196] SELECT c_asigna FROM dace004 WHERE exp_e='12-24578143' AND c_asigna='300318' AND status IN ('0','3','B','C') [0][0] OK
C:[04/08/2014 17:40:49.29][201.238.5.206][1196] SELECT c_asigna FROM dace004 WHERE exp_e='12-24578143' AND c_asigna='300317' AND status IN ('0','3','B','C') [0][0] OK
C:[04/08/2014 17:40:49.94][201.238.5.206][1312] SELECT horas_lab FROM tblaca008 WHERE c_asigna='300317' AND horas_teoricas > 0 [1][0] OK
C:[04/08/2014 17:40:49.94][201.238.5.206][1312] SELECT horas_lab FROM tblaca008 WHERE c_asigna='300318' AND horas_teoricas > 0 [1][0] OK
C:[04/08/2014 17:40:49.94][201.238.5.206][1312] SELECT horas_lab FROM tblaca008 WHERE c_asigna='351330' AND horas_teoricas > 0 [1][0] OK
C:[04/08/2014 17:43:00.72][181.183.118.159][1138] SELECT pre_cod_asig1,pre_cod_asig2,pre_cod_asig3,pre_cod_asig4,pre_cod_asig5,pre_cod_asig6,pre_cod_asig7 FROM tblaca009 WHERE pensum='5' AND c_uni_ca='2' AND c_asigna='322605' [1][0] OK
C:[04/08/2014 17:43:00.72][181.183.118.159][1151] SELECT c_asigna FROM dace004 WHERE exp_e='11-20701851' AND c_asigna='322436' AND status IN ('0','3','B','C') [1][0] OK
C:[04/08/2014 17:43:00.72][181.183.118.159][1138] SELECT pre_cod_asig1,pre_cod_asig2,pre_cod_asig3,pre_cod_asig4,pre_cod_asig5,pre_cod_asig6,pre_cod_asig7 FROM tblaca009 WHERE pensum='5' AND c_uni_ca='2' AND c_asigna='322703' [1][0] OK
C:[04/08/2014 17:43:00.72][181.183.118.159][1151] SELECT c_asigna FROM dace004 WHERE exp_e='11-20701851' AND c_asigna='322669' AND status IN ('0','3','B','C') [1][0] OK
C:[04/08/2014 17:43:00.48][181.183.118.159][1182] SELECT par_cod_asig1,par_cod_asig2,par_cod_asig3 FROM tblaca009 WHERE pensum='5' AND c_uni_ca='2' AND c_asigna='322605' [1][0] OK
C:[04/08/2014 17:43:00.48][181.183.118.159][1182] SELECT par_cod_asig1,par_cod_asig2,par_cod_asig3 FROM tblaca009 WHERE pensum='5' AND c_uni_ca='2' AND c_asigna='322703' [1][0] OK
C:[04/08/2014 17:43:00.73][181.183.118.159][1312] SELECT horas_lab FROM tblaca008 WHERE c_asigna='322605' AND horas_teoricas > 0 [1][0] OK
C:[04/08/2014 17:43:00.73][181.183.118.159][1312] SELECT horas_lab FROM tblaca008 WHERE c_asigna='322703' AND horas_teoricas > 0 [1][0] OK
C:[04/08/2014 17:46:22.69][190.74.187.237][1138] SELECT pre_cod_asig1,pre_cod_asig2,pre_cod_asig3,pre_cod_asig4,pre_cod_asig5,pre_cod_asig6,pre_cod_asig7 FROM tblaca009 WHERE pensum='5' AND c_uni_ca='3' AND c_asigna='315671' [1][0] OK
C:[04/08/2014 17:46:22.69][190.74.187.237][1151] SELECT c_asigna FROM dace004 WHERE exp_e='09-21087869' AND c_asigna='315552' AND status IN ('0','3','B','C') [1][0] OK
C:[04/08/2014 17:46:22.69][190.74.187.237][1138] SELECT pre_cod_asig1,pre_cod_asig2,pre_cod_asig3,pre_cod_asig4,pre_cod_asig5,pre_cod_asig6,pre_cod_asig7 FROM tblaca009 WHERE pensum='5' AND c_uni_ca='3' AND c_asigna='311674' [1][0] OK
C:[04/08/2014 17:46:22.69][190.74.187.237][1151] SELECT c_asigna FROM dace004 WHERE exp_e='09-21087869' AND c_asigna='310548' AND status IN ('0','3','B','C') [1][0] OK
C:[04/08/2014 17:46:22.69][190.74.187.237][1151] SELECT c_asigna FROM dace004 WHERE exp_e='09-21087869' AND c_asigna='311551' AND status IN ('0','3','B','C') [1][0] OK
C:[04/08/2014 17:46:22.69][190.74.187.237][1151] SELECT c_asigna FROM dace004 WHERE exp_e='09-21087869' AND c_asigna='311320' AND status IN ('0','3','B','C') [1][0] OK
C:[04/08/2014 17:46:22.69][190.74.187.237][1182] SELECT par_cod_asig1,par_cod_asig2,par_cod_asig3 FROM tblaca009 WHERE pensum='5' AND c_uni_ca='3' AND c_asigna='315671' [1][0] OK
C:[04/08/2014 17:46:22.69][190.74.187.237][1182] SELECT par_cod_asig1,par_cod_asig2,par_cod_asig3 FROM tblaca009 WHERE pensum='5' AND c_uni_ca='3' AND c_asigna='311674' [1][0] OK
C:[04/08/2014 17:46:23.96][190.74.187.237][1312] SELECT horas_lab FROM tblaca008 WHERE c_asigna='315671' AND horas_teoricas > 0 [1][0] OK
C:[04/08/2014 17:46:23.96][190.74.187.237][1312] SELECT horas_lab FROM tblaca008 WHERE c_asigna='311674' AND horas_teoricas > 0 [1][0] OK
C:[04/08/2014 17:46:41.84][190.37.211.188][1138] SELECT pre_cod_asig1,pre_cod_asig2,pre_cod_asig3,pre_cod_asig4,pre_cod_asig5,pre_cod_asig6,pre_cod_asig7 FROM tblaca009 WHERE pensum='5' AND c_uni_ca='5' AND c_asigna='355691' [1][0] OK
C:[04/08/2014 17:46:41.84][190.37.211.188][1151] SELECT c_asigna FROM dace004 WHERE exp_e='09-22820562' AND c_asigna='355571' AND status IN ('0','3','B','C') [1][0] OK
C:[04/08/2014 17:46:41.84][190.37.211.188][1138] SELECT pre_cod_asig1,pre_cod_asig2,pre_cod_asig3,pre_cod_asig4,pre_cod_asig5,pre_cod_asig6,pre_cod_asig7 FROM tblaca009 WHERE pensum='5' AND c_uni_ca='5' AND c_asigna='355692' [1][0] OK
C:[04/08/2014 17:46:41.84][190.37.211.188][1151] SELECT c_asigna FROM dace004 WHERE exp_e='09-22820562' AND c_asigna='355448' AND status IN ('0','3','B','C') [1][0] OK
C:[04/08/2014 17:46:41.84][190.37.211.188][1151] SELECT c_asigna FROM dace004 WHERE exp_e='09-22820562' AND c_asigna='355570' AND status IN ('0','3','B','C') [1][0] OK
C:[04/08/2014 17:46:41.84][190.37.211.188][1138] SELECT pre_cod_asig1,pre_cod_asig2,pre_cod_asig3,pre_cod_asig4,pre_cod_asig5,pre_cod_asig6,pre_cod_asig7 FROM tblaca009 WHERE pensum='5' AND c_uni_ca='5' AND c_asigna='355693' [1][0] OK
C:[04/08/2014 17:46:41.84][190.37.211.188][1151] SELECT c_asigna FROM dace004 WHERE exp_e='09-22820562' AND c_asigna='355572' AND status IN ('0','3','B','C') [1][0] OK
C:[04/08/2014 17:46:41.84][190.37.211.188][1151] SELECT c_asigna FROM dace004 WHERE exp_e='09-22820562' AND c_asigna='352440' AND status IN ('0','3','B','C') [1][0] OK
C:[04/08/2014 17:46:41.84][190.37.211.188][1151] SELECT c_asigna FROM dace004 WHERE exp_e='09-22820562' AND c_asigna='355573' AND status IN ('0','3','B','C') [1][0] OK
C:[04/08/2014 17:46:41.84][190.37.211.188][1151] SELECT c_asigna FROM dace004 WHERE exp_e='09-22820562' AND c_asigna='300226' AND status IN ('0','3','B','C') [1][0] OK
C:[04/08/2014 17:46:41.84][190.37.211.188][1151] SELECT c_asigna FROM dace004 WHERE exp_e='09-22820562' AND c_asigna='300222' AND status IN ('0','3','B','C') [1][0] OK
C:[04/08/2014 17:46:41.84][190.37.211.188][1151] SELECT c_asigna FROM dace004 WHERE exp_e='09-22820562' AND c_asigna='300013' AND status IN ('0','3','B','C') [1][0] OK
C:[04/08/2014 17:46:41.84][190.37.211.188][1151] SELECT c_asigna FROM dace004 WHERE exp_e='09-22820562' AND c_asigna='300113' AND status IN ('0','3','B','C') [1][0] OK
C:[04/08/2014 17:46:42.71][190.37.211.188][1182] SELECT par_cod_asig1,par_cod_asig2,par_cod_asig3 FROM tblaca009 WHERE pensum='5' AND c_uni_ca='5' AND c_asigna='355691' [1][0] OK
C:[04/08/2014 17:46:42.71][190.37.211.188][1182] SELECT par_cod_asig1,par_cod_asig2,par_cod_asig3 FROM tblaca009 WHERE pensum='5' AND c_uni_ca='5' AND c_asigna='355692' [1][0] OK
C:[04/08/2014 17:46:42.71][190.37.211.188][1182] SELECT par_cod_asig1,par_cod_asig2,par_cod_asig3 FROM tblaca009 WHERE pensum='5' AND c_uni_ca='5' AND c_asigna='355693' [1][0] OK
C:[04/08/2014 17:46:42.11][190.37.211.188][1312] SELECT horas_lab FROM tblaca008 WHERE c_asigna='355691' AND horas_teoricas > 0 [1][0] OK
C:[04/08/2014 17:46:42.11][190.37.211.188][1312] SELECT horas_lab FROM tblaca008 WHERE c_asigna='355692' AND horas_teoricas > 0 [1][0] OK
C:[04/08/2014 17:46:42.11][190.37.211.188][1312] SELECT horas_lab FROM tblaca008 WHERE c_asigna='355693' AND horas_teoricas > 0 [1][0] OK
C:[04/08/2014 17:50:28.91][200.84.64.50][1138] SELECT pre_cod_asig1,pre_cod_asig2,pre_cod_asig3,pre_cod_asig4,pre_cod_asig5,pre_cod_asig6,pre_cod_asig7 FROM tblaca009 WHERE pensum='5' AND c_uni_ca='3' AND c_asigna='300317' [1][0] OK
C:[04/08/2014 17:50:28.91][200.84.64.50][1151] SELECT c_asigna FROM dace004 WHERE exp_e='11-21497120' AND c_asigna='300207' AND status IN ('0','3','B','C') [1][0] OK
C:[04/08/2014 17:50:28.91][200.84.64.50][1151] SELECT c_asigna FROM dace004 WHERE exp_e='11-21497120' AND c_asigna='300209' AND status IN ('0','3','B','C') [1][0] OK
C:[04/08/2014 17:50:28.91][200.84.64.50][1138] SELECT pre_cod_asig1,pre_cod_asig2,pre_cod_asig3,pre_cod_asig4,pre_cod_asig5,pre_cod_asig6,pre_cod_asig7 FROM tblaca009 WHERE pensum='5' AND c_uni_ca='3' AND c_asigna='300318' [1][0] OK
C:[04/08/2014 17:50:28.91][200.84.64.50][1151] SELECT c_asigna FROM dace004 WHERE exp_e='11-21497120' AND c_asigna='300228' AND status IN ('0','3','B','C') [1][0] OK
C:[04/08/2014 17:50:28.91][200.84.64.50][1151] SELECT c_asigna FROM dace004 WHERE exp_e='11-21497120' AND c_asigna='300207' AND status IN ('0','3','B','C') [1][0] OK
C:[04/08/2014 17:50:28.91][200.84.64.50][1151] SELECT c_asigna FROM dace004 WHERE exp_e='11-21497120' AND c_asigna='300218' AND status IN ('0','3','B','C') [1][0] OK
C:[04/08/2014 17:50:29.47][200.84.64.50][1182] SELECT par_cod_asig1,par_cod_asig2,par_cod_asig3 FROM tblaca009 WHERE pensum='5' AND c_uni_ca='3' AND c_asigna='300317' [1][0] OK
C:[04/08/2014 17:50:29.47][200.84.64.50][1182] SELECT par_cod_asig1,par_cod_asig2,par_cod_asig3 FROM tblaca009 WHERE pensum='5' AND c_uni_ca='3' AND c_asigna='300318' [1][0] OK
C:[04/08/2014 17:50:29.73][200.84.64.50][1312] SELECT horas_lab FROM tblaca008 WHERE c_asigna='300317' AND horas_teoricas > 0 [1][0] OK
C:[04/08/2014 17:50:29.73][200.84.64.50][1312] SELECT horas_lab FROM tblaca008 WHERE c_asigna='300318' AND horas_teoricas > 0 [1][0] OK
C:[04/08/2014 17:54:35.67][186.167.243.38][1138] SELECT pre_cod_asig1,pre_cod_asig2,pre_cod_asig3,pre_cod_asig4,pre_cod_asig5,pre_cod_asig6,pre_cod_asig7 FROM tblaca009 WHERE pensum='5' AND c_uni_ca='3' AND c_asigna='300870' [1][0] OK
C:[04/08/2014 17:54:35.67][186.167.243.38][1138] SELECT pre_cod_asig1,pre_cod_asig2,pre_cod_asig3,pre_cod_asig4,pre_cod_asig5,pre_cod_asig6,pre_cod_asig7 FROM tblaca009 WHERE pensum='5' AND c_uni_ca='3' AND c_asigna='311100' [1][0] OK
C:[04/08/2014 17:54:35.67][186.167.243.38][1138] SELECT pre_cod_asig1,pre_cod_asig2,pre_cod_asig3,pre_cod_asig4,pre_cod_asig5,pre_cod_asig6,pre_cod_asig7 FROM tblaca009 WHERE pensum='5' AND c_uni_ca='3' AND c_asigna='311986' [1][0] OK
C:[04/08/2014 17:54:35.67][186.167.243.38][1151] SELECT c_asigna FROM dace004 WHERE exp_e='08-20300715' AND c_asigna='311825' AND status IN ('0','3','B','C') [1][0] OK
C:[04/08/2014 17:54:35.42][186.167.243.38][1182] SELECT par_cod_asig1,par_cod_asig2,par_cod_asig3 FROM tblaca009 WHERE pensum='5' AND c_uni_ca='3' AND c_asigna='300870' [1][0] OK
C:[04/08/2014 17:54:35.42][186.167.243.38][1182] SELECT par_cod_asig1,par_cod_asig2,par_cod_asig3 FROM tblaca009 WHERE pensum='5' AND c_uni_ca='3' AND c_asigna='311100' [1][0] OK
C:[04/08/2014 17:54:35.42][186.167.243.38][1182] SELECT par_cod_asig1,par_cod_asig2,par_cod_asig3 FROM tblaca009 WHERE pensum='5' AND c_uni_ca='3' AND c_asigna='311986' [1][0] OK
C:[04/08/2014 17:54:35.81][186.167.243.38][1312] SELECT horas_lab FROM tblaca008 WHERE c_asigna='300870' AND horas_teoricas > 0 [1][0] OK
C:[04/08/2014 17:54:35.81][186.167.243.38][1312] SELECT horas_lab FROM tblaca008 WHERE c_asigna='311100' AND horas_teoricas > 0 [1][0] OK
C:[04/08/2014 17:54:35.81][186.167.243.38][1312] SELECT horas_lab FROM tblaca008 WHERE c_asigna='311986' AND horas_teoricas > 0 [1][0] OK
C:[04/08/2014 18:01:20.04][190.78.183.213][1138] SELECT pre_cod_asig1,pre_cod_asig2,pre_cod_asig3,pre_cod_asig4,pre_cod_asig5,pre_cod_asig6,pre_cod_asig7 FROM tblaca009 WHERE pensum='5' AND c_uni_ca='4' AND c_asigna='333639' [1][0] OK
C:[04/08/2014 18:01:20.04][190.78.183.213][1151] SELECT c_asigna FROM dace004 WHERE exp_e='07-18386626' AND c_asigna='333585' AND status IN ('0','3','B','C') [1][0] OK
C:[04/08/2014 18:01:20.04][190.78.183.213][1138] SELECT pre_cod_asig1,pre_cod_asig2,pre_cod_asig3,pre_cod_asig4,pre_cod_asig5,pre_cod_asig6,pre_cod_asig7 FROM tblaca009 WHERE pensum='5' AND c_uni_ca='4' AND c_asigna='333782' [1][0] OK
C:[04/08/2014 18:01:20.04][190.78.183.213][1151] SELECT c_asigna FROM dace004 WHERE exp_e='07-18386626' AND c_asigna='333606' AND status IN ('0','3','B','C') [1][0] OK
C:[04/08/2014 18:01:20.04][190.78.183.213][1138] SELECT pre_cod_asig1,pre_cod_asig2,pre_cod_asig3,pre_cod_asig4,pre_cod_asig5,pre_cod_asig6,pre_cod_asig7 FROM tblaca009 WHERE pensum='5' AND c_uni_ca='4' AND c_asigna='333710' [1][0] OK
C:[04/08/2014 18:01:20.04][190.78.183.213][1151] SELECT c_asigna FROM dace004 WHERE exp_e='07-18386626' AND c_asigna='333683' AND status IN ('0','3','B','C') [1][0] OK
C:[04/08/2014 18:01:20.04][190.78.183.213][1151] SELECT c_asigna FROM dace004 WHERE exp_e='07-18386626' AND c_asigna='333606' AND status IN ('0','3','B','C') [1][0] OK
C:[04/08/2014 18:01:20.16][190.78.183.213][1182] SELECT par_cod_asig1,par_cod_asig2,par_cod_asig3 FROM tblaca009 WHERE pensum='5' AND c_uni_ca='4' AND c_asigna='333639' [1][0] OK
C:[04/08/2014 18:01:20.16][190.78.183.213][1182] SELECT par_cod_asig1,par_cod_asig2,par_cod_asig3 FROM tblaca009 WHERE pensum='5' AND c_uni_ca='4' AND c_asigna='333782' [1][0] OK
C:[04/08/2014 18:01:20.16][190.78.183.213][1182] SELECT par_cod_asig1,par_cod_asig2,par_cod_asig3 FROM tblaca009 WHERE pensum='5' AND c_uni_ca='4' AND c_asigna='333710' [1][0] OK
C:[04/08/2014 18:01:20.16][190.78.183.213][1196] SELECT c_asigna FROM dace004 WHERE exp_e='07-18386626' AND c_asigna='333782' AND status IN ('0','3','B','C') [0][0] OK
C:[04/08/2014 18:01:20.67][190.78.183.213][1312] SELECT horas_lab FROM tblaca008 WHERE c_asigna='333639' AND horas_teoricas > 0 [1][0] OK
C:[04/08/2014 18:01:20.67][190.78.183.213][1312] SELECT horas_lab FROM tblaca008 WHERE c_asigna='333782' AND horas_teoricas > 0 [1][0] OK
C:[04/08/2014 18:01:20.67][190.78.183.213][1312] SELECT horas_lab FROM tblaca008 WHERE c_asigna='333710' AND horas_teoricas > 0 [1][0] OK
C:[04/08/2014 18:04:31.38][190.200.26.150][1138] SELECT pre_cod_asig1,pre_cod_asig2,pre_cod_asig3,pre_cod_asig4,pre_cod_asig5,pre_cod_asig6,pre_cod_asig7 FROM tblaca009 WHERE pensum='5' AND c_uni_ca='2' AND c_asigna='300101' [1][0] OK
C:[04/08/2014 18:04:31.38][190.200.26.150][1138] SELECT pre_cod_asig1,pre_cod_asig2,pre_cod_asig3,pre_cod_asig4,pre_cod_asig5,pre_cod_asig6,pre_cod_asig7 FROM tblaca009 WHERE pensum='5' AND c_uni_ca='2' AND c_asigna='300105' [1][0] OK
C:[04/08/2014 18:04:31.38][190.200.26.150][1138] SELECT pre_cod_asig1,pre_cod_asig2,pre_cod_asig3,pre_cod_asig4,pre_cod_asig5,pre_cod_asig6,pre_cod_asig7 FROM tblaca009 WHERE pensum='5' AND c_uni_ca='2' AND c_asigna='300013' [1][0] OK
C:[04/08/2014 18:04:31.02][190.200.26.150][1182] SELECT par_cod_asig1,par_cod_asig2,par_cod_asig3 FROM tblaca009 WHERE pensum='5' AND c_uni_ca='2' AND c_asigna='300101' [1][0] OK
C:[04/08/2014 18:04:31.02][190.200.26.150][1182] SELECT par_cod_asig1,par_cod_asig2,par_cod_asig3 FROM tblaca009 WHERE pensum='5' AND c_uni_ca='2' AND c_asigna='300105' [1][0] OK
C:[04/08/2014 18:04:31.02][190.200.26.150][1182] SELECT par_cod_asig1,par_cod_asig2,par_cod_asig3 FROM tblaca009 WHERE pensum='5' AND c_uni_ca='2' AND c_asigna='300013' [1][0] OK
C:[04/08/2014 18:04:31.40][190.200.26.150][1312] SELECT horas_lab FROM tblaca008 WHERE c_asigna='300101' AND horas_teoricas > 0 [1][0] OK
C:[04/08/2014 18:04:31.40][190.200.26.150][1312] SELECT horas_lab FROM tblaca008 WHERE c_asigna='300105' AND horas_teoricas > 0 [1][0] OK
C:[04/08/2014 18:04:31.40][190.200.26.150][1312] SELECT horas_lab FROM tblaca008 WHERE c_asigna='300013' AND horas_teoricas > 0 [1][0] OK
C:[04/08/2014 18:07:11.51][201.243.162.157][1138] SELECT pre_cod_asig1,pre_cod_asig2,pre_cod_asig3,pre_cod_asig4,pre_cod_asig5,pre_cod_asig6,pre_cod_asig7 FROM tblaca009 WHERE pensum='5' AND c_uni_ca='2' AND c_asigna='322782' [1][0] OK
C:[04/08/2014 18:07:11.51][201.243.162.157][1151] SELECT c_asigna FROM dace004 WHERE exp_e='10-20805073' AND c_asigna='322669' AND status IN ('0','3','B','C') [1][0] OK
C:[04/08/2014 18:07:11.51][201.243.162.157][1151] SELECT c_asigna FROM dace004 WHERE exp_e='10-20805073' AND c_asigna='322550' AND status IN ('0','3','B','C') [1][0] OK
C:[04/08/2014 18:07:11.51][201.243.162.157][1138] SELECT pre_cod_asig1,pre_cod_asig2,pre_cod_asig3,pre_cod_asig4,pre_cod_asig5,pre_cod_asig6,pre_cod_asig7 FROM tblaca009 WHERE pensum='5' AND c_uni_ca='2' AND c_asigna='322801' [1][0] OK
C:[04/08/2014 18:07:11.51][201.243.162.157][1151] SELECT c_asigna FROM dace004 WHERE exp_e='10-20805073' AND c_asigna='322780' AND status IN ('0','3','B','C') [1][0] OK
C:[04/08/2014 18:07:11.51][201.243.162.157][1151] SELECT c_asigna FROM dace004 WHERE exp_e='10-20805073' AND c_asigna='322605' AND status IN ('0','3','B','C') [1][0] OK
C:[04/08/2014 18:07:11.51][201.243.162.157][1138] SELECT pre_cod_asig1,pre_cod_asig2,pre_cod_asig3,pre_cod_asig4,pre_cod_asig5,pre_cod_asig6,pre_cod_asig7 FROM tblaca009 WHERE pensum='5' AND c_uni_ca='2' AND c_asigna='322826' [1][0] OK
C:[04/08/2014 18:07:11.51][201.243.162.157][1151] SELECT c_asigna FROM dace004 WHERE exp_e='10-20805073' AND c_asigna='322702' AND status IN ('0','3','B','C') [1][0] OK
C:[04/08/2014 18:07:11.76][201.243.162.157][1182] SELECT par_cod_asig1,par_cod_asig2,par_cod_asig3 FROM tblaca009 WHERE pensum='5' AND c_uni_ca='2' AND c_asigna='322782' [1][0] OK
C:[04/08/2014 18:07:11.76][201.243.162.157][1182] SELECT par_cod_asig1,par_cod_asig2,par_cod_asig3 FROM tblaca009 WHERE pensum='5' AND c_uni_ca='2' AND c_asigna='322801' [1][0] OK
C:[04/08/2014 18:07:11.76][201.243.162.157][1182] SELECT par_cod_asig1,par_cod_asig2,par_cod_asig3 FROM tblaca009 WHERE pensum='5' AND c_uni_ca='2' AND c_asigna='322826' [1][0] OK
C:[04/08/2014 18:07:11.15][201.243.162.157][1312] SELECT horas_lab FROM tblaca008 WHERE c_asigna='322782' AND horas_teoricas > 0 [1][0] OK
C:[04/08/2014 18:07:11.15][201.243.162.157][1312] SELECT horas_lab FROM tblaca008 WHERE c_asigna='322801' AND horas_teoricas > 0 [1][0] OK
C:[04/08/2014 18:07:11.15][201.243.162.157][1312] SELECT horas_lab FROM tblaca008 WHERE c_asigna='322826' AND horas_teoricas > 0 [1][0] OK
C:[04/08/2014 18:10:45.46][190.200.26.150][1138] SELECT pre_cod_asig1,pre_cod_asig2,pre_cod_asig3,pre_cod_asig4,pre_cod_asig5,pre_cod_asig6,pre_cod_asig7 FROM tblaca009 WHERE pensum='5' AND c_uni_ca='2' AND c_asigna='300101' [1][0] OK
C:[04/08/2014 18:10:45.46][190.200.26.150][1138] SELECT pre_cod_asig1,pre_cod_asig2,pre_cod_asig3,pre_cod_asig4,pre_cod_asig5,pre_cod_asig6,pre_cod_asig7 FROM tblaca009 WHERE pensum='5' AND c_uni_ca='2' AND c_asigna='300105' [1][0] OK
C:[04/08/2014 18:10:45.46][190.200.26.150][1138] SELECT pre_cod_asig1,pre_cod_asig2,pre_cod_asig3,pre_cod_asig4,pre_cod_asig5,pre_cod_asig6,pre_cod_asig7 FROM tblaca009 WHERE pensum='5' AND c_uni_ca='2' AND c_asigna='300013' [1][0] OK
C:[04/08/2014 18:10:45.52][190.200.26.150][1182] SELECT par_cod_asig1,par_cod_asig2,par_cod_asig3 FROM tblaca009 WHERE pensum='5' AND c_uni_ca='2' AND c_asigna='300101' [1][0] OK
C:[04/08/2014 18:10:45.52][190.200.26.150][1182] SELECT par_cod_asig1,par_cod_asig2,par_cod_asig3 FROM tblaca009 WHERE pensum='5' AND c_uni_ca='2' AND c_asigna='300105' [1][0] OK
C:[04/08/2014 18:10:45.52][190.200.26.150][1182] SELECT par_cod_asig1,par_cod_asig2,par_cod_asig3 FROM tblaca009 WHERE pensum='5' AND c_uni_ca='2' AND c_asigna='300013' [1][0] OK
C:[04/08/2014 18:10:46.47][190.200.26.150][1312] SELECT horas_lab FROM tblaca008 WHERE c_asigna='300101' AND horas_teoricas > 0 [1][0] OK
C:[04/08/2014 18:10:46.47][190.200.26.150][1312] SELECT horas_lab FROM tblaca008 WHERE c_asigna='300105' AND horas_teoricas > 0 [1][0] OK
C:[04/08/2014 18:10:46.47][190.200.26.150][1312] SELECT horas_lab FROM tblaca008 WHERE c_asigna='300013' AND horas_teoricas > 0 [1][0] OK
C:[04/08/2014 18:20:16.30][190.37.42.62][1138] SELECT pre_cod_asig1,pre_cod_asig2,pre_cod_asig3,pre_cod_asig4,pre_cod_asig5,pre_cod_asig6,pre_cod_asig7 FROM tblaca009 WHERE pensum='5' AND c_uni_ca='6' AND c_asigna='344566' [1][0] OK
C:[04/08/2014 18:20:16.30][190.37.42.62][1151] SELECT c_asigna FROM dace004 WHERE exp_e='07-19128542' AND c_asigna='344446' AND status IN ('0','3','B','C') [1][0] OK
C:[04/08/2014 18:20:16.30][190.37.42.62][1151] SELECT c_asigna FROM dace004 WHERE exp_e='07-19128542' AND c_asigna='300428' AND status IN ('0','3','B','C') [1][0] OK
C:[04/08/2014 18:20:16.30][190.37.42.62][1151] SELECT c_asigna FROM dace004 WHERE exp_e='07-19128542' AND c_asigna='300209' AND status IN ('0','3','B','C') [1][0] OK
C:[04/08/2014 18:20:16.30][190.37.42.62][1151] SELECT c_asigna FROM dace004 WHERE exp_e='07-19128542' AND c_asigna='300222' AND status IN ('0','3','B','C') [1][0] OK
C:[04/08/2014 18:20:16.30][190.37.42.62][1151] SELECT c_asigna FROM dace004 WHERE exp_e='07-19128542' AND c_asigna='300226' AND status IN ('0','3','B','C') [1][0] OK
C:[04/08/2014 18:20:16.30][190.37.42.62][1151] SELECT c_asigna FROM dace004 WHERE exp_e='07-19128542' AND c_asigna='300317' AND status IN ('0','3','B','C') [1][0] OK
C:[04/08/2014 18:20:16.30][190.37.42.62][1151] SELECT c_asigna FROM dace004 WHERE exp_e='07-19128542' AND c_asigna='300313' AND status IN ('0','3','B','C') [0][0] OK
C:[04/08/2014 18:20:16.30][190.37.42.62][1138] SELECT pre_cod_asig1,pre_cod_asig2,pre_cod_asig3,pre_cod_asig4,pre_cod_asig5,pre_cod_asig6,pre_cod_asig7 FROM tblaca009 WHERE pensum='5' AND c_uni_ca='6' AND c_asigna='344733' [1][0] OK
C:[04/08/2014 18:20:16.67][190.37.42.62][1182] SELECT par_cod_asig1,par_cod_asig2,par_cod_asig3 FROM tblaca009 WHERE pensum='5' AND c_uni_ca='6' AND c_asigna='344566' [1][0] OK
C:[04/08/2014 18:20:16.67][190.37.42.62][1182] SELECT par_cod_asig1,par_cod_asig2,par_cod_asig3 FROM tblaca009 WHERE pensum='5' AND c_uni_ca='6' AND c_asigna='344733' [1][0] OK
C:[04/08/2014 18:20:16.93][190.37.42.62][1312] SELECT horas_lab FROM tblaca008 WHERE c_asigna='344566' AND horas_teoricas > 0 [1][0] OK
C:[04/08/2014 18:20:16.93][190.37.42.62][1312] SELECT horas_lab FROM tblaca008 WHERE c_asigna='344733' AND horas_teoricas > 0 [1][0] OK
C:[04/08/2014 18:21:38.18][190.37.42.62][1138] SELECT pre_cod_asig1,pre_cod_asig2,pre_cod_asig3,pre_cod_asig4,pre_cod_asig5,pre_cod_asig6,pre_cod_asig7 FROM tblaca009 WHERE pensum='5' AND c_uni_ca='6' AND c_asigna='344733' [1][0] OK
C:[04/08/2014 18:21:38.57][190.37.42.62][1182] SELECT par_cod_asig1,par_cod_asig2,par_cod_asig3 FROM tblaca009 WHERE pensum='5' AND c_uni_ca='6' AND c_asigna='344733' [1][0] OK
C:[04/08/2014 18:21:38.70][190.37.42.62][1312] SELECT horas_lab FROM tblaca008 WHERE c_asigna='344733' AND horas_teoricas > 0 [1][0] OK
C:[04/08/2014 18:26:15.11][190.74.164.106][1138] SELECT pre_cod_asig1,pre_cod_asig2,pre_cod_asig3,pre_cod_asig4,pre_cod_asig5,pre_cod_asig6,pre_cod_asig7 FROM tblaca009 WHERE pensum='5' AND c_uni_ca='5' AND c_asigna='300207' [1][0] OK
C:[04/08/2014 18:26:15.11][190.74.164.106][1151] SELECT c_asigna FROM dace004 WHERE exp_e='09-20701841' AND c_asigna='300101' AND status IN ('0','3','B','C') [1][0] OK
C:[04/08/2014 18:26:15.05][190.74.164.106][1182] SELECT par_cod_asig1,par_cod_asig2,par_cod_asig3 FROM tblaca009 WHERE pensum='5' AND c_uni_ca='5' AND c_asigna='300207' [1][0] OK
C:[04/08/2014 18:26:15.19][190.74.164.106][1312] SELECT horas_lab FROM tblaca008 WHERE c_asigna='300207' AND horas_teoricas > 0 [1][0] OK
C:[04/08/2014 18:35:57.12][190.77.215.18][1138] SELECT pre_cod_asig1,pre_cod_asig2,pre_cod_asig3,pre_cod_asig4,pre_cod_asig5,pre_cod_asig6,pre_cod_asig7 FROM tblaca009 WHERE pensum='5' AND c_uni_ca='4' AND c_asigna='333606' [1][0] OK
C:[04/08/2014 18:35:57.12][190.77.215.18][1151] SELECT c_asigna FROM dace004 WHERE exp_e='10-24878478' AND c_asigna='333584' AND status IN ('0','3','B','C') [1][0] OK
C:[04/08/2014 18:35:57.12][190.77.215.18][1138] SELECT pre_cod_asig1,pre_cod_asig2,pre_cod_asig3,pre_cod_asig4,pre_cod_asig5,pre_cod_asig6,pre_cod_asig7 FROM tblaca009 WHERE pensum='5' AND c_uni_ca='4' AND c_asigna='333611' [1][0] OK
C:[04/08/2014 18:35:57.12][190.77.215.18][1151] SELECT c_asigna FROM dace004 WHERE exp_e='10-24878478' AND c_asigna='333584' AND status IN ('0','3','B','C') [1][0] OK
C:[04/08/2014 18:35:57.12][190.77.215.18][1138] SELECT pre_cod_asig1,pre_cod_asig2,pre_cod_asig3,pre_cod_asig4,pre_cod_asig5,pre_cod_asig6,pre_cod_asig7 FROM tblaca009 WHERE pensum='5' AND c_uni_ca='4' AND c_asigna='333639' [1][0] OK
C:[04/08/2014 18:35:57.12][190.77.215.18][1151] SELECT c_asigna FROM dace004 WHERE exp_e='10-24878478' AND c_asigna='333585' AND status IN ('0','3','B','C') [1][0] OK
C:[04/08/2014 18:35:57.55][190.77.215.18][1182] SELECT par_cod_asig1,par_cod_asig2,par_cod_asig3 FROM tblaca009 WHERE pensum='5' AND c_uni_ca='4' AND c_asigna='333606' [1][0] OK
C:[04/08/2014 18:35:57.55][190.77.215.18][1182] SELECT par_cod_asig1,par_cod_asig2,par_cod_asig3 FROM tblaca009 WHERE pensum='5' AND c_uni_ca='4' AND c_asigna='333611' [1][0] OK
C:[04/08/2014 18:35:57.55][190.77.215.18][1182] SELECT par_cod_asig1,par_cod_asig2,par_cod_asig3 FROM tblaca009 WHERE pensum='5' AND c_uni_ca='4' AND c_asigna='333639' [1][0] OK
C:[04/08/2014 18:35:58.95][190.77.215.18][1312] SELECT horas_lab FROM tblaca008 WHERE c_asigna='333606' AND horas_teoricas > 0 [1][0] OK
C:[04/08/2014 18:35:58.95][190.77.215.18][1312] SELECT horas_lab FROM tblaca008 WHERE c_asigna='333611' AND horas_teoricas > 0 [1][0] OK
C:[04/08/2014 18:35:58.95][190.77.215.18][1312] SELECT horas_lab FROM tblaca008 WHERE c_asigna='333639' AND horas_teoricas > 0 [1][0] OK
C:[04/08/2014 18:40:31.09][190.78.110.128][1138] SELECT pre_cod_asig1,pre_cod_asig2,pre_cod_asig3,pre_cod_asig4,pre_cod_asig5,pre_cod_asig6,pre_cod_asig7 FROM tblaca009 WHERE pensum='5' AND c_uni_ca='5' AND c_asigna='355692' [1][0] OK
C:[04/08/2014 18:40:31.09][190.78.110.128][1151] SELECT c_asigna FROM dace004 WHERE exp_e='09-20035852' AND c_asigna='355448' AND status IN ('0','3','B','C') [1][0] OK
C:[04/08/2014 18:40:31.09][190.78.110.128][1151] SELECT c_asigna FROM dace004 WHERE exp_e='09-20035852' AND c_asigna='355570' AND status IN ('0','3','B','C') [1][0] OK
C:[04/08/2014 18:40:31.09][190.78.110.128][1138] SELECT pre_cod_asig1,pre_cod_asig2,pre_cod_asig3,pre_cod_asig4,pre_cod_asig5,pre_cod_asig6,pre_cod_asig7 FROM tblaca009 WHERE pensum='5' AND c_uni_ca='5' AND c_asigna='355693' [1][0] OK
C:[04/08/2014 18:40:31.09][190.78.110.128][1151] SELECT c_asigna FROM dace004 WHERE exp_e='09-20035852' AND c_asigna='355572' AND status IN ('0','3','B','C') [1][0] OK
C:[04/08/2014 18:40:31.09][190.78.110.128][1151] SELECT c_asigna FROM dace004 WHERE exp_e='09-20035852' AND c_asigna='352440' AND status IN ('0','3','B','C') [1][0] OK
C:[04/08/2014 18:40:31.09][190.78.110.128][1151] SELECT c_asigna FROM dace004 WHERE exp_e='09-20035852' AND c_asigna='355573' AND status IN ('0','3','B','C') [1][0] OK
C:[04/08/2014 18:40:31.09][190.78.110.128][1151] SELECT c_asigna FROM dace004 WHERE exp_e='09-20035852' AND c_asigna='300226' AND status IN ('0','3','B','C') [1][0] OK
C:[04/08/2014 18:40:31.09][190.78.110.128][1151] SELECT c_asigna FROM dace004 WHERE exp_e='09-20035852' AND c_asigna='300222' AND status IN ('0','3','B','C') [1][0] OK
C:[04/08/2014 18:40:31.09][190.78.110.128][1151] SELECT c_asigna FROM dace004 WHERE exp_e='09-20035852' AND c_asigna='300013' AND status IN ('0','3','B','C') [1][0] OK
C:[04/08/2014 18:40:31.09][190.78.110.128][1151] SELECT c_asigna FROM dace004 WHERE exp_e='09-20035852' AND c_asigna='300113' AND status IN ('0','3','B','C') [1][0] OK
C:[04/08/2014 18:40:32.72][190.78.110.128][1182] SELECT par_cod_asig1,par_cod_asig2,par_cod_asig3 FROM tblaca009 WHERE pensum='5' AND c_uni_ca='5' AND c_asigna='355692' [1][0] OK
C:[04/08/2014 18:40:32.72][190.78.110.128][1182] SELECT par_cod_asig1,par_cod_asig2,par_cod_asig3 FROM tblaca009 WHERE pensum='5' AND c_uni_ca='5' AND c_asigna='355693' [1][0] OK
C:[04/08/2014 18:40:32.98][190.78.110.128][1312] SELECT horas_lab FROM tblaca008 WHERE c_asigna='355692' AND horas_teoricas > 0 [1][0] OK
C:[04/08/2014 18:40:32.98][190.78.110.128][1312] SELECT horas_lab FROM tblaca008 WHERE c_asigna='355693' AND horas_teoricas > 0 [1][0] OK
C:[04/08/2014 18:43:42.53][186.94.90.42][1138] SELECT pre_cod_asig1,pre_cod_asig2,pre_cod_asig3,pre_cod_asig4,pre_cod_asig5,pre_cod_asig6,pre_cod_asig7 FROM tblaca009 WHERE pensum='5' AND c_uni_ca='3' AND c_asigna='300218' [1][0] OK
C:[04/08/2014 18:43:42.53][186.94.90.42][1151] SELECT c_asigna FROM dace004 WHERE exp_e='12-24560687' AND c_asigna='300101' AND status IN ('0','3','B','C') [1][0] OK
C:[04/08/2014 18:43:42.53][186.94.90.42][1138] SELECT pre_cod_asig1,pre_cod_asig2,pre_cod_asig3,pre_cod_asig4,pre_cod_asig5,pre_cod_asig6,pre_cod_asig7 FROM tblaca009 WHERE pensum='5' AND c_uni_ca='3' AND c_asigna='300228' [1][0] OK
C:[04/08/2014 18:43:42.53][186.94.90.42][1151] SELECT c_asigna FROM dace004 WHERE exp_e='12-24560687' AND c_asigna='300101' AND status IN ('0','3','B','C') [1][0] OK
C:[04/08/2014 18:43:42.53][186.94.90.42][1138] SELECT pre_cod_asig1,pre_cod_asig2,pre_cod_asig3,pre_cod_asig4,pre_cod_asig5,pre_cod_asig6,pre_cod_asig7 FROM tblaca009 WHERE pensum='5' AND c_uni_ca='3' AND c_asigna='300317' [1][0] OK
C:[04/08/2014 18:43:42.53][186.94.90.42][1151] SELECT c_asigna FROM dace004 WHERE exp_e='12-24560687' AND c_asigna='300207' AND status IN ('0','3','B','C') [1][0] OK
C:[04/08/2014 18:43:42.53][186.94.90.42][1151] SELECT c_asigna FROM dace004 WHERE exp_e='12-24560687' AND c_asigna='300209' AND status IN ('0','3','B','C') [1][0] OK
C:[04/08/2014 18:43:43.65][186.94.90.42][1182] SELECT par_cod_asig1,par_cod_asig2,par_cod_asig3 FROM tblaca009 WHERE pensum='5' AND c_uni_ca='3' AND c_asigna='300218' [1][0] OK
C:[04/08/2014 18:43:43.65][186.94.90.42][1196] SELECT c_asigna FROM dace004 WHERE exp_e='12-24560687' AND c_asigna='300228' AND status IN ('0','3','B','C') [0][0] OK
C:[04/08/2014 18:43:43.65][186.94.90.42][1182] SELECT par_cod_asig1,par_cod_asig2,par_cod_asig3 FROM tblaca009 WHERE pensum='5' AND c_uni_ca='3' AND c_asigna='300228' [1][0] OK
C:[04/08/2014 18:43:43.65][186.94.90.42][1182] SELECT par_cod_asig1,par_cod_asig2,par_cod_asig3 FROM tblaca009 WHERE pensum='5' AND c_uni_ca='3' AND c_asigna='300317' [1][0] OK
C:[04/08/2014 18:43:43.17][186.94.90.42][1312] SELECT horas_lab FROM tblaca008 WHERE c_asigna='300218' AND horas_teoricas > 0 [0][0] OK
C:[04/08/2014 18:43:43.17][186.94.90.42][1312] SELECT horas_lab FROM tblaca008 WHERE c_asigna='300228' AND horas_teoricas > 0 [1][0] OK
C:[04/08/2014 18:43:43.17][186.94.90.42][1312] SELECT horas_lab FROM tblaca008 WHERE c_asigna='300317' AND horas_teoricas > 0 [1][0] OK
C:[04/08/2014 18:48:43.09][190.206.63.96][1138] SELECT pre_cod_asig1,pre_cod_asig2,pre_cod_asig3,pre_cod_asig4,pre_cod_asig5,pre_cod_asig6,pre_cod_asig7 FROM tblaca009 WHERE pensum='5' AND c_uni_ca='6' AND c_asigna='300313' [1][0] OK
C:[04/08/2014 18:48:43.09][190.206.63.96][1151] SELECT c_asigna FROM dace004 WHERE exp_e='10-22587120' AND c_asigna='300213' AND status IN ('0','3','B','C') [1][0] OK
C:[04/08/2014 18:48:43.09][190.206.63.96][1151] SELECT c_asigna FROM dace004 WHERE exp_e='10-22587120' AND c_asigna='300226' AND status IN ('0','3','B','C') [1][0] OK
C:[04/08/2014 18:48:43.09][190.206.63.96][1151] SELECT c_asigna FROM dace004 WHERE exp_e='10-22587120' AND c_asigna='300222' AND status IN ('0','3','B','C') [1][0] OK
C:[04/08/2014 18:48:43.09][190.206.63.96][1151] SELECT c_asigna FROM dace004 WHERE exp_e='10-22587120' AND c_asigna='300209' AND status IN ('0','3','B','C') [1][0] OK
C:[04/08/2014 18:48:43.09][190.206.63.96][1138] SELECT pre_cod_asig1,pre_cod_asig2,pre_cod_asig3,pre_cod_asig4,pre_cod_asig5,pre_cod_asig6,pre_cod_asig7 FROM tblaca009 WHERE pensum='5' AND c_uni_ca='6' AND c_asigna='342559' [1][0] OK
C:[04/08/2014 18:48:43.09][190.206.63.96][1151] SELECT c_asigna FROM dace004 WHERE exp_e='10-22587120' AND c_asigna='342436' AND status IN ('0','3','B','C') [1][0] OK
C:[04/08/2014 18:48:43.09][190.206.63.96][1138] SELECT pre_cod_asig1,pre_cod_asig2,pre_cod_asig3,pre_cod_asig4,pre_cod_asig5,pre_cod_asig6,pre_cod_asig7 FROM tblaca009 WHERE pensum='5' AND c_uni_ca='6' AND c_asigna='343568' [1][0] OK
C:[04/08/2014 18:48:43.09][190.206.63.96][1151] SELECT c_asigna FROM dace004 WHERE exp_e='10-22587120' AND c_asigna='340327' AND status IN ('0','3','B','C') [1][0] OK
C:[04/08/2014 18:48:43.90][190.206.63.96][1182] SELECT par_cod_asig1,par_cod_asig2,par_cod_asig3 FROM tblaca009 WHERE pensum='5' AND c_uni_ca='6' AND c_asigna='300313' [1][0] OK
C:[04/08/2014 18:48:43.90][190.206.63.96][1182] SELECT par_cod_asig1,par_cod_asig2,par_cod_asig3 FROM tblaca009 WHERE pensum='5' AND c_uni_ca='6' AND c_asigna='342559' [1][0] OK
C:[04/08/2014 18:48:43.90][190.206.63.96][1182] SELECT par_cod_asig1,par_cod_asig2,par_cod_asig3 FROM tblaca009 WHERE pensum='5' AND c_uni_ca='6' AND c_asigna='343568' [1][0] OK
C:[04/08/2014 18:48:43.28][190.206.63.96][1312] SELECT horas_lab FROM tblaca008 WHERE c_asigna='300313' AND horas_teoricas > 0 [1][0] OK
C:[04/08/2014 18:48:43.28][190.206.63.96][1312] SELECT horas_lab FROM tblaca008 WHERE c_asigna='342559' AND horas_teoricas > 0 [1][0] OK
C:[04/08/2014 18:48:43.28][190.206.63.96][1312] SELECT horas_lab FROM tblaca008 WHERE c_asigna='343568' AND horas_teoricas > 0 [1][0] OK
C:[04/08/2014 18:51:21.29][190.206.63.96][1138] SELECT pre_cod_asig1,pre_cod_asig2,pre_cod_asig3,pre_cod_asig4,pre_cod_asig5,pre_cod_asig6,pre_cod_asig7 FROM tblaca009 WHERE pensum='5' AND c_uni_ca='6' AND c_asigna='300317' [1][0] OK
C:[04/08/2014 18:51:21.29][190.206.63.96][1151] SELECT c_asigna FROM dace004 WHERE exp_e='10-20035864' AND c_asigna='300207' AND status IN ('0','3','B','C') [1][0] OK
C:[04/08/2014 18:51:21.29][190.206.63.96][1151] SELECT c_asigna FROM dace004 WHERE exp_e='10-20035864' AND c_asigna='300209' AND status IN ('0','3','B','C') [1][0] OK
C:[04/08/2014 18:51:21.29][190.206.63.96][1138] SELECT pre_cod_asig1,pre_cod_asig2,pre_cod_asig3,pre_cod_asig4,pre_cod_asig5,pre_cod_asig6,pre_cod_asig7 FROM tblaca009 WHERE pensum='5' AND c_uni_ca='6' AND c_asigna='300318' [1][0] OK
C:[04/08/2014 18:51:21.29][190.206.63.96][1151] SELECT c_asigna FROM dace004 WHERE exp_e='10-20035864' AND c_asigna='300228' AND status IN ('0','3','B','C') [1][0] OK
C:[04/08/2014 18:51:21.29][190.206.63.96][1151] SELECT c_asigna FROM dace004 WHERE exp_e='10-20035864' AND c_asigna='300207' AND status IN ('0','3','B','C') [1][0] OK
C:[04/08/2014 18:51:21.29][190.206.63.96][1151] SELECT c_asigna FROM dace004 WHERE exp_e='10-20035864' AND c_asigna='300218' AND status IN ('0','3','B','C') [1][0] OK
C:[04/08/2014 18:51:21.29][190.206.63.96][1138] SELECT pre_cod_asig1,pre_cod_asig2,pre_cod_asig3,pre_cod_asig4,pre_cod_asig5,pre_cod_asig6,pre_cod_asig7 FROM tblaca009 WHERE pensum='5' AND c_uni_ca='6' AND c_asigna='343568' [1][0] OK
C:[04/08/2014 18:51:21.29][190.206.63.96][1151] SELECT c_asigna FROM dace004 WHERE exp_e='10-20035864' AND c_asigna='340327' AND status IN ('0','3','B','C') [1][0] OK
C:[04/08/2014 18:51:21.67][190.206.63.96][1182] SELECT par_cod_asig1,par_cod_asig2,par_cod_asig3 FROM tblaca009 WHERE pensum='5' AND c_uni_ca='6' AND c_asigna='300317' [1][0] OK
C:[04/08/2014 18:51:21.67][190.206.63.96][1182] SELECT par_cod_asig1,par_cod_asig2,par_cod_asig3 FROM tblaca009 WHERE pensum='5' AND c_uni_ca='6' AND c_asigna='300318' [1][0] OK
C:[04/08/2014 18:51:21.67][190.206.63.96][1182] SELECT par_cod_asig1,par_cod_asig2,par_cod_asig3 FROM tblaca009 WHERE pensum='5' AND c_uni_ca='6' AND c_asigna='343568' [1][0] OK
C:[04/08/2014 18:51:21.07][190.206.63.96][1312] SELECT horas_lab FROM tblaca008 WHERE c_asigna='300317' AND horas_teoricas > 0 [1][0] OK
C:[04/08/2014 18:51:21.07][190.206.63.96][1312] SELECT horas_lab FROM tblaca008 WHERE c_asigna='300318' AND horas_teoricas > 0 [1][0] OK
C:[04/08/2014 18:51:21.07][190.206.63.96][1312] SELECT horas_lab FROM tblaca008 WHERE c_asigna='343568' AND horas_teoricas > 0 [1][0] OK
C:[04/08/2014 18:52:13.65][179.45.188.203][1138] SELECT pre_cod_asig1,pre_cod_asig2,pre_cod_asig3,pre_cod_asig4,pre_cod_asig5,pre_cod_asig6,pre_cod_asig7 FROM tblaca009 WHERE pensum='5' AND c_uni_ca='2' AND c_asigna='300013' [1][0] OK
C:[04/08/2014 18:52:13.65][179.45.188.203][1138] SELECT pre_cod_asig1,pre_cod_asig2,pre_cod_asig3,pre_cod_asig4,pre_cod_asig5,pre_cod_asig6,pre_cod_asig7 FROM tblaca009 WHERE pensum='5' AND c_uni_ca='2' AND c_asigna='300101' [1][0] OK
C:[04/08/2014 18:52:13.15][179.45.188.203][1182] SELECT par_cod_asig1,par_cod_asig2,par_cod_asig3 FROM tblaca009 WHERE pensum='5' AND c_uni_ca='2' AND c_asigna='300013' [1][0] OK
C:[04/08/2014 18:52:13.15][179.45.188.203][1182] SELECT par_cod_asig1,par_cod_asig2,par_cod_asig3 FROM tblaca009 WHERE pensum='5' AND c_uni_ca='2' AND c_asigna='300101' [1][0] OK
C:[04/08/2014 18:52:13.41][179.45.188.203][1312] SELECT horas_lab FROM tblaca008 WHERE c_asigna='300013' AND horas_teoricas > 0 [1][0] OK
C:[04/08/2014 18:52:13.41][179.45.188.203][1312] SELECT horas_lab FROM tblaca008 WHERE c_asigna='300101' AND horas_teoricas > 0 [1][0] OK
C:[04/08/2014 19:01:27.88][186.167.243.198][1138] SELECT pre_cod_asig1,pre_cod_asig2,pre_cod_asig3,pre_cod_asig4,pre_cod_asig5,pre_cod_asig6,pre_cod_asig7 FROM tblaca009 WHERE pensum='5' AND c_uni_ca='5' AND c_asigna='355693' [1][0] OK
C:[04/08/2014 19:01:27.88][186.167.243.198][1151] SELECT c_asigna FROM dace004 WHERE exp_e='10-21248503' AND c_asigna='355572' AND status IN ('0','3','B','C') [1][0] OK
C:[04/08/2014 19:01:27.88][186.167.243.198][1151] SELECT c_asigna FROM dace004 WHERE exp_e='10-21248503' AND c_asigna='352440' AND status IN ('0','3','B','C') [1][0] OK
C:[04/08/2014 19:01:27.88][186.167.243.198][1151] SELECT c_asigna FROM dace004 WHERE exp_e='10-21248503' AND c_asigna='355573' AND status IN ('0','3','B','C') [1][0] OK
C:[04/08/2014 19:01:27.88][186.167.243.198][1151] SELECT c_asigna FROM dace004 WHERE exp_e='10-21248503' AND c_asigna='300226' AND status IN ('0','3','B','C') [1][0] OK
C:[04/08/2014 19:01:27.88][186.167.243.198][1151] SELECT c_asigna FROM dace004 WHERE exp_e='10-21248503' AND c_asigna='300222' AND status IN ('0','3','B','C') [1][0] OK
C:[04/08/2014 19:01:27.88][186.167.243.198][1151] SELECT c_asigna FROM dace004 WHERE exp_e='10-21248503' AND c_asigna='300013' AND status IN ('0','3','B','C') [1][0] OK
C:[04/08/2014 19:01:27.88][186.167.243.198][1151] SELECT c_asigna FROM dace004 WHERE exp_e='10-21248503' AND c_asigna='300113' AND status IN ('0','3','B','C') [1][0] OK
C:[04/08/2014 19:01:27.88][186.167.243.198][1138] SELECT pre_cod_asig1,pre_cod_asig2,pre_cod_asig3,pre_cod_asig4,pre_cod_asig5,pre_cod_asig6,pre_cod_asig7 FROM tblaca009 WHERE pensum='5' AND c_uni_ca='5' AND c_asigna='355696' [1][0] OK
C:[04/08/2014 19:01:27.88][186.167.243.198][1151] SELECT c_asigna FROM dace004 WHERE exp_e='10-21248503' AND c_asigna='355570' AND status IN ('0','3','B','C') [1][0] OK
C:[04/08/2014 19:01:27.88][186.167.243.198][1151] SELECT c_asigna FROM dace004 WHERE exp_e='10-21248503' AND c_asigna='355571' AND status IN ('0','3','B','C') [1][0] OK
C:[04/08/2014 19:01:27.94][186.167.243.198][1182] SELECT par_cod_asig1,par_cod_asig2,par_cod_asig3 FROM tblaca009 WHERE pensum='5' AND c_uni_ca='5' AND c_asigna='355693' [1][0] OK
C:[04/08/2014 19:01:27.94][186.167.243.198][1182] SELECT par_cod_asig1,par_cod_asig2,par_cod_asig3 FROM tblaca009 WHERE pensum='5' AND c_uni_ca='5' AND c_asigna='355696' [1][0] OK
C:[04/08/2014 19:01:27.20][186.167.243.198][1312] SELECT horas_lab FROM tblaca008 WHERE c_asigna='355693' AND horas_teoricas > 0 [1][0] OK
C:[04/08/2014 19:01:27.20][186.167.243.198][1312] SELECT horas_lab FROM tblaca008 WHERE c_asigna='355696' AND horas_teoricas > 0 [1][0] OK
C:[04/08/2014 19:03:47.21][190.36.25.9][1138] SELECT pre_cod_asig1,pre_cod_asig2,pre_cod_asig3,pre_cod_asig4,pre_cod_asig5,pre_cod_asig6,pre_cod_asig7 FROM tblaca009 WHERE pensum='5' AND c_uni_ca='6' AND c_asigna='342559' [1][0] OK
C:[04/08/2014 19:03:47.21][190.36.25.9][1151] SELECT c_asigna FROM dace004 WHERE exp_e='10-20505871' AND c_asigna='342436' AND status IN ('0','3','B','C') [1][0] OK
C:[04/08/2014 19:03:47.21][190.36.25.9][1138] SELECT pre_cod_asig1,pre_cod_asig2,pre_cod_asig3,pre_cod_asig4,pre_cod_asig5,pre_cod_asig6,pre_cod_asig7 FROM tblaca009 WHERE pensum='5' AND c_uni_ca='6' AND c_asigna='344565' [1][0] OK
C:[04/08/2014 19:03:47.21][190.36.25.9][1151] SELECT c_asigna FROM dace004 WHERE exp_e='10-20505871' AND c_asigna='344445' AND status IN ('0','3','B','C') [1][0] OK
C:[04/08/2014 19:03:47.21][190.36.25.9][1138] SELECT pre_cod_asig1,pre_cod_asig2,pre_cod_asig3,pre_cod_asig4,pre_cod_asig5,pre_cod_asig6,pre_cod_asig7 FROM tblaca009 WHERE pensum='5' AND c_uni_ca='6' AND c_asigna='344689' [1][0] OK
C:[04/08/2014 19:03:47.21][190.36.25.9][1151] SELECT c_asigna FROM dace004 WHERE exp_e='10-20505871' AND c_asigna='344566' AND status IN ('0','3','B','C') [1][0] OK
C:[04/08/2014 19:03:47.21][190.36.25.9][1151] SELECT c_asigna FROM dace004 WHERE exp_e='10-20505871' AND c_asigna='300313' AND status IN ('0','3','B','C') [1][0] OK
C:[04/08/2014 19:03:48.34][190.36.25.9][1182] SELECT par_cod_asig1,par_cod_asig2,par_cod_asig3 FROM tblaca009 WHERE pensum='5' AND c_uni_ca='6' AND c_asigna='342559' [1][0] OK
C:[04/08/2014 19:03:48.34][190.36.25.9][1182] SELECT par_cod_asig1,par_cod_asig2,par_cod_asig3 FROM tblaca009 WHERE pensum='5' AND c_uni_ca='6' AND c_asigna='344565' [1][0] OK
C:[04/08/2014 19:03:48.34][190.36.25.9][1182] SELECT par_cod_asig1,par_cod_asig2,par_cod_asig3 FROM tblaca009 WHERE pensum='5' AND c_uni_ca='6' AND c_asigna='344689' [1][0] OK
C:[04/08/2014 19:03:48.72][190.36.25.9][1312] SELECT horas_lab FROM tblaca008 WHERE c_asigna='342559' AND horas_teoricas > 0 [1][0] OK
C:[04/08/2014 19:03:48.72][190.36.25.9][1312] SELECT horas_lab FROM tblaca008 WHERE c_asigna='344565' AND horas_teoricas > 0 [1][0] OK
C:[04/08/2014 19:03:48.72][190.36.25.9][1312] SELECT horas_lab FROM tblaca008 WHERE c_asigna='344689' AND horas_teoricas > 0 [1][0] OK
C:[04/08/2014 19:18:03.22][200.109.222.138][1138] SELECT pre_cod_asig1,pre_cod_asig2,pre_cod_asig3,pre_cod_asig4,pre_cod_asig5,pre_cod_asig6,pre_cod_asig7 FROM tblaca009 WHERE pensum='5' AND c_uni_ca='6' AND c_asigna='342559' [1][0] OK
C:[04/08/2014 19:18:03.22][200.109.222.138][1151] SELECT c_asigna FROM dace004 WHERE exp_e='03-15781908' AND c_asigna='342436' AND status IN ('0','3','B','C') [1][0] OK
C:[04/08/2014 19:18:03.22][200.109.222.138][1138] SELECT pre_cod_asig1,pre_cod_asig2,pre_cod_asig3,pre_cod_asig4,pre_cod_asig5,pre_cod_asig6,pre_cod_asig7 FROM tblaca009 WHERE pensum='5' AND c_uni_ca='6' AND c_asigna='344742' [1][0] OK
C:[04/08/2014 19:18:03.22][200.109.222.138][1151] SELECT c_asigna FROM dace004 WHERE exp_e='03-15781908' AND c_asigna='344688' AND status IN ('0','3','B','C') [1][0] OK
C:[04/08/2014 19:18:03.22][200.109.222.138][1151] SELECT c_asigna FROM dace004 WHERE exp_e='03-15781908' AND c_asigna='342679' AND status IN ('0','3','B','C') [1][0] OK
C:[04/08/2014 19:18:03.09][200.109.222.138][1182] SELECT par_cod_asig1,par_cod_asig2,par_cod_asig3 FROM tblaca009 WHERE pensum='5' AND c_uni_ca='6' AND c_asigna='342559' [1][0] OK
C:[04/08/2014 19:18:03.09][200.109.222.138][1182] SELECT par_cod_asig1,par_cod_asig2,par_cod_asig3 FROM tblaca009 WHERE pensum='5' AND c_uni_ca='6' AND c_asigna='344742' [1][0] OK
C:[04/08/2014 19:18:03.36][200.109.222.138][1312] SELECT horas_lab FROM tblaca008 WHERE c_asigna='342559' AND horas_teoricas > 0 [1][0] OK
C:[04/08/2014 19:18:03.36][200.109.222.138][1312] SELECT horas_lab FROM tblaca008 WHERE c_asigna='344742' AND horas_teoricas > 0 [1][0] OK
C:[04/08/2014 19:19:47.01][200.109.207.159][1138] SELECT pre_cod_asig1,pre_cod_asig2,pre_cod_asig3,pre_cod_asig4,pre_cod_asig5,pre_cod_asig6,pre_cod_asig7 FROM tblaca009 WHERE pensum='5' AND c_uni_ca='4' AND c_asigna='300213' [1][0] OK
C:[04/08/2014 19:19:47.01][200.109.207.159][1151] SELECT c_asigna FROM dace004 WHERE exp_e='12-26359388' AND c_asigna='300101' AND status IN ('0','3','B','C') [1][0] OK
C:[04/08/2014 19:19:47.01][200.109.207.159][1138] SELECT pre_cod_asig1,pre_cod_asig2,pre_cod_asig3,pre_cod_asig4,pre_cod_asig5,pre_cod_asig6,pre_cod_asig7 FROM tblaca009 WHERE pensum='5' AND c_uni_ca='4' AND c_asigna='330310' [1][0] OK
C:[04/08/2014 19:19:47.01][200.109.207.159][1151] SELECT c_asigna FROM dace004 WHERE exp_e='12-26359388' AND c_asigna='300013' AND status IN ('0','3','B','C') [1][0] OK
C:[04/08/2014 19:19:47.01][200.109.207.159][1151] SELECT c_asigna FROM dace004 WHERE exp_e='12-26359388' AND c_asigna='300113' AND status IN ('0','3','B','C') [1][0] OK
C:[04/08/2014 19:19:47.88][200.109.207.159][1182] SELECT par_cod_asig1,par_cod_asig2,par_cod_asig3 FROM tblaca009 WHERE pensum='5' AND c_uni_ca='4' AND c_asigna='300213' [1][0] OK
C:[04/08/2014 19:19:47.88][200.109.207.159][1196] SELECT c_asigna FROM dace004 WHERE exp_e='12-26359388' AND c_asigna='300209' AND status IN ('0','3','B','C') [1][0] OK
C:[04/08/2014 19:19:47.88][200.109.207.159][1182] SELECT par_cod_asig1,par_cod_asig2,par_cod_asig3 FROM tblaca009 WHERE pensum='5' AND c_uni_ca='4' AND c_asigna='330310' [1][0] OK
C:[04/08/2014 19:19:47.26][200.109.207.159][1312] SELECT horas_lab FROM tblaca008 WHERE c_asigna='300213' AND horas_teoricas > 0 [1][0] OK
C:[04/08/2014 19:19:47.26][200.109.207.159][1312] SELECT horas_lab FROM tblaca008 WHERE c_asigna='330310' AND horas_teoricas > 0 [1][0] OK
C:[04/08/2014 19:20:41.43][190.206.56.12][1138] SELECT pre_cod_asig1,pre_cod_asig2,pre_cod_asig3,pre_cod_asig4,pre_cod_asig5,pre_cod_asig6,pre_cod_asig7 FROM tblaca009 WHERE pensum='5' AND c_uni_ca='4' AND c_asigna='333440' [1][0] OK
C:[04/08/2014 19:20:41.43][190.206.56.12][1151] SELECT c_asigna FROM dace004 WHERE exp_e='09-21235212' AND c_asigna='300317' AND status IN ('0','3','B','C') [1][0] OK
C:[04/08/2014 19:20:41.43][190.206.56.12][1151] SELECT c_asigna FROM dace004 WHERE exp_e='09-21235212' AND c_asigna='330310' AND status IN ('0','3','B','C') [1][0] OK
C:[04/08/2014 19:20:41.43][190.206.56.12][1151] SELECT c_asigna FROM dace004 WHERE exp_e='09-21235212' AND c_asigna='300209' AND status IN ('0','3','B','C') [1][0] OK
C:[04/08/2014 19:20:41.43][190.206.56.12][1138] SELECT pre_cod_asig1,pre_cod_asig2,pre_cod_asig3,pre_cod_asig4,pre_cod_asig5,pre_cod_asig6,pre_cod_asig7 FROM tblaca009 WHERE pensum='5' AND c_uni_ca='4' AND c_asigna='333564' [1][0] OK
C:[04/08/2014 19:20:41.43][190.206.56.12][1151] SELECT c_asigna FROM dace004 WHERE exp_e='09-21235212' AND c_asigna='333441' AND status IN ('0','3','B','C') [1][0] OK
C:[04/08/2014 19:20:41.44][190.206.56.12][1182] SELECT par_cod_asig1,par_cod_asig2,par_cod_asig3 FROM tblaca009 WHERE pensum='5' AND c_uni_ca='4' AND c_asigna='333440' [1][0] OK
C:[04/08/2014 19:20:41.44][190.206.56.12][1196] SELECT c_asigna FROM dace004 WHERE exp_e='09-21235212' AND c_asigna='333441' AND status IN ('0','3','B','C') [1][0] OK
C:[04/08/2014 19:20:41.44][190.206.56.12][1182] SELECT par_cod_asig1,par_cod_asig2,par_cod_asig3 FROM tblaca009 WHERE pensum='5' AND c_uni_ca='4' AND c_asigna='333564' [1][0] OK
C:[04/08/2014 19:20:41.82][190.206.56.12][1312] SELECT horas_lab FROM tblaca008 WHERE c_asigna='333440' AND horas_teoricas > 0 [1][0] OK
C:[04/08/2014 19:20:41.82][190.206.56.12][1312] SELECT horas_lab FROM tblaca008 WHERE c_asigna='333564' AND horas_teoricas > 0 [1][0] OK
C:[04/08/2014 19:21:18.40][200.109.222.138][1138] SELECT pre_cod_asig1,pre_cod_asig2,pre_cod_asig3,pre_cod_asig4,pre_cod_asig5,pre_cod_asig6,pre_cod_asig7 FROM tblaca009 WHERE pensum='5' AND c_uni_ca='6' AND c_asigna='342559' [1][0] OK
C:[04/08/2014 19:21:18.40][200.109.222.138][1151] SELECT c_asigna FROM dace004 WHERE exp_e='03-15781908' AND c_asigna='342436' AND status IN ('0','3','B','C') [1][0] OK
C:[04/08/2014 19:21:18.40][200.109.222.138][1138] SELECT pre_cod_asig1,pre_cod_asig2,pre_cod_asig3,pre_cod_asig4,pre_cod_asig5,pre_cod_asig6,pre_cod_asig7 FROM tblaca009 WHERE pensum='5' AND c_uni_ca='6' AND c_asigna='344742' [1][0] OK
C:[04/08/2014 19:21:18.40][200.109.222.138][1151] SELECT c_asigna FROM dace004 WHERE exp_e='03-15781908' AND c_asigna='344688' AND status IN ('0','3','B','C') [1][0] OK
C:[04/08/2014 19:21:18.40][200.109.222.138][1151] SELECT c_asigna FROM dace004 WHERE exp_e='03-15781908' AND c_asigna='342679' AND status IN ('0','3','B','C') [1][0] OK
C:[04/08/2014 19:21:18.28][200.109.222.138][1182] SELECT par_cod_asig1,par_cod_asig2,par_cod_asig3 FROM tblaca009 WHERE pensum='5' AND c_uni_ca='6' AND c_asigna='342559' [1][0] OK
C:[04/08/2014 19:21:18.28][200.109.222.138][1182] SELECT par_cod_asig1,par_cod_asig2,par_cod_asig3 FROM tblaca009 WHERE pensum='5' AND c_uni_ca='6' AND c_asigna='344742' [1][0] OK
C:[04/08/2014 19:21:18.53][200.109.222.138][1312] SELECT horas_lab FROM tblaca008 WHERE c_asigna='342559' AND horas_teoricas > 0 [1][0] OK
C:[04/08/2014 19:21:18.53][200.109.222.138][1312] SELECT horas_lab FROM tblaca008 WHERE c_asigna='344742' AND horas_teoricas > 0 [1][0] OK
C:[04/08/2014 19:22:32.50][190.206.56.12][1138] SELECT pre_cod_asig1,pre_cod_asig2,pre_cod_asig3,pre_cod_asig4,pre_cod_asig5,pre_cod_asig6,pre_cod_asig7 FROM tblaca009 WHERE pensum='5' AND c_uni_ca='3' AND c_asigna='300013' [1][0] OK
C:[04/08/2014 19:22:32.50][190.206.56.12][1138] SELECT pre_cod_asig1,pre_cod_asig2,pre_cod_asig3,pre_cod_asig4,pre_cod_asig5,pre_cod_asig6,pre_cod_asig7 FROM tblaca009 WHERE pensum='5' AND c_uni_ca='3' AND c_asigna='300113' [1][0] OK
C:[04/08/2014 19:22:32.00][190.206.56.12][1182] SELECT par_cod_asig1,par_cod_asig2,par_cod_asig3 FROM tblaca009 WHERE pensum='5' AND c_uni_ca='3' AND c_asigna='300013' [1][0] OK
C:[04/08/2014 19:22:32.00][190.206.56.12][1182] SELECT par_cod_asig1,par_cod_asig2,par_cod_asig3 FROM tblaca009 WHERE pensum='5' AND c_uni_ca='3' AND c_asigna='300113' [1][0] OK
C:[04/08/2014 19:22:32.00][190.206.56.12][1196] SELECT c_asigna FROM dace004 WHERE exp_e='08-21247686' AND c_asigna='300013' AND status IN ('0','3','B','C') [0][0] OK
C:[04/08/2014 19:22:32.39][190.206.56.12][1312] SELECT horas_lab FROM tblaca008 WHERE c_asigna='300013' AND horas_teoricas > 0 [1][0] OK
C:[04/08/2014 19:22:32.39][190.206.56.12][1312] SELECT horas_lab FROM tblaca008 WHERE c_asigna='300113' AND horas_teoricas > 0 [0][0] OK
C:[04/08/2014 19:24:52.12][74.82.64.160][1138] SELECT pre_cod_asig1,pre_cod_asig2,pre_cod_asig3,pre_cod_asig4,pre_cod_asig5,pre_cod_asig6,pre_cod_asig7 FROM tblaca009 WHERE pensum='5' AND c_uni_ca='6' AND c_asigna='300101' [1][0] OK
C:[04/08/2014 19:24:52.49][74.82.64.160][1182] SELECT par_cod_asig1,par_cod_asig2,par_cod_asig3 FROM tblaca009 WHERE pensum='5' AND c_uni_ca='6' AND c_asigna='300101' [1][0] OK
C:[04/08/2014 19:24:52.65][74.82.64.160][1312] SELECT horas_lab FROM tblaca008 WHERE c_asigna='300101' AND horas_teoricas > 0 [1][0] OK
C:[04/08/2014 19:34:14.65][190.79.13.124][1138] SELECT pre_cod_asig1,pre_cod_asig2,pre_cod_asig3,pre_cod_asig4,pre_cod_asig5,pre_cod_asig6,pre_cod_asig7 FROM tblaca009 WHERE pensum='5' AND c_uni_ca='2' AND c_asigna='322780' [1][0] OK
C:[04/08/2014 19:34:14.65][190.79.13.124][1151] SELECT c_asigna FROM dace004 WHERE exp_e='11-22862501' AND c_asigna='322678' AND status IN ('0','3','B','C') [1][0] OK
C:[04/08/2014 19:34:14.65][190.79.13.124][1138] SELECT pre_cod_asig1,pre_cod_asig2,pre_cod_asig3,pre_cod_asig4,pre_cod_asig5,pre_cod_asig6,pre_cod_asig7 FROM tblaca009 WHERE pensum='5' AND c_uni_ca='2' AND c_asigna='322826' [1][0] OK
C:[04/08/2014 19:34:14.65][190.79.13.124][1151] SELECT c_asigna FROM dace004 WHERE exp_e='11-22862501' AND c_asigna='322702' AND status IN ('0','3','B','C') [1][0] OK
C:[04/08/2014 19:34:15.40][190.79.13.124][1182] SELECT par_cod_asig1,par_cod_asig2,par_cod_asig3 FROM tblaca009 WHERE pensum='5' AND c_uni_ca='2' AND c_asigna='322780' [1][0] OK
C:[04/08/2014 19:34:15.40][190.79.13.124][1182] SELECT par_cod_asig1,par_cod_asig2,par_cod_asig3 FROM tblaca009 WHERE pensum='5' AND c_uni_ca='2' AND c_asigna='322826' [1][0] OK
C:[04/08/2014 19:34:15.66][190.79.13.124][1312] SELECT horas_lab FROM tblaca008 WHERE c_asigna='322780' AND horas_teoricas > 0 [1][0] OK
C:[04/08/2014 19:34:15.66][190.79.13.124][1312] SELECT horas_lab FROM tblaca008 WHERE c_asigna='322826' AND horas_teoricas > 0 [1][0] OK
C:[04/08/2014 19:43:29.99][190.204.106.218][1138] SELECT pre_cod_asig1,pre_cod_asig2,pre_cod_asig3,pre_cod_asig4,pre_cod_asig5,pre_cod_asig6,pre_cod_asig7 FROM tblaca009 WHERE pensum='5' AND c_uni_ca='2' AND c_asigna='300318' [1][0] OK
C:[04/08/2014 19:43:29.99][190.204.106.218][1151] SELECT c_asigna FROM dace004 WHERE exp_e='12-24963890' AND c_asigna='300228' AND status IN ('0','3','B','C') [1][0] OK
C:[04/08/2014 19:43:29.99][190.204.106.218][1151] SELECT c_asigna FROM dace004 WHERE exp_e='12-24963890' AND c_asigna='300207' AND status IN ('0','3','B','C') [1][0] OK
C:[04/08/2014 19:43:29.99][190.204.106.218][1151] SELECT c_asigna FROM dace004 WHERE exp_e='12-24963890' AND c_asigna='300218' AND status IN ('0','3','B','C') [1][0] OK
C:[04/08/2014 19:43:29.99][190.204.106.218][1138] SELECT pre_cod_asig1,pre_cod_asig2,pre_cod_asig3,pre_cod_asig4,pre_cod_asig5,pre_cod_asig6,pre_cod_asig7 FROM tblaca009 WHERE pensum='5' AND c_uni_ca='2' AND c_asigna='300428' [1][0] OK
C:[04/08/2014 19:43:29.99][190.204.106.218][1151] SELECT c_asigna FROM dace004 WHERE exp_e='12-24963890' AND c_asigna='300317' AND status IN ('0','3','B','C') [1][0] OK
C:[04/08/2014 19:43:29.99][190.204.106.218][1151] SELECT c_asigna FROM dace004 WHERE exp_e='12-24963890' AND c_asigna='300209' AND status IN ('0','3','B','C') [1][0] OK
C:[04/08/2014 19:43:29.99][190.204.106.218][1138] SELECT pre_cod_asig1,pre_cod_asig2,pre_cod_asig3,pre_cod_asig4,pre_cod_asig5,pre_cod_asig6,pre_cod_asig7 FROM tblaca009 WHERE pensum='5' AND c_uni_ca='2' AND c_asigna='322436' [1][0] OK
C:[04/08/2014 19:43:29.99][190.204.106.218][1151] SELECT c_asigna FROM dace004 WHERE exp_e='12-24963890' AND c_asigna='300317' AND status IN ('0','3','B','C') [1][0] OK
C:[04/08/2014 19:43:29.99][190.204.106.218][1151] SELECT c_asigna FROM dace004 WHERE exp_e='12-24963890' AND c_asigna='320311' AND status IN ('0','3','B','C') [1][0] OK
C:[04/08/2014 19:43:30.05][190.204.106.218][1182] SELECT par_cod_asig1,par_cod_asig2,par_cod_asig3 FROM tblaca009 WHERE pensum='5' AND c_uni_ca='2' AND c_asigna='300318' [1][0] OK
C:[04/08/2014 19:43:30.05][190.204.106.218][1182] SELECT par_cod_asig1,par_cod_asig2,par_cod_asig3 FROM tblaca009 WHERE pensum='5' AND c_uni_ca='2' AND c_asigna='300428' [1][0] OK
C:[04/08/2014 19:43:30.05][190.204.106.218][1182] SELECT par_cod_asig1,par_cod_asig2,par_cod_asig3 FROM tblaca009 WHERE pensum='5' AND c_uni_ca='2' AND c_asigna='322436' [1][0] OK
C:[04/08/2014 19:43:30.44][190.204.106.218][1312] SELECT horas_lab FROM tblaca008 WHERE c_asigna='300318' AND horas_teoricas > 0 [1][0] OK
C:[04/08/2014 19:43:30.44][190.204.106.218][1312] SELECT horas_lab FROM tblaca008 WHERE c_asigna='300428' AND horas_teoricas > 0 [1][0] OK
C:[04/08/2014 19:43:30.44][190.204.106.218][1312] SELECT horas_lab FROM tblaca008 WHERE c_asigna='322436' AND horas_teoricas > 0 [1][0] OK
C:[04/08/2014 19:43:41.23][186.90.216.231][1138] SELECT pre_cod_asig1,pre_cod_asig2,pre_cod_asig3,pre_cod_asig4,pre_cod_asig5,pre_cod_asig6,pre_cod_asig7 FROM tblaca009 WHERE pensum='5' AND c_uni_ca='5' AND c_asigna='300207' [1][0] OK
C:[04/08/2014 19:43:41.23][186.90.216.231][1151] SELECT c_asigna FROM dace004 WHERE exp_e='12-24847425' AND c_asigna='300101' AND status IN ('0','3','B','C') [1][0] OK
C:[04/08/2014 19:43:41.17][186.90.216.231][1182] SELECT par_cod_asig1,par_cod_asig2,par_cod_asig3 FROM tblaca009 WHERE pensum='5' AND c_uni_ca='5' AND c_asigna='300207' [1][0] OK
C:[04/08/2014 19:43:41.30][186.90.216.231][1312] SELECT horas_lab FROM tblaca008 WHERE c_asigna='300207' AND horas_teoricas > 0 [1][0] OK
C:[04/08/2014 19:45:03.55][186.88.133.29][1138] SELECT pre_cod_asig1,pre_cod_asig2,pre_cod_asig3,pre_cod_asig4,pre_cod_asig5,pre_cod_asig6,pre_cod_asig7 FROM tblaca009 WHERE pensum='5' AND c_uni_ca='4' AND c_asigna='300956' [1][0] OK
C:[04/08/2014 19:45:03.55][186.88.133.29][1151] SELECT c_asigna FROM dace004 WHERE exp_e='06-18960017' AND c_asigna='300422' AND status IN ('0','3','B','C') [1][0] OK
C:[04/08/2014 19:45:03.55][186.88.133.29][1151] SELECT c_asigna FROM dace004 WHERE exp_e='06-18960017' AND c_asigna='300105' AND status IN ('0','3','B','C') [1][0] OK
C:[04/08/2014 19:45:03.55][186.88.133.29][1151] SELECT c_asigna FROM dace004 WHERE exp_e='06-18960017' AND c_asigna='300314' AND status IN ('0','3','B','C') [1][0] OK
C:[04/08/2014 19:45:03.74][186.88.133.29][1182] SELECT par_cod_asig1,par_cod_asig2,par_cod_asig3 FROM tblaca009 WHERE pensum='5' AND c_uni_ca='4' AND c_asigna='300956' [1][0] OK
C:[04/08/2014 19:45:03.88][186.88.133.29][1312] SELECT horas_lab FROM tblaca008 WHERE c_asigna='300956' AND horas_teoricas > 0 [1][0] OK
C:[04/08/2014 19:45:18.35][190.204.106.218][1138] SELECT pre_cod_asig1,pre_cod_asig2,pre_cod_asig3,pre_cod_asig4,pre_cod_asig5,pre_cod_asig6,pre_cod_asig7 FROM tblaca009 WHERE pensum='5' AND c_uni_ca='2' AND c_asigna='300317' [1][0] OK
C:[04/08/2014 19:45:18.35][190.204.106.218][1151] SELECT c_asigna FROM dace004 WHERE exp_e='12-25083490' AND c_asigna='300207' AND status IN ('0','3','B','C') [1][0] OK
C:[04/08/2014 19:45:18.35][190.204.106.218][1151] SELECT c_asigna FROM dace004 WHERE exp_e='12-25083490' AND c_asigna='300209' AND status IN ('0','3','B','C') [1][0] OK
C:[04/08/2014 19:45:18.35][190.204.106.218][1138] SELECT pre_cod_asig1,pre_cod_asig2,pre_cod_asig3,pre_cod_asig4,pre_cod_asig5,pre_cod_asig6,pre_cod_asig7 FROM tblaca009 WHERE pensum='5' AND c_uni_ca='2' AND c_asigna='300318' [1][0] OK
C:[04/08/2014 19:45:18.35][190.204.106.218][1151] SELECT c_asigna FROM dace004 WHERE exp_e='12-25083490' AND c_asigna='300228' AND status IN ('0','3','B','C') [1][0] OK
C:[04/08/2014 19:45:18.35][190.204.106.218][1151] SELECT c_asigna FROM dace004 WHERE exp_e='12-25083490' AND c_asigna='300207' AND status IN ('0','3','B','C') [1][0] OK
C:[04/08/2014 19:45:18.35][190.204.106.218][1151] SELECT c_asigna FROM dace004 WHERE exp_e='12-25083490' AND c_asigna='300218' AND status IN ('0','3','B','C') [1][0] OK
C:[04/08/2014 19:45:19.72][190.204.106.218][1182] SELECT par_cod_asig1,par_cod_asig2,par_cod_asig3 FROM tblaca009 WHERE pensum='5' AND c_uni_ca='2' AND c_asigna='300317' [1][0] OK
C:[04/08/2014 19:45:19.72][190.204.106.218][1182] SELECT par_cod_asig1,par_cod_asig2,par_cod_asig3 FROM tblaca009 WHERE pensum='5' AND c_uni_ca='2' AND c_asigna='300318' [1][0] OK
C:[04/08/2014 19:45:19.99][190.204.106.218][1312] SELECT horas_lab FROM tblaca008 WHERE c_asigna='300317' AND horas_teoricas > 0 [1][0] OK
C:[04/08/2014 19:45:19.99][190.204.106.218][1312] SELECT horas_lab FROM tblaca008 WHERE c_asigna='300318' AND horas_teoricas > 0 [1][0] OK
C:[04/08/2014 19:52:59.59][181.17.37.215][1138] SELECT pre_cod_asig1,pre_cod_asig2,pre_cod_asig3,pre_cod_asig4,pre_cod_asig5,pre_cod_asig6,pre_cod_asig7 FROM tblaca009 WHERE pensum='5' AND c_uni_ca='4' AND c_asigna='300013' [1][0] OK
C:[04/08/2014 19:52:59.59][181.17.37.215][1138] SELECT pre_cod_asig1,pre_cod_asig2,pre_cod_asig3,pre_cod_asig4,pre_cod_asig5,pre_cod_asig6,pre_cod_asig7 FROM tblaca009 WHERE pensum='5' AND c_uni_ca='4' AND c_asigna='300101' [1][0] OK
C:[04/08/2014 19:52:59.09][181.17.37.215][1182] SELECT par_cod_asig1,par_cod_asig2,par_cod_asig3 FROM tblaca009 WHERE pensum='5' AND c_uni_ca='4' AND c_asigna='300013' [1][0] OK
C:[04/08/2014 19:52:59.09][181.17.37.215][1182] SELECT par_cod_asig1,par_cod_asig2,par_cod_asig3 FROM tblaca009 WHERE pensum='5' AND c_uni_ca='4' AND c_asigna='300101' [1][0] OK
C:[04/08/2014 19:52:59.35][181.17.37.215][1312] SELECT horas_lab FROM tblaca008 WHERE c_asigna='300013' AND horas_teoricas > 0 [1][0] OK
C:[04/08/2014 19:52:59.35][181.17.37.215][1312] SELECT horas_lab FROM tblaca008 WHERE c_asigna='300101' AND horas_teoricas > 0 [1][0] OK
C:[04/08/2014 19:53:07.36][190.206.81.77][1138] SELECT pre_cod_asig1,pre_cod_asig2,pre_cod_asig3,pre_cod_asig4,pre_cod_asig5,pre_cod_asig6,pre_cod_asig7 FROM tblaca009 WHERE pensum='5' AND c_uni_ca='3' AND c_asigna='311795' [1][0] OK
C:[04/08/2014 19:53:07.36][190.206.81.77][1151] SELECT c_asigna FROM dace004 WHERE exp_e='10-20807472' AND c_asigna='311674' AND status IN ('0','3','B','C') [1][0] OK
C:[04/08/2014 19:53:07.36][190.206.81.77][1151] SELECT c_asigna FROM dace004 WHERE exp_e='10-20807472' AND c_asigna='311673' AND status IN ('0','3','B','C') [1][0] OK
C:[04/08/2014 19:53:07.98][190.206.81.77][1182] SELECT par_cod_asig1,par_cod_asig2,par_cod_asig3 FROM tblaca009 WHERE pensum='5' AND c_uni_ca='3' AND c_asigna='311795' [1][0] OK
C:[04/08/2014 19:53:07.11][190.206.81.77][1312] SELECT horas_lab FROM tblaca008 WHERE c_asigna='311795' AND horas_teoricas > 0 [1][0] OK
C:[04/08/2014 19:55:11.10][186.167.243.155][1138] SELECT pre_cod_asig1,pre_cod_asig2,pre_cod_asig3,pre_cod_asig4,pre_cod_asig5,pre_cod_asig6,pre_cod_asig7 FROM tblaca009 WHERE pensum='5' AND c_uni_ca='3' AND c_asigna='300207' [1][0] OK
C:[04/08/2014 19:55:11.10][186.167.243.155][1151] SELECT c_asigna FROM dace004 WHERE exp_e='11-19910117' AND c_asigna='300101' AND status IN ('0','3','B','C') [1][0] OK
C:[04/08/2014 19:55:11.04][186.167.243.155][1182] SELECT par_cod_asig1,par_cod_asig2,par_cod_asig3 FROM tblaca009 WHERE pensum='5' AND c_uni_ca='3' AND c_asigna='300207' [1][0] OK
C:[04/08/2014 19:55:11.17][186.167.243.155][1312] SELECT horas_lab FROM tblaca008 WHERE c_asigna='300207' AND horas_teoricas > 0 [1][0] OK
C:[04/08/2014 20:31:27.26][190.73.132.38][1138] SELECT pre_cod_asig1,pre_cod_asig2,pre_cod_asig3,pre_cod_asig4,pre_cod_asig5,pre_cod_asig6,pre_cod_asig7 FROM tblaca009 WHERE pensum='5' AND c_uni_ca='4' AND c_asigna='333585' [1][0] OK
C:[04/08/2014 20:31:27.26][190.73.132.38][1151] SELECT c_asigna FROM dace004 WHERE exp_e='08-20975211' AND c_asigna='333440' AND status IN ('0','3','B','C') [1][0] OK
C:[04/08/2014 20:31:27.26][190.73.132.38][1151] SELECT c_asigna FROM dace004 WHERE exp_e='08-20975211' AND c_asigna='333441' AND status IN ('0','3','B','C') [1][0] OK
C:[04/08/2014 20:31:27.26][190.73.132.38][1151] SELECT c_asigna FROM dace004 WHERE exp_e='08-20975211' AND c_asigna='300209' AND status IN ('0','3','B','C') [1][0] OK
C:[04/08/2014 20:31:27.01][190.73.132.38][1182] SELECT par_cod_asig1,par_cod_asig2,par_cod_asig3 FROM tblaca009 WHERE pensum='5' AND c_uni_ca='4' AND c_asigna='333585' [1][0] OK
C:[04/08/2014 20:31:27.15][190.73.132.38][1312] SELECT horas_lab FROM tblaca008 WHERE c_asigna='333585' AND horas_teoricas > 0 [1][0] OK
C:[04/08/2014 20:33:04.86][186.90.201.17][1138] SELECT pre_cod_asig1,pre_cod_asig2,pre_cod_asig3,pre_cod_asig4,pre_cod_asig5,pre_cod_asig6,pre_cod_asig7 FROM tblaca009 WHERE pensum='5' AND c_uni_ca='5' AND c_asigna='355692' [1][0] OK
C:[04/08/2014 20:33:04.86][186.90.201.17][1151] SELECT c_asigna FROM dace004 WHERE exp_e='09-19910939' AND c_asigna='355448' AND status IN ('0','3','B','C') [1][0] OK
C:[04/08/2014 20:33:04.86][186.90.201.17][1151] SELECT c_asigna FROM dace004 WHERE exp_e='09-19910939' AND c_asigna='355570' AND status IN ('0','3','B','C') [1][0] OK
C:[04/08/2014 20:33:04.86][186.90.201.17][1138] SELECT pre_cod_asig1,pre_cod_asig2,pre_cod_asig3,pre_cod_asig4,pre_cod_asig5,pre_cod_asig6,pre_cod_asig7 FROM tblaca009 WHERE pensum='5' AND c_uni_ca='5' AND c_asigna='355693' [1][0] OK
C:[04/08/2014 20:33:04.86][186.90.201.17][1151] SELECT c_asigna FROM dace004 WHERE exp_e='09-19910939' AND c_asigna='355572' AND status IN ('0','3','B','C') [1][0] OK
C:[04/08/2014 20:33:04.86][186.90.201.17][1151] SELECT c_asigna FROM dace004 WHERE exp_e='09-19910939' AND c_asigna='352440' AND status IN ('0','3','B','C') [1][0] OK
C:[04/08/2014 20:33:04.86][186.90.201.17][1151] SELECT c_asigna FROM dace004 WHERE exp_e='09-19910939' AND c_asigna='355573' AND status IN ('0','3','B','C') [1][0] OK
C:[04/08/2014 20:33:04.86][186.90.201.17][1151] SELECT c_asigna FROM dace004 WHERE exp_e='09-19910939' AND c_asigna='300226' AND status IN ('0','3','B','C') [1][0] OK
C:[04/08/2014 20:33:04.86][186.90.201.17][1151] SELECT c_asigna FROM dace004 WHERE exp_e='09-19910939' AND c_asigna='300222' AND status IN ('0','3','B','C') [1][0] OK
C:[04/08/2014 20:33:04.86][186.90.201.17][1151] SELECT c_asigna FROM dace004 WHERE exp_e='09-19910939' AND c_asigna='300013' AND status IN ('0','3','B','C') [1][0] OK
C:[04/08/2014 20:33:04.86][186.90.201.17][1151] SELECT c_asigna FROM dace004 WHERE exp_e='09-19910939' AND c_asigna='300113' AND status IN ('0','3','B','C') [1][0] OK
C:[04/08/2014 20:33:04.92][186.90.201.17][1182] SELECT par_cod_asig1,par_cod_asig2,par_cod_asig3 FROM tblaca009 WHERE pensum='5' AND c_uni_ca='5' AND c_asigna='355692' [1][0] OK
C:[04/08/2014 20:33:04.92][186.90.201.17][1182] SELECT par_cod_asig1,par_cod_asig2,par_cod_asig3 FROM tblaca009 WHERE pensum='5' AND c_uni_ca='5' AND c_asigna='355693' [1][0] OK
C:[04/08/2014 20:33:04.18][186.90.201.17][1312] SELECT horas_lab FROM tblaca008 WHERE c_asigna='355692' AND horas_teoricas > 0 [1][0] OK
C:[04/08/2014 20:33:04.18][186.90.201.17][1312] SELECT horas_lab FROM tblaca008 WHERE c_asigna='355693' AND horas_teoricas > 0 [1][0] OK
C:[04/08/2014 20:54:13.47][186.90.118.152][1138] SELECT pre_cod_asig1,pre_cod_asig2,pre_cod_asig3,pre_cod_asig4,pre_cod_asig5,pre_cod_asig6,pre_cod_asig7 FROM tblaca009 WHERE pensum='5' AND c_uni_ca='6' AND c_asigna='300013' [1][0] OK
C:[04/08/2014 20:54:13.47][186.90.118.152][1138] SELECT pre_cod_asig1,pre_cod_asig2,pre_cod_asig3,pre_cod_asig4,pre_cod_asig5,pre_cod_asig6,pre_cod_asig7 FROM tblaca009 WHERE pensum='5' AND c_uni_ca='6' AND c_asigna='300101' [1][0] OK
C:[04/08/2014 20:54:13.98][186.90.118.152][1182] SELECT par_cod_asig1,par_cod_asig2,par_cod_asig3 FROM tblaca009 WHERE pensum='5' AND c_uni_ca='6' AND c_asigna='300013' [1][0] OK
C:[04/08/2014 20:54:13.98][186.90.118.152][1182] SELECT par_cod_asig1,par_cod_asig2,par_cod_asig3 FROM tblaca009 WHERE pensum='5' AND c_uni_ca='6' AND c_asigna='300101' [1][0] OK
C:[04/08/2014 20:54:13.24][186.90.118.152][1312] SELECT horas_lab FROM tblaca008 WHERE c_asigna='300013' AND horas_teoricas > 0 [1][0] OK
C:[04/08/2014 20:54:13.24][186.90.118.152][1312] SELECT horas_lab FROM tblaca008 WHERE c_asigna='300101' AND horas_teoricas > 0 [1][0] OK
C:[04/08/2014 20:55:10.59][190.74.181.6][1138] SELECT pre_cod_asig1,pre_cod_asig2,pre_cod_asig3,pre_cod_asig4,pre_cod_asig5,pre_cod_asig6,pre_cod_asig7 FROM tblaca009 WHERE pensum='5' AND c_uni_ca='2' AND c_asigna='300228' [1][0] OK
C:[04/08/2014 20:55:10.59][190.74.181.6][1151] SELECT c_asigna FROM dace004 WHERE exp_e='13-23730803' AND c_asigna='300101' AND status IN ('0','3','B','C') [1][0] OK
C:[04/08/2014 20:55:10.59][190.74.181.6][1138] SELECT pre_cod_asig1,pre_cod_asig2,pre_cod_asig3,pre_cod_asig4,pre_cod_asig5,pre_cod_asig6,pre_cod_asig7 FROM tblaca009 WHERE pensum='5' AND c_uni_ca='2' AND c_asigna='300222' [1][0] OK
C:[04/08/2014 20:55:10.59][190.74.181.6][1151] SELECT c_asigna FROM dace004 WHERE exp_e='13-23730803' AND c_asigna='300112' AND status IN ('0','3','B','C') [1][0] OK
C:[04/08/2014 20:55:10.35][190.74.181.6][1182] SELECT par_cod_asig1,par_cod_asig2,par_cod_asig3 FROM tblaca009 WHERE pensum='5' AND c_uni_ca='2' AND c_asigna='300228' [1][0] OK
C:[04/08/2014 20:55:10.35][190.74.181.6][1182] SELECT par_cod_asig1,par_cod_asig2,par_cod_asig3 FROM tblaca009 WHERE pensum='5' AND c_uni_ca='2' AND c_asigna='300222' [1][0] OK
C:[04/08/2014 20:55:10.61][190.74.181.6][1312] SELECT horas_lab FROM tblaca008 WHERE c_asigna='300228' AND horas_teoricas > 0 [1][0] OK
C:[04/08/2014 20:55:10.61][190.74.181.6][1312] SELECT horas_lab FROM tblaca008 WHERE c_asigna='300222' AND horas_teoricas > 0 [1][0] OK
C:[04/08/2014 20:57:11.79][190.74.181.6][1138] SELECT pre_cod_asig1,pre_cod_asig2,pre_cod_asig3,pre_cod_asig4,pre_cod_asig5,pre_cod_asig6,pre_cod_asig7 FROM tblaca009 WHERE pensum='5' AND c_uni_ca='2' AND c_asigna='300228' [1][0] OK
C:[04/08/2014 20:57:11.79][190.74.181.6][1151] SELECT c_asigna FROM dace004 WHERE exp_e='13-23730803' AND c_asigna='300101' AND status IN ('0','3','B','C') [1][0] OK
C:[04/08/2014 20:57:11.79][190.74.181.6][1138] SELECT pre_cod_asig1,pre_cod_asig2,pre_cod_asig3,pre_cod_asig4,pre_cod_asig5,pre_cod_asig6,pre_cod_asig7 FROM tblaca009 WHERE pensum='5' AND c_uni_ca='2' AND c_asigna='300222' [1][0] OK
C:[04/08/2014 20:57:11.79][190.74.181.6][1151] SELECT c_asigna FROM dace004 WHERE exp_e='13-23730803' AND c_asigna='300112' AND status IN ('0','3','B','C') [1][0] OK
C:[04/08/2014 20:57:11.54][190.74.181.6][1182] SELECT par_cod_asig1,par_cod_asig2,par_cod_asig3 FROM tblaca009 WHERE pensum='5' AND c_uni_ca='2' AND c_asigna='300228' [1][0] OK
C:[04/08/2014 20:57:11.54][190.74.181.6][1182] SELECT par_cod_asig1,par_cod_asig2,par_cod_asig3 FROM tblaca009 WHERE pensum='5' AND c_uni_ca='2' AND c_asigna='300222' [1][0] OK
C:[04/08/2014 20:57:11.80][190.74.181.6][1312] SELECT horas_lab FROM tblaca008 WHERE c_asigna='300228' AND horas_teoricas > 0 [1][0] OK
C:[04/08/2014 20:57:11.80][190.74.181.6][1312] SELECT horas_lab FROM tblaca008 WHERE c_asigna='300222' AND horas_teoricas > 0 [1][0] OK
C:[04/08/2014 20:59:13.20][200.90.103.70][1138] SELECT pre_cod_asig1,pre_cod_asig2,pre_cod_asig3,pre_cod_asig4,pre_cod_asig5,pre_cod_asig6,pre_cod_asig7 FROM tblaca009 WHERE pensum='5' AND c_uni_ca='2' AND c_asigna='300317' [1][0] OK
C:[04/08/2014 20:59:13.20][200.90.103.70][1151] SELECT c_asigna FROM dace004 WHERE exp_e='11-24119972' AND c_asigna='300207' AND status IN ('0','3','B','C') [1][0] OK
C:[04/08/2014 20:59:13.20][200.90.103.70][1151] SELECT c_asigna FROM dace004 WHERE exp_e='11-24119972' AND c_asigna='300209' AND status IN ('0','3','B','C') [1][0] OK
C:[04/08/2014 20:59:13.20][200.90.103.70][1138] SELECT pre_cod_asig1,pre_cod_asig2,pre_cod_asig3,pre_cod_asig4,pre_cod_asig5,pre_cod_asig6,pre_cod_asig7 FROM tblaca009 WHERE pensum='5' AND c_uni_ca='2' AND c_asigna='320323' [1][0] OK
C:[04/08/2014 20:59:13.20][200.90.103.70][1151] SELECT c_asigna FROM dace004 WHERE exp_e='11-24119972' AND c_asigna='300228' AND status IN ('0','3','B','C') [1][0] OK
C:[04/08/2014 20:59:13.20][200.90.103.70][1151] SELECT c_asigna FROM dace004 WHERE exp_e='11-24119972' AND c_asigna='300218' AND status IN ('0','3','B','C') [1][0] OK
C:[04/08/2014 20:59:13.20][200.90.103.70][1182] SELECT par_cod_asig1,par_cod_asig2,par_cod_asig3 FROM tblaca009 WHERE pensum='5' AND c_uni_ca='2' AND c_asigna='300317' [1][0] OK
C:[04/08/2014 20:59:13.20][200.90.103.70][1182] SELECT par_cod_asig1,par_cod_asig2,par_cod_asig3 FROM tblaca009 WHERE pensum='5' AND c_uni_ca='2' AND c_asigna='320323' [1][0] OK
C:[04/08/2014 20:59:13.46][200.90.103.70][1312] SELECT horas_lab FROM tblaca008 WHERE c_asigna='300317' AND horas_teoricas > 0 [1][0] OK
C:[04/08/2014 20:59:13.46][200.90.103.70][1312] SELECT horas_lab FROM tblaca008 WHERE c_asigna='320323' AND horas_teoricas > 0 [1][0] OK
C:[04/08/2014 21:19:24.49][190.77.255.7][1138] SELECT pre_cod_asig1,pre_cod_asig2,pre_cod_asig3,pre_cod_asig4,pre_cod_asig5,pre_cod_asig6,pre_cod_asig7 FROM tblaca009 WHERE pensum='5' AND c_uni_ca='5' AND c_asigna='300101' [1][0] OK
C:[04/08/2014 21:19:24.49][190.77.255.7][1138] SELECT pre_cod_asig1,pre_cod_asig2,pre_cod_asig3,pre_cod_asig4,pre_cod_asig5,pre_cod_asig6,pre_cod_asig7 FROM tblaca009 WHERE pensum='5' AND c_uni_ca='5' AND c_asigna='300112' [1][0] OK
C:[04/08/2014 21:19:24.99][190.77.255.7][1182] SELECT par_cod_asig1,par_cod_asig2,par_cod_asig3 FROM tblaca009 WHERE pensum='5' AND c_uni_ca='5' AND c_asigna='300101' [1][0] OK
C:[04/08/2014 21:19:24.99][190.77.255.7][1182] SELECT par_cod_asig1,par_cod_asig2,par_cod_asig3 FROM tblaca009 WHERE pensum='5' AND c_uni_ca='5' AND c_asigna='300112' [1][0] OK
C:[04/08/2014 21:19:24.25][190.77.255.7][1312] SELECT horas_lab FROM tblaca008 WHERE c_asigna='300101' AND horas_teoricas > 0 [1][0] OK
C:[04/08/2014 21:19:24.25][190.77.255.7][1312] SELECT horas_lab FROM tblaca008 WHERE c_asigna='300112' AND horas_teoricas > 0 [1][0] OK
C:[04/08/2014 21:26:26.75][181.185.95.196][1138] SELECT pre_cod_asig1,pre_cod_asig2,pre_cod_asig3,pre_cod_asig4,pre_cod_asig5,pre_cod_asig6,pre_cod_asig7 FROM tblaca009 WHERE pensum='5' AND c_uni_ca='3' AND c_asigna='300101' [1][0] OK
C:[04/08/2014 21:26:26.75][181.185.95.196][1138] SELECT pre_cod_asig1,pre_cod_asig2,pre_cod_asig3,pre_cod_asig4,pre_cod_asig5,pre_cod_asig6,pre_cod_asig7 FROM tblaca009 WHERE pensum='5' AND c_uni_ca='3' AND c_asigna='300112' [1][0] OK
C:[04/08/2014 21:26:26.25][181.185.95.196][1182] SELECT par_cod_asig1,par_cod_asig2,par_cod_asig3 FROM tblaca009 WHERE pensum='5' AND c_uni_ca='3' AND c_asigna='300101' [1][0] OK
C:[04/08/2014 21:26:26.25][181.185.95.196][1182] SELECT par_cod_asig1,par_cod_asig2,par_cod_asig3 FROM tblaca009 WHERE pensum='5' AND c_uni_ca='3' AND c_asigna='300112' [1][0] OK
C:[04/08/2014 21:26:26.52][181.185.95.196][1312] SELECT horas_lab FROM tblaca008 WHERE c_asigna='300101' AND horas_teoricas > 0 [1][0] OK
C:[04/08/2014 21:26:26.52][181.185.95.196][1312] SELECT horas_lab FROM tblaca008 WHERE c_asigna='300112' AND horas_teoricas > 0 [1][0] OK
C:[04/08/2014 21:26:39.47][201.242.58.107][1138] SELECT pre_cod_asig1,pre_cod_asig2,pre_cod_asig3,pre_cod_asig4,pre_cod_asig5,pre_cod_asig6,pre_cod_asig7 FROM tblaca009 WHERE pensum='5' AND c_uni_ca='5' AND c_asigna='355573' [1][0] OK
C:[04/08/2014 21:26:39.47][201.242.58.107][1151] SELECT c_asigna FROM dace004 WHERE exp_e='00-15186148' AND c_asigna='355448' AND status IN ('0','3','B','C') [1][0] OK
C:[04/08/2014 21:26:39.97][201.242.58.107][1182] SELECT par_cod_asig1,par_cod_asig2,par_cod_asig3 FROM tblaca009 WHERE pensum='5' AND c_uni_ca='5' AND c_asigna='355573' [1][0] OK
C:[04/08/2014 21:26:39.16][201.242.58.107][1312] SELECT horas_lab FROM tblaca008 WHERE c_asigna='355573' AND horas_teoricas > 0 [1][0] OK
C:[04/08/2014 21:28:18.07][201.242.58.107][1138] SELECT pre_cod_asig1,pre_cod_asig2,pre_cod_asig3,pre_cod_asig4,pre_cod_asig5,pre_cod_asig6,pre_cod_asig7 FROM tblaca009 WHERE pensum='5' AND c_uni_ca='5' AND c_asigna='355694' [1][0] OK
C:[04/08/2014 21:28:18.07][201.242.58.107][1151] SELECT c_asigna FROM dace004 WHERE exp_e='04-16407950' AND c_asigna='355572' AND status IN ('0','3','B','C') [1][0] OK
C:[04/08/2014 21:28:18.07][201.242.58.107][1151] SELECT c_asigna FROM dace004 WHERE exp_e='04-16407950' AND c_asigna='355571' AND status IN ('0','3','B','C') [1][0] OK
C:[04/08/2014 21:28:18.07][201.242.58.107][1138] SELECT pre_cod_asig1,pre_cod_asig2,pre_cod_asig3,pre_cod_asig4,pre_cod_asig5,pre_cod_asig6,pre_cod_asig7 FROM tblaca009 WHERE pensum='5' AND c_uni_ca='5' AND c_asigna='355724' [1][0] OK
C:[04/08/2014 21:28:18.07][201.242.58.107][1151] SELECT c_asigna FROM dace004 WHERE exp_e='04-16407950' AND c_asigna='355692' AND status IN ('0','3','B','C') [1][0] OK
C:[04/08/2014 21:28:18.95][201.242.58.107][1182] SELECT par_cod_asig1,par_cod_asig2,par_cod_asig3 FROM tblaca009 WHERE pensum='5' AND c_uni_ca='5' AND c_asigna='355694' [1][0] OK
C:[04/08/2014 21:28:18.95][201.242.58.107][1182] SELECT par_cod_asig1,par_cod_asig2,par_cod_asig3 FROM tblaca009 WHERE pensum='5' AND c_uni_ca='5' AND c_asigna='355724' [1][0] OK
C:[04/08/2014 21:28:18.21][201.242.58.107][1312] SELECT horas_lab FROM tblaca008 WHERE c_asigna='355694' AND horas_teoricas > 0 [1][0] OK
C:[04/08/2014 21:28:18.21][201.242.58.107][1312] SELECT horas_lab FROM tblaca008 WHERE c_asigna='355724' AND horas_teoricas > 0 [1][0] OK
C:[04/08/2014 21:29:23.58][201.242.58.107][1138] SELECT pre_cod_asig1,pre_cod_asig2,pre_cod_asig3,pre_cod_asig4,pre_cod_asig5,pre_cod_asig6,pre_cod_asig7 FROM tblaca009 WHERE pensum='5' AND c_uni_ca='5' AND c_asigna='355573' [1][0] OK
C:[04/08/2014 21:29:23.58][201.242.58.107][1151] SELECT c_asigna FROM dace004 WHERE exp_e='00-15186148' AND c_asigna='355448' AND status IN ('0','3','B','C') [1][0] OK
C:[04/08/2014 21:29:23.08][201.242.58.107][1182] SELECT par_cod_asig1,par_cod_asig2,par_cod_asig3 FROM tblaca009 WHERE pensum='5' AND c_uni_ca='5' AND c_asigna='355573' [1][0] OK
C:[04/08/2014 21:29:23.22][201.242.58.107][1312] SELECT horas_lab FROM tblaca008 WHERE c_asigna='355573' AND horas_teoricas > 0 [1][0] OK
C:[04/08/2014 21:40:31.56][190.94.222.84][1138] SELECT pre_cod_asig1,pre_cod_asig2,pre_cod_asig3,pre_cod_asig4,pre_cod_asig5,pre_cod_asig6,pre_cod_asig7 FROM tblaca009 WHERE pensum='5' AND c_uni_ca='2' AND c_asigna='300209' [1][0] OK
C:[04/08/2014 21:40:31.56][190.94.222.84][1151] SELECT c_asigna FROM dace004 WHERE exp_e='13-24842217' AND c_asigna='300101' AND status IN ('0','3','B','C') [1][0] OK
C:[04/08/2014 21:40:31.56][190.94.222.84][1138] SELECT pre_cod_asig1,pre_cod_asig2,pre_cod_asig3,pre_cod_asig4,pre_cod_asig5,pre_cod_asig6,pre_cod_asig7 FROM tblaca009 WHERE pensum='5' AND c_uni_ca='2' AND c_asigna='300226' [1][0] OK
C:[04/08/2014 21:40:31.56][190.94.222.84][1151] SELECT c_asigna FROM dace004 WHERE exp_e='13-24842217' AND c_asigna='300116' AND status IN ('0','3','B','C') [1][0] OK
C:[04/08/2014 21:40:32.31][190.94.222.84][1182] SELECT par_cod_asig1,par_cod_asig2,par_cod_asig3 FROM tblaca009 WHERE pensum='5' AND c_uni_ca='2' AND c_asigna='300209' [1][0] OK
C:[04/08/2014 21:40:32.31][190.94.222.84][1182] SELECT par_cod_asig1,par_cod_asig2,par_cod_asig3 FROM tblaca009 WHERE pensum='5' AND c_uni_ca='2' AND c_asigna='300226' [1][0] OK
C:[04/08/2014 21:40:32.57][190.94.222.84][1312] SELECT horas_lab FROM tblaca008 WHERE c_asigna='300209' AND horas_teoricas > 0 [1][0] OK
C:[04/08/2014 21:40:32.57][190.94.222.84][1312] SELECT horas_lab FROM tblaca008 WHERE c_asigna='300226' AND horas_teoricas > 0 [1][0] OK
C:[04/08/2014 21:45:38.63][190.37.115.235][1138] SELECT pre_cod_asig1,pre_cod_asig2,pre_cod_asig3,pre_cod_asig4,pre_cod_asig5,pre_cod_asig6,pre_cod_asig7 FROM tblaca009 WHERE pensum='5' AND c_uni_ca='3' AND c_asigna='300209' [1][0] OK
C:[04/08/2014 21:45:38.63][190.37.115.235][1151] SELECT c_asigna FROM dace004 WHERE exp_e='11-17338878' AND c_asigna='300101' AND status IN ('0','3','B','C') [1][0] OK
C:[04/08/2014 21:45:38.57][190.37.115.235][1182] SELECT par_cod_asig1,par_cod_asig2,par_cod_asig3 FROM tblaca009 WHERE pensum='5' AND c_uni_ca='3' AND c_asigna='300209' [1][0] OK
C:[04/08/2014 21:45:38.71][190.37.115.235][1312] SELECT horas_lab FROM tblaca008 WHERE c_asigna='300209' AND horas_teoricas > 0 [1][0] OK
C:[04/08/2014 21:50:05.09][190.37.115.235][1138] SELECT pre_cod_asig1,pre_cod_asig2,pre_cod_asig3,pre_cod_asig4,pre_cod_asig5,pre_cod_asig6,pre_cod_asig7 FROM tblaca009 WHERE pensum='5' AND c_uni_ca='3' AND c_asigna='300209' [1][0] OK
C:[04/08/2014 21:50:05.09][190.37.115.235][1151] SELECT c_asigna FROM dace004 WHERE exp_e='11-17338878' AND c_asigna='300101' AND status IN ('0','3','B','C') [1][0] OK
C:[04/08/2014 21:50:05.03][190.37.115.235][1182] SELECT par_cod_asig1,par_cod_asig2,par_cod_asig3 FROM tblaca009 WHERE pensum='5' AND c_uni_ca='3' AND c_asigna='300209' [1][0] OK
C:[04/08/2014 21:50:05.17][190.37.115.235][1312] SELECT horas_lab FROM tblaca008 WHERE c_asigna='300209' AND horas_teoricas > 0 [1][0] OK
C:[04/08/2014 21:56:28.52][190.75.137.218][1138] SELECT pre_cod_asig1,pre_cod_asig2,pre_cod_asig3,pre_cod_asig4,pre_cod_asig5,pre_cod_asig6,pre_cod_asig7 FROM tblaca009 WHERE pensum='5' AND c_uni_ca='3' AND c_asigna='311822' [1][0] OK
C:[04/08/2014 21:56:28.52][190.75.137.218][1151] SELECT c_asigna FROM dace004 WHERE exp_e='10-21250277' AND c_asigna='311795' AND status IN ('0','3','B','C') [1][0] OK
C:[04/08/2014 21:56:28.52][190.75.137.218][1138] SELECT pre_cod_asig1,pre_cod_asig2,pre_cod_asig3,pre_cod_asig4,pre_cod_asig5,pre_cod_asig6,pre_cod_asig7 FROM tblaca009 WHERE pensum='5' AND c_uni_ca='3' AND c_asigna='311826' [1][0] OK
C:[04/08/2014 21:56:28.52][190.75.137.218][1151] SELECT c_asigna FROM dace004 WHERE exp_e='10-21250277' AND c_asigna='311799' AND status IN ('0','3','B','C') [1][0] OK
C:[04/08/2014 21:56:28.28][190.75.137.218][1182] SELECT par_cod_asig1,par_cod_asig2,par_cod_asig3 FROM tblaca009 WHERE pensum='5' AND c_uni_ca='3' AND c_asigna='311822' [1][0] OK
C:[04/08/2014 21:56:28.28][190.75.137.218][1182] SELECT par_cod_asig1,par_cod_asig2,par_cod_asig3 FROM tblaca009 WHERE pensum='5' AND c_uni_ca='3' AND c_asigna='311826' [1][0] OK
C:[04/08/2014 21:56:28.54][190.75.137.218][1312] SELECT horas_lab FROM tblaca008 WHERE c_asigna='311822' AND horas_teoricas > 0 [1][0] OK
C:[04/08/2014 21:56:28.54][190.75.137.218][1312] SELECT horas_lab FROM tblaca008 WHERE c_asigna='311826' AND horas_teoricas > 0 [1][0] OK
C:[04/08/2014 22:16:18.91][186.90.191.130][1138] SELECT pre_cod_asig1,pre_cod_asig2,pre_cod_asig3,pre_cod_asig4,pre_cod_asig5,pre_cod_asig6,pre_cod_asig7 FROM tblaca009 WHERE pensum='5' AND c_uni_ca='5' AND c_asigna='300101' [1][0] OK
C:[04/08/2014 22:16:18.91][186.90.191.130][1138] SELECT pre_cod_asig1,pre_cod_asig2,pre_cod_asig3,pre_cod_asig4,pre_cod_asig5,pre_cod_asig6,pre_cod_asig7 FROM tblaca009 WHERE pensum='5' AND c_uni_ca='5' AND c_asigna='300112' [1][0] OK
C:[04/08/2014 22:16:18.41][186.90.191.130][1182] SELECT par_cod_asig1,par_cod_asig2,par_cod_asig3 FROM tblaca009 WHERE pensum='5' AND c_uni_ca='5' AND c_asigna='300101' [1][0] OK
C:[04/08/2014 22:16:18.41][186.90.191.130][1182] SELECT par_cod_asig1,par_cod_asig2,par_cod_asig3 FROM tblaca009 WHERE pensum='5' AND c_uni_ca='5' AND c_asigna='300112' [1][0] OK
C:[04/08/2014 22:16:18.67][186.90.191.130][1312] SELECT horas_lab FROM tblaca008 WHERE c_asigna='300101' AND horas_teoricas > 0 [1][0] OK
C:[04/08/2014 22:16:18.67][186.90.191.130][1312] SELECT horas_lab FROM tblaca008 WHERE c_asigna='300112' AND horas_teoricas > 0 [1][0] OK
C:[04/08/2014 22:17:21.68][200.62.19.36][1138] SELECT pre_cod_asig1,pre_cod_asig2,pre_cod_asig3,pre_cod_asig4,pre_cod_asig5,pre_cod_asig6,pre_cod_asig7 FROM tblaca009 WHERE pensum='5' AND c_uni_ca='5' AND c_asigna='300222' [1][0] OK
C:[04/08/2014 22:17:21.68][200.62.19.36][1151] SELECT c_asigna FROM dace004 WHERE exp_e='13-25393257' AND c_asigna='300112' AND status IN ('0','3','B','C') [1][0] OK
C:[04/08/2014 22:17:21.17][200.62.19.36][1182] SELECT par_cod_asig1,par_cod_asig2,par_cod_asig3 FROM tblaca009 WHERE pensum='5' AND c_uni_ca='5' AND c_asigna='300222' [1][0] OK
C:[04/08/2014 22:17:21.31][200.62.19.36][1312] SELECT horas_lab FROM tblaca008 WHERE c_asigna='300222' AND horas_teoricas > 0 [1][0] OK
C:[04/08/2014 22:36:29.29][186.94.58.10][1138] SELECT pre_cod_asig1,pre_cod_asig2,pre_cod_asig3,pre_cod_asig4,pre_cod_asig5,pre_cod_asig6,pre_cod_asig7 FROM tblaca009 WHERE pensum='5' AND c_uni_ca='4' AND c_asigna='300956' [1][0] OK
C:[04/08/2014 22:36:29.29][186.94.58.10][1151] SELECT c_asigna FROM dace004 WHERE exp_e='09-22593071' AND c_asigna='300422' AND status IN ('0','3','B','C') [1][0] OK
C:[04/08/2014 22:36:29.29][186.94.58.10][1151] SELECT c_asigna FROM dace004 WHERE exp_e='09-22593071' AND c_asigna='300105' AND status IN ('0','3','B','C') [1][0] OK
C:[04/08/2014 22:36:29.29][186.94.58.10][1151] SELECT c_asigna FROM dace004 WHERE exp_e='09-22593071' AND c_asigna='300314' AND status IN ('0','3','B','C') [1][0] OK
C:[04/08/2014 22:36:29.48][186.94.58.10][1182] SELECT par_cod_asig1,par_cod_asig2,par_cod_asig3 FROM tblaca009 WHERE pensum='5' AND c_uni_ca='4' AND c_asigna='300956' [1][0] OK
C:[04/08/2014 22:36:29.61][186.94.58.10][1312] SELECT horas_lab FROM tblaca008 WHERE c_asigna='300956' AND horas_teoricas > 0 [1][0] OK
C:[04/08/2014 22:38:16.40][186.88.166.204][1138] SELECT pre_cod_asig1,pre_cod_asig2,pre_cod_asig3,pre_cod_asig4,pre_cod_asig5,pre_cod_asig6,pre_cod_asig7 FROM tblaca009 WHERE pensum='5' AND c_uni_ca='3' AND c_asigna='300222' [1][0] OK
C:[04/08/2014 22:38:16.40][186.88.166.204][1151] SELECT c_asigna FROM dace004 WHERE exp_e='12-24889194' AND c_asigna='300112' AND status IN ('0','3','B','C') [1][0] OK
C:[04/08/2014 22:38:16.40][186.88.166.204][1138] SELECT pre_cod_asig1,pre_cod_asig2,pre_cod_asig3,pre_cod_asig4,pre_cod_asig5,pre_cod_asig6,pre_cod_asig7 FROM tblaca009 WHERE pensum='5' AND c_uni_ca='3' AND c_asigna='300207' [1][0] OK
C:[04/08/2014 22:38:16.40][186.88.166.204][1151] SELECT c_asigna FROM dace004 WHERE exp_e='12-24889194' AND c_asigna='300101' AND status IN ('0','3','B','C') [1][0] OK
C:[04/08/2014 22:38:16.40][186.88.166.204][1138] SELECT pre_cod_asig1,pre_cod_asig2,pre_cod_asig3,pre_cod_asig4,pre_cod_asig5,pre_cod_asig6,pre_cod_asig7 FROM tblaca009 WHERE pensum='5' AND c_uni_ca='3' AND c_asigna='311320' [1][0] OK
C:[04/08/2014 22:38:16.40][186.88.166.204][1151] SELECT c_asigna FROM dace004 WHERE exp_e='12-24889194' AND c_asigna='300013' AND status IN ('0','3','B','C') [1][0] OK
C:[04/08/2014 22:38:16.40][186.88.166.204][1151] SELECT c_asigna FROM dace004 WHERE exp_e='12-24889194' AND c_asigna='300113' AND status IN ('0','3','B','C') [1][0] OK
C:[04/08/2014 22:38:17.53][186.88.166.204][1182] SELECT par_cod_asig1,par_cod_asig2,par_cod_asig3 FROM tblaca009 WHERE pensum='5' AND c_uni_ca='3' AND c_asigna='300222' [1][0] OK
C:[04/08/2014 22:38:17.53][186.88.166.204][1182] SELECT par_cod_asig1,par_cod_asig2,par_cod_asig3 FROM tblaca009 WHERE pensum='5' AND c_uni_ca='3' AND c_asigna='300207' [1][0] OK
C:[04/08/2014 22:38:17.53][186.88.166.204][1182] SELECT par_cod_asig1,par_cod_asig2,par_cod_asig3 FROM tblaca009 WHERE pensum='5' AND c_uni_ca='3' AND c_asigna='311320' [1][0] OK
C:[04/08/2014 22:38:17.92][186.88.166.204][1312] SELECT horas_lab FROM tblaca008 WHERE c_asigna='300222' AND horas_teoricas > 0 [1][0] OK
C:[04/08/2014 22:38:17.92][186.88.166.204][1312] SELECT horas_lab FROM tblaca008 WHERE c_asigna='300207' AND horas_teoricas > 0 [1][0] OK
C:[04/08/2014 22:38:17.92][186.88.166.204][1312] SELECT horas_lab FROM tblaca008 WHERE c_asigna='311320' AND horas_teoricas > 0 [1][0] OK
C:[04/08/2014 22:42:52.84][179.45.61.237][1138] SELECT pre_cod_asig1,pre_cod_asig2,pre_cod_asig3,pre_cod_asig4,pre_cod_asig5,pre_cod_asig6,pre_cod_asig7 FROM tblaca009 WHERE pensum='5' AND c_uni_ca='3' AND c_asigna='300101' [1][0] OK
C:[04/08/2014 22:42:52.84][179.45.61.237][1138] SELECT pre_cod_asig1,pre_cod_asig2,pre_cod_asig3,pre_cod_asig4,pre_cod_asig5,pre_cod_asig6,pre_cod_asig7 FROM tblaca009 WHERE pensum='5' AND c_uni_ca='3' AND c_asigna='300112' [1][0] OK
C:[04/08/2014 22:42:52.34][179.45.61.237][1182] SELECT par_cod_asig1,par_cod_asig2,par_cod_asig3 FROM tblaca009 WHERE pensum='5' AND c_uni_ca='3' AND c_asigna='300101' [1][0] OK
C:[04/08/2014 22:42:52.34][179.45.61.237][1182] SELECT par_cod_asig1,par_cod_asig2,par_cod_asig3 FROM tblaca009 WHERE pensum='5' AND c_uni_ca='3' AND c_asigna='300112' [1][0] OK
C:[04/08/2014 22:42:52.60][179.45.61.237][1312] SELECT horas_lab FROM tblaca008 WHERE c_asigna='300101' AND horas_teoricas > 0 [1][0] OK
C:[04/08/2014 22:42:52.60][179.45.61.237][1312] SELECT horas_lab FROM tblaca008 WHERE c_asigna='300112' AND horas_teoricas > 0 [1][0] OK
C:[04/08/2014 22:49:46.62][190.201.175.228][1138] SELECT pre_cod_asig1,pre_cod_asig2,pre_cod_asig3,pre_cod_asig4,pre_cod_asig5,pre_cod_asig6,pre_cod_asig7 FROM tblaca009 WHERE pensum='5' AND c_uni_ca='2' AND c_asigna='300101' [1][0] OK
C:[04/08/2014 22:49:46.00][190.201.175.228][1182] SELECT par_cod_asig1,par_cod_asig2,par_cod_asig3 FROM tblaca009 WHERE pensum='5' AND c_uni_ca='2' AND c_asigna='300101' [1][0] OK
C:[04/08/2014 22:49:46.25][190.201.175.228][1312] SELECT horas_lab FROM tblaca008 WHERE c_asigna='300101' AND horas_teoricas > 0 [1][0] OK
C:[04/08/2014 23:03:37.87][186.89.140.96][1138] SELECT pre_cod_asig1,pre_cod_asig2,pre_cod_asig3,pre_cod_asig4,pre_cod_asig5,pre_cod_asig6,pre_cod_asig7 FROM tblaca009 WHERE pensum='5' AND c_uni_ca='3' AND c_asigna='300428' [1][0] OK
C:[04/08/2014 23:03:37.87][186.89.140.96][1151] SELECT c_asigna FROM dace004 WHERE exp_e='11-25393777' AND c_asigna='300317' AND status IN ('0','3','B','C') [1][0] OK
C:[04/08/2014 23:03:37.87][186.89.140.96][1151] SELECT c_asigna FROM dace004 WHERE exp_e='11-25393777' AND c_asigna='300209' AND status IN ('0','3','B','C') [1][0] OK
C:[04/08/2014 23:03:37.87][186.89.140.96][1138] SELECT pre_cod_asig1,pre_cod_asig2,pre_cod_asig3,pre_cod_asig4,pre_cod_asig5,pre_cod_asig6,pre_cod_asig7 FROM tblaca009 WHERE pensum='5' AND c_uni_ca='3' AND c_asigna='311430' [1][0] OK
C:[04/08/2014 23:03:37.87][186.89.140.96][1151] SELECT c_asigna FROM dace004 WHERE exp_e='11-25393777' AND c_asigna='300317' AND status IN ('0','3','B','C') [1][0] OK
C:[04/08/2014 23:03:37.87][186.89.140.96][1151] SELECT c_asigna FROM dace004 WHERE exp_e='11-25393777' AND c_asigna='300318' AND status IN ('0','3','B','C') [1][0] OK
C:[04/08/2014 23:03:37.87][186.89.140.96][1151] SELECT c_asigna FROM dace004 WHERE exp_e='11-25393777' AND c_asigna='300313' AND status IN ('0','3','B','C') [1][0] OK
C:[04/08/2014 23:03:37.87][186.89.140.96][1151] SELECT c_asigna FROM dace004 WHERE exp_e='11-25393777' AND c_asigna='300222' AND status IN ('0','3','B','C') [1][0] OK
C:[04/08/2014 23:03:37.87][186.89.140.96][1151] SELECT c_asigna FROM dace004 WHERE exp_e='11-25393777' AND c_asigna='300226' AND status IN ('0','3','B','C') [1][0] OK
C:[04/08/2014 23:03:37.87][186.89.140.96][1151] SELECT c_asigna FROM dace004 WHERE exp_e='11-25393777' AND c_asigna='300209' AND status IN ('0','3','B','C') [1][0] OK
C:[04/08/2014 23:03:37.87][186.89.140.96][1138] SELECT pre_cod_asig1,pre_cod_asig2,pre_cod_asig3,pre_cod_asig4,pre_cod_asig5,pre_cod_asig6,pre_cod_asig7 FROM tblaca009 WHERE pensum='5' AND c_uni_ca='3' AND c_asigna='311431' [1][0] OK
C:[04/08/2014 23:03:37.87][186.89.140.96][1151] SELECT c_asigna FROM dace004 WHERE exp_e='11-25393777' AND c_asigna='311320' AND status IN ('0','3','B','C') [1][0] OK
C:[04/08/2014 23:03:37.87][186.89.140.96][1151] SELECT c_asigna FROM dace004 WHERE exp_e='11-25393777' AND c_asigna='300013' AND status IN ('0','3','B','C') [1][0] OK
C:[04/08/2014 23:03:37.87][186.89.140.96][1151] SELECT c_asigna FROM dace004 WHERE exp_e='11-25393777' AND c_asigna='300113' AND status IN ('0','3','B','C') [1][0] OK
C:[04/08/2014 23:03:37.87][186.89.140.96][1151] SELECT c_asigna FROM dace004 WHERE exp_e='11-25393777' AND c_asigna='300222' AND status IN ('0','3','B','C') [1][0] OK
C:[04/08/2014 23:03:37.87][186.89.140.96][1151] SELECT c_asigna FROM dace004 WHERE exp_e='11-25393777' AND c_asigna='300226' AND status IN ('0','3','B','C') [1][0] OK
C:[04/08/2014 23:03:37.87][186.89.140.96][1151] SELECT c_asigna FROM dace004 WHERE exp_e='11-25393777' AND c_asigna='300209' AND status IN ('0','3','B','C') [1][0] OK
C:[04/08/2014 23:03:38.24][186.89.140.96][1182] SELECT par_cod_asig1,par_cod_asig2,par_cod_asig3 FROM tblaca009 WHERE pensum='5' AND c_uni_ca='3' AND c_asigna='300428' [1][0] OK
C:[04/08/2014 23:03:38.24][186.89.140.96][1182] SELECT par_cod_asig1,par_cod_asig2,par_cod_asig3 FROM tblaca009 WHERE pensum='5' AND c_uni_ca='3' AND c_asigna='311430' [1][0] OK
C:[04/08/2014 23:03:38.24][186.89.140.96][1182] SELECT par_cod_asig1,par_cod_asig2,par_cod_asig3 FROM tblaca009 WHERE pensum='5' AND c_uni_ca='3' AND c_asigna='311431' [1][0] OK
C:[04/08/2014 23:03:38.24][186.89.140.96][1196] SELECT c_asigna FROM dace004 WHERE exp_e='11-25393777' AND c_asigna='311430' AND status IN ('0','3','B','C') [0][0] OK
C:[04/08/2014 23:03:38.76][186.89.140.96][1312] SELECT horas_lab FROM tblaca008 WHERE c_asigna='300428' AND horas_teoricas > 0 [1][0] OK
C:[04/08/2014 23:03:38.76][186.89.140.96][1312] SELECT horas_lab FROM tblaca008 WHERE c_asigna='311430' AND horas_teoricas > 0 [1][0] OK
C:[04/08/2014 23:03:38.76][186.89.140.96][1312] SELECT horas_lab FROM tblaca008 WHERE c_asigna='311431' AND horas_teoricas > 0 [1][0] OK
C:[04/08/2014 23:06:28.99][186.89.140.96][1138] SELECT pre_cod_asig1,pre_cod_asig2,pre_cod_asig3,pre_cod_asig4,pre_cod_asig5,pre_cod_asig6,pre_cod_asig7 FROM tblaca009 WHERE pensum='5' AND c_uni_ca='3' AND c_asigna='300428' [1][0] OK
C:[04/08/2014 23:06:28.99][186.89.140.96][1151] SELECT c_asigna FROM dace004 WHERE exp_e='11-25393777' AND c_asigna='300317' AND status IN ('0','3','B','C') [1][0] OK
C:[04/08/2014 23:06:28.99][186.89.140.96][1151] SELECT c_asigna FROM dace004 WHERE exp_e='11-25393777' AND c_asigna='300209' AND status IN ('0','3','B','C') [1][0] OK
C:[04/08/2014 23:06:28.99][186.89.140.96][1138] SELECT pre_cod_asig1,pre_cod_asig2,pre_cod_asig3,pre_cod_asig4,pre_cod_asig5,pre_cod_asig6,pre_cod_asig7 FROM tblaca009 WHERE pensum='5' AND c_uni_ca='3' AND c_asigna='311430' [1][0] OK
C:[04/08/2014 23:06:28.99][186.89.140.96][1151] SELECT c_asigna FROM dace004 WHERE exp_e='11-25393777' AND c_asigna='300317' AND status IN ('0','3','B','C') [1][0] OK
C:[04/08/2014 23:06:28.99][186.89.140.96][1151] SELECT c_asigna FROM dace004 WHERE exp_e='11-25393777' AND c_asigna='300318' AND status IN ('0','3','B','C') [1][0] OK
C:[04/08/2014 23:06:28.99][186.89.140.96][1151] SELECT c_asigna FROM dace004 WHERE exp_e='11-25393777' AND c_asigna='300313' AND status IN ('0','3','B','C') [1][0] OK
C:[04/08/2014 23:06:28.99][186.89.140.96][1151] SELECT c_asigna FROM dace004 WHERE exp_e='11-25393777' AND c_asigna='300222' AND status IN ('0','3','B','C') [1][0] OK
C:[04/08/2014 23:06:28.99][186.89.140.96][1151] SELECT c_asigna FROM dace004 WHERE exp_e='11-25393777' AND c_asigna='300226' AND status IN ('0','3','B','C') [1][0] OK
C:[04/08/2014 23:06:28.99][186.89.140.96][1151] SELECT c_asigna FROM dace004 WHERE exp_e='11-25393777' AND c_asigna='300209' AND status IN ('0','3','B','C') [1][0] OK
C:[04/08/2014 23:06:28.99][186.89.140.96][1138] SELECT pre_cod_asig1,pre_cod_asig2,pre_cod_asig3,pre_cod_asig4,pre_cod_asig5,pre_cod_asig6,pre_cod_asig7 FROM tblaca009 WHERE pensum='5' AND c_uni_ca='3' AND c_asigna='311431' [1][0] OK
C:[04/08/2014 23:06:28.99][186.89.140.96][1151] SELECT c_asigna FROM dace004 WHERE exp_e='11-25393777' AND c_asigna='311320' AND status IN ('0','3','B','C') [1][0] OK
C:[04/08/2014 23:06:28.99][186.89.140.96][1151] SELECT c_asigna FROM dace004 WHERE exp_e='11-25393777' AND c_asigna='300013' AND status IN ('0','3','B','C') [1][0] OK
C:[04/08/2014 23:06:28.99][186.89.140.96][1151] SELECT c_asigna FROM dace004 WHERE exp_e='11-25393777' AND c_asigna='300113' AND status IN ('0','3','B','C') [1][0] OK
C:[04/08/2014 23:06:28.99][186.89.140.96][1151] SELECT c_asigna FROM dace004 WHERE exp_e='11-25393777' AND c_asigna='300222' AND status IN ('0','3','B','C') [1][0] OK
C:[04/08/2014 23:06:28.99][186.89.140.96][1151] SELECT c_asigna FROM dace004 WHERE exp_e='11-25393777' AND c_asigna='300226' AND status IN ('0','3','B','C') [1][0] OK
C:[04/08/2014 23:06:28.99][186.89.140.96][1151] SELECT c_asigna FROM dace004 WHERE exp_e='11-25393777' AND c_asigna='300209' AND status IN ('0','3','B','C') [1][0] OK
C:[04/08/2014 23:06:29.38][186.89.140.96][1182] SELECT par_cod_asig1,par_cod_asig2,par_cod_asig3 FROM tblaca009 WHERE pensum='5' AND c_uni_ca='3' AND c_asigna='300428' [1][0] OK
C:[04/08/2014 23:06:29.38][186.89.140.96][1182] SELECT par_cod_asig1,par_cod_asig2,par_cod_asig3 FROM tblaca009 WHERE pensum='5' AND c_uni_ca='3' AND c_asigna='311430' [1][0] OK
C:[04/08/2014 23:06:29.38][186.89.140.96][1182] SELECT par_cod_asig1,par_cod_asig2,par_cod_asig3 FROM tblaca009 WHERE pensum='5' AND c_uni_ca='3' AND c_asigna='311431' [1][0] OK
C:[04/08/2014 23:06:29.38][186.89.140.96][1196] SELECT c_asigna FROM dace004 WHERE exp_e='11-25393777' AND c_asigna='311430' AND status IN ('0','3','B','C') [0][0] OK
C:[04/08/2014 23:06:29.89][186.89.140.96][1312] SELECT horas_lab FROM tblaca008 WHERE c_asigna='300428' AND horas_teoricas > 0 [1][0] OK
C:[04/08/2014 23:06:29.89][186.89.140.96][1312] SELECT horas_lab FROM tblaca008 WHERE c_asigna='311430' AND horas_teoricas > 0 [1][0] OK
C:[04/08/2014 23:06:29.89][186.89.140.96][1312] SELECT horas_lab FROM tblaca008 WHERE c_asigna='311431' AND horas_teoricas > 0 [1][0] OK
C:[04/08/2014 23:30:29.48][190.206.72.227][1138] SELECT pre_cod_asig1,pre_cod_asig2,pre_cod_asig3,pre_cod_asig4,pre_cod_asig5,pre_cod_asig6,pre_cod_asig7 FROM tblaca009 WHERE pensum='5' AND c_uni_ca='3' AND c_asigna='315552' [1][0] OK
C:[04/08/2014 23:30:29.48][190.206.72.227][1151] SELECT c_asigna FROM dace004 WHERE exp_e='11-20804413' AND c_asigna='311430' AND status IN ('0','3','B','C') [1][0] OK
C:[04/08/2014 23:30:29.48][190.206.72.227][1151] SELECT c_asigna FROM dace004 WHERE exp_e='11-20804413' AND c_asigna='300222' AND status IN ('0','3','B','C') [1][0] OK
C:[04/08/2014 23:30:29.48][190.206.72.227][1151] SELECT c_asigna FROM dace004 WHERE exp_e='11-20804413' AND c_asigna='300226' AND status IN ('0','3','B','C') [1][0] OK
C:[04/08/2014 23:30:29.48][190.206.72.227][1151] SELECT c_asigna FROM dace004 WHERE exp_e='11-20804413' AND c_asigna='300209' AND status IN ('0','3','B','C') [1][0] OK
C:[04/08/2014 23:30:29.93][190.206.72.227][1182] SELECT par_cod_asig1,par_cod_asig2,par_cod_asig3 FROM tblaca009 WHERE pensum='5' AND c_uni_ca='3' AND c_asigna='315552' [1][0] OK
C:[04/08/2014 23:30:29.62][190.206.72.227][1312] SELECT horas_lab FROM tblaca008 WHERE c_asigna='315552' AND horas_teoricas > 0 [1][0] OK
C:[04/08/2014 23:51:02.61][190.207.47.173][1138] SELECT pre_cod_asig1,pre_cod_asig2,pre_cod_asig3,pre_cod_asig4,pre_cod_asig5,pre_cod_asig6,pre_cod_asig7 FROM tblaca009 WHERE pensum='5' AND c_uni_ca='2' AND c_asigna='300112' [1][0] OK
C:[04/08/2014 23:51:02.24][190.207.47.173][1182] SELECT par_cod_asig1,par_cod_asig2,par_cod_asig3 FROM tblaca009 WHERE pensum='5' AND c_uni_ca='2' AND c_asigna='300112' [1][0] OK
C:[04/08/2014 23:51:02.37][190.207.47.173][1312] SELECT horas_lab FROM tblaca008 WHERE c_asigna='300112' AND horas_teoricas > 0 [1][0] OK
C:[04/08/2014 23:51:56.40][200.90.121.69][1138] SELECT pre_cod_asig1,pre_cod_asig2,pre_cod_asig3,pre_cod_asig4,pre_cod_asig5,pre_cod_asig6,pre_cod_asig7 FROM tblaca009 WHERE pensum='5' AND c_uni_ca='5' AND c_asigna='355570' [1][0] OK
C:[04/08/2014 23:51:56.40][200.90.121.69][1151] SELECT c_asigna FROM dace004 WHERE exp_e='08-20975281' AND c_asigna='355447' AND status IN ('0','3','B','C') [1][0] OK
C:[04/08/2014 23:51:56.40][200.90.121.69][1138] SELECT pre_cod_asig1,pre_cod_asig2,pre_cod_asig3,pre_cod_asig4,pre_cod_asig5,pre_cod_asig6,pre_cod_asig7 FROM tblaca009 WHERE pensum='5' AND c_uni_ca='5' AND c_asigna='355693' [1][0] OK
C:[04/08/2014 23:51:56.40][200.90.121.69][1151] SELECT c_asigna FROM dace004 WHERE exp_e='08-20975281' AND c_asigna='355572' AND status IN ('0','3','B','C') [1][0] OK
C:[04/08/2014 23:51:56.40][200.90.121.69][1151] SELECT c_asigna FROM dace004 WHERE exp_e='08-20975281' AND c_asigna='352440' AND status IN ('0','3','B','C') [1][0] OK
C:[04/08/2014 23:51:56.40][200.90.121.69][1151] SELECT c_asigna FROM dace004 WHERE exp_e='08-20975281' AND c_asigna='355573' AND status IN ('0','3','B','C') [1][0] OK
C:[04/08/2014 23:51:56.40][200.90.121.69][1151] SELECT c_asigna FROM dace004 WHERE exp_e='08-20975281' AND c_asigna='300226' AND status IN ('0','3','B','C') [1][0] OK
C:[04/08/2014 23:51:56.40][200.90.121.69][1151] SELECT c_asigna FROM dace004 WHERE exp_e='08-20975281' AND c_asigna='300222' AND status IN ('0','3','B','C') [1][0] OK
C:[04/08/2014 23:51:56.40][200.90.121.69][1151] SELECT c_asigna FROM dace004 WHERE exp_e='08-20975281' AND c_asigna='300013' AND status IN ('0','3','B','C') [1][0] OK
C:[04/08/2014 23:51:56.40][200.90.121.69][1151] SELECT c_asigna FROM dace004 WHERE exp_e='08-20975281' AND c_asigna='300113' AND status IN ('0','3','B','C') [1][0] OK
C:[04/08/2014 23:51:56.40][200.90.121.69][1138] SELECT pre_cod_asig1,pre_cod_asig2,pre_cod_asig3,pre_cod_asig4,pre_cod_asig5,pre_cod_asig6,pre_cod_asig7 FROM tblaca009 WHERE pensum='5' AND c_uni_ca='5' AND c_asigna='355723' [1][0] OK
C:[04/08/2014 23:51:56.40][200.90.121.69][1151] SELECT c_asigna FROM dace004 WHERE exp_e='08-20975281' AND c_asigna='355694' AND status IN ('0','3','B','C') [1][0] OK
C:[04/08/2014 23:51:57.46][200.90.121.69][1182] SELECT par_cod_asig1,par_cod_asig2,par_cod_asig3 FROM tblaca009 WHERE pensum='5' AND c_uni_ca='5' AND c_asigna='355570' [1][0] OK
C:[04/08/2014 23:51:57.46][200.90.121.69][1182] SELECT par_cod_asig1,par_cod_asig2,par_cod_asig3 FROM tblaca009 WHERE pensum='5' AND c_uni_ca='5' AND c_asigna='355693' [1][0] OK
C:[04/08/2014 23:51:57.46][200.90.121.69][1182] SELECT par_cod_asig1,par_cod_asig2,par_cod_asig3 FROM tblaca009 WHERE pensum='5' AND c_uni_ca='5' AND c_asigna='355723' [1][0] OK
C:[04/08/2014 23:51:58.84][200.90.121.69][1312] SELECT horas_lab FROM tblaca008 WHERE c_asigna='355570' AND horas_teoricas > 0 [1][0] OK
C:[04/08/2014 23:51:58.84][200.90.121.69][1312] SELECT horas_lab FROM tblaca008 WHERE c_asigna='355693' AND horas_teoricas > 0 [1][0] OK
C:[04/08/2014 23:51:58.84][200.90.121.69][1312] SELECT horas_lab FROM tblaca008 WHERE c_asigna='355723' AND horas_teoricas > 0 [1][0] OK
C:[05/08/2014 06:41:33.35][186.167.243.43][1138] SELECT pre_cod_asig1,pre_cod_asig2,pre_cod_asig3,pre_cod_asig4,pre_cod_asig5,pre_cod_asig6,pre_cod_asig7 FROM tblaca009 WHERE pensum='5' AND c_uni_ca='5' AND c_asigna='300218' [1][0] OK
C:[05/08/2014 06:41:33.35][186.167.243.43][1151] SELECT c_asigna FROM dace004 WHERE exp_e='12-24522867' AND c_asigna='300101' AND status IN ('0','3','B','C') [1][0] OK
C:[05/08/2014 06:41:33.35][186.167.243.43][1138] SELECT pre_cod_asig1,pre_cod_asig2,pre_cod_asig3,pre_cod_asig4,pre_cod_asig5,pre_cod_asig6,pre_cod_asig7 FROM tblaca009 WHERE pensum='5' AND c_uni_ca='5' AND c_asigna='300228' [1][0] OK
C:[05/08/2014 06:41:33.35][186.167.243.43][1151] SELECT c_asigna FROM dace004 WHERE exp_e='12-24522867' AND c_asigna='300101' AND status IN ('0','3','B','C') [1][0] OK
C:[05/08/2014 06:41:33.79][186.167.243.43][1182] SELECT par_cod_asig1,par_cod_asig2,par_cod_asig3 FROM tblaca009 WHERE pensum='5' AND c_uni_ca='5' AND c_asigna='300218' [1][0] OK
C:[05/08/2014 06:41:33.79][186.167.243.43][1196] SELECT c_asigna FROM dace004 WHERE exp_e='12-24522867' AND c_asigna='300228' AND status IN ('0','3','B','C') [0][0] OK
C:[05/08/2014 06:41:33.79][186.167.243.43][1182] SELECT par_cod_asig1,par_cod_asig2,par_cod_asig3 FROM tblaca009 WHERE pensum='5' AND c_uni_ca='5' AND c_asigna='300228' [1][0] OK
C:[05/08/2014 06:41:33.17][186.167.243.43][1312] SELECT horas_lab FROM tblaca008 WHERE c_asigna='300218' AND horas_teoricas > 0 [0][0] OK
C:[05/08/2014 06:41:33.17][186.167.243.43][1312] SELECT horas_lab FROM tblaca008 WHERE c_asigna='300228' AND horas_teoricas > 0 [1][0] OK
C:[05/08/2014 06:46:33.30][190.77.196.206][1138] SELECT pre_cod_asig1,pre_cod_asig2,pre_cod_asig3,pre_cod_asig4,pre_cod_asig5,pre_cod_asig6,pre_cod_asig7 FROM tblaca009 WHERE pensum='5' AND c_uni_ca='3' AND c_asigna='300013' [1][0] OK
C:[05/08/2014 06:46:33.70][190.77.196.206][1182] SELECT par_cod_asig1,par_cod_asig2,par_cod_asig3 FROM tblaca009 WHERE pensum='5' AND c_uni_ca='3' AND c_asigna='300013' [1][0] OK
C:[05/08/2014 06:46:34.82][190.77.196.206][1312] SELECT horas_lab FROM tblaca008 WHERE c_asigna='300013' AND horas_teoricas > 0 [1][0] OK
C:[05/08/2014 06:50:49.49][186.89.133.62][1138] SELECT pre_cod_asig1,pre_cod_asig2,pre_cod_asig3,pre_cod_asig4,pre_cod_asig5,pre_cod_asig6,pre_cod_asig7 FROM tblaca009 WHERE pensum='5' AND c_uni_ca='6' AND c_asigna='300313' [1][0] OK
C:[05/08/2014 06:50:49.49][186.89.133.62][1151] SELECT c_asigna FROM dace004 WHERE exp_e='10-20807372' AND c_asigna='300213' AND status IN ('0','3','B','C') [1][0] OK
C:[05/08/2014 06:50:49.49][186.89.133.62][1151] SELECT c_asigna FROM dace004 WHERE exp_e='10-20807372' AND c_asigna='300226' AND status IN ('0','3','B','C') [1][0] OK
C:[05/08/2014 06:50:49.49][186.89.133.62][1151] SELECT c_asigna FROM dace004 WHERE exp_e='10-20807372' AND c_asigna='300222' AND status IN ('0','3','B','C') [1][0] OK
C:[05/08/2014 06:50:49.49][186.89.133.62][1151] SELECT c_asigna FROM dace004 WHERE exp_e='10-20807372' AND c_asigna='300209' AND status IN ('0','3','B','C') [1][0] OK
C:[05/08/2014 06:50:49.49][186.89.133.62][1138] SELECT pre_cod_asig1,pre_cod_asig2,pre_cod_asig3,pre_cod_asig4,pre_cod_asig5,pre_cod_asig6,pre_cod_asig7 FROM tblaca009 WHERE pensum='5' AND c_uni_ca='6' AND c_asigna='300318' [1][0] OK
C:[05/08/2014 06:50:49.49][186.89.133.62][1151] SELECT c_asigna FROM dace004 WHERE exp_e='10-20807372' AND c_asigna='300228' AND status IN ('0','3','B','C') [1][0] OK
C:[05/08/2014 06:50:49.49][186.89.133.62][1151] SELECT c_asigna FROM dace004 WHERE exp_e='10-20807372' AND c_asigna='300207' AND status IN ('0','3','B','C') [1][0] OK
C:[05/08/2014 06:50:49.49][186.89.133.62][1151] SELECT c_asigna FROM dace004 WHERE exp_e='10-20807372' AND c_asigna='300218' AND status IN ('0','3','B','C') [1][0] OK
C:[05/08/2014 06:50:49.49][186.89.133.62][1138] SELECT pre_cod_asig1,pre_cod_asig2,pre_cod_asig3,pre_cod_asig4,pre_cod_asig5,pre_cod_asig6,pre_cod_asig7 FROM tblaca009 WHERE pensum='5' AND c_uni_ca='6' AND c_asigna='342444' [1][0] OK
C:[05/08/2014 06:50:49.49][186.89.133.62][1151] SELECT c_asigna FROM dace004 WHERE exp_e='10-20807372' AND c_asigna='340323' AND status IN ('0','3','B','C') [1][0] OK
C:[05/08/2014 06:50:49.11][186.89.133.62][1182] SELECT par_cod_asig1,par_cod_asig2,par_cod_asig3 FROM tblaca009 WHERE pensum='5' AND c_uni_ca='6' AND c_asigna='300313' [1][0] OK
C:[05/08/2014 06:50:49.11][186.89.133.62][1182] SELECT par_cod_asig1,par_cod_asig2,par_cod_asig3 FROM tblaca009 WHERE pensum='5' AND c_uni_ca='6' AND c_asigna='300318' [1][0] OK
C:[05/08/2014 06:50:49.11][186.89.133.62][1182] SELECT par_cod_asig1,par_cod_asig2,par_cod_asig3 FROM tblaca009 WHERE pensum='5' AND c_uni_ca='6' AND c_asigna='342444' [1][0] OK
C:[05/08/2014 06:50:49.50][186.89.133.62][1312] SELECT horas_lab FROM tblaca008 WHERE c_asigna='300313' AND horas_teoricas > 0 [1][0] OK
C:[05/08/2014 06:50:49.50][186.89.133.62][1312] SELECT horas_lab FROM tblaca008 WHERE c_asigna='300318' AND horas_teoricas > 0 [1][0] OK
C:[05/08/2014 06:50:49.50][186.89.133.62][1312] SELECT horas_lab FROM tblaca008 WHERE c_asigna='342444' AND horas_teoricas > 0 [1][0] OK
C:[05/08/2014 06:58:56.04][186.167.243.204][1138] SELECT pre_cod_asig1,pre_cod_asig2,pre_cod_asig3,pre_cod_asig4,pre_cod_asig5,pre_cod_asig6,pre_cod_asig7 FROM tblaca009 WHERE pensum='5' AND c_uni_ca='6' AND c_asigna='342444' [1][0] OK
C:[05/08/2014 06:58:56.04][186.167.243.204][1151] SELECT c_asigna FROM dace004 WHERE exp_e='05-17998268' AND c_asigna='340323' AND status IN ('0','3','B','C') [1][0] OK
C:[05/08/2014 06:58:56.54][186.167.243.204][1182] SELECT par_cod_asig1,par_cod_asig2,par_cod_asig3 FROM tblaca009 WHERE pensum='5' AND c_uni_ca='6' AND c_asigna='342444' [1][0] OK
C:[05/08/2014 06:58:56.67][186.167.243.204][1312] SELECT horas_lab FROM tblaca008 WHERE c_asigna='342444' AND horas_teoricas > 0 [1][0] OK
C:[05/08/2014 07:02:27.39][190.37.236.108][1138] SELECT pre_cod_asig1,pre_cod_asig2,pre_cod_asig3,pre_cod_asig4,pre_cod_asig5,pre_cod_asig6,pre_cod_asig7 FROM tblaca009 WHERE pensum='5' AND c_uni_ca='2' AND c_asigna='300218' [1][0] OK
C:[05/08/2014 07:02:27.39][190.37.236.108][1151] SELECT c_asigna FROM dace004 WHERE exp_e='12-24037223' AND c_asigna='300101' AND status IN ('0','3','B','C') [1][0] OK
C:[05/08/2014 07:02:27.39][190.37.236.108][1138] SELECT pre_cod_asig1,pre_cod_asig2,pre_cod_asig3,pre_cod_asig4,pre_cod_asig5,pre_cod_asig6,pre_cod_asig7 FROM tblaca009 WHERE pensum='5' AND c_uni_ca='2' AND c_asigna='300207' [1][0] OK
C:[05/08/2014 07:02:27.39][190.37.236.108][1151] SELECT c_asigna FROM dace004 WHERE exp_e='12-24037223' AND c_asigna='300101' AND status IN ('0','3','B','C') [1][0] OK
C:[05/08/2014 07:02:27.39][190.37.236.108][1138] SELECT pre_cod_asig1,pre_cod_asig2,pre_cod_asig3,pre_cod_asig4,pre_cod_asig5,pre_cod_asig6,pre_cod_asig7 FROM tblaca009 WHERE pensum='5' AND c_uni_ca='2' AND c_asigna='300228' [1][0] OK
C:[05/08/2014 07:02:27.39][190.37.236.108][1151] SELECT c_asigna FROM dace004 WHERE exp_e='12-24037223' AND c_asigna='300101' AND status IN ('0','3','B','C') [1][0] OK
C:[05/08/2014 07:02:27.39][190.37.236.108][1182] SELECT par_cod_asig1,par_cod_asig2,par_cod_asig3 FROM tblaca009 WHERE pensum='5' AND c_uni_ca='2' AND c_asigna='300218' [1][0] OK
C:[05/08/2014 07:02:27.39][190.37.236.108][1196] SELECT c_asigna FROM dace004 WHERE exp_e='12-24037223' AND c_asigna='300228' AND status IN ('0','3','B','C') [0][0] OK
C:[05/08/2014 07:02:27.39][190.37.236.108][1182] SELECT par_cod_asig1,par_cod_asig2,par_cod_asig3 FROM tblaca009 WHERE pensum='5' AND c_uni_ca='2' AND c_asigna='300207' [1][0] OK
C:[05/08/2014 07:02:27.39][190.37.236.108][1182] SELECT par_cod_asig1,par_cod_asig2,par_cod_asig3 FROM tblaca009 WHERE pensum='5' AND c_uni_ca='2' AND c_asigna='300228' [1][0] OK
C:[05/08/2014 07:02:27.90][190.37.236.108][1312] SELECT horas_lab FROM tblaca008 WHERE c_asigna='300218' AND horas_teoricas > 0 [0][0] OK
C:[05/08/2014 07:02:27.90][190.37.236.108][1312] SELECT horas_lab FROM tblaca008 WHERE c_asigna='300207' AND horas_teoricas > 0 [1][0] OK
C:[05/08/2014 07:02:27.90][190.37.236.108][1312] SELECT horas_lab FROM tblaca008 WHERE c_asigna='300228' AND horas_teoricas > 0 [1][0] OK
C:[05/08/2014 07:19:49.53][200.84.87.12][1138] SELECT pre_cod_asig1,pre_cod_asig2,pre_cod_asig3,pre_cod_asig4,pre_cod_asig5,pre_cod_asig6,pre_cod_asig7 FROM tblaca009 WHERE pensum='5' AND c_uni_ca='2' AND c_asigna='322904' [1][0] OK
C:[05/08/2014 07:19:49.53][200.84.87.12][1151] SELECT c_asigna FROM dace004 WHERE exp_e='07-19158230' AND c_asigna='322782' AND status IN ('0','3','B','C') [1][0] OK
C:[05/08/2014 07:19:49.53][200.84.87.12][1151] SELECT c_asigna FROM dace004 WHERE exp_e='07-19158230' AND c_asigna='322801' AND status IN ('0','3','B','C') [1][0] OK
C:[05/08/2014 07:19:49.13][200.84.87.12][1182] SELECT par_cod_asig1,par_cod_asig2,par_cod_asig3 FROM tblaca009 WHERE pensum='5' AND c_uni_ca='2' AND c_asigna='322904' [1][0] OK
C:[05/08/2014 07:19:49.27][200.84.87.12][1312] SELECT horas_lab FROM tblaca008 WHERE c_asigna='322904' AND horas_teoricas > 0 [1][0] OK
C:[05/08/2014 07:48:01.94][190.204.69.251][1138] SELECT pre_cod_asig1,pre_cod_asig2,pre_cod_asig3,pre_cod_asig4,pre_cod_asig5,pre_cod_asig6,pre_cod_asig7 FROM tblaca009 WHERE pensum='5' AND c_uni_ca='3' AND c_asigna='300318' [1][0] OK
C:[05/08/2014 07:48:01.94][190.204.69.251][1151] SELECT c_asigna FROM dace004 WHERE exp_e='12-22832625' AND c_asigna='300228' AND status IN ('0','3','B','C') [1][0] OK
C:[05/08/2014 07:48:01.94][190.204.69.251][1151] SELECT c_asigna FROM dace004 WHERE exp_e='12-22832625' AND c_asigna='300207' AND status IN ('0','3','B','C') [1][0] OK
C:[05/08/2014 07:48:01.94][190.204.69.251][1151] SELECT c_asigna FROM dace004 WHERE exp_e='12-22832625' AND c_asigna='300218' AND status IN ('0','3','B','C') [1][0] OK
C:[05/08/2014 07:48:01.94][190.204.69.251][1138] SELECT pre_cod_asig1,pre_cod_asig2,pre_cod_asig3,pre_cod_asig4,pre_cod_asig5,pre_cod_asig6,pre_cod_asig7 FROM tblaca009 WHERE pensum='5' AND c_uni_ca='3' AND c_asigna='300317' [1][0] OK
C:[05/08/2014 07:48:01.94][190.204.69.251][1151] SELECT c_asigna FROM dace004 WHERE exp_e='12-22832625' AND c_asigna='300207' AND status IN ('0','3','B','C') [1][0] OK
C:[05/08/2014 07:48:01.94][190.204.69.251][1151] SELECT c_asigna FROM dace004 WHERE exp_e='12-22832625' AND c_asigna='300209' AND status IN ('0','3','B','C') [1][0] OK
C:[05/08/2014 07:48:01.19][190.204.69.251][1182] SELECT par_cod_asig1,par_cod_asig2,par_cod_asig3 FROM tblaca009 WHERE pensum='5' AND c_uni_ca='3' AND c_asigna='300318' [1][0] OK
C:[05/08/2014 07:48:01.19][190.204.69.251][1182] SELECT par_cod_asig1,par_cod_asig2,par_cod_asig3 FROM tblaca009 WHERE pensum='5' AND c_uni_ca='3' AND c_asigna='300317' [1][0] OK
C:[05/08/2014 07:48:01.46][190.204.69.251][1312] SELECT horas_lab FROM tblaca008 WHERE c_asigna='300318' AND horas_teoricas > 0 [1][0] OK
C:[05/08/2014 07:48:01.46][190.204.69.251][1312] SELECT horas_lab FROM tblaca008 WHERE c_asigna='300317' AND horas_teoricas > 0 [1][0] OK
C:[05/08/2014 08:00:38.52][200.84.83.132][1138] SELECT pre_cod_asig1,pre_cod_asig2,pre_cod_asig3,pre_cod_asig4,pre_cod_asig5,pre_cod_asig6,pre_cod_asig7 FROM tblaca009 WHERE pensum='5' AND c_uni_ca='4' AND c_asigna='300213' [1][0] OK
C:[05/08/2014 08:00:38.52][200.84.83.132][1151] SELECT c_asigna FROM dace004 WHERE exp_e='12-26132673' AND c_asigna='300101' AND status IN ('0','3','B','C') [1][0] OK
C:[05/08/2014 08:00:38.52][200.84.83.132][1138] SELECT pre_cod_asig1,pre_cod_asig2,pre_cod_asig3,pre_cod_asig4,pre_cod_asig5,pre_cod_asig6,pre_cod_asig7 FROM tblaca009 WHERE pensum='5' AND c_uni_ca='4' AND c_asigna='300317' [1][0] OK
C:[05/08/2014 08:00:38.52][200.84.83.132][1151] SELECT c_asigna FROM dace004 WHERE exp_e='12-26132673' AND c_asigna='300207' AND status IN ('0','3','B','C') [1][0] OK
C:[05/08/2014 08:00:38.52][200.84.83.132][1151] SELECT c_asigna FROM dace004 WHERE exp_e='12-26132673' AND c_asigna='300209' AND status IN ('0','3','B','C') [1][0] OK
C:[05/08/2014 08:00:39.40][200.84.83.132][1182] SELECT par_cod_asig1,par_cod_asig2,par_cod_asig3 FROM tblaca009 WHERE pensum='5' AND c_uni_ca='4' AND c_asigna='300213' [1][0] OK
C:[05/08/2014 08:00:39.40][200.84.83.132][1196] SELECT c_asigna FROM dace004 WHERE exp_e='12-26132673' AND c_asigna='300209' AND status IN ('0','3','B','C') [1][0] OK
C:[05/08/2014 08:00:39.40][200.84.83.132][1182] SELECT par_cod_asig1,par_cod_asig2,par_cod_asig3 FROM tblaca009 WHERE pensum='5' AND c_uni_ca='4' AND c_asigna='300317' [1][0] OK
C:[05/08/2014 08:00:39.78][200.84.83.132][1312] SELECT horas_lab FROM tblaca008 WHERE c_asigna='300213' AND horas_teoricas > 0 [1][0] OK
C:[05/08/2014 08:00:39.78][200.84.83.132][1312] SELECT horas_lab FROM tblaca008 WHERE c_asigna='300317' AND horas_teoricas > 0 [1][0] OK
C:[05/08/2014 08:01:54.07][186.167.243.149][1138] SELECT pre_cod_asig1,pre_cod_asig2,pre_cod_asig3,pre_cod_asig4,pre_cod_asig5,pre_cod_asig6,pre_cod_asig7 FROM tblaca009 WHERE pensum='5' AND c_uni_ca='4' AND c_asigna='300101' [1][0] OK
C:[05/08/2014 08:01:54.45][186.167.243.149][1182] SELECT par_cod_asig1,par_cod_asig2,par_cod_asig3 FROM tblaca009 WHERE pensum='5' AND c_uni_ca='4' AND c_asigna='300101' [1][0] OK
C:[05/08/2014 08:01:55.59][186.167.243.149][1312] SELECT horas_lab FROM tblaca008 WHERE c_asigna='300101' AND horas_teoricas > 0 [1][0] OK
C:[05/08/2014 08:25:50.62][190.73.121.68][1138] SELECT pre_cod_asig1,pre_cod_asig2,pre_cod_asig3,pre_cod_asig4,pre_cod_asig5,pre_cod_asig6,pre_cod_asig7 FROM tblaca009 WHERE pensum='5' AND c_uni_ca='2' AND c_asigna='320323' [1][0] OK
C:[05/08/2014 08:25:50.62][190.73.121.68][1151] SELECT c_asigna FROM dace004 WHERE exp_e='08-19095695' AND c_asigna='300228' AND status IN ('0','3','B','C') [1][0] OK
C:[05/08/2014 08:25:50.62][190.73.121.68][1151] SELECT c_asigna FROM dace004 WHERE exp_e='08-19095695' AND c_asigna='300218' AND status IN ('0','3','B','C') [1][0] OK
C:[05/08/2014 08:25:50.62][190.73.121.68][1138] SELECT pre_cod_asig1,pre_cod_asig2,pre_cod_asig3,pre_cod_asig4,pre_cod_asig5,pre_cod_asig6,pre_cod_asig7 FROM tblaca009 WHERE pensum='5' AND c_uni_ca='2' AND c_asigna='300428' [1][0] OK
C:[05/08/2014 08:25:50.62][190.73.121.68][1151] SELECT c_asigna FROM dace004 WHERE exp_e='08-19095695' AND c_asigna='300317' AND status IN ('0','3','B','C') [1][0] OK
C:[05/08/2014 08:25:50.62][190.73.121.68][1151] SELECT c_asigna FROM dace004 WHERE exp_e='08-19095695' AND c_asigna='300209' AND status IN ('0','3','B','C') [1][0] OK
C:[05/08/2014 08:25:51.62][190.73.121.68][1182] SELECT par_cod_asig1,par_cod_asig2,par_cod_asig3 FROM tblaca009 WHERE pensum='5' AND c_uni_ca='2' AND c_asigna='320323' [1][0] OK
C:[05/08/2014 08:25:51.62][190.73.121.68][1182] SELECT par_cod_asig1,par_cod_asig2,par_cod_asig3 FROM tblaca009 WHERE pensum='5' AND c_uni_ca='2' AND c_asigna='300428' [1][0] OK
C:[05/08/2014 08:25:51.88][190.73.121.68][1312] SELECT horas_lab FROM tblaca008 WHERE c_asigna='320323' AND horas_teoricas > 0 [1][0] OK
C:[05/08/2014 08:25:51.88][190.73.121.68][1312] SELECT horas_lab FROM tblaca008 WHERE c_asigna='300428' AND horas_teoricas > 0 [1][0] OK
C:[05/08/2014 08:29:32.65][200.62.19.43][1138] SELECT pre_cod_asig1,pre_cod_asig2,pre_cod_asig3,pre_cod_asig4,pre_cod_asig5,pre_cod_asig6,pre_cod_asig7 FROM tblaca009 WHERE pensum='5' AND c_uni_ca='5' AND c_asigna='355722' [1][0] OK
C:[05/08/2014 08:29:32.65][200.62.19.43][1151] SELECT c_asigna FROM dace004 WHERE exp_e='06-18667385' AND c_asigna='355691' AND status IN ('0','3','B','C') [1][0] OK
C:[05/08/2014 08:29:32.65][200.62.19.43][1151] SELECT c_asigna FROM dace004 WHERE exp_e='06-18667385' AND c_asigna='355595' AND status IN ('0','3','B','C') [1][0] OK
C:[05/08/2014 08:29:32.65][200.62.19.43][1138] SELECT pre_cod_asig1,pre_cod_asig2,pre_cod_asig3,pre_cod_asig4,pre_cod_asig5,pre_cod_asig6,pre_cod_asig7 FROM tblaca009 WHERE pensum='5' AND c_uni_ca='5' AND c_asigna='300956' [1][0] OK
C:[05/08/2014 08:29:32.65][200.62.19.43][1151] SELECT c_asigna FROM dace004 WHERE exp_e='06-18667385' AND c_asigna='300422' AND status IN ('0','3','B','C') [1][0] OK
C:[05/08/2014 08:29:32.65][200.62.19.43][1151] SELECT c_asigna FROM dace004 WHERE exp_e='06-18667385' AND c_asigna='300105' AND status IN ('0','3','B','C') [1][0] OK
C:[05/08/2014 08:29:32.65][200.62.19.43][1151] SELECT c_asigna FROM dace004 WHERE exp_e='06-18667385' AND c_asigna='300314' AND status IN ('0','3','B','C') [1][0] OK
C:[05/08/2014 08:29:33.77][200.62.19.43][1182] SELECT par_cod_asig1,par_cod_asig2,par_cod_asig3 FROM tblaca009 WHERE pensum='5' AND c_uni_ca='5' AND c_asigna='355722' [1][0] OK
C:[05/08/2014 08:29:33.77][200.62.19.43][1182] SELECT par_cod_asig1,par_cod_asig2,par_cod_asig3 FROM tblaca009 WHERE pensum='5' AND c_uni_ca='5' AND c_asigna='300956' [1][0] OK
C:[05/08/2014 08:29:33.03][200.62.19.43][1312] SELECT horas_lab FROM tblaca008 WHERE c_asigna='355722' AND horas_teoricas > 0 [1][0] OK
C:[05/08/2014 08:29:33.03][200.62.19.43][1312] SELECT horas_lab FROM tblaca008 WHERE c_asigna='300956' AND horas_teoricas > 0 [1][0] OK
C:[05/08/2014 08:32:15.19][190.202.82.99][1138] SELECT pre_cod_asig1,pre_cod_asig2,pre_cod_asig3,pre_cod_asig4,pre_cod_asig5,pre_cod_asig6,pre_cod_asig7 FROM tblaca009 WHERE pensum='5' AND c_uni_ca='3' AND c_asigna='311673' [1][0] OK
C:[05/08/2014 08:32:15.19][190.202.82.99][1151] SELECT c_asigna FROM dace004 WHERE exp_e='10-13647138' AND c_asigna='311551' AND status IN ('0','3','B','C') [1][0] OK
C:[05/08/2014 08:32:15.19][190.202.82.99][1151] SELECT c_asigna FROM dace004 WHERE exp_e='10-13647138' AND c_asigna='311554' AND status IN ('0','3','B','C') [1][0] OK
C:[05/08/2014 08:32:15.19][190.202.82.99][1151] SELECT c_asigna FROM dace004 WHERE exp_e='10-13647138' AND c_asigna='311320' AND status IN ('0','3','B','C') [1][0] OK
C:[05/08/2014 08:32:15.94][190.202.82.99][1182] SELECT par_cod_asig1,par_cod_asig2,par_cod_asig3 FROM tblaca009 WHERE pensum='5' AND c_uni_ca='3' AND c_asigna='311673' [1][0] OK
C:[05/08/2014 08:32:15.08][190.202.82.99][1312] SELECT horas_lab FROM tblaca008 WHERE c_asigna='311673' AND horas_teoricas > 0 [1][0] OK
C:[05/08/2014 08:38:04.77][190.204.69.251][1138] SELECT pre_cod_asig1,pre_cod_asig2,pre_cod_asig3,pre_cod_asig4,pre_cod_asig5,pre_cod_asig6,pre_cod_asig7 FROM tblaca009 WHERE pensum='5' AND c_uni_ca='3' AND c_asigna='300428' [1][0] OK
C:[05/08/2014 08:38:04.77][190.204.69.251][1151] SELECT c_asigna FROM dace004 WHERE exp_e='10-22826158' AND c_asigna='300317' AND status IN ('0','3','B','C') [1][0] OK
C:[05/08/2014 08:38:04.77][190.204.69.251][1151] SELECT c_asigna FROM dace004 WHERE exp_e='10-22826158' AND c_asigna='300209' AND status IN ('0','3','B','C') [1][0] OK
C:[05/08/2014 08:38:04.77][190.204.69.251][1138] SELECT pre_cod_asig1,pre_cod_asig2,pre_cod_asig3,pre_cod_asig4,pre_cod_asig5,pre_cod_asig6,pre_cod_asig7 FROM tblaca009 WHERE pensum='5' AND c_uni_ca='3' AND c_asigna='312444' [1][0] OK
C:[05/08/2014 08:38:04.77][190.204.69.251][1151] SELECT c_asigna FROM dace004 WHERE exp_e='10-22826158' AND c_asigna='312333' AND status IN ('0','3','B','C') [1][0] OK
C:[05/08/2014 08:38:05.65][190.204.69.251][1182] SELECT par_cod_asig1,par_cod_asig2,par_cod_asig3 FROM tblaca009 WHERE pensum='5' AND c_uni_ca='3' AND c_asigna='300428' [1][0] OK
C:[05/08/2014 08:38:05.65][190.204.69.251][1182] SELECT par_cod_asig1,par_cod_asig2,par_cod_asig3 FROM tblaca009 WHERE pensum='5' AND c_uni_ca='3' AND c_asigna='312444' [1][0] OK
C:[05/08/2014 08:38:05.91][190.204.69.251][1312] SELECT horas_lab FROM tblaca008 WHERE c_asigna='300428' AND horas_teoricas > 0 [1][0] OK
C:[05/08/2014 08:38:05.91][190.204.69.251][1312] SELECT horas_lab FROM tblaca008 WHERE c_asigna='312444' AND horas_teoricas > 0 [1][0] OK
C:[05/08/2014 08:47:42.45][190.204.69.251][1138] SELECT pre_cod_asig1,pre_cod_asig2,pre_cod_asig3,pre_cod_asig4,pre_cod_asig5,pre_cod_asig6,pre_cod_asig7 FROM tblaca009 WHERE pensum='5' AND c_uni_ca='4' AND c_asigna='330435' [1][0] OK
C:[05/08/2014 08:47:42.45][190.204.69.251][1151] SELECT c_asigna FROM dace004 WHERE exp_e='12-25086585' AND c_asigna='300318' AND status IN ('0','3','B','C') [1][0] OK
C:[05/08/2014 08:47:42.45][190.204.69.251][1138] SELECT pre_cod_asig1,pre_cod_asig2,pre_cod_asig3,pre_cod_asig4,pre_cod_asig5,pre_cod_asig6,pre_cod_asig7 FROM tblaca009 WHERE pensum='5' AND c_uni_ca='4' AND c_asigna='311561' [1][0] OK
C:[05/08/2014 08:47:42.45][190.204.69.251][1151] SELECT c_asigna FROM dace004 WHERE exp_e='12-25086585' AND c_asigna='300318' AND status IN ('0','3','B','C') [1][0] OK
C:[05/08/2014 08:47:42.20][190.204.69.251][1182] SELECT par_cod_asig1,par_cod_asig2,par_cod_asig3 FROM tblaca009 WHERE pensum='5' AND c_uni_ca='4' AND c_asigna='330435' [1][0] OK
C:[05/08/2014 08:47:42.20][190.204.69.251][1182] SELECT par_cod_asig1,par_cod_asig2,par_cod_asig3 FROM tblaca009 WHERE pensum='5' AND c_uni_ca='4' AND c_asigna='311561' [1][0] OK
C:[05/08/2014 08:47:42.46][190.204.69.251][1312] SELECT horas_lab FROM tblaca008 WHERE c_asigna='330435' AND horas_teoricas > 0 [1][0] OK
C:[05/08/2014 08:47:42.46][190.204.69.251][1312] SELECT horas_lab FROM tblaca008 WHERE c_asigna='311561' AND horas_teoricas > 0 [1][0] OK
C:[05/08/2014 08:48:19.69][190.204.69.251][1138] SELECT pre_cod_asig1,pre_cod_asig2,pre_cod_asig3,pre_cod_asig4,pre_cod_asig5,pre_cod_asig6,pre_cod_asig7 FROM tblaca009 WHERE pensum='5' AND c_uni_ca='6' AND c_asigna='344812' [1][0] OK
C:[05/08/2014 08:48:19.69][190.204.69.251][1151] SELECT c_asigna FROM dace004 WHERE exp_e='09-19804825' AND c_asigna='344715' AND status IN ('0','3','B','C') [1][0] OK
C:[05/08/2014 08:48:19.69][190.204.69.251][1151] SELECT c_asigna FROM dace004 WHERE exp_e='09-19804825' AND c_asigna='344742' AND status IN ('0','3','B','C') [1][0] OK
C:[05/08/2014 08:48:19.69][190.204.69.251][1138] SELECT pre_cod_asig1,pre_cod_asig2,pre_cod_asig3,pre_cod_asig4,pre_cod_asig5,pre_cod_asig6,pre_cod_asig7 FROM tblaca009 WHERE pensum='5' AND c_uni_ca='6' AND c_asigna='344948' [1][0] OK
C:[05/08/2014 08:48:19.43][190.204.69.251][1182] SELECT par_cod_asig1,par_cod_asig2,par_cod_asig3 FROM tblaca009 WHERE pensum='5' AND c_uni_ca='6' AND c_asigna='344812' [1][0] OK
C:[05/08/2014 08:48:19.43][190.204.69.251][1182] SELECT par_cod_asig1,par_cod_asig2,par_cod_asig3 FROM tblaca009 WHERE pensum='5' AND c_uni_ca='6' AND c_asigna='344948' [1][0] OK
C:[05/08/2014 08:48:19.69][190.204.69.251][1312] SELECT horas_lab FROM tblaca008 WHERE c_asigna='344812' AND horas_teoricas > 0 [1][0] OK
C:[05/08/2014 08:48:19.69][190.204.69.251][1312] SELECT horas_lab FROM tblaca008 WHERE c_asigna='344948' AND horas_teoricas > 0 [1][0] OK
C:[06/08/2014 11:20:57.45][190.204.97.44][1136] SELECT pre_cod_asig1,pre_cod_asig2,pre_cod_asig3,pre_cod_asig4,pre_cod_asig5,pre_cod_asig6,pre_cod_asig7 FROM tblaca009 WHERE pensum='5' AND c_uni_ca='2' AND c_asigna='300318' [1][0] OK
C:[06/08/2014 11:20:57.45][190.204.97.44][1149] SELECT c_asigna FROM dace004 WHERE exp_e='10-21236726' AND c_asigna='300228' AND status IN ('0','3','B','C') [1][0] OK
C:[06/08/2014 11:20:57.45][190.204.97.44][1149] SELECT c_asigna FROM dace004 WHERE exp_e='10-21236726' AND c_asigna='300207' AND status IN ('0','3','B','C') [1][0] OK
C:[06/08/2014 11:20:57.45][190.204.97.44][1149] SELECT c_asigna FROM dace004 WHERE exp_e='10-21236726' AND c_asigna='300218' AND status IN ('0','3','B','C') [1][0] OK
C:[06/08/2014 11:20:57.45][190.204.97.44][1136] SELECT pre_cod_asig1,pre_cod_asig2,pre_cod_asig3,pre_cod_asig4,pre_cod_asig5,pre_cod_asig6,pre_cod_asig7 FROM tblaca009 WHERE pensum='5' AND c_uni_ca='2' AND c_asigna='320311' [1][0] OK
C:[06/08/2014 11:20:57.45][190.204.97.44][1149] SELECT c_asigna FROM dace004 WHERE exp_e='10-21236726' AND c_asigna='300013' AND status IN ('0','3','B','C') [1][0] OK
C:[06/08/2014 11:20:57.45][190.204.97.44][1149] SELECT c_asigna FROM dace004 WHERE exp_e='10-21236726' AND c_asigna='300113' AND status IN ('0','3','B','C') [1][0] OK
C:[06/08/2014 11:20:57.45][190.204.97.44][1136] SELECT pre_cod_asig1,pre_cod_asig2,pre_cod_asig3,pre_cod_asig4,pre_cod_asig5,pre_cod_asig6,pre_cod_asig7 FROM tblaca009 WHERE pensum='5' AND c_uni_ca='2' AND c_asigna='320323' [1][0] OK
C:[06/08/2014 11:20:57.45][190.204.97.44][1149] SELECT c_asigna FROM dace004 WHERE exp_e='10-21236726' AND c_asigna='300228' AND status IN ('0','3','B','C') [1][0] OK
C:[06/08/2014 11:20:57.45][190.204.97.44][1149] SELECT c_asigna FROM dace004 WHERE exp_e='10-21236726' AND c_asigna='300218' AND status IN ('0','3','B','C') [1][0] OK
C:[06/08/2014 11:20:57.83][190.204.97.44][1180] SELECT par_cod_asig1,par_cod_asig2,par_cod_asig3 FROM tblaca009 WHERE pensum='5' AND c_uni_ca='2' AND c_asigna='300318' [1][0] OK
C:[06/08/2014 11:20:57.83][190.204.97.44][1180] SELECT par_cod_asig1,par_cod_asig2,par_cod_asig3 FROM tblaca009 WHERE pensum='5' AND c_uni_ca='2' AND c_asigna='320311' [1][0] OK
C:[06/08/2014 11:20:57.83][190.204.97.44][1180] SELECT par_cod_asig1,par_cod_asig2,par_cod_asig3 FROM tblaca009 WHERE pensum='5' AND c_uni_ca='2' AND c_asigna='320323' [1][0] OK
C:[06/08/2014 11:20:57.22][190.204.97.44][1310] SELECT horas_lab FROM tblaca008 WHERE c_asigna='300318' AND horas_teoricas > 0 [1][0] OK
C:[06/08/2014 11:20:57.22][190.204.97.44][1310] SELECT horas_lab FROM tblaca008 WHERE c_asigna='320311' AND horas_teoricas > 0 [1][0] OK
C:[06/08/2014 11:20:57.22][190.204.97.44][1310] SELECT horas_lab FROM tblaca008 WHERE c_asigna='320323' AND horas_teoricas > 0 [1][0] OK
C:[06/08/2014 11:21:29.65][190.204.97.44][1136] SELECT pre_cod_asig1,pre_cod_asig2,pre_cod_asig3,pre_cod_asig4,pre_cod_asig5,pre_cod_asig6,pre_cod_asig7 FROM tblaca009 WHERE pensum='5' AND c_uni_ca='3' AND c_asigna='300428' [1][0] OK
C:[06/08/2014 11:21:29.65][190.204.97.44][1149] SELECT c_asigna FROM dace004 WHERE exp_e='12-26098899' AND c_asigna='300317' AND status IN ('0','3','B','C') [1][0] OK
C:[06/08/2014 11:21:29.65][190.204.97.44][1149] SELECT c_asigna FROM dace004 WHERE exp_e='12-26098899' AND c_asigna='300209' AND status IN ('0','3','B','C') [1][0] OK
C:[06/08/2014 11:21:29.65][190.204.97.44][1136] SELECT pre_cod_asig1,pre_cod_asig2,pre_cod_asig3,pre_cod_asig4,pre_cod_asig5,pre_cod_asig6,pre_cod_asig7 FROM tblaca009 WHERE pensum='5' AND c_uni_ca='3' AND c_asigna='312444' [1][0] OK
C:[06/08/2014 11:21:29.65][190.204.97.44][1149] SELECT c_asigna FROM dace004 WHERE exp_e='12-26098899' AND c_asigna='312333' AND status IN ('0','3','B','C') [1][0] OK
C:[06/08/2014 11:21:30.40][190.204.97.44][1180] SELECT par_cod_asig1,par_cod_asig2,par_cod_asig3 FROM tblaca009 WHERE pensum='5' AND c_uni_ca='3' AND c_asigna='300428' [1][0] OK
C:[06/08/2014 11:21:30.40][190.204.97.44][1180] SELECT par_cod_asig1,par_cod_asig2,par_cod_asig3 FROM tblaca009 WHERE pensum='5' AND c_uni_ca='3' AND c_asigna='312444' [1][0] OK
C:[06/08/2014 11:21:30.71][190.204.97.44][1310] SELECT horas_lab FROM tblaca008 WHERE c_asigna='300428' AND horas_teoricas > 0 [1][0] OK
C:[06/08/2014 11:21:30.71][190.204.97.44][1310] SELECT horas_lab FROM tblaca008 WHERE c_asigna='312444' AND horas_teoricas > 0 [1][0] OK
C:[06/08/2014 11:39:22.20][200.84.76.240][1136] SELECT pre_cod_asig1,pre_cod_asig2,pre_cod_asig3,pre_cod_asig4,pre_cod_asig5,pre_cod_asig6,pre_cod_asig7 FROM tblaca009 WHERE pensum='5' AND c_uni_ca='3' AND c_asigna='311775' [1][0] OK
C:[06/08/2014 11:39:22.20][200.84.76.240][1149] SELECT c_asigna FROM dace004 WHERE exp_e='10-22812808' AND c_asigna='311655' AND status IN ('0','3','B','C') [1][0] OK
C:[06/08/2014 11:39:22.20][200.84.76.240][1136] SELECT pre_cod_asig1,pre_cod_asig2,pre_cod_asig3,pre_cod_asig4,pre_cod_asig5,pre_cod_asig6,pre_cod_asig7 FROM tblaca009 WHERE pensum='5' AND c_uni_ca='3' AND c_asigna='311094' [1][0] OK
C:[06/08/2014 11:39:22.20][200.84.76.240][1149] SELECT c_asigna FROM dace004 WHERE exp_e='10-22812808' AND c_asigna='311822' AND status IN ('0','3','B','C') [1][0] OK
C:[06/08/2014 11:39:22.20][200.84.76.240][1149] SELECT c_asigna FROM dace004 WHERE exp_e='10-22812808' AND c_asigna='311823' AND status IN ('0','3','B','C') [1][0] OK
C:[06/08/2014 11:39:22.96][200.84.76.240][1180] SELECT par_cod_asig1,par_cod_asig2,par_cod_asig3 FROM tblaca009 WHERE pensum='5' AND c_uni_ca='3' AND c_asigna='311775' [1][0] OK
C:[06/08/2014 11:39:22.96][200.84.76.240][1180] SELECT par_cod_asig1,par_cod_asig2,par_cod_asig3 FROM tblaca009 WHERE pensum='5' AND c_uni_ca='3' AND c_asigna='311094' [1][0] OK
C:[06/08/2014 11:39:22.22][200.84.76.240][1310] SELECT horas_lab FROM tblaca008 WHERE c_asigna='311775' AND horas_teoricas > 0 [1][0] OK
C:[06/08/2014 11:39:22.22][200.84.76.240][1310] SELECT horas_lab FROM tblaca008 WHERE c_asigna='311094' AND horas_teoricas > 0 [1][0] OK
C:[06/08/2014 11:41:45.85][190.204.97.44][1136] SELECT pre_cod_asig1,pre_cod_asig2,pre_cod_asig3,pre_cod_asig4,pre_cod_asig5,pre_cod_asig6,pre_cod_asig7 FROM tblaca009 WHERE pensum='5' AND c_uni_ca='5' AND c_asigna='300101' [1][0] OK
C:[06/08/2014 11:41:45.10][190.204.97.44][1180] SELECT par_cod_asig1,par_cod_asig2,par_cod_asig3 FROM tblaca009 WHERE pensum='5' AND c_uni_ca='5' AND c_asigna='300101' [1][0] OK
C:[06/08/2014 11:41:45.22][190.204.97.44][1310] SELECT horas_lab FROM tblaca008 WHERE c_asigna='300101' AND horas_teoricas > 0 [1][0] OK
C:[06/08/2014 11:42:34.48][190.79.14.42][1136] SELECT pre_cod_asig1,pre_cod_asig2,pre_cod_asig3,pre_cod_asig4,pre_cod_asig5,pre_cod_asig6,pre_cod_asig7 FROM tblaca009 WHERE pensum='5' AND c_uni_ca='2' AND c_asigna='300428' [1][0] OK
C:[06/08/2014 11:42:34.48][190.79.14.42][1149] SELECT c_asigna FROM dace004 WHERE exp_e='08-20224276' AND c_asigna='300317' AND status IN ('0','3','B','C') [1][0] OK
C:[06/08/2014 11:42:34.48][190.79.14.42][1149] SELECT c_asigna FROM dace004 WHERE exp_e='08-20224276' AND c_asigna='300209' AND status IN ('0','3','B','C') [1][0] OK
C:[06/08/2014 11:42:34.98][190.79.14.42][1180] SELECT par_cod_asig1,par_cod_asig2,par_cod_asig3 FROM tblaca009 WHERE pensum='5' AND c_uni_ca='2' AND c_asigna='300428' [1][0] OK
C:[06/08/2014 11:42:34.12][190.79.14.42][1310] SELECT horas_lab FROM tblaca008 WHERE c_asigna='300428' AND horas_teoricas > 0 [1][0] OK
C:[06/08/2014 11:46:05.01][190.204.97.44][1136] SELECT pre_cod_asig1,pre_cod_asig2,pre_cod_asig3,pre_cod_asig4,pre_cod_asig5,pre_cod_asig6,pre_cod_asig7 FROM tblaca009 WHERE pensum='5' AND c_uni_ca='4' AND c_asigna='300207' [1][0] OK
C:[06/08/2014 11:46:05.01][190.204.97.44][1149] SELECT c_asigna FROM dace004 WHERE exp_e='12-25324562' AND c_asigna='300101' AND status IN ('0','3','B','C') [1][0] OK
C:[06/08/2014 11:46:05.01][190.204.97.44][1136] SELECT pre_cod_asig1,pre_cod_asig2,pre_cod_asig3,pre_cod_asig4,pre_cod_asig5,pre_cod_asig6,pre_cod_asig7 FROM tblaca009 WHERE pensum='5' AND c_uni_ca='4' AND c_asigna='300222' [1][0] OK
C:[06/08/2014 11:46:05.01][190.204.97.44][1149] SELECT c_asigna FROM dace004 WHERE exp_e='12-25324562' AND c_asigna='300112' AND status IN ('0','3','B','C') [1][0] OK
C:[06/08/2014 11:46:05.01][190.204.97.44][1136] SELECT pre_cod_asig1,pre_cod_asig2,pre_cod_asig3,pre_cod_asig4,pre_cod_asig5,pre_cod_asig6,pre_cod_asig7 FROM tblaca009 WHERE pensum='5' AND c_uni_ca='4' AND c_asigna='330310' [1][0] OK
C:[06/08/2014 11:46:05.01][190.204.97.44][1149] SELECT c_asigna FROM dace004 WHERE exp_e='12-25324562' AND c_asigna='300013' AND status IN ('0','3','B','C') [1][0] OK
C:[06/08/2014 11:46:05.01][190.204.97.44][1149] SELECT c_asigna FROM dace004 WHERE exp_e='12-25324562' AND c_asigna='300113' AND status IN ('0','3','B','C') [1][0] OK
C:[06/08/2014 11:46:06.00][190.204.97.44][1180] SELECT par_cod_asig1,par_cod_asig2,par_cod_asig3 FROM tblaca009 WHERE pensum='5' AND c_uni_ca='4' AND c_asigna='300207' [1][0] OK
C:[06/08/2014 11:46:06.00][190.204.97.44][1180] SELECT par_cod_asig1,par_cod_asig2,par_cod_asig3 FROM tblaca009 WHERE pensum='5' AND c_uni_ca='4' AND c_asigna='300222' [1][0] OK
C:[06/08/2014 11:46:06.00][190.204.97.44][1180] SELECT par_cod_asig1,par_cod_asig2,par_cod_asig3 FROM tblaca009 WHERE pensum='5' AND c_uni_ca='4' AND c_asigna='330310' [1][0] OK
C:[06/08/2014 11:46:06.39][190.204.97.44][1310] SELECT horas_lab FROM tblaca008 WHERE c_asigna='300207' AND horas_teoricas > 0 [1][0] OK
C:[06/08/2014 11:46:06.39][190.204.97.44][1310] SELECT horas_lab FROM tblaca008 WHERE c_asigna='300222' AND horas_teoricas > 0 [1][0] OK
C:[06/08/2014 11:46:06.39][190.204.97.44][1310] SELECT horas_lab FROM tblaca008 WHERE c_asigna='330310' AND horas_teoricas > 0 [1][0] OK
C:[06/08/2014 11:51:17.53][190.204.97.44][1136] SELECT pre_cod_asig1,pre_cod_asig2,pre_cod_asig3,pre_cod_asig4,pre_cod_asig5,pre_cod_asig6,pre_cod_asig7 FROM tblaca009 WHERE pensum='5' AND c_uni_ca='6' AND c_asigna='300213' [1][0] OK
C:[06/08/2014 11:51:17.53][190.204.97.44][1149] SELECT c_asigna FROM dace004 WHERE exp_e='11-24511383' AND c_asigna='300101' AND status IN ('0','3','B','C') [1][0] OK
C:[06/08/2014 11:51:17.53][190.204.97.44][1136] SELECT pre_cod_asig1,pre_cod_asig2,pre_cod_asig3,pre_cod_asig4,pre_cod_asig5,pre_cod_asig6,pre_cod_asig7 FROM tblaca009 WHERE pensum='5' AND c_uni_ca='6' AND c_asigna='300222' [1][0] OK
C:[06/08/2014 11:51:17.53][190.204.97.44][1149] SELECT c_asigna FROM dace004 WHERE exp_e='11-24511383' AND c_asigna='300112' AND status IN ('0','3','B','C') [1][0] OK
C:[06/08/2014 11:51:17.53][190.204.97.44][1136] SELECT pre_cod_asig1,pre_cod_asig2,pre_cod_asig3,pre_cod_asig4,pre_cod_asig5,pre_cod_asig6,pre_cod_asig7 FROM tblaca009 WHERE pensum='5' AND c_uni_ca='6' AND c_asigna='300318' [1][0] OK
C:[06/08/2014 11:51:17.53][190.204.97.44][1149] SELECT c_asigna FROM dace004 WHERE exp_e='11-24511383' AND c_asigna='300228' AND status IN ('0','3','B','C') [1][0] OK
C:[06/08/2014 11:51:17.53][190.204.97.44][1149] SELECT c_asigna FROM dace004 WHERE exp_e='11-24511383' AND c_asigna='300207' AND status IN ('0','3','B','C') [1][0] OK
C:[06/08/2014 11:51:17.53][190.204.97.44][1149] SELECT c_asigna FROM dace004 WHERE exp_e='11-24511383' AND c_asigna='300218' AND status IN ('0','3','B','C') [1][0] OK
C:[06/08/2014 11:51:17.65][190.204.97.44][1180] SELECT par_cod_asig1,par_cod_asig2,par_cod_asig3 FROM tblaca009 WHERE pensum='5' AND c_uni_ca='6' AND c_asigna='300213' [1][0] OK
C:[06/08/2014 11:51:17.65][190.204.97.44][1194] SELECT c_asigna FROM dace004 WHERE exp_e='11-24511383' AND c_asigna='300209' AND status IN ('0','3','B','C') [1][0] OK
C:[06/08/2014 11:51:17.65][190.204.97.44][1180] SELECT par_cod_asig1,par_cod_asig2,par_cod_asig3 FROM tblaca009 WHERE pensum='5' AND c_uni_ca='6' AND c_asigna='300222' [1][0] OK
C:[06/08/2014 11:51:17.65][190.204.97.44][1180] SELECT par_cod_asig1,par_cod_asig2,par_cod_asig3 FROM tblaca009 WHERE pensum='5' AND c_uni_ca='6' AND c_asigna='300318' [1][0] OK
C:[06/08/2014 11:51:17.16][190.204.97.44][1310] SELECT horas_lab FROM tblaca008 WHERE c_asigna='300213' AND horas_teoricas > 0 [1][0] OK
C:[06/08/2014 11:51:17.16][190.204.97.44][1310] SELECT horas_lab FROM tblaca008 WHERE c_asigna='300222' AND horas_teoricas > 0 [1][0] OK
C:[06/08/2014 11:51:17.16][190.204.97.44][1310] SELECT horas_lab FROM tblaca008 WHERE c_asigna='300318' AND horas_teoricas > 0 [1][0] OK
C:[06/08/2014 11:52:17.19][190.36.27.36][1136] SELECT pre_cod_asig1,pre_cod_asig2,pre_cod_asig3,pre_cod_asig4,pre_cod_asig5,pre_cod_asig6,pre_cod_asig7 FROM tblaca009 WHERE pensum='5' AND c_uni_ca='2' AND c_asigna='300228' [1][0] OK
C:[06/08/2014 11:52:17.19][190.36.27.36][1149] SELECT c_asigna FROM dace004 WHERE exp_e='13-25978511' AND c_asigna='300101' AND status IN ('0','3','B','C') [1][0] OK
C:[06/08/2014 11:52:17.19][190.36.27.36][1136] SELECT pre_cod_asig1,pre_cod_asig2,pre_cod_asig3,pre_cod_asig4,pre_cod_asig5,pre_cod_asig6,pre_cod_asig7 FROM tblaca009 WHERE pensum='5' AND c_uni_ca='2' AND c_asigna='300207' [1][0] OK
C:[06/08/2014 11:52:17.19][190.36.27.36][1149] SELECT c_asigna FROM dace004 WHERE exp_e='13-25978511' AND c_asigna='300101' AND status IN ('0','3','B','C') [1][0] OK
C:[06/08/2014 11:52:17.19][190.36.27.36][1136] SELECT pre_cod_asig1,pre_cod_asig2,pre_cod_asig3,pre_cod_asig4,pre_cod_asig5,pre_cod_asig6,pre_cod_asig7 FROM tblaca009 WHERE pensum='5' AND c_uni_ca='2' AND c_asigna='300209' [1][0] OK
C:[06/08/2014 11:52:17.19][190.36.27.36][1149] SELECT c_asigna FROM dace004 WHERE exp_e='13-25978511' AND c_asigna='300101' AND status IN ('0','3','B','C') [1][0] OK
C:[06/08/2014 11:52:17.07][190.36.27.36][1180] SELECT par_cod_asig1,par_cod_asig2,par_cod_asig3 FROM tblaca009 WHERE pensum='5' AND c_uni_ca='2' AND c_asigna='300228' [1][0] OK
C:[06/08/2014 11:52:17.07][190.36.27.36][1180] SELECT par_cod_asig1,par_cod_asig2,par_cod_asig3 FROM tblaca009 WHERE pensum='5' AND c_uni_ca='2' AND c_asigna='300207' [1][0] OK
C:[06/08/2014 11:52:17.07][190.36.27.36][1180] SELECT par_cod_asig1,par_cod_asig2,par_cod_asig3 FROM tblaca009 WHERE pensum='5' AND c_uni_ca='2' AND c_asigna='300209' [1][0] OK
C:[06/08/2014 11:52:17.45][190.36.27.36][1310] SELECT horas_lab FROM tblaca008 WHERE c_asigna='300228' AND horas_teoricas > 0 [1][0] OK
C:[06/08/2014 11:52:17.45][190.36.27.36][1310] SELECT horas_lab FROM tblaca008 WHERE c_asigna='300207' AND horas_teoricas > 0 [1][0] OK
C:[06/08/2014 11:52:17.45][190.36.27.36][1310] SELECT horas_lab FROM tblaca008 WHERE c_asigna='300209' AND horas_teoricas > 0 [1][0] OK
C:[06/08/2014 11:55:10.23][190.207.41.182][1136] SELECT pre_cod_asig1,pre_cod_asig2,pre_cod_asig3,pre_cod_asig4,pre_cod_asig5,pre_cod_asig6,pre_cod_asig7 FROM tblaca009 WHERE pensum='5' AND c_uni_ca='2' AND c_asigna='322433' [1][0] OK
C:[06/08/2014 11:55:10.23][190.207.41.182][1149] SELECT c_asigna FROM dace004 WHERE exp_e='13-16393283' AND c_asigna='320323' AND status IN ('0','3','B','C') [1][0] OK
C:[06/08/2014 11:55:10.23][190.207.41.182][1149] SELECT c_asigna FROM dace004 WHERE exp_e='13-16393283' AND c_asigna='300209' AND status IN ('0','3','B','C') [1][0] OK
C:[06/08/2014 11:55:10.23][190.207.41.182][1136] SELECT pre_cod_asig1,pre_cod_asig2,pre_cod_asig3,pre_cod_asig4,pre_cod_asig5,pre_cod_asig6,pre_cod_asig7 FROM tblaca009 WHERE pensum='5' AND c_uni_ca='2' AND c_asigna='322436' [1][0] OK
C:[06/08/2014 11:55:10.23][190.207.41.182][1149] SELECT c_asigna FROM dace004 WHERE exp_e='13-16393283' AND c_asigna='300317' AND status IN ('0','3','B','C') [1][0] OK
C:[06/08/2014 11:55:10.23][190.207.41.182][1149] SELECT c_asigna FROM dace004 WHERE exp_e='13-16393283' AND c_asigna='320311' AND status IN ('0','3','B','C') [1][0] OK
C:[06/08/2014 11:55:10.23][190.207.41.182][1136] SELECT pre_cod_asig1,pre_cod_asig2,pre_cod_asig3,pre_cod_asig4,pre_cod_asig5,pre_cod_asig6,pre_cod_asig7 FROM tblaca009 WHERE pensum='5' AND c_uni_ca='2' AND c_asigna='322449' [1][0] OK
C:[06/08/2014 11:55:10.23][190.207.41.182][1149] SELECT c_asigna FROM dace004 WHERE exp_e='13-16393283' AND c_asigna='300222' AND status IN ('0','3','B','C') [1][0] OK
C:[06/08/2014 11:55:10.36][190.207.41.182][1180] SELECT par_cod_asig1,par_cod_asig2,par_cod_asig3 FROM tblaca009 WHERE pensum='5' AND c_uni_ca='2' AND c_asigna='322433' [1][0] OK
C:[06/08/2014 11:55:10.36][190.207.41.182][1180] SELECT par_cod_asig1,par_cod_asig2,par_cod_asig3 FROM tblaca009 WHERE pensum='5' AND c_uni_ca='2' AND c_asigna='322436' [1][0] OK
C:[06/08/2014 11:55:10.36][190.207.41.182][1180] SELECT par_cod_asig1,par_cod_asig2,par_cod_asig3 FROM tblaca009 WHERE pensum='5' AND c_uni_ca='2' AND c_asigna='322449' [1][0] OK
C:[06/08/2014 11:55:10.32][190.207.41.182][1310] SELECT horas_lab FROM tblaca008 WHERE c_asigna='322433' AND horas_teoricas > 0 [1][0] OK
C:[06/08/2014 11:55:10.32][190.207.41.182][1310] SELECT horas_lab FROM tblaca008 WHERE c_asigna='322436' AND horas_teoricas > 0 [1][0] OK
C:[06/08/2014 11:55:10.32][190.207.41.182][1310] SELECT horas_lab FROM tblaca008 WHERE c_asigna='322449' AND horas_teoricas > 0 [1][0] OK
C:[06/08/2014 12:05:11.01][190.73.138.191][1136] SELECT pre_cod_asig1,pre_cod_asig2,pre_cod_asig3,pre_cod_asig4,pre_cod_asig5,pre_cod_asig6,pre_cod_asig7 FROM tblaca009 WHERE pensum='5' AND c_uni_ca='3' AND c_asigna='312333' [1][0] OK
C:[06/08/2014 12:05:11.01][190.73.138.191][1149] SELECT c_asigna FROM dace004 WHERE exp_e='01-14912702' AND c_asigna='300228' AND status IN ('0','3','B','C') [1][0] OK
C:[06/08/2014 12:05:12.37][190.73.138.191][1180] SELECT par_cod_asig1,par_cod_asig2,par_cod_asig3 FROM tblaca009 WHERE pensum='5' AND c_uni_ca='3' AND c_asigna='312333' [1][0] OK
C:[06/08/2014 12:05:12.51][190.73.138.191][1310] SELECT horas_lab FROM tblaca008 WHERE c_asigna='312333' AND horas_teoricas > 0 [1][0] OK
C:[06/08/2014 12:12:41.42][181.184.70.234][1136] SELECT pre_cod_asig1,pre_cod_asig2,pre_cod_asig3,pre_cod_asig4,pre_cod_asig5,pre_cod_asig6,pre_cod_asig7 FROM tblaca009 WHERE pensum='5' AND c_uni_ca='2' AND c_asigna='300313' [1][0] OK
C:[06/08/2014 12:12:41.42][181.184.70.234][1149] SELECT c_asigna FROM dace004 WHERE exp_e='11-24194159' AND c_asigna='300213' AND status IN ('0','3','B','C') [1][0] OK
C:[06/08/2014 12:12:41.42][181.184.70.234][1149] SELECT c_asigna FROM dace004 WHERE exp_e='11-24194159' AND c_asigna='300226' AND status IN ('0','3','B','C') [1][0] OK
C:[06/08/2014 12:12:41.42][181.184.70.234][1149] SELECT c_asigna FROM dace004 WHERE exp_e='11-24194159' AND c_asigna='300209' AND status IN ('0','3','B','C') [1][0] OK
C:[06/08/2014 12:12:41.42][181.184.70.234][1136] SELECT pre_cod_asig1,pre_cod_asig2,pre_cod_asig3,pre_cod_asig4,pre_cod_asig5,pre_cod_asig6,pre_cod_asig7 FROM tblaca009 WHERE pensum='5' AND c_uni_ca='2' AND c_asigna='300317' [1][0] OK
C:[06/08/2014 12:12:41.42][181.184.70.234][1149] SELECT c_asigna FROM dace004 WHERE exp_e='11-24194159' AND c_asigna='300207' AND status IN ('0','3','B','C') [1][0] OK
C:[06/08/2014 12:12:41.42][181.184.70.234][1149] SELECT c_asigna FROM dace004 WHERE exp_e='11-24194159' AND c_asigna='300209' AND status IN ('0','3','B','C') [1][0] OK
C:[06/08/2014 12:12:41.42][181.184.70.234][1136] SELECT pre_cod_asig1,pre_cod_asig2,pre_cod_asig3,pre_cod_asig4,pre_cod_asig5,pre_cod_asig6,pre_cod_asig7 FROM tblaca009 WHERE pensum='5' AND c_uni_ca='2' AND c_asigna='320311' [1][0] OK
C:[06/08/2014 12:12:41.42][181.184.70.234][1149] SELECT c_asigna FROM dace004 WHERE exp_e='11-24194159' AND c_asigna='300013' AND status IN ('0','3','B','C') [1][0] OK
C:[06/08/2014 12:12:41.42][181.184.70.234][1149] SELECT c_asigna FROM dace004 WHERE exp_e='11-24194159' AND c_asigna='300113' AND status IN ('0','3','B','C') [1][0] OK
C:[06/08/2014 12:12:42.80][181.184.70.234][1180] SELECT par_cod_asig1,par_cod_asig2,par_cod_asig3 FROM tblaca009 WHERE pensum='5' AND c_uni_ca='2' AND c_asigna='300313' [1][0] OK
C:[06/08/2014 12:12:42.80][181.184.70.234][1180] SELECT par_cod_asig1,par_cod_asig2,par_cod_asig3 FROM tblaca009 WHERE pensum='5' AND c_uni_ca='2' AND c_asigna='300317' [1][0] OK
C:[06/08/2014 12:12:42.80][181.184.70.234][1180] SELECT par_cod_asig1,par_cod_asig2,par_cod_asig3 FROM tblaca009 WHERE pensum='5' AND c_uni_ca='2' AND c_asigna='320311' [1][0] OK
C:[06/08/2014 12:12:42.19][181.184.70.234][1310] SELECT horas_lab FROM tblaca008 WHERE c_asigna='300313' AND horas_teoricas > 0 [1][0] OK
C:[06/08/2014 12:12:42.19][181.184.70.234][1310] SELECT horas_lab FROM tblaca008 WHERE c_asigna='300317' AND horas_teoricas > 0 [1][0] OK
C:[06/08/2014 12:12:42.19][181.184.70.234][1310] SELECT horas_lab FROM tblaca008 WHERE c_asigna='320311' AND horas_teoricas > 0 [1][0] OK
C:[06/08/2014 12:13:33.13][74.82.68.144][1136] SELECT pre_cod_asig1,pre_cod_asig2,pre_cod_asig3,pre_cod_asig4,pre_cod_asig5,pre_cod_asig6,pre_cod_asig7 FROM tblaca009 WHERE pensum='5' AND c_uni_ca='6' AND c_asigna='300101' [1][0] OK
C:[06/08/2014 12:13:33.38][74.82.68.144][1180] SELECT par_cod_asig1,par_cod_asig2,par_cod_asig3 FROM tblaca009 WHERE pensum='5' AND c_uni_ca='6' AND c_asigna='300101' [1][0] OK
C:[06/08/2014 12:13:33.52][74.82.68.144][1310] SELECT horas_lab FROM tblaca008 WHERE c_asigna='300101' AND horas_teoricas > 0 [1][0] OK
C:[06/08/2014 12:15:47.03][186.167.242.75][1136] SELECT pre_cod_asig1,pre_cod_asig2,pre_cod_asig3,pre_cod_asig4,pre_cod_asig5,pre_cod_asig6,pre_cod_asig7 FROM tblaca009 WHERE pensum='5' AND c_uni_ca='3' AND c_asigna='311704' [1][0] OK
C:[06/08/2014 12:15:47.03][186.167.242.75][1149] SELECT c_asigna FROM dace004 WHERE exp_e='07-19910655' AND c_asigna='315671' AND status IN ('0','3','B','C') [1][0] OK
C:[06/08/2014 12:15:47.03][186.167.242.75][1136] SELECT pre_cod_asig1,pre_cod_asig2,pre_cod_asig3,pre_cod_asig4,pre_cod_asig5,pre_cod_asig6,pre_cod_asig7 FROM tblaca009 WHERE pensum='5' AND c_uni_ca='3' AND c_asigna='311795' [1][0] OK
C:[06/08/2014 12:15:47.03][186.167.242.75][1149] SELECT c_asigna FROM dace004 WHERE exp_e='07-19910655' AND c_asigna='311674' AND status IN ('0','3','B','C') [1][0] OK
C:[06/08/2014 12:15:47.03][186.167.242.75][1149] SELECT c_asigna FROM dace004 WHERE exp_e='07-19910655' AND c_asigna='311673' AND status IN ('0','3','B','C') [1][0] OK
C:[06/08/2014 12:15:47.03][186.167.242.75][1136] SELECT pre_cod_asig1,pre_cod_asig2,pre_cod_asig3,pre_cod_asig4,pre_cod_asig5,pre_cod_asig6,pre_cod_asig7 FROM tblaca009 WHERE pensum='5' AND c_uni_ca='3' AND c_asigna='311799' [1][0] OK
C:[06/08/2014 12:15:47.03][186.167.242.75][1149] SELECT c_asigna FROM dace004 WHERE exp_e='07-19910655' AND c_asigna='311673' AND status IN ('0','3','B','C') [1][0] OK
C:[06/08/2014 12:15:47.04][186.167.242.75][1180] SELECT par_cod_asig1,par_cod_asig2,par_cod_asig3 FROM tblaca009 WHERE pensum='5' AND c_uni_ca='3' AND c_asigna='311704' [1][0] OK
C:[06/08/2014 12:15:47.04][186.167.242.75][1180] SELECT par_cod_asig1,par_cod_asig2,par_cod_asig3 FROM tblaca009 WHERE pensum='5' AND c_uni_ca='3' AND c_asigna='311795' [1][0] OK
C:[06/08/2014 12:15:47.04][186.167.242.75][1180] SELECT par_cod_asig1,par_cod_asig2,par_cod_asig3 FROM tblaca009 WHERE pensum='5' AND c_uni_ca='3' AND c_asigna='311799' [1][0] OK
C:[06/08/2014 12:15:47.42][186.167.242.75][1310] SELECT horas_lab FROM tblaca008 WHERE c_asigna='311704' AND horas_teoricas > 0 [1][0] OK
C:[06/08/2014 12:15:47.42][186.167.242.75][1310] SELECT horas_lab FROM tblaca008 WHERE c_asigna='311795' AND horas_teoricas > 0 [1][0] OK
C:[06/08/2014 12:15:47.42][186.167.242.75][1310] SELECT horas_lab FROM tblaca008 WHERE c_asigna='311799' AND horas_teoricas > 0 [1][0] OK
C:[06/08/2014 12:20:21.23][181.184.5.136][1136] SELECT pre_cod_asig1,pre_cod_asig2,pre_cod_asig3,pre_cod_asig4,pre_cod_asig5,pre_cod_asig6,pre_cod_asig7 FROM tblaca009 WHERE pensum='5' AND c_uni_ca='4' AND c_asigna='333585' [1][0] OK
C:[06/08/2014 12:20:21.23][181.184.5.136][1149] SELECT c_asigna FROM dace004 WHERE exp_e='08-21249095' AND c_asigna='333440' AND status IN ('0','3','B','C') [1][0] OK
C:[06/08/2014 12:20:21.23][181.184.5.136][1149] SELECT c_asigna FROM dace004 WHERE exp_e='08-21249095' AND c_asigna='333441' AND status IN ('0','3','B','C') [1][0] OK
C:[06/08/2014 12:20:21.23][181.184.5.136][1149] SELECT c_asigna FROM dace004 WHERE exp_e='08-21249095' AND c_asigna='300209' AND status IN ('0','3','B','C') [1][0] OK
C:[06/08/2014 12:20:21.23][181.184.5.136][1136] SELECT pre_cod_asig1,pre_cod_asig2,pre_cod_asig3,pre_cod_asig4,pre_cod_asig5,pre_cod_asig6,pre_cod_asig7 FROM tblaca009 WHERE pensum='5' AND c_uni_ca='4' AND c_asigna='333611' [1][0] OK
C:[06/08/2014 12:20:21.23][181.184.5.136][1149] SELECT c_asigna FROM dace004 WHERE exp_e='08-21249095' AND c_asigna='333584' AND status IN ('0','3','B','C') [1][0] OK
C:[06/08/2014 12:20:21.11][181.184.5.136][1180] SELECT par_cod_asig1,par_cod_asig2,par_cod_asig3 FROM tblaca009 WHERE pensum='5' AND c_uni_ca='4' AND c_asigna='333585' [1][0] OK
C:[06/08/2014 12:20:21.11][181.184.5.136][1180] SELECT par_cod_asig1,par_cod_asig2,par_cod_asig3 FROM tblaca009 WHERE pensum='5' AND c_uni_ca='4' AND c_asigna='333611' [1][0] OK
C:[06/08/2014 12:20:21.37][181.184.5.136][1310] SELECT horas_lab FROM tblaca008 WHERE c_asigna='333585' AND horas_teoricas > 0 [1][0] OK
C:[06/08/2014 12:20:21.37][181.184.5.136][1310] SELECT horas_lab FROM tblaca008 WHERE c_asigna='333611' AND horas_teoricas > 0 [1][0] OK
C:[06/08/2014 12:42:27.16][190.204.200.144][1136] SELECT pre_cod_asig1,pre_cod_asig2,pre_cod_asig3,pre_cod_asig4,pre_cod_asig5,pre_cod_asig6,pre_cod_asig7 FROM tblaca009 WHERE pensum='5' AND c_uni_ca='5' AND c_asigna='355722' [1][0] OK
C:[06/08/2014 12:42:27.16][190.204.200.144][1149] SELECT c_asigna FROM dace004 WHERE exp_e='01-15108368' AND c_asigna='355691' AND status IN ('0','3','B','C') [1][0] OK
C:[06/08/2014 12:42:27.16][190.204.200.144][1149] SELECT c_asigna FROM dace004 WHERE exp_e='01-15108368' AND c_asigna='355595' AND status IN ('0','3','B','C') [1][0] OK
C:[06/08/2014 12:42:27.66][190.204.200.144][1180] SELECT par_cod_asig1,par_cod_asig2,par_cod_asig3 FROM tblaca009 WHERE pensum='5' AND c_uni_ca='5' AND c_asigna='355722' [1][0] OK
C:[06/08/2014 12:42:27.80][190.204.200.144][1310] SELECT horas_lab FROM tblaca008 WHERE c_asigna='355722' AND horas_teoricas > 0 [1][0] OK
C:[06/08/2014 12:47:29.93][190.206.243.239][1136] SELECT pre_cod_asig1,pre_cod_asig2,pre_cod_asig3,pre_cod_asig4,pre_cod_asig5,pre_cod_asig6,pre_cod_asig7 FROM tblaca009 WHERE pensum='5' AND c_uni_ca='2' AND c_asigna='300870' [1][0] OK
C:[06/08/2014 12:47:29.19][190.206.243.239][1180] SELECT par_cod_asig1,par_cod_asig2,par_cod_asig3 FROM tblaca009 WHERE pensum='5' AND c_uni_ca='2' AND c_asigna='300870' [1][0] OK
C:[06/08/2014 12:47:29.31][190.206.243.239][1310] SELECT horas_lab FROM tblaca008 WHERE c_asigna='300870' AND horas_teoricas > 0 [1][0] OK
C:[06/08/2014 12:51:16.72][74.82.64.145][1136] SELECT pre_cod_asig1,pre_cod_asig2,pre_cod_asig3,pre_cod_asig4,pre_cod_asig5,pre_cod_asig6,pre_cod_asig7 FROM tblaca009 WHERE pensum='5' AND c_uni_ca='6' AND c_asigna='300101' [1][0] OK
C:[06/08/2014 12:51:16.72][74.82.64.145][1136] SELECT pre_cod_asig1,pre_cod_asig2,pre_cod_asig3,pre_cod_asig4,pre_cod_asig5,pre_cod_asig6,pre_cod_asig7 FROM tblaca009 WHERE pensum='5' AND c_uni_ca='6' AND c_asigna='300112' [1][0] OK
C:[06/08/2014 12:51:16.09][74.82.64.145][1180] SELECT par_cod_asig1,par_cod_asig2,par_cod_asig3 FROM tblaca009 WHERE pensum='5' AND c_uni_ca='6' AND c_asigna='300101' [1][0] OK
C:[06/08/2014 12:51:16.09][74.82.64.145][1180] SELECT par_cod_asig1,par_cod_asig2,par_cod_asig3 FROM tblaca009 WHERE pensum='5' AND c_uni_ca='6' AND c_asigna='300112' [1][0] OK
C:[06/08/2014 12:51:16.35][74.82.64.145][1310] SELECT horas_lab FROM tblaca008 WHERE c_asigna='300101' AND horas_teoricas > 0 [1][0] OK
C:[06/08/2014 12:51:16.35][74.82.64.145][1310] SELECT horas_lab FROM tblaca008 WHERE c_asigna='300112' AND horas_teoricas > 0 [1][0] OK
C:[06/08/2014 12:51:22.82][186.89.140.96][1136] SELECT pre_cod_asig1,pre_cod_asig2,pre_cod_asig3,pre_cod_asig4,pre_cod_asig5,pre_cod_asig6,pre_cod_asig7 FROM tblaca009 WHERE pensum='5' AND c_uni_ca='4' AND c_asigna='300313' [1][0] OK
C:[06/08/2014 12:51:22.82][186.89.140.96][1149] SELECT c_asigna FROM dace004 WHERE exp_e='11-24106366' AND c_asigna='300213' AND status IN ('0','3','B','C') [1][0] OK
C:[06/08/2014 12:51:22.82][186.89.140.96][1149] SELECT c_asigna FROM dace004 WHERE exp_e='11-24106366' AND c_asigna='300226' AND status IN ('0','3','B','C') [1][0] OK
C:[06/08/2014 12:51:22.82][186.89.140.96][1149] SELECT c_asigna FROM dace004 WHERE exp_e='11-24106366' AND c_asigna='300222' AND status IN ('0','3','B','C') [1][0] OK
C:[06/08/2014 12:51:22.82][186.89.140.96][1149] SELECT c_asigna FROM dace004 WHERE exp_e='11-24106366' AND c_asigna='300209' AND status IN ('0','3','B','C') [1][0] OK
C:[06/08/2014 12:51:22.45][186.89.140.96][1180] SELECT par_cod_asig1,par_cod_asig2,par_cod_asig3 FROM tblaca009 WHERE pensum='5' AND c_uni_ca='4' AND c_asigna='300313' [1][0] OK
C:[06/08/2014 12:51:23.59][186.89.140.96][1310] SELECT horas_lab FROM tblaca008 WHERE c_asigna='300313' AND horas_teoricas > 0 [1][0] OK
C:[06/08/2014 13:11:09.19][190.36.21.152][1136] SELECT pre_cod_asig1,pre_cod_asig2,pre_cod_asig3,pre_cod_asig4,pre_cod_asig5,pre_cod_asig6,pre_cod_asig7 FROM tblaca009 WHERE pensum='5' AND c_uni_ca='2' AND c_asigna='300228' [1][0] OK
C:[06/08/2014 13:11:09.19][190.36.21.152][1149] SELECT c_asigna FROM dace004 WHERE exp_e='13-25397454' AND c_asigna='300101' AND status IN ('0','3','B','C') [1][0] OK
C:[06/08/2014 13:11:09.19][190.36.21.152][1136] SELECT pre_cod_asig1,pre_cod_asig2,pre_cod_asig3,pre_cod_asig4,pre_cod_asig5,pre_cod_asig6,pre_cod_asig7 FROM tblaca009 WHERE pensum='5' AND c_uni_ca='2' AND c_asigna='322449' [1][0] OK
C:[06/08/2014 13:11:09.19][190.36.21.152][1149] SELECT c_asigna FROM dace004 WHERE exp_e='13-25397454' AND c_asigna='300222' AND status IN ('0','3','B','C') [1][0] OK
C:[06/08/2014 13:11:09.81][190.36.21.152][1180] SELECT par_cod_asig1,par_cod_asig2,par_cod_asig3 FROM tblaca009 WHERE pensum='5' AND c_uni_ca='2' AND c_asigna='300228' [1][0] OK
C:[06/08/2014 13:11:09.81][190.36.21.152][1180] SELECT par_cod_asig1,par_cod_asig2,par_cod_asig3 FROM tblaca009 WHERE pensum='5' AND c_uni_ca='2' AND c_asigna='322449' [1][0] OK
C:[06/08/2014 13:11:09.08][190.36.21.152][1310] SELECT horas_lab FROM tblaca008 WHERE c_asigna='300228' AND horas_teoricas > 0 [1][0] OK
C:[06/08/2014 13:11:09.08][190.36.21.152][1310] SELECT horas_lab FROM tblaca008 WHERE c_asigna='322449' AND horas_teoricas > 0 [1][0] OK
C:[06/08/2014 13:14:12.97][190.204.111.43][1136] SELECT pre_cod_asig1,pre_cod_asig2,pre_cod_asig3,pre_cod_asig4,pre_cod_asig5,pre_cod_asig6,pre_cod_asig7 FROM tblaca009 WHERE pensum='5' AND c_uni_ca='5' AND c_asigna='355692' [1][0] OK
C:[06/08/2014 13:14:12.97][190.204.111.43][1149] SELECT c_asigna FROM dace004 WHERE exp_e='10-20654421' AND c_asigna='355448' AND status IN ('0','3','B','C') [1][0] OK
C:[06/08/2014 13:14:12.97][190.204.111.43][1149] SELECT c_asigna FROM dace004 WHERE exp_e='10-20654421' AND c_asigna='355570' AND status IN ('0','3','B','C') [1][0] OK
C:[06/08/2014 13:14:12.97][190.204.111.43][1136] SELECT pre_cod_asig1,pre_cod_asig2,pre_cod_asig3,pre_cod_asig4,pre_cod_asig5,pre_cod_asig6,pre_cod_asig7 FROM tblaca009 WHERE pensum='5' AND c_uni_ca='5' AND c_asigna='355693' [1][0] OK
C:[06/08/2014 13:14:12.97][190.204.111.43][1149] SELECT c_asigna FROM dace004 WHERE exp_e='10-20654421' AND c_asigna='355572' AND status IN ('0','3','B','C') [1][0] OK
C:[06/08/2014 13:14:12.97][190.204.111.43][1149] SELECT c_asigna FROM dace004 WHERE exp_e='10-20654421' AND c_asigna='352440' AND status IN ('0','3','B','C') [1][0] OK
C:[06/08/2014 13:14:12.97][190.204.111.43][1149] SELECT c_asigna FROM dace004 WHERE exp_e='10-20654421' AND c_asigna='355573' AND status IN ('0','3','B','C') [1][0] OK
C:[06/08/2014 13:14:12.97][190.204.111.43][1149] SELECT c_asigna FROM dace004 WHERE exp_e='10-20654421' AND c_asigna='300226' AND status IN ('0','3','B','C') [1][0] OK
C:[06/08/2014 13:14:12.97][190.204.111.43][1149] SELECT c_asigna FROM dace004 WHERE exp_e='10-20654421' AND c_asigna='300222' AND status IN ('0','3','B','C') [1][0] OK
C:[06/08/2014 13:14:12.97][190.204.111.43][1149] SELECT c_asigna FROM dace004 WHERE exp_e='10-20654421' AND c_asigna='300013' AND status IN ('0','3','B','C') [1][0] OK
C:[06/08/2014 13:14:12.97][190.204.111.43][1149] SELECT c_asigna FROM dace004 WHERE exp_e='10-20654421' AND c_asigna='300113' AND status IN ('0','3','B','C') [1][0] OK
C:[06/08/2014 13:14:12.97][190.204.111.43][1136] SELECT pre_cod_asig1,pre_cod_asig2,pre_cod_asig3,pre_cod_asig4,pre_cod_asig5,pre_cod_asig6,pre_cod_asig7 FROM tblaca009 WHERE pensum='5' AND c_uni_ca='5' AND c_asigna='355722' [1][0] OK
C:[06/08/2014 13:14:12.97][190.204.111.43][1149] SELECT c_asigna FROM dace004 WHERE exp_e='10-20654421' AND c_asigna='355691' AND status IN ('0','3','B','C') [1][0] OK
C:[06/08/2014 13:14:12.97][190.204.111.43][1149] SELECT c_asigna FROM dace004 WHERE exp_e='10-20654421' AND c_asigna='355595' AND status IN ('0','3','B','C') [1][0] OK
C:[06/08/2014 13:14:13.85][190.204.111.43][1180] SELECT par_cod_asig1,par_cod_asig2,par_cod_asig3 FROM tblaca009 WHERE pensum='5' AND c_uni_ca='5' AND c_asigna='355692' [1][0] OK
C:[06/08/2014 13:14:13.85][190.204.111.43][1180] SELECT par_cod_asig1,par_cod_asig2,par_cod_asig3 FROM tblaca009 WHERE pensum='5' AND c_uni_ca='5' AND c_asigna='355693' [1][0] OK
C:[06/08/2014 13:14:13.85][190.204.111.43][1180] SELECT par_cod_asig1,par_cod_asig2,par_cod_asig3 FROM tblaca009 WHERE pensum='5' AND c_uni_ca='5' AND c_asigna='355722' [1][0] OK
C:[06/08/2014 13:14:13.24][190.204.111.43][1310] SELECT horas_lab FROM tblaca008 WHERE c_asigna='355692' AND horas_teoricas > 0 [1][0] OK
C:[06/08/2014 13:14:13.24][190.204.111.43][1310] SELECT horas_lab FROM tblaca008 WHERE c_asigna='355693' AND horas_teoricas > 0 [1][0] OK
C:[06/08/2014 13:14:13.24][190.204.111.43][1310] SELECT horas_lab FROM tblaca008 WHERE c_asigna='355722' AND horas_teoricas > 0 [1][0] OK
C:[06/08/2014 13:23:56.02][186.90.60.98][1136] SELECT pre_cod_asig1,pre_cod_asig2,pre_cod_asig3,pre_cod_asig4,pre_cod_asig5,pre_cod_asig6,pre_cod_asig7 FROM tblaca009 WHERE pensum='5' AND c_uni_ca='2' AND c_asigna='300313' [1][0] OK
C:[06/08/2014 13:23:56.02][186.90.60.98][1149] SELECT c_asigna FROM dace004 WHERE exp_e='10-21415248' AND c_asigna='300213' AND status IN ('0','3','B','C') [1][0] OK
C:[06/08/2014 13:23:56.02][186.90.60.98][1149] SELECT c_asigna FROM dace004 WHERE exp_e='10-21415248' AND c_asigna='300226' AND status IN ('0','3','B','C') [1][0] OK
C:[06/08/2014 13:23:56.02][186.90.60.98][1149] SELECT c_asigna FROM dace004 WHERE exp_e='10-21415248' AND c_asigna='300209' AND status IN ('0','3','B','C') [1][0] OK
C:[06/08/2014 13:23:56.02][186.90.60.98][1136] SELECT pre_cod_asig1,pre_cod_asig2,pre_cod_asig3,pre_cod_asig4,pre_cod_asig5,pre_cod_asig6,pre_cod_asig7 FROM tblaca009 WHERE pensum='5' AND c_uni_ca='2' AND c_asigna='300428' [1][0] OK
C:[06/08/2014 13:23:56.02][186.90.60.98][1149] SELECT c_asigna FROM dace004 WHERE exp_e='10-21415248' AND c_asigna='300317' AND status IN ('0','3','B','C') [1][0] OK
C:[06/08/2014 13:23:56.02][186.90.60.98][1149] SELECT c_asigna FROM dace004 WHERE exp_e='10-21415248' AND c_asigna='300209' AND status IN ('0','3','B','C') [1][0] OK
C:[06/08/2014 13:23:56.02][186.90.60.98][1136] SELECT pre_cod_asig1,pre_cod_asig2,pre_cod_asig3,pre_cod_asig4,pre_cod_asig5,pre_cod_asig6,pre_cod_asig7 FROM tblaca009 WHERE pensum='5' AND c_uni_ca='2' AND c_asigna='322436' [1][0] OK
C:[06/08/2014 13:23:56.02][186.90.60.98][1149] SELECT c_asigna FROM dace004 WHERE exp_e='10-21415248' AND c_asigna='300317' AND status IN ('0','3','B','C') [1][0] OK
C:[06/08/2014 13:23:56.02][186.90.60.98][1149] SELECT c_asigna FROM dace004 WHERE exp_e='10-21415248' AND c_asigna='320311' AND status IN ('0','3','B','C') [1][0] OK
C:[06/08/2014 13:23:56.40][186.90.60.98][1180] SELECT par_cod_asig1,par_cod_asig2,par_cod_asig3 FROM tblaca009 WHERE pensum='5' AND c_uni_ca='2' AND c_asigna='300313' [1][0] OK
C:[06/08/2014 13:23:56.40][186.90.60.98][1180] SELECT par_cod_asig1,par_cod_asig2,par_cod_asig3 FROM tblaca009 WHERE pensum='5' AND c_uni_ca='2' AND c_asigna='300428' [1][0] OK
C:[06/08/2014 13:23:56.40][186.90.60.98][1180] SELECT par_cod_asig1,par_cod_asig2,par_cod_asig3 FROM tblaca009 WHERE pensum='5' AND c_uni_ca='2' AND c_asigna='322436' [1][0] OK
C:[06/08/2014 13:23:56.79][186.90.60.98][1310] SELECT horas_lab FROM tblaca008 WHERE c_asigna='300313' AND horas_teoricas > 0 [1][0] OK
C:[06/08/2014 13:23:56.79][186.90.60.98][1310] SELECT horas_lab FROM tblaca008 WHERE c_asigna='300428' AND horas_teoricas > 0 [1][0] OK
C:[06/08/2014 13:23:56.79][186.90.60.98][1310] SELECT horas_lab FROM tblaca008 WHERE c_asigna='322436' AND horas_teoricas > 0 [1][0] OK
C:[06/08/2014 13:29:31.88][179.21.141.134][1136] SELECT pre_cod_asig1,pre_cod_asig2,pre_cod_asig3,pre_cod_asig4,pre_cod_asig5,pre_cod_asig6,pre_cod_asig7 FROM tblaca009 WHERE pensum='5' AND c_uni_ca='4' AND c_asigna='333606' [1][0] OK
C:[06/08/2014 13:29:31.88][179.21.141.134][1149] SELECT c_asigna FROM dace004 WHERE exp_e='08-20706036' AND c_asigna='333584' AND status IN ('0','3','B','C') [1][0] OK
C:[06/08/2014 13:29:31.88][179.21.141.134][1136] SELECT pre_cod_asig1,pre_cod_asig2,pre_cod_asig3,pre_cod_asig4,pre_cod_asig5,pre_cod_asig6,pre_cod_asig7 FROM tblaca009 WHERE pensum='5' AND c_uni_ca='4' AND c_asigna='333611' [1][0] OK
C:[06/08/2014 13:29:31.88][179.21.141.134][1149] SELECT c_asigna FROM dace004 WHERE exp_e='08-20706036' AND c_asigna='333584' AND status IN ('0','3','B','C') [1][0] OK
C:[06/08/2014 13:29:31.50][179.21.141.134][1180] SELECT par_cod_asig1,par_cod_asig2,par_cod_asig3 FROM tblaca009 WHERE pensum='5' AND c_uni_ca='4' AND c_asigna='333606' [1][0] OK
C:[06/08/2014 13:29:31.50][179.21.141.134][1180] SELECT par_cod_asig1,par_cod_asig2,par_cod_asig3 FROM tblaca009 WHERE pensum='5' AND c_uni_ca='4' AND c_asigna='333611' [1][0] OK
C:[06/08/2014 13:29:31.76][179.21.141.134][1310] SELECT horas_lab FROM tblaca008 WHERE c_asigna='333606' AND horas_teoricas > 0 [1][0] OK
C:[06/08/2014 13:29:31.76][179.21.141.134][1310] SELECT horas_lab FROM tblaca008 WHERE c_asigna='333611' AND horas_teoricas > 0 [1][0] OK
C:[06/08/2014 13:42:50.93][190.204.97.44][1136] SELECT pre_cod_asig1,pre_cod_asig2,pre_cod_asig3,pre_cod_asig4,pre_cod_asig5,pre_cod_asig6,pre_cod_asig7 FROM tblaca009 WHERE pensum='5' AND c_uni_ca='6' AND c_asigna='300101' [1][0] OK
C:[06/08/2014 13:42:50.18][190.204.97.44][1180] SELECT par_cod_asig1,par_cod_asig2,par_cod_asig3 FROM tblaca009 WHERE pensum='5' AND c_uni_ca='6' AND c_asigna='300101' [1][0] OK
C:[06/08/2014 13:42:50.32][190.204.97.44][1310] SELECT horas_lab FROM tblaca008 WHERE c_asigna='300101' AND horas_teoricas > 0 [1][0] OK
C:[06/08/2014 13:44:34.49][190.204.97.44][1136] SELECT pre_cod_asig1,pre_cod_asig2,pre_cod_asig3,pre_cod_asig4,pre_cod_asig5,pre_cod_asig6,pre_cod_asig7 FROM tblaca009 WHERE pensum='5' AND c_uni_ca='6' AND c_asigna='300101' [1][0] OK
C:[06/08/2014 13:44:34.75][190.204.97.44][1180] SELECT par_cod_asig1,par_cod_asig2,par_cod_asig3 FROM tblaca009 WHERE pensum='5' AND c_uni_ca='6' AND c_asigna='300101' [1][0] OK
C:[06/08/2014 13:44:34.87][190.204.97.44][1310] SELECT horas_lab FROM tblaca008 WHERE c_asigna='300101' AND horas_teoricas > 0 [1][0] OK
C:[06/08/2014 13:57:06.62][190.204.97.44][1136] SELECT pre_cod_asig1,pre_cod_asig2,pre_cod_asig3,pre_cod_asig4,pre_cod_asig5,pre_cod_asig6,pre_cod_asig7 FROM tblaca009 WHERE pensum='5' AND c_uni_ca='3' AND c_asigna='300317' [1][0] OK
C:[06/08/2014 13:57:06.62][190.204.97.44][1149] SELECT c_asigna FROM dace004 WHERE exp_e='09-22574561' AND c_asigna='300207' AND status IN ('0','3','B','C') [1][0] OK
C:[06/08/2014 13:57:06.62][190.204.97.44][1149] SELECT c_asigna FROM dace004 WHERE exp_e='09-22574561' AND c_asigna='300209' AND status IN ('0','3','B','C') [1][0] OK
C:[06/08/2014 13:57:06.62][190.204.97.44][1136] SELECT pre_cod_asig1,pre_cod_asig2,pre_cod_asig3,pre_cod_asig4,pre_cod_asig5,pre_cod_asig6,pre_cod_asig7 FROM tblaca009 WHERE pensum='5' AND c_uni_ca='3' AND c_asigna='300318' [1][0] OK
C:[06/08/2014 13:57:06.62][190.204.97.44][1149] SELECT c_asigna FROM dace004 WHERE exp_e='09-22574561' AND c_asigna='300228' AND status IN ('0','3','B','C') [1][0] OK
C:[06/08/2014 13:57:06.62][190.204.97.44][1149] SELECT c_asigna FROM dace004 WHERE exp_e='09-22574561' AND c_asigna='300207' AND status IN ('0','3','B','C') [1][0] OK
C:[06/08/2014 13:57:06.62][190.204.97.44][1149] SELECT c_asigna FROM dace004 WHERE exp_e='09-22574561' AND c_asigna='300218' AND status IN ('0','3','B','C') [1][0] OK
C:[06/08/2014 13:57:06.05][190.204.97.44][1180] SELECT par_cod_asig1,par_cod_asig2,par_cod_asig3 FROM tblaca009 WHERE pensum='5' AND c_uni_ca='3' AND c_asigna='300317' [1][0] OK
C:[06/08/2014 13:57:06.05][190.204.97.44][1180] SELECT par_cod_asig1,par_cod_asig2,par_cod_asig3 FROM tblaca009 WHERE pensum='5' AND c_uni_ca='3' AND c_asigna='300318' [1][0] OK
C:[06/08/2014 13:57:06.34][190.204.97.44][1310] SELECT horas_lab FROM tblaca008 WHERE c_asigna='300317' AND horas_teoricas > 0 [1][0] OK
C:[06/08/2014 13:57:06.34][190.204.97.44][1310] SELECT horas_lab FROM tblaca008 WHERE c_asigna='300318' AND horas_teoricas > 0 [1][0] OK
C:[06/08/2014 14:18:25.46][190.199.80.77][1136] SELECT pre_cod_asig1,pre_cod_asig2,pre_cod_asig3,pre_cod_asig4,pre_cod_asig5,pre_cod_asig6,pre_cod_asig7 FROM tblaca009 WHERE pensum='5' AND c_uni_ca='3' AND c_asigna='300105' [1][0] OK
C:[06/08/2014 14:18:25.46][190.199.80.77][1136] SELECT pre_cod_asig1,pre_cod_asig2,pre_cod_asig3,pre_cod_asig4,pre_cod_asig5,pre_cod_asig6,pre_cod_asig7 FROM tblaca009 WHERE pensum='5' AND c_uni_ca='3' AND c_asigna='311554' [1][0] OK
C:[06/08/2014 14:18:25.46][190.199.80.77][1149] SELECT c_asigna FROM dace004 WHERE exp_e='08-20222251' AND c_asigna='300318' AND status IN ('0','3','B','C') [1][0] OK
C:[06/08/2014 14:18:25.46][190.199.80.77][1149] SELECT c_asigna FROM dace004 WHERE exp_e='08-20222251' AND c_asigna='300428' AND status IN ('0','3','B','C') [1][0] OK
C:[06/08/2014 14:18:25.52][190.199.80.77][1180] SELECT par_cod_asig1,par_cod_asig2,par_cod_asig3 FROM tblaca009 WHERE pensum='5' AND c_uni_ca='3' AND c_asigna='300105' [1][0] OK
C:[06/08/2014 14:18:25.52][190.199.80.77][1180] SELECT par_cod_asig1,par_cod_asig2,par_cod_asig3 FROM tblaca009 WHERE pensum='5' AND c_uni_ca='3' AND c_asigna='311554' [1][0] OK
C:[06/08/2014 14:18:25.79][190.199.80.77][1310] SELECT horas_lab FROM tblaca008 WHERE c_asigna='300105' AND horas_teoricas > 0 [1][0] OK
C:[06/08/2014 14:18:25.79][190.199.80.77][1310] SELECT horas_lab FROM tblaca008 WHERE c_asigna='311554' AND horas_teoricas > 0 [1][0] OK
C:[06/08/2014 14:24:08.73][190.204.97.44][1136] SELECT pre_cod_asig1,pre_cod_asig2,pre_cod_asig3,pre_cod_asig4,pre_cod_asig5,pre_cod_asig6,pre_cod_asig7 FROM tblaca009 WHERE pensum='5' AND c_uni_ca='6' AND c_asigna='300956' [1][0] OK
C:[06/08/2014 14:24:08.73][190.204.97.44][1149] SELECT c_asigna FROM dace004 WHERE exp_e='10-20020431' AND c_asigna='300422' AND status IN ('0','3','B','C') [1][0] OK
C:[06/08/2014 14:24:08.73][190.204.97.44][1149] SELECT c_asigna FROM dace004 WHERE exp_e='10-20020431' AND c_asigna='300105' AND status IN ('0','3','B','C') [1][0] OK
C:[06/08/2014 14:24:08.73][190.204.97.44][1149] SELECT c_asigna FROM dace004 WHERE exp_e='10-20020431' AND c_asigna='300314' AND status IN ('0','3','B','C') [1][0] OK
C:[06/08/2014 14:24:08.73][190.204.97.44][1136] SELECT pre_cod_asig1,pre_cod_asig2,pre_cod_asig3,pre_cod_asig4,pre_cod_asig5,pre_cod_asig6,pre_cod_asig7 FROM tblaca009 WHERE pensum='5' AND c_uni_ca='6' AND c_asigna='344046' [1][0] OK
C:[06/08/2014 14:24:08.73][190.204.97.44][1149] SELECT c_asigna FROM dace004 WHERE exp_e='10-20020431' AND c_asigna='344834' AND status IN ('0','3','B','C') [1][0] OK
C:[06/08/2014 14:24:08.73][190.204.97.44][1149] SELECT c_asigna FROM dace004 WHERE exp_e='10-20020431' AND c_asigna='344732' AND status IN ('0','3','B','C') [1][0] OK
C:[06/08/2014 14:24:08.72][190.204.97.44][1180] SELECT par_cod_asig1,par_cod_asig2,par_cod_asig3 FROM tblaca009 WHERE pensum='5' AND c_uni_ca='6' AND c_asigna='300956' [1][0] OK
C:[06/08/2014 14:24:08.72][190.204.97.44][1180] SELECT par_cod_asig1,par_cod_asig2,par_cod_asig3 FROM tblaca009 WHERE pensum='5' AND c_uni_ca='6' AND c_asigna='344046' [1][0] OK
C:[06/08/2014 14:24:08.99][190.204.97.44][1310] SELECT horas_lab FROM tblaca008 WHERE c_asigna='300956' AND horas_teoricas > 0 [1][0] OK
C:[06/08/2014 14:24:08.99][190.204.97.44][1310] SELECT horas_lab FROM tblaca008 WHERE c_asigna='344046' AND horas_teoricas > 0 [1][0] OK
C:[06/08/2014 14:31:31.04][186.90.192.5][1136] SELECT pre_cod_asig1,pre_cod_asig2,pre_cod_asig3,pre_cod_asig4,pre_cod_asig5,pre_cod_asig6,pre_cod_asig7 FROM tblaca009 WHERE pensum='5' AND c_uni_ca='2' AND c_asigna='322678' [1][0] OK
C:[06/08/2014 14:31:31.04][186.90.192.5][1149] SELECT c_asigna FROM dace004 WHERE exp_e='10-19804118' AND c_asigna='322559' AND status IN ('0','3','B','C') [1][0] OK
C:[06/08/2014 14:31:31.04][186.90.192.5][1136] SELECT pre_cod_asig1,pre_cod_asig2,pre_cod_asig3,pre_cod_asig4,pre_cod_asig5,pre_cod_asig6,pre_cod_asig7 FROM tblaca009 WHERE pensum='5' AND c_uni_ca='2' AND c_asigna='322703' [1][0] OK
C:[06/08/2014 14:31:31.04][186.90.192.5][1149] SELECT c_asigna FROM dace004 WHERE exp_e='10-19804118' AND c_asigna='322669' AND status IN ('0','3','B','C') [1][0] OK
C:[06/08/2014 14:31:31.04][186.90.192.5][1136] SELECT pre_cod_asig1,pre_cod_asig2,pre_cod_asig3,pre_cod_asig4,pre_cod_asig5,pre_cod_asig6,pre_cod_asig7 FROM tblaca009 WHERE pensum='5' AND c_uni_ca='2' AND c_asigna='322728' [1][0] OK
C:[06/08/2014 14:31:31.04][186.90.192.5][1149] SELECT c_asigna FROM dace004 WHERE exp_e='10-19804118' AND c_asigna='311561' AND status IN ('0','3','B','C') [1][0] OK
C:[06/08/2014 14:31:31.04][186.90.192.5][1149] SELECT c_asigna FROM dace004 WHERE exp_e='10-19804118' AND c_asigna='322681' AND status IN ('0','3','B','C') [1][0] OK
C:[06/08/2014 14:31:31.04][186.90.192.5][1136] SELECT pre_cod_asig1,pre_cod_asig2,pre_cod_asig3,pre_cod_asig4,pre_cod_asig5,pre_cod_asig6,pre_cod_asig7 FROM tblaca009 WHERE pensum='5' AND c_uni_ca='2' AND c_asigna='322782' [1][0] OK
C:[06/08/2014 14:31:31.04][186.90.192.5][1149] SELECT c_asigna FROM dace004 WHERE exp_e='10-19804118' AND c_asigna='322669' AND status IN ('0','3','B','C') [1][0] OK
C:[06/08/2014 14:31:31.04][186.90.192.5][1149] SELECT c_asigna FROM dace004 WHERE exp_e='10-19804118' AND c_asigna='322550' AND status IN ('0','3','B','C') [1][0] OK
C:[06/08/2014 14:31:32.41][186.90.192.5][1180] SELECT par_cod_asig1,par_cod_asig2,par_cod_asig3 FROM tblaca009 WHERE pensum='5' AND c_uni_ca='2' AND c_asigna='322678' [1][0] OK
C:[06/08/2014 14:31:32.41][186.90.192.5][1180] SELECT par_cod_asig1,par_cod_asig2,par_cod_asig3 FROM tblaca009 WHERE pensum='5' AND c_uni_ca='2' AND c_asigna='322703' [1][0] OK
C:[06/08/2014 14:31:32.41][186.90.192.5][1180] SELECT par_cod_asig1,par_cod_asig2,par_cod_asig3 FROM tblaca009 WHERE pensum='5' AND c_uni_ca='2' AND c_asigna='322728' [1][0] OK
C:[06/08/2014 14:31:32.41][186.90.192.5][1180] SELECT par_cod_asig1,par_cod_asig2,par_cod_asig3 FROM tblaca009 WHERE pensum='5' AND c_uni_ca='2' AND c_asigna='322782' [1][0] OK
C:[06/08/2014 14:31:32.93][186.90.192.5][1310] SELECT horas_lab FROM tblaca008 WHERE c_asigna='322678' AND horas_teoricas > 0 [1][0] OK
C:[06/08/2014 14:31:32.93][186.90.192.5][1310] SELECT horas_lab FROM tblaca008 WHERE c_asigna='322703' AND horas_teoricas > 0 [1][0] OK
C:[06/08/2014 14:31:32.93][186.90.192.5][1310] SELECT horas_lab FROM tblaca008 WHERE c_asigna='322728' AND horas_teoricas > 0 [1][0] OK
C:[06/08/2014 14:31:32.93][186.90.192.5][1310] SELECT horas_lab FROM tblaca008 WHERE c_asigna='322782' AND horas_teoricas > 0 [1][0] OK
C:[06/08/2014 14:34:23.71][190.38.209.103][1136] SELECT pre_cod_asig1,pre_cod_asig2,pre_cod_asig3,pre_cod_asig4,pre_cod_asig5,pre_cod_asig6,pre_cod_asig7 FROM tblaca009 WHERE pensum='5' AND c_uni_ca='6' AND c_asigna='344565' [1][0] OK
C:[06/08/2014 14:34:23.71][190.38.209.103][1149] SELECT c_asigna FROM dace004 WHERE exp_e='09-20507466' AND c_asigna='344445' AND status IN ('0','3','B','C') [1][0] OK
C:[06/08/2014 14:34:23.09][190.38.209.103][1180] SELECT par_cod_asig1,par_cod_asig2,par_cod_asig3 FROM tblaca009 WHERE pensum='5' AND c_uni_ca='6' AND c_asigna='344565' [1][0] OK
C:[06/08/2014 14:34:23.23][190.38.209.103][1310] SELECT horas_lab FROM tblaca008 WHERE c_asigna='344565' AND horas_teoricas > 0 [1][0] OK
C:[06/08/2014 14:40:58.82][181.183.199.227][1136] SELECT pre_cod_asig1,pre_cod_asig2,pre_cod_asig3,pre_cod_asig4,pre_cod_asig5,pre_cod_asig6,pre_cod_asig7 FROM tblaca009 WHERE pensum='5' AND c_uni_ca='2' AND c_asigna='322826' [1][0] OK
C:[06/08/2014 14:40:58.82][181.183.199.227][1149] SELECT c_asigna FROM dace004 WHERE exp_e='10-20884621' AND c_asigna='322702' AND status IN ('0','3','B','C') [1][0] OK
C:[06/08/2014 14:40:58.82][181.183.199.227][1136] SELECT pre_cod_asig1,pre_cod_asig2,pre_cod_asig3,pre_cod_asig4,pre_cod_asig5,pre_cod_asig6,pre_cod_asig7 FROM tblaca009 WHERE pensum='5' AND c_uni_ca='2' AND c_asigna='322904' [1][0] OK
C:[06/08/2014 14:40:58.82][181.183.199.227][1149] SELECT c_asigna FROM dace004 WHERE exp_e='10-20884621' AND c_asigna='322782' AND status IN ('0','3','B','C') [1][0] OK
C:[06/08/2014 14:40:58.82][181.183.199.227][1149] SELECT c_asigna FROM dace004 WHERE exp_e='10-20884621' AND c_asigna='322801' AND status IN ('0','3','B','C') [1][0] OK
C:[06/08/2014 14:40:58.82][181.183.199.227][1136] SELECT pre_cod_asig1,pre_cod_asig2,pre_cod_asig3,pre_cod_asig4,pre_cod_asig5,pre_cod_asig6,pre_cod_asig7 FROM tblaca009 WHERE pensum='5' AND c_uni_ca='2' AND c_asigna='322041' [1][0] OK
C:[06/08/2014 14:40:58.70][181.183.199.227][1180] SELECT par_cod_asig1,par_cod_asig2,par_cod_asig3 FROM tblaca009 WHERE pensum='5' AND c_uni_ca='2' AND c_asigna='322826' [1][0] OK
C:[06/08/2014 14:40:58.70][181.183.199.227][1180] SELECT par_cod_asig1,par_cod_asig2,par_cod_asig3 FROM tblaca009 WHERE pensum='5' AND c_uni_ca='2' AND c_asigna='322904' [1][0] OK
C:[06/08/2014 14:40:58.70][181.183.199.227][1180] SELECT par_cod_asig1,par_cod_asig2,par_cod_asig3 FROM tblaca009 WHERE pensum='5' AND c_uni_ca='2' AND c_asigna='322041' [1][0] OK
C:[06/08/2014 14:40:58.09][181.183.199.227][1310] SELECT horas_lab FROM tblaca008 WHERE c_asigna='322826' AND horas_teoricas > 0 [1][0] OK
C:[06/08/2014 14:40:58.09][181.183.199.227][1310] SELECT horas_lab FROM tblaca008 WHERE c_asigna='322904' AND horas_teoricas > 0 [1][0] OK
C:[06/08/2014 14:40:58.09][181.183.199.227][1310] SELECT horas_lab FROM tblaca008 WHERE c_asigna='322041' AND horas_teoricas > 0 [1][0] OK
C:[06/08/2014 14:46:05.73][200.62.19.36][1136] SELECT pre_cod_asig1,pre_cod_asig2,pre_cod_asig3,pre_cod_asig4,pre_cod_asig5,pre_cod_asig6,pre_cod_asig7 FROM tblaca009 WHERE pensum='5' AND c_uni_ca='3' AND c_asigna='300101' [1][0] OK
C:[06/08/2014 14:46:05.98][200.62.19.36][1180] SELECT par_cod_asig1,par_cod_asig2,par_cod_asig3 FROM tblaca009 WHERE pensum='5' AND c_uni_ca='3' AND c_asigna='300101' [1][0] OK
C:[06/08/2014 14:46:05.11][200.62.19.36][1310] SELECT horas_lab FROM tblaca008 WHERE c_asigna='300101' AND horas_teoricas > 0 [1][0] OK
C:[06/08/2014 14:50:48.23][186.88.169.87][1136] SELECT pre_cod_asig1,pre_cod_asig2,pre_cod_asig3,pre_cod_asig4,pre_cod_asig5,pre_cod_asig6,pre_cod_asig7 FROM tblaca009 WHERE pensum='5' AND c_uni_ca='3' AND c_asigna='312444' [1][0] OK
C:[06/08/2014 14:50:48.23][186.88.169.87][1149] SELECT c_asigna FROM dace004 WHERE exp_e='12-21340529' AND c_asigna='312333' AND status IN ('0','3','B','C') [1][0] OK
C:[06/08/2014 14:50:48.23][186.88.169.87][1136] SELECT pre_cod_asig1,pre_cod_asig2,pre_cod_asig3,pre_cod_asig4,pre_cod_asig5,pre_cod_asig6,pre_cod_asig7 FROM tblaca009 WHERE pensum='5' AND c_uni_ca='3' AND c_asigna='300428' [1][0] OK
C:[06/08/2014 14:50:48.23][186.88.169.87][1149] SELECT c_asigna FROM dace004 WHERE exp_e='12-21340529' AND c_asigna='300317' AND status IN ('0','3','B','C') [1][0] OK
C:[06/08/2014 14:50:48.23][186.88.169.87][1149] SELECT c_asigna FROM dace004 WHERE exp_e='12-21340529' AND c_asigna='300209' AND status IN ('0','3','B','C') [1][0] OK
C:[06/08/2014 14:50:48.43][186.88.169.87][1180] SELECT par_cod_asig1,par_cod_asig2,par_cod_asig3 FROM tblaca009 WHERE pensum='5' AND c_uni_ca='3' AND c_asigna='312444' [1][0] OK
C:[06/08/2014 14:50:48.43][186.88.169.87][1180] SELECT par_cod_asig1,par_cod_asig2,par_cod_asig3 FROM tblaca009 WHERE pensum='5' AND c_uni_ca='3' AND c_asigna='300428' [1][0] OK
C:[06/08/2014 14:50:48.68][186.88.169.87][1310] SELECT horas_lab FROM tblaca008 WHERE c_asigna='312444' AND horas_teoricas > 0 [1][0] OK
C:[06/08/2014 14:50:48.68][186.88.169.87][1310] SELECT horas_lab FROM tblaca008 WHERE c_asigna='300428' AND horas_teoricas > 0 [1][0] OK
C:[06/08/2014 14:58:05.84][190.204.97.44][1136] SELECT pre_cod_asig1,pre_cod_asig2,pre_cod_asig3,pre_cod_asig4,pre_cod_asig5,pre_cod_asig6,pre_cod_asig7 FROM tblaca009 WHERE pensum='5' AND c_uni_ca='3' AND c_asigna='300113' [1][0] OK
C:[06/08/2014 14:58:05.09][190.204.97.44][1180] SELECT par_cod_asig1,par_cod_asig2,par_cod_asig3 FROM tblaca009 WHERE pensum='5' AND c_uni_ca='3' AND c_asigna='300113' [1][0] OK
C:[06/08/2014 14:58:05.09][190.204.97.44][1194] SELECT c_asigna FROM dace004 WHERE exp_e='07-18961791' AND c_asigna='300013' AND status IN ('0','3','B','C') [1][0] OK
C:[06/08/2014 14:58:05.35][190.204.97.44][1310] SELECT horas_lab FROM tblaca008 WHERE c_asigna='300113' AND horas_teoricas > 0 [0][0] OK
C:[06/08/2014 14:59:46.90][190.73.138.191][1136] SELECT pre_cod_asig1,pre_cod_asig2,pre_cod_asig3,pre_cod_asig4,pre_cod_asig5,pre_cod_asig6,pre_cod_asig7 FROM tblaca009 WHERE pensum='5' AND c_uni_ca='4' AND c_asigna='300101' [1][0] OK
C:[06/08/2014 14:59:46.60][190.73.138.191][1180] SELECT par_cod_asig1,par_cod_asig2,par_cod_asig3 FROM tblaca009 WHERE pensum='5' AND c_uni_ca='4' AND c_asigna='300101' [1][0] OK
C:[06/08/2014 14:59:46.74][190.73.138.191][1310] SELECT horas_lab FROM tblaca008 WHERE c_asigna='300101' AND horas_teoricas > 0 [1][0] OK
C:[06/08/2014 15:07:55.56][190.204.97.44][1136] SELECT pre_cod_asig1,pre_cod_asig2,pre_cod_asig3,pre_cod_asig4,pre_cod_asig5,pre_cod_asig6,pre_cod_asig7 FROM tblaca009 WHERE pensum='5' AND c_uni_ca='3' AND c_asigna='300113' [1][0] OK
C:[06/08/2014 15:07:55.56][190.204.97.44][1136] SELECT pre_cod_asig1,pre_cod_asig2,pre_cod_asig3,pre_cod_asig4,pre_cod_asig5,pre_cod_asig6,pre_cod_asig7 FROM tblaca009 WHERE pensum='5' AND c_uni_ca='3' AND c_asigna='300226' [1][0] OK
C:[06/08/2014 15:07:55.56][190.204.97.44][1149] SELECT c_asigna FROM dace004 WHERE exp_e='11-21497428' AND c_asigna='300116' AND status IN ('0','3','B','C') [1][0] OK
C:[06/08/2014 15:07:55.06][190.204.97.44][1180] SELECT par_cod_asig1,par_cod_asig2,par_cod_asig3 FROM tblaca009 WHERE pensum='5' AND c_uni_ca='3' AND c_asigna='300113' [1][0] OK
C:[06/08/2014 15:07:55.06][190.204.97.44][1194] SELECT c_asigna FROM dace004 WHERE exp_e='11-21497428' AND c_asigna='300013' AND status IN ('0','3','B','C') [1][0] OK
C:[06/08/2014 15:07:55.06][190.204.97.44][1180] SELECT par_cod_asig1,par_cod_asig2,par_cod_asig3 FROM tblaca009 WHERE pensum='5' AND c_uni_ca='3' AND c_asigna='300226' [1][0] OK
C:[06/08/2014 15:07:55.44][190.204.97.44][1310] SELECT horas_lab FROM tblaca008 WHERE c_asigna='300113' AND horas_teoricas > 0 [0][0] OK
C:[06/08/2014 15:07:55.44][190.204.97.44][1310] SELECT horas_lab FROM tblaca008 WHERE c_asigna='300226' AND horas_teoricas > 0 [1][0] OK
C:[06/08/2014 15:07:55.87][190.37.60.56][1136] SELECT pre_cod_asig1,pre_cod_asig2,pre_cod_asig3,pre_cod_asig4,pre_cod_asig5,pre_cod_asig6,pre_cod_asig7 FROM tblaca009 WHERE pensum='5' AND c_uni_ca='3' AND c_asigna='300213' [1][0] OK
C:[06/08/2014 15:07:55.87][190.37.60.56][1149] SELECT c_asigna FROM dace004 WHERE exp_e='10-22812735' AND c_asigna='300101' AND status IN ('0','3','B','C') [1][0] OK
C:[06/08/2014 15:07:55.87][190.37.60.56][1136] SELECT pre_cod_asig1,pre_cod_asig2,pre_cod_asig3,pre_cod_asig4,pre_cod_asig5,pre_cod_asig6,pre_cod_asig7 FROM tblaca009 WHERE pensum='5' AND c_uni_ca='3' AND c_asigna='300218' [1][0] OK
C:[06/08/2014 15:07:55.87][190.37.60.56][1149] SELECT c_asigna FROM dace004 WHERE exp_e='10-22812735' AND c_asigna='300101' AND status IN ('0','3','B','C') [1][0] OK
C:[06/08/2014 15:07:55.95][190.37.60.56][1180] SELECT par_cod_asig1,par_cod_asig2,par_cod_asig3 FROM tblaca009 WHERE pensum='5' AND c_uni_ca='3' AND c_asigna='300213' [1][0] OK
C:[06/08/2014 15:07:55.95][190.37.60.56][1194] SELECT c_asigna FROM dace004 WHERE exp_e='10-22812735' AND c_asigna='300209' AND status IN ('0','3','B','C') [1][0] OK
C:[06/08/2014 15:07:55.95][190.37.60.56][1180] SELECT par_cod_asig1,par_cod_asig2,par_cod_asig3 FROM tblaca009 WHERE pensum='5' AND c_uni_ca='3' AND c_asigna='300218' [1][0] OK
C:[06/08/2014 15:07:55.95][190.37.60.56][1194] SELECT c_asigna FROM dace004 WHERE exp_e='10-22812735' AND c_asigna='300228' AND status IN ('0','3','B','C') [1][0] OK
C:[06/08/2014 15:07:55.00][190.37.60.56][1310] SELECT horas_lab FROM tblaca008 WHERE c_asigna='300213' AND horas_teoricas > 0 [1][0] OK
C:[06/08/2014 15:07:55.00][190.37.60.56][1310] SELECT horas_lab FROM tblaca008 WHERE c_asigna='300218' AND horas_teoricas > 0 [0][0] OK
C:[06/08/2014 15:08:23.59][190.204.97.44][1136] SELECT pre_cod_asig1,pre_cod_asig2,pre_cod_asig3,pre_cod_asig4,pre_cod_asig5,pre_cod_asig6,pre_cod_asig7 FROM tblaca009 WHERE pensum='5' AND c_uni_ca='3' AND c_asigna='300113' [1][0] OK
C:[06/08/2014 15:08:23.59][190.204.97.44][1136] SELECT pre_cod_asig1,pre_cod_asig2,pre_cod_asig3,pre_cod_asig4,pre_cod_asig5,pre_cod_asig6,pre_cod_asig7 FROM tblaca009 WHERE pensum='5' AND c_uni_ca='3' AND c_asigna='300226' [1][0] OK
C:[06/08/2014 15:08:23.59][190.204.97.44][1149] SELECT c_asigna FROM dace004 WHERE exp_e='11-21497428' AND c_asigna='300116' AND status IN ('0','3','B','C') [1][0] OK
C:[06/08/2014 15:08:23.53][190.204.97.44][1180] SELECT par_cod_asig1,par_cod_asig2,par_cod_asig3 FROM tblaca009 WHERE pensum='5' AND c_uni_ca='3' AND c_asigna='300113' [1][0] OK
C:[06/08/2014 15:08:23.53][190.204.97.44][1194] SELECT c_asigna FROM dace004 WHERE exp_e='11-21497428' AND c_asigna='300013' AND status IN ('0','3','B','C') [1][0] OK
C:[06/08/2014 15:08:23.53][190.204.97.44][1180] SELECT par_cod_asig1,par_cod_asig2,par_cod_asig3 FROM tblaca009 WHERE pensum='5' AND c_uni_ca='3' AND c_asigna='300226' [1][0] OK
C:[06/08/2014 15:08:23.91][190.204.97.44][1310] SELECT horas_lab FROM tblaca008 WHERE c_asigna='300113' AND horas_teoricas > 0 [0][0] OK
C:[06/08/2014 15:08:23.91][190.204.97.44][1310] SELECT horas_lab FROM tblaca008 WHERE c_asigna='300226' AND horas_teoricas > 0 [1][0] OK
C:[06/08/2014 15:21:39.80][190.198.84.10][1136] SELECT pre_cod_asig1,pre_cod_asig2,pre_cod_asig3,pre_cod_asig4,pre_cod_asig5,pre_cod_asig6,pre_cod_asig7 FROM tblaca009 WHERE pensum='5' AND c_uni_ca='3' AND c_asigna='300313' [1][0] OK
C:[06/08/2014 15:21:39.80][190.198.84.10][1149] SELECT c_asigna FROM dace004 WHERE exp_e='12-23017007' AND c_asigna='300213' AND status IN ('0','3','B','C') [1][0] OK
C:[06/08/2014 15:21:39.80][190.198.84.10][1149] SELECT c_asigna FROM dace004 WHERE exp_e='12-23017007' AND c_asigna='300226' AND status IN ('0','3','B','C') [1][0] OK
C:[06/08/2014 15:21:39.80][190.198.84.10][1149] SELECT c_asigna FROM dace004 WHERE exp_e='12-23017007' AND c_asigna='300222' AND status IN ('0','3','B','C') [1][0] OK
C:[06/08/2014 15:21:39.80][190.198.84.10][1149] SELECT c_asigna FROM dace004 WHERE exp_e='12-23017007' AND c_asigna='300209' AND status IN ('0','3','B','C') [1][0] OK
C:[06/08/2014 15:21:39.80][190.198.84.10][1136] SELECT pre_cod_asig1,pre_cod_asig2,pre_cod_asig3,pre_cod_asig4,pre_cod_asig5,pre_cod_asig6,pre_cod_asig7 FROM tblaca009 WHERE pensum='5' AND c_uni_ca='3' AND c_asigna='300318' [1][0] OK
C:[06/08/2014 15:21:39.80][190.198.84.10][1149] SELECT c_asigna FROM dace004 WHERE exp_e='12-23017007' AND c_asigna='300228' AND status IN ('0','3','B','C') [1][0] OK
C:[06/08/2014 15:21:39.80][190.198.84.10][1149] SELECT c_asigna FROM dace004 WHERE exp_e='12-23017007' AND c_asigna='300207' AND status IN ('0','3','B','C') [1][0] OK
C:[06/08/2014 15:21:39.80][190.198.84.10][1149] SELECT c_asigna FROM dace004 WHERE exp_e='12-23017007' AND c_asigna='300218' AND status IN ('0','3','B','C') [1][0] OK
C:[06/08/2014 15:21:39.80][190.198.84.10][1136] SELECT pre_cod_asig1,pre_cod_asig2,pre_cod_asig3,pre_cod_asig4,pre_cod_asig5,pre_cod_asig6,pre_cod_asig7 FROM tblaca009 WHERE pensum='5' AND c_uni_ca='3' AND c_asigna='311320' [1][0] OK
C:[06/08/2014 15:21:39.80][190.198.84.10][1149] SELECT c_asigna FROM dace004 WHERE exp_e='12-23017007' AND c_asigna='300013' AND status IN ('0','3','B','C') [1][0] OK
C:[06/08/2014 15:21:39.80][190.198.84.10][1149] SELECT c_asigna FROM dace004 WHERE exp_e='12-23017007' AND c_asigna='300113' AND status IN ('0','3','B','C') [1][0] OK
C:[06/08/2014 15:21:39.42][190.198.84.10][1180] SELECT par_cod_asig1,par_cod_asig2,par_cod_asig3 FROM tblaca009 WHERE pensum='5' AND c_uni_ca='3' AND c_asigna='300313' [1][0] OK
C:[06/08/2014 15:21:39.42][190.198.84.10][1180] SELECT par_cod_asig1,par_cod_asig2,par_cod_asig3 FROM tblaca009 WHERE pensum='5' AND c_uni_ca='3' AND c_asigna='300318' [1][0] OK
C:[06/08/2014 15:21:39.42][190.198.84.10][1180] SELECT par_cod_asig1,par_cod_asig2,par_cod_asig3 FROM tblaca009 WHERE pensum='5' AND c_uni_ca='3' AND c_asigna='311320' [1][0] OK
C:[06/08/2014 15:21:39.81][190.198.84.10][1310] SELECT horas_lab FROM tblaca008 WHERE c_asigna='300313' AND horas_teoricas > 0 [1][0] OK
C:[06/08/2014 15:21:39.81][190.198.84.10][1310] SELECT horas_lab FROM tblaca008 WHERE c_asigna='300318' AND horas_teoricas > 0 [1][0] OK
C:[06/08/2014 15:21:39.81][190.198.84.10][1310] SELECT horas_lab FROM tblaca008 WHERE c_asigna='311320' AND horas_teoricas > 0 [1][0] OK
C:[06/08/2014 15:26:04.56][186.165.107.159][1136] SELECT pre_cod_asig1,pre_cod_asig2,pre_cod_asig3,pre_cod_asig4,pre_cod_asig5,pre_cod_asig6,pre_cod_asig7 FROM tblaca009 WHERE pensum='5' AND c_uni_ca='5' AND c_asigna='355447' [1][0] OK
C:[06/08/2014 15:26:04.56][186.165.107.159][1149] SELECT c_asigna FROM dace004 WHERE exp_e='11-24523639' AND c_asigna='351330' AND status IN ('0','3','B','C') [1][0] OK
C:[06/08/2014 15:26:04.56][186.165.107.159][1136] SELECT pre_cod_asig1,pre_cod_asig2,pre_cod_asig3,pre_cod_asig4,pre_cod_asig5,pre_cod_asig6,pre_cod_asig7 FROM tblaca009 WHERE pensum='5' AND c_uni_ca='5' AND c_asigna='351451' [1][0] OK
C:[06/08/2014 15:26:04.56][186.165.107.159][1149] SELECT c_asigna FROM dace004 WHERE exp_e='11-24523639' AND c_asigna='351330' AND status IN ('0','3','B','C') [1][0] OK
C:[06/08/2014 15:26:04.56][186.165.107.159][1149] SELECT c_asigna FROM dace004 WHERE exp_e='11-24523639' AND c_asigna='355350' AND status IN ('0','3','B','C') [1][0] OK
C:[06/08/2014 15:26:04.56][186.165.107.159][1149] SELECT c_asigna FROM dace004 WHERE exp_e='11-24523639' AND c_asigna='300318' AND status IN ('0','3','B','C') [1][0] OK
C:[06/08/2014 15:26:04.56][186.165.107.159][1149] SELECT c_asigna FROM dace004 WHERE exp_e='11-24523639' AND c_asigna='300209' AND status IN ('0','3','B','C') [1][0] OK
C:[06/08/2014 15:26:04.56][186.165.107.159][1149] SELECT c_asigna FROM dace004 WHERE exp_e='11-24523639' AND c_asigna='300222' AND status IN ('0','3','B','C') [1][0] OK
C:[06/08/2014 15:26:04.56][186.165.107.159][1136] SELECT pre_cod_asig1,pre_cod_asig2,pre_cod_asig3,pre_cod_asig4,pre_cod_asig5,pre_cod_asig6,pre_cod_asig7 FROM tblaca009 WHERE pensum='5' AND c_uni_ca='5' AND c_asigna='355573' [1][0] OK
C:[06/08/2014 15:26:04.56][186.165.107.159][1149] SELECT c_asigna FROM dace004 WHERE exp_e='11-24523639' AND c_asigna='355448' AND status IN ('0','3','B','C') [1][0] OK
C:[06/08/2014 15:26:04.93][186.165.107.159][1180] SELECT par_cod_asig1,par_cod_asig2,par_cod_asig3 FROM tblaca009 WHERE pensum='5' AND c_uni_ca='5' AND c_asigna='355447' [1][0] OK
C:[06/08/2014 15:26:04.93][186.165.107.159][1180] SELECT par_cod_asig1,par_cod_asig2,par_cod_asig3 FROM tblaca009 WHERE pensum='5' AND c_uni_ca='5' AND c_asigna='351451' [1][0] OK
C:[06/08/2014 15:26:04.93][186.165.107.159][1180] SELECT par_cod_asig1,par_cod_asig2,par_cod_asig3 FROM tblaca009 WHERE pensum='5' AND c_uni_ca='5' AND c_asigna='355573' [1][0] OK
C:[06/08/2014 15:26:04.32][186.165.107.159][1310] SELECT horas_lab FROM tblaca008 WHERE c_asigna='355447' AND horas_teoricas > 0 [1][0] OK
C:[06/08/2014 15:26:04.32][186.165.107.159][1310] SELECT horas_lab FROM tblaca008 WHERE c_asigna='351451' AND horas_teoricas > 0 [1][0] OK
C:[06/08/2014 15:26:04.32][186.165.107.159][1310] SELECT horas_lab FROM tblaca008 WHERE c_asigna='355573' AND horas_teoricas > 0 [1][0] OK
C:[06/08/2014 15:26:16.58][190.204.97.44][1136] SELECT pre_cod_asig1,pre_cod_asig2,pre_cod_asig3,pre_cod_asig4,pre_cod_asig5,pre_cod_asig6,pre_cod_asig7 FROM tblaca009 WHERE pensum='5' AND c_uni_ca='3' AND c_asigna='300113' [1][0] OK
C:[06/08/2014 15:26:16.58][190.204.97.44][1136] SELECT pre_cod_asig1,pre_cod_asig2,pre_cod_asig3,pre_cod_asig4,pre_cod_asig5,pre_cod_asig6,pre_cod_asig7 FROM tblaca009 WHERE pensum='5' AND c_uni_ca='3' AND c_asigna='300226' [1][0] OK
C:[06/08/2014 15:26:16.58][190.204.97.44][1149] SELECT c_asigna FROM dace004 WHERE exp_e='11-21497428' AND c_asigna='300116' AND status IN ('0','3','B','C') [1][0] OK
C:[06/08/2014 15:26:16.07][190.204.97.44][1180] SELECT par_cod_asig1,par_cod_asig2,par_cod_asig3 FROM tblaca009 WHERE pensum='5' AND c_uni_ca='3' AND c_asigna='300113' [1][0] OK
C:[06/08/2014 15:26:16.07][190.204.97.44][1194] SELECT c_asigna FROM dace004 WHERE exp_e='11-21497428' AND c_asigna='300013' AND status IN ('0','3','B','C') [1][0] OK
C:[06/08/2014 15:26:16.07][190.204.97.44][1180] SELECT par_cod_asig1,par_cod_asig2,par_cod_asig3 FROM tblaca009 WHERE pensum='5' AND c_uni_ca='3' AND c_asigna='300226' [1][0] OK
C:[06/08/2014 15:26:17.46][190.204.97.44][1310] SELECT horas_lab FROM tblaca008 WHERE c_asigna='300113' AND horas_teoricas > 0 [0][0] OK
C:[06/08/2014 15:26:17.46][190.204.97.44][1310] SELECT horas_lab FROM tblaca008 WHERE c_asigna='300226' AND horas_teoricas > 0 [1][0] OK
C:[06/08/2014 15:34:44.17][190.204.97.44][1136] SELECT pre_cod_asig1,pre_cod_asig2,pre_cod_asig3,pre_cod_asig4,pre_cod_asig5,pre_cod_asig6,pre_cod_asig7 FROM tblaca009 WHERE pensum='5' AND c_uni_ca='4' AND c_asigna='300317' [1][0] OK
C:[06/08/2014 15:34:44.17][190.204.97.44][1149] SELECT c_asigna FROM dace004 WHERE exp_e='12-24964458' AND c_asigna='300207' AND status IN ('0','3','B','C') [1][0] OK
C:[06/08/2014 15:34:44.17][190.204.97.44][1149] SELECT c_asigna FROM dace004 WHERE exp_e='12-24964458' AND c_asigna='300209' AND status IN ('0','3','B','C') [1][0] OK
C:[06/08/2014 15:34:44.17][190.204.97.44][1136] SELECT pre_cod_asig1,pre_cod_asig2,pre_cod_asig3,pre_cod_asig4,pre_cod_asig5,pre_cod_asig6,pre_cod_asig7 FROM tblaca009 WHERE pensum='5' AND c_uni_ca='4' AND c_asigna='330435' [1][0] OK
C:[06/08/2014 15:34:44.17][190.204.97.44][1149] SELECT c_asigna FROM dace004 WHERE exp_e='12-24964458' AND c_asigna='300318' AND status IN ('0','3','B','C') [1][0] OK
C:[06/08/2014 15:34:44.17][190.204.97.44][1136] SELECT pre_cod_asig1,pre_cod_asig2,pre_cod_asig3,pre_cod_asig4,pre_cod_asig5,pre_cod_asig6,pre_cod_asig7 FROM tblaca009 WHERE pensum='5' AND c_uni_ca='4' AND c_asigna='311561' [1][0] OK
C:[06/08/2014 15:34:44.17][190.204.97.44][1149] SELECT c_asigna FROM dace004 WHERE exp_e='12-24964458' AND c_asigna='300318' AND status IN ('0','3','B','C') [1][0] OK
C:[06/08/2014 15:34:44.17][190.204.97.44][1180] SELECT par_cod_asig1,par_cod_asig2,par_cod_asig3 FROM tblaca009 WHERE pensum='5' AND c_uni_ca='4' AND c_asigna='300317' [1][0] OK
C:[06/08/2014 15:34:44.17][190.204.97.44][1180] SELECT par_cod_asig1,par_cod_asig2,par_cod_asig3 FROM tblaca009 WHERE pensum='5' AND c_uni_ca='4' AND c_asigna='330435' [1][0] OK
C:[06/08/2014 15:34:44.17][190.204.97.44][1180] SELECT par_cod_asig1,par_cod_asig2,par_cod_asig3 FROM tblaca009 WHERE pensum='5' AND c_uni_ca='4' AND c_asigna='311561' [1][0] OK
C:[06/08/2014 15:34:44.56][190.204.97.44][1310] SELECT horas_lab FROM tblaca008 WHERE c_asigna='300317' AND horas_teoricas > 0 [1][0] OK
C:[06/08/2014 15:34:44.56][190.204.97.44][1310] SELECT horas_lab FROM tblaca008 WHERE c_asigna='330435' AND horas_teoricas > 0 [1][0] OK
C:[06/08/2014 15:34:44.56][190.204.97.44][1310] SELECT horas_lab FROM tblaca008 WHERE c_asigna='311561' AND horas_teoricas > 0 [1][0] OK
C:[06/08/2014 15:38:38.22][190.204.97.44][1136] SELECT pre_cod_asig1,pre_cod_asig2,pre_cod_asig3,pre_cod_asig4,pre_cod_asig5,pre_cod_asig6,pre_cod_asig7 FROM tblaca009 WHERE pensum='5' AND c_uni_ca='6' AND c_asigna='340323' [1][0] OK
C:[06/08/2014 15:38:38.22][190.204.97.44][1149] SELECT c_asigna FROM dace004 WHERE exp_e='11-23730300' AND c_asigna='300228' AND status IN ('0','3','B','C') [1][0] OK
C:[06/08/2014 15:38:38.22][190.204.97.44][1149] SELECT c_asigna FROM dace004 WHERE exp_e='11-23730300' AND c_asigna='300207' AND status IN ('0','3','B','C') [1][0] OK
C:[06/08/2014 15:38:38.22][190.204.97.44][1136] SELECT pre_cod_asig1,pre_cod_asig2,pre_cod_asig3,pre_cod_asig4,pre_cod_asig5,pre_cod_asig6,pre_cod_asig7 FROM tblaca009 WHERE pensum='5' AND c_uni_ca='6' AND c_asigna='340327' [1][0] OK
C:[06/08/2014 15:38:38.22][190.204.97.44][1149] SELECT c_asigna FROM dace004 WHERE exp_e='11-23730300' AND c_asigna='300013' AND status IN ('0','3','B','C') [1][0] OK
C:[06/08/2014 15:38:38.22][190.204.97.44][1149] SELECT c_asigna FROM dace004 WHERE exp_e='11-23730300' AND c_asigna='300113' AND status IN ('0','3','B','C') [1][0] OK
C:[06/08/2014 15:38:38.22][190.204.97.44][1136] SELECT pre_cod_asig1,pre_cod_asig2,pre_cod_asig3,pre_cod_asig4,pre_cod_asig5,pre_cod_asig6,pre_cod_asig7 FROM tblaca009 WHERE pensum='5' AND c_uni_ca='6' AND c_asigna='300428' [1][0] OK
C:[06/08/2014 15:38:38.22][190.204.97.44][1149] SELECT c_asigna FROM dace004 WHERE exp_e='11-23730300' AND c_asigna='300317' AND status IN ('0','3','B','C') [1][0] OK
C:[06/08/2014 15:38:38.22][190.204.97.44][1149] SELECT c_asigna FROM dace004 WHERE exp_e='11-23730300' AND c_asigna='300209' AND status IN ('0','3','B','C') [1][0] OK
C:[06/08/2014 15:38:38.47][190.204.97.44][1180] SELECT par_cod_asig1,par_cod_asig2,par_cod_asig3 FROM tblaca009 WHERE pensum='5' AND c_uni_ca='6' AND c_asigna='340323' [1][0] OK
C:[06/08/2014 15:38:38.47][190.204.97.44][1180] SELECT par_cod_asig1,par_cod_asig2,par_cod_asig3 FROM tblaca009 WHERE pensum='5' AND c_uni_ca='6' AND c_asigna='340327' [1][0] OK
C:[06/08/2014 15:38:38.47][190.204.97.44][1180] SELECT par_cod_asig1,par_cod_asig2,par_cod_asig3 FROM tblaca009 WHERE pensum='5' AND c_uni_ca='6' AND c_asigna='300428' [1][0] OK
C:[06/08/2014 15:38:38.86][190.204.97.44][1310] SELECT horas_lab FROM tblaca008 WHERE c_asigna='340323' AND horas_teoricas > 0 [1][0] OK
C:[06/08/2014 15:38:38.86][190.204.97.44][1310] SELECT horas_lab FROM tblaca008 WHERE c_asigna='340327' AND horas_teoricas > 0 [1][0] OK
C:[06/08/2014 15:38:38.86][190.204.97.44][1310] SELECT horas_lab FROM tblaca008 WHERE c_asigna='300428' AND horas_teoricas > 0 [1][0] OK
C:[06/08/2014 15:41:51.35][190.200.37.218][1136] SELECT pre_cod_asig1,pre_cod_asig2,pre_cod_asig3,pre_cod_asig4,pre_cod_asig5,pre_cod_asig6,pre_cod_asig7 FROM tblaca009 WHERE pensum='5' AND c_uni_ca='5' AND c_asigna='355447' [1][0] OK
C:[06/08/2014 15:41:51.35][190.200.37.218][1149] SELECT c_asigna FROM dace004 WHERE exp_e='11-24523639' AND c_asigna='351330' AND status IN ('0','3','B','C') [1][0] OK
C:[06/08/2014 15:41:51.35][190.200.37.218][1136] SELECT pre_cod_asig1,pre_cod_asig2,pre_cod_asig3,pre_cod_asig4,pre_cod_asig5,pre_cod_asig6,pre_cod_asig7 FROM tblaca009 WHERE pensum='5' AND c_uni_ca='5' AND c_asigna='351451' [1][0] OK
C:[06/08/2014 15:41:51.35][190.200.37.218][1149] SELECT c_asigna FROM dace004 WHERE exp_e='11-24523639' AND c_asigna='351330' AND status IN ('0','3','B','C') [1][0] OK
C:[06/08/2014 15:41:51.35][190.200.37.218][1149] SELECT c_asigna FROM dace004 WHERE exp_e='11-24523639' AND c_asigna='355350' AND status IN ('0','3','B','C') [1][0] OK
C:[06/08/2014 15:41:51.35][190.200.37.218][1149] SELECT c_asigna FROM dace004 WHERE exp_e='11-24523639' AND c_asigna='300318' AND status IN ('0','3','B','C') [1][0] OK
C:[06/08/2014 15:41:51.35][190.200.37.218][1149] SELECT c_asigna FROM dace004 WHERE exp_e='11-24523639' AND c_asigna='300209' AND status IN ('0','3','B','C') [1][0] OK
C:[06/08/2014 15:41:51.35][190.200.37.218][1149] SELECT c_asigna FROM dace004 WHERE exp_e='11-24523639' AND c_asigna='300222' AND status IN ('0','3','B','C') [1][0] OK
C:[06/08/2014 15:41:51.35][190.200.37.218][1136] SELECT pre_cod_asig1,pre_cod_asig2,pre_cod_asig3,pre_cod_asig4,pre_cod_asig5,pre_cod_asig6,pre_cod_asig7 FROM tblaca009 WHERE pensum='5' AND c_uni_ca='5' AND c_asigna='355573' [1][0] OK
C:[06/08/2014 15:41:51.35][190.200.37.218][1149] SELECT c_asigna FROM dace004 WHERE exp_e='11-24523639' AND c_asigna='355448' AND status IN ('0','3','B','C') [1][0] OK
C:[06/08/2014 15:41:51.28][190.200.37.218][1180] SELECT par_cod_asig1,par_cod_asig2,par_cod_asig3 FROM tblaca009 WHERE pensum='5' AND c_uni_ca='5' AND c_asigna='355447' [1][0] OK
C:[06/08/2014 15:41:51.28][190.200.37.218][1180] SELECT par_cod_asig1,par_cod_asig2,par_cod_asig3 FROM tblaca009 WHERE pensum='5' AND c_uni_ca='5' AND c_asigna='351451' [1][0] OK
C:[06/08/2014 15:41:51.28][190.200.37.218][1180] SELECT par_cod_asig1,par_cod_asig2,par_cod_asig3 FROM tblaca009 WHERE pensum='5' AND c_uni_ca='5' AND c_asigna='355573' [1][0] OK
C:[06/08/2014 15:41:51.67][190.200.37.218][1310] SELECT horas_lab FROM tblaca008 WHERE c_asigna='355447' AND horas_teoricas > 0 [1][0] OK
C:[06/08/2014 15:41:51.67][190.200.37.218][1310] SELECT horas_lab FROM tblaca008 WHERE c_asigna='351451' AND horas_teoricas > 0 [1][0] OK
C:[06/08/2014 15:41:51.67][190.200.37.218][1310] SELECT horas_lab FROM tblaca008 WHERE c_asigna='355573' AND horas_teoricas > 0 [1][0] OK
C:[06/08/2014 15:43:00.26][190.207.38.125][1136] SELECT pre_cod_asig1,pre_cod_asig2,pre_cod_asig3,pre_cod_asig4,pre_cod_asig5,pre_cod_asig6,pre_cod_asig7 FROM tblaca009 WHERE pensum='5' AND c_uni_ca='5' AND c_asigna='300207' [1][0] OK
C:[06/08/2014 15:43:00.26][190.207.38.125][1149] SELECT c_asigna FROM dace004 WHERE exp_e='12-24559678' AND c_asigna='300101' AND status IN ('0','3','B','C') [1][0] OK
C:[06/08/2014 15:43:00.26][190.207.38.125][1136] SELECT pre_cod_asig1,pre_cod_asig2,pre_cod_asig3,pre_cod_asig4,pre_cod_asig5,pre_cod_asig6,pre_cod_asig7 FROM tblaca009 WHERE pensum='5' AND c_uni_ca='5' AND c_asigna='300313' [1][0] OK
C:[06/08/2014 15:43:00.26][190.207.38.125][1149] SELECT c_asigna FROM dace004 WHERE exp_e='12-24559678' AND c_asigna='300213' AND status IN ('0','3','B','C') [1][0] OK
C:[06/08/2014 15:43:00.26][190.207.38.125][1149] SELECT c_asigna FROM dace004 WHERE exp_e='12-24559678' AND c_asigna='300226' AND status IN ('0','3','B','C') [1][0] OK
C:[06/08/2014 15:43:00.26][190.207.38.125][1149] SELECT c_asigna FROM dace004 WHERE exp_e='12-24559678' AND c_asigna='300222' AND status IN ('0','3','B','C') [1][0] OK
C:[06/08/2014 15:43:00.26][190.207.38.125][1149] SELECT c_asigna FROM dace004 WHERE exp_e='12-24559678' AND c_asigna='300209' AND status IN ('0','3','B','C') [1][0] OK
C:[06/08/2014 15:43:00.26][190.207.38.125][1180] SELECT par_cod_asig1,par_cod_asig2,par_cod_asig3 FROM tblaca009 WHERE pensum='5' AND c_uni_ca='5' AND c_asigna='300207' [1][0] OK
C:[06/08/2014 15:43:00.26][190.207.38.125][1180] SELECT par_cod_asig1,par_cod_asig2,par_cod_asig3 FROM tblaca009 WHERE pensum='5' AND c_uni_ca='5' AND c_asigna='300313' [1][0] OK
C:[06/08/2014 15:43:00.53][190.207.38.125][1310] SELECT horas_lab FROM tblaca008 WHERE c_asigna='300207' AND horas_teoricas > 0 [1][0] OK
C:[06/08/2014 15:43:00.53][190.207.38.125][1310] SELECT horas_lab FROM tblaca008 WHERE c_asigna='300313' AND horas_teoricas > 0 [1][0] OK
C:[06/08/2014 15:49:07.86][190.204.97.44][1136] SELECT pre_cod_asig1,pre_cod_asig2,pre_cod_asig3,pre_cod_asig4,pre_cod_asig5,pre_cod_asig6,pre_cod_asig7 FROM tblaca009 WHERE pensum='5' AND c_uni_ca='6' AND c_asigna='340323' [1][0] OK
C:[06/08/2014 15:49:07.86][190.204.97.44][1149] SELECT c_asigna FROM dace004 WHERE exp_e='08-20805542' AND c_asigna='300228' AND status IN ('0','3','B','C') [1][0] OK
C:[06/08/2014 15:49:07.86][190.204.97.44][1149] SELECT c_asigna FROM dace004 WHERE exp_e='08-20805542' AND c_asigna='300207' AND status IN ('0','3','B','C') [1][0] OK
C:[06/08/2014 15:49:07.86][190.204.97.44][1136] SELECT pre_cod_asig1,pre_cod_asig2,pre_cod_asig3,pre_cod_asig4,pre_cod_asig5,pre_cod_asig6,pre_cod_asig7 FROM tblaca009 WHERE pensum='5' AND c_uni_ca='6' AND c_asigna='340327' [1][0] OK
C:[06/08/2014 15:49:07.86][190.204.97.44][1149] SELECT c_asigna FROM dace004 WHERE exp_e='08-20805542' AND c_asigna='300013' AND status IN ('0','3','B','C') [1][0] OK
C:[06/08/2014 15:49:07.86][190.204.97.44][1149] SELECT c_asigna FROM dace004 WHERE exp_e='08-20805542' AND c_asigna='300113' AND status IN ('0','3','B','C') [1][0] OK
C:[06/08/2014 15:49:07.86][190.204.97.44][1136] SELECT pre_cod_asig1,pre_cod_asig2,pre_cod_asig3,pre_cod_asig4,pre_cod_asig5,pre_cod_asig6,pre_cod_asig7 FROM tblaca009 WHERE pensum='5' AND c_uni_ca='6' AND c_asigna='311561' [1][0] OK
C:[06/08/2014 15:49:07.86][190.204.97.44][1149] SELECT c_asigna FROM dace004 WHERE exp_e='08-20805542' AND c_asigna='300318' AND status IN ('0','3','B','C') [1][0] OK
C:[06/08/2014 15:49:08.98][190.204.97.44][1180] SELECT par_cod_asig1,par_cod_asig2,par_cod_asig3 FROM tblaca009 WHERE pensum='5' AND c_uni_ca='6' AND c_asigna='340323' [1][0] OK
C:[06/08/2014 15:49:08.98][190.204.97.44][1180] SELECT par_cod_asig1,par_cod_asig2,par_cod_asig3 FROM tblaca009 WHERE pensum='5' AND c_uni_ca='6' AND c_asigna='340327' [1][0] OK
C:[06/08/2014 15:49:08.98][190.204.97.44][1180] SELECT par_cod_asig1,par_cod_asig2,par_cod_asig3 FROM tblaca009 WHERE pensum='5' AND c_uni_ca='6' AND c_asigna='311561' [1][0] OK
C:[06/08/2014 15:49:08.37][190.204.97.44][1310] SELECT horas_lab FROM tblaca008 WHERE c_asigna='340323' AND horas_teoricas > 0 [1][0] OK
C:[06/08/2014 15:49:08.37][190.204.97.44][1310] SELECT horas_lab FROM tblaca008 WHERE c_asigna='340327' AND horas_teoricas > 0 [1][0] OK
C:[06/08/2014 15:49:08.37][190.204.97.44][1310] SELECT horas_lab FROM tblaca008 WHERE c_asigna='311561' AND horas_teoricas > 0 [1][0] OK
C:[06/08/2014 15:49:36.41][190.204.97.44][1136] SELECT pre_cod_asig1,pre_cod_asig2,pre_cod_asig3,pre_cod_asig4,pre_cod_asig5,pre_cod_asig6,pre_cod_asig7 FROM tblaca009 WHERE pensum='5' AND c_uni_ca='2' AND c_asigna='300101' [1][0] OK
C:[06/08/2014 15:49:36.41][190.204.97.44][1136] SELECT pre_cod_asig1,pre_cod_asig2,pre_cod_asig3,pre_cod_asig4,pre_cod_asig5,pre_cod_asig6,pre_cod_asig7 FROM tblaca009 WHERE pensum='5' AND c_uni_ca='2' AND c_asigna='300112' [1][0] OK
C:[06/08/2014 15:49:37.22][190.204.97.44][1180] SELECT par_cod_asig1,par_cod_asig2,par_cod_asig3 FROM tblaca009 WHERE pensum='5' AND c_uni_ca='2' AND c_asigna='300101' [1][0] OK
C:[06/08/2014 15:49:37.22][190.204.97.44][1180] SELECT par_cod_asig1,par_cod_asig2,par_cod_asig3 FROM tblaca009 WHERE pensum='5' AND c_uni_ca='2' AND c_asigna='300112' [1][0] OK
C:[06/08/2014 15:49:37.48][190.204.97.44][1310] SELECT horas_lab FROM tblaca008 WHERE c_asigna='300101' AND horas_teoricas > 0 [1][0] OK
C:[06/08/2014 15:49:37.48][190.204.97.44][1310] SELECT horas_lab FROM tblaca008 WHERE c_asigna='300112' AND horas_teoricas > 0 [1][0] OK
C:[06/08/2014 15:50:02.90][181.34.47.153][1136] SELECT pre_cod_asig1,pre_cod_asig2,pre_cod_asig3,pre_cod_asig4,pre_cod_asig5,pre_cod_asig6,pre_cod_asig7 FROM tblaca009 WHERE pensum='5' AND c_uni_ca='5' AND c_asigna='300113' [1][0] OK
C:[06/08/2014 15:50:02.90][181.34.47.153][1136] SELECT pre_cod_asig1,pre_cod_asig2,pre_cod_asig3,pre_cod_asig4,pre_cod_asig5,pre_cod_asig6,pre_cod_asig7 FROM tblaca009 WHERE pensum='5' AND c_uni_ca='5' AND c_asigna='300013' [1][0] OK
C:[06/08/2014 15:50:02.28][181.34.47.153][1180] SELECT par_cod_asig1,par_cod_asig2,par_cod_asig3 FROM tblaca009 WHERE pensum='5' AND c_uni_ca='5' AND c_asigna='300113' [1][0] OK
C:[06/08/2014 15:50:02.28][181.34.47.153][1194] SELECT c_asigna FROM dace004 WHERE exp_e='13-24035392' AND c_asigna='300013' AND status IN ('0','3','B','C') [0][0] OK
C:[06/08/2014 15:50:02.28][181.34.47.153][1180] SELECT par_cod_asig1,par_cod_asig2,par_cod_asig3 FROM tblaca009 WHERE pensum='5' AND c_uni_ca='5' AND c_asigna='300013' [1][0] OK
C:[06/08/2014 15:50:02.66][181.34.47.153][1310] SELECT horas_lab FROM tblaca008 WHERE c_asigna='300113' AND horas_teoricas > 0 [0][0] OK
C:[06/08/2014 15:50:02.66][181.34.47.153][1310] SELECT horas_lab FROM tblaca008 WHERE c_asigna='300013' AND horas_teoricas > 0 [1][0] OK
C:[06/08/2014 15:51:40.91][190.204.97.44][1136] SELECT pre_cod_asig1,pre_cod_asig2,pre_cod_asig3,pre_cod_asig4,pre_cod_asig5,pre_cod_asig6,pre_cod_asig7 FROM tblaca009 WHERE pensum='5' AND c_uni_ca='2' AND c_asigna='300013' [1][0] OK
C:[06/08/2014 15:51:40.91][190.204.97.44][1136] SELECT pre_cod_asig1,pre_cod_asig2,pre_cod_asig3,pre_cod_asig4,pre_cod_asig5,pre_cod_asig6,pre_cod_asig7 FROM tblaca009 WHERE pensum='5' AND c_uni_ca='2' AND c_asigna='300101' [1][0] OK
C:[06/08/2014 15:51:40.91][190.204.97.44][1136] SELECT pre_cod_asig1,pre_cod_asig2,pre_cod_asig3,pre_cod_asig4,pre_cod_asig5,pre_cod_asig6,pre_cod_asig7 FROM tblaca009 WHERE pensum='5' AND c_uni_ca='2' AND c_asigna='300112' [1][0] OK
C:[06/08/2014 15:51:40.42][190.204.97.44][1180] SELECT par_cod_asig1,par_cod_asig2,par_cod_asig3 FROM tblaca009 WHERE pensum='5' AND c_uni_ca='2' AND c_asigna='300013' [1][0] OK
C:[06/08/2014 15:51:40.42][190.204.97.44][1180] SELECT par_cod_asig1,par_cod_asig2,par_cod_asig3 FROM tblaca009 WHERE pensum='5' AND c_uni_ca='2' AND c_asigna='300101' [1][0] OK
C:[06/08/2014 15:51:40.42][190.204.97.44][1180] SELECT par_cod_asig1,par_cod_asig2,par_cod_asig3 FROM tblaca009 WHERE pensum='5' AND c_uni_ca='2' AND c_asigna='300112' [1][0] OK
C:[06/08/2014 15:51:40.80][190.204.97.44][1310] SELECT horas_lab FROM tblaca008 WHERE c_asigna='300013' AND horas_teoricas > 0 [1][0] OK
C:[06/08/2014 15:51:40.80][190.204.97.44][1310] SELECT horas_lab FROM tblaca008 WHERE c_asigna='300101' AND horas_teoricas > 0 [1][0] OK
C:[06/08/2014 15:51:40.80][190.204.97.44][1310] SELECT horas_lab FROM tblaca008 WHERE c_asigna='300112' AND horas_teoricas > 0 [1][0] OK
C:[06/08/2014 16:03:55.03][74.82.64.145][1136] SELECT pre_cod_asig1,pre_cod_asig2,pre_cod_asig3,pre_cod_asig4,pre_cod_asig5,pre_cod_asig6,pre_cod_asig7 FROM tblaca009 WHERE pensum='5' AND c_uni_ca='3' AND c_asigna='300317' [1][0] OK
C:[06/08/2014 16:03:55.03][74.82.64.145][1149] SELECT c_asigna FROM dace004 WHERE exp_e='12-23503168' AND c_asigna='300207' AND status IN ('0','3','B','C') [1][0] OK
C:[06/08/2014 16:03:55.03][74.82.64.145][1149] SELECT c_asigna FROM dace004 WHERE exp_e='12-23503168' AND c_asigna='300209' AND status IN ('0','3','B','C') [1][0] OK
C:[06/08/2014 16:03:55.03][74.82.64.145][1136] SELECT pre_cod_asig1,pre_cod_asig2,pre_cod_asig3,pre_cod_asig4,pre_cod_asig5,pre_cod_asig6,pre_cod_asig7 FROM tblaca009 WHERE pensum='5' AND c_uni_ca='3' AND c_asigna='300318' [1][0] OK
C:[06/08/2014 16:03:55.03][74.82.64.145][1149] SELECT c_asigna FROM dace004 WHERE exp_e='12-23503168' AND c_asigna='300228' AND status IN ('0','3','B','C') [1][0] OK
C:[06/08/2014 16:03:55.03][74.82.64.145][1149] SELECT c_asigna FROM dace004 WHERE exp_e='12-23503168' AND c_asigna='300207' AND status IN ('0','3','B','C') [1][0] OK
C:[06/08/2014 16:03:55.03][74.82.64.145][1149] SELECT c_asigna FROM dace004 WHERE exp_e='12-23503168' AND c_asigna='300218' AND status IN ('0','3','B','C') [1][0] OK
C:[06/08/2014 16:03:55.47][74.82.64.145][1180] SELECT par_cod_asig1,par_cod_asig2,par_cod_asig3 FROM tblaca009 WHERE pensum='5' AND c_uni_ca='3' AND c_asigna='300317' [1][0] OK
C:[06/08/2014 16:03:55.47][74.82.64.145][1180] SELECT par_cod_asig1,par_cod_asig2,par_cod_asig3 FROM tblaca009 WHERE pensum='5' AND c_uni_ca='3' AND c_asigna='300318' [1][0] OK
C:[06/08/2014 16:03:55.73][74.82.64.145][1310] SELECT horas_lab FROM tblaca008 WHERE c_asigna='300317' AND horas_teoricas > 0 [1][0] OK
C:[06/08/2014 16:03:55.73][74.82.64.145][1310] SELECT horas_lab FROM tblaca008 WHERE c_asigna='300318' AND horas_teoricas > 0 [1][0] OK
C:[06/08/2014 16:06:11.50][190.204.97.44][1136] SELECT pre_cod_asig1,pre_cod_asig2,pre_cod_asig3,pre_cod_asig4,pre_cod_asig5,pre_cod_asig6,pre_cod_asig7 FROM tblaca009 WHERE pensum='5' AND c_uni_ca='2' AND c_asigna='322449' [1][0] OK
C:[06/08/2014 16:06:11.50][190.204.97.44][1149] SELECT c_asigna FROM dace004 WHERE exp_e='08-20383812' AND c_asigna='300222' AND status IN ('0','3','B','C') [1][0] OK
C:[06/08/2014 16:06:11.50][190.204.97.44][1136] SELECT pre_cod_asig1,pre_cod_asig2,pre_cod_asig3,pre_cod_asig4,pre_cod_asig5,pre_cod_asig6,pre_cod_asig7 FROM tblaca009 WHERE pensum='5' AND c_uni_ca='2' AND c_asigna='322436' [1][0] OK
C:[06/08/2014 16:06:11.50][190.204.97.44][1149] SELECT c_asigna FROM dace004 WHERE exp_e='08-20383812' AND c_asigna='300317' AND status IN ('0','3','B','C') [1][0] OK
C:[06/08/2014 16:06:11.50][190.204.97.44][1149] SELECT c_asigna FROM dace004 WHERE exp_e='08-20383812' AND c_asigna='320311' AND status IN ('0','3','B','C') [1][0] OK
C:[06/08/2014 16:06:11.26][190.204.97.44][1180] SELECT par_cod_asig1,par_cod_asig2,par_cod_asig3 FROM tblaca009 WHERE pensum='5' AND c_uni_ca='2' AND c_asigna='322449' [1][0] OK
C:[06/08/2014 16:06:11.26][190.204.97.44][1180] SELECT par_cod_asig1,par_cod_asig2,par_cod_asig3 FROM tblaca009 WHERE pensum='5' AND c_uni_ca='2' AND c_asigna='322436' [1][0] OK
C:[06/08/2014 16:06:11.52][190.204.97.44][1310] SELECT horas_lab FROM tblaca008 WHERE c_asigna='322449' AND horas_teoricas > 0 [1][0] OK
C:[06/08/2014 16:06:11.52][190.204.97.44][1310] SELECT horas_lab FROM tblaca008 WHERE c_asigna='322436' AND horas_teoricas > 0 [1][0] OK
C:[06/08/2014 16:07:36.38][190.204.97.44][1136] SELECT pre_cod_asig1,pre_cod_asig2,pre_cod_asig3,pre_cod_asig4,pre_cod_asig5,pre_cod_asig6,pre_cod_asig7 FROM tblaca009 WHERE pensum='5' AND c_uni_ca='6' AND c_asigna='300428' [1][0] OK
C:[06/08/2014 16:07:36.38][190.204.97.44][1149] SELECT c_asigna FROM dace004 WHERE exp_e='10-20365024' AND c_asigna='300317' AND status IN ('0','3','B','C') [1][0] OK
C:[06/08/2014 16:07:36.38][190.204.97.44][1149] SELECT c_asigna FROM dace004 WHERE exp_e='10-20365024' AND c_asigna='300209' AND status IN ('0','3','B','C') [1][0] OK
C:[06/08/2014 16:07:36.38][190.204.97.44][1136] SELECT pre_cod_asig1,pre_cod_asig2,pre_cod_asig3,pre_cod_asig4,pre_cod_asig5,pre_cod_asig6,pre_cod_asig7 FROM tblaca009 WHERE pensum='5' AND c_uni_ca='6' AND c_asigna='344565' [1][0] OK
C:[06/08/2014 16:07:36.38][190.204.97.44][1149] SELECT c_asigna FROM dace004 WHERE exp_e='10-20365024' AND c_asigna='344445' AND status IN ('0','3','B','C') [1][0] OK
C:[06/08/2014 16:07:37.13][190.204.97.44][1180] SELECT par_cod_asig1,par_cod_asig2,par_cod_asig3 FROM tblaca009 WHERE pensum='5' AND c_uni_ca='6' AND c_asigna='300428' [1][0] OK
C:[06/08/2014 16:07:37.13][190.204.97.44][1180] SELECT par_cod_asig1,par_cod_asig2,par_cod_asig3 FROM tblaca009 WHERE pensum='5' AND c_uni_ca='6' AND c_asigna='344565' [1][0] OK
C:[06/08/2014 16:07:37.39][190.204.97.44][1310] SELECT horas_lab FROM tblaca008 WHERE c_asigna='300428' AND horas_teoricas > 0 [1][0] OK
C:[06/08/2014 16:07:37.39][190.204.97.44][1310] SELECT horas_lab FROM tblaca008 WHERE c_asigna='344565' AND horas_teoricas > 0 [1][0] OK
C:[06/08/2014 16:21:44.75][190.121.234.57][1136] SELECT pre_cod_asig1,pre_cod_asig2,pre_cod_asig3,pre_cod_asig4,pre_cod_asig5,pre_cod_asig6,pre_cod_asig7 FROM tblaca009 WHERE pensum='5' AND c_uni_ca='2' AND c_asigna='300956' [1][0] OK
C:[06/08/2014 16:21:44.75][190.121.234.57][1149] SELECT c_asigna FROM dace004 WHERE exp_e='08-20286750' AND c_asigna='300422' AND status IN ('0','3','B','C') [1][0] OK
C:[06/08/2014 16:21:44.75][190.121.234.57][1149] SELECT c_asigna FROM dace004 WHERE exp_e='08-20286750' AND c_asigna='300105' AND status IN ('0','3','B','C') [1][0] OK
C:[06/08/2014 16:21:44.75][190.121.234.57][1149] SELECT c_asigna FROM dace004 WHERE exp_e='08-20286750' AND c_asigna='300314' AND status IN ('0','3','B','C') [1][0] OK
C:[06/08/2014 16:21:44.75][190.121.234.57][1136] SELECT pre_cod_asig1,pre_cod_asig2,pre_cod_asig3,pre_cod_asig4,pre_cod_asig5,pre_cod_asig6,pre_cod_asig7 FROM tblaca009 WHERE pensum='5' AND c_uni_ca='2' AND c_asigna='322041' [1][0] OK
C:[06/08/2014 16:21:44.52][190.121.234.57][1180] SELECT par_cod_asig1,par_cod_asig2,par_cod_asig3 FROM tblaca009 WHERE pensum='5' AND c_uni_ca='2' AND c_asigna='300956' [1][0] OK
C:[06/08/2014 16:21:44.52][190.121.234.57][1180] SELECT par_cod_asig1,par_cod_asig2,par_cod_asig3 FROM tblaca009 WHERE pensum='5' AND c_uni_ca='2' AND c_asigna='322041' [1][0] OK
C:[06/08/2014 16:21:44.32][190.121.234.57][1310] SELECT horas_lab FROM tblaca008 WHERE c_asigna='300956' AND horas_teoricas > 0 [1][0] OK
C:[06/08/2014 16:21:44.32][190.121.234.57][1310] SELECT horas_lab FROM tblaca008 WHERE c_asigna='322041' AND horas_teoricas > 0 [1][0] OK
C:[06/08/2014 16:27:01.42][190.204.97.44][1136] SELECT pre_cod_asig1,pre_cod_asig2,pre_cod_asig3,pre_cod_asig4,pre_cod_asig5,pre_cod_asig6,pre_cod_asig7 FROM tblaca009 WHERE pensum='5' AND c_uni_ca='6' AND c_asigna='300318' [1][0] OK
C:[06/08/2014 16:27:01.42][190.204.97.44][1149] SELECT c_asigna FROM dace004 WHERE exp_e='09-20506778' AND c_asigna='300228' AND status IN ('0','3','B','C') [1][0] OK
C:[06/08/2014 16:27:01.42][190.204.97.44][1149] SELECT c_asigna FROM dace004 WHERE exp_e='09-20506778' AND c_asigna='300207' AND status IN ('0','3','B','C') [1][0] OK
C:[06/08/2014 16:27:01.42][190.204.97.44][1149] SELECT c_asigna FROM dace004 WHERE exp_e='09-20506778' AND c_asigna='300218' AND status IN ('0','3','B','C') [1][0] OK
C:[06/08/2014 16:27:01.04][190.204.97.44][1180] SELECT par_cod_asig1,par_cod_asig2,par_cod_asig3 FROM tblaca009 WHERE pensum='5' AND c_uni_ca='6' AND c_asigna='300318' [1][0] OK
C:[06/08/2014 16:27:01.18][190.204.97.44][1310] SELECT horas_lab FROM tblaca008 WHERE c_asigna='300318' AND horas_teoricas > 0 [1][0] OK
C:[06/08/2014 16:36:49.01][200.90.107.199][1136] SELECT pre_cod_asig1,pre_cod_asig2,pre_cod_asig3,pre_cod_asig4,pre_cod_asig5,pre_cod_asig6,pre_cod_asig7 FROM tblaca009 WHERE pensum='5' AND c_uni_ca='6' AND c_asigna='344733' [1][0] OK
C:[06/08/2014 16:36:49.01][200.90.107.199][1136] SELECT pre_cod_asig1,pre_cod_asig2,pre_cod_asig3,pre_cod_asig4,pre_cod_asig5,pre_cod_asig6,pre_cod_asig7 FROM tblaca009 WHERE pensum='5' AND c_uni_ca='6' AND c_asigna='344812' [1][0] OK
C:[06/08/2014 16:36:49.01][200.90.107.199][1149] SELECT c_asigna FROM dace004 WHERE exp_e='08-19905912' AND c_asigna='344715' AND status IN ('0','3','B','C') [1][0] OK
C:[06/08/2014 16:36:49.01][200.90.107.199][1149] SELECT c_asigna FROM dace004 WHERE exp_e='08-19905912' AND c_asigna='344742' AND status IN ('0','3','B','C') [1][0] OK
C:[06/08/2014 16:36:49.01][200.90.107.199][1136] SELECT pre_cod_asig1,pre_cod_asig2,pre_cod_asig3,pre_cod_asig4,pre_cod_asig5,pre_cod_asig6,pre_cod_asig7 FROM tblaca009 WHERE pensum='5' AND c_uni_ca='6' AND c_asigna='344948' [1][0] OK
C:[06/08/2014 16:36:49.76][200.90.107.199][1180] SELECT par_cod_asig1,par_cod_asig2,par_cod_asig3 FROM tblaca009 WHERE pensum='5' AND c_uni_ca='6' AND c_asigna='344733' [1][0] OK
C:[06/08/2014 16:36:49.76][200.90.107.199][1180] SELECT par_cod_asig1,par_cod_asig2,par_cod_asig3 FROM tblaca009 WHERE pensum='5' AND c_uni_ca='6' AND c_asigna='344812' [1][0] OK
C:[06/08/2014 16:36:49.76][200.90.107.199][1180] SELECT par_cod_asig1,par_cod_asig2,par_cod_asig3 FROM tblaca009 WHERE pensum='5' AND c_uni_ca='6' AND c_asigna='344948' [1][0] OK
C:[06/08/2014 16:36:49.15][200.90.107.199][1310] SELECT horas_lab FROM tblaca008 WHERE c_asigna='344733' AND horas_teoricas > 0 [1][0] OK
C:[06/08/2014 16:36:49.15][200.90.107.199][1310] SELECT horas_lab FROM tblaca008 WHERE c_asigna='344812' AND horas_teoricas > 0 [1][0] OK
C:[06/08/2014 16:36:49.15][200.90.107.199][1310] SELECT horas_lab FROM tblaca008 WHERE c_asigna='344948' AND horas_teoricas > 0 [1][0] OK
C:[06/08/2014 16:52:39.95][179.45.163.251][1136] SELECT pre_cod_asig1,pre_cod_asig2,pre_cod_asig3,pre_cod_asig4,pre_cod_asig5,pre_cod_asig6,pre_cod_asig7 FROM tblaca009 WHERE pensum='5' AND c_uni_ca='6' AND c_asigna='342559' [1][0] OK
C:[06/08/2014 16:52:39.95][179.45.163.251][1149] SELECT c_asigna FROM dace004 WHERE exp_e='07-20224268' AND c_asigna='342436' AND status IN ('0','3','B','C') [1][0] OK
C:[06/08/2014 16:52:39.95][179.45.163.251][1136] SELECT pre_cod_asig1,pre_cod_asig2,pre_cod_asig3,pre_cod_asig4,pre_cod_asig5,pre_cod_asig6,pre_cod_asig7 FROM tblaca009 WHERE pensum='5' AND c_uni_ca='6' AND c_asigna='344688' [1][0] OK
C:[06/08/2014 16:52:39.95][179.45.163.251][1149] SELECT c_asigna FROM dace004 WHERE exp_e='07-20224268' AND c_asigna='342567' AND status IN ('0','3','B','C') [1][0] OK
C:[06/08/2014 16:52:39.95][179.45.163.251][1149] SELECT c_asigna FROM dace004 WHERE exp_e='07-20224268' AND c_asigna='344565' AND status IN ('0','3','B','C') [1][0] OK
C:[06/08/2014 16:52:39.13][179.45.163.251][1180] SELECT par_cod_asig1,par_cod_asig2,par_cod_asig3 FROM tblaca009 WHERE pensum='5' AND c_uni_ca='6' AND c_asigna='342559' [1][0] OK
C:[06/08/2014 16:52:39.13][179.45.163.251][1180] SELECT par_cod_asig1,par_cod_asig2,par_cod_asig3 FROM tblaca009 WHERE pensum='5' AND c_uni_ca='6' AND c_asigna='344688' [1][0] OK
C:[06/08/2014 16:52:39.39][179.45.163.251][1310] SELECT horas_lab FROM tblaca008 WHERE c_asigna='342559' AND horas_teoricas > 0 [1][0] OK
C:[06/08/2014 16:52:39.39][179.45.163.251][1310] SELECT horas_lab FROM tblaca008 WHERE c_asigna='344688' AND horas_teoricas > 0 [1][0] OK
C:[06/08/2014 16:58:15.71][190.36.28.18][1136] SELECT pre_cod_asig1,pre_cod_asig2,pre_cod_asig3,pre_cod_asig4,pre_cod_asig5,pre_cod_asig6,pre_cod_asig7 FROM tblaca009 WHERE pensum='5' AND c_uni_ca='5' AND c_asigna='300207' [1][0] OK
C:[06/08/2014 16:58:15.71][190.36.28.18][1149] SELECT c_asigna FROM dace004 WHERE exp_e='12-26073659' AND c_asigna='300101' AND status IN ('0','3','B','C') [1][0] OK
C:[06/08/2014 16:58:15.71][190.36.28.18][1136] SELECT pre_cod_asig1,pre_cod_asig2,pre_cod_asig3,pre_cod_asig4,pre_cod_asig5,pre_cod_asig6,pre_cod_asig7 FROM tblaca009 WHERE pensum='5' AND c_uni_ca='5' AND c_asigna='300209' [1][0] OK
C:[06/08/2014 16:58:15.71][190.36.28.18][1149] SELECT c_asigna FROM dace004 WHERE exp_e='12-26073659' AND c_asigna='300101' AND status IN ('0','3','B','C') [1][0] OK
C:[06/08/2014 16:58:15.33][190.36.28.18][1180] SELECT par_cod_asig1,par_cod_asig2,par_cod_asig3 FROM tblaca009 WHERE pensum='5' AND c_uni_ca='5' AND c_asigna='300207' [1][0] OK
C:[06/08/2014 16:58:15.33][190.36.28.18][1180] SELECT par_cod_asig1,par_cod_asig2,par_cod_asig3 FROM tblaca009 WHERE pensum='5' AND c_uni_ca='5' AND c_asigna='300209' [1][0] OK
C:[06/08/2014 16:58:15.59][190.36.28.18][1310] SELECT horas_lab FROM tblaca008 WHERE c_asigna='300207' AND horas_teoricas > 0 [1][0] OK
C:[06/08/2014 16:58:15.59][190.36.28.18][1310] SELECT horas_lab FROM tblaca008 WHERE c_asigna='300209' AND horas_teoricas > 0 [1][0] OK
C:[06/08/2014 17:00:28.73][190.36.28.18][1136] SELECT pre_cod_asig1,pre_cod_asig2,pre_cod_asig3,pre_cod_asig4,pre_cod_asig5,pre_cod_asig6,pre_cod_asig7 FROM tblaca009 WHERE pensum='5' AND c_uni_ca='5' AND c_asigna='300207' [1][0] OK
C:[06/08/2014 17:00:28.73][190.36.28.18][1149] SELECT c_asigna FROM dace004 WHERE exp_e='12-26073659' AND c_asigna='300101' AND status IN ('0','3','B','C') [1][0] OK
C:[06/08/2014 17:00:28.73][190.36.28.18][1136] SELECT pre_cod_asig1,pre_cod_asig2,pre_cod_asig3,pre_cod_asig4,pre_cod_asig5,pre_cod_asig6,pre_cod_asig7 FROM tblaca009 WHERE pensum='5' AND c_uni_ca='5' AND c_asigna='300209' [1][0] OK
C:[06/08/2014 17:00:28.73][190.36.28.18][1149] SELECT c_asigna FROM dace004 WHERE exp_e='12-26073659' AND c_asigna='300101' AND status IN ('0','3','B','C') [1][0] OK
C:[06/08/2014 17:00:29.36][190.36.28.18][1180] SELECT par_cod_asig1,par_cod_asig2,par_cod_asig3 FROM tblaca009 WHERE pensum='5' AND c_uni_ca='5' AND c_asigna='300207' [1][0] OK
C:[06/08/2014 17:00:29.36][190.36.28.18][1180] SELECT par_cod_asig1,par_cod_asig2,par_cod_asig3 FROM tblaca009 WHERE pensum='5' AND c_uni_ca='5' AND c_asigna='300209' [1][0] OK
C:[06/08/2014 17:00:29.62][190.36.28.18][1310] SELECT horas_lab FROM tblaca008 WHERE c_asigna='300207' AND horas_teoricas > 0 [1][0] OK
C:[06/08/2014 17:00:29.62][190.36.28.18][1310] SELECT horas_lab FROM tblaca008 WHERE c_asigna='300209' AND horas_teoricas > 0 [1][0] OK
C:[06/08/2014 17:06:33.69][190.204.97.44][1136] SELECT pre_cod_asig1,pre_cod_asig2,pre_cod_asig3,pre_cod_asig4,pre_cod_asig5,pre_cod_asig6,pre_cod_asig7 FROM tblaca009 WHERE pensum='5' AND c_uni_ca='3' AND c_asigna='311986' [1][0] OK
C:[06/08/2014 17:06:33.69][190.204.97.44][1149] SELECT c_asigna FROM dace004 WHERE exp_e='08-13521027' AND c_asigna='311825' AND status IN ('0','3','B','C') [1][0] OK
C:[06/08/2014 17:06:33.09][190.204.97.44][1180] SELECT par_cod_asig1,par_cod_asig2,par_cod_asig3 FROM tblaca009 WHERE pensum='5' AND c_uni_ca='3' AND c_asigna='311986' [1][0] OK
C:[06/08/2014 17:06:33.20][190.204.97.44][1310] SELECT horas_lab FROM tblaca008 WHERE c_asigna='311986' AND horas_teoricas > 0 [1][0] OK
C:[06/08/2014 17:19:40.81][190.37.42.62][1136] SELECT pre_cod_asig1,pre_cod_asig2,pre_cod_asig3,pre_cod_asig4,pre_cod_asig5,pre_cod_asig6,pre_cod_asig7 FROM tblaca009 WHERE pensum='5' AND c_uni_ca='6' AND c_asigna='344566' [1][0] OK
C:[06/08/2014 17:19:40.81][190.37.42.62][1149] SELECT c_asigna FROM dace004 WHERE exp_e='07-19128542' AND c_asigna='344446' AND status IN ('0','3','B','C') [1][0] OK
C:[06/08/2014 17:19:40.81][190.37.42.62][1149] SELECT c_asigna FROM dace004 WHERE exp_e='07-19128542' AND c_asigna='300428' AND status IN ('0','3','B','C') [1][0] OK
C:[06/08/2014 17:19:40.81][190.37.42.62][1149] SELECT c_asigna FROM dace004 WHERE exp_e='07-19128542' AND c_asigna='300209' AND status IN ('0','3','B','C') [1][0] OK
C:[06/08/2014 17:19:40.81][190.37.42.62][1149] SELECT c_asigna FROM dace004 WHERE exp_e='07-19128542' AND c_asigna='300222' AND status IN ('0','3','B','C') [1][0] OK
C:[06/08/2014 17:19:40.81][190.37.42.62][1149] SELECT c_asigna FROM dace004 WHERE exp_e='07-19128542' AND c_asigna='300226' AND status IN ('0','3','B','C') [1][0] OK
C:[06/08/2014 17:19:40.81][190.37.42.62][1149] SELECT c_asigna FROM dace004 WHERE exp_e='07-19128542' AND c_asigna='300317' AND status IN ('0','3','B','C') [1][0] OK
C:[06/08/2014 17:19:40.81][190.37.42.62][1149] SELECT c_asigna FROM dace004 WHERE exp_e='07-19128542' AND c_asigna='300313' AND status IN ('0','3','B','C') [0][0] OK
C:[06/08/2014 17:19:40.81][190.37.42.62][1136] SELECT pre_cod_asig1,pre_cod_asig2,pre_cod_asig3,pre_cod_asig4,pre_cod_asig5,pre_cod_asig6,pre_cod_asig7 FROM tblaca009 WHERE pensum='5' AND c_uni_ca='6' AND c_asigna='344733' [1][0] OK
C:[06/08/2014 17:19:40.06][190.37.42.62][1180] SELECT par_cod_asig1,par_cod_asig2,par_cod_asig3 FROM tblaca009 WHERE pensum='5' AND c_uni_ca='6' AND c_asigna='344566' [1][0] OK
C:[06/08/2014 17:19:40.06][190.37.42.62][1180] SELECT par_cod_asig1,par_cod_asig2,par_cod_asig3 FROM tblaca009 WHERE pensum='5' AND c_uni_ca='6' AND c_asigna='344733' [1][0] OK
C:[06/08/2014 17:19:40.32][190.37.42.62][1310] SELECT horas_lab FROM tblaca008 WHERE c_asigna='344566' AND horas_teoricas > 0 [1][0] OK
C:[06/08/2014 17:19:40.32][190.37.42.62][1310] SELECT horas_lab FROM tblaca008 WHERE c_asigna='344733' AND horas_teoricas > 0 [1][0] OK
C:[06/08/2014 17:22:48.28][186.90.185.46][1136] SELECT pre_cod_asig1,pre_cod_asig2,pre_cod_asig3,pre_cod_asig4,pre_cod_asig5,pre_cod_asig6,pre_cod_asig7 FROM tblaca009 WHERE pensum='5' AND c_uni_ca='2' AND c_asigna='322559' [1][0] OK
C:[06/08/2014 17:22:48.28][186.90.185.46][1149] SELECT c_asigna FROM dace004 WHERE exp_e='08-19803109' AND c_asigna='300428' AND status IN ('0','3','B','C') [1][0] OK
C:[06/08/2014 17:22:48.28][186.90.185.46][1149] SELECT c_asigna FROM dace004 WHERE exp_e='08-19803109' AND c_asigna='322436' AND status IN ('0','3','B','C') [1][0] OK
C:[06/08/2014 17:22:48.28][186.90.185.46][1136] SELECT pre_cod_asig1,pre_cod_asig2,pre_cod_asig3,pre_cod_asig4,pre_cod_asig5,pre_cod_asig6,pre_cod_asig7 FROM tblaca009 WHERE pensum='5' AND c_uni_ca='2' AND c_asigna='322550' [1][0] OK
C:[06/08/2014 17:22:48.28][186.90.185.46][1149] SELECT c_asigna FROM dace004 WHERE exp_e='08-19803109' AND c_asigna='322433' AND status IN ('0','3','B','C') [1][0] OK
C:[06/08/2014 17:22:48.03][186.90.185.46][1180] SELECT par_cod_asig1,par_cod_asig2,par_cod_asig3 FROM tblaca009 WHERE pensum='5' AND c_uni_ca='2' AND c_asigna='322559' [1][0] OK
C:[06/08/2014 17:22:48.03][186.90.185.46][1180] SELECT par_cod_asig1,par_cod_asig2,par_cod_asig3 FROM tblaca009 WHERE pensum='5' AND c_uni_ca='2' AND c_asigna='322550' [1][0] OK
C:[06/08/2014 17:22:48.31][186.90.185.46][1310] SELECT horas_lab FROM tblaca008 WHERE c_asigna='322559' AND horas_teoricas > 0 [1][0] OK
C:[06/08/2014 17:22:48.31][186.90.185.46][1310] SELECT horas_lab FROM tblaca008 WHERE c_asigna='322550' AND horas_teoricas > 0 [1][0] OK
C:[06/08/2014 17:23:44.93][186.88.134.215][1136] SELECT pre_cod_asig1,pre_cod_asig2,pre_cod_asig3,pre_cod_asig4,pre_cod_asig5,pre_cod_asig6,pre_cod_asig7 FROM tblaca009 WHERE pensum='5' AND c_uni_ca='3' AND c_asigna='312444' [1][0] OK
C:[06/08/2014 17:23:44.93][186.88.134.215][1149] SELECT c_asigna FROM dace004 WHERE exp_e='10-24847224' AND c_asigna='312333' AND status IN ('0','3','B','C') [1][0] OK
C:[06/08/2014 17:23:44.30][186.88.134.215][1180] SELECT par_cod_asig1,par_cod_asig2,par_cod_asig3 FROM tblaca009 WHERE pensum='5' AND c_uni_ca='3' AND c_asigna='312444' [1][0] OK
C:[06/08/2014 17:23:45.43][186.88.134.215][1310] SELECT horas_lab FROM tblaca008 WHERE c_asigna='312444' AND horas_teoricas > 0 [1][0] OK
C:[06/08/2014 17:45:39.90][190.37.173.16][1136] SELECT pre_cod_asig1,pre_cod_asig2,pre_cod_asig3,pre_cod_asig4,pre_cod_asig5,pre_cod_asig6,pre_cod_asig7 FROM tblaca009 WHERE pensum='5' AND c_uni_ca='2' AND c_asigna='300313' [1][0] OK
C:[06/08/2014 17:45:39.90][190.37.173.16][1149] SELECT c_asigna FROM dace004 WHERE exp_e='10-22969102' AND c_asigna='300213' AND status IN ('0','3','B','C') [1][0] OK
C:[06/08/2014 17:45:39.90][190.37.173.16][1149] SELECT c_asigna FROM dace004 WHERE exp_e='10-22969102' AND c_asigna='300226' AND status IN ('0','3','B','C') [1][0] OK
C:[06/08/2014 17:45:39.90][190.37.173.16][1149] SELECT c_asigna FROM dace004 WHERE exp_e='10-22969102' AND c_asigna='300209' AND status IN ('0','3','B','C') [1][0] OK
C:[06/08/2014 17:45:39.90][190.37.173.16][1136] SELECT pre_cod_asig1,pre_cod_asig2,pre_cod_asig3,pre_cod_asig4,pre_cod_asig5,pre_cod_asig6,pre_cod_asig7 FROM tblaca009 WHERE pensum='5' AND c_uni_ca='2' AND c_asigna='300318' [1][0] OK
C:[06/08/2014 17:45:39.90][190.37.173.16][1149] SELECT c_asigna FROM dace004 WHERE exp_e='10-22969102' AND c_asigna='300228' AND status IN ('0','3','B','C') [1][0] OK
C:[06/08/2014 17:45:39.90][190.37.173.16][1149] SELECT c_asigna FROM dace004 WHERE exp_e='10-22969102' AND c_asigna='300207' AND status IN ('0','3','B','C') [1][0] OK
C:[06/08/2014 17:45:39.90][190.37.173.16][1149] SELECT c_asigna FROM dace004 WHERE exp_e='10-22969102' AND c_asigna='300218' AND status IN ('0','3','B','C') [1][0] OK
C:[06/08/2014 17:45:39.90][190.37.173.16][1136] SELECT pre_cod_asig1,pre_cod_asig2,pre_cod_asig3,pre_cod_asig4,pre_cod_asig5,pre_cod_asig6,pre_cod_asig7 FROM tblaca009 WHERE pensum='5' AND c_uni_ca='2' AND c_asigna='300428' [1][0] OK
C:[06/08/2014 17:45:39.90][190.37.173.16][1149] SELECT c_asigna FROM dace004 WHERE exp_e='10-22969102' AND c_asigna='300317' AND status IN ('0','3','B','C') [1][0] OK
C:[06/08/2014 17:45:39.90][190.37.173.16][1149] SELECT c_asigna FROM dace004 WHERE exp_e='10-22969102' AND c_asigna='300209' AND status IN ('0','3','B','C') [1][0] OK
C:[06/08/2014 17:45:39.41][190.37.173.16][1180] SELECT par_cod_asig1,par_cod_asig2,par_cod_asig3 FROM tblaca009 WHERE pensum='5' AND c_uni_ca='2' AND c_asigna='300313' [1][0] OK
C:[06/08/2014 17:45:39.41][190.37.173.16][1180] SELECT par_cod_asig1,par_cod_asig2,par_cod_asig3 FROM tblaca009 WHERE pensum='5' AND c_uni_ca='2' AND c_asigna='300318' [1][0] OK
C:[06/08/2014 17:45:39.41][190.37.173.16][1180] SELECT par_cod_asig1,par_cod_asig2,par_cod_asig3 FROM tblaca009 WHERE pensum='5' AND c_uni_ca='2' AND c_asigna='300428' [1][0] OK
C:[06/08/2014 17:45:40.79][190.37.173.16][1310] SELECT horas_lab FROM tblaca008 WHERE c_asigna='300313' AND horas_teoricas > 0 [1][0] OK
C:[06/08/2014 17:45:40.79][190.37.173.16][1310] SELECT horas_lab FROM tblaca008 WHERE c_asigna='300318' AND horas_teoricas > 0 [1][0] OK
C:[06/08/2014 17:45:40.79][190.37.173.16][1310] SELECT horas_lab FROM tblaca008 WHERE c_asigna='300428' AND horas_teoricas > 0 [1][0] OK
C:[06/08/2014 17:50:40.33][200.109.223.141][1136] SELECT pre_cod_asig1,pre_cod_asig2,pre_cod_asig3,pre_cod_asig4,pre_cod_asig5,pre_cod_asig6,pre_cod_asig7 FROM tblaca009 WHERE pensum='5' AND c_uni_ca='6' AND c_asigna='342444' [1][0] OK
C:[06/08/2014 17:50:40.33][200.109.223.141][1149] SELECT c_asigna FROM dace004 WHERE exp_e='11-21379271' AND c_asigna='340323' AND status IN ('0','3','B','C') [1][0] OK
C:[06/08/2014 17:50:40.33][200.109.223.141][1136] SELECT pre_cod_asig1,pre_cod_asig2,pre_cod_asig3,pre_cod_asig4,pre_cod_asig5,pre_cod_asig6,pre_cod_asig7 FROM tblaca009 WHERE pensum='5' AND c_uni_ca='6' AND c_asigna='343568' [1][0] OK
C:[06/08/2014 17:50:40.33][200.109.223.141][1149] SELECT c_asigna FROM dace004 WHERE exp_e='11-21379271' AND c_asigna='340327' AND status IN ('0','3','B','C') [1][0] OK
C:[06/08/2014 17:50:40.33][200.109.223.141][1136] SELECT pre_cod_asig1,pre_cod_asig2,pre_cod_asig3,pre_cod_asig4,pre_cod_asig5,pre_cod_asig6,pre_cod_asig7 FROM tblaca009 WHERE pensum='5' AND c_uni_ca='6' AND c_asigna='344565' [1][0] OK
C:[06/08/2014 17:50:40.33][200.109.223.141][1149] SELECT c_asigna FROM dace004 WHERE exp_e='11-21379271' AND c_asigna='344445' AND status IN ('0','3','B','C') [1][0] OK
C:[06/08/2014 17:50:41.20][200.109.223.141][1180] SELECT par_cod_asig1,par_cod_asig2,par_cod_asig3 FROM tblaca009 WHERE pensum='5' AND c_uni_ca='6' AND c_asigna='342444' [1][0] OK
C:[06/08/2014 17:50:41.20][200.109.223.141][1180] SELECT par_cod_asig1,par_cod_asig2,par_cod_asig3 FROM tblaca009 WHERE pensum='5' AND c_uni_ca='6' AND c_asigna='343568' [1][0] OK
C:[06/08/2014 17:50:41.20][200.109.223.141][1180] SELECT par_cod_asig1,par_cod_asig2,par_cod_asig3 FROM tblaca009 WHERE pensum='5' AND c_uni_ca='6' AND c_asigna='344565' [1][0] OK
C:[06/08/2014 17:50:41.59][200.109.223.141][1310] SELECT horas_lab FROM tblaca008 WHERE c_asigna='342444' AND horas_teoricas > 0 [1][0] OK
C:[06/08/2014 17:50:41.59][200.109.223.141][1310] SELECT horas_lab FROM tblaca008 WHERE c_asigna='343568' AND horas_teoricas > 0 [1][0] OK
C:[06/08/2014 17:50:41.59][200.109.223.141][1310] SELECT horas_lab FROM tblaca008 WHERE c_asigna='344565' AND horas_teoricas > 0 [1][0] OK
C:[06/08/2014 18:00:26.73][190.38.220.58][1136] SELECT pre_cod_asig1,pre_cod_asig2,pre_cod_asig3,pre_cod_asig4,pre_cod_asig5,pre_cod_asig6,pre_cod_asig7 FROM tblaca009 WHERE pensum='5' AND c_uni_ca='3' AND c_asigna='311986' [1][0] OK
C:[06/08/2014 18:00:26.73][190.38.220.58][1149] SELECT c_asigna FROM dace004 WHERE exp_e='07-21338429' AND c_asigna='311825' AND status IN ('0','3','B','C') [1][0] OK
C:[06/08/2014 18:00:26.73][190.38.220.58][1136] SELECT pre_cod_asig1,pre_cod_asig2,pre_cod_asig3,pre_cod_asig4,pre_cod_asig5,pre_cod_asig6,pre_cod_asig7 FROM tblaca009 WHERE pensum='5' AND c_uni_ca='3' AND c_asigna='311094' [1][0] OK
C:[06/08/2014 18:00:26.73][190.38.220.58][1149] SELECT c_asigna FROM dace004 WHERE exp_e='07-21338429' AND c_asigna='311822' AND status IN ('0','3','B','C') [1][0] OK
C:[06/08/2014 18:00:26.73][190.38.220.58][1149] SELECT c_asigna FROM dace004 WHERE exp_e='07-21338429' AND c_asigna='311823' AND status IN ('0','3','B','C') [1][0] OK
C:[06/08/2014 18:00:26.46][190.38.220.58][1180] SELECT par_cod_asig1,par_cod_asig2,par_cod_asig3 FROM tblaca009 WHERE pensum='5' AND c_uni_ca='3' AND c_asigna='311986' [1][0] OK
C:[06/08/2014 18:00:26.46][190.38.220.58][1180] SELECT par_cod_asig1,par_cod_asig2,par_cod_asig3 FROM tblaca009 WHERE pensum='5' AND c_uni_ca='3' AND c_asigna='311094' [1][0] OK
C:[06/08/2014 18:00:26.72][190.38.220.58][1310] SELECT horas_lab FROM tblaca008 WHERE c_asigna='311986' AND horas_teoricas > 0 [1][0] OK
C:[06/08/2014 18:00:26.72][190.38.220.58][1310] SELECT horas_lab FROM tblaca008 WHERE c_asigna='311094' AND horas_teoricas > 0 [1][0] OK
C:[06/08/2014 18:08:23.72][186.89.214.144][1136] SELECT pre_cod_asig1,pre_cod_asig2,pre_cod_asig3,pre_cod_asig4,pre_cod_asig5,pre_cod_asig6,pre_cod_asig7 FROM tblaca009 WHERE pensum='5' AND c_uni_ca='5' AND c_asigna='355448' [1][0] OK
C:[06/08/2014 18:08:23.72][186.89.214.144][1149] SELECT c_asigna FROM dace004 WHERE exp_e='12-25362675' AND c_asigna='300313' AND status IN ('0','3','B','C') [1][0] OK
C:[06/08/2014 18:08:23.72][186.89.214.144][1149] SELECT c_asigna FROM dace004 WHERE exp_e='12-25362675' AND c_asigna='300209' AND status IN ('0','3','B','C') [1][0] OK
C:[06/08/2014 18:08:23.72][186.89.214.144][1149] SELECT c_asigna FROM dace004 WHERE exp_e='12-25362675' AND c_asigna='300226' AND status IN ('0','3','B','C') [1][0] OK
C:[06/08/2014 18:08:23.72][186.89.214.144][1149] SELECT c_asigna FROM dace004 WHERE exp_e='12-25362675' AND c_asigna='300222' AND status IN ('0','3','B','C') [1][0] OK
C:[06/08/2014 18:08:23.72][186.89.214.144][1136] SELECT pre_cod_asig1,pre_cod_asig2,pre_cod_asig3,pre_cod_asig4,pre_cod_asig5,pre_cod_asig6,pre_cod_asig7 FROM tblaca009 WHERE pensum='5' AND c_uni_ca='5' AND c_asigna='352440' [1][0] OK
C:[06/08/2014 18:08:23.72][186.89.214.144][1149] SELECT c_asigna FROM dace004 WHERE exp_e='12-25362675' AND c_asigna='300317' AND status IN ('0','3','B','C') [1][0] OK
C:[06/08/2014 18:08:23.72][186.89.214.144][1149] SELECT c_asigna FROM dace004 WHERE exp_e='12-25362675' AND c_asigna='300013' AND status IN ('0','3','B','C') [1][0] OK
C:[06/08/2014 18:08:23.72][186.89.214.144][1149] SELECT c_asigna FROM dace004 WHERE exp_e='12-25362675' AND c_asigna='300113' AND status IN ('0','3','B','C') [1][0] OK
C:[06/08/2014 18:08:23.72][186.89.214.144][1136] SELECT pre_cod_asig1,pre_cod_asig2,pre_cod_asig3,pre_cod_asig4,pre_cod_asig5,pre_cod_asig6,pre_cod_asig7 FROM tblaca009 WHERE pensum='5' AND c_uni_ca='5' AND c_asigna='355572' [1][0] OK
C:[06/08/2014 18:08:23.72][186.89.214.144][1149] SELECT c_asigna FROM dace004 WHERE exp_e='12-25362675' AND c_asigna='300428' AND status IN ('0','3','B','C') [1][0] OK
C:[06/08/2014 18:08:24.22][186.89.214.144][1180] SELECT par_cod_asig1,par_cod_asig2,par_cod_asig3 FROM tblaca009 WHERE pensum='5' AND c_uni_ca='5' AND c_asigna='355448' [1][0] OK
C:[06/08/2014 18:08:24.22][186.89.214.144][1180] SELECT par_cod_asig1,par_cod_asig2,par_cod_asig3 FROM tblaca009 WHERE pensum='5' AND c_uni_ca='5' AND c_asigna='352440' [1][0] OK
C:[06/08/2014 18:08:24.22][186.89.214.144][1180] SELECT par_cod_asig1,par_cod_asig2,par_cod_asig3 FROM tblaca009 WHERE pensum='5' AND c_uni_ca='5' AND c_asigna='355572' [1][0] OK
C:[06/08/2014 18:08:24.61][186.89.214.144][1310] SELECT horas_lab FROM tblaca008 WHERE c_asigna='355448' AND horas_teoricas > 0 [1][0] OK
C:[06/08/2014 18:08:24.61][186.89.214.144][1310] SELECT horas_lab FROM tblaca008 WHERE c_asigna='352440' AND horas_teoricas > 0 [1][0] OK
C:[06/08/2014 18:08:24.61][186.89.214.144][1310] SELECT horas_lab FROM tblaca008 WHERE c_asigna='355572' AND horas_teoricas > 0 [1][0] OK
C:[06/08/2014 18:09:26.27][186.89.214.144][1136] SELECT pre_cod_asig1,pre_cod_asig2,pre_cod_asig3,pre_cod_asig4,pre_cod_asig5,pre_cod_asig6,pre_cod_asig7 FROM tblaca009 WHERE pensum='5' AND c_uni_ca='5' AND c_asigna='355448' [1][0] OK
C:[06/08/2014 18:09:26.27][186.89.214.144][1149] SELECT c_asigna FROM dace004 WHERE exp_e='12-25362675' AND c_asigna='300313' AND status IN ('0','3','B','C') [1][0] OK
C:[06/08/2014 18:09:26.27][186.89.214.144][1149] SELECT c_asigna FROM dace004 WHERE exp_e='12-25362675' AND c_asigna='300209' AND status IN ('0','3','B','C') [1][0] OK
C:[06/08/2014 18:09:26.27][186.89.214.144][1149] SELECT c_asigna FROM dace004 WHERE exp_e='12-25362675' AND c_asigna='300226' AND status IN ('0','3','B','C') [1][0] OK
C:[06/08/2014 18:09:26.27][186.89.214.144][1149] SELECT c_asigna FROM dace004 WHERE exp_e='12-25362675' AND c_asigna='300222' AND status IN ('0','3','B','C') [1][0] OK
C:[06/08/2014 18:09:26.27][186.89.214.144][1136] SELECT pre_cod_asig1,pre_cod_asig2,pre_cod_asig3,pre_cod_asig4,pre_cod_asig5,pre_cod_asig6,pre_cod_asig7 FROM tblaca009 WHERE pensum='5' AND c_uni_ca='5' AND c_asigna='352440' [1][0] OK
C:[06/08/2014 18:09:26.27][186.89.214.144][1149] SELECT c_asigna FROM dace004 WHERE exp_e='12-25362675' AND c_asigna='300317' AND status IN ('0','3','B','C') [1][0] OK
C:[06/08/2014 18:09:26.27][186.89.214.144][1149] SELECT c_asigna FROM dace004 WHERE exp_e='12-25362675' AND c_asigna='300013' AND status IN ('0','3','B','C') [1][0] OK
C:[06/08/2014 18:09:26.27][186.89.214.144][1149] SELECT c_asigna FROM dace004 WHERE exp_e='12-25362675' AND c_asigna='300113' AND status IN ('0','3','B','C') [1][0] OK
C:[06/08/2014 18:09:26.27][186.89.214.144][1136] SELECT pre_cod_asig1,pre_cod_asig2,pre_cod_asig3,pre_cod_asig4,pre_cod_asig5,pre_cod_asig6,pre_cod_asig7 FROM tblaca009 WHERE pensum='5' AND c_uni_ca='5' AND c_asigna='355572' [1][0] OK
C:[06/08/2014 18:09:26.27][186.89.214.144][1149] SELECT c_asigna FROM dace004 WHERE exp_e='12-25362675' AND c_asigna='300428' AND status IN ('0','3','B','C') [1][0] OK
C:[06/08/2014 18:09:27.77][186.89.214.144][1180] SELECT par_cod_asig1,par_cod_asig2,par_cod_asig3 FROM tblaca009 WHERE pensum='5' AND c_uni_ca='5' AND c_asigna='355448' [1][0] OK
C:[06/08/2014 18:09:27.77][186.89.214.144][1180] SELECT par_cod_asig1,par_cod_asig2,par_cod_asig3 FROM tblaca009 WHERE pensum='5' AND c_uni_ca='5' AND c_asigna='352440' [1][0] OK
C:[06/08/2014 18:09:27.77][186.89.214.144][1180] SELECT par_cod_asig1,par_cod_asig2,par_cod_asig3 FROM tblaca009 WHERE pensum='5' AND c_uni_ca='5' AND c_asigna='355572' [1][0] OK
C:[06/08/2014 18:09:27.16][186.89.214.144][1310] SELECT horas_lab FROM tblaca008 WHERE c_asigna='355448' AND horas_teoricas > 0 [1][0] OK
C:[06/08/2014 18:09:27.16][186.89.214.144][1310] SELECT horas_lab FROM tblaca008 WHERE c_asigna='352440' AND horas_teoricas > 0 [1][0] OK
C:[06/08/2014 18:09:27.16][186.89.214.144][1310] SELECT horas_lab FROM tblaca008 WHERE c_asigna='355572' AND horas_teoricas > 0 [1][0] OK
C:[06/08/2014 18:42:35.27][190.200.23.117][1136] SELECT pre_cod_asig1,pre_cod_asig2,pre_cod_asig3,pre_cod_asig4,pre_cod_asig5,pre_cod_asig6,pre_cod_asig7 FROM tblaca009 WHERE pensum='5' AND c_uni_ca='6' AND c_asigna='342559' [1][0] OK
C:[06/08/2014 18:42:35.27][190.200.23.117][1149] SELECT c_asigna FROM dace004 WHERE exp_e='07-20224268' AND c_asigna='342436' AND status IN ('0','3','B','C') [1][0] OK
C:[06/08/2014 18:42:35.27][190.200.23.117][1136] SELECT pre_cod_asig1,pre_cod_asig2,pre_cod_asig3,pre_cod_asig4,pre_cod_asig5,pre_cod_asig6,pre_cod_asig7 FROM tblaca009 WHERE pensum='5' AND c_uni_ca='6' AND c_asigna='344688' [1][0] OK
C:[06/08/2014 18:42:35.27][190.200.23.117][1149] SELECT c_asigna FROM dace004 WHERE exp_e='07-20224268' AND c_asigna='342567' AND status IN ('0','3','B','C') [1][0] OK
C:[06/08/2014 18:42:35.27][190.200.23.117][1149] SELECT c_asigna FROM dace004 WHERE exp_e='07-20224268' AND c_asigna='344565' AND status IN ('0','3','B','C') [1][0] OK
C:[06/08/2014 18:42:36.02][190.200.23.117][1180] SELECT par_cod_asig1,par_cod_asig2,par_cod_asig3 FROM tblaca009 WHERE pensum='5' AND c_uni_ca='6' AND c_asigna='342559' [1][0] OK
C:[06/08/2014 18:42:36.02][190.200.23.117][1180] SELECT par_cod_asig1,par_cod_asig2,par_cod_asig3 FROM tblaca009 WHERE pensum='5' AND c_uni_ca='6' AND c_asigna='344688' [1][0] OK
C:[06/08/2014 18:42:36.28][190.200.23.117][1310] SELECT horas_lab FROM tblaca008 WHERE c_asigna='342559' AND horas_teoricas > 0 [1][0] OK
C:[06/08/2014 18:42:36.28][190.200.23.117][1310] SELECT horas_lab FROM tblaca008 WHERE c_asigna='344688' AND horas_teoricas > 0 [1][0] OK
C:[06/08/2014 18:50:49.66][200.109.203.104][1136] SELECT pre_cod_asig1,pre_cod_asig2,pre_cod_asig3,pre_cod_asig4,pre_cod_asig5,pre_cod_asig6,pre_cod_asig7 FROM tblaca009 WHERE pensum='5' AND c_uni_ca='4' AND c_asigna='300218' [1][0] OK
C:[06/08/2014 18:50:49.66][200.109.203.104][1149] SELECT c_asigna FROM dace004 WHERE exp_e='12-24183487' AND c_asigna='300101' AND status IN ('0','3','B','C') [1][0] OK
C:[06/08/2014 18:50:49.66][200.109.203.104][1136] SELECT pre_cod_asig1,pre_cod_asig2,pre_cod_asig3,pre_cod_asig4,pre_cod_asig5,pre_cod_asig6,pre_cod_asig7 FROM tblaca009 WHERE pensum='5' AND c_uni_ca='4' AND c_asigna='300228' [1][0] OK
C:[06/08/2014 18:50:49.66][200.109.203.104][1149] SELECT c_asigna FROM dace004 WHERE exp_e='12-24183487' AND c_asigna='300101' AND status IN ('0','3','B','C') [1][0] OK
C:[06/08/2014 18:50:49.66][200.109.203.104][1136] SELECT pre_cod_asig1,pre_cod_asig2,pre_cod_asig3,pre_cod_asig4,pre_cod_asig5,pre_cod_asig6,pre_cod_asig7 FROM tblaca009 WHERE pensum='5' AND c_uni_ca='4' AND c_asigna='300207' [1][0] OK
C:[06/08/2014 18:50:49.66][200.109.203.104][1149] SELECT c_asigna FROM dace004 WHERE exp_e='12-24183487' AND c_asigna='300101' AND status IN ('0','3','B','C') [1][0] OK
C:[06/08/2014 18:50:49.54][200.109.203.104][1180] SELECT par_cod_asig1,par_cod_asig2,par_cod_asig3 FROM tblaca009 WHERE pensum='5' AND c_uni_ca='4' AND c_asigna='300218' [1][0] OK
C:[06/08/2014 18:50:49.54][200.109.203.104][1194] SELECT c_asigna FROM dace004 WHERE exp_e='12-24183487' AND c_asigna='300228' AND status IN ('0','3','B','C') [0][0] OK
C:[06/08/2014 18:50:49.54][200.109.203.104][1180] SELECT par_cod_asig1,par_cod_asig2,par_cod_asig3 FROM tblaca009 WHERE pensum='5' AND c_uni_ca='4' AND c_asigna='300228' [1][0] OK
C:[06/08/2014 18:50:49.54][200.109.203.104][1180] SELECT par_cod_asig1,par_cod_asig2,par_cod_asig3 FROM tblaca009 WHERE pensum='5' AND c_uni_ca='4' AND c_asigna='300207' [1][0] OK
C:[06/08/2014 18:50:49.05][200.109.203.104][1310] SELECT horas_lab FROM tblaca008 WHERE c_asigna='300218' AND horas_teoricas > 0 [0][0] OK
C:[06/08/2014 18:50:49.05][200.109.203.104][1310] SELECT horas_lab FROM tblaca008 WHERE c_asigna='300228' AND horas_teoricas > 0 [1][0] OK
C:[06/08/2014 18:50:49.05][200.109.203.104][1310] SELECT horas_lab FROM tblaca008 WHERE c_asigna='300207' AND horas_teoricas > 0 [1][0] OK
C:[06/08/2014 19:27:54.99][190.94.242.241][1136] SELECT pre_cod_asig1,pre_cod_asig2,pre_cod_asig3,pre_cod_asig4,pre_cod_asig5,pre_cod_asig6,pre_cod_asig7 FROM tblaca009 WHERE pensum='5' AND c_uni_ca='3' AND c_asigna='311825' [1][0] OK
C:[06/08/2014 19:27:54.99][190.94.242.241][1149] SELECT c_asigna FROM dace004 WHERE exp_e='07-20286542' AND c_asigna='311775' AND status IN ('0','3','B','C') [1][0] OK
C:[06/08/2014 19:27:54.99][190.94.242.241][1149] SELECT c_asigna FROM dace004 WHERE exp_e='07-20286542' AND c_asigna='311795' AND status IN ('0','3','B','C') [1][0] OK
C:[06/08/2014 19:27:54.99][190.94.242.241][1136] SELECT pre_cod_asig1,pre_cod_asig2,pre_cod_asig3,pre_cod_asig4,pre_cod_asig5,pre_cod_asig6,pre_cod_asig7 FROM tblaca009 WHERE pensum='5' AND c_uni_ca='3' AND c_asigna='311934' [1][0] OK
C:[06/08/2014 19:27:54.99][190.94.242.241][1149] SELECT c_asigna FROM dace004 WHERE exp_e='07-20286542' AND c_asigna='311826' AND status IN ('0','3','B','C') [1][0] OK
C:[06/08/2014 19:27:54.99][190.94.242.241][1149] SELECT c_asigna FROM dace004 WHERE exp_e='07-20286542' AND c_asigna='311827' AND status IN ('0','3','B','C') [1][0] OK
C:[06/08/2014 19:27:54.87][190.94.242.241][1180] SELECT par_cod_asig1,par_cod_asig2,par_cod_asig3 FROM tblaca009 WHERE pensum='5' AND c_uni_ca='3' AND c_asigna='311825' [1][0] OK
C:[06/08/2014 19:27:54.87][190.94.242.241][1180] SELECT par_cod_asig1,par_cod_asig2,par_cod_asig3 FROM tblaca009 WHERE pensum='5' AND c_uni_ca='3' AND c_asigna='311934' [1][0] OK
C:[06/08/2014 19:27:54.13][190.94.242.241][1310] SELECT horas_lab FROM tblaca008 WHERE c_asigna='311825' AND horas_teoricas > 0 [1][0] OK
C:[06/08/2014 19:27:54.13][190.94.242.241][1310] SELECT horas_lab FROM tblaca008 WHERE c_asigna='311934' AND horas_teoricas > 0 [1][0] OK
C:[06/08/2014 19:36:35.21][190.205.157.15][1136] SELECT pre_cod_asig1,pre_cod_asig2,pre_cod_asig3,pre_cod_asig4,pre_cod_asig5,pre_cod_asig6,pre_cod_asig7 FROM tblaca009 WHERE pensum='5' AND c_uni_ca='3' AND c_asigna='300101' [1][0] OK
C:[06/08/2014 19:36:35.21][190.205.157.15][1136] SELECT pre_cod_asig1,pre_cod_asig2,pre_cod_asig3,pre_cod_asig4,pre_cod_asig5,pre_cod_asig6,pre_cod_asig7 FROM tblaca009 WHERE pensum='5' AND c_uni_ca='3' AND c_asigna='300112' [1][0] OK
C:[06/08/2014 19:36:35.59][190.205.157.15][1180] SELECT par_cod_asig1,par_cod_asig2,par_cod_asig3 FROM tblaca009 WHERE pensum='5' AND c_uni_ca='3' AND c_asigna='300101' [1][0] OK
C:[06/08/2014 19:36:35.59][190.205.157.15][1180] SELECT par_cod_asig1,par_cod_asig2,par_cod_asig3 FROM tblaca009 WHERE pensum='5' AND c_uni_ca='3' AND c_asigna='300112' [1][0] OK
C:[06/08/2014 19:36:35.85][190.205.157.15][1310] SELECT horas_lab FROM tblaca008 WHERE c_asigna='300101' AND horas_teoricas > 0 [1][0] OK
C:[06/08/2014 19:36:35.85][190.205.157.15][1310] SELECT horas_lab FROM tblaca008 WHERE c_asigna='300112' AND horas_teoricas > 0 [1][0] OK
C:[06/08/2014 19:50:36.38][186.88.133.29][1136] SELECT pre_cod_asig1,pre_cod_asig2,pre_cod_asig3,pre_cod_asig4,pre_cod_asig5,pre_cod_asig6,pre_cod_asig7 FROM tblaca009 WHERE pensum='5' AND c_uni_ca='4' AND c_asigna='333611' [1][0] OK
C:[06/08/2014 19:50:36.38][186.88.133.29][1149] SELECT c_asigna FROM dace004 WHERE exp_e='06-18515980' AND c_asigna='333584' AND status IN ('0','3','B','C') [1][0] OK
C:[06/08/2014 19:50:36.76][186.88.133.29][1180] SELECT par_cod_asig1,par_cod_asig2,par_cod_asig3 FROM tblaca009 WHERE pensum='5' AND c_uni_ca='4' AND c_asigna='333611' [1][0] OK
C:[06/08/2014 19:50:36.89][186.88.133.29][1310] SELECT horas_lab FROM tblaca008 WHERE c_asigna='333611' AND horas_teoricas > 0 [1][0] OK
C:[06/08/2014 20:55:54.68][200.109.198.17][1136] SELECT pre_cod_asig1,pre_cod_asig2,pre_cod_asig3,pre_cod_asig4,pre_cod_asig5,pre_cod_asig6,pre_cod_asig7 FROM tblaca009 WHERE pensum='5' AND c_uni_ca='3' AND c_asigna='311775' [1][0] OK
C:[06/08/2014 20:55:54.68][200.109.198.17][1149] SELECT c_asigna FROM dace004 WHERE exp_e='03-16026873' AND c_asigna='311655' AND status IN ('0','3','B','C') [1][0] OK
C:[06/08/2014 20:55:54.68][200.109.198.17][1136] SELECT pre_cod_asig1,pre_cod_asig2,pre_cod_asig3,pre_cod_asig4,pre_cod_asig5,pre_cod_asig6,pre_cod_asig7 FROM tblaca009 WHERE pensum='5' AND c_uni_ca='3' AND c_asigna='311795' [1][0] OK
C:[06/08/2014 20:55:54.68][200.109.198.17][1149] SELECT c_asigna FROM dace004 WHERE exp_e='03-16026873' AND c_asigna='311674' AND status IN ('0','3','B','C') [1][0] OK
C:[06/08/2014 20:55:54.68][200.109.198.17][1149] SELECT c_asigna FROM dace004 WHERE exp_e='03-16026873' AND c_asigna='311673' AND status IN ('0','3','B','C') [1][0] OK
C:[06/08/2014 20:55:54.68][200.109.198.17][1136] SELECT pre_cod_asig1,pre_cod_asig2,pre_cod_asig3,pre_cod_asig4,pre_cod_asig5,pre_cod_asig6,pre_cod_asig7 FROM tblaca009 WHERE pensum='5' AND c_uni_ca='3' AND c_asigna='311799' [1][0] OK
C:[06/08/2014 20:55:54.68][200.109.198.17][1149] SELECT c_asigna FROM dace004 WHERE exp_e='03-16026873' AND c_asigna='311673' AND status IN ('0','3','B','C') [1][0] OK
C:[06/08/2014 20:55:54.68][200.109.198.17][1180] SELECT par_cod_asig1,par_cod_asig2,par_cod_asig3 FROM tblaca009 WHERE pensum='5' AND c_uni_ca='3' AND c_asigna='311775' [1][0] OK
C:[06/08/2014 20:55:54.68][200.109.198.17][1180] SELECT par_cod_asig1,par_cod_asig2,par_cod_asig3 FROM tblaca009 WHERE pensum='5' AND c_uni_ca='3' AND c_asigna='311795' [1][0] OK
C:[06/08/2014 20:55:54.68][200.109.198.17][1180] SELECT par_cod_asig1,par_cod_asig2,par_cod_asig3 FROM tblaca009 WHERE pensum='5' AND c_uni_ca='3' AND c_asigna='311799' [1][0] OK
C:[06/08/2014 20:55:54.06][200.109.198.17][1310] SELECT horas_lab FROM tblaca008 WHERE c_asigna='311775' AND horas_teoricas > 0 [1][0] OK
C:[06/08/2014 20:55:54.06][200.109.198.17][1310] SELECT horas_lab FROM tblaca008 WHERE c_asigna='311795' AND horas_teoricas > 0 [1][0] OK
C:[06/08/2014 20:55:54.06][200.109.198.17][1310] SELECT horas_lab FROM tblaca008 WHERE c_asigna='311799' AND horas_teoricas > 0 [1][0] OK
C:[06/08/2014 21:21:45.09][190.37.123.194][1136] SELECT pre_cod_asig1,pre_cod_asig2,pre_cod_asig3,pre_cod_asig4,pre_cod_asig5,pre_cod_asig6,pre_cod_asig7 FROM tblaca009 WHERE pensum='5' AND c_uni_ca='5' AND c_asigna='355572' [1][0] OK
C:[06/08/2014 21:21:45.09][190.37.123.194][1149] SELECT c_asigna FROM dace004 WHERE exp_e='09-20300145' AND c_asigna='300428' AND status IN ('0','3','B','C') [1][0] OK
C:[06/08/2014 21:21:45.09][190.37.123.194][1136] SELECT pre_cod_asig1,pre_cod_asig2,pre_cod_asig3,pre_cod_asig4,pre_cod_asig5,pre_cod_asig6,pre_cod_asig7 FROM tblaca009 WHERE pensum='5' AND c_uni_ca='5' AND c_asigna='355692' [1][0] OK
C:[06/08/2014 21:21:45.09][190.37.123.194][1149] SELECT c_asigna FROM dace004 WHERE exp_e='09-20300145' AND c_asigna='355448' AND status IN ('0','3','B','C') [1][0] OK
C:[06/08/2014 21:21:45.09][190.37.123.194][1149] SELECT c_asigna FROM dace004 WHERE exp_e='09-20300145' AND c_asigna='355570' AND status IN ('0','3','B','C') [1][0] OK
C:[06/08/2014 21:21:45.76][190.37.123.194][1180] SELECT par_cod_asig1,par_cod_asig2,par_cod_asig3 FROM tblaca009 WHERE pensum='5' AND c_uni_ca='5' AND c_asigna='355572' [1][0] OK
C:[06/08/2014 21:21:45.76][190.37.123.194][1180] SELECT par_cod_asig1,par_cod_asig2,par_cod_asig3 FROM tblaca009 WHERE pensum='5' AND c_uni_ca='5' AND c_asigna='355692' [1][0] OK
C:[06/08/2014 21:21:45.01][190.37.123.194][1310] SELECT horas_lab FROM tblaca008 WHERE c_asigna='355572' AND horas_teoricas > 0 [1][0] OK
C:[06/08/2014 21:21:45.01][190.37.123.194][1310] SELECT horas_lab FROM tblaca008 WHERE c_asigna='355692' AND horas_teoricas > 0 [1][0] OK
C:[06/08/2014 22:46:40.36][186.166.248.2][1136] SELECT pre_cod_asig1,pre_cod_asig2,pre_cod_asig3,pre_cod_asig4,pre_cod_asig5,pre_cod_asig6,pre_cod_asig7 FROM tblaca009 WHERE pensum='5' AND c_uni_ca='2' AND c_asigna='322041' [1][0] OK
C:[06/08/2014 22:46:40.62][186.166.248.2][1180] SELECT par_cod_asig1,par_cod_asig2,par_cod_asig3 FROM tblaca009 WHERE pensum='5' AND c_uni_ca='2' AND c_asigna='322041' [1][0] OK
C:[06/08/2014 22:46:40.75][186.166.248.2][1310] SELECT horas_lab FROM tblaca008 WHERE c_asigna='322041' AND horas_teoricas > 0 [1][0] OK
C:[06/08/2014 23:32:45.18][181.183.19.23][1136] SELECT pre_cod_asig1,pre_cod_asig2,pre_cod_asig3,pre_cod_asig4,pre_cod_asig5,pre_cod_asig6,pre_cod_asig7 FROM tblaca009 WHERE pensum='5' AND c_uni_ca='6' AND c_asigna='344687' [1][0] OK
C:[06/08/2014 23:32:45.18][181.183.19.23][1149] SELECT c_asigna FROM dace004 WHERE exp_e='04-18886325' AND c_asigna='344565' AND status IN ('0','3','B','C') [1][0] OK
C:[06/08/2014 23:32:45.18][181.183.19.23][1136] SELECT pre_cod_asig1,pre_cod_asig2,pre_cod_asig3,pre_cod_asig4,pre_cod_asig5,pre_cod_asig6,pre_cod_asig7 FROM tblaca009 WHERE pensum='5' AND c_uni_ca='6' AND c_asigna='344715' [1][0] OK
C:[06/08/2014 23:32:45.18][181.183.19.23][1149] SELECT c_asigna FROM dace004 WHERE exp_e='04-18886325' AND c_asigna='344688' AND status IN ('0','3','B','C') [1][0] OK
C:[06/08/2014 23:32:45.18][181.183.19.23][1149] SELECT c_asigna FROM dace004 WHERE exp_e='04-18886325' AND c_asigna='344613' AND status IN ('0','3','B','C') [1][0] OK
C:[06/08/2014 23:32:45.93][181.183.19.23][1180] SELECT par_cod_asig1,par_cod_asig2,par_cod_asig3 FROM tblaca009 WHERE pensum='5' AND c_uni_ca='6' AND c_asigna='344687' [1][0] OK
C:[06/08/2014 23:32:45.93][181.183.19.23][1180] SELECT par_cod_asig1,par_cod_asig2,par_cod_asig3 FROM tblaca009 WHERE pensum='5' AND c_uni_ca='6' AND c_asigna='344715' [1][0] OK
C:[06/08/2014 23:32:45.19][181.183.19.23][1310] SELECT horas_lab FROM tblaca008 WHERE c_asigna='344687' AND horas_teoricas > 0 [1][0] OK
C:[06/08/2014 23:32:45.19][181.183.19.23][1310] SELECT horas_lab FROM tblaca008 WHERE c_asigna='344715' AND horas_teoricas > 0 [1][0] OK
C:[07/08/2014 06:41:08.54][190.206.243.239][1136] SELECT pre_cod_asig1,pre_cod_asig2,pre_cod_asig3,pre_cod_asig4,pre_cod_asig5,pre_cod_asig6,pre_cod_asig7 FROM tblaca009 WHERE pensum='5' AND c_uni_ca='2' AND c_asigna='300870' [1][0] OK
C:[07/08/2014 06:41:08.54][190.206.243.239][1136] SELECT pre_cod_asig1,pre_cod_asig2,pre_cod_asig3,pre_cod_asig4,pre_cod_asig5,pre_cod_asig6,pre_cod_asig7 FROM tblaca009 WHERE pensum='5' AND c_uni_ca='2' AND c_asigna='322041' [1][0] OK
C:[07/08/2014 06:41:08.74][190.206.243.239][1180] SELECT par_cod_asig1,par_cod_asig2,par_cod_asig3 FROM tblaca009 WHERE pensum='5' AND c_uni_ca='2' AND c_asigna='300870' [1][0] OK
C:[07/08/2014 06:41:08.74][190.206.243.239][1180] SELECT par_cod_asig1,par_cod_asig2,par_cod_asig3 FROM tblaca009 WHERE pensum='5' AND c_uni_ca='2' AND c_asigna='322041' [1][0] OK
C:[07/08/2014 06:41:08.01][190.206.243.239][1310] SELECT horas_lab FROM tblaca008 WHERE c_asigna='300870' AND horas_teoricas > 0 [1][0] OK
C:[07/08/2014 06:41:08.01][190.206.243.239][1310] SELECT horas_lab FROM tblaca008 WHERE c_asigna='322041' AND horas_teoricas > 0 [1][0] OK
C:[07/08/2014 07:40:56.09][200.84.87.12][1136] SELECT pre_cod_asig1,pre_cod_asig2,pre_cod_asig3,pre_cod_asig4,pre_cod_asig5,pre_cod_asig6,pre_cod_asig7 FROM tblaca009 WHERE pensum='5' AND c_uni_ca='2' AND c_asigna='322826' [1][0] OK
C:[07/08/2014 07:40:56.09][200.84.87.12][1149] SELECT c_asigna FROM dace004 WHERE exp_e='07-19158230' AND c_asigna='322702' AND status IN ('0','3','B','C') [1][0] OK
C:[07/08/2014 07:40:56.09][200.84.87.12][1136] SELECT pre_cod_asig1,pre_cod_asig2,pre_cod_asig3,pre_cod_asig4,pre_cod_asig5,pre_cod_asig6,pre_cod_asig7 FROM tblaca009 WHERE pensum='5' AND c_uni_ca='2' AND c_asigna='322904' [1][0] OK
C:[07/08/2014 07:40:56.09][200.84.87.12][1149] SELECT c_asigna FROM dace004 WHERE exp_e='07-19158230' AND c_asigna='322782' AND status IN ('0','3','B','C') [1][0] OK
C:[07/08/2014 07:40:56.09][200.84.87.12][1149] SELECT c_asigna FROM dace004 WHERE exp_e='07-19158230' AND c_asigna='322801' AND status IN ('0','3','B','C') [1][0] OK
C:[07/08/2014 07:40:56.84][200.84.87.12][1180] SELECT par_cod_asig1,par_cod_asig2,par_cod_asig3 FROM tblaca009 WHERE pensum='5' AND c_uni_ca='2' AND c_asigna='322826' [1][0] OK
C:[07/08/2014 07:40:56.84][200.84.87.12][1180] SELECT par_cod_asig1,par_cod_asig2,par_cod_asig3 FROM tblaca009 WHERE pensum='5' AND c_uni_ca='2' AND c_asigna='322904' [1][0] OK
C:[07/08/2014 07:40:56.10][200.84.87.12][1310] SELECT horas_lab FROM tblaca008 WHERE c_asigna='322826' AND horas_teoricas > 0 [1][0] OK
C:[07/08/2014 07:40:56.10][200.84.87.12][1310] SELECT horas_lab FROM tblaca008 WHERE c_asigna='322904' AND horas_teoricas > 0 [1][0] OK
C:[07/08/2014 07:46:44.26][190.201.8.91][1136] SELECT pre_cod_asig1,pre_cod_asig2,pre_cod_asig3,pre_cod_asig4,pre_cod_asig5,pre_cod_asig6,pre_cod_asig7 FROM tblaca009 WHERE pensum='5' AND c_uni_ca='3' AND c_asigna='311799' [1][0] OK
C:[07/08/2014 07:46:44.26][190.201.8.91][1149] SELECT c_asigna FROM dace004 WHERE exp_e='05-18078295' AND c_asigna='311673' AND status IN ('0','3','B','C') [1][0] OK
C:[07/08/2014 07:46:45.63][190.201.8.91][1180] SELECT par_cod_asig1,par_cod_asig2,par_cod_asig3 FROM tblaca009 WHERE pensum='5' AND c_uni_ca='3' AND c_asigna='311799' [1][0] OK
C:[07/08/2014 07:46:45.77][190.201.8.91][1310] SELECT horas_lab FROM tblaca008 WHERE c_asigna='311799' AND horas_teoricas > 0 [1][0] OK
C:[07/08/2014 08:06:30.61][179.44.19.43][1136] SELECT pre_cod_asig1,pre_cod_asig2,pre_cod_asig3,pre_cod_asig4,pre_cod_asig5,pre_cod_asig6,pre_cod_asig7 FROM tblaca009 WHERE pensum='5' AND c_uni_ca='2' AND c_asigna='322449' [1][0] OK
C:[07/08/2014 08:06:30.61][179.44.19.43][1149] SELECT c_asigna FROM dace004 WHERE exp_e='10-22820598' AND c_asigna='300222' AND status IN ('0','3','B','C') [1][0] OK
C:[07/08/2014 08:06:30.00][179.44.19.43][1180] SELECT par_cod_asig1,par_cod_asig2,par_cod_asig3 FROM tblaca009 WHERE pensum='5' AND c_uni_ca='2' AND c_asigna='322449' [1][0] OK
C:[07/08/2014 08:06:31.12][179.44.19.43][1310] SELECT horas_lab FROM tblaca008 WHERE c_asigna='322449' AND horas_teoricas > 0 [1][0] OK
C:[07/08/2014 08:17:32.31][172.16.4.227][1136] SELECT pre_cod_asig1,pre_cod_asig2,pre_cod_asig3,pre_cod_asig4,pre_cod_asig5,pre_cod_asig6,pre_cod_asig7 FROM tblaca009 WHERE pensum='5' AND c_uni_ca='5' AND c_asigna='300013' [1][0] OK
C:[07/08/2014 08:17:33.56][172.16.4.227][1180] SELECT par_cod_asig1,par_cod_asig2,par_cod_asig3 FROM tblaca009 WHERE pensum='5' AND c_uni_ca='5' AND c_asigna='300013' [1][0] OK
C:[07/08/2014 08:17:33.69][172.16.4.227][1310] SELECT horas_lab FROM tblaca008 WHERE c_asigna='300013' AND horas_teoricas > 0 [1][0] OK
C:[07/08/2014 08:39:11.53][190.204.69.38][1136] SELECT pre_cod_asig1,pre_cod_asig2,pre_cod_asig3,pre_cod_asig4,pre_cod_asig5,pre_cod_asig6,pre_cod_asig7 FROM tblaca009 WHERE pensum='5' AND c_uni_ca='6' AND c_asigna='300213' [1][0] OK
C:[07/08/2014 08:39:11.53][190.204.69.38][1149] SELECT c_asigna FROM dace004 WHERE exp_e='11-24511383' AND c_asigna='300101' AND status IN ('0','3','B','C') [1][0] OK
C:[07/08/2014 08:39:11.53][190.204.69.38][1136] SELECT pre_cod_asig1,pre_cod_asig2,pre_cod_asig3,pre_cod_asig4,pre_cod_asig5,pre_cod_asig6,pre_cod_asig7 FROM tblaca009 WHERE pensum='5' AND c_uni_ca='6' AND c_asigna='300222' [1][0] OK
C:[07/08/2014 08:39:11.53][190.204.69.38][1149] SELECT c_asigna FROM dace004 WHERE exp_e='11-24511383' AND c_asigna='300112' AND status IN ('0','3','B','C') [1][0] OK
C:[07/08/2014 08:39:11.53][190.204.69.38][1136] SELECT pre_cod_asig1,pre_cod_asig2,pre_cod_asig3,pre_cod_asig4,pre_cod_asig5,pre_cod_asig6,pre_cod_asig7 FROM tblaca009 WHERE pensum='5' AND c_uni_ca='6' AND c_asigna='300318' [1][0] OK
C:[07/08/2014 08:39:11.53][190.204.69.38][1149] SELECT c_asigna FROM dace004 WHERE exp_e='11-24511383' AND c_asigna='300228' AND status IN ('0','3','B','C') [1][0] OK
C:[07/08/2014 08:39:11.53][190.204.69.38][1149] SELECT c_asigna FROM dace004 WHERE exp_e='11-24511383' AND c_asigna='300207' AND status IN ('0','3','B','C') [1][0] OK
C:[07/08/2014 08:39:11.53][190.204.69.38][1149] SELECT c_asigna FROM dace004 WHERE exp_e='11-24511383' AND c_asigna='300218' AND status IN ('0','3','B','C') [1][0] OK
C:[07/08/2014 08:39:12.65][190.204.69.38][1180] SELECT par_cod_asig1,par_cod_asig2,par_cod_asig3 FROM tblaca009 WHERE pensum='5' AND c_uni_ca='6' AND c_asigna='300213' [1][0] OK
C:[07/08/2014 08:39:12.65][190.204.69.38][1194] SELECT c_asigna FROM dace004 WHERE exp_e='11-24511383' AND c_asigna='300209' AND status IN ('0','3','B','C') [1][0] OK
C:[07/08/2014 08:39:12.65][190.204.69.38][1180] SELECT par_cod_asig1,par_cod_asig2,par_cod_asig3 FROM tblaca009 WHERE pensum='5' AND c_uni_ca='6' AND c_asigna='300222' [1][0] OK
C:[07/08/2014 08:39:12.65][190.204.69.38][1180] SELECT par_cod_asig1,par_cod_asig2,par_cod_asig3 FROM tblaca009 WHERE pensum='5' AND c_uni_ca='6' AND c_asigna='300318' [1][0] OK
C:[07/08/2014 08:39:12.17][190.204.69.38][1310] SELECT horas_lab FROM tblaca008 WHERE c_asigna='300213' AND horas_teoricas > 0 [1][0] OK
C:[07/08/2014 08:39:12.17][190.204.69.38][1310] SELECT horas_lab FROM tblaca008 WHERE c_asigna='300222' AND horas_teoricas > 0 [1][0] OK
C:[07/08/2014 08:39:12.17][190.204.69.38][1310] SELECT horas_lab FROM tblaca008 WHERE c_asigna='300318' AND horas_teoricas > 0 [1][0] OK
C:[07/08/2014 08:52:56.66][201.249.174.221][1136] SELECT pre_cod_asig1,pre_cod_asig2,pre_cod_asig3,pre_cod_asig4,pre_cod_asig5,pre_cod_asig6,pre_cod_asig7 FROM tblaca009 WHERE pensum='5' AND c_uni_ca='3' AND c_asigna='311655' [1][0] OK
C:[07/08/2014 08:52:56.66][201.249.174.221][1149] SELECT c_asigna FROM dace004 WHERE exp_e='99-16392147' AND c_asigna='311556' AND status IN ('0','3','B','C') [1][0] OK
C:[07/08/2014 08:52:56.66][201.249.174.221][1136] SELECT pre_cod_asig1,pre_cod_asig2,pre_cod_asig3,pre_cod_asig4,pre_cod_asig5,pre_cod_asig6,pre_cod_asig7 FROM tblaca009 WHERE pensum='5' AND c_uni_ca='3' AND c_asigna='311822' [1][0] OK
C:[07/08/2014 08:52:56.66][201.249.174.221][1149] SELECT c_asigna FROM dace004 WHERE exp_e='99-16392147' AND c_asigna='311795' AND status IN ('0','3','B','C') [1][0] OK
C:[07/08/2014 08:52:57.97][201.249.174.221][1180] SELECT par_cod_asig1,par_cod_asig2,par_cod_asig3 FROM tblaca009 WHERE pensum='5' AND c_uni_ca='3' AND c_asigna='311655' [1][0] OK
C:[07/08/2014 08:52:57.97][201.249.174.221][1180] SELECT par_cod_asig1,par_cod_asig2,par_cod_asig3 FROM tblaca009 WHERE pensum='5' AND c_uni_ca='3' AND c_asigna='311822' [1][0] OK
C:[07/08/2014 08:52:57.27][201.249.174.221][1310] SELECT horas_lab FROM tblaca008 WHERE c_asigna='311655' AND horas_teoricas > 0 [1][0] OK
C:[07/08/2014 08:52:57.27][201.249.174.221][1310] SELECT horas_lab FROM tblaca008 WHERE c_asigna='311822' AND horas_teoricas > 0 [1][0] OK
C:[07/08/2014 08:59:23.81][190.204.69.38][1136] SELECT pre_cod_asig1,pre_cod_asig2,pre_cod_asig3,pre_cod_asig4,pre_cod_asig5,pre_cod_asig6,pre_cod_asig7 FROM tblaca009 WHERE pensum='5' AND c_uni_ca='3' AND c_asigna='300013' [1][0] OK
C:[07/08/2014 08:59:23.81][190.204.69.38][1136] SELECT pre_cod_asig1,pre_cod_asig2,pre_cod_asig3,pre_cod_asig4,pre_cod_asig5,pre_cod_asig6,pre_cod_asig7 FROM tblaca009 WHERE pensum='5' AND c_uni_ca='3' AND c_asigna='300101' [1][0] OK
C:[07/08/2014 08:59:23.19][190.204.69.38][1180] SELECT par_cod_asig1,par_cod_asig2,par_cod_asig3 FROM tblaca009 WHERE pensum='5' AND c_uni_ca='3' AND c_asigna='300013' [1][0] OK
C:[07/08/2014 08:59:23.19][190.204.69.38][1180] SELECT par_cod_asig1,par_cod_asig2,par_cod_asig3 FROM tblaca009 WHERE pensum='5' AND c_uni_ca='3' AND c_asigna='300101' [1][0] OK
C:[07/08/2014 08:59:24.44][190.204.69.38][1310] SELECT horas_lab FROM tblaca008 WHERE c_asigna='300013' AND horas_teoricas > 0 [1][0] OK
C:[07/08/2014 08:59:24.44][190.204.69.38][1310] SELECT horas_lab FROM tblaca008 WHERE c_asigna='300101' AND horas_teoricas > 0 [1][0] OK
C:[07/08/2014 09:02:35.83][190.204.69.38][1136] SELECT pre_cod_asig1,pre_cod_asig2,pre_cod_asig3,pre_cod_asig4,pre_cod_asig5,pre_cod_asig6,pre_cod_asig7 FROM tblaca009 WHERE pensum='5' AND c_uni_ca='5' AND c_asigna='300013' [1][0] OK
C:[07/08/2014 09:02:35.83][190.204.69.38][1136] SELECT pre_cod_asig1,pre_cod_asig2,pre_cod_asig3,pre_cod_asig4,pre_cod_asig5,pre_cod_asig6,pre_cod_asig7 FROM tblaca009 WHERE pensum='5' AND c_uni_ca='5' AND c_asigna='300101' [1][0] OK
C:[07/08/2014 09:02:35.83][190.204.69.38][1136] SELECT pre_cod_asig1,pre_cod_asig2,pre_cod_asig3,pre_cod_asig4,pre_cod_asig5,pre_cod_asig6,pre_cod_asig7 FROM tblaca009 WHERE pensum='5' AND c_uni_ca='5' AND c_asigna='300222' [1][0] OK
C:[07/08/2014 09:02:35.83][190.204.69.38][1149] SELECT c_asigna FROM dace004 WHERE exp_e='13-25595047' AND c_asigna='300112' AND status IN ('0','3','B','C') [1][0] OK
C:[07/08/2014 09:02:36.46][190.204.69.38][1180] SELECT par_cod_asig1,par_cod_asig2,par_cod_asig3 FROM tblaca009 WHERE pensum='5' AND c_uni_ca='5' AND c_asigna='300013' [1][0] OK
C:[07/08/2014 09:02:36.46][190.204.69.38][1180] SELECT par_cod_asig1,par_cod_asig2,par_cod_asig3 FROM tblaca009 WHERE pensum='5' AND c_uni_ca='5' AND c_asigna='300101' [1][0] OK
C:[07/08/2014 09:02:36.46][190.204.69.38][1180] SELECT par_cod_asig1,par_cod_asig2,par_cod_asig3 FROM tblaca009 WHERE pensum='5' AND c_uni_ca='5' AND c_asigna='300222' [1][0] OK
C:[07/08/2014 09:02:36.84][190.204.69.38][1310] SELECT horas_lab FROM tblaca008 WHERE c_asigna='300013' AND horas_teoricas > 0 [1][0] OK
C:[07/08/2014 09:02:36.84][190.204.69.38][1310] SELECT horas_lab FROM tblaca008 WHERE c_asigna='300101' AND horas_teoricas > 0 [1][0] OK
C:[07/08/2014 09:02:36.84][190.204.69.38][1310] SELECT horas_lab FROM tblaca008 WHERE c_asigna='300222' AND horas_teoricas > 0 [1][0] OK
C:[07/08/2014 09:04:42.78][74.82.64.144][1136] SELECT pre_cod_asig1,pre_cod_asig2,pre_cod_asig3,pre_cod_asig4,pre_cod_asig5,pre_cod_asig6,pre_cod_asig7 FROM tblaca009 WHERE pensum='5' AND c_uni_ca='4' AND c_asigna='300428' [1][0] OK
C:[07/08/2014 09:04:42.78][74.82.64.144][1149] SELECT c_asigna FROM dace004 WHERE exp_e='09-19910745' AND c_asigna='300317' AND status IN ('0','3','B','C') [1][0] OK
C:[07/08/2014 09:04:42.78][74.82.64.144][1149] SELECT c_asigna FROM dace004 WHERE exp_e='09-19910745' AND c_asigna='300209' AND status IN ('0','3','B','C') [1][0] OK
C:[07/08/2014 09:04:42.78][74.82.64.144][1136] SELECT pre_cod_asig1,pre_cod_asig2,pre_cod_asig3,pre_cod_asig4,pre_cod_asig5,pre_cod_asig6,pre_cod_asig7 FROM tblaca009 WHERE pensum='5' AND c_uni_ca='4' AND c_asigna='333639' [1][0] OK
C:[07/08/2014 09:04:42.78][74.82.64.144][1149] SELECT c_asigna FROM dace004 WHERE exp_e='09-19910745' AND c_asigna='333585' AND status IN ('0','3','B','C') [1][0] OK
C:[07/08/2014 09:04:43.53][74.82.64.144][1180] SELECT par_cod_asig1,par_cod_asig2,par_cod_asig3 FROM tblaca009 WHERE pensum='5' AND c_uni_ca='4' AND c_asigna='300428' [1][0] OK
C:[07/08/2014 09:04:43.53][74.82.64.144][1180] SELECT par_cod_asig1,par_cod_asig2,par_cod_asig3 FROM tblaca009 WHERE pensum='5' AND c_uni_ca='4' AND c_asigna='333639' [1][0] OK
C:[07/08/2014 09:04:43.79][74.82.64.144][1310] SELECT horas_lab FROM tblaca008 WHERE c_asigna='300428' AND horas_teoricas > 0 [1][0] OK
C:[07/08/2014 09:04:43.79][74.82.64.144][1310] SELECT horas_lab FROM tblaca008 WHERE c_asigna='333639' AND horas_teoricas > 0 [1][0] OK
C:[07/08/2014 09:15:49.86][190.204.69.38][1136] SELECT pre_cod_asig1,pre_cod_asig2,pre_cod_asig3,pre_cod_asig4,pre_cod_asig5,pre_cod_asig6,pre_cod_asig7 FROM tblaca009 WHERE pensum='5' AND c_uni_ca='3' AND c_asigna='300101' [1][0] OK
C:[07/08/2014 09:15:49.10][190.204.69.38][1180] SELECT par_cod_asig1,par_cod_asig2,par_cod_asig3 FROM tblaca009 WHERE pensum='5' AND c_uni_ca='3' AND c_asigna='300101' [1][0] OK
C:[07/08/2014 09:15:49.23][190.204.69.38][1310] SELECT horas_lab FROM tblaca008 WHERE c_asigna='300101' AND horas_teoricas > 0 [1][0] OK
C:[07/08/2014 09:23:05.30][190.204.69.38][1136] SELECT pre_cod_asig1,pre_cod_asig2,pre_cod_asig3,pre_cod_asig4,pre_cod_asig5,pre_cod_asig6,pre_cod_asig7 FROM tblaca009 WHERE pensum='5' AND c_uni_ca='5' AND c_asigna='300101' [1][0] OK
C:[07/08/2014 09:23:05.55][190.204.69.38][1180] SELECT par_cod_asig1,par_cod_asig2,par_cod_asig3 FROM tblaca009 WHERE pensum='5' AND c_uni_ca='5' AND c_asigna='300101' [1][0] OK
C:[07/08/2014 09:23:05.68][190.204.69.38][1310] SELECT horas_lab FROM tblaca008 WHERE c_asigna='300101' AND horas_teoricas > 0 [1][0] OK
C:[07/08/2014 09:32:22.59][190.204.69.38][1136] SELECT pre_cod_asig1,pre_cod_asig2,pre_cod_asig3,pre_cod_asig4,pre_cod_asig5,pre_cod_asig6,pre_cod_asig7 FROM tblaca009 WHERE pensum='5' AND c_uni_ca='5' AND c_asigna='300101' [1][0] OK
C:[07/08/2014 09:32:22.84][190.204.69.38][1180] SELECT par_cod_asig1,par_cod_asig2,par_cod_asig3 FROM tblaca009 WHERE pensum='5' AND c_uni_ca='5' AND c_asigna='300101' [1][0] OK
C:[07/08/2014 09:32:22.98][190.204.69.38][1310] SELECT horas_lab FROM tblaca008 WHERE c_asigna='300101' AND horas_teoricas > 0 [1][0] OK
C:[07/08/2014 09:32:32.86][190.204.69.38][1136] SELECT pre_cod_asig1,pre_cod_asig2,pre_cod_asig3,pre_cod_asig4,pre_cod_asig5,pre_cod_asig6,pre_cod_asig7 FROM tblaca009 WHERE pensum='5' AND c_uni_ca='5' AND c_asigna='300101' [1][0] OK
C:[07/08/2014 09:32:32.99][190.204.69.38][1180] SELECT par_cod_asig1,par_cod_asig2,par_cod_asig3 FROM tblaca009 WHERE pensum='5' AND c_uni_ca='5' AND c_asigna='300101' [1][0] OK
C:[07/08/2014 09:32:32.12][190.204.69.38][1310] SELECT horas_lab FROM tblaca008 WHERE c_asigna='300101' AND horas_teoricas > 0 [1][0] OK
C:[07/08/2014 09:36:05.91][190.204.69.38][1136] SELECT pre_cod_asig1,pre_cod_asig2,pre_cod_asig3,pre_cod_asig4,pre_cod_asig5,pre_cod_asig6,pre_cod_asig7 FROM tblaca009 WHERE pensum='5' AND c_uni_ca='6' AND c_asigna='344715' [1][0] OK
C:[07/08/2014 09:36:05.91][190.204.69.38][1149] SELECT c_asigna FROM dace004 WHERE exp_e='08-20805193' AND c_asigna='344688' AND status IN ('0','3','B','C') [1][0] OK
C:[07/08/2014 09:36:05.91][190.204.69.38][1149] SELECT c_asigna FROM dace004 WHERE exp_e='08-20805193' AND c_asigna='344613' AND status IN ('0','3','B','C') [1][0] OK
C:[07/08/2014 09:36:05.91][190.204.69.38][1136] SELECT pre_cod_asig1,pre_cod_asig2,pre_cod_asig3,pre_cod_asig4,pre_cod_asig5,pre_cod_asig6,pre_cod_asig7 FROM tblaca009 WHERE pensum='5' AND c_uni_ca='6' AND c_asigna='344742' [1][0] OK
C:[07/08/2014 09:36:05.91][190.204.69.38][1149] SELECT c_asigna FROM dace004 WHERE exp_e='08-20805193' AND c_asigna='344688' AND status IN ('0','3','B','C') [1][0] OK
C:[07/08/2014 09:36:05.91][190.204.69.38][1149] SELECT c_asigna FROM dace004 WHERE exp_e='08-20805193' AND c_asigna='342679' AND status IN ('0','3','B','C') [1][0] OK
C:[07/08/2014 09:36:06.79][190.204.69.38][1180] SELECT par_cod_asig1,par_cod_asig2,par_cod_asig3 FROM tblaca009 WHERE pensum='5' AND c_uni_ca='6' AND c_asigna='344715' [1][0] OK
C:[07/08/2014 09:36:06.79][190.204.69.38][1180] SELECT par_cod_asig1,par_cod_asig2,par_cod_asig3 FROM tblaca009 WHERE pensum='5' AND c_uni_ca='6' AND c_asigna='344742' [1][0] OK
C:[07/08/2014 09:36:06.05][190.204.69.38][1310] SELECT horas_lab FROM tblaca008 WHERE c_asigna='344715' AND horas_teoricas > 0 [1][0] OK
C:[07/08/2014 09:36:06.05][190.204.69.38][1310] SELECT horas_lab FROM tblaca008 WHERE c_asigna='344742' AND horas_teoricas > 0 [1][0] OK
C:[07/08/2014 09:36:23.09][190.204.69.38][1136] SELECT pre_cod_asig1,pre_cod_asig2,pre_cod_asig3,pre_cod_asig4,pre_cod_asig5,pre_cod_asig6,pre_cod_asig7 FROM tblaca009 WHERE pensum='5' AND c_uni_ca='6' AND c_asigna='340327' [1][0] OK
C:[07/08/2014 09:36:23.09][190.204.69.38][1149] SELECT c_asigna FROM dace004 WHERE exp_e='10-23500022' AND c_asigna='300013' AND status IN ('0','3','B','C') [1][0] OK
C:[07/08/2014 09:36:23.09][190.204.69.38][1149] SELECT c_asigna FROM dace004 WHERE exp_e='10-23500022' AND c_asigna='300113' AND status IN ('0','3','B','C') [1][0] OK
C:[07/08/2014 09:36:23.59][190.204.69.38][1180] SELECT par_cod_asig1,par_cod_asig2,par_cod_asig3 FROM tblaca009 WHERE pensum='5' AND c_uni_ca='6' AND c_asigna='340327' [1][0] OK
C:[07/08/2014 09:36:23.72][190.204.69.38][1310] SELECT horas_lab FROM tblaca008 WHERE c_asigna='340327' AND horas_teoricas > 0 [1][0] OK
C:[07/08/2014 09:42:44.53][190.205.145.84][1136] SELECT pre_cod_asig1,pre_cod_asig2,pre_cod_asig3,pre_cod_asig4,pre_cod_asig5,pre_cod_asig6,pre_cod_asig7 FROM tblaca009 WHERE pensum='5' AND c_uni_ca='3' AND c_asigna='311430' [1][0] OK
C:[07/08/2014 09:42:44.53][190.205.145.84][1149] SELECT c_asigna FROM dace004 WHERE exp_e='10-21339990' AND c_asigna='300317' AND status IN ('0','3','B','C') [1][0] OK
C:[07/08/2014 09:42:44.53][190.205.145.84][1149] SELECT c_asigna FROM dace004 WHERE exp_e='10-21339990' AND c_asigna='300318' AND status IN ('0','3','B','C') [1][0] OK
C:[07/08/2014 09:42:44.53][190.205.145.84][1149] SELECT c_asigna FROM dace004 WHERE exp_e='10-21339990' AND c_asigna='300313' AND status IN ('0','3','B','C') [1][0] OK
C:[07/08/2014 09:42:44.53][190.205.145.84][1149] SELECT c_asigna FROM dace004 WHERE exp_e='10-21339990' AND c_asigna='300222' AND status IN ('0','3','B','C') [1][0] OK
C:[07/08/2014 09:42:44.53][190.205.145.84][1149] SELECT c_asigna FROM dace004 WHERE exp_e='10-21339990' AND c_asigna='300226' AND status IN ('0','3','B','C') [1][0] OK
C:[07/08/2014 09:42:44.53][190.205.145.84][1149] SELECT c_asigna FROM dace004 WHERE exp_e='10-21339990' AND c_asigna='300209' AND status IN ('0','3','B','C') [1][0] OK
C:[07/08/2014 09:42:44.53][190.205.145.84][1180] SELECT par_cod_asig1,par_cod_asig2,par_cod_asig3 FROM tblaca009 WHERE pensum='5' AND c_uni_ca='3' AND c_asigna='311430' [1][0] OK
C:[07/08/2014 09:42:44.66][190.205.145.84][1310] SELECT horas_lab FROM tblaca008 WHERE c_asigna='311430' AND horas_teoricas > 0 [1][0] OK
C:[07/08/2014 09:46:01.20][172.17.113.177][1136] SELECT pre_cod_asig1,pre_cod_asig2,pre_cod_asig3,pre_cod_asig4,pre_cod_asig5,pre_cod_asig6,pre_cod_asig7 FROM tblaca009 WHERE pensum='5' AND c_uni_ca='5' AND c_asigna='355448' [1][0] OK
C:[07/08/2014 09:46:01.20][172.17.113.177][1149] SELECT c_asigna FROM dace004 WHERE exp_e='10-21539999' AND c_asigna='300313' AND status IN ('0','3','B','C') [1][0] OK
C:[07/08/2014 09:46:01.20][172.17.113.177][1149] SELECT c_asigna FROM dace004 WHERE exp_e='10-21539999' AND c_asigna='300209' AND status IN ('0','3','B','C') [1][0] OK
C:[07/08/2014 09:46:01.20][172.17.113.177][1149] SELECT c_asigna FROM dace004 WHERE exp_e='10-21539999' AND c_asigna='300226' AND status IN ('0','3','B','C') [1][0] OK
C:[07/08/2014 09:46:01.20][172.17.113.177][1149] SELECT c_asigna FROM dace004 WHERE exp_e='10-21539999' AND c_asigna='300222' AND status IN ('0','3','B','C') [1][0] OK
C:[07/08/2014 09:46:01.20][172.17.113.177][1136] SELECT pre_cod_asig1,pre_cod_asig2,pre_cod_asig3,pre_cod_asig4,pre_cod_asig5,pre_cod_asig6,pre_cod_asig7 FROM tblaca009 WHERE pensum='5' AND c_uni_ca='5' AND c_asigna='355570' [1][0] OK
C:[07/08/2014 09:46:01.20][172.17.113.177][1149] SELECT c_asigna FROM dace004 WHERE exp_e='10-21539999' AND c_asigna='355447' AND status IN ('0','3','B','C') [1][0] OK
C:[07/08/2014 09:46:02.76][172.17.113.177][1180] SELECT par_cod_asig1,par_cod_asig2,par_cod_asig3 FROM tblaca009 WHERE pensum='5' AND c_uni_ca='5' AND c_asigna='355448' [1][0] OK
C:[07/08/2014 09:46:02.76][172.17.113.177][1180] SELECT par_cod_asig1,par_cod_asig2,par_cod_asig3 FROM tblaca009 WHERE pensum='5' AND c_uni_ca='5' AND c_asigna='355570' [1][0] OK
C:[07/08/2014 09:46:02.02][172.17.113.177][1310] SELECT horas_lab FROM tblaca008 WHERE c_asigna='355448' AND horas_teoricas > 0 [1][0] OK
C:[07/08/2014 09:46:02.02][172.17.113.177][1310] SELECT horas_lab FROM tblaca008 WHERE c_asigna='355570' AND horas_teoricas > 0 [1][0] OK
C:[07/08/2014 09:53:41.64][190.204.69.38][1136] SELECT pre_cod_asig1,pre_cod_asig2,pre_cod_asig3,pre_cod_asig4,pre_cod_asig5,pre_cod_asig6,pre_cod_asig7 FROM tblaca009 WHERE pensum='5' AND c_uni_ca='6' AND c_asigna='344715' [1][0] OK
C:[07/08/2014 09:53:41.64][190.204.69.38][1149] SELECT c_asigna FROM dace004 WHERE exp_e='08-20805193' AND c_asigna='344688' AND status IN ('0','3','B','C') [1][0] OK
C:[07/08/2014 09:53:41.64][190.204.69.38][1149] SELECT c_asigna FROM dace004 WHERE exp_e='08-20805193' AND c_asigna='344613' AND status IN ('0','3','B','C') [1][0] OK
C:[07/08/2014 09:53:41.64][190.204.69.38][1136] SELECT pre_cod_asig1,pre_cod_asig2,pre_cod_asig3,pre_cod_asig4,pre_cod_asig5,pre_cod_asig6,pre_cod_asig7 FROM tblaca009 WHERE pensum='5' AND c_uni_ca='6' AND c_asigna='344742' [1][0] OK
C:[07/08/2014 09:53:41.64][190.204.69.38][1149] SELECT c_asigna FROM dace004 WHERE exp_e='08-20805193' AND c_asigna='344688' AND status IN ('0','3','B','C') [1][0] OK
C:[07/08/2014 09:53:41.64][190.204.69.38][1149] SELECT c_asigna FROM dace004 WHERE exp_e='08-20805193' AND c_asigna='342679' AND status IN ('0','3','B','C') [1][0] OK
C:[07/08/2014 09:53:41.52][190.204.69.38][1180] SELECT par_cod_asig1,par_cod_asig2,par_cod_asig3 FROM tblaca009 WHERE pensum='5' AND c_uni_ca='6' AND c_asigna='344715' [1][0] OK
C:[07/08/2014 09:53:41.52][190.204.69.38][1180] SELECT par_cod_asig1,par_cod_asig2,par_cod_asig3 FROM tblaca009 WHERE pensum='5' AND c_uni_ca='6' AND c_asigna='344742' [1][0] OK
C:[07/08/2014 09:53:41.78][190.204.69.38][1310] SELECT horas_lab FROM tblaca008 WHERE c_asigna='344715' AND horas_teoricas > 0 [1][0] OK
C:[07/08/2014 09:53:41.78][190.204.69.38][1310] SELECT horas_lab FROM tblaca008 WHERE c_asigna='344742' AND horas_teoricas > 0 [1][0] OK
C:[07/08/2014 09:57:32.85][190.204.69.38][1136] SELECT pre_cod_asig1,pre_cod_asig2,pre_cod_asig3,pre_cod_asig4,pre_cod_asig5,pre_cod_asig6,pre_cod_asig7 FROM tblaca009 WHERE pensum='5' AND c_uni_ca='2' AND c_asigna='300318' [1][0] OK
C:[07/08/2014 09:57:32.85][190.204.69.38][1149] SELECT c_asigna FROM dace004 WHERE exp_e='11-25084029' AND c_asigna='300228' AND status IN ('0','3','B','C') [1][0] OK
C:[07/08/2014 09:57:32.85][190.204.69.38][1149] SELECT c_asigna FROM dace004 WHERE exp_e='11-25084029' AND c_asigna='300207' AND status IN ('0','3','B','C') [1][0] OK
C:[07/08/2014 09:57:32.85][190.204.69.38][1149] SELECT c_asigna FROM dace004 WHERE exp_e='11-25084029' AND c_asigna='300218' AND status IN ('0','3','B','C') [1][0] OK
C:[07/08/2014 09:57:32.48][190.204.69.38][1180] SELECT par_cod_asig1,par_cod_asig2,par_cod_asig3 FROM tblaca009 WHERE pensum='5' AND c_uni_ca='2' AND c_asigna='300318' [1][0] OK
C:[07/08/2014 09:57:32.62][190.204.69.38][1310] SELECT horas_lab FROM tblaca008 WHERE c_asigna='300318' AND horas_teoricas > 0 [1][0] OK
C:[07/08/2014 10:01:41.59][190.200.18.45][1136] SELECT pre_cod_asig1,pre_cod_asig2,pre_cod_asig3,pre_cod_asig4,pre_cod_asig5,pre_cod_asig6,pre_cod_asig7 FROM tblaca009 WHERE pensum='5' AND c_uni_ca='2' AND c_asigna='300956' [1][0] OK
C:[07/08/2014 10:01:41.59][190.200.18.45][1149] SELECT c_asigna FROM dace004 WHERE exp_e='10-20171856' AND c_asigna='300422' AND status IN ('0','3','B','C') [1][0] OK
C:[07/08/2014 10:01:41.59][190.200.18.45][1149] SELECT c_asigna FROM dace004 WHERE exp_e='10-20171856' AND c_asigna='300105' AND status IN ('0','3','B','C') [1][0] OK
C:[07/08/2014 10:01:41.59][190.200.18.45][1149] SELECT c_asigna FROM dace004 WHERE exp_e='10-20171856' AND c_asigna='300314' AND status IN ('0','3','B','C') [1][0] OK
C:[07/08/2014 10:01:41.59][190.200.18.45][1136] SELECT pre_cod_asig1,pre_cod_asig2,pre_cod_asig3,pre_cod_asig4,pre_cod_asig5,pre_cod_asig6,pre_cod_asig7 FROM tblaca009 WHERE pensum='5' AND c_uni_ca='2' AND c_asigna='322904' [1][0] OK
C:[07/08/2014 10:01:41.59][190.200.18.45][1149] SELECT c_asigna FROM dace004 WHERE exp_e='10-20171856' AND c_asigna='322782' AND status IN ('0','3','B','C') [1][0] OK
C:[07/08/2014 10:01:41.59][190.200.18.45][1149] SELECT c_asigna FROM dace004 WHERE exp_e='10-20171856' AND c_asigna='322801' AND status IN ('0','3','B','C') [1][0] OK
C:[07/08/2014 10:01:41.59][190.200.18.45][1136] SELECT pre_cod_asig1,pre_cod_asig2,pre_cod_asig3,pre_cod_asig4,pre_cod_asig5,pre_cod_asig6,pre_cod_asig7 FROM tblaca009 WHERE pensum='5' AND c_uni_ca='2' AND c_asigna='322041' [1][0] OK
C:[07/08/2014 10:01:42.10][190.200.18.45][1180] SELECT par_cod_asig1,par_cod_asig2,par_cod_asig3 FROM tblaca009 WHERE pensum='5' AND c_uni_ca='2' AND c_asigna='300956' [1][0] OK
C:[07/08/2014 10:01:42.10][190.200.18.45][1180] SELECT par_cod_asig1,par_cod_asig2,par_cod_asig3 FROM tblaca009 WHERE pensum='5' AND c_uni_ca='2' AND c_asigna='322904' [1][0] OK
C:[07/08/2014 10:01:42.10][190.200.18.45][1180] SELECT par_cod_asig1,par_cod_asig2,par_cod_asig3 FROM tblaca009 WHERE pensum='5' AND c_uni_ca='2' AND c_asigna='322041' [1][0] OK
C:[07/08/2014 10:01:42.09][190.200.18.45][1310] SELECT horas_lab FROM tblaca008 WHERE c_asigna='300956' AND horas_teoricas > 0 [1][0] OK
C:[07/08/2014 10:01:42.09][190.200.18.45][1310] SELECT horas_lab FROM tblaca008 WHERE c_asigna='322904' AND horas_teoricas > 0 [1][0] OK
C:[07/08/2014 10:01:42.09][190.200.18.45][1310] SELECT horas_lab FROM tblaca008 WHERE c_asigna='322041' AND horas_teoricas > 0 [1][0] OK
C:[07/08/2014 10:03:41.53][190.204.69.38][1136] SELECT pre_cod_asig1,pre_cod_asig2,pre_cod_asig3,pre_cod_asig4,pre_cod_asig5,pre_cod_asig6,pre_cod_asig7 FROM tblaca009 WHERE pensum='5' AND c_uni_ca='5' AND c_asigna='300101' [1][0] OK
C:[07/08/2014 10:03:41.78][190.204.69.38][1180] SELECT par_cod_asig1,par_cod_asig2,par_cod_asig3 FROM tblaca009 WHERE pensum='5' AND c_uni_ca='5' AND c_asigna='300101' [1][0] OK
C:[07/08/2014 10:03:41.90][190.204.69.38][1310] SELECT horas_lab FROM tblaca008 WHERE c_asigna='300101' AND horas_teoricas > 0 [1][0] OK
C:[07/08/2014 10:20:44.63][172.16.4.254][1136] SELECT pre_cod_asig1,pre_cod_asig2,pre_cod_asig3,pre_cod_asig4,pre_cod_asig5,pre_cod_asig6,pre_cod_asig7 FROM tblaca009 WHERE pensum='5' AND c_uni_ca='3' AND c_asigna='311320' [1][0] OK
C:[07/08/2014 10:20:44.63][172.16.4.254][1149] SELECT c_asigna FROM dace004 WHERE exp_e='05-18886359' AND c_asigna='300013' AND status IN ('0','3','B','C') [1][0] OK
C:[07/08/2014 10:20:44.63][172.16.4.254][1149] SELECT c_asigna FROM dace004 WHERE exp_e='05-18886359' AND c_asigna='300113' AND status IN ('0','3','B','C') [1][0] OK
C:[07/08/2014 10:20:44.63][172.16.4.254][1136] SELECT pre_cod_asig1,pre_cod_asig2,pre_cod_asig3,pre_cod_asig4,pre_cod_asig5,pre_cod_asig6,pre_cod_asig7 FROM tblaca009 WHERE pensum='5' AND c_uni_ca='3' AND c_asigna='312333' [1][0] OK
C:[07/08/2014 10:20:44.63][172.16.4.254][1149] SELECT c_asigna FROM dace004 WHERE exp_e='05-18886359' AND c_asigna='300228' AND status IN ('0','3','B','C') [1][0] OK
C:[07/08/2014 10:20:44.38][172.16.4.254][1180] SELECT par_cod_asig1,par_cod_asig2,par_cod_asig3 FROM tblaca009 WHERE pensum='5' AND c_uni_ca='3' AND c_asigna='311320' [1][0] OK
C:[07/08/2014 10:20:44.38][172.16.4.254][1180] SELECT par_cod_asig1,par_cod_asig2,par_cod_asig3 FROM tblaca009 WHERE pensum='5' AND c_uni_ca='3' AND c_asigna='312333' [1][0] OK
C:[07/08/2014 10:20:44.64][172.16.4.254][1310] SELECT horas_lab FROM tblaca008 WHERE c_asigna='311320' AND horas_teoricas > 0 [1][0] OK
C:[07/08/2014 10:20:44.64][172.16.4.254][1310] SELECT horas_lab FROM tblaca008 WHERE c_asigna='312333' AND horas_teoricas > 0 [1][0] OK
C:[07/08/2014 10:20:49.09][190.204.69.38][1136] SELECT pre_cod_asig1,pre_cod_asig2,pre_cod_asig3,pre_cod_asig4,pre_cod_asig5,pre_cod_asig6,pre_cod_asig7 FROM tblaca009 WHERE pensum='5' AND c_uni_ca='5' AND c_asigna='355447' [1][0] OK
C:[07/08/2014 10:20:49.09][190.204.69.38][1149] SELECT c_asigna FROM dace004 WHERE exp_e='07-19804812' AND c_asigna='351330' AND status IN ('0','3','B','C') [1][0] OK
C:[07/08/2014 10:20:49.09][190.204.69.38][1136] SELECT pre_cod_asig1,pre_cod_asig2,pre_cod_asig3,pre_cod_asig4,pre_cod_asig5,pre_cod_asig6,pre_cod_asig7 FROM tblaca009 WHERE pensum='5' AND c_uni_ca='5' AND c_asigna='351451' [1][0] OK
C:[07/08/2014 10:20:49.09][190.204.69.38][1149] SELECT c_asigna FROM dace004 WHERE exp_e='07-19804812' AND c_asigna='351330' AND status IN ('0','3','B','C') [1][0] OK
C:[07/08/2014 10:20:49.09][190.204.69.38][1149] SELECT c_asigna FROM dace004 WHERE exp_e='07-19804812' AND c_asigna='355350' AND status IN ('0','3','B','C') [1][0] OK
C:[07/08/2014 10:20:49.09][190.204.69.38][1149] SELECT c_asigna FROM dace004 WHERE exp_e='07-19804812' AND c_asigna='300318' AND status IN ('0','3','B','C') [1][0] OK
C:[07/08/2014 10:20:49.09][190.204.69.38][1149] SELECT c_asigna FROM dace004 WHERE exp_e='07-19804812' AND c_asigna='300209' AND status IN ('0','3','B','C') [1][0] OK
C:[07/08/2014 10:20:49.09][190.204.69.38][1149] SELECT c_asigna FROM dace004 WHERE exp_e='07-19804812' AND c_asigna='300222' AND status IN ('0','3','B','C') [1][0] OK
C:[07/08/2014 10:20:49.09][190.204.69.38][1136] SELECT pre_cod_asig1,pre_cod_asig2,pre_cod_asig3,pre_cod_asig4,pre_cod_asig5,pre_cod_asig6,pre_cod_asig7 FROM tblaca009 WHERE pensum='5' AND c_uni_ca='5' AND c_asigna='355572' [1][0] OK
C:[07/08/2014 10:20:49.09][190.204.69.38][1149] SELECT c_asigna FROM dace004 WHERE exp_e='07-19804812' AND c_asigna='300428' AND status IN ('0','3','B','C') [1][0] OK
C:[07/08/2014 10:20:50.34][190.204.69.38][1180] SELECT par_cod_asig1,par_cod_asig2,par_cod_asig3 FROM tblaca009 WHERE pensum='5' AND c_uni_ca='5' AND c_asigna='355447' [1][0] OK
C:[07/08/2014 10:20:50.34][190.204.69.38][1180] SELECT par_cod_asig1,par_cod_asig2,par_cod_asig3 FROM tblaca009 WHERE pensum='5' AND c_uni_ca='5' AND c_asigna='351451' [1][0] OK
C:[07/08/2014 10:20:50.34][190.204.69.38][1180] SELECT par_cod_asig1,par_cod_asig2,par_cod_asig3 FROM tblaca009 WHERE pensum='5' AND c_uni_ca='5' AND c_asigna='355572' [1][0] OK
C:[07/08/2014 10:20:50.73][190.204.69.38][1310] SELECT horas_lab FROM tblaca008 WHERE c_asigna='355447' AND horas_teoricas > 0 [1][0] OK
C:[07/08/2014 10:20:50.73][190.204.69.38][1310] SELECT horas_lab FROM tblaca008 WHERE c_asigna='351451' AND horas_teoricas > 0 [1][0] OK
C:[07/08/2014 10:20:50.73][190.204.69.38][1310] SELECT horas_lab FROM tblaca008 WHERE c_asigna='355572' AND horas_teoricas > 0 [1][0] OK
C:[07/08/2014 10:26:23.96][186.167.243.93][1136] SELECT pre_cod_asig1,pre_cod_asig2,pre_cod_asig3,pre_cod_asig4,pre_cod_asig5,pre_cod_asig6,pre_cod_asig7 FROM tblaca009 WHERE pensum='5' AND c_uni_ca='3' AND c_asigna='311094' [1][0] OK
C:[07/08/2014 10:26:23.96][186.167.243.93][1149] SELECT c_asigna FROM dace004 WHERE exp_e='10-20504377' AND c_asigna='311822' AND status IN ('0','3','B','C') [1][0] OK
C:[07/08/2014 10:26:23.96][186.167.243.93][1149] SELECT c_asigna FROM dace004 WHERE exp_e='10-20504377' AND c_asigna='311823' AND status IN ('0','3','B','C') [1][0] OK
C:[07/08/2014 10:26:23.96][186.167.243.93][1136] SELECT pre_cod_asig1,pre_cod_asig2,pre_cod_asig3,pre_cod_asig4,pre_cod_asig5,pre_cod_asig6,pre_cod_asig7 FROM tblaca009 WHERE pensum='5' AND c_uni_ca='3' AND c_asigna='311986' [1][0] OK
C:[07/08/2014 10:26:23.96][186.167.243.93][1149] SELECT c_asigna FROM dace004 WHERE exp_e='10-20504377' AND c_asigna='311825' AND status IN ('0','3','B','C') [1][0] OK
C:[07/08/2014 10:26:23.71][186.167.243.93][1180] SELECT par_cod_asig1,par_cod_asig2,par_cod_asig3 FROM tblaca009 WHERE pensum='5' AND c_uni_ca='3' AND c_asigna='311094' [1][0] OK
C:[07/08/2014 10:26:23.71][186.167.243.93][1180] SELECT par_cod_asig1,par_cod_asig2,par_cod_asig3 FROM tblaca009 WHERE pensum='5' AND c_uni_ca='3' AND c_asigna='311986' [1][0] OK
C:[07/08/2014 10:26:23.97][186.167.243.93][1310] SELECT horas_lab FROM tblaca008 WHERE c_asigna='311094' AND horas_teoricas > 0 [1][0] OK
C:[07/08/2014 10:26:23.97][186.167.243.93][1310] SELECT horas_lab FROM tblaca008 WHERE c_asigna='311986' AND horas_teoricas > 0 [1][0] OK
C:[07/08/2014 10:29:04.11][201.243.97.106][1136] SELECT pre_cod_asig1,pre_cod_asig2,pre_cod_asig3,pre_cod_asig4,pre_cod_asig5,pre_cod_asig6,pre_cod_asig7 FROM tblaca009 WHERE pensum='5' AND c_uni_ca='5' AND c_asigna='355720' [1][0] OK
C:[07/08/2014 10:29:04.11][201.243.97.106][1149] SELECT c_asigna FROM dace004 WHERE exp_e='03-17441373' AND c_asigna='355692' AND status IN ('0','3','B','C') [1][0] OK
C:[07/08/2014 10:29:04.11][201.243.97.106][1149] SELECT c_asigna FROM dace004 WHERE exp_e='03-17441373' AND c_asigna='355696' AND status IN ('0','3','B','C') [1][0] OK
C:[07/08/2014 10:29:04.11][201.243.97.106][1136] SELECT pre_cod_asig1,pre_cod_asig2,pre_cod_asig3,pre_cod_asig4,pre_cod_asig5,pre_cod_asig6,pre_cod_asig7 FROM tblaca009 WHERE pensum='5' AND c_uni_ca='5' AND c_asigna='355723' [1][0] OK
C:[07/08/2014 10:29:04.11][201.243.97.106][1149] SELECT c_asigna FROM dace004 WHERE exp_e='03-17441373' AND c_asigna='355694' AND status IN ('0','3','B','C') [1][0] OK
C:[07/08/2014 10:29:04.11][201.243.97.106][1136] SELECT pre_cod_asig1,pre_cod_asig2,pre_cod_asig3,pre_cod_asig4,pre_cod_asig5,pre_cod_asig6,pre_cod_asig7 FROM tblaca009 WHERE pensum='5' AND c_uni_ca='5' AND c_asigna='354852' [1][0] OK
C:[07/08/2014 10:29:05.99][201.243.97.106][1180] SELECT par_cod_asig1,par_cod_asig2,par_cod_asig3 FROM tblaca009 WHERE pensum='5' AND c_uni_ca='5' AND c_asigna='355720' [1][0] OK
C:[07/08/2014 10:29:05.99][201.243.97.106][1180] SELECT par_cod_asig1,par_cod_asig2,par_cod_asig3 FROM tblaca009 WHERE pensum='5' AND c_uni_ca='5' AND c_asigna='355723' [1][0] OK
C:[07/08/2014 10:29:05.99][201.243.97.106][1180] SELECT par_cod_asig1,par_cod_asig2,par_cod_asig3 FROM tblaca009 WHERE pensum='5' AND c_uni_ca='5' AND c_asigna='354852' [1][0] OK
C:[07/08/2014 10:29:05.37][201.243.97.106][1310] SELECT horas_lab FROM tblaca008 WHERE c_asigna='355720' AND horas_teoricas > 0 [1][0] OK
C:[07/08/2014 10:29:05.37][201.243.97.106][1310] SELECT horas_lab FROM tblaca008 WHERE c_asigna='355723' AND horas_teoricas > 0 [1][0] OK
C:[07/08/2014 10:29:05.37][201.243.97.106][1310] SELECT horas_lab FROM tblaca008 WHERE c_asigna='354852' AND horas_teoricas > 0 [1][0] OK
C:[07/08/2014 10:30:18.52][190.204.69.38][1136] SELECT pre_cod_asig1,pre_cod_asig2,pre_cod_asig3,pre_cod_asig4,pre_cod_asig5,pre_cod_asig6,pre_cod_asig7 FROM tblaca009 WHERE pensum='5' AND c_uni_ca='2' AND c_asigna='300318' [1][0] OK
C:[07/08/2014 10:30:18.52][190.204.69.38][1149] SELECT c_asigna FROM dace004 WHERE exp_e='11-25084029' AND c_asigna='300228' AND status IN ('0','3','B','C') [1][0] OK
C:[07/08/2014 10:30:18.52][190.204.69.38][1149] SELECT c_asigna FROM dace004 WHERE exp_e='11-25084029' AND c_asigna='300207' AND status IN ('0','3','B','C') [1][0] OK
C:[07/08/2014 10:30:18.52][190.204.69.38][1149] SELECT c_asigna FROM dace004 WHERE exp_e='11-25084029' AND c_asigna='300218' AND status IN ('0','3','B','C') [1][0] OK
C:[07/08/2014 10:30:18.52][190.204.69.38][1136] SELECT pre_cod_asig1,pre_cod_asig2,pre_cod_asig3,pre_cod_asig4,pre_cod_asig5,pre_cod_asig6,pre_cod_asig7 FROM tblaca009 WHERE pensum='5' AND c_uni_ca='2' AND c_asigna='300317' [1][0] OK
C:[07/08/2014 10:30:18.52][190.204.69.38][1149] SELECT c_asigna FROM dace004 WHERE exp_e='11-25084029' AND c_asigna='300207' AND status IN ('0','3','B','C') [1][0] OK
C:[07/08/2014 10:30:18.52][190.204.69.38][1149] SELECT c_asigna FROM dace004 WHERE exp_e='11-25084029' AND c_asigna='300209' AND status IN ('0','3','B','C') [1][0] OK
C:[07/08/2014 10:30:18.52][190.204.69.38][1180] SELECT par_cod_asig1,par_cod_asig2,par_cod_asig3 FROM tblaca009 WHERE pensum='5' AND c_uni_ca='2' AND c_asigna='300318' [1][0] OK
C:[07/08/2014 10:30:18.52][190.204.69.38][1180] SELECT par_cod_asig1,par_cod_asig2,par_cod_asig3 FROM tblaca009 WHERE pensum='5' AND c_uni_ca='2' AND c_asigna='300317' [1][0] OK
C:[07/08/2014 10:30:18.78][190.204.69.38][1310] SELECT horas_lab FROM tblaca008 WHERE c_asigna='300318' AND horas_teoricas > 0 [1][0] OK
C:[07/08/2014 10:30:18.78][190.204.69.38][1310] SELECT horas_lab FROM tblaca008 WHERE c_asigna='300317' AND horas_teoricas > 0 [1][0] OK
C:[07/08/2014 10:53:16.56][186.90.27.134][1136] SELECT pre_cod_asig1,pre_cod_asig2,pre_cod_asig3,pre_cod_asig4,pre_cod_asig5,pre_cod_asig6,pre_cod_asig7 FROM tblaca009 WHERE pensum='5' AND c_uni_ca='2' AND c_asigna='322605' [1][0] OK
C:[07/08/2014 10:53:16.56][186.90.27.134][1149] SELECT c_asigna FROM dace004 WHERE exp_e='11-20701851' AND c_asigna='322436' AND status IN ('0','3','B','C') [1][0] OK
C:[07/08/2014 10:53:16.56][186.90.27.134][1136] SELECT pre_cod_asig1,pre_cod_asig2,pre_cod_asig3,pre_cod_asig4,pre_cod_asig5,pre_cod_asig6,pre_cod_asig7 FROM tblaca009 WHERE pensum='5' AND c_uni_ca='2' AND c_asigna='322702' [1][0] OK
C:[07/08/2014 10:53:16.56][186.90.27.134][1149] SELECT c_asigna FROM dace004 WHERE exp_e='11-20701851' AND c_asigna='322683' AND status IN ('0','3','B','C') [1][0] OK
C:[07/08/2014 10:53:16.56][186.90.27.134][1149] SELECT c_asigna FROM dace004 WHERE exp_e='11-20701851' AND c_asigna='300313' AND status IN ('0','3','B','C') [1][0] OK
C:[07/08/2014 10:53:16.56][186.90.27.134][1136] SELECT pre_cod_asig1,pre_cod_asig2,pre_cod_asig3,pre_cod_asig4,pre_cod_asig5,pre_cod_asig6,pre_cod_asig7 FROM tblaca009 WHERE pensum='5' AND c_uni_ca='2' AND c_asigna='322703' [1][0] OK
C:[07/08/2014 10:53:16.56][186.90.27.134][1149] SELECT c_asigna FROM dace004 WHERE exp_e='11-20701851' AND c_asigna='322669' AND status IN ('0','3','B','C') [1][0] OK
C:[07/08/2014 10:53:16.55][186.90.27.134][1180] SELECT par_cod_asig1,par_cod_asig2,par_cod_asig3 FROM tblaca009 WHERE pensum='5' AND c_uni_ca='2' AND c_asigna='322605' [1][0] OK
C:[07/08/2014 10:53:16.55][186.90.27.134][1180] SELECT par_cod_asig1,par_cod_asig2,par_cod_asig3 FROM tblaca009 WHERE pensum='5' AND c_uni_ca='2' AND c_asigna='322702' [1][0] OK
C:[07/08/2014 10:53:16.55][186.90.27.134][1180] SELECT par_cod_asig1,par_cod_asig2,par_cod_asig3 FROM tblaca009 WHERE pensum='5' AND c_uni_ca='2' AND c_asigna='322703' [1][0] OK
C:[07/08/2014 10:53:16.94][186.90.27.134][1310] SELECT horas_lab FROM tblaca008 WHERE c_asigna='322605' AND horas_teoricas > 0 [1][0] OK
C:[07/08/2014 10:53:16.94][186.90.27.134][1310] SELECT horas_lab FROM tblaca008 WHERE c_asigna='322702' AND horas_teoricas > 0 [1][0] OK
C:[07/08/2014 10:53:16.94][186.90.27.134][1310] SELECT horas_lab FROM tblaca008 WHERE c_asigna='322703' AND horas_teoricas > 0 [1][0] OK
C:[07/08/2014 11:06:52.60][190.207.43.80][1136] SELECT pre_cod_asig1,pre_cod_asig2,pre_cod_asig3,pre_cod_asig4,pre_cod_asig5,pre_cod_asig6,pre_cod_asig7 FROM tblaca009 WHERE pensum='5' AND c_uni_ca='5' AND c_asigna='300218' [1][0] OK
C:[07/08/2014 11:06:52.60][190.207.43.80][1149] SELECT c_asigna FROM dace004 WHERE exp_e='13-20702905' AND c_asigna='300101' AND status IN ('0','3','B','C') [1][0] OK
C:[07/08/2014 11:06:52.60][190.207.43.80][1136] SELECT pre_cod_asig1,pre_cod_asig2,pre_cod_asig3,pre_cod_asig4,pre_cod_asig5,pre_cod_asig6,pre_cod_asig7 FROM tblaca009 WHERE pensum='5' AND c_uni_ca='5' AND c_asigna='300222' [1][0] OK
C:[07/08/2014 11:06:52.60][190.207.43.80][1149] SELECT c_asigna FROM dace004 WHERE exp_e='13-20702905' AND c_asigna='300112' AND status IN ('0','3','B','C') [1][0] OK
C:[07/08/2014 11:06:52.60][190.207.43.80][1136] SELECT pre_cod_asig1,pre_cod_asig2,pre_cod_asig3,pre_cod_asig4,pre_cod_asig5,pre_cod_asig6,pre_cod_asig7 FROM tblaca009 WHERE pensum='5' AND c_uni_ca='5' AND c_asigna='300317' [1][0] OK
C:[07/08/2014 11:06:52.60][190.207.43.80][1149] SELECT c_asigna FROM dace004 WHERE exp_e='13-20702905' AND c_asigna='300207' AND status IN ('0','3','B','C') [1][0] OK
C:[07/08/2014 11:06:52.60][190.207.43.80][1149] SELECT c_asigna FROM dace004 WHERE exp_e='13-20702905' AND c_asigna='300209' AND status IN ('0','3','B','C') [1][0] OK
C:[07/08/2014 11:06:52.60][190.207.43.80][1180] SELECT par_cod_asig1,par_cod_asig2,par_cod_asig3 FROM tblaca009 WHERE pensum='5' AND c_uni_ca='5' AND c_asigna='300218' [1][0] OK
C:[07/08/2014 11:06:52.60][190.207.43.80][1194] SELECT c_asigna FROM dace004 WHERE exp_e='13-20702905' AND c_asigna='300228' AND status IN ('0','3','B','C') [1][0] OK
C:[07/08/2014 11:06:52.60][190.207.43.80][1180] SELECT par_cod_asig1,par_cod_asig2,par_cod_asig3 FROM tblaca009 WHERE pensum='5' AND c_uni_ca='5' AND c_asigna='300222' [1][0] OK
C:[07/08/2014 11:06:52.60][190.207.43.80][1180] SELECT par_cod_asig1,par_cod_asig2,par_cod_asig3 FROM tblaca009 WHERE pensum='5' AND c_uni_ca='5' AND c_asigna='300317' [1][0] OK
C:[07/08/2014 11:06:52.11][190.207.43.80][1310] SELECT horas_lab FROM tblaca008 WHERE c_asigna='300218' AND horas_teoricas > 0 [0][0] OK
C:[07/08/2014 11:06:52.11][190.207.43.80][1310] SELECT horas_lab FROM tblaca008 WHERE c_asigna='300222' AND horas_teoricas > 0 [1][0] OK
C:[07/08/2014 11:06:52.11][190.207.43.80][1310] SELECT horas_lab FROM tblaca008 WHERE c_asigna='300317' AND horas_teoricas > 0 [1][0] OK
C:[07/08/2014 11:17:47.58][190.204.69.38][1136] SELECT pre_cod_asig1,pre_cod_asig2,pre_cod_asig3,pre_cod_asig4,pre_cod_asig5,pre_cod_asig6,pre_cod_asig7 FROM tblaca009 WHERE pensum='5' AND c_uni_ca='6' AND c_asigna='300112' [1][0] OK
C:[07/08/2014 11:17:47.58][190.204.69.38][1136] SELECT pre_cod_asig1,pre_cod_asig2,pre_cod_asig3,pre_cod_asig4,pre_cod_asig5,pre_cod_asig6,pre_cod_asig7 FROM tblaca009 WHERE pensum='5' AND c_uni_ca='6' AND c_asigna='300228' [1][0] OK
C:[07/08/2014 11:17:47.58][190.204.69.38][1149] SELECT c_asigna FROM dace004 WHERE exp_e='11-24036355' AND c_asigna='300101' AND status IN ('0','3','B','C') [1][0] OK
C:[07/08/2014 11:17:47.08][190.204.69.38][1180] SELECT par_cod_asig1,par_cod_asig2,par_cod_asig3 FROM tblaca009 WHERE pensum='5' AND c_uni_ca='6' AND c_asigna='300112' [1][0] OK
C:[07/08/2014 11:17:47.08][190.204.69.38][1180] SELECT par_cod_asig1,par_cod_asig2,par_cod_asig3 FROM tblaca009 WHERE pensum='5' AND c_uni_ca='6' AND c_asigna='300228' [1][0] OK
C:[07/08/2014 11:17:47.34][190.204.69.38][1310] SELECT horas_lab FROM tblaca008 WHERE c_asigna='300112' AND horas_teoricas > 0 [1][0] OK
C:[07/08/2014 11:17:47.34][190.204.69.38][1310] SELECT horas_lab FROM tblaca008 WHERE c_asigna='300228' AND horas_teoricas > 0 [1][0] OK
C:[07/08/2014 11:19:06.92][190.205.48.26][1136] SELECT pre_cod_asig1,pre_cod_asig2,pre_cod_asig3,pre_cod_asig4,pre_cod_asig5,pre_cod_asig6,pre_cod_asig7 FROM tblaca009 WHERE pensum='5' AND c_uni_ca='3' AND c_asigna='311100' [1][0] OK
C:[07/08/2014 11:19:06.92][190.205.48.26][1136] SELECT pre_cod_asig1,pre_cod_asig2,pre_cod_asig3,pre_cod_asig4,pre_cod_asig5,pre_cod_asig6,pre_cod_asig7 FROM tblaca009 WHERE pensum='5' AND c_uni_ca='3' AND c_asigna='311986' [1][0] OK
C:[07/08/2014 11:19:06.92][190.205.48.26][1149] SELECT c_asigna FROM dace004 WHERE exp_e='08-13521027' AND c_asigna='311825' AND status IN ('0','3','B','C') [1][0] OK
C:[07/08/2014 11:19:06.42][190.205.48.26][1180] SELECT par_cod_asig1,par_cod_asig2,par_cod_asig3 FROM tblaca009 WHERE pensum='5' AND c_uni_ca='3' AND c_asigna='311100' [1][0] OK
C:[07/08/2014 11:19:06.42][190.205.48.26][1180] SELECT par_cod_asig1,par_cod_asig2,par_cod_asig3 FROM tblaca009 WHERE pensum='5' AND c_uni_ca='3' AND c_asigna='311986' [1][0] OK
C:[07/08/2014 11:19:06.68][190.205.48.26][1310] SELECT horas_lab FROM tblaca008 WHERE c_asigna='311100' AND horas_teoricas > 0 [1][0] OK
C:[07/08/2014 11:19:06.68][190.205.48.26][1310] SELECT horas_lab FROM tblaca008 WHERE c_asigna='311986' AND horas_teoricas > 0 [1][0] OK
C:[07/08/2014 11:33:43.81][172.16.4.254][1136] SELECT pre_cod_asig1,pre_cod_asig2,pre_cod_asig3,pre_cod_asig4,pre_cod_asig5,pre_cod_asig6,pre_cod_asig7 FROM tblaca009 WHERE pensum='5' AND c_uni_ca='3' AND c_asigna='300428' [1][0] OK
C:[07/08/2014 11:33:43.81][172.16.4.254][1149] SELECT c_asigna FROM dace004 WHERE exp_e='11-20804413' AND c_asigna='300317' AND status IN ('0','3','B','C') [1][0] OK
C:[07/08/2014 11:33:43.81][172.16.4.254][1149] SELECT c_asigna FROM dace004 WHERE exp_e='11-20804413' AND c_asigna='300209' AND status IN ('0','3','B','C') [1][0] OK
C:[07/08/2014 11:33:43.81][172.16.4.254][1136] SELECT pre_cod_asig1,pre_cod_asig2,pre_cod_asig3,pre_cod_asig4,pre_cod_asig5,pre_cod_asig6,pre_cod_asig7 FROM tblaca009 WHERE pensum='5' AND c_uni_ca='3' AND c_asigna='315552' [1][0] OK
C:[07/08/2014 11:33:43.81][172.16.4.254][1149] SELECT c_asigna FROM dace004 WHERE exp_e='11-20804413' AND c_asigna='311430' AND status IN ('0','3','B','C') [1][0] OK
C:[07/08/2014 11:33:43.81][172.16.4.254][1149] SELECT c_asigna FROM dace004 WHERE exp_e='11-20804413' AND c_asigna='300222' AND status IN ('0','3','B','C') [1][0] OK
C:[07/08/2014 11:33:43.81][172.16.4.254][1149] SELECT c_asigna FROM dace004 WHERE exp_e='11-20804413' AND c_asigna='300226' AND status IN ('0','3','B','C') [1][0] OK
C:[07/08/2014 11:33:43.81][172.16.4.254][1149] SELECT c_asigna FROM dace004 WHERE exp_e='11-20804413' AND c_asigna='300209' AND status IN ('0','3','B','C') [1][0] OK
C:[07/08/2014 11:33:44.93][172.16.4.254][1180] SELECT par_cod_asig1,par_cod_asig2,par_cod_asig3 FROM tblaca009 WHERE pensum='5' AND c_uni_ca='3' AND c_asigna='300428' [1][0] OK
C:[07/08/2014 11:33:44.93][172.16.4.254][1180] SELECT par_cod_asig1,par_cod_asig2,par_cod_asig3 FROM tblaca009 WHERE pensum='5' AND c_uni_ca='3' AND c_asigna='315552' [1][0] OK
C:[07/08/2014 11:33:44.19][172.16.4.254][1310] SELECT horas_lab FROM tblaca008 WHERE c_asigna='300428' AND horas_teoricas > 0 [1][0] OK
C:[07/08/2014 11:33:44.19][172.16.4.254][1310] SELECT horas_lab FROM tblaca008 WHERE c_asigna='315552' AND horas_teoricas > 0 [1][0] OK
C:[07/08/2014 11:35:15.67][181.185.115.48][1136] SELECT pre_cod_asig1,pre_cod_asig2,pre_cod_asig3,pre_cod_asig4,pre_cod_asig5,pre_cod_asig6,pre_cod_asig7 FROM tblaca009 WHERE pensum='5' AND c_uni_ca='2' AND c_asigna='300213' [1][0] OK
C:[07/08/2014 11:35:15.67][181.185.115.48][1149] SELECT c_asigna FROM dace004 WHERE exp_e='03-18169258' AND c_asigna='300101' AND status IN ('0','3','B','C') [1][0] OK
C:[07/08/2014 11:35:15.67][181.185.115.48][1136] SELECT pre_cod_asig1,pre_cod_asig2,pre_cod_asig3,pre_cod_asig4,pre_cod_asig5,pre_cod_asig6,pre_cod_asig7 FROM tblaca009 WHERE pensum='5' AND c_uni_ca='2' AND c_asigna='322605' [1][0] OK
C:[07/08/2014 11:35:15.67][181.185.115.48][1149] SELECT c_asigna FROM dace004 WHERE exp_e='03-18169258' AND c_asigna='322436' AND status IN ('0','3','B','C') [1][0] OK
C:[07/08/2014 11:35:15.73][181.185.115.48][1180] SELECT par_cod_asig1,par_cod_asig2,par_cod_asig3 FROM tblaca009 WHERE pensum='5' AND c_uni_ca='2' AND c_asigna='300213' [1][0] OK
C:[07/08/2014 11:35:15.73][181.185.115.48][1194] SELECT c_asigna FROM dace004 WHERE exp_e='03-18169258' AND c_asigna='300209' AND status IN ('0','3','B','C') [1][0] OK
C:[07/08/2014 11:35:15.73][181.185.115.48][1180] SELECT par_cod_asig1,par_cod_asig2,par_cod_asig3 FROM tblaca009 WHERE pensum='5' AND c_uni_ca='2' AND c_asigna='322605' [1][0] OK
C:[07/08/2014 11:35:15.12][181.185.115.48][1310] SELECT horas_lab FROM tblaca008 WHERE c_asigna='300213' AND horas_teoricas > 0 [1][0] OK
C:[07/08/2014 11:35:15.12][181.185.115.48][1310] SELECT horas_lab FROM tblaca008 WHERE c_asigna='322605' AND horas_teoricas > 0 [1][0] OK
C:[07/08/2014 11:47:08.38][190.73.238.126][1136] SELECT pre_cod_asig1,pre_cod_asig2,pre_cod_asig3,pre_cod_asig4,pre_cod_asig5,pre_cod_asig6,pre_cod_asig7 FROM tblaca009 WHERE pensum='5' AND c_uni_ca='3' AND c_asigna='311796' [1][0] OK
C:[07/08/2014 11:47:08.38][190.73.238.126][1149] SELECT c_asigna FROM dace004 WHERE exp_e='07-19301905' AND c_asigna='315671' AND status IN ('0','3','B','C') [1][0] OK
C:[07/08/2014 11:47:08.38][190.73.238.126][1136] SELECT pre_cod_asig1,pre_cod_asig2,pre_cod_asig3,pre_cod_asig4,pre_cod_asig5,pre_cod_asig6,pre_cod_asig7 FROM tblaca009 WHERE pensum='5' AND c_uni_ca='3' AND c_asigna='311822' [1][0] OK
C:[07/08/2014 11:47:08.38][190.73.238.126][1149] SELECT c_asigna FROM dace004 WHERE exp_e='07-19301905' AND c_asigna='311795' AND status IN ('0','3','B','C') [1][0] OK
C:[07/08/2014 11:47:08.38][190.73.238.126][1136] SELECT pre_cod_asig1,pre_cod_asig2,pre_cod_asig3,pre_cod_asig4,pre_cod_asig5,pre_cod_asig6,pre_cod_asig7 FROM tblaca009 WHERE pensum='5' AND c_uni_ca='3' AND c_asigna='311826' [1][0] OK
C:[07/08/2014 11:47:08.38][190.73.238.126][1149] SELECT c_asigna FROM dace004 WHERE exp_e='07-19301905' AND c_asigna='311799' AND status IN ('0','3','B','C') [1][0] OK
C:[07/08/2014 11:47:09.25][190.73.238.126][1180] SELECT par_cod_asig1,par_cod_asig2,par_cod_asig3 FROM tblaca009 WHERE pensum='5' AND c_uni_ca='3' AND c_asigna='311796' [1][0] OK
C:[07/08/2014 11:47:09.25][190.73.238.126][1180] SELECT par_cod_asig1,par_cod_asig2,par_cod_asig3 FROM tblaca009 WHERE pensum='5' AND c_uni_ca='3' AND c_asigna='311822' [1][0] OK
C:[07/08/2014 11:47:09.25][190.73.238.126][1180] SELECT par_cod_asig1,par_cod_asig2,par_cod_asig3 FROM tblaca009 WHERE pensum='5' AND c_uni_ca='3' AND c_asigna='311826' [1][0] OK
C:[07/08/2014 11:47:09.64][190.73.238.126][1310] SELECT horas_lab FROM tblaca008 WHERE c_asigna='311796' AND horas_teoricas > 0 [1][0] OK
C:[07/08/2014 11:47:09.64][190.73.238.126][1310] SELECT horas_lab FROM tblaca008 WHERE c_asigna='311822' AND horas_teoricas > 0 [1][0] OK
C:[07/08/2014 11:47:09.64][190.73.238.126][1310] SELECT horas_lab FROM tblaca008 WHERE c_asigna='311826' AND horas_teoricas > 0 [1][0] OK
C:[07/08/2014 11:49:04.50][190.73.238.126][1136] SELECT pre_cod_asig1,pre_cod_asig2,pre_cod_asig3,pre_cod_asig4,pre_cod_asig5,pre_cod_asig6,pre_cod_asig7 FROM tblaca009 WHERE pensum='5' AND c_uni_ca='3' AND c_asigna='311796' [1][0] OK
C:[07/08/2014 11:49:04.50][190.73.238.126][1149] SELECT c_asigna FROM dace004 WHERE exp_e='07-19301905' AND c_asigna='315671' AND status IN ('0','3','B','C') [1][0] OK
C:[07/08/2014 11:49:04.50][190.73.238.126][1136] SELECT pre_cod_asig1,pre_cod_asig2,pre_cod_asig3,pre_cod_asig4,pre_cod_asig5,pre_cod_asig6,pre_cod_asig7 FROM tblaca009 WHERE pensum='5' AND c_uni_ca='3' AND c_asigna='311822' [1][0] OK
C:[07/08/2014 11:49:04.50][190.73.238.126][1149] SELECT c_asigna FROM dace004 WHERE exp_e='07-19301905' AND c_asigna='311795' AND status IN ('0','3','B','C') [1][0] OK
C:[07/08/2014 11:49:04.50][190.73.238.126][1136] SELECT pre_cod_asig1,pre_cod_asig2,pre_cod_asig3,pre_cod_asig4,pre_cod_asig5,pre_cod_asig6,pre_cod_asig7 FROM tblaca009 WHERE pensum='5' AND c_uni_ca='3' AND c_asigna='311826' [1][0] OK
C:[07/08/2014 11:49:04.50][190.73.238.126][1149] SELECT c_asigna FROM dace004 WHERE exp_e='07-19301905' AND c_asigna='311799' AND status IN ('0','3','B','C') [1][0] OK
C:[07/08/2014 11:49:04.81][190.73.238.126][1180] SELECT par_cod_asig1,par_cod_asig2,par_cod_asig3 FROM tblaca009 WHERE pensum='5' AND c_uni_ca='3' AND c_asigna='311796' [1][0] OK
C:[07/08/2014 11:49:04.81][190.73.238.126][1180] SELECT par_cod_asig1,par_cod_asig2,par_cod_asig3 FROM tblaca009 WHERE pensum='5' AND c_uni_ca='3' AND c_asigna='311822' [1][0] OK
C:[07/08/2014 11:49:04.81][190.73.238.126][1180] SELECT par_cod_asig1,par_cod_asig2,par_cod_asig3 FROM tblaca009 WHERE pensum='5' AND c_uni_ca='3' AND c_asigna='311826' [1][0] OK
C:[07/08/2014 11:49:04.20][190.73.238.126][1310] SELECT horas_lab FROM tblaca008 WHERE c_asigna='311796' AND horas_teoricas > 0 [1][0] OK
C:[07/08/2014 11:49:04.20][190.73.238.126][1310] SELECT horas_lab FROM tblaca008 WHERE c_asigna='311822' AND horas_teoricas > 0 [1][0] OK
C:[07/08/2014 11:49:04.20][190.73.238.126][1310] SELECT horas_lab FROM tblaca008 WHERE c_asigna='311826' AND horas_teoricas > 0 [1][0] OK
C:[07/08/2014 12:06:03.89][190.204.69.38][1136] SELECT pre_cod_asig1,pre_cod_asig2,pre_cod_asig3,pre_cod_asig4,pre_cod_asig5,pre_cod_asig6,pre_cod_asig7 FROM tblaca009 WHERE pensum='5' AND c_uni_ca='5' AND c_asigna='300213' [1][0] OK
C:[07/08/2014 12:06:03.89][190.204.69.38][1149] SELECT c_asigna FROM dace004 WHERE exp_e='12-25085090' AND c_asigna='300101' AND status IN ('0','3','B','C') [1][0] OK
C:[07/08/2014 12:06:03.89][190.204.69.38][1136] SELECT pre_cod_asig1,pre_cod_asig2,pre_cod_asig3,pre_cod_asig4,pre_cod_asig5,pre_cod_asig6,pre_cod_asig7 FROM tblaca009 WHERE pensum='5' AND c_uni_ca='5' AND c_asigna='300317' [1][0] OK
C:[07/08/2014 12:06:03.89][190.204.69.38][1149] SELECT c_asigna FROM dace004 WHERE exp_e='12-25085090' AND c_asigna='300207' AND status IN ('0','3','B','C') [1][0] OK
C:[07/08/2014 12:06:03.89][190.204.69.38][1149] SELECT c_asigna FROM dace004 WHERE exp_e='12-25085090' AND c_asigna='300209' AND status IN ('0','3','B','C') [1][0] OK
C:[07/08/2014 12:06:03.64][190.204.69.38][1180] SELECT par_cod_asig1,par_cod_asig2,par_cod_asig3 FROM tblaca009 WHERE pensum='5' AND c_uni_ca='5' AND c_asigna='300213' [1][0] OK
C:[07/08/2014 12:06:03.64][190.204.69.38][1194] SELECT c_asigna FROM dace004 WHERE exp_e='12-25085090' AND c_asigna='300209' AND status IN ('0','3','B','C') [1][0] OK
C:[07/08/2014 12:06:03.64][190.204.69.38][1180] SELECT par_cod_asig1,par_cod_asig2,par_cod_asig3 FROM tblaca009 WHERE pensum='5' AND c_uni_ca='5' AND c_asigna='300317' [1][0] OK
C:[07/08/2014 12:06:04.03][190.204.69.38][1310] SELECT horas_lab FROM tblaca008 WHERE c_asigna='300213' AND horas_teoricas > 0 [1][0] OK
C:[07/08/2014 12:06:04.03][190.204.69.38][1310] SELECT horas_lab FROM tblaca008 WHERE c_asigna='300317' AND horas_teoricas > 0 [1][0] OK
C:[07/08/2014 12:08:39.10][190.204.69.38][1136] SELECT pre_cod_asig1,pre_cod_asig2,pre_cod_asig3,pre_cod_asig4,pre_cod_asig5,pre_cod_asig6,pre_cod_asig7 FROM tblaca009 WHERE pensum='5' AND c_uni_ca='5' AND c_asigna='300213' [1][0] OK
C:[07/08/2014 12:08:39.10][190.204.69.38][1149] SELECT c_asigna FROM dace004 WHERE exp_e='12-25085090' AND c_asigna='300101' AND status IN ('0','3','B','C') [1][0] OK
C:[07/08/2014 12:08:39.10][190.204.69.38][1136] SELECT pre_cod_asig1,pre_cod_asig2,pre_cod_asig3,pre_cod_asig4,pre_cod_asig5,pre_cod_asig6,pre_cod_asig7 FROM tblaca009 WHERE pensum='5' AND c_uni_ca='5' AND c_asigna='300317' [1][0] OK
C:[07/08/2014 12:08:39.10][190.204.69.38][1149] SELECT c_asigna FROM dace004 WHERE exp_e='12-25085090' AND c_asigna='300207' AND status IN ('0','3','B','C') [1][0] OK
C:[07/08/2014 12:08:39.10][190.204.69.38][1149] SELECT c_asigna FROM dace004 WHERE exp_e='12-25085090' AND c_asigna='300209' AND status IN ('0','3','B','C') [1][0] OK
C:[07/08/2014 12:08:39.29][190.204.69.38][1180] SELECT par_cod_asig1,par_cod_asig2,par_cod_asig3 FROM tblaca009 WHERE pensum='5' AND c_uni_ca='5' AND c_asigna='300213' [1][0] OK
C:[07/08/2014 12:08:39.29][190.204.69.38][1194] SELECT c_asigna FROM dace004 WHERE exp_e='12-25085090' AND c_asigna='300209' AND status IN ('0','3','B','C') [1][0] OK
C:[07/08/2014 12:08:39.29][190.204.69.38][1180] SELECT par_cod_asig1,par_cod_asig2,par_cod_asig3 FROM tblaca009 WHERE pensum='5' AND c_uni_ca='5' AND c_asigna='300317' [1][0] OK
C:[07/08/2014 12:08:39.67][190.204.69.38][1310] SELECT horas_lab FROM tblaca008 WHERE c_asigna='300213' AND horas_teoricas > 0 [1][0] OK
C:[07/08/2014 12:08:39.67][190.204.69.38][1310] SELECT horas_lab FROM tblaca008 WHERE c_asigna='300317' AND horas_teoricas > 0 [1][0] OK
C:[07/08/2014 12:08:55.94][190.204.103.111][1136] SELECT pre_cod_asig1,pre_cod_asig2,pre_cod_asig3,pre_cod_asig4,pre_cod_asig5,pre_cod_asig6,pre_cod_asig7 FROM tblaca009 WHERE pensum='5' AND c_uni_ca='6' AND c_asigna='342679' [1][0] OK
C:[07/08/2014 12:08:55.94][190.204.103.111][1149] SELECT c_asigna FROM dace004 WHERE exp_e='04-18585504' AND c_asigna='342567' AND status IN ('0','3','B','C') [1][0] OK
C:[07/08/2014 12:08:55.94][190.204.103.111][1136] SELECT pre_cod_asig1,pre_cod_asig2,pre_cod_asig3,pre_cod_asig4,pre_cod_asig5,pre_cod_asig6,pre_cod_asig7 FROM tblaca009 WHERE pensum='5' AND c_uni_ca='6' AND c_asigna='344687' [1][0] OK
C:[07/08/2014 12:08:55.94][190.204.103.111][1149] SELECT c_asigna FROM dace004 WHERE exp_e='04-18585504' AND c_asigna='344565' AND status IN ('0','3','B','C') [1][0] OK
C:[07/08/2014 12:08:56.13][190.204.103.111][1180] SELECT par_cod_asig1,par_cod_asig2,par_cod_asig3 FROM tblaca009 WHERE pensum='5' AND c_uni_ca='6' AND c_asigna='342679' [1][0] OK
C:[07/08/2014 12:08:56.13][190.204.103.111][1180] SELECT par_cod_asig1,par_cod_asig2,par_cod_asig3 FROM tblaca009 WHERE pensum='5' AND c_uni_ca='6' AND c_asigna='344687' [1][0] OK
C:[07/08/2014 12:08:56.39][190.204.103.111][1310] SELECT horas_lab FROM tblaca008 WHERE c_asigna='342679' AND horas_teoricas > 0 [1][0] OK
C:[07/08/2014 12:08:56.39][190.204.103.111][1310] SELECT horas_lab FROM tblaca008 WHERE c_asigna='344687' AND horas_teoricas > 0 [1][0] OK
C:[07/08/2014 12:13:15.20][190.198.88.217][1136] SELECT pre_cod_asig1,pre_cod_asig2,pre_cod_asig3,pre_cod_asig4,pre_cod_asig5,pre_cod_asig6,pre_cod_asig7 FROM tblaca009 WHERE pensum='5' AND c_uni_ca='2' AND c_asigna='322449' [1][0] OK
C:[07/08/2014 12:13:15.20][190.198.88.217][1149] SELECT c_asigna FROM dace004 WHERE exp_e='08-20383812' AND c_asigna='300222' AND status IN ('0','3','B','C') [1][0] OK
C:[07/08/2014 12:13:15.20][190.198.88.217][1136] SELECT pre_cod_asig1,pre_cod_asig2,pre_cod_asig3,pre_cod_asig4,pre_cod_asig5,pre_cod_asig6,pre_cod_asig7 FROM tblaca009 WHERE pensum='5' AND c_uni_ca='2' AND c_asigna='322436' [1][0] OK
C:[07/08/2014 12:13:15.20][190.198.88.217][1149] SELECT c_asigna FROM dace004 WHERE exp_e='08-20383812' AND c_asigna='300317' AND status IN ('0','3','B','C') [1][0] OK
C:[07/08/2014 12:13:15.20][190.198.88.217][1149] SELECT c_asigna FROM dace004 WHERE exp_e='08-20383812' AND c_asigna='320311' AND status IN ('0','3','B','C') [1][0] OK
C:[07/08/2014 12:13:15.95][190.198.88.217][1180] SELECT par_cod_asig1,par_cod_asig2,par_cod_asig3 FROM tblaca009 WHERE pensum='5' AND c_uni_ca='2' AND c_asigna='322449' [1][0] OK
C:[07/08/2014 12:13:15.95][190.198.88.217][1180] SELECT par_cod_asig1,par_cod_asig2,par_cod_asig3 FROM tblaca009 WHERE pensum='5' AND c_uni_ca='2' AND c_asigna='322436' [1][0] OK
C:[07/08/2014 12:13:15.21][190.198.88.217][1310] SELECT horas_lab FROM tblaca008 WHERE c_asigna='322449' AND horas_teoricas > 0 [1][0] OK
C:[07/08/2014 12:13:15.21][190.198.88.217][1310] SELECT horas_lab FROM tblaca008 WHERE c_asigna='322436' AND horas_teoricas > 0 [1][0] OK
C:[07/08/2014 12:14:14.75][87.233.219.58][1136] SELECT pre_cod_asig1,pre_cod_asig2,pre_cod_asig3,pre_cod_asig4,pre_cod_asig5,pre_cod_asig6,pre_cod_asig7 FROM tblaca009 WHERE pensum='5' AND c_uni_ca='3' AND c_asigna='311551' [1][0] OK
C:[07/08/2014 12:14:14.75][87.233.219.58][1149] SELECT c_asigna FROM dace004 WHERE exp_e='10-19858191' AND c_asigna='311430' AND status IN ('0','3','B','C') [1][0] OK
C:[07/08/2014 12:14:14.75][87.233.219.58][1149] SELECT c_asigna FROM dace004 WHERE exp_e='10-19858191' AND c_asigna='311431' AND status IN ('0','3','B','C') [1][0] OK
C:[07/08/2014 12:14:14.75][87.233.219.58][1149] SELECT c_asigna FROM dace004 WHERE exp_e='10-19858191' AND c_asigna='300222' AND status IN ('0','3','B','C') [1][0] OK
C:[07/08/2014 12:14:14.75][87.233.219.58][1149] SELECT c_asigna FROM dace004 WHERE exp_e='10-19858191' AND c_asigna='300226' AND status IN ('0','3','B','C') [1][0] OK
C:[07/08/2014 12:14:14.75][87.233.219.58][1149] SELECT c_asigna FROM dace004 WHERE exp_e='10-19858191' AND c_asigna='300209' AND status IN ('0','3','B','C') [1][0] OK
C:[07/08/2014 12:14:14.75][87.233.219.58][1149] SELECT c_asigna FROM dace004 WHERE exp_e='10-19858191' AND c_asigna='311320' AND status IN ('0','3','B','C') [1][0] OK
C:[07/08/2014 12:14:14.75][87.233.219.58][1136] SELECT pre_cod_asig1,pre_cod_asig2,pre_cod_asig3,pre_cod_asig4,pre_cod_asig5,pre_cod_asig6,pre_cod_asig7 FROM tblaca009 WHERE pensum='5' AND c_uni_ca='3' AND c_asigna='311556' [1][0] OK
C:[07/08/2014 12:14:14.75][87.233.219.58][1149] SELECT c_asigna FROM dace004 WHERE exp_e='10-19858191' AND c_asigna='311434' AND status IN ('0','3','B','C') [1][0] OK
C:[07/08/2014 12:14:14.75][87.233.219.58][1149] SELECT c_asigna FROM dace004 WHERE exp_e='10-19858191' AND c_asigna='311430' AND status IN ('0','3','B','C') [1][0] OK
C:[07/08/2014 12:14:14.75][87.233.219.58][1149] SELECT c_asigna FROM dace004 WHERE exp_e='10-19858191' AND c_asigna='300222' AND status IN ('0','3','B','C') [1][0] OK
C:[07/08/2014 12:14:14.75][87.233.219.58][1149] SELECT c_asigna FROM dace004 WHERE exp_e='10-19858191' AND c_asigna='300226' AND status IN ('0','3','B','C') [1][0] OK
C:[07/08/2014 12:14:14.75][87.233.219.58][1149] SELECT c_asigna FROM dace004 WHERE exp_e='10-19858191' AND c_asigna='300209' AND status IN ('0','3','B','C') [1][0] OK
C:[07/08/2014 12:14:14.75][87.233.219.58][1136] SELECT pre_cod_asig1,pre_cod_asig2,pre_cod_asig3,pre_cod_asig4,pre_cod_asig5,pre_cod_asig6,pre_cod_asig7 FROM tblaca009 WHERE pensum='5' AND c_uni_ca='3' AND c_asigna='315671' [1][0] OK
C:[07/08/2014 12:14:14.75][87.233.219.58][1149] SELECT c_asigna FROM dace004 WHERE exp_e='10-19858191' AND c_asigna='315552' AND status IN ('0','3','B','C') [1][0] OK
C:[07/08/2014 12:14:15.75][87.233.219.58][1180] SELECT par_cod_asig1,par_cod_asig2,par_cod_asig3 FROM tblaca009 WHERE pensum='5' AND c_uni_ca='3' AND c_asigna='311551' [1][0] OK
C:[07/08/2014 12:14:15.75][87.233.219.58][1180] SELECT par_cod_asig1,par_cod_asig2,par_cod_asig3 FROM tblaca009 WHERE pensum='5' AND c_uni_ca='3' AND c_asigna='311556' [1][0] OK
C:[07/08/2014 12:14:15.75][87.233.219.58][1194] SELECT c_asigna FROM dace004 WHERE exp_e='10-19858191' AND c_asigna='311551' AND status IN ('0','3','B','C') [0][0] OK
C:[07/08/2014 12:14:15.75][87.233.219.58][1180] SELECT par_cod_asig1,par_cod_asig2,par_cod_asig3 FROM tblaca009 WHERE pensum='5' AND c_uni_ca='3' AND c_asigna='315671' [1][0] OK
C:[07/08/2014 12:14:15.27][87.233.219.58][1310] SELECT horas_lab FROM tblaca008 WHERE c_asigna='311551' AND horas_teoricas > 0 [1][0] OK
C:[07/08/2014 12:14:15.27][87.233.219.58][1310] SELECT horas_lab FROM tblaca008 WHERE c_asigna='311556' AND horas_teoricas > 0 [0][0] OK
C:[07/08/2014 12:14:15.27][87.233.219.58][1310] SELECT horas_lab FROM tblaca008 WHERE c_asigna='315671' AND horas_teoricas > 0 [1][0] OK
C:[07/08/2014 12:16:37.63][172.16.4.254][1136] SELECT pre_cod_asig1,pre_cod_asig2,pre_cod_asig3,pre_cod_asig4,pre_cod_asig5,pre_cod_asig6,pre_cod_asig7 FROM tblaca009 WHERE pensum='5' AND c_uni_ca='6' AND c_asigna='344613' [1][0] OK
C:[07/08/2014 12:16:37.63][172.16.4.254][1149] SELECT c_asigna FROM dace004 WHERE exp_e='08-20703853' AND c_asigna='344566' AND status IN ('0','3','B','C') [1][0] OK
C:[07/08/2014 12:16:37.63][172.16.4.254][1149] SELECT c_asigna FROM dace004 WHERE exp_e='08-20703853' AND c_asigna='300209' AND status IN ('0','3','B','C') [1][0] OK
C:[07/08/2014 12:16:37.63][172.16.4.254][1149] SELECT c_asigna FROM dace004 WHERE exp_e='08-20703853' AND c_asigna='300222' AND status IN ('0','3','B','C') [1][0] OK
C:[07/08/2014 12:16:37.63][172.16.4.254][1149] SELECT c_asigna FROM dace004 WHERE exp_e='08-20703853' AND c_asigna='300226' AND status IN ('0','3','B','C') [1][0] OK
C:[07/08/2014 12:16:37.63][172.16.4.254][1149] SELECT c_asigna FROM dace004 WHERE exp_e='08-20703853' AND c_asigna='300313' AND status IN ('0','3','B','C') [1][0] OK
C:[07/08/2014 12:16:37.63][172.16.4.254][1149] SELECT c_asigna FROM dace004 WHERE exp_e='08-20703853' AND c_asigna='300428' AND status IN ('0','3','B','C') [1][0] OK
C:[07/08/2014 12:16:37.63][172.16.4.254][1149] SELECT c_asigna FROM dace004 WHERE exp_e='08-20703853' AND c_asigna='300317' AND status IN ('0','3','B','C') [1][0] OK
C:[07/08/2014 12:16:37.63][172.16.4.254][1136] SELECT pre_cod_asig1,pre_cod_asig2,pre_cod_asig3,pre_cod_asig4,pre_cod_asig5,pre_cod_asig6,pre_cod_asig7 FROM tblaca009 WHERE pensum='5' AND c_uni_ca='6' AND c_asigna='344688' [1][0] OK
C:[07/08/2014 12:16:37.63][172.16.4.254][1149] SELECT c_asigna FROM dace004 WHERE exp_e='08-20703853' AND c_asigna='342567' AND status IN ('0','3','B','C') [1][0] OK
C:[07/08/2014 12:16:37.63][172.16.4.254][1149] SELECT c_asigna FROM dace004 WHERE exp_e='08-20703853' AND c_asigna='344565' AND status IN ('0','3','B','C') [1][0] OK
C:[07/08/2014 12:16:37.63][172.16.4.254][1136] SELECT pre_cod_asig1,pre_cod_asig2,pre_cod_asig3,pre_cod_asig4,pre_cod_asig5,pre_cod_asig6,pre_cod_asig7 FROM tblaca009 WHERE pensum='5' AND c_uni_ca='6' AND c_asigna='344689' [1][0] OK
C:[07/08/2014 12:16:37.63][172.16.4.254][1149] SELECT c_asigna FROM dace004 WHERE exp_e='08-20703853' AND c_asigna='344566' AND status IN ('0','3','B','C') [1][0] OK
C:[07/08/2014 12:16:37.63][172.16.4.254][1149] SELECT c_asigna FROM dace004 WHERE exp_e='08-20703853' AND c_asigna='300313' AND status IN ('0','3','B','C') [1][0] OK
C:[07/08/2014 12:16:37.94][172.16.4.254][1180] SELECT par_cod_asig1,par_cod_asig2,par_cod_asig3 FROM tblaca009 WHERE pensum='5' AND c_uni_ca='6' AND c_asigna='344613' [1][0] OK
C:[07/08/2014 12:16:37.94][172.16.4.254][1180] SELECT par_cod_asig1,par_cod_asig2,par_cod_asig3 FROM tblaca009 WHERE pensum='5' AND c_uni_ca='6' AND c_asigna='344688' [1][0] OK
C:[07/08/2014 12:16:37.94][172.16.4.254][1180] SELECT par_cod_asig1,par_cod_asig2,par_cod_asig3 FROM tblaca009 WHERE pensum='5' AND c_uni_ca='6' AND c_asigna='344689' [1][0] OK
C:[07/08/2014 12:16:37.33][172.16.4.254][1310] SELECT horas_lab FROM tblaca008 WHERE c_asigna='344613' AND horas_teoricas > 0 [1][0] OK
C:[07/08/2014 12:16:37.33][172.16.4.254][1310] SELECT horas_lab FROM tblaca008 WHERE c_asigna='344688' AND horas_teoricas > 0 [1][0] OK
C:[07/08/2014 12:16:37.33][172.16.4.254][1310] SELECT horas_lab FROM tblaca008 WHERE c_asigna='344689' AND horas_teoricas > 0 [1][0] OK
C:[07/08/2014 12:18:53.35][190.73.238.126][1136] SELECT pre_cod_asig1,pre_cod_asig2,pre_cod_asig3,pre_cod_asig4,pre_cod_asig5,pre_cod_asig6,pre_cod_asig7 FROM tblaca009 WHERE pensum='5' AND c_uni_ca='3' AND c_asigna='311673' [1][0] OK
C:[07/08/2014 12:18:53.35][190.73.238.126][1149] SELECT c_asigna FROM dace004 WHERE exp_e='09-18476070' AND c_asigna='311551' AND status IN ('0','3','B','C') [1][0] OK
C:[07/08/2014 12:18:53.35][190.73.238.126][1149] SELECT c_asigna FROM dace004 WHERE exp_e='09-18476070' AND c_asigna='311554' AND status IN ('0','3','B','C') [1][0] OK
C:[07/08/2014 12:18:53.35][190.73.238.126][1149] SELECT c_asigna FROM dace004 WHERE exp_e='09-18476070' AND c_asigna='311320' AND status IN ('0','3','B','C') [1][0] OK
C:[07/08/2014 12:18:53.35][190.73.238.126][1136] SELECT pre_cod_asig1,pre_cod_asig2,pre_cod_asig3,pre_cod_asig4,pre_cod_asig5,pre_cod_asig6,pre_cod_asig7 FROM tblaca009 WHERE pensum='5' AND c_uni_ca='3' AND c_asigna='311674' [1][0] OK
C:[07/08/2014 12:18:53.35][190.73.238.126][1149] SELECT c_asigna FROM dace004 WHERE exp_e='09-18476070' AND c_asigna='310548' AND status IN ('0','3','B','C') [1][0] OK
C:[07/08/2014 12:18:53.35][190.73.238.126][1149] SELECT c_asigna FROM dace004 WHERE exp_e='09-18476070' AND c_asigna='311551' AND status IN ('0','3','B','C') [1][0] OK
C:[07/08/2014 12:18:53.35][190.73.238.126][1149] SELECT c_asigna FROM dace004 WHERE exp_e='09-18476070' AND c_asigna='311320' AND status IN ('0','3','B','C') [1][0] OK
C:[07/08/2014 12:18:53.92][190.73.238.126][1180] SELECT par_cod_asig1,par_cod_asig2,par_cod_asig3 FROM tblaca009 WHERE pensum='5' AND c_uni_ca='3' AND c_asigna='311673' [1][0] OK
C:[07/08/2014 12:18:53.92][190.73.238.126][1180] SELECT par_cod_asig1,par_cod_asig2,par_cod_asig3 FROM tblaca009 WHERE pensum='5' AND c_uni_ca='3' AND c_asigna='311674' [1][0] OK
C:[07/08/2014 12:18:53.17][190.73.238.126][1310] SELECT horas_lab FROM tblaca008 WHERE c_asigna='311673' AND horas_teoricas > 0 [1][0] OK
C:[07/08/2014 12:18:53.17][190.73.238.126][1310] SELECT horas_lab FROM tblaca008 WHERE c_asigna='311674' AND horas_teoricas > 0 [1][0] OK
C:[07/08/2014 12:36:57.71][190.74.4.177][1136] SELECT pre_cod_asig1,pre_cod_asig2,pre_cod_asig3,pre_cod_asig4,pre_cod_asig5,pre_cod_asig6,pre_cod_asig7 FROM tblaca009 WHERE pensum='5' AND c_uni_ca='3' AND c_asigna='300113' [1][0] OK
C:[07/08/2014 12:36:57.71][190.74.4.177][1136] SELECT pre_cod_asig1,pre_cod_asig2,pre_cod_asig3,pre_cod_asig4,pre_cod_asig5,pre_cod_asig6,pre_cod_asig7 FROM tblaca009 WHERE pensum='5' AND c_uni_ca='3' AND c_asigna='300213' [1][0] OK
C:[07/08/2014 12:36:57.71][190.74.4.177][1149] SELECT c_asigna FROM dace004 WHERE exp_e='11-21497428' AND c_asigna='300101' AND status IN ('0','3','B','C') [1][0] OK
C:[07/08/2014 12:36:57.64][190.74.4.177][1180] SELECT par_cod_asig1,par_cod_asig2,par_cod_asig3 FROM tblaca009 WHERE pensum='5' AND c_uni_ca='3' AND c_asigna='300113' [1][0] OK
C:[07/08/2014 12:36:57.64][190.74.4.177][1194] SELECT c_asigna FROM dace004 WHERE exp_e='11-21497428' AND c_asigna='300013' AND status IN ('0','3','B','C') [1][0] OK
C:[07/08/2014 12:36:57.64][190.74.4.177][1180] SELECT par_cod_asig1,par_cod_asig2,par_cod_asig3 FROM tblaca009 WHERE pensum='5' AND c_uni_ca='3' AND c_asigna='300213' [1][0] OK
C:[07/08/2014 12:36:57.64][190.74.4.177][1194] SELECT c_asigna FROM dace004 WHERE exp_e='11-21497428' AND c_asigna='300209' AND status IN ('0','3','B','C') [1][0] OK
C:[07/08/2014 12:36:57.15][190.74.4.177][1310] SELECT horas_lab FROM tblaca008 WHERE c_asigna='300113' AND horas_teoricas > 0 [0][0] OK
C:[07/08/2014 12:36:57.15][190.74.4.177][1310] SELECT horas_lab FROM tblaca008 WHERE c_asigna='300213' AND horas_teoricas > 0 [1][0] OK
C:[07/08/2014 12:39:18.44][190.75.171.1][1136] SELECT pre_cod_asig1,pre_cod_asig2,pre_cod_asig3,pre_cod_asig4,pre_cod_asig5,pre_cod_asig6,pre_cod_asig7 FROM tblaca009 WHERE pensum='5' AND c_uni_ca='3' AND c_asigna='310548' [1][0] OK
C:[07/08/2014 12:39:18.44][190.75.171.1][1149] SELECT c_asigna FROM dace004 WHERE exp_e='05-18248843' AND c_asigna='300428' AND status IN ('0','3','B','C') [1][0] OK
C:[07/08/2014 12:39:18.44][190.75.171.1][1149] SELECT c_asigna FROM dace004 WHERE exp_e='05-18248843' AND c_asigna='300313' AND status IN ('0','3','B','C') [1][0] OK
C:[07/08/2014 12:39:18.44][190.75.171.1][1149] SELECT c_asigna FROM dace004 WHERE exp_e='05-18248843' AND c_asigna='300222' AND status IN ('0','3','B','C') [1][0] OK
C:[07/08/2014 12:39:18.44][190.75.171.1][1149] SELECT c_asigna FROM dace004 WHERE exp_e='05-18248843' AND c_asigna='300226' AND status IN ('0','3','B','C') [1][0] OK
C:[07/08/2014 12:39:18.44][190.75.171.1][1149] SELECT c_asigna FROM dace004 WHERE exp_e='05-18248843' AND c_asigna='300209' AND status IN ('0','3','B','C') [1][0] OK
C:[07/08/2014 12:39:18.44][190.75.171.1][1136] SELECT pre_cod_asig1,pre_cod_asig2,pre_cod_asig3,pre_cod_asig4,pre_cod_asig5,pre_cod_asig6,pre_cod_asig7 FROM tblaca009 WHERE pensum='5' AND c_uni_ca='3' AND c_asigna='311673' [1][0] OK
C:[07/08/2014 12:39:18.44][190.75.171.1][1149] SELECT c_asigna FROM dace004 WHERE exp_e='05-18248843' AND c_asigna='311551' AND status IN ('0','3','B','C') [1][0] OK
C:[07/08/2014 12:39:18.44][190.75.171.1][1149] SELECT c_asigna FROM dace004 WHERE exp_e='05-18248843' AND c_asigna='311554' AND status IN ('0','3','B','C') [1][0] OK
C:[07/08/2014 12:39:18.44][190.75.171.1][1149] SELECT c_asigna FROM dace004 WHERE exp_e='05-18248843' AND c_asigna='311320' AND status IN ('0','3','B','C') [1][0] OK
C:[07/08/2014 12:39:18.44][190.75.171.1][1136] SELECT pre_cod_asig1,pre_cod_asig2,pre_cod_asig3,pre_cod_asig4,pre_cod_asig5,pre_cod_asig6,pre_cod_asig7 FROM tblaca009 WHERE pensum='5' AND c_uni_ca='3' AND c_asigna='315671' [1][0] OK
C:[07/08/2014 12:39:18.44][190.75.171.1][1149] SELECT c_asigna FROM dace004 WHERE exp_e='05-18248843' AND c_asigna='315552' AND status IN ('0','3','B','C') [1][0] OK
C:[07/08/2014 12:39:18.06][190.75.171.1][1180] SELECT par_cod_asig1,par_cod_asig2,par_cod_asig3 FROM tblaca009 WHERE pensum='5' AND c_uni_ca='3' AND c_asigna='310548' [1][0] OK
C:[07/08/2014 12:39:18.06][190.75.171.1][1180] SELECT par_cod_asig1,par_cod_asig2,par_cod_asig3 FROM tblaca009 WHERE pensum='5' AND c_uni_ca='3' AND c_asigna='311673' [1][0] OK
C:[07/08/2014 12:39:18.06][190.75.171.1][1180] SELECT par_cod_asig1,par_cod_asig2,par_cod_asig3 FROM tblaca009 WHERE pensum='5' AND c_uni_ca='3' AND c_asigna='315671' [1][0] OK
C:[07/08/2014 12:39:18.45][190.75.171.1][1310] SELECT horas_lab FROM tblaca008 WHERE c_asigna='310548' AND horas_teoricas > 0 [1][0] OK
C:[07/08/2014 12:39:18.45][190.75.171.1][1310] SELECT horas_lab FROM tblaca008 WHERE c_asigna='311673' AND horas_teoricas > 0 [1][0] OK
C:[07/08/2014 12:39:18.45][190.75.171.1][1310] SELECT horas_lab FROM tblaca008 WHERE c_asigna='315671' AND horas_teoricas > 0 [1][0] OK
C:[07/08/2014 12:46:59.77][190.200.25.53][1136] SELECT pre_cod_asig1,pre_cod_asig2,pre_cod_asig3,pre_cod_asig4,pre_cod_asig5,pre_cod_asig6,pre_cod_asig7 FROM tblaca009 WHERE pensum='5' AND c_uni_ca='3' AND c_asigna='311551' [1][0] OK
C:[07/08/2014 12:46:59.77][190.200.25.53][1149] SELECT c_asigna FROM dace004 WHERE exp_e='09-20702533' AND c_asigna='311430' AND status IN ('0','3','B','C') [1][0] OK
C:[07/08/2014 12:46:59.77][190.200.25.53][1149] SELECT c_asigna FROM dace004 WHERE exp_e='09-20702533' AND c_asigna='311431' AND status IN ('0','3','B','C') [1][0] OK
C:[07/08/2014 12:46:59.77][190.200.25.53][1149] SELECT c_asigna FROM dace004 WHERE exp_e='09-20702533' AND c_asigna='300222' AND status IN ('0','3','B','C') [1][0] OK
C:[07/08/2014 12:46:59.77][190.200.25.53][1149] SELECT c_asigna FROM dace004 WHERE exp_e='09-20702533' AND c_asigna='300226' AND status IN ('0','3','B','C') [1][0] OK
C:[07/08/2014 12:46:59.77][190.200.25.53][1149] SELECT c_asigna FROM dace004 WHERE exp_e='09-20702533' AND c_asigna='300209' AND status IN ('0','3','B','C') [1][0] OK
C:[07/08/2014 12:46:59.77][190.200.25.53][1149] SELECT c_asigna FROM dace004 WHERE exp_e='09-20702533' AND c_asigna='311320' AND status IN ('0','3','B','C') [1][0] OK
C:[07/08/2014 12:46:59.76][190.200.25.53][1180] SELECT par_cod_asig1,par_cod_asig2,par_cod_asig3 FROM tblaca009 WHERE pensum='5' AND c_uni_ca='3' AND c_asigna='311551' [1][0] OK
C:[07/08/2014 12:46:59.90][190.200.25.53][1310] SELECT horas_lab FROM tblaca008 WHERE c_asigna='311551' AND horas_teoricas > 0 [1][0] OK
C:[07/08/2014 12:56:20.57][190.77.192.162][1136] SELECT pre_cod_asig1,pre_cod_asig2,pre_cod_asig3,pre_cod_asig4,pre_cod_asig5,pre_cod_asig6,pre_cod_asig7 FROM tblaca009 WHERE pensum='5' AND c_uni_ca='2' AND c_asigna='300228' [1][0] OK
C:[07/08/2014 12:56:20.57][190.77.192.162][1149] SELECT c_asigna FROM dace004 WHERE exp_e='09-20740816' AND c_asigna='300101' AND status IN ('0','3','B','C') [1][0] OK
C:[07/08/2014 12:56:20.95][190.77.192.162][1180] SELECT par_cod_asig1,par_cod_asig2,par_cod_asig3 FROM tblaca009 WHERE pensum='5' AND c_uni_ca='2' AND c_asigna='300228' [1][0] OK
C:[07/08/2014 12:56:20.08][190.77.192.162][1310] SELECT horas_lab FROM tblaca008 WHERE c_asigna='300228' AND horas_teoricas > 0 [1][0] OK
C:[07/08/2014 13:14:25.70][190.74.181.6][1136] SELECT pre_cod_asig1,pre_cod_asig2,pre_cod_asig3,pre_cod_asig4,pre_cod_asig5,pre_cod_asig6,pre_cod_asig7 FROM tblaca009 WHERE pensum='5' AND c_uni_ca='3' AND c_asigna='300870' [1][0] OK
C:[07/08/2014 13:14:25.70][190.74.181.6][1136] SELECT pre_cod_asig1,pre_cod_asig2,pre_cod_asig3,pre_cod_asig4,pre_cod_asig5,pre_cod_asig6,pre_cod_asig7 FROM tblaca009 WHERE pensum='5' AND c_uni_ca='3' AND c_asigna='311934' [1][0] OK
C:[07/08/2014 13:14:25.70][190.74.181.6][1149] SELECT c_asigna FROM dace004 WHERE exp_e='09-21513038' AND c_asigna='311826' AND status IN ('0','3','B','C') [1][0] OK
C:[07/08/2014 13:14:25.70][190.74.181.6][1149] SELECT c_asigna FROM dace004 WHERE exp_e='09-21513038' AND c_asigna='311827' AND status IN ('0','3','B','C') [1][0] OK
C:[07/08/2014 13:14:25.70][190.74.181.6][1136] SELECT pre_cod_asig1,pre_cod_asig2,pre_cod_asig3,pre_cod_asig4,pre_cod_asig5,pre_cod_asig6,pre_cod_asig7 FROM tblaca009 WHERE pensum='5' AND c_uni_ca='3' AND c_asigna='311986' [1][0] OK
C:[07/08/2014 13:14:25.70][190.74.181.6][1149] SELECT c_asigna FROM dace004 WHERE exp_e='09-21513038' AND c_asigna='311825' AND status IN ('0','3','B','C') [1][0] OK
C:[07/08/2014 13:14:25.58][190.74.181.6][1180] SELECT par_cod_asig1,par_cod_asig2,par_cod_asig3 FROM tblaca009 WHERE pensum='5' AND c_uni_ca='3' AND c_asigna='300870' [1][0] OK
C:[07/08/2014 13:14:25.58][190.74.181.6][1180] SELECT par_cod_asig1,par_cod_asig2,par_cod_asig3 FROM tblaca009 WHERE pensum='5' AND c_uni_ca='3' AND c_asigna='311934' [1][0] OK
C:[07/08/2014 13:14:25.58][190.74.181.6][1180] SELECT par_cod_asig1,par_cod_asig2,par_cod_asig3 FROM tblaca009 WHERE pensum='5' AND c_uni_ca='3' AND c_asigna='311986' [1][0] OK
C:[07/08/2014 13:14:26.97][190.74.181.6][1310] SELECT horas_lab FROM tblaca008 WHERE c_asigna='300870' AND horas_teoricas > 0 [1][0] OK
C:[07/08/2014 13:14:26.97][190.74.181.6][1310] SELECT horas_lab FROM tblaca008 WHERE c_asigna='311934' AND horas_teoricas > 0 [1][0] OK
C:[07/08/2014 13:14:26.97][190.74.181.6][1310] SELECT horas_lab FROM tblaca008 WHERE c_asigna='311986' AND horas_teoricas > 0 [1][0] OK
C:[07/08/2014 13:22:32.19][190.73.239.207][1136] SELECT pre_cod_asig1,pre_cod_asig2,pre_cod_asig3,pre_cod_asig4,pre_cod_asig5,pre_cod_asig6,pre_cod_asig7 FROM tblaca009 WHERE pensum='5' AND c_uni_ca='3' AND c_asigna='311094' [1][0] OK
C:[07/08/2014 13:22:32.19][190.73.239.207][1149] SELECT c_asigna FROM dace004 WHERE exp_e='02-11820740' AND c_asigna='311822' AND status IN ('0','3','B','C') [1][0] OK
C:[07/08/2014 13:22:32.19][190.73.239.207][1149] SELECT c_asigna FROM dace004 WHERE exp_e='02-11820740' AND c_asigna='311823' AND status IN ('0','3','B','C') [1][0] OK
C:[07/08/2014 13:22:33.69][190.73.239.207][1180] SELECT par_cod_asig1,par_cod_asig2,par_cod_asig3 FROM tblaca009 WHERE pensum='5' AND c_uni_ca='3' AND c_asigna='311094' [1][0] OK
C:[07/08/2014 13:22:33.82][190.73.239.207][1310] SELECT horas_lab FROM tblaca008 WHERE c_asigna='311094' AND horas_teoricas > 0 [1][0] OK
C:[07/08/2014 13:27:48.42][190.204.69.38][1136] SELECT pre_cod_asig1,pre_cod_asig2,pre_cod_asig3,pre_cod_asig4,pre_cod_asig5,pre_cod_asig6,pre_cod_asig7 FROM tblaca009 WHERE pensum='5' AND c_uni_ca='6' AND c_asigna='300207' [1][0] OK
C:[07/08/2014 13:27:48.42][190.204.69.38][1149] SELECT c_asigna FROM dace004 WHERE exp_e='12-25436592' AND c_asigna='300101' AND status IN ('0','3','B','C') [1][0] OK
C:[07/08/2014 13:27:48.42][190.204.69.38][1136] SELECT pre_cod_asig1,pre_cod_asig2,pre_cod_asig3,pre_cod_asig4,pre_cod_asig5,pre_cod_asig6,pre_cod_asig7 FROM tblaca009 WHERE pensum='5' AND c_uni_ca='6' AND c_asigna='300213' [1][0] OK
C:[07/08/2014 13:27:48.42][190.204.69.38][1149] SELECT c_asigna FROM dace004 WHERE exp_e='12-25436592' AND c_asigna='300101' AND status IN ('0','3','B','C') [1][0] OK
C:[07/08/2014 13:27:48.06][190.204.69.38][1180] SELECT par_cod_asig1,par_cod_asig2,par_cod_asig3 FROM tblaca009 WHERE pensum='5' AND c_uni_ca='6' AND c_asigna='300207' [1][0] OK
C:[07/08/2014 13:27:48.06][190.204.69.38][1180] SELECT par_cod_asig1,par_cod_asig2,par_cod_asig3 FROM tblaca009 WHERE pensum='5' AND c_uni_ca='6' AND c_asigna='300213' [1][0] OK
C:[07/08/2014 13:27:48.06][190.204.69.38][1194] SELECT c_asigna FROM dace004 WHERE exp_e='12-25436592' AND c_asigna='300209' AND status IN ('0','3','B','C') [1][0] OK
C:[07/08/2014 13:27:48.43][190.204.69.38][1310] SELECT horas_lab FROM tblaca008 WHERE c_asigna='300207' AND horas_teoricas > 0 [1][0] OK
C:[07/08/2014 13:27:48.43][190.204.69.38][1310] SELECT horas_lab FROM tblaca008 WHERE c_asigna='300213' AND horas_teoricas > 0 [1][0] OK
C:[07/08/2014 13:39:08.33][190.204.69.38][1136] SELECT pre_cod_asig1,pre_cod_asig2,pre_cod_asig3,pre_cod_asig4,pre_cod_asig5,pre_cod_asig6,pre_cod_asig7 FROM tblaca009 WHERE pensum='5' AND c_uni_ca='4' AND c_asigna='300112' [1][0] OK
C:[07/08/2014 13:39:08.33][190.204.69.38][1136] SELECT pre_cod_asig1,pre_cod_asig2,pre_cod_asig3,pre_cod_asig4,pre_cod_asig5,pre_cod_asig6,pre_cod_asig7 FROM tblaca009 WHERE pensum='5' AND c_uni_ca='4' AND c_asigna='300101' [1][0] OK
C:[07/08/2014 13:39:08.70][190.204.69.38][1180] SELECT par_cod_asig1,par_cod_asig2,par_cod_asig3 FROM tblaca009 WHERE pensum='5' AND c_uni_ca='4' AND c_asigna='300112' [1][0] OK
C:[07/08/2014 13:39:08.70][190.204.69.38][1180] SELECT par_cod_asig1,par_cod_asig2,par_cod_asig3 FROM tblaca009 WHERE pensum='5' AND c_uni_ca='4' AND c_asigna='300101' [1][0] OK
C:[07/08/2014 13:39:08.95][190.204.69.38][1310] SELECT horas_lab FROM tblaca008 WHERE c_asigna='300112' AND horas_teoricas > 0 [1][0] OK
C:[07/08/2014 14:02:14.37][190.199.80.77][1136] SELECT pre_cod_asig1,pre_cod_asig2,pre_cod_asig3,pre_cod_asig4,pre_cod_asig5,pre_cod_asig6,pre_cod_asig7 FROM tblaca009 WHERE pensum='5' AND c_uni_ca='4' AND c_asigna='333639' [1][0] OK
C:[07/08/2014 14:02:14.37][190.199.80.77][1149] SELECT c_asigna FROM dace004 WHERE exp_e='02-17040098' AND c_asigna='333585' AND status IN ('0','3','B','C') [1][0] OK
C:[07/08/2014 14:02:14.37][190.199.80.77][1136] SELECT pre_cod_asig1,pre_cod_asig2,pre_cod_asig3,pre_cod_asig4,pre_cod_asig5,pre_cod_asig6,pre_cod_asig7 FROM tblaca009 WHERE pensum='5' AND c_uni_ca='4' AND c_asigna='333782' [1][0] OK
C:[07/08/2014 14:02:14.37][190.199.80.77][1149] SELECT c_asigna FROM dace004 WHERE exp_e='02-17040098' AND c_asigna='333606' AND status IN ('0','3','B','C') [1][0] OK
C:[07/08/2014 14:02:15.98][190.199.80.77][1180] SELECT par_cod_asig1,par_cod_asig2,par_cod_asig3 FROM tblaca009 WHERE pensum='5' AND c_uni_ca='4' AND c_asigna='333639' [1][0] OK
C:[07/08/2014 14:02:15.98][190.199.80.77][1180] SELECT par_cod_asig1,par_cod_asig2,par_cod_asig3 FROM tblaca009 WHERE pensum='5' AND c_uni_ca='4' AND c_asigna='333782' [1][0] OK
C:[07/08/2014 14:02:15.25][190.199.80.77][1310] SELECT horas_lab FROM tblaca008 WHERE c_asigna='333639' AND horas_teoricas > 0 [1][0] OK
C:[07/08/2014 14:02:15.25][190.199.80.77][1310] SELECT horas_lab FROM tblaca008 WHERE c_asigna='333782' AND horas_teoricas > 0 [1][0] OK
C:[07/08/2014 14:05:00.12][190.199.80.77][1136] SELECT pre_cod_asig1,pre_cod_asig2,pre_cod_asig3,pre_cod_asig4,pre_cod_asig5,pre_cod_asig6,pre_cod_asig7 FROM tblaca009 WHERE pensum='5' AND c_uni_ca='4' AND c_asigna='333639' [1][0] OK
C:[07/08/2014 14:05:00.12][190.199.80.77][1149] SELECT c_asigna FROM dace004 WHERE exp_e='02-17040098' AND c_asigna='333585' AND status IN ('0','3','B','C') [1][0] OK
C:[07/08/2014 14:05:00.12][190.199.80.77][1136] SELECT pre_cod_asig1,pre_cod_asig2,pre_cod_asig3,pre_cod_asig4,pre_cod_asig5,pre_cod_asig6,pre_cod_asig7 FROM tblaca009 WHERE pensum='5' AND c_uni_ca='4' AND c_asigna='333782' [1][0] OK
C:[07/08/2014 14:05:00.12][190.199.80.77][1149] SELECT c_asigna FROM dace004 WHERE exp_e='02-17040098' AND c_asigna='333606' AND status IN ('0','3','B','C') [1][0] OK
C:[07/08/2014 14:05:00.74][190.199.80.77][1180] SELECT par_cod_asig1,par_cod_asig2,par_cod_asig3 FROM tblaca009 WHERE pensum='5' AND c_uni_ca='4' AND c_asigna='333639' [1][0] OK
C:[07/08/2014 14:05:00.74][190.199.80.77][1180] SELECT par_cod_asig1,par_cod_asig2,par_cod_asig3 FROM tblaca009 WHERE pensum='5' AND c_uni_ca='4' AND c_asigna='333782' [1][0] OK
C:[07/08/2014 14:05:01.01][190.199.80.77][1310] SELECT horas_lab FROM tblaca008 WHERE c_asigna='333639' AND horas_teoricas > 0 [1][0] OK
C:[07/08/2014 14:05:01.01][190.199.80.77][1310] SELECT horas_lab FROM tblaca008 WHERE c_asigna='333782' AND horas_teoricas > 0 [1][0] OK
C:[07/08/2014 14:09:00.97][190.206.255.7][1136] SELECT pre_cod_asig1,pre_cod_asig2,pre_cod_asig3,pre_cod_asig4,pre_cod_asig5,pre_cod_asig6,pre_cod_asig7 FROM tblaca009 WHERE pensum='5' AND c_uni_ca='3' AND c_asigna='311934' [1][0] OK
C:[07/08/2014 14:09:00.97][190.206.255.7][1149] SELECT c_asigna FROM dace004 WHERE exp_e='09-20020278' AND c_asigna='311826' AND status IN ('0','3','B','C') [1][0] OK
C:[07/08/2014 14:09:00.97][190.206.255.7][1149] SELECT c_asigna FROM dace004 WHERE exp_e='09-20020278' AND c_asigna='311827' AND status IN ('0','3','B','C') [1][0] OK
C:[07/08/2014 14:09:00.47][190.206.255.7][1180] SELECT par_cod_asig1,par_cod_asig2,par_cod_asig3 FROM tblaca009 WHERE pensum='5' AND c_uni_ca='3' AND c_asigna='311934' [1][0] OK
C:[07/08/2014 14:09:00.60][190.206.255.7][1310] SELECT horas_lab FROM tblaca008 WHERE c_asigna='311934' AND horas_teoricas > 0 [1][0] OK
C:[07/08/2014 14:16:46.82][190.206.86.106][1136] SELECT pre_cod_asig1,pre_cod_asig2,pre_cod_asig3,pre_cod_asig4,pre_cod_asig5,pre_cod_asig6,pre_cod_asig7 FROM tblaca009 WHERE pensum='5' AND c_uni_ca='3' AND c_asigna='311094' [1][0] OK
C:[07/08/2014 14:16:46.82][190.206.86.106][1149] SELECT c_asigna FROM dace004 WHERE exp_e='09-20806153' AND c_asigna='311822' AND status IN ('0','3','B','C') [1][0] OK
C:[07/08/2014 14:16:46.82][190.206.86.106][1149] SELECT c_asigna FROM dace004 WHERE exp_e='09-20806153' AND c_asigna='311823' AND status IN ('0','3','B','C') [1][0] OK
C:[07/08/2014 14:16:46.82][190.206.86.106][1136] SELECT pre_cod_asig1,pre_cod_asig2,pre_cod_asig3,pre_cod_asig4,pre_cod_asig5,pre_cod_asig6,pre_cod_asig7 FROM tblaca009 WHERE pensum='5' AND c_uni_ca='3' AND c_asigna='311934' [1][0] OK
C:[07/08/2014 14:16:46.82][190.206.86.106][1149] SELECT c_asigna FROM dace004 WHERE exp_e='09-20806153' AND c_asigna='311826' AND status IN ('0','3','B','C') [1][0] OK
C:[07/08/2014 14:16:46.82][190.206.86.106][1149] SELECT c_asigna FROM dace004 WHERE exp_e='09-20806153' AND c_asigna='311827' AND status IN ('0','3','B','C') [1][0] OK
C:[07/08/2014 14:16:47.13][190.206.86.106][1180] SELECT par_cod_asig1,par_cod_asig2,par_cod_asig3 FROM tblaca009 WHERE pensum='5' AND c_uni_ca='3' AND c_asigna='311094' [1][0] OK
C:[07/08/2014 14:16:47.13][190.206.86.106][1180] SELECT par_cod_asig1,par_cod_asig2,par_cod_asig3 FROM tblaca009 WHERE pensum='5' AND c_uni_ca='3' AND c_asigna='311934' [1][0] OK
C:[07/08/2014 14:16:47.39][190.206.86.106][1310] SELECT horas_lab FROM tblaca008 WHERE c_asigna='311094' AND horas_teoricas > 0 [1][0] OK
C:[07/08/2014 14:16:47.39][190.206.86.106][1310] SELECT horas_lab FROM tblaca008 WHERE c_asigna='311934' AND horas_teoricas > 0 [1][0] OK
C:[07/08/2014 14:31:59.12][190.204.69.38][1136] SELECT pre_cod_asig1,pre_cod_asig2,pre_cod_asig3,pre_cod_asig4,pre_cod_asig5,pre_cod_asig6,pre_cod_asig7 FROM tblaca009 WHERE pensum='5' AND c_uni_ca='6' AND c_asigna='300013' [1][0] OK
C:[07/08/2014 14:31:59.12][190.204.69.38][1136] SELECT pre_cod_asig1,pre_cod_asig2,pre_cod_asig3,pre_cod_asig4,pre_cod_asig5,pre_cod_asig6,pre_cod_asig7 FROM tblaca009 WHERE pensum='5' AND c_uni_ca='6' AND c_asigna='300101' [1][0] OK
C:[07/08/2014 14:31:59.49][190.204.69.38][1180] SELECT par_cod_asig1,par_cod_asig2,par_cod_asig3 FROM tblaca009 WHERE pensum='5' AND c_uni_ca='6' AND c_asigna='300013' [1][0] OK
C:[07/08/2014 14:31:59.49][190.204.69.38][1180] SELECT par_cod_asig1,par_cod_asig2,par_cod_asig3 FROM tblaca009 WHERE pensum='5' AND c_uni_ca='6' AND c_asigna='300101' [1][0] OK
C:[07/08/2014 14:31:59.75][190.204.69.38][1310] SELECT horas_lab FROM tblaca008 WHERE c_asigna='300013' AND horas_teoricas > 0 [1][0] OK
C:[07/08/2014 14:31:59.75][190.204.69.38][1310] SELECT horas_lab FROM tblaca008 WHERE c_asigna='300101' AND horas_teoricas > 0 [1][0] OK
C:[07/08/2014 14:35:57.41][190.204.69.38][1136] SELECT pre_cod_asig1,pre_cod_asig2,pre_cod_asig3,pre_cod_asig4,pre_cod_asig5,pre_cod_asig6,pre_cod_asig7 FROM tblaca009 WHERE pensum='5' AND c_uni_ca='6' AND c_asigna='300013' [1][0] OK
C:[07/08/2014 14:35:57.41][190.204.69.38][1136] SELECT pre_cod_asig1,pre_cod_asig2,pre_cod_asig3,pre_cod_asig4,pre_cod_asig5,pre_cod_asig6,pre_cod_asig7 FROM tblaca009 WHERE pensum='5' AND c_uni_ca='6' AND c_asigna='300101' [1][0] OK
C:[07/08/2014 14:35:57.79][190.204.69.38][1180] SELECT par_cod_asig1,par_cod_asig2,par_cod_asig3 FROM tblaca009 WHERE pensum='5' AND c_uni_ca='6' AND c_asigna='300013' [1][0] OK
C:[07/08/2014 14:35:57.79][190.204.69.38][1180] SELECT par_cod_asig1,par_cod_asig2,par_cod_asig3 FROM tblaca009 WHERE pensum='5' AND c_uni_ca='6' AND c_asigna='300101' [1][0] OK
C:[07/08/2014 14:35:57.05][190.204.69.38][1310] SELECT horas_lab FROM tblaca008 WHERE c_asigna='300013' AND horas_teoricas > 0 [1][0] OK
C:[07/08/2014 14:35:57.05][190.204.69.38][1310] SELECT horas_lab FROM tblaca008 WHERE c_asigna='300101' AND horas_teoricas > 0 [1][0] OK
C:[07/08/2014 14:49:27.63][190.39.7.219][1136] SELECT pre_cod_asig1,pre_cod_asig2,pre_cod_asig3,pre_cod_asig4,pre_cod_asig5,pre_cod_asig6,pre_cod_asig7 FROM tblaca009 WHERE pensum='5' AND c_uni_ca='3' AND c_asigna='311556' [1][0] OK
C:[07/08/2014 14:49:27.63][190.39.7.219][1149] SELECT c_asigna FROM dace004 WHERE exp_e='07-20207701' AND c_asigna='311434' AND status IN ('0','3','B','C') [1][0] OK
C:[07/08/2014 14:49:27.63][190.39.7.219][1149] SELECT c_asigna FROM dace004 WHERE exp_e='07-20207701' AND c_asigna='311430' AND status IN ('0','3','B','C') [1][0] OK
C:[07/08/2014 14:49:27.63][190.39.7.219][1149] SELECT c_asigna FROM dace004 WHERE exp_e='07-20207701' AND c_asigna='300222' AND status IN ('0','3','B','C') [1][0] OK
C:[07/08/2014 14:49:27.63][190.39.7.219][1149] SELECT c_asigna FROM dace004 WHERE exp_e='07-20207701' AND c_asigna='300226' AND status IN ('0','3','B','C') [1][0] OK
C:[07/08/2014 14:49:27.63][190.39.7.219][1149] SELECT c_asigna FROM dace004 WHERE exp_e='07-20207701' AND c_asigna='300209' AND status IN ('0','3','B','C') [1][0] OK
C:[07/08/2014 14:49:27.63][190.39.7.219][1136] SELECT pre_cod_asig1,pre_cod_asig2,pre_cod_asig3,pre_cod_asig4,pre_cod_asig5,pre_cod_asig6,pre_cod_asig7 FROM tblaca009 WHERE pensum='5' AND c_uni_ca='3' AND c_asigna='310548' [1][0] OK
C:[07/08/2014 14:49:27.63][190.39.7.219][1149] SELECT c_asigna FROM dace004 WHERE exp_e='07-20207701' AND c_asigna='300428' AND status IN ('0','3','B','C') [1][0] OK
C:[07/08/2014 14:49:27.63][190.39.7.219][1149] SELECT c_asigna FROM dace004 WHERE exp_e='07-20207701' AND c_asigna='300313' AND status IN ('0','3','B','C') [1][0] OK
C:[07/08/2014 14:49:27.63][190.39.7.219][1149] SELECT c_asigna FROM dace004 WHERE exp_e='07-20207701' AND c_asigna='300222' AND status IN ('0','3','B','C') [1][0] OK
C:[07/08/2014 14:49:27.63][190.39.7.219][1149] SELECT c_asigna FROM dace004 WHERE exp_e='07-20207701' AND c_asigna='300226' AND status IN ('0','3','B','C') [1][0] OK
C:[07/08/2014 14:49:27.63][190.39.7.219][1149] SELECT c_asigna FROM dace004 WHERE exp_e='07-20207701' AND c_asigna='300209' AND status IN ('0','3','B','C') [1][0] OK
C:[07/08/2014 14:49:27.63][190.39.7.219][1136] SELECT pre_cod_asig1,pre_cod_asig2,pre_cod_asig3,pre_cod_asig4,pre_cod_asig5,pre_cod_asig6,pre_cod_asig7 FROM tblaca009 WHERE pensum='5' AND c_uni_ca='3' AND c_asigna='311704' [1][0] OK
C:[07/08/2014 14:49:27.63][190.39.7.219][1149] SELECT c_asigna FROM dace004 WHERE exp_e='07-20207701' AND c_asigna='315671' AND status IN ('0','3','B','C') [1][0] OK
C:[07/08/2014 14:49:28.50][190.39.7.219][1180] SELECT par_cod_asig1,par_cod_asig2,par_cod_asig3 FROM tblaca009 WHERE pensum='5' AND c_uni_ca='3' AND c_asigna='311556' [1][0] OK
C:[07/08/2014 14:49:28.50][190.39.7.219][1194] SELECT c_asigna FROM dace004 WHERE exp_e='07-20207701' AND c_asigna='311551' AND status IN ('0','3','B','C') [1][0] OK
C:[07/08/2014 14:49:28.50][190.39.7.219][1180] SELECT par_cod_asig1,par_cod_asig2,par_cod_asig3 FROM tblaca009 WHERE pensum='5' AND c_uni_ca='3' AND c_asigna='310548' [1][0] OK
C:[07/08/2014 14:49:28.50][190.39.7.219][1180] SELECT par_cod_asig1,par_cod_asig2,par_cod_asig3 FROM tblaca009 WHERE pensum='5' AND c_uni_ca='3' AND c_asigna='311704' [1][0] OK
C:[07/08/2014 14:49:28.01][190.39.7.219][1310] SELECT horas_lab FROM tblaca008 WHERE c_asigna='311556' AND horas_teoricas > 0 [0][0] OK
C:[07/08/2014 14:49:28.01][190.39.7.219][1310] SELECT horas_lab FROM tblaca008 WHERE c_asigna='310548' AND horas_teoricas > 0 [1][0] OK
C:[07/08/2014 14:49:28.01][190.39.7.219][1310] SELECT horas_lab FROM tblaca008 WHERE c_asigna='311704' AND horas_teoricas > 0 [1][0] OK
C:[07/08/2014 15:02:18.43][190.200.29.125][1136] SELECT pre_cod_asig1,pre_cod_asig2,pre_cod_asig3,pre_cod_asig4,pre_cod_asig5,pre_cod_asig6,pre_cod_asig7 FROM tblaca009 WHERE pensum='5' AND c_uni_ca='5' AND c_asigna='300013' [1][0] OK
C:[07/08/2014 15:02:18.43][190.200.29.125][1136] SELECT pre_cod_asig1,pre_cod_asig2,pre_cod_asig3,pre_cod_asig4,pre_cod_asig5,pre_cod_asig6,pre_cod_asig7 FROM tblaca009 WHERE pensum='5' AND c_uni_ca='5' AND c_asigna='300101' [1][0] OK
C:[07/08/2014 15:02:18.43][190.200.29.125][1136] SELECT pre_cod_asig1,pre_cod_asig2,pre_cod_asig3,pre_cod_asig4,pre_cod_asig5,pre_cod_asig6,pre_cod_asig7 FROM tblaca009 WHERE pensum='5' AND c_uni_ca='5' AND c_asigna='300113' [1][0] OK
C:[07/08/2014 15:02:18.37][190.200.29.125][1180] SELECT par_cod_asig1,par_cod_asig2,par_cod_asig3 FROM tblaca009 WHERE pensum='5' AND c_uni_ca='5' AND c_asigna='300013' [1][0] OK
C:[07/08/2014 15:02:18.37][190.200.29.125][1180] SELECT par_cod_asig1,par_cod_asig2,par_cod_asig3 FROM tblaca009 WHERE pensum='5' AND c_uni_ca='5' AND c_asigna='300101' [1][0] OK
C:[07/08/2014 15:02:18.37][190.200.29.125][1180] SELECT par_cod_asig1,par_cod_asig2,par_cod_asig3 FROM tblaca009 WHERE pensum='5' AND c_uni_ca='5' AND c_asigna='300113' [1][0] OK
C:[07/08/2014 15:02:18.37][190.200.29.125][1194] SELECT c_asigna FROM dace004 WHERE exp_e='13-25935002' AND c_asigna='300013' AND status IN ('0','3','B','C') [0][0] OK
C:[07/08/2014 15:02:18.87][190.200.29.125][1310] SELECT horas_lab FROM tblaca008 WHERE c_asigna='300013' AND horas_teoricas > 0 [1][0] OK
C:[07/08/2014 15:02:18.87][190.200.29.125][1310] SELECT horas_lab FROM tblaca008 WHERE c_asigna='300101' AND horas_teoricas > 0 [1][0] OK
C:[07/08/2014 15:02:18.87][190.200.29.125][1310] SELECT horas_lab FROM tblaca008 WHERE c_asigna='300113' AND horas_teoricas > 0 [0][0] OK
C:[07/08/2014 15:04:10.04][190.198.180.121][1136] SELECT pre_cod_asig1,pre_cod_asig2,pre_cod_asig3,pre_cod_asig4,pre_cod_asig5,pre_cod_asig6,pre_cod_asig7 FROM tblaca009 WHERE pensum='5' AND c_uni_ca='5' AND c_asigna='355691' [1][0] OK
C:[07/08/2014 15:04:10.04][190.198.180.121][1149] SELECT c_asigna FROM dace004 WHERE exp_e='08-19803417' AND c_asigna='355571' AND status IN ('0','3','B','C') [1][0] OK
C:[07/08/2014 15:04:10.85][190.198.180.121][1180] SELECT par_cod_asig1,par_cod_asig2,par_cod_asig3 FROM tblaca009 WHERE pensum='5' AND c_uni_ca='5' AND c_asigna='355691' [1][0] OK
C:[07/08/2014 15:04:10.99][190.198.180.121][1310] SELECT horas_lab FROM tblaca008 WHERE c_asigna='355691' AND horas_teoricas > 0 [1][0] OK
C:[07/08/2014 16:31:01.44][201.243.126.212][1136] SELECT pre_cod_asig1,pre_cod_asig2,pre_cod_asig3,pre_cod_asig4,pre_cod_asig5,pre_cod_asig6,pre_cod_asig7 FROM tblaca009 WHERE pensum='5' AND c_uni_ca='3' AND c_asigna='311795' [1][0] OK
C:[07/08/2014 16:31:01.44][201.243.126.212][1149] SELECT c_asigna FROM dace004 WHERE exp_e='09-20805356' AND c_asigna='311674' AND status IN ('0','3','B','C') [1][0] OK
C:[07/08/2014 16:31:01.44][201.243.126.212][1149] SELECT c_asigna FROM dace004 WHERE exp_e='09-20805356' AND c_asigna='311673' AND status IN ('0','3','B','C') [1][0] OK
C:[07/08/2014 16:31:01.44][201.243.126.212][1136] SELECT pre_cod_asig1,pre_cod_asig2,pre_cod_asig3,pre_cod_asig4,pre_cod_asig5,pre_cod_asig6,pre_cod_asig7 FROM tblaca009 WHERE pensum='5' AND c_uni_ca='3' AND c_asigna='311824' [1][0] OK
C:[07/08/2014 16:31:01.44][201.243.126.212][1149] SELECT c_asigna FROM dace004 WHERE exp_e='09-20805356' AND c_asigna='311796' AND status IN ('0','3','B','C') [1][0] OK
C:[07/08/2014 16:31:01.44][201.243.126.212][1149] SELECT c_asigna FROM dace004 WHERE exp_e='09-20805356' AND c_asigna='315671' AND status IN ('0','3','B','C') [1][0] OK
C:[07/08/2014 16:31:01.44][201.243.126.212][1149] SELECT c_asigna FROM dace004 WHERE exp_e='09-20805356' AND c_asigna='311552' AND status IN ('0','3','B','C') [1][0] OK
C:[07/08/2014 16:31:01.44][201.243.126.212][1149] SELECT c_asigna FROM dace004 WHERE exp_e='09-20805356' AND c_asigna='311430' AND status IN ('0','3','B','C') [1][0] OK
C:[07/08/2014 16:31:01.44][201.243.126.212][1149] SELECT c_asigna FROM dace004 WHERE exp_e='09-20805356' AND c_asigna='300317' AND status IN ('0','3','B','C') [1][0] OK
C:[07/08/2014 16:31:01.44][201.243.126.212][1149] SELECT c_asigna FROM dace004 WHERE exp_e='09-20805356' AND c_asigna='300318' AND status IN ('0','3','B','C') [1][0] OK
C:[07/08/2014 16:31:01.44][201.243.126.212][1149] SELECT c_asigna FROM dace004 WHERE exp_e='09-20805356' AND c_asigna='300313' AND status IN ('0','3','B','C') [1][0] OK
C:[07/08/2014 16:31:01.94][201.243.126.212][1180] SELECT par_cod_asig1,par_cod_asig2,par_cod_asig3 FROM tblaca009 WHERE pensum='5' AND c_uni_ca='3' AND c_asigna='311795' [1][0] OK
C:[07/08/2014 16:31:01.94][201.243.126.212][1180] SELECT par_cod_asig1,par_cod_asig2,par_cod_asig3 FROM tblaca009 WHERE pensum='5' AND c_uni_ca='3' AND c_asigna='311824' [1][0] OK
C:[07/08/2014 16:31:01.20][201.243.126.212][1310] SELECT horas_lab FROM tblaca008 WHERE c_asigna='311795' AND horas_teoricas > 0 [1][0] OK
C:[07/08/2014 16:31:01.20][201.243.126.212][1310] SELECT horas_lab FROM tblaca008 WHERE c_asigna='311824' AND horas_teoricas > 0 [1][0] OK
C:[07/08/2014 16:35:11.41][190.207.51.208][1136] SELECT pre_cod_asig1,pre_cod_asig2,pre_cod_asig3,pre_cod_asig4,pre_cod_asig5,pre_cod_asig6,pre_cod_asig7 FROM tblaca009 WHERE pensum='5' AND c_uni_ca='3' AND c_asigna='311824' [1][0] OK
C:[07/08/2014 16:35:11.41][190.207.51.208][1149] SELECT c_asigna FROM dace004 WHERE exp_e='10-23503102' AND c_asigna='311796' AND status IN ('0','3','B','C') [1][0] OK
C:[07/08/2014 16:35:11.41][190.207.51.208][1149] SELECT c_asigna FROM dace004 WHERE exp_e='10-23503102' AND c_asigna='315671' AND status IN ('0','3','B','C') [1][0] OK
C:[07/08/2014 16:35:11.41][190.207.51.208][1149] SELECT c_asigna FROM dace004 WHERE exp_e='10-23503102' AND c_asigna='311552' AND status IN ('0','3','B','C') [1][0] OK
C:[07/08/2014 16:35:11.41][190.207.51.208][1149] SELECT c_asigna FROM dace004 WHERE exp_e='10-23503102' AND c_asigna='311430' AND status IN ('0','3','B','C') [1][0] OK
C:[07/08/2014 16:35:11.41][190.207.51.208][1149] SELECT c_asigna FROM dace004 WHERE exp_e='10-23503102' AND c_asigna='300317' AND status IN ('0','3','B','C') [1][0] OK
C:[07/08/2014 16:35:11.41][190.207.51.208][1149] SELECT c_asigna FROM dace004 WHERE exp_e='10-23503102' AND c_asigna='300318' AND status IN ('0','3','B','C') [1][0] OK
C:[07/08/2014 16:35:11.41][190.207.51.208][1149] SELECT c_asigna FROM dace004 WHERE exp_e='10-23503102' AND c_asigna='300313' AND status IN ('0','3','B','C') [1][0] OK
C:[07/08/2014 16:35:11.41][190.207.51.208][1136] SELECT pre_cod_asig1,pre_cod_asig2,pre_cod_asig3,pre_cod_asig4,pre_cod_asig5,pre_cod_asig6,pre_cod_asig7 FROM tblaca009 WHERE pensum='5' AND c_uni_ca='3' AND c_asigna='300956' [1][0] OK
C:[07/08/2014 16:35:11.41][190.207.51.208][1149] SELECT c_asigna FROM dace004 WHERE exp_e='10-23503102' AND c_asigna='300422' AND status IN ('0','3','B','C') [1][0] OK
C:[07/08/2014 16:35:11.41][190.207.51.208][1149] SELECT c_asigna FROM dace004 WHERE exp_e='10-23503102' AND c_asigna='300105' AND status IN ('0','3','B','C') [1][0] OK
C:[07/08/2014 16:35:11.41][190.207.51.208][1149] SELECT c_asigna FROM dace004 WHERE exp_e='10-23503102' AND c_asigna='300314' AND status IN ('0','3','B','C') [1][0] OK
C:[07/08/2014 16:35:11.05][190.207.51.208][1180] SELECT par_cod_asig1,par_cod_asig2,par_cod_asig3 FROM tblaca009 WHERE pensum='5' AND c_uni_ca='3' AND c_asigna='311824' [1][0] OK
C:[07/08/2014 16:35:11.05][190.207.51.208][1180] SELECT par_cod_asig1,par_cod_asig2,par_cod_asig3 FROM tblaca009 WHERE pensum='5' AND c_uni_ca='3' AND c_asigna='300956' [1][0] OK
C:[07/08/2014 16:35:11.30][190.207.51.208][1310] SELECT horas_lab FROM tblaca008 WHERE c_asigna='311824' AND horas_teoricas > 0 [1][0] OK
C:[07/08/2014 16:35:11.30][190.207.51.208][1310] SELECT horas_lab FROM tblaca008 WHERE c_asigna='300956' AND horas_teoricas > 0 [1][0] OK
C:[07/08/2014 16:42:46.84][190.204.69.38][1136] SELECT pre_cod_asig1,pre_cod_asig2,pre_cod_asig3,pre_cod_asig4,pre_cod_asig5,pre_cod_asig6,pre_cod_asig7 FROM tblaca009 WHERE pensum='5' AND c_uni_ca='3' AND c_asigna='311796' [1][0] OK
C:[07/08/2014 16:42:46.84][190.204.69.38][1149] SELECT c_asigna FROM dace004 WHERE exp_e='00-15276303' AND c_asigna='315671' AND status IN ('0','3','B','C') [1][0] OK
C:[07/08/2014 16:42:46.84][190.204.69.38][1136] SELECT pre_cod_asig1,pre_cod_asig2,pre_cod_asig3,pre_cod_asig4,pre_cod_asig5,pre_cod_asig6,pre_cod_asig7 FROM tblaca009 WHERE pensum='5' AND c_uni_ca='3' AND c_asigna='311825' [1][0] OK
C:[07/08/2014 16:42:46.84][190.204.69.38][1149] SELECT c_asigna FROM dace004 WHERE exp_e='00-15276303' AND c_asigna='311775' AND status IN ('0','3','B','C') [1][0] OK
C:[07/08/2014 16:42:46.84][190.204.69.38][1149] SELECT c_asigna FROM dace004 WHERE exp_e='00-15276303' AND c_asigna='311795' AND status IN ('0','3','B','C') [1][0] OK
C:[07/08/2014 16:42:46.03][190.204.69.38][1180] SELECT par_cod_asig1,par_cod_asig2,par_cod_asig3 FROM tblaca009 WHERE pensum='5' AND c_uni_ca='3' AND c_asigna='311796' [1][0] OK
C:[07/08/2014 16:42:46.03][190.204.69.38][1180] SELECT par_cod_asig1,par_cod_asig2,par_cod_asig3 FROM tblaca009 WHERE pensum='5' AND c_uni_ca='3' AND c_asigna='311825' [1][0] OK
C:[07/08/2014 16:42:46.29][190.204.69.38][1310] SELECT horas_lab FROM tblaca008 WHERE c_asigna='311796' AND horas_teoricas > 0 [1][0] OK
C:[07/08/2014 16:42:46.29][190.204.69.38][1310] SELECT horas_lab FROM tblaca008 WHERE c_asigna='311825' AND horas_teoricas > 0 [1][0] OK
C:[07/08/2014 17:10:47.72][190.78.106.33][1136] SELECT pre_cod_asig1,pre_cod_asig2,pre_cod_asig3,pre_cod_asig4,pre_cod_asig5,pre_cod_asig6,pre_cod_asig7 FROM tblaca009 WHERE pensum='5' AND c_uni_ca='3' AND c_asigna='311094' [1][0] OK
C:[07/08/2014 17:10:47.72][190.78.106.33][1149] SELECT c_asigna FROM dace004 WHERE exp_e='09-19910265' AND c_asigna='311822' AND status IN ('0','3','B','C') [1][0] OK
C:[07/08/2014 17:10:47.72][190.78.106.33][1149] SELECT c_asigna FROM dace004 WHERE exp_e='09-19910265' AND c_asigna='311823' AND status IN ('0','3','B','C') [1][0] OK
C:[07/08/2014 17:10:47.22][190.78.106.33][1180] SELECT par_cod_asig1,par_cod_asig2,par_cod_asig3 FROM tblaca009 WHERE pensum='5' AND c_uni_ca='3' AND c_asigna='311094' [1][0] OK
C:[07/08/2014 17:10:47.36][190.78.106.33][1310] SELECT horas_lab FROM tblaca008 WHERE c_asigna='311094' AND horas_teoricas > 0 [1][0] OK
C:[07/08/2014 17:28:44.10][200.62.19.36][1136] SELECT pre_cod_asig1,pre_cod_asig2,pre_cod_asig3,pre_cod_asig4,pre_cod_asig5,pre_cod_asig6,pre_cod_asig7 FROM tblaca009 WHERE pensum='5' AND c_uni_ca='3' AND c_asigna='311822' [1][0] OK
C:[07/08/2014 17:28:44.10][200.62.19.36][1149] SELECT c_asigna FROM dace004 WHERE exp_e='10-24179299' AND c_asigna='311795' AND status IN ('0','3','B','C') [1][0] OK
C:[07/08/2014 17:28:44.10][200.62.19.36][1136] SELECT pre_cod_asig1,pre_cod_asig2,pre_cod_asig3,pre_cod_asig4,pre_cod_asig5,pre_cod_asig6,pre_cod_asig7 FROM tblaca009 WHERE pensum='5' AND c_uni_ca='3' AND c_asigna='311824' [1][0] OK
C:[07/08/2014 17:28:44.10][200.62.19.36][1149] SELECT c_asigna FROM dace004 WHERE exp_e='10-24179299' AND c_asigna='311796' AND status IN ('0','3','B','C') [1][0] OK
C:[07/08/2014 17:28:44.10][200.62.19.36][1149] SELECT c_asigna FROM dace004 WHERE exp_e='10-24179299' AND c_asigna='315671' AND status IN ('0','3','B','C') [1][0] OK
C:[07/08/2014 17:28:44.10][200.62.19.36][1149] SELECT c_asigna FROM dace004 WHERE exp_e='10-24179299' AND c_asigna='311552' AND status IN ('0','3','B','C') [1][0] OK
C:[07/08/2014 17:28:44.10][200.62.19.36][1149] SELECT c_asigna FROM dace004 WHERE exp_e='10-24179299' AND c_asigna='311430' AND status IN ('0','3','B','C') [1][0] OK
C:[07/08/2014 17:28:44.10][200.62.19.36][1149] SELECT c_asigna FROM dace004 WHERE exp_e='10-24179299' AND c_asigna='300317' AND status IN ('0','3','B','C') [1][0] OK
C:[07/08/2014 17:28:44.10][200.62.19.36][1149] SELECT c_asigna FROM dace004 WHERE exp_e='10-24179299' AND c_asigna='300318' AND status IN ('0','3','B','C') [1][0] OK
C:[07/08/2014 17:28:44.10][200.62.19.36][1149] SELECT c_asigna FROM dace004 WHERE exp_e='10-24179299' AND c_asigna='300313' AND status IN ('0','3','B','C') [1][0] OK
C:[07/08/2014 17:28:44.46][200.62.19.36][1180] SELECT par_cod_asig1,par_cod_asig2,par_cod_asig3 FROM tblaca009 WHERE pensum='5' AND c_uni_ca='3' AND c_asigna='311822' [1][0] OK
C:[07/08/2014 17:28:44.46][200.62.19.36][1180] SELECT par_cod_asig1,par_cod_asig2,par_cod_asig3 FROM tblaca009 WHERE pensum='5' AND c_uni_ca='3' AND c_asigna='311824' [1][0] OK
C:[07/08/2014 17:28:44.72][200.62.19.36][1310] SELECT horas_lab FROM tblaca008 WHERE c_asigna='311822' AND horas_teoricas > 0 [1][0] OK
C:[07/08/2014 17:28:44.72][200.62.19.36][1310] SELECT horas_lab FROM tblaca008 WHERE c_asigna='311824' AND horas_teoricas > 0 [1][0] OK
C:[07/08/2014 17:59:30.75][190.201.3.2][1136] SELECT pre_cod_asig1,pre_cod_asig2,pre_cod_asig3,pre_cod_asig4,pre_cod_asig5,pre_cod_asig6,pre_cod_asig7 FROM tblaca009 WHERE pensum='5' AND c_uni_ca='3' AND c_asigna='311826' [1][0] OK
C:[07/08/2014 17:59:30.75][190.201.3.2][1149] SELECT c_asigna FROM dace004 WHERE exp_e='08-19419990' AND c_asigna='311799' AND status IN ('0','3','B','C') [1][0] OK
C:[07/08/2014 17:59:30.75][190.201.3.2][1136] SELECT pre_cod_asig1,pre_cod_asig2,pre_cod_asig3,pre_cod_asig4,pre_cod_asig5,pre_cod_asig6,pre_cod_asig7 FROM tblaca009 WHERE pensum='5' AND c_uni_ca='3' AND c_asigna='300870' [1][0] OK
C:[07/08/2014 17:59:30.75][190.201.3.2][1136] SELECT pre_cod_asig1,pre_cod_asig2,pre_cod_asig3,pre_cod_asig4,pre_cod_asig5,pre_cod_asig6,pre_cod_asig7 FROM tblaca009 WHERE pensum='5' AND c_uni_ca='3' AND c_asigna='311100' [1][0] OK
C:[07/08/2014 17:59:30.38][190.201.3.2][1180] SELECT par_cod_asig1,par_cod_asig2,par_cod_asig3 FROM tblaca009 WHERE pensum='5' AND c_uni_ca='3' AND c_asigna='311826' [1][0] OK
C:[07/08/2014 17:59:30.38][190.201.3.2][1180] SELECT par_cod_asig1,par_cod_asig2,par_cod_asig3 FROM tblaca009 WHERE pensum='5' AND c_uni_ca='3' AND c_asigna='300870' [1][0] OK
C:[07/08/2014 17:59:30.38][190.201.3.2][1180] SELECT par_cod_asig1,par_cod_asig2,par_cod_asig3 FROM tblaca009 WHERE pensum='5' AND c_uni_ca='3' AND c_asigna='311100' [1][0] OK
C:[07/08/2014 17:59:30.76][190.201.3.2][1310] SELECT horas_lab FROM tblaca008 WHERE c_asigna='311826' AND horas_teoricas > 0 [1][0] OK
C:[07/08/2014 17:59:30.76][190.201.3.2][1310] SELECT horas_lab FROM tblaca008 WHERE c_asigna='300870' AND horas_teoricas > 0 [1][0] OK
C:[07/08/2014 17:59:30.76][190.201.3.2][1310] SELECT horas_lab FROM tblaca008 WHERE c_asigna='311100' AND horas_teoricas > 0 [1][0] OK
C:[07/08/2014 18:08:06.31][190.73.227.158][1136] SELECT pre_cod_asig1,pre_cod_asig2,pre_cod_asig3,pre_cod_asig4,pre_cod_asig5,pre_cod_asig6,pre_cod_asig7 FROM tblaca009 WHERE pensum='5' AND c_uni_ca='2' AND c_asigna='322782' [1][0] OK
C:[07/08/2014 18:08:06.31][190.73.227.158][1149] SELECT c_asigna FROM dace004 WHERE exp_e='09-20285735' AND c_asigna='322669' AND status IN ('0','3','B','C') [1][0] OK
C:[07/08/2014 18:08:06.31][190.73.227.158][1149] SELECT c_asigna FROM dace004 WHERE exp_e='09-20285735' AND c_asigna='322550' AND status IN ('0','3','B','C') [1][0] OK
C:[07/08/2014 18:08:06.31][190.73.227.158][1136] SELECT pre_cod_asig1,pre_cod_asig2,pre_cod_asig3,pre_cod_asig4,pre_cod_asig5,pre_cod_asig6,pre_cod_asig7 FROM tblaca009 WHERE pensum='5' AND c_uni_ca='2' AND c_asigna='322936' [1][0] OK
C:[07/08/2014 18:08:06.31][190.73.227.158][1149] SELECT c_asigna FROM dace004 WHERE exp_e='09-20285735' AND c_asigna='322801' AND status IN ('0','3','B','C') [1][0] OK
C:[07/08/2014 18:08:06.31][190.73.227.158][1136] SELECT pre_cod_asig1,pre_cod_asig2,pre_cod_asig3,pre_cod_asig4,pre_cod_asig5,pre_cod_asig6,pre_cod_asig7 FROM tblaca009 WHERE pensum='5' AND c_uni_ca='2' AND c_asigna='322041' [1][0] OK
C:[07/08/2014 18:08:06.62][190.73.227.158][1180] SELECT par_cod_asig1,par_cod_asig2,par_cod_asig3 FROM tblaca009 WHERE pensum='5' AND c_uni_ca='2' AND c_asigna='322782' [1][0] OK
C:[07/08/2014 18:08:06.62][190.73.227.158][1180] SELECT par_cod_asig1,par_cod_asig2,par_cod_asig3 FROM tblaca009 WHERE pensum='5' AND c_uni_ca='2' AND c_asigna='322936' [1][0] OK
C:[07/08/2014 18:08:06.62][190.73.227.158][1180] SELECT par_cod_asig1,par_cod_asig2,par_cod_asig3 FROM tblaca009 WHERE pensum='5' AND c_uni_ca='2' AND c_asigna='322041' [1][0] OK
C:[07/08/2014 18:08:06.01][190.73.227.158][1310] SELECT horas_lab FROM tblaca008 WHERE c_asigna='322782' AND horas_teoricas > 0 [1][0] OK
C:[07/08/2014 18:08:06.01][190.73.227.158][1310] SELECT horas_lab FROM tblaca008 WHERE c_asigna='322936' AND horas_teoricas > 0 [1][0] OK
C:[07/08/2014 18:08:06.01][190.73.227.158][1310] SELECT horas_lab FROM tblaca008 WHERE c_asigna='322041' AND horas_teoricas > 0 [1][0] OK
C:[07/08/2014 18:41:34.97][190.75.143.142][1136] SELECT pre_cod_asig1,pre_cod_asig2,pre_cod_asig3,pre_cod_asig4,pre_cod_asig5,pre_cod_asig6,pre_cod_asig7 FROM tblaca009 WHERE pensum='5' AND c_uni_ca='6' AND c_asigna='300013' [1][0] OK
C:[07/08/2014 18:41:34.97][190.75.143.142][1136] SELECT pre_cod_asig1,pre_cod_asig2,pre_cod_asig3,pre_cod_asig4,pre_cod_asig5,pre_cod_asig6,pre_cod_asig7 FROM tblaca009 WHERE pensum='5' AND c_uni_ca='6' AND c_asigna='300101' [1][0] OK
C:[07/08/2014 18:41:34.97][190.75.143.142][1136] SELECT pre_cod_asig1,pre_cod_asig2,pre_cod_asig3,pre_cod_asig4,pre_cod_asig5,pre_cod_asig6,pre_cod_asig7 FROM tblaca009 WHERE pensum='5' AND c_uni_ca='6' AND c_asigna='300105' [1][0] OK
C:[07/08/2014 18:41:34.46][190.75.143.142][1180] SELECT par_cod_asig1,par_cod_asig2,par_cod_asig3 FROM tblaca009 WHERE pensum='5' AND c_uni_ca='6' AND c_asigna='300013' [1][0] OK
C:[07/08/2014 18:41:34.46][190.75.143.142][1180] SELECT par_cod_asig1,par_cod_asig2,par_cod_asig3 FROM tblaca009 WHERE pensum='5' AND c_uni_ca='6' AND c_asigna='300101' [1][0] OK
C:[07/08/2014 18:41:34.46][190.75.143.142][1180] SELECT par_cod_asig1,par_cod_asig2,par_cod_asig3 FROM tblaca009 WHERE pensum='5' AND c_uni_ca='6' AND c_asigna='300105' [1][0] OK
C:[07/08/2014 18:41:34.85][190.75.143.142][1310] SELECT horas_lab FROM tblaca008 WHERE c_asigna='300013' AND horas_teoricas > 0 [1][0] OK
C:[07/08/2014 18:41:34.85][190.75.143.142][1310] SELECT horas_lab FROM tblaca008 WHERE c_asigna='300101' AND horas_teoricas > 0 [1][0] OK
C:[07/08/2014 18:41:34.85][190.75.143.142][1310] SELECT horas_lab FROM tblaca008 WHERE c_asigna='300105' AND horas_teoricas > 0 [1][0] OK
C:[07/08/2014 19:07:05.56][186.89.215.176][1136] SELECT pre_cod_asig1,pre_cod_asig2,pre_cod_asig3,pre_cod_asig4,pre_cod_asig5,pre_cod_asig6,pre_cod_asig7 FROM tblaca009 WHERE pensum='5' AND c_uni_ca='5' AND c_asigna='355691' [1][0] OK
C:[07/08/2014 19:07:05.56][186.89.215.176][1149] SELECT c_asigna FROM dace004 WHERE exp_e='10-20298085' AND c_asigna='355571' AND status IN ('0','3','B','C') [1][0] OK
C:[07/08/2014 19:07:05.56][186.89.215.176][1136] SELECT pre_cod_asig1,pre_cod_asig2,pre_cod_asig3,pre_cod_asig4,pre_cod_asig5,pre_cod_asig6,pre_cod_asig7 FROM tblaca009 WHERE pensum='5' AND c_uni_ca='5' AND c_asigna='355693' [1][0] OK
C:[07/08/2014 19:07:05.56][186.89.215.176][1149] SELECT c_asigna FROM dace004 WHERE exp_e='10-20298085' AND c_asigna='355572' AND status IN ('0','3','B','C') [1][0] OK
C:[07/08/2014 19:07:05.56][186.89.215.176][1149] SELECT c_asigna FROM dace004 WHERE exp_e='10-20298085' AND c_asigna='352440' AND status IN ('0','3','B','C') [1][0] OK
C:[07/08/2014 19:07:05.56][186.89.215.176][1149] SELECT c_asigna FROM dace004 WHERE exp_e='10-20298085' AND c_asigna='355573' AND status IN ('0','3','B','C') [1][0] OK
C:[07/08/2014 19:07:05.56][186.89.215.176][1149] SELECT c_asigna FROM dace004 WHERE exp_e='10-20298085' AND c_asigna='300226' AND status IN ('0','3','B','C') [1][0] OK
C:[07/08/2014 19:07:05.56][186.89.215.176][1149] SELECT c_asigna FROM dace004 WHERE exp_e='10-20298085' AND c_asigna='300222' AND status IN ('0','3','B','C') [1][0] OK
C:[07/08/2014 19:07:05.56][186.89.215.176][1149] SELECT c_asigna FROM dace004 WHERE exp_e='10-20298085' AND c_asigna='300013' AND status IN ('0','3','B','C') [1][0] OK
C:[07/08/2014 19:07:05.56][186.89.215.176][1149] SELECT c_asigna FROM dace004 WHERE exp_e='10-20298085' AND c_asigna='300113' AND status IN ('0','3','B','C') [1][0] OK
C:[07/08/2014 19:07:05.56][186.89.215.176][1136] SELECT pre_cod_asig1,pre_cod_asig2,pre_cod_asig3,pre_cod_asig4,pre_cod_asig5,pre_cod_asig6,pre_cod_asig7 FROM tblaca009 WHERE pensum='5' AND c_uni_ca='5' AND c_asigna='355692' [1][0] OK
C:[07/08/2014 19:07:05.56][186.89.215.176][1149] SELECT c_asigna FROM dace004 WHERE exp_e='10-20298085' AND c_asigna='355448' AND status IN ('0','3','B','C') [1][0] OK
C:[07/08/2014 19:07:05.56][186.89.215.176][1149] SELECT c_asigna FROM dace004 WHERE exp_e='10-20298085' AND c_asigna='355570' AND status IN ('0','3','B','C') [1][0] OK
C:[07/08/2014 19:07:06.75][186.89.215.176][1180] SELECT par_cod_asig1,par_cod_asig2,par_cod_asig3 FROM tblaca009 WHERE pensum='5' AND c_uni_ca='5' AND c_asigna='355691' [1][0] OK
C:[07/08/2014 19:07:06.75][186.89.215.176][1180] SELECT par_cod_asig1,par_cod_asig2,par_cod_asig3 FROM tblaca009 WHERE pensum='5' AND c_uni_ca='5' AND c_asigna='355693' [1][0] OK
C:[07/08/2014 19:07:06.75][186.89.215.176][1180] SELECT par_cod_asig1,par_cod_asig2,par_cod_asig3 FROM tblaca009 WHERE pensum='5' AND c_uni_ca='5' AND c_asigna='355692' [1][0] OK
C:[07/08/2014 19:07:06.13][186.89.215.176][1310] SELECT horas_lab FROM tblaca008 WHERE c_asigna='355691' AND horas_teoricas > 0 [1][0] OK
C:[07/08/2014 19:07:06.13][186.89.215.176][1310] SELECT horas_lab FROM tblaca008 WHERE c_asigna='355693' AND horas_teoricas > 0 [1][0] OK
C:[07/08/2014 19:07:06.13][186.89.215.176][1310] SELECT horas_lab FROM tblaca008 WHERE c_asigna='355692' AND horas_teoricas > 0 [1][0] OK
C:[07/08/2014 19:14:52.36][190.77.212.4][1136] SELECT pre_cod_asig1,pre_cod_asig2,pre_cod_asig3,pre_cod_asig4,pre_cod_asig5,pre_cod_asig6,pre_cod_asig7 FROM tblaca009 WHERE pensum='5' AND c_uni_ca='3' AND c_asigna='300428' [1][0] OK
C:[07/08/2014 19:14:52.36][190.77.212.4][1149] SELECT c_asigna FROM dace004 WHERE exp_e='09-20286428' AND c_asigna='300317' AND status IN ('0','3','B','C') [1][0] OK
C:[07/08/2014 19:14:52.36][190.77.212.4][1149] SELECT c_asigna FROM dace004 WHERE exp_e='09-20286428' AND c_asigna='300209' AND status IN ('0','3','B','C') [1][0] OK
C:[07/08/2014 19:14:52.36][190.77.212.4][1136] SELECT pre_cod_asig1,pre_cod_asig2,pre_cod_asig3,pre_cod_asig4,pre_cod_asig5,pre_cod_asig6,pre_cod_asig7 FROM tblaca009 WHERE pensum='5' AND c_uni_ca='3' AND c_asigna='315671' [1][0] OK
C:[07/08/2014 19:14:52.36][190.77.212.4][1149] SELECT c_asigna FROM dace004 WHERE exp_e='09-20286428' AND c_asigna='315552' AND status IN ('0','3','B','C') [1][0] OK
C:[07/08/2014 19:14:52.10][190.77.212.4][1180] SELECT par_cod_asig1,par_cod_asig2,par_cod_asig3 FROM tblaca009 WHERE pensum='5' AND c_uni_ca='3' AND c_asigna='300428' [1][0] OK
C:[07/08/2014 19:14:52.10][190.77.212.4][1180] SELECT par_cod_asig1,par_cod_asig2,par_cod_asig3 FROM tblaca009 WHERE pensum='5' AND c_uni_ca='3' AND c_asigna='315671' [1][0] OK
C:[07/08/2014 19:14:52.37][190.77.212.4][1310] SELECT horas_lab FROM tblaca008 WHERE c_asigna='300428' AND horas_teoricas > 0 [1][0] OK
C:[07/08/2014 19:14:52.37][190.77.212.4][1310] SELECT horas_lab FROM tblaca008 WHERE c_asigna='315671' AND horas_teoricas > 0 [1][0] OK
C:[07/08/2014 19:17:51.38][201.243.109.8][1136] SELECT pre_cod_asig1,pre_cod_asig2,pre_cod_asig3,pre_cod_asig4,pre_cod_asig5,pre_cod_asig6,pre_cod_asig7 FROM tblaca009 WHERE pensum='5' AND c_uni_ca='3' AND c_asigna='311822' [1][0] OK
C:[07/08/2014 19:17:51.38][201.243.109.8][1149] SELECT c_asigna FROM dace004 WHERE exp_e='10-20904774' AND c_asigna='311795' AND status IN ('0','3','B','C') [1][0] OK
C:[07/08/2014 19:17:51.38][201.243.109.8][1136] SELECT pre_cod_asig1,pre_cod_asig2,pre_cod_asig3,pre_cod_asig4,pre_cod_asig5,pre_cod_asig6,pre_cod_asig7 FROM tblaca009 WHERE pensum='5' AND c_uni_ca='3' AND c_asigna='311824' [1][0] OK
C:[07/08/2014 19:17:51.38][201.243.109.8][1149] SELECT c_asigna FROM dace004 WHERE exp_e='10-20904774' AND c_asigna='311796' AND status IN ('0','3','B','C') [1][0] OK
C:[07/08/2014 19:17:51.38][201.243.109.8][1149] SELECT c_asigna FROM dace004 WHERE exp_e='10-20904774' AND c_asigna='315671' AND status IN ('0','3','B','C') [1][0] OK
C:[07/08/2014 19:17:51.38][201.243.109.8][1149] SELECT c_asigna FROM dace004 WHERE exp_e='10-20904774' AND c_asigna='311552' AND status IN ('0','3','B','C') [1][0] OK
C:[07/08/2014 19:17:51.38][201.243.109.8][1149] SELECT c_asigna FROM dace004 WHERE exp_e='10-20904774' AND c_asigna='311430' AND status IN ('0','3','B','C') [1][0] OK
C:[07/08/2014 19:17:51.38][201.243.109.8][1149] SELECT c_asigna FROM dace004 WHERE exp_e='10-20904774' AND c_asigna='300317' AND status IN ('0','3','B','C') [1][0] OK
C:[07/08/2014 19:17:51.38][201.243.109.8][1149] SELECT c_asigna FROM dace004 WHERE exp_e='10-20904774' AND c_asigna='300318' AND status IN ('0','3','B','C') [1][0] OK
C:[07/08/2014 19:17:51.38][201.243.109.8][1149] SELECT c_asigna FROM dace004 WHERE exp_e='10-20904774' AND c_asigna='300313' AND status IN ('0','3','B','C') [1][0] OK
C:[07/08/2014 19:17:51.75][201.243.109.8][1180] SELECT par_cod_asig1,par_cod_asig2,par_cod_asig3 FROM tblaca009 WHERE pensum='5' AND c_uni_ca='3' AND c_asigna='311822' [1][0] OK
C:[07/08/2014 19:17:51.75][201.243.109.8][1180] SELECT par_cod_asig1,par_cod_asig2,par_cod_asig3 FROM tblaca009 WHERE pensum='5' AND c_uni_ca='3' AND c_asigna='311824' [1][0] OK
C:[07/08/2014 19:17:51.01][201.243.109.8][1310] SELECT horas_lab FROM tblaca008 WHERE c_asigna='311822' AND horas_teoricas > 0 [1][0] OK
C:[07/08/2014 19:17:51.01][201.243.109.8][1310] SELECT horas_lab FROM tblaca008 WHERE c_asigna='311824' AND horas_teoricas > 0 [1][0] OK
C:[07/08/2014 19:21:31.85][190.204.203.85][1136] SELECT pre_cod_asig1,pre_cod_asig2,pre_cod_asig3,pre_cod_asig4,pre_cod_asig5,pre_cod_asig6,pre_cod_asig7 FROM tblaca009 WHERE pensum='5' AND c_uni_ca='4' AND c_asigna='300101' [1][0] OK
C:[07/08/2014 19:21:31.52][190.204.203.85][1180] SELECT par_cod_asig1,par_cod_asig2,par_cod_asig3 FROM tblaca009 WHERE pensum='5' AND c_uni_ca='4' AND c_asigna='300101' [1][0] OK
C:[07/08/2014 19:21:31.65][190.204.203.85][1310] SELECT horas_lab FROM tblaca008 WHERE c_asigna='300101' AND horas_teoricas > 0 [1][0] OK
C:[07/08/2014 20:05:18.60][190.206.52.226][1136] SELECT pre_cod_asig1,pre_cod_asig2,pre_cod_asig3,pre_cod_asig4,pre_cod_asig5,pre_cod_asig6,pre_cod_asig7 FROM tblaca009 WHERE pensum='5' AND c_uni_ca='5' AND c_asigna='300207' [1][0] OK
C:[07/08/2014 20:05:18.60][190.206.52.226][1149] SELECT c_asigna FROM dace004 WHERE exp_e='13-25595078' AND c_asigna='300101' AND status IN ('0','3','B','C') [1][0] OK
C:[07/08/2014 20:05:18.60][190.206.52.226][1136] SELECT pre_cod_asig1,pre_cod_asig2,pre_cod_asig3,pre_cod_asig4,pre_cod_asig5,pre_cod_asig6,pre_cod_asig7 FROM tblaca009 WHERE pensum='5' AND c_uni_ca='5' AND c_asigna='300209' [1][0] OK
C:[07/08/2014 20:05:18.60][190.206.52.226][1149] SELECT c_asigna FROM dace004 WHERE exp_e='13-25595078' AND c_asigna='300101' AND status IN ('0','3','B','C') [1][0] OK
C:[07/08/2014 20:05:18.23][190.206.52.226][1180] SELECT par_cod_asig1,par_cod_asig2,par_cod_asig3 FROM tblaca009 WHERE pensum='5' AND c_uni_ca='5' AND c_asigna='300207' [1][0] OK
C:[07/08/2014 20:05:18.23][190.206.52.226][1180] SELECT par_cod_asig1,par_cod_asig2,par_cod_asig3 FROM tblaca009 WHERE pensum='5' AND c_uni_ca='5' AND c_asigna='300209' [1][0] OK
C:[07/08/2014 20:05:18.49][190.206.52.226][1310] SELECT horas_lab FROM tblaca008 WHERE c_asigna='300207' AND horas_teoricas > 0 [1][0] OK
C:[07/08/2014 20:05:18.49][190.206.52.226][1310] SELECT horas_lab FROM tblaca008 WHERE c_asigna='300209' AND horas_teoricas > 0 [1][0] OK
C:[07/08/2014 20:20:22.13][190.79.0.93][1136] SELECT pre_cod_asig1,pre_cod_asig2,pre_cod_asig3,pre_cod_asig4,pre_cod_asig5,pre_cod_asig6,pre_cod_asig7 FROM tblaca009 WHERE pensum='5' AND c_uni_ca='3' AND c_asigna='311320' [1][0] OK
C:[07/08/2014 20:20:22.13][190.79.0.93][1149] SELECT c_asigna FROM dace004 WHERE exp_e='05-18886359' AND c_asigna='300013' AND status IN ('0','3','B','C') [1][0] OK
C:[07/08/2014 20:20:22.13][190.79.0.93][1149] SELECT c_asigna FROM dace004 WHERE exp_e='05-18886359' AND c_asigna='300113' AND status IN ('0','3','B','C') [1][0] OK
C:[07/08/2014 20:20:22.13][190.79.0.93][1136] SELECT pre_cod_asig1,pre_cod_asig2,pre_cod_asig3,pre_cod_asig4,pre_cod_asig5,pre_cod_asig6,pre_cod_asig7 FROM tblaca009 WHERE pensum='5' AND c_uni_ca='3' AND c_asigna='312333' [1][0] OK
C:[07/08/2014 20:20:22.13][190.79.0.93][1149] SELECT c_asigna FROM dace004 WHERE exp_e='05-18886359' AND c_asigna='300228' AND status IN ('0','3','B','C') [1][0] OK
C:[07/08/2014 20:20:22.88][190.79.0.93][1180] SELECT par_cod_asig1,par_cod_asig2,par_cod_asig3 FROM tblaca009 WHERE pensum='5' AND c_uni_ca='3' AND c_asigna='311320' [1][0] OK
C:[07/08/2014 20:20:22.88][190.79.0.93][1180] SELECT par_cod_asig1,par_cod_asig2,par_cod_asig3 FROM tblaca009 WHERE pensum='5' AND c_uni_ca='3' AND c_asigna='312333' [1][0] OK
C:[07/08/2014 20:20:22.15][190.79.0.93][1310] SELECT horas_lab FROM tblaca008 WHERE c_asigna='311320' AND horas_teoricas > 0 [1][0] OK
C:[07/08/2014 20:20:22.15][190.79.0.93][1310] SELECT horas_lab FROM tblaca008 WHERE c_asigna='312333' AND horas_teoricas > 0 [1][0] OK
C:[07/08/2014 20:36:45.51][190.74.161.34][1136] SELECT pre_cod_asig1,pre_cod_asig2,pre_cod_asig3,pre_cod_asig4,pre_cod_asig5,pre_cod_asig6,pre_cod_asig7 FROM tblaca009 WHERE pensum='5' AND c_uni_ca='6' AND c_asigna='300207' [1][0] OK
C:[07/08/2014 20:36:45.51][190.74.161.34][1149] SELECT c_asigna FROM dace004 WHERE exp_e='12-24559712' AND c_asigna='300101' AND status IN ('0','3','B','C') [1][0] OK
C:[07/08/2014 20:36:45.89][190.74.161.34][1180] SELECT par_cod_asig1,par_cod_asig2,par_cod_asig3 FROM tblaca009 WHERE pensum='5' AND c_uni_ca='6' AND c_asigna='300207' [1][0] OK
C:[07/08/2014 20:36:45.02][190.74.161.34][1310] SELECT horas_lab FROM tblaca008 WHERE c_asigna='300207' AND horas_teoricas > 0 [1][0] OK
C:[07/08/2014 20:40:25.36][186.89.244.120][1136] SELECT pre_cod_asig1,pre_cod_asig2,pre_cod_asig3,pre_cod_asig4,pre_cod_asig5,pre_cod_asig6,pre_cod_asig7 FROM tblaca009 WHERE pensum='5' AND c_uni_ca='5' AND c_asigna='355692' [1][0] OK
C:[07/08/2014 20:40:25.36][186.89.244.120][1149] SELECT c_asigna FROM dace004 WHERE exp_e='11-20840147' AND c_asigna='355448' AND status IN ('0','3','B','C') [1][0] OK
C:[07/08/2014 20:40:25.36][186.89.244.120][1149] SELECT c_asigna FROM dace004 WHERE exp_e='11-20840147' AND c_asigna='355570' AND status IN ('0','3','B','C') [1][0] OK
C:[07/08/2014 20:40:25.36][186.89.244.120][1136] SELECT pre_cod_asig1,pre_cod_asig2,pre_cod_asig3,pre_cod_asig4,pre_cod_asig5,pre_cod_asig6,pre_cod_asig7 FROM tblaca009 WHERE pensum='5' AND c_uni_ca='5' AND c_asigna='355696' [1][0] OK
C:[07/08/2014 20:40:25.36][186.89.244.120][1149] SELECT c_asigna FROM dace004 WHERE exp_e='11-20840147' AND c_asigna='355570' AND status IN ('0','3','B','C') [1][0] OK
C:[07/08/2014 20:40:25.36][186.89.244.120][1149] SELECT c_asigna FROM dace004 WHERE exp_e='11-20840147' AND c_asigna='355571' AND status IN ('0','3','B','C') [1][0] OK
C:[07/08/2014 20:40:25.36][186.89.244.120][1136] SELECT pre_cod_asig1,pre_cod_asig2,pre_cod_asig3,pre_cod_asig4,pre_cod_asig5,pre_cod_asig6,pre_cod_asig7 FROM tblaca009 WHERE pensum='5' AND c_uni_ca='5' AND c_asigna='355723' [1][0] OK
C:[07/08/2014 20:40:25.36][186.89.244.120][1149] SELECT c_asigna FROM dace004 WHERE exp_e='11-20840147' AND c_asigna='355694' AND status IN ('0','3','B','C') [1][0] OK
C:[07/08/2014 20:40:25.49][186.89.244.120][1180] SELECT par_cod_asig1,par_cod_asig2,par_cod_asig3 FROM tblaca009 WHERE pensum='5' AND c_uni_ca='5' AND c_asigna='355692' [1][0] OK
C:[07/08/2014 20:40:25.49][186.89.244.120][1180] SELECT par_cod_asig1,par_cod_asig2,par_cod_asig3 FROM tblaca009 WHERE pensum='5' AND c_uni_ca='5' AND c_asigna='355696' [1][0] OK
C:[07/08/2014 20:40:25.49][186.89.244.120][1180] SELECT par_cod_asig1,par_cod_asig2,par_cod_asig3 FROM tblaca009 WHERE pensum='5' AND c_uni_ca='5' AND c_asigna='355723' [1][0] OK
C:[07/08/2014 20:40:25.88][186.89.244.120][1310] SELECT horas_lab FROM tblaca008 WHERE c_asigna='355692' AND horas_teoricas > 0 [1][0] OK
C:[07/08/2014 20:40:25.88][186.89.244.120][1310] SELECT horas_lab FROM tblaca008 WHERE c_asigna='355696' AND horas_teoricas > 0 [1][0] OK
C:[07/08/2014 20:40:25.88][186.89.244.120][1310] SELECT horas_lab FROM tblaca008 WHERE c_asigna='355723' AND horas_teoricas > 0 [1][0] OK
C:[07/08/2014 22:48:33.80][190.37.111.20][1136] SELECT pre_cod_asig1,pre_cod_asig2,pre_cod_asig3,pre_cod_asig4,pre_cod_asig5,pre_cod_asig6,pre_cod_asig7 FROM tblaca009 WHERE pensum='5' AND c_uni_ca='3' AND c_asigna='300870' [1][0] OK
C:[07/08/2014 22:48:33.80][190.37.111.20][1136] SELECT pre_cod_asig1,pre_cod_asig2,pre_cod_asig3,pre_cod_asig4,pre_cod_asig5,pre_cod_asig6,pre_cod_asig7 FROM tblaca009 WHERE pensum='5' AND c_uni_ca='3' AND c_asigna='311100' [1][0] OK
C:[07/08/2014 22:48:33.17][190.37.111.20][1180] SELECT par_cod_asig1,par_cod_asig2,par_cod_asig3 FROM tblaca009 WHERE pensum='5' AND c_uni_ca='3' AND c_asigna='300870' [1][0] OK
C:[07/08/2014 22:48:33.17][190.37.111.20][1180] SELECT par_cod_asig1,par_cod_asig2,par_cod_asig3 FROM tblaca009 WHERE pensum='5' AND c_uni_ca='3' AND c_asigna='311100' [1][0] OK
C:[07/08/2014 22:48:33.42][190.37.111.20][1310] SELECT horas_lab FROM tblaca008 WHERE c_asigna='300870' AND horas_teoricas > 0 [1][0] OK
C:[07/08/2014 22:48:33.42][190.37.111.20][1310] SELECT horas_lab FROM tblaca008 WHERE c_asigna='311100' AND horas_teoricas > 0 [1][0] OK
C:[07/08/2014 23:24:06.10][201.242.56.155][1136] SELECT pre_cod_asig1,pre_cod_asig2,pre_cod_asig3,pre_cod_asig4,pre_cod_asig5,pre_cod_asig6,pre_cod_asig7 FROM tblaca009 WHERE pensum='5' AND c_uni_ca='2' AND c_asigna='300113' [1][0] OK
C:[07/08/2014 23:24:06.10][201.242.56.155][1136] SELECT pre_cod_asig1,pre_cod_asig2,pre_cod_asig3,pre_cod_asig4,pre_cod_asig5,pre_cod_asig6,pre_cod_asig7 FROM tblaca009 WHERE pensum='5' AND c_uni_ca='2' AND c_asigna='300013' [1][0] OK
C:[07/08/2014 23:24:06.10][201.242.56.155][1136] SELECT pre_cod_asig1,pre_cod_asig2,pre_cod_asig3,pre_cod_asig4,pre_cod_asig5,pre_cod_asig6,pre_cod_asig7 FROM tblaca009 WHERE pensum='5' AND c_uni_ca='2' AND c_asigna='300101' [1][0] OK
C:[07/08/2014 23:24:06.60][201.242.56.155][1180] SELECT par_cod_asig1,par_cod_asig2,par_cod_asig3 FROM tblaca009 WHERE pensum='5' AND c_uni_ca='2' AND c_asigna='300113' [1][0] OK
C:[07/08/2014 23:24:06.60][201.242.56.155][1194] SELECT c_asigna FROM dace004 WHERE exp_e='13-25696182' AND c_asigna='300013' AND status IN ('0','3','B','C') [0][0] OK
C:[07/08/2014 23:24:06.60][201.242.56.155][1180] SELECT par_cod_asig1,par_cod_asig2,par_cod_asig3 FROM tblaca009 WHERE pensum='5' AND c_uni_ca='2' AND c_asigna='300013' [1][0] OK
C:[07/08/2014 23:24:06.60][201.242.56.155][1180] SELECT par_cod_asig1,par_cod_asig2,par_cod_asig3 FROM tblaca009 WHERE pensum='5' AND c_uni_ca='2' AND c_asigna='300101' [1][0] OK
C:[07/08/2014 23:24:06.11][201.242.56.155][1310] SELECT horas_lab FROM tblaca008 WHERE c_asigna='300113' AND horas_teoricas > 0 [0][0] OK
C:[07/08/2014 23:24:06.11][201.242.56.155][1310] SELECT horas_lab FROM tblaca008 WHERE c_asigna='300013' AND horas_teoricas > 0 [1][0] OK
C:[07/08/2014 23:24:06.11][201.242.56.155][1310] SELECT horas_lab FROM tblaca008 WHERE c_asigna='300101' AND horas_teoricas > 0 [1][0] OK
C:[08/08/2014 01:51:40.39][190.76.32.133][1136] SELECT pre_cod_asig1,pre_cod_asig2,pre_cod_asig3,pre_cod_asig4,pre_cod_asig5,pre_cod_asig6,pre_cod_asig7 FROM tblaca009 WHERE pensum='5' AND c_uni_ca='6' AND c_asigna='300317' [1][0] OK
C:[08/08/2014 01:51:40.39][190.76.32.133][1149] SELECT c_asigna FROM dace004 WHERE exp_e='11-21249274' AND c_asigna='300207' AND status IN ('0','3','B','C') [1][0] OK
C:[08/08/2014 01:51:40.39][190.76.32.133][1149] SELECT c_asigna FROM dace004 WHERE exp_e='11-21249274' AND c_asigna='300209' AND status IN ('0','3','B','C') [1][0] OK
C:[08/08/2014 01:51:40.39][190.76.32.133][1136] SELECT pre_cod_asig1,pre_cod_asig2,pre_cod_asig3,pre_cod_asig4,pre_cod_asig5,pre_cod_asig6,pre_cod_asig7 FROM tblaca009 WHERE pensum='5' AND c_uni_ca='6' AND c_asigna='300318' [1][0] OK
C:[08/08/2014 01:51:40.39][190.76.32.133][1149] SELECT c_asigna FROM dace004 WHERE exp_e='11-21249274' AND c_asigna='300228' AND status IN ('0','3','B','C') [1][0] OK
C:[08/08/2014 01:51:40.39][190.76.32.133][1149] SELECT c_asigna FROM dace004 WHERE exp_e='11-21249274' AND c_asigna='300207' AND status IN ('0','3','B','C') [1][0] OK
C:[08/08/2014 01:51:40.39][190.76.32.133][1149] SELECT c_asigna FROM dace004 WHERE exp_e='11-21249274' AND c_asigna='300218' AND status IN ('0','3','B','C') [1][0] OK
C:[08/08/2014 01:51:40.38][190.76.32.133][1180] SELECT par_cod_asig1,par_cod_asig2,par_cod_asig3 FROM tblaca009 WHERE pensum='5' AND c_uni_ca='6' AND c_asigna='300317' [1][0] OK
C:[08/08/2014 01:51:40.38][190.76.32.133][1180] SELECT par_cod_asig1,par_cod_asig2,par_cod_asig3 FROM tblaca009 WHERE pensum='5' AND c_uni_ca='6' AND c_asigna='300318' [1][0] OK
C:[08/08/2014 01:51:40.64][190.76.32.133][1310] SELECT horas_lab FROM tblaca008 WHERE c_asigna='300317' AND horas_teoricas > 0 [1][0] OK
C:[08/08/2014 01:51:40.64][190.76.32.133][1310] SELECT horas_lab FROM tblaca008 WHERE c_asigna='300318' AND horas_teoricas > 0 [1][0] OK
C:[08/08/2014 06:28:22.99][190.73.239.207][1136] SELECT pre_cod_asig1,pre_cod_asig2,pre_cod_asig3,pre_cod_asig4,pre_cod_asig5,pre_cod_asig6,pre_cod_asig7 FROM tblaca009 WHERE pensum='5' AND c_uni_ca='3' AND c_asigna='311094' [1][0] OK
C:[08/08/2014 06:28:22.99][190.73.239.207][1149] SELECT c_asigna FROM dace004 WHERE exp_e='02-11820740' AND c_asigna='311822' AND status IN ('0','3','B','C') [1][0] OK
C:[08/08/2014 06:28:22.99][190.73.239.207][1149] SELECT c_asigna FROM dace004 WHERE exp_e='02-11820740' AND c_asigna='311823' AND status IN ('0','3','B','C') [1][0] OK
C:[08/08/2014 06:28:22.99][190.73.239.207][1136] SELECT pre_cod_asig1,pre_cod_asig2,pre_cod_asig3,pre_cod_asig4,pre_cod_asig5,pre_cod_asig6,pre_cod_asig7 FROM tblaca009 WHERE pensum='5' AND c_uni_ca='3' AND c_asigna='311986' [1][0] OK
C:[08/08/2014 06:28:22.99][190.73.239.207][1149] SELECT c_asigna FROM dace004 WHERE exp_e='02-11820740' AND c_asigna='311825' AND status IN ('0','3','B','C') [1][0] OK
C:[08/08/2014 06:28:22.18][190.73.239.207][1180] SELECT par_cod_asig1,par_cod_asig2,par_cod_asig3 FROM tblaca009 WHERE pensum='5' AND c_uni_ca='3' AND c_asigna='311094' [1][0] OK
C:[08/08/2014 06:28:22.18][190.73.239.207][1180] SELECT par_cod_asig1,par_cod_asig2,par_cod_asig3 FROM tblaca009 WHERE pensum='5' AND c_uni_ca='3' AND c_asigna='311986' [1][0] OK
C:[08/08/2014 06:28:22.44][190.73.239.207][1310] SELECT horas_lab FROM tblaca008 WHERE c_asigna='311094' AND horas_teoricas > 0 [1][0] OK
C:[08/08/2014 06:28:22.44][190.73.239.207][1310] SELECT horas_lab FROM tblaca008 WHERE c_asigna='311986' AND horas_teoricas > 0 [1][0] OK
C:[08/08/2014 08:34:57.12][186.88.133.29][1136] SELECT pre_cod_asig1,pre_cod_asig2,pre_cod_asig3,pre_cod_asig4,pre_cod_asig5,pre_cod_asig6,pre_cod_asig7 FROM tblaca009 WHERE pensum='5' AND c_uni_ca='4' AND c_asigna='300956' [1][0] OK
C:[08/08/2014 08:34:57.12][186.88.133.29][1149] SELECT c_asigna FROM dace004 WHERE exp_e='06-18960017' AND c_asigna='300422' AND status IN ('0','3','B','C') [1][0] OK
C:[08/08/2014 08:34:57.12][186.88.133.29][1149] SELECT c_asigna FROM dace004 WHERE exp_e='06-18960017' AND c_asigna='300105' AND status IN ('0','3','B','C') [1][0] OK
C:[08/08/2014 08:34:57.12][186.88.133.29][1149] SELECT c_asigna FROM dace004 WHERE exp_e='06-18960017' AND c_asigna='300314' AND status IN ('0','3','B','C') [1][0] OK
C:[08/08/2014 08:34:57.74][186.88.133.29][1180] SELECT par_cod_asig1,par_cod_asig2,par_cod_asig3 FROM tblaca009 WHERE pensum='5' AND c_uni_ca='4' AND c_asigna='300956' [1][0] OK
C:[08/08/2014 08:34:57.88][186.88.133.29][1310] SELECT horas_lab FROM tblaca008 WHERE c_asigna='300956' AND horas_teoricas > 0 [1][0] OK
C:[08/08/2014 09:14:32.64][172.16.1.8][1136] SELECT pre_cod_asig1,pre_cod_asig2,pre_cod_asig3,pre_cod_asig4,pre_cod_asig5,pre_cod_asig6,pre_cod_asig7 FROM tblaca009 WHERE pensum='5' AND c_uni_ca='5' AND c_asigna='300113' [1][0] OK
C:[08/08/2014 09:14:32.64][172.16.1.8][1136] SELECT pre_cod_asig1,pre_cod_asig2,pre_cod_asig3,pre_cod_asig4,pre_cod_asig5,pre_cod_asig6,pre_cod_asig7 FROM tblaca009 WHERE pensum='5' AND c_uni_ca='5' AND c_asigna='355691' [1][0] OK
C:[08/08/2014 09:14:32.64][172.16.1.8][1149] SELECT c_asigna FROM dace004 WHERE exp_e='08-19803417' AND c_asigna='355571' AND status IN ('0','3','B','C') [1][0] OK
C:[08/08/2014 09:14:32.52][172.16.1.8][1180] SELECT par_cod_asig1,par_cod_asig2,par_cod_asig3 FROM tblaca009 WHERE pensum='5' AND c_uni_ca='5' AND c_asigna='300113' [1][0] OK
C:[08/08/2014 09:14:32.52][172.16.1.8][1194] SELECT c_asigna FROM dace004 WHERE exp_e='08-19803417' AND c_asigna='300013' AND status IN ('0','3','B','C') [1][0] OK
C:[08/08/2014 09:14:32.52][172.16.1.8][1180] SELECT par_cod_asig1,par_cod_asig2,par_cod_asig3 FROM tblaca009 WHERE pensum='5' AND c_uni_ca='5' AND c_asigna='355691' [1][0] OK
C:[08/08/2014 09:14:32.91][172.16.1.8][1310] SELECT horas_lab FROM tblaca008 WHERE c_asigna='300113' AND horas_teoricas > 0 [0][0] OK
C:[08/08/2014 09:14:32.91][172.16.1.8][1310] SELECT horas_lab FROM tblaca008 WHERE c_asigna='355691' AND horas_teoricas > 0 [1][0] OK
C:[08/08/2014 09:21:45.32][172.16.4.247][1136] SELECT pre_cod_asig1,pre_cod_asig2,pre_cod_asig3,pre_cod_asig4,pre_cod_asig5,pre_cod_asig6,pre_cod_asig7 FROM tblaca009 WHERE pensum='5' AND c_uni_ca='3' AND c_asigna='300105' [1][0] OK
C:[08/08/2014 09:21:45.82][172.16.4.247][1180] SELECT par_cod_asig1,par_cod_asig2,par_cod_asig3 FROM tblaca009 WHERE pensum='5' AND c_uni_ca='3' AND c_asigna='300105' [1][0] OK
C:[08/08/2014 09:21:45.96][172.16.4.247][1310] SELECT horas_lab FROM tblaca008 WHERE c_asigna='300105' AND horas_teoricas > 0 [1][0] OK
C:[08/08/2014 09:29:39.95][190.74.179.88][1136] SELECT pre_cod_asig1,pre_cod_asig2,pre_cod_asig3,pre_cod_asig4,pre_cod_asig5,pre_cod_asig6,pre_cod_asig7 FROM tblaca009 WHERE pensum='5' AND c_uni_ca='4' AND c_asigna='300101' [1][0] OK
C:[08/08/2014 09:29:39.07][190.74.179.88][1180] SELECT par_cod_asig1,par_cod_asig2,par_cod_asig3 FROM tblaca009 WHERE pensum='5' AND c_uni_ca='4' AND c_asigna='300101' [1][0] OK
C:[08/08/2014 09:29:39.20][190.74.179.88][1310] SELECT horas_lab FROM tblaca008 WHERE c_asigna='300101' AND horas_teoricas > 0 [1][0] OK
C:[08/08/2014 09:47:29.35][190.74.179.88][1136] SELECT pre_cod_asig1,pre_cod_asig2,pre_cod_asig3,pre_cod_asig4,pre_cod_asig5,pre_cod_asig6,pre_cod_asig7 FROM tblaca009 WHERE pensum='5' AND c_uni_ca='2' AND c_asigna='300313' [1][0] OK
C:[08/08/2014 09:47:29.35][190.74.179.88][1149] SELECT c_asigna FROM dace004 WHERE exp_e='11-22826859' AND c_asigna='300213' AND status IN ('0','3','B','C') [1][0] OK
C:[08/08/2014 09:47:29.35][190.74.179.88][1149] SELECT c_asigna FROM dace004 WHERE exp_e='11-22826859' AND c_asigna='300226' AND status IN ('0','3','B','C') [1][0] OK
C:[08/08/2014 09:47:29.35][190.74.179.88][1149] SELECT c_asigna FROM dace004 WHERE exp_e='11-22826859' AND c_asigna='300209' AND status IN ('0','3','B','C') [1][0] OK
C:[08/08/2014 09:47:29.35][190.74.179.88][1136] SELECT pre_cod_asig1,pre_cod_asig2,pre_cod_asig3,pre_cod_asig4,pre_cod_asig5,pre_cod_asig6,pre_cod_asig7 FROM tblaca009 WHERE pensum='5' AND c_uni_ca='2' AND c_asigna='300318' [1][0] OK
C:[08/08/2014 09:47:29.35][190.74.179.88][1149] SELECT c_asigna FROM dace004 WHERE exp_e='11-22826859' AND c_asigna='300228' AND status IN ('0','3','B','C') [1][0] OK
C:[08/08/2014 09:47:29.35][190.74.179.88][1149] SELECT c_asigna FROM dace004 WHERE exp_e='11-22826859' AND c_asigna='300207' AND status IN ('0','3','B','C') [1][0] OK
C:[08/08/2014 09:47:29.35][190.74.179.88][1149] SELECT c_asigna FROM dace004 WHERE exp_e='11-22826859' AND c_asigna='300218' AND status IN ('0','3','B','C') [1][0] OK
C:[08/08/2014 09:47:29.48][190.74.179.88][1180] SELECT par_cod_asig1,par_cod_asig2,par_cod_asig3 FROM tblaca009 WHERE pensum='5' AND c_uni_ca='2' AND c_asigna='300313' [1][0] OK
C:[08/08/2014 09:47:29.48][190.74.179.88][1180] SELECT par_cod_asig1,par_cod_asig2,par_cod_asig3 FROM tblaca009 WHERE pensum='5' AND c_uni_ca='2' AND c_asigna='300318' [1][0] OK
C:[08/08/2014 09:47:29.74][190.74.179.88][1310] SELECT horas_lab FROM tblaca008 WHERE c_asigna='300313' AND horas_teoricas > 0 [1][0] OK
C:[08/08/2014 09:47:29.74][190.74.179.88][1310] SELECT horas_lab FROM tblaca008 WHERE c_asigna='300318' AND horas_teoricas > 0 [1][0] OK
C:[08/08/2014 10:12:44.31][172.16.4.241][1136] SELECT pre_cod_asig1,pre_cod_asig2,pre_cod_asig3,pre_cod_asig4,pre_cod_asig5,pre_cod_asig6,pre_cod_asig7 FROM tblaca009 WHERE pensum='5' AND c_uni_ca='6' AND c_asigna='300013' [1][0] OK
C:[08/08/2014 10:12:44.56][172.16.4.241][1180] SELECT par_cod_asig1,par_cod_asig2,par_cod_asig3 FROM tblaca009 WHERE pensum='5' AND c_uni_ca='6' AND c_asigna='300013' [1][0] OK
C:[08/08/2014 10:12:44.70][172.16.4.241][1310] SELECT horas_lab FROM tblaca008 WHERE c_asigna='300013' AND horas_teoricas > 0 [1][0] OK
C:[08/08/2014 10:36:03.14][190.201.28.31][1136] SELECT pre_cod_asig1,pre_cod_asig2,pre_cod_asig3,pre_cod_asig4,pre_cod_asig5,pre_cod_asig6,pre_cod_asig7 FROM tblaca009 WHERE pensum='5' AND c_uni_ca='3' AND c_asigna='311673' [1][0] OK
C:[08/08/2014 10:36:03.14][190.201.28.31][1149] SELECT c_asigna FROM dace004 WHERE exp_e='11-23531099' AND c_asigna='311551' AND status IN ('0','3','B','C') [1][0] OK
C:[08/08/2014 10:36:03.14][190.201.28.31][1149] SELECT c_asigna FROM dace004 WHERE exp_e='11-23531099' AND c_asigna='311554' AND status IN ('0','3','B','C') [1][0] OK
C:[08/08/2014 10:36:03.14][190.201.28.31][1149] SELECT c_asigna FROM dace004 WHERE exp_e='11-23531099' AND c_asigna='311320' AND status IN ('0','3','B','C') [1][0] OK
C:[08/08/2014 10:36:03.14][190.201.28.31][1136] SELECT pre_cod_asig1,pre_cod_asig2,pre_cod_asig3,pre_cod_asig4,pre_cod_asig5,pre_cod_asig6,pre_cod_asig7 FROM tblaca009 WHERE pensum='5' AND c_uni_ca='3' AND c_asigna='311824' [1][0] OK
C:[08/08/2014 10:36:03.14][190.201.28.31][1149] SELECT c_asigna FROM dace004 WHERE exp_e='11-23531099' AND c_asigna='311796' AND status IN ('0','3','B','C') [1][0] OK
C:[08/08/2014 10:36:03.14][190.201.28.31][1149] SELECT c_asigna FROM dace004 WHERE exp_e='11-23531099' AND c_asigna='315671' AND status IN ('0','3','B','C') [1][0] OK
C:[08/08/2014 10:36:03.14][190.201.28.31][1149] SELECT c_asigna FROM dace004 WHERE exp_e='11-23531099' AND c_asigna='311552' AND status IN ('0','3','B','C') [1][0] OK
C:[08/08/2014 10:36:03.14][190.201.28.31][1149] SELECT c_asigna FROM dace004 WHERE exp_e='11-23531099' AND c_asigna='311430' AND status IN ('0','3','B','C') [1][0] OK
C:[08/08/2014 10:36:03.14][190.201.28.31][1149] SELECT c_asigna FROM dace004 WHERE exp_e='11-23531099' AND c_asigna='300317' AND status IN ('0','3','B','C') [1][0] OK
C:[08/08/2014 10:36:03.14][190.201.28.31][1149] SELECT c_asigna FROM dace004 WHERE exp_e='11-23531099' AND c_asigna='300318' AND status IN ('0','3','B','C') [1][0] OK
C:[08/08/2014 10:36:03.14][190.201.28.31][1149] SELECT c_asigna FROM dace004 WHERE exp_e='11-23531099' AND c_asigna='300313' AND status IN ('0','3','B','C') [1][0] OK
C:[08/08/2014 10:36:03.77][190.201.28.31][1180] SELECT par_cod_asig1,par_cod_asig2,par_cod_asig3 FROM tblaca009 WHERE pensum='5' AND c_uni_ca='3' AND c_asigna='311673' [1][0] OK
C:[08/08/2014 10:36:03.77][190.201.28.31][1180] SELECT par_cod_asig1,par_cod_asig2,par_cod_asig3 FROM tblaca009 WHERE pensum='5' AND c_uni_ca='3' AND c_asigna='311824' [1][0] OK
C:[08/08/2014 10:36:03.04][190.201.28.31][1310] SELECT horas_lab FROM tblaca008 WHERE c_asigna='311673' AND horas_teoricas > 0 [1][0] OK
C:[08/08/2014 10:36:03.04][190.201.28.31][1310] SELECT horas_lab FROM tblaca008 WHERE c_asigna='311824' AND horas_teoricas > 0 [1][0] OK
C:[08/08/2014 10:42:45.16][190.74.181.6][1136] SELECT pre_cod_asig1,pre_cod_asig2,pre_cod_asig3,pre_cod_asig4,pre_cod_asig5,pre_cod_asig6,pre_cod_asig7 FROM tblaca009 WHERE pensum='5' AND c_uni_ca='6' AND c_asigna='300317' [1][0] OK
C:[08/08/2014 10:42:45.16][190.74.181.6][1149] SELECT c_asigna FROM dace004 WHERE exp_e='09-20506778' AND c_asigna='300207' AND status IN ('0','3','B','C') [1][0] OK
C:[08/08/2014 10:42:45.16][190.74.181.6][1149] SELECT c_asigna FROM dace004 WHERE exp_e='09-20506778' AND c_asigna='300209' AND status IN ('0','3','B','C') [1][0] OK
C:[08/08/2014 10:42:45.16][190.74.181.6][1136] SELECT pre_cod_asig1,pre_cod_asig2,pre_cod_asig3,pre_cod_asig4,pre_cod_asig5,pre_cod_asig6,pre_cod_asig7 FROM tblaca009 WHERE pensum='5' AND c_uni_ca='6' AND c_asigna='300318' [1][0] OK
C:[08/08/2014 10:42:45.16][190.74.181.6][1149] SELECT c_asigna FROM dace004 WHERE exp_e='09-20506778' AND c_asigna='300228' AND status IN ('0','3','B','C') [1][0] OK
C:[08/08/2014 10:42:45.16][190.74.181.6][1149] SELECT c_asigna FROM dace004 WHERE exp_e='09-20506778' AND c_asigna='300207' AND status IN ('0','3','B','C') [1][0] OK
C:[08/08/2014 10:42:45.16][190.74.181.6][1149] SELECT c_asigna FROM dace004 WHERE exp_e='09-20506778' AND c_asigna='300218' AND status IN ('0','3','B','C') [1][0] OK
C:[08/08/2014 10:42:45.72][190.74.181.6][1180] SELECT par_cod_asig1,par_cod_asig2,par_cod_asig3 FROM tblaca009 WHERE pensum='5' AND c_uni_ca='6' AND c_asigna='300317' [1][0] OK
C:[08/08/2014 10:42:45.72][190.74.181.6][1180] SELECT par_cod_asig1,par_cod_asig2,par_cod_asig3 FROM tblaca009 WHERE pensum='5' AND c_uni_ca='6' AND c_asigna='300318' [1][0] OK
C:[08/08/2014 10:42:45.99][190.74.181.6][1310] SELECT horas_lab FROM tblaca008 WHERE c_asigna='300317' AND horas_teoricas > 0 [1][0] OK
C:[08/08/2014 10:42:45.99][190.74.181.6][1310] SELECT horas_lab FROM tblaca008 WHERE c_asigna='300318' AND horas_teoricas > 0 [1][0] OK
C:[08/08/2014 10:45:53.74][190.198.188.68][1136] SELECT pre_cod_asig1,pre_cod_asig2,pre_cod_asig3,pre_cod_asig4,pre_cod_asig5,pre_cod_asig6,pre_cod_asig7 FROM tblaca009 WHERE pensum='5' AND c_uni_ca='2' AND c_asigna='322904' [1][0] OK
C:[08/08/2014 10:45:53.74][190.198.188.68][1149] SELECT c_asigna FROM dace004 WHERE exp_e='07-18667540' AND c_asigna='322782' AND status IN ('0','3','B','C') [1][0] OK
C:[08/08/2014 10:45:53.74][190.198.188.68][1149] SELECT c_asigna FROM dace004 WHERE exp_e='07-18667540' AND c_asigna='322801' AND status IN ('0','3','B','C') [1][0] OK
C:[08/08/2014 10:45:53.74][190.198.188.68][1136] SELECT pre_cod_asig1,pre_cod_asig2,pre_cod_asig3,pre_cod_asig4,pre_cod_asig5,pre_cod_asig6,pre_cod_asig7 FROM tblaca009 WHERE pensum='5' AND c_uni_ca='2' AND c_asigna='322936' [1][0] OK
C:[08/08/2014 10:45:53.74][190.198.188.68][1149] SELECT c_asigna FROM dace004 WHERE exp_e='07-18667540' AND c_asigna='322801' AND status IN ('0','3','B','C') [1][0] OK
C:[08/08/2014 10:45:53.49][190.198.188.68][1180] SELECT par_cod_asig1,par_cod_asig2,par_cod_asig3 FROM tblaca009 WHERE pensum='5' AND c_uni_ca='2' AND c_asigna='322904' [1][0] OK
C:[08/08/2014 10:45:53.49][190.198.188.68][1180] SELECT par_cod_asig1,par_cod_asig2,par_cod_asig3 FROM tblaca009 WHERE pensum='5' AND c_uni_ca='2' AND c_asigna='322936' [1][0] OK
C:[08/08/2014 10:45:53.75][190.198.188.68][1310] SELECT horas_lab FROM tblaca008 WHERE c_asigna='322904' AND horas_teoricas > 0 [1][0] OK
C:[08/08/2014 10:45:53.75][190.198.188.68][1310] SELECT horas_lab FROM tblaca008 WHERE c_asigna='322936' AND horas_teoricas > 0 [1][0] OK
C:[08/08/2014 10:48:34.90][190.198.188.68][1136] SELECT pre_cod_asig1,pre_cod_asig2,pre_cod_asig3,pre_cod_asig4,pre_cod_asig5,pre_cod_asig6,pre_cod_asig7 FROM tblaca009 WHERE pensum='5' AND c_uni_ca='2' AND c_asigna='322904' [1][0] OK
C:[08/08/2014 10:48:34.90][190.198.188.68][1149] SELECT c_asigna FROM dace004 WHERE exp_e='07-18667540' AND c_asigna='322782' AND status IN ('0','3','B','C') [1][0] OK
C:[08/08/2014 10:48:34.90][190.198.188.68][1149] SELECT c_asigna FROM dace004 WHERE exp_e='07-18667540' AND c_asigna='322801' AND status IN ('0','3','B','C') [1][0] OK
C:[08/08/2014 10:48:34.90][190.198.188.68][1136] SELECT pre_cod_asig1,pre_cod_asig2,pre_cod_asig3,pre_cod_asig4,pre_cod_asig5,pre_cod_asig6,pre_cod_asig7 FROM tblaca009 WHERE pensum='5' AND c_uni_ca='2' AND c_asigna='322936' [1][0] OK
C:[08/08/2014 10:48:34.90][190.198.188.68][1149] SELECT c_asigna FROM dace004 WHERE exp_e='07-18667540' AND c_asigna='322801' AND status IN ('0','3','B','C') [1][0] OK
C:[08/08/2014 10:48:34.90][190.198.188.68][1136] SELECT pre_cod_asig1,pre_cod_asig2,pre_cod_asig3,pre_cod_asig4,pre_cod_asig5,pre_cod_asig6,pre_cod_asig7 FROM tblaca009 WHERE pensum='5' AND c_uni_ca='2' AND c_asigna='300870' [1][0] OK
C:[08/08/2014 10:48:34.78][190.198.188.68][1180] SELECT par_cod_asig1,par_cod_asig2,par_cod_asig3 FROM tblaca009 WHERE pensum='5' AND c_uni_ca='2' AND c_asigna='322904' [1][0] OK
C:[08/08/2014 10:48:34.78][190.198.188.68][1180] SELECT par_cod_asig1,par_cod_asig2,par_cod_asig3 FROM tblaca009 WHERE pensum='5' AND c_uni_ca='2' AND c_asigna='322936' [1][0] OK
C:[08/08/2014 10:48:34.78][190.198.188.68][1180] SELECT par_cod_asig1,par_cod_asig2,par_cod_asig3 FROM tblaca009 WHERE pensum='5' AND c_uni_ca='2' AND c_asigna='300870' [1][0] OK
C:[08/08/2014 10:48:34.16][190.198.188.68][1310] SELECT horas_lab FROM tblaca008 WHERE c_asigna='322904' AND horas_teoricas > 0 [1][0] OK
C:[08/08/2014 10:48:34.16][190.198.188.68][1310] SELECT horas_lab FROM tblaca008 WHERE c_asigna='322936' AND horas_teoricas > 0 [1][0] OK
C:[08/08/2014 10:48:34.16][190.198.188.68][1310] SELECT horas_lab FROM tblaca008 WHERE c_asigna='300870' AND horas_teoricas > 0 [1][0] OK
C:[08/08/2014 10:57:32.61][190.198.188.68][1136] SELECT pre_cod_asig1,pre_cod_asig2,pre_cod_asig3,pre_cod_asig4,pre_cod_asig5,pre_cod_asig6,pre_cod_asig7 FROM tblaca009 WHERE pensum='5' AND c_uni_ca='2' AND c_asigna='322904' [1][0] OK
C:[08/08/2014 10:57:32.61][190.198.188.68][1149] SELECT c_asigna FROM dace004 WHERE exp_e='07-18667540' AND c_asigna='322782' AND status IN ('0','3','B','C') [1][0] OK
C:[08/08/2014 10:57:32.61][190.198.188.68][1149] SELECT c_asigna FROM dace004 WHERE exp_e='07-18667540' AND c_asigna='322801' AND status IN ('0','3','B','C') [1][0] OK
C:[08/08/2014 10:57:32.61][190.198.188.68][1136] SELECT pre_cod_asig1,pre_cod_asig2,pre_cod_asig3,pre_cod_asig4,pre_cod_asig5,pre_cod_asig6,pre_cod_asig7 FROM tblaca009 WHERE pensum='5' AND c_uni_ca='2' AND c_asigna='322936' [1][0] OK
C:[08/08/2014 10:57:32.61][190.198.188.68][1149] SELECT c_asigna FROM dace004 WHERE exp_e='07-18667540' AND c_asigna='322801' AND status IN ('0','3','B','C') [1][0] OK
C:[08/08/2014 10:57:32.61][190.198.188.68][1136] SELECT pre_cod_asig1,pre_cod_asig2,pre_cod_asig3,pre_cod_asig4,pre_cod_asig5,pre_cod_asig6,pre_cod_asig7 FROM tblaca009 WHERE pensum='5' AND c_uni_ca='2' AND c_asigna='300870' [1][0] OK
C:[08/08/2014 10:57:32.49][190.198.188.68][1180] SELECT par_cod_asig1,par_cod_asig2,par_cod_asig3 FROM tblaca009 WHERE pensum='5' AND c_uni_ca='2' AND c_asigna='322904' [1][0] OK
C:[08/08/2014 10:57:32.49][190.198.188.68][1180] SELECT par_cod_asig1,par_cod_asig2,par_cod_asig3 FROM tblaca009 WHERE pensum='5' AND c_uni_ca='2' AND c_asigna='322936' [1][0] OK
C:[08/08/2014 10:57:32.49][190.198.188.68][1180] SELECT par_cod_asig1,par_cod_asig2,par_cod_asig3 FROM tblaca009 WHERE pensum='5' AND c_uni_ca='2' AND c_asigna='300870' [1][0] OK
C:[08/08/2014 10:57:32.87][190.198.188.68][1310] SELECT horas_lab FROM tblaca008 WHERE c_asigna='322904' AND horas_teoricas > 0 [1][0] OK
C:[08/08/2014 10:57:32.87][190.198.188.68][1310] SELECT horas_lab FROM tblaca008 WHERE c_asigna='322936' AND horas_teoricas > 0 [1][0] OK
C:[08/08/2014 10:57:32.87][190.198.188.68][1310] SELECT horas_lab FROM tblaca008 WHERE c_asigna='300870' AND horas_teoricas > 0 [1][0] OK
C:[08/08/2014 11:03:04.77][190.198.188.68][1136] SELECT pre_cod_asig1,pre_cod_asig2,pre_cod_asig3,pre_cod_asig4,pre_cod_asig5,pre_cod_asig6,pre_cod_asig7 FROM tblaca009 WHERE pensum='5' AND c_uni_ca='2' AND c_asigna='322904' [1][0] OK
C:[08/08/2014 11:03:04.77][190.198.188.68][1149] SELECT c_asigna FROM dace004 WHERE exp_e='07-18667540' AND c_asigna='322782' AND status IN ('0','3','B','C') [1][0] OK
C:[08/08/2014 11:03:04.77][190.198.188.68][1149] SELECT c_asigna FROM dace004 WHERE exp_e='07-18667540' AND c_asigna='322801' AND status IN ('0','3','B','C') [1][0] OK
C:[08/08/2014 11:03:04.77][190.198.188.68][1136] SELECT pre_cod_asig1,pre_cod_asig2,pre_cod_asig3,pre_cod_asig4,pre_cod_asig5,pre_cod_asig6,pre_cod_asig7 FROM tblaca009 WHERE pensum='5' AND c_uni_ca='2' AND c_asigna='322936' [1][0] OK
C:[08/08/2014 11:03:04.77][190.198.188.68][1149] SELECT c_asigna FROM dace004 WHERE exp_e='07-18667540' AND c_asigna='322801' AND status IN ('0','3','B','C') [1][0] OK
C:[08/08/2014 11:03:04.77][190.198.188.68][1136] SELECT pre_cod_asig1,pre_cod_asig2,pre_cod_asig3,pre_cod_asig4,pre_cod_asig5,pre_cod_asig6,pre_cod_asig7 FROM tblaca009 WHERE pensum='5' AND c_uni_ca='2' AND c_asigna='300870' [1][0] OK
C:[08/08/2014 11:03:05.65][190.198.188.68][1180] SELECT par_cod_asig1,par_cod_asig2,par_cod_asig3 FROM tblaca009 WHERE pensum='5' AND c_uni_ca='2' AND c_asigna='322904' [1][0] OK
C:[08/08/2014 11:03:05.65][190.198.188.68][1180] SELECT par_cod_asig1,par_cod_asig2,par_cod_asig3 FROM tblaca009 WHERE pensum='5' AND c_uni_ca='2' AND c_asigna='322936' [1][0] OK
C:[08/08/2014 11:03:05.65][190.198.188.68][1180] SELECT par_cod_asig1,par_cod_asig2,par_cod_asig3 FROM tblaca009 WHERE pensum='5' AND c_uni_ca='2' AND c_asigna='300870' [1][0] OK
C:[08/08/2014 11:03:05.03][190.198.188.68][1310] SELECT horas_lab FROM tblaca008 WHERE c_asigna='322904' AND horas_teoricas > 0 [1][0] OK
C:[08/08/2014 11:03:05.03][190.198.188.68][1310] SELECT horas_lab FROM tblaca008 WHERE c_asigna='322936' AND horas_teoricas > 0 [1][0] OK
C:[08/08/2014 11:03:05.03][190.198.188.68][1310] SELECT horas_lab FROM tblaca008 WHERE c_asigna='300870' AND horas_teoricas > 0 [1][0] OK
C:[08/08/2014 11:08:59.64][190.198.188.68][1136] SELECT pre_cod_asig1,pre_cod_asig2,pre_cod_asig3,pre_cod_asig4,pre_cod_asig5,pre_cod_asig6,pre_cod_asig7 FROM tblaca009 WHERE pensum='5' AND c_uni_ca='2' AND c_asigna='322904' [1][0] OK
C:[08/08/2014 11:08:59.64][190.198.188.68][1149] SELECT c_asigna FROM dace004 WHERE exp_e='07-18667540' AND c_asigna='322782' AND status IN ('0','3','B','C') [1][0] OK
C:[08/08/2014 11:08:59.64][190.198.188.68][1149] SELECT c_asigna FROM dace004 WHERE exp_e='07-18667540' AND c_asigna='322801' AND status IN ('0','3','B','C') [1][0] OK
C:[08/08/2014 11:08:59.64][190.198.188.68][1136] SELECT pre_cod_asig1,pre_cod_asig2,pre_cod_asig3,pre_cod_asig4,pre_cod_asig5,pre_cod_asig6,pre_cod_asig7 FROM tblaca009 WHERE pensum='5' AND c_uni_ca='2' AND c_asigna='322936' [1][0] OK
C:[08/08/2014 11:08:59.64][190.198.188.68][1149] SELECT c_asigna FROM dace004 WHERE exp_e='07-18667540' AND c_asigna='322801' AND status IN ('0','3','B','C') [1][0] OK
C:[08/08/2014 11:08:59.64][190.198.188.68][1136] SELECT pre_cod_asig1,pre_cod_asig2,pre_cod_asig3,pre_cod_asig4,pre_cod_asig5,pre_cod_asig6,pre_cod_asig7 FROM tblaca009 WHERE pensum='5' AND c_uni_ca='2' AND c_asigna='300870' [1][0] OK
C:[08/08/2014 11:08:59.08][190.198.188.68][1180] SELECT par_cod_asig1,par_cod_asig2,par_cod_asig3 FROM tblaca009 WHERE pensum='5' AND c_uni_ca='2' AND c_asigna='322904' [1][0] OK
C:[08/08/2014 11:08:59.08][190.198.188.68][1180] SELECT par_cod_asig1,par_cod_asig2,par_cod_asig3 FROM tblaca009 WHERE pensum='5' AND c_uni_ca='2' AND c_asigna='322936' [1][0] OK
C:[08/08/2014 11:08:59.08][190.198.188.68][1180] SELECT par_cod_asig1,par_cod_asig2,par_cod_asig3 FROM tblaca009 WHERE pensum='5' AND c_uni_ca='2' AND c_asigna='300870' [1][0] OK
C:[08/08/2014 11:08:59.47][190.198.188.68][1310] SELECT horas_lab FROM tblaca008 WHERE c_asigna='322904' AND horas_teoricas > 0 [1][0] OK
C:[08/08/2014 11:08:59.47][190.198.188.68][1310] SELECT horas_lab FROM tblaca008 WHERE c_asigna='322936' AND horas_teoricas > 0 [1][0] OK
C:[08/08/2014 11:08:59.47][190.198.188.68][1310] SELECT horas_lab FROM tblaca008 WHERE c_asigna='300870' AND horas_teoricas > 0 [1][0] OK
C:[08/08/2014 11:14:26.67][190.37.43.242][1136] SELECT pre_cod_asig1,pre_cod_asig2,pre_cod_asig3,pre_cod_asig4,pre_cod_asig5,pre_cod_asig6,pre_cod_asig7 FROM tblaca009 WHERE pensum='5' AND c_uni_ca='3' AND c_asigna='311775' [1][0] OK
C:[08/08/2014 11:14:26.67][190.37.43.242][1149] SELECT c_asigna FROM dace004 WHERE exp_e='10-22812808' AND c_asigna='311655' AND status IN ('0','3','B','C') [1][0] OK
C:[08/08/2014 11:14:26.67][190.37.43.242][1136] SELECT pre_cod_asig1,pre_cod_asig2,pre_cod_asig3,pre_cod_asig4,pre_cod_asig5,pre_cod_asig6,pre_cod_asig7 FROM tblaca009 WHERE pensum='5' AND c_uni_ca='3' AND c_asigna='311824' [1][0] OK
C:[08/08/2014 11:14:26.67][190.37.43.242][1149] SELECT c_asigna FROM dace004 WHERE exp_e='10-22812808' AND c_asigna='311796' AND status IN ('0','3','B','C') [1][0] OK
C:[08/08/2014 11:14:26.67][190.37.43.242][1149] SELECT c_asigna FROM dace004 WHERE exp_e='10-22812808' AND c_asigna='315671' AND status IN ('0','3','B','C') [1][0] OK
C:[08/08/2014 11:14:26.67][190.37.43.242][1149] SELECT c_asigna FROM dace004 WHERE exp_e='10-22812808' AND c_asigna='311552' AND status IN ('0','3','B','C') [1][0] OK
C:[08/08/2014 11:14:26.67][190.37.43.242][1149] SELECT c_asigna FROM dace004 WHERE exp_e='10-22812808' AND c_asigna='311430' AND status IN ('0','3','B','C') [1][0] OK
C:[08/08/2014 11:14:26.67][190.37.43.242][1149] SELECT c_asigna FROM dace004 WHERE exp_e='10-22812808' AND c_asigna='300317' AND status IN ('0','3','B','C') [1][0] OK
C:[08/08/2014 11:14:26.67][190.37.43.242][1149] SELECT c_asigna FROM dace004 WHERE exp_e='10-22812808' AND c_asigna='300318' AND status IN ('0','3','B','C') [1][0] OK
C:[08/08/2014 11:14:26.67][190.37.43.242][1149] SELECT c_asigna FROM dace004 WHERE exp_e='10-22812808' AND c_asigna='300313' AND status IN ('0','3','B','C') [1][0] OK
C:[08/08/2014 11:14:26.67][190.37.43.242][1136] SELECT pre_cod_asig1,pre_cod_asig2,pre_cod_asig3,pre_cod_asig4,pre_cod_asig5,pre_cod_asig6,pre_cod_asig7 FROM tblaca009 WHERE pensum='5' AND c_uni_ca='3' AND c_asigna='311094' [1][0] OK
C:[08/08/2014 11:14:26.67][190.37.43.242][1149] SELECT c_asigna FROM dace004 WHERE exp_e='10-22812808' AND c_asigna='311822' AND status IN ('0','3','B','C') [1][0] OK
C:[08/08/2014 11:14:26.67][190.37.43.242][1149] SELECT c_asigna FROM dace004 WHERE exp_e='10-22812808' AND c_asigna='311823' AND status IN ('0','3','B','C') [1][0] OK
C:[08/08/2014 11:14:27.99][190.37.43.242][1180] SELECT par_cod_asig1,par_cod_asig2,par_cod_asig3 FROM tblaca009 WHERE pensum='5' AND c_uni_ca='3' AND c_asigna='311775' [1][0] OK
C:[08/08/2014 11:14:27.99][190.37.43.242][1180] SELECT par_cod_asig1,par_cod_asig2,par_cod_asig3 FROM tblaca009 WHERE pensum='5' AND c_uni_ca='3' AND c_asigna='311824' [1][0] OK
C:[08/08/2014 11:14:27.99][190.37.43.242][1180] SELECT par_cod_asig1,par_cod_asig2,par_cod_asig3 FROM tblaca009 WHERE pensum='5' AND c_uni_ca='3' AND c_asigna='311094' [1][0] OK
C:[08/08/2014 11:14:27.37][190.37.43.242][1310] SELECT horas_lab FROM tblaca008 WHERE c_asigna='311775' AND horas_teoricas > 0 [1][0] OK
C:[08/08/2014 11:14:27.37][190.37.43.242][1310] SELECT horas_lab FROM tblaca008 WHERE c_asigna='311824' AND horas_teoricas > 0 [1][0] OK
C:[08/08/2014 11:14:27.37][190.37.43.242][1310] SELECT horas_lab FROM tblaca008 WHERE c_asigna='311094' AND horas_teoricas > 0 [1][0] OK
C:[08/08/2014 11:19:05.61][190.37.43.242][1136] SELECT pre_cod_asig1,pre_cod_asig2,pre_cod_asig3,pre_cod_asig4,pre_cod_asig5,pre_cod_asig6,pre_cod_asig7 FROM tblaca009 WHERE pensum='5' AND c_uni_ca='3' AND c_asigna='311775' [1][0] OK
C:[08/08/2014 11:19:05.61][190.37.43.242][1149] SELECT c_asigna FROM dace004 WHERE exp_e='10-22812808' AND c_asigna='311655' AND status IN ('0','3','B','C') [1][0] OK
C:[08/08/2014 11:19:05.61][190.37.43.242][1136] SELECT pre_cod_asig1,pre_cod_asig2,pre_cod_asig3,pre_cod_asig4,pre_cod_asig5,pre_cod_asig6,pre_cod_asig7 FROM tblaca009 WHERE pensum='5' AND c_uni_ca='3' AND c_asigna='311824' [1][0] OK
C:[08/08/2014 11:19:05.61][190.37.43.242][1149] SELECT c_asigna FROM dace004 WHERE exp_e='10-22812808' AND c_asigna='311796' AND status IN ('0','3','B','C') [1][0] OK
C:[08/08/2014 11:19:05.61][190.37.43.242][1149] SELECT c_asigna FROM dace004 WHERE exp_e='10-22812808' AND c_asigna='315671' AND status IN ('0','3','B','C') [1][0] OK
C:[08/08/2014 11:19:05.61][190.37.43.242][1149] SELECT c_asigna FROM dace004 WHERE exp_e='10-22812808' AND c_asigna='311552' AND status IN ('0','3','B','C') [1][0] OK
C:[08/08/2014 11:19:05.61][190.37.43.242][1149] SELECT c_asigna FROM dace004 WHERE exp_e='10-22812808' AND c_asigna='311430' AND status IN ('0','3','B','C') [1][0] OK
C:[08/08/2014 11:19:05.61][190.37.43.242][1149] SELECT c_asigna FROM dace004 WHERE exp_e='10-22812808' AND c_asigna='300317' AND status IN ('0','3','B','C') [1][0] OK
C:[08/08/2014 11:19:05.61][190.37.43.242][1149] SELECT c_asigna FROM dace004 WHERE exp_e='10-22812808' AND c_asigna='300318' AND status IN ('0','3','B','C') [1][0] OK
C:[08/08/2014 11:19:05.61][190.37.43.242][1149] SELECT c_asigna FROM dace004 WHERE exp_e='10-22812808' AND c_asigna='300313' AND status IN ('0','3','B','C') [1][0] OK
C:[08/08/2014 11:19:05.61][190.37.43.242][1136] SELECT pre_cod_asig1,pre_cod_asig2,pre_cod_asig3,pre_cod_asig4,pre_cod_asig5,pre_cod_asig6,pre_cod_asig7 FROM tblaca009 WHERE pensum='5' AND c_uni_ca='3' AND c_asigna='311094' [1][0] OK
C:[08/08/2014 11:19:05.61][190.37.43.242][1149] SELECT c_asigna FROM dace004 WHERE exp_e='10-22812808' AND c_asigna='311822' AND status IN ('0','3','B','C') [1][0] OK
C:[08/08/2014 11:19:05.61][190.37.43.242][1149] SELECT c_asigna FROM dace004 WHERE exp_e='10-22812808' AND c_asigna='311823' AND status IN ('0','3','B','C') [1][0] OK
C:[08/08/2014 11:19:06.37][190.37.43.242][1180] SELECT par_cod_asig1,par_cod_asig2,par_cod_asig3 FROM tblaca009 WHERE pensum='5' AND c_uni_ca='3' AND c_asigna='311775' [1][0] OK
C:[08/08/2014 11:19:06.37][190.37.43.242][1180] SELECT par_cod_asig1,par_cod_asig2,par_cod_asig3 FROM tblaca009 WHERE pensum='5' AND c_uni_ca='3' AND c_asigna='311824' [1][0] OK
C:[08/08/2014 11:19:06.37][190.37.43.242][1180] SELECT par_cod_asig1,par_cod_asig2,par_cod_asig3 FROM tblaca009 WHERE pensum='5' AND c_uni_ca='3' AND c_asigna='311094' [1][0] OK
C:[08/08/2014 11:19:06.75][190.37.43.242][1310] SELECT horas_lab FROM tblaca008 WHERE c_asigna='311775' AND horas_teoricas > 0 [1][0] OK
C:[08/08/2014 11:19:06.75][190.37.43.242][1310] SELECT horas_lab FROM tblaca008 WHERE c_asigna='311824' AND horas_teoricas > 0 [1][0] OK
C:[08/08/2014 11:19:06.75][190.37.43.242][1310] SELECT horas_lab FROM tblaca008 WHERE c_asigna='311094' AND horas_teoricas > 0 [1][0] OK
C:[08/08/2014 11:24:13.19][190.198.188.68][1136] SELECT pre_cod_asig1,pre_cod_asig2,pre_cod_asig3,pre_cod_asig4,pre_cod_asig5,pre_cod_asig6,pre_cod_asig7 FROM tblaca009 WHERE pensum='5' AND c_uni_ca='2' AND c_asigna='322904' [1][0] OK
C:[08/08/2014 11:24:13.19][190.198.188.68][1149] SELECT c_asigna FROM dace004 WHERE exp_e='07-18667540' AND c_asigna='322782' AND status IN ('0','3','B','C') [1][0] OK
C:[08/08/2014 11:24:13.19][190.198.188.68][1149] SELECT c_asigna FROM dace004 WHERE exp_e='07-18667540' AND c_asigna='322801' AND status IN ('0','3','B','C') [1][0] OK
C:[08/08/2014 11:24:13.19][190.198.188.68][1136] SELECT pre_cod_asig1,pre_cod_asig2,pre_cod_asig3,pre_cod_asig4,pre_cod_asig5,pre_cod_asig6,pre_cod_asig7 FROM tblaca009 WHERE pensum='5' AND c_uni_ca='2' AND c_asigna='322936' [1][0] OK
C:[08/08/2014 11:24:13.19][190.198.188.68][1149] SELECT c_asigna FROM dace004 WHERE exp_e='07-18667540' AND c_asigna='322801' AND status IN ('0','3','B','C') [1][0] OK
C:[08/08/2014 11:24:13.19][190.198.188.68][1136] SELECT pre_cod_asig1,pre_cod_asig2,pre_cod_asig3,pre_cod_asig4,pre_cod_asig5,pre_cod_asig6,pre_cod_asig7 FROM tblaca009 WHERE pensum='5' AND c_uni_ca='2' AND c_asigna='300870' [1][0] OK
C:[08/08/2014 11:24:13.07][190.198.188.68][1180] SELECT par_cod_asig1,par_cod_asig2,par_cod_asig3 FROM tblaca009 WHERE pensum='5' AND c_uni_ca='2' AND c_asigna='322904' [1][0] OK
C:[08/08/2014 11:24:13.07][190.198.188.68][1180] SELECT par_cod_asig1,par_cod_asig2,par_cod_asig3 FROM tblaca009 WHERE pensum='5' AND c_uni_ca='2' AND c_asigna='322936' [1][0] OK
C:[08/08/2014 11:24:13.07][190.198.188.68][1180] SELECT par_cod_asig1,par_cod_asig2,par_cod_asig3 FROM tblaca009 WHERE pensum='5' AND c_uni_ca='2' AND c_asigna='300870' [1][0] OK
C:[08/08/2014 11:24:13.45][190.198.188.68][1310] SELECT horas_lab FROM tblaca008 WHERE c_asigna='322904' AND horas_teoricas > 0 [1][0] OK
C:[08/08/2014 11:24:13.45][190.198.188.68][1310] SELECT horas_lab FROM tblaca008 WHERE c_asigna='322936' AND horas_teoricas > 0 [1][0] OK
C:[08/08/2014 11:24:13.45][190.198.188.68][1310] SELECT horas_lab FROM tblaca008 WHERE c_asigna='300870' AND horas_teoricas > 0 [1][0] OK
C:[08/08/2014 11:25:19.63][190.37.43.242][1136] SELECT pre_cod_asig1,pre_cod_asig2,pre_cod_asig3,pre_cod_asig4,pre_cod_asig5,pre_cod_asig6,pre_cod_asig7 FROM tblaca009 WHERE pensum='5' AND c_uni_ca='3' AND c_asigna='311775' [1][0] OK
C:[08/08/2014 11:25:19.63][190.37.43.242][1149] SELECT c_asigna FROM dace004 WHERE exp_e='10-22812808' AND c_asigna='311655' AND status IN ('0','3','B','C') [1][0] OK
C:[08/08/2014 11:25:19.63][190.37.43.242][1136] SELECT pre_cod_asig1,pre_cod_asig2,pre_cod_asig3,pre_cod_asig4,pre_cod_asig5,pre_cod_asig6,pre_cod_asig7 FROM tblaca009 WHERE pensum='5' AND c_uni_ca='3' AND c_asigna='311824' [1][0] OK
C:[08/08/2014 11:25:19.63][190.37.43.242][1149] SELECT c_asigna FROM dace004 WHERE exp_e='10-22812808' AND c_asigna='311796' AND status IN ('0','3','B','C') [1][0] OK
C:[08/08/2014 11:25:19.63][190.37.43.242][1149] SELECT c_asigna FROM dace004 WHERE exp_e='10-22812808' AND c_asigna='315671' AND status IN ('0','3','B','C') [1][0] OK
C:[08/08/2014 11:25:19.63][190.37.43.242][1149] SELECT c_asigna FROM dace004 WHERE exp_e='10-22812808' AND c_asigna='311552' AND status IN ('0','3','B','C') [1][0] OK
C:[08/08/2014 11:25:19.63][190.37.43.242][1149] SELECT c_asigna FROM dace004 WHERE exp_e='10-22812808' AND c_asigna='311430' AND status IN ('0','3','B','C') [1][0] OK
C:[08/08/2014 11:25:19.63][190.37.43.242][1149] SELECT c_asigna FROM dace004 WHERE exp_e='10-22812808' AND c_asigna='300317' AND status IN ('0','3','B','C') [1][0] OK
C:[08/08/2014 11:25:19.63][190.37.43.242][1149] SELECT c_asigna FROM dace004 WHERE exp_e='10-22812808' AND c_asigna='300318' AND status IN ('0','3','B','C') [1][0] OK
C:[08/08/2014 11:25:19.63][190.37.43.242][1149] SELECT c_asigna FROM dace004 WHERE exp_e='10-22812808' AND c_asigna='300313' AND status IN ('0','3','B','C') [1][0] OK
C:[08/08/2014 11:25:19.63][190.37.43.242][1136] SELECT pre_cod_asig1,pre_cod_asig2,pre_cod_asig3,pre_cod_asig4,pre_cod_asig5,pre_cod_asig6,pre_cod_asig7 FROM tblaca009 WHERE pensum='5' AND c_uni_ca='3' AND c_asigna='311094' [1][0] OK
C:[08/08/2014 11:25:19.63][190.37.43.242][1149] SELECT c_asigna FROM dace004 WHERE exp_e='10-22812808' AND c_asigna='311822' AND status IN ('0','3','B','C') [1][0] OK
C:[08/08/2014 11:25:19.63][190.37.43.242][1149] SELECT c_asigna FROM dace004 WHERE exp_e='10-22812808' AND c_asigna='311823' AND status IN ('0','3','B','C') [1][0] OK
C:[08/08/2014 11:25:19.38][190.37.43.242][1180] SELECT par_cod_asig1,par_cod_asig2,par_cod_asig3 FROM tblaca009 WHERE pensum='5' AND c_uni_ca='3' AND c_asigna='311775' [1][0] OK
C:[08/08/2014 11:25:19.38][190.37.43.242][1180] SELECT par_cod_asig1,par_cod_asig2,par_cod_asig3 FROM tblaca009 WHERE pensum='5' AND c_uni_ca='3' AND c_asigna='311824' [1][0] OK
C:[08/08/2014 11:25:19.38][190.37.43.242][1180] SELECT par_cod_asig1,par_cod_asig2,par_cod_asig3 FROM tblaca009 WHERE pensum='5' AND c_uni_ca='3' AND c_asigna='311094' [1][0] OK
C:[08/08/2014 11:25:19.76][190.37.43.242][1310] SELECT horas_lab FROM tblaca008 WHERE c_asigna='311775' AND horas_teoricas > 0 [1][0] OK
C:[08/08/2014 11:25:19.76][190.37.43.242][1310] SELECT horas_lab FROM tblaca008 WHERE c_asigna='311824' AND horas_teoricas > 0 [1][0] OK
C:[08/08/2014 11:25:19.76][190.37.43.242][1310] SELECT horas_lab FROM tblaca008 WHERE c_asigna='311094' AND horas_teoricas > 0 [1][0] OK
C:[08/08/2014 11:31:04.12][190.77.229.79][1136] SELECT pre_cod_asig1,pre_cod_asig2,pre_cod_asig3,pre_cod_asig4,pre_cod_asig5,pre_cod_asig6,pre_cod_asig7 FROM tblaca009 WHERE pensum='5' AND c_uni_ca='3' AND c_asigna='311655' [1][0] OK
C:[08/08/2014 11:31:04.12][190.77.229.79][1149] SELECT c_asigna FROM dace004 WHERE exp_e='09-20805438' AND c_asigna='311556' AND status IN ('0','3','B','C') [1][0] OK
C:[08/08/2014 11:31:04.12][190.77.229.79][1136] SELECT pre_cod_asig1,pre_cod_asig2,pre_cod_asig3,pre_cod_asig4,pre_cod_asig5,pre_cod_asig6,pre_cod_asig7 FROM tblaca009 WHERE pensum='5' AND c_uni_ca='3' AND c_asigna='315671' [1][0] OK
C:[08/08/2014 11:31:04.12][190.77.229.79][1149] SELECT c_asigna FROM dace004 WHERE exp_e='09-20805438' AND c_asigna='315552' AND status IN ('0','3','B','C') [1][0] OK
C:[08/08/2014 11:31:04.74][190.77.229.79][1180] SELECT par_cod_asig1,par_cod_asig2,par_cod_asig3 FROM tblaca009 WHERE pensum='5' AND c_uni_ca='3' AND c_asigna='311655' [1][0] OK
C:[08/08/2014 11:31:04.74][190.77.229.79][1180] SELECT par_cod_asig1,par_cod_asig2,par_cod_asig3 FROM tblaca009 WHERE pensum='5' AND c_uni_ca='3' AND c_asigna='315671' [1][0] OK
C:[08/08/2014 11:31:04.01][190.77.229.79][1310] SELECT horas_lab FROM tblaca008 WHERE c_asigna='311655' AND horas_teoricas > 0 [1][0] OK
C:[08/08/2014 11:31:04.01][190.77.229.79][1310] SELECT horas_lab FROM tblaca008 WHERE c_asigna='315671' AND horas_teoricas > 0 [1][0] OK
C:[08/08/2014 11:40:12.85][190.198.188.68][1136] SELECT pre_cod_asig1,pre_cod_asig2,pre_cod_asig3,pre_cod_asig4,pre_cod_asig5,pre_cod_asig6,pre_cod_asig7 FROM tblaca009 WHERE pensum='5' AND c_uni_ca='2' AND c_asigna='322936' [1][0] OK
C:[08/08/2014 11:40:12.85][190.198.188.68][1149] SELECT c_asigna FROM dace004 WHERE exp_e='07-18667540' AND c_asigna='322801' AND status IN ('0','3','B','C') [1][0] OK
C:[08/08/2014 11:40:12.85][190.198.188.68][1136] SELECT pre_cod_asig1,pre_cod_asig2,pre_cod_asig3,pre_cod_asig4,pre_cod_asig5,pre_cod_asig6,pre_cod_asig7 FROM tblaca009 WHERE pensum='5' AND c_uni_ca='2' AND c_asigna='300870' [1][0] OK
C:[08/08/2014 11:40:12.35][190.198.188.68][1180] SELECT par_cod_asig1,par_cod_asig2,par_cod_asig3 FROM tblaca009 WHERE pensum='5' AND c_uni_ca='2' AND c_asigna='322936' [1][0] OK
C:[08/08/2014 11:40:12.35][190.198.188.68][1180] SELECT par_cod_asig1,par_cod_asig2,par_cod_asig3 FROM tblaca009 WHERE pensum='5' AND c_uni_ca='2' AND c_asigna='300870' [1][0] OK
C:[08/08/2014 11:40:12.61][190.198.188.68][1310] SELECT horas_lab FROM tblaca008 WHERE c_asigna='322936' AND horas_teoricas > 0 [1][0] OK
C:[08/08/2014 11:40:12.61][190.198.188.68][1310] SELECT horas_lab FROM tblaca008 WHERE c_asigna='300870' AND horas_teoricas > 0 [1][0] OK
C:[08/08/2014 11:44:29.27][190.74.179.88][1136] SELECT pre_cod_asig1,pre_cod_asig2,pre_cod_asig3,pre_cod_asig4,pre_cod_asig5,pre_cod_asig6,pre_cod_asig7 FROM tblaca009 WHERE pensum='5' AND c_uni_ca='4' AND c_asigna='333564' [1][0] OK
C:[08/08/2014 11:44:29.27][190.74.179.88][1149] SELECT c_asigna FROM dace004 WHERE exp_e='11-25511892' AND c_asigna='333441' AND status IN ('0','3','B','C') [1][0] OK
C:[08/08/2014 11:44:29.27][190.74.179.88][1136] SELECT pre_cod_asig1,pre_cod_asig2,pre_cod_asig3,pre_cod_asig4,pre_cod_asig5,pre_cod_asig6,pre_cod_asig7 FROM tblaca009 WHERE pensum='5' AND c_uni_ca='4' AND c_asigna='333585' [1][0] OK
C:[08/08/2014 11:44:29.27][190.74.179.88][1149] SELECT c_asigna FROM dace004 WHERE exp_e='11-25511892' AND c_asigna='333440' AND status IN ('0','3','B','C') [1][0] OK
C:[08/08/2014 11:44:29.27][190.74.179.88][1149] SELECT c_asigna FROM dace004 WHERE exp_e='11-25511892' AND c_asigna='333441' AND status IN ('0','3','B','C') [1][0] OK
C:[08/08/2014 11:44:29.27][190.74.179.88][1149] SELECT c_asigna FROM dace004 WHERE exp_e='11-25511892' AND c_asigna='300209' AND status IN ('0','3','B','C') [1][0] OK
C:[08/08/2014 11:44:29.14][190.74.179.88][1180] SELECT par_cod_asig1,par_cod_asig2,par_cod_asig3 FROM tblaca009 WHERE pensum='5' AND c_uni_ca='4' AND c_asigna='333564' [1][0] OK
C:[08/08/2014 11:44:29.14][190.74.179.88][1180] SELECT par_cod_asig1,par_cod_asig2,par_cod_asig3 FROM tblaca009 WHERE pensum='5' AND c_uni_ca='4' AND c_asigna='333585' [1][0] OK
C:[08/08/2014 11:44:29.40][190.74.179.88][1310] SELECT horas_lab FROM tblaca008 WHERE c_asigna='333564' AND horas_teoricas > 0 [1][0] OK
C:[08/08/2014 11:44:29.40][190.74.179.88][1310] SELECT horas_lab FROM tblaca008 WHERE c_asigna='333585' AND horas_teoricas > 0 [1][0] OK
C:[08/08/2014 12:05:22.67][190.37.32.184][1136] SELECT pre_cod_asig1,pre_cod_asig2,pre_cod_asig3,pre_cod_asig4,pre_cod_asig5,pre_cod_asig6,pre_cod_asig7 FROM tblaca009 WHERE pensum='5' AND c_uni_ca='3' AND c_asigna='311775' [1][0] OK
C:[08/08/2014 12:05:22.67][190.37.32.184][1149] SELECT c_asigna FROM dace004 WHERE exp_e='10-22812808' AND c_asigna='311655' AND status IN ('0','3','B','C') [1][0] OK
C:[08/08/2014 12:05:22.67][190.37.32.184][1136] SELECT pre_cod_asig1,pre_cod_asig2,pre_cod_asig3,pre_cod_asig4,pre_cod_asig5,pre_cod_asig6,pre_cod_asig7 FROM tblaca009 WHERE pensum='5' AND c_uni_ca='3' AND c_asigna='311824' [1][0] OK
C:[08/08/2014 12:05:22.67][190.37.32.184][1149] SELECT c_asigna FROM dace004 WHERE exp_e='10-22812808' AND c_asigna='311796' AND status IN ('0','3','B','C') [1][0] OK
C:[08/08/2014 12:05:22.67][190.37.32.184][1149] SELECT c_asigna FROM dace004 WHERE exp_e='10-22812808' AND c_asigna='315671' AND status IN ('0','3','B','C') [1][0] OK
C:[08/08/2014 12:05:22.67][190.37.32.184][1149] SELECT c_asigna FROM dace004 WHERE exp_e='10-22812808' AND c_asigna='311552' AND status IN ('0','3','B','C') [1][0] OK
C:[08/08/2014 12:05:22.67][190.37.32.184][1149] SELECT c_asigna FROM dace004 WHERE exp_e='10-22812808' AND c_asigna='311430' AND status IN ('0','3','B','C') [1][0] OK
C:[08/08/2014 12:05:22.67][190.37.32.184][1149] SELECT c_asigna FROM dace004 WHERE exp_e='10-22812808' AND c_asigna='300317' AND status IN ('0','3','B','C') [1][0] OK
C:[08/08/2014 12:05:22.67][190.37.32.184][1149] SELECT c_asigna FROM dace004 WHERE exp_e='10-22812808' AND c_asigna='300318' AND status IN ('0','3','B','C') [1][0] OK
C:[08/08/2014 12:05:22.67][190.37.32.184][1149] SELECT c_asigna FROM dace004 WHERE exp_e='10-22812808' AND c_asigna='300313' AND status IN ('0','3','B','C') [1][0] OK
C:[08/08/2014 12:05:22.67][190.37.32.184][1136] SELECT pre_cod_asig1,pre_cod_asig2,pre_cod_asig3,pre_cod_asig4,pre_cod_asig5,pre_cod_asig6,pre_cod_asig7 FROM tblaca009 WHERE pensum='5' AND c_uni_ca='3' AND c_asigna='311094' [1][0] OK
C:[08/08/2014 12:05:22.67][190.37.32.184][1149] SELECT c_asigna FROM dace004 WHERE exp_e='10-22812808' AND c_asigna='311822' AND status IN ('0','3','B','C') [1][0] OK
C:[08/08/2014 12:05:22.67][190.37.32.184][1149] SELECT c_asigna FROM dace004 WHERE exp_e='10-22812808' AND c_asigna='311823' AND status IN ('0','3','B','C') [1][0] OK
C:[08/08/2014 12:05:22.42][190.37.32.184][1180] SELECT par_cod_asig1,par_cod_asig2,par_cod_asig3 FROM tblaca009 WHERE pensum='5' AND c_uni_ca='3' AND c_asigna='311775' [1][0] OK
C:[08/08/2014 12:05:22.42][190.37.32.184][1180] SELECT par_cod_asig1,par_cod_asig2,par_cod_asig3 FROM tblaca009 WHERE pensum='5' AND c_uni_ca='3' AND c_asigna='311824' [1][0] OK
C:[08/08/2014 12:05:22.42][190.37.32.184][1180] SELECT par_cod_asig1,par_cod_asig2,par_cod_asig3 FROM tblaca009 WHERE pensum='5' AND c_uni_ca='3' AND c_asigna='311094' [1][0] OK
C:[08/08/2014 12:05:22.81][190.37.32.184][1310] SELECT horas_lab FROM tblaca008 WHERE c_asigna='311775' AND horas_teoricas > 0 [1][0] OK
C:[08/08/2014 12:05:22.81][190.37.32.184][1310] SELECT horas_lab FROM tblaca008 WHERE c_asigna='311824' AND horas_teoricas > 0 [1][0] OK
C:[08/08/2014 12:05:22.81][190.37.32.184][1310] SELECT horas_lab FROM tblaca008 WHERE c_asigna='311094' AND horas_teoricas > 0 [1][0] OK
C:[08/08/2014 12:07:05.29][190.37.32.184][1136] SELECT pre_cod_asig1,pre_cod_asig2,pre_cod_asig3,pre_cod_asig4,pre_cod_asig5,pre_cod_asig6,pre_cod_asig7 FROM tblaca009 WHERE pensum='5' AND c_uni_ca='3' AND c_asigna='311775' [1][0] OK
C:[08/08/2014 12:07:05.29][190.37.32.184][1149] SELECT c_asigna FROM dace004 WHERE exp_e='10-22812808' AND c_asigna='311655' AND status IN ('0','3','B','C') [1][0] OK
C:[08/08/2014 12:07:05.29][190.37.32.184][1136] SELECT pre_cod_asig1,pre_cod_asig2,pre_cod_asig3,pre_cod_asig4,pre_cod_asig5,pre_cod_asig6,pre_cod_asig7 FROM tblaca009 WHERE pensum='5' AND c_uni_ca='3' AND c_asigna='311824' [1][0] OK
C:[08/08/2014 12:07:05.29][190.37.32.184][1149] SELECT c_asigna FROM dace004 WHERE exp_e='10-22812808' AND c_asigna='311796' AND status IN ('0','3','B','C') [1][0] OK
C:[08/08/2014 12:07:05.29][190.37.32.184][1149] SELECT c_asigna FROM dace004 WHERE exp_e='10-22812808' AND c_asigna='315671' AND status IN ('0','3','B','C') [1][0] OK
C:[08/08/2014 12:07:05.29][190.37.32.184][1149] SELECT c_asigna FROM dace004 WHERE exp_e='10-22812808' AND c_asigna='311552' AND status IN ('0','3','B','C') [1][0] OK
C:[08/08/2014 12:07:05.29][190.37.32.184][1149] SELECT c_asigna FROM dace004 WHERE exp_e='10-22812808' AND c_asigna='311430' AND status IN ('0','3','B','C') [1][0] OK
C:[08/08/2014 12:07:05.29][190.37.32.184][1149] SELECT c_asigna FROM dace004 WHERE exp_e='10-22812808' AND c_asigna='300317' AND status IN ('0','3','B','C') [1][0] OK
C:[08/08/2014 12:07:05.29][190.37.32.184][1149] SELECT c_asigna FROM dace004 WHERE exp_e='10-22812808' AND c_asigna='300318' AND status IN ('0','3','B','C') [1][0] OK
C:[08/08/2014 12:07:05.29][190.37.32.184][1149] SELECT c_asigna FROM dace004 WHERE exp_e='10-22812808' AND c_asigna='300313' AND status IN ('0','3','B','C') [1][0] OK
C:[08/08/2014 12:07:05.29][190.37.32.184][1136] SELECT pre_cod_asig1,pre_cod_asig2,pre_cod_asig3,pre_cod_asig4,pre_cod_asig5,pre_cod_asig6,pre_cod_asig7 FROM tblaca009 WHERE pensum='5' AND c_uni_ca='3' AND c_asigna='311094' [1][0] OK
C:[08/08/2014 12:07:05.29][190.37.32.184][1149] SELECT c_asigna FROM dace004 WHERE exp_e='10-22812808' AND c_asigna='311822' AND status IN ('0','3','B','C') [1][0] OK
C:[08/08/2014 12:07:05.29][190.37.32.184][1149] SELECT c_asigna FROM dace004 WHERE exp_e='10-22812808' AND c_asigna='311823' AND status IN ('0','3','B','C') [1][0] OK
C:[08/08/2014 12:07:06.04][190.37.32.184][1180] SELECT par_cod_asig1,par_cod_asig2,par_cod_asig3 FROM tblaca009 WHERE pensum='5' AND c_uni_ca='3' AND c_asigna='311775' [1][0] OK
C:[08/08/2014 12:07:06.04][190.37.32.184][1180] SELECT par_cod_asig1,par_cod_asig2,par_cod_asig3 FROM tblaca009 WHERE pensum='5' AND c_uni_ca='3' AND c_asigna='311824' [1][0] OK
C:[08/08/2014 12:07:06.04][190.37.32.184][1180] SELECT par_cod_asig1,par_cod_asig2,par_cod_asig3 FROM tblaca009 WHERE pensum='5' AND c_uni_ca='3' AND c_asigna='311094' [1][0] OK
C:[08/08/2014 12:07:06.42][190.37.32.184][1310] SELECT horas_lab FROM tblaca008 WHERE c_asigna='311775' AND horas_teoricas > 0 [1][0] OK
C:[08/08/2014 12:07:06.42][190.37.32.184][1310] SELECT horas_lab FROM tblaca008 WHERE c_asigna='311824' AND horas_teoricas > 0 [1][0] OK
C:[08/08/2014 12:07:06.42][190.37.32.184][1310] SELECT horas_lab FROM tblaca008 WHERE c_asigna='311094' AND horas_teoricas > 0 [1][0] OK
C:[08/08/2014 12:21:20.62][201.243.126.212][1136] SELECT pre_cod_asig1,pre_cod_asig2,pre_cod_asig3,pre_cod_asig4,pre_cod_asig5,pre_cod_asig6,pre_cod_asig7 FROM tblaca009 WHERE pensum='5' AND c_uni_ca='3' AND c_asigna='311775' [1][0] OK
C:[08/08/2014 12:21:20.62][201.243.126.212][1149] SELECT c_asigna FROM dace004 WHERE exp_e='10-22812808' AND c_asigna='311655' AND status IN ('0','3','B','C') [1][0] OK
C:[08/08/2014 12:21:20.62][201.243.126.212][1136] SELECT pre_cod_asig1,pre_cod_asig2,pre_cod_asig3,pre_cod_asig4,pre_cod_asig5,pre_cod_asig6,pre_cod_asig7 FROM tblaca009 WHERE pensum='5' AND c_uni_ca='3' AND c_asigna='311824' [1][0] OK
C:[08/08/2014 12:21:20.62][201.243.126.212][1149] SELECT c_asigna FROM dace004 WHERE exp_e='10-22812808' AND c_asigna='311796' AND status IN ('0','3','B','C') [1][0] OK
C:[08/08/2014 12:21:20.62][201.243.126.212][1149] SELECT c_asigna FROM dace004 WHERE exp_e='10-22812808' AND c_asigna='315671' AND status IN ('0','3','B','C') [1][0] OK
C:[08/08/2014 12:21:20.62][201.243.126.212][1149] SELECT c_asigna FROM dace004 WHERE exp_e='10-22812808' AND c_asigna='311552' AND status IN ('0','3','B','C') [1][0] OK
C:[08/08/2014 12:21:20.62][201.243.126.212][1149] SELECT c_asigna FROM dace004 WHERE exp_e='10-22812808' AND c_asigna='311430' AND status IN ('0','3','B','C') [1][0] OK
C:[08/08/2014 12:21:20.62][201.243.126.212][1149] SELECT c_asigna FROM dace004 WHERE exp_e='10-22812808' AND c_asigna='300317' AND status IN ('0','3','B','C') [1][0] OK
C:[08/08/2014 12:21:20.62][201.243.126.212][1149] SELECT c_asigna FROM dace004 WHERE exp_e='10-22812808' AND c_asigna='300318' AND status IN ('0','3','B','C') [1][0] OK
C:[08/08/2014 12:21:20.62][201.243.126.212][1149] SELECT c_asigna FROM dace004 WHERE exp_e='10-22812808' AND c_asigna='300313' AND status IN ('0','3','B','C') [1][0] OK
C:[08/08/2014 12:21:20.62][201.243.126.212][1136] SELECT pre_cod_asig1,pre_cod_asig2,pre_cod_asig3,pre_cod_asig4,pre_cod_asig5,pre_cod_asig6,pre_cod_asig7 FROM tblaca009 WHERE pensum='5' AND c_uni_ca='3' AND c_asigna='311094' [1][0] OK
C:[08/08/2014 12:21:20.62][201.243.126.212][1149] SELECT c_asigna FROM dace004 WHERE exp_e='10-22812808' AND c_asigna='311822' AND status IN ('0','3','B','C') [1][0] OK
C:[08/08/2014 12:21:20.62][201.243.126.212][1149] SELECT c_asigna FROM dace004 WHERE exp_e='10-22812808' AND c_asigna='311823' AND status IN ('0','3','B','C') [1][0] OK
C:[08/08/2014 12:21:20.93][201.243.126.212][1180] SELECT par_cod_asig1,par_cod_asig2,par_cod_asig3 FROM tblaca009 WHERE pensum='5' AND c_uni_ca='3' AND c_asigna='311775' [1][0] OK
C:[08/08/2014 12:21:20.93][201.243.126.212][1180] SELECT par_cod_asig1,par_cod_asig2,par_cod_asig3 FROM tblaca009 WHERE pensum='5' AND c_uni_ca='3' AND c_asigna='311824' [1][0] OK
C:[08/08/2014 12:21:20.93][201.243.126.212][1180] SELECT par_cod_asig1,par_cod_asig2,par_cod_asig3 FROM tblaca009 WHERE pensum='5' AND c_uni_ca='3' AND c_asigna='311094' [1][0] OK
C:[08/08/2014 12:21:21.32][201.243.126.212][1310] SELECT horas_lab FROM tblaca008 WHERE c_asigna='311775' AND horas_teoricas > 0 [1][0] OK
C:[08/08/2014 12:21:21.32][201.243.126.212][1310] SELECT horas_lab FROM tblaca008 WHERE c_asigna='311824' AND horas_teoricas > 0 [1][0] OK
C:[08/08/2014 12:21:21.32][201.243.126.212][1310] SELECT horas_lab FROM tblaca008 WHERE c_asigna='311094' AND horas_teoricas > 0 [1][0] OK
C:[08/08/2014 12:31:06.64][201.243.126.212][1136] SELECT pre_cod_asig1,pre_cod_asig2,pre_cod_asig3,pre_cod_asig4,pre_cod_asig5,pre_cod_asig6,pre_cod_asig7 FROM tblaca009 WHERE pensum='5' AND c_uni_ca='3' AND c_asigna='311775' [1][0] OK
C:[08/08/2014 12:31:06.64][201.243.126.212][1149] SELECT c_asigna FROM dace004 WHERE exp_e='10-22812808' AND c_asigna='311655' AND status IN ('0','3','B','C') [1][0] OK
C:[08/08/2014 12:31:06.64][201.243.126.212][1136] SELECT pre_cod_asig1,pre_cod_asig2,pre_cod_asig3,pre_cod_asig4,pre_cod_asig5,pre_cod_asig6,pre_cod_asig7 FROM tblaca009 WHERE pensum='5' AND c_uni_ca='3' AND c_asigna='311824' [1][0] OK
C:[08/08/2014 12:31:06.64][201.243.126.212][1149] SELECT c_asigna FROM dace004 WHERE exp_e='10-22812808' AND c_asigna='311796' AND status IN ('0','3','B','C') [1][0] OK
C:[08/08/2014 12:31:06.64][201.243.126.212][1149] SELECT c_asigna FROM dace004 WHERE exp_e='10-22812808' AND c_asigna='315671' AND status IN ('0','3','B','C') [1][0] OK
C:[08/08/2014 12:31:06.64][201.243.126.212][1149] SELECT c_asigna FROM dace004 WHERE exp_e='10-22812808' AND c_asigna='311552' AND status IN ('0','3','B','C') [1][0] OK
C:[08/08/2014 12:31:06.64][201.243.126.212][1149] SELECT c_asigna FROM dace004 WHERE exp_e='10-22812808' AND c_asigna='311430' AND status IN ('0','3','B','C') [1][0] OK
C:[08/08/2014 12:31:06.64][201.243.126.212][1149] SELECT c_asigna FROM dace004 WHERE exp_e='10-22812808' AND c_asigna='300317' AND status IN ('0','3','B','C') [1][0] OK
C:[08/08/2014 12:31:06.64][201.243.126.212][1149] SELECT c_asigna FROM dace004 WHERE exp_e='10-22812808' AND c_asigna='300318' AND status IN ('0','3','B','C') [1][0] OK
C:[08/08/2014 12:31:06.64][201.243.126.212][1149] SELECT c_asigna FROM dace004 WHERE exp_e='10-22812808' AND c_asigna='300313' AND status IN ('0','3','B','C') [1][0] OK
C:[08/08/2014 12:31:06.64][201.243.126.212][1136] SELECT pre_cod_asig1,pre_cod_asig2,pre_cod_asig3,pre_cod_asig4,pre_cod_asig5,pre_cod_asig6,pre_cod_asig7 FROM tblaca009 WHERE pensum='5' AND c_uni_ca='3' AND c_asigna='311094' [1][0] OK
C:[08/08/2014 12:31:06.64][201.243.126.212][1149] SELECT c_asigna FROM dace004 WHERE exp_e='10-22812808' AND c_asigna='311822' AND status IN ('0','3','B','C') [1][0] OK
C:[08/08/2014 12:31:06.64][201.243.126.212][1149] SELECT c_asigna FROM dace004 WHERE exp_e='10-22812808' AND c_asigna='311823' AND status IN ('0','3','B','C') [1][0] OK
C:[08/08/2014 12:31:06.38][201.243.126.212][1180] SELECT par_cod_asig1,par_cod_asig2,par_cod_asig3 FROM tblaca009 WHERE pensum='5' AND c_uni_ca='3' AND c_asigna='311775' [1][0] OK
C:[08/08/2014 12:31:06.38][201.243.126.212][1180] SELECT par_cod_asig1,par_cod_asig2,par_cod_asig3 FROM tblaca009 WHERE pensum='5' AND c_uni_ca='3' AND c_asigna='311824' [1][0] OK
C:[08/08/2014 12:31:06.38][201.243.126.212][1180] SELECT par_cod_asig1,par_cod_asig2,par_cod_asig3 FROM tblaca009 WHERE pensum='5' AND c_uni_ca='3' AND c_asigna='311094' [1][0] OK
C:[08/08/2014 12:31:07.77][201.243.126.212][1310] SELECT horas_lab FROM tblaca008 WHERE c_asigna='311775' AND horas_teoricas > 0 [1][0] OK
C:[08/08/2014 12:31:07.77][201.243.126.212][1310] SELECT horas_lab FROM tblaca008 WHERE c_asigna='311824' AND horas_teoricas > 0 [1][0] OK
C:[08/08/2014 12:31:07.77][201.243.126.212][1310] SELECT horas_lab FROM tblaca008 WHERE c_asigna='311094' AND horas_teoricas > 0 [1][0] OK
C:[08/08/2014 12:36:22.93][200.84.92.76][1136] SELECT pre_cod_asig1,pre_cod_asig2,pre_cod_asig3,pre_cod_asig4,pre_cod_asig5,pre_cod_asig6,pre_cod_asig7 FROM tblaca009 WHERE pensum='5' AND c_uni_ca='5' AND c_asigna='300013' [1][0] OK
C:[08/08/2014 12:36:22.93][200.84.92.76][1136] SELECT pre_cod_asig1,pre_cod_asig2,pre_cod_asig3,pre_cod_asig4,pre_cod_asig5,pre_cod_asig6,pre_cod_asig7 FROM tblaca009 WHERE pensum='5' AND c_uni_ca='5' AND c_asigna='355447' [1][0] OK
C:[08/08/2014 12:36:22.93][200.84.92.76][1149] SELECT c_asigna FROM dace004 WHERE exp_e='04-18158205' AND c_asigna='351330' AND status IN ('0','3','B','C') [1][0] OK
C:[08/08/2014 12:36:22.99][200.84.92.76][1180] SELECT par_cod_asig1,par_cod_asig2,par_cod_asig3 FROM tblaca009 WHERE pensum='5' AND c_uni_ca='5' AND c_asigna='300013' [1][0] OK
C:[08/08/2014 12:36:22.99][200.84.92.76][1180] SELECT par_cod_asig1,par_cod_asig2,par_cod_asig3 FROM tblaca009 WHERE pensum='5' AND c_uni_ca='5' AND c_asigna='355447' [1][0] OK
C:[08/08/2014 12:36:22.25][200.84.92.76][1310] SELECT horas_lab FROM tblaca008 WHERE c_asigna='300013' AND horas_teoricas > 0 [1][0] OK
C:[08/08/2014 12:36:22.25][200.84.92.76][1310] SELECT horas_lab FROM tblaca008 WHERE c_asigna='355447' AND horas_teoricas > 0 [1][0] OK
C:[08/08/2014 12:40:19.23][172.17.112.254][1136] SELECT pre_cod_asig1,pre_cod_asig2,pre_cod_asig3,pre_cod_asig4,pre_cod_asig5,pre_cod_asig6,pre_cod_asig7 FROM tblaca009 WHERE pensum='5' AND c_uni_ca='5' AND c_asigna='355448' [1][0] OK
C:[08/08/2014 12:40:19.23][172.17.112.254][1149] SELECT c_asigna FROM dace004 WHERE exp_e='10-21248503' AND c_asigna='300313' AND status IN ('0','3','B','C') [1][0] OK
C:[08/08/2014 12:40:19.23][172.17.112.254][1149] SELECT c_asigna FROM dace004 WHERE exp_e='10-21248503' AND c_asigna='300209' AND status IN ('0','3','B','C') [1][0] OK
C:[08/08/2014 12:40:19.23][172.17.112.254][1149] SELECT c_asigna FROM dace004 WHERE exp_e='10-21248503' AND c_asigna='300226' AND status IN ('0','3','B','C') [1][0] OK
C:[08/08/2014 12:40:19.23][172.17.112.254][1149] SELECT c_asigna FROM dace004 WHERE exp_e='10-21248503' AND c_asigna='300222' AND status IN ('0','3','B','C') [1][0] OK
C:[08/08/2014 12:40:19.23][172.17.112.254][1136] SELECT pre_cod_asig1,pre_cod_asig2,pre_cod_asig3,pre_cod_asig4,pre_cod_asig5,pre_cod_asig6,pre_cod_asig7 FROM tblaca009 WHERE pensum='5' AND c_uni_ca='5' AND c_asigna='355693' [1][0] OK
C:[08/08/2014 12:40:19.23][172.17.112.254][1149] SELECT c_asigna FROM dace004 WHERE exp_e='10-21248503' AND c_asigna='355572' AND status IN ('0','3','B','C') [1][0] OK
C:[08/08/2014 12:40:19.23][172.17.112.254][1149] SELECT c_asigna FROM dace004 WHERE exp_e='10-21248503' AND c_asigna='352440' AND status IN ('0','3','B','C') [1][0] OK
C:[08/08/2014 12:40:19.23][172.17.112.254][1149] SELECT c_asigna FROM dace004 WHERE exp_e='10-21248503' AND c_asigna='355573' AND status IN ('0','3','B','C') [1][0] OK
C:[08/08/2014 12:40:19.23][172.17.112.254][1149] SELECT c_asigna FROM dace004 WHERE exp_e='10-21248503' AND c_asigna='300226' AND status IN ('0','3','B','C') [1][0] OK
C:[08/08/2014 12:40:19.23][172.17.112.254][1149] SELECT c_asigna FROM dace004 WHERE exp_e='10-21248503' AND c_asigna='300222' AND status IN ('0','3','B','C') [1][0] OK
C:[08/08/2014 12:40:19.23][172.17.112.254][1149] SELECT c_asigna FROM dace004 WHERE exp_e='10-21248503' AND c_asigna='300013' AND status IN ('0','3','B','C') [1][0] OK
C:[08/08/2014 12:40:19.23][172.17.112.254][1149] SELECT c_asigna FROM dace004 WHERE exp_e='10-21248503' AND c_asigna='300113' AND status IN ('0','3','B','C') [1][0] OK
C:[08/08/2014 12:40:19.23][172.17.112.254][1136] SELECT pre_cod_asig1,pre_cod_asig2,pre_cod_asig3,pre_cod_asig4,pre_cod_asig5,pre_cod_asig6,pre_cod_asig7 FROM tblaca009 WHERE pensum='5' AND c_uni_ca='5' AND c_asigna='355696' [1][0] OK
C:[08/08/2014 12:40:19.23][172.17.112.254][1149] SELECT c_asigna FROM dace004 WHERE exp_e='10-21248503' AND c_asigna='355570' AND status IN ('0','3','B','C') [1][0] OK
C:[08/08/2014 12:40:19.23][172.17.112.254][1149] SELECT c_asigna FROM dace004 WHERE exp_e='10-21248503' AND c_asigna='355571' AND status IN ('0','3','B','C') [1][0] OK
C:[08/08/2014 12:40:19.36][172.17.112.254][1180] SELECT par_cod_asig1,par_cod_asig2,par_cod_asig3 FROM tblaca009 WHERE pensum='5' AND c_uni_ca='5' AND c_asigna='355448' [1][0] OK
C:[08/08/2014 12:40:19.36][172.17.112.254][1180] SELECT par_cod_asig1,par_cod_asig2,par_cod_asig3 FROM tblaca009 WHERE pensum='5' AND c_uni_ca='5' AND c_asigna='355693' [1][0] OK
C:[08/08/2014 12:40:19.36][172.17.112.254][1180] SELECT par_cod_asig1,par_cod_asig2,par_cod_asig3 FROM tblaca009 WHERE pensum='5' AND c_uni_ca='5' AND c_asigna='355696' [1][0] OK
C:[08/08/2014 12:40:19.75][172.17.112.254][1310] SELECT horas_lab FROM tblaca008 WHERE c_asigna='355448' AND horas_teoricas > 0 [1][0] OK
C:[08/08/2014 12:40:19.75][172.17.112.254][1310] SELECT horas_lab FROM tblaca008 WHERE c_asigna='355693' AND horas_teoricas > 0 [1][0] OK
C:[08/08/2014 12:40:19.75][172.17.112.254][1310] SELECT horas_lab FROM tblaca008 WHERE c_asigna='355696' AND horas_teoricas > 0 [1][0] OK
C:[08/08/2014 12:49:57.30][201.243.126.212][1136] SELECT pre_cod_asig1,pre_cod_asig2,pre_cod_asig3,pre_cod_asig4,pre_cod_asig5,pre_cod_asig6,pre_cod_asig7 FROM tblaca009 WHERE pensum='5' AND c_uni_ca='3' AND c_asigna='311775' [1][0] OK
C:[08/08/2014 12:49:57.30][201.243.126.212][1149] SELECT c_asigna FROM dace004 WHERE exp_e='10-22812808' AND c_asigna='311655' AND status IN ('0','3','B','C') [1][0] OK
C:[08/08/2014 12:49:57.30][201.243.126.212][1136] SELECT pre_cod_asig1,pre_cod_asig2,pre_cod_asig3,pre_cod_asig4,pre_cod_asig5,pre_cod_asig6,pre_cod_asig7 FROM tblaca009 WHERE pensum='5' AND c_uni_ca='3' AND c_asigna='311824' [1][0] OK
C:[08/08/2014 12:49:57.30][201.243.126.212][1149] SELECT c_asigna FROM dace004 WHERE exp_e='10-22812808' AND c_asigna='311796' AND status IN ('0','3','B','C') [1][0] OK
C:[08/08/2014 12:49:57.30][201.243.126.212][1149] SELECT c_asigna FROM dace004 WHERE exp_e='10-22812808' AND c_asigna='315671' AND status IN ('0','3','B','C') [1][0] OK
C:[08/08/2014 12:49:57.30][201.243.126.212][1149] SELECT c_asigna FROM dace004 WHERE exp_e='10-22812808' AND c_asigna='311552' AND status IN ('0','3','B','C') [1][0] OK
C:[08/08/2014 12:49:57.30][201.243.126.212][1149] SELECT c_asigna FROM dace004 WHERE exp_e='10-22812808' AND c_asigna='311430' AND status IN ('0','3','B','C') [1][0] OK
C:[08/08/2014 12:49:57.30][201.243.126.212][1149] SELECT c_asigna FROM dace004 WHERE exp_e='10-22812808' AND c_asigna='300317' AND status IN ('0','3','B','C') [1][0] OK
C:[08/08/2014 12:49:57.30][201.243.126.212][1149] SELECT c_asigna FROM dace004 WHERE exp_e='10-22812808' AND c_asigna='300318' AND status IN ('0','3','B','C') [1][0] OK
C:[08/08/2014 12:49:57.30][201.243.126.212][1149] SELECT c_asigna FROM dace004 WHERE exp_e='10-22812808' AND c_asigna='300313' AND status IN ('0','3','B','C') [1][0] OK
C:[08/08/2014 12:49:57.30][201.243.126.212][1136] SELECT pre_cod_asig1,pre_cod_asig2,pre_cod_asig3,pre_cod_asig4,pre_cod_asig5,pre_cod_asig6,pre_cod_asig7 FROM tblaca009 WHERE pensum='5' AND c_uni_ca='3' AND c_asigna='311094' [1][0] OK
C:[08/08/2014 12:49:57.30][201.243.126.212][1149] SELECT c_asigna FROM dace004 WHERE exp_e='10-22812808' AND c_asigna='311822' AND status IN ('0','3','B','C') [1][0] OK
C:[08/08/2014 12:49:57.30][201.243.126.212][1149] SELECT c_asigna FROM dace004 WHERE exp_e='10-22812808' AND c_asigna='311823' AND status IN ('0','3','B','C') [1][0] OK
C:[08/08/2014 12:49:57.05][201.243.126.212][1180] SELECT par_cod_asig1,par_cod_asig2,par_cod_asig3 FROM tblaca009 WHERE pensum='5' AND c_uni_ca='3' AND c_asigna='311775' [1][0] OK
C:[08/08/2014 12:49:57.05][201.243.126.212][1180] SELECT par_cod_asig1,par_cod_asig2,par_cod_asig3 FROM tblaca009 WHERE pensum='5' AND c_uni_ca='3' AND c_asigna='311824' [1][0] OK
C:[08/08/2014 12:49:57.05][201.243.126.212][1180] SELECT par_cod_asig1,par_cod_asig2,par_cod_asig3 FROM tblaca009 WHERE pensum='5' AND c_uni_ca='3' AND c_asigna='311094' [1][0] OK
C:[08/08/2014 12:49:57.44][201.243.126.212][1310] SELECT horas_lab FROM tblaca008 WHERE c_asigna='311775' AND horas_teoricas > 0 [1][0] OK
C:[08/08/2014 12:49:57.44][201.243.126.212][1310] SELECT horas_lab FROM tblaca008 WHERE c_asigna='311824' AND horas_teoricas > 0 [1][0] OK
C:[08/08/2014 12:49:57.44][201.243.126.212][1310] SELECT horas_lab FROM tblaca008 WHERE c_asigna='311094' AND horas_teoricas > 0 [1][0] OK
C:[08/08/2014 12:54:30.65][172.16.4.241][1136] SELECT pre_cod_asig1,pre_cod_asig2,pre_cod_asig3,pre_cod_asig4,pre_cod_asig5,pre_cod_asig6,pre_cod_asig7 FROM tblaca009 WHERE pensum='5' AND c_uni_ca='3' AND c_asigna='311775' [1][0] OK
C:[08/08/2014 12:54:30.65][172.16.4.241][1149] SELECT c_asigna FROM dace004 WHERE exp_e='10-22812808' AND c_asigna='311655' AND status IN ('0','3','B','C') [1][0] OK
C:[08/08/2014 12:54:30.65][172.16.4.241][1136] SELECT pre_cod_asig1,pre_cod_asig2,pre_cod_asig3,pre_cod_asig4,pre_cod_asig5,pre_cod_asig6,pre_cod_asig7 FROM tblaca009 WHERE pensum='5' AND c_uni_ca='3' AND c_asigna='311824' [1][0] OK
C:[08/08/2014 12:54:30.65][172.16.4.241][1149] SELECT c_asigna FROM dace004 WHERE exp_e='10-22812808' AND c_asigna='311796' AND status IN ('0','3','B','C') [1][0] OK
C:[08/08/2014 12:54:30.65][172.16.4.241][1149] SELECT c_asigna FROM dace004 WHERE exp_e='10-22812808' AND c_asigna='315671' AND status IN ('0','3','B','C') [1][0] OK
C:[08/08/2014 12:54:30.65][172.16.4.241][1149] SELECT c_asigna FROM dace004 WHERE exp_e='10-22812808' AND c_asigna='311552' AND status IN ('0','3','B','C') [1][0] OK
C:[08/08/2014 12:54:30.65][172.16.4.241][1149] SELECT c_asigna FROM dace004 WHERE exp_e='10-22812808' AND c_asigna='311430' AND status IN ('0','3','B','C') [1][0] OK
C:[08/08/2014 12:54:30.65][172.16.4.241][1149] SELECT c_asigna FROM dace004 WHERE exp_e='10-22812808' AND c_asigna='300317' AND status IN ('0','3','B','C') [1][0] OK
C:[08/08/2014 12:54:30.65][172.16.4.241][1149] SELECT c_asigna FROM dace004 WHERE exp_e='10-22812808' AND c_asigna='300318' AND status IN ('0','3','B','C') [1][0] OK
C:[08/08/2014 12:54:30.65][172.16.4.241][1149] SELECT c_asigna FROM dace004 WHERE exp_e='10-22812808' AND c_asigna='300313' AND status IN ('0','3','B','C') [1][0] OK
C:[08/08/2014 12:54:30.65][172.16.4.241][1136] SELECT pre_cod_asig1,pre_cod_asig2,pre_cod_asig3,pre_cod_asig4,pre_cod_asig5,pre_cod_asig6,pre_cod_asig7 FROM tblaca009 WHERE pensum='5' AND c_uni_ca='3' AND c_asigna='311094' [1][0] OK
C:[08/08/2014 12:54:30.65][172.16.4.241][1149] SELECT c_asigna FROM dace004 WHERE exp_e='10-22812808' AND c_asigna='311822' AND status IN ('0','3','B','C') [1][0] OK
C:[08/08/2014 12:54:30.65][172.16.4.241][1149] SELECT c_asigna FROM dace004 WHERE exp_e='10-22812808' AND c_asigna='311823' AND status IN ('0','3','B','C') [1][0] OK
C:[08/08/2014 12:54:30.97][172.16.4.241][1180] SELECT par_cod_asig1,par_cod_asig2,par_cod_asig3 FROM tblaca009 WHERE pensum='5' AND c_uni_ca='3' AND c_asigna='311775' [1][0] OK
C:[08/08/2014 12:54:30.97][172.16.4.241][1180] SELECT par_cod_asig1,par_cod_asig2,par_cod_asig3 FROM tblaca009 WHERE pensum='5' AND c_uni_ca='3' AND c_asigna='311824' [1][0] OK
C:[08/08/2014 12:54:30.97][172.16.4.241][1180] SELECT par_cod_asig1,par_cod_asig2,par_cod_asig3 FROM tblaca009 WHERE pensum='5' AND c_uni_ca='3' AND c_asigna='311094' [1][0] OK
C:[08/08/2014 12:54:31.35][172.16.4.241][1310] SELECT horas_lab FROM tblaca008 WHERE c_asigna='311775' AND horas_teoricas > 0 [1][0] OK
C:[08/08/2014 12:54:31.35][172.16.4.241][1310] SELECT horas_lab FROM tblaca008 WHERE c_asigna='311824' AND horas_teoricas > 0 [1][0] OK
C:[08/08/2014 12:54:31.35][172.16.4.241][1310] SELECT horas_lab FROM tblaca008 WHERE c_asigna='311094' AND horas_teoricas > 0 [1][0] OK
C:[08/08/2014 12:57:24.33][186.89.215.191][1136] SELECT pre_cod_asig1,pre_cod_asig2,pre_cod_asig3,pre_cod_asig4,pre_cod_asig5,pre_cod_asig6,pre_cod_asig7 FROM tblaca009 WHERE pensum='5' AND c_uni_ca='3' AND c_asigna='311094' [1][0] OK
C:[08/08/2014 12:57:24.33][186.89.215.191][1149] SELECT c_asigna FROM dace004 WHERE exp_e='07-19158552' AND c_asigna='311822' AND status IN ('0','3','B','C') [1][0] OK
C:[08/08/2014 12:57:24.33][186.89.215.191][1149] SELECT c_asigna FROM dace004 WHERE exp_e='07-19158552' AND c_asigna='311823' AND status IN ('0','3','B','C') [1][0] OK
C:[08/08/2014 12:57:24.33][186.89.215.191][1136] SELECT pre_cod_asig1,pre_cod_asig2,pre_cod_asig3,pre_cod_asig4,pre_cod_asig5,pre_cod_asig6,pre_cod_asig7 FROM tblaca009 WHERE pensum='5' AND c_uni_ca='3' AND c_asigna='311986' [1][0] OK
C:[08/08/2014 12:57:24.33][186.89.215.191][1149] SELECT c_asigna FROM dace004 WHERE exp_e='07-19158552' AND c_asigna='311825' AND status IN ('0','3','B','C') [1][0] OK
C:[08/08/2014 12:57:24.07][186.89.215.191][1180] SELECT par_cod_asig1,par_cod_asig2,par_cod_asig3 FROM tblaca009 WHERE pensum='5' AND c_uni_ca='3' AND c_asigna='311094' [1][0] OK
C:[08/08/2014 12:57:24.07][186.89.215.191][1180] SELECT par_cod_asig1,par_cod_asig2,par_cod_asig3 FROM tblaca009 WHERE pensum='5' AND c_uni_ca='3' AND c_asigna='311986' [1][0] OK
C:[08/08/2014 12:57:24.33][186.89.215.191][1310] SELECT horas_lab FROM tblaca008 WHERE c_asigna='311094' AND horas_teoricas > 0 [1][0] OK
C:[08/08/2014 12:57:24.33][186.89.215.191][1310] SELECT horas_lab FROM tblaca008 WHERE c_asigna='311986' AND horas_teoricas > 0 [1][0] OK
C:[08/08/2014 13:01:45.99][201.243.126.212][1136] SELECT pre_cod_asig1,pre_cod_asig2,pre_cod_asig3,pre_cod_asig4,pre_cod_asig5,pre_cod_asig6,pre_cod_asig7 FROM tblaca009 WHERE pensum='5' AND c_uni_ca='5' AND c_asigna='355448' [1][0] OK
C:[08/08/2014 13:01:45.99][201.243.126.212][1149] SELECT c_asigna FROM dace004 WHERE exp_e='10-21248503' AND c_asigna='300313' AND status IN ('0','3','B','C') [1][0] OK
C:[08/08/2014 13:01:45.99][201.243.126.212][1149] SELECT c_asigna FROM dace004 WHERE exp_e='10-21248503' AND c_asigna='300209' AND status IN ('0','3','B','C') [1][0] OK
C:[08/08/2014 13:01:45.99][201.243.126.212][1149] SELECT c_asigna FROM dace004 WHERE exp_e='10-21248503' AND c_asigna='300226' AND status IN ('0','3','B','C') [1][0] OK
C:[08/08/2014 13:01:45.99][201.243.126.212][1149] SELECT c_asigna FROM dace004 WHERE exp_e='10-21248503' AND c_asigna='300222' AND status IN ('0','3','B','C') [1][0] OK
C:[08/08/2014 13:01:45.99][201.243.126.212][1136] SELECT pre_cod_asig1,pre_cod_asig2,pre_cod_asig3,pre_cod_asig4,pre_cod_asig5,pre_cod_asig6,pre_cod_asig7 FROM tblaca009 WHERE pensum='5' AND c_uni_ca='5' AND c_asigna='355693' [1][0] OK
C:[08/08/2014 13:01:45.99][201.243.126.212][1149] SELECT c_asigna FROM dace004 WHERE exp_e='10-21248503' AND c_asigna='355572' AND status IN ('0','3','B','C') [1][0] OK
C:[08/08/2014 13:01:45.99][201.243.126.212][1149] SELECT c_asigna FROM dace004 WHERE exp_e='10-21248503' AND c_asigna='352440' AND status IN ('0','3','B','C') [1][0] OK
C:[08/08/2014 13:01:45.99][201.243.126.212][1149] SELECT c_asigna FROM dace004 WHERE exp_e='10-21248503' AND c_asigna='355573' AND status IN ('0','3','B','C') [1][0] OK
C:[08/08/2014 13:01:45.99][201.243.126.212][1149] SELECT c_asigna FROM dace004 WHERE exp_e='10-21248503' AND c_asigna='300226' AND status IN ('0','3','B','C') [1][0] OK
C:[08/08/2014 13:01:45.99][201.243.126.212][1149] SELECT c_asigna FROM dace004 WHERE exp_e='10-21248503' AND c_asigna='300222' AND status IN ('0','3','B','C') [1][0] OK
C:[08/08/2014 13:01:45.99][201.243.126.212][1149] SELECT c_asigna FROM dace004 WHERE exp_e='10-21248503' AND c_asigna='300013' AND status IN ('0','3','B','C') [1][0] OK
C:[08/08/2014 13:01:45.99][201.243.126.212][1149] SELECT c_asigna FROM dace004 WHERE exp_e='10-21248503' AND c_asigna='300113' AND status IN ('0','3','B','C') [1][0] OK
C:[08/08/2014 13:01:45.99][201.243.126.212][1136] SELECT pre_cod_asig1,pre_cod_asig2,pre_cod_asig3,pre_cod_asig4,pre_cod_asig5,pre_cod_asig6,pre_cod_asig7 FROM tblaca009 WHERE pensum='5' AND c_uni_ca='5' AND c_asigna='355696' [1][0] OK
C:[08/08/2014 13:01:45.99][201.243.126.212][1149] SELECT c_asigna FROM dace004 WHERE exp_e='10-21248503' AND c_asigna='355570' AND status IN ('0','3','B','C') [1][0] OK
C:[08/08/2014 13:01:45.99][201.243.126.212][1149] SELECT c_asigna FROM dace004 WHERE exp_e='10-21248503' AND c_asigna='355571' AND status IN ('0','3','B','C') [1][0] OK
C:[08/08/2014 13:01:46.12][201.243.126.212][1180] SELECT par_cod_asig1,par_cod_asig2,par_cod_asig3 FROM tblaca009 WHERE pensum='5' AND c_uni_ca='5' AND c_asigna='355448' [1][0] OK
C:[08/08/2014 13:01:46.12][201.243.126.212][1180] SELECT par_cod_asig1,par_cod_asig2,par_cod_asig3 FROM tblaca009 WHERE pensum='5' AND c_uni_ca='5' AND c_asigna='355693' [1][0] OK
C:[08/08/2014 13:01:46.12][201.243.126.212][1180] SELECT par_cod_asig1,par_cod_asig2,par_cod_asig3 FROM tblaca009 WHERE pensum='5' AND c_uni_ca='5' AND c_asigna='355696' [1][0] OK
C:[08/08/2014 13:01:46.63][201.243.126.212][1310] SELECT horas_lab FROM tblaca008 WHERE c_asigna='355448' AND horas_teoricas > 0 [1][0] OK
C:[08/08/2014 13:01:46.63][201.243.126.212][1310] SELECT horas_lab FROM tblaca008 WHERE c_asigna='355693' AND horas_teoricas > 0 [1][0] OK
C:[08/08/2014 13:01:46.63][201.243.126.212][1310] SELECT horas_lab FROM tblaca008 WHERE c_asigna='355696' AND horas_teoricas > 0 [1][0] OK
C:[08/08/2014 13:02:32.30][201.243.126.212][1136] SELECT pre_cod_asig1,pre_cod_asig2,pre_cod_asig3,pre_cod_asig4,pre_cod_asig5,pre_cod_asig6,pre_cod_asig7 FROM tblaca009 WHERE pensum='5' AND c_uni_ca='5' AND c_asigna='355448' [1][0] OK
C:[08/08/2014 13:02:32.30][201.243.126.212][1149] SELECT c_asigna FROM dace004 WHERE exp_e='10-21248503' AND c_asigna='300313' AND status IN ('0','3','B','C') [1][0] OK
C:[08/08/2014 13:02:32.30][201.243.126.212][1149] SELECT c_asigna FROM dace004 WHERE exp_e='10-21248503' AND c_asigna='300209' AND status IN ('0','3','B','C') [1][0] OK
C:[08/08/2014 13:02:32.30][201.243.126.212][1149] SELECT c_asigna FROM dace004 WHERE exp_e='10-21248503' AND c_asigna='300226' AND status IN ('0','3','B','C') [1][0] OK
C:[08/08/2014 13:02:32.30][201.243.126.212][1149] SELECT c_asigna FROM dace004 WHERE exp_e='10-21248503' AND c_asigna='300222' AND status IN ('0','3','B','C') [1][0] OK
C:[08/08/2014 13:02:32.30][201.243.126.212][1136] SELECT pre_cod_asig1,pre_cod_asig2,pre_cod_asig3,pre_cod_asig4,pre_cod_asig5,pre_cod_asig6,pre_cod_asig7 FROM tblaca009 WHERE pensum='5' AND c_uni_ca='5' AND c_asigna='355693' [1][0] OK
C:[08/08/2014 13:02:32.30][201.243.126.212][1149] SELECT c_asigna FROM dace004 WHERE exp_e='10-21248503' AND c_asigna='355572' AND status IN ('0','3','B','C') [1][0] OK
C:[08/08/2014 13:02:32.30][201.243.126.212][1149] SELECT c_asigna FROM dace004 WHERE exp_e='10-21248503' AND c_asigna='352440' AND status IN ('0','3','B','C') [1][0] OK
C:[08/08/2014 13:02:32.30][201.243.126.212][1149] SELECT c_asigna FROM dace004 WHERE exp_e='10-21248503' AND c_asigna='355573' AND status IN ('0','3','B','C') [1][0] OK
C:[08/08/2014 13:02:32.30][201.243.126.212][1149] SELECT c_asigna FROM dace004 WHERE exp_e='10-21248503' AND c_asigna='300226' AND status IN ('0','3','B','C') [1][0] OK
C:[08/08/2014 13:02:32.30][201.243.126.212][1149] SELECT c_asigna FROM dace004 WHERE exp_e='10-21248503' AND c_asigna='300222' AND status IN ('0','3','B','C') [1][0] OK
C:[08/08/2014 13:02:32.30][201.243.126.212][1149] SELECT c_asigna FROM dace004 WHERE exp_e='10-21248503' AND c_asigna='300013' AND status IN ('0','3','B','C') [1][0] OK
C:[08/08/2014 13:02:32.30][201.243.126.212][1149] SELECT c_asigna FROM dace004 WHERE exp_e='10-21248503' AND c_asigna='300113' AND status IN ('0','3','B','C') [1][0] OK
C:[08/08/2014 13:02:32.30][201.243.126.212][1136] SELECT pre_cod_asig1,pre_cod_asig2,pre_cod_asig3,pre_cod_asig4,pre_cod_asig5,pre_cod_asig6,pre_cod_asig7 FROM tblaca009 WHERE pensum='5' AND c_uni_ca='5' AND c_asigna='355696' [1][0] OK
C:[08/08/2014 13:02:32.30][201.243.126.212][1149] SELECT c_asigna FROM dace004 WHERE exp_e='10-21248503' AND c_asigna='355570' AND status IN ('0','3','B','C') [1][0] OK
C:[08/08/2014 13:02:32.30][201.243.126.212][1149] SELECT c_asigna FROM dace004 WHERE exp_e='10-21248503' AND c_asigna='355571' AND status IN ('0','3','B','C') [1][0] OK
C:[08/08/2014 13:02:33.43][201.243.126.212][1180] SELECT par_cod_asig1,par_cod_asig2,par_cod_asig3 FROM tblaca009 WHERE pensum='5' AND c_uni_ca='5' AND c_asigna='355448' [1][0] OK
C:[08/08/2014 13:02:33.43][201.243.126.212][1180] SELECT par_cod_asig1,par_cod_asig2,par_cod_asig3 FROM tblaca009 WHERE pensum='5' AND c_uni_ca='5' AND c_asigna='355693' [1][0] OK
C:[08/08/2014 13:02:33.43][201.243.126.212][1180] SELECT par_cod_asig1,par_cod_asig2,par_cod_asig3 FROM tblaca009 WHERE pensum='5' AND c_uni_ca='5' AND c_asigna='355696' [1][0] OK
C:[08/08/2014 13:02:33.82][201.243.126.212][1310] SELECT horas_lab FROM tblaca008 WHERE c_asigna='355448' AND horas_teoricas > 0 [1][0] OK
C:[08/08/2014 13:02:33.82][201.243.126.212][1310] SELECT horas_lab FROM tblaca008 WHERE c_asigna='355693' AND horas_teoricas > 0 [1][0] OK
C:[08/08/2014 13:02:33.82][201.243.126.212][1310] SELECT horas_lab FROM tblaca008 WHERE c_asigna='355696' AND horas_teoricas > 0 [1][0] OK
C:[08/08/2014 13:02:45.64][200.84.92.76][1136] SELECT pre_cod_asig1,pre_cod_asig2,pre_cod_asig3,pre_cod_asig4,pre_cod_asig5,pre_cod_asig6,pre_cod_asig7 FROM tblaca009 WHERE pensum='5' AND c_uni_ca='5' AND c_asigna='300013' [1][0] OK
C:[08/08/2014 13:02:45.64][200.84.92.76][1136] SELECT pre_cod_asig1,pre_cod_asig2,pre_cod_asig3,pre_cod_asig4,pre_cod_asig5,pre_cod_asig6,pre_cod_asig7 FROM tblaca009 WHERE pensum='5' AND c_uni_ca='5' AND c_asigna='355447' [1][0] OK
C:[08/08/2014 13:02:45.64][200.84.92.76][1149] SELECT c_asigna FROM dace004 WHERE exp_e='04-18158205' AND c_asigna='351330' AND status IN ('0','3','B','C') [1][0] OK
C:[08/08/2014 13:02:45.01][200.84.92.76][1180] SELECT par_cod_asig1,par_cod_asig2,par_cod_asig3 FROM tblaca009 WHERE pensum='5' AND c_uni_ca='5' AND c_asigna='300013' [1][0] OK
C:[08/08/2014 13:02:45.01][200.84.92.76][1180] SELECT par_cod_asig1,par_cod_asig2,par_cod_asig3 FROM tblaca009 WHERE pensum='5' AND c_uni_ca='5' AND c_asigna='355447' [1][0] OK
C:[08/08/2014 13:02:45.27][200.84.92.76][1310] SELECT horas_lab FROM tblaca008 WHERE c_asigna='300013' AND horas_teoricas > 0 [1][0] OK
C:[08/08/2014 13:02:45.27][200.84.92.76][1310] SELECT horas_lab FROM tblaca008 WHERE c_asigna='355447' AND horas_teoricas > 0 [1][0] OK
C:[08/08/2014 13:04:33.47][190.74.191.153][1136] SELECT pre_cod_asig1,pre_cod_asig2,pre_cod_asig3,pre_cod_asig4,pre_cod_asig5,pre_cod_asig6,pre_cod_asig7 FROM tblaca009 WHERE pensum='5' AND c_uni_ca='2' AND c_asigna='320311' [1][0] OK
C:[08/08/2014 13:04:33.47][190.74.191.153][1149] SELECT c_asigna FROM dace004 WHERE exp_e='13-22818980' AND c_asigna='300013' AND status IN ('0','3','B','C') [1][0] OK
C:[08/08/2014 13:04:33.47][190.74.191.153][1149] SELECT c_asigna FROM dace004 WHERE exp_e='13-22818980' AND c_asigna='300113' AND status IN ('0','3','B','C') [1][0] OK
C:[08/08/2014 13:04:33.97][190.74.191.153][1180] SELECT par_cod_asig1,par_cod_asig2,par_cod_asig3 FROM tblaca009 WHERE pensum='5' AND c_uni_ca='2' AND c_asigna='320311' [1][0] OK
C:[08/08/2014 13:04:33.11][190.74.191.153][1310] SELECT horas_lab FROM tblaca008 WHERE c_asigna='320311' AND horas_teoricas > 0 [1][0] OK
C:[15/06/2017 15:05:05.72][172.16.4.40][1136] SELECT pre_cod_asig1,pre_cod_asig2,pre_cod_asig3,pre_cod_asig4,pre_cod_asig5,pre_cod_asig6,pre_cod_asig7 FROM tblaca009 WHERE pensum='5' AND c_uni_ca='5' AND c_asigna='300013' [1][0] OK
C:[15/06/2017 15:05:05.41][172.16.4.40][1180] SELECT par_cod_asig1,par_cod_asig2,par_cod_asig3 FROM tblaca009 WHERE pensum='5' AND c_uni_ca='5' AND c_asigna='300013' [1][0] OK
C:[15/06/2017 15:05:05.89][172.16.4.40][1310] SELECT horas_lab FROM tblaca008 WHERE c_asigna='300013' AND horas_teoricas > 0 [1][0] OK
